2026-08-21 03:36:44 | Starting Dual_D standalone training
2026-08-21 03:36:44 | Run directory: runs/module_c_ablation/module_c_full_雾天_iter02_20260820_204237
2026-08-21 03:36:44 | Device: cuda
2026-08-21 03:36:44 | Source train samples: 992
2026-08-21 03:36:44 | Target train samples: 507
2026-08-21 03:36:44 | Target val samples: 132
2026-08-21 03:36:44 | Classes: 14
2026-08-21 03:36:44 | Data audit: same_dir=False | path_overlap(vis/ir/ais)=0/0/0 | content_overlap(vis/ir/ais)=0/0/0 | ais_index_overlap=0 | stem_mismatch(vis-ir/vis-ais)=630/0
2026-08-21 03:36:44 | source_train classes: present 14/14 | absent 0 | counts [0:120, 1:44, 2:69, 3:45, 4:40, 5:30, 6:64, 7:80, 8:116, 9:68, 10:57, 11:83, 12:48, 13:128]
2026-08-21 03:36:44 | target_train classes: present 9/14 | absent 5 | counts [0:35, 1:18, 2:119, 6:110, 8:25, 9:50, 10:48, 12:9, 13:93]
2026-08-21 03:36:44 | target_val classes: present 9/14 | absent 5 | counts [0:9, 1:5, 2:30, 6:28, 8:7, 9:13, 10:13, 12:3, 13:24]
2026-08-21 03:36:44 | Paired training classes: 9/14 | class ids [0, 1, 2, 6, 8, 9, 10, 12, 13]
2026-08-21 03:36:44 | VIS/IR pairing: class-level-unpaired | count-mismatch classes train/val: 10/2 | AIS alignment: none | AIS rows train/val: 0/0
2026-08-21 03:36:44 | Model parameters: total=17277714 | trainable=17120210
2026-08-21 03:38:07 | Epoch 001/100 | loss 8.9682 | cls 4.6461 | tal -0.2205 | dual_g 4.3883 | dual_d 0.0000 | train_acc 0.1133 | train_full 0.2426 | val_acc 0.2273 | val_f1 0.1240 | grad(main/disc) 26.532/0.000 | lr(main/disc) 7.00e-05/3.50e-05 | 82.2s
2026-08-21 03:38:07 | New best val_f1_macro_present: 0.1240 at epoch 1
2026-08-21 03:39:26 | Epoch 002/100 | loss 7.5604 | cls 3.8424 | tal -0.0630 | dual_g 3.7369 | dual_d 0.0000 | train_acc 0.2031 | train_full 0.4852 | val_acc 0.4242 | val_f1 0.3329 | grad(main/disc) 21.618/0.000 | lr(main/disc) 7.00e-05/3.50e-05 | 78.7s
2026-08-21 03:39:26 | New best val_f1_macro_present: 0.3329 at epoch 2
2026-08-21 03:40:46 | Epoch 003/100 | loss 6.6519 | cls 3.3144 | tal 0.0021 | dual_g 3.3369 | dual_d 0.0000 | train_acc 0.3125 | train_full 0.6095 | val_acc 0.5455 | val_f1 0.5089 | grad(main/disc) 20.027/0.000 | lr(main/disc) 7.00e-05/3.50e-05 | 80.1s
2026-08-21 03:40:46 | New best val_f1_macro_present: 0.5089 at epoch 3
2026-08-21 03:42:09 | Epoch 004/100 | loss 6.1825 | cls 3.0794 | tal -0.0013 | dual_g 3.1035 | dual_d 0.0000 | train_acc 0.3828 | train_full 0.6746 | val_acc 0.6667 | val_f1 0.6503 | grad(main/disc) 20.032/0.000 | lr(main/disc) 7.00e-05/3.50e-05 | 82.7s
2026-08-21 03:42:09 | New best val_f1_macro_present: 0.6503 at epoch 4
2026-08-21 03:43:31 | Epoch 005/100 | loss 5.6758 | cls 2.8471 | tal -0.1217 | dual_g 2.8653 | dual_d 0.0000 | train_acc 0.4238 | train_full 0.6824 | val_acc 0.6515 | val_f1 0.6522 | grad(main/disc) 20.387/0.000 | lr(main/disc) 7.00e-05/3.50e-05 | 81.3s
2026-08-21 03:43:31 | New best val_f1_macro_present: 0.6522 at epoch 5
2026-08-21 03:44:52 | Epoch 006/100 | loss 5.2324 | cls 2.5710 | tal -0.0349 | dual_g 2.6718 | dual_d 0.7901 | train_acc 0.5137 | train_full 0.7061 | val_acc 0.6742 | val_f1 0.6518 | grad(main/disc) 19.736/1.694 | lr(main/disc) 7.00e-05/3.50e-05 | 81.0s
2026-08-21 03:46:12 | Epoch 007/100 | loss 4.9543 | cls 2.4478 | tal -0.0599 | dual_g 2.5245 | dual_d 0.7889 | train_acc 0.5332 | train_full 0.7653 | val_acc 0.7500 | val_f1 0.7640 | grad(main/disc) 20.180/1.674 | lr(main/disc) 7.00e-05/3.50e-05 | 79.7s
2026-08-21 03:46:12 | New best val_f1_macro_present: 0.7640 at epoch 7
2026-08-21 03:47:31 | Epoch 008/100 | loss 4.6464 | cls 2.2595 | tal -0.0822 | dual_g 2.4116 | dual_d 0.7445 | train_acc 0.6582 | train_full 0.8540 | val_acc 0.8182 | val_f1 0.8274 | grad(main/disc) 18.936/1.568 | lr(main/disc) 7.00e-05/3.50e-05 | 79.2s
2026-08-21 03:47:32 | New best val_f1_macro_present: 0.8274 at epoch 8
2026-08-21 03:48:51 | Epoch 009/100 | loss 4.3563 | cls 2.1239 | tal -0.0652 | dual_g 2.2520 | dual_d 0.7230 | train_acc 0.6816 | train_full 0.8718 | val_acc 0.8485 | val_f1 0.8481 | grad(main/disc) 18.984/1.497 | lr(main/disc) 7.00e-05/3.50e-05 | 79.5s
2026-08-21 03:48:51 | New best val_f1_macro_present: 0.8481 at epoch 9
2026-08-21 03:50:10 | Epoch 010/100 | loss 4.0541 | cls 1.9526 | tal -0.1366 | dual_g 2.1425 | dual_d 0.6989 | train_acc 0.7598 | train_full 0.8540 | val_acc 0.8485 | val_f1 0.8636 | grad(main/disc) 18.211/1.442 | lr(main/disc) 7.00e-05/3.50e-05 | 78.9s
2026-08-21 03:50:11 | New best val_f1_macro_present: 0.8636 at epoch 10
2026-08-21 03:51:31 | Epoch 011/100 | loss 4.0438 | cls 1.9734 | tal -0.0496 | dual_g 2.0852 | dual_d 0.6773 | train_acc 0.7871 | train_full 0.8797 | val_acc 0.8712 | val_f1 0.8504 | grad(main/disc) 17.737/1.424 | lr(main/disc) 7.00e-05/3.50e-05 | 80.4s
2026-08-21 03:52:52 | Epoch 012/100 | loss 3.7991 | cls 1.8191 | tal 0.0110 | dual_g 1.9766 | dual_d 0.6842 | train_acc 0.8086 | train_full 0.9112 | val_acc 0.9167 | val_f1 0.9175 | grad(main/disc) 16.739/1.466 | lr(main/disc) 7.00e-05/3.50e-05 | 81.0s
2026-08-21 03:52:52 | New best val_f1_macro_present: 0.9175 at epoch 12
2026-08-21 03:54:10 | Epoch 013/100 | loss 3.6838 | cls 1.7572 | tal -0.0093 | dual_g 1.9294 | dual_d 0.6600 | train_acc 0.8320 | train_full 0.9132 | val_acc 0.9015 | val_f1 0.8926 | grad(main/disc) 16.250/1.363 | lr(main/disc) 7.00e-05/3.50e-05 | 77.8s
2026-08-21 03:55:33 | Epoch 014/100 | loss 3.5868 | cls 1.7228 | tal -0.0331 | dual_g 1.8740 | dual_d 0.6332 | train_acc 0.8242 | train_full 0.9172 | val_acc 0.9015 | val_f1 0.8946 | grad(main/disc) 16.218/1.264 | lr(main/disc) 7.00e-05/3.50e-05 | 82.6s
2026-08-21 03:56:53 | Epoch 015/100 | loss 3.5683 | cls 1.7185 | tal -0.0360 | dual_g 1.8606 | dual_d 0.6459 | train_acc 0.8672 | train_full 0.9527 | val_acc 0.9394 | val_f1 0.9423 | grad(main/disc) 16.362/1.317 | lr(main/disc) 7.00e-05/3.50e-05 | 79.8s
2026-08-21 03:56:53 | New best val_f1_macro_present: 0.9423 at epoch 15
2026-08-21 03:58:10 | Epoch 016/100 | loss 3.4115 | cls 1.6156 | tal -0.0195 | dual_g 1.8017 | dual_d 0.6649 | train_acc 0.8965 | train_full 0.9408 | val_acc 0.9394 | val_f1 0.9271 | grad(main/disc) 15.184/1.350 | lr(main/disc) 7.00e-05/3.50e-05 | 77.4s
2026-08-21 03:59:32 | Epoch 017/100 | loss 3.2893 | cls 1.5533 | tal -0.0342 | dual_g 1.7463 | dual_d 0.6490 | train_acc 0.9160 | train_full 0.9329 | val_acc 0.9318 | val_f1 0.9416 | grad(main/disc) 13.107/1.248 | lr(main/disc) 7.00e-05/3.50e-05 | 82.2s
2026-08-21 04:00:52 | Epoch 018/100 | loss 3.1897 | cls 1.5047 | tal -0.0946 | dual_g 1.7134 | dual_d 0.6952 | train_acc 0.9238 | train_full 0.9487 | val_acc 0.9470 | val_f1 0.9360 | grad(main/disc) 11.734/1.330 | lr(main/disc) 7.00e-05/3.50e-05 | 79.7s
2026-08-21 04:02:11 | Epoch 019/100 | loss 3.2506 | cls 1.5637 | tal -0.0355 | dual_g 1.6975 | dual_d 0.7151 | train_acc 0.8965 | train_full 0.9606 | val_acc 0.9545 | val_f1 0.9522 | grad(main/disc) 12.973/1.338 | lr(main/disc) 7.00e-05/3.50e-05 | 78.8s
2026-08-21 04:02:11 | New best val_f1_macro_present: 0.9522 at epoch 19
2026-08-21 04:03:32 | Epoch 020/100 | loss 3.0824 | cls 1.4692 | tal -0.0436 | dual_g 1.6262 | dual_d 0.7373 | train_acc 0.9355 | train_full 0.9467 | val_acc 0.9470 | val_f1 0.9494 | grad(main/disc) 10.749/1.347 | lr(main/disc) 7.00e-05/3.50e-05 | 80.6s
2026-08-21 04:04:53 | Epoch 021/100 | loss 3.0296 | cls 1.4413 | tal -0.1188 | dual_g 1.6239 | dual_d 0.7599 | train_acc 0.9453 | train_full 0.9744 | val_acc 0.9621 | val_f1 0.9648 | grad(main/disc) 10.710/1.347 | lr(main/disc) 7.00e-05/3.50e-05 | 81.5s
2026-08-21 04:04:54 | New best val_f1_macro_present: 0.9648 at epoch 21
2026-08-21 04:06:15 | Epoch 022/100 | loss 3.0129 | cls 1.4240 | tal -0.1040 | dual_g 1.6202 | dual_d 0.7826 | train_acc 0.9473 | train_full 0.9744 | val_acc 0.9773 | val_f1 0.9708 | grad(main/disc) 10.773/1.413 | lr(main/disc) 7.00e-05/3.50e-05 | 81.2s
2026-08-21 04:06:15 | New best val_f1_macro_present: 0.9708 at epoch 22
2026-08-21 04:07:35 | Epoch 023/100 | loss 2.9380 | cls 1.3992 | tal -0.0961 | dual_g 1.5677 | dual_d 0.7527 | train_acc 0.9551 | train_full 0.9645 | val_acc 0.9621 | val_f1 0.9585 | grad(main/disc) 9.709/1.291 | lr(main/disc) 7.00e-05/3.50e-05 | 79.1s
2026-08-21 04:08:52 | Epoch 024/100 | loss 2.9956 | cls 1.4413 | tal -0.0911 | dual_g 1.5816 | dual_d 0.7865 | train_acc 0.9473 | train_full 0.9803 | val_acc 0.9773 | val_f1 0.9767 | grad(main/disc) 11.922/1.350 | lr(main/disc) 7.00e-05/3.50e-05 | 78.0s
2026-08-21 04:08:53 | New best val_f1_macro_present: 0.9767 at epoch 24
2026-08-21 04:10:10 | Epoch 025/100 | loss 2.9014 | cls 1.3959 | tal -0.0757 | dual_g 1.5282 | dual_d 0.8498 | train_acc 0.9629 | train_full 0.9783 | val_acc 0.9621 | val_f1 0.9668 | grad(main/disc) 9.240/1.428 | lr(main/disc) 7.00e-05/3.50e-05 | 77.5s
2026-08-21 04:11:30 | Epoch 026/100 | loss 2.8467 | cls 1.3826 | tal -0.1291 | dual_g 1.5028 | dual_d 0.8799 | train_acc 0.9688 | train_full 0.9803 | val_acc 0.9848 | val_f1 0.9832 | grad(main/disc) 8.841/1.420 | lr(main/disc) 7.00e-05/3.50e-05 | 79.3s
2026-08-21 04:11:30 | New best val_f1_macro_present: 0.9832 at epoch 26
2026-08-21 04:12:54 | Epoch 027/100 | loss 2.8668 | cls 1.3747 | tal -0.0903 | dual_g 1.5192 | dual_d 0.9039 | train_acc 0.9727 | train_full 0.9803 | val_acc 0.9773 | val_f1 0.9773 | grad(main/disc) 9.012/1.395 | lr(main/disc) 7.00e-05/3.50e-05 | 83.8s
2026-08-21 04:14:15 | Epoch 028/100 | loss 2.8440 | cls 1.3682 | tal -0.0934 | dual_g 1.5039 | dual_d 0.9870 | train_acc 0.9766 | train_full 0.9704 | val_acc 0.9621 | val_f1 0.9673 | grad(main/disc) 8.643/1.476 | lr(main/disc) 7.00e-05/3.50e-05 | 81.7s
2026-08-21 04:15:35 | Epoch 029/100 | loss 2.7608 | cls 1.3294 | tal -0.0981 | dual_g 1.4608 | dual_d 0.9506 | train_acc 0.9824 | train_full 0.9901 | val_acc 0.9773 | val_f1 0.9768 | grad(main/disc) 7.337/1.444 | lr(main/disc) 7.00e-05/3.50e-05 | 79.7s
2026-08-21 04:16:55 | Epoch 030/100 | loss 2.7565 | cls 1.3372 | tal -0.0995 | dual_g 1.4491 | dual_d 0.9786 | train_acc 0.9805 | train_full 0.9862 | val_acc 0.9697 | val_f1 0.9711 | grad(main/disc) 7.344/1.476 | lr(main/disc) 7.00e-05/3.50e-05 | 80.2s
2026-08-21 04:18:17 | Epoch 031/100 | loss 2.7379 | cls 1.3189 | tal -0.1187 | dual_g 1.4547 | dual_d 0.9471 | train_acc 0.9902 | train_full 0.9763 | val_acc 0.9545 | val_f1 0.9571 | grad(main/disc) 7.555/1.395 | lr(main/disc) 7.00e-05/3.50e-05 | 81.4s
2026-08-21 04:19:34 | Epoch 032/100 | loss 2.7420 | cls 1.3295 | tal -0.0888 | dual_g 1.4392 | dual_d 0.9873 | train_acc 0.9844 | train_full 0.9921 | val_acc 0.9697 | val_f1 0.9711 | grad(main/disc) 7.462/1.429 | lr(main/disc) 7.00e-05/3.50e-05 | 77.7s
2026-08-21 04:20:55 | Epoch 033/100 | loss 2.6778 | cls 1.3109 | tal -0.1963 | dual_g 1.4258 | dual_d 0.9794 | train_acc 0.9844 | train_full 0.9901 | val_acc 0.9773 | val_f1 0.9709 | grad(main/disc) 7.114/1.437 | lr(main/disc) 3.50e-05/1.75e-05 | 81.0s
2026-08-21 04:22:16 | Epoch 034/100 | loss 2.6745 | cls 1.3042 | tal -0.1566 | dual_g 1.4172 | dual_d 0.9508 | train_acc 0.9941 | train_full 0.9961 | val_acc 0.9773 | val_f1 0.9771 | grad(main/disc) 6.417/1.396 | lr(main/disc) 3.50e-05/1.75e-05 | 80.7s
2026-08-21 04:23:35 | Epoch 035/100 | loss 2.6483 | cls 1.2887 | tal -0.1321 | dual_g 1.3992 | dual_d 0.9422 | train_acc 0.9844 | train_full 0.9980 | val_acc 0.9848 | val_f1 0.9830 | grad(main/disc) 6.470/1.346 | lr(main/disc) 3.50e-05/1.75e-05 | 79.2s
2026-08-21 04:23:35 | Early stopping at epoch 35 after 9 epochs without val_f1_macro_present improvement.
2026-08-21 04:23:35 | Training complete. Best validation accuracy: 0.9848 | best val_f1_macro_present: 0.9832
