2026-08-21 02:20:42 | Starting Dual_D standalone training
2026-08-21 02:20:42 | Run directory: runs/module_c_ablation/module_c_full_逆光_iter02_20260820_204237
2026-08-21 02:20:42 | Device: cuda
2026-08-21 02:20:42 | Source train samples: 992
2026-08-21 02:20:42 | Target train samples: 132
2026-08-21 02:20:42 | Target val samples: 37
2026-08-21 02:20:42 | Classes: 14
2026-08-21 02:20:42 | Data audit: same_dir=False | path_overlap(vis/ir/ais)=0/0/0 | content_overlap(vis/ir/ais)=0/0/0 | ais_index_overlap=0 | stem_mismatch(vis-ir/vis-ais)=157/0
2026-08-21 02:20:42 | source_train classes: present 14/14 | absent 0 | counts [0:120, 1:44, 2:69, 3:45, 4:40, 5:30, 6:64, 7:80, 8:116, 9:68, 10:57, 11:83, 12:48, 13:128]
2026-08-21 02:20:42 | target_train classes: present 9/14 | absent 5 | counts [0:20, 2:12, 4:12, 5:2, 9:16, 10:16, 11:29, 12:4, 13:21]
2026-08-21 02:20:42 | target_val classes: present 9/14 | absent 5 | counts [0:6, 2:3, 4:4, 5:1, 9:4, 10:4, 11:8, 12:1, 13:6]
2026-08-21 02:20:42 | Paired training classes: 9/14 | class ids [0, 2, 4, 5, 9, 10, 11, 12, 13]
2026-08-21 02:20:42 | VIS/IR pairing: class-level-unpaired | count-mismatch classes train/val: 10/1 | AIS alignment: none | AIS rows train/val: 0/0
2026-08-21 02:20:43 | Model parameters: total=17277714 | trainable=17120210
2026-08-21 02:21:10 | Epoch 001/100 | loss 10.2361 | cls 5.4009 | tal -0.1065 | dual_g 4.8671 | dual_d 0.0000 | train_acc 0.0625 | train_full 0.1288 | val_acc 0.1892 | val_f1 0.1038 | grad(main/disc) 32.612/0.000 | lr(main/disc) 7.00e-05/3.50e-05 | 27.4s
2026-08-21 02:21:10 | New best val_f1_macro_present: 0.1038 at epoch 1
2026-08-21 02:21:36 | Epoch 002/100 | loss 8.7182 | cls 4.6477 | tal -0.0603 | dual_g 4.0886 | dual_d 0.0000 | train_acc 0.1250 | train_full 0.1439 | val_acc 0.2703 | val_f1 0.2140 | grad(main/disc) 27.142/0.000 | lr(main/disc) 7.00e-05/3.50e-05 | 25.7s
2026-08-21 02:21:36 | New best val_f1_macro_present: 0.2140 at epoch 2
2026-08-21 02:22:03 | Epoch 003/100 | loss 7.6620 | cls 3.8764 | tal 0.0225 | dual_g 3.7789 | dual_d 0.0000 | train_acc 0.3250 | train_full 0.2197 | val_acc 0.3243 | val_f1 0.2468 | grad(main/disc) 24.385/0.000 | lr(main/disc) 7.00e-05/3.50e-05 | 26.4s
2026-08-21 02:22:03 | New best val_f1_macro_present: 0.2468 at epoch 3
2026-08-21 02:22:29 | Epoch 004/100 | loss 7.3042 | cls 3.7405 | tal 0.0814 | dual_g 3.5393 | dual_d 0.0000 | train_acc 0.2875 | train_full 0.3561 | val_acc 0.3784 | val_f1 0.3989 | grad(main/disc) 22.590/0.000 | lr(main/disc) 7.00e-05/3.50e-05 | 25.3s
2026-08-21 02:22:29 | New best val_f1_macro_present: 0.3989 at epoch 4
2026-08-21 02:22:56 | Epoch 005/100 | loss 7.0471 | cls 3.6543 | tal 0.2468 | dual_g 3.3188 | dual_d 0.0000 | train_acc 0.3688 | train_full 0.7045 | val_acc 0.7297 | val_f1 0.7950 | grad(main/disc) 22.247/0.000 | lr(main/disc) 7.00e-05/3.50e-05 | 26.9s
2026-08-21 02:22:56 | New best val_f1_macro_present: 0.7950 at epoch 5
2026-08-21 02:23:22 | Epoch 006/100 | loss 6.4472 | cls 3.2029 | tal 0.1776 | dual_g 3.1910 | dual_d 0.8033 | train_acc 0.4125 | train_full 0.8333 | val_acc 0.8378 | val_f1 0.8600 | grad(main/disc) 20.568/1.947 | lr(main/disc) 7.00e-05/3.50e-05 | 26.2s
2026-08-21 02:23:23 | New best val_f1_macro_present: 0.8600 at epoch 6
2026-08-21 02:23:49 | Epoch 007/100 | loss 6.1337 | cls 3.0839 | tal 0.3115 | dual_g 2.9564 | dual_d 0.8020 | train_acc 0.4688 | train_full 0.9091 | val_acc 0.9189 | val_f1 0.9373 | grad(main/disc) 20.062/1.945 | lr(main/disc) 7.00e-05/3.50e-05 | 26.6s
2026-08-21 02:23:49 | New best val_f1_macro_present: 0.9373 at epoch 7
2026-08-21 02:24:15 | Epoch 008/100 | loss 6.0588 | cls 3.0381 | tal 0.3113 | dual_g 2.9273 | dual_d 0.8343 | train_acc 0.5312 | train_full 0.9015 | val_acc 0.8919 | val_f1 0.9041 | grad(main/disc) 20.228/1.958 | lr(main/disc) 7.00e-05/3.50e-05 | 25.9s
2026-08-21 02:24:42 | Epoch 009/100 | loss 5.6764 | cls 2.8235 | tal 0.2791 | dual_g 2.7692 | dual_d 0.8108 | train_acc 0.5312 | train_full 0.8939 | val_acc 0.8919 | val_f1 0.9050 | grad(main/disc) 19.558/1.874 | lr(main/disc) 7.00e-05/3.50e-05 | 27.1s
2026-08-21 02:25:08 | Epoch 010/100 | loss 5.1778 | cls 2.5238 | tal 0.2399 | dual_g 2.5821 | dual_d 0.8130 | train_acc 0.6937 | train_full 0.9091 | val_acc 0.9189 | val_f1 0.9299 | grad(main/disc) 18.387/1.905 | lr(main/disc) 7.00e-05/3.50e-05 | 25.9s
2026-08-21 02:25:35 | Epoch 011/100 | loss 5.1889 | cls 2.4903 | tal 0.2548 | dual_g 2.6221 | dual_d 0.7849 | train_acc 0.6750 | train_full 0.9697 | val_acc 0.9189 | val_f1 0.9299 | grad(main/disc) 18.963/1.829 | lr(main/disc) 7.00e-05/3.50e-05 | 26.5s
2026-08-21 02:26:02 | Epoch 012/100 | loss 5.1035 | cls 2.4827 | tal 0.2442 | dual_g 2.5475 | dual_d 0.7652 | train_acc 0.6438 | train_full 0.9470 | val_acc 0.9189 | val_f1 0.9377 | grad(main/disc) 19.190/1.730 | lr(main/disc) 7.00e-05/3.50e-05 | 26.9s
2026-08-21 02:26:27 | Epoch 013/100 | loss 4.8730 | cls 2.3670 | tal 0.2678 | dual_g 2.4257 | dual_d 0.7667 | train_acc 0.7250 | train_full 0.9242 | val_acc 0.9189 | val_f1 0.9303 | grad(main/disc) 18.276/1.649 | lr(main/disc) 7.00e-05/3.50e-05 | 25.6s
2026-08-21 02:26:54 | Epoch 014/100 | loss 4.8060 | cls 2.3804 | tal 0.2398 | dual_g 2.3537 | dual_d 0.7469 | train_acc 0.6813 | train_full 0.9470 | val_acc 0.9459 | val_f1 0.9616 | grad(main/disc) 18.917/1.715 | lr(main/disc) 7.00e-05/3.50e-05 | 26.2s
2026-08-21 02:26:54 | New best val_f1_macro_present: 0.9616 at epoch 14
2026-08-21 02:27:21 | Epoch 015/100 | loss 4.5334 | cls 2.2123 | tal 0.2414 | dual_g 2.2486 | dual_d 0.7278 | train_acc 0.6937 | train_full 0.9394 | val_acc 0.9189 | val_f1 0.9053 | grad(main/disc) 17.622/1.633 | lr(main/disc) 7.00e-05/3.50e-05 | 27.0s
2026-08-21 02:27:47 | Epoch 016/100 | loss 4.3729 | cls 2.1238 | tal 0.1027 | dual_g 2.2183 | dual_d 0.7109 | train_acc 0.7750 | train_full 0.9773 | val_acc 0.9459 | val_f1 0.9578 | grad(main/disc) 17.497/1.574 | lr(main/disc) 7.00e-05/3.50e-05 | 26.4s
2026-08-21 02:28:14 | Epoch 017/100 | loss 4.4285 | cls 2.2078 | tal 0.2084 | dual_g 2.1582 | dual_d 0.6611 | train_acc 0.7875 | train_full 0.9848 | val_acc 0.9189 | val_f1 0.9261 | grad(main/disc) 18.130/1.588 | lr(main/disc) 7.00e-05/3.50e-05 | 26.3s
2026-08-21 02:28:40 | Epoch 018/100 | loss 4.3080 | cls 2.0273 | tal 0.2134 | dual_g 2.2166 | dual_d 0.7012 | train_acc 0.8125 | train_full 0.9773 | val_acc 0.9189 | val_f1 0.9261 | grad(main/disc) 17.942/1.598 | lr(main/disc) 7.00e-05/3.50e-05 | 26.5s
2026-08-21 02:29:07 | Epoch 019/100 | loss 4.0597 | cls 1.9104 | tal 0.2367 | dual_g 2.0783 | dual_d 0.7134 | train_acc 0.8250 | train_full 0.9848 | val_acc 0.9730 | val_f1 0.9802 | grad(main/disc) 17.738/1.517 | lr(main/disc) 7.00e-05/3.50e-05 | 27.0s
2026-08-21 02:29:07 | New best val_f1_macro_present: 0.9802 at epoch 19
2026-08-21 02:29:34 | Epoch 020/100 | loss 3.9339 | cls 1.8587 | tal 0.1733 | dual_g 2.0232 | dual_d 0.7243 | train_acc 0.8187 | train_full 0.9848 | val_acc 0.9730 | val_f1 0.9802 | grad(main/disc) 16.134/1.572 | lr(main/disc) 7.00e-05/3.50e-05 | 26.4s
2026-08-21 02:29:59 | Epoch 021/100 | loss 3.8756 | cls 1.8369 | tal 0.0207 | dual_g 2.0325 | dual_d 0.6695 | train_acc 0.8938 | train_full 0.9621 | val_acc 0.9730 | val_f1 0.9802 | grad(main/disc) 16.476/1.434 | lr(main/disc) 7.00e-05/3.50e-05 | 25.1s
2026-08-21 02:30:25 | Epoch 022/100 | loss 3.7261 | cls 1.7256 | tal 0.0553 | dual_g 1.9839 | dual_d 0.7953 | train_acc 0.8938 | train_full 0.9242 | val_acc 0.9459 | val_f1 0.9278 | grad(main/disc) 14.830/1.692 | lr(main/disc) 7.00e-05/3.50e-05 | 26.1s
2026-08-21 02:30:51 | Epoch 023/100 | loss 3.7777 | cls 1.8226 | tal -0.0486 | dual_g 1.9697 | dual_d 0.7306 | train_acc 0.8500 | train_full 0.9848 | val_acc 0.9730 | val_f1 0.9802 | grad(main/disc) 16.124/1.532 | lr(main/disc) 7.00e-05/3.50e-05 | 25.7s
2026-08-21 02:31:17 | Epoch 024/100 | loss 3.7637 | cls 1.8384 | tal -0.0051 | dual_g 1.9268 | dual_d 0.7624 | train_acc 0.8625 | train_full 0.9848 | val_acc 0.9730 | val_f1 0.9802 | grad(main/disc) 14.890/1.600 | lr(main/disc) 7.00e-05/3.50e-05 | 26.3s
2026-08-21 02:31:42 | Epoch 025/100 | loss 3.6268 | cls 1.7374 | tal 0.0438 | dual_g 1.8763 | dual_d 0.7363 | train_acc 0.9313 | train_full 0.9848 | val_acc 0.9730 | val_f1 0.9802 | grad(main/disc) 14.252/1.536 | lr(main/disc) 7.00e-05/3.50e-05 | 25.5s
2026-08-21 02:32:09 | Epoch 026/100 | loss 3.7344 | cls 1.7714 | tal 0.0604 | dual_g 1.9448 | dual_d 0.7371 | train_acc 0.8500 | train_full 0.9924 | val_acc 1.0000 | val_f1 1.0000 | grad(main/disc) 17.872/1.557 | lr(main/disc) 7.00e-05/3.50e-05 | 26.6s
2026-08-21 02:32:09 | New best val_f1_macro_present: 1.0000 at epoch 26
2026-08-21 02:32:35 | Epoch 027/100 | loss 3.6403 | cls 1.7273 | tal 0.1467 | dual_g 1.8690 | dual_d 0.8076 | train_acc 0.8562 | train_full 0.9924 | val_acc 1.0000 | val_f1 1.0000 | grad(main/disc) 16.046/1.633 | lr(main/disc) 7.00e-05/3.50e-05 | 26.0s
2026-08-21 02:33:02 | Epoch 028/100 | loss 3.7161 | cls 1.7822 | tal 0.0468 | dual_g 1.9198 | dual_d 0.7663 | train_acc 0.8875 | train_full 0.9924 | val_acc 1.0000 | val_f1 1.0000 | grad(main/disc) 16.047/1.541 | lr(main/disc) 7.00e-05/3.50e-05 | 27.0s
2026-08-21 02:33:29 | Epoch 029/100 | loss 3.4896 | cls 1.6781 | tal -0.0275 | dual_g 1.8198 | dual_d 0.7471 | train_acc 0.9313 | train_full 1.0000 | val_acc 1.0000 | val_f1 1.0000 | grad(main/disc) 14.217/1.574 | lr(main/disc) 7.00e-05/3.50e-05 | 26.2s
2026-08-21 02:33:56 | Epoch 030/100 | loss 3.4040 | cls 1.6162 | tal 0.0047 | dual_g 1.7864 | dual_d 0.7224 | train_acc 0.9187 | train_full 0.9924 | val_acc 0.9730 | val_f1 0.9840 | grad(main/disc) 14.258/1.483 | lr(main/disc) 7.00e-05/3.50e-05 | 27.4s
2026-08-21 02:34:23 | Epoch 031/100 | loss 3.3966 | cls 1.5860 | tal -0.0801 | dual_g 1.8346 | dual_d 0.7102 | train_acc 0.9500 | train_full 0.9924 | val_acc 0.9730 | val_f1 0.9840 | grad(main/disc) 14.268/1.469 | lr(main/disc) 7.00e-05/3.50e-05 | 26.7s
2026-08-21 02:34:50 | Epoch 032/100 | loss 3.4105 | cls 1.5857 | tal 0.0482 | dual_g 1.8103 | dual_d 0.7715 | train_acc 0.9563 | train_full 1.0000 | val_acc 1.0000 | val_f1 1.0000 | grad(main/disc) 12.687/1.507 | lr(main/disc) 7.00e-05/3.50e-05 | 27.4s
2026-08-21 02:35:17 | Epoch 033/100 | loss 3.3532 | cls 1.6140 | tal -0.0159 | dual_g 1.7440 | dual_d 0.7820 | train_acc 0.9500 | train_full 1.0000 | val_acc 1.0000 | val_f1 1.0000 | grad(main/disc) 13.296/1.513 | lr(main/disc) 3.50e-05/1.75e-05 | 27.2s
2026-08-21 02:35:44 | Epoch 034/100 | loss 3.1857 | cls 1.4726 | tal -0.0005 | dual_g 1.7132 | dual_d 0.7377 | train_acc 0.9812 | train_full 1.0000 | val_acc 1.0000 | val_f1 1.0000 | grad(main/disc) 10.582/1.457 | lr(main/disc) 3.50e-05/1.75e-05 | 27.1s
2026-08-21 02:36:13 | Epoch 035/100 | loss 3.2506 | cls 1.5460 | tal 0.0283 | dual_g 1.6962 | dual_d 0.6790 | train_acc 0.9250 | train_full 1.0000 | val_acc 0.9730 | val_f1 0.9802 | grad(main/disc) 12.214/1.400 | lr(main/disc) 3.50e-05/1.75e-05 | 28.5s
2026-08-21 02:36:13 | Early stopping at epoch 35 after 9 epochs without val_f1_macro_present improvement.
2026-08-21 02:36:13 | Training complete. Best validation accuracy: 1.0000 | best val_f1_macro_present: 1.0000
