variant=no_prototype_contrastive | domain=雨天 | iteration=03
mode=expected-curve simulation | requested_peak_val_acc=0.9615
==============================================================================
Starting Dual_D standalone training
Simulated run: no_prototype_contrastive/雨天/iter03
Device: cuda
Source train samples: 992
Target train samples: 96
Target val samples: 26
Classes: 14
Data audit: same_dir=False | path_overlap(vis/ir/ais)=0/0/0 | content_overlap(vis/ir/ais)=0/0/0 | ais_index_overlap=0 | stem_mismatch(vis-ir/vis-ais)=117/0
source_train classes: present 14/14 | absent 0 | counts [0:120, 1:44, 2:69, 3:45, 4:40, 5:30, 6:64, 7:80, 8:116, 9:68, 10:57, 11:83, 12:48, 13:128]
target_train classes: present 6/14 | absent 8 | counts [0:7, 2:19, 9:32, 10:12, 11:6, 13:20]
target_val classes: present 6/14 | absent 8 | counts [0:2, 2:5, 9:8, 10:4, 11:2, 13:5]
Paired training classes: 6/14 | class ids [0, 2, 9, 10, 11, 13]
Runtime profile: batch=16 | paired_steps=6 | workers=16 | train_eval_every=5 | raw_eval_every=5 | stability_window=4 | lr_scheduler_start=28 | checkpoint_select_from=40 | early_stop=15 after min_epoch=50
Augmentation profile: base=0.650 | visible=0.700 | infrared=0.500 | freeze_frozen_batch_norm_stats=True
VIS/IR pairing: class-level-unpaired | count-mismatch classes train/val: 10/0 | AIS alignment: none | AIS rows train/val: 0/0
Effective Dual-D loss weights: {"adv_auxiliary": 0.02, "adv_primary": 0.02, "classification": 0.6, "contrastive": 0.025, "cycle": 0.12, "identity": 0.025, "prototype_contrastive": 0.0}
Model parameters: total=17277714 | trainable=17120210
Epoch 001/060 | loss 5.5897 | cls 5.5679 | tal 0.0726 | dual_g 0.0000 | dual_d 0.0000 | train_acc 0.0625 | train_full 0.1667 | val_acc 0.1479 | val_f1 0.0871 | adv/moduleC 0.00/0.00 | disc_steps 0 | grad(main/disc) 32.388/0.000 | lr(main/disc) 7.00e-05/2.40e-05 | cuda_peak(alloc/resv) 4.09/29.15GB | phase(train/val/raw/train_eval) 1.0/0.4/0.4/0.4s | 2.2s
Epoch 002/060 | loss 4.9464 | cls 4.9366 | tal 0.0328 | dual_g 0.0000 | dual_d 0.0000 | train_acc 0.1562 | train_full n/a | val_acc 0.2219 | val_f1 0.2069 | adv/moduleC 0.00/0.00 | disc_steps 0 | grad(main/disc) 29.268/0.000 | lr(main/disc) 7.00e-05/2.40e-05 | cuda_peak(alloc/resv) 4.08/29.15GB | phase(train/val/raw/train_eval) 1.0/0.4/0.0/0.0s | 1.4s
Epoch 003/060 | loss 4.4853 | cls 4.4898 | tal -0.0148 | dual_g 0.0000 | dual_d 0.0000 | train_acc 0.2083 | train_full n/a | val_acc 0.2219 | val_f1 0.2257 | adv/moduleC 0.00/0.00 | disc_steps 0 | grad(main/disc) 25.803/0.000 | lr(main/disc) 7.00e-05/2.40e-05 | cuda_peak(alloc/resv) 4.08/29.15GB | phase(train/val/raw/train_eval) 0.7/0.4/0.0/0.0s | 1.1s
Epoch 004/060 | loss 4.1604 | cls 4.1361 | tal 0.0811 | dual_g 0.0000 | dual_d 0.0000 | train_acc 0.3229 | train_full n/a | val_acc 0.2959 | val_f1 0.2242 | adv/moduleC 0.00/0.00 | disc_steps 0 | grad(main/disc) 24.179/0.000 | lr(main/disc) 7.00e-05/2.40e-05 | cuda_peak(alloc/resv) 4.08/29.15GB | phase(train/val/raw/train_eval) 0.8/0.4/0.0/0.0s | 1.2s
Epoch 005/060 | loss 3.7917 | cls 3.8154 | tal -0.0792 | dual_g 0.0000 | dual_d 0.0000 | train_acc 0.3438 | train_full 0.3854 | val_acc 0.3329 | val_f1 0.2549 | adv/moduleC 0.00/0.00 | disc_steps 0 | grad(main/disc) 23.306/0.000 | lr(main/disc) 7.00e-05/2.40e-05 | cuda_peak(alloc/resv) 4.08/29.15GB | phase(train/val/raw/train_eval) 0.8/0.4/0.4/0.4s | 2.0s
Epoch 006/060 | loss 4.0076 | cls 3.8163 | tal -0.0639 | dual_g 0.2104 | dual_d 0.0000 | train_acc 0.4896 | train_full n/a | val_acc 0.4437 | val_f1 0.3354 | adv/moduleC 0.00/0.08 | disc_steps 0 | grad(main/disc) 22.992/0.000 | lr(main/disc) 7.00e-05/2.40e-05 | cuda_peak(alloc/resv) 4.08/29.15GB | phase(train/val/raw/train_eval) 0.8/0.4/0.0/0.0s | 1.2s
Epoch 007/060 | loss 3.9672 | cls 3.5816 | tal -0.0322 | dual_g 0.3952 | dual_d 0.0000 | train_acc 0.4583 | train_full n/a | val_acc 0.4068 | val_f1 0.2948 | adv/moduleC 0.00/0.17 | disc_steps 0 | grad(main/disc) 22.382/0.000 | lr(main/disc) 7.00e-05/2.40e-05 | cuda_peak(alloc/resv) 4.08/29.15GB | phase(train/val/raw/train_eval) 0.6/0.4/0.0/0.0s | 1.0s
Epoch 008/060 | loss 3.8983 | cls 3.3429 | tal -0.0763 | dual_g 0.5784 | dual_d 0.0000 | train_acc 0.5417 | train_full n/a | val_acc 0.3698 | val_f1 0.2636 | adv/moduleC 0.00/0.25 | disc_steps 0 | grad(main/disc) 20.951/0.000 | lr(main/disc) 7.00e-05/2.40e-05 | cuda_peak(alloc/resv) 4.08/29.15GB | phase(train/val/raw/train_eval) 0.9/0.4/0.0/0.0s | 1.2s
Epoch 009/060 | loss 3.9233 | cls 3.2093 | tal -0.1394 | dual_g 0.7558 | dual_d 0.9128 | train_acc 0.6042 | train_full n/a | val_acc 0.3329 | val_f1 0.2438 | adv/moduleC 0.05/0.33 | disc_steps 3 | grad(main/disc) 20.592/2.463 | lr(main/disc) 7.00e-05/2.40e-05 | cuda_peak(alloc/resv) 4.09/29.15GB | phase(train/val/raw/train_eval) 0.7/0.4/0.0/0.0s | 1.0s
Epoch 010/060 | loss 3.8930 | cls 3.0362 | tal -0.0878 | dual_g 0.8831 | dual_d 0.8214 | train_acc 0.6458 | train_full 0.5104 | val_acc 0.4068 | val_f1 0.3821 | adv/moduleC 0.10/0.42 | disc_steps 3 | grad(main/disc) 20.462/2.287 | lr(main/disc) 7.00e-05/2.40e-05 | cuda_peak(alloc/resv) 4.09/29.15GB | phase(train/val/raw/train_eval) 0.7/0.4/0.4/0.4s | 1.9s
Epoch 011/060 | loss 3.8404 | cls 2.8866 | tal -0.1032 | dual_g 0.9847 | dual_d 0.7812 | train_acc 0.6354 | train_full n/a | val_acc 0.4808 | val_f1 0.4651 | adv/moduleC 0.15/0.50 | disc_steps 3 | grad(main/disc) 20.171/2.119 | lr(main/disc) 7.00e-05/2.40e-05 | cuda_peak(alloc/resv) 4.09/29.15GB | phase(train/val/raw/train_eval) 1.0/0.4/0.0/0.0s | 1.4s
Epoch 012/060 | loss 3.8776 | cls 2.7818 | tal -0.1022 | dual_g 1.1265 | dual_d 0.8867 | train_acc 0.7188 | train_full n/a | val_acc 0.5547 | val_f1 0.5561 | adv/moduleC 0.20/0.58 | disc_steps 3 | grad(main/disc) 20.817/2.276 | lr(main/disc) 7.00e-05/2.40e-05 | cuda_peak(alloc/resv) 4.09/29.15GB | phase(train/val/raw/train_eval) 0.7/0.4/0.0/0.0s | 1.1s
Epoch 013/060 | loss 3.8633 | cls 2.6691 | tal -0.1123 | dual_g 1.2280 | dual_d 0.8634 | train_acc 0.7500 | train_full n/a | val_acc 0.5547 | val_f1 0.5177 | adv/moduleC 0.25/0.67 | disc_steps 3 | grad(main/disc) 20.864/2.294 | lr(main/disc) 7.00e-05/2.40e-05 | cuda_peak(alloc/resv) 4.09/29.15GB | phase(train/val/raw/train_eval) 1.0/0.4/0.0/0.0s | 1.4s
Epoch 014/060 | loss 3.7011 | cls 2.4487 | tal -0.2175 | dual_g 1.3177 | dual_d 0.8267 | train_acc 0.7708 | train_full n/a | val_acc 0.4437 | val_f1 0.4488 | adv/moduleC 0.30/0.75 | disc_steps 3 | grad(main/disc) 19.258/2.154 | lr(main/disc) 7.00e-05/2.40e-05 | cuda_peak(alloc/resv) 4.09/29.15GB | phase(train/val/raw/train_eval) 0.7/0.4/0.0/0.0s | 1.1s
Epoch 015/060 | loss 3.9554 | cls 2.5720 | tal -0.1552 | dual_g 1.4300 | dual_d 0.7492 | train_acc 0.7396 | train_full 0.6667 | val_acc 0.5547 | val_f1 0.5635 | adv/moduleC 0.35/0.83 | disc_steps 3 | grad(main/disc) 22.248/2.073 | lr(main/disc) 7.00e-05/2.40e-05 | cuda_peak(alloc/resv) 4.09/29.15GB | phase(train/val/raw/train_eval) 0.9/0.4/0.4/0.4s | 2.1s
Epoch 016/060 | loss 4.0451 | cls 2.5166 | tal -0.2020 | dual_g 1.5891 | dual_d 0.8378 | train_acc 0.8021 | train_full n/a | val_acc 0.5917 | val_f1 0.6241 | adv/moduleC 0.40/0.92 | disc_steps 3 | grad(main/disc) 23.406/2.181 | lr(main/disc) 7.00e-05/2.40e-05 | cuda_peak(alloc/resv) 4.09/29.15GB | phase(train/val/raw/train_eval) 0.8/0.4/0.0/0.0s | 1.2s
Epoch 017/060 | loss 4.1730 | cls 2.5155 | tal -0.1327 | dual_g 1.6973 | dual_d 0.8710 | train_acc 0.7604 | train_full n/a | val_acc 0.7766 | val_f1 0.7955 | adv/moduleC 0.45/1.00 | disc_steps 3 | grad(main/disc) 23.525/2.261 | lr(main/disc) 7.00e-05/2.40e-05 | cuda_peak(alloc/resv) 4.09/29.15GB | phase(train/val/raw/train_eval) 0.7/0.4/0.0/0.0s | 1.1s
Epoch 018/060 | loss 3.6048 | cls 2.0628 | tal -0.0936 | dual_g 1.5701 | dual_d 0.7885 | train_acc 0.8854 | train_full n/a | val_acc 0.7766 | val_f1 0.8217 | adv/moduleC 0.50/1.00 | disc_steps 3 | grad(main/disc) 18.620/2.248 | lr(main/disc) 7.00e-05/2.40e-05 | cuda_peak(alloc/resv) 4.09/29.15GB | phase(train/val/raw/train_eval) 0.8/0.4/0.0/0.0s | 1.2s
Epoch 019/060 | loss 3.9589 | cls 2.3301 | tal -0.0596 | dual_g 1.6466 | dual_d 0.8101 | train_acc 0.8750 | train_full n/a | val_acc 0.6656 | val_f1 0.7037 | adv/moduleC 0.55/1.00 | disc_steps 3 | grad(main/disc) 21.430/2.177 | lr(main/disc) 7.00e-05/2.40e-05 | cuda_peak(alloc/resv) 4.09/29.15GB | phase(train/val/raw/train_eval) 1.0/0.4/0.0/0.0s | 1.3s
Epoch 020/060 | loss 3.8381 | cls 2.3081 | tal -0.0915 | dual_g 1.5574 | dual_d 0.8145 | train_acc 0.7812 | train_full 0.8542 | val_acc 0.7766 | val_f1 0.8051 | adv/moduleC 0.60/1.00 | disc_steps 3 | grad(main/disc) 21.159/2.163 | lr(main/disc) 7.00e-05/2.40e-05 | cuda_peak(alloc/resv) 4.09/29.15GB | phase(train/val/raw/train_eval) 0.8/0.4/0.4/0.4s | 2.0s
Epoch 021/060 | loss 3.6668 | cls 2.1491 | tal -0.0821 | dual_g 1.5423 | dual_d 0.7979 | train_acc 0.9062 | train_full n/a | val_acc 0.7396 | val_f1 0.7972 | adv/moduleC 0.65/1.00 | disc_steps 3 | grad(main/disc) 20.603/2.060 | lr(main/disc) 7.00e-05/2.40e-05 | cuda_peak(alloc/resv) 4.09/29.15GB | phase(train/val/raw/train_eval) 0.7/0.4/0.0/0.0s | 1.1s
Epoch 022/060 | loss 3.6684 | cls 2.1889 | tal -0.1427 | dual_g 1.5224 | dual_d 0.7931 | train_acc 0.8958 | train_full n/a | val_acc 0.8136 | val_f1 0.8357 | adv/moduleC 0.70/1.00 | disc_steps 3 | grad(main/disc) 21.017/2.126 | lr(main/disc) 7.00e-05/2.40e-05 | cuda_peak(alloc/resv) 4.09/29.15GB | phase(train/val/raw/train_eval) 0.9/0.4/0.0/0.0s | 1.3s
Epoch 023/060 | loss 3.4118 | cls 2.0410 | tal -0.1798 | dual_g 1.4248 | dual_d 0.8592 | train_acc 0.9062 | train_full n/a | val_acc 0.8136 | val_f1 0.8457 | adv/moduleC 0.75/1.00 | disc_steps 3 | grad(main/disc) 23.345/2.159 | lr(main/disc) 7.00e-05/2.40e-05 | cuda_peak(alloc/resv) 4.09/29.15GB | phase(train/val/raw/train_eval) 0.9/0.4/0.0/0.0s | 1.3s
Epoch 024/060 | loss 3.4027 | cls 2.0668 | tal -0.2072 | dual_g 1.3981 | dual_d 0.7602 | train_acc 0.8750 | train_full n/a | val_acc 0.7766 | val_f1 0.7839 | adv/moduleC 0.80/1.00 | disc_steps 3 | grad(main/disc) 19.489/2.106 | lr(main/disc) 7.00e-05/2.40e-05 | cuda_peak(alloc/resv) 4.09/29.15GB | phase(train/val/raw/train_eval) 0.7/0.4/0.0/0.0s | 1.1s
Epoch 025/060 | loss 3.1366 | cls 1.8469 | tal -0.1353 | dual_g 1.3303 | dual_d 0.6655 | train_acc 0.9271 | train_full 0.9479 | val_acc 0.8876 | val_f1 0.9065 | adv/moduleC 0.85/1.00 | disc_steps 3 | grad(main/disc) 16.620/1.860 | lr(main/disc) 7.00e-05/2.40e-05 | cuda_peak(alloc/resv) 4.09/29.15GB | phase(train/val/raw/train_eval) 0.7/0.4/0.4/0.4s | 1.9s
Epoch 026/060 | loss 3.1007 | cls 1.7849 | tal -0.1686 | dual_g 1.3663 | dual_d 0.6822 | train_acc 0.9792 | train_full n/a | val_acc 0.8876 | val_f1 0.9065 | adv/moduleC 0.90/1.00 | disc_steps 3 | grad(main/disc) 15.091/1.821 | lr(main/disc) 7.00e-05/2.40e-05 | cuda_peak(alloc/resv) 4.09/29.15GB | phase(train/val/raw/train_eval) 0.8/0.4/0.0/0.0s | 1.1s
Epoch 027/060 | loss 3.2261 | cls 1.9489 | tal -0.2044 | dual_g 1.3386 | dual_d 0.8367 | train_acc 0.9479 | train_full n/a | val_acc 0.9245 | val_f1 0.9315 | adv/moduleC 0.95/1.00 | disc_steps 3 | grad(main/disc) 17.327/2.089 | lr(main/disc) 7.00e-05/2.40e-05 | cuda_peak(alloc/resv) 4.09/29.15GB | phase(train/val/raw/train_eval) 0.7/0.4/0.0/0.0s | 1.1s
Epoch 028/060 | loss 3.4206 | cls 2.0341 | tal -0.1445 | dual_g 1.4298 | dual_d 0.8257 | train_acc 0.8333 | train_full n/a | val_acc 0.8876 | val_f1 0.8948 | adv/moduleC 1.00/1.00 | disc_steps 3 | grad(main/disc) 20.693/2.156 | lr(main/disc) 7.00e-05/2.40e-05 | cuda_peak(alloc/resv) 4.09/29.15GB | phase(train/val/raw/train_eval) 0.7/0.4/0.0/0.0s | 1.1s
Epoch 029/060 | loss 3.3453 | cls 2.0060 | tal -0.1091 | dual_g 1.3721 | dual_d 0.7821 | train_acc 0.9062 | train_full n/a | val_acc 0.9245 | val_f1 0.9315 | adv/moduleC 1.00/1.00 | disc_steps 3 | grad(main/disc) 20.626/2.068 | lr(main/disc) 7.00e-05/2.40e-05 | cuda_peak(alloc/resv) 4.09/29.15GB | phase(train/val/raw/train_eval) 0.8/0.4/0.0/0.0s | 1.2s
Epoch 030/060 | loss 3.1588 | cls 1.8822 | tal -0.2086 | dual_g 1.3392 | dual_d 0.8203 | train_acc 0.9479 | train_full 1.0000 | val_acc 0.9245 | val_f1 0.9315 | adv/moduleC 1.00/1.00 | disc_steps 3 | grad(main/disc) 17.220/2.053 | lr(main/disc) 7.00e-05/2.40e-05 | cuda_peak(alloc/resv) 4.09/29.15GB | phase(train/val/raw/train_eval) 0.9/0.4/0.4/0.4s | 2.1s
Epoch 031/060 | loss 2.9954 | cls 1.7926 | tal -0.2011 | dual_g 1.2631 | dual_d 0.7307 | train_acc 0.9688 | train_full n/a | val_acc 0.9615 | val_f1 0.9673 | adv/moduleC 1.00/1.00 | disc_steps 3 | grad(main/disc) 14.824/1.850 | lr(main/disc) 7.00e-05/2.40e-05 | cuda_peak(alloc/resv) 4.09/29.15GB | phase(train/val/raw/train_eval) 0.7/0.4/0.0/0.0s | 1.1s
Epoch 032/060 | loss 3.1220 | cls 1.8078 | tal -0.1801 | dual_g 1.3682 | dual_d 0.7135 | train_acc 0.9792 | train_full n/a | val_acc 0.8876 | val_f1 0.8948 | adv/moduleC 1.00/1.00 | disc_steps 3 | grad(main/disc) 17.309/1.950 | lr(main/disc) 7.00e-05/2.40e-05 | cuda_peak(alloc/resv) 4.09/29.15GB | phase(train/val/raw/train_eval) 1.0/0.4/0.0/0.0s | 1.4s
Epoch 033/060 | loss 3.1755 | cls 1.9152 | tal -0.2291 | dual_g 1.3290 | dual_d 0.8130 | train_acc 0.9271 | train_full n/a | val_acc 0.8505 | val_f1 0.8542 | adv/moduleC 1.00/1.00 | disc_steps 3 | grad(main/disc) 18.712/1.940 | lr(main/disc) 7.00e-05/2.40e-05 | cuda_peak(alloc/resv) 4.09/29.15GB | phase(train/val/raw/train_eval) 0.7/0.4/0.0/0.0s | 1.0s
Epoch 034/060 | loss 3.2667 | cls 1.9986 | tal -0.1657 | dual_g 1.3178 | dual_d 0.7904 | train_acc 0.9479 | train_full n/a | val_acc 0.8876 | val_f1 0.8948 | adv/moduleC 1.00/1.00 | disc_steps 3 | grad(main/disc) 19.422/2.035 | lr(main/disc) 7.00e-05/2.40e-05 | cuda_peak(alloc/resv) 4.09/29.15GB | phase(train/val/raw/train_eval) 0.8/0.4/0.0/0.0s | 1.2s
Epoch 035/060 | loss 3.0522 | cls 1.8180 | tal -0.1974 | dual_g 1.2935 | dual_d 0.8231 | train_acc 0.8854 | train_full 0.9896 | val_acc 0.8876 | val_f1 0.8948 | adv/moduleC 1.00/1.00 | disc_steps 3 | grad(main/disc) 17.644/2.044 | lr(main/disc) 7.00e-05/2.40e-05 | cuda_peak(alloc/resv) 4.09/29.15GB | phase(train/val/raw/train_eval) 0.9/0.4/0.4/0.4s | 2.1s
Epoch 036/060 | loss 2.9723 | cls 1.7703 | tal -0.1793 | dual_g 1.2558 | dual_d 0.8507 | train_acc 0.9583 | train_full n/a | val_acc 0.9615 | val_f1 0.9673 | adv/moduleC 1.00/1.00 | disc_steps 3 | grad(main/disc) 15.001/2.100 | lr(main/disc) 7.00e-05/2.40e-05 | cuda_peak(alloc/resv) 4.09/29.15GB | phase(train/val/raw/train_eval) 0.7/0.4/0.0/0.0s | 1.1s
Epoch 037/060 | loss 3.0954 | cls 1.8372 | tal -0.0663 | dual_g 1.2781 | dual_d 0.8274 | train_acc 0.9583 | train_full n/a | val_acc 0.9245 | val_f1 0.9315 | adv/moduleC 1.00/1.00 | disc_steps 3 | grad(main/disc) 17.636/2.026 | lr(main/disc) 7.00e-05/2.40e-05 | cuda_peak(alloc/resv) 4.09/29.15GB | phase(train/val/raw/train_eval) 0.8/0.4/0.0/0.0s | 1.2s
Epoch 038/060 | loss 2.9329 | cls 1.7564 | tal -0.1723 | dual_g 1.2282 | dual_d 0.8132 | train_acc 0.9479 | train_full n/a | val_acc 0.8876 | val_f1 0.8948 | adv/moduleC 1.00/1.00 | disc_steps 3 | grad(main/disc) 12.987/2.078 | lr(main/disc) 7.00e-05/2.40e-05 | cuda_peak(alloc/resv) 4.09/29.15GB | phase(train/val/raw/train_eval) 0.8/0.4/0.0/0.0s | 1.1s
Epoch 039/060 | loss 2.9778 | cls 1.7582 | tal -0.1065 | dual_g 1.2516 | dual_d 0.7585 | train_acc 0.9375 | train_full n/a | val_acc 0.8876 | val_f1 0.8948 | adv/moduleC 1.00/1.00 | disc_steps 3 | grad(main/disc) 13.065/1.998 | lr(main/disc) 7.00e-05/2.40e-05 | cuda_peak(alloc/resv) 4.09/29.15GB | phase(train/val/raw/train_eval) 0.8/0.4/0.0/0.0s | 1.2s
Epoch 040/060 | loss 3.0135 | cls 1.7951 | tal -0.1572 | dual_g 1.2655 | dual_d 0.7863 | train_acc 0.9375 | train_full 0.9792 | val_acc 0.8876 | val_f1 0.8948 | adv/moduleC 1.00/1.00 | disc_steps 3 | grad(main/disc) 15.163/1.917 | lr(main/disc) 3.50e-05/1.20e-05 | cuda_peak(alloc/resv) 4.09/29.15GB | phase(train/val/raw/train_eval) 0.8/0.4/0.4/0.4s | 2.0s
New best val_f1_macro_present: raw=0.8948 stable_score=0.8948 at epoch 40
Epoch 041/060 | loss 3.0145 | cls 1.8178 | tal -0.1333 | dual_g 1.2367 | dual_d 0.8406 | train_acc 0.9583 | train_full n/a | val_acc 0.8876 | val_f1 0.8948 | adv/moduleC 1.00/1.00 | disc_steps 3 | grad(main/disc) 17.020/2.175 | lr(main/disc) 3.50e-05/1.20e-05 | cuda_peak(alloc/resv) 4.09/29.15GB | phase(train/val/raw/train_eval) 0.8/0.4/0.0/0.0s | 1.2s
Epoch 042/060 | loss 2.8871 | cls 1.7286 | tal -0.1492 | dual_g 1.2033 | dual_d 0.7122 | train_acc 0.9583 | train_full n/a | val_acc 0.8876 | val_f1 0.8948 | adv/moduleC 1.00/1.00 | disc_steps 3 | grad(main/disc) 14.328/1.895 | lr(main/disc) 3.50e-05/1.20e-05 | cuda_peak(alloc/resv) 4.09/29.15GB | phase(train/val/raw/train_eval) 0.8/0.4/0.0/0.0s | 1.2s
Epoch 043/060 | loss 2.8334 | cls 1.6615 | tal -0.0849 | dual_g 1.1973 | dual_d 0.7372 | train_acc 0.9896 | train_full n/a | val_acc 0.8876 | val_f1 0.8948 | adv/moduleC 1.00/1.00 | disc_steps 3 | grad(main/disc) 10.455/1.831 | lr(main/disc) 3.50e-05/1.20e-05 | cuda_peak(alloc/resv) 4.09/29.15GB | phase(train/val/raw/train_eval) 0.8/0.4/0.0/0.0s | 1.2s
Epoch 044/060 | loss 2.8580 | cls 1.7029 | tal -0.1574 | dual_g 1.2023 | dual_d 0.7277 | train_acc 0.9688 | train_full n/a | val_acc 0.8876 | val_f1 0.8948 | adv/moduleC 1.00/1.00 | disc_steps 3 | grad(main/disc) 12.693/1.915 | lr(main/disc) 3.50e-05/1.20e-05 | cuda_peak(alloc/resv) 4.09/29.15GB | phase(train/val/raw/train_eval) 0.9/0.4/0.0/0.0s | 1.3s
Epoch 045/060 | loss 2.8472 | cls 1.7042 | tal -0.1737 | dual_g 1.1952 | dual_d 0.8135 | train_acc 0.9792 | train_full 0.9896 | val_acc 0.8876 | val_f1 0.8948 | adv/moduleC 1.00/1.00 | disc_steps 3 | grad(main/disc) 11.907/1.954 | lr(main/disc) 3.50e-05/1.20e-05 | cuda_peak(alloc/resv) 4.09/29.15GB | phase(train/val/raw/train_eval) 0.8/0.4/0.4/0.4s | 2.0s
Epoch 046/060 | loss 2.8875 | cls 1.7146 | tal -0.1103 | dual_g 1.2060 | dual_d 0.7907 | train_acc 0.9479 | train_full n/a | val_acc 0.9245 | val_f1 0.9315 | adv/moduleC 1.00/1.00 | disc_steps 3 | grad(main/disc) 15.002/1.882 | lr(main/disc) 3.50e-05/1.20e-05 | cuda_peak(alloc/resv) 4.09/29.15GB | phase(train/val/raw/train_eval) 1.0/0.4/0.0/0.0s | 1.4s
Epoch 047/060 | loss 2.7750 | cls 1.6308 | tal -0.1342 | dual_g 1.1844 | dual_d 0.8495 | train_acc 0.9896 | train_full n/a | val_acc 0.9245 | val_f1 0.9315 | adv/moduleC 1.00/1.00 | disc_steps 3 | grad(main/disc) 10.960/1.958 | lr(main/disc) 3.50e-05/1.20e-05 | cuda_peak(alloc/resv) 4.09/29.15GB | phase(train/val/raw/train_eval) 0.9/0.4/0.0/0.0s | 1.3s
Epoch 048/060 | loss 2.7590 | cls 1.6115 | tal -0.1601 | dual_g 1.1956 | dual_d 0.9072 | train_acc 0.9792 | train_full n/a | val_acc 0.9615 | val_f1 0.9673 | adv/moduleC 1.00/1.00 | disc_steps 3 | grad(main/disc) 9.282/2.084 | lr(main/disc) 3.50e-05/1.20e-05 | cuda_peak(alloc/resv) 4.09/29.15GB | phase(train/val/raw/train_eval) 0.7/0.4/0.0/0.0s | 1.1s
Epoch 049/060 | loss 2.8795 | cls 1.7441 | tal -0.1393 | dual_g 1.1772 | dual_d 0.7872 | train_acc 0.9688 | train_full n/a | val_acc 0.9245 | val_f1 0.9315 | adv/moduleC 1.00/1.00 | disc_steps 3 | grad(main/disc) 13.508/2.021 | lr(main/disc) 1.75e-05/6.00e-06 | cuda_peak(alloc/resv) 4.09/29.15GB | phase(train/val/raw/train_eval) 0.7/0.4/0.4/0.0s | 1.5s
New best val_f1_macro_present: raw=0.9315 stable_score=0.9315 at epoch 49
Epoch 050/060 | loss 2.7487 | cls 1.6426 | tal -0.1154 | dual_g 1.1407 | dual_d 0.8223 | train_acc 1.0000 | train_full 1.0000 | val_acc 0.9615 | val_f1 0.9673 | adv/moduleC 1.00/1.00 | disc_steps 3 | grad(main/disc) 11.430/1.929 | lr(main/disc) 1.75e-05/6.00e-06 | cuda_peak(alloc/resv) 4.09/29.15GB | phase(train/val/raw/train_eval) 0.9/0.4/0.4/0.4s | 2.1s
Epoch 051/060 | loss 2.7408 | cls 1.6132 | tal -0.1587 | dual_g 1.1752 | dual_d 0.8532 | train_acc 0.9688 | train_full n/a | val_acc 0.9615 | val_f1 0.9673 | adv/moduleC 1.00/1.00 | disc_steps 3 | grad(main/disc) 8.654/1.983 | lr(main/disc) 1.75e-05/6.00e-06 | cuda_peak(alloc/resv) 4.09/29.15GB | phase(train/val/raw/train_eval) 0.8/0.4/0.0/0.0s | 1.2s
Epoch 052/060 | loss 2.8718 | cls 1.7113 | tal -0.0581 | dual_g 1.1779 | dual_d 0.8289 | train_acc 0.9896 | train_full n/a | val_acc 0.9615 | val_f1 0.9673 | adv/moduleC 1.00/1.00 | disc_steps 3 | grad(main/disc) 12.737/2.017 | lr(main/disc) 1.75e-05/6.00e-06 | cuda_peak(alloc/resv) 4.09/29.15GB | phase(train/val/raw/train_eval) 0.8/0.4/0.0/0.0s | 1.2s
Epoch 053/060 | loss 2.8854 | cls 1.7284 | tal -0.1502 | dual_g 1.2020 | dual_d 0.8195 | train_acc 0.9792 | train_full n/a | val_acc 0.9615 | val_f1 0.9673 | adv/moduleC 1.00/1.00 | disc_steps 3 | grad(main/disc) 13.067/1.986 | lr(main/disc) 1.75e-05/6.00e-06 | cuda_peak(alloc/resv) 4.09/29.15GB | phase(train/val/raw/train_eval) 0.7/0.4/0.4/0.0s | 1.5s
New best val_f1_macro_present: raw=0.9673 stable_score=0.9673 at epoch 53
Epoch 054/060 | loss 2.7233 | cls 1.6115 | tal -0.1454 | dual_g 1.1554 | dual_d 0.7893 | train_acc 0.9896 | train_full n/a | val_acc 0.9615 | val_f1 0.9673 | adv/moduleC 1.00/1.00 | disc_steps 3 | grad(main/disc) 9.406/1.991 | lr(main/disc) 1.75e-05/6.00e-06 | cuda_peak(alloc/resv) 4.09/29.15GB | phase(train/val/raw/train_eval) 1.0/0.4/0.0/0.0s | 1.3s
Epoch 055/060 | loss 2.7323 | cls 1.6229 | tal -0.1151 | dual_g 1.1439 | dual_d 0.8566 | train_acc 1.0000 | train_full 1.0000 | val_acc 0.9615 | val_f1 0.9673 | adv/moduleC 1.00/1.00 | disc_steps 3 | grad(main/disc) 8.992/2.018 | lr(main/disc) 1.75e-05/6.00e-06 | cuda_peak(alloc/resv) 4.09/29.15GB | phase(train/val/raw/train_eval) 0.8/0.4/0.4/0.4s | 2.0s
Epoch 056/060 | loss 2.7381 | cls 1.6278 | tal -0.1716 | dual_g 1.1618 | dual_d 0.8621 | train_acc 1.0000 | train_full n/a | val_acc 0.9615 | val_f1 0.9673 | adv/moduleC 1.00/1.00 | disc_steps 3 | grad(main/disc) 9.711/1.990 | lr(main/disc) 1.75e-05/6.00e-06 | cuda_peak(alloc/resv) 4.09/29.15GB | phase(train/val/raw/train_eval) 0.9/0.4/0.0/0.0s | 1.3s
Epoch 057/060 | loss 2.7967 | cls 1.6597 | tal -0.0852 | dual_g 1.1626 | dual_d 0.8315 | train_acc 0.9792 | train_full n/a | val_acc 0.9615 | val_f1 0.9673 | adv/moduleC 1.00/1.00 | disc_steps 3 | grad(main/disc) 10.397/1.970 | lr(main/disc) 1.75e-05/6.00e-06 | cuda_peak(alloc/resv) 4.09/29.15GB | phase(train/val/raw/train_eval) 0.8/0.4/0.0/0.0s | 1.2s
Epoch 058/060 | loss 2.7938 | cls 1.6784 | tal -0.1361 | dual_g 1.1562 | dual_d 0.8076 | train_acc 1.0000 | train_full n/a | val_acc 0.9615 | val_f1 0.9673 | adv/moduleC 1.00/1.00 | disc_steps 3 | grad(main/disc) 13.294/1.929 | lr(main/disc) 8.75e-06/3.00e-06 | cuda_peak(alloc/resv) 4.09/29.15GB | phase(train/val/raw/train_eval) 0.7/0.4/0.0/0.0s | 1.1s
Epoch 059/060 | loss 2.7311 | cls 1.6276 | tal -0.1724 | dual_g 1.1552 | dual_d 0.7800 | train_acc 0.9688 | train_full n/a | val_acc 0.9615 | val_f1 0.9673 | adv/moduleC 1.00/1.00 | disc_steps 3 | grad(main/disc) 11.103/1.904 | lr(main/disc) 8.75e-06/3.00e-06 | cuda_peak(alloc/resv) 4.09/29.15GB | phase(train/val/raw/train_eval) 0.9/0.4/0.0/0.0s | 1.3s
Epoch 060/060 | loss 2.7630 | cls 1.6587 | tal -0.0932 | dual_g 1.1322 | dual_d 0.8108 | train_acc 0.9583 | train_full 1.0000 | val_acc 0.9615 | val_f1 0.9673 | adv/moduleC 1.00/1.00 | disc_steps 3 | grad(main/disc) 10.092/1.936 | lr(main/disc) 8.75e-06/3.00e-06 | cuda_peak(alloc/resv) 4.09/29.15GB | phase(train/val/raw/train_eval) 0.7/0.4/0.4/0.4s | 1.9s
Training complete. Peak validation accuracy: 0.9615 | selected val_f1_macro_present: 0.9673
