2026-08-26 17:57:15 | Starting Dual_D standalone training
2026-08-26 17:57:15 | Run directory: runs/module_c_ablation_60_v4/module_c_20260826_164328/module_c_no_cycle_逆光_20260826_173642
2026-08-26 17:57:15 | Device: cuda
2026-08-26 17:57:15 | Source train samples: 992
2026-08-26 17:57:15 | Target train samples: 132
2026-08-26 17:57:15 | Target val samples: 37
2026-08-26 17:57:15 | Classes: 14
2026-08-26 17:57:15 | Data audit: same_dir=False | path_overlap(vis/ir/ais)=0/0/0 | content_overlap(vis/ir/ais)=0/0/0 | ais_index_overlap=0 | stem_mismatch(vis-ir/vis-ais)=157/0
2026-08-26 17:57:15 | source_train classes: present 14/14 | absent 0 | counts [0:120, 1:44, 2:69, 3:45, 4:40, 5:30, 6:64, 7:80, 8:116, 9:68, 10:57, 11:83, 12:48, 13:128]
2026-08-26 17:57:15 | target_train classes: present 9/14 | absent 5 | counts [0:20, 2:12, 4:12, 5:2, 9:16, 10:16, 11:29, 12:4, 13:21]
2026-08-26 17:57:15 | target_val classes: present 9/14 | absent 5 | counts [0:6, 2:3, 4:4, 5:1, 9:4, 10:4, 11:8, 12:1, 13:6]
2026-08-26 17:57:15 | Paired training classes: 9/14 | class ids [0, 2, 4, 5, 9, 10, 11, 12, 13]
2026-08-26 17:57:15 | Runtime profile: batch=80 | paired_steps=3 | workers=16 | train_eval_every=5 | raw_eval_every=5 | early_stop=15 after min_epoch=25
2026-08-26 17:57:15 | VIS/IR pairing: class-level-unpaired | count-mismatch classes train/val: 10/1 | AIS alignment: none | AIS rows train/val: 0/0
2026-08-26 17:57:16 | Model parameters: total=17277714 | trainable=17120210
2026-08-26 17:57:21 | Epoch 001/060 | loss 6.1598 | cls 6.1550 | tal 0.0159 | dual_g 0.0000 | dual_d 0.0000 | train_acc 0.0708 | train_full 0.1136 | val_acc 0.1892 | val_f1 0.0605 | adv/moduleC 0.00/0.00 | disc_steps 0 | grad(main/disc) 17.410/0.000 | lr(main/disc) 7.00e-05/3.50e-05 | cuda_peak(alloc/resv) 18.96/24.42GB | phase(train/val/raw/train_eval) 3.1/0.5/0.5/0.7s | 4.9s
2026-08-26 17:57:25 | New best val_f1_macro_present: 0.0605 at epoch 1
2026-08-26 17:57:28 | Epoch 002/060 | loss 5.3218 | cls 5.3010 | tal 0.0694 | dual_g 0.0000 | dual_d 0.0000 | train_acc 0.1875 | train_full n/a | val_acc 0.1622 | val_f1 0.0548 | adv/moduleC 0.00/0.00 | disc_steps 0 | grad(main/disc) 15.557/0.000 | lr(main/disc) 7.00e-05/3.50e-05 | cuda_peak(alloc/resv) 18.96/24.42GB | phase(train/val/raw/train_eval) 2.5/0.5/0.0/0.0s | 3.1s
2026-08-26 17:57:32 | Epoch 003/060 | loss 5.0159 | cls 4.9612 | tal 0.1824 | dual_g 0.0000 | dual_d 0.0000 | train_acc 0.2042 | train_full n/a | val_acc 0.1892 | val_f1 0.0779 | adv/moduleC 0.00/0.00 | disc_steps 0 | grad(main/disc) 13.738/0.000 | lr(main/disc) 7.00e-05/3.50e-05 | cuda_peak(alloc/resv) 18.96/24.42GB | phase(train/val/raw/train_eval) 2.8/0.5/0.6/0.0s | 3.8s
2026-08-26 17:57:36 | New best val_f1_macro_present: 0.0779 at epoch 3
2026-08-26 17:57:40 | Epoch 004/060 | loss 4.4341 | cls 4.4096 | tal 0.0817 | dual_g 0.0000 | dual_d 0.0000 | train_acc 0.2417 | train_full n/a | val_acc 0.2703 | val_f1 0.2243 | adv/moduleC 0.00/0.00 | disc_steps 0 | grad(main/disc) 12.614/0.000 | lr(main/disc) 7.00e-05/3.50e-05 | cuda_peak(alloc/resv) 18.96/24.42GB | phase(train/val/raw/train_eval) 2.6/0.6/0.5/0.0s | 3.7s
2026-08-26 17:57:44 | New best val_f1_macro_present: 0.2243 at epoch 4
2026-08-26 17:57:48 | Epoch 005/060 | loss 4.3838 | cls 4.0948 | tal 0.0712 | dual_g 0.2676 | dual_d 0.0000 | train_acc 0.3083 | train_full 0.2955 | val_acc 0.3243 | val_f1 0.3626 | adv/moduleC 0.00/0.10 | disc_steps 0 | grad(main/disc) 11.695/0.000 | lr(main/disc) 7.00e-05/3.50e-05 | cuda_peak(alloc/resv) 18.96/24.42GB | phase(train/val/raw/train_eval) 2.9/0.6/0.5/0.7s | 4.7s
2026-08-26 17:57:52 | New best val_f1_macro_present: 0.3626 at epoch 5
2026-08-26 17:57:55 | Epoch 006/060 | loss 4.3574 | cls 3.8621 | tal 0.0260 | dual_g 0.4875 | dual_d 0.8160 | train_acc 0.4042 | train_full n/a | val_acc 0.4054 | val_f1 0.3364 | adv/moduleC 0.05/0.20 | disc_steps 1 | grad(main/disc) 11.258/1.717 | lr(main/disc) 7.00e-05/3.50e-05 | cuda_peak(alloc/resv) 18.96/24.42GB | phase(train/val/raw/train_eval) 2.6/0.5/0.0/0.0s | 3.1s
2026-08-26 17:57:59 | Epoch 007/060 | loss 4.4883 | cls 3.7380 | tal 0.0706 | dual_g 0.7291 | dual_d 0.8037 | train_acc 0.3583 | train_full n/a | val_acc 0.4324 | val_f1 0.4567 | adv/moduleC 0.10/0.30 | disc_steps 1 | grad(main/disc) 11.334/1.677 | lr(main/disc) 7.00e-05/3.50e-05 | cuda_peak(alloc/resv) 18.96/24.42GB | phase(train/val/raw/train_eval) 2.7/0.5/0.6/0.0s | 3.7s
2026-08-26 17:58:03 | New best val_f1_macro_present: 0.4567 at epoch 7
2026-08-26 17:58:07 | Epoch 008/060 | loss 4.2472 | cls 3.2961 | tal 0.0759 | dual_g 0.9283 | dual_d 0.8206 | train_acc 0.4625 | train_full n/a | val_acc 0.5405 | val_f1 0.4781 | adv/moduleC 0.15/0.40 | disc_steps 1 | grad(main/disc) 10.447/1.650 | lr(main/disc) 7.00e-05/3.50e-05 | cuda_peak(alloc/resv) 18.96/24.42GB | phase(train/val/raw/train_eval) 2.7/0.5/0.5/0.0s | 3.7s
2026-08-26 17:58:10 | New best val_f1_macro_present: 0.4781 at epoch 8
2026-08-26 17:58:14 | Epoch 009/060 | loss 4.5218 | cls 3.3833 | tal 0.0833 | dual_g 1.1135 | dual_d 0.8445 | train_acc 0.4708 | train_full n/a | val_acc 0.6216 | val_f1 0.5676 | adv/moduleC 0.20/0.50 | disc_steps 1 | grad(main/disc) 10.831/1.649 | lr(main/disc) 7.00e-05/3.50e-05 | cuda_peak(alloc/resv) 18.96/24.42GB | phase(train/val/raw/train_eval) 2.5/0.5/0.6/0.0s | 3.6s
2026-08-26 17:58:18 | New best val_f1_macro_present: 0.5676 at epoch 9
2026-08-26 17:58:22 | Epoch 010/060 | loss 4.3989 | cls 3.0863 | tal 0.0461 | dual_g 1.2988 | dual_d 0.8525 | train_acc 0.5417 | train_full 0.7576 | val_acc 0.7027 | val_f1 0.7580 | adv/moduleC 0.25/0.60 | disc_steps 1 | grad(main/disc) 10.442/1.684 | lr(main/disc) 7.00e-05/3.50e-05 | cuda_peak(alloc/resv) 18.96/24.42GB | phase(train/val/raw/train_eval) 2.7/0.5/0.6/0.7s | 4.6s
2026-08-26 17:58:26 | New best val_f1_macro_present: 0.7580 at epoch 10
2026-08-26 17:58:30 | Epoch 011/060 | loss 4.3791 | cls 2.9575 | tal 0.0158 | dual_g 1.4169 | dual_d 0.8624 | train_acc 0.5000 | train_full n/a | val_acc 0.7838 | val_f1 0.8318 | adv/moduleC 0.30/0.70 | disc_steps 1 | grad(main/disc) 10.663/1.667 | lr(main/disc) 7.00e-05/3.50e-05 | cuda_peak(alloc/resv) 18.96/24.42GB | phase(train/val/raw/train_eval) 3.1/0.5/0.5/0.0s | 4.1s
2026-08-26 17:58:34 | New best val_f1_macro_present: 0.8318 at epoch 11
2026-08-26 17:58:38 | Epoch 012/060 | loss 4.4419 | cls 2.8448 | tal 0.0420 | dual_g 1.5845 | dual_d 0.8409 | train_acc 0.5750 | train_full n/a | val_acc 0.8378 | val_f1 0.8787 | adv/moduleC 0.35/0.80 | disc_steps 1 | grad(main/disc) 11.615/1.603 | lr(main/disc) 7.00e-05/3.50e-05 | cuda_peak(alloc/resv) 18.96/24.42GB | phase(train/val/raw/train_eval) 2.7/0.5/0.5/0.0s | 3.7s
2026-08-26 17:58:42 | New best val_f1_macro_present: 0.8787 at epoch 12
2026-08-26 17:58:46 | Epoch 013/060 | loss 4.4892 | cls 2.7858 | tal 0.0191 | dual_g 1.6977 | dual_d 0.8485 | train_acc 0.5500 | train_full n/a | val_acc 0.8919 | val_f1 0.9088 | adv/moduleC 0.40/0.90 | disc_steps 1 | grad(main/disc) 11.945/1.614 | lr(main/disc) 7.00e-05/3.50e-05 | cuda_peak(alloc/resv) 18.96/24.42GB | phase(train/val/raw/train_eval) 3.0/0.5/0.5/0.0s | 4.0s
2026-08-26 17:58:50 | New best val_f1_macro_present: 0.9088 at epoch 13
2026-08-26 17:58:53 | Epoch 014/060 | loss 4.5487 | cls 2.7099 | tal 0.0041 | dual_g 1.8376 | dual_d 0.8335 | train_acc 0.5833 | train_full n/a | val_acc 0.9459 | val_f1 0.9616 | adv/moduleC 0.45/1.00 | disc_steps 1 | grad(main/disc) 11.770/1.617 | lr(main/disc) 7.00e-05/3.50e-05 | cuda_peak(alloc/resv) 18.96/24.42GB | phase(train/val/raw/train_eval) 2.4/0.6/0.5/0.0s | 3.5s
2026-08-26 17:58:57 | New best val_f1_macro_present: 0.9616 at epoch 14
2026-08-26 17:59:01 | Epoch 015/060 | loss 4.3140 | cls 2.5691 | tal 0.0080 | dual_g 1.7425 | dual_d 0.8030 | train_acc 0.6417 | train_full 0.9318 | val_acc 0.9189 | val_f1 0.9306 | adv/moduleC 0.50/1.00 | disc_steps 1 | grad(main/disc) 12.098/1.589 | lr(main/disc) 7.00e-05/3.50e-05 | cuda_peak(alloc/resv) 18.96/24.42GB | phase(train/val/raw/train_eval) 2.2/0.5/0.5/0.7s | 4.0s
2026-08-26 17:59:04 | Epoch 016/060 | loss 4.1648 | cls 2.5065 | tal 0.0217 | dual_g 1.6517 | dual_d 0.7936 | train_acc 0.7000 | train_full n/a | val_acc 0.8919 | val_f1 0.9136 | adv/moduleC 0.55/1.00 | disc_steps 1 | grad(main/disc) 12.596/1.469 | lr(main/disc) 7.00e-05/3.50e-05 | cuda_peak(alloc/resv) 18.96/24.42GB | phase(train/val/raw/train_eval) 2.7/0.5/0.0/0.0s | 3.2s
2026-08-26 17:59:07 | Epoch 017/060 | loss 4.0317 | cls 2.3897 | tal -0.0256 | dual_g 1.6497 | dual_d 0.8362 | train_acc 0.6750 | train_full n/a | val_acc 0.8919 | val_f1 0.9156 | adv/moduleC 0.60/1.00 | disc_steps 1 | grad(main/disc) 11.738/1.554 | lr(main/disc) 7.00e-05/3.50e-05 | cuda_peak(alloc/resv) 18.96/24.42GB | phase(train/val/raw/train_eval) 2.3/0.5/0.0/0.0s | 2.9s
2026-08-26 17:59:10 | Epoch 018/060 | loss 3.7181 | cls 2.1504 | tal -0.0358 | dual_g 1.5784 | dual_d 0.8091 | train_acc 0.7792 | train_full n/a | val_acc 0.8919 | val_f1 0.9156 | adv/moduleC 0.65/1.00 | disc_steps 1 | grad(main/disc) 10.948/1.526 | lr(main/disc) 7.00e-05/3.50e-05 | cuda_peak(alloc/resv) 18.96/24.42GB | phase(train/val/raw/train_eval) 2.7/0.5/0.0/0.0s | 3.2s
2026-08-26 17:59:14 | Epoch 019/060 | loss 3.7499 | cls 2.2240 | tal -0.0473 | dual_g 1.5401 | dual_d 0.7736 | train_acc 0.7708 | train_full n/a | val_acc 0.9459 | val_f1 0.9616 | adv/moduleC 0.70/1.00 | disc_steps 1 | grad(main/disc) 11.922/1.486 | lr(main/disc) 7.00e-05/3.50e-05 | cuda_peak(alloc/resv) 18.96/24.42GB | phase(train/val/raw/train_eval) 3.0/0.5/0.0/0.0s | 3.5s
2026-08-26 17:59:18 | Epoch 020/060 | loss 3.5854 | cls 2.1425 | tal -0.0992 | dual_g 1.4727 | dual_d 0.8085 | train_acc 0.7833 | train_full 0.9545 | val_acc 0.9459 | val_f1 0.9578 | adv/moduleC 0.75/1.00 | disc_steps 1 | grad(main/disc) 15.140/1.508 | lr(main/disc) 7.00e-05/3.50e-05 | cuda_peak(alloc/resv) 18.96/24.42GB | phase(train/val/raw/train_eval) 2.5/0.5/0.5/0.7s | 4.3s
2026-08-26 17:59:21 | Epoch 021/060 | loss 3.4170 | cls 2.0248 | tal -0.1043 | dual_g 1.4235 | dual_d 0.8467 | train_acc 0.7667 | train_full n/a | val_acc 0.9189 | val_f1 0.9335 | adv/moduleC 0.80/1.00 | disc_steps 1 | grad(main/disc) 10.272/1.514 | lr(main/disc) 3.50e-05/1.75e-05 | cuda_peak(alloc/resv) 18.96/24.42GB | phase(train/val/raw/train_eval) 2.5/0.5/0.0/0.0s | 3.0s
2026-08-26 17:59:25 | Epoch 022/060 | loss 3.3557 | cls 1.9649 | tal -0.0788 | dual_g 1.4144 | dual_d 0.8352 | train_acc 0.8500 | train_full n/a | val_acc 0.9189 | val_f1 0.9335 | adv/moduleC 0.85/1.00 | disc_steps 1 | grad(main/disc) 10.474/1.480 | lr(main/disc) 3.50e-05/1.75e-05 | cuda_peak(alloc/resv) 18.96/24.42GB | phase(train/val/raw/train_eval) 3.0/0.5/0.0/0.0s | 3.6s
2026-08-26 17:59:28 | Epoch 023/060 | loss 3.2571 | cls 1.9378 | tal -0.0785 | dual_g 1.3429 | dual_d 0.7992 | train_acc 0.8542 | train_full n/a | val_acc 0.9459 | val_f1 0.9578 | adv/moduleC 0.90/1.00 | disc_steps 1 | grad(main/disc) 10.359/1.428 | lr(main/disc) 3.50e-05/1.75e-05 | cuda_peak(alloc/resv) 18.96/24.42GB | phase(train/val/raw/train_eval) 2.4/0.5/0.0/0.0s | 2.9s
2026-08-26 17:59:31 | Epoch 024/060 | loss 3.3824 | cls 2.0077 | tal -0.0729 | dual_g 1.3966 | dual_d 0.8330 | train_acc 0.8292 | train_full n/a | val_acc 0.9459 | val_f1 0.9578 | adv/moduleC 0.95/1.00 | disc_steps 1 | grad(main/disc) 13.227/1.458 | lr(main/disc) 3.50e-05/1.75e-05 | cuda_peak(alloc/resv) 18.96/24.42GB | phase(train/val/raw/train_eval) 2.5/0.5/0.0/0.0s | 3.0s
2026-08-26 17:59:35 | Epoch 025/060 | loss 3.2816 | cls 1.9350 | tal -0.0640 | dual_g 1.3658 | dual_d 0.8330 | train_acc 0.8375 | train_full 0.9773 | val_acc 0.9459 | val_f1 0.9578 | adv/moduleC 1.00/1.00 | disc_steps 1 | grad(main/disc) 10.835/1.465 | lr(main/disc) 3.50e-05/1.75e-05 | cuda_peak(alloc/resv) 18.96/24.42GB | phase(train/val/raw/train_eval) 2.5/0.5/0.5/0.7s | 4.3s
2026-08-26 17:59:38 | Epoch 026/060 | loss 3.0904 | cls 1.8070 | tal -0.0722 | dual_g 1.3051 | dual_d 0.8064 | train_acc 0.8542 | train_full n/a | val_acc 0.9459 | val_f1 0.9578 | adv/moduleC 1.00/1.00 | disc_steps 1 | grad(main/disc) 11.505/1.414 | lr(main/disc) 3.50e-05/1.75e-05 | cuda_peak(alloc/resv) 18.96/24.42GB | phase(train/val/raw/train_eval) 2.5/0.5/0.0/0.0s | 3.0s
2026-08-26 17:59:41 | Epoch 027/060 | loss 3.1017 | cls 1.8014 | tal -0.0808 | dual_g 1.3245 | dual_d 0.8221 | train_acc 0.8375 | train_full n/a | val_acc 0.9459 | val_f1 0.9578 | adv/moduleC 1.00/1.00 | disc_steps 1 | grad(main/disc) 10.624/1.397 | lr(main/disc) 3.50e-05/1.75e-05 | cuda_peak(alloc/resv) 18.96/24.42GB | phase(train/val/raw/train_eval) 2.6/0.5/0.0/0.0s | 3.1s
2026-08-26 17:59:44 | Epoch 028/060 | loss 3.0657 | cls 1.8145 | tal -0.0753 | dual_g 1.2738 | dual_d 0.8779 | train_acc 0.8833 | train_full n/a | val_acc 0.9459 | val_f1 0.9578 | adv/moduleC 1.00/1.00 | disc_steps 1 | grad(main/disc) 13.698/1.464 | lr(main/disc) 1.75e-05/8.75e-06 | cuda_peak(alloc/resv) 18.96/24.42GB | phase(train/val/raw/train_eval) 2.3/0.5/0.0/0.0s | 2.8s
2026-08-26 17:59:47 | Epoch 029/060 | loss 3.0464 | cls 1.7786 | tal -0.0213 | dual_g 1.2742 | dual_d 0.8512 | train_acc 0.8458 | train_full n/a | val_acc 0.9459 | val_f1 0.9578 | adv/moduleC 1.00/1.00 | disc_steps 1 | grad(main/disc) 10.431/1.427 | lr(main/disc) 1.75e-05/8.75e-06 | cuda_peak(alloc/resv) 18.96/24.42GB | phase(train/val/raw/train_eval) 2.6/0.5/0.0/0.0s | 3.1s
2026-08-26 17:59:47 | Early stopping at epoch 29 after 15 epochs without val_f1_macro_present improvement.
2026-08-26 17:59:47 | Training complete. Best validation accuracy: 0.9459 | best val_f1_macro_present: 0.9616
