2026-08-26 17:54:09 | Starting Dual_D standalone training
2026-08-26 17:54:09 | Run directory: runs/module_c_ablation_60_v4/module_c_20260826_164328/module_c_no_cycle_逆光_20260826_173642
2026-08-26 17:54:09 | Device: cuda
2026-08-26 17:54:09 | Source train samples: 992
2026-08-26 17:54:09 | Target train samples: 132
2026-08-26 17:54:09 | Target val samples: 37
2026-08-26 17:54:09 | Classes: 14
2026-08-26 17:54:09 | Data audit: same_dir=False | path_overlap(vis/ir/ais)=0/0/0 | content_overlap(vis/ir/ais)=0/0/0 | ais_index_overlap=0 | stem_mismatch(vis-ir/vis-ais)=157/0
2026-08-26 17:54:09 | source_train classes: present 14/14 | absent 0 | counts [0:120, 1:44, 2:69, 3:45, 4:40, 5:30, 6:64, 7:80, 8:116, 9:68, 10:57, 11:83, 12:48, 13:128]
2026-08-26 17:54:09 | target_train classes: present 9/14 | absent 5 | counts [0:20, 2:12, 4:12, 5:2, 9:16, 10:16, 11:29, 12:4, 13:21]
2026-08-26 17:54:09 | target_val classes: present 9/14 | absent 5 | counts [0:6, 2:3, 4:4, 5:1, 9:4, 10:4, 11:8, 12:1, 13:6]
2026-08-26 17:54:09 | Paired training classes: 9/14 | class ids [0, 2, 4, 5, 9, 10, 11, 12, 13]
2026-08-26 17:54:09 | Runtime profile: batch=80 | paired_steps=3 | workers=16 | train_eval_every=5 | raw_eval_every=5 | early_stop=15 after min_epoch=25
2026-08-26 17:54:09 | VIS/IR pairing: class-level-unpaired | count-mismatch classes train/val: 10/1 | AIS alignment: none | AIS rows train/val: 0/0
2026-08-26 17:54:10 | Model parameters: total=17277714 | trainable=17120210
2026-08-26 17:54:15 | Epoch 001/060 | loss 5.8242 | cls 5.8983 | tal -0.2469 | dual_g 0.0000 | dual_d 0.0000 | train_acc 0.0458 | train_full 0.1212 | val_acc 0.1892 | val_f1 0.0997 | adv/moduleC 0.00/0.00 | disc_steps 0 | grad(main/disc) 17.730/0.000 | lr(main/disc) 7.00e-05/3.50e-05 | cuda_peak(alloc/resv) 18.96/24.42GB | phase(train/val/raw/train_eval) 3.2/0.5/0.5/0.7s | 4.9s
2026-08-26 17:54:18 | New best val_f1_macro_present: 0.0997 at epoch 1
2026-08-26 17:54:22 | Epoch 002/060 | loss 5.2948 | cls 5.3120 | tal -0.0574 | dual_g 0.0000 | dual_d 0.0000 | train_acc 0.1125 | train_full n/a | val_acc 0.1622 | val_f1 0.0897 | adv/moduleC 0.00/0.00 | disc_steps 0 | grad(main/disc) 16.385/0.000 | lr(main/disc) 7.00e-05/3.50e-05 | cuda_peak(alloc/resv) 18.96/24.42GB | phase(train/val/raw/train_eval) 3.2/0.5/0.0/0.0s | 3.7s
2026-08-26 17:54:25 | Epoch 003/060 | loss 4.7861 | cls 4.7577 | tal 0.0946 | dual_g 0.0000 | dual_d 0.0000 | train_acc 0.1750 | train_full n/a | val_acc 0.1622 | val_f1 0.1142 | adv/moduleC 0.00/0.00 | disc_steps 0 | grad(main/disc) 13.849/0.000 | lr(main/disc) 7.00e-05/3.50e-05 | cuda_peak(alloc/resv) 18.96/24.42GB | phase(train/val/raw/train_eval) 2.2/0.5/0.5/0.0s | 3.2s
2026-08-26 17:54:29 | New best val_f1_macro_present: 0.1142 at epoch 3
2026-08-26 17:54:32 | Epoch 004/060 | loss 4.3404 | cls 4.3110 | tal 0.0979 | dual_g 0.0000 | dual_d 0.0000 | train_acc 0.2708 | train_full n/a | val_acc 0.1622 | val_f1 0.1155 | adv/moduleC 0.00/0.00 | disc_steps 0 | grad(main/disc) 13.222/0.000 | lr(main/disc) 7.00e-05/3.50e-05 | cuda_peak(alloc/resv) 18.96/24.42GB | phase(train/val/raw/train_eval) 2.5/0.5/0.5/0.0s | 3.5s
2026-08-26 17:54:36 | New best val_f1_macro_present: 0.1155 at epoch 4
2026-08-26 17:54:40 | Epoch 005/060 | loss 4.3331 | cls 4.0569 | tal 0.0392 | dual_g 0.2644 | dual_d 0.0000 | train_acc 0.2833 | train_full 0.2424 | val_acc 0.2973 | val_f1 0.2063 | adv/moduleC 0.00/0.10 | disc_steps 0 | grad(main/disc) 12.439/0.000 | lr(main/disc) 7.00e-05/3.50e-05 | cuda_peak(alloc/resv) 18.96/24.42GB | phase(train/val/raw/train_eval) 2.5/0.5/0.5/0.7s | 4.1s
2026-08-26 17:54:44 | New best val_f1_macro_present: 0.2063 at epoch 5
2026-08-26 17:54:48 | Epoch 006/060 | loss 4.3651 | cls 3.8712 | tal -0.0424 | dual_g 0.5066 | dual_d 0.9132 | train_acc 0.3542 | train_full n/a | val_acc 0.3514 | val_f1 0.2441 | adv/moduleC 0.05/0.20 | disc_steps 1 | grad(main/disc) 11.947/2.032 | lr(main/disc) 7.00e-05/3.50e-05 | cuda_peak(alloc/resv) 18.96/24.42GB | phase(train/val/raw/train_eval) 2.8/0.5/0.5/0.0s | 3.8s
2026-08-26 17:54:52 | New best val_f1_macro_present: 0.2441 at epoch 6
2026-08-26 17:54:56 | Epoch 007/060 | loss 4.2734 | cls 3.5535 | tal -0.0152 | dual_g 0.7245 | dual_d 0.8467 | train_acc 0.3583 | train_full n/a | val_acc 0.4595 | val_f1 0.4941 | adv/moduleC 0.10/0.30 | disc_steps 1 | grad(main/disc) 11.600/1.891 | lr(main/disc) 7.00e-05/3.50e-05 | cuda_peak(alloc/resv) 18.96/24.42GB | phase(train/val/raw/train_eval) 2.8/0.5/0.5/0.0s | 3.8s
2026-08-26 17:54:59 | New best val_f1_macro_present: 0.4941 at epoch 7
2026-08-26 17:55:03 | Epoch 008/060 | loss 4.5461 | cls 3.5996 | tal 0.0753 | dual_g 0.9239 | dual_d 0.8410 | train_acc 0.4292 | train_full n/a | val_acc 0.6486 | val_f1 0.7357 | adv/moduleC 0.15/0.40 | disc_steps 1 | grad(main/disc) 11.709/1.799 | lr(main/disc) 7.00e-05/3.50e-05 | cuda_peak(alloc/resv) 18.96/24.42GB | phase(train/val/raw/train_eval) 3.1/0.5/0.5/0.0s | 4.1s
2026-08-26 17:55:07 | New best val_f1_macro_present: 0.7357 at epoch 8
2026-08-26 17:55:11 | Epoch 009/060 | loss 4.5427 | cls 3.3911 | tal 0.0754 | dual_g 1.1289 | dual_d 0.8354 | train_acc 0.4750 | train_full n/a | val_acc 0.7568 | val_f1 0.8120 | adv/moduleC 0.20/0.50 | disc_steps 1 | grad(main/disc) 11.542/1.796 | lr(main/disc) 7.00e-05/3.50e-05 | cuda_peak(alloc/resv) 18.96/24.42GB | phase(train/val/raw/train_eval) 2.5/0.5/0.5/0.0s | 3.5s
2026-08-26 17:55:14 | New best val_f1_macro_present: 0.8120 at epoch 9
2026-08-26 17:55:18 | Epoch 010/060 | loss 4.6208 | cls 3.2973 | tal 0.1590 | dual_g 1.2758 | dual_d 0.7960 | train_acc 0.4667 | train_full 0.8561 | val_acc 0.8919 | val_f1 0.9145 | adv/moduleC 0.25/0.60 | disc_steps 1 | grad(main/disc) 11.771/1.648 | lr(main/disc) 7.00e-05/3.50e-05 | cuda_peak(alloc/resv) 18.96/24.42GB | phase(train/val/raw/train_eval) 2.2/0.5/0.5/0.7s | 3.8s
2026-08-26 17:55:22 | New best val_f1_macro_present: 0.9145 at epoch 10
2026-08-26 17:55:26 | Epoch 011/060 | loss 4.5667 | cls 3.0293 | tal 0.2450 | dual_g 1.4639 | dual_d 0.8406 | train_acc 0.5417 | train_full n/a | val_acc 0.8919 | val_f1 0.9238 | adv/moduleC 0.30/0.70 | disc_steps 1 | grad(main/disc) 11.850/1.719 | lr(main/disc) 7.00e-05/3.50e-05 | cuda_peak(alloc/resv) 18.96/24.42GB | phase(train/val/raw/train_eval) 3.0/0.5/0.5/0.0s | 3.9s
2026-08-26 17:55:30 | New best val_f1_macro_present: 0.9238 at epoch 11
2026-08-26 17:55:33 | Epoch 012/060 | loss 4.6247 | cls 2.9421 | tal 0.1767 | dual_g 1.6295 | dual_d 0.7159 | train_acc 0.5875 | train_full n/a | val_acc 0.8919 | val_f1 0.9238 | adv/moduleC 0.35/0.80 | disc_steps 1 | grad(main/disc) 11.388/1.497 | lr(main/disc) 7.00e-05/3.50e-05 | cuda_peak(alloc/resv) 18.96/24.42GB | phase(train/val/raw/train_eval) 2.3/0.5/0.0/0.0s | 2.8s
2026-08-26 17:55:36 | Epoch 013/060 | loss 4.4959 | cls 2.7274 | tal 0.0986 | dual_g 1.7390 | dual_d 0.7845 | train_acc 0.5667 | train_full n/a | val_acc 0.9459 | val_f1 0.9556 | adv/moduleC 0.40/0.90 | disc_steps 1 | grad(main/disc) 12.404/1.596 | lr(main/disc) 7.00e-05/3.50e-05 | cuda_peak(alloc/resv) 18.96/24.42GB | phase(train/val/raw/train_eval) 2.4/0.5/0.5/0.0s | 3.3s
2026-08-26 17:55:40 | New best val_f1_macro_present: 0.9556 at epoch 13
2026-08-26 17:55:43 | Epoch 014/060 | loss 4.6577 | cls 2.7369 | tal 0.0316 | dual_g 1.9114 | dual_d 0.7369 | train_acc 0.5792 | train_full n/a | val_acc 0.9189 | val_f1 0.9358 | adv/moduleC 0.45/1.00 | disc_steps 1 | grad(main/disc) 12.902/1.573 | lr(main/disc) 7.00e-05/3.50e-05 | cuda_peak(alloc/resv) 18.96/24.42GB | phase(train/val/raw/train_eval) 2.5/0.5/0.0/0.0s | 3.0s
2026-08-26 17:55:47 | Epoch 015/060 | loss 4.3621 | cls 2.5691 | tal 0.1250 | dual_g 1.7555 | dual_d 0.8173 | train_acc 0.6708 | train_full 0.9394 | val_acc 0.8919 | val_f1 0.9052 | adv/moduleC 0.50/1.00 | disc_steps 1 | grad(main/disc) 11.996/1.666 | lr(main/disc) 7.00e-05/3.50e-05 | cuda_peak(alloc/resv) 18.96/24.42GB | phase(train/val/raw/train_eval) 2.5/0.5/0.5/0.7s | 4.1s
2026-08-26 17:55:50 | Epoch 016/060 | loss 4.1936 | cls 2.4380 | tal 0.0860 | dual_g 1.7298 | dual_d 0.8221 | train_acc 0.6667 | train_full n/a | val_acc 0.9459 | val_f1 0.9578 | adv/moduleC 0.55/1.00 | disc_steps 1 | grad(main/disc) 12.335/1.603 | lr(main/disc) 7.00e-05/3.50e-05 | cuda_peak(alloc/resv) 18.96/24.42GB | phase(train/val/raw/train_eval) 2.3/0.5/0.5/0.0s | 3.3s
2026-08-26 17:55:54 | New best val_f1_macro_present: 0.9578 at epoch 16
2026-08-26 17:55:57 | Epoch 017/060 | loss 4.0436 | cls 2.3829 | tal 0.1037 | dual_g 1.6297 | dual_d 0.8305 | train_acc 0.7292 | train_full n/a | val_acc 0.9459 | val_f1 0.9578 | adv/moduleC 0.60/1.00 | disc_steps 1 | grad(main/disc) 11.007/1.641 | lr(main/disc) 7.00e-05/3.50e-05 | cuda_peak(alloc/resv) 18.96/24.42GB | phase(train/val/raw/train_eval) 2.5/0.5/0.0/0.0s | 3.0s
2026-08-26 17:56:00 | Epoch 018/060 | loss 3.9016 | cls 2.3007 | tal 0.0557 | dual_g 1.5841 | dual_d 0.8277 | train_acc 0.7708 | train_full n/a | val_acc 0.9189 | val_f1 0.9299 | adv/moduleC 0.65/1.00 | disc_steps 1 | grad(main/disc) 10.961/1.643 | lr(main/disc) 7.00e-05/3.50e-05 | cuda_peak(alloc/resv) 18.96/24.42GB | phase(train/val/raw/train_eval) 2.6/0.5/0.0/0.0s | 3.1s
2026-08-26 17:56:03 | Epoch 019/060 | loss 3.9562 | cls 2.3051 | tal 0.1189 | dual_g 1.6154 | dual_d 0.7696 | train_acc 0.6750 | train_full n/a | val_acc 0.9189 | val_f1 0.9303 | adv/moduleC 0.70/1.00 | disc_steps 1 | grad(main/disc) 12.418/1.517 | lr(main/disc) 7.00e-05/3.50e-05 | cuda_peak(alloc/resv) 18.96/24.42GB | phase(train/val/raw/train_eval) 2.6/0.5/0.0/0.0s | 3.1s
2026-08-26 17:56:08 | Epoch 020/060 | loss 3.7379 | cls 2.1730 | tal 0.0390 | dual_g 1.5532 | dual_d 0.8188 | train_acc 0.7500 | train_full 0.9470 | val_acc 0.9189 | val_f1 0.9261 | adv/moduleC 0.75/1.00 | disc_steps 1 | grad(main/disc) 11.842/1.474 | lr(main/disc) 7.00e-05/3.50e-05 | cuda_peak(alloc/resv) 18.96/24.42GB | phase(train/val/raw/train_eval) 2.8/0.5/0.5/0.7s | 4.5s
2026-08-26 17:56:10 | Epoch 021/060 | loss 3.8450 | cls 2.2422 | tal 0.0689 | dual_g 1.5822 | dual_d 0.7993 | train_acc 0.7292 | train_full n/a | val_acc 0.9189 | val_f1 0.9261 | adv/moduleC 0.80/1.00 | disc_steps 1 | grad(main/disc) 12.827/1.423 | lr(main/disc) 7.00e-05/3.50e-05 | cuda_peak(alloc/resv) 18.96/24.42GB | phase(train/val/raw/train_eval) 2.4/0.5/0.0/0.0s | 2.8s
2026-08-26 17:56:14 | Epoch 022/060 | loss 3.3919 | cls 1.9520 | tal 0.1077 | dual_g 1.4076 | dual_d 0.7980 | train_acc 0.8167 | train_full n/a | val_acc 0.9189 | val_f1 0.9261 | adv/moduleC 0.85/1.00 | disc_steps 1 | grad(main/disc) 10.049/1.473 | lr(main/disc) 7.00e-05/3.50e-05 | cuda_peak(alloc/resv) 18.96/24.42GB | phase(train/val/raw/train_eval) 2.8/0.5/0.0/0.0s | 3.3s
2026-08-26 17:56:17 | Epoch 023/060 | loss 3.4395 | cls 1.9582 | tal 0.0563 | dual_g 1.4645 | dual_d 0.7789 | train_acc 0.8292 | train_full n/a | val_acc 0.9189 | val_f1 0.9261 | adv/moduleC 0.90/1.00 | disc_steps 1 | grad(main/disc) 12.631/1.455 | lr(main/disc) 3.50e-05/1.75e-05 | cuda_peak(alloc/resv) 18.96/24.42GB | phase(train/val/raw/train_eval) 2.7/0.5/0.0/0.0s | 3.1s
2026-08-26 17:56:21 | Epoch 024/060 | loss 3.2663 | cls 1.8721 | tal 0.0230 | dual_g 1.3873 | dual_d 0.7911 | train_acc 0.8542 | train_full n/a | val_acc 1.0000 | val_f1 1.0000 | adv/moduleC 0.95/1.00 | disc_steps 1 | grad(main/disc) 11.446/1.422 | lr(main/disc) 3.50e-05/1.75e-05 | cuda_peak(alloc/resv) 18.96/24.42GB | phase(train/val/raw/train_eval) 3.1/0.5/0.5/0.0s | 4.1s
2026-08-26 17:56:25 | New best val_f1_macro_present: 1.0000 at epoch 24
2026-08-26 17:56:29 | Epoch 025/060 | loss 3.2665 | cls 1.8837 | tal 0.0008 | dual_g 1.3825 | dual_d 0.8182 | train_acc 0.8250 | train_full 0.9848 | val_acc 0.9730 | val_f1 0.9802 | adv/moduleC 1.00/1.00 | disc_steps 1 | grad(main/disc) 11.439/1.472 | lr(main/disc) 3.50e-05/1.75e-05 | cuda_peak(alloc/resv) 18.96/24.42GB | phase(train/val/raw/train_eval) 2.7/0.5/0.5/0.7s | 4.4s
2026-08-26 17:56:32 | Epoch 026/060 | loss 3.2503 | cls 1.8825 | tal 0.0968 | dual_g 1.3387 | dual_d 0.8213 | train_acc 0.8250 | train_full n/a | val_acc 0.9189 | val_f1 0.9265 | adv/moduleC 1.00/1.00 | disc_steps 1 | grad(main/disc) 14.317/1.449 | lr(main/disc) 3.50e-05/1.75e-05 | cuda_peak(alloc/resv) 18.96/24.42GB | phase(train/val/raw/train_eval) 2.8/0.5/0.0/0.0s | 3.3s
2026-08-26 17:56:35 | Epoch 027/060 | loss 3.2249 | cls 1.8430 | tal 0.0824 | dual_g 1.3572 | dual_d 0.7978 | train_acc 0.8208 | train_full n/a | val_acc 0.9459 | val_f1 0.9578 | adv/moduleC 1.00/1.00 | disc_steps 1 | grad(main/disc) 10.100/1.427 | lr(main/disc) 3.50e-05/1.75e-05 | cuda_peak(alloc/resv) 18.96/24.42GB | phase(train/val/raw/train_eval) 2.3/0.5/0.0/0.0s | 2.8s
2026-08-26 17:56:38 | Epoch 028/060 | loss 3.2347 | cls 1.8810 | tal 0.0589 | dual_g 1.3360 | dual_d 0.7723 | train_acc 0.8333 | train_full n/a | val_acc 0.9459 | val_f1 0.9578 | adv/moduleC 1.00/1.00 | disc_steps 1 | grad(main/disc) 14.016/1.453 | lr(main/disc) 3.50e-05/1.75e-05 | cuda_peak(alloc/resv) 18.96/24.42GB | phase(train/val/raw/train_eval) 2.6/0.5/0.0/0.0s | 3.0s
2026-08-26 17:56:42 | Epoch 029/060 | loss 3.1437 | cls 1.8396 | tal 0.0244 | dual_g 1.2968 | dual_d 0.8464 | train_acc 0.8583 | train_full n/a | val_acc 0.9189 | val_f1 0.9265 | adv/moduleC 1.00/1.00 | disc_steps 1 | grad(main/disc) 10.414/1.546 | lr(main/disc) 3.50e-05/1.75e-05 | cuda_peak(alloc/resv) 18.96/24.42GB | phase(train/val/raw/train_eval) 3.0/0.5/0.0/0.0s | 3.5s
2026-08-26 17:56:46 | Epoch 030/060 | loss 3.0311 | cls 1.7478 | tal 0.0250 | dual_g 1.2758 | dual_d 0.8010 | train_acc 0.8625 | train_full 0.9848 | val_acc 0.9189 | val_f1 0.9265 | adv/moduleC 1.00/1.00 | disc_steps 1 | grad(main/disc) 9.871/1.392 | lr(main/disc) 3.50e-05/1.75e-05 | cuda_peak(alloc/resv) 18.96/24.42GB | phase(train/val/raw/train_eval) 2.8/0.5/0.5/0.7s | 4.4s
2026-08-26 17:56:49 | Epoch 031/060 | loss 3.1809 | cls 1.8183 | tal 0.0436 | dual_g 1.3495 | dual_d 0.8217 | train_acc 0.8542 | train_full n/a | val_acc 0.9459 | val_f1 0.9578 | adv/moduleC 1.00/1.00 | disc_steps 1 | grad(main/disc) 10.590/1.413 | lr(main/disc) 1.75e-05/8.75e-06 | cuda_peak(alloc/resv) 18.96/24.42GB | phase(train/val/raw/train_eval) 2.7/0.5/0.0/0.0s | 3.2s
2026-08-26 17:56:52 | Epoch 032/060 | loss 3.0758 | cls 1.7931 | tal 0.0299 | dual_g 1.2737 | dual_d 0.8790 | train_acc 0.8500 | train_full n/a | val_acc 0.9730 | val_f1 0.9802 | adv/moduleC 1.00/1.00 | disc_steps 1 | grad(main/disc) 11.230/1.519 | lr(main/disc) 1.75e-05/8.75e-06 | cuda_peak(alloc/resv) 18.96/24.42GB | phase(train/val/raw/train_eval) 2.7/0.5/0.0/0.0s | 3.2s
2026-08-26 17:56:55 | Epoch 033/060 | loss 2.9724 | cls 1.6982 | tal 0.0719 | dual_g 1.2526 | dual_d 0.7481 | train_acc 0.8792 | train_full n/a | val_acc 0.9730 | val_f1 0.9802 | adv/moduleC 1.00/1.00 | disc_steps 1 | grad(main/disc) 11.386/1.319 | lr(main/disc) 1.75e-05/8.75e-06 | cuda_peak(alloc/resv) 18.96/24.42GB | phase(train/val/raw/train_eval) 2.2/0.5/0.0/0.0s | 2.7s
2026-08-26 17:56:58 | Epoch 034/060 | loss 3.0039 | cls 1.7343 | tal 0.0138 | dual_g 1.2654 | dual_d 0.8383 | train_acc 0.8458 | train_full n/a | val_acc 0.9730 | val_f1 0.9802 | adv/moduleC 1.00/1.00 | disc_steps 1 | grad(main/disc) 10.357/1.438 | lr(main/disc) 1.75e-05/8.75e-06 | cuda_peak(alloc/resv) 18.96/24.42GB | phase(train/val/raw/train_eval) 2.6/0.5/0.0/0.0s | 3.1s
2026-08-26 17:57:03 | Epoch 035/060 | loss 2.9753 | cls 1.7216 | tal 0.0646 | dual_g 1.2343 | dual_d 0.8588 | train_acc 0.9042 | train_full 0.9848 | val_acc 0.9730 | val_f1 0.9802 | adv/moduleC 1.00/1.00 | disc_steps 1 | grad(main/disc) 10.584/1.486 | lr(main/disc) 1.75e-05/8.75e-06 | cuda_peak(alloc/resv) 18.96/24.42GB | phase(train/val/raw/train_eval) 2.6/0.5/0.5/0.7s | 4.3s
2026-08-26 17:57:06 | Epoch 036/060 | loss 2.9880 | cls 1.7161 | tal 0.0351 | dual_g 1.2614 | dual_d 0.8161 | train_acc 0.8750 | train_full n/a | val_acc 0.9459 | val_f1 0.9578 | adv/moduleC 1.00/1.00 | disc_steps 1 | grad(main/disc) 10.810/1.365 | lr(main/disc) 1.75e-05/8.75e-06 | cuda_peak(alloc/resv) 18.96/24.42GB | phase(train/val/raw/train_eval) 2.6/0.5/0.0/0.0s | 3.1s
2026-08-26 17:57:09 | Epoch 037/060 | loss 2.8799 | cls 1.6805 | tal 0.0240 | dual_g 1.1922 | dual_d 0.8486 | train_acc 0.9083 | train_full n/a | val_acc 0.9459 | val_f1 0.9578 | adv/moduleC 1.00/1.00 | disc_steps 1 | grad(main/disc) 8.920/1.432 | lr(main/disc) 1.75e-05/8.75e-06 | cuda_peak(alloc/resv) 18.96/24.42GB | phase(train/val/raw/train_eval) 2.6/0.5/0.0/0.0s | 3.1s
2026-08-26 17:57:12 | Epoch 038/060 | loss 2.9098 | cls 1.6836 | tal 0.0169 | dual_g 1.2212 | dual_d 0.8652 | train_acc 0.8750 | train_full n/a | val_acc 0.9459 | val_f1 0.9578 | adv/moduleC 1.00/1.00 | disc_steps 1 | grad(main/disc) 9.823/1.386 | lr(main/disc) 8.75e-06/4.37e-06 | cuda_peak(alloc/resv) 18.96/24.42GB | phase(train/val/raw/train_eval) 2.6/0.5/0.0/0.0s | 3.1s
2026-08-26 17:57:15 | Epoch 039/060 | loss 2.8446 | cls 1.6298 | tal 0.0408 | dual_g 1.2026 | dual_d 0.8399 | train_acc 0.8875 | train_full n/a | val_acc 0.9459 | val_f1 0.9578 | adv/moduleC 1.00/1.00 | disc_steps 1 | grad(main/disc) 9.530/1.480 | lr(main/disc) 8.75e-06/4.37e-06 | cuda_peak(alloc/resv) 18.96/24.42GB | phase(train/val/raw/train_eval) 2.9/0.6/0.0/0.0s | 3.4s
2026-08-26 17:57:15 | Early stopping at epoch 39 after 15 epochs without val_f1_macro_present improvement.
2026-08-26 17:57:15 | Training complete. Best validation accuracy: 1.0000 | best val_f1_macro_present: 1.0000
