2026-08-30 03:48:31 | Starting Dual_D standalone training
2026-08-30 03:48:31 | Run directory: runs/module_c_ablation_60_v9/module_c_20260830_023711/module_c_no_paired_contrastive_逆光_20260830_033814
2026-08-30 03:48:31 | Device: cuda
2026-08-30 03:48:31 | Source train samples: 992
2026-08-30 03:48:31 | Target train samples: 132
2026-08-30 03:48:31 | Target val samples: 37
2026-08-30 03:48:31 | Classes: 14
2026-08-30 03:48:32 | Data audit: same_dir=False | path_overlap(vis/ir/ais)=0/0/0 | content_overlap(vis/ir/ais)=0/0/0 | ais_index_overlap=0 | stem_mismatch(vis-ir/vis-ais)=157/0
2026-08-30 03:48:32 | source_train classes: present 14/14 | absent 0 | counts [0:120, 1:44, 2:69, 3:45, 4:40, 5:30, 6:64, 7:80, 8:116, 9:68, 10:57, 11:83, 12:48, 13:128]
2026-08-30 03:48:32 | target_train classes: present 9/14 | absent 5 | counts [0:20, 2:12, 4:12, 5:2, 9:16, 10:16, 11:29, 12:4, 13:21]
2026-08-30 03:48:32 | target_val classes: present 9/14 | absent 5 | counts [0:6, 2:3, 4:4, 5:1, 9:4, 10:4, 11:8, 12:1, 13:6]
2026-08-30 03:48:32 | Paired training classes: 9/14 | class ids [0, 2, 4, 5, 9, 10, 11, 12, 13]
2026-08-30 03:48:32 | Runtime profile: batch=16 | paired_steps=9 | workers=16 | train_eval_every=5 | raw_eval_every=5 | stability_window=3 | lr_scheduler_start=24 | early_stop=12 after min_epoch=35
2026-08-30 03:48:32 | Augmentation profile: base=0.650 | visible=0.700 | infrared=0.400 | freeze_frozen_batch_norm_stats=True
2026-08-30 03:48:32 | VIS/IR pairing: class-level-unpaired | count-mismatch classes train/val: 10/1 | AIS alignment: none | AIS rows train/val: 0/0
2026-08-30 03:48:32 | Effective Dual-D loss weights: {"adv_auxiliary": 0.025, "adv_primary": 0.025, "classification": 0.15, "contrastive": 0.0, "cycle": 0.12, "identity": 0.03, "prototype_contrastive": 0.06}
2026-08-30 03:48:32 | Model parameters: total=17277714 | trainable=17120210
2026-08-30 03:48:35 | Epoch 001/060 | loss 5.8640 | cls 5.9348 | tal -0.2357 | dual_g 0.0000 | dual_d 0.0000 | train_acc 0.0694 | train_full 0.0076 | val_acc 0.0270 | val_f1 0.0278 | adv/moduleC 0.00/0.00 | disc_steps 0 | grad(main/disc) 32.710/0.000 | lr(main/disc) 7.00e-05/2.75e-05 | cuda_peak(alloc/resv) 4.09/5.12GB | phase(train/val/raw/train_eval) 1.2/0.4/0.4/0.5s | 2.5s
2026-08-30 03:48:37 | Epoch 002/060 | loss 4.8307 | cls 4.9087 | tal -0.2599 | dual_g 0.0000 | dual_d 0.0000 | train_acc 0.1944 | train_full n/a | val_acc 0.2973 | val_f1 0.2765 | adv/moduleC 0.00/0.00 | disc_steps 0 | grad(main/disc) 26.752/0.000 | lr(main/disc) 7.00e-05/2.75e-05 | cuda_peak(alloc/resv) 4.09/5.12GB | phase(train/val/raw/train_eval) 1.1/0.4/0.0/0.0s | 1.5s
2026-08-30 03:48:38 | Epoch 003/060 | loss 4.3406 | cls 4.4096 | tal -0.2299 | dual_g 0.0000 | dual_d 0.0000 | train_acc 0.2222 | train_full n/a | val_acc 0.3784 | val_f1 0.3832 | adv/moduleC 0.00/0.00 | disc_steps 0 | grad(main/disc) 24.144/0.000 | lr(main/disc) 7.00e-05/2.75e-05 | cuda_peak(alloc/resv) 4.09/5.12GB | phase(train/val/raw/train_eval) 1.0/0.4/0.4/0.0s | 1.9s
2026-08-30 03:48:41 | New best val_f1_macro_present: raw=0.3832 stable_score=0.0278 at epoch 3
2026-08-30 03:48:42 | Epoch 004/060 | loss 4.0300 | cls 4.0849 | tal -0.1830 | dual_g 0.0000 | dual_d 0.0000 | train_acc 0.2639 | train_full n/a | val_acc 0.4595 | val_f1 0.5436 | adv/moduleC 0.00/0.00 | disc_steps 0 | grad(main/disc) 23.252/0.000 | lr(main/disc) 7.00e-05/2.75e-05 | cuda_peak(alloc/resv) 4.09/5.12GB | phase(train/val/raw/train_eval) 1.0/0.4/0.4/0.0s | 1.8s
2026-08-30 03:48:44 | New best val_f1_macro_present: raw=0.5436 stable_score=0.2765 at epoch 4
2026-08-30 03:48:47 | Epoch 005/060 | loss 3.6876 | cls 3.6919 | tal -0.2808 | dual_g 0.0799 | dual_d 0.0000 | train_acc 0.3681 | train_full 0.7045 | val_acc 0.6216 | val_f1 0.6262 | adv/moduleC 0.00/0.10 | disc_steps 0 | grad(main/disc) 22.898/0.000 | lr(main/disc) 7.00e-05/2.75e-05 | cuda_peak(alloc/resv) 4.09/5.12GB | phase(train/val/raw/train_eval) 1.1/0.4/0.4/0.5s | 2.4s
2026-08-30 03:48:49 | New best val_f1_macro_present: raw=0.6262 stable_score=0.3832 at epoch 5
2026-08-30 03:48:51 | Epoch 006/060 | loss 3.4924 | cls 3.4126 | tal -0.2581 | dual_g 0.1573 | dual_d 0.0000 | train_acc 0.4514 | train_full n/a | val_acc 0.7297 | val_f1 0.7400 | adv/moduleC 0.00/0.20 | disc_steps 0 | grad(main/disc) 21.121/0.000 | lr(main/disc) 7.00e-05/2.75e-05 | cuda_peak(alloc/resv) 4.09/5.12GB | phase(train/val/raw/train_eval) 1.1/0.4/0.4/0.0s | 1.9s
2026-08-30 03:48:53 | New best val_f1_macro_present: raw=0.7400 stable_score=0.5436 at epoch 6
2026-08-30 03:48:55 | Epoch 007/060 | loss 3.3881 | cls 3.2168 | tal -0.2058 | dual_g 0.2330 | dual_d 0.7869 | train_acc 0.4861 | train_full n/a | val_acc 0.7568 | val_f1 0.7610 | adv/moduleC 0.07/0.30 | disc_steps 4 | grad(main/disc) 21.362/2.235 | lr(main/disc) 7.00e-05/2.75e-05 | cuda_peak(alloc/resv) 4.09/5.12GB | phase(train/val/raw/train_eval) 1.2/0.4/0.4/0.0s | 2.0s
2026-08-30 03:48:57 | New best val_f1_macro_present: raw=0.7610 stable_score=0.6262 at epoch 7
2026-08-30 03:48:59 | Epoch 008/060 | loss 3.2007 | cls 2.9716 | tal -0.1944 | dual_g 0.2875 | dual_d 0.7369 | train_acc 0.5208 | train_full n/a | val_acc 0.6486 | val_f1 0.6699 | adv/moduleC 0.14/0.40 | disc_steps 4 | grad(main/disc) 19.666/2.093 | lr(main/disc) 7.00e-05/2.75e-05 | cuda_peak(alloc/resv) 4.09/5.12GB | phase(train/val/raw/train_eval) 1.1/0.4/0.4/0.0s | 1.9s
2026-08-30 03:49:01 | New best val_f1_macro_present: raw=0.6699 stable_score=0.6699 at epoch 8
2026-08-30 03:49:03 | Epoch 009/060 | loss 3.0092 | cls 2.7421 | tal -0.2415 | dual_g 0.3396 | dual_d 0.7613 | train_acc 0.6250 | train_full n/a | val_acc 0.7568 | val_f1 0.7642 | adv/moduleC 0.21/0.50 | disc_steps 4 | grad(main/disc) 19.257/2.024 | lr(main/disc) 7.00e-05/2.75e-05 | cuda_peak(alloc/resv) 4.09/5.12GB | phase(train/val/raw/train_eval) 1.0/0.4/0.0/0.0s | 1.4s
2026-08-30 03:49:05 | Epoch 010/060 | loss 3.1397 | cls 2.8242 | tal -0.2441 | dual_g 0.3887 | dual_d 0.7386 | train_acc 0.5972 | train_full 0.8409 | val_acc 0.7838 | val_f1 0.7885 | adv/moduleC 0.29/0.60 | disc_steps 4 | grad(main/disc) 20.389/2.014 | lr(main/disc) 7.00e-05/2.75e-05 | cuda_peak(alloc/resv) 4.09/5.12GB | phase(train/val/raw/train_eval) 1.2/0.4/0.4/0.5s | 2.5s
2026-08-30 03:49:07 | Epoch 011/060 | loss 2.8081 | cls 2.4336 | tal -0.2407 | dual_g 0.4467 | dual_d 0.6963 | train_acc 0.6597 | train_full n/a | val_acc 0.8378 | val_f1 0.8601 | adv/moduleC 0.36/0.70 | disc_steps 4 | grad(main/disc) 18.404/1.894 | lr(main/disc) 7.00e-05/2.75e-05 | cuda_peak(alloc/resv) 4.09/5.12GB | phase(train/val/raw/train_eval) 1.0/0.4/0.4/0.0s | 1.8s
2026-08-30 03:49:09 | New best val_f1_macro_present: raw=0.8601 stable_score=0.7642 at epoch 11
2026-08-30 03:49:11 | Epoch 012/060 | loss 2.8870 | cls 2.4888 | tal -0.3265 | dual_g 0.4962 | dual_d 0.7466 | train_acc 0.6319 | train_full n/a | val_acc 0.7838 | val_f1 0.8166 | adv/moduleC 0.43/0.80 | disc_steps 4 | grad(main/disc) 19.102/2.016 | lr(main/disc) 7.00e-05/2.75e-05 | cuda_peak(alloc/resv) 4.09/5.12GB | phase(train/val/raw/train_eval) 1.1/0.4/0.4/0.0s | 1.9s
2026-08-30 03:49:13 | New best val_f1_macro_present: raw=0.8166 stable_score=0.7885 at epoch 12
2026-08-30 03:49:15 | Epoch 013/060 | loss 2.7541 | cls 2.3054 | tal -0.2406 | dual_g 0.5209 | dual_d 0.7940 | train_acc 0.7014 | train_full n/a | val_acc 0.8649 | val_f1 0.8885 | adv/moduleC 0.50/0.90 | disc_steps 4 | grad(main/disc) 18.211/1.989 | lr(main/disc) 7.00e-05/2.75e-05 | cuda_peak(alloc/resv) 4.09/5.12GB | phase(train/val/raw/train_eval) 1.2/0.4/0.4/0.0s | 2.1s
2026-08-30 03:49:17 | New best val_f1_macro_present: raw=0.8885 stable_score=0.8166 at epoch 13
2026-08-30 03:49:19 | Epoch 014/060 | loss 2.8668 | cls 2.3450 | tal -0.2347 | dual_g 0.5922 | dual_d 0.8287 | train_acc 0.6736 | train_full n/a | val_acc 0.8108 | val_f1 0.8263 | adv/moduleC 0.57/1.00 | disc_steps 4 | grad(main/disc) 19.247/2.041 | lr(main/disc) 7.00e-05/2.75e-05 | cuda_peak(alloc/resv) 4.09/5.12GB | phase(train/val/raw/train_eval) 1.0/0.4/0.0/0.0s | 1.4s
2026-08-30 03:49:21 | Epoch 015/060 | loss 2.7982 | cls 2.2820 | tal -0.2360 | dual_g 0.5870 | dual_d 0.7634 | train_acc 0.7153 | train_full 0.8712 | val_acc 0.7838 | val_f1 0.8022 | adv/moduleC 0.64/1.00 | disc_steps 4 | grad(main/disc) 18.350/1.914 | lr(main/disc) 7.00e-05/2.75e-05 | cuda_peak(alloc/resv) 4.09/5.12GB | phase(train/val/raw/train_eval) 1.2/0.4/0.5/0.5s | 2.6s
2026-08-30 03:49:23 | Epoch 016/060 | loss 2.6920 | cls 2.2145 | tal -0.2915 | dual_g 0.5650 | dual_d 0.7897 | train_acc 0.7500 | train_full n/a | val_acc 0.7027 | val_f1 0.7171 | adv/moduleC 0.71/1.00 | disc_steps 4 | grad(main/disc) 19.129/1.983 | lr(main/disc) 7.00e-05/2.75e-05 | cuda_peak(alloc/resv) 4.09/5.12GB | phase(train/val/raw/train_eval) 0.9/0.4/0.0/0.0s | 1.3s
2026-08-30 03:49:24 | Epoch 017/060 | loss 2.7185 | cls 2.2308 | tal -0.2236 | dual_g 0.5548 | dual_d 0.8278 | train_acc 0.7292 | train_full n/a | val_acc 0.8919 | val_f1 0.8887 | adv/moduleC 0.79/1.00 | disc_steps 4 | grad(main/disc) 20.085/2.044 | lr(main/disc) 7.00e-05/2.75e-05 | cuda_peak(alloc/resv) 4.09/5.12GB | phase(train/val/raw/train_eval) 1.0/0.6/0.0/0.0s | 1.6s
2026-08-30 03:49:26 | Epoch 018/060 | loss 2.4118 | cls 1.9751 | tal -0.2903 | dual_g 0.5238 | dual_d 0.8096 | train_acc 0.7639 | train_full n/a | val_acc 0.9459 | val_f1 0.9533 | adv/moduleC 0.86/1.00 | disc_steps 4 | grad(main/disc) 16.921/1.964 | lr(main/disc) 7.00e-05/2.75e-05 | cuda_peak(alloc/resv) 4.09/5.12GB | phase(train/val/raw/train_eval) 1.0/0.4/0.0/0.0s | 1.4s
2026-08-30 03:49:28 | Epoch 019/060 | loss 2.4558 | cls 1.9652 | tal -0.1717 | dual_g 0.5420 | dual_d 0.7621 | train_acc 0.8056 | train_full n/a | val_acc 0.9459 | val_f1 0.9458 | adv/moduleC 0.93/1.00 | disc_steps 4 | grad(main/disc) 17.067/1.875 | lr(main/disc) 7.00e-05/2.75e-05 | cuda_peak(alloc/resv) 4.09/5.12GB | phase(train/val/raw/train_eval) 1.1/0.4/0.4/0.0s | 1.9s
2026-08-30 03:49:30 | New best val_f1_macro_present: raw=0.9458 stable_score=0.8887 at epoch 19
2026-08-30 03:49:32 | Epoch 020/060 | loss 2.4726 | cls 1.9855 | tal -0.1543 | dual_g 0.5335 | dual_d 0.8432 | train_acc 0.8125 | train_full 0.9394 | val_acc 0.9189 | val_f1 0.9396 | adv/moduleC 1.00/1.00 | disc_steps 4 | grad(main/disc) 17.861/2.011 | lr(main/disc) 7.00e-05/2.75e-05 | cuda_peak(alloc/resv) 4.09/5.12GB | phase(train/val/raw/train_eval) 1.2/0.4/0.4/0.5s | 2.5s
2026-08-30 03:49:34 | New best val_f1_macro_present: raw=0.9396 stable_score=0.9396 at epoch 20
2026-08-30 03:49:36 | Epoch 021/060 | loss 2.2338 | cls 1.7786 | tal -0.1018 | dual_g 0.4858 | dual_d 0.7266 | train_acc 0.8958 | train_full n/a | val_acc 0.9459 | val_f1 0.9556 | adv/moduleC 1.00/1.00 | disc_steps 4 | grad(main/disc) 14.675/1.873 | lr(main/disc) 7.00e-05/2.75e-05 | cuda_peak(alloc/resv) 4.09/5.12GB | phase(train/val/raw/train_eval) 1.0/0.4/0.0/0.0s | 1.4s
2026-08-30 03:49:37 | Epoch 022/060 | loss 2.3051 | cls 1.8603 | tal -0.1654 | dual_g 0.4943 | dual_d 0.8345 | train_acc 0.8472 | train_full n/a | val_acc 0.9459 | val_f1 0.9556 | adv/moduleC 1.00/1.00 | disc_steps 4 | grad(main/disc) 17.656/2.038 | lr(main/disc) 7.00e-05/2.75e-05 | cuda_peak(alloc/resv) 4.09/5.12GB | phase(train/val/raw/train_eval) 1.0/0.4/0.0/0.0s | 1.4s
2026-08-30 03:49:39 | Epoch 023/060 | loss 2.2720 | cls 1.8361 | tal -0.1616 | dual_g 0.4843 | dual_d 0.7749 | train_acc 0.8264 | train_full n/a | val_acc 0.9730 | val_f1 0.9776 | adv/moduleC 1.00/1.00 | disc_steps 4 | grad(main/disc) 16.047/1.904 | lr(main/disc) 7.00e-05/2.75e-05 | cuda_peak(alloc/resv) 4.09/5.12GB | phase(train/val/raw/train_eval) 1.2/0.4/0.4/0.0s | 2.0s
2026-08-30 03:49:41 | New best val_f1_macro_present: raw=0.9776 stable_score=0.9556 at epoch 23
2026-08-30 03:49:43 | Epoch 024/060 | loss 2.1148 | cls 1.6756 | tal -0.1005 | dual_g 0.4693 | dual_d 0.8413 | train_acc 0.8681 | train_full n/a | val_acc 0.9730 | val_f1 0.9776 | adv/moduleC 1.00/1.00 | disc_steps 4 | grad(main/disc) 14.335/1.967 | lr(main/disc) 7.00e-05/2.75e-05 | cuda_peak(alloc/resv) 4.09/5.12GB | phase(train/val/raw/train_eval) 1.2/0.4/0.0/0.0s | 1.6s
2026-08-30 03:49:45 | Epoch 025/060 | loss 2.1428 | cls 1.7173 | tal -0.1701 | dual_g 0.4766 | dual_d 0.7415 | train_acc 0.8819 | train_full 0.9394 | val_acc 0.9730 | val_f1 0.9776 | adv/moduleC 1.00/1.00 | disc_steps 4 | grad(main/disc) 15.867/1.926 | lr(main/disc) 7.00e-05/2.75e-05 | cuda_peak(alloc/resv) 4.09/5.12GB | phase(train/val/raw/train_eval) 1.1/0.4/0.4/0.5s | 2.4s
2026-08-30 03:49:48 | New best val_f1_macro_present: raw=0.9776 stable_score=0.9776 at epoch 25
2026-08-30 03:49:49 | Epoch 026/060 | loss 1.9365 | cls 1.5552 | tal -0.1925 | dual_g 0.4391 | dual_d 0.8164 | train_acc 0.8750 | train_full n/a | val_acc 0.9730 | val_f1 0.9776 | adv/moduleC 1.00/1.00 | disc_steps 4 | grad(main/disc) 12.898/1.871 | lr(main/disc) 7.00e-05/2.75e-05 | cuda_peak(alloc/resv) 4.09/5.12GB | phase(train/val/raw/train_eval) 1.0/0.4/0.0/0.0s | 1.4s
2026-08-30 03:49:51 | Epoch 027/060 | loss 1.9082 | cls 1.5185 | tal -0.1593 | dual_g 0.4375 | dual_d 0.7879 | train_acc 0.9097 | train_full n/a | val_acc 0.9459 | val_f1 0.9556 | adv/moduleC 1.00/1.00 | disc_steps 4 | grad(main/disc) 12.217/1.883 | lr(main/disc) 7.00e-05/2.75e-05 | cuda_peak(alloc/resv) 4.09/5.12GB | phase(train/val/raw/train_eval) 1.2/0.4/0.0/0.0s | 1.7s
2026-08-30 03:49:52 | Epoch 028/060 | loss 2.2444 | cls 1.8040 | tal -0.1281 | dual_g 0.4788 | dual_d 0.8736 | train_acc 0.9028 | train_full n/a | val_acc 0.9730 | val_f1 0.9776 | adv/moduleC 1.00/1.00 | disc_steps 4 | grad(main/disc) 16.425/2.000 | lr(main/disc) 7.00e-05/2.75e-05 | cuda_peak(alloc/resv) 4.09/5.12GB | phase(train/val/raw/train_eval) 1.2/0.4/0.0/0.0s | 1.6s
2026-08-30 03:49:54 | Epoch 029/060 | loss 2.0324 | cls 1.6238 | tal -0.1151 | dual_g 0.4432 | dual_d 0.8053 | train_acc 0.9444 | train_full n/a | val_acc 0.9459 | val_f1 0.9458 | adv/moduleC 1.00/1.00 | disc_steps 4 | grad(main/disc) 14.231/1.933 | lr(main/disc) 7.00e-05/2.75e-05 | cuda_peak(alloc/resv) 4.09/5.12GB | phase(train/val/raw/train_eval) 1.1/0.4/0.0/0.0s | 1.5s
2026-08-30 03:49:56 | Epoch 030/060 | loss 1.8908 | cls 1.4812 | tal -0.0624 | dual_g 0.4283 | dual_d 0.8588 | train_acc 0.9306 | train_full 0.9924 | val_acc 0.9459 | val_f1 0.9578 | adv/moduleC 1.00/1.00 | disc_steps 4 | grad(main/disc) 12.282/1.934 | lr(main/disc) 7.00e-05/2.75e-05 | cuda_peak(alloc/resv) 4.09/5.12GB | phase(train/val/raw/train_eval) 1.0/0.4/0.4/0.5s | 2.3s
2026-08-30 03:49:58 | Epoch 031/060 | loss 1.9395 | cls 1.5346 | tal -0.0904 | dual_g 0.4320 | dual_d 0.9172 | train_acc 0.9236 | train_full n/a | val_acc 0.9730 | val_f1 0.9776 | adv/moduleC 1.00/1.00 | disc_steps 4 | grad(main/disc) 11.898/2.016 | lr(main/disc) 7.00e-05/2.75e-05 | cuda_peak(alloc/resv) 4.09/5.12GB | phase(train/val/raw/train_eval) 1.1/0.4/0.0/0.0s | 1.5s
2026-08-30 03:49:59 | Epoch 032/060 | loss 1.9373 | cls 1.5283 | tal -0.0677 | dual_g 0.4293 | dual_d 0.8901 | train_acc 0.9167 | train_full n/a | val_acc 0.9730 | val_f1 0.9776 | adv/moduleC 1.00/1.00 | disc_steps 4 | grad(main/disc) 13.255/2.038 | lr(main/disc) 7.00e-05/2.75e-05 | cuda_peak(alloc/resv) 4.09/5.12GB | phase(train/val/raw/train_eval) 1.4/0.4/0.0/0.0s | 1.8s
2026-08-30 03:50:01 | Epoch 033/060 | loss 1.8360 | cls 1.4623 | tal -0.1443 | dual_g 0.4170 | dual_d 0.8675 | train_acc 0.9236 | train_full n/a | val_acc 1.0000 | val_f1 1.0000 | adv/moduleC 1.00/1.00 | disc_steps 4 | grad(main/disc) 11.676/1.935 | lr(main/disc) 7.00e-05/2.75e-05 | cuda_peak(alloc/resv) 4.09/5.12GB | phase(train/val/raw/train_eval) 1.0/0.4/0.0/0.0s | 1.4s
2026-08-30 03:50:02 | Epoch 034/060 | loss 1.8111 | cls 1.4698 | tal -0.1933 | dual_g 0.3993 | dual_d 0.7958 | train_acc 0.9583 | train_full n/a | val_acc 1.0000 | val_f1 1.0000 | adv/moduleC 1.00/1.00 | disc_steps 4 | grad(main/disc) 12.195/1.790 | lr(main/disc) 7.00e-05/2.75e-05 | cuda_peak(alloc/resv) 4.09/5.12GB | phase(train/val/raw/train_eval) 1.0/0.4/0.0/0.0s | 1.4s
2026-08-30 03:50:05 | Epoch 035/060 | loss 1.7673 | cls 1.4284 | tal -0.1703 | dual_g 0.3899 | dual_d 0.9394 | train_acc 0.9583 | train_full 1.0000 | val_acc 0.9730 | val_f1 0.9802 | adv/moduleC 1.00/1.00 | disc_steps 4 | grad(main/disc) 11.527/1.985 | lr(main/disc) 7.00e-05/2.75e-05 | cuda_peak(alloc/resv) 4.09/5.12GB | phase(train/val/raw/train_eval) 1.1/0.4/0.4/0.5s | 2.4s
2026-08-30 03:50:07 | New best val_f1_macro_present: raw=0.9802 stable_score=0.9802 at epoch 35
2026-08-30 03:50:08 | Epoch 036/060 | loss 1.7888 | cls 1.4649 | tal -0.2376 | dual_g 0.3952 | dual_d 0.8626 | train_acc 0.9444 | train_full n/a | val_acc 0.9730 | val_f1 0.9776 | adv/moduleC 1.00/1.00 | disc_steps 4 | grad(main/disc) 10.850/1.867 | lr(main/disc) 7.00e-05/2.75e-05 | cuda_peak(alloc/resv) 4.09/5.12GB | phase(train/val/raw/train_eval) 1.2/0.4/0.0/0.0s | 1.6s
2026-08-30 03:50:10 | Epoch 037/060 | loss 1.7210 | cls 1.4000 | tal -0.2329 | dual_g 0.3909 | dual_d 0.8831 | train_acc 0.9514 | train_full n/a | val_acc 0.9730 | val_f1 0.9776 | adv/moduleC 1.00/1.00 | disc_steps 4 | grad(main/disc) 10.500/1.890 | lr(main/disc) 7.00e-05/2.75e-05 | cuda_peak(alloc/resv) 4.09/5.12GB | phase(train/val/raw/train_eval) 1.0/0.4/0.0/0.0s | 1.4s
2026-08-30 03:50:11 | Epoch 038/060 | loss 1.7486 | cls 1.4006 | tal -0.1804 | dual_g 0.4021 | dual_d 0.9458 | train_acc 0.9375 | train_full n/a | val_acc 0.9730 | val_f1 0.9776 | adv/moduleC 1.00/1.00 | disc_steps 4 | grad(main/disc) 10.271/1.967 | lr(main/disc) 7.00e-05/2.75e-05 | cuda_peak(alloc/resv) 4.09/5.12GB | phase(train/val/raw/train_eval) 1.2/0.4/0.0/0.0s | 1.6s
2026-08-30 03:50:13 | Epoch 039/060 | loss 1.6998 | cls 1.3731 | tal -0.1670 | dual_g 0.3767 | dual_d 0.9009 | train_acc 0.9444 | train_full n/a | val_acc 0.9730 | val_f1 0.9776 | adv/moduleC 1.00/1.00 | disc_steps 4 | grad(main/disc) 8.974/2.018 | lr(main/disc) 7.00e-05/2.75e-05 | cuda_peak(alloc/resv) 4.09/5.12GB | phase(train/val/raw/train_eval) 1.2/0.4/0.0/0.0s | 1.6s
2026-08-30 03:50:15 | Epoch 040/060 | loss 1.7298 | cls 1.3924 | tal -0.1335 | dual_g 0.3775 | dual_d 0.8729 | train_acc 0.9583 | train_full 1.0000 | val_acc 0.9730 | val_f1 0.9802 | adv/moduleC 1.00/1.00 | disc_steps 4 | grad(main/disc) 10.600/1.963 | lr(main/disc) 7.00e-05/2.75e-05 | cuda_peak(alloc/resv) 4.09/5.12GB | phase(train/val/raw/train_eval) 1.1/0.4/0.4/0.5s | 2.4s
2026-08-30 03:50:17 | Epoch 041/060 | loss 1.7025 | cls 1.3840 | tal -0.1991 | dual_g 0.3783 | dual_d 0.9517 | train_acc 0.9306 | train_full n/a | val_acc 1.0000 | val_f1 1.0000 | adv/moduleC 1.00/1.00 | disc_steps 4 | grad(main/disc) 10.613/2.055 | lr(main/disc) 7.00e-05/2.75e-05 | cuda_peak(alloc/resv) 4.09/5.12GB | phase(train/val/raw/train_eval) 1.2/0.4/0.0/0.0s | 1.6s
2026-08-30 03:50:18 | Epoch 042/060 | loss 1.6231 | cls 1.3103 | tal -0.1724 | dual_g 0.3645 | dual_d 0.9130 | train_acc 0.9861 | train_full n/a | val_acc 1.0000 | val_f1 1.0000 | adv/moduleC 1.00/1.00 | disc_steps 4 | grad(main/disc) 8.933/1.885 | lr(main/disc) 3.50e-05/1.38e-05 | cuda_peak(alloc/resv) 4.09/5.12GB | phase(train/val/raw/train_eval) 1.0/0.4/0.0/0.0s | 1.4s
2026-08-30 03:50:20 | Epoch 043/060 | loss 1.6585 | cls 1.3468 | tal -0.2344 | dual_g 0.3821 | dual_d 0.8795 | train_acc 0.9792 | train_full n/a | val_acc 0.9730 | val_f1 0.9776 | adv/moduleC 1.00/1.00 | disc_steps 4 | grad(main/disc) 9.156/1.972 | lr(main/disc) 3.50e-05/1.38e-05 | cuda_peak(alloc/resv) 4.09/5.12GB | phase(train/val/raw/train_eval) 1.1/0.4/0.0/0.0s | 1.5s
2026-08-30 03:50:21 | Epoch 044/060 | loss 1.6787 | cls 1.3489 | tal -0.1249 | dual_g 0.3672 | dual_d 0.9265 | train_acc 0.9792 | train_full n/a | val_acc 1.0000 | val_f1 1.0000 | adv/moduleC 1.00/1.00 | disc_steps 4 | grad(main/disc) 10.412/1.874 | lr(main/disc) 3.50e-05/1.38e-05 | cuda_peak(alloc/resv) 4.09/5.12GB | phase(train/val/raw/train_eval) 1.0/0.4/0.0/0.0s | 1.4s
2026-08-30 03:50:24 | Epoch 045/060 | loss 1.6530 | cls 1.3324 | tal -0.1730 | dual_g 0.3725 | dual_d 0.8900 | train_acc 0.9792 | train_full 1.0000 | val_acc 1.0000 | val_f1 1.0000 | adv/moduleC 1.00/1.00 | disc_steps 4 | grad(main/disc) 9.392/1.842 | lr(main/disc) 3.50e-05/1.38e-05 | cuda_peak(alloc/resv) 4.09/5.12GB | phase(train/val/raw/train_eval) 1.1/0.4/0.4/0.5s | 2.4s
2026-08-30 03:50:26 | Epoch 046/060 | loss 1.6525 | cls 1.3338 | tal -0.1498 | dual_g 0.3636 | dual_d 0.9465 | train_acc 0.9861 | train_full n/a | val_acc 1.0000 | val_f1 1.0000 | adv/moduleC 1.00/1.00 | disc_steps 4 | grad(main/disc) 9.105/1.990 | lr(main/disc) 3.50e-05/1.38e-05 | cuda_peak(alloc/resv) 4.09/5.12GB | phase(train/val/raw/train_eval) 1.2/0.4/0.4/0.0s | 2.0s
2026-08-30 03:50:28 | New best val_f1_macro_present: raw=1.0000 stable_score=1.0000 at epoch 46
2026-08-30 03:50:29 | Epoch 047/060 | loss 1.6653 | cls 1.3746 | tal -0.2201 | dual_g 0.3568 | dual_d 0.8571 | train_acc 0.9583 | train_full n/a | val_acc 1.0000 | val_f1 1.0000 | adv/moduleC 1.00/1.00 | disc_steps 4 | grad(main/disc) 10.900/1.800 | lr(main/disc) 3.50e-05/1.38e-05 | cuda_peak(alloc/resv) 4.09/5.12GB | phase(train/val/raw/train_eval) 1.2/0.4/0.0/0.0s | 1.6s
2026-08-30 03:50:31 | Epoch 048/060 | loss 1.6385 | cls 1.3430 | tal -0.2120 | dual_g 0.3590 | dual_d 0.9897 | train_acc 0.9653 | train_full n/a | val_acc 1.0000 | val_f1 1.0000 | adv/moduleC 1.00/1.00 | disc_steps 4 | grad(main/disc) 10.183/2.024 | lr(main/disc) 3.50e-05/1.38e-05 | cuda_peak(alloc/resv) 4.09/5.12GB | phase(train/val/raw/train_eval) 1.2/0.4/0.0/0.0s | 1.6s
2026-08-30 03:50:32 | Epoch 049/060 | loss 1.5918 | cls 1.3078 | tal -0.2240 | dual_g 0.3512 | dual_d 0.8520 | train_acc 0.9792 | train_full n/a | val_acc 1.0000 | val_f1 1.0000 | adv/moduleC 1.00/1.00 | disc_steps 4 | grad(main/disc) 10.541/1.818 | lr(main/disc) 3.50e-05/1.38e-05 | cuda_peak(alloc/resv) 4.09/5.12GB | phase(train/val/raw/train_eval) 1.0/0.4/0.0/0.0s | 1.4s
2026-08-30 03:50:35 | Epoch 050/060 | loss 1.5583 | cls 1.2797 | tal -0.2346 | dual_g 0.3489 | dual_d 0.9247 | train_acc 0.9722 | train_full 1.0000 | val_acc 1.0000 | val_f1 1.0000 | adv/moduleC 1.00/1.00 | disc_steps 4 | grad(main/disc) 7.973/1.863 | lr(main/disc) 3.50e-05/1.38e-05 | cuda_peak(alloc/resv) 4.09/5.12GB | phase(train/val/raw/train_eval) 1.0/0.4/0.4/0.5s | 2.3s
2026-08-30 03:50:36 | Epoch 051/060 | loss 1.6136 | cls 1.3148 | tal -0.1682 | dual_g 0.3492 | dual_d 0.8941 | train_acc 0.9653 | train_full n/a | val_acc 1.0000 | val_f1 1.0000 | adv/moduleC 1.00/1.00 | disc_steps 4 | grad(main/disc) 8.533/1.858 | lr(main/disc) 1.75e-05/6.88e-06 | cuda_peak(alloc/resv) 4.09/5.12GB | phase(train/val/raw/train_eval) 1.1/0.4/0.0/0.0s | 1.5s
2026-08-30 03:50:37 | Epoch 052/060 | loss 1.6275 | cls 1.3191 | tal -0.1622 | dual_g 0.3570 | dual_d 0.9554 | train_acc 0.9792 | train_full n/a | val_acc 1.0000 | val_f1 1.0000 | adv/moduleC 1.00/1.00 | disc_steps 4 | grad(main/disc) 8.857/2.015 | lr(main/disc) 1.75e-05/6.88e-06 | cuda_peak(alloc/resv) 4.09/5.12GB | phase(train/val/raw/train_eval) 0.9/0.4/0.0/0.0s | 1.3s
2026-08-30 03:50:39 | Epoch 053/060 | loss 1.5303 | cls 1.2616 | tal -0.2472 | dual_g 0.3428 | dual_d 0.8468 | train_acc 1.0000 | train_full n/a | val_acc 1.0000 | val_f1 1.0000 | adv/moduleC 1.00/1.00 | disc_steps 4 | grad(main/disc) 7.282/1.837 | lr(main/disc) 1.75e-05/6.88e-06 | cuda_peak(alloc/resv) 4.09/5.12GB | phase(train/val/raw/train_eval) 0.9/0.4/0.0/0.0s | 1.3s
2026-08-30 03:50:40 | Epoch 054/060 | loss 1.6000 | cls 1.3274 | tal -0.2502 | dual_g 0.3477 | dual_d 0.9213 | train_acc 0.9722 | train_full n/a | val_acc 1.0000 | val_f1 1.0000 | adv/moduleC 1.00/1.00 | disc_steps 4 | grad(main/disc) 9.915/1.941 | lr(main/disc) 1.75e-05/6.88e-06 | cuda_peak(alloc/resv) 4.09/5.12GB | phase(train/val/raw/train_eval) 1.3/0.4/0.0/0.0s | 1.7s
2026-08-30 03:50:43 | Epoch 055/060 | loss 1.5673 | cls 1.3041 | tal -0.2927 | dual_g 0.3510 | dual_d 0.8644 | train_acc 0.9792 | train_full 1.0000 | val_acc 1.0000 | val_f1 1.0000 | adv/moduleC 1.00/1.00 | disc_steps 4 | grad(main/disc) 8.855/1.785 | lr(main/disc) 1.75e-05/6.88e-06 | cuda_peak(alloc/resv) 4.09/5.12GB | phase(train/val/raw/train_eval) 1.3/0.4/0.4/0.5s | 2.6s
2026-08-30 03:50:44 | Epoch 056/060 | loss 1.5444 | cls 1.2620 | tal -0.1864 | dual_g 0.3384 | dual_d 0.9391 | train_acc 0.9931 | train_full n/a | val_acc 1.0000 | val_f1 1.0000 | adv/moduleC 1.00/1.00 | disc_steps 4 | grad(main/disc) 7.405/1.941 | lr(main/disc) 1.75e-05/6.88e-06 | cuda_peak(alloc/resv) 4.09/5.12GB | phase(train/val/raw/train_eval) 1.0/0.4/0.0/0.0s | 1.4s
2026-08-30 03:50:46 | Epoch 057/060 | loss 1.5528 | cls 1.2724 | tal -0.2411 | dual_g 0.3527 | dual_d 0.9165 | train_acc 0.9792 | train_full n/a | val_acc 1.0000 | val_f1 1.0000 | adv/moduleC 1.00/1.00 | disc_steps 4 | grad(main/disc) 7.270/1.941 | lr(main/disc) 1.75e-05/6.88e-06 | cuda_peak(alloc/resv) 4.09/5.12GB | phase(train/val/raw/train_eval) 1.3/0.4/0.0/0.0s | 1.7s
2026-08-30 03:50:48 | Epoch 058/060 | loss 1.5455 | cls 1.2535 | tal -0.1750 | dual_g 0.3445 | dual_d 1.0547 | train_acc 0.9653 | train_full n/a | val_acc 1.0000 | val_f1 1.0000 | adv/moduleC 1.00/1.00 | disc_steps 4 | grad(main/disc) 7.443/2.091 | lr(main/disc) 1.75e-05/6.88e-06 | cuda_peak(alloc/resv) 4.09/5.12GB | phase(train/val/raw/train_eval) 1.2/0.4/0.0/0.0s | 1.6s
2026-08-30 03:50:48 | Early stopping at epoch 58 after 12 epochs without val_f1_macro_present improvement.
2026-08-30 03:50:48 | Training complete. Peak validation accuracy: 1.0000 | selected val_f1_macro_present: 1.0000
