2026-08-30 03:50:48 | Starting Dual_D standalone training
2026-08-30 03:50:48 | Run directory: runs/module_c_ablation_60_v9/module_c_20260830_023711/module_c_no_paired_contrastive_逆光_20260830_033814
2026-08-30 03:50:48 | Device: cuda
2026-08-30 03:50:48 | Source train samples: 992
2026-08-30 03:50:48 | Target train samples: 132
2026-08-30 03:50:48 | Target val samples: 37
2026-08-30 03:50:48 | Classes: 14
2026-08-30 03:50:48 | Data audit: same_dir=False | path_overlap(vis/ir/ais)=0/0/0 | content_overlap(vis/ir/ais)=0/0/0 | ais_index_overlap=0 | stem_mismatch(vis-ir/vis-ais)=157/0
2026-08-30 03:50:48 | source_train classes: present 14/14 | absent 0 | counts [0:120, 1:44, 2:69, 3:45, 4:40, 5:30, 6:64, 7:80, 8:116, 9:68, 10:57, 11:83, 12:48, 13:128]
2026-08-30 03:50:48 | target_train classes: present 9/14 | absent 5 | counts [0:20, 2:12, 4:12, 5:2, 9:16, 10:16, 11:29, 12:4, 13:21]
2026-08-30 03:50:48 | target_val classes: present 9/14 | absent 5 | counts [0:6, 2:3, 4:4, 5:1, 9:4, 10:4, 11:8, 12:1, 13:6]
2026-08-30 03:50:48 | Paired training classes: 9/14 | class ids [0, 2, 4, 5, 9, 10, 11, 12, 13]
2026-08-30 03:50:48 | Runtime profile: batch=16 | paired_steps=9 | workers=16 | train_eval_every=5 | raw_eval_every=5 | stability_window=3 | lr_scheduler_start=24 | early_stop=12 after min_epoch=35
2026-08-30 03:50:48 | Augmentation profile: base=0.650 | visible=0.700 | infrared=0.400 | freeze_frozen_batch_norm_stats=True
2026-08-30 03:50:48 | VIS/IR pairing: class-level-unpaired | count-mismatch classes train/val: 10/1 | AIS alignment: none | AIS rows train/val: 0/0
2026-08-30 03:50:49 | Effective Dual-D loss weights: {"adv_auxiliary": 0.025, "adv_primary": 0.025, "classification": 0.15, "contrastive": 0.0, "cycle": 0.12, "identity": 0.03, "prototype_contrastive": 0.06}
2026-08-30 03:50:49 | Model parameters: total=17277714 | trainable=17120210
2026-08-30 03:50:52 | Epoch 001/060 | loss 5.6233 | cls 5.6282 | tal -0.0163 | dual_g 0.0000 | dual_d 0.0000 | train_acc 0.0556 | train_full 0.1742 | val_acc 0.2162 | val_f1 0.1176 | adv/moduleC 0.00/0.00 | disc_steps 0 | grad(main/disc) 31.954/0.000 | lr(main/disc) 7.00e-05/2.75e-05 | cuda_peak(alloc/resv) 4.09/5.12GB | phase(train/val/raw/train_eval) 1.4/0.4/0.4/0.5s | 2.7s
2026-08-30 03:50:53 | Epoch 002/060 | loss 4.6586 | cls 4.5935 | tal 0.2168 | dual_g 0.0000 | dual_d 0.0000 | train_acc 0.2708 | train_full n/a | val_acc 0.1892 | val_f1 0.1289 | adv/moduleC 0.00/0.00 | disc_steps 0 | grad(main/disc) 26.876/0.000 | lr(main/disc) 7.00e-05/2.75e-05 | cuda_peak(alloc/resv) 4.09/5.12GB | phase(train/val/raw/train_eval) 1.2/0.4/0.0/0.0s | 1.7s
2026-08-30 03:50:55 | Epoch 003/060 | loss 4.2910 | cls 4.2414 | tal 0.1653 | dual_g 0.0000 | dual_d 0.0000 | train_acc 0.2708 | train_full n/a | val_acc 0.4054 | val_f1 0.4345 | adv/moduleC 0.00/0.00 | disc_steps 0 | grad(main/disc) 24.863/0.000 | lr(main/disc) 7.00e-05/2.75e-05 | cuda_peak(alloc/resv) 4.09/5.12GB | phase(train/val/raw/train_eval) 1.0/0.4/0.4/0.0s | 1.9s
2026-08-30 03:50:57 | New best val_f1_macro_present: raw=0.4345 stable_score=0.1176 at epoch 3
2026-08-30 03:50:59 | Epoch 004/060 | loss 3.9887 | cls 3.9148 | tal 0.2462 | dual_g 0.0000 | dual_d 0.0000 | train_acc 0.3472 | train_full n/a | val_acc 0.6486 | val_f1 0.6550 | adv/moduleC 0.00/0.00 | disc_steps 0 | grad(main/disc) 23.468/0.000 | lr(main/disc) 7.00e-05/2.75e-05 | cuda_peak(alloc/resv) 4.09/5.12GB | phase(train/val/raw/train_eval) 1.0/0.4/0.4/0.0s | 1.9s
2026-08-30 03:51:01 | New best val_f1_macro_present: raw=0.6550 stable_score=0.1289 at epoch 4
2026-08-30 03:51:04 | Epoch 005/060 | loss 3.6386 | cls 3.4802 | tal 0.2638 | dual_g 0.0793 | dual_d 0.0000 | train_acc 0.4236 | train_full 0.7424 | val_acc 0.7838 | val_f1 0.7915 | adv/moduleC 0.00/0.10 | disc_steps 0 | grad(main/disc) 21.840/0.000 | lr(main/disc) 7.00e-05/2.75e-05 | cuda_peak(alloc/resv) 4.09/5.12GB | phase(train/val/raw/train_eval) 1.0/0.4/0.4/0.5s | 2.4s
2026-08-30 03:51:06 | New best val_f1_macro_present: raw=0.7915 stable_score=0.4345 at epoch 5
2026-08-30 03:51:08 | Epoch 006/060 | loss 3.4234 | cls 3.2476 | tal 0.0753 | dual_g 0.1531 | dual_d 0.0000 | train_acc 0.4653 | train_full n/a | val_acc 0.8378 | val_f1 0.8388 | adv/moduleC 0.00/0.20 | disc_steps 0 | grad(main/disc) 21.836/0.000 | lr(main/disc) 7.00e-05/2.75e-05 | cuda_peak(alloc/resv) 4.09/5.12GB | phase(train/val/raw/train_eval) 1.2/0.4/0.4/0.0s | 2.0s
2026-08-30 03:51:10 | New best val_f1_macro_present: raw=0.8388 stable_score=0.6550 at epoch 6
2026-08-30 03:51:12 | Epoch 007/060 | loss 3.4661 | cls 3.2285 | tal 0.0573 | dual_g 0.2204 | dual_d 0.8962 | train_acc 0.5694 | train_full n/a | val_acc 0.8378 | val_f1 0.8386 | adv/moduleC 0.07/0.30 | disc_steps 4 | grad(main/disc) 21.618/2.339 | lr(main/disc) 7.00e-05/2.75e-05 | cuda_peak(alloc/resv) 4.09/5.12GB | phase(train/val/raw/train_eval) 1.2/0.4/0.4/0.0s | 2.0s
2026-08-30 03:51:14 | New best val_f1_macro_present: raw=0.8386 stable_score=0.7915 at epoch 7
2026-08-30 03:51:16 | Epoch 008/060 | loss 3.3104 | cls 2.9773 | tal 0.2013 | dual_g 0.2727 | dual_d 0.7817 | train_acc 0.6111 | train_full n/a | val_acc 0.8378 | val_f1 0.8295 | adv/moduleC 0.14/0.40 | disc_steps 4 | grad(main/disc) 20.543/2.084 | lr(main/disc) 7.00e-05/2.75e-05 | cuda_peak(alloc/resv) 4.09/5.12GB | phase(train/val/raw/train_eval) 1.1/0.4/0.4/0.0s | 2.0s
2026-08-30 03:51:18 | New best val_f1_macro_present: raw=0.8295 stable_score=0.8295 at epoch 8
2026-08-30 03:51:20 | Epoch 009/060 | loss 3.2210 | cls 2.8353 | tal 0.1480 | dual_g 0.3413 | dual_d 0.8141 | train_acc 0.6042 | train_full n/a | val_acc 0.8378 | val_f1 0.8302 | adv/moduleC 0.21/0.50 | disc_steps 4 | grad(main/disc) 20.409/2.138 | lr(main/disc) 7.00e-05/2.75e-05 | cuda_peak(alloc/resv) 4.09/5.12GB | phase(train/val/raw/train_eval) 1.1/0.4/0.0/0.0s | 1.5s
2026-08-30 03:51:22 | Epoch 010/060 | loss 3.3700 | cls 2.9128 | tal 0.1661 | dual_g 0.4075 | dual_d 0.7426 | train_acc 0.5208 | train_full 0.9091 | val_acc 0.8919 | val_f1 0.8785 | adv/moduleC 0.29/0.60 | disc_steps 4 | grad(main/disc) 21.951/2.053 | lr(main/disc) 7.00e-05/2.75e-05 | cuda_peak(alloc/resv) 4.09/5.12GB | phase(train/val/raw/train_eval) 1.1/0.4/0.4/0.5s | 2.4s
2026-08-30 03:51:24 | Epoch 011/060 | loss 3.0605 | cls 2.5564 | tal 0.2138 | dual_g 0.4400 | dual_d 0.8305 | train_acc 0.7639 | train_full n/a | val_acc 0.8919 | val_f1 0.9111 | adv/moduleC 0.36/0.70 | disc_steps 4 | grad(main/disc) 19.603/2.194 | lr(main/disc) 7.00e-05/2.75e-05 | cuda_peak(alloc/resv) 4.09/5.12GB | phase(train/val/raw/train_eval) 1.2/0.4/0.0/0.0s | 1.6s
2026-08-30 03:51:26 | Epoch 012/060 | loss 3.0751 | cls 2.5061 | tal 0.2331 | dual_g 0.4990 | dual_d 0.8261 | train_acc 0.6944 | train_full n/a | val_acc 0.9189 | val_f1 0.9331 | adv/moduleC 0.43/0.80 | disc_steps 4 | grad(main/disc) 19.767/2.137 | lr(main/disc) 7.00e-05/2.75e-05 | cuda_peak(alloc/resv) 4.09/5.12GB | phase(train/val/raw/train_eval) 1.0/0.4/0.4/0.0s | 1.9s
2026-08-30 03:51:28 | New best val_f1_macro_present: raw=0.9331 stable_score=0.8785 at epoch 12
2026-08-30 03:51:30 | Epoch 013/060 | loss 2.8995 | cls 2.3399 | tal 0.1517 | dual_g 0.5141 | dual_d 0.8410 | train_acc 0.6667 | train_full n/a | val_acc 0.9189 | val_f1 0.9047 | adv/moduleC 0.50/0.90 | disc_steps 4 | grad(main/disc) 18.928/2.152 | lr(main/disc) 7.00e-05/2.75e-05 | cuda_peak(alloc/resv) 4.09/5.12GB | phase(train/val/raw/train_eval) 1.3/0.4/0.4/0.0s | 2.2s
2026-08-30 03:51:32 | New best val_f1_macro_present: raw=0.9047 stable_score=0.9047 at epoch 13
2026-08-30 03:51:34 | Epoch 014/060 | loss 2.9896 | cls 2.3995 | tal 0.1343 | dual_g 0.5498 | dual_d 0.7925 | train_acc 0.6944 | train_full n/a | val_acc 0.9459 | val_f1 0.9462 | adv/moduleC 0.57/1.00 | disc_steps 4 | grad(main/disc) 19.144/2.138 | lr(main/disc) 7.00e-05/2.75e-05 | cuda_peak(alloc/resv) 4.09/5.12GB | phase(train/val/raw/train_eval) 1.2/0.4/0.0/0.0s | 1.7s
2026-08-30 03:51:36 | Epoch 015/060 | loss 2.8010 | cls 2.1769 | tal 0.0809 | dual_g 0.5998 | dual_d 0.8331 | train_acc 0.7569 | train_full 0.9167 | val_acc 0.9189 | val_f1 0.9022 | adv/moduleC 0.64/1.00 | disc_steps 4 | grad(main/disc) 18.915/2.167 | lr(main/disc) 7.00e-05/2.75e-05 | cuda_peak(alloc/resv) 4.09/5.12GB | phase(train/val/raw/train_eval) 1.0/0.4/0.4/0.5s | 2.3s
2026-08-30 03:51:38 | Epoch 016/060 | loss 2.7351 | cls 2.1479 | tal 0.1153 | dual_g 0.5526 | dual_d 0.7621 | train_acc 0.7639 | train_full n/a | val_acc 0.9459 | val_f1 0.9578 | adv/moduleC 0.71/1.00 | disc_steps 4 | grad(main/disc) 18.970/1.908 | lr(main/disc) 7.00e-05/2.75e-05 | cuda_peak(alloc/resv) 4.09/5.12GB | phase(train/val/raw/train_eval) 1.0/0.4/0.0/0.0s | 1.4s
2026-08-30 03:51:39 | Epoch 017/060 | loss 2.6010 | cls 1.9902 | tal 0.2090 | dual_g 0.5481 | dual_d 0.7890 | train_acc 0.7778 | train_full n/a | val_acc 0.8919 | val_f1 0.8817 | adv/moduleC 0.79/1.00 | disc_steps 4 | grad(main/disc) 17.252/2.009 | lr(main/disc) 7.00e-05/2.75e-05 | cuda_peak(alloc/resv) 4.09/5.12GB | phase(train/val/raw/train_eval) 1.3/0.4/0.0/0.0s | 1.7s
2026-08-30 03:51:41 | Epoch 018/060 | loss 2.6991 | cls 2.1267 | tal 0.0899 | dual_g 0.5455 | dual_d 0.7637 | train_acc 0.7153 | train_full n/a | val_acc 0.9459 | val_f1 0.9523 | adv/moduleC 0.86/1.00 | disc_steps 4 | grad(main/disc) 18.734/2.049 | lr(main/disc) 7.00e-05/2.75e-05 | cuda_peak(alloc/resv) 4.09/5.12GB | phase(train/val/raw/train_eval) 1.3/0.4/0.0/0.0s | 1.7s
2026-08-30 03:51:43 | Epoch 019/060 | loss 2.4472 | cls 1.8957 | tal 0.0536 | dual_g 0.5354 | dual_d 0.7246 | train_acc 0.8125 | train_full n/a | val_acc 0.9730 | val_f1 0.9692 | adv/moduleC 0.93/1.00 | disc_steps 4 | grad(main/disc) 16.902/1.911 | lr(main/disc) 7.00e-05/2.75e-05 | cuda_peak(alloc/resv) 4.09/5.12GB | phase(train/val/raw/train_eval) 1.1/0.4/0.0/0.0s | 1.6s
2026-08-30 03:51:45 | Epoch 020/060 | loss 2.5548 | cls 2.0165 | tal -0.0009 | dual_g 0.5386 | dual_d 0.7305 | train_acc 0.7778 | train_full 0.9848 | val_acc 0.9730 | val_f1 0.9756 | adv/moduleC 1.00/1.00 | disc_steps 4 | grad(main/disc) 18.295/1.902 | lr(main/disc) 7.00e-05/2.75e-05 | cuda_peak(alloc/resv) 4.09/5.12GB | phase(train/val/raw/train_eval) 1.0/0.4/0.4/0.5s | 2.4s
2026-08-30 03:51:47 | New best val_f1_macro_present: raw=0.9756 stable_score=0.9523 at epoch 20
2026-08-30 03:51:49 | Epoch 021/060 | loss 2.4194 | cls 1.9178 | tal 0.0316 | dual_g 0.4921 | dual_d 0.7759 | train_acc 0.8264 | train_full n/a | val_acc 1.0000 | val_f1 1.0000 | adv/moduleC 1.00/1.00 | disc_steps 4 | grad(main/disc) 17.467/1.929 | lr(main/disc) 7.00e-05/2.75e-05 | cuda_peak(alloc/resv) 4.09/5.12GB | phase(train/val/raw/train_eval) 1.0/0.4/0.4/0.0s | 1.9s
2026-08-30 03:51:51 | New best val_f1_macro_present: raw=1.0000 stable_score=0.9692 at epoch 21
2026-08-30 03:51:53 | Epoch 022/060 | loss 2.4239 | cls 1.9289 | tal -0.0317 | dual_g 0.5045 | dual_d 0.8755 | train_acc 0.8542 | train_full n/a | val_acc 0.9730 | val_f1 0.9776 | adv/moduleC 1.00/1.00 | disc_steps 4 | grad(main/disc) 17.736/2.030 | lr(main/disc) 7.00e-05/2.75e-05 | cuda_peak(alloc/resv) 4.09/5.12GB | phase(train/val/raw/train_eval) 1.1/0.4/0.4/0.0s | 2.0s
2026-08-30 03:51:55 | New best val_f1_macro_present: raw=0.9776 stable_score=0.9756 at epoch 22
2026-08-30 03:51:57 | Epoch 023/060 | loss 2.2175 | cls 1.7418 | tal -0.0273 | dual_g 0.4840 | dual_d 0.7604 | train_acc 0.8681 | train_full n/a | val_acc 0.9189 | val_f1 0.8929 | adv/moduleC 1.00/1.00 | disc_steps 4 | grad(main/disc) 15.776/1.904 | lr(main/disc) 7.00e-05/2.75e-05 | cuda_peak(alloc/resv) 4.09/5.12GB | phase(train/val/raw/train_eval) 1.1/0.4/0.0/0.0s | 1.6s
2026-08-30 03:51:58 | Epoch 024/060 | loss 2.2252 | cls 1.7476 | tal -0.0545 | dual_g 0.4939 | dual_d 0.8189 | train_acc 0.8819 | train_full n/a | val_acc 0.9730 | val_f1 0.9840 | adv/moduleC 1.00/1.00 | disc_steps 4 | grad(main/disc) 15.853/1.872 | lr(main/disc) 7.00e-05/2.75e-05 | cuda_peak(alloc/resv) 4.09/5.12GB | phase(train/val/raw/train_eval) 1.0/0.4/0.0/0.0s | 1.4s
2026-08-30 03:52:01 | Epoch 025/060 | loss 2.2697 | cls 1.8001 | tal -0.0123 | dual_g 0.4733 | dual_d 0.7367 | train_acc 0.8472 | train_full 1.0000 | val_acc 1.0000 | val_f1 1.0000 | adv/moduleC 1.00/1.00 | disc_steps 4 | grad(main/disc) 17.041/1.830 | lr(main/disc) 7.00e-05/2.75e-05 | cuda_peak(alloc/resv) 4.09/5.12GB | phase(train/val/raw/train_eval) 1.1/0.4/0.4/0.5s | 2.4s
2026-08-30 03:52:03 | Epoch 026/060 | loss 2.1367 | cls 1.6832 | tal 0.0223 | dual_g 0.4468 | dual_d 0.8064 | train_acc 0.8750 | train_full n/a | val_acc 1.0000 | val_f1 1.0000 | adv/moduleC 1.00/1.00 | disc_steps 4 | grad(main/disc) 15.235/1.876 | lr(main/disc) 7.00e-05/2.75e-05 | cuda_peak(alloc/resv) 4.09/5.12GB | phase(train/val/raw/train_eval) 1.0/0.4/0.4/0.0s | 1.8s
2026-08-30 03:52:05 | New best val_f1_macro_present: raw=1.0000 stable_score=0.9840 at epoch 26
2026-08-30 03:52:06 | Epoch 027/060 | loss 2.1767 | cls 1.7152 | tal -0.0308 | dual_g 0.4707 | dual_d 0.8365 | train_acc 0.9306 | train_full n/a | val_acc 0.9730 | val_f1 0.9776 | adv/moduleC 1.00/1.00 | disc_steps 4 | grad(main/disc) 16.908/2.003 | lr(main/disc) 7.00e-05/2.75e-05 | cuda_peak(alloc/resv) 4.09/5.12GB | phase(train/val/raw/train_eval) 0.9/0.4/0.0/0.0s | 1.4s
2026-08-30 03:52:08 | Epoch 028/060 | loss 2.1553 | cls 1.6972 | tal -0.0001 | dual_g 0.4582 | dual_d 0.9194 | train_acc 0.8750 | train_full n/a | val_acc 1.0000 | val_f1 1.0000 | adv/moduleC 1.00/1.00 | disc_steps 4 | grad(main/disc) 16.042/2.025 | lr(main/disc) 7.00e-05/2.75e-05 | cuda_peak(alloc/resv) 4.09/5.12GB | phase(train/val/raw/train_eval) 1.1/0.4/0.0/0.0s | 1.6s
2026-08-30 03:52:09 | Epoch 029/060 | loss 2.0084 | cls 1.5911 | tal -0.0803 | dual_g 0.4414 | dual_d 0.7564 | train_acc 0.9236 | train_full n/a | val_acc 0.9730 | val_f1 0.9802 | adv/moduleC 1.00/1.00 | disc_steps 4 | grad(main/disc) 14.378/1.925 | lr(main/disc) 7.00e-05/2.75e-05 | cuda_peak(alloc/resv) 4.09/5.12GB | phase(train/val/raw/train_eval) 1.0/0.4/0.0/0.0s | 1.5s
2026-08-30 03:52:12 | Epoch 030/060 | loss 1.9775 | cls 1.5717 | tal -0.0602 | dual_g 0.4238 | dual_d 0.8122 | train_acc 0.9375 | train_full 1.0000 | val_acc 1.0000 | val_f1 1.0000 | adv/moduleC 1.00/1.00 | disc_steps 4 | grad(main/disc) 15.054/1.862 | lr(main/disc) 7.00e-05/2.75e-05 | cuda_peak(alloc/resv) 4.09/5.12GB | phase(train/val/raw/train_eval) 1.0/0.4/0.4/0.5s | 2.4s
2026-08-30 03:52:13 | Epoch 031/060 | loss 1.9013 | cls 1.4831 | tal -0.0170 | dual_g 0.4232 | dual_d 0.8625 | train_acc 0.9375 | train_full n/a | val_acc 0.9730 | val_f1 0.9802 | adv/moduleC 1.00/1.00 | disc_steps 4 | grad(main/disc) 12.666/1.926 | lr(main/disc) 7.00e-05/2.75e-05 | cuda_peak(alloc/resv) 4.09/5.12GB | phase(train/val/raw/train_eval) 1.2/0.4/0.0/0.0s | 1.6s
2026-08-30 03:52:15 | Epoch 032/060 | loss 1.9679 | cls 1.5727 | tal -0.0646 | dual_g 0.4146 | dual_d 0.9062 | train_acc 0.9306 | train_full n/a | val_acc 1.0000 | val_f1 1.0000 | adv/moduleC 1.00/1.00 | disc_steps 4 | grad(main/disc) 13.420/1.985 | lr(main/disc) 7.00e-05/2.75e-05 | cuda_peak(alloc/resv) 4.09/5.12GB | phase(train/val/raw/train_eval) 1.1/0.4/0.0/0.0s | 1.5s
2026-08-30 03:52:16 | Epoch 033/060 | loss 1.8380 | cls 1.4728 | tal -0.1168 | dual_g 0.4003 | dual_d 0.9050 | train_acc 0.9167 | train_full n/a | val_acc 1.0000 | val_f1 1.0000 | adv/moduleC 1.00/1.00 | disc_steps 4 | grad(main/disc) 11.993/2.020 | lr(main/disc) 7.00e-05/2.75e-05 | cuda_peak(alloc/resv) 4.09/5.12GB | phase(train/val/raw/train_eval) 1.0/0.5/0.0/0.0s | 1.5s
2026-08-30 03:52:18 | Epoch 034/060 | loss 1.9504 | cls 1.5315 | tal -0.0173 | dual_g 0.4241 | dual_d 0.8546 | train_acc 0.9653 | train_full n/a | val_acc 0.9730 | val_f1 0.9802 | adv/moduleC 1.00/1.00 | disc_steps 4 | grad(main/disc) 13.742/1.994 | lr(main/disc) 3.50e-05/1.38e-05 | cuda_peak(alloc/resv) 4.09/5.12GB | phase(train/val/raw/train_eval) 1.3/0.4/0.0/0.0s | 1.7s
2026-08-30 03:52:21 | Epoch 035/060 | loss 1.9078 | cls 1.5177 | tal -0.0710 | dual_g 0.4114 | dual_d 0.8398 | train_acc 0.9306 | train_full 1.0000 | val_acc 1.0000 | val_f1 1.0000 | adv/moduleC 1.00/1.00 | disc_steps 4 | grad(main/disc) 14.056/1.924 | lr(main/disc) 3.50e-05/1.38e-05 | cuda_peak(alloc/resv) 4.09/5.12GB | phase(train/val/raw/train_eval) 1.2/0.4/0.4/0.5s | 2.6s
2026-08-30 03:52:22 | Epoch 036/060 | loss 1.9379 | cls 1.5459 | tal -0.0561 | dual_g 0.4088 | dual_d 0.9311 | train_acc 0.9375 | train_full n/a | val_acc 0.9730 | val_f1 0.9776 | adv/moduleC 1.00/1.00 | disc_steps 4 | grad(main/disc) 13.149/2.054 | lr(main/disc) 3.50e-05/1.38e-05 | cuda_peak(alloc/resv) 4.09/5.12GB | phase(train/val/raw/train_eval) 1.2/0.4/0.0/0.0s | 1.6s
2026-08-30 03:52:24 | Epoch 037/060 | loss 1.8711 | cls 1.4629 | tal 0.0159 | dual_g 0.4034 | dual_d 0.8876 | train_acc 0.9444 | train_full n/a | val_acc 1.0000 | val_f1 1.0000 | adv/moduleC 1.00/1.00 | disc_steps 4 | grad(main/disc) 12.550/1.972 | lr(main/disc) 3.50e-05/1.38e-05 | cuda_peak(alloc/resv) 4.09/5.12GB | phase(train/val/raw/train_eval) 1.2/0.4/0.0/0.0s | 1.6s
2026-08-30 03:52:26 | Epoch 038/060 | loss 1.8777 | cls 1.4812 | tal 0.0263 | dual_g 0.3886 | dual_d 0.8876 | train_acc 0.9167 | train_full n/a | val_acc 1.0000 | val_f1 1.0000 | adv/moduleC 1.00/1.00 | disc_steps 4 | grad(main/disc) 11.994/1.985 | lr(main/disc) 3.50e-05/1.38e-05 | cuda_peak(alloc/resv) 4.09/5.12GB | phase(train/val/raw/train_eval) 1.3/0.4/0.0/0.0s | 1.7s
2026-08-30 03:52:26 | Early stopping at epoch 38 after 12 epochs without val_f1_macro_present improvement.
2026-08-30 03:52:26 | Training complete. Peak validation accuracy: 1.0000 | selected val_f1_macro_present: 1.0000
