2026-08-29 15:35:52 | Starting Dual_D standalone training
2026-08-29 15:35:52 | Run directory: runs/module_c_ablation_60_v7/module_c_20260829_145907/module_c_full_雨天_20260829_145908
2026-08-29 15:35:52 | Device: cuda
2026-08-29 15:35:52 | Source train samples: 992
2026-08-29 15:35:52 | Target train samples: 96
2026-08-29 15:35:52 | Target val samples: 26
2026-08-29 15:35:52 | Classes: 14
2026-08-29 15:35:52 | Data audit: same_dir=False | path_overlap(vis/ir/ais)=0/0/0 | content_overlap(vis/ir/ais)=0/0/0 | ais_index_overlap=0 | stem_mismatch(vis-ir/vis-ais)=117/0
2026-08-29 15:35:52 | source_train classes: present 14/14 | absent 0 | counts [0:120, 1:44, 2:69, 3:45, 4:40, 5:30, 6:64, 7:80, 8:116, 9:68, 10:57, 11:83, 12:48, 13:128]
2026-08-29 15:35:52 | target_train classes: present 6/14 | absent 8 | counts [0:7, 2:19, 9:32, 10:12, 11:6, 13:20]
2026-08-29 15:35:52 | target_val classes: present 6/14 | absent 8 | counts [0:2, 2:5, 9:8, 10:4, 11:2, 13:5]
2026-08-29 15:35:52 | Paired training classes: 6/14 | class ids [0, 2, 9, 10, 11, 13]
2026-08-29 15:35:52 | Runtime profile: batch=92 | paired_steps=4 | workers=16 | train_eval_every=5 | raw_eval_every=5 | stability_window=3 | lr_scheduler_start=24 | early_stop=20 after min_epoch=50
2026-08-29 15:35:52 | VIS/IR pairing: class-level-unpaired | count-mismatch classes train/val: 10/0 | AIS alignment: none | AIS rows train/val: 0/0
2026-08-29 15:35:53 | Effective Dual-D loss weights: {"adv_auxiliary": 0.02, "adv_primary": 0.02, "classification": 0.6, "contrastive": 0.015, "cycle": 0.1, "identity": 0.015, "prototype_contrastive": 0.02}
2026-08-29 15:35:53 | Model parameters: total=17277714 | trainable=17120210
2026-08-29 15:35:58 | Epoch 001/060 | loss 6.0171 | cls 6.0485 | tal -0.1046 | dual_g 0.0000 | dual_d 0.0000 | train_acc 0.1168 | train_full 0.0833 | val_acc 0.1538 | val_f1 0.1310 | adv/moduleC 0.00/0.00 | disc_steps 0 | grad(main/disc) 18.724/0.000 | lr(main/disc) 1.00e-04/3.00e-05 | cuda_peak(alloc/resv) 21.77/28.18GB | phase(train/val/raw/train_eval) 3.4/0.4/0.4/0.6s | 4.9s
2026-08-29 15:36:01 | Epoch 002/060 | loss 4.0414 | cls 4.1317 | tal -0.3009 | dual_g 0.0000 | dual_d 0.0000 | train_acc 0.3071 | train_full n/a | val_acc 0.0769 | val_f1 0.0278 | adv/moduleC 0.00/0.00 | disc_steps 0 | grad(main/disc) 13.130/0.000 | lr(main/disc) 1.00e-04/3.00e-05 | cuda_peak(alloc/resv) 21.77/28.18GB | phase(train/val/raw/train_eval) 2.7/0.4/0.0/0.0s | 3.1s
2026-08-29 15:36:05 | Epoch 003/060 | loss 3.1707 | cls 3.3271 | tal -0.5212 | dual_g 0.0000 | dual_d 0.0000 | train_acc 0.4239 | train_full n/a | val_acc 0.1154 | val_f1 0.0914 | adv/moduleC 0.00/0.00 | disc_steps 0 | grad(main/disc) 10.527/0.000 | lr(main/disc) 1.00e-04/3.00e-05 | cuda_peak(alloc/resv) 21.77/28.18GB | phase(train/val/raw/train_eval) 2.9/0.4/0.4/0.0s | 3.7s
2026-08-29 15:36:07 | New best val_f1_macro_present: raw=0.0914 stable_score=0.0278 at epoch 3
2026-08-29 15:36:11 | Epoch 004/060 | loss 2.9673 | cls 2.8509 | tal -0.5460 | dual_g 0.2802 | dual_d 0.0000 | train_acc 0.5815 | train_full n/a | val_acc 0.0769 | val_f1 0.0278 | adv/moduleC 0.00/0.14 | disc_steps 0 | grad(main/disc) 9.454/0.000 | lr(main/disc) 1.00e-04/3.00e-05 | cuda_peak(alloc/resv) 21.77/28.18GB | phase(train/val/raw/train_eval) 3.5/0.4/0.0/0.0s | 3.9s
2026-08-29 15:36:16 | Epoch 005/060 | loss 2.6964 | cls 2.3890 | tal -0.5191 | dual_g 0.4631 | dual_d 0.0000 | train_acc 0.7038 | train_full 0.0729 | val_acc 0.0769 | val_f1 0.0370 | adv/moduleC 0.00/0.29 | disc_steps 0 | grad(main/disc) 8.416/0.000 | lr(main/disc) 1.00e-04/3.00e-05 | cuda_peak(alloc/resv) 21.77/28.18GB | phase(train/val/raw/train_eval) 3.3/0.4/0.4/0.6s | 4.7s
2026-08-29 15:36:19 | Epoch 006/060 | loss 2.5881 | cls 2.0796 | tal -0.4440 | dual_g 0.6417 | dual_d 0.7952 | train_acc 0.7799 | train_full n/a | val_acc 0.2308 | val_f1 0.1442 | adv/moduleC 0.07/0.43 | disc_steps 2 | grad(main/disc) 8.441/1.637 | lr(main/disc) 1.00e-04/3.00e-05 | cuda_peak(alloc/resv) 21.77/28.18GB | phase(train/val/raw/train_eval) 2.9/0.4/0.0/0.0s | 3.3s
2026-08-29 15:36:23 | Epoch 007/060 | loss 2.5063 | cls 1.8703 | tal -0.3993 | dual_g 0.7558 | dual_d 0.7845 | train_acc 0.8397 | train_full n/a | val_acc 0.2308 | val_f1 0.1528 | adv/moduleC 0.13/0.57 | disc_steps 2 | grad(main/disc) 7.803/1.583 | lr(main/disc) 1.00e-04/3.00e-05 | cuda_peak(alloc/resv) 21.77/28.18GB | phase(train/val/raw/train_eval) 3.0/0.4/0.4/0.0s | 3.8s
2026-08-29 15:36:26 | New best val_f1_macro_present: raw=0.1528 stable_score=0.0370 at epoch 7
2026-08-29 15:36:30 | Epoch 008/060 | loss 2.4206 | cls 1.6997 | tal -0.4112 | dual_g 0.8442 | dual_d 0.8000 | train_acc 0.8641 | train_full n/a | val_acc 0.3077 | val_f1 0.2442 | adv/moduleC 0.20/0.71 | disc_steps 2 | grad(main/disc) 8.455/1.500 | lr(main/disc) 1.00e-04/3.00e-05 | cuda_peak(alloc/resv) 21.77/28.18GB | phase(train/val/raw/train_eval) 3.1/0.4/0.4/0.0s | 3.9s
2026-08-29 15:36:32 | New best val_f1_macro_present: raw=0.2442 stable_score=0.1442 at epoch 8
2026-08-29 15:36:36 | Epoch 009/060 | loss 2.4642 | cls 1.6144 | tal -0.3725 | dual_g 0.9615 | dual_d 0.7976 | train_acc 0.8940 | train_full n/a | val_acc 0.3077 | val_f1 0.2534 | adv/moduleC 0.27/0.86 | disc_steps 2 | grad(main/disc) 9.272/1.508 | lr(main/disc) 1.00e-04/3.00e-05 | cuda_peak(alloc/resv) 21.77/28.18GB | phase(train/val/raw/train_eval) 2.7/0.4/0.4/0.0s | 3.5s
2026-08-29 15:36:39 | New best val_f1_macro_present: raw=0.2534 stable_score=0.1528 at epoch 9
2026-08-29 15:36:43 | Epoch 010/060 | loss 2.4462 | cls 1.5003 | tal -0.3705 | dual_g 1.0570 | dual_d 0.7658 | train_acc 0.9484 | train_full 0.4896 | val_acc 0.3846 | val_f1 0.3069 | adv/moduleC 0.33/1.00 | disc_steps 2 | grad(main/disc) 10.524/1.492 | lr(main/disc) 1.00e-04/3.00e-05 | cuda_peak(alloc/resv) 21.77/28.18GB | phase(train/val/raw/train_eval) 2.9/0.4/0.4/0.6s | 4.4s
2026-08-29 15:36:46 | New best val_f1_macro_present: raw=0.3069 stable_score=0.2442 at epoch 10
2026-08-29 15:36:50 | Epoch 011/060 | loss 2.3273 | cls 1.4353 | tal -0.3160 | dual_g 0.9868 | dual_d 0.7972 | train_acc 0.9457 | train_full n/a | val_acc 0.6154 | val_f1 0.6582 | adv/moduleC 0.40/1.00 | disc_steps 2 | grad(main/disc) 8.628/1.489 | lr(main/disc) 1.00e-04/3.00e-05 | cuda_peak(alloc/resv) 21.77/28.18GB | phase(train/val/raw/train_eval) 3.2/0.4/0.4/0.0s | 4.1s
2026-08-29 15:36:52 | New best val_f1_macro_present: raw=0.6582 stable_score=0.2534 at epoch 11
2026-08-29 15:36:56 | Epoch 012/060 | loss 2.2028 | cls 1.3280 | tal -0.2487 | dual_g 0.9495 | dual_d 0.8103 | train_acc 0.9674 | train_full n/a | val_acc 0.7692 | val_f1 0.7992 | adv/moduleC 0.47/1.00 | disc_steps 2 | grad(main/disc) 8.754/1.452 | lr(main/disc) 1.00e-04/3.00e-05 | cuda_peak(alloc/resv) 21.77/28.18GB | phase(train/val/raw/train_eval) 2.7/0.4/0.4/0.0s | 3.5s
2026-08-29 15:36:59 | New best val_f1_macro_present: raw=0.7992 stable_score=0.3069 at epoch 12
2026-08-29 15:37:02 | Epoch 013/060 | loss 2.0879 | cls 1.2695 | tal -0.2524 | dual_g 0.8941 | dual_d 0.8227 | train_acc 0.9891 | train_full n/a | val_acc 0.6923 | val_f1 0.7130 | adv/moduleC 0.53/1.00 | disc_steps 2 | grad(main/disc) 7.152/1.515 | lr(main/disc) 1.00e-04/3.00e-05 | cuda_peak(alloc/resv) 21.77/28.18GB | phase(train/val/raw/train_eval) 3.0/0.4/0.4/0.0s | 3.8s
2026-08-29 15:37:05 | New best val_f1_macro_present: raw=0.7130 stable_score=0.6582 at epoch 13
2026-08-29 15:37:09 | Epoch 014/060 | loss 2.0068 | cls 1.2227 | tal -0.2994 | dual_g 0.8739 | dual_d 0.8190 | train_acc 0.9810 | train_full n/a | val_acc 0.6923 | val_f1 0.7072 | adv/moduleC 0.60/1.00 | disc_steps 2 | grad(main/disc) 6.846/1.443 | lr(main/disc) 1.00e-04/3.00e-05 | cuda_peak(alloc/resv) 21.77/28.18GB | phase(train/val/raw/train_eval) 2.8/0.4/0.4/0.0s | 3.7s
2026-08-29 15:37:11 | New best val_f1_macro_present: raw=0.7072 stable_score=0.7072 at epoch 14
2026-08-29 15:37:16 | Epoch 015/060 | loss 1.9839 | cls 1.2088 | tal -0.2548 | dual_g 0.8515 | dual_d 0.7822 | train_acc 0.9837 | train_full 0.8542 | val_acc 0.7308 | val_f1 0.7541 | adv/moduleC 0.67/1.00 | disc_steps 2 | grad(main/disc) 6.578/1.357 | lr(main/disc) 1.00e-04/3.00e-05 | cuda_peak(alloc/resv) 21.77/28.18GB | phase(train/val/raw/train_eval) 2.9/0.4/0.4/0.6s | 4.4s
2026-08-29 15:37:19 | Epoch 016/060 | loss 1.9208 | cls 1.1626 | tal -0.2886 | dual_g 0.8448 | dual_d 0.8356 | train_acc 0.9946 | train_full n/a | val_acc 0.8462 | val_f1 0.8611 | adv/moduleC 0.73/1.00 | disc_steps 2 | grad(main/disc) 6.526/1.433 | lr(main/disc) 1.00e-04/3.00e-05 | cuda_peak(alloc/resv) 21.77/28.18GB | phase(train/val/raw/train_eval) 3.2/0.4/0.0/0.0s | 3.6s
2026-08-29 15:37:23 | Epoch 017/060 | loss 1.8671 | cls 1.1378 | tal -0.2880 | dual_g 0.8157 | dual_d 0.7986 | train_acc 0.9946 | train_full n/a | val_acc 0.9231 | val_f1 0.9429 | adv/moduleC 0.80/1.00 | disc_steps 2 | grad(main/disc) 6.702/1.404 | lr(main/disc) 1.00e-04/3.00e-05 | cuda_peak(alloc/resv) 21.77/28.18GB | phase(train/val/raw/train_eval) 2.9/0.4/0.4/0.0s | 3.7s
2026-08-29 15:37:26 | New best val_f1_macro_present: raw=0.9429 stable_score=0.7541 at epoch 17
2026-08-29 15:37:30 | Epoch 018/060 | loss 1.8488 | cls 1.1267 | tal -0.3039 | dual_g 0.8133 | dual_d 0.8217 | train_acc 0.9864 | train_full n/a | val_acc 1.0000 | val_f1 1.0000 | adv/moduleC 0.87/1.00 | disc_steps 2 | grad(main/disc) 5.690/1.377 | lr(main/disc) 1.00e-04/3.00e-05 | cuda_peak(alloc/resv) 21.77/28.18GB | phase(train/val/raw/train_eval) 3.3/0.4/0.4/0.0s | 4.1s
2026-08-29 15:37:32 | New best val_f1_macro_present: raw=1.0000 stable_score=0.8611 at epoch 18
2026-08-29 15:37:36 | Epoch 019/060 | loss 1.8723 | cls 1.1469 | tal -0.2274 | dual_g 0.7936 | dual_d 0.8322 | train_acc 0.9973 | train_full n/a | val_acc 1.0000 | val_f1 1.0000 | adv/moduleC 0.93/1.00 | disc_steps 2 | grad(main/disc) 5.463/1.373 | lr(main/disc) 1.00e-04/3.00e-05 | cuda_peak(alloc/resv) 21.77/28.18GB | phase(train/val/raw/train_eval) 3.0/0.4/0.4/0.0s | 3.8s
2026-08-29 15:37:39 | New best val_f1_macro_present: raw=1.0000 stable_score=0.9429 at epoch 19
2026-08-29 15:37:43 | Epoch 020/060 | loss 1.8440 | cls 1.1092 | tal -0.2070 | dual_g 0.7969 | dual_d 0.8541 | train_acc 0.9918 | train_full 0.9375 | val_acc 0.9231 | val_f1 0.9367 | adv/moduleC 1.00/1.00 | disc_steps 2 | grad(main/disc) 7.741/1.459 | lr(main/disc) 1.00e-04/3.00e-05 | cuda_peak(alloc/resv) 21.77/28.18GB | phase(train/val/raw/train_eval) 3.0/0.4/0.4/0.6s | 4.5s
2026-08-29 15:37:47 | Epoch 021/060 | loss 1.8327 | cls 1.1069 | tal -0.1924 | dual_g 0.7835 | dual_d 0.8551 | train_acc 0.9946 | train_full n/a | val_acc 0.8462 | val_f1 0.8626 | adv/moduleC 1.00/1.00 | disc_steps 2 | grad(main/disc) 4.706/1.423 | lr(main/disc) 1.00e-04/3.00e-05 | cuda_peak(alloc/resv) 21.77/28.18GB | phase(train/val/raw/train_eval) 2.8/0.4/0.0/0.0s | 3.2s
2026-08-29 15:37:50 | Epoch 022/060 | loss 1.7950 | cls 1.0658 | tal -0.1886 | dual_g 0.7858 | dual_d 0.8951 | train_acc 0.9973 | train_full n/a | val_acc 0.9231 | val_f1 0.9429 | adv/moduleC 1.00/1.00 | disc_steps 2 | grad(main/disc) 3.676/1.406 | lr(main/disc) 1.00e-04/3.00e-05 | cuda_peak(alloc/resv) 21.77/28.18GB | phase(train/val/raw/train_eval) 3.0/0.4/0.0/0.0s | 3.4s
2026-08-29 15:37:53 | Epoch 023/060 | loss 1.7846 | cls 1.0722 | tal -0.1836 | dual_g 0.7675 | dual_d 0.8604 | train_acc 1.0000 | train_full n/a | val_acc 0.9231 | val_f1 0.9429 | adv/moduleC 1.00/1.00 | disc_steps 2 | grad(main/disc) 3.681/1.405 | lr(main/disc) 1.00e-04/3.00e-05 | cuda_peak(alloc/resv) 21.77/28.18GB | phase(train/val/raw/train_eval) 3.1/0.4/0.0/0.0s | 3.5s
2026-08-29 15:37:57 | Epoch 024/060 | loss 1.7878 | cls 1.0517 | tal -0.0793 | dual_g 0.7598 | dual_d 0.9221 | train_acc 0.9973 | train_full n/a | val_acc 0.8846 | val_f1 0.8949 | adv/moduleC 1.00/1.00 | disc_steps 2 | grad(main/disc) 3.188/1.443 | lr(main/disc) 1.00e-04/3.00e-05 | cuda_peak(alloc/resv) 21.77/28.18GB | phase(train/val/raw/train_eval) 2.8/0.4/0.0/0.0s | 3.2s
2026-08-29 15:38:01 | Epoch 025/060 | loss 1.7922 | cls 1.0631 | tal -0.1034 | dual_g 0.7601 | dual_d 0.9566 | train_acc 1.0000 | train_full 0.9792 | val_acc 1.0000 | val_f1 1.0000 | adv/moduleC 1.00/1.00 | disc_steps 2 | grad(main/disc) 3.076/1.473 | lr(main/disc) 1.00e-04/3.00e-05 | cuda_peak(alloc/resv) 21.77/28.18GB | phase(train/val/raw/train_eval) 3.0/0.4/0.4/0.6s | 4.5s
2026-08-29 15:38:05 | Epoch 026/060 | loss 1.7916 | cls 1.0496 | tal -0.0364 | dual_g 0.7529 | dual_d 0.9373 | train_acc 0.9973 | train_full n/a | val_acc 1.0000 | val_f1 1.0000 | adv/moduleC 1.00/1.00 | disc_steps 2 | grad(main/disc) 4.433/1.500 | lr(main/disc) 1.00e-04/3.00e-05 | cuda_peak(alloc/resv) 21.77/28.18GB | phase(train/val/raw/train_eval) 3.0/0.4/0.0/0.0s | 3.4s
2026-08-29 15:38:09 | Epoch 027/060 | loss 1.7935 | cls 1.0608 | tal -0.0492 | dual_g 0.7475 | dual_d 0.9495 | train_acc 0.9973 | train_full n/a | val_acc 1.0000 | val_f1 1.0000 | adv/moduleC 1.00/1.00 | disc_steps 2 | grad(main/disc) 3.939/1.488 | lr(main/disc) 1.00e-04/3.00e-05 | cuda_peak(alloc/resv) 21.77/28.18GB | phase(train/val/raw/train_eval) 3.2/0.4/0.4/0.0s | 4.0s
2026-08-29 15:38:11 | New best val_f1_macro_present: raw=1.0000 stable_score=1.0000 at epoch 27
2026-08-29 15:38:15 | Epoch 028/060 | loss 1.7749 | cls 1.0563 | tal -0.0871 | dual_g 0.7447 | dual_d 0.9454 | train_acc 1.0000 | train_full n/a | val_acc 0.9615 | val_f1 0.9663 | adv/moduleC 1.00/1.00 | disc_steps 2 | grad(main/disc) 3.836/1.418 | lr(main/disc) 1.00e-04/3.00e-05 | cuda_peak(alloc/resv) 21.77/28.18GB | phase(train/val/raw/train_eval) 3.3/0.4/0.0/0.0s | 3.7s
2026-08-29 15:38:19 | Epoch 029/060 | loss 1.7387 | cls 1.0428 | tal -0.1294 | dual_g 0.7348 | dual_d 0.9873 | train_acc 0.9946 | train_full n/a | val_acc 0.9231 | val_f1 0.9426 | adv/moduleC 1.00/1.00 | disc_steps 2 | grad(main/disc) 3.435/1.481 | lr(main/disc) 1.00e-04/3.00e-05 | cuda_peak(alloc/resv) 21.77/28.18GB | phase(train/val/raw/train_eval) 3.2/0.4/0.0/0.0s | 3.6s
2026-08-29 15:38:23 | Epoch 030/060 | loss 1.7419 | cls 1.0559 | tal -0.1940 | dual_g 0.7443 | dual_d 0.9771 | train_acc 0.9973 | train_full 1.0000 | val_acc 1.0000 | val_f1 1.0000 | adv/moduleC 1.00/1.00 | disc_steps 2 | grad(main/disc) 4.537/1.486 | lr(main/disc) 1.00e-04/3.00e-05 | cuda_peak(alloc/resv) 21.77/28.18GB | phase(train/val/raw/train_eval) 3.1/0.4/0.4/0.6s | 4.6s
2026-08-29 15:38:27 | Epoch 031/060 | loss 1.7156 | cls 1.0321 | tal -0.2030 | dual_g 0.7444 | dual_d 0.9668 | train_acc 1.0000 | train_full n/a | val_acc 1.0000 | val_f1 1.0000 | adv/moduleC 1.00/1.00 | disc_steps 2 | grad(main/disc) 2.487/1.440 | lr(main/disc) 1.00e-04/3.00e-05 | cuda_peak(alloc/resv) 21.77/28.18GB | phase(train/val/raw/train_eval) 3.0/0.4/0.0/0.0s | 3.4s
2026-08-29 15:38:30 | Epoch 032/060 | loss 1.7115 | cls 1.0329 | tal -0.1796 | dual_g 0.7325 | dual_d 1.0048 | train_acc 1.0000 | train_full n/a | val_acc 1.0000 | val_f1 1.0000 | adv/moduleC 1.00/1.00 | disc_steps 2 | grad(main/disc) 3.030/1.512 | lr(main/disc) 1.00e-04/3.00e-05 | cuda_peak(alloc/resv) 21.77/28.18GB | phase(train/val/raw/train_eval) 2.8/0.4/0.0/0.0s | 3.2s
2026-08-29 15:38:33 | Epoch 033/060 | loss 1.7400 | cls 1.0495 | tal -0.1446 | dual_g 0.7340 | dual_d 1.0022 | train_acc 1.0000 | train_full n/a | val_acc 1.0000 | val_f1 1.0000 | adv/moduleC 1.00/1.00 | disc_steps 2 | grad(main/disc) 5.067/1.455 | lr(main/disc) 1.00e-04/3.00e-05 | cuda_peak(alloc/resv) 21.77/28.18GB | phase(train/val/raw/train_eval) 3.1/0.4/0.0/0.0s | 3.5s
2026-08-29 15:38:37 | Epoch 034/060 | loss 1.6989 | cls 1.0221 | tal -0.1948 | dual_g 0.7352 | dual_d 0.9936 | train_acc 1.0000 | train_full n/a | val_acc 1.0000 | val_f1 1.0000 | adv/moduleC 1.00/1.00 | disc_steps 2 | grad(main/disc) 2.402/1.442 | lr(main/disc) 1.00e-04/3.00e-05 | cuda_peak(alloc/resv) 21.77/28.18GB | phase(train/val/raw/train_eval) 3.1/0.4/0.0/0.0s | 3.5s
2026-08-29 15:38:41 | Epoch 035/060 | loss 1.7118 | cls 1.0254 | tal -0.1478 | dual_g 0.7308 | dual_d 0.9881 | train_acc 0.9946 | train_full 1.0000 | val_acc 1.0000 | val_f1 1.0000 | adv/moduleC 1.00/1.00 | disc_steps 2 | grad(main/disc) 4.288/1.455 | lr(main/disc) 1.00e-04/3.00e-05 | cuda_peak(alloc/resv) 21.77/28.18GB | phase(train/val/raw/train_eval) 3.0/0.4/0.4/0.6s | 4.4s
2026-08-29 15:38:45 | Epoch 036/060 | loss 1.7127 | cls 1.0305 | tal -0.1300 | dual_g 0.7212 | dual_d 1.0399 | train_acc 1.0000 | train_full n/a | val_acc 1.0000 | val_f1 1.0000 | adv/moduleC 1.00/1.00 | disc_steps 2 | grad(main/disc) 2.638/1.477 | lr(main/disc) 1.00e-04/3.00e-05 | cuda_peak(alloc/resv) 21.77/28.18GB | phase(train/val/raw/train_eval) 3.1/0.4/0.0/0.0s | 3.5s
2026-08-29 15:38:48 | Epoch 037/060 | loss 1.7109 | cls 1.0273 | tal -0.1016 | dual_g 0.7141 | dual_d 1.0081 | train_acc 1.0000 | train_full n/a | val_acc 1.0000 | val_f1 1.0000 | adv/moduleC 1.00/1.00 | disc_steps 2 | grad(main/disc) 2.781/1.488 | lr(main/disc) 1.00e-04/3.00e-05 | cuda_peak(alloc/resv) 21.77/28.18GB | phase(train/val/raw/train_eval) 3.0/0.4/0.0/0.0s | 3.4s
2026-08-29 15:38:52 | Epoch 038/060 | loss 1.7057 | cls 1.0177 | tal -0.0686 | dual_g 0.7086 | dual_d 1.0509 | train_acc 0.9973 | train_full n/a | val_acc 1.0000 | val_f1 1.0000 | adv/moduleC 1.00/1.00 | disc_steps 2 | grad(main/disc) 2.436/1.543 | lr(main/disc) 5.00e-05/1.50e-05 | cuda_peak(alloc/resv) 21.77/28.18GB | phase(train/val/raw/train_eval) 3.0/0.4/0.0/0.0s | 3.4s
2026-08-29 15:38:55 | Epoch 039/060 | loss 1.6793 | cls 1.0193 | tal -0.1653 | dual_g 0.7096 | dual_d 1.0275 | train_acc 1.0000 | train_full n/a | val_acc 1.0000 | val_f1 1.0000 | adv/moduleC 1.00/1.00 | disc_steps 2 | grad(main/disc) 2.131/1.500 | lr(main/disc) 5.00e-05/1.50e-05 | cuda_peak(alloc/resv) 21.77/28.18GB | phase(train/val/raw/train_eval) 3.5/0.4/0.0/0.0s | 3.9s
2026-08-29 15:39:00 | Epoch 040/060 | loss 1.6692 | cls 1.0110 | tal -0.1683 | dual_g 0.7087 | dual_d 1.0145 | train_acc 0.9973 | train_full 1.0000 | val_acc 1.0000 | val_f1 1.0000 | adv/moduleC 1.00/1.00 | disc_steps 2 | grad(main/disc) 1.868/1.451 | lr(main/disc) 5.00e-05/1.50e-05 | cuda_peak(alloc/resv) 21.77/28.18GB | phase(train/val/raw/train_eval) 2.8/0.4/0.4/0.6s | 4.2s
2026-08-29 15:39:03 | Epoch 041/060 | loss 1.6532 | cls 1.0051 | tal -0.2069 | dual_g 0.7102 | dual_d 1.0628 | train_acc 1.0000 | train_full n/a | val_acc 1.0000 | val_f1 1.0000 | adv/moduleC 1.00/1.00 | disc_steps 2 | grad(main/disc) 1.592/1.512 | lr(main/disc) 5.00e-05/1.50e-05 | cuda_peak(alloc/resv) 21.77/28.18GB | phase(train/val/raw/train_eval) 3.1/0.4/0.0/0.0s | 3.5s
2026-08-29 15:39:06 | Epoch 042/060 | loss 1.6500 | cls 1.0007 | tal -0.1851 | dual_g 0.7049 | dual_d 1.0793 | train_acc 1.0000 | train_full n/a | val_acc 1.0000 | val_f1 1.0000 | adv/moduleC 1.00/1.00 | disc_steps 2 | grad(main/disc) 1.954/1.489 | lr(main/disc) 5.00e-05/1.50e-05 | cuda_peak(alloc/resv) 21.77/28.18GB | phase(train/val/raw/train_eval) 2.7/0.4/0.0/0.0s | 3.1s
2026-08-29 15:39:10 | Epoch 043/060 | loss 1.6483 | cls 1.0084 | tal -0.2078 | dual_g 0.7022 | dual_d 1.0454 | train_acc 0.9973 | train_full n/a | val_acc 1.0000 | val_f1 1.0000 | adv/moduleC 1.00/1.00 | disc_steps 2 | grad(main/disc) 1.540/1.444 | lr(main/disc) 5.00e-05/1.50e-05 | cuda_peak(alloc/resv) 21.77/28.18GB | phase(train/val/raw/train_eval) 3.0/0.4/0.0/0.0s | 3.4s
2026-08-29 15:39:13 | Epoch 044/060 | loss 1.6516 | cls 1.0045 | tal -0.1916 | dual_g 0.7047 | dual_d 1.0562 | train_acc 1.0000 | train_full n/a | val_acc 1.0000 | val_f1 1.0000 | adv/moduleC 1.00/1.00 | disc_steps 2 | grad(main/disc) 1.615/1.447 | lr(main/disc) 5.00e-05/1.50e-05 | cuda_peak(alloc/resv) 21.77/28.18GB | phase(train/val/raw/train_eval) 3.1/0.4/0.0/0.0s | 3.5s
2026-08-29 15:39:17 | Epoch 045/060 | loss 1.6467 | cls 1.0041 | tal -0.1977 | dual_g 0.7019 | dual_d 1.0446 | train_acc 1.0000 | train_full 1.0000 | val_acc 1.0000 | val_f1 1.0000 | adv/moduleC 1.00/1.00 | disc_steps 2 | grad(main/disc) 1.407/1.441 | lr(main/disc) 5.00e-05/1.50e-05 | cuda_peak(alloc/resv) 21.77/28.18GB | phase(train/val/raw/train_eval) 2.8/0.4/0.4/0.6s | 4.2s
2026-08-29 15:39:20 | Epoch 046/060 | loss 1.6749 | cls 1.0142 | tal -0.1333 | dual_g 0.7007 | dual_d 1.0184 | train_acc 1.0000 | train_full n/a | val_acc 1.0000 | val_f1 1.0000 | adv/moduleC 1.00/1.00 | disc_steps 2 | grad(main/disc) 1.689/1.423 | lr(main/disc) 5.00e-05/1.50e-05 | cuda_peak(alloc/resv) 21.77/28.18GB | phase(train/val/raw/train_eval) 2.7/0.4/0.0/0.0s | 3.1s
2026-08-29 15:39:24 | Epoch 047/060 | loss 1.6449 | cls 1.0011 | tal -0.2046 | dual_g 0.7051 | dual_d 1.0840 | train_acc 1.0000 | train_full n/a | val_acc 0.9615 | val_f1 0.9663 | adv/moduleC 1.00/1.00 | disc_steps 2 | grad(main/disc) 1.615/1.463 | lr(main/disc) 5.00e-05/1.50e-05 | cuda_peak(alloc/resv) 21.77/28.18GB | phase(train/val/raw/train_eval) 3.0/0.4/0.0/0.0s | 3.4s
2026-08-29 15:39:27 | Epoch 048/060 | loss 1.6322 | cls 0.9962 | tal -0.2072 | dual_g 0.6982 | dual_d 1.0793 | train_acc 1.0000 | train_full n/a | val_acc 1.0000 | val_f1 1.0000 | adv/moduleC 1.00/1.00 | disc_steps 2 | grad(main/disc) 1.394/1.510 | lr(main/disc) 5.00e-05/1.50e-05 | cuda_peak(alloc/resv) 21.77/28.18GB | phase(train/val/raw/train_eval) 3.0/0.4/0.0/0.0s | 3.4s
2026-08-29 15:39:30 | Epoch 049/060 | loss 1.6399 | cls 1.0049 | tal -0.2352 | dual_g 0.7056 | dual_d 1.1006 | train_acc 1.0000 | train_full n/a | val_acc 0.9615 | val_f1 0.9663 | adv/moduleC 1.00/1.00 | disc_steps 2 | grad(main/disc) 1.807/1.526 | lr(main/disc) 5.00e-05/1.50e-05 | cuda_peak(alloc/resv) 21.77/28.18GB | phase(train/val/raw/train_eval) 2.6/0.4/0.0/0.0s | 3.0s
2026-08-29 15:39:35 | Epoch 050/060 | loss 1.6544 | cls 0.9971 | tal -0.1521 | dual_g 0.7029 | dual_d 1.0620 | train_acc 1.0000 | train_full 1.0000 | val_acc 1.0000 | val_f1 1.0000 | adv/moduleC 1.00/1.00 | disc_steps 2 | grad(main/disc) 1.555/1.473 | lr(main/disc) 5.00e-05/1.50e-05 | cuda_peak(alloc/resv) 21.77/28.18GB | phase(train/val/raw/train_eval) 3.1/0.4/0.4/0.6s | 4.5s
2026-08-29 15:39:35 | Early stopping at epoch 50 after 23 epochs without val_f1_macro_present improvement.
2026-08-29 15:39:35 | Training complete. Peak validation accuracy: 1.0000 | selected val_f1_macro_present: 1.0000
