2026-08-26 22:06:07 | Starting Dual_D standalone training
2026-08-26 22:06:07 | Run directory: runs/module_c_ablation_60_v4/module_c_20260826_164328/module_c_no_classification_feedback_雨天_20260826_211522
2026-08-26 22:06:07 | Device: cuda
2026-08-26 22:06:07 | Source train samples: 992
2026-08-26 22:06:07 | Target train samples: 96
2026-08-26 22:06:07 | Target val samples: 26
2026-08-26 22:06:07 | Classes: 14
2026-08-26 22:06:07 | Data audit: same_dir=False | path_overlap(vis/ir/ais)=0/0/0 | content_overlap(vis/ir/ais)=0/0/0 | ais_index_overlap=0 | stem_mismatch(vis-ir/vis-ais)=117/0
2026-08-26 22:06:07 | source_train classes: present 14/14 | absent 0 | counts [0:120, 1:44, 2:69, 3:45, 4:40, 5:30, 6:64, 7:80, 8:116, 9:68, 10:57, 11:83, 12:48, 13:128]
2026-08-26 22:06:07 | target_train classes: present 6/14 | absent 8 | counts [0:7, 2:19, 9:32, 10:12, 11:6, 13:20]
2026-08-26 22:06:07 | target_val classes: present 6/14 | absent 8 | counts [0:2, 2:5, 9:8, 10:4, 11:2, 13:5]
2026-08-26 22:06:07 | Paired training classes: 6/14 | class ids [0, 2, 9, 10, 11, 13]
2026-08-26 22:06:07 | Runtime profile: batch=80 | paired_steps=3 | workers=16 | train_eval_every=5 | raw_eval_every=5 | early_stop=15 after min_epoch=35
2026-08-26 22:06:07 | VIS/IR pairing: class-level-unpaired | count-mismatch classes train/val: 10/0 | AIS alignment: none | AIS rows train/val: 0/0
2026-08-26 22:06:08 | Model parameters: total=17277714 | trainable=17120210
2026-08-26 22:06:13 | Epoch 001/060 | loss 5.8613 | cls 5.8406 | tal 0.0693 | dual_g 0.0000 | dual_d 0.0000 | train_acc 0.0833 | train_full 0.1042 | val_acc 0.1538 | val_f1 0.2037 | adv/moduleC 0.00/0.00 | disc_steps 0 | grad(main/disc) 18.011/0.000 | lr(main/disc) 9.00e-05/3.50e-05 | cuda_peak(alloc/resv) 18.96/24.42GB | phase(train/val/raw/train_eval) 3.1/0.5/0.5/0.7s | 4.8s
2026-08-26 22:06:17 | New best val_f1_macro_present: 0.2037 at epoch 1
2026-08-26 22:06:21 | Epoch 002/060 | loss 4.8285 | cls 4.8189 | tal 0.0320 | dual_g 0.0000 | dual_d 0.0000 | train_acc 0.1125 | train_full n/a | val_acc 0.2692 | val_f1 0.1493 | adv/moduleC 0.00/0.00 | disc_steps 0 | grad(main/disc) 15.640/0.000 | lr(main/disc) 9.00e-05/3.50e-05 | cuda_peak(alloc/resv) 18.96/24.42GB | phase(train/val/raw/train_eval) 3.1/0.5/0.0/0.0s | 3.7s
2026-08-26 22:06:25 | Epoch 003/060 | loss 4.1986 | cls 4.1901 | tal 0.0285 | dual_g 0.0000 | dual_d 0.0000 | train_acc 0.2333 | train_full n/a | val_acc 0.2308 | val_f1 0.1706 | adv/moduleC 0.00/0.00 | disc_steps 0 | grad(main/disc) 12.997/0.000 | lr(main/disc) 9.00e-05/3.50e-05 | cuda_peak(alloc/resv) 18.96/24.42GB | phase(train/val/raw/train_eval) 3.1/0.5/0.0/0.0s | 3.6s
2026-08-26 22:06:28 | Epoch 004/060 | loss 3.6857 | cls 3.6856 | tal 0.0005 | dual_g 0.0000 | dual_d 0.0000 | train_acc 0.2708 | train_full n/a | val_acc 0.1923 | val_f1 0.0575 | adv/moduleC 0.00/0.00 | disc_steps 0 | grad(main/disc) 11.528/0.000 | lr(main/disc) 9.00e-05/3.50e-05 | cuda_peak(alloc/resv) 18.96/24.42GB | phase(train/val/raw/train_eval) 2.8/0.5/0.0/0.0s | 3.2s
2026-08-26 22:06:33 | Epoch 005/060 | loss 3.6477 | cls 3.6278 | tal -0.0509 | dual_g 0.0353 | dual_d 0.0000 | train_acc 0.3375 | train_full 0.2188 | val_acc 0.1923 | val_f1 0.0617 | adv/moduleC 0.00/0.10 | disc_steps 0 | grad(main/disc) 11.278/0.000 | lr(main/disc) 9.00e-05/3.50e-05 | cuda_peak(alloc/resv) 18.96/24.42GB | phase(train/val/raw/train_eval) 3.2/0.5/0.5/0.7s | 5.0s
2026-08-26 22:06:36 | Epoch 006/060 | loss 3.2928 | cls 3.2453 | tal -0.0739 | dual_g 0.0697 | dual_d 0.0000 | train_acc 0.4458 | train_full n/a | val_acc 0.1923 | val_f1 0.0909 | adv/moduleC 0.00/0.20 | disc_steps 0 | grad(main/disc) 10.352/0.000 | lr(main/disc) 9.00e-05/3.50e-05 | cuda_peak(alloc/resv) 18.96/24.42GB | phase(train/val/raw/train_eval) 2.8/0.5/0.0/0.0s | 3.3s
2026-08-26 22:06:40 | Epoch 007/060 | loss 2.9940 | cls 2.9225 | tal -0.1103 | dual_g 0.1046 | dual_d 0.8385 | train_acc 0.4917 | train_full n/a | val_acc 0.1154 | val_f1 0.0877 | adv/moduleC 0.06/0.30 | disc_steps 3 | grad(main/disc) 9.760/1.852 | lr(main/disc) 9.00e-05/3.50e-05 | cuda_peak(alloc/resv) 18.96/24.42GB | phase(train/val/raw/train_eval) 3.5/0.5/0.0/0.0s | 4.0s
2026-08-26 22:06:43 | Epoch 008/060 | loss 2.9376 | cls 2.8313 | tal -0.1061 | dual_g 0.1381 | dual_d 0.8687 | train_acc 0.5417 | train_full n/a | val_acc 0.2308 | val_f1 0.1560 | adv/moduleC 0.11/0.40 | disc_steps 3 | grad(main/disc) 9.215/1.789 | lr(main/disc) 4.50e-05/1.75e-05 | cuda_peak(alloc/resv) 18.96/24.42GB | phase(train/val/raw/train_eval) 2.5/0.5/0.0/0.0s | 3.0s
2026-08-26 22:06:47 | Epoch 009/060 | loss 2.7872 | cls 2.6212 | tal -0.0099 | dual_g 0.1690 | dual_d 0.8645 | train_acc 0.6042 | train_full n/a | val_acc 0.2692 | val_f1 0.1889 | adv/moduleC 0.17/0.50 | disc_steps 3 | grad(main/disc) 8.886/1.798 | lr(main/disc) 4.50e-05/1.75e-05 | cuda_peak(alloc/resv) 18.96/24.42GB | phase(train/val/raw/train_eval) 3.3/0.5/0.0/0.0s | 3.8s
2026-08-26 22:06:52 | Epoch 010/060 | loss 2.7345 | cls 2.5461 | tal -0.0455 | dual_g 0.2021 | dual_d 0.8423 | train_acc 0.6292 | train_full 0.2083 | val_acc 0.3077 | val_f1 0.2193 | adv/moduleC 0.22/0.60 | disc_steps 3 | grad(main/disc) 8.831/1.735 | lr(main/disc) 4.50e-05/1.75e-05 | cuda_peak(alloc/resv) 18.96/24.42GB | phase(train/val/raw/train_eval) 3.1/0.5/0.5/0.7s | 4.8s
2026-08-26 22:06:56 | New best val_f1_macro_present: 0.2193 at epoch 10
2026-08-26 22:07:00 | Epoch 011/060 | loss 2.8053 | cls 2.5941 | tal -0.0771 | dual_g 0.2344 | dual_d 0.8385 | train_acc 0.6000 | train_full n/a | val_acc 0.3462 | val_f1 0.2436 | adv/moduleC 0.28/0.70 | disc_steps 3 | grad(main/disc) 9.401/1.824 | lr(main/disc) 4.50e-05/1.75e-05 | cuda_peak(alloc/resv) 18.96/24.42GB | phase(train/val/raw/train_eval) 3.1/0.5/0.6/0.0s | 4.2s
2026-08-26 22:07:04 | New best val_f1_macro_present: 0.2436 at epoch 11
2026-08-26 22:07:07 | Epoch 012/060 | loss 2.8625 | cls 2.5899 | tal 0.0106 | dual_g 0.2694 | dual_d 0.7689 | train_acc 0.6458 | train_full n/a | val_acc 0.2692 | val_f1 0.1890 | adv/moduleC 0.33/0.80 | disc_steps 3 | grad(main/disc) 9.561/1.748 | lr(main/disc) 4.50e-05/1.75e-05 | cuda_peak(alloc/resv) 18.96/24.42GB | phase(train/val/raw/train_eval) 2.5/0.5/0.0/0.0s | 3.0s
2026-08-26 22:07:10 | Epoch 013/060 | loss 2.7447 | cls 2.4285 | tal 0.0564 | dual_g 0.2993 | dual_d 0.8410 | train_acc 0.7458 | train_full n/a | val_acc 0.3077 | val_f1 0.2422 | adv/moduleC 0.39/0.90 | disc_steps 3 | grad(main/disc) 9.321/1.822 | lr(main/disc) 4.50e-05/1.75e-05 | cuda_peak(alloc/resv) 18.96/24.42GB | phase(train/val/raw/train_eval) 2.8/0.5/0.0/0.0s | 3.4s
2026-08-26 22:07:14 | Epoch 014/060 | loss 2.7010 | cls 2.3608 | tal 0.0395 | dual_g 0.3283 | dual_d 0.8114 | train_acc 0.6958 | train_full n/a | val_acc 0.3462 | val_f1 0.2871 | adv/moduleC 0.44/1.00 | disc_steps 3 | grad(main/disc) 9.713/1.724 | lr(main/disc) 4.50e-05/1.75e-05 | cuda_peak(alloc/resv) 18.96/24.42GB | phase(train/val/raw/train_eval) 3.0/0.5/0.5/0.0s | 4.0s
2026-08-26 22:07:18 | New best val_f1_macro_present: 0.2871 at epoch 14
2026-08-26 22:07:23 | Epoch 015/060 | loss 2.5371 | cls 2.2161 | tal -0.0122 | dual_g 0.3247 | dual_d 0.7670 | train_acc 0.7458 | train_full 0.4896 | val_acc 0.5000 | val_f1 0.4313 | adv/moduleC 0.50/1.00 | disc_steps 3 | grad(main/disc) 8.350/1.676 | lr(main/disc) 4.50e-05/1.75e-05 | cuda_peak(alloc/resv) 18.96/24.42GB | phase(train/val/raw/train_eval) 2.7/0.5/0.5/0.7s | 4.4s
2026-08-26 22:07:27 | New best val_f1_macro_present: 0.4313 at epoch 15
2026-08-26 22:07:30 | Epoch 016/060 | loss 2.5157 | cls 2.1930 | tal -0.0006 | dual_g 0.3230 | dual_d 0.8120 | train_acc 0.7625 | train_full n/a | val_acc 0.4231 | val_f1 0.3571 | adv/moduleC 0.56/1.00 | disc_steps 3 | grad(main/disc) 9.101/1.726 | lr(main/disc) 4.50e-05/1.75e-05 | cuda_peak(alloc/resv) 18.96/24.42GB | phase(train/val/raw/train_eval) 2.8/0.5/0.0/0.0s | 3.3s
2026-08-26 22:07:34 | Epoch 017/060 | loss 2.4968 | cls 2.1853 | tal -0.0296 | dual_g 0.3204 | dual_d 0.7748 | train_acc 0.7292 | train_full n/a | val_acc 0.4615 | val_f1 0.3844 | adv/moduleC 0.61/1.00 | disc_steps 3 | grad(main/disc) 8.884/1.594 | lr(main/disc) 4.50e-05/1.75e-05 | cuda_peak(alloc/resv) 18.96/24.42GB | phase(train/val/raw/train_eval) 2.9/0.5/0.0/0.0s | 3.4s
2026-08-26 22:07:37 | Epoch 018/060 | loss 2.2890 | cls 1.9739 | tal -0.0257 | dual_g 0.3229 | dual_d 0.7860 | train_acc 0.8042 | train_full n/a | val_acc 0.4615 | val_f1 0.3844 | adv/moduleC 0.67/1.00 | disc_steps 3 | grad(main/disc) 8.633/1.607 | lr(main/disc) 4.50e-05/1.75e-05 | cuda_peak(alloc/resv) 18.96/24.42GB | phase(train/val/raw/train_eval) 2.6/0.5/0.0/0.0s | 3.1s
2026-08-26 22:07:40 | Epoch 019/060 | loss 2.2604 | cls 1.9310 | tal 0.0274 | dual_g 0.3212 | dual_d 0.7904 | train_acc 0.7750 | train_full n/a | val_acc 0.5385 | val_f1 0.4457 | adv/moduleC 0.72/1.00 | disc_steps 3 | grad(main/disc) 8.957/1.644 | lr(main/disc) 4.50e-05/1.75e-05 | cuda_peak(alloc/resv) 18.96/24.42GB | phase(train/val/raw/train_eval) 2.7/0.5/0.5/0.0s | 3.7s
2026-08-26 22:07:45 | New best val_f1_macro_present: 0.4457 at epoch 19
2026-08-26 22:07:49 | Epoch 020/060 | loss 2.1833 | cls 1.8685 | tal -0.0104 | dual_g 0.3178 | dual_d 0.7995 | train_acc 0.8125 | train_full 0.6354 | val_acc 0.6923 | val_f1 0.6848 | adv/moduleC 0.78/1.00 | disc_steps 3 | grad(main/disc) 8.201/1.692 | lr(main/disc) 4.50e-05/1.75e-05 | cuda_peak(alloc/resv) 18.96/24.42GB | phase(train/val/raw/train_eval) 3.0/0.5/0.5/0.7s | 4.8s
2026-08-26 22:07:53 | New best val_f1_macro_present: 0.6848 at epoch 20
2026-08-26 22:07:57 | Epoch 021/060 | loss 2.1833 | cls 1.8672 | tal 0.0048 | dual_g 0.3146 | dual_d 0.7949 | train_acc 0.8375 | train_full n/a | val_acc 0.5000 | val_f1 0.5078 | adv/moduleC 0.83/1.00 | disc_steps 3 | grad(main/disc) 8.220/1.664 | lr(main/disc) 4.50e-05/1.75e-05 | cuda_peak(alloc/resv) 18.96/24.42GB | phase(train/val/raw/train_eval) 2.7/0.5/0.0/0.0s | 3.2s
2026-08-26 22:08:00 | Epoch 022/060 | loss 2.0612 | cls 1.7565 | tal -0.0240 | dual_g 0.3119 | dual_d 0.7955 | train_acc 0.8500 | train_full n/a | val_acc 0.3846 | val_f1 0.3254 | adv/moduleC 0.89/1.00 | disc_steps 3 | grad(main/disc) 8.244/1.587 | lr(main/disc) 4.50e-05/1.75e-05 | cuda_peak(alloc/resv) 18.96/24.42GB | phase(train/val/raw/train_eval) 2.9/0.5/0.0/0.0s | 3.4s
2026-08-26 22:08:03 | Epoch 023/060 | loss 2.0692 | cls 1.7611 | tal -0.0058 | dual_g 0.3098 | dual_d 0.8000 | train_acc 0.8250 | train_full n/a | val_acc 0.4615 | val_f1 0.3917 | adv/moduleC 0.94/1.00 | disc_steps 3 | grad(main/disc) 8.100/1.656 | lr(main/disc) 4.50e-05/1.75e-05 | cuda_peak(alloc/resv) 18.96/24.42GB | phase(train/val/raw/train_eval) 2.9/0.5/0.0/0.0s | 3.4s
2026-08-26 22:08:08 | Epoch 024/060 | loss 2.0088 | cls 1.6888 | tal 0.0259 | dual_g 0.3122 | dual_d 0.8083 | train_acc 0.8375 | train_full n/a | val_acc 0.4615 | val_f1 0.3939 | adv/moduleC 1.00/1.00 | disc_steps 3 | grad(main/disc) 6.988/1.686 | lr(main/disc) 4.50e-05/1.75e-05 | cuda_peak(alloc/resv) 18.96/24.42GB | phase(train/val/raw/train_eval) 3.6/0.5/0.0/0.0s | 4.1s
2026-08-26 22:08:12 | Epoch 025/060 | loss 1.8770 | cls 1.6026 | tal -0.0931 | dual_g 0.3023 | dual_d 0.8227 | train_acc 0.9250 | train_full 0.6250 | val_acc 0.5769 | val_f1 0.5588 | adv/moduleC 1.00/1.00 | disc_steps 3 | grad(main/disc) 8.883/1.665 | lr(main/disc) 4.50e-05/1.75e-05 | cuda_peak(alloc/resv) 18.96/24.42GB | phase(train/val/raw/train_eval) 2.8/0.5/0.5/0.7s | 4.6s
2026-08-26 22:08:15 | Epoch 026/060 | loss 1.9344 | cls 1.6605 | tal -0.0847 | dual_g 0.2993 | dual_d 0.7992 | train_acc 0.9000 | train_full n/a | val_acc 0.5000 | val_f1 0.4772 | adv/moduleC 1.00/1.00 | disc_steps 3 | grad(main/disc) 10.566/1.642 | lr(main/disc) 4.50e-05/1.75e-05 | cuda_peak(alloc/resv) 18.96/24.42GB | phase(train/val/raw/train_eval) 2.7/0.5/0.0/0.0s | 3.2s
2026-08-26 22:08:19 | Epoch 027/060 | loss 1.9144 | cls 1.6503 | tal -0.1068 | dual_g 0.2962 | dual_d 0.7905 | train_acc 0.9042 | train_full n/a | val_acc 0.5000 | val_f1 0.5093 | adv/moduleC 1.00/1.00 | disc_steps 3 | grad(main/disc) 11.791/1.628 | lr(main/disc) 2.25e-05/8.75e-06 | cuda_peak(alloc/resv) 18.96/24.42GB | phase(train/val/raw/train_eval) 2.8/0.5/0.0/0.0s | 3.3s
2026-08-26 22:08:22 | Epoch 028/060 | loss 1.8979 | cls 1.6265 | tal -0.0700 | dual_g 0.2923 | dual_d 0.7920 | train_acc 0.8833 | train_full n/a | val_acc 0.5769 | val_f1 0.5766 | adv/moduleC 1.00/1.00 | disc_steps 3 | grad(main/disc) 9.324/1.569 | lr(main/disc) 2.25e-05/8.75e-06 | cuda_peak(alloc/resv) 18.96/24.42GB | phase(train/val/raw/train_eval) 2.8/0.5/0.0/0.0s | 3.2s
2026-08-26 22:08:25 | Epoch 029/060 | loss 1.8056 | cls 1.5440 | tal -0.1068 | dual_g 0.2936 | dual_d 0.7864 | train_acc 0.9042 | train_full n/a | val_acc 0.6538 | val_f1 0.6431 | adv/moduleC 1.00/1.00 | disc_steps 3 | grad(main/disc) 7.246/1.571 | lr(main/disc) 2.25e-05/8.75e-06 | cuda_peak(alloc/resv) 18.96/24.42GB | phase(train/val/raw/train_eval) 2.8/0.5/0.0/0.0s | 3.3s
2026-08-26 22:08:30 | Epoch 030/060 | loss 1.9069 | cls 1.6433 | tal -0.0753 | dual_g 0.2862 | dual_d 0.8093 | train_acc 0.8750 | train_full 0.6354 | val_acc 0.6538 | val_f1 0.6489 | adv/moduleC 1.00/1.00 | disc_steps 3 | grad(main/disc) 7.692/1.583 | lr(main/disc) 2.25e-05/8.75e-06 | cuda_peak(alloc/resv) 18.96/24.42GB | phase(train/val/raw/train_eval) 2.9/0.5/0.5/0.7s | 4.6s
2026-08-26 22:08:33 | Epoch 031/060 | loss 1.8478 | cls 1.5738 | tal -0.0459 | dual_g 0.2877 | dual_d 0.7957 | train_acc 0.9333 | train_full n/a | val_acc 0.5000 | val_f1 0.5100 | adv/moduleC 1.00/1.00 | disc_steps 3 | grad(main/disc) 9.616/1.592 | lr(main/disc) 2.25e-05/8.75e-06 | cuda_peak(alloc/resv) 18.96/24.42GB | phase(train/val/raw/train_eval) 2.9/0.5/0.0/0.0s | 3.5s
2026-08-26 22:08:36 | Epoch 032/060 | loss 1.7963 | cls 1.5442 | tal -0.1103 | dual_g 0.2852 | dual_d 0.7936 | train_acc 0.9042 | train_full n/a | val_acc 0.5000 | val_f1 0.5164 | adv/moduleC 1.00/1.00 | disc_steps 3 | grad(main/disc) 8.984/1.612 | lr(main/disc) 2.25e-05/8.75e-06 | cuda_peak(alloc/resv) 18.96/24.42GB | phase(train/val/raw/train_eval) 2.5/0.6/0.0/0.0s | 3.1s
2026-08-26 22:08:40 | Epoch 033/060 | loss 1.7953 | cls 1.5377 | tal -0.0917 | dual_g 0.2852 | dual_d 0.8128 | train_acc 0.9250 | train_full n/a | val_acc 0.6154 | val_f1 0.6175 | adv/moduleC 1.00/1.00 | disc_steps 3 | grad(main/disc) 8.296/1.591 | lr(main/disc) 2.25e-05/8.75e-06 | cuda_peak(alloc/resv) 18.96/24.42GB | phase(train/val/raw/train_eval) 3.1/0.5/0.0/0.0s | 3.7s
2026-08-26 22:08:43 | Epoch 034/060 | loss 1.8248 | cls 1.5573 | tal -0.0455 | dual_g 0.2811 | dual_d 0.7926 | train_acc 0.8958 | train_full n/a | val_acc 0.5385 | val_f1 0.5421 | adv/moduleC 1.00/1.00 | disc_steps 3 | grad(main/disc) 9.075/1.560 | lr(main/disc) 1.13e-05/4.37e-06 | cuda_peak(alloc/resv) 18.96/24.42GB | phase(train/val/raw/train_eval) 2.6/0.5/0.0/0.0s | 3.1s
2026-08-26 22:08:48 | Epoch 035/060 | loss 1.7606 | cls 1.5100 | tal -0.1080 | dual_g 0.2831 | dual_d 0.8399 | train_acc 0.9167 | train_full 0.6042 | val_acc 0.5000 | val_f1 0.5106 | adv/moduleC 1.00/1.00 | disc_steps 3 | grad(main/disc) 7.301/1.627 | lr(main/disc) 1.13e-05/4.37e-06 | cuda_peak(alloc/resv) 18.96/24.42GB | phase(train/val/raw/train_eval) 3.3/0.5/0.5/0.7s | 5.1s
2026-08-26 22:08:48 | Early stopping at epoch 35 after 15 epochs without val_f1_macro_present improvement.
2026-08-26 22:08:48 | Training complete. Best validation accuracy: 0.6923 | best val_f1_macro_present: 0.6848
