2026-08-30 16:59:09 | Starting Dual_D standalone training
2026-08-30 16:59:09 | Run directory: runs/module_c_v11_ablation_60/module_c_20260830_155840/module_c_no_identity_雨天_20260830_164025
2026-08-30 16:59:09 | Device: cuda
2026-08-30 16:59:09 | Source train samples: 992
2026-08-30 16:59:09 | Target train samples: 96
2026-08-30 16:59:09 | Target val samples: 26
2026-08-30 16:59:09 | Classes: 14
2026-08-30 16:59:09 | Data audit: same_dir=False | path_overlap(vis/ir/ais)=0/0/0 | content_overlap(vis/ir/ais)=0/0/0 | ais_index_overlap=0 | stem_mismatch(vis-ir/vis-ais)=117/0
2026-08-30 16:59:09 | source_train classes: present 14/14 | absent 0 | counts [0:120, 1:44, 2:69, 3:45, 4:40, 5:30, 6:64, 7:80, 8:116, 9:68, 10:57, 11:83, 12:48, 13:128]
2026-08-30 16:59:09 | target_train classes: present 6/14 | absent 8 | counts [0:7, 2:19, 9:32, 10:12, 11:6, 13:20]
2026-08-30 16:59:09 | target_val classes: present 6/14 | absent 8 | counts [0:2, 2:5, 9:8, 10:4, 11:2, 13:5]
2026-08-30 16:59:09 | Paired training classes: 6/14 | class ids [0, 2, 9, 10, 11, 13]
2026-08-30 16:59:09 | Runtime profile: batch=16 | paired_steps=6 | workers=16 | train_eval_every=5 | raw_eval_every=5 | stability_window=3 | lr_scheduler_start=24 | early_stop=12 after min_epoch=35
2026-08-30 16:59:09 | Augmentation profile: base=0.550 | visible=0.600 | infrared=0.400 | freeze_frozen_batch_norm_stats=True
2026-08-30 16:59:09 | VIS/IR pairing: class-level-unpaired | count-mismatch classes train/val: 10/0 | AIS alignment: none | AIS rows train/val: 0/0
2026-08-30 16:59:10 | Effective Dual-D loss weights: {"adv_auxiliary": 0.02, "adv_primary": 0.02, "classification": 0.6, "contrastive": 0.025, "cycle": 0.12, "identity": 0.0, "prototype_contrastive": 0.015}
2026-08-30 16:59:10 | Model parameters: total=17277714 | trainable=17120210
2026-08-30 16:59:12 | Epoch 001/060 | loss 5.7327 | cls 5.8095 | tal -0.2562 | dual_g 0.0000 | dual_d 0.0000 | train_acc 0.1042 | train_full 0.0938 | val_acc 0.1154 | val_f1 0.0751 | adv/moduleC 0.00/0.00 | disc_steps 0 | grad(main/disc) 33.192/0.000 | lr(main/disc) 9.00e-05/2.75e-05 | cuda_peak(alloc/resv) 4.09/5.12GB | phase(train/val/raw/train_eval) 1.2/0.4/0.4/0.4s | 2.3s
2026-08-30 16:59:14 | Epoch 002/060 | loss 4.1194 | cls 4.2765 | tal -0.5238 | dual_g 0.0000 | dual_d 0.0000 | train_acc 0.2917 | train_full n/a | val_acc 0.0769 | val_f1 0.0238 | adv/moduleC 0.00/0.00 | disc_steps 0 | grad(main/disc) 26.728/0.000 | lr(main/disc) 9.00e-05/2.75e-05 | cuda_peak(alloc/resv) 4.09/5.12GB | phase(train/val/raw/train_eval) 0.8/0.4/0.0/0.0s | 1.2s
2026-08-30 16:59:15 | Epoch 003/060 | loss 3.5397 | cls 3.7007 | tal -0.5365 | dual_g 0.0000 | dual_d 0.0000 | train_acc 0.4167 | train_full n/a | val_acc 0.1538 | val_f1 0.1389 | adv/moduleC 0.00/0.00 | disc_steps 0 | grad(main/disc) 23.101/0.000 | lr(main/disc) 9.00e-05/2.75e-05 | cuda_peak(alloc/resv) 4.09/5.12GB | phase(train/val/raw/train_eval) 0.8/0.4/0.4/0.0s | 1.5s
2026-08-30 16:59:17 | New best val_f1_macro_present: raw=0.1389 stable_score=0.0238 at epoch 3
2026-08-30 16:59:18 | Epoch 004/060 | loss 3.3853 | cls 3.2287 | tal -0.5176 | dual_g 0.3118 | dual_d 0.0000 | train_acc 0.3958 | train_full n/a | val_acc 0.3462 | val_f1 0.3671 | adv/moduleC 0.00/0.12 | disc_steps 0 | grad(main/disc) 20.996/0.000 | lr(main/disc) 9.00e-05/2.75e-05 | cuda_peak(alloc/resv) 4.09/5.12GB | phase(train/val/raw/train_eval) 0.9/0.4/0.0/0.0s | 1.2s
2026-08-30 16:59:20 | Epoch 005/060 | loss 3.8500 | cls 3.4103 | tal -0.4272 | dual_g 0.5679 | dual_d 0.0000 | train_acc 0.5521 | train_full 0.2812 | val_acc 0.4231 | val_f1 0.4241 | adv/moduleC 0.00/0.25 | disc_steps 0 | grad(main/disc) 21.940/0.000 | lr(main/disc) 9.00e-05/2.75e-05 | cuda_peak(alloc/resv) 4.09/5.12GB | phase(train/val/raw/train_eval) 0.8/0.4/0.4/0.4s | 1.9s
2026-08-30 16:59:22 | New best val_f1_macro_present: raw=0.4241 stable_score=0.1389 at epoch 5
2026-08-30 16:59:24 | Epoch 006/060 | loss 3.6106 | cls 2.9269 | tal -0.2750 | dual_g 0.7663 | dual_d 0.0000 | train_acc 0.5208 | train_full n/a | val_acc 0.4231 | val_f1 0.3841 | adv/moduleC 0.00/0.38 | disc_steps 0 | grad(main/disc) 20.479/0.000 | lr(main/disc) 9.00e-05/2.75e-05 | cuda_peak(alloc/resv) 4.09/5.12GB | phase(train/val/raw/train_eval) 0.8/0.4/0.4/0.0s | 1.5s
2026-08-30 16:59:26 | New best val_f1_macro_present: raw=0.3841 stable_score=0.3671 at epoch 6
2026-08-30 16:59:28 | Epoch 007/060 | loss 3.8469 | cls 2.9035 | tal -0.2859 | dual_g 1.0292 | dual_d 0.7669 | train_acc 0.6146 | train_full n/a | val_acc 0.5385 | val_f1 0.5312 | adv/moduleC 0.07/0.50 | disc_steps 3 | grad(main/disc) 21.474/2.220 | lr(main/disc) 9.00e-05/2.75e-05 | cuda_peak(alloc/resv) 4.09/5.12GB | phase(train/val/raw/train_eval) 1.1/0.4/0.4/0.0s | 1.8s
2026-08-30 16:59:30 | New best val_f1_macro_present: raw=0.5312 stable_score=0.3841 at epoch 7
2026-08-30 16:59:31 | Epoch 008/060 | loss 3.6609 | cls 2.5909 | tal -0.2627 | dual_g 1.1488 | dual_d 0.7467 | train_acc 0.6979 | train_full n/a | val_acc 0.4231 | val_f1 0.4336 | adv/moduleC 0.13/0.62 | disc_steps 3 | grad(main/disc) 20.506/2.140 | lr(main/disc) 9.00e-05/2.75e-05 | cuda_peak(alloc/resv) 4.09/5.12GB | phase(train/val/raw/train_eval) 0.8/0.4/0.0/0.0s | 1.2s
2026-08-30 16:59:33 | Epoch 009/060 | loss 3.8646 | cls 2.6592 | tal -0.3222 | dual_g 1.3021 | dual_d 0.7788 | train_acc 0.6250 | train_full n/a | val_acc 0.5769 | val_f1 0.5841 | adv/moduleC 0.20/0.75 | disc_steps 3 | grad(main/disc) 21.635/2.116 | lr(main/disc) 9.00e-05/2.75e-05 | cuda_peak(alloc/resv) 4.09/5.12GB | phase(train/val/raw/train_eval) 0.7/0.4/0.4/0.0s | 1.4s
2026-08-30 16:59:35 | New best val_f1_macro_present: raw=0.5841 stable_score=0.4336 at epoch 9
2026-08-30 16:59:37 | Epoch 010/060 | loss 3.4215 | cls 2.1575 | tal -0.2909 | dual_g 1.3513 | dual_d 0.7955 | train_acc 0.8021 | train_full 0.6146 | val_acc 0.5769 | val_f1 0.5913 | adv/moduleC 0.27/0.88 | disc_steps 3 | grad(main/disc) 18.324/2.241 | lr(main/disc) 9.00e-05/2.75e-05 | cuda_peak(alloc/resv) 4.09/5.12GB | phase(train/val/raw/train_eval) 0.7/0.4/0.4/0.4s | 1.8s
2026-08-30 16:59:38 | Epoch 011/060 | loss 3.8183 | cls 2.3289 | tal -0.2350 | dual_g 1.5599 | dual_d 0.8045 | train_acc 0.6875 | train_full n/a | val_acc 0.5769 | val_f1 0.5588 | adv/moduleC 0.33/1.00 | disc_steps 3 | grad(main/disc) 21.709/2.061 | lr(main/disc) 9.00e-05/2.75e-05 | cuda_peak(alloc/resv) 4.09/5.12GB | phase(train/val/raw/train_eval) 0.9/0.4/0.4/0.0s | 1.6s
2026-08-30 16:59:40 | New best val_f1_macro_present: raw=0.5588 stable_score=0.5588 at epoch 11
2026-08-30 16:59:42 | Epoch 012/060 | loss 3.6029 | cls 2.2126 | tal -0.2601 | dual_g 1.4683 | dual_d 0.7690 | train_acc 0.7812 | train_full n/a | val_acc 0.6538 | val_f1 0.6667 | adv/moduleC 0.40/1.00 | disc_steps 3 | grad(main/disc) 20.497/2.183 | lr(main/disc) 9.00e-05/2.75e-05 | cuda_peak(alloc/resv) 4.09/5.12GB | phase(train/val/raw/train_eval) 0.9/0.4/0.0/0.0s | 1.2s
2026-08-30 16:59:43 | Epoch 013/060 | loss 3.3824 | cls 2.0307 | tal -0.1967 | dual_g 1.4107 | dual_d 0.7158 | train_acc 0.8021 | train_full n/a | val_acc 0.6538 | val_f1 0.6674 | adv/moduleC 0.47/1.00 | disc_steps 3 | grad(main/disc) 19.925/1.893 | lr(main/disc) 9.00e-05/2.75e-05 | cuda_peak(alloc/resv) 4.09/5.12GB | phase(train/val/raw/train_eval) 0.8/0.4/0.0/0.0s | 1.2s
2026-08-30 16:59:44 | Epoch 014/060 | loss 3.4765 | cls 2.0452 | tal -0.1382 | dual_g 1.4727 | dual_d 0.7613 | train_acc 0.8750 | train_full n/a | val_acc 0.8846 | val_f1 0.8908 | adv/moduleC 0.53/1.00 | disc_steps 3 | grad(main/disc) 20.474/2.013 | lr(main/disc) 9.00e-05/2.75e-05 | cuda_peak(alloc/resv) 4.09/5.12GB | phase(train/val/raw/train_eval) 1.0/0.4/0.4/0.0s | 1.7s
2026-08-30 16:59:47 | New best val_f1_macro_present: raw=0.8908 stable_score=0.6667 at epoch 14
2026-08-30 16:59:49 | Epoch 015/060 | loss 3.1160 | cls 1.8376 | tal -0.1321 | dual_g 1.3181 | dual_d 0.7321 | train_acc 0.9271 | train_full 0.8438 | val_acc 0.8077 | val_f1 0.8191 | adv/moduleC 0.60/1.00 | disc_steps 3 | grad(main/disc) 16.103/1.945 | lr(main/disc) 9.00e-05/2.75e-05 | cuda_peak(alloc/resv) 4.09/5.12GB | phase(train/val/raw/train_eval) 0.9/0.4/0.4/0.4s | 2.0s
2026-08-30 16:59:50 | Epoch 016/060 | loss 2.8746 | cls 1.6435 | tal -0.1269 | dual_g 1.2692 | dual_d 0.7331 | train_acc 0.9479 | train_full n/a | val_acc 0.6538 | val_f1 0.6601 | adv/moduleC 0.67/1.00 | disc_steps 3 | grad(main/disc) 16.538/1.915 | lr(main/disc) 9.00e-05/2.75e-05 | cuda_peak(alloc/resv) 4.09/5.12GB | phase(train/val/raw/train_eval) 0.8/0.4/0.0/0.0s | 1.2s
2026-08-30 16:59:51 | Epoch 017/060 | loss 2.9256 | cls 1.7454 | tal -0.1689 | dual_g 1.2309 | dual_d 0.7856 | train_acc 0.9479 | train_full n/a | val_acc 0.6538 | val_f1 0.6783 | adv/moduleC 0.73/1.00 | disc_steps 3 | grad(main/disc) 17.060/1.932 | lr(main/disc) 9.00e-05/2.75e-05 | cuda_peak(alloc/resv) 4.09/5.12GB | phase(train/val/raw/train_eval) 1.0/0.4/0.0/0.0s | 1.4s
2026-08-30 16:59:52 | Epoch 018/060 | loss 2.8095 | cls 1.6484 | tal -0.0847 | dual_g 1.1865 | dual_d 0.7925 | train_acc 0.9375 | train_full n/a | val_acc 0.6923 | val_f1 0.7124 | adv/moduleC 0.80/1.00 | disc_steps 3 | grad(main/disc) 15.975/2.012 | lr(main/disc) 9.00e-05/2.75e-05 | cuda_peak(alloc/resv) 4.09/5.12GB | phase(train/val/raw/train_eval) 0.7/0.4/0.0/0.0s | 1.1s
2026-08-30 16:59:53 | Epoch 019/060 | loss 2.8166 | cls 1.6697 | tal -0.0767 | dual_g 1.1699 | dual_d 0.7746 | train_acc 0.8750 | train_full n/a | val_acc 0.6154 | val_f1 0.6369 | adv/moduleC 0.87/1.00 | disc_steps 3 | grad(main/disc) 17.289/2.014 | lr(main/disc) 9.00e-05/2.75e-05 | cuda_peak(alloc/resv) 4.09/5.12GB | phase(train/val/raw/train_eval) 0.9/0.4/0.0/0.0s | 1.2s
2026-08-30 16:59:55 | Epoch 020/060 | loss 2.7677 | cls 1.6204 | tal -0.1369 | dual_g 1.1883 | dual_d 0.7111 | train_acc 0.9896 | train_full 0.8021 | val_acc 0.6923 | val_f1 0.7079 | adv/moduleC 0.93/1.00 | disc_steps 3 | grad(main/disc) 15.115/1.814 | lr(main/disc) 9.00e-05/2.75e-05 | cuda_peak(alloc/resv) 4.09/5.12GB | phase(train/val/raw/train_eval) 0.9/0.4/0.4/0.4s | 2.0s
2026-08-30 16:59:56 | Epoch 021/060 | loss 2.8442 | cls 1.7153 | tal -0.1103 | dual_g 1.1620 | dual_d 0.7997 | train_acc 0.9479 | train_full n/a | val_acc 0.7308 | val_f1 0.7416 | adv/moduleC 1.00/1.00 | disc_steps 3 | grad(main/disc) 17.627/2.014 | lr(main/disc) 9.00e-05/2.75e-05 | cuda_peak(alloc/resv) 4.09/5.12GB | phase(train/val/raw/train_eval) 0.6/0.4/0.0/0.0s | 1.0s
2026-08-30 16:59:58 | Epoch 022/060 | loss 2.7928 | cls 1.6677 | tal -0.1203 | dual_g 1.1613 | dual_d 0.7707 | train_acc 0.9062 | train_full n/a | val_acc 0.6538 | val_f1 0.6674 | adv/moduleC 1.00/1.00 | disc_steps 3 | grad(main/disc) 16.482/2.056 | lr(main/disc) 9.00e-05/2.75e-05 | cuda_peak(alloc/resv) 4.09/5.12GB | phase(train/val/raw/train_eval) 0.8/0.4/0.0/0.0s | 1.2s
2026-08-30 16:59:59 | Epoch 023/060 | loss 2.8147 | cls 1.6457 | tal -0.1085 | dual_g 1.2015 | dual_d 0.7369 | train_acc 0.9167 | train_full n/a | val_acc 0.6538 | val_f1 0.6608 | adv/moduleC 1.00/1.00 | disc_steps 3 | grad(main/disc) 16.830/1.863 | lr(main/disc) 9.00e-05/2.75e-05 | cuda_peak(alloc/resv) 4.09/5.12GB | phase(train/val/raw/train_eval) 0.8/0.4/0.0/0.0s | 1.2s
2026-08-30 17:00:00 | Epoch 024/060 | loss 2.4133 | cls 1.3972 | tal -0.0947 | dual_g 1.0445 | dual_d 0.8270 | train_acc 0.9583 | train_full n/a | val_acc 0.7692 | val_f1 0.7833 | adv/moduleC 1.00/1.00 | disc_steps 3 | grad(main/disc) 13.383/2.050 | lr(main/disc) 9.00e-05/2.75e-05 | cuda_peak(alloc/resv) 4.09/5.12GB | phase(train/val/raw/train_eval) 0.8/0.4/0.0/0.0s | 1.1s
2026-08-30 17:00:02 | Epoch 025/060 | loss 2.5312 | cls 1.5075 | tal -0.0184 | dual_g 1.0292 | dual_d 0.8322 | train_acc 0.9479 | train_full 0.8958 | val_acc 0.8462 | val_f1 0.8579 | adv/moduleC 1.00/1.00 | disc_steps 3 | grad(main/disc) 13.799/2.047 | lr(main/disc) 9.00e-05/2.75e-05 | cuda_peak(alloc/resv) 4.09/5.12GB | phase(train/val/raw/train_eval) 0.7/0.4/0.4/0.4s | 1.9s
2026-08-30 17:00:03 | Epoch 026/060 | loss 2.4761 | cls 1.4168 | tal -0.0409 | dual_g 1.0716 | dual_d 0.8545 | train_acc 0.9375 | train_full n/a | val_acc 0.8462 | val_f1 0.8860 | adv/moduleC 1.00/1.00 | disc_steps 3 | grad(main/disc) 12.872/2.092 | lr(main/disc) 9.00e-05/2.75e-05 | cuda_peak(alloc/resv) 4.09/5.12GB | phase(train/val/raw/train_eval) 0.9/0.4/0.4/0.0s | 1.6s
2026-08-30 17:00:05 | New best val_f1_macro_present: raw=0.8860 stable_score=0.7833 at epoch 26
2026-08-30 17:00:07 | Epoch 027/060 | loss 2.7100 | cls 1.5849 | tal -0.0384 | dual_g 1.1366 | dual_d 0.8082 | train_acc 0.9479 | train_full n/a | val_acc 0.8846 | val_f1 0.9192 | adv/moduleC 1.00/1.00 | disc_steps 3 | grad(main/disc) 17.311/2.000 | lr(main/disc) 9.00e-05/2.75e-05 | cuda_peak(alloc/resv) 4.09/5.12GB | phase(train/val/raw/train_eval) 0.7/0.4/0.4/0.0s | 1.4s
2026-08-30 17:00:09 | New best val_f1_macro_present: raw=0.9192 stable_score=0.8579 at epoch 27
2026-08-30 17:00:10 | Epoch 028/060 | loss 2.5013 | cls 1.5064 | tal -0.1356 | dual_g 1.0356 | dual_d 0.7703 | train_acc 0.9583 | train_full n/a | val_acc 0.9615 | val_f1 0.9704 | adv/moduleC 1.00/1.00 | disc_steps 3 | grad(main/disc) 13.097/1.834 | lr(main/disc) 9.00e-05/2.75e-05 | cuda_peak(alloc/resv) 4.09/5.12GB | phase(train/val/raw/train_eval) 0.7/0.4/0.4/0.0s | 1.4s
2026-08-30 17:00:13 | New best val_f1_macro_present: raw=0.9704 stable_score=0.8860 at epoch 28
2026-08-30 17:00:14 | Epoch 029/060 | loss 2.3459 | cls 1.3870 | tal -0.1792 | dual_g 1.0127 | dual_d 0.7671 | train_acc 0.9792 | train_full n/a | val_acc 1.0000 | val_f1 1.0000 | adv/moduleC 1.00/1.00 | disc_steps 3 | grad(main/disc) 10.214/1.887 | lr(main/disc) 9.00e-05/2.75e-05 | cuda_peak(alloc/resv) 4.09/5.12GB | phase(train/val/raw/train_eval) 0.9/0.4/0.4/0.0s | 1.6s
2026-08-30 17:00:16 | New best val_f1_macro_present: raw=1.0000 stable_score=0.9192 at epoch 29
2026-08-30 17:00:18 | Epoch 030/060 | loss 2.7045 | cls 1.6229 | tal -0.1161 | dual_g 1.1164 | dual_d 0.7599 | train_acc 0.9479 | train_full 0.9688 | val_acc 1.0000 | val_f1 1.0000 | adv/moduleC 1.00/1.00 | disc_steps 3 | grad(main/disc) 16.788/1.851 | lr(main/disc) 9.00e-05/2.75e-05 | cuda_peak(alloc/resv) 4.09/5.12GB | phase(train/val/raw/train_eval) 0.8/0.4/0.4/0.4s | 1.9s
2026-08-30 17:00:20 | New best val_f1_macro_present: raw=1.0000 stable_score=0.9704 at epoch 30
2026-08-30 17:00:22 | Epoch 031/060 | loss 2.4924 | cls 1.4778 | tal -0.0939 | dual_g 1.0428 | dual_d 0.8008 | train_acc 0.9792 | train_full n/a | val_acc 1.0000 | val_f1 1.0000 | adv/moduleC 1.00/1.00 | disc_steps 3 | grad(main/disc) 13.718/1.917 | lr(main/disc) 9.00e-05/2.75e-05 | cuda_peak(alloc/resv) 4.09/5.12GB | phase(train/val/raw/train_eval) 0.8/0.4/0.4/0.0s | 1.5s
2026-08-30 17:00:24 | New best val_f1_macro_present: raw=1.0000 stable_score=1.0000 at epoch 31
2026-08-30 17:00:25 | Epoch 032/060 | loss 2.3921 | cls 1.3919 | tal -0.0081 | dual_g 1.0026 | dual_d 0.7631 | train_acc 0.9688 | train_full n/a | val_acc 1.0000 | val_f1 1.0000 | adv/moduleC 1.00/1.00 | disc_steps 3 | grad(main/disc) 13.549/1.861 | lr(main/disc) 9.00e-05/2.75e-05 | cuda_peak(alloc/resv) 4.09/5.12GB | phase(train/val/raw/train_eval) 0.9/0.4/0.0/0.0s | 1.2s
2026-08-30 17:00:26 | Epoch 033/060 | loss 2.3226 | cls 1.3372 | tal 0.0286 | dual_g 0.9767 | dual_d 0.8038 | train_acc 0.9792 | train_full n/a | val_acc 1.0000 | val_f1 1.0000 | adv/moduleC 1.00/1.00 | disc_steps 3 | grad(main/disc) 8.573/1.898 | lr(main/disc) 9.00e-05/2.75e-05 | cuda_peak(alloc/resv) 4.09/5.12GB | phase(train/val/raw/train_eval) 0.9/0.4/0.0/0.0s | 1.3s
2026-08-30 17:00:27 | Epoch 034/060 | loss 2.4220 | cls 1.3964 | tal 0.0072 | dual_g 1.0234 | dual_d 0.8773 | train_acc 1.0000 | train_full n/a | val_acc 1.0000 | val_f1 1.0000 | adv/moduleC 1.00/1.00 | disc_steps 3 | grad(main/disc) 10.559/1.987 | lr(main/disc) 9.00e-05/2.75e-05 | cuda_peak(alloc/resv) 4.09/5.12GB | phase(train/val/raw/train_eval) 0.6/0.4/0.0/0.0s | 1.0s
2026-08-30 17:00:29 | Epoch 035/060 | loss 2.2239 | cls 1.2991 | tal -0.0265 | dual_g 0.9327 | dual_d 0.8677 | train_acc 0.9896 | train_full 0.9479 | val_acc 1.0000 | val_f1 1.0000 | adv/moduleC 1.00/1.00 | disc_steps 3 | grad(main/disc) 8.031/1.975 | lr(main/disc) 9.00e-05/2.75e-05 | cuda_peak(alloc/resv) 4.09/5.12GB | phase(train/val/raw/train_eval) 0.8/0.4/0.4/0.4s | 2.0s
2026-08-30 17:00:31 | Epoch 036/060 | loss 2.4251 | cls 1.4125 | tal 0.0297 | dual_g 1.0036 | dual_d 0.8416 | train_acc 0.9792 | train_full n/a | val_acc 1.0000 | val_f1 1.0000 | adv/moduleC 1.00/1.00 | disc_steps 3 | grad(main/disc) 11.181/1.985 | lr(main/disc) 9.00e-05/2.75e-05 | cuda_peak(alloc/resv) 4.09/5.12GB | phase(train/val/raw/train_eval) 0.9/0.4/0.0/0.0s | 1.2s
2026-08-30 17:00:32 | Epoch 037/060 | loss 2.2902 | cls 1.3222 | tal 0.0639 | dual_g 0.9488 | dual_d 0.8992 | train_acc 0.9896 | train_full n/a | val_acc 1.0000 | val_f1 1.0000 | adv/moduleC 1.00/1.00 | disc_steps 3 | grad(main/disc) 9.159/1.997 | lr(main/disc) 9.00e-05/2.75e-05 | cuda_peak(alloc/resv) 4.09/5.12GB | phase(train/val/raw/train_eval) 0.7/0.4/0.0/0.0s | 1.1s
2026-08-30 17:00:33 | Epoch 038/060 | loss 2.3572 | cls 1.3858 | tal -0.0763 | dual_g 0.9943 | dual_d 0.9173 | train_acc 1.0000 | train_full n/a | val_acc 0.9615 | val_f1 0.9556 | adv/moduleC 1.00/1.00 | disc_steps 3 | grad(main/disc) 11.844/1.965 | lr(main/disc) 4.50e-05/1.38e-05 | cuda_peak(alloc/resv) 4.09/5.12GB | phase(train/val/raw/train_eval) 0.8/0.4/0.0/0.0s | 1.2s
2026-08-30 17:00:34 | Epoch 039/060 | loss 2.2872 | cls 1.3084 | tal -0.0248 | dual_g 0.9862 | dual_d 0.9550 | train_acc 0.9896 | train_full n/a | val_acc 0.9231 | val_f1 0.9206 | adv/moduleC 1.00/1.00 | disc_steps 3 | grad(main/disc) 8.418/2.101 | lr(main/disc) 4.50e-05/1.38e-05 | cuda_peak(alloc/resv) 4.09/5.12GB | phase(train/val/raw/train_eval) 0.9/0.4/0.0/0.0s | 1.2s
2026-08-30 17:00:36 | Epoch 040/060 | loss 2.3624 | cls 1.3730 | tal 0.0302 | dual_g 0.9803 | dual_d 0.8060 | train_acc 0.9792 | train_full 0.9896 | val_acc 0.9615 | val_f1 0.9556 | adv/moduleC 1.00/1.00 | disc_steps 3 | grad(main/disc) 9.913/1.803 | lr(main/disc) 4.50e-05/1.38e-05 | cuda_peak(alloc/resv) 4.09/5.12GB | phase(train/val/raw/train_eval) 0.6/0.4/0.4/0.4s | 1.8s
2026-08-30 17:00:37 | Epoch 041/060 | loss 2.3285 | cls 1.3590 | tal -0.0642 | dual_g 0.9887 | dual_d 0.9195 | train_acc 0.9896 | train_full n/a | val_acc 0.8846 | val_f1 0.8908 | adv/moduleC 1.00/1.00 | disc_steps 3 | grad(main/disc) 9.855/1.958 | lr(main/disc) 4.50e-05/1.38e-05 | cuda_peak(alloc/resv) 4.09/5.12GB | phase(train/val/raw/train_eval) 0.8/0.4/0.0/0.0s | 1.2s
2026-08-30 17:00:38 | Epoch 042/060 | loss 2.2673 | cls 1.3496 | tal -0.0887 | dual_g 0.9443 | dual_d 0.9043 | train_acc 0.9896 | train_full n/a | val_acc 1.0000 | val_f1 1.0000 | adv/moduleC 1.00/1.00 | disc_steps 3 | grad(main/disc) 9.022/1.996 | lr(main/disc) 4.50e-05/1.38e-05 | cuda_peak(alloc/resv) 4.09/5.12GB | phase(train/val/raw/train_eval) 0.9/0.4/0.0/0.0s | 1.3s
2026-08-30 17:00:39 | Epoch 043/060 | loss 2.3548 | cls 1.3853 | tal -0.0381 | dual_g 0.9809 | dual_d 0.9969 | train_acc 1.0000 | train_full n/a | val_acc 0.9615 | val_f1 0.9556 | adv/moduleC 1.00/1.00 | disc_steps 3 | grad(main/disc) 12.210/2.027 | lr(main/disc) 4.50e-05/1.38e-05 | cuda_peak(alloc/resv) 4.09/5.12GB | phase(train/val/raw/train_eval) 0.8/0.4/0.0/0.0s | 1.2s
2026-08-30 17:00:39 | Early stopping at epoch 43 after 12 epochs without val_f1_macro_present improvement.
2026-08-30 17:00:39 | Training complete. Peak validation accuracy: 1.0000 | selected val_f1_macro_present: 1.0000
