2026-08-29 22:12:18 | Starting Dual_D standalone training
2026-08-29 22:12:18 | Run directory: runs/module_c_ablation_60_v8/module_c_20260829_205331/module_c_no_identity_黑天_20260829_221218
2026-08-29 22:12:18 | Device: cuda
2026-08-29 22:12:18 | Source train samples: 992
2026-08-29 22:12:18 | Target train samples: 465
2026-08-29 22:12:18 | Target val samples: 120
2026-08-29 22:12:18 | Classes: 14
2026-08-29 22:12:18 | Data audit: same_dir=False | path_overlap(vis/ir/ais)=0/0/0 | content_overlap(vis/ir/ais)=0/0/0 | ais_index_overlap=0 | stem_mismatch(vis-ir/vis-ais)=578/0
2026-08-29 22:12:18 | source_train classes: present 14/14 | absent 0 | counts [0:120, 1:44, 2:69, 3:45, 4:40, 5:30, 6:64, 7:80, 8:116, 9:68, 10:57, 11:83, 12:48, 13:128]
2026-08-29 22:12:18 | target_train classes: present 8/14 | absent 6 | counts [0:100, 2:11, 3:16, 6:89, 9:162, 10:12, 11:44, 13:31]
2026-08-29 22:12:18 | target_val classes: present 8/14 | absent 6 | counts [0:26, 2:3, 3:5, 6:23, 9:41, 10:3, 11:11, 13:8]
2026-08-29 22:12:18 | Paired training classes: 8/14 | class ids [0, 2, 3, 6, 9, 10, 11, 13]
2026-08-29 22:12:18 | Runtime profile: batch=92 | paired_steps=6 | workers=16 | train_eval_every=5 | raw_eval_every=5 | stability_window=1 | lr_scheduler_start=24 | early_stop=15 after min_epoch=48
2026-08-29 22:12:18 | VIS/IR pairing: class-level-unpaired | count-mismatch classes train/val: 10/0 | AIS alignment: none | AIS rows train/val: 0/0
2026-08-29 22:12:19 | Effective Dual-D loss weights: {"adv_auxiliary": 0.03, "adv_primary": 0.03, "classification": 0.65, "contrastive": 0.055, "cycle": 0.16, "identity": 0.0, "prototype_contrastive": 0.03}
2026-08-29 22:12:19 | Model parameters: total=17277714 | trainable=17120210
2026-08-29 22:12:26 | Epoch 001/060 | loss 5.6796 | cls 5.6332 | tal 0.1547 | dual_g 0.0000 | dual_d 0.0000 | train_acc 0.0996 | train_full 0.1032 | val_acc 0.0667 | val_f1 0.0287 | adv/moduleC 0.00/0.00 | disc_steps 0 | grad(main/disc) 16.483/0.000 | lr(main/disc) 8.50e-05/3.20e-05 | cuda_peak(alloc/resv) 21.78/28.18GB | phase(train/val/raw/train_eval) 4.6/0.6/0.6/0.8s | 6.5s
2026-08-29 22:12:29 | New best val_f1_macro_present: raw=0.0287 stable_score=0.0287 at epoch 1
2026-08-29 22:12:33 | Epoch 002/060 | loss 4.4902 | cls 4.4693 | tal 0.0697 | dual_g 0.0000 | dual_d 0.0000 | train_acc 0.2373 | train_full n/a | val_acc 0.2167 | val_f1 0.1650 | adv/moduleC 0.00/0.00 | disc_steps 0 | grad(main/disc) 12.548/0.000 | lr(main/disc) 8.50e-05/3.20e-05 | cuda_peak(alloc/resv) 21.78/28.18GB | phase(train/val/raw/train_eval) 3.2/0.6/0.6/0.0s | 4.4s
2026-08-29 22:12:36 | New best val_f1_macro_present: raw=0.1650 stable_score=0.1650 at epoch 2
2026-08-29 22:12:40 | Epoch 003/060 | loss 3.6365 | cls 3.6368 | tal -0.0012 | dual_g 0.0000 | dual_d 0.0000 | train_acc 0.3678 | train_full n/a | val_acc 0.1750 | val_f1 0.1369 | adv/moduleC 0.00/0.00 | disc_steps 0 | grad(main/disc) 10.783/0.000 | lr(main/disc) 8.50e-05/3.20e-05 | cuda_peak(alloc/resv) 21.78/28.18GB | phase(train/val/raw/train_eval) 3.4/0.6/0.0/0.0s | 3.9s
2026-08-29 22:12:44 | Epoch 004/060 | loss 3.5250 | cls 3.2091 | tal -0.0068 | dual_g 0.3180 | dual_d 0.0000 | train_acc 0.5435 | train_full n/a | val_acc 0.1917 | val_f1 0.1367 | adv/moduleC 0.00/0.12 | disc_steps 0 | grad(main/disc) 10.195/0.000 | lr(main/disc) 8.50e-05/3.20e-05 | cuda_peak(alloc/resv) 21.78/28.18GB | phase(train/val/raw/train_eval) 3.4/0.6/0.0/0.0s | 4.0s
2026-08-29 22:12:49 | Epoch 005/060 | loss 3.4093 | cls 2.8612 | tal -0.0611 | dual_g 0.5664 | dual_d 0.0000 | train_acc 0.5960 | train_full 0.3075 | val_acc 0.3167 | val_f1 0.2887 | adv/moduleC 0.00/0.25 | disc_steps 0 | grad(main/disc) 9.848/0.000 | lr(main/disc) 8.50e-05/3.20e-05 | cuda_peak(alloc/resv) 21.78/28.18GB | phase(train/val/raw/train_eval) 3.4/0.6/0.6/0.8s | 5.4s
2026-08-29 22:12:52 | New best val_f1_macro_present: raw=0.2887 stable_score=0.2887 at epoch 5
2026-08-29 22:12:57 | Epoch 006/060 | loss 3.3769 | cls 2.5912 | tal 0.0167 | dual_g 0.7806 | dual_d 0.9479 | train_acc 0.6522 | train_full n/a | val_acc 0.4750 | val_f1 0.5314 | adv/moduleC 0.07/0.38 | disc_steps 3 | grad(main/disc) 9.870/1.891 | lr(main/disc) 8.50e-05/3.20e-05 | cuda_peak(alloc/resv) 21.78/28.18GB | phase(train/val/raw/train_eval) 3.7/0.6/0.6/0.0s | 4.8s
2026-08-29 22:13:00 | New best val_f1_macro_present: raw=0.5314 stable_score=0.5314 at epoch 6
2026-08-29 22:13:04 | Epoch 007/060 | loss 3.3802 | cls 2.4055 | tal 0.0343 | dual_g 0.9644 | dual_d 0.8852 | train_acc 0.7101 | train_full n/a | val_acc 0.6667 | val_f1 0.6899 | adv/moduleC 0.13/0.50 | disc_steps 3 | grad(main/disc) 9.978/1.766 | lr(main/disc) 8.50e-05/3.20e-05 | cuda_peak(alloc/resv) 21.78/28.18GB | phase(train/val/raw/train_eval) 3.5/0.6/0.6/0.0s | 4.7s
2026-08-29 22:13:07 | New best val_f1_macro_present: raw=0.6899 stable_score=0.6899 at epoch 7
2026-08-29 22:13:11 | Epoch 008/060 | loss 3.3654 | cls 2.2326 | tal 0.0680 | dual_g 1.1124 | dual_d 0.9108 | train_acc 0.7355 | train_full n/a | val_acc 0.6500 | val_f1 0.6876 | adv/moduleC 0.20/0.62 | disc_steps 3 | grad(main/disc) 10.050/1.757 | lr(main/disc) 8.50e-05/3.20e-05 | cuda_peak(alloc/resv) 21.78/28.18GB | phase(train/val/raw/train_eval) 3.7/0.6/0.0/0.0s | 4.3s
2026-08-29 22:13:16 | Epoch 009/060 | loss 3.1677 | cls 1.9650 | tal 0.0211 | dual_g 1.1964 | dual_d 0.9020 | train_acc 0.8025 | train_full n/a | val_acc 0.6750 | val_f1 0.7090 | adv/moduleC 0.27/0.75 | disc_steps 3 | grad(main/disc) 9.479/1.725 | lr(main/disc) 8.50e-05/3.20e-05 | cuda_peak(alloc/resv) 21.78/28.18GB | phase(train/val/raw/train_eval) 3.2/0.6/0.6/0.0s | 4.4s
2026-08-29 22:13:18 | New best val_f1_macro_present: raw=0.7090 stable_score=0.7090 at epoch 9
2026-08-29 22:13:24 | Epoch 010/060 | loss 3.2246 | cls 1.8867 | tal 0.0267 | dual_g 1.3298 | dual_d 0.8483 | train_acc 0.8297 | train_full 0.7634 | val_acc 0.6833 | val_f1 0.6591 | adv/moduleC 0.33/0.88 | disc_steps 3 | grad(main/disc) 13.198/1.653 | lr(main/disc) 8.50e-05/3.20e-05 | cuda_peak(alloc/resv) 21.78/28.18GB | phase(train/val/raw/train_eval) 3.5/0.6/0.6/0.9s | 5.6s
2026-08-29 22:13:29 | Epoch 011/060 | loss 3.1820 | cls 1.7441 | tal 0.0158 | dual_g 1.4332 | dual_d 0.8295 | train_acc 0.8641 | train_full n/a | val_acc 0.8583 | val_f1 0.8269 | adv/moduleC 0.40/1.00 | disc_steps 3 | grad(main/disc) 12.488/1.564 | lr(main/disc) 8.50e-05/3.20e-05 | cuda_peak(alloc/resv) 21.78/28.18GB | phase(train/val/raw/train_eval) 3.6/0.6/0.6/0.0s | 4.7s
2026-08-29 22:13:32 | New best val_f1_macro_present: raw=0.8269 stable_score=0.8269 at epoch 11
2026-08-29 22:13:36 | Epoch 012/060 | loss 3.0122 | cls 1.6527 | tal -0.0037 | dual_g 1.3606 | dual_d 0.8728 | train_acc 0.8841 | train_full n/a | val_acc 0.8250 | val_f1 0.7909 | adv/moduleC 0.47/1.00 | disc_steps 3 | grad(main/disc) 9.912/1.578 | lr(main/disc) 8.50e-05/3.20e-05 | cuda_peak(alloc/resv) 21.78/28.18GB | phase(train/val/raw/train_eval) 3.7/0.6/0.0/0.0s | 4.3s
2026-08-29 22:13:40 | Epoch 013/060 | loss 2.9104 | cls 1.6034 | tal -0.0308 | dual_g 1.3162 | dual_d 0.8486 | train_acc 0.8877 | train_full n/a | val_acc 0.7833 | val_f1 0.7510 | adv/moduleC 0.53/1.00 | disc_steps 3 | grad(main/disc) 9.360/1.507 | lr(main/disc) 8.50e-05/3.20e-05 | cuda_peak(alloc/resv) 21.78/28.18GB | phase(train/val/raw/train_eval) 3.3/0.6/0.0/0.0s | 3.9s
2026-08-29 22:13:44 | Epoch 014/060 | loss 2.7968 | cls 1.5349 | tal -0.0483 | dual_g 1.2764 | dual_d 0.8262 | train_acc 0.9058 | train_full n/a | val_acc 0.8417 | val_f1 0.7964 | adv/moduleC 0.60/1.00 | disc_steps 3 | grad(main/disc) 8.523/1.526 | lr(main/disc) 8.50e-05/3.20e-05 | cuda_peak(alloc/resv) 21.78/28.18GB | phase(train/val/raw/train_eval) 3.5/0.6/0.0/0.0s | 4.0s
2026-08-29 22:13:49 | Epoch 015/060 | loss 2.6993 | cls 1.5064 | tal -0.0665 | dual_g 1.2128 | dual_d 0.8396 | train_acc 0.9239 | train_full 0.8516 | val_acc 0.8417 | val_f1 0.7881 | adv/moduleC 0.67/1.00 | disc_steps 3 | grad(main/disc) 9.195/1.463 | lr(main/disc) 8.50e-05/3.20e-05 | cuda_peak(alloc/resv) 21.78/28.18GB | phase(train/val/raw/train_eval) 3.3/0.6/0.6/0.8s | 5.3s
2026-08-29 22:13:53 | Epoch 016/060 | loss 2.6590 | cls 1.4697 | tal -0.0020 | dual_g 1.1900 | dual_d 0.8828 | train_acc 0.9402 | train_full n/a | val_acc 0.8333 | val_f1 0.7903 | adv/moduleC 0.73/1.00 | disc_steps 3 | grad(main/disc) 9.130/1.484 | lr(main/disc) 8.50e-05/3.20e-05 | cuda_peak(alloc/resv) 21.78/28.18GB | phase(train/val/raw/train_eval) 3.4/0.6/0.0/0.0s | 4.0s
2026-08-29 22:13:58 | Epoch 017/060 | loss 2.6033 | cls 1.4276 | tal -0.0188 | dual_g 1.1813 | dual_d 0.9120 | train_acc 0.9583 | train_full n/a | val_acc 0.8750 | val_f1 0.8468 | adv/moduleC 0.80/1.00 | disc_steps 3 | grad(main/disc) 7.988/1.493 | lr(main/disc) 8.50e-05/3.20e-05 | cuda_peak(alloc/resv) 21.78/28.18GB | phase(train/val/raw/train_eval) 3.5/0.6/0.6/0.0s | 4.6s
2026-08-29 22:14:01 | New best val_f1_macro_present: raw=0.8468 stable_score=0.8468 at epoch 17
2026-08-29 22:14:04 | Epoch 018/060 | loss 2.5329 | cls 1.3756 | tal 0.0314 | dual_g 1.1479 | dual_d 0.9055 | train_acc 0.9674 | train_full n/a | val_acc 0.8833 | val_f1 0.8381 | adv/moduleC 0.87/1.00 | disc_steps 3 | grad(main/disc) 6.651/1.527 | lr(main/disc) 8.50e-05/3.20e-05 | cuda_peak(alloc/resv) 21.78/28.18GB | phase(train/val/raw/train_eval) 3.2/0.6/0.0/0.0s | 3.8s
2026-08-29 22:14:08 | Epoch 019/060 | loss 2.5329 | cls 1.3810 | tal 0.0007 | dual_g 1.1518 | dual_d 0.9341 | train_acc 0.9783 | train_full n/a | val_acc 0.8667 | val_f1 0.8177 | adv/moduleC 0.93/1.00 | disc_steps 3 | grad(main/disc) 7.786/1.517 | lr(main/disc) 8.50e-05/3.20e-05 | cuda_peak(alloc/resv) 21.78/28.18GB | phase(train/val/raw/train_eval) 3.5/0.6/0.0/0.0s | 4.1s
2026-08-29 22:14:14 | Epoch 020/060 | loss 2.4890 | cls 1.3494 | tal -0.0059 | dual_g 1.1414 | dual_d 0.9596 | train_acc 0.9746 | train_full 0.9333 | val_acc 0.8917 | val_f1 0.8422 | adv/moduleC 1.00/1.00 | disc_steps 3 | grad(main/disc) 6.838/1.542 | lr(main/disc) 8.50e-05/3.20e-05 | cuda_peak(alloc/resv) 21.78/28.18GB | phase(train/val/raw/train_eval) 3.4/0.6/0.6/0.8s | 5.4s
2026-08-29 22:14:18 | Epoch 021/060 | loss 2.4441 | cls 1.3397 | tal 0.0197 | dual_g 1.0985 | dual_d 0.9329 | train_acc 0.9801 | train_full n/a | val_acc 0.9417 | val_f1 0.8950 | adv/moduleC 1.00/1.00 | disc_steps 3 | grad(main/disc) 5.404/1.458 | lr(main/disc) 8.50e-05/3.20e-05 | cuda_peak(alloc/resv) 21.78/28.18GB | phase(train/val/raw/train_eval) 3.1/0.6/0.6/0.0s | 4.3s
2026-08-29 22:14:21 | New best val_f1_macro_present: raw=0.8950 stable_score=0.8950 at epoch 21
2026-08-29 22:14:25 | Epoch 022/060 | loss 2.4189 | cls 1.3300 | tal 0.0270 | dual_g 1.0808 | dual_d 0.9682 | train_acc 0.9746 | train_full n/a | val_acc 0.9167 | val_f1 0.8736 | adv/moduleC 1.00/1.00 | disc_steps 3 | grad(main/disc) 5.402/1.483 | lr(main/disc) 8.50e-05/3.20e-05 | cuda_peak(alloc/resv) 21.78/28.18GB | phase(train/val/raw/train_eval) 3.2/0.6/0.0/0.0s | 3.8s
2026-08-29 22:14:29 | Epoch 023/060 | loss 2.4035 | cls 1.3227 | tal -0.0156 | dual_g 1.0856 | dual_d 0.9813 | train_acc 0.9764 | train_full n/a | val_acc 0.8750 | val_f1 0.8677 | adv/moduleC 1.00/1.00 | disc_steps 3 | grad(main/disc) 6.019/1.475 | lr(main/disc) 8.50e-05/3.20e-05 | cuda_peak(alloc/resv) 21.78/28.18GB | phase(train/val/raw/train_eval) 3.4/0.6/0.0/0.0s | 4.0s
2026-08-29 22:14:33 | Epoch 024/060 | loss 2.3533 | cls 1.3107 | tal -0.0753 | dual_g 1.0652 | dual_d 1.0149 | train_acc 0.9783 | train_full n/a | val_acc 0.9250 | val_f1 0.8740 | adv/moduleC 1.00/1.00 | disc_steps 3 | grad(main/disc) 5.317/1.538 | lr(main/disc) 8.50e-05/3.20e-05 | cuda_peak(alloc/resv) 21.78/28.18GB | phase(train/val/raw/train_eval) 3.2/0.6/0.0/0.0s | 3.8s
2026-08-29 22:14:38 | Epoch 025/060 | loss 2.3682 | cls 1.3118 | tal -0.0036 | dual_g 1.0574 | dual_d 0.9777 | train_acc 0.9819 | train_full 0.9634 | val_acc 0.9000 | val_f1 0.8789 | adv/moduleC 1.00/1.00 | disc_steps 3 | grad(main/disc) 5.211/1.440 | lr(main/disc) 8.50e-05/3.20e-05 | cuda_peak(alloc/resv) 21.78/28.18GB | phase(train/val/raw/train_eval) 3.5/0.6/0.6/0.8s | 5.4s
2026-08-29 22:14:42 | Epoch 026/060 | loss 2.3203 | cls 1.2849 | tal -0.0150 | dual_g 1.0399 | dual_d 1.0501 | train_acc 0.9837 | train_full n/a | val_acc 0.9000 | val_f1 0.8601 | adv/moduleC 1.00/1.00 | disc_steps 3 | grad(main/disc) 5.069/1.544 | lr(main/disc) 8.50e-05/3.20e-05 | cuda_peak(alloc/resv) 21.78/28.18GB | phase(train/val/raw/train_eval) 3.3/0.6/0.0/0.0s | 3.9s
2026-08-29 22:14:46 | Epoch 027/060 | loss 2.3297 | cls 1.2919 | tal -0.0059 | dual_g 1.0396 | dual_d 1.0147 | train_acc 0.9783 | train_full n/a | val_acc 0.9417 | val_f1 0.9320 | adv/moduleC 1.00/1.00 | disc_steps 3 | grad(main/disc) 5.736/1.465 | lr(main/disc) 8.50e-05/3.20e-05 | cuda_peak(alloc/resv) 21.78/28.18GB | phase(train/val/raw/train_eval) 3.3/0.6/0.6/0.0s | 4.5s
2026-08-29 22:14:49 | New best val_f1_macro_present: raw=0.9320 stable_score=0.9320 at epoch 27
2026-08-29 22:14:53 | Epoch 028/060 | loss 2.2760 | cls 1.2630 | tal -0.0684 | dual_g 1.0335 | dual_d 1.0645 | train_acc 0.9928 | train_full n/a | val_acc 0.8917 | val_f1 0.8679 | adv/moduleC 1.00/1.00 | disc_steps 3 | grad(main/disc) 5.102/1.541 | lr(main/disc) 8.50e-05/3.20e-05 | cuda_peak(alloc/resv) 21.78/28.18GB | phase(train/val/raw/train_eval) 3.3/0.6/0.0/0.0s | 3.9s
2026-08-29 22:14:57 | Epoch 029/060 | loss 2.2659 | cls 1.2622 | tal -0.0626 | dual_g 1.0224 | dual_d 1.0739 | train_acc 0.9891 | train_full n/a | val_acc 0.9500 | val_f1 0.9166 | adv/moduleC 1.00/1.00 | disc_steps 3 | grad(main/disc) 4.399/1.512 | lr(main/disc) 8.50e-05/3.20e-05 | cuda_peak(alloc/resv) 21.78/28.18GB | phase(train/val/raw/train_eval) 3.3/0.6/0.0/0.0s | 3.9s
2026-08-29 22:15:02 | Epoch 030/060 | loss 2.2421 | cls 1.2485 | tal -0.0786 | dual_g 1.0172 | dual_d 1.0302 | train_acc 0.9928 | train_full 0.9570 | val_acc 0.9333 | val_f1 0.9292 | adv/moduleC 1.00/1.00 | disc_steps 3 | grad(main/disc) 3.403/1.435 | lr(main/disc) 8.50e-05/3.20e-05 | cuda_peak(alloc/resv) 21.78/28.18GB | phase(train/val/raw/train_eval) 3.5/0.6/0.6/0.8s | 5.5s
2026-08-29 22:15:06 | Epoch 031/060 | loss 2.2047 | cls 1.2370 | tal -0.1169 | dual_g 1.0028 | dual_d 1.0855 | train_acc 0.9946 | train_full n/a | val_acc 0.9000 | val_f1 0.8739 | adv/moduleC 1.00/1.00 | disc_steps 3 | grad(main/disc) 3.487/1.490 | lr(main/disc) 8.50e-05/3.20e-05 | cuda_peak(alloc/resv) 21.78/28.18GB | phase(train/val/raw/train_eval) 3.1/0.6/0.0/0.0s | 3.7s
2026-08-29 22:15:10 | Epoch 032/060 | loss 2.1838 | cls 1.2252 | tal -0.1198 | dual_g 0.9945 | dual_d 1.1055 | train_acc 0.9982 | train_full n/a | val_acc 0.9250 | val_f1 0.8947 | adv/moduleC 1.00/1.00 | disc_steps 3 | grad(main/disc) 3.246/1.502 | lr(main/disc) 8.50e-05/3.20e-05 | cuda_peak(alloc/resv) 21.78/28.18GB | phase(train/val/raw/train_eval) 3.3/0.6/0.0/0.0s | 3.9s
2026-08-29 22:15:14 | Epoch 033/060 | loss 2.2156 | cls 1.2449 | tal -0.0993 | dual_g 1.0005 | dual_d 1.0963 | train_acc 0.9891 | train_full n/a | val_acc 0.9500 | val_f1 0.9211 | adv/moduleC 1.00/1.00 | disc_steps 3 | grad(main/disc) 3.141/1.438 | lr(main/disc) 8.50e-05/3.20e-05 | cuda_peak(alloc/resv) 21.78/28.18GB | phase(train/val/raw/train_eval) 3.2/0.6/0.0/0.0s | 3.8s
2026-08-29 22:15:18 | Epoch 034/060 | loss 2.1995 | cls 1.2276 | tal -0.0790 | dual_g 0.9956 | dual_d 1.1026 | train_acc 0.9928 | train_full n/a | val_acc 0.9500 | val_f1 0.9197 | adv/moduleC 1.00/1.00 | disc_steps 3 | grad(main/disc) 3.391/1.423 | lr(main/disc) 8.50e-05/3.20e-05 | cuda_peak(alloc/resv) 21.78/28.18GB | phase(train/val/raw/train_eval) 3.5/0.6/0.0/0.0s | 4.1s
2026-08-29 22:15:23 | Epoch 035/060 | loss 2.1838 | cls 1.2237 | tal -0.1016 | dual_g 0.9905 | dual_d 1.1386 | train_acc 0.9982 | train_full 0.9613 | val_acc 0.9250 | val_f1 0.8855 | adv/moduleC 1.00/1.00 | disc_steps 3 | grad(main/disc) 3.186/1.470 | lr(main/disc) 8.50e-05/3.20e-05 | cuda_peak(alloc/resv) 21.78/28.18GB | phase(train/val/raw/train_eval) 3.3/0.6/0.6/0.8s | 5.3s
2026-08-29 22:15:28 | Epoch 036/060 | loss 2.1905 | cls 1.2340 | tal -0.1098 | dual_g 0.9894 | dual_d 1.1345 | train_acc 0.9873 | train_full n/a | val_acc 0.9667 | val_f1 0.9440 | adv/moduleC 1.00/1.00 | disc_steps 3 | grad(main/disc) 3.562/1.493 | lr(main/disc) 8.50e-05/3.20e-05 | cuda_peak(alloc/resv) 21.78/28.18GB | phase(train/val/raw/train_eval) 3.4/0.6/0.6/0.0s | 4.5s
2026-08-29 22:15:31 | New best val_f1_macro_present: raw=0.9440 stable_score=0.9440 at epoch 36
2026-08-29 22:15:34 | Epoch 037/060 | loss 2.1433 | cls 1.2125 | tal -0.1219 | dual_g 0.9674 | dual_d 1.1313 | train_acc 0.9946 | train_full n/a | val_acc 0.9417 | val_f1 0.9227 | adv/moduleC 1.00/1.00 | disc_steps 3 | grad(main/disc) 2.642/1.474 | lr(main/disc) 8.50e-05/3.20e-05 | cuda_peak(alloc/resv) 21.78/28.18GB | phase(train/val/raw/train_eval) 3.2/0.6/0.0/0.0s | 3.8s
2026-08-29 22:15:39 | Epoch 038/060 | loss 2.1360 | cls 1.2124 | tal -0.1394 | dual_g 0.9654 | dual_d 1.1086 | train_acc 0.9982 | train_full n/a | val_acc 0.9583 | val_f1 0.9262 | adv/moduleC 1.00/1.00 | disc_steps 3 | grad(main/disc) 2.467/1.459 | lr(main/disc) 8.50e-05/3.20e-05 | cuda_peak(alloc/resv) 21.78/28.18GB | phase(train/val/raw/train_eval) 3.7/0.6/0.0/0.0s | 4.3s
2026-08-29 22:15:43 | Epoch 039/060 | loss 2.1338 | cls 1.2054 | tal -0.1118 | dual_g 0.9620 | dual_d 1.1224 | train_acc 0.9964 | train_full n/a | val_acc 0.9167 | val_f1 0.8987 | adv/moduleC 1.00/1.00 | disc_steps 3 | grad(main/disc) 2.475/1.467 | lr(main/disc) 8.50e-05/3.20e-05 | cuda_peak(alloc/resv) 21.78/28.18GB | phase(train/val/raw/train_eval) 3.5/0.6/0.0/0.0s | 4.0s
2026-08-29 22:15:48 | Epoch 040/060 | loss 2.1326 | cls 1.2091 | tal -0.1353 | dual_g 0.9640 | dual_d 1.1641 | train_acc 0.9946 | train_full 0.9828 | val_acc 0.9250 | val_f1 0.8966 | adv/moduleC 1.00/1.00 | disc_steps 3 | grad(main/disc) 2.708/1.503 | lr(main/disc) 8.50e-05/3.20e-05 | cuda_peak(alloc/resv) 21.78/28.18GB | phase(train/val/raw/train_eval) 3.2/0.6/0.6/0.8s | 5.2s
2026-08-29 22:15:52 | Epoch 041/060 | loss 2.1298 | cls 1.2099 | tal -0.1492 | dual_g 0.9647 | dual_d 1.0952 | train_acc 0.9982 | train_full n/a | val_acc 0.9667 | val_f1 0.9368 | adv/moduleC 1.00/1.00 | disc_steps 3 | grad(main/disc) 3.042/1.370 | lr(main/disc) 8.50e-05/3.20e-05 | cuda_peak(alloc/resv) 21.78/28.18GB | phase(train/val/raw/train_eval) 3.4/0.6/0.0/0.0s | 4.0s
2026-08-29 22:15:56 | Epoch 042/060 | loss 2.1204 | cls 1.2082 | tal -0.1326 | dual_g 0.9520 | dual_d 1.1393 | train_acc 1.0000 | train_full n/a | val_acc 0.9417 | val_f1 0.9283 | adv/moduleC 1.00/1.00 | disc_steps 3 | grad(main/disc) 2.750/1.441 | lr(main/disc) 8.50e-05/3.20e-05 | cuda_peak(alloc/resv) 21.78/28.18GB | phase(train/val/raw/train_eval) 3.4/0.6/0.0/0.0s | 4.0s
2026-08-29 22:16:00 | Epoch 043/060 | loss 2.1129 | cls 1.2011 | tal -0.1334 | dual_g 0.9518 | dual_d 1.1282 | train_acc 0.9982 | train_full n/a | val_acc 0.9417 | val_f1 0.9136 | adv/moduleC 1.00/1.00 | disc_steps 3 | grad(main/disc) 2.588/1.397 | lr(main/disc) 8.50e-05/3.20e-05 | cuda_peak(alloc/resv) 21.78/28.18GB | phase(train/val/raw/train_eval) 3.2/0.6/0.0/0.0s | 3.8s
2026-08-29 22:16:04 | Epoch 044/060 | loss 2.1054 | cls 1.2004 | tal -0.1648 | dual_g 0.9545 | dual_d 1.1778 | train_acc 0.9982 | train_full n/a | val_acc 0.9583 | val_f1 0.9208 | adv/moduleC 1.00/1.00 | disc_steps 3 | grad(main/disc) 2.624/1.469 | lr(main/disc) 8.50e-05/3.20e-05 | cuda_peak(alloc/resv) 21.78/28.18GB | phase(train/val/raw/train_eval) 3.6/0.6/0.0/0.0s | 4.2s
2026-08-29 22:16:09 | Epoch 045/060 | loss 2.1019 | cls 1.1973 | tal -0.1550 | dual_g 0.9511 | dual_d 1.1389 | train_acc 0.9982 | train_full 0.9957 | val_acc 0.9750 | val_f1 0.9626 | adv/moduleC 1.00/1.00 | disc_steps 3 | grad(main/disc) 2.255/1.450 | lr(main/disc) 8.50e-05/3.20e-05 | cuda_peak(alloc/resv) 21.78/28.18GB | phase(train/val/raw/train_eval) 3.4/0.6/0.6/0.9s | 5.4s
2026-08-29 22:16:12 | New best val_f1_macro_present: raw=0.9626 stable_score=0.9626 at epoch 45
2026-08-29 22:16:16 | Epoch 046/060 | loss 2.0958 | cls 1.1913 | tal -0.1467 | dual_g 0.9485 | dual_d 1.1806 | train_acc 0.9982 | train_full n/a | val_acc 0.9833 | val_f1 0.9624 | adv/moduleC 1.00/1.00 | disc_steps 3 | grad(main/disc) 2.352/1.486 | lr(main/disc) 8.50e-05/3.20e-05 | cuda_peak(alloc/resv) 21.78/28.18GB | phase(train/val/raw/train_eval) 3.3/0.6/0.0/0.0s | 3.9s
2026-08-29 22:16:20 | Epoch 047/060 | loss 2.0923 | cls 1.1834 | tal -0.1231 | dual_g 0.9458 | dual_d 1.1559 | train_acc 1.0000 | train_full n/a | val_acc 0.9500 | val_f1 0.9164 | adv/moduleC 1.00/1.00 | disc_steps 3 | grad(main/disc) 2.163/1.417 | lr(main/disc) 8.50e-05/3.20e-05 | cuda_peak(alloc/resv) 21.78/28.18GB | phase(train/val/raw/train_eval) 3.5/0.6/0.0/0.0s | 4.1s
2026-08-29 22:16:24 | Epoch 048/060 | loss 2.0741 | cls 1.1848 | tal -0.1619 | dual_g 0.9379 | dual_d 1.1432 | train_acc 0.9982 | train_full n/a | val_acc 0.9667 | val_f1 0.9298 | adv/moduleC 1.00/1.00 | disc_steps 3 | grad(main/disc) 2.182/1.421 | lr(main/disc) 8.50e-05/3.20e-05 | cuda_peak(alloc/resv) 21.78/28.18GB | phase(train/val/raw/train_eval) 3.7/0.6/0.0/0.0s | 4.3s
2026-08-29 22:16:28 | Epoch 049/060 | loss 2.0844 | cls 1.1929 | tal -0.1520 | dual_g 0.9370 | dual_d 1.1527 | train_acc 0.9982 | train_full n/a | val_acc 0.9750 | val_f1 0.9626 | adv/moduleC 1.00/1.00 | disc_steps 3 | grad(main/disc) 2.382/1.412 | lr(main/disc) 8.50e-05/3.20e-05 | cuda_peak(alloc/resv) 21.78/28.18GB | phase(train/val/raw/train_eval) 3.2/0.6/0.0/0.0s | 3.8s
2026-08-29 22:16:34 | Epoch 050/060 | loss 2.0681 | cls 1.1931 | tal -0.1765 | dual_g 0.9279 | dual_d 1.1307 | train_acc 0.9982 | train_full 0.9720 | val_acc 0.9583 | val_f1 0.9427 | adv/moduleC 1.00/1.00 | disc_steps 3 | grad(main/disc) 2.351/1.399 | lr(main/disc) 8.50e-05/3.20e-05 | cuda_peak(alloc/resv) 21.78/28.18GB | phase(train/val/raw/train_eval) 3.7/0.6/0.6/0.8s | 5.7s
2026-08-29 22:16:38 | Epoch 051/060 | loss 2.0696 | cls 1.1852 | tal -0.1668 | dual_g 0.9344 | dual_d 1.1398 | train_acc 0.9982 | train_full n/a | val_acc 0.9583 | val_f1 0.9418 | adv/moduleC 1.00/1.00 | disc_steps 3 | grad(main/disc) 1.921/1.379 | lr(main/disc) 8.50e-05/3.20e-05 | cuda_peak(alloc/resv) 21.78/28.18GB | phase(train/val/raw/train_eval) 3.4/0.6/0.0/0.0s | 4.0s
2026-08-29 22:16:42 | Epoch 052/060 | loss 2.0617 | cls 1.1859 | tal -0.2015 | dual_g 0.9363 | dual_d 1.1335 | train_acc 0.9946 | train_full n/a | val_acc 0.9667 | val_f1 0.9557 | adv/moduleC 1.00/1.00 | disc_steps 3 | grad(main/disc) 2.414/1.405 | lr(main/disc) 8.50e-05/3.20e-05 | cuda_peak(alloc/resv) 21.78/28.18GB | phase(train/val/raw/train_eval) 3.2/0.6/0.0/0.0s | 3.8s
2026-08-29 22:16:46 | Epoch 053/060 | loss 2.0496 | cls 1.1806 | tal -0.2070 | dual_g 0.9311 | dual_d 1.1271 | train_acc 0.9982 | train_full n/a | val_acc 0.8917 | val_f1 0.8836 | adv/moduleC 1.00/1.00 | disc_steps 3 | grad(main/disc) 2.101/1.382 | lr(main/disc) 8.50e-05/3.20e-05 | cuda_peak(alloc/resv) 21.78/28.18GB | phase(train/val/raw/train_eval) 3.5/0.6/0.0/0.0s | 4.1s
2026-08-29 22:16:50 | Epoch 054/060 | loss 2.0357 | cls 1.1791 | tal -0.2412 | dual_g 0.9289 | dual_d 1.1463 | train_acc 0.9964 | train_full n/a | val_acc 0.9333 | val_f1 0.9235 | adv/moduleC 1.00/1.00 | disc_steps 3 | grad(main/disc) 2.083/1.374 | lr(main/disc) 4.25e-05/1.60e-05 | cuda_peak(alloc/resv) 21.78/28.18GB | phase(train/val/raw/train_eval) 3.6/0.6/0.0/0.0s | 4.2s
2026-08-29 22:16:56 | Epoch 055/060 | loss 2.0471 | cls 1.1881 | tal -0.2117 | dual_g 0.9225 | dual_d 1.1605 | train_acc 0.9982 | train_full 0.9871 | val_acc 0.9750 | val_f1 0.9626 | adv/moduleC 1.00/1.00 | disc_steps 3 | grad(main/disc) 2.524/1.378 | lr(main/disc) 4.25e-05/1.60e-05 | cuda_peak(alloc/resv) 21.78/28.18GB | phase(train/val/raw/train_eval) 3.6/0.6/0.6/0.8s | 5.6s
2026-08-29 22:16:59 | Epoch 056/060 | loss 2.0478 | cls 1.1812 | tal -0.2105 | dual_g 0.9297 | dual_d 1.1111 | train_acc 1.0000 | train_full n/a | val_acc 0.9750 | val_f1 0.9626 | adv/moduleC 1.00/1.00 | disc_steps 3 | grad(main/disc) 2.264/1.356 | lr(main/disc) 4.25e-05/1.60e-05 | cuda_peak(alloc/resv) 21.78/28.18GB | phase(train/val/raw/train_eval) 3.3/0.6/0.0/0.0s | 3.9s
2026-08-29 22:17:03 | Epoch 057/060 | loss 2.0219 | cls 1.1638 | tal -0.2142 | dual_g 0.9224 | dual_d 1.1330 | train_acc 1.0000 | train_full n/a | val_acc 0.9750 | val_f1 0.9626 | adv/moduleC 1.00/1.00 | disc_steps 3 | grad(main/disc) 1.536/1.355 | lr(main/disc) 4.25e-05/1.60e-05 | cuda_peak(alloc/resv) 21.78/28.18GB | phase(train/val/raw/train_eval) 3.3/0.6/0.0/0.0s | 3.9s
2026-08-29 22:17:07 | Epoch 058/060 | loss 2.0289 | cls 1.1728 | tal -0.2168 | dual_g 0.9211 | dual_d 1.1390 | train_acc 1.0000 | train_full n/a | val_acc 0.9667 | val_f1 0.9466 | adv/moduleC 1.00/1.00 | disc_steps 3 | grad(main/disc) 1.687/1.351 | lr(main/disc) 4.25e-05/1.60e-05 | cuda_peak(alloc/resv) 21.78/28.18GB | phase(train/val/raw/train_eval) 3.4/0.6/0.0/0.0s | 4.0s
2026-08-29 22:17:12 | Epoch 059/060 | loss 2.0219 | cls 1.1655 | tal -0.2065 | dual_g 0.9184 | dual_d 1.1345 | train_acc 1.0000 | train_full n/a | val_acc 0.9833 | val_f1 0.9714 | adv/moduleC 1.00/1.00 | disc_steps 3 | grad(main/disc) 2.201/1.370 | lr(main/disc) 4.25e-05/1.60e-05 | cuda_peak(alloc/resv) 21.78/28.18GB | phase(train/val/raw/train_eval) 3.2/0.6/0.6/0.0s | 4.4s
2026-08-29 22:17:15 | New best val_f1_macro_present: raw=0.9714 stable_score=0.9714 at epoch 59
2026-08-29 22:17:20 | Epoch 060/060 | loss 2.0222 | cls 1.1724 | tal -0.2255 | dual_g 0.9174 | dual_d 1.1362 | train_acc 1.0000 | train_full 0.9914 | val_acc 0.9833 | val_f1 0.9714 | adv/moduleC 1.00/1.00 | disc_steps 3 | grad(main/disc) 1.799/1.363 | lr(main/disc) 4.25e-05/1.60e-05 | cuda_peak(alloc/resv) 21.78/28.18GB | phase(train/val/raw/train_eval) 3.2/0.6/0.6/0.8s | 5.2s
2026-08-29 22:17:20 | Training complete. Peak validation accuracy: 0.9833 | selected val_f1_macro_present: 0.9714
