2026-08-30 03:35:17 | Starting Dual_D standalone training
2026-08-30 03:35:17 | Run directory: runs/module_c_ablation_60_v9/module_c_20260830_023711/module_c_no_identity_雨天_20260830_031740
2026-08-30 03:35:17 | Device: cuda
2026-08-30 03:35:17 | Source train samples: 992
2026-08-30 03:35:17 | Target train samples: 96
2026-08-30 03:35:17 | Target val samples: 26
2026-08-30 03:35:17 | Classes: 14
2026-08-30 03:35:17 | Data audit: same_dir=False | path_overlap(vis/ir/ais)=0/0/0 | content_overlap(vis/ir/ais)=0/0/0 | ais_index_overlap=0 | stem_mismatch(vis-ir/vis-ais)=117/0
2026-08-30 03:35:17 | source_train classes: present 14/14 | absent 0 | counts [0:120, 1:44, 2:69, 3:45, 4:40, 5:30, 6:64, 7:80, 8:116, 9:68, 10:57, 11:83, 12:48, 13:128]
2026-08-30 03:35:17 | target_train classes: present 6/14 | absent 8 | counts [0:7, 2:19, 9:32, 10:12, 11:6, 13:20]
2026-08-30 03:35:17 | target_val classes: present 6/14 | absent 8 | counts [0:2, 2:5, 9:8, 10:4, 11:2, 13:5]
2026-08-30 03:35:17 | Paired training classes: 6/14 | class ids [0, 2, 9, 10, 11, 13]
2026-08-30 03:35:17 | Runtime profile: batch=16 | paired_steps=6 | workers=16 | train_eval_every=5 | raw_eval_every=5 | stability_window=3 | lr_scheduler_start=24 | early_stop=12 after min_epoch=35
2026-08-30 03:35:17 | Augmentation profile: base=0.550 | visible=0.600 | infrared=0.400 | freeze_frozen_batch_norm_stats=True
2026-08-30 03:35:17 | VIS/IR pairing: class-level-unpaired | count-mismatch classes train/val: 10/0 | AIS alignment: none | AIS rows train/val: 0/0
2026-08-30 03:35:17 | Effective Dual-D loss weights: {"adv_auxiliary": 0.02, "adv_primary": 0.02, "classification": 0.6, "contrastive": 0.025, "cycle": 0.12, "identity": 0.0, "prototype_contrastive": 0.03}
2026-08-30 03:35:17 | Model parameters: total=17277714 | trainable=17120210
2026-08-30 03:35:20 | Epoch 001/060 | loss 5.7176 | cls 5.7871 | tal -0.2317 | dual_g 0.0000 | dual_d 0.0000 | train_acc 0.0833 | train_full 0.1458 | val_acc 0.2308 | val_f1 0.2077 | adv/moduleC 0.00/0.00 | disc_steps 0 | grad(main/disc) 32.526/0.000 | lr(main/disc) 9.00e-05/2.75e-05 | cuda_peak(alloc/resv) 4.09/5.12GB | phase(train/val/raw/train_eval) 1.1/0.4/0.4/0.4s | 2.2s
2026-08-30 03:35:21 | Epoch 002/060 | loss 4.6905 | cls 4.7458 | tal -0.1843 | dual_g 0.0000 | dual_d 0.0000 | train_acc 0.2396 | train_full n/a | val_acc 0.2692 | val_f1 0.1481 | adv/moduleC 0.00/0.00 | disc_steps 0 | grad(main/disc) 28.120/0.000 | lr(main/disc) 9.00e-05/2.75e-05 | cuda_peak(alloc/resv) 4.09/5.12GB | phase(train/val/raw/train_eval) 0.7/0.4/0.0/0.0s | 1.0s
2026-08-30 03:35:22 | Epoch 003/060 | loss 4.2155 | cls 4.2016 | tal 0.0465 | dual_g 0.0000 | dual_d 0.0000 | train_acc 0.3750 | train_full n/a | val_acc 0.2308 | val_f1 0.1071 | adv/moduleC 0.00/0.00 | disc_steps 0 | grad(main/disc) 24.592/0.000 | lr(main/disc) 9.00e-05/2.75e-05 | cuda_peak(alloc/resv) 4.09/5.12GB | phase(train/val/raw/train_eval) 0.8/0.4/0.4/0.0s | 1.5s
2026-08-30 03:35:24 | New best val_f1_macro_present: raw=0.1071 stable_score=0.1071 at epoch 3
2026-08-30 03:35:26 | Epoch 004/060 | loss 4.0395 | cls 3.6813 | tal 0.1508 | dual_g 0.3130 | dual_d 0.0000 | train_acc 0.4479 | train_full n/a | val_acc 0.1923 | val_f1 0.0556 | adv/moduleC 0.00/0.12 | disc_steps 0 | grad(main/disc) 23.528/0.000 | lr(main/disc) 9.00e-05/2.75e-05 | cuda_peak(alloc/resv) 4.09/5.12GB | phase(train/val/raw/train_eval) 0.9/0.4/0.0/0.0s | 1.2s
2026-08-30 03:35:28 | Epoch 005/060 | loss 4.0782 | cls 3.4715 | tal -0.0021 | dual_g 0.6073 | dual_d 0.0000 | train_acc 0.5104 | train_full 0.3125 | val_acc 0.3077 | val_f1 0.1917 | adv/moduleC 0.00/0.25 | disc_steps 0 | grad(main/disc) 21.793/0.000 | lr(main/disc) 9.00e-05/2.75e-05 | cuda_peak(alloc/resv) 4.09/5.12GB | phase(train/val/raw/train_eval) 0.8/0.4/0.4/0.4s | 2.0s
2026-08-30 03:35:29 | Epoch 006/060 | loss 3.9917 | cls 3.1350 | tal 0.0250 | dual_g 0.8492 | dual_d 0.0000 | train_acc 0.5000 | train_full n/a | val_acc 0.4615 | val_f1 0.3756 | adv/moduleC 0.00/0.38 | disc_steps 0 | grad(main/disc) 23.049/0.000 | lr(main/disc) 9.00e-05/2.75e-05 | cuda_peak(alloc/resv) 4.09/5.12GB | phase(train/val/raw/train_eval) 0.8/0.4/0.0/0.0s | 1.1s
2026-08-30 03:35:30 | Epoch 007/060 | loss 3.8443 | cls 2.8066 | tal 0.0663 | dual_g 1.0178 | dual_d 0.7746 | train_acc 0.6667 | train_full n/a | val_acc 0.6538 | val_f1 0.6434 | adv/moduleC 0.07/0.50 | disc_steps 3 | grad(main/disc) 21.363/2.010 | lr(main/disc) 9.00e-05/2.75e-05 | cuda_peak(alloc/resv) 4.09/5.12GB | phase(train/val/raw/train_eval) 1.0/0.4/0.4/0.0s | 1.7s
2026-08-30 03:35:33 | New best val_f1_macro_present: raw=0.6434 stable_score=0.1917 at epoch 7
2026-08-30 03:35:34 | Epoch 008/060 | loss 4.1397 | cls 2.9668 | tal 0.1055 | dual_g 1.1413 | dual_d 0.7869 | train_acc 0.6354 | train_full n/a | val_acc 0.5769 | val_f1 0.5609 | adv/moduleC 0.13/0.62 | disc_steps 3 | grad(main/disc) 21.822/2.026 | lr(main/disc) 9.00e-05/2.75e-05 | cuda_peak(alloc/resv) 4.09/5.12GB | phase(train/val/raw/train_eval) 0.7/0.4/0.4/0.0s | 1.4s
2026-08-30 03:35:36 | New best val_f1_macro_present: raw=0.5609 stable_score=0.3756 at epoch 8
2026-08-30 03:35:38 | Epoch 009/060 | loss 3.9087 | cls 2.5510 | tal 0.0429 | dual_g 1.3449 | dual_d 0.7326 | train_acc 0.7083 | train_full n/a | val_acc 0.5769 | val_f1 0.5831 | adv/moduleC 0.20/0.75 | disc_steps 3 | grad(main/disc) 21.074/1.749 | lr(main/disc) 9.00e-05/2.75e-05 | cuda_peak(alloc/resv) 4.09/5.12GB | phase(train/val/raw/train_eval) 1.0/0.4/0.4/0.0s | 1.7s
2026-08-30 03:35:40 | New best val_f1_macro_present: raw=0.5831 stable_score=0.5609 at epoch 9
2026-08-30 03:35:42 | Epoch 010/060 | loss 3.7750 | cls 2.3572 | tal 0.0261 | dual_g 1.4100 | dual_d 0.7708 | train_acc 0.7500 | train_full 0.6354 | val_acc 0.5385 | val_f1 0.4923 | adv/moduleC 0.27/0.88 | disc_steps 3 | grad(main/disc) 20.459/1.879 | lr(main/disc) 9.00e-05/2.75e-05 | cuda_peak(alloc/resv) 4.09/5.12GB | phase(train/val/raw/train_eval) 0.9/0.4/0.4/0.4s | 2.1s
2026-08-30 03:35:43 | Epoch 011/060 | loss 4.0467 | cls 2.3937 | tal -0.0765 | dual_g 1.6760 | dual_d 0.8741 | train_acc 0.7708 | train_full n/a | val_acc 0.5000 | val_f1 0.5379 | adv/moduleC 0.33/1.00 | disc_steps 3 | grad(main/disc) 23.957/2.039 | lr(main/disc) 9.00e-05/2.75e-05 | cuda_peak(alloc/resv) 4.09/5.12GB | phase(train/val/raw/train_eval) 0.8/0.4/0.0/0.0s | 1.2s
2026-08-30 03:35:44 | Epoch 012/060 | loss 3.2614 | cls 1.9104 | tal -0.0519 | dual_g 1.3666 | dual_d 0.6805 | train_acc 0.8438 | train_full n/a | val_acc 0.6923 | val_f1 0.7712 | adv/moduleC 0.40/1.00 | disc_steps 3 | grad(main/disc) 17.835/1.846 | lr(main/disc) 9.00e-05/2.75e-05 | cuda_peak(alloc/resv) 4.09/5.12GB | phase(train/val/raw/train_eval) 0.6/0.4/0.0/0.0s | 1.0s
2026-08-30 03:35:45 | Epoch 013/060 | loss 3.5150 | cls 2.0481 | tal 0.0567 | dual_g 1.4500 | dual_d 0.6850 | train_acc 0.8854 | train_full n/a | val_acc 0.6538 | val_f1 0.7267 | adv/moduleC 0.47/1.00 | disc_steps 3 | grad(main/disc) 20.343/1.839 | lr(main/disc) 9.00e-05/2.75e-05 | cuda_peak(alloc/resv) 4.09/5.12GB | phase(train/val/raw/train_eval) 0.8/0.4/0.0/0.0s | 1.2s
2026-08-30 03:35:47 | Epoch 014/060 | loss 3.4604 | cls 2.1276 | tal 0.0020 | dual_g 1.3322 | dual_d 0.7694 | train_acc 0.8750 | train_full n/a | val_acc 0.6154 | val_f1 0.6736 | adv/moduleC 0.53/1.00 | disc_steps 3 | grad(main/disc) 22.047/1.883 | lr(main/disc) 9.00e-05/2.75e-05 | cuda_peak(alloc/resv) 4.09/5.12GB | phase(train/val/raw/train_eval) 0.7/0.4/0.4/0.0s | 1.4s
2026-08-30 03:35:49 | New best val_f1_macro_present: raw=0.6736 stable_score=0.6736 at epoch 14
2026-08-30 03:35:51 | Epoch 015/060 | loss 3.2494 | cls 1.9202 | tal -0.0824 | dual_g 1.3539 | dual_d 0.6577 | train_acc 0.9167 | train_full 0.6667 | val_acc 0.6538 | val_f1 0.6783 | adv/moduleC 0.60/1.00 | disc_steps 3 | grad(main/disc) 22.469/1.686 | lr(main/disc) 9.00e-05/2.75e-05 | cuda_peak(alloc/resv) 4.09/5.12GB | phase(train/val/raw/train_eval) 0.9/0.4/0.4/0.4s | 2.0s
2026-08-30 03:35:52 | Epoch 016/060 | loss 2.9605 | cls 1.7233 | tal -0.1102 | dual_g 1.2703 | dual_d 0.7018 | train_acc 0.9688 | train_full n/a | val_acc 0.7308 | val_f1 0.7653 | adv/moduleC 0.67/1.00 | disc_steps 3 | grad(main/disc) 18.037/1.814 | lr(main/disc) 9.00e-05/2.75e-05 | cuda_peak(alloc/resv) 4.09/5.12GB | phase(train/val/raw/train_eval) 0.8/0.4/0.0/0.0s | 1.2s
2026-08-30 03:35:54 | Epoch 017/060 | loss 3.3336 | cls 1.9870 | tal -0.0553 | dual_g 1.3632 | dual_d 0.6806 | train_acc 0.9479 | train_full n/a | val_acc 0.6923 | val_f1 0.7508 | adv/moduleC 0.73/1.00 | disc_steps 3 | grad(main/disc) 19.861/1.697 | lr(main/disc) 9.00e-05/2.75e-05 | cuda_peak(alloc/resv) 4.09/5.12GB | phase(train/val/raw/train_eval) 1.0/0.4/0.4/0.0s | 1.7s
2026-08-30 03:35:56 | New best val_f1_macro_present: raw=0.7508 stable_score=0.6783 at epoch 17
2026-08-30 03:35:57 | Epoch 018/060 | loss 3.0264 | cls 1.7448 | tal -0.0468 | dual_g 1.2956 | dual_d 0.7099 | train_acc 0.9375 | train_full n/a | val_acc 0.8077 | val_f1 0.8643 | adv/moduleC 0.80/1.00 | disc_steps 3 | grad(main/disc) 17.328/1.780 | lr(main/disc) 9.00e-05/2.75e-05 | cuda_peak(alloc/resv) 4.09/5.12GB | phase(train/val/raw/train_eval) 0.8/0.4/0.4/0.0s | 1.5s
2026-08-30 03:35:59 | New best val_f1_macro_present: raw=0.8643 stable_score=0.7508 at epoch 18
2026-08-30 03:36:01 | Epoch 019/060 | loss 2.9101 | cls 1.7062 | tal -0.0762 | dual_g 1.2268 | dual_d 0.6066 | train_acc 0.9271 | train_full n/a | val_acc 0.8077 | val_f1 0.8319 | adv/moduleC 0.87/1.00 | disc_steps 3 | grad(main/disc) 16.018/1.649 | lr(main/disc) 9.00e-05/2.75e-05 | cuda_peak(alloc/resv) 4.09/5.12GB | phase(train/val/raw/train_eval) 0.7/0.4/0.0/0.0s | 1.1s
2026-08-30 03:36:03 | Epoch 020/060 | loss 2.8617 | cls 1.7286 | tal -0.1017 | dual_g 1.1636 | dual_d 0.7512 | train_acc 0.9167 | train_full 0.8958 | val_acc 0.8846 | val_f1 0.8966 | adv/moduleC 0.93/1.00 | disc_steps 3 | grad(main/disc) 17.671/1.827 | lr(main/disc) 9.00e-05/2.75e-05 | cuda_peak(alloc/resv) 4.09/5.12GB | phase(train/val/raw/train_eval) 0.8/0.4/0.4/0.4s | 2.0s
2026-08-30 03:36:05 | New best val_f1_macro_present: raw=0.8966 stable_score=0.8319 at epoch 20
2026-08-30 03:36:06 | Epoch 021/060 | loss 2.7647 | cls 1.6216 | tal 0.0166 | dual_g 1.1381 | dual_d 0.7260 | train_acc 0.9688 | train_full n/a | val_acc 0.8846 | val_f1 0.8966 | adv/moduleC 1.00/1.00 | disc_steps 3 | grad(main/disc) 16.318/1.754 | lr(main/disc) 9.00e-05/2.75e-05 | cuda_peak(alloc/resv) 4.09/5.12GB | phase(train/val/raw/train_eval) 1.0/0.4/0.0/0.0s | 1.3s
2026-08-30 03:36:08 | Epoch 022/060 | loss 2.8187 | cls 1.7169 | tal 0.0134 | dual_g 1.0977 | dual_d 0.6862 | train_acc 0.9375 | train_full n/a | val_acc 0.9231 | val_f1 0.9277 | adv/moduleC 1.00/1.00 | disc_steps 3 | grad(main/disc) 16.558/1.768 | lr(main/disc) 9.00e-05/2.75e-05 | cuda_peak(alloc/resv) 4.09/5.12GB | phase(train/val/raw/train_eval) 1.2/0.4/0.4/0.0s | 1.9s
2026-08-30 03:36:10 | New best val_f1_macro_present: raw=0.9277 stable_score=0.8966 at epoch 22
2026-08-30 03:36:11 | Epoch 023/060 | loss 2.6102 | cls 1.5740 | tal -0.0732 | dual_g 1.0582 | dual_d 0.7377 | train_acc 0.9583 | train_full n/a | val_acc 0.8846 | val_f1 0.8945 | adv/moduleC 1.00/1.00 | disc_steps 3 | grad(main/disc) 13.881/1.786 | lr(main/disc) 9.00e-05/2.75e-05 | cuda_peak(alloc/resv) 4.09/5.12GB | phase(train/val/raw/train_eval) 0.8/0.4/0.0/0.0s | 1.1s
2026-08-30 03:36:12 | Epoch 024/060 | loss 2.5617 | cls 1.4764 | tal 0.0003 | dual_g 1.0852 | dual_d 0.7413 | train_acc 0.9688 | train_full n/a | val_acc 0.9231 | val_f1 0.9277 | adv/moduleC 1.00/1.00 | disc_steps 3 | grad(main/disc) 12.931/1.747 | lr(main/disc) 9.00e-05/2.75e-05 | cuda_peak(alloc/resv) 4.09/5.12GB | phase(train/val/raw/train_eval) 0.7/0.4/0.0/0.0s | 1.1s
2026-08-30 03:36:14 | Epoch 025/060 | loss 2.5942 | cls 1.4667 | tal -0.0903 | dual_g 1.1546 | dual_d 0.6474 | train_acc 1.0000 | train_full 0.9271 | val_acc 0.9231 | val_f1 0.9277 | adv/moduleC 1.00/1.00 | disc_steps 3 | grad(main/disc) 14.776/1.628 | lr(main/disc) 9.00e-05/2.75e-05 | cuda_peak(alloc/resv) 4.09/5.12GB | phase(train/val/raw/train_eval) 0.8/0.4/0.4/0.4s | 1.9s
2026-08-30 03:36:16 | Epoch 026/060 | loss 2.6983 | cls 1.6214 | tal -0.0694 | dual_g 1.0977 | dual_d 0.7543 | train_acc 0.9583 | train_full n/a | val_acc 0.9615 | val_f1 0.9663 | adv/moduleC 1.00/1.00 | disc_steps 3 | grad(main/disc) 16.408/1.890 | lr(main/disc) 9.00e-05/2.75e-05 | cuda_peak(alloc/resv) 4.09/5.12GB | phase(train/val/raw/train_eval) 0.9/0.4/0.4/0.0s | 1.6s
2026-08-30 03:36:18 | New best val_f1_macro_present: raw=0.9663 stable_score=0.9277 at epoch 26
2026-08-30 03:36:19 | Epoch 027/060 | loss 2.6106 | cls 1.4984 | tal -0.0725 | dual_g 1.1340 | dual_d 0.7978 | train_acc 1.0000 | train_full n/a | val_acc 1.0000 | val_f1 1.0000 | adv/moduleC 1.00/1.00 | disc_steps 3 | grad(main/disc) 14.224/1.716 | lr(main/disc) 9.00e-05/2.75e-05 | cuda_peak(alloc/resv) 4.09/5.12GB | phase(train/val/raw/train_eval) 0.7/0.4/0.0/0.0s | 1.1s
2026-08-30 03:36:20 | Epoch 028/060 | loss 2.4417 | cls 1.4890 | tal -0.1560 | dual_g 0.9995 | dual_d 0.7185 | train_acc 0.9896 | train_full n/a | val_acc 1.0000 | val_f1 1.0000 | adv/moduleC 1.00/1.00 | disc_steps 3 | grad(main/disc) 12.408/1.698 | lr(main/disc) 9.00e-05/2.75e-05 | cuda_peak(alloc/resv) 4.09/5.12GB | phase(train/val/raw/train_eval) 0.8/0.4/0.4/0.0s | 1.5s
2026-08-30 03:36:23 | New best val_f1_macro_present: raw=1.0000 stable_score=0.9663 at epoch 28
2026-08-30 03:36:24 | Epoch 029/060 | loss 2.7253 | cls 1.6413 | tal -0.0955 | dual_g 1.1126 | dual_d 0.6956 | train_acc 0.9271 | train_full n/a | val_acc 1.0000 | val_f1 1.0000 | adv/moduleC 1.00/1.00 | disc_steps 3 | grad(main/disc) 17.541/1.637 | lr(main/disc) 9.00e-05/2.75e-05 | cuda_peak(alloc/resv) 4.09/5.12GB | phase(train/val/raw/train_eval) 0.9/0.4/0.4/0.0s | 1.6s
2026-08-30 03:36:26 | New best val_f1_macro_present: raw=1.0000 stable_score=1.0000 at epoch 29
2026-08-30 03:36:28 | Epoch 030/060 | loss 2.4422 | cls 1.4124 | tal -0.0546 | dual_g 1.0463 | dual_d 0.7154 | train_acc 1.0000 | train_full 0.9479 | val_acc 1.0000 | val_f1 1.0000 | adv/moduleC 1.00/1.00 | disc_steps 3 | grad(main/disc) 10.863/1.649 | lr(main/disc) 9.00e-05/2.75e-05 | cuda_peak(alloc/resv) 4.09/5.12GB | phase(train/val/raw/train_eval) 0.8/0.4/0.4/0.4s | 1.9s
2026-08-30 03:36:29 | Epoch 031/060 | loss 2.4251 | cls 1.3872 | tal -0.0333 | dual_g 1.0478 | dual_d 0.6758 | train_acc 0.9896 | train_full n/a | val_acc 1.0000 | val_f1 1.0000 | adv/moduleC 1.00/1.00 | disc_steps 3 | grad(main/disc) 12.645/1.631 | lr(main/disc) 9.00e-05/2.75e-05 | cuda_peak(alloc/resv) 4.09/5.12GB | phase(train/val/raw/train_eval) 0.7/0.4/0.0/0.0s | 1.1s
2026-08-30 03:36:31 | Epoch 032/060 | loss 2.5991 | cls 1.5278 | tal -0.0152 | dual_g 1.0759 | dual_d 0.7256 | train_acc 0.9479 | train_full n/a | val_acc 0.9615 | val_f1 0.9737 | adv/moduleC 1.00/1.00 | disc_steps 3 | grad(main/disc) 15.386/1.705 | lr(main/disc) 9.00e-05/2.75e-05 | cuda_peak(alloc/resv) 4.09/5.12GB | phase(train/val/raw/train_eval) 0.9/0.4/0.0/0.0s | 1.3s
2026-08-30 03:36:32 | Epoch 033/060 | loss 2.5708 | cls 1.5444 | tal -0.1308 | dual_g 1.0657 | dual_d 0.6597 | train_acc 0.9479 | train_full n/a | val_acc 1.0000 | val_f1 1.0000 | adv/moduleC 1.00/1.00 | disc_steps 3 | grad(main/disc) 14.293/1.620 | lr(main/disc) 9.00e-05/2.75e-05 | cuda_peak(alloc/resv) 4.09/5.12GB | phase(train/val/raw/train_eval) 1.1/0.4/0.0/0.0s | 1.4s
2026-08-30 03:36:33 | Epoch 034/060 | loss 2.4159 | cls 1.4343 | tal -0.0758 | dual_g 1.0043 | dual_d 0.7176 | train_acc 0.9896 | train_full n/a | val_acc 0.9231 | val_f1 0.9277 | adv/moduleC 1.00/1.00 | disc_steps 3 | grad(main/disc) 11.854/1.712 | lr(main/disc) 9.00e-05/2.75e-05 | cuda_peak(alloc/resv) 4.09/5.12GB | phase(train/val/raw/train_eval) 0.8/0.4/0.0/0.0s | 1.2s
2026-08-30 03:36:35 | Epoch 035/060 | loss 2.3638 | cls 1.4442 | tal -0.1770 | dual_g 0.9728 | dual_d 0.7334 | train_acc 0.9792 | train_full 0.9896 | val_acc 1.0000 | val_f1 1.0000 | adv/moduleC 1.00/1.00 | disc_steps 3 | grad(main/disc) 10.551/1.711 | lr(main/disc) 9.00e-05/2.75e-05 | cuda_peak(alloc/resv) 4.09/5.12GB | phase(train/val/raw/train_eval) 0.8/0.4/0.4/0.4s | 1.9s
2026-08-30 03:36:36 | Epoch 036/060 | loss 2.2906 | cls 1.3489 | tal -0.1839 | dual_g 0.9969 | dual_d 0.7005 | train_acc 0.9792 | train_full n/a | val_acc 1.0000 | val_f1 1.0000 | adv/moduleC 1.00/1.00 | disc_steps 3 | grad(main/disc) 12.438/1.662 | lr(main/disc) 4.50e-05/1.38e-05 | cuda_peak(alloc/resv) 4.09/5.12GB | phase(train/val/raw/train_eval) 0.8/0.4/0.0/0.0s | 1.2s
2026-08-30 03:36:37 | Epoch 037/060 | loss 2.3254 | cls 1.4371 | tal -0.2997 | dual_g 0.9782 | dual_d 0.7339 | train_acc 0.9792 | train_full n/a | val_acc 1.0000 | val_f1 1.0000 | adv/moduleC 1.00/1.00 | disc_steps 3 | grad(main/disc) 11.606/1.751 | lr(main/disc) 4.50e-05/1.38e-05 | cuda_peak(alloc/resv) 4.09/5.12GB | phase(train/val/raw/train_eval) 0.7/0.4/0.0/0.0s | 1.0s
2026-08-30 03:36:38 | Epoch 038/060 | loss 2.3425 | cls 1.4363 | tal -0.2300 | dual_g 0.9752 | dual_d 0.6882 | train_acc 1.0000 | train_full n/a | val_acc 1.0000 | val_f1 1.0000 | adv/moduleC 1.00/1.00 | disc_steps 3 | grad(main/disc) 12.058/1.619 | lr(main/disc) 4.50e-05/1.38e-05 | cuda_peak(alloc/resv) 4.09/5.12GB | phase(train/val/raw/train_eval) 0.7/0.4/0.0/0.0s | 1.1s
2026-08-30 03:36:40 | Epoch 039/060 | loss 2.2204 | cls 1.3380 | tal -0.1974 | dual_g 0.9416 | dual_d 0.7501 | train_acc 0.9896 | train_full n/a | val_acc 1.0000 | val_f1 1.0000 | adv/moduleC 1.00/1.00 | disc_steps 3 | grad(main/disc) 7.606/1.773 | lr(main/disc) 4.50e-05/1.38e-05 | cuda_peak(alloc/resv) 4.09/5.12GB | phase(train/val/raw/train_eval) 0.7/0.4/0.0/0.0s | 1.1s
2026-08-30 03:36:42 | Epoch 040/060 | loss 2.3289 | cls 1.3989 | tal -0.2324 | dual_g 0.9998 | dual_d 0.7441 | train_acc 1.0000 | train_full 0.9792 | val_acc 1.0000 | val_f1 1.0000 | adv/moduleC 1.00/1.00 | disc_steps 3 | grad(main/disc) 11.699/1.770 | lr(main/disc) 4.50e-05/1.38e-05 | cuda_peak(alloc/resv) 4.09/5.12GB | phase(train/val/raw/train_eval) 0.9/0.4/0.4/0.4s | 2.0s
2026-08-30 03:36:43 | Epoch 041/060 | loss 2.3517 | cls 1.4402 | tal -0.2343 | dual_g 0.9817 | dual_d 0.7464 | train_acc 0.9896 | train_full n/a | val_acc 1.0000 | val_f1 1.0000 | adv/moduleC 1.00/1.00 | disc_steps 3 | grad(main/disc) 10.434/1.815 | lr(main/disc) 4.50e-05/1.38e-05 | cuda_peak(alloc/resv) 4.09/5.12GB | phase(train/val/raw/train_eval) 0.6/0.4/0.0/0.0s | 1.0s
2026-08-30 03:36:43 | Early stopping at epoch 41 after 12 epochs without val_f1_macro_present improvement.
2026-08-30 03:36:43 | Training complete. Peak validation accuracy: 1.0000 | selected val_f1_macro_present: 1.0000
