2026-08-30 03:33:48 | Starting Dual_D standalone training
2026-08-30 03:33:48 | Run directory: runs/module_c_ablation_60_v9/module_c_20260830_023711/module_c_no_identity_雨天_20260830_031740
2026-08-30 03:33:48 | Device: cuda
2026-08-30 03:33:48 | Source train samples: 992
2026-08-30 03:33:48 | Target train samples: 96
2026-08-30 03:33:48 | Target val samples: 26
2026-08-30 03:33:48 | Classes: 14
2026-08-30 03:33:48 | Data audit: same_dir=False | path_overlap(vis/ir/ais)=0/0/0 | content_overlap(vis/ir/ais)=0/0/0 | ais_index_overlap=0 | stem_mismatch(vis-ir/vis-ais)=117/0
2026-08-30 03:33:48 | source_train classes: present 14/14 | absent 0 | counts [0:120, 1:44, 2:69, 3:45, 4:40, 5:30, 6:64, 7:80, 8:116, 9:68, 10:57, 11:83, 12:48, 13:128]
2026-08-30 03:33:48 | target_train classes: present 6/14 | absent 8 | counts [0:7, 2:19, 9:32, 10:12, 11:6, 13:20]
2026-08-30 03:33:48 | target_val classes: present 6/14 | absent 8 | counts [0:2, 2:5, 9:8, 10:4, 11:2, 13:5]
2026-08-30 03:33:48 | Paired training classes: 6/14 | class ids [0, 2, 9, 10, 11, 13]
2026-08-30 03:33:48 | Runtime profile: batch=16 | paired_steps=6 | workers=16 | train_eval_every=5 | raw_eval_every=5 | stability_window=3 | lr_scheduler_start=24 | early_stop=12 after min_epoch=35
2026-08-30 03:33:48 | Augmentation profile: base=0.550 | visible=0.600 | infrared=0.400 | freeze_frozen_batch_norm_stats=True
2026-08-30 03:33:48 | VIS/IR pairing: class-level-unpaired | count-mismatch classes train/val: 10/0 | AIS alignment: none | AIS rows train/val: 0/0
2026-08-30 03:33:49 | Effective Dual-D loss weights: {"adv_auxiliary": 0.02, "adv_primary": 0.02, "classification": 0.6, "contrastive": 0.025, "cycle": 0.12, "identity": 0.0, "prototype_contrastive": 0.03}
2026-08-30 03:33:49 | Model parameters: total=17277714 | trainable=17120210
2026-08-30 03:33:51 | Epoch 001/060 | loss 6.1324 | cls 6.1606 | tal -0.0938 | dual_g 0.0000 | dual_d 0.0000 | train_acc 0.0312 | train_full 0.1354 | val_acc 0.0385 | val_f1 0.0175 | adv/moduleC 0.00/0.00 | disc_steps 0 | grad(main/disc) 36.692/0.000 | lr(main/disc) 9.00e-05/2.75e-05 | cuda_peak(alloc/resv) 4.09/5.12GB | phase(train/val/raw/train_eval) 1.2/0.4/0.4/0.4s | 2.3s
2026-08-30 03:33:52 | Epoch 002/060 | loss 4.5979 | cls 4.6603 | tal -0.2080 | dual_g 0.0000 | dual_d 0.0000 | train_acc 0.2188 | train_full n/a | val_acc 0.1154 | val_f1 0.0385 | adv/moduleC 0.00/0.00 | disc_steps 0 | grad(main/disc) 29.655/0.000 | lr(main/disc) 9.00e-05/2.75e-05 | cuda_peak(alloc/resv) 4.09/5.12GB | phase(train/val/raw/train_eval) 0.9/0.4/0.0/0.0s | 1.2s
2026-08-30 03:33:54 | Epoch 003/060 | loss 4.0638 | cls 4.0721 | tal -0.0277 | dual_g 0.0000 | dual_d 0.0000 | train_acc 0.3542 | train_full n/a | val_acc 0.1923 | val_f1 0.1885 | adv/moduleC 0.00/0.00 | disc_steps 0 | grad(main/disc) 25.816/0.000 | lr(main/disc) 9.00e-05/2.75e-05 | cuda_peak(alloc/resv) 4.09/5.12GB | phase(train/val/raw/train_eval) 0.9/0.4/0.4/0.0s | 1.6s
2026-08-30 03:33:56 | New best val_f1_macro_present: raw=0.1885 stable_score=0.0175 at epoch 3
2026-08-30 03:33:58 | Epoch 004/060 | loss 4.1809 | cls 3.8548 | tal -0.0192 | dual_g 0.3319 | dual_d 0.0000 | train_acc 0.3646 | train_full n/a | val_acc 0.2692 | val_f1 0.2851 | adv/moduleC 0.00/0.12 | disc_steps 0 | grad(main/disc) 25.843/0.000 | lr(main/disc) 9.00e-05/2.75e-05 | cuda_peak(alloc/resv) 4.09/5.12GB | phase(train/val/raw/train_eval) 0.7/0.4/0.4/0.0s | 1.4s
2026-08-30 03:34:00 | New best val_f1_macro_present: raw=0.2851 stable_score=0.0385 at epoch 4
2026-08-30 03:34:02 | Epoch 005/060 | loss 4.1328 | cls 3.5259 | tal 0.0272 | dual_g 0.5988 | dual_d 0.0000 | train_acc 0.4792 | train_full 0.2708 | val_acc 0.3462 | val_f1 0.3132 | adv/moduleC 0.00/0.25 | disc_steps 0 | grad(main/disc) 23.549/0.000 | lr(main/disc) 9.00e-05/2.75e-05 | cuda_peak(alloc/resv) 4.09/5.12GB | phase(train/val/raw/train_eval) 0.8/0.4/0.4/0.4s | 2.0s
2026-08-30 03:34:04 | New best val_f1_macro_present: raw=0.3132 stable_score=0.1885 at epoch 5
2026-08-30 03:34:05 | Epoch 006/060 | loss 4.0073 | cls 3.1700 | tal 0.0071 | dual_g 0.8351 | dual_d 0.0000 | train_acc 0.5625 | train_full n/a | val_acc 0.2308 | val_f1 0.1444 | adv/moduleC 0.00/0.38 | disc_steps 0 | grad(main/disc) 22.362/0.000 | lr(main/disc) 9.00e-05/2.75e-05 | cuda_peak(alloc/resv) 4.09/5.12GB | phase(train/val/raw/train_eval) 0.8/0.4/0.0/0.0s | 1.2s
2026-08-30 03:34:06 | Epoch 007/060 | loss 4.0563 | cls 3.0207 | tal 0.0253 | dual_g 1.0280 | dual_d 0.9042 | train_acc 0.6250 | train_full n/a | val_acc 0.2692 | val_f1 0.2692 | adv/moduleC 0.07/0.50 | disc_steps 3 | grad(main/disc) 23.514/2.452 | lr(main/disc) 9.00e-05/2.75e-05 | cuda_peak(alloc/resv) 4.09/5.12GB | phase(train/val/raw/train_eval) 0.8/0.4/0.0/0.0s | 1.2s
2026-08-30 03:34:08 | Epoch 008/060 | loss 4.1266 | cls 2.8578 | tal 0.1091 | dual_g 1.2361 | dual_d 0.8883 | train_acc 0.7292 | train_full n/a | val_acc 0.3462 | val_f1 0.3589 | adv/moduleC 0.13/0.62 | disc_steps 3 | grad(main/disc) 23.207/2.392 | lr(main/disc) 9.00e-05/2.75e-05 | cuda_peak(alloc/resv) 4.09/5.12GB | phase(train/val/raw/train_eval) 1.0/0.4/0.0/0.0s | 1.3s
2026-08-30 03:34:09 | Epoch 009/060 | loss 4.0709 | cls 2.7048 | tal 0.0203 | dual_g 1.3599 | dual_d 0.8880 | train_acc 0.5938 | train_full n/a | val_acc 0.4231 | val_f1 0.4026 | adv/moduleC 0.20/0.75 | disc_steps 3 | grad(main/disc) 23.340/2.363 | lr(main/disc) 9.00e-05/2.75e-05 | cuda_peak(alloc/resv) 4.09/5.12GB | phase(train/val/raw/train_eval) 0.7/0.4/0.4/0.0s | 1.4s
2026-08-30 03:34:11 | New best val_f1_macro_present: raw=0.4026 stable_score=0.2692 at epoch 9
2026-08-30 03:34:13 | Epoch 010/060 | loss 3.7973 | cls 2.3210 | tal 0.0321 | dual_g 1.4667 | dual_d 0.9702 | train_acc 0.7917 | train_full 0.4896 | val_acc 0.4231 | val_f1 0.3959 | adv/moduleC 0.27/0.88 | disc_steps 3 | grad(main/disc) 20.163/2.458 | lr(main/disc) 9.00e-05/2.75e-05 | cuda_peak(alloc/resv) 4.09/5.12GB | phase(train/val/raw/train_eval) 0.7/0.4/0.4/0.4s | 1.8s
2026-08-30 03:34:15 | New best val_f1_macro_present: raw=0.3959 stable_score=0.3589 at epoch 10
2026-08-30 03:34:16 | Epoch 011/060 | loss 3.9051 | cls 2.3184 | tal 0.0033 | dual_g 1.5857 | dual_d 0.9422 | train_acc 0.7708 | train_full n/a | val_acc 0.5769 | val_f1 0.5846 | adv/moduleC 0.33/1.00 | disc_steps 3 | grad(main/disc) 22.646/2.398 | lr(main/disc) 9.00e-05/2.75e-05 | cuda_peak(alloc/resv) 4.09/5.12GB | phase(train/val/raw/train_eval) 0.7/0.4/0.4/0.0s | 1.4s
2026-08-30 03:34:19 | New best val_f1_macro_present: raw=0.5846 stable_score=0.3959 at epoch 11
2026-08-30 03:34:20 | Epoch 012/060 | loss 3.7313 | cls 2.2548 | tal -0.0488 | dual_g 1.4912 | dual_d 0.8979 | train_acc 0.7292 | train_full n/a | val_acc 0.6154 | val_f1 0.6484 | adv/moduleC 0.40/1.00 | disc_steps 3 | grad(main/disc) 21.332/2.434 | lr(main/disc) 9.00e-05/2.75e-05 | cuda_peak(alloc/resv) 4.09/5.12GB | phase(train/val/raw/train_eval) 0.9/0.4/0.0/0.0s | 1.3s
2026-08-30 03:34:21 | Epoch 013/060 | loss 3.7608 | cls 2.2949 | tal -0.1962 | dual_g 1.5247 | dual_d 0.8256 | train_acc 0.7917 | train_full n/a | val_acc 0.5000 | val_f1 0.5006 | adv/moduleC 0.47/1.00 | disc_steps 3 | grad(main/disc) 22.478/2.405 | lr(main/disc) 9.00e-05/2.75e-05 | cuda_peak(alloc/resv) 4.09/5.12GB | phase(train/val/raw/train_eval) 0.9/0.4/0.4/0.0s | 1.6s
2026-08-30 03:34:23 | New best val_f1_macro_present: raw=0.5006 stable_score=0.5006 at epoch 13
2026-08-30 03:34:25 | Epoch 014/060 | loss 3.5802 | cls 2.0999 | tal -0.1410 | dual_g 1.5227 | dual_d 0.8133 | train_acc 0.8542 | train_full n/a | val_acc 0.6154 | val_f1 0.6484 | adv/moduleC 0.53/1.00 | disc_steps 3 | grad(main/disc) 22.271/2.189 | lr(main/disc) 9.00e-05/2.75e-05 | cuda_peak(alloc/resv) 4.09/5.12GB | phase(train/val/raw/train_eval) 0.7/0.4/0.0/0.0s | 1.1s
2026-08-30 03:34:26 | Epoch 015/060 | loss 3.2561 | cls 1.9295 | tal -0.2126 | dual_g 1.3904 | dual_d 0.8251 | train_acc 0.8750 | train_full 0.7396 | val_acc 0.6538 | val_f1 0.6791 | adv/moduleC 0.60/1.00 | disc_steps 3 | grad(main/disc) 19.718/2.235 | lr(main/disc) 9.00e-05/2.75e-05 | cuda_peak(alloc/resv) 4.09/5.12GB | phase(train/val/raw/train_eval) 0.8/0.4/0.4/0.4s | 1.9s
2026-08-30 03:34:28 | Epoch 016/060 | loss 3.3809 | cls 1.9769 | tal -0.1092 | dual_g 1.4367 | dual_d 0.9046 | train_acc 0.8125 | train_full n/a | val_acc 0.7692 | val_f1 0.7992 | adv/moduleC 0.67/1.00 | disc_steps 3 | grad(main/disc) 21.854/2.332 | lr(main/disc) 9.00e-05/2.75e-05 | cuda_peak(alloc/resv) 4.09/5.12GB | phase(train/val/raw/train_eval) 1.1/0.4/0.4/0.0s | 1.9s
2026-08-30 03:34:30 | New best val_f1_macro_present: raw=0.7992 stable_score=0.6484 at epoch 16
2026-08-30 03:34:32 | Epoch 017/060 | loss 2.9063 | cls 1.7056 | tal -0.1489 | dual_g 1.2453 | dual_d 0.8712 | train_acc 0.9271 | train_full n/a | val_acc 0.7692 | val_f1 0.7759 | adv/moduleC 0.73/1.00 | disc_steps 3 | grad(main/disc) 16.771/2.297 | lr(main/disc) 9.00e-05/2.75e-05 | cuda_peak(alloc/resv) 4.09/5.12GB | phase(train/val/raw/train_eval) 0.8/0.4/0.4/0.0s | 1.5s
2026-08-30 03:34:34 | New best val_f1_macro_present: raw=0.7759 stable_score=0.6791 at epoch 17
2026-08-30 03:34:36 | Epoch 018/060 | loss 2.9940 | cls 1.7893 | tal -0.1302 | dual_g 1.2437 | dual_d 0.8467 | train_acc 0.9375 | train_full n/a | val_acc 0.6923 | val_f1 0.6976 | adv/moduleC 0.80/1.00 | disc_steps 3 | grad(main/disc) 18.745/2.141 | lr(main/disc) 9.00e-05/2.75e-05 | cuda_peak(alloc/resv) 4.09/5.12GB | phase(train/val/raw/train_eval) 0.7/0.4/0.4/0.0s | 1.4s
2026-08-30 03:34:38 | New best val_f1_macro_present: raw=0.6976 stable_score=0.6976 at epoch 18
2026-08-30 03:34:39 | Epoch 019/060 | loss 2.8248 | cls 1.6877 | tal -0.1869 | dual_g 1.1932 | dual_d 0.8946 | train_acc 0.9167 | train_full n/a | val_acc 0.5769 | val_f1 0.5957 | adv/moduleC 0.87/1.00 | disc_steps 3 | grad(main/disc) 16.255/2.159 | lr(main/disc) 9.00e-05/2.75e-05 | cuda_peak(alloc/resv) 4.09/5.12GB | phase(train/val/raw/train_eval) 0.8/0.4/0.0/0.0s | 1.2s
2026-08-30 03:34:41 | Epoch 020/060 | loss 3.0211 | cls 1.8632 | tal -0.1570 | dual_g 1.2050 | dual_d 0.8670 | train_acc 0.8854 | train_full 0.8854 | val_acc 0.8462 | val_f1 0.8712 | adv/moduleC 0.93/1.00 | disc_steps 3 | grad(main/disc) 18.490/2.199 | lr(main/disc) 9.00e-05/2.75e-05 | cuda_peak(alloc/resv) 4.09/5.12GB | phase(train/val/raw/train_eval) 0.7/0.4/0.4/0.4s | 1.9s
2026-08-30 03:34:42 | Epoch 021/060 | loss 2.7131 | cls 1.6274 | tal -0.2431 | dual_g 1.1586 | dual_d 0.8370 | train_acc 0.9583 | train_full n/a | val_acc 0.8462 | val_f1 0.8634 | adv/moduleC 1.00/1.00 | disc_steps 3 | grad(main/disc) 20.997/2.140 | lr(main/disc) 9.00e-05/2.75e-05 | cuda_peak(alloc/resv) 4.09/5.12GB | phase(train/val/raw/train_eval) 0.9/0.4/0.0/0.0s | 1.2s
2026-08-30 03:34:44 | Epoch 022/060 | loss 2.7260 | cls 1.6253 | tal -0.2113 | dual_g 1.1641 | dual_d 0.8613 | train_acc 0.9271 | train_full n/a | val_acc 0.9231 | val_f1 0.9484 | adv/moduleC 1.00/1.00 | disc_steps 3 | grad(main/disc) 16.442/2.236 | lr(main/disc) 9.00e-05/2.75e-05 | cuda_peak(alloc/resv) 4.09/5.12GB | phase(train/val/raw/train_eval) 0.8/0.3/0.4/0.0s | 1.5s
2026-08-30 03:34:46 | New best val_f1_macro_present: raw=0.9484 stable_score=0.8634 at epoch 22
2026-08-30 03:34:47 | Epoch 023/060 | loss 2.9132 | cls 1.7437 | tal -0.2541 | dual_g 1.2457 | dual_d 0.8709 | train_acc 0.9375 | train_full n/a | val_acc 0.9231 | val_f1 0.9277 | adv/moduleC 1.00/1.00 | disc_steps 3 | grad(main/disc) 19.335/2.137 | lr(main/disc) 9.00e-05/2.75e-05 | cuda_peak(alloc/resv) 4.09/5.12GB | phase(train/val/raw/train_eval) 0.8/0.4/0.0/0.0s | 1.2s
2026-08-30 03:34:48 | Epoch 024/060 | loss 2.7584 | cls 1.6827 | tal -0.2502 | dual_g 1.1507 | dual_d 0.8742 | train_acc 0.9583 | train_full n/a | val_acc 0.8846 | val_f1 0.8945 | adv/moduleC 1.00/1.00 | disc_steps 3 | grad(main/disc) 16.130/2.184 | lr(main/disc) 9.00e-05/2.75e-05 | cuda_peak(alloc/resv) 4.09/5.12GB | phase(train/val/raw/train_eval) 0.7/0.4/0.4/0.0s | 1.5s
2026-08-30 03:34:50 | New best val_f1_macro_present: raw=0.8945 stable_score=0.8945 at epoch 24
2026-08-30 03:34:52 | Epoch 025/060 | loss 2.9216 | cls 1.7346 | tal -0.2243 | dual_g 1.2543 | dual_d 0.8570 | train_acc 0.9375 | train_full 0.9062 | val_acc 0.8462 | val_f1 0.8627 | adv/moduleC 1.00/1.00 | disc_steps 3 | grad(main/disc) 18.337/2.126 | lr(main/disc) 9.00e-05/2.75e-05 | cuda_peak(alloc/resv) 4.09/5.12GB | phase(train/val/raw/train_eval) 0.8/0.4/0.4/0.4s | 1.9s
2026-08-30 03:34:53 | Epoch 026/060 | loss 2.7255 | cls 1.6456 | tal -0.2062 | dual_g 1.1418 | dual_d 0.8283 | train_acc 0.9583 | train_full n/a | val_acc 0.9231 | val_f1 0.9219 | adv/moduleC 1.00/1.00 | disc_steps 3 | grad(main/disc) 19.798/2.029 | lr(main/disc) 9.00e-05/2.75e-05 | cuda_peak(alloc/resv) 4.09/5.12GB | phase(train/val/raw/train_eval) 0.7/0.4/0.0/0.0s | 1.1s
2026-08-30 03:34:55 | Epoch 027/060 | loss 2.4905 | cls 1.4368 | tal -0.1867 | dual_g 1.1096 | dual_d 0.8585 | train_acc 0.9896 | train_full n/a | val_acc 0.8462 | val_f1 0.8612 | adv/moduleC 1.00/1.00 | disc_steps 3 | grad(main/disc) 12.982/2.151 | lr(main/disc) 9.00e-05/2.75e-05 | cuda_peak(alloc/resv) 4.09/5.12GB | phase(train/val/raw/train_eval) 1.1/0.4/0.0/0.0s | 1.4s
2026-08-30 03:34:56 | Epoch 028/060 | loss 2.7521 | cls 1.6642 | tal -0.1745 | dual_g 1.1402 | dual_d 0.7950 | train_acc 0.9792 | train_full n/a | val_acc 0.9615 | val_f1 0.9556 | adv/moduleC 1.00/1.00 | disc_steps 3 | grad(main/disc) 17.350/2.007 | lr(main/disc) 9.00e-05/2.75e-05 | cuda_peak(alloc/resv) 4.09/5.12GB | phase(train/val/raw/train_eval) 0.8/0.4/0.0/0.0s | 1.2s
2026-08-30 03:34:57 | Epoch 029/060 | loss 2.4899 | cls 1.4789 | tal -0.2255 | dual_g 1.0786 | dual_d 0.9008 | train_acc 0.9583 | train_full n/a | val_acc 1.0000 | val_f1 1.0000 | adv/moduleC 1.00/1.00 | disc_steps 3 | grad(main/disc) 13.987/2.310 | lr(main/disc) 9.00e-05/2.75e-05 | cuda_peak(alloc/resv) 4.09/5.12GB | phase(train/val/raw/train_eval) 0.8/0.4/0.0/0.0s | 1.1s
2026-08-30 03:34:59 | Epoch 030/060 | loss 2.5311 | cls 1.4649 | tal -0.2310 | dual_g 1.1355 | dual_d 0.9031 | train_acc 0.9792 | train_full 0.9583 | val_acc 0.9615 | val_f1 0.9556 | adv/moduleC 1.00/1.00 | disc_steps 3 | grad(main/disc) 14.130/2.308 | lr(main/disc) 9.00e-05/2.75e-05 | cuda_peak(alloc/resv) 4.09/5.12GB | phase(train/val/raw/train_eval) 0.7/0.4/0.4/0.4s | 1.9s
2026-08-30 03:35:01 | New best val_f1_macro_present: raw=0.9556 stable_score=0.9556 at epoch 30
2026-08-30 03:35:02 | Epoch 031/060 | loss 2.3856 | cls 1.3701 | tal -0.0709 | dual_g 1.0368 | dual_d 0.8603 | train_acc 0.9792 | train_full n/a | val_acc 0.9231 | val_f1 0.9185 | adv/moduleC 1.00/1.00 | disc_steps 3 | grad(main/disc) 9.402/2.115 | lr(main/disc) 9.00e-05/2.75e-05 | cuda_peak(alloc/resv) 4.09/5.12GB | phase(train/val/raw/train_eval) 0.7/0.4/0.0/0.0s | 1.1s
2026-08-30 03:35:03 | Epoch 032/060 | loss 2.4406 | cls 1.4497 | tal -0.1518 | dual_g 1.0363 | dual_d 0.8888 | train_acc 0.9896 | train_full n/a | val_acc 0.9231 | val_f1 0.9185 | adv/moduleC 1.00/1.00 | disc_steps 3 | grad(main/disc) 12.486/2.097 | lr(main/disc) 9.00e-05/2.75e-05 | cuda_peak(alloc/resv) 4.09/5.12GB | phase(train/val/raw/train_eval) 0.7/0.4/0.0/0.0s | 1.1s
2026-08-30 03:35:04 | Epoch 033/060 | loss 2.4463 | cls 1.4562 | tal -0.1946 | dual_g 1.0484 | dual_d 0.8380 | train_acc 0.9792 | train_full n/a | val_acc 0.9231 | val_f1 0.9185 | adv/moduleC 1.00/1.00 | disc_steps 3 | grad(main/disc) 13.445/2.077 | lr(main/disc) 9.00e-05/2.75e-05 | cuda_peak(alloc/resv) 4.09/5.12GB | phase(train/val/raw/train_eval) 0.9/0.4/0.0/0.0s | 1.3s
2026-08-30 03:35:06 | Epoch 034/060 | loss 2.3979 | cls 1.4355 | tal -0.1536 | dual_g 1.0084 | dual_d 0.8511 | train_acc 0.9896 | train_full n/a | val_acc 1.0000 | val_f1 1.0000 | adv/moduleC 1.00/1.00 | disc_steps 3 | grad(main/disc) 12.856/2.180 | lr(main/disc) 9.00e-05/2.75e-05 | cuda_peak(alloc/resv) 4.09/5.12GB | phase(train/val/raw/train_eval) 1.0/0.4/0.0/0.0s | 1.3s
2026-08-30 03:35:08 | Epoch 035/060 | loss 2.3737 | cls 1.4578 | tal -0.2370 | dual_g 0.9871 | dual_d 0.8137 | train_acc 0.9896 | train_full 0.9583 | val_acc 0.9615 | val_f1 0.9556 | adv/moduleC 1.00/1.00 | disc_steps 3 | grad(main/disc) 11.898/2.120 | lr(main/disc) 9.00e-05/2.75e-05 | cuda_peak(alloc/resv) 4.09/5.12GB | phase(train/val/raw/train_eval) 0.8/0.4/0.4/0.4s | 1.9s
2026-08-30 03:35:09 | Epoch 036/060 | loss 2.3245 | cls 1.4166 | tal -0.2469 | dual_g 0.9820 | dual_d 0.8013 | train_acc 0.9583 | train_full n/a | val_acc 1.0000 | val_f1 1.0000 | adv/moduleC 1.00/1.00 | disc_steps 3 | grad(main/disc) 13.436/2.055 | lr(main/disc) 9.00e-05/2.75e-05 | cuda_peak(alloc/resv) 4.09/5.12GB | phase(train/val/raw/train_eval) 0.7/0.4/0.0/0.0s | 1.1s
2026-08-30 03:35:10 | Epoch 037/060 | loss 2.3024 | cls 1.3777 | tal -0.2409 | dual_g 0.9969 | dual_d 0.8647 | train_acc 1.0000 | train_full n/a | val_acc 0.9615 | val_f1 0.9556 | adv/moduleC 1.00/1.00 | disc_steps 3 | grad(main/disc) 11.482/2.124 | lr(main/disc) 9.00e-05/2.75e-05 | cuda_peak(alloc/resv) 4.09/5.12GB | phase(train/val/raw/train_eval) 0.9/0.4/0.0/0.0s | 1.3s
2026-08-30 03:35:11 | Epoch 038/060 | loss 2.3914 | cls 1.4298 | tal -0.2468 | dual_g 1.0356 | dual_d 0.8482 | train_acc 0.9688 | train_full n/a | val_acc 1.0000 | val_f1 1.0000 | adv/moduleC 1.00/1.00 | disc_steps 3 | grad(main/disc) 11.892/2.105 | lr(main/disc) 4.50e-05/1.38e-05 | cuda_peak(alloc/resv) 4.09/5.12GB | phase(train/val/raw/train_eval) 1.0/0.4/0.0/0.0s | 1.4s
2026-08-30 03:35:13 | Epoch 039/060 | loss 2.1820 | cls 1.2789 | tal -0.2484 | dual_g 0.9777 | dual_d 0.8918 | train_acc 1.0000 | train_full n/a | val_acc 0.9615 | val_f1 0.9556 | adv/moduleC 1.00/1.00 | disc_steps 3 | grad(main/disc) 6.845/2.125 | lr(main/disc) 4.50e-05/1.38e-05 | cuda_peak(alloc/resv) 4.09/5.12GB | phase(train/val/raw/train_eval) 0.9/0.4/0.0/0.0s | 1.3s
2026-08-30 03:35:15 | Epoch 040/060 | loss 2.3073 | cls 1.3965 | tal -0.2254 | dual_g 0.9785 | dual_d 0.9027 | train_acc 0.9896 | train_full 1.0000 | val_acc 0.9615 | val_f1 0.9556 | adv/moduleC 1.00/1.00 | disc_steps 3 | grad(main/disc) 10.561/2.114 | lr(main/disc) 4.50e-05/1.38e-05 | cuda_peak(alloc/resv) 4.09/5.12GB | phase(train/val/raw/train_eval) 0.8/0.4/0.4/0.4s | 1.9s
2026-08-30 03:35:16 | Epoch 041/060 | loss 2.2264 | cls 1.3032 | tal -0.1190 | dual_g 0.9589 | dual_d 0.8740 | train_acc 1.0000 | train_full n/a | val_acc 1.0000 | val_f1 1.0000 | adv/moduleC 1.00/1.00 | disc_steps 3 | grad(main/disc) 8.542/2.166 | lr(main/disc) 4.50e-05/1.38e-05 | cuda_peak(alloc/resv) 4.09/5.12GB | phase(train/val/raw/train_eval) 0.8/0.4/0.0/0.0s | 1.1s
2026-08-30 03:35:17 | Epoch 042/060 | loss 2.3103 | cls 1.4084 | tal -0.2633 | dual_g 0.9809 | dual_d 0.7775 | train_acc 0.9896 | train_full n/a | val_acc 1.0000 | val_f1 1.0000 | adv/moduleC 1.00/1.00 | disc_steps 3 | grad(main/disc) 11.289/2.005 | lr(main/disc) 4.50e-05/1.38e-05 | cuda_peak(alloc/resv) 4.09/5.12GB | phase(train/val/raw/train_eval) 0.9/0.4/0.0/0.0s | 1.3s
2026-08-30 03:35:17 | Early stopping at epoch 42 after 12 epochs without val_f1_macro_present improvement.
2026-08-30 03:35:17 | Training complete. Peak validation accuracy: 1.0000 | selected val_f1_macro_present: 0.9556
