2026-08-30 03:36:43 | Starting Dual_D standalone training
2026-08-30 03:36:43 | Run directory: runs/module_c_ablation_60_v9/module_c_20260830_023711/module_c_no_identity_雨天_20260830_031740
2026-08-30 03:36:43 | Device: cuda
2026-08-30 03:36:43 | Source train samples: 992
2026-08-30 03:36:43 | Target train samples: 96
2026-08-30 03:36:43 | Target val samples: 26
2026-08-30 03:36:43 | Classes: 14
2026-08-30 03:36:43 | Data audit: same_dir=False | path_overlap(vis/ir/ais)=0/0/0 | content_overlap(vis/ir/ais)=0/0/0 | ais_index_overlap=0 | stem_mismatch(vis-ir/vis-ais)=117/0
2026-08-30 03:36:43 | source_train classes: present 14/14 | absent 0 | counts [0:120, 1:44, 2:69, 3:45, 4:40, 5:30, 6:64, 7:80, 8:116, 9:68, 10:57, 11:83, 12:48, 13:128]
2026-08-30 03:36:43 | target_train classes: present 6/14 | absent 8 | counts [0:7, 2:19, 9:32, 10:12, 11:6, 13:20]
2026-08-30 03:36:43 | target_val classes: present 6/14 | absent 8 | counts [0:2, 2:5, 9:8, 10:4, 11:2, 13:5]
2026-08-30 03:36:43 | Paired training classes: 6/14 | class ids [0, 2, 9, 10, 11, 13]
2026-08-30 03:36:43 | Runtime profile: batch=16 | paired_steps=6 | workers=16 | train_eval_every=5 | raw_eval_every=5 | stability_window=3 | lr_scheduler_start=24 | early_stop=12 after min_epoch=35
2026-08-30 03:36:43 | Augmentation profile: base=0.550 | visible=0.600 | infrared=0.400 | freeze_frozen_batch_norm_stats=True
2026-08-30 03:36:43 | VIS/IR pairing: class-level-unpaired | count-mismatch classes train/val: 10/0 | AIS alignment: none | AIS rows train/val: 0/0
2026-08-30 03:36:44 | Effective Dual-D loss weights: {"adv_auxiliary": 0.02, "adv_primary": 0.02, "classification": 0.6, "contrastive": 0.025, "cycle": 0.12, "identity": 0.0, "prototype_contrastive": 0.03}
2026-08-30 03:36:44 | Model parameters: total=17277714 | trainable=17120210
2026-08-30 03:36:46 | Epoch 001/060 | loss 5.8939 | cls 5.9656 | tal -0.2388 | dual_g 0.0000 | dual_d 0.0000 | train_acc 0.1146 | train_full 0.0938 | val_acc 0.1154 | val_f1 0.0751 | adv/moduleC 0.00/0.00 | disc_steps 0 | grad(main/disc) 34.101/0.000 | lr(main/disc) 9.00e-05/2.75e-05 | cuda_peak(alloc/resv) 4.09/5.12GB | phase(train/val/raw/train_eval) 1.2/0.4/0.4/0.4s | 2.3s
2026-08-30 03:36:47 | Epoch 002/060 | loss 4.2337 | cls 4.3865 | tal -0.5094 | dual_g 0.0000 | dual_d 0.0000 | train_acc 0.2708 | train_full n/a | val_acc 0.0769 | val_f1 0.0238 | adv/moduleC 0.00/0.00 | disc_steps 0 | grad(main/disc) 27.487/0.000 | lr(main/disc) 9.00e-05/2.75e-05 | cuda_peak(alloc/resv) 4.09/5.12GB | phase(train/val/raw/train_eval) 0.8/0.4/0.0/0.0s | 1.1s
2026-08-30 03:36:49 | Epoch 003/060 | loss 3.6477 | cls 3.8044 | tal -0.5223 | dual_g 0.0000 | dual_d 0.0000 | train_acc 0.4062 | train_full n/a | val_acc 0.1538 | val_f1 0.1600 | adv/moduleC 0.00/0.00 | disc_steps 0 | grad(main/disc) 23.851/0.000 | lr(main/disc) 9.00e-05/2.75e-05 | cuda_peak(alloc/resv) 4.09/5.12GB | phase(train/val/raw/train_eval) 0.8/0.4/0.4/0.0s | 1.5s
2026-08-30 03:36:51 | New best val_f1_macro_present: raw=0.1600 stable_score=0.0238 at epoch 3
2026-08-30 03:36:52 | Epoch 004/060 | loss 3.4906 | cls 3.3034 | tal -0.4274 | dual_g 0.3154 | dual_d 0.0000 | train_acc 0.3958 | train_full n/a | val_acc 0.3846 | val_f1 0.3651 | adv/moduleC 0.00/0.12 | disc_steps 0 | grad(main/disc) 21.570/0.000 | lr(main/disc) 9.00e-05/2.75e-05 | cuda_peak(alloc/resv) 4.09/5.12GB | phase(train/val/raw/train_eval) 0.9/0.4/0.0/0.0s | 1.2s
2026-08-30 03:36:54 | Epoch 005/060 | loss 4.0315 | cls 3.5580 | tal -0.3520 | dual_g 0.5791 | dual_d 0.0000 | train_acc 0.5104 | train_full 0.3125 | val_acc 0.3846 | val_f1 0.3662 | adv/moduleC 0.00/0.25 | disc_steps 0 | grad(main/disc) 22.681/0.000 | lr(main/disc) 9.00e-05/2.75e-05 | cuda_peak(alloc/resv) 4.09/5.12GB | phase(train/val/raw/train_eval) 0.8/0.4/0.4/0.4s | 1.9s
2026-08-30 03:36:56 | New best val_f1_macro_present: raw=0.3662 stable_score=0.1600 at epoch 5
2026-08-30 03:36:57 | Epoch 006/060 | loss 3.8165 | cls 3.0801 | tal -0.1851 | dual_g 0.7919 | dual_d 0.0000 | train_acc 0.5000 | train_full n/a | val_acc 0.4231 | val_f1 0.3859 | adv/moduleC 0.00/0.38 | disc_steps 0 | grad(main/disc) 21.469/0.000 | lr(main/disc) 9.00e-05/2.75e-05 | cuda_peak(alloc/resv) 4.09/5.12GB | phase(train/val/raw/train_eval) 0.8/0.4/0.4/0.0s | 1.5s
2026-08-30 03:37:00 | New best val_f1_macro_present: raw=0.3859 stable_score=0.3651 at epoch 6
2026-08-30 03:37:01 | Epoch 007/060 | loss 3.9971 | cls 2.9988 | tal -0.1944 | dual_g 1.0567 | dual_d 0.7497 | train_acc 0.6667 | train_full n/a | val_acc 0.4615 | val_f1 0.4524 | adv/moduleC 0.07/0.50 | disc_steps 3 | grad(main/disc) 21.693/2.195 | lr(main/disc) 9.00e-05/2.75e-05 | cuda_peak(alloc/resv) 4.09/5.12GB | phase(train/val/raw/train_eval) 1.0/0.4/0.4/0.0s | 1.8s
2026-08-30 03:37:03 | New best val_f1_macro_present: raw=0.4524 stable_score=0.3662 at epoch 7
2026-08-30 03:37:05 | Epoch 008/060 | loss 3.7559 | cls 2.6470 | tal -0.1715 | dual_g 1.1604 | dual_d 0.7585 | train_acc 0.6458 | train_full n/a | val_acc 0.3846 | val_f1 0.3630 | adv/moduleC 0.13/0.62 | disc_steps 3 | grad(main/disc) 20.814/2.119 | lr(main/disc) 9.00e-05/2.75e-05 | cuda_peak(alloc/resv) 4.09/5.12GB | phase(train/val/raw/train_eval) 0.8/0.4/0.0/0.0s | 1.1s
2026-08-30 03:37:06 | Epoch 009/060 | loss 4.0020 | cls 2.7300 | tal -0.2112 | dual_g 1.3353 | dual_d 0.7765 | train_acc 0.6354 | train_full n/a | val_acc 0.5769 | val_f1 0.6143 | adv/moduleC 0.20/0.75 | disc_steps 3 | grad(main/disc) 21.919/2.120 | lr(main/disc) 9.00e-05/2.75e-05 | cuda_peak(alloc/resv) 4.09/5.12GB | phase(train/val/raw/train_eval) 0.7/0.4/0.0/0.0s | 1.1s
2026-08-30 03:37:08 | Epoch 010/060 | loss 3.5556 | cls 2.2207 | tal -0.1890 | dual_g 1.3916 | dual_d 0.7640 | train_acc 0.8021 | train_full 0.6458 | val_acc 0.5385 | val_f1 0.5452 | adv/moduleC 0.27/0.88 | disc_steps 3 | grad(main/disc) 17.958/2.228 | lr(main/disc) 9.00e-05/2.75e-05 | cuda_peak(alloc/resv) 4.09/5.12GB | phase(train/val/raw/train_eval) 0.7/0.4/0.4/0.4s | 1.9s
2026-08-30 03:37:09 | Epoch 011/060 | loss 3.9046 | cls 2.3816 | tal -0.1734 | dual_g 1.5750 | dual_d 0.7956 | train_acc 0.7083 | train_full n/a | val_acc 0.5769 | val_f1 0.5602 | adv/moduleC 0.33/1.00 | disc_steps 3 | grad(main/disc) 21.451/2.065 | lr(main/disc) 9.00e-05/2.75e-05 | cuda_peak(alloc/resv) 4.09/5.12GB | phase(train/val/raw/train_eval) 0.9/0.4/0.4/0.0s | 1.6s
2026-08-30 03:37:11 | New best val_f1_macro_present: raw=0.5602 stable_score=0.5452 at epoch 11
2026-08-30 03:37:13 | Epoch 012/060 | loss 3.7059 | cls 2.2633 | tal -0.1345 | dual_g 1.4829 | dual_d 0.7598 | train_acc 0.7812 | train_full n/a | val_acc 0.6538 | val_f1 0.6667 | adv/moduleC 0.40/1.00 | disc_steps 3 | grad(main/disc) 20.808/2.178 | lr(main/disc) 9.00e-05/2.75e-05 | cuda_peak(alloc/resv) 4.09/5.12GB | phase(train/val/raw/train_eval) 0.9/0.4/0.0/0.0s | 1.2s
2026-08-30 03:37:14 | Epoch 013/060 | loss 3.5418 | cls 2.1120 | tal -0.0764 | dual_g 1.4527 | dual_d 0.7153 | train_acc 0.8438 | train_full n/a | val_acc 0.6538 | val_f1 0.6641 | adv/moduleC 0.47/1.00 | disc_steps 3 | grad(main/disc) 20.160/1.949 | lr(main/disc) 9.00e-05/2.75e-05 | cuda_peak(alloc/resv) 4.09/5.12GB | phase(train/val/raw/train_eval) 0.8/0.4/0.4/0.0s | 1.5s
2026-08-30 03:37:16 | New best val_f1_macro_present: raw=0.6641 stable_score=0.5602 at epoch 13
2026-08-30 03:37:18 | Epoch 014/060 | loss 3.5515 | cls 2.0955 | tal -0.0346 | dual_g 1.4664 | dual_d 0.7614 | train_acc 0.8542 | train_full n/a | val_acc 0.8462 | val_f1 0.8611 | adv/moduleC 0.53/1.00 | disc_steps 3 | grad(main/disc) 20.702/2.036 | lr(main/disc) 9.00e-05/2.75e-05 | cuda_peak(alloc/resv) 4.09/5.12GB | phase(train/val/raw/train_eval) 0.9/0.4/0.4/0.0s | 1.7s
2026-08-30 03:37:20 | New best val_f1_macro_present: raw=0.8611 stable_score=0.6641 at epoch 14
2026-08-30 03:37:22 | Epoch 015/060 | loss 3.3922 | cls 2.0017 | tal -0.0877 | dual_g 1.4168 | dual_d 0.7373 | train_acc 0.9375 | train_full 0.7708 | val_acc 0.6923 | val_f1 0.6912 | adv/moduleC 0.60/1.00 | disc_steps 3 | grad(main/disc) 17.651/1.980 | lr(main/disc) 9.00e-05/2.75e-05 | cuda_peak(alloc/resv) 4.09/5.12GB | phase(train/val/raw/train_eval) 0.9/0.4/0.4/0.4s | 2.0s
2026-08-30 03:37:23 | Epoch 016/060 | loss 3.0837 | cls 1.7748 | tal -0.1032 | dual_g 1.3398 | dual_d 0.7710 | train_acc 0.9479 | train_full n/a | val_acc 0.6538 | val_f1 0.6652 | adv/moduleC 0.67/1.00 | disc_steps 3 | grad(main/disc) 18.231/1.930 | lr(main/disc) 9.00e-05/2.75e-05 | cuda_peak(alloc/resv) 4.09/5.12GB | phase(train/val/raw/train_eval) 0.8/0.4/0.4/0.0s | 1.6s
2026-08-30 03:37:26 | New best val_f1_macro_present: raw=0.6652 stable_score=0.6652 at epoch 16
2026-08-30 03:37:27 | Epoch 017/060 | loss 3.0496 | cls 1.8130 | tal -0.1346 | dual_g 1.2769 | dual_d 0.8106 | train_acc 0.9583 | train_full n/a | val_acc 0.6538 | val_f1 0.6783 | adv/moduleC 0.73/1.00 | disc_steps 3 | grad(main/disc) 17.089/1.982 | lr(main/disc) 9.00e-05/2.75e-05 | cuda_peak(alloc/resv) 4.09/5.12GB | phase(train/val/raw/train_eval) 1.0/0.4/0.0/0.0s | 1.3s
2026-08-30 03:37:28 | Epoch 018/060 | loss 2.9304 | cls 1.7166 | tal -0.0903 | dual_g 1.2409 | dual_d 0.8198 | train_acc 0.9271 | train_full n/a | val_acc 0.6923 | val_f1 0.7072 | adv/moduleC 0.80/1.00 | disc_steps 3 | grad(main/disc) 17.252/1.993 | lr(main/disc) 9.00e-05/2.75e-05 | cuda_peak(alloc/resv) 4.09/5.12GB | phase(train/val/raw/train_eval) 0.7/0.4/0.0/0.0s | 1.1s
2026-08-30 03:37:29 | Epoch 019/060 | loss 2.8989 | cls 1.7283 | tal -0.0915 | dual_g 1.1980 | dual_d 0.8189 | train_acc 0.9167 | train_full n/a | val_acc 0.6538 | val_f1 0.6641 | adv/moduleC 0.87/1.00 | disc_steps 3 | grad(main/disc) 16.456/2.119 | lr(main/disc) 9.00e-05/2.75e-05 | cuda_peak(alloc/resv) 4.09/5.12GB | phase(train/val/raw/train_eval) 0.9/0.4/0.0/0.0s | 1.2s
2026-08-30 03:37:31 | Epoch 020/060 | loss 2.8517 | cls 1.6552 | tal -0.0786 | dual_g 1.2201 | dual_d 0.7594 | train_acc 0.9896 | train_full 0.7917 | val_acc 0.6923 | val_f1 0.7079 | adv/moduleC 0.93/1.00 | disc_steps 3 | grad(main/disc) 15.256/1.876 | lr(main/disc) 9.00e-05/2.75e-05 | cuda_peak(alloc/resv) 4.09/5.12GB | phase(train/val/raw/train_eval) 0.9/0.4/0.4/0.4s | 2.0s
2026-08-30 03:37:32 | Epoch 021/060 | loss 2.9253 | cls 1.7713 | tal -0.1288 | dual_g 1.1927 | dual_d 0.8070 | train_acc 0.9479 | train_full n/a | val_acc 0.7692 | val_f1 0.7833 | adv/moduleC 1.00/1.00 | disc_steps 3 | grad(main/disc) 16.887/2.045 | lr(main/disc) 9.00e-05/2.75e-05 | cuda_peak(alloc/resv) 4.09/5.12GB | phase(train/val/raw/train_eval) 0.6/0.4/0.0/0.0s | 1.0s
2026-08-30 03:37:33 | Epoch 022/060 | loss 2.8280 | cls 1.7064 | tal -0.2063 | dual_g 1.1835 | dual_d 0.7820 | train_acc 0.9167 | train_full n/a | val_acc 0.6538 | val_f1 0.6641 | adv/moduleC 1.00/1.00 | disc_steps 3 | grad(main/disc) 17.654/2.071 | lr(main/disc) 9.00e-05/2.75e-05 | cuda_peak(alloc/resv) 4.09/5.12GB | phase(train/val/raw/train_eval) 0.8/0.4/0.0/0.0s | 1.2s
2026-08-30 03:37:35 | Epoch 023/060 | loss 2.8960 | cls 1.7269 | tal -0.1815 | dual_g 1.2236 | dual_d 0.7856 | train_acc 0.9167 | train_full n/a | val_acc 0.6538 | val_f1 0.6674 | adv/moduleC 1.00/1.00 | disc_steps 3 | grad(main/disc) 17.496/1.868 | lr(main/disc) 9.00e-05/2.75e-05 | cuda_peak(alloc/resv) 4.09/5.12GB | phase(train/val/raw/train_eval) 0.8/0.4/0.0/0.0s | 1.2s
2026-08-30 03:37:36 | Epoch 024/060 | loss 2.4685 | cls 1.4533 | tal -0.1667 | dual_g 1.0652 | dual_d 0.8049 | train_acc 0.9583 | train_full n/a | val_acc 0.8462 | val_f1 0.8611 | adv/moduleC 1.00/1.00 | disc_steps 3 | grad(main/disc) 11.101/2.008 | lr(main/disc) 9.00e-05/2.75e-05 | cuda_peak(alloc/resv) 4.09/5.12GB | phase(train/val/raw/train_eval) 0.8/0.4/0.0/0.0s | 1.1s
2026-08-30 03:37:38 | Epoch 025/060 | loss 2.6602 | cls 1.6216 | tal -0.1182 | dual_g 1.0741 | dual_d 0.8755 | train_acc 0.9375 | train_full 0.9167 | val_acc 0.8846 | val_f1 0.8908 | adv/moduleC 1.00/1.00 | disc_steps 3 | grad(main/disc) 15.661/2.071 | lr(main/disc) 9.00e-05/2.75e-05 | cuda_peak(alloc/resv) 4.09/5.12GB | phase(train/val/raw/train_eval) 0.7/0.4/0.4/0.4s | 1.9s
2026-08-30 03:37:40 | New best val_f1_macro_present: raw=0.8908 stable_score=0.6674 at epoch 25
2026-08-30 03:37:41 | Epoch 026/060 | loss 2.5075 | cls 1.4613 | tal -0.1158 | dual_g 1.0810 | dual_d 0.8726 | train_acc 0.9583 | train_full n/a | val_acc 0.8846 | val_f1 0.8908 | adv/moduleC 1.00/1.00 | disc_steps 3 | grad(main/disc) 13.240/2.058 | lr(main/disc) 9.00e-05/2.75e-05 | cuda_peak(alloc/resv) 4.09/5.12GB | phase(train/val/raw/train_eval) 0.9/0.4/0.4/0.0s | 1.6s
2026-08-30 03:37:43 | New best val_f1_macro_present: raw=0.8908 stable_score=0.8611 at epoch 26
2026-08-30 03:37:45 | Epoch 027/060 | loss 2.7821 | cls 1.6296 | tal -0.0785 | dual_g 1.1761 | dual_d 0.8431 | train_acc 0.9688 | train_full n/a | val_acc 0.9231 | val_f1 0.9277 | adv/moduleC 1.00/1.00 | disc_steps 3 | grad(main/disc) 18.004/1.985 | lr(main/disc) 9.00e-05/2.75e-05 | cuda_peak(alloc/resv) 4.09/5.12GB | phase(train/val/raw/train_eval) 0.7/0.4/0.4/0.0s | 1.5s
2026-08-30 03:37:47 | New best val_f1_macro_present: raw=0.9277 stable_score=0.8908 at epoch 27
2026-08-30 03:37:48 | Epoch 028/060 | loss 2.5648 | cls 1.5402 | tal -0.1546 | dual_g 1.0710 | dual_d 0.8081 | train_acc 0.9792 | train_full n/a | val_acc 0.8846 | val_f1 0.9122 | adv/moduleC 1.00/1.00 | disc_steps 3 | grad(main/disc) 13.121/1.925 | lr(main/disc) 9.00e-05/2.75e-05 | cuda_peak(alloc/resv) 4.09/5.12GB | phase(train/val/raw/train_eval) 0.7/0.4/0.0/0.0s | 1.1s
2026-08-30 03:37:50 | Epoch 029/060 | loss 2.3907 | cls 1.4095 | tal -0.1481 | dual_g 1.0256 | dual_d 0.7982 | train_acc 0.9792 | train_full n/a | val_acc 1.0000 | val_f1 1.0000 | adv/moduleC 1.00/1.00 | disc_steps 3 | grad(main/disc) 10.726/1.834 | lr(main/disc) 9.00e-05/2.75e-05 | cuda_peak(alloc/resv) 4.09/5.12GB | phase(train/val/raw/train_eval) 0.9/0.4/0.4/0.0s | 1.6s
2026-08-30 03:37:52 | New best val_f1_macro_present: raw=1.0000 stable_score=0.9122 at epoch 29
2026-08-30 03:37:54 | Epoch 030/060 | loss 2.7156 | cls 1.6203 | tal -0.1040 | dual_g 1.1266 | dual_d 0.7574 | train_acc 0.9479 | train_full 0.9792 | val_acc 1.0000 | val_f1 1.0000 | adv/moduleC 1.00/1.00 | disc_steps 3 | grad(main/disc) 16.889/1.906 | lr(main/disc) 9.00e-05/2.75e-05 | cuda_peak(alloc/resv) 4.09/5.12GB | phase(train/val/raw/train_eval) 0.8/0.4/0.4/0.4s | 1.9s
2026-08-30 03:37:55 | Epoch 031/060 | loss 2.4934 | cls 1.4665 | tal -0.0856 | dual_g 1.0526 | dual_d 0.8207 | train_acc 0.9792 | train_full n/a | val_acc 1.0000 | val_f1 1.0000 | adv/moduleC 1.00/1.00 | disc_steps 3 | grad(main/disc) 13.246/1.972 | lr(main/disc) 9.00e-05/2.75e-05 | cuda_peak(alloc/resv) 4.09/5.12GB | phase(train/val/raw/train_eval) 0.8/0.4/0.4/0.0s | 1.5s
2026-08-30 03:37:57 | New best val_f1_macro_present: raw=1.0000 stable_score=1.0000 at epoch 31
2026-08-30 03:37:59 | Epoch 032/060 | loss 2.4006 | cls 1.4037 | tal -0.0257 | dual_g 1.0046 | dual_d 0.7795 | train_acc 0.9792 | train_full n/a | val_acc 1.0000 | val_f1 1.0000 | adv/moduleC 1.00/1.00 | disc_steps 3 | grad(main/disc) 10.886/1.868 | lr(main/disc) 9.00e-05/2.75e-05 | cuda_peak(alloc/resv) 4.09/5.12GB | phase(train/val/raw/train_eval) 0.9/0.4/0.0/0.0s | 1.2s
2026-08-30 03:38:00 | Epoch 033/060 | loss 2.3524 | cls 1.3632 | tal -0.0097 | dual_g 0.9921 | dual_d 0.7979 | train_acc 0.9896 | train_full n/a | val_acc 1.0000 | val_f1 1.0000 | adv/moduleC 1.00/1.00 | disc_steps 3 | grad(main/disc) 8.677/1.869 | lr(main/disc) 9.00e-05/2.75e-05 | cuda_peak(alloc/resv) 4.09/5.12GB | phase(train/val/raw/train_eval) 0.9/0.4/0.0/0.0s | 1.3s
2026-08-30 03:38:01 | Epoch 034/060 | loss 2.4556 | cls 1.4162 | tal -0.0200 | dual_g 1.0454 | dual_d 0.9073 | train_acc 1.0000 | train_full n/a | val_acc 1.0000 | val_f1 1.0000 | adv/moduleC 1.00/1.00 | disc_steps 3 | grad(main/disc) 10.929/2.015 | lr(main/disc) 9.00e-05/2.75e-05 | cuda_peak(alloc/resv) 4.09/5.12GB | phase(train/val/raw/train_eval) 0.6/0.4/0.0/0.0s | 1.0s
2026-08-30 03:38:03 | Epoch 035/060 | loss 2.3155 | cls 1.3666 | tal -0.0380 | dual_g 0.9604 | dual_d 0.8468 | train_acc 0.9792 | train_full 0.9688 | val_acc 1.0000 | val_f1 1.0000 | adv/moduleC 1.00/1.00 | disc_steps 3 | grad(main/disc) 9.607/1.903 | lr(main/disc) 9.00e-05/2.75e-05 | cuda_peak(alloc/resv) 4.09/5.12GB | phase(train/val/raw/train_eval) 0.8/0.4/0.4/0.4s | 2.0s
2026-08-30 03:38:04 | Epoch 036/060 | loss 2.5286 | cls 1.4993 | tal 0.0152 | dual_g 1.0248 | dual_d 0.8228 | train_acc 0.9688 | train_full n/a | val_acc 1.0000 | val_f1 1.0000 | adv/moduleC 1.00/1.00 | disc_steps 3 | grad(main/disc) 12.690/1.892 | lr(main/disc) 9.00e-05/2.75e-05 | cuda_peak(alloc/resv) 4.09/5.12GB | phase(train/val/raw/train_eval) 0.9/0.4/0.0/0.0s | 1.2s
2026-08-30 03:38:05 | Epoch 037/060 | loss 2.3733 | cls 1.3675 | tal 0.1154 | dual_g 0.9712 | dual_d 0.8804 | train_acc 0.9896 | train_full n/a | val_acc 0.9615 | val_f1 0.9556 | adv/moduleC 1.00/1.00 | disc_steps 3 | grad(main/disc) 9.724/1.945 | lr(main/disc) 9.00e-05/2.75e-05 | cuda_peak(alloc/resv) 4.09/5.12GB | phase(train/val/raw/train_eval) 0.7/0.4/0.0/0.0s | 1.1s
2026-08-30 03:38:06 | Epoch 038/060 | loss 2.4151 | cls 1.3966 | tal -0.0097 | dual_g 1.0214 | dual_d 0.9048 | train_acc 0.9792 | train_full n/a | val_acc 0.8846 | val_f1 0.8901 | adv/moduleC 1.00/1.00 | disc_steps 3 | grad(main/disc) 11.252/1.942 | lr(main/disc) 4.50e-05/1.38e-05 | cuda_peak(alloc/resv) 4.09/5.12GB | phase(train/val/raw/train_eval) 0.8/0.4/0.0/0.0s | 1.2s
2026-08-30 03:38:08 | Epoch 039/060 | loss 2.3518 | cls 1.3466 | tal 0.0299 | dual_g 0.9962 | dual_d 0.9215 | train_acc 0.9896 | train_full n/a | val_acc 0.8846 | val_f1 0.8901 | adv/moduleC 1.00/1.00 | disc_steps 3 | grad(main/disc) 9.021/2.011 | lr(main/disc) 4.50e-05/1.38e-05 | cuda_peak(alloc/resv) 4.09/5.12GB | phase(train/val/raw/train_eval) 0.9/0.4/0.0/0.0s | 1.2s
2026-08-30 03:38:09 | Epoch 040/060 | loss 2.3959 | cls 1.4047 | tal 0.0305 | dual_g 0.9821 | dual_d 0.8478 | train_acc 0.9792 | train_full 0.9688 | val_acc 0.9231 | val_f1 0.9206 | adv/moduleC 1.00/1.00 | disc_steps 3 | grad(main/disc) 10.812/1.863 | lr(main/disc) 4.50e-05/1.38e-05 | cuda_peak(alloc/resv) 4.09/5.12GB | phase(train/val/raw/train_eval) 0.6/0.4/0.4/0.4s | 1.7s
2026-08-30 03:38:10 | Epoch 041/060 | loss 2.3622 | cls 1.3739 | tal -0.0160 | dual_g 0.9931 | dual_d 0.8827 | train_acc 0.9896 | train_full n/a | val_acc 0.8846 | val_f1 0.8908 | adv/moduleC 1.00/1.00 | disc_steps 3 | grad(main/disc) 10.062/1.966 | lr(main/disc) 4.50e-05/1.38e-05 | cuda_peak(alloc/resv) 4.09/5.12GB | phase(train/val/raw/train_eval) 0.8/0.4/0.0/0.0s | 1.2s
2026-08-30 03:38:12 | Epoch 042/060 | loss 2.3372 | cls 1.3509 | tal 0.1012 | dual_g 0.9559 | dual_d 0.8815 | train_acc 0.9896 | train_full n/a | val_acc 0.9615 | val_f1 0.9556 | adv/moduleC 1.00/1.00 | disc_steps 3 | grad(main/disc) 8.648/1.957 | lr(main/disc) 4.50e-05/1.38e-05 | cuda_peak(alloc/resv) 4.09/5.12GB | phase(train/val/raw/train_eval) 0.9/0.4/0.0/0.0s | 1.2s
2026-08-30 03:38:13 | Epoch 043/060 | loss 2.3701 | cls 1.3798 | tal 0.0380 | dual_g 0.9789 | dual_d 0.9617 | train_acc 1.0000 | train_full n/a | val_acc 0.9231 | val_f1 0.9206 | adv/moduleC 1.00/1.00 | disc_steps 3 | grad(main/disc) 10.624/2.012 | lr(main/disc) 4.50e-05/1.38e-05 | cuda_peak(alloc/resv) 4.09/5.12GB | phase(train/val/raw/train_eval) 0.9/0.4/0.0/0.0s | 1.2s
2026-08-30 03:38:13 | Early stopping at epoch 43 after 12 epochs without val_f1_macro_present improvement.
2026-08-30 03:38:13 | Training complete. Peak validation accuracy: 1.0000 | selected val_f1_macro_present: 1.0000
