2026-08-26 20:18:44 | Starting Dual_D standalone training
2026-08-26 20:18:44 | Run directory: runs/module_c_ablation_60_v4/module_c_20260826_164328/module_c_no_prototype_contrastive_黑天_20260826_201844
2026-08-26 20:18:44 | Device: cuda
2026-08-26 20:18:44 | Source train samples: 992
2026-08-26 20:18:44 | Target train samples: 465
2026-08-26 20:18:44 | Target val samples: 120
2026-08-26 20:18:44 | Classes: 14
2026-08-26 20:18:44 | Data audit: same_dir=False | path_overlap(vis/ir/ais)=0/0/0 | content_overlap(vis/ir/ais)=0/0/0 | ais_index_overlap=0 | stem_mismatch(vis-ir/vis-ais)=578/0
2026-08-26 20:18:44 | source_train classes: present 14/14 | absent 0 | counts [0:120, 1:44, 2:69, 3:45, 4:40, 5:30, 6:64, 7:80, 8:116, 9:68, 10:57, 11:83, 12:48, 13:128]
2026-08-26 20:18:44 | target_train classes: present 8/14 | absent 6 | counts [0:100, 2:11, 3:16, 6:89, 9:162, 10:12, 11:44, 13:31]
2026-08-26 20:18:44 | target_val classes: present 8/14 | absent 6 | counts [0:26, 2:3, 3:5, 6:23, 9:41, 10:3, 11:11, 13:8]
2026-08-26 20:18:44 | Paired training classes: 8/14 | class ids [0, 2, 3, 6, 9, 10, 11, 13]
2026-08-26 20:18:44 | Runtime profile: batch=80 | paired_steps=6 | workers=16 | train_eval_every=5 | raw_eval_every=5 | early_stop=15 after min_epoch=40
2026-08-26 20:18:44 | VIS/IR pairing: class-level-unpaired | count-mismatch classes train/val: 10/0 | AIS alignment: none | AIS rows train/val: 0/0
2026-08-26 20:18:45 | Model parameters: total=17277714 | trainable=17120210
2026-08-26 20:18:51 | Epoch 001/060 | loss 5.5510 | cls 5.5048 | tal 0.1541 | dual_g 0.0000 | dual_d 0.0000 | train_acc 0.0958 | train_full 0.1183 | val_acc 0.0917 | val_f1 0.0382 | adv/moduleC 0.00/0.00 | disc_steps 0 | grad(main/disc) 17.048/0.000 | lr(main/disc) 1.00e-04/3.50e-05 | cuda_peak(alloc/resv) 18.96/24.42GB | phase(train/val/raw/train_eval) 4.1/0.6/0.6/0.9s | 6.3s
2026-08-26 20:18:55 | New best val_f1_macro_present: 0.0382 at epoch 1
2026-08-26 20:18:59 | Epoch 002/060 | loss 4.1275 | cls 4.1156 | tal 0.0398 | dual_g 0.0000 | dual_d 0.0000 | train_acc 0.2750 | train_full n/a | val_acc 0.2417 | val_f1 0.1547 | adv/moduleC 0.00/0.00 | disc_steps 0 | grad(main/disc) 13.334/0.000 | lr(main/disc) 1.00e-04/3.50e-05 | cuda_peak(alloc/resv) 18.96/24.42GB | phase(train/val/raw/train_eval) 3.0/0.6/0.6/0.0s | 4.3s
2026-08-26 20:19:03 | New best val_f1_macro_present: 0.1547 at epoch 2
2026-08-26 20:19:07 | Epoch 003/060 | loss 3.6550 | cls 3.6706 | tal -0.0521 | dual_g 0.0000 | dual_d 0.0000 | train_acc 0.3625 | train_full n/a | val_acc 0.2583 | val_f1 0.1417 | adv/moduleC 0.00/0.00 | disc_steps 0 | grad(main/disc) 11.922/0.000 | lr(main/disc) 1.00e-04/3.50e-05 | cuda_peak(alloc/resv) 18.96/24.42GB | phase(train/val/raw/train_eval) 2.9/0.6/0.0/0.0s | 3.5s
2026-08-26 20:19:11 | Epoch 004/060 | loss 3.3564 | cls 3.1635 | tal -0.0399 | dual_g 0.2049 | dual_d 0.0000 | train_acc 0.4417 | train_full n/a | val_acc 0.2500 | val_f1 0.1829 | adv/moduleC 0.00/0.10 | disc_steps 0 | grad(main/disc) 11.182/0.000 | lr(main/disc) 1.00e-04/3.50e-05 | cuda_peak(alloc/resv) 18.96/24.42GB | phase(train/val/raw/train_eval) 3.1/0.6/0.6/0.0s | 4.3s
2026-08-26 20:19:15 | New best val_f1_macro_present: 0.1829 at epoch 4
2026-08-26 20:19:20 | Epoch 005/060 | loss 3.1566 | cls 2.8026 | tal -0.0286 | dual_g 0.3626 | dual_d 0.0000 | train_acc 0.5437 | train_full 0.3785 | val_acc 0.4083 | val_f1 0.3435 | adv/moduleC 0.00/0.20 | disc_steps 0 | grad(main/disc) 10.406/0.000 | lr(main/disc) 1.00e-04/3.50e-05 | cuda_peak(alloc/resv) 18.96/24.42GB | phase(train/val/raw/train_eval) 3.2/0.6/0.6/0.9s | 5.3s
2026-08-26 20:19:24 | New best val_f1_macro_present: 0.3435 at epoch 5
2026-08-26 20:19:28 | Epoch 006/060 | loss 2.8202 | cls 2.3545 | tal -0.0304 | dual_g 0.4749 | dual_d 0.9160 | train_acc 0.6625 | train_full n/a | val_acc 0.3250 | val_f1 0.4231 | adv/moduleC 0.05/0.30 | disc_steps 6 | grad(main/disc) 9.809/1.868 | lr(main/disc) 1.00e-04/3.50e-05 | cuda_peak(alloc/resv) 18.96/24.42GB | phase(train/val/raw/train_eval) 3.0/0.6/0.6/0.0s | 4.3s
2026-08-26 20:19:32 | New best val_f1_macro_present: 0.4231 at epoch 6
2026-08-26 20:19:37 | Epoch 007/060 | loss 2.6645 | cls 2.0968 | tal -0.0391 | dual_g 0.5795 | dual_d 0.9038 | train_acc 0.7312 | train_full n/a | val_acc 0.4750 | val_f1 0.5624 | adv/moduleC 0.10/0.40 | disc_steps 6 | grad(main/disc) 9.321/1.787 | lr(main/disc) 1.00e-04/3.50e-05 | cuda_peak(alloc/resv) 18.96/24.42GB | phase(train/val/raw/train_eval) 3.3/0.6/0.6/0.0s | 4.6s
2026-08-26 20:19:41 | New best val_f1_macro_present: 0.5624 at epoch 7
2026-08-26 20:19:45 | Epoch 008/060 | loss 2.6859 | cls 2.0354 | tal -0.0386 | dual_g 0.6621 | dual_d 0.8385 | train_acc 0.6875 | train_full n/a | val_acc 0.6417 | val_f1 0.6488 | adv/moduleC 0.15/0.50 | disc_steps 6 | grad(main/disc) 9.687/1.654 | lr(main/disc) 1.00e-04/3.50e-05 | cuda_peak(alloc/resv) 18.96/24.42GB | phase(train/val/raw/train_eval) 2.8/0.6/0.6/0.0s | 4.1s
2026-08-26 20:19:49 | New best val_f1_macro_present: 0.6488 at epoch 8
2026-08-26 20:19:53 | Epoch 009/060 | loss 2.5860 | cls 1.8485 | tal -0.0398 | dual_g 0.7494 | dual_d 0.8083 | train_acc 0.7667 | train_full n/a | val_acc 0.7000 | val_f1 0.6907 | adv/moduleC 0.20/0.60 | disc_steps 6 | grad(main/disc) 10.083/1.599 | lr(main/disc) 1.00e-04/3.50e-05 | cuda_peak(alloc/resv) 18.96/24.42GB | phase(train/val/raw/train_eval) 2.9/0.6/0.6/0.0s | 4.1s
2026-08-26 20:19:57 | New best val_f1_macro_present: 0.6907 at epoch 9
2026-08-26 20:20:02 | Epoch 010/060 | loss 2.5383 | cls 1.7326 | tal -0.0398 | dual_g 0.8177 | dual_d 0.8252 | train_acc 0.7833 | train_full 0.7656 | val_acc 0.7833 | val_f1 0.7394 | adv/moduleC 0.25/0.70 | disc_steps 6 | grad(main/disc) 9.381/1.584 | lr(main/disc) 1.00e-04/3.50e-05 | cuda_peak(alloc/resv) 18.96/24.42GB | phase(train/val/raw/train_eval) 3.1/0.6/0.6/0.9s | 5.2s
2026-08-26 20:20:06 | New best val_f1_macro_present: 0.7394 at epoch 10
2026-08-26 20:20:11 | Epoch 011/060 | loss 2.4083 | cls 1.5492 | tal -0.0792 | dual_g 0.8829 | dual_d 0.7740 | train_acc 0.8583 | train_full n/a | val_acc 0.8167 | val_f1 0.7796 | adv/moduleC 0.30/0.80 | disc_steps 6 | grad(main/disc) 8.929/1.521 | lr(main/disc) 1.00e-04/3.50e-05 | cuda_peak(alloc/resv) 18.96/24.42GB | phase(train/val/raw/train_eval) 3.0/0.6/0.6/0.0s | 4.3s
2026-08-26 20:20:15 | New best val_f1_macro_present: 0.7796 at epoch 11
2026-08-26 20:20:18 | Epoch 012/060 | loss 2.3357 | cls 1.4446 | tal -0.0441 | dual_g 0.9044 | dual_d 0.7351 | train_acc 0.8812 | train_full n/a | val_acc 0.8000 | val_f1 0.7624 | adv/moduleC 0.35/0.90 | disc_steps 6 | grad(main/disc) 8.550/1.405 | lr(main/disc) 1.00e-04/3.50e-05 | cuda_peak(alloc/resv) 18.96/24.42GB | phase(train/val/raw/train_eval) 3.0/0.6/0.0/0.0s | 3.6s
2026-08-26 20:20:23 | Epoch 013/060 | loss 2.3785 | cls 1.4069 | tal -0.0178 | dual_g 0.9769 | dual_d 0.7491 | train_acc 0.8792 | train_full n/a | val_acc 0.8250 | val_f1 0.7834 | adv/moduleC 0.40/1.00 | disc_steps 6 | grad(main/disc) 8.156/1.354 | lr(main/disc) 1.00e-04/3.50e-05 | cuda_peak(alloc/resv) 18.96/24.42GB | phase(train/val/raw/train_eval) 3.1/0.6/0.6/0.0s | 4.4s
2026-08-26 20:20:26 | New best val_f1_macro_present: 0.7834 at epoch 13
2026-08-26 20:20:31 | Epoch 014/060 | loss 2.2869 | cls 1.3500 | tal -0.0600 | dual_g 0.9549 | dual_d 0.7363 | train_acc 0.8854 | train_full n/a | val_acc 0.8667 | val_f1 0.8118 | adv/moduleC 0.45/1.00 | disc_steps 6 | grad(main/disc) 9.489/1.324 | lr(main/disc) 1.00e-04/3.50e-05 | cuda_peak(alloc/resv) 18.96/24.42GB | phase(train/val/raw/train_eval) 3.0/0.6/0.6/0.0s | 4.3s
2026-08-26 20:20:35 | New best val_f1_macro_present: 0.8118 at epoch 14
2026-08-26 20:20:40 | Epoch 015/060 | loss 2.1544 | cls 1.2835 | tal -0.0524 | dual_g 0.8865 | dual_d 0.7577 | train_acc 0.9354 | train_full 0.8194 | val_acc 0.7833 | val_f1 0.7652 | adv/moduleC 0.50/1.00 | disc_steps 6 | grad(main/disc) 8.683/1.319 | lr(main/disc) 1.00e-04/3.50e-05 | cuda_peak(alloc/resv) 18.96/24.42GB | phase(train/val/raw/train_eval) 3.3/0.6/0.6/0.8s | 5.4s
2026-08-26 20:20:44 | Epoch 016/060 | loss 2.1784 | cls 1.3142 | tal -0.1060 | dual_g 0.8959 | dual_d 0.7670 | train_acc 0.9146 | train_full n/a | val_acc 0.8000 | val_f1 0.7767 | adv/moduleC 0.55/1.00 | disc_steps 6 | grad(main/disc) 7.852/1.316 | lr(main/disc) 1.00e-04/3.50e-05 | cuda_peak(alloc/resv) 18.96/24.42GB | phase(train/val/raw/train_eval) 3.4/0.6/0.0/0.0s | 4.1s
2026-08-26 20:20:48 | Epoch 017/060 | loss 2.0196 | cls 1.2028 | tal -0.1192 | dual_g 0.8526 | dual_d 0.7583 | train_acc 0.9563 | train_full n/a | val_acc 0.8333 | val_f1 0.7877 | adv/moduleC 0.60/1.00 | disc_steps 6 | grad(main/disc) 6.893/1.281 | lr(main/disc) 1.00e-04/3.50e-05 | cuda_peak(alloc/resv) 18.96/24.42GB | phase(train/val/raw/train_eval) 3.1/0.6/0.0/0.0s | 3.7s
2026-08-26 20:20:52 | Epoch 018/060 | loss 2.0005 | cls 1.2098 | tal -0.1627 | dual_g 0.8396 | dual_d 0.7813 | train_acc 0.9688 | train_full n/a | val_acc 0.9000 | val_f1 0.8495 | adv/moduleC 0.65/1.00 | disc_steps 6 | grad(main/disc) 5.964/1.295 | lr(main/disc) 1.00e-04/3.50e-05 | cuda_peak(alloc/resv) 18.96/24.42GB | phase(train/val/raw/train_eval) 3.1/0.6/0.6/0.0s | 4.4s
2026-08-26 20:20:56 | New best val_f1_macro_present: 0.8495 at epoch 18
2026-08-26 20:21:00 | Epoch 019/060 | loss 1.9358 | cls 1.1508 | tal -0.1105 | dual_g 0.8182 | dual_d 0.8190 | train_acc 0.9542 | train_full n/a | val_acc 0.8167 | val_f1 0.7803 | adv/moduleC 0.70/1.00 | disc_steps 6 | grad(main/disc) 5.877/1.279 | lr(main/disc) 1.00e-04/3.50e-05 | cuda_peak(alloc/resv) 18.96/24.42GB | phase(train/val/raw/train_eval) 3.3/0.6/0.0/0.0s | 3.9s
2026-08-26 20:21:05 | Epoch 020/060 | loss 1.9376 | cls 1.1484 | tal -0.0635 | dual_g 0.8083 | dual_d 0.7958 | train_acc 0.9708 | train_full 0.9118 | val_acc 0.8833 | val_f1 0.8474 | adv/moduleC 0.75/1.00 | disc_steps 6 | grad(main/disc) 6.015/1.274 | lr(main/disc) 1.00e-04/3.50e-05 | cuda_peak(alloc/resv) 18.96/24.42GB | phase(train/val/raw/train_eval) 3.0/0.6/0.6/0.9s | 5.1s
2026-08-26 20:21:09 | Epoch 021/060 | loss 1.9073 | cls 1.1336 | tal -0.1018 | dual_g 0.8042 | dual_d 0.8046 | train_acc 0.9646 | train_full n/a | val_acc 0.8250 | val_f1 0.7750 | adv/moduleC 0.80/1.00 | disc_steps 6 | grad(main/disc) 6.336/1.249 | lr(main/disc) 1.00e-04/3.50e-05 | cuda_peak(alloc/resv) 18.96/24.42GB | phase(train/val/raw/train_eval) 3.1/0.6/0.0/0.0s | 3.7s
2026-08-26 20:21:13 | Epoch 022/060 | loss 1.8721 | cls 1.1144 | tal -0.1136 | dual_g 0.7918 | dual_d 0.8017 | train_acc 0.9708 | train_full n/a | val_acc 0.7833 | val_f1 0.7905 | adv/moduleC 0.85/1.00 | disc_steps 6 | grad(main/disc) 5.761/1.254 | lr(main/disc) 1.00e-04/3.50e-05 | cuda_peak(alloc/resv) 18.96/24.42GB | phase(train/val/raw/train_eval) 3.0/0.6/0.0/0.0s | 3.6s
2026-08-26 20:21:17 | Epoch 023/060 | loss 1.8322 | cls 1.0974 | tal -0.1244 | dual_g 0.7721 | dual_d 0.8221 | train_acc 0.9771 | train_full n/a | val_acc 0.9083 | val_f1 0.8803 | adv/moduleC 0.90/1.00 | disc_steps 6 | grad(main/disc) 5.856/1.261 | lr(main/disc) 1.00e-04/3.50e-05 | cuda_peak(alloc/resv) 18.96/24.42GB | phase(train/val/raw/train_eval) 3.2/0.6/0.6/0.0s | 4.5s
2026-08-26 20:21:21 | New best val_f1_macro_present: 0.8803 at epoch 23
2026-08-26 20:21:25 | Epoch 024/060 | loss 1.7810 | cls 1.0618 | tal -0.1286 | dual_g 0.7577 | dual_d 0.8627 | train_acc 0.9896 | train_full n/a | val_acc 0.8000 | val_f1 0.8113 | adv/moduleC 0.95/1.00 | disc_steps 6 | grad(main/disc) 4.371/1.291 | lr(main/disc) 1.00e-04/3.50e-05 | cuda_peak(alloc/resv) 18.96/24.42GB | phase(train/val/raw/train_eval) 3.0/0.6/0.0/0.0s | 3.7s
2026-08-26 20:21:29 | Epoch 025/060 | loss 1.7635 | cls 1.0581 | tal -0.1428 | dual_g 0.7482 | dual_d 0.9011 | train_acc 0.9792 | train_full 0.9419 | val_acc 0.9083 | val_f1 0.8681 | adv/moduleC 1.00/1.00 | disc_steps 6 | grad(main/disc) 4.984/1.334 | lr(main/disc) 1.00e-04/3.50e-05 | cuda_peak(alloc/resv) 18.96/24.42GB | phase(train/val/raw/train_eval) 2.8/0.6/0.6/0.9s | 4.9s
2026-08-26 20:21:34 | Epoch 026/060 | loss 1.7702 | cls 1.0635 | tal -0.1393 | dual_g 0.7485 | dual_d 0.8999 | train_acc 0.9896 | train_full n/a | val_acc 0.9083 | val_f1 0.8830 | adv/moduleC 1.00/1.00 | disc_steps 6 | grad(main/disc) 5.121/1.364 | lr(main/disc) 1.00e-04/3.50e-05 | cuda_peak(alloc/resv) 18.96/24.42GB | phase(train/val/raw/train_eval) 2.9/0.6/0.6/0.0s | 4.2s
2026-08-26 20:21:38 | New best val_f1_macro_present: 0.8830 at epoch 26
2026-08-26 20:21:41 | Epoch 027/060 | loss 1.7569 | cls 1.0485 | tal -0.1100 | dual_g 0.7414 | dual_d 0.9432 | train_acc 0.9896 | train_full n/a | val_acc 0.9250 | val_f1 0.8817 | adv/moduleC 1.00/1.00 | disc_steps 6 | grad(main/disc) 3.885/1.357 | lr(main/disc) 1.00e-04/3.50e-05 | cuda_peak(alloc/resv) 18.96/24.42GB | phase(train/val/raw/train_eval) 3.2/0.6/0.0/0.0s | 3.8s
2026-08-26 20:21:45 | Epoch 028/060 | loss 1.7376 | cls 1.0396 | tal -0.1117 | dual_g 0.7315 | dual_d 0.9436 | train_acc 0.9875 | train_full n/a | val_acc 0.8083 | val_f1 0.8163 | adv/moduleC 1.00/1.00 | disc_steps 6 | grad(main/disc) 3.564/1.353 | lr(main/disc) 1.00e-04/3.50e-05 | cuda_peak(alloc/resv) 18.96/24.42GB | phase(train/val/raw/train_eval) 3.0/0.6/0.0/0.0s | 3.6s
2026-08-26 20:21:49 | Epoch 029/060 | loss 1.7029 | cls 1.0221 | tal -0.1292 | dual_g 0.7196 | dual_d 0.9736 | train_acc 0.9917 | train_full n/a | val_acc 0.8917 | val_f1 0.8695 | adv/moduleC 1.00/1.00 | disc_steps 6 | grad(main/disc) 3.066/1.352 | lr(main/disc) 1.00e-04/3.50e-05 | cuda_peak(alloc/resv) 18.96/24.42GB | phase(train/val/raw/train_eval) 3.2/0.6/0.0/0.0s | 3.8s
2026-08-26 20:21:54 | Epoch 030/060 | loss 1.6839 | cls 1.0114 | tal -0.1421 | dual_g 0.7151 | dual_d 0.9504 | train_acc 0.9958 | train_full 0.9269 | val_acc 0.9167 | val_f1 0.8816 | adv/moduleC 1.00/1.00 | disc_steps 6 | grad(main/disc) 2.863/1.322 | lr(main/disc) 1.00e-04/3.50e-05 | cuda_peak(alloc/resv) 18.96/24.42GB | phase(train/val/raw/train_eval) 2.9/0.6/0.6/0.9s | 5.0s
2026-08-26 20:21:57 | Epoch 031/060 | loss 1.7088 | cls 1.0408 | tal -0.1435 | dual_g 0.7110 | dual_d 0.9717 | train_acc 0.9938 | train_full n/a | val_acc 0.9000 | val_f1 0.8800 | adv/moduleC 1.00/1.00 | disc_steps 6 | grad(main/disc) 3.285/1.348 | lr(main/disc) 1.00e-04/3.50e-05 | cuda_peak(alloc/resv) 18.96/24.42GB | phase(train/val/raw/train_eval) 3.0/0.6/0.0/0.0s | 3.6s
2026-08-26 20:22:02 | Epoch 032/060 | loss 1.6847 | cls 1.0084 | tal -0.1164 | dual_g 0.7112 | dual_d 0.9810 | train_acc 0.9958 | train_full n/a | val_acc 0.9417 | val_f1 0.9167 | adv/moduleC 1.00/1.00 | disc_steps 6 | grad(main/disc) 2.844/1.355 | lr(main/disc) 1.00e-04/3.50e-05 | cuda_peak(alloc/resv) 18.96/24.42GB | phase(train/val/raw/train_eval) 2.9/0.6/0.6/0.0s | 4.1s
2026-08-26 20:22:05 | New best val_f1_macro_present: 0.9167 at epoch 32
2026-08-26 20:22:09 | Epoch 033/060 | loss 1.6785 | cls 1.0220 | tal -0.1855 | dual_g 0.7122 | dual_d 0.9701 | train_acc 0.9958 | train_full n/a | val_acc 0.9333 | val_f1 0.9009 | adv/moduleC 1.00/1.00 | disc_steps 6 | grad(main/disc) 3.824/1.312 | lr(main/disc) 1.00e-04/3.50e-05 | cuda_peak(alloc/resv) 18.96/24.42GB | phase(train/val/raw/train_eval) 3.3/0.6/0.0/0.0s | 3.9s
2026-08-26 20:22:13 | Epoch 034/060 | loss 1.6717 | cls 1.0211 | tal -0.1827 | dual_g 0.7054 | dual_d 0.9701 | train_acc 0.9938 | train_full n/a | val_acc 0.8917 | val_f1 0.8788 | adv/moduleC 1.00/1.00 | disc_steps 6 | grad(main/disc) 3.313/1.306 | lr(main/disc) 1.00e-04/3.50e-05 | cuda_peak(alloc/resv) 18.96/24.42GB | phase(train/val/raw/train_eval) 3.1/0.6/0.0/0.0s | 3.7s
2026-08-26 20:22:18 | Epoch 035/060 | loss 1.6431 | cls 0.9987 | tal -0.1869 | dual_g 0.7005 | dual_d 0.9617 | train_acc 0.9938 | train_full 0.9720 | val_acc 0.9583 | val_f1 0.9177 | adv/moduleC 1.00/1.00 | disc_steps 6 | grad(main/disc) 2.761/1.302 | lr(main/disc) 1.00e-04/3.50e-05 | cuda_peak(alloc/resv) 18.96/24.42GB | phase(train/val/raw/train_eval) 2.9/0.6/0.6/0.9s | 5.0s
2026-08-26 20:22:22 | New best val_f1_macro_present: 0.9177 at epoch 35
2026-08-26 20:22:25 | Epoch 036/060 | loss 1.6508 | cls 1.0038 | tal -0.1695 | dual_g 0.6979 | dual_d 0.9757 | train_acc 0.9979 | train_full n/a | val_acc 0.9333 | val_f1 0.9010 | adv/moduleC 1.00/1.00 | disc_steps 6 | grad(main/disc) 3.039/1.355 | lr(main/disc) 1.00e-04/3.50e-05 | cuda_peak(alloc/resv) 18.96/24.42GB | phase(train/val/raw/train_eval) 2.8/0.6/0.0/0.0s | 3.4s
2026-08-26 20:22:29 | Epoch 037/060 | loss 1.6420 | cls 1.0041 | tal -0.2292 | dual_g 0.7067 | dual_d 0.9302 | train_acc 0.9958 | train_full n/a | val_acc 0.9333 | val_f1 0.8973 | adv/moduleC 1.00/1.00 | disc_steps 6 | grad(main/disc) 3.193/1.265 | lr(main/disc) 1.00e-04/3.50e-05 | cuda_peak(alloc/resv) 18.96/24.42GB | phase(train/val/raw/train_eval) 3.0/0.6/0.0/0.0s | 3.7s
2026-08-26 20:22:33 | Epoch 038/060 | loss 1.6222 | cls 0.9907 | tal -0.2124 | dual_g 0.6953 | dual_d 0.9888 | train_acc 0.9979 | train_full n/a | val_acc 0.9250 | val_f1 0.9106 | adv/moduleC 1.00/1.00 | disc_steps 6 | grad(main/disc) 2.583/1.300 | lr(main/disc) 1.00e-04/3.50e-05 | cuda_peak(alloc/resv) 18.96/24.42GB | phase(train/val/raw/train_eval) 3.3/0.6/0.0/0.0s | 3.9s
2026-08-26 20:22:37 | Epoch 039/060 | loss 1.6047 | cls 0.9817 | tal -0.2252 | dual_g 0.6906 | dual_d 0.9611 | train_acc 1.0000 | train_full n/a | val_acc 0.9500 | val_f1 0.9308 | adv/moduleC 1.00/1.00 | disc_steps 6 | grad(main/disc) 2.213/1.286 | lr(main/disc) 1.00e-04/3.50e-05 | cuda_peak(alloc/resv) 18.96/24.42GB | phase(train/val/raw/train_eval) 3.0/0.6/0.6/0.0s | 4.2s
2026-08-26 20:22:41 | New best val_f1_macro_present: 0.9308 at epoch 39
2026-08-26 20:22:46 | Epoch 040/060 | loss 1.6045 | cls 0.9888 | tal -0.2272 | dual_g 0.6839 | dual_d 1.0039 | train_acc 0.9958 | train_full 0.9613 | val_acc 0.9333 | val_f1 0.8998 | adv/moduleC 1.00/1.00 | disc_steps 6 | grad(main/disc) 2.114/1.321 | lr(main/disc) 1.00e-04/3.50e-05 | cuda_peak(alloc/resv) 18.96/24.42GB | phase(train/val/raw/train_eval) 3.1/0.6/0.6/0.9s | 5.2s
2026-08-26 20:22:50 | Epoch 041/060 | loss 1.6035 | cls 0.9875 | tal -0.2203 | dual_g 0.6821 | dual_d 0.9453 | train_acc 0.9979 | train_full n/a | val_acc 0.9333 | val_f1 0.9120 | adv/moduleC 1.00/1.00 | disc_steps 6 | grad(main/disc) 1.986/1.226 | lr(main/disc) 1.00e-04/3.50e-05 | cuda_peak(alloc/resv) 18.96/24.42GB | phase(train/val/raw/train_eval) 2.8/0.6/0.0/0.0s | 3.4s
2026-08-26 20:22:54 | Epoch 042/060 | loss 1.5933 | cls 0.9820 | tal -0.2147 | dual_g 0.6757 | dual_d 0.9697 | train_acc 0.9958 | train_full n/a | val_acc 0.9500 | val_f1 0.9431 | adv/moduleC 1.00/1.00 | disc_steps 6 | grad(main/disc) 2.084/1.260 | lr(main/disc) 1.00e-04/3.50e-05 | cuda_peak(alloc/resv) 18.96/24.42GB | phase(train/val/raw/train_eval) 3.3/0.6/0.6/0.0s | 4.6s
2026-08-26 20:22:58 | New best val_f1_macro_present: 0.9431 at epoch 42
2026-08-26 20:23:02 | Epoch 043/060 | loss 1.6108 | cls 0.9827 | tal -0.1853 | dual_g 0.6837 | dual_d 0.9667 | train_acc 0.9979 | train_full n/a | val_acc 0.9333 | val_f1 0.9198 | adv/moduleC 1.00/1.00 | disc_steps 6 | grad(main/disc) 2.288/1.241 | lr(main/disc) 1.00e-04/3.50e-05 | cuda_peak(alloc/resv) 18.96/24.42GB | phase(train/val/raw/train_eval) 2.9/0.6/0.0/0.0s | 3.5s
2026-08-26 20:23:05 | Epoch 044/060 | loss 1.6157 | cls 0.9919 | tal -0.1980 | dual_g 0.6832 | dual_d 0.9589 | train_acc 0.9958 | train_full n/a | val_acc 0.9583 | val_f1 0.9243 | adv/moduleC 1.00/1.00 | disc_steps 6 | grad(main/disc) 2.438/1.233 | lr(main/disc) 1.00e-04/3.50e-05 | cuda_peak(alloc/resv) 18.96/24.42GB | phase(train/val/raw/train_eval) 2.9/0.6/0.0/0.0s | 3.5s
2026-08-26 20:23:11 | Epoch 045/060 | loss 1.6014 | cls 0.9892 | tal -0.2059 | dual_g 0.6739 | dual_d 0.9299 | train_acc 0.9938 | train_full 0.9785 | val_acc 0.9500 | val_f1 0.9308 | adv/moduleC 1.00/1.00 | disc_steps 6 | grad(main/disc) 2.668/1.197 | lr(main/disc) 1.00e-04/3.50e-05 | cuda_peak(alloc/resv) 18.96/24.42GB | phase(train/val/raw/train_eval) 3.1/0.6/0.6/0.9s | 5.3s
2026-08-26 20:23:14 | Epoch 046/060 | loss 1.5794 | cls 0.9726 | tal -0.2282 | dual_g 0.6753 | dual_d 0.9824 | train_acc 0.9979 | train_full n/a | val_acc 0.9500 | val_f1 0.9422 | adv/moduleC 1.00/1.00 | disc_steps 6 | grad(main/disc) 2.824/1.249 | lr(main/disc) 1.00e-04/3.50e-05 | cuda_peak(alloc/resv) 18.96/24.42GB | phase(train/val/raw/train_eval) 2.9/0.6/0.0/0.0s | 3.5s
2026-08-26 20:23:18 | Epoch 047/060 | loss 1.5817 | cls 0.9751 | tal -0.2345 | dual_g 0.6769 | dual_d 0.9586 | train_acc 0.9979 | train_full n/a | val_acc 0.9667 | val_f1 0.9440 | adv/moduleC 1.00/1.00 | disc_steps 6 | grad(main/disc) 2.090/1.212 | lr(main/disc) 1.00e-04/3.50e-05 | cuda_peak(alloc/resv) 18.96/24.42GB | phase(train/val/raw/train_eval) 3.0/0.6/0.0/0.0s | 3.6s
2026-08-26 20:23:22 | Epoch 048/060 | loss 1.5879 | cls 0.9804 | tal -0.2110 | dual_g 0.6708 | dual_d 0.9356 | train_acc 1.0000 | train_full n/a | val_acc 0.9500 | val_f1 0.9236 | adv/moduleC 1.00/1.00 | disc_steps 6 | grad(main/disc) 2.102/1.191 | lr(main/disc) 1.00e-04/3.50e-05 | cuda_peak(alloc/resv) 18.96/24.42GB | phase(train/val/raw/train_eval) 3.3/0.6/0.0/0.0s | 4.0s
2026-08-26 20:23:26 | Epoch 049/060 | loss 1.6020 | cls 0.9817 | tal -0.1720 | dual_g 0.6719 | dual_d 0.9621 | train_acc 0.9938 | train_full n/a | val_acc 0.9417 | val_f1 0.9083 | adv/moduleC 1.00/1.00 | disc_steps 6 | grad(main/disc) 2.008/1.187 | lr(main/disc) 1.00e-04/3.50e-05 | cuda_peak(alloc/resv) 18.96/24.42GB | phase(train/val/raw/train_eval) 3.1/0.6/0.0/0.0s | 3.8s
2026-08-26 20:23:30 | Epoch 050/060 | loss 1.5821 | cls 0.9685 | tal -0.1808 | dual_g 0.6679 | dual_d 0.9185 | train_acc 1.0000 | train_full 0.9720 | val_acc 0.9417 | val_f1 0.9167 | adv/moduleC 1.00/1.00 | disc_steps 6 | grad(main/disc) 1.818/1.156 | lr(main/disc) 1.00e-04/3.50e-05 | cuda_peak(alloc/resv) 18.96/24.42GB | phase(train/val/raw/train_eval) 2.8/0.6/0.6/0.9s | 4.9s
2026-08-26 20:23:34 | Epoch 051/060 | loss 1.5899 | cls 0.9734 | tal -0.1761 | dual_g 0.6694 | dual_d 0.9367 | train_acc 0.9979 | train_full n/a | val_acc 0.9167 | val_f1 0.9123 | adv/moduleC 1.00/1.00 | disc_steps 6 | grad(main/disc) 2.165/1.155 | lr(main/disc) 1.00e-04/3.50e-05 | cuda_peak(alloc/resv) 18.96/24.42GB | phase(train/val/raw/train_eval) 3.0/0.6/0.0/0.0s | 3.6s
2026-08-26 20:23:38 | Epoch 052/060 | loss 1.5858 | cls 0.9734 | tal -0.1722 | dual_g 0.6640 | dual_d 0.9242 | train_acc 0.9979 | train_full n/a | val_acc 0.9583 | val_f1 0.9492 | adv/moduleC 1.00/1.00 | disc_steps 6 | grad(main/disc) 1.887/1.149 | lr(main/disc) 1.00e-04/3.50e-05 | cuda_peak(alloc/resv) 18.96/24.42GB | phase(train/val/raw/train_eval) 3.0/0.6/0.6/0.0s | 4.2s
2026-08-26 20:23:42 | New best val_f1_macro_present: 0.9492 at epoch 52
2026-08-26 20:23:46 | Epoch 053/060 | loss 1.5577 | cls 0.9634 | tal -0.2093 | dual_g 0.6571 | dual_d 0.9179 | train_acc 1.0000 | train_full n/a | val_acc 0.9500 | val_f1 0.9308 | adv/moduleC 1.00/1.00 | disc_steps 6 | grad(main/disc) 1.844/1.112 | lr(main/disc) 1.00e-04/3.50e-05 | cuda_peak(alloc/resv) 18.96/24.42GB | phase(train/val/raw/train_eval) 3.2/0.6/0.0/0.0s | 3.9s
2026-08-26 20:23:50 | Epoch 054/060 | loss 1.5645 | cls 0.9631 | tal -0.2112 | dual_g 0.6648 | dual_d 0.9192 | train_acc 1.0000 | train_full n/a | val_acc 0.9583 | val_f1 0.9300 | adv/moduleC 1.00/1.00 | disc_steps 6 | grad(main/disc) 2.026/1.131 | lr(main/disc) 1.00e-04/3.50e-05 | cuda_peak(alloc/resv) 18.96/24.42GB | phase(train/val/raw/train_eval) 2.9/0.6/0.0/0.0s | 3.6s
2026-08-26 20:23:55 | Epoch 055/060 | loss 1.5559 | cls 0.9639 | tal -0.2245 | dual_g 0.6593 | dual_d 0.9189 | train_acc 1.0000 | train_full 0.9871 | val_acc 0.9667 | val_f1 0.9368 | adv/moduleC 1.00/1.00 | disc_steps 6 | grad(main/disc) 1.869/1.098 | lr(main/disc) 1.00e-04/3.50e-05 | cuda_peak(alloc/resv) 18.96/24.42GB | phase(train/val/raw/train_eval) 3.0/0.6/0.6/0.9s | 5.1s
2026-08-26 20:23:58 | Epoch 056/060 | loss 1.5398 | cls 0.9581 | tal -0.2451 | dual_g 0.6552 | dual_d 0.9227 | train_acc 0.9979 | train_full n/a | val_acc 0.9500 | val_f1 0.9269 | adv/moduleC 1.00/1.00 | disc_steps 6 | grad(main/disc) 1.616/1.101 | lr(main/disc) 1.00e-04/3.50e-05 | cuda_peak(alloc/resv) 18.96/24.42GB | phase(train/val/raw/train_eval) 2.8/0.6/0.0/0.0s | 3.4s
2026-08-26 20:24:02 | Epoch 057/060 | loss 1.5363 | cls 0.9624 | tal -0.2618 | dual_g 0.6525 | dual_d 0.9247 | train_acc 0.9979 | train_full n/a | val_acc 0.9083 | val_f1 0.8970 | adv/moduleC 1.00/1.00 | disc_steps 6 | grad(main/disc) 1.508/1.094 | lr(main/disc) 1.00e-04/3.50e-05 | cuda_peak(alloc/resv) 18.96/24.42GB | phase(train/val/raw/train_eval) 2.8/0.6/0.0/0.0s | 3.4s
2026-08-26 20:24:05 | Epoch 058/060 | loss 1.5366 | cls 0.9528 | tal -0.2404 | dual_g 0.6560 | dual_d 0.8924 | train_acc 1.0000 | train_full n/a | val_acc 0.9417 | val_f1 0.9111 | adv/moduleC 1.00/1.00 | disc_steps 6 | grad(main/disc) 1.574/1.034 | lr(main/disc) 1.00e-04/3.50e-05 | cuda_peak(alloc/resv) 18.96/24.42GB | phase(train/val/raw/train_eval) 2.9/0.6/0.0/0.0s | 3.5s
2026-08-26 20:24:09 | Epoch 059/060 | loss 1.5546 | cls 0.9647 | tal -0.2344 | dual_g 0.6602 | dual_d 0.9091 | train_acc 0.9979 | train_full n/a | val_acc 0.9583 | val_f1 0.9300 | adv/moduleC 1.00/1.00 | disc_steps 6 | grad(main/disc) 1.857/1.032 | lr(main/disc) 5.00e-05/1.75e-05 | cuda_peak(alloc/resv) 18.96/24.42GB | phase(train/val/raw/train_eval) 2.9/0.6/0.0/0.0s | 3.5s
2026-08-26 20:24:14 | Epoch 060/060 | loss 1.5369 | cls 0.9576 | tal -0.2550 | dual_g 0.6558 | dual_d 0.9136 | train_acc 1.0000 | train_full 0.9785 | val_acc 0.9583 | val_f1 0.9372 | adv/moduleC 1.00/1.00 | disc_steps 6 | grad(main/disc) 1.715/1.067 | lr(main/disc) 5.00e-05/1.75e-05 | cuda_peak(alloc/resv) 18.96/24.42GB | phase(train/val/raw/train_eval) 3.1/0.6/0.6/0.9s | 5.2s
2026-08-26 20:24:14 | Training complete. Best validation accuracy: 0.9667 | best val_f1_macro_present: 0.9492
