2026-08-26 17:25:40 | Starting Dual_D standalone training
2026-08-26 17:25:40 | Run directory: runs/module_c_ablation_60_v4/module_c_20260826_164328/module_c_full_雨天_20260826_164329
2026-08-26 17:25:40 | Device: cuda
2026-08-26 17:25:40 | Source train samples: 992
2026-08-26 17:25:40 | Target train samples: 96
2026-08-26 17:25:40 | Target val samples: 26
2026-08-26 17:25:40 | Classes: 14
2026-08-26 17:25:40 | Data audit: same_dir=False | path_overlap(vis/ir/ais)=0/0/0 | content_overlap(vis/ir/ais)=0/0/0 | ais_index_overlap=0 | stem_mismatch(vis-ir/vis-ais)=117/0
2026-08-26 17:25:40 | source_train classes: present 14/14 | absent 0 | counts [0:120, 1:44, 2:69, 3:45, 4:40, 5:30, 6:64, 7:80, 8:116, 9:68, 10:57, 11:83, 12:48, 13:128]
2026-08-26 17:25:40 | target_train classes: present 6/14 | absent 8 | counts [0:7, 2:19, 9:32, 10:12, 11:6, 13:20]
2026-08-26 17:25:40 | target_val classes: present 6/14 | absent 8 | counts [0:2, 2:5, 9:8, 10:4, 11:2, 13:5]
2026-08-26 17:25:40 | Paired training classes: 6/14 | class ids [0, 2, 9, 10, 11, 13]
2026-08-26 17:25:40 | Runtime profile: batch=80 | paired_steps=3 | workers=16 | train_eval_every=5 | raw_eval_every=5 | early_stop=15 after min_epoch=35
2026-08-26 17:25:40 | VIS/IR pairing: class-level-unpaired | count-mismatch classes train/val: 10/0 | AIS alignment: none | AIS rows train/val: 0/0
2026-08-26 17:25:40 | Model parameters: total=17277714 | trainable=17120210
2026-08-26 17:25:45 | Epoch 001/060 | loss 5.8613 | cls 5.8406 | tal 0.0693 | dual_g 0.0000 | dual_d 0.0000 | train_acc 0.0833 | train_full 0.1042 | val_acc 0.1538 | val_f1 0.2037 | adv/moduleC 0.00/0.00 | disc_steps 0 | grad(main/disc) 18.011/0.000 | lr(main/disc) 9.00e-05/3.50e-05 | cuda_peak(alloc/resv) 18.96/24.42GB | phase(train/val/raw/train_eval) 2.7/0.5/0.5/0.7s | 4.3s
2026-08-26 17:25:49 | New best val_f1_macro_present: 0.2037 at epoch 1
2026-08-26 17:25:52 | Epoch 002/060 | loss 4.8285 | cls 4.8189 | tal 0.0320 | dual_g 0.0000 | dual_d 0.0000 | train_acc 0.1125 | train_full n/a | val_acc 0.2692 | val_f1 0.1493 | adv/moduleC 0.00/0.00 | disc_steps 0 | grad(main/disc) 15.640/0.000 | lr(main/disc) 9.00e-05/3.50e-05 | cuda_peak(alloc/resv) 18.96/24.42GB | phase(train/val/raw/train_eval) 2.7/0.5/0.0/0.0s | 3.2s
2026-08-26 17:25:55 | Epoch 003/060 | loss 4.1986 | cls 4.1901 | tal 0.0285 | dual_g 0.0000 | dual_d 0.0000 | train_acc 0.2333 | train_full n/a | val_acc 0.2308 | val_f1 0.1706 | adv/moduleC 0.00/0.00 | disc_steps 0 | grad(main/disc) 12.997/0.000 | lr(main/disc) 9.00e-05/3.50e-05 | cuda_peak(alloc/resv) 18.96/24.42GB | phase(train/val/raw/train_eval) 2.5/0.5/0.0/0.0s | 3.0s
2026-08-26 17:25:58 | Epoch 004/060 | loss 3.6857 | cls 3.6856 | tal 0.0005 | dual_g 0.0000 | dual_d 0.0000 | train_acc 0.2708 | train_full n/a | val_acc 0.1923 | val_f1 0.0575 | adv/moduleC 0.00/0.00 | disc_steps 0 | grad(main/disc) 11.528/0.000 | lr(main/disc) 9.00e-05/3.50e-05 | cuda_peak(alloc/resv) 18.96/24.42GB | phase(train/val/raw/train_eval) 2.3/0.5/0.0/0.0s | 2.8s
2026-08-26 17:26:02 | Epoch 005/060 | loss 3.8510 | cls 3.6270 | tal -0.0509 | dual_g 0.2392 | dual_d 0.0000 | train_acc 0.3375 | train_full 0.2188 | val_acc 0.1923 | val_f1 0.0617 | adv/moduleC 0.00/0.10 | disc_steps 0 | grad(main/disc) 11.380/0.000 | lr(main/disc) 9.00e-05/3.50e-05 | cuda_peak(alloc/resv) 18.96/24.42GB | phase(train/val/raw/train_eval) 2.7/0.5/0.5/0.7s | 4.4s
2026-08-26 17:26:05 | Epoch 006/060 | loss 3.6782 | cls 3.2407 | tal -0.0764 | dual_g 0.4604 | dual_d 0.0000 | train_acc 0.4500 | train_full n/a | val_acc 0.1923 | val_f1 0.0909 | adv/moduleC 0.00/0.20 | disc_steps 0 | grad(main/disc) 10.582/0.000 | lr(main/disc) 9.00e-05/3.50e-05 | cuda_peak(alloc/resv) 18.96/24.42GB | phase(train/val/raw/train_eval) 2.4/0.5/0.0/0.0s | 2.8s
2026-08-26 17:26:08 | Epoch 007/060 | loss 3.5315 | cls 2.9101 | tal -0.0884 | dual_g 0.6479 | dual_d 0.8348 | train_acc 0.5000 | train_full n/a | val_acc 0.0769 | val_f1 0.0446 | adv/moduleC 0.06/0.30 | disc_steps 3 | grad(main/disc) 10.230/1.851 | lr(main/disc) 9.00e-05/3.50e-05 | cuda_peak(alloc/resv) 18.96/24.42GB | phase(train/val/raw/train_eval) 3.1/0.5/0.0/0.0s | 3.6s
2026-08-26 17:26:11 | Epoch 008/060 | loss 3.5532 | cls 2.8082 | tal -0.0995 | dual_g 0.7748 | dual_d 0.8627 | train_acc 0.5375 | train_full n/a | val_acc 0.2308 | val_f1 0.1560 | adv/moduleC 0.11/0.40 | disc_steps 3 | grad(main/disc) 9.774/1.784 | lr(main/disc) 4.50e-05/1.75e-05 | cuda_peak(alloc/resv) 18.96/24.42GB | phase(train/val/raw/train_eval) 2.2/0.5/0.0/0.0s | 2.7s
2026-08-26 17:26:15 | Epoch 009/060 | loss 3.5415 | cls 2.5917 | tal -0.0311 | dual_g 0.9592 | dual_d 0.8554 | train_acc 0.6167 | train_full n/a | val_acc 0.3077 | val_f1 0.2179 | adv/moduleC 0.17/0.50 | disc_steps 3 | grad(main/disc) 9.600/1.781 | lr(main/disc) 4.50e-05/1.75e-05 | cuda_peak(alloc/resv) 18.96/24.42GB | phase(train/val/raw/train_eval) 2.8/0.5/0.5/0.0s | 3.8s
2026-08-26 17:26:19 | New best val_f1_macro_present: 0.2179 at epoch 9
2026-08-26 17:26:23 | Epoch 010/060 | loss 3.6142 | cls 2.5156 | tal -0.0692 | dual_g 1.1193 | dual_d 0.8342 | train_acc 0.6375 | train_full 0.2708 | val_acc 0.3462 | val_f1 0.2436 | adv/moduleC 0.22/0.60 | disc_steps 3 | grad(main/disc) 9.749/1.721 | lr(main/disc) 4.50e-05/1.75e-05 | cuda_peak(alloc/resv) 18.96/24.42GB | phase(train/val/raw/train_eval) 2.5/0.5/0.5/0.7s | 4.2s
2026-08-26 17:26:27 | New best val_f1_macro_present: 0.2436 at epoch 10
2026-08-26 17:26:30 | Epoch 011/060 | loss 3.9253 | cls 2.6434 | tal -0.0624 | dual_g 1.3006 | dual_d 0.8268 | train_acc 0.6167 | train_full n/a | val_acc 0.2692 | val_f1 0.1835 | adv/moduleC 0.28/0.70 | disc_steps 3 | grad(main/disc) 11.094/1.831 | lr(main/disc) 4.50e-05/1.75e-05 | cuda_peak(alloc/resv) 18.96/24.42GB | phase(train/val/raw/train_eval) 2.7/0.5/0.0/0.0s | 3.2s
2026-08-26 17:26:32 | Epoch 012/060 | loss 3.9643 | cls 2.5417 | tal 0.0173 | dual_g 1.4175 | dual_d 0.7516 | train_acc 0.6417 | train_full n/a | val_acc 0.2692 | val_f1 0.2026 | adv/moduleC 0.33/0.80 | disc_steps 3 | grad(main/disc) 10.887/1.726 | lr(main/disc) 4.50e-05/1.75e-05 | cuda_peak(alloc/resv) 18.96/24.42GB | phase(train/val/raw/train_eval) 2.1/0.5/0.0/0.0s | 2.6s
2026-08-26 17:26:36 | Epoch 013/060 | loss 3.9500 | cls 2.3809 | tal 0.0236 | dual_g 1.5620 | dual_d 0.8235 | train_acc 0.7292 | train_full n/a | val_acc 0.3462 | val_f1 0.2806 | adv/moduleC 0.39/0.90 | disc_steps 3 | grad(main/disc) 10.640/1.794 | lr(main/disc) 4.50e-05/1.75e-05 | cuda_peak(alloc/resv) 18.96/24.42GB | phase(train/val/raw/train_eval) 2.4/0.5/0.5/0.0s | 3.4s
2026-08-26 17:26:40 | New best val_f1_macro_present: 0.2806 at epoch 13
2026-08-26 17:26:43 | Epoch 014/060 | loss 4.0574 | cls 2.2988 | tal 0.0051 | dual_g 1.7570 | dual_d 0.7932 | train_acc 0.7000 | train_full n/a | val_acc 0.3462 | val_f1 0.2806 | adv/moduleC 0.44/1.00 | disc_steps 3 | grad(main/disc) 12.077/1.693 | lr(main/disc) 4.50e-05/1.75e-05 | cuda_peak(alloc/resv) 18.96/24.42GB | phase(train/val/raw/train_eval) 2.6/0.5/0.0/0.0s | 3.1s
2026-08-26 17:26:47 | Epoch 015/060 | loss 3.6909 | cls 2.1427 | tal -0.0113 | dual_g 1.5517 | dual_d 0.7527 | train_acc 0.7375 | train_full 0.5521 | val_acc 0.4615 | val_f1 0.3942 | adv/moduleC 0.50/1.00 | disc_steps 3 | grad(main/disc) 10.370/1.647 | lr(main/disc) 4.50e-05/1.75e-05 | cuda_peak(alloc/resv) 18.96/24.42GB | phase(train/val/raw/train_eval) 2.2/0.5/0.5/0.7s | 3.9s
2026-08-26 17:26:51 | New best val_f1_macro_present: 0.3942 at epoch 15
2026-08-26 17:26:53 | Epoch 016/060 | loss 3.6745 | cls 2.1062 | tal 0.0032 | dual_g 1.5674 | dual_d 0.7870 | train_acc 0.7833 | train_full n/a | val_acc 0.4231 | val_f1 0.3534 | adv/moduleC 0.56/1.00 | disc_steps 3 | grad(main/disc) 11.159/1.664 | lr(main/disc) 4.50e-05/1.75e-05 | cuda_peak(alloc/resv) 18.96/24.42GB | phase(train/val/raw/train_eval) 2.3/0.5/0.0/0.0s | 2.8s
2026-08-26 17:26:56 | Epoch 017/060 | loss 3.5968 | cls 2.0882 | tal -0.0493 | dual_g 1.5234 | dual_d 0.7460 | train_acc 0.7667 | train_full n/a | val_acc 0.3846 | val_f1 0.3251 | adv/moduleC 0.61/1.00 | disc_steps 3 | grad(main/disc) 11.239/1.539 | lr(main/disc) 4.50e-05/1.75e-05 | cuda_peak(alloc/resv) 18.96/24.42GB | phase(train/val/raw/train_eval) 2.5/0.5/0.0/0.0s | 2.9s
2026-08-26 17:26:59 | Epoch 018/060 | loss 3.4200 | cls 1.9119 | tal -0.0553 | dual_g 1.5246 | dual_d 0.7543 | train_acc 0.8083 | train_full n/a | val_acc 0.5769 | val_f1 0.5609 | adv/moduleC 0.67/1.00 | disc_steps 3 | grad(main/disc) 13.085/1.548 | lr(main/disc) 4.50e-05/1.75e-05 | cuda_peak(alloc/resv) 18.96/24.42GB | phase(train/val/raw/train_eval) 2.1/0.5/0.5/0.0s | 3.1s
2026-08-26 17:27:03 | New best val_f1_macro_present: 0.5609 at epoch 18
2026-08-26 17:27:06 | Epoch 019/060 | loss 3.3410 | cls 1.8610 | tal 0.0337 | dual_g 1.4699 | dual_d 0.7561 | train_acc 0.8042 | train_full n/a | val_acc 0.6154 | val_f1 0.5403 | adv/moduleC 0.72/1.00 | disc_steps 3 | grad(main/disc) 12.786/1.586 | lr(main/disc) 4.50e-05/1.75e-05 | cuda_peak(alloc/resv) 18.96/24.42GB | phase(train/val/raw/train_eval) 2.4/0.5/0.0/0.0s | 2.9s
2026-08-26 17:27:10 | Epoch 020/060 | loss 3.2514 | cls 1.8141 | tal 0.0608 | dual_g 1.4191 | dual_d 0.7571 | train_acc 0.8250 | train_full 0.6250 | val_acc 0.5000 | val_f1 0.5240 | adv/moduleC 0.78/1.00 | disc_steps 3 | grad(main/disc) 11.675/1.631 | lr(main/disc) 4.50e-05/1.75e-05 | cuda_peak(alloc/resv) 18.96/24.42GB | phase(train/val/raw/train_eval) 2.5/0.5/0.5/0.7s | 4.1s
2026-08-26 17:27:13 | Epoch 021/060 | loss 3.2142 | cls 1.7956 | tal -0.0035 | dual_g 1.4197 | dual_d 0.7493 | train_acc 0.8417 | train_full n/a | val_acc 0.3462 | val_f1 0.3651 | adv/moduleC 0.83/1.00 | disc_steps 3 | grad(main/disc) 10.817/1.564 | lr(main/disc) 4.50e-05/1.75e-05 | cuda_peak(alloc/resv) 18.96/24.42GB | phase(train/val/raw/train_eval) 2.4/0.5/0.0/0.0s | 2.9s
2026-08-26 17:27:16 | Epoch 022/060 | loss 3.1107 | cls 1.7117 | tal -0.0268 | dual_g 1.4070 | dual_d 0.7510 | train_acc 0.8833 | train_full n/a | val_acc 0.4615 | val_f1 0.4769 | adv/moduleC 0.89/1.00 | disc_steps 3 | grad(main/disc) 11.909/1.494 | lr(main/disc) 4.50e-05/1.75e-05 | cuda_peak(alloc/resv) 18.96/24.42GB | phase(train/val/raw/train_eval) 2.4/0.5/0.0/0.0s | 2.9s
2026-08-26 17:27:20 | Epoch 023/060 | loss 3.0462 | cls 1.7199 | tal -0.0384 | dual_g 1.3378 | dual_d 0.7404 | train_acc 0.8500 | train_full n/a | val_acc 0.6154 | val_f1 0.5960 | adv/moduleC 0.94/1.00 | disc_steps 3 | grad(main/disc) 10.433/1.548 | lr(main/disc) 4.50e-05/1.75e-05 | cuda_peak(alloc/resv) 18.96/24.42GB | phase(train/val/raw/train_eval) 2.5/0.5/0.5/0.0s | 3.5s
2026-08-26 17:27:23 | New best val_f1_macro_present: 0.5960 at epoch 23
2026-08-26 17:27:27 | Epoch 024/060 | loss 2.9521 | cls 1.6456 | tal -0.0113 | dual_g 1.3100 | dual_d 0.7478 | train_acc 0.8625 | train_full n/a | val_acc 0.4615 | val_f1 0.4687 | adv/moduleC 1.00/1.00 | disc_steps 3 | grad(main/disc) 9.497/1.561 | lr(main/disc) 4.50e-05/1.75e-05 | cuda_peak(alloc/resv) 18.96/24.42GB | phase(train/val/raw/train_eval) 3.0/0.5/0.0/0.0s | 3.5s
2026-08-26 17:27:31 | Epoch 025/060 | loss 2.8326 | cls 1.5576 | tal -0.1090 | dual_g 1.3077 | dual_d 0.7523 | train_acc 0.9292 | train_full 0.6458 | val_acc 0.5769 | val_f1 0.5588 | adv/moduleC 1.00/1.00 | disc_steps 3 | grad(main/disc) 11.047/1.545 | lr(main/disc) 4.50e-05/1.75e-05 | cuda_peak(alloc/resv) 18.96/24.42GB | phase(train/val/raw/train_eval) 2.4/0.5/0.5/0.7s | 4.0s
2026-08-26 17:27:34 | Epoch 026/060 | loss 2.8449 | cls 1.6359 | tal -0.0978 | dual_g 1.2384 | dual_d 0.7211 | train_acc 0.8917 | train_full n/a | val_acc 0.5385 | val_f1 0.5238 | adv/moduleC 1.00/1.00 | disc_steps 3 | grad(main/disc) 14.187/1.495 | lr(main/disc) 4.50e-05/1.75e-05 | cuda_peak(alloc/resv) 18.96/24.42GB | phase(train/val/raw/train_eval) 2.2/0.5/0.0/0.0s | 2.7s
2026-08-26 17:27:37 | Epoch 027/060 | loss 2.8259 | cls 1.6259 | tal -0.1463 | dual_g 1.2438 | dual_d 0.7109 | train_acc 0.9167 | train_full n/a | val_acc 0.5385 | val_f1 0.5421 | adv/moduleC 1.00/1.00 | disc_steps 3 | grad(main/disc) 14.619/1.468 | lr(main/disc) 4.50e-05/1.75e-05 | cuda_peak(alloc/resv) 18.96/24.42GB | phase(train/val/raw/train_eval) 2.4/0.5/0.0/0.0s | 2.9s
2026-08-26 17:27:39 | Epoch 028/060 | loss 2.8035 | cls 1.6015 | tal -0.1001 | dual_g 1.2321 | dual_d 0.7190 | train_acc 0.8667 | train_full n/a | val_acc 0.5385 | val_f1 0.5513 | adv/moduleC 1.00/1.00 | disc_steps 3 | grad(main/disc) 14.086/1.427 | lr(main/disc) 4.50e-05/1.75e-05 | cuda_peak(alloc/resv) 18.96/24.42GB | phase(train/val/raw/train_eval) 2.3/0.5/0.0/0.0s | 2.8s
2026-08-26 17:27:42 | Epoch 029/060 | loss 2.6478 | cls 1.4931 | tal -0.1152 | dual_g 1.1892 | dual_d 0.6995 | train_acc 0.9417 | train_full n/a | val_acc 0.4615 | val_f1 0.4687 | adv/moduleC 1.00/1.00 | disc_steps 3 | grad(main/disc) 10.140/1.422 | lr(main/disc) 4.50e-05/1.75e-05 | cuda_peak(alloc/resv) 18.96/24.42GB | phase(train/val/raw/train_eval) 2.4/0.5/0.0/0.0s | 2.9s
2026-08-26 17:27:46 | Epoch 030/060 | loss 2.7494 | cls 1.6012 | tal -0.1273 | dual_g 1.1863 | dual_d 0.7218 | train_acc 0.9000 | train_full 0.5938 | val_acc 0.4615 | val_f1 0.4687 | adv/moduleC 1.00/1.00 | disc_steps 3 | grad(main/disc) 9.692/1.423 | lr(main/disc) 2.25e-05/8.75e-06 | cuda_peak(alloc/resv) 18.96/24.42GB | phase(train/val/raw/train_eval) 2.4/0.5/0.5/0.7s | 4.1s
2026-08-26 17:27:49 | Epoch 031/060 | loss 2.7037 | cls 1.5093 | tal -0.0667 | dual_g 1.2144 | dual_d 0.7088 | train_acc 0.9542 | train_full n/a | val_acc 0.4615 | val_f1 0.4687 | adv/moduleC 1.00/1.00 | disc_steps 3 | grad(main/disc) 11.026/1.421 | lr(main/disc) 2.25e-05/8.75e-06 | cuda_peak(alloc/resv) 18.96/24.42GB | phase(train/val/raw/train_eval) 2.5/0.5/0.0/0.0s | 3.0s
2026-08-26 17:27:52 | Epoch 032/060 | loss 2.6701 | cls 1.4858 | tal -0.1219 | dual_g 1.2208 | dual_d 0.7094 | train_acc 0.9375 | train_full n/a | val_acc 0.4231 | val_f1 0.4180 | adv/moduleC 1.00/1.00 | disc_steps 3 | grad(main/disc) 10.911/1.458 | lr(main/disc) 2.25e-05/8.75e-06 | cuda_peak(alloc/resv) 18.96/24.42GB | phase(train/val/raw/train_eval) 2.1/0.5/0.0/0.0s | 2.6s
2026-08-26 17:27:55 | Epoch 033/060 | loss 2.6144 | cls 1.4663 | tal -0.0899 | dual_g 1.1750 | dual_d 0.7210 | train_acc 0.9417 | train_full n/a | val_acc 0.5000 | val_f1 0.5240 | adv/moduleC 1.00/1.00 | disc_steps 3 | grad(main/disc) 8.512/1.422 | lr(main/disc) 2.25e-05/8.75e-06 | cuda_peak(alloc/resv) 18.96/24.42GB | phase(train/val/raw/train_eval) 2.7/0.5/0.0/0.0s | 3.1s
2026-08-26 17:27:58 | Epoch 034/060 | loss 2.6591 | cls 1.5130 | tal -0.0837 | dual_g 1.1712 | dual_d 0.6960 | train_acc 0.9125 | train_full n/a | val_acc 0.4615 | val_f1 0.4651 | adv/moduleC 1.00/1.00 | disc_steps 3 | grad(main/disc) 13.737/1.400 | lr(main/disc) 2.25e-05/8.75e-06 | cuda_peak(alloc/resv) 18.96/24.42GB | phase(train/val/raw/train_eval) 2.3/0.5/0.0/0.0s | 2.8s
2026-08-26 17:28:02 | Epoch 035/060 | loss 2.5448 | cls 1.4531 | tal -0.1279 | dual_g 1.1301 | dual_d 0.7403 | train_acc 0.9375 | train_full 0.5312 | val_acc 0.4615 | val_f1 0.4651 | adv/moduleC 1.00/1.00 | disc_steps 3 | grad(main/disc) 10.242/1.445 | lr(main/disc) 2.25e-05/8.75e-06 | cuda_peak(alloc/resv) 18.96/24.42GB | phase(train/val/raw/train_eval) 2.9/0.5/0.5/0.7s | 4.6s
2026-08-26 17:28:05 | Epoch 036/060 | loss 2.6386 | cls 1.5306 | tal -0.1869 | dual_g 1.1641 | dual_d 0.7382 | train_acc 0.9292 | train_full n/a | val_acc 0.4231 | val_f1 0.4180 | adv/moduleC 1.00/1.00 | disc_steps 3 | grad(main/disc) 12.490/1.414 | lr(main/disc) 2.25e-05/8.75e-06 | cuda_peak(alloc/resv) 18.96/24.42GB | phase(train/val/raw/train_eval) 2.3/0.5/0.0/0.0s | 2.8s
2026-08-26 17:28:08 | Epoch 037/060 | loss 2.4806 | cls 1.4002 | tal -0.1576 | dual_g 1.1277 | dual_d 0.7239 | train_acc 0.9375 | train_full n/a | val_acc 0.5769 | val_f1 0.5588 | adv/moduleC 1.00/1.00 | disc_steps 3 | grad(main/disc) 9.933/1.409 | lr(main/disc) 1.13e-05/4.37e-06 | cuda_peak(alloc/resv) 18.96/24.42GB | phase(train/val/raw/train_eval) 2.5/0.5/0.0/0.0s | 3.0s
2026-08-26 17:28:12 | Epoch 038/060 | loss 2.5002 | cls 1.4118 | tal -0.0858 | dual_g 1.1142 | dual_d 0.7123 | train_acc 0.9625 | train_full n/a | val_acc 0.6154 | val_f1 0.6295 | adv/moduleC 1.00/1.00 | disc_steps 3 | grad(main/disc) 11.145/1.435 | lr(main/disc) 1.13e-05/4.37e-06 | cuda_peak(alloc/resv) 18.96/24.42GB | phase(train/val/raw/train_eval) 2.5/0.5/0.5/0.0s | 3.5s
2026-08-26 17:28:16 | New best val_f1_macro_present: 0.6295 at epoch 38
2026-08-26 17:28:19 | Epoch 039/060 | loss 2.5128 | cls 1.4143 | tal -0.1516 | dual_g 1.1439 | dual_d 0.7144 | train_acc 0.9542 | train_full n/a | val_acc 0.5000 | val_f1 0.5106 | adv/moduleC 1.00/1.00 | disc_steps 3 | grad(main/disc) 10.962/1.383 | lr(main/disc) 1.13e-05/4.37e-06 | cuda_peak(alloc/resv) 18.96/24.42GB | phase(train/val/raw/train_eval) 2.7/0.5/0.0/0.0s | 3.2s
2026-08-26 17:28:23 | Epoch 040/060 | loss 2.5041 | cls 1.4362 | tal -0.1017 | dual_g 1.0984 | dual_d 0.7466 | train_acc 0.9458 | train_full 0.6771 | val_acc 0.5385 | val_f1 0.5547 | adv/moduleC 1.00/1.00 | disc_steps 3 | grad(main/disc) 8.882/1.404 | lr(main/disc) 1.13e-05/4.37e-06 | cuda_peak(alloc/resv) 18.96/24.42GB | phase(train/val/raw/train_eval) 2.4/0.5/0.5/0.7s | 4.0s
2026-08-26 17:28:26 | Epoch 041/060 | loss 2.4372 | cls 1.3687 | tal -0.1235 | dual_g 1.1056 | dual_d 0.6996 | train_acc 0.9500 | train_full n/a | val_acc 0.4231 | val_f1 0.4180 | adv/moduleC 1.00/1.00 | disc_steps 3 | grad(main/disc) 9.888/1.382 | lr(main/disc) 1.13e-05/4.37e-06 | cuda_peak(alloc/resv) 18.96/24.42GB | phase(train/val/raw/train_eval) 2.5/0.5/0.0/0.0s | 3.0s
2026-08-26 17:28:29 | Epoch 042/060 | loss 2.4895 | cls 1.4092 | tal -0.1415 | dual_g 1.1228 | dual_d 0.6991 | train_acc 0.9375 | train_full n/a | val_acc 0.5769 | val_f1 0.5904 | adv/moduleC 1.00/1.00 | disc_steps 3 | grad(main/disc) 9.747/1.383 | lr(main/disc) 1.13e-05/4.37e-06 | cuda_peak(alloc/resv) 18.96/24.42GB | phase(train/val/raw/train_eval) 2.3/0.5/0.0/0.0s | 2.8s
2026-08-26 17:28:32 | Epoch 043/060 | loss 2.4258 | cls 1.3522 | tal -0.0851 | dual_g 1.0991 | dual_d 0.7194 | train_acc 0.9500 | train_full n/a | val_acc 0.5769 | val_f1 0.5852 | adv/moduleC 1.00/1.00 | disc_steps 3 | grad(main/disc) 7.327/1.403 | lr(main/disc) 1.13e-05/4.37e-06 | cuda_peak(alloc/resv) 18.96/24.42GB | phase(train/val/raw/train_eval) 2.5/0.5/0.0/0.0s | 3.0s
2026-08-26 17:28:35 | Epoch 044/060 | loss 2.4774 | cls 1.4105 | tal -0.1585 | dual_g 1.1145 | dual_d 0.6974 | train_acc 0.9500 | train_full n/a | val_acc 0.6538 | val_f1 0.6646 | adv/moduleC 1.00/1.00 | disc_steps 3 | grad(main/disc) 10.257/1.344 | lr(main/disc) 1.13e-05/4.37e-06 | cuda_peak(alloc/resv) 18.96/24.42GB | phase(train/val/raw/train_eval) 2.6/0.5/0.5/0.0s | 3.5s
2026-08-26 17:28:39 | New best val_f1_macro_present: 0.6646 at epoch 44
2026-08-26 17:28:43 | Epoch 045/060 | loss 2.4124 | cls 1.3681 | tal -0.1520 | dual_g 1.0899 | dual_d 0.6982 | train_acc 0.9500 | train_full 0.7292 | val_acc 0.5385 | val_f1 0.5513 | adv/moduleC 1.00/1.00 | disc_steps 3 | grad(main/disc) 7.651/1.349 | lr(main/disc) 1.13e-05/4.37e-06 | cuda_peak(alloc/resv) 18.96/24.42GB | phase(train/val/raw/train_eval) 2.7/0.5/0.5/0.7s | 4.3s
2026-08-26 17:28:46 | Epoch 046/060 | loss 2.4050 | cls 1.3486 | tal -0.1172 | dual_g 1.0916 | dual_d 0.7084 | train_acc 0.9583 | train_full n/a | val_acc 0.4615 | val_f1 0.4693 | adv/moduleC 1.00/1.00 | disc_steps 3 | grad(main/disc) 7.730/1.437 | lr(main/disc) 1.13e-05/4.37e-06 | cuda_peak(alloc/resv) 18.96/24.42GB | phase(train/val/raw/train_eval) 2.6/0.5/0.0/0.0s | 3.1s
2026-08-26 17:28:49 | Epoch 047/060 | loss 2.4918 | cls 1.4045 | tal -0.1614 | dual_g 1.1357 | dual_d 0.7137 | train_acc 0.9750 | train_full n/a | val_acc 0.5769 | val_f1 0.5852 | adv/moduleC 1.00/1.00 | disc_steps 3 | grad(main/disc) 11.694/1.378 | lr(main/disc) 1.13e-05/4.37e-06 | cuda_peak(alloc/resv) 18.96/24.42GB | phase(train/val/raw/train_eval) 2.1/0.5/0.0/0.0s | 2.5s
2026-08-26 17:28:52 | Epoch 048/060 | loss 2.4661 | cls 1.4098 | tal -0.1387 | dual_g 1.0980 | dual_d 0.7310 | train_acc 0.9417 | train_full n/a | val_acc 0.6154 | val_f1 0.6148 | adv/moduleC 1.00/1.00 | disc_steps 3 | grad(main/disc) 8.787/1.416 | lr(main/disc) 1.13e-05/4.37e-06 | cuda_peak(alloc/resv) 18.96/24.42GB | phase(train/val/raw/train_eval) 2.3/0.5/0.0/0.0s | 2.8s
2026-08-26 17:28:55 | Epoch 049/060 | loss 2.4634 | cls 1.3948 | tal -0.1410 | dual_g 1.1109 | dual_d 0.7221 | train_acc 0.9875 | train_full n/a | val_acc 0.6538 | val_f1 0.6739 | adv/moduleC 1.00/1.00 | disc_steps 3 | grad(main/disc) 9.183/1.399 | lr(main/disc) 1.13e-05/4.37e-06 | cuda_peak(alloc/resv) 18.96/24.42GB | phase(train/val/raw/train_eval) 2.3/0.5/0.5/0.0s | 3.3s
2026-08-26 17:28:59 | New best val_f1_macro_present: 0.6739 at epoch 49
2026-08-26 17:29:03 | Epoch 050/060 | loss 2.4300 | cls 1.3914 | tal -0.1796 | dual_g 1.0924 | dual_d 0.7213 | train_acc 0.9333 | train_full 0.7292 | val_acc 0.7308 | val_f1 0.7689 | adv/moduleC 1.00/1.00 | disc_steps 3 | grad(main/disc) 8.736/1.444 | lr(main/disc) 1.13e-05/4.37e-06 | cuda_peak(alloc/resv) 18.96/24.42GB | phase(train/val/raw/train_eval) 2.0/0.5/0.5/0.7s | 3.7s
2026-08-26 17:29:06 | New best val_f1_macro_present: 0.7689 at epoch 50
2026-08-26 17:29:09 | Epoch 051/060 | loss 2.5474 | cls 1.4389 | tal -0.0784 | dual_g 1.1321 | dual_d 0.7318 | train_acc 0.9417 | train_full n/a | val_acc 0.5769 | val_f1 0.6069 | adv/moduleC 1.00/1.00 | disc_steps 3 | grad(main/disc) 21.269/1.399 | lr(main/disc) 1.13e-05/4.37e-06 | cuda_peak(alloc/resv) 18.96/24.42GB | phase(train/val/raw/train_eval) 2.5/0.5/0.0/0.0s | 3.0s
2026-08-26 17:29:12 | Epoch 052/060 | loss 2.4138 | cls 1.3597 | tal -0.1242 | dual_g 1.0913 | dual_d 0.7212 | train_acc 0.9583 | train_full n/a | val_acc 0.5385 | val_f1 0.5453 | adv/moduleC 1.00/1.00 | disc_steps 3 | grad(main/disc) 8.064/1.365 | lr(main/disc) 1.13e-05/4.37e-06 | cuda_peak(alloc/resv) 18.96/24.42GB | phase(train/val/raw/train_eval) 2.3/0.5/0.0/0.0s | 2.8s
2026-08-26 17:29:15 | Epoch 053/060 | loss 2.4142 | cls 1.3976 | tal -0.1697 | dual_g 1.0675 | dual_d 0.7456 | train_acc 0.9708 | train_full n/a | val_acc 0.5385 | val_f1 0.5762 | adv/moduleC 1.00/1.00 | disc_steps 3 | grad(main/disc) 7.670/1.412 | lr(main/disc) 1.13e-05/4.37e-06 | cuda_peak(alloc/resv) 18.96/24.42GB | phase(train/val/raw/train_eval) 2.7/0.5/0.0/0.0s | 3.2s
2026-08-26 17:29:18 | Epoch 054/060 | loss 2.4607 | cls 1.4013 | tal -0.1137 | dual_g 1.0935 | dual_d 0.7005 | train_acc 0.9500 | train_full n/a | val_acc 0.6538 | val_f1 0.6870 | adv/moduleC 1.00/1.00 | disc_steps 3 | grad(main/disc) 13.068/1.333 | lr(main/disc) 1.13e-05/4.37e-06 | cuda_peak(alloc/resv) 18.96/24.42GB | phase(train/val/raw/train_eval) 2.4/0.5/0.0/0.0s | 2.9s
2026-08-26 17:29:22 | Epoch 055/060 | loss 2.4826 | cls 1.4351 | tal -0.0864 | dual_g 1.0734 | dual_d 0.7426 | train_acc 0.9458 | train_full 0.8438 | val_acc 0.8077 | val_f1 0.8618 | adv/moduleC 1.00/1.00 | disc_steps 3 | grad(main/disc) 10.962/1.453 | lr(main/disc) 1.13e-05/4.37e-06 | cuda_peak(alloc/resv) 18.96/24.42GB | phase(train/val/raw/train_eval) 2.4/0.5/0.5/0.7s | 4.0s
2026-08-26 17:29:26 | New best val_f1_macro_present: 0.8618 at epoch 55
2026-08-26 17:29:29 | Epoch 056/060 | loss 2.3652 | cls 1.3474 | tal -0.1839 | dual_g 1.0730 | dual_d 0.7391 | train_acc 0.9542 | train_full n/a | val_acc 0.6923 | val_f1 0.7163 | adv/moduleC 1.00/1.00 | disc_steps 3 | grad(main/disc) 8.386/1.413 | lr(main/disc) 1.13e-05/4.37e-06 | cuda_peak(alloc/resv) 18.96/24.42GB | phase(train/val/raw/train_eval) 2.3/0.5/0.0/0.0s | 2.8s
2026-08-26 17:29:32 | Epoch 057/060 | loss 2.3821 | cls 1.3570 | tal -0.1211 | dual_g 1.0614 | dual_d 0.7417 | train_acc 0.9708 | train_full n/a | val_acc 0.6538 | val_f1 0.6423 | adv/moduleC 1.00/1.00 | disc_steps 3 | grad(main/disc) 13.106/1.415 | lr(main/disc) 1.13e-05/4.37e-06 | cuda_peak(alloc/resv) 18.96/24.42GB | phase(train/val/raw/train_eval) 2.6/0.5/0.0/0.0s | 3.1s
2026-08-26 17:29:35 | Epoch 058/060 | loss 2.3593 | cls 1.3255 | tal -0.1048 | dual_g 1.0653 | dual_d 0.7242 | train_acc 0.9667 | train_full n/a | val_acc 0.5385 | val_f1 0.5564 | adv/moduleC 1.00/1.00 | disc_steps 3 | grad(main/disc) 8.683/1.360 | lr(main/disc) 1.13e-05/4.37e-06 | cuda_peak(alloc/resv) 18.96/24.42GB | phase(train/val/raw/train_eval) 2.3/0.5/0.0/0.0s | 2.8s
2026-08-26 17:29:38 | Epoch 059/060 | loss 2.3431 | cls 1.3268 | tal -0.1850 | dual_g 1.0719 | dual_d 0.7198 | train_acc 0.9750 | train_full n/a | val_acc 0.5385 | val_f1 0.5453 | adv/moduleC 1.00/1.00 | disc_steps 3 | grad(main/disc) 7.597/1.342 | lr(main/disc) 1.13e-05/4.37e-06 | cuda_peak(alloc/resv) 18.96/24.42GB | phase(train/val/raw/train_eval) 2.7/0.5/0.0/0.0s | 3.2s
2026-08-26 17:29:42 | Epoch 060/060 | loss 2.3514 | cls 1.3384 | tal -0.1442 | dual_g 1.0562 | dual_d 0.7441 | train_acc 0.9708 | train_full 0.8229 | val_acc 0.6154 | val_f1 0.6222 | adv/moduleC 1.00/1.00 | disc_steps 3 | grad(main/disc) 8.167/1.404 | lr(main/disc) 1.13e-05/4.37e-06 | cuda_peak(alloc/resv) 18.96/24.42GB | phase(train/val/raw/train_eval) 2.3/0.5/0.5/0.7s | 3.9s
2026-08-26 17:29:42 | Training complete. Best validation accuracy: 0.8077 | best val_f1_macro_present: 0.8618
