2026-08-30 14:55:54 | Starting Dual_D standalone training
2026-08-30 14:55:54 | Run directory: runs/module_c_v10_full_gate/module_c_20260830_144405/module_c_full_逆光_20260830_144406
2026-08-30 14:55:54 | Device: cuda
2026-08-30 14:55:54 | Source train samples: 992
2026-08-30 14:55:54 | Target train samples: 132
2026-08-30 14:55:54 | Target val samples: 37
2026-08-30 14:55:54 | Classes: 14
2026-08-30 14:55:54 | Data audit: same_dir=False | path_overlap(vis/ir/ais)=0/0/0 | content_overlap(vis/ir/ais)=0/0/0 | ais_index_overlap=0 | stem_mismatch(vis-ir/vis-ais)=157/0
2026-08-30 14:55:54 | source_train classes: present 14/14 | absent 0 | counts [0:120, 1:44, 2:69, 3:45, 4:40, 5:30, 6:64, 7:80, 8:116, 9:68, 10:57, 11:83, 12:48, 13:128]
2026-08-30 14:55:54 | target_train classes: present 9/14 | absent 5 | counts [0:20, 2:12, 4:12, 5:2, 9:16, 10:16, 11:29, 12:4, 13:21]
2026-08-30 14:55:54 | target_val classes: present 9/14 | absent 5 | counts [0:6, 2:3, 4:4, 5:1, 9:4, 10:4, 11:8, 12:1, 13:6]
2026-08-30 14:55:54 | Paired training classes: 9/14 | class ids [0, 2, 4, 5, 9, 10, 11, 12, 13]
2026-08-30 14:55:54 | Runtime profile: batch=16 | paired_steps=9 | workers=16 | train_eval_every=5 | raw_eval_every=5 | stability_window=3 | lr_scheduler_start=24 | early_stop=12 after min_epoch=35
2026-08-30 14:55:54 | Augmentation profile: base=0.650 | visible=0.700 | infrared=0.400 | freeze_frozen_batch_norm_stats=True
2026-08-30 14:55:54 | VIS/IR pairing: class-level-unpaired | count-mismatch classes train/val: 10/1 | AIS alignment: none | AIS rows train/val: 0/0
2026-08-30 14:55:55 | Effective Dual-D loss weights: {"adv_auxiliary": 0.025, "adv_primary": 0.025, "classification": 0.15, "contrastive": 0.02, "cycle": 0.12, "identity": 0.03, "prototype_contrastive": 0.06}
2026-08-30 14:55:55 | Model parameters: total=17277714 | trainable=17120210
2026-08-30 14:55:58 | Epoch 001/060 | loss 5.6233 | cls 5.6282 | tal -0.0163 | dual_g 0.0000 | dual_d 0.0000 | train_acc 0.0556 | train_full 0.1742 | val_acc 0.2162 | val_f1 0.1176 | adv/moduleC 0.00/0.00 | disc_steps 0 | grad(main/disc) 31.954/0.000 | lr(main/disc) 7.00e-05/2.75e-05 | cuda_peak(alloc/resv) 4.09/5.12GB | phase(train/val/raw/train_eval) 1.4/0.4/0.4/0.5s | 2.6s
2026-08-30 14:56:00 | Epoch 002/060 | loss 4.6586 | cls 4.5935 | tal 0.2168 | dual_g 0.0000 | dual_d 0.0000 | train_acc 0.2708 | train_full n/a | val_acc 0.1892 | val_f1 0.1289 | adv/moduleC 0.00/0.00 | disc_steps 0 | grad(main/disc) 26.876/0.000 | lr(main/disc) 7.00e-05/2.75e-05 | cuda_peak(alloc/resv) 4.09/5.12GB | phase(train/val/raw/train_eval) 1.2/0.4/0.0/0.0s | 1.6s
2026-08-30 14:56:02 | Epoch 003/060 | loss 4.2910 | cls 4.2414 | tal 0.1653 | dual_g 0.0000 | dual_d 0.0000 | train_acc 0.2708 | train_full n/a | val_acc 0.4054 | val_f1 0.4345 | adv/moduleC 0.00/0.00 | disc_steps 0 | grad(main/disc) 24.863/0.000 | lr(main/disc) 7.00e-05/2.75e-05 | cuda_peak(alloc/resv) 4.09/5.12GB | phase(train/val/raw/train_eval) 1.1/0.4/0.4/0.0s | 1.9s
2026-08-30 14:56:04 | New best val_f1_macro_present: raw=0.4345 stable_score=0.1176 at epoch 3
2026-08-30 14:56:05 | Epoch 004/060 | loss 3.9887 | cls 3.9148 | tal 0.2462 | dual_g 0.0000 | dual_d 0.0000 | train_acc 0.3472 | train_full n/a | val_acc 0.6486 | val_f1 0.6550 | adv/moduleC 0.00/0.00 | disc_steps 0 | grad(main/disc) 23.468/0.000 | lr(main/disc) 7.00e-05/2.75e-05 | cuda_peak(alloc/resv) 4.09/5.12GB | phase(train/val/raw/train_eval) 1.0/0.4/0.4/0.0s | 1.8s
2026-08-30 14:56:08 | New best val_f1_macro_present: raw=0.6550 stable_score=0.1289 at epoch 4
2026-08-30 14:56:10 | Epoch 005/060 | loss 3.6423 | cls 3.4801 | tal 0.2638 | dual_g 0.0830 | dual_d 0.0000 | train_acc 0.4236 | train_full 0.7424 | val_acc 0.8108 | val_f1 0.8190 | adv/moduleC 0.00/0.10 | disc_steps 0 | grad(main/disc) 21.842/0.000 | lr(main/disc) 7.00e-05/2.75e-05 | cuda_peak(alloc/resv) 4.09/5.12GB | phase(train/val/raw/train_eval) 1.0/0.4/0.4/0.4s | 2.2s
2026-08-30 14:56:12 | New best val_f1_macro_present: raw=0.8190 stable_score=0.4345 at epoch 5
2026-08-30 14:56:14 | Epoch 006/060 | loss 3.4301 | cls 3.2475 | tal 0.0753 | dual_g 0.1600 | dual_d 0.0000 | train_acc 0.4653 | train_full n/a | val_acc 0.8378 | val_f1 0.8388 | adv/moduleC 0.00/0.20 | disc_steps 0 | grad(main/disc) 21.833/0.000 | lr(main/disc) 7.00e-05/2.75e-05 | cuda_peak(alloc/resv) 4.09/5.12GB | phase(train/val/raw/train_eval) 1.1/0.4/0.4/0.0s | 1.9s
2026-08-30 14:56:16 | New best val_f1_macro_present: raw=0.8388 stable_score=0.6550 at epoch 6
2026-08-30 14:56:18 | Epoch 007/060 | loss 3.4771 | cls 3.2291 | tal 0.0575 | dual_g 0.2307 | dual_d 0.8964 | train_acc 0.5625 | train_full n/a | val_acc 0.8378 | val_f1 0.8386 | adv/moduleC 0.07/0.30 | disc_steps 4 | grad(main/disc) 21.614/2.337 | lr(main/disc) 7.00e-05/2.75e-05 | cuda_peak(alloc/resv) 4.09/5.12GB | phase(train/val/raw/train_eval) 1.2/0.4/0.4/0.0s | 1.9s
2026-08-30 14:56:20 | New best val_f1_macro_present: raw=0.8386 stable_score=0.8190 at epoch 7
2026-08-30 14:56:22 | Epoch 008/060 | loss 3.3284 | cls 2.9845 | tal 0.1918 | dual_g 0.2863 | dual_d 0.7825 | train_acc 0.6111 | train_full n/a | val_acc 0.8378 | val_f1 0.8262 | adv/moduleC 0.14/0.40 | disc_steps 4 | grad(main/disc) 20.599/2.074 | lr(main/disc) 7.00e-05/2.75e-05 | cuda_peak(alloc/resv) 4.09/5.12GB | phase(train/val/raw/train_eval) 1.1/0.4/0.4/0.0s | 1.9s
2026-08-30 14:56:24 | New best val_f1_macro_present: raw=0.8262 stable_score=0.8262 at epoch 8
2026-08-30 14:56:26 | Epoch 009/060 | loss 3.2354 | cls 2.8388 | tal 0.1290 | dual_g 0.3579 | dual_d 0.8145 | train_acc 0.6042 | train_full n/a | val_acc 0.8378 | val_f1 0.8302 | adv/moduleC 0.21/0.50 | disc_steps 4 | grad(main/disc) 20.453/2.140 | lr(main/disc) 7.00e-05/2.75e-05 | cuda_peak(alloc/resv) 4.09/5.12GB | phase(train/val/raw/train_eval) 1.0/0.4/0.0/0.0s | 1.4s
2026-08-30 14:56:28 | Epoch 010/060 | loss 3.3987 | cls 2.9179 | tal 0.1763 | dual_g 0.4279 | dual_d 0.7453 | train_acc 0.5208 | train_full 0.9015 | val_acc 0.9189 | val_f1 0.9068 | adv/moduleC 0.29/0.60 | disc_steps 4 | grad(main/disc) 22.163/2.053 | lr(main/disc) 7.00e-05/2.75e-05 | cuda_peak(alloc/resv) 4.09/5.12GB | phase(train/val/raw/train_eval) 1.0/0.4/0.4/0.4s | 2.2s
2026-08-30 14:56:30 | Epoch 011/060 | loss 3.0935 | cls 2.5628 | tal 0.2280 | dual_g 0.4624 | dual_d 0.8385 | train_acc 0.7500 | train_full n/a | val_acc 0.8919 | val_f1 0.9111 | adv/moduleC 0.36/0.70 | disc_steps 4 | grad(main/disc) 19.778/2.203 | lr(main/disc) 7.00e-05/2.75e-05 | cuda_peak(alloc/resv) 4.09/5.12GB | phase(train/val/raw/train_eval) 1.2/0.4/0.4/0.0s | 2.0s
2026-08-30 14:56:32 | New best val_f1_macro_present: raw=0.9111 stable_score=0.8302 at epoch 11
2026-08-30 14:56:34 | Epoch 012/060 | loss 3.1148 | cls 2.5108 | tal 0.2625 | dual_g 0.5252 | dual_d 0.8289 | train_acc 0.7014 | train_full n/a | val_acc 0.9459 | val_f1 0.9551 | adv/moduleC 0.43/0.80 | disc_steps 4 | grad(main/disc) 19.747/2.156 | lr(main/disc) 7.00e-05/2.75e-05 | cuda_peak(alloc/resv) 4.09/5.12GB | phase(train/val/raw/train_eval) 1.1/0.4/0.4/0.0s | 1.9s
2026-08-30 14:56:36 | New best val_f1_macro_present: raw=0.9551 stable_score=0.9068 at epoch 12
2026-08-30 14:56:38 | Epoch 013/060 | loss 2.9375 | cls 2.3331 | tal 0.1936 | dual_g 0.5463 | dual_d 0.8379 | train_acc 0.6667 | train_full n/a | val_acc 0.9189 | val_f1 0.9047 | adv/moduleC 0.50/0.90 | disc_steps 4 | grad(main/disc) 18.990/2.138 | lr(main/disc) 7.00e-05/2.75e-05 | cuda_peak(alloc/resv) 4.09/5.12GB | phase(train/val/raw/train_eval) 1.3/0.4/0.0/0.0s | 1.7s
2026-08-30 14:56:39 | Epoch 014/060 | loss 3.0196 | cls 2.3901 | tal 0.1509 | dual_g 0.5842 | dual_d 0.7895 | train_acc 0.6806 | train_full n/a | val_acc 0.9189 | val_f1 0.9218 | adv/moduleC 0.57/1.00 | disc_steps 4 | grad(main/disc) 19.150/2.143 | lr(main/disc) 7.00e-05/2.75e-05 | cuda_peak(alloc/resv) 4.09/5.12GB | phase(train/val/raw/train_eval) 1.3/0.4/0.0/0.0s | 1.7s
2026-08-30 14:56:42 | Epoch 015/060 | loss 2.8340 | cls 2.1874 | tal 0.0439 | dual_g 0.6334 | dual_d 0.8283 | train_acc 0.7708 | train_full 0.9621 | val_acc 0.9189 | val_f1 0.9022 | adv/moduleC 0.64/1.00 | disc_steps 4 | grad(main/disc) 19.247/2.157 | lr(main/disc) 7.00e-05/2.75e-05 | cuda_peak(alloc/resv) 4.09/5.12GB | phase(train/val/raw/train_eval) 1.1/0.4/0.4/0.4s | 2.3s
2026-08-30 14:56:43 | Epoch 016/060 | loss 2.7823 | cls 2.1609 | tal 0.1208 | dual_g 0.5851 | dual_d 0.7667 | train_acc 0.7917 | train_full n/a | val_acc 0.9459 | val_f1 0.9578 | adv/moduleC 0.71/1.00 | disc_steps 4 | grad(main/disc) 18.548/1.924 | lr(main/disc) 7.00e-05/2.75e-05 | cuda_peak(alloc/resv) 4.09/5.12GB | phase(train/val/raw/train_eval) 1.0/0.4/0.0/0.0s | 1.3s
2026-08-30 14:56:45 | Epoch 017/060 | loss 2.6150 | cls 1.9985 | tal 0.1283 | dual_g 0.5779 | dual_d 0.7866 | train_acc 0.8264 | train_full n/a | val_acc 0.9189 | val_f1 0.9087 | adv/moduleC 0.79/1.00 | disc_steps 4 | grad(main/disc) 17.270/2.012 | lr(main/disc) 7.00e-05/2.75e-05 | cuda_peak(alloc/resv) 4.09/5.12GB | phase(train/val/raw/train_eval) 1.3/0.4/0.0/0.0s | 1.7s
2026-08-30 14:56:47 | Epoch 018/060 | loss 2.6741 | cls 2.0616 | tal 0.1393 | dual_g 0.5707 | dual_d 0.7635 | train_acc 0.7153 | train_full n/a | val_acc 0.9459 | val_f1 0.9533 | adv/moduleC 0.86/1.00 | disc_steps 4 | grad(main/disc) 18.125/2.026 | lr(main/disc) 7.00e-05/2.75e-05 | cuda_peak(alloc/resv) 4.09/5.12GB | phase(train/val/raw/train_eval) 1.3/0.4/0.4/0.0s | 2.1s
2026-08-30 14:56:49 | New best val_f1_macro_present: raw=0.9533 stable_score=0.9087 at epoch 18
2026-08-30 14:56:50 | Epoch 019/060 | loss 2.5057 | cls 1.9250 | tal 0.0222 | dual_g 0.5740 | dual_d 0.7113 | train_acc 0.8056 | train_full n/a | val_acc 0.9730 | val_f1 0.9471 | adv/moduleC 0.93/1.00 | disc_steps 4 | grad(main/disc) 17.674/1.875 | lr(main/disc) 7.00e-05/2.75e-05 | cuda_peak(alloc/resv) 4.09/5.12GB | phase(train/val/raw/train_eval) 1.1/0.4/0.0/0.0s | 1.5s
2026-08-30 14:56:53 | Epoch 020/060 | loss 2.6623 | cls 2.0860 | tal -0.0097 | dual_g 0.5792 | dual_d 0.7468 | train_acc 0.7569 | train_full 0.9848 | val_acc 0.9189 | val_f1 0.9261 | adv/moduleC 1.00/1.00 | disc_steps 4 | grad(main/disc) 19.546/1.919 | lr(main/disc) 7.00e-05/2.75e-05 | cuda_peak(alloc/resv) 4.09/5.12GB | phase(train/val/raw/train_eval) 1.1/0.4/0.4/0.4s | 2.3s
2026-08-30 14:56:55 | New best val_f1_macro_present: raw=0.9261 stable_score=0.9261 at epoch 20
2026-08-30 14:56:56 | Epoch 021/060 | loss 2.3836 | cls 1.8645 | tal -0.0353 | dual_g 0.5296 | dual_d 0.7677 | train_acc 0.8056 | train_full n/a | val_acc 0.9459 | val_f1 0.9551 | adv/moduleC 1.00/1.00 | disc_steps 4 | grad(main/disc) 16.858/1.895 | lr(main/disc) 7.00e-05/2.75e-05 | cuda_peak(alloc/resv) 4.09/5.12GB | phase(train/val/raw/train_eval) 1.1/0.4/0.0/0.0s | 1.4s
2026-08-30 14:56:58 | Epoch 022/060 | loss 2.4734 | cls 1.9590 | tal -0.0684 | dual_g 0.5349 | dual_d 0.8360 | train_acc 0.8472 | train_full n/a | val_acc 0.9730 | val_f1 0.9776 | adv/moduleC 1.00/1.00 | disc_steps 4 | grad(main/disc) 17.594/1.967 | lr(main/disc) 7.00e-05/2.75e-05 | cuda_peak(alloc/resv) 4.09/5.12GB | phase(train/val/raw/train_eval) 1.2/0.4/0.0/0.0s | 1.6s
2026-08-30 14:56:59 | Epoch 023/060 | loss 2.2486 | cls 1.7524 | tal -0.0485 | dual_g 0.5107 | dual_d 0.7671 | train_acc 0.8750 | train_full n/a | val_acc 0.9459 | val_f1 0.9246 | adv/moduleC 1.00/1.00 | disc_steps 4 | grad(main/disc) 15.752/1.917 | lr(main/disc) 7.00e-05/2.75e-05 | cuda_peak(alloc/resv) 4.09/5.12GB | phase(train/val/raw/train_eval) 1.2/0.4/0.0/0.0s | 1.6s
2026-08-30 14:57:01 | Epoch 024/060 | loss 2.3271 | cls 1.8132 | tal -0.0316 | dual_g 0.5234 | dual_d 0.8267 | train_acc 0.8472 | train_full n/a | val_acc 0.9730 | val_f1 0.9840 | adv/moduleC 1.00/1.00 | disc_steps 4 | grad(main/disc) 15.952/1.866 | lr(main/disc) 7.00e-05/2.75e-05 | cuda_peak(alloc/resv) 4.09/5.12GB | phase(train/val/raw/train_eval) 1.0/0.4/0.0/0.0s | 1.4s
2026-08-30 14:57:03 | Epoch 025/060 | loss 2.3480 | cls 1.8370 | tal 0.0018 | dual_g 0.5104 | dual_d 0.7426 | train_acc 0.8681 | train_full 0.9924 | val_acc 1.0000 | val_f1 1.0000 | adv/moduleC 1.00/1.00 | disc_steps 4 | grad(main/disc) 17.637/1.801 | lr(main/disc) 7.00e-05/2.75e-05 | cuda_peak(alloc/resv) 4.09/5.12GB | phase(train/val/raw/train_eval) 1.1/0.4/0.4/0.4s | 2.3s
2026-08-30 14:57:05 | Epoch 026/060 | loss 2.1623 | cls 1.6999 | tal -0.0385 | dual_g 0.4740 | dual_d 0.8018 | train_acc 0.8819 | train_full n/a | val_acc 0.9730 | val_f1 0.9776 | adv/moduleC 1.00/1.00 | disc_steps 4 | grad(main/disc) 15.289/1.866 | lr(main/disc) 7.00e-05/2.75e-05 | cuda_peak(alloc/resv) 4.09/5.12GB | phase(train/val/raw/train_eval) 1.0/0.4/0.4/0.0s | 1.8s
2026-08-30 14:57:07 | New best val_f1_macro_present: raw=0.9776 stable_score=0.9776 at epoch 26
2026-08-30 14:57:08 | Epoch 027/060 | loss 2.2437 | cls 1.7507 | tal -0.0204 | dual_g 0.4991 | dual_d 0.8105 | train_acc 0.9167 | train_full n/a | val_acc 0.9459 | val_f1 0.9578 | adv/moduleC 1.00/1.00 | disc_steps 4 | grad(main/disc) 16.966/1.939 | lr(main/disc) 7.00e-05/2.75e-05 | cuda_peak(alloc/resv) 4.09/5.12GB | phase(train/val/raw/train_eval) 0.9/0.4/0.0/0.0s | 1.3s
2026-08-30 14:57:10 | Epoch 028/060 | loss 2.2054 | cls 1.7213 | tal -0.0200 | dual_g 0.4901 | dual_d 0.8813 | train_acc 0.8403 | train_full n/a | val_acc 0.9730 | val_f1 0.9802 | adv/moduleC 1.00/1.00 | disc_steps 4 | grad(main/disc) 15.784/1.987 | lr(main/disc) 7.00e-05/2.75e-05 | cuda_peak(alloc/resv) 4.09/5.12GB | phase(train/val/raw/train_eval) 1.2/0.4/0.0/0.0s | 1.6s
2026-08-30 14:57:11 | Epoch 029/060 | loss 2.0099 | cls 1.5499 | tal -0.0050 | dual_g 0.4615 | dual_d 0.7448 | train_acc 0.9167 | train_full n/a | val_acc 0.9730 | val_f1 0.9802 | adv/moduleC 1.00/1.00 | disc_steps 4 | grad(main/disc) 13.336/1.854 | lr(main/disc) 7.00e-05/2.75e-05 | cuda_peak(alloc/resv) 4.09/5.12GB | phase(train/val/raw/train_eval) 1.1/0.4/0.0/0.0s | 1.5s
2026-08-30 14:57:13 | Epoch 030/060 | loss 2.0875 | cls 1.6295 | tal 0.0258 | dual_g 0.4502 | dual_d 0.8090 | train_acc 0.9444 | train_full 1.0000 | val_acc 1.0000 | val_f1 1.0000 | adv/moduleC 1.00/1.00 | disc_steps 4 | grad(main/disc) 15.990/1.884 | lr(main/disc) 7.00e-05/2.75e-05 | cuda_peak(alloc/resv) 4.09/5.12GB | phase(train/val/raw/train_eval) 1.1/0.4/0.4/0.4s | 2.3s
2026-08-30 14:57:16 | New best val_f1_macro_present: raw=1.0000 stable_score=0.9802 at epoch 30
2026-08-30 14:57:17 | Epoch 031/060 | loss 1.9360 | cls 1.4678 | tal 0.0620 | dual_g 0.4495 | dual_d 0.8684 | train_acc 0.9514 | train_full n/a | val_acc 0.9730 | val_f1 0.9776 | adv/moduleC 1.00/1.00 | disc_steps 4 | grad(main/disc) 13.076/1.922 | lr(main/disc) 7.00e-05/2.75e-05 | cuda_peak(alloc/resv) 4.09/5.12GB | phase(train/val/raw/train_eval) 1.3/0.4/0.0/0.0s | 1.7s
2026-08-30 14:57:19 | Epoch 032/060 | loss 2.0353 | cls 1.5938 | tal 0.0043 | dual_g 0.4402 | dual_d 0.8986 | train_acc 0.9306 | train_full n/a | val_acc 0.9730 | val_f1 0.9471 | adv/moduleC 1.00/1.00 | disc_steps 4 | grad(main/disc) 14.488/1.960 | lr(main/disc) 7.00e-05/2.75e-05 | cuda_peak(alloc/resv) 4.09/5.12GB | phase(train/val/raw/train_eval) 1.1/0.4/0.0/0.0s | 1.4s
2026-08-30 14:57:20 | Epoch 033/060 | loss 1.8944 | cls 1.4817 | tal -0.0741 | dual_g 0.4349 | dual_d 0.9251 | train_acc 0.9028 | train_full n/a | val_acc 1.0000 | val_f1 1.0000 | adv/moduleC 1.00/1.00 | disc_steps 4 | grad(main/disc) 11.975/2.044 | lr(main/disc) 7.00e-05/2.75e-05 | cuda_peak(alloc/resv) 4.09/5.12GB | phase(train/val/raw/train_eval) 1.1/0.4/0.0/0.0s | 1.5s
2026-08-30 14:57:22 | Epoch 034/060 | loss 1.9976 | cls 1.5643 | tal -0.0443 | dual_g 0.4466 | dual_d 0.8230 | train_acc 0.9583 | train_full n/a | val_acc 1.0000 | val_f1 1.0000 | adv/moduleC 1.00/1.00 | disc_steps 4 | grad(main/disc) 14.551/1.896 | lr(main/disc) 3.50e-05/1.38e-05 | cuda_peak(alloc/resv) 4.09/5.12GB | phase(train/val/raw/train_eval) 1.3/0.4/0.0/0.0s | 1.7s
2026-08-30 14:57:24 | Epoch 035/060 | loss 1.9579 | cls 1.5298 | tal -0.0209 | dual_g 0.4343 | dual_d 0.8169 | train_acc 0.9444 | train_full 1.0000 | val_acc 1.0000 | val_f1 1.0000 | adv/moduleC 1.00/1.00 | disc_steps 4 | grad(main/disc) 14.223/1.863 | lr(main/disc) 3.50e-05/1.38e-05 | cuda_peak(alloc/resv) 4.09/5.12GB | phase(train/val/raw/train_eval) 1.2/0.4/0.4/0.4s | 2.4s
2026-08-30 14:57:27 | New best val_f1_macro_present: raw=1.0000 stable_score=1.0000 at epoch 35
2026-08-30 14:57:28 | Epoch 036/060 | loss 2.0199 | cls 1.5987 | tal -0.0295 | dual_g 0.4300 | dual_d 0.9617 | train_acc 0.9375 | train_full n/a | val_acc 1.0000 | val_f1 1.0000 | adv/moduleC 1.00/1.00 | disc_steps 4 | grad(main/disc) 14.493/2.048 | lr(main/disc) 3.50e-05/1.38e-05 | cuda_peak(alloc/resv) 4.09/5.12GB | phase(train/val/raw/train_eval) 1.2/0.4/0.0/0.0s | 1.6s
2026-08-30 14:57:30 | Epoch 037/060 | loss 1.8902 | cls 1.4499 | tal 0.0583 | dual_g 0.4228 | dual_d 0.9345 | train_acc 0.9375 | train_full n/a | val_acc 1.0000 | val_f1 1.0000 | adv/moduleC 1.00/1.00 | disc_steps 4 | grad(main/disc) 12.888/2.000 | lr(main/disc) 3.50e-05/1.38e-05 | cuda_peak(alloc/resv) 4.09/5.12GB | phase(train/val/raw/train_eval) 1.1/0.4/0.0/0.0s | 1.5s
2026-08-30 14:57:31 | Epoch 038/060 | loss 1.9068 | cls 1.4888 | tal 0.0288 | dual_g 0.4093 | dual_d 0.9197 | train_acc 0.9444 | train_full n/a | val_acc 1.0000 | val_f1 1.0000 | adv/moduleC 1.00/1.00 | disc_steps 4 | grad(main/disc) 12.640/2.027 | lr(main/disc) 3.50e-05/1.38e-05 | cuda_peak(alloc/resv) 4.09/5.12GB | phase(train/val/raw/train_eval) 1.3/0.4/0.0/0.0s | 1.7s
2026-08-30 14:57:33 | Epoch 039/060 | loss 1.9291 | cls 1.5235 | tal -0.0386 | dual_g 0.4172 | dual_d 0.9262 | train_acc 0.9306 | train_full n/a | val_acc 1.0000 | val_f1 1.0000 | adv/moduleC 1.00/1.00 | disc_steps 4 | grad(main/disc) 13.356/2.006 | lr(main/disc) 3.50e-05/1.38e-05 | cuda_peak(alloc/resv) 4.09/5.12GB | phase(train/val/raw/train_eval) 1.2/0.4/0.0/0.0s | 1.6s
2026-08-30 14:57:35 | Epoch 040/060 | loss 1.8123 | cls 1.4141 | tal -0.0466 | dual_g 0.4122 | dual_d 0.8644 | train_acc 0.9236 | train_full 1.0000 | val_acc 1.0000 | val_f1 1.0000 | adv/moduleC 1.00/1.00 | disc_steps 4 | grad(main/disc) 10.623/1.927 | lr(main/disc) 3.50e-05/1.38e-05 | cuda_peak(alloc/resv) 4.09/5.12GB | phase(train/val/raw/train_eval) 1.1/0.4/0.4/0.4s | 2.3s
2026-08-30 14:57:37 | Epoch 041/060 | loss 1.8027 | cls 1.3969 | tal -0.0306 | dual_g 0.4150 | dual_d 0.8932 | train_acc 0.9792 | train_full n/a | val_acc 1.0000 | val_f1 1.0000 | adv/moduleC 1.00/1.00 | disc_steps 4 | grad(main/disc) 11.319/1.971 | lr(main/disc) 3.50e-05/1.38e-05 | cuda_peak(alloc/resv) 4.09/5.12GB | phase(train/val/raw/train_eval) 1.1/0.4/0.0/0.0s | 1.5s
2026-08-30 14:57:38 | Epoch 042/060 | loss 1.8075 | cls 1.4059 | tal -0.0146 | dual_g 0.4060 | dual_d 0.8995 | train_acc 0.9375 | train_full n/a | val_acc 1.0000 | val_f1 1.0000 | adv/moduleC 1.00/1.00 | disc_steps 4 | grad(main/disc) 11.355/1.979 | lr(main/disc) 3.50e-05/1.38e-05 | cuda_peak(alloc/resv) 4.09/5.12GB | phase(train/val/raw/train_eval) 1.1/0.4/0.0/0.0s | 1.5s
2026-08-30 14:57:40 | Epoch 043/060 | loss 1.8593 | cls 1.4355 | tal 0.0773 | dual_g 0.4006 | dual_d 0.9475 | train_acc 0.9514 | train_full n/a | val_acc 1.0000 | val_f1 1.0000 | adv/moduleC 1.00/1.00 | disc_steps 4 | grad(main/disc) 11.403/1.971 | lr(main/disc) 1.75e-05/6.88e-06 | cuda_peak(alloc/resv) 4.09/5.12GB | phase(train/val/raw/train_eval) 1.3/0.4/0.0/0.0s | 1.6s
2026-08-30 14:57:41 | Epoch 044/060 | loss 1.8158 | cls 1.4367 | tal -0.0512 | dual_g 0.3944 | dual_d 1.0166 | train_acc 0.9514 | train_full n/a | val_acc 1.0000 | val_f1 1.0000 | adv/moduleC 1.00/1.00 | disc_steps 4 | grad(main/disc) 12.205/2.057 | lr(main/disc) 1.75e-05/6.88e-06 | cuda_peak(alloc/resv) 4.09/5.12GB | phase(train/val/raw/train_eval) 0.9/0.4/0.0/0.0s | 1.3s
2026-08-30 14:57:43 | Epoch 045/060 | loss 1.6964 | cls 1.3073 | tal 0.0038 | dual_g 0.3879 | dual_d 0.9186 | train_acc 0.9861 | train_full 1.0000 | val_acc 1.0000 | val_f1 1.0000 | adv/moduleC 1.00/1.00 | disc_steps 4 | grad(main/disc) 9.303/1.916 | lr(main/disc) 1.75e-05/6.88e-06 | cuda_peak(alloc/resv) 4.09/5.12GB | phase(train/val/raw/train_eval) 1.2/0.4/0.4/0.4s | 2.4s
2026-08-30 14:57:45 | Epoch 046/060 | loss 1.6963 | cls 1.3287 | tal -0.0559 | dual_g 0.3845 | dual_d 0.9726 | train_acc 0.9792 | train_full n/a | val_acc 1.0000 | val_f1 1.0000 | adv/moduleC 1.00/1.00 | disc_steps 4 | grad(main/disc) 9.332/1.985 | lr(main/disc) 1.75e-05/6.88e-06 | cuda_peak(alloc/resv) 4.09/5.12GB | phase(train/val/raw/train_eval) 1.3/0.4/0.0/0.0s | 1.7s
2026-08-30 14:57:47 | Epoch 047/060 | loss 1.7027 | cls 1.3162 | tal -0.0056 | dual_g 0.3881 | dual_d 0.9797 | train_acc 0.9792 | train_full n/a | val_acc 1.0000 | val_f1 1.0000 | adv/moduleC 1.00/1.00 | disc_steps 4 | grad(main/disc) 8.942/1.989 | lr(main/disc) 1.75e-05/6.88e-06 | cuda_peak(alloc/resv) 4.09/5.12GB | phase(train/val/raw/train_eval) 1.1/0.4/0.0/0.0s | 1.5s
2026-08-30 14:57:47 | Early stopping at epoch 47 after 12 epochs without val_f1_macro_present improvement.
2026-08-30 14:57:47 | Training complete. Peak validation accuracy: 1.0000 | selected val_f1_macro_present: 1.0000
