2026-08-30 14:57:47 | Starting Dual_D standalone training
2026-08-30 14:57:47 | Run directory: runs/module_c_v10_full_gate/module_c_20260830_144405/module_c_full_逆光_20260830_144406
2026-08-30 14:57:47 | Device: cuda
2026-08-30 14:57:47 | Source train samples: 992
2026-08-30 14:57:47 | Target train samples: 132
2026-08-30 14:57:47 | Target val samples: 37
2026-08-30 14:57:47 | Classes: 14
2026-08-30 14:57:47 | Data audit: same_dir=False | path_overlap(vis/ir/ais)=0/0/0 | content_overlap(vis/ir/ais)=0/0/0 | ais_index_overlap=0 | stem_mismatch(vis-ir/vis-ais)=157/0
2026-08-30 14:57:47 | source_train classes: present 14/14 | absent 0 | counts [0:120, 1:44, 2:69, 3:45, 4:40, 5:30, 6:64, 7:80, 8:116, 9:68, 10:57, 11:83, 12:48, 13:128]
2026-08-30 14:57:47 | target_train classes: present 9/14 | absent 5 | counts [0:20, 2:12, 4:12, 5:2, 9:16, 10:16, 11:29, 12:4, 13:21]
2026-08-30 14:57:47 | target_val classes: present 9/14 | absent 5 | counts [0:6, 2:3, 4:4, 5:1, 9:4, 10:4, 11:8, 12:1, 13:6]
2026-08-30 14:57:47 | Paired training classes: 9/14 | class ids [0, 2, 4, 5, 9, 10, 11, 12, 13]
2026-08-30 14:57:47 | Runtime profile: batch=16 | paired_steps=9 | workers=16 | train_eval_every=5 | raw_eval_every=5 | stability_window=3 | lr_scheduler_start=24 | early_stop=12 after min_epoch=35
2026-08-30 14:57:47 | Augmentation profile: base=0.650 | visible=0.700 | infrared=0.400 | freeze_frozen_batch_norm_stats=True
2026-08-30 14:57:47 | VIS/IR pairing: class-level-unpaired | count-mismatch classes train/val: 10/1 | AIS alignment: none | AIS rows train/val: 0/0
2026-08-30 14:57:47 | Effective Dual-D loss weights: {"adv_auxiliary": 0.025, "adv_primary": 0.025, "classification": 0.15, "contrastive": 0.02, "cycle": 0.12, "identity": 0.03, "prototype_contrastive": 0.06}
2026-08-30 14:57:47 | Model parameters: total=17277714 | trainable=17120210
2026-08-30 14:57:50 | Epoch 001/060 | loss 5.7025 | cls 5.7093 | tal -0.0227 | dual_g 0.0000 | dual_d 0.0000 | train_acc 0.0764 | train_full 0.1136 | val_acc 0.2162 | val_f1 0.0730 | adv/moduleC 0.00/0.00 | disc_steps 0 | grad(main/disc) 29.246/0.000 | lr(main/disc) 7.00e-05/2.75e-05 | cuda_peak(alloc/resv) 4.09/5.12GB | phase(train/val/raw/train_eval) 1.4/0.4/0.4/0.4s | 2.6s
2026-08-30 14:57:51 | Epoch 002/060 | loss 4.7833 | cls 4.7297 | tal 0.1787 | dual_g 0.0000 | dual_d 0.0000 | train_acc 0.1319 | train_full n/a | val_acc 0.2703 | val_f1 0.1636 | adv/moduleC 0.00/0.00 | disc_steps 0 | grad(main/disc) 25.530/0.000 | lr(main/disc) 7.00e-05/2.75e-05 | cuda_peak(alloc/resv) 4.09/5.12GB | phase(train/val/raw/train_eval) 1.0/0.4/0.0/0.0s | 1.4s
2026-08-30 14:57:53 | Epoch 003/060 | loss 4.1832 | cls 4.1634 | tal 0.0659 | dual_g 0.0000 | dual_d 0.0000 | train_acc 0.2639 | train_full n/a | val_acc 0.4865 | val_f1 0.4903 | adv/moduleC 0.00/0.00 | disc_steps 0 | grad(main/disc) 23.056/0.000 | lr(main/disc) 7.00e-05/2.75e-05 | cuda_peak(alloc/resv) 4.09/5.12GB | phase(train/val/raw/train_eval) 1.2/0.4/0.4/0.0s | 2.0s
2026-08-30 14:57:56 | New best val_f1_macro_present: raw=0.4903 stable_score=0.0730 at epoch 3
2026-08-30 14:57:57 | Epoch 004/060 | loss 3.8946 | cls 3.8932 | tal 0.0048 | dual_g 0.0000 | dual_d 0.0000 | train_acc 0.3403 | train_full n/a | val_acc 0.6216 | val_f1 0.5577 | adv/moduleC 0.00/0.00 | disc_steps 0 | grad(main/disc) 22.028/0.000 | lr(main/disc) 7.00e-05/2.75e-05 | cuda_peak(alloc/resv) 4.09/5.12GB | phase(train/val/raw/train_eval) 1.1/0.4/0.4/0.0s | 1.9s
2026-08-30 14:58:00 | New best val_f1_macro_present: raw=0.5577 stable_score=0.1636 at epoch 4
2026-08-30 14:58:02 | Epoch 005/060 | loss 3.7631 | cls 3.6895 | tal -0.0295 | dual_g 0.0825 | dual_d 0.0000 | train_acc 0.4236 | train_full 0.7273 | val_acc 0.6486 | val_f1 0.6564 | adv/moduleC 0.00/0.10 | disc_steps 0 | grad(main/disc) 21.076/0.000 | lr(main/disc) 7.00e-05/2.75e-05 | cuda_peak(alloc/resv) 4.09/5.12GB | phase(train/val/raw/train_eval) 1.1/0.4/0.4/0.4s | 2.3s
2026-08-30 14:58:04 | New best val_f1_macro_present: raw=0.6564 stable_score=0.4903 at epoch 5
2026-08-30 14:58:06 | Epoch 006/060 | loss 3.5311 | cls 3.3822 | tal -0.0400 | dual_g 0.1609 | dual_d 0.0000 | train_acc 0.4236 | train_full n/a | val_acc 0.8108 | val_f1 0.8481 | adv/moduleC 0.00/0.20 | disc_steps 0 | grad(main/disc) 20.476/0.000 | lr(main/disc) 7.00e-05/2.75e-05 | cuda_peak(alloc/resv) 4.09/5.12GB | phase(train/val/raw/train_eval) 1.1/0.4/0.4/0.0s | 1.9s
2026-08-30 14:58:08 | New best val_f1_macro_present: raw=0.8481 stable_score=0.5577 at epoch 6
2026-08-30 14:58:10 | Epoch 007/060 | loss 3.3877 | cls 3.1910 | tal -0.1269 | dual_g 0.2347 | dual_d 0.9315 | train_acc 0.5625 | train_full n/a | val_acc 0.8378 | val_f1 0.8610 | adv/moduleC 0.07/0.30 | disc_steps 4 | grad(main/disc) 19.642/2.322 | lr(main/disc) 7.00e-05/2.75e-05 | cuda_peak(alloc/resv) 4.09/5.12GB | phase(train/val/raw/train_eval) 1.1/0.4/0.4/0.0s | 1.8s
2026-08-30 14:58:12 | New best val_f1_macro_present: raw=0.8610 stable_score=0.6564 at epoch 7
2026-08-30 14:58:14 | Epoch 008/060 | loss 3.3685 | cls 3.1269 | tal -0.1680 | dual_g 0.2920 | dual_d 0.8885 | train_acc 0.5278 | train_full n/a | val_acc 0.9459 | val_f1 0.9537 | adv/moduleC 0.14/0.40 | disc_steps 4 | grad(main/disc) 20.593/2.294 | lr(main/disc) 7.00e-05/2.75e-05 | cuda_peak(alloc/resv) 4.09/5.12GB | phase(train/val/raw/train_eval) 1.2/0.4/0.4/0.0s | 2.0s
2026-08-30 14:58:16 | New best val_f1_macro_present: raw=0.9537 stable_score=0.8481 at epoch 8
2026-08-30 14:58:18 | Epoch 009/060 | loss 3.2690 | cls 2.9360 | tal -0.0871 | dual_g 0.3592 | dual_d 0.8372 | train_acc 0.6042 | train_full n/a | val_acc 0.8649 | val_f1 0.8470 | adv/moduleC 0.21/0.50 | disc_steps 4 | grad(main/disc) 20.831/2.174 | lr(main/disc) 7.00e-05/2.75e-05 | cuda_peak(alloc/resv) 4.09/5.12GB | phase(train/val/raw/train_eval) 1.0/0.4/0.0/0.0s | 1.4s
2026-08-30 14:58:20 | Epoch 010/060 | loss 3.2157 | cls 2.8213 | tal -0.0543 | dual_g 0.4107 | dual_d 0.8628 | train_acc 0.5208 | train_full 0.7955 | val_acc 0.7027 | val_f1 0.7052 | adv/moduleC 0.29/0.60 | disc_steps 4 | grad(main/disc) 19.780/2.109 | lr(main/disc) 7.00e-05/2.75e-05 | cuda_peak(alloc/resv) 4.09/5.12GB | phase(train/val/raw/train_eval) 1.1/0.4/0.4/0.5s | 2.3s
2026-08-30 14:58:21 | Epoch 011/060 | loss 3.1674 | cls 2.7240 | tal -0.0456 | dual_g 0.4571 | dual_d 0.8400 | train_acc 0.6181 | train_full n/a | val_acc 0.8378 | val_f1 0.8588 | adv/moduleC 0.36/0.70 | disc_steps 4 | grad(main/disc) 20.087/2.113 | lr(main/disc) 7.00e-05/2.75e-05 | cuda_peak(alloc/resv) 4.09/5.12GB | phase(train/val/raw/train_eval) 1.0/0.4/0.0/0.0s | 1.4s
2026-08-30 14:58:23 | Epoch 012/060 | loss 3.1069 | cls 2.6272 | tal -0.1059 | dual_g 0.5115 | dual_d 0.8008 | train_acc 0.6389 | train_full n/a | val_acc 0.8649 | val_f1 0.8999 | adv/moduleC 0.43/0.80 | disc_steps 4 | grad(main/disc) 20.331/2.041 | lr(main/disc) 7.00e-05/2.75e-05 | cuda_peak(alloc/resv) 4.09/5.12GB | phase(train/val/raw/train_eval) 1.1/0.4/0.0/0.0s | 1.5s
2026-08-30 14:58:25 | Epoch 013/060 | loss 2.8735 | cls 2.3661 | tal -0.1043 | dual_g 0.5387 | dual_d 0.7756 | train_acc 0.6458 | train_full n/a | val_acc 0.8919 | val_f1 0.9167 | adv/moduleC 0.50/0.90 | disc_steps 4 | grad(main/disc) 18.605/1.961 | lr(main/disc) 7.00e-05/2.75e-05 | cuda_peak(alloc/resv) 4.09/5.12GB | phase(train/val/raw/train_eval) 1.1/0.4/0.4/0.0s | 1.8s
2026-08-30 14:58:27 | New best val_f1_macro_present: raw=0.9167 stable_score=0.8588 at epoch 13
2026-08-30 14:58:29 | Epoch 014/060 | loss 2.8579 | cls 2.2850 | tal -0.1355 | dual_g 0.6135 | dual_d 0.8062 | train_acc 0.7222 | train_full n/a | val_acc 0.9189 | val_f1 0.9249 | adv/moduleC 0.57/1.00 | disc_steps 4 | grad(main/disc) 17.547/2.031 | lr(main/disc) 7.00e-05/2.75e-05 | cuda_peak(alloc/resv) 4.09/5.12GB | phase(train/val/raw/train_eval) 1.2/0.4/0.4/0.0s | 2.0s
2026-08-30 14:58:31 | New best val_f1_macro_present: raw=0.9249 stable_score=0.8999 at epoch 14
2026-08-30 14:58:33 | Epoch 015/060 | loss 2.9372 | cls 2.4028 | tal -0.1594 | dual_g 0.5822 | dual_d 0.7784 | train_acc 0.6250 | train_full 0.9545 | val_acc 0.9730 | val_f1 0.9776 | adv/moduleC 0.64/1.00 | disc_steps 4 | grad(main/disc) 19.181/2.021 | lr(main/disc) 7.00e-05/2.75e-05 | cuda_peak(alloc/resv) 4.09/5.12GB | phase(train/val/raw/train_eval) 1.0/0.4/0.4/0.4s | 2.2s
2026-08-30 14:58:35 | New best val_f1_macro_present: raw=0.9776 stable_score=0.9167 at epoch 15
2026-08-30 14:58:37 | Epoch 016/060 | loss 2.6994 | cls 2.2266 | tal -0.2101 | dual_g 0.5358 | dual_d 0.7730 | train_acc 0.6944 | train_full n/a | val_acc 0.9730 | val_f1 0.9776 | adv/moduleC 0.71/1.00 | disc_steps 4 | grad(main/disc) 17.692/2.050 | lr(main/disc) 7.00e-05/2.75e-05 | cuda_peak(alloc/resv) 4.09/5.12GB | phase(train/val/raw/train_eval) 1.1/0.4/0.4/0.0s | 1.8s
2026-08-30 14:58:39 | New best val_f1_macro_present: raw=0.9776 stable_score=0.9249 at epoch 16
2026-08-30 14:58:41 | Epoch 017/060 | loss 2.5221 | cls 2.0259 | tal -0.1905 | dual_g 0.5534 | dual_d 0.8130 | train_acc 0.8264 | train_full n/a | val_acc 0.8919 | val_f1 0.9164 | adv/moduleC 0.79/1.00 | disc_steps 4 | grad(main/disc) 16.671/1.996 | lr(main/disc) 7.00e-05/2.75e-05 | cuda_peak(alloc/resv) 4.09/5.12GB | phase(train/val/raw/train_eval) 1.3/0.4/0.0/0.0s | 1.6s
2026-08-30 14:58:42 | Epoch 018/060 | loss 2.5753 | cls 2.0875 | tal -0.1846 | dual_g 0.5431 | dual_d 0.7623 | train_acc 0.8125 | train_full n/a | val_acc 0.9730 | val_f1 0.9776 | adv/moduleC 0.86/1.00 | disc_steps 4 | grad(main/disc) 18.476/1.983 | lr(main/disc) 7.00e-05/2.75e-05 | cuda_peak(alloc/resv) 4.09/5.12GB | phase(train/val/raw/train_eval) 1.1/0.4/0.0/0.0s | 1.5s
2026-08-30 14:58:44 | Epoch 019/060 | loss 2.3140 | cls 1.8438 | tal -0.1831 | dual_g 0.5251 | dual_d 0.8270 | train_acc 0.8542 | train_full n/a | val_acc 0.9459 | val_f1 0.9616 | adv/moduleC 0.93/1.00 | disc_steps 4 | grad(main/disc) 15.699/1.947 | lr(main/disc) 7.00e-05/2.75e-05 | cuda_peak(alloc/resv) 4.09/5.12GB | phase(train/val/raw/train_eval) 1.4/0.4/0.0/0.0s | 1.8s
2026-08-30 14:58:46 | Epoch 020/060 | loss 2.4510 | cls 1.9821 | tal -0.2022 | dual_g 0.5296 | dual_d 0.8185 | train_acc 0.8333 | train_full 0.9848 | val_acc 0.9730 | val_f1 0.9776 | adv/moduleC 1.00/1.00 | disc_steps 4 | grad(main/disc) 17.512/2.018 | lr(main/disc) 7.00e-05/2.75e-05 | cuda_peak(alloc/resv) 4.09/5.12GB | phase(train/val/raw/train_eval) 1.2/0.4/0.4/0.5s | 2.4s
2026-08-30 14:58:49 | New best val_f1_macro_present: raw=0.9776 stable_score=0.9616 at epoch 20
2026-08-30 14:58:50 | Epoch 021/060 | loss 2.3107 | cls 1.8674 | tal -0.2537 | dual_g 0.5194 | dual_d 0.8482 | train_acc 0.8264 | train_full n/a | val_acc 1.0000 | val_f1 1.0000 | adv/moduleC 1.00/1.00 | disc_steps 4 | grad(main/disc) 18.124/2.039 | lr(main/disc) 7.00e-05/2.75e-05 | cuda_peak(alloc/resv) 4.09/5.12GB | phase(train/val/raw/train_eval) 1.2/0.4/0.0/0.0s | 1.6s
2026-08-30 14:58:52 | Epoch 022/060 | loss 2.2851 | cls 1.8814 | tal -0.2963 | dual_g 0.4927 | dual_d 0.8365 | train_acc 0.8333 | train_full n/a | val_acc 0.9189 | val_f1 0.9401 | adv/moduleC 1.00/1.00 | disc_steps 4 | grad(main/disc) 17.851/2.001 | lr(main/disc) 7.00e-05/2.75e-05 | cuda_peak(alloc/resv) 4.09/5.12GB | phase(train/val/raw/train_eval) 0.9/0.4/0.0/0.0s | 1.3s
2026-08-30 14:58:53 | Epoch 023/060 | loss 2.1400 | cls 1.7296 | tal -0.2318 | dual_g 0.4800 | dual_d 0.8674 | train_acc 0.8819 | train_full n/a | val_acc 0.9730 | val_f1 0.9776 | adv/moduleC 1.00/1.00 | disc_steps 4 | grad(main/disc) 15.617/1.955 | lr(main/disc) 7.00e-05/2.75e-05 | cuda_peak(alloc/resv) 4.09/5.12GB | phase(train/val/raw/train_eval) 1.2/0.4/0.0/0.0s | 1.5s
2026-08-30 14:58:55 | Epoch 024/060 | loss 2.1249 | cls 1.7275 | tal -0.2400 | dual_g 0.4694 | dual_d 0.9003 | train_acc 0.8472 | train_full n/a | val_acc 0.9459 | val_f1 0.9616 | adv/moduleC 1.00/1.00 | disc_steps 4 | grad(main/disc) 14.432/2.101 | lr(main/disc) 7.00e-05/2.75e-05 | cuda_peak(alloc/resv) 4.09/5.12GB | phase(train/val/raw/train_eval) 1.3/0.4/0.0/0.0s | 1.6s
2026-08-30 14:58:57 | Epoch 025/060 | loss 2.1338 | cls 1.7362 | tal -0.2427 | dual_g 0.4704 | dual_d 0.8472 | train_acc 0.8681 | train_full 0.9773 | val_acc 0.9459 | val_f1 0.9616 | adv/moduleC 1.00/1.00 | disc_steps 4 | grad(main/disc) 16.017/1.938 | lr(main/disc) 7.00e-05/2.75e-05 | cuda_peak(alloc/resv) 4.09/5.12GB | phase(train/val/raw/train_eval) 1.1/0.4/0.4/0.4s | 2.3s
2026-08-30 14:58:59 | Epoch 026/060 | loss 1.9961 | cls 1.5745 | tal -0.1314 | dual_g 0.4610 | dual_d 0.8162 | train_acc 0.9028 | train_full n/a | val_acc 0.9730 | val_f1 0.9776 | adv/moduleC 1.00/1.00 | disc_steps 4 | grad(main/disc) 13.796/1.843 | lr(main/disc) 7.00e-05/2.75e-05 | cuda_peak(alloc/resv) 4.09/5.12GB | phase(train/val/raw/train_eval) 1.2/0.4/0.0/0.0s | 1.5s
2026-08-30 14:59:00 | Epoch 027/060 | loss 2.0370 | cls 1.6445 | tal -0.1815 | dual_g 0.4470 | dual_d 0.8725 | train_acc 0.9444 | train_full n/a | val_acc 0.9730 | val_f1 0.9840 | adv/moduleC 1.00/1.00 | disc_steps 4 | grad(main/disc) 13.869/1.913 | lr(main/disc) 7.00e-05/2.75e-05 | cuda_peak(alloc/resv) 4.09/5.12GB | phase(train/val/raw/train_eval) 1.1/0.4/0.0/0.0s | 1.5s
2026-08-30 14:59:02 | Epoch 028/060 | loss 2.1602 | cls 1.7571 | tal -0.2471 | dual_g 0.4773 | dual_d 0.9148 | train_acc 0.8750 | train_full n/a | val_acc 1.0000 | val_f1 1.0000 | adv/moduleC 1.00/1.00 | disc_steps 4 | grad(main/disc) 18.529/2.024 | lr(main/disc) 7.00e-05/2.75e-05 | cuda_peak(alloc/resv) 4.09/5.12GB | phase(train/val/raw/train_eval) 1.2/0.4/0.4/0.0s | 2.0s
2026-08-30 14:59:04 | New best val_f1_macro_present: raw=1.0000 stable_score=0.9776 at epoch 28
2026-08-30 14:59:06 | Epoch 029/060 | loss 1.9674 | cls 1.5725 | tal -0.1654 | dual_g 0.4446 | dual_d 0.8763 | train_acc 0.8958 | train_full n/a | val_acc 0.9730 | val_f1 0.9840 | adv/moduleC 1.00/1.00 | disc_steps 4 | grad(main/disc) 14.616/1.996 | lr(main/disc) 7.00e-05/2.75e-05 | cuda_peak(alloc/resv) 4.09/5.12GB | phase(train/val/raw/train_eval) 1.0/0.4/0.4/0.0s | 1.8s
2026-08-30 14:59:08 | New best val_f1_macro_present: raw=0.9840 stable_score=0.9840 at epoch 29
2026-08-30 14:59:10 | Epoch 030/060 | loss 1.9244 | cls 1.5507 | tal -0.1804 | dual_g 0.4279 | dual_d 0.8370 | train_acc 0.8611 | train_full 1.0000 | val_acc 0.9730 | val_f1 0.9776 | adv/moduleC 1.00/1.00 | disc_steps 4 | grad(main/disc) 13.089/1.915 | lr(main/disc) 7.00e-05/2.75e-05 | cuda_peak(alloc/resv) 4.09/5.12GB | phase(train/val/raw/train_eval) 1.1/0.4/0.4/0.4s | 2.3s
2026-08-30 14:59:12 | Epoch 031/060 | loss 1.9232 | cls 1.5656 | tal -0.2387 | dual_g 0.4292 | dual_d 0.8971 | train_acc 0.9306 | train_full n/a | val_acc 0.9459 | val_f1 0.9551 | adv/moduleC 1.00/1.00 | disc_steps 4 | grad(main/disc) 13.044/1.940 | lr(main/disc) 7.00e-05/2.75e-05 | cuda_peak(alloc/resv) 4.09/5.12GB | phase(train/val/raw/train_eval) 1.1/0.4/0.0/0.0s | 1.5s
2026-08-30 14:59:13 | Epoch 032/060 | loss 1.8289 | cls 1.4527 | tal -0.1769 | dual_g 0.4292 | dual_d 0.9168 | train_acc 0.9514 | train_full n/a | val_acc 1.0000 | val_f1 1.0000 | adv/moduleC 1.00/1.00 | disc_steps 4 | grad(main/disc) 11.724/2.035 | lr(main/disc) 7.00e-05/2.75e-05 | cuda_peak(alloc/resv) 4.09/5.12GB | phase(train/val/raw/train_eval) 1.3/0.4/0.0/0.0s | 1.6s
2026-08-30 14:59:15 | Epoch 033/060 | loss 1.9051 | cls 1.5398 | tal -0.1914 | dual_g 0.4227 | dual_d 0.8641 | train_acc 0.9306 | train_full n/a | val_acc 1.0000 | val_f1 1.0000 | adv/moduleC 1.00/1.00 | disc_steps 4 | grad(main/disc) 13.650/2.008 | lr(main/disc) 7.00e-05/2.75e-05 | cuda_peak(alloc/resv) 4.09/5.12GB | phase(train/val/raw/train_eval) 1.1/0.4/0.0/0.0s | 1.5s
2026-08-30 14:59:16 | Epoch 034/060 | loss 1.8571 | cls 1.5015 | tal -0.2072 | dual_g 0.4178 | dual_d 0.9155 | train_acc 0.9306 | train_full n/a | val_acc 0.9730 | val_f1 0.9776 | adv/moduleC 1.00/1.00 | disc_steps 4 | grad(main/disc) 13.079/2.006 | lr(main/disc) 7.00e-05/2.75e-05 | cuda_peak(alloc/resv) 4.09/5.12GB | phase(train/val/raw/train_eval) 1.1/0.4/0.0/0.0s | 1.5s
2026-08-30 14:59:19 | Epoch 035/060 | loss 1.8181 | cls 1.5087 | tal -0.3344 | dual_g 0.4097 | dual_d 1.0205 | train_acc 0.9792 | train_full 1.0000 | val_acc 1.0000 | val_f1 1.0000 | adv/moduleC 1.00/1.00 | disc_steps 4 | grad(main/disc) 12.974/2.111 | lr(main/disc) 7.00e-05/2.75e-05 | cuda_peak(alloc/resv) 4.09/5.12GB | phase(train/val/raw/train_eval) 1.1/0.4/0.4/0.4s | 2.3s
2026-08-30 14:59:20 | Epoch 036/060 | loss 1.7547 | cls 1.4250 | tal -0.1984 | dual_g 0.3892 | dual_d 0.8869 | train_acc 0.9722 | train_full n/a | val_acc 1.0000 | val_f1 1.0000 | adv/moduleC 1.00/1.00 | disc_steps 4 | grad(main/disc) 10.652/1.892 | lr(main/disc) 7.00e-05/2.75e-05 | cuda_peak(alloc/resv) 4.09/5.12GB | phase(train/val/raw/train_eval) 1.1/0.4/0.0/0.0s | 1.5s
2026-08-30 14:59:22 | Epoch 037/060 | loss 1.8057 | cls 1.4770 | tal -0.2428 | dual_g 0.4015 | dual_d 0.9892 | train_acc 0.9722 | train_full n/a | val_acc 1.0000 | val_f1 1.0000 | adv/moduleC 1.00/1.00 | disc_steps 4 | grad(main/disc) 12.524/2.093 | lr(main/disc) 3.50e-05/1.38e-05 | cuda_peak(alloc/resv) 4.09/5.12GB | phase(train/val/raw/train_eval) 1.0/0.4/0.4/0.0s | 1.7s
2026-08-30 14:59:24 | New best val_f1_macro_present: raw=1.0000 stable_score=1.0000 at epoch 37
2026-08-30 14:59:26 | Epoch 038/060 | loss 1.6704 | cls 1.3585 | tal -0.2581 | dual_g 0.3893 | dual_d 0.8791 | train_acc 0.9514 | train_full n/a | val_acc 1.0000 | val_f1 1.0000 | adv/moduleC 1.00/1.00 | disc_steps 4 | grad(main/disc) 9.754/1.896 | lr(main/disc) 3.50e-05/1.38e-05 | cuda_peak(alloc/resv) 4.09/5.12GB | phase(train/val/raw/train_eval) 1.1/0.4/0.0/0.0s | 1.5s
2026-08-30 14:59:27 | Epoch 039/060 | loss 1.5970 | cls 1.3261 | tal -0.3369 | dual_g 0.3720 | dual_d 0.9645 | train_acc 0.9861 | train_full n/a | val_acc 1.0000 | val_f1 1.0000 | adv/moduleC 1.00/1.00 | disc_steps 4 | grad(main/disc) 8.190/1.935 | lr(main/disc) 3.50e-05/1.38e-05 | cuda_peak(alloc/resv) 4.09/5.12GB | phase(train/val/raw/train_eval) 1.3/0.4/0.0/0.0s | 1.7s
2026-08-30 14:59:29 | Epoch 040/060 | loss 1.6829 | cls 1.3801 | tal -0.2540 | dual_g 0.3790 | dual_d 0.9491 | train_acc 0.9722 | train_full 1.0000 | val_acc 1.0000 | val_f1 1.0000 | adv/moduleC 1.00/1.00 | disc_steps 4 | grad(main/disc) 10.561/1.974 | lr(main/disc) 3.50e-05/1.38e-05 | cuda_peak(alloc/resv) 4.09/5.12GB | phase(train/val/raw/train_eval) 1.0/0.4/0.4/0.4s | 2.2s
2026-08-30 14:59:31 | Epoch 041/060 | loss 1.6632 | cls 1.3633 | tal -0.2555 | dual_g 0.3765 | dual_d 0.9972 | train_acc 0.9722 | train_full n/a | val_acc 1.0000 | val_f1 1.0000 | adv/moduleC 1.00/1.00 | disc_steps 4 | grad(main/disc) 9.398/2.058 | lr(main/disc) 3.50e-05/1.38e-05 | cuda_peak(alloc/resv) 4.09/5.12GB | phase(train/val/raw/train_eval) 1.1/0.4/0.0/0.0s | 1.5s
2026-08-30 14:59:33 | Epoch 042/060 | loss 1.5958 | cls 1.3186 | tal -0.3274 | dual_g 0.3754 | dual_d 0.9313 | train_acc 0.9792 | train_full n/a | val_acc 1.0000 | val_f1 1.0000 | adv/moduleC 1.00/1.00 | disc_steps 4 | grad(main/disc) 9.878/1.881 | lr(main/disc) 3.50e-05/1.38e-05 | cuda_peak(alloc/resv) 4.09/5.12GB | phase(train/val/raw/train_eval) 1.2/0.4/0.0/0.0s | 1.6s
2026-08-30 14:59:34 | Epoch 043/060 | loss 1.6727 | cls 1.3698 | tal -0.2381 | dual_g 0.3744 | dual_d 0.9337 | train_acc 0.9583 | train_full n/a | val_acc 1.0000 | val_f1 1.0000 | adv/moduleC 1.00/1.00 | disc_steps 4 | grad(main/disc) 10.844/1.948 | lr(main/disc) 3.50e-05/1.38e-05 | cuda_peak(alloc/resv) 4.09/5.12GB | phase(train/val/raw/train_eval) 1.0/0.4/0.0/0.0s | 1.4s
2026-08-30 14:59:36 | Epoch 044/060 | loss 1.5926 | cls 1.2924 | tal -0.2541 | dual_g 0.3765 | dual_d 0.9600 | train_acc 0.9583 | train_full n/a | val_acc 1.0000 | val_f1 1.0000 | adv/moduleC 1.00/1.00 | disc_steps 4 | grad(main/disc) 8.641/1.981 | lr(main/disc) 3.50e-05/1.38e-05 | cuda_peak(alloc/resv) 4.09/5.12GB | phase(train/val/raw/train_eval) 1.2/0.4/0.0/0.0s | 1.6s
2026-08-30 14:59:38 | Epoch 045/060 | loss 1.5905 | cls 1.3011 | tal -0.2313 | dual_g 0.3588 | dual_d 0.9918 | train_acc 0.9722 | train_full 1.0000 | val_acc 1.0000 | val_f1 1.0000 | adv/moduleC 1.00/1.00 | disc_steps 4 | grad(main/disc) 8.532/1.947 | lr(main/disc) 3.50e-05/1.38e-05 | cuda_peak(alloc/resv) 4.09/5.12GB | phase(train/val/raw/train_eval) 1.1/0.4/0.4/0.4s | 2.3s
2026-08-30 14:59:39 | Epoch 046/060 | loss 1.5449 | cls 1.2527 | tal -0.2114 | dual_g 0.3557 | dual_d 0.9445 | train_acc 0.9931 | train_full n/a | val_acc 1.0000 | val_f1 1.0000 | adv/moduleC 1.00/1.00 | disc_steps 4 | grad(main/disc) 6.778/1.929 | lr(main/disc) 1.75e-05/6.88e-06 | cuda_peak(alloc/resv) 4.09/5.12GB | phase(train/val/raw/train_eval) 1.0/0.4/0.0/0.0s | 1.4s
2026-08-30 14:59:41 | Epoch 047/060 | loss 1.6289 | cls 1.3371 | tal -0.2241 | dual_g 0.3591 | dual_d 0.9903 | train_acc 0.9722 | train_full n/a | val_acc 1.0000 | val_f1 1.0000 | adv/moduleC 1.00/1.00 | disc_steps 4 | grad(main/disc) 9.667/1.919 | lr(main/disc) 1.75e-05/6.88e-06 | cuda_peak(alloc/resv) 4.09/5.12GB | phase(train/val/raw/train_eval) 1.2/0.4/0.0/0.0s | 1.6s
2026-08-30 14:59:42 | Epoch 048/060 | loss 1.6393 | cls 1.3589 | tal -0.2966 | dual_g 0.3694 | dual_d 1.0036 | train_acc 0.9792 | train_full n/a | val_acc 1.0000 | val_f1 1.0000 | adv/moduleC 1.00/1.00 | disc_steps 4 | grad(main/disc) 10.960/2.024 | lr(main/disc) 1.75e-05/6.88e-06 | cuda_peak(alloc/resv) 4.09/5.12GB | phase(train/val/raw/train_eval) 1.1/0.4/0.0/0.0s | 1.5s
2026-08-30 14:59:44 | Epoch 049/060 | loss 1.6431 | cls 1.3268 | tal -0.1857 | dual_g 0.3720 | dual_d 0.9901 | train_acc 0.9792 | train_full n/a | val_acc 1.0000 | val_f1 1.0000 | adv/moduleC 1.00/1.00 | disc_steps 4 | grad(main/disc) 9.810/1.918 | lr(main/disc) 1.75e-05/6.88e-06 | cuda_peak(alloc/resv) 4.09/5.12GB | phase(train/val/raw/train_eval) 1.1/0.4/0.0/0.0s | 1.5s
2026-08-30 14:59:44 | Early stopping at epoch 49 after 12 epochs without val_f1_macro_present improvement.
2026-08-30 14:59:44 | Training complete. Peak validation accuracy: 1.0000 | selected val_f1_macro_present: 1.0000
