2026-08-27 13:57:10 | Starting Dual_D standalone training
2026-08-27 13:57:10 | Run directory: runs/module_c_ablation_60_v5/module_c_20260827_121947/module_c_no_identity_黑天_20260827_135710
2026-08-27 13:57:10 | Device: cuda
2026-08-27 13:57:10 | Source train samples: 992
2026-08-27 13:57:10 | Target train samples: 465
2026-08-27 13:57:10 | Target val samples: 120
2026-08-27 13:57:10 | Classes: 14
2026-08-27 13:57:10 | Data audit: same_dir=False | path_overlap(vis/ir/ais)=0/0/0 | content_overlap(vis/ir/ais)=0/0/0 | ais_index_overlap=0 | stem_mismatch(vis-ir/vis-ais)=578/0
2026-08-27 13:57:10 | source_train classes: present 14/14 | absent 0 | counts [0:120, 1:44, 2:69, 3:45, 4:40, 5:30, 6:64, 7:80, 8:116, 9:68, 10:57, 11:83, 12:48, 13:128]
2026-08-27 13:57:10 | target_train classes: present 8/14 | absent 6 | counts [0:100, 2:11, 3:16, 6:89, 9:162, 10:12, 11:44, 13:31]
2026-08-27 13:57:10 | target_val classes: present 8/14 | absent 6 | counts [0:26, 2:3, 3:5, 6:23, 9:41, 10:3, 11:11, 13:8]
2026-08-27 13:57:10 | Paired training classes: 8/14 | class ids [0, 2, 3, 6, 9, 10, 11, 13]
2026-08-27 13:57:10 | Runtime profile: batch=92 | paired_steps=7 | workers=16 | train_eval_every=5 | raw_eval_every=5 | early_stop=15 after min_epoch=35
2026-08-27 13:57:10 | VIS/IR pairing: class-level-unpaired | count-mismatch classes train/val: 10/0 | AIS alignment: none | AIS rows train/val: 0/0
2026-08-27 13:57:11 | Model parameters: total=17277714 | trainable=17120210
2026-08-27 13:57:17 | Epoch 001/060 | loss 5.2000 | cls 5.1574 | tal 0.1417 | dual_g 0.0000 | dual_d 0.0000 | train_acc 0.1677 | train_full 0.1591 | val_acc 0.1083 | val_f1 0.0785 | adv/moduleC 0.00/0.00 | disc_steps 0 | grad(main/disc) 15.556/0.000 | lr(main/disc) 1.30e-04/3.50e-05 | cuda_peak(alloc/resv) 21.78/28.18GB | phase(train/val/raw/train_eval) 4.9/0.6/0.6/0.8s | 6.8s
2026-08-27 13:57:20 | New best val_f1_macro_present: 0.0785 at epoch 1
2026-08-27 13:57:25 | Epoch 002/060 | loss 3.6476 | cls 3.6470 | tal 0.0020 | dual_g 0.0000 | dual_d 0.0000 | train_acc 0.3742 | train_full n/a | val_acc 0.1250 | val_f1 0.1165 | adv/moduleC 0.00/0.00 | disc_steps 0 | grad(main/disc) 11.265/0.000 | lr(main/disc) 1.30e-04/3.50e-05 | cuda_peak(alloc/resv) 21.78/28.18GB | phase(train/val/raw/train_eval) 3.8/0.5/0.5/0.0s | 4.9s
2026-08-27 13:57:28 | New best val_f1_macro_present: 0.1165 at epoch 2
2026-08-27 13:57:32 | Epoch 003/060 | loss 2.7478 | cls 2.7607 | tal -0.0432 | dual_g 0.0000 | dual_d 0.0000 | train_acc 0.5932 | train_full n/a | val_acc 0.2083 | val_f1 0.1670 | adv/moduleC 0.00/0.00 | disc_steps 0 | grad(main/disc) 9.437/0.000 | lr(main/disc) 1.30e-04/3.50e-05 | cuda_peak(alloc/resv) 21.78/28.18GB | phase(train/val/raw/train_eval) 3.4/0.6/0.6/0.0s | 4.6s
2026-08-27 13:57:35 | New best val_f1_macro_present: 0.1670 at epoch 3
2026-08-27 13:57:40 | Epoch 004/060 | loss 2.4410 | cls 2.2605 | tal -0.0496 | dual_g 0.1954 | dual_d 0.0000 | train_acc 0.6677 | train_full n/a | val_acc 0.3167 | val_f1 0.3246 | adv/moduleC 0.00/0.12 | disc_steps 0 | grad(main/disc) 8.760/0.000 | lr(main/disc) 1.30e-04/3.50e-05 | cuda_peak(alloc/resv) 21.78/28.18GB | phase(train/val/raw/train_eval) 3.7/0.6/0.6/0.0s | 4.9s
2026-08-27 13:57:43 | New best val_f1_macro_present: 0.3246 at epoch 4
2026-08-27 13:57:48 | Epoch 005/060 | loss 2.1831 | cls 1.8605 | tal -0.0431 | dual_g 0.3356 | dual_d 0.0000 | train_acc 0.7733 | train_full 0.4753 | val_acc 0.4417 | val_f1 0.5577 | adv/moduleC 0.00/0.25 | disc_steps 0 | grad(main/disc) 8.602/0.000 | lr(main/disc) 1.30e-04/3.50e-05 | cuda_peak(alloc/resv) 21.78/28.18GB | phase(train/val/raw/train_eval) 3.7/0.6/0.6/0.8s | 5.6s
2026-08-27 13:57:51 | New best val_f1_macro_present: 0.5577 at epoch 5
2026-08-27 13:57:56 | Epoch 006/060 | loss 2.0111 | cls 1.5860 | tal -0.0478 | dual_g 0.4394 | dual_d 0.9054 | train_acc 0.8432 | train_full n/a | val_acc 0.7917 | val_f1 0.7604 | adv/moduleC 0.05/0.38 | disc_steps 7 | grad(main/disc) 8.825/1.743 | lr(main/disc) 1.30e-04/3.50e-05 | cuda_peak(alloc/resv) 21.78/28.18GB | phase(train/val/raw/train_eval) 3.7/0.6/0.6/0.0s | 4.9s
2026-08-27 13:57:59 | New best val_f1_macro_present: 0.7604 at epoch 6
2026-08-27 13:58:03 | Epoch 007/060 | loss 2.0071 | cls 1.4850 | tal -0.0185 | dual_g 0.5276 | dual_d 0.8439 | train_acc 0.8509 | train_full n/a | val_acc 0.7583 | val_f1 0.7390 | adv/moduleC 0.10/0.50 | disc_steps 7 | grad(main/disc) 8.629/1.587 | lr(main/disc) 1.30e-04/3.50e-05 | cuda_peak(alloc/resv) 21.78/28.18GB | phase(train/val/raw/train_eval) 3.9/0.6/0.0/0.0s | 4.5s
2026-08-27 13:58:08 | Epoch 008/060 | loss 1.7729 | cls 1.2189 | tal -0.0463 | dual_g 0.5679 | dual_d 0.8236 | train_acc 0.9115 | train_full n/a | val_acc 0.7917 | val_f1 0.7981 | adv/moduleC 0.15/0.62 | disc_steps 7 | grad(main/disc) 7.329/1.492 | lr(main/disc) 1.30e-04/3.50e-05 | cuda_peak(alloc/resv) 21.78/28.18GB | phase(train/val/raw/train_eval) 3.8/0.6/0.6/0.0s | 5.0s
2026-08-27 13:58:11 | New best val_f1_macro_present: 0.7981 at epoch 8
2026-08-27 13:58:15 | Epoch 009/060 | loss 1.7423 | cls 1.1285 | tal -0.0578 | dual_g 0.6311 | dual_d 0.8000 | train_acc 0.9363 | train_full n/a | val_acc 0.8083 | val_f1 0.7566 | adv/moduleC 0.20/0.75 | disc_steps 7 | grad(main/disc) 7.344/1.429 | lr(main/disc) 1.30e-04/3.50e-05 | cuda_peak(alloc/resv) 21.78/28.18GB | phase(train/val/raw/train_eval) 3.8/0.6/0.0/0.0s | 4.4s
2026-08-27 13:58:21 | Epoch 010/060 | loss 1.7669 | cls 1.0678 | tal -0.0376 | dual_g 0.7103 | dual_d 0.7894 | train_acc 0.9519 | train_full 0.8688 | val_acc 0.8083 | val_f1 0.8019 | adv/moduleC 0.25/0.88 | disc_steps 7 | grad(main/disc) 6.630/1.370 | lr(main/disc) 1.30e-04/3.50e-05 | cuda_peak(alloc/resv) 21.78/28.18GB | phase(train/val/raw/train_eval) 3.6/0.6/0.6/0.8s | 5.5s
2026-08-27 13:58:23 | New best val_f1_macro_present: 0.8019 at epoch 10
2026-08-27 13:58:28 | Epoch 011/060 | loss 1.7480 | cls 1.0089 | tal -0.0850 | dual_g 0.7646 | dual_d 0.7877 | train_acc 0.9425 | train_full n/a | val_acc 0.8833 | val_f1 0.8567 | adv/moduleC 0.30/1.00 | disc_steps 7 | grad(main/disc) 6.920/1.317 | lr(main/disc) 1.30e-04/3.50e-05 | cuda_peak(alloc/resv) 21.78/28.18GB | phase(train/val/raw/train_eval) 3.9/0.6/0.6/0.0s | 5.0s
2026-08-27 13:58:31 | New best val_f1_macro_present: 0.8567 at epoch 11
2026-08-27 13:58:36 | Epoch 012/060 | loss 1.6504 | cls 0.9541 | tal -0.0983 | dual_g 0.7257 | dual_d 0.7894 | train_acc 0.9752 | train_full n/a | val_acc 0.9167 | val_f1 0.8719 | adv/moduleC 0.35/1.00 | disc_steps 7 | grad(main/disc) 6.826/1.311 | lr(main/disc) 1.30e-04/3.50e-05 | cuda_peak(alloc/resv) 21.78/28.18GB | phase(train/val/raw/train_eval) 3.7/0.6/0.6/0.0s | 4.8s
2026-08-27 13:58:39 | New best val_f1_macro_present: 0.8719 at epoch 12
2026-08-27 13:58:44 | Epoch 013/060 | loss 1.5919 | cls 0.9218 | tal -0.1230 | dual_g 0.7070 | dual_d 0.7835 | train_acc 0.9767 | train_full n/a | val_acc 0.9250 | val_f1 0.9134 | adv/moduleC 0.40/1.00 | disc_steps 7 | grad(main/disc) 4.639/1.259 | lr(main/disc) 1.30e-04/3.50e-05 | cuda_peak(alloc/resv) 21.78/28.18GB | phase(train/val/raw/train_eval) 3.8/0.6/0.6/0.0s | 5.0s
2026-08-27 13:58:46 | New best val_f1_macro_present: 0.9134 at epoch 13
2026-08-27 13:58:51 | Epoch 014/060 | loss 1.5233 | cls 0.8702 | tal -0.0691 | dual_g 0.6739 | dual_d 0.8108 | train_acc 0.9922 | train_full n/a | val_acc 0.9083 | val_f1 0.8525 | adv/moduleC 0.45/1.00 | disc_steps 7 | grad(main/disc) 4.170/1.262 | lr(main/disc) 1.30e-04/3.50e-05 | cuda_peak(alloc/resv) 21.78/28.18GB | phase(train/val/raw/train_eval) 3.7/0.6/0.0/0.0s | 4.3s
2026-08-27 13:58:56 | Epoch 015/060 | loss 1.4827 | cls 0.8659 | tal -0.1260 | dual_g 0.6546 | dual_d 0.8266 | train_acc 0.9845 | train_full 0.9118 | val_acc 0.9000 | val_f1 0.8685 | adv/moduleC 0.50/1.00 | disc_steps 7 | grad(main/disc) 4.037/1.262 | lr(main/disc) 1.30e-04/3.50e-05 | cuda_peak(alloc/resv) 21.78/28.18GB | phase(train/val/raw/train_eval) 3.8/0.6/0.6/0.8s | 5.7s
2026-08-27 13:59:01 | Epoch 016/060 | loss 1.4525 | cls 0.8656 | tal -0.1634 | dual_g 0.6359 | dual_d 0.8316 | train_acc 0.9876 | train_full n/a | val_acc 0.9250 | val_f1 0.9110 | adv/moduleC 0.55/1.00 | disc_steps 7 | grad(main/disc) 3.582/1.290 | lr(main/disc) 1.30e-04/3.50e-05 | cuda_peak(alloc/resv) 21.78/28.18GB | phase(train/val/raw/train_eval) 4.0/0.6/0.0/0.0s | 4.5s
2026-08-27 13:59:05 | Epoch 017/060 | loss 1.4201 | cls 0.8440 | tal -0.1653 | dual_g 0.6257 | dual_d 0.9026 | train_acc 0.9907 | train_full n/a | val_acc 0.9417 | val_f1 0.9131 | adv/moduleC 0.60/1.00 | disc_steps 7 | grad(main/disc) 3.110/1.294 | lr(main/disc) 1.30e-04/3.50e-05 | cuda_peak(alloc/resv) 21.78/28.18GB | phase(train/val/raw/train_eval) 3.7/0.6/0.0/0.0s | 4.3s
2026-08-27 13:59:10 | Epoch 018/060 | loss 1.4187 | cls 0.8420 | tal -0.1644 | dual_g 0.6260 | dual_d 0.9089 | train_acc 0.9938 | train_full n/a | val_acc 0.9833 | val_f1 0.9738 | adv/moduleC 0.65/1.00 | disc_steps 7 | grad(main/disc) 3.078/1.260 | lr(main/disc) 1.30e-04/3.50e-05 | cuda_peak(alloc/resv) 21.78/28.18GB | phase(train/val/raw/train_eval) 3.6/0.6/0.6/0.0s | 4.8s
2026-08-27 13:59:13 | New best val_f1_macro_present: 0.9738 at epoch 18
2026-08-27 13:59:17 | Epoch 019/060 | loss 1.4171 | cls 0.8352 | tal -0.1232 | dual_g 0.6188 | dual_d 0.9233 | train_acc 0.9922 | train_full n/a | val_acc 0.9083 | val_f1 0.8803 | adv/moduleC 0.70/1.00 | disc_steps 7 | grad(main/disc) 3.066/1.277 | lr(main/disc) 1.30e-04/3.50e-05 | cuda_peak(alloc/resv) 21.78/28.18GB | phase(train/val/raw/train_eval) 3.7/0.6/0.0/0.0s | 4.3s
2026-08-27 13:59:23 | Epoch 020/060 | loss 1.3937 | cls 0.8233 | tal -0.1190 | dual_g 0.6061 | dual_d 0.9718 | train_acc 0.9953 | train_full 0.9570 | val_acc 0.9500 | val_f1 0.9149 | adv/moduleC 0.75/1.00 | disc_steps 7 | grad(main/disc) 2.524/1.284 | lr(main/disc) 1.30e-04/3.50e-05 | cuda_peak(alloc/resv) 21.78/28.18GB | phase(train/val/raw/train_eval) 3.7/0.6/0.6/0.8s | 5.7s
2026-08-27 13:59:27 | Epoch 021/060 | loss 1.3907 | cls 0.8162 | tal -0.0919 | dual_g 0.6021 | dual_d 0.9607 | train_acc 0.9984 | train_full n/a | val_acc 0.9083 | val_f1 0.8884 | adv/moduleC 0.80/1.00 | disc_steps 7 | grad(main/disc) 2.393/1.235 | lr(main/disc) 1.30e-04/3.50e-05 | cuda_peak(alloc/resv) 21.78/28.18GB | phase(train/val/raw/train_eval) 3.8/0.6/0.0/0.0s | 4.4s
2026-08-27 13:59:32 | Epoch 022/060 | loss 1.3687 | cls 0.8183 | tal -0.1305 | dual_g 0.5895 | dual_d 1.0057 | train_acc 0.9938 | train_full n/a | val_acc 0.9583 | val_f1 0.9300 | adv/moduleC 0.85/1.00 | disc_steps 7 | grad(main/disc) 2.495/1.282 | lr(main/disc) 1.30e-04/3.50e-05 | cuda_peak(alloc/resv) 21.78/28.18GB | phase(train/val/raw/train_eval) 3.8/0.6/0.0/0.0s | 4.4s
2026-08-27 13:59:36 | Epoch 023/060 | loss 1.3756 | cls 0.8143 | tal -0.0869 | dual_g 0.5873 | dual_d 1.0288 | train_acc 0.9969 | train_full n/a | val_acc 0.9583 | val_f1 0.9401 | adv/moduleC 0.90/1.00 | disc_steps 7 | grad(main/disc) 2.386/1.337 | lr(main/disc) 1.30e-04/3.50e-05 | cuda_peak(alloc/resv) 21.78/28.18GB | phase(train/val/raw/train_eval) 3.6/0.6/0.0/0.0s | 4.2s
2026-08-27 13:59:40 | Epoch 024/060 | loss 1.3536 | cls 0.7979 | tal -0.0774 | dual_g 0.5789 | dual_d 1.0752 | train_acc 0.9984 | train_full n/a | val_acc 0.9417 | val_f1 0.8937 | adv/moduleC 0.95/1.00 | disc_steps 7 | grad(main/disc) 2.072/1.352 | lr(main/disc) 1.30e-04/3.50e-05 | cuda_peak(alloc/resv) 21.78/28.18GB | phase(train/val/raw/train_eval) 3.7/0.5/0.0/0.0s | 4.3s
2026-08-27 13:59:46 | Epoch 025/060 | loss 1.3507 | cls 0.7938 | tal -0.0546 | dual_g 0.5734 | dual_d 1.0557 | train_acc 1.0000 | train_full 0.9742 | val_acc 0.9750 | val_f1 0.9760 | adv/moduleC 1.00/1.00 | disc_steps 7 | grad(main/disc) 1.627/1.329 | lr(main/disc) 1.30e-04/3.50e-05 | cuda_peak(alloc/resv) 21.78/28.18GB | phase(train/val/raw/train_eval) 3.9/0.6/0.6/0.8s | 5.8s
2026-08-27 13:59:48 | New best val_f1_macro_present: 0.9760 at epoch 25
2026-08-27 13:59:53 | Epoch 026/060 | loss 1.3431 | cls 0.7948 | tal -0.0876 | dual_g 0.5746 | dual_d 1.0755 | train_acc 1.0000 | train_full n/a | val_acc 0.9083 | val_f1 0.9078 | adv/moduleC 1.00/1.00 | disc_steps 7 | grad(main/disc) 1.915/1.360 | lr(main/disc) 1.30e-04/3.50e-05 | cuda_peak(alloc/resv) 21.78/28.18GB | phase(train/val/raw/train_eval) 3.7/0.6/0.0/0.0s | 4.2s
2026-08-27 13:59:57 | Epoch 027/060 | loss 1.3347 | cls 0.7892 | tal -0.0446 | dual_g 0.5589 | dual_d 1.0596 | train_acc 1.0000 | train_full n/a | val_acc 0.9417 | val_f1 0.9177 | adv/moduleC 1.00/1.00 | disc_steps 7 | grad(main/disc) 1.430/1.309 | lr(main/disc) 1.30e-04/3.50e-05 | cuda_peak(alloc/resv) 21.78/28.18GB | phase(train/val/raw/train_eval) 3.5/0.6/0.0/0.0s | 4.1s
2026-08-27 14:00:01 | Epoch 028/060 | loss 1.3302 | cls 0.7916 | tal -0.0548 | dual_g 0.5550 | dual_d 1.0899 | train_acc 0.9984 | train_full n/a | val_acc 0.9500 | val_f1 0.9149 | adv/moduleC 1.00/1.00 | disc_steps 7 | grad(main/disc) 1.621/1.342 | lr(main/disc) 1.30e-04/3.50e-05 | cuda_peak(alloc/resv) 21.78/28.18GB | phase(train/val/raw/train_eval) 3.8/0.6/0.0/0.0s | 4.3s
2026-08-27 14:00:05 | Epoch 029/060 | loss 1.3051 | cls 0.7796 | tal -0.0953 | dual_g 0.5541 | dual_d 1.0484 | train_acc 1.0000 | train_full n/a | val_acc 0.9667 | val_f1 0.9440 | adv/moduleC 1.00/1.00 | disc_steps 7 | grad(main/disc) 1.455/1.283 | lr(main/disc) 1.30e-04/3.50e-05 | cuda_peak(alloc/resv) 21.78/28.18GB | phase(train/val/raw/train_eval) 3.4/0.6/0.0/0.0s | 3.9s
2026-08-27 14:00:11 | Epoch 030/060 | loss 1.3084 | cls 0.7882 | tal -0.1049 | dual_g 0.5517 | dual_d 1.0657 | train_acc 0.9984 | train_full 0.9677 | val_acc 0.9500 | val_f1 0.9236 | adv/moduleC 1.00/1.00 | disc_steps 7 | grad(main/disc) 1.637/1.302 | lr(main/disc) 1.30e-04/3.50e-05 | cuda_peak(alloc/resv) 21.78/28.18GB | phase(train/val/raw/train_eval) 3.8/0.6/0.6/0.8s | 5.8s
2026-08-27 14:00:15 | Epoch 031/060 | loss 1.3119 | cls 0.7818 | tal -0.0545 | dual_g 0.5465 | dual_d 1.0652 | train_acc 1.0000 | train_full n/a | val_acc 0.9667 | val_f1 0.9503 | adv/moduleC 1.00/1.00 | disc_steps 7 | grad(main/disc) 1.524/1.315 | lr(main/disc) 1.30e-04/3.50e-05 | cuda_peak(alloc/resv) 21.78/28.18GB | phase(train/val/raw/train_eval) 3.9/0.6/0.0/0.0s | 4.4s
2026-08-27 14:00:19 | Epoch 032/060 | loss 1.3031 | cls 0.7834 | tal -0.0781 | dual_g 0.5432 | dual_d 1.0658 | train_acc 1.0000 | train_full n/a | val_acc 0.9583 | val_f1 0.9227 | adv/moduleC 1.00/1.00 | disc_steps 7 | grad(main/disc) 1.605/1.262 | lr(main/disc) 6.50e-05/1.75e-05 | cuda_peak(alloc/resv) 21.78/28.18GB | phase(train/val/raw/train_eval) 3.5/0.6/0.0/0.0s | 4.1s
2026-08-27 14:00:24 | Epoch 033/060 | loss 1.2746 | cls 0.7733 | tal -0.1266 | dual_g 0.5393 | dual_d 1.0390 | train_acc 1.0000 | train_full n/a | val_acc 0.9667 | val_f1 0.9368 | adv/moduleC 1.00/1.00 | disc_steps 7 | grad(main/disc) 1.316/1.219 | lr(main/disc) 6.50e-05/1.75e-05 | cuda_peak(alloc/resv) 21.78/28.18GB | phase(train/val/raw/train_eval) 3.6/0.6/0.0/0.0s | 4.2s
2026-08-27 14:00:28 | Epoch 034/060 | loss 1.2716 | cls 0.7746 | tal -0.1269 | dual_g 0.5350 | dual_d 1.0308 | train_acc 0.9984 | train_full n/a | val_acc 0.9500 | val_f1 0.9236 | adv/moduleC 1.00/1.00 | disc_steps 7 | grad(main/disc) 1.169/1.208 | lr(main/disc) 6.50e-05/1.75e-05 | cuda_peak(alloc/resv) 21.78/28.18GB | phase(train/val/raw/train_eval) 3.9/0.6/0.0/0.0s | 4.5s
2026-08-27 14:00:34 | Epoch 035/060 | loss 1.2738 | cls 0.7771 | tal -0.1256 | dual_g 0.5343 | dual_d 1.0486 | train_acc 1.0000 | train_full 0.9720 | val_acc 0.9667 | val_f1 0.9557 | adv/moduleC 1.00/1.00 | disc_steps 7 | grad(main/disc) 1.243/1.230 | lr(main/disc) 6.50e-05/1.75e-05 | cuda_peak(alloc/resv) 21.78/28.18GB | phase(train/val/raw/train_eval) 3.6/0.6/0.6/0.8s | 5.5s
2026-08-27 14:00:38 | Epoch 036/060 | loss 1.2734 | cls 0.7777 | tal -0.1236 | dual_g 0.5328 | dual_d 1.0453 | train_acc 1.0000 | train_full n/a | val_acc 0.9500 | val_f1 0.9236 | adv/moduleC 1.00/1.00 | disc_steps 7 | grad(main/disc) 1.440/1.251 | lr(main/disc) 6.50e-05/1.75e-05 | cuda_peak(alloc/resv) 21.78/28.18GB | phase(train/val/raw/train_eval) 3.7/0.6/0.0/0.0s | 4.3s
2026-08-27 14:00:42 | Epoch 037/060 | loss 1.2789 | cls 0.7736 | tal -0.0892 | dual_g 0.5321 | dual_d 1.0490 | train_acc 1.0000 | train_full n/a | val_acc 0.9417 | val_f1 0.9095 | adv/moduleC 1.00/1.00 | disc_steps 7 | grad(main/disc) 1.239/1.232 | lr(main/disc) 6.50e-05/1.75e-05 | cuda_peak(alloc/resv) 21.78/28.18GB | phase(train/val/raw/train_eval) 3.5/0.6/0.0/0.0s | 4.1s
2026-08-27 14:00:46 | Epoch 038/060 | loss 1.2674 | cls 0.7714 | tal -0.1000 | dual_g 0.5260 | dual_d 1.0379 | train_acc 1.0000 | train_full n/a | val_acc 0.9417 | val_f1 0.9120 | adv/moduleC 1.00/1.00 | disc_steps 7 | grad(main/disc) 1.207/1.189 | lr(main/disc) 6.50e-05/1.75e-05 | cuda_peak(alloc/resv) 21.78/28.18GB | phase(train/val/raw/train_eval) 3.8/0.6/0.0/0.0s | 4.4s
2026-08-27 14:00:50 | Epoch 039/060 | loss 1.2810 | cls 0.7784 | tal -0.0929 | dual_g 0.5305 | dual_d 1.0378 | train_acc 1.0000 | train_full n/a | val_acc 0.9417 | val_f1 0.9212 | adv/moduleC 1.00/1.00 | disc_steps 7 | grad(main/disc) 1.432/1.198 | lr(main/disc) 3.25e-05/8.75e-06 | cuda_peak(alloc/resv) 21.78/28.18GB | phase(train/val/raw/train_eval) 3.5/0.6/0.0/0.0s | 4.1s
2026-08-27 14:00:56 | Epoch 040/060 | loss 1.2680 | cls 0.7743 | tal -0.1133 | dual_g 0.5277 | dual_d 1.0284 | train_acc 1.0000 | train_full 0.9849 | val_acc 0.9583 | val_f1 0.9243 | adv/moduleC 1.00/1.00 | disc_steps 7 | grad(main/disc) 1.208/1.203 | lr(main/disc) 3.25e-05/8.75e-06 | cuda_peak(alloc/resv) 21.78/28.18GB | phase(train/val/raw/train_eval) 3.9/0.6/0.6/0.8s | 5.8s
2026-08-27 14:00:56 | Early stopping at epoch 40 after 15 epochs without val_f1_macro_present improvement.
2026-08-27 14:00:56 | Training complete. Best validation accuracy: 0.9833 | best val_f1_macro_present: 0.9760
