2026-08-27 14:05:20 | Starting Dual_D standalone training
2026-08-27 14:05:20 | Run directory: runs/module_c_ablation_60_v5/module_c_20260827_121947/module_c_no_identity_黑天_20260827_135710
2026-08-27 14:05:20 | Device: cuda
2026-08-27 14:05:20 | Source train samples: 992
2026-08-27 14:05:20 | Target train samples: 465
2026-08-27 14:05:20 | Target val samples: 120
2026-08-27 14:05:20 | Classes: 14
2026-08-27 14:05:20 | Data audit: same_dir=False | path_overlap(vis/ir/ais)=0/0/0 | content_overlap(vis/ir/ais)=0/0/0 | ais_index_overlap=0 | stem_mismatch(vis-ir/vis-ais)=578/0
2026-08-27 14:05:20 | source_train classes: present 14/14 | absent 0 | counts [0:120, 1:44, 2:69, 3:45, 4:40, 5:30, 6:64, 7:80, 8:116, 9:68, 10:57, 11:83, 12:48, 13:128]
2026-08-27 14:05:20 | target_train classes: present 8/14 | absent 6 | counts [0:100, 2:11, 3:16, 6:89, 9:162, 10:12, 11:44, 13:31]
2026-08-27 14:05:20 | target_val classes: present 8/14 | absent 6 | counts [0:26, 2:3, 3:5, 6:23, 9:41, 10:3, 11:11, 13:8]
2026-08-27 14:05:20 | Paired training classes: 8/14 | class ids [0, 2, 3, 6, 9, 10, 11, 13]
2026-08-27 14:05:20 | Runtime profile: batch=92 | paired_steps=7 | workers=16 | train_eval_every=5 | raw_eval_every=5 | early_stop=15 after min_epoch=35
2026-08-27 14:05:20 | VIS/IR pairing: class-level-unpaired | count-mismatch classes train/val: 10/0 | AIS alignment: none | AIS rows train/val: 0/0
2026-08-27 14:05:21 | Model parameters: total=17277714 | trainable=17120210
2026-08-27 14:05:27 | Epoch 001/060 | loss 5.4866 | cls 5.4237 | tal 0.2099 | dual_g 0.0000 | dual_d 0.0000 | train_acc 0.1413 | train_full 0.1333 | val_acc 0.1917 | val_f1 0.1037 | adv/moduleC 0.00/0.00 | disc_steps 0 | grad(main/disc) 15.084/0.000 | lr(main/disc) 1.30e-04/3.50e-05 | cuda_peak(alloc/resv) 21.77/28.18GB | phase(train/val/raw/train_eval) 4.4/0.6/0.6/0.8s | 6.3s
2026-08-27 14:05:30 | New best val_f1_macro_present: 0.1037 at epoch 1
2026-08-27 14:05:34 | Epoch 002/060 | loss 3.6927 | cls 3.6886 | tal 0.0135 | dual_g 0.0000 | dual_d 0.0000 | train_acc 0.3509 | train_full n/a | val_acc 0.0917 | val_f1 0.0430 | adv/moduleC 0.00/0.00 | disc_steps 0 | grad(main/disc) 10.402/0.000 | lr(main/disc) 1.30e-04/3.50e-05 | cuda_peak(alloc/resv) 21.77/28.18GB | phase(train/val/raw/train_eval) 3.8/0.5/0.0/0.0s | 4.3s
2026-08-27 14:05:39 | Epoch 003/060 | loss 3.0015 | cls 3.0204 | tal -0.0628 | dual_g 0.0000 | dual_d 0.0000 | train_acc 0.5186 | train_full n/a | val_acc 0.1167 | val_f1 0.1094 | adv/moduleC 0.00/0.00 | disc_steps 0 | grad(main/disc) 9.636/0.000 | lr(main/disc) 1.30e-04/3.50e-05 | cuda_peak(alloc/resv) 21.77/28.18GB | phase(train/val/raw/train_eval) 4.3/0.6/0.6/0.0s | 5.5s
2026-08-27 14:05:42 | New best val_f1_macro_present: 0.1094 at epoch 3
2026-08-27 14:05:47 | Epoch 004/060 | loss 2.5502 | cls 2.3787 | tal -0.1156 | dual_g 0.2062 | dual_d 0.0000 | train_acc 0.6599 | train_full n/a | val_acc 0.3083 | val_f1 0.3301 | adv/moduleC 0.00/0.12 | disc_steps 0 | grad(main/disc) 8.755/0.000 | lr(main/disc) 1.30e-04/3.50e-05 | cuda_peak(alloc/resv) 21.77/28.18GB | phase(train/val/raw/train_eval) 3.7/0.6/0.6/0.0s | 4.8s
2026-08-27 14:05:50 | New best val_f1_macro_present: 0.3301 at epoch 4
2026-08-27 14:05:55 | Epoch 005/060 | loss 2.3080 | cls 1.9787 | tal -0.0469 | dual_g 0.3433 | dual_d 0.0000 | train_acc 0.7500 | train_full 0.4968 | val_acc 0.4583 | val_f1 0.5682 | adv/moduleC 0.00/0.25 | disc_steps 0 | grad(main/disc) 8.983/0.000 | lr(main/disc) 1.30e-04/3.50e-05 | cuda_peak(alloc/resv) 21.77/28.18GB | phase(train/val/raw/train_eval) 3.6/0.6/0.6/0.8s | 5.5s
2026-08-27 14:05:58 | New best val_f1_macro_present: 0.5682 at epoch 5
2026-08-27 14:06:03 | Epoch 006/060 | loss 2.1804 | cls 1.7348 | tal -0.0478 | dual_g 0.4599 | dual_d 0.8893 | train_acc 0.7981 | train_full n/a | val_acc 0.6000 | val_f1 0.6327 | adv/moduleC 0.05/0.38 | disc_steps 7 | grad(main/disc) 8.835/1.494 | lr(main/disc) 1.30e-04/3.50e-05 | cuda_peak(alloc/resv) 21.77/28.18GB | phase(train/val/raw/train_eval) 4.0/0.6/0.6/0.0s | 5.2s
2026-08-27 14:06:06 | New best val_f1_macro_present: 0.6327 at epoch 6
2026-08-27 14:06:11 | Epoch 007/060 | loss 2.0354 | cls 1.5158 | tal -0.0783 | dual_g 0.5431 | dual_d 0.8497 | train_acc 0.8447 | train_full n/a | val_acc 0.8083 | val_f1 0.7764 | adv/moduleC 0.10/0.50 | disc_steps 7 | grad(main/disc) 7.634/1.391 | lr(main/disc) 1.30e-04/3.50e-05 | cuda_peak(alloc/resv) 21.77/28.18GB | phase(train/val/raw/train_eval) 3.9/0.6/0.6/0.0s | 5.1s
2026-08-27 14:06:14 | New best val_f1_macro_present: 0.7764 at epoch 7
2026-08-27 14:06:19 | Epoch 008/060 | loss 1.9397 | cls 1.3459 | tal -0.0434 | dual_g 0.6068 | dual_d 0.8207 | train_acc 0.8851 | train_full n/a | val_acc 0.8750 | val_f1 0.8506 | adv/moduleC 0.15/0.62 | disc_steps 7 | grad(main/disc) 7.090/1.346 | lr(main/disc) 1.30e-04/3.50e-05 | cuda_peak(alloc/resv) 21.77/28.18GB | phase(train/val/raw/train_eval) 3.9/0.6/0.6/0.0s | 5.0s
2026-08-27 14:06:22 | New best val_f1_macro_present: 0.8506 at epoch 8
2026-08-27 14:06:27 | Epoch 009/060 | loss 1.8888 | cls 1.2081 | tal -0.0029 | dual_g 0.6816 | dual_d 0.7745 | train_acc 0.9270 | train_full n/a | val_acc 0.8750 | val_f1 0.8436 | adv/moduleC 0.20/0.75 | disc_steps 7 | grad(main/disc) 7.469/1.274 | lr(main/disc) 1.30e-04/3.50e-05 | cuda_peak(alloc/resv) 21.77/28.18GB | phase(train/val/raw/train_eval) 4.0/0.6/0.0/0.0s | 4.6s
2026-08-27 14:06:32 | Epoch 010/060 | loss 1.8107 | cls 1.0847 | tal -0.0504 | dual_g 0.7411 | dual_d 0.7849 | train_acc 0.9519 | train_full 0.9398 | val_acc 0.9083 | val_f1 0.8996 | adv/moduleC 0.25/0.88 | disc_steps 7 | grad(main/disc) 8.405/1.232 | lr(main/disc) 1.30e-04/3.50e-05 | cuda_peak(alloc/resv) 21.77/28.18GB | phase(train/val/raw/train_eval) 3.6/0.6/0.6/0.8s | 5.6s
2026-08-27 14:06:35 | New best val_f1_macro_present: 0.8996 at epoch 10
2026-08-27 14:06:39 | Epoch 011/060 | loss 1.7719 | cls 1.0374 | tal -0.1219 | dual_g 0.7711 | dual_d 0.7685 | train_acc 0.9596 | train_full n/a | val_acc 0.9083 | val_f1 0.8744 | adv/moduleC 0.30/1.00 | disc_steps 7 | grad(main/disc) 5.793/1.171 | lr(main/disc) 1.30e-04/3.50e-05 | cuda_peak(alloc/resv) 21.77/28.18GB | phase(train/val/raw/train_eval) 3.6/0.6/0.0/0.0s | 4.2s
2026-08-27 14:06:43 | Epoch 012/060 | loss 1.6600 | cls 0.9667 | tal -0.1378 | dual_g 0.7346 | dual_d 0.7725 | train_acc 0.9658 | train_full n/a | val_acc 0.9000 | val_f1 0.8927 | adv/moduleC 0.35/1.00 | disc_steps 7 | grad(main/disc) 5.260/1.151 | lr(main/disc) 1.30e-04/3.50e-05 | cuda_peak(alloc/resv) 21.77/28.18GB | phase(train/val/raw/train_eval) 3.7/0.6/0.0/0.0s | 4.3s
2026-08-27 14:06:49 | Epoch 013/060 | loss 1.6162 | cls 0.9420 | tal -0.0975 | dual_g 0.7034 | dual_d 0.7328 | train_acc 0.9689 | train_full n/a | val_acc 0.9583 | val_f1 0.9526 | adv/moduleC 0.40/1.00 | disc_steps 7 | grad(main/disc) 5.743/1.077 | lr(main/disc) 1.30e-04/3.50e-05 | cuda_peak(alloc/resv) 21.77/28.18GB | phase(train/val/raw/train_eval) 3.9/0.6/0.6/0.0s | 5.0s
2026-08-27 14:06:51 | New best val_f1_macro_present: 0.9526 at epoch 13
2026-08-27 14:06:56 | Epoch 014/060 | loss 1.5490 | cls 0.8934 | tal -0.1126 | dual_g 0.6894 | dual_d 0.7423 | train_acc 0.9922 | train_full n/a | val_acc 0.9167 | val_f1 0.8888 | adv/moduleC 0.45/1.00 | disc_steps 7 | grad(main/disc) 4.383/1.081 | lr(main/disc) 1.30e-04/3.50e-05 | cuda_peak(alloc/resv) 21.77/28.18GB | phase(train/val/raw/train_eval) 3.8/0.6/0.0/0.0s | 4.4s
2026-08-27 14:07:02 | Epoch 015/060 | loss 1.5508 | cls 0.9091 | tal -0.1296 | dual_g 0.6806 | dual_d 0.7485 | train_acc 0.9829 | train_full 0.9699 | val_acc 0.9333 | val_f1 0.9370 | adv/moduleC 0.50/1.00 | disc_steps 7 | grad(main/disc) 5.139/1.059 | lr(main/disc) 1.30e-04/3.50e-05 | cuda_peak(alloc/resv) 21.77/28.18GB | phase(train/val/raw/train_eval) 3.9/0.6/0.6/0.8s | 5.9s
2026-08-27 14:07:06 | Epoch 016/060 | loss 1.4980 | cls 0.8677 | tal -0.1114 | dual_g 0.6637 | dual_d 0.7620 | train_acc 0.9876 | train_full n/a | val_acc 0.9250 | val_f1 0.9074 | adv/moduleC 0.55/1.00 | disc_steps 7 | grad(main/disc) 3.543/1.052 | lr(main/disc) 1.30e-04/3.50e-05 | cuda_peak(alloc/resv) 21.77/28.18GB | phase(train/val/raw/train_eval) 3.9/0.6/0.0/0.0s | 4.5s
2026-08-27 14:07:11 | Epoch 017/060 | loss 1.4503 | cls 0.8456 | tal -0.1244 | dual_g 0.6419 | dual_d 0.7722 | train_acc 0.9922 | train_full n/a | val_acc 0.9583 | val_f1 0.9433 | adv/moduleC 0.60/1.00 | disc_steps 7 | grad(main/disc) 3.120/1.048 | lr(main/disc) 1.30e-04/3.50e-05 | cuda_peak(alloc/resv) 21.77/28.18GB | phase(train/val/raw/train_eval) 4.1/0.6/0.0/0.0s | 4.6s
2026-08-27 14:07:15 | Epoch 018/060 | loss 1.4366 | cls 0.8447 | tal -0.1411 | dual_g 0.6342 | dual_d 0.7970 | train_acc 0.9938 | train_full n/a | val_acc 0.9583 | val_f1 0.9414 | adv/moduleC 0.65/1.00 | disc_steps 7 | grad(main/disc) 3.595/1.055 | lr(main/disc) 1.30e-04/3.50e-05 | cuda_peak(alloc/resv) 21.77/28.18GB | phase(train/val/raw/train_eval) 3.8/0.6/0.0/0.0s | 4.4s
2026-08-27 14:07:20 | Epoch 019/060 | loss 1.4281 | cls 0.8382 | tal -0.1371 | dual_g 0.6311 | dual_d 0.8294 | train_acc 0.9938 | train_full n/a | val_acc 0.9583 | val_f1 0.9441 | adv/moduleC 0.70/1.00 | disc_steps 7 | grad(main/disc) 3.338/1.089 | lr(main/disc) 1.30e-04/3.50e-05 | cuda_peak(alloc/resv) 21.77/28.18GB | phase(train/val/raw/train_eval) 4.2/0.6/0.0/0.0s | 4.8s
2026-08-27 14:07:26 | Epoch 020/060 | loss 1.4125 | cls 0.8241 | tal -0.0980 | dual_g 0.6177 | dual_d 0.8382 | train_acc 0.9984 | train_full 0.9656 | val_acc 0.9167 | val_f1 0.8868 | adv/moduleC 0.75/1.00 | disc_steps 7 | grad(main/disc) 2.745/1.079 | lr(main/disc) 6.50e-05/1.75e-05 | cuda_peak(alloc/resv) 21.77/28.18GB | phase(train/val/raw/train_eval) 3.9/0.6/0.6/0.9s | 5.8s
2026-08-27 14:07:30 | Epoch 021/060 | loss 1.3965 | cls 0.8187 | tal -0.0941 | dual_g 0.6060 | dual_d 0.8528 | train_acc 0.9969 | train_full n/a | val_acc 0.9500 | val_f1 0.9458 | adv/moduleC 0.80/1.00 | disc_steps 7 | grad(main/disc) 3.057/1.071 | lr(main/disc) 6.50e-05/1.75e-05 | cuda_peak(alloc/resv) 21.77/28.18GB | phase(train/val/raw/train_eval) 4.0/0.6/0.0/0.0s | 4.5s
2026-08-27 14:07:35 | Epoch 022/060 | loss 1.3892 | cls 0.8206 | tal -0.1263 | dual_g 0.6064 | dual_d 0.8514 | train_acc 0.9984 | train_full n/a | val_acc 0.9417 | val_f1 0.9392 | adv/moduleC 0.85/1.00 | disc_steps 7 | grad(main/disc) 2.570/1.076 | lr(main/disc) 6.50e-05/1.75e-05 | cuda_peak(alloc/resv) 21.77/28.18GB | phase(train/val/raw/train_eval) 4.1/0.6/0.0/0.0s | 4.6s
2026-08-27 14:07:39 | Epoch 023/060 | loss 1.3620 | cls 0.8038 | tal -0.1328 | dual_g 0.5979 | dual_d 0.8730 | train_acc 0.9953 | train_full n/a | val_acc 0.9583 | val_f1 0.9464 | adv/moduleC 0.90/1.00 | disc_steps 7 | grad(main/disc) 1.771/1.072 | lr(main/disc) 6.50e-05/1.75e-05 | cuda_peak(alloc/resv) 21.77/28.18GB | phase(train/val/raw/train_eval) 3.6/0.6/0.0/0.0s | 4.1s
2026-08-27 14:07:44 | Epoch 024/060 | loss 1.3606 | cls 0.8072 | tal -0.1392 | dual_g 0.5953 | dual_d 0.8904 | train_acc 0.9969 | train_full n/a | val_acc 0.9750 | val_f1 0.9626 | adv/moduleC 0.95/1.00 | disc_steps 7 | grad(main/disc) 1.911/1.097 | lr(main/disc) 6.50e-05/1.75e-05 | cuda_peak(alloc/resv) 21.77/28.18GB | phase(train/val/raw/train_eval) 4.1/0.6/0.6/0.0s | 5.3s
2026-08-27 14:07:47 | New best val_f1_macro_present: 0.9626 at epoch 24
2026-08-27 14:07:53 | Epoch 025/060 | loss 1.3286 | cls 0.7943 | tal -0.1911 | dual_g 0.5916 | dual_d 0.9122 | train_acc 0.9984 | train_full 0.9957 | val_acc 0.9833 | val_f1 0.9714 | adv/moduleC 1.00/1.00 | disc_steps 7 | grad(main/disc) 1.691/1.086 | lr(main/disc) 6.50e-05/1.75e-05 | cuda_peak(alloc/resv) 21.77/28.18GB | phase(train/val/raw/train_eval) 4.4/0.6/0.6/0.8s | 6.3s
2026-08-27 14:07:56 | New best val_f1_macro_present: 0.9714 at epoch 25
2026-08-27 14:08:01 | Epoch 026/060 | loss 1.3247 | cls 0.7948 | tal -0.1823 | dual_g 0.5846 | dual_d 0.9418 | train_acc 1.0000 | train_full n/a | val_acc 0.9750 | val_f1 0.9626 | adv/moduleC 1.00/1.00 | disc_steps 7 | grad(main/disc) 1.482/1.139 | lr(main/disc) 6.50e-05/1.75e-05 | cuda_peak(alloc/resv) 21.77/28.18GB | phase(train/val/raw/train_eval) 3.7/0.6/0.0/0.0s | 4.3s
2026-08-27 14:08:05 | Epoch 027/060 | loss 1.3378 | cls 0.8019 | tal -0.1780 | dual_g 0.5893 | dual_d 0.9515 | train_acc 0.9984 | train_full n/a | val_acc 0.9583 | val_f1 0.9415 | adv/moduleC 1.00/1.00 | disc_steps 7 | grad(main/disc) 2.032/1.165 | lr(main/disc) 6.50e-05/1.75e-05 | cuda_peak(alloc/resv) 21.77/28.18GB | phase(train/val/raw/train_eval) 4.2/0.6/0.0/0.0s | 4.8s
2026-08-27 14:08:10 | Epoch 028/060 | loss 1.3373 | cls 0.7996 | tal -0.1512 | dual_g 0.5830 | dual_d 0.9677 | train_acc 0.9969 | train_full n/a | val_acc 0.9583 | val_f1 0.9543 | adv/moduleC 1.00/1.00 | disc_steps 7 | grad(main/disc) 1.987/1.153 | lr(main/disc) 6.50e-05/1.75e-05 | cuda_peak(alloc/resv) 21.77/28.18GB | phase(train/val/raw/train_eval) 4.1/0.6/0.0/0.0s | 4.6s
2026-08-27 14:08:15 | Epoch 029/060 | loss 1.3198 | cls 0.7949 | tal -0.1686 | dual_g 0.5754 | dual_d 0.9728 | train_acc 1.0000 | train_full n/a | val_acc 0.9500 | val_f1 0.9390 | adv/moduleC 1.00/1.00 | disc_steps 7 | grad(main/disc) 1.905/1.168 | lr(main/disc) 6.50e-05/1.75e-05 | cuda_peak(alloc/resv) 21.77/28.18GB | phase(train/val/raw/train_eval) 4.1/0.6/0.0/0.0s | 4.6s
2026-08-27 14:08:20 | Epoch 030/060 | loss 1.3497 | cls 0.7973 | tal -0.1098 | dual_g 0.5854 | dual_d 0.9716 | train_acc 0.9969 | train_full 0.9914 | val_acc 0.9500 | val_f1 0.9281 | adv/moduleC 1.00/1.00 | disc_steps 7 | grad(main/disc) 2.091/1.179 | lr(main/disc) 6.50e-05/1.75e-05 | cuda_peak(alloc/resv) 21.77/28.18GB | phase(train/val/raw/train_eval) 3.8/0.6/0.6/0.8s | 5.8s
2026-08-27 14:08:25 | Epoch 031/060 | loss 1.3454 | cls 0.8011 | tal -0.1193 | dual_g 0.5801 | dual_d 0.9806 | train_acc 0.9984 | train_full n/a | val_acc 0.9750 | val_f1 0.9663 | adv/moduleC 1.00/1.00 | disc_steps 7 | grad(main/disc) 2.281/1.169 | lr(main/disc) 6.50e-05/1.75e-05 | cuda_peak(alloc/resv) 21.77/28.18GB | phase(train/val/raw/train_eval) 3.9/0.6/0.0/0.0s | 4.4s
2026-08-27 14:08:29 | Epoch 032/060 | loss 1.3296 | cls 0.7928 | tal -0.1287 | dual_g 0.5754 | dual_d 0.9828 | train_acc 0.9984 | train_full n/a | val_acc 0.9750 | val_f1 0.9663 | adv/moduleC 1.00/1.00 | disc_steps 7 | grad(main/disc) 1.582/1.144 | lr(main/disc) 3.25e-05/8.75e-06 | cuda_peak(alloc/resv) 21.77/28.18GB | phase(train/val/raw/train_eval) 4.0/0.5/0.0/0.0s | 4.6s
2026-08-27 14:08:34 | Epoch 033/060 | loss 1.3316 | cls 0.7955 | tal -0.1146 | dual_g 0.5706 | dual_d 0.9951 | train_acc 1.0000 | train_full n/a | val_acc 0.9750 | val_f1 0.9644 | adv/moduleC 1.00/1.00 | disc_steps 7 | grad(main/disc) 1.654/1.186 | lr(main/disc) 3.25e-05/8.75e-06 | cuda_peak(alloc/resv) 21.77/28.18GB | phase(train/val/raw/train_eval) 3.8/0.6/0.0/0.0s | 4.4s
2026-08-27 14:08:38 | Epoch 034/060 | loss 1.3096 | cls 0.7842 | tal -0.1436 | dual_g 0.5686 | dual_d 0.9829 | train_acc 0.9984 | train_full n/a | val_acc 0.9750 | val_f1 0.9644 | adv/moduleC 1.00/1.00 | disc_steps 7 | grad(main/disc) 1.459/1.153 | lr(main/disc) 3.25e-05/8.75e-06 | cuda_peak(alloc/resv) 21.77/28.18GB | phase(train/val/raw/train_eval) 4.2/0.6/0.0/0.0s | 4.7s
2026-08-27 14:08:45 | Epoch 035/060 | loss 1.3111 | cls 0.7913 | tal -0.1602 | dual_g 0.5679 | dual_d 0.9816 | train_acc 1.0000 | train_full 0.9935 | val_acc 0.9583 | val_f1 0.9507 | adv/moduleC 1.00/1.00 | disc_steps 7 | grad(main/disc) 1.484/1.155 | lr(main/disc) 3.25e-05/8.75e-06 | cuda_peak(alloc/resv) 21.77/28.18GB | phase(train/val/raw/train_eval) 4.2/0.6/0.6/0.8s | 6.2s
2026-08-27 14:08:49 | Epoch 036/060 | loss 1.3129 | cls 0.7906 | tal -0.1449 | dual_g 0.5658 | dual_d 0.9868 | train_acc 0.9984 | train_full n/a | val_acc 0.9750 | val_f1 0.9644 | adv/moduleC 1.00/1.00 | disc_steps 7 | grad(main/disc) 1.525/1.161 | lr(main/disc) 3.25e-05/8.75e-06 | cuda_peak(alloc/resv) 21.77/28.18GB | phase(train/val/raw/train_eval) 3.9/0.6/0.0/0.0s | 4.4s
2026-08-27 14:08:54 | Epoch 037/060 | loss 1.2911 | cls 0.7844 | tal -0.1909 | dual_g 0.5639 | dual_d 1.0131 | train_acc 0.9984 | train_full n/a | val_acc 0.9750 | val_f1 0.9644 | adv/moduleC 1.00/1.00 | disc_steps 7 | grad(main/disc) 1.486/1.158 | lr(main/disc) 3.25e-05/8.75e-06 | cuda_peak(alloc/resv) 21.77/28.18GB | phase(train/val/raw/train_eval) 3.9/0.6/0.0/0.0s | 4.5s
2026-08-27 14:08:58 | Epoch 038/060 | loss 1.2901 | cls 0.7868 | tal -0.1938 | dual_g 0.5614 | dual_d 0.9945 | train_acc 0.9984 | train_full n/a | val_acc 0.9750 | val_f1 0.9644 | adv/moduleC 1.00/1.00 | disc_steps 7 | grad(main/disc) 1.388/1.174 | lr(main/disc) 3.25e-05/8.75e-06 | cuda_peak(alloc/resv) 21.77/28.18GB | phase(train/val/raw/train_eval) 3.9/0.6/0.0/0.0s | 4.4s
2026-08-27 14:09:02 | Epoch 039/060 | loss 1.2957 | cls 0.7882 | tal -0.1800 | dual_g 0.5615 | dual_d 1.0001 | train_acc 0.9984 | train_full n/a | val_acc 0.9667 | val_f1 0.9557 | adv/moduleC 1.00/1.00 | disc_steps 7 | grad(main/disc) 1.494/1.182 | lr(main/disc) 1.62e-05/4.37e-06 | cuda_peak(alloc/resv) 21.77/28.18GB | phase(train/val/raw/train_eval) 3.8/0.6/0.0/0.0s | 4.4s
2026-08-27 14:09:09 | Epoch 040/060 | loss 1.2825 | cls 0.7795 | tal -0.1843 | dual_g 0.5583 | dual_d 1.0055 | train_acc 1.0000 | train_full 0.9935 | val_acc 0.9750 | val_f1 0.9644 | adv/moduleC 1.00/1.00 | disc_steps 7 | grad(main/disc) 1.420/1.159 | lr(main/disc) 1.62e-05/4.37e-06 | cuda_peak(alloc/resv) 21.77/28.18GB | phase(train/val/raw/train_eval) 4.2/0.6/0.6/0.8s | 6.2s
2026-08-27 14:09:09 | Early stopping at epoch 40 after 15 epochs without val_f1_macro_present improvement.
2026-08-27 14:09:09 | Training complete. Best validation accuracy: 0.9833 | best val_f1_macro_present: 0.9714
