2026-08-18 16:15:47 | Starting Dual_D standalone training
2026-08-18 16:15:47 | Run directory: runs/dual_d_黑天_iter01_20260818_161547
2026-08-18 16:15:47 | Device: cuda
2026-08-18 16:15:47 | Source train samples: 992
2026-08-18 16:15:47 | Target train samples: 465
2026-08-18 16:15:47 | Target val samples: 120
2026-08-18 16:15:47 | Classes: 14
2026-08-18 16:15:47 | Data audit: same_dir=False | path_overlap(vis/ir/ais)=0/0/0 | content_overlap(vis/ir/ais)=0/0/0 | ais_index_overlap=0 | stem_mismatch(vis-ir/vis-ais)=578/0
2026-08-18 16:15:47 | source_train classes: present 14/14 | absent 0 | counts [0:120, 1:44, 2:69, 3:45, 4:40, 5:30, 6:64, 7:80, 8:116, 9:68, 10:57, 11:83, 12:48, 13:128]
2026-08-18 16:15:47 | target_train classes: present 8/14 | absent 6 | counts [0:100, 2:11, 3:16, 6:89, 9:162, 10:12, 11:44, 13:31]
2026-08-18 16:15:47 | target_val classes: present 8/14 | absent 6 | counts [0:26, 2:3, 3:5, 6:23, 9:41, 10:3, 11:11, 13:8]
2026-08-18 16:15:47 | Paired training classes: 8/14 | class ids [0, 2, 3, 6, 9, 10, 11, 13]
2026-08-18 16:15:47 | VIS/IR pairing: class-level-unpaired | count-mismatch classes train/val: 10/0 | AIS alignment: none | AIS rows train/val: 0/0
2026-08-18 16:15:48 | Model parameters: total=17517458 | trainable=17359954
2026-08-18 16:17:01 | Epoch 001/100 | loss 10.9673 | cls 5.0648 | tal 0.0729 | dual_g 5.8806 | dual_d 0.0000 | train_acc 0.2388 | train_full 0.0559 | val_acc 0.0500 | val_f1 0.0534 | grad(main/disc) 34.667/0.000 | lr(main/disc) 1.00e-04/5.00e-05 | 73.3s
2026-08-18 16:17:01 | New best val_acc: 0.0500 at epoch 1
2026-08-18 16:18:16 | Epoch 002/100 | loss 7.7914 | cls 3.5205 | tal -0.0893 | dual_g 4.2976 | dual_d 0.0000 | train_acc 0.5402 | train_full 0.2538 | val_acc 0.2833 | val_f1 0.3551 | grad(main/disc) 26.198/0.000 | lr(main/disc) 1.00e-04/5.00e-05 | 74.9s
2026-08-18 16:18:17 | New best val_acc: 0.2833 at epoch 2
2026-08-18 16:19:31 | Epoch 003/100 | loss 6.1017 | cls 2.6797 | tal -0.1247 | dual_g 3.4594 | dual_d 0.0000 | train_acc 0.7009 | train_full 0.3333 | val_acc 0.3333 | val_f1 0.5030 | grad(main/disc) 23.005/0.000 | lr(main/disc) 1.00e-04/5.00e-05 | 73.6s
2026-08-18 16:19:31 | New best val_acc: 0.3333 at epoch 3
2026-08-18 16:20:43 | Epoch 004/100 | loss 5.3107 | cls 2.3225 | tal -0.0867 | dual_g 3.0142 | dual_d 0.0000 | train_acc 0.7812 | train_full 0.6753 | val_acc 0.6583 | val_f1 0.6833 | grad(main/disc) 20.743/0.000 | lr(main/disc) 1.00e-04/5.00e-05 | 71.6s
2026-08-18 16:20:43 | New best val_acc: 0.6583 at epoch 4
2026-08-18 16:21:54 | Epoch 005/100 | loss 4.7155 | cls 2.0658 | tal -0.1241 | dual_g 2.6870 | dual_d 0.0000 | train_acc 0.8214 | train_full 0.7720 | val_acc 0.7333 | val_f1 0.7158 | grad(main/disc) 20.607/0.000 | lr(main/disc) 1.00e-04/5.00e-05 | 71.1s
2026-08-18 16:21:55 | New best val_acc: 0.7333 at epoch 5
2026-08-18 16:23:03 | Epoch 006/100 | loss 4.3680 | cls 1.9197 | tal -0.0844 | dual_g 2.4736 | dual_d 0.0000 | train_acc 0.8795 | train_full 0.6323 | val_acc 0.6167 | val_f1 0.6611 | grad(main/disc) 18.542/0.000 | lr(main/disc) 1.00e-04/5.00e-05 | 68.7s
2026-08-18 16:24:16 | Epoch 007/100 | loss 4.0104 | cls 1.7028 | tal -0.1149 | dual_g 2.3420 | dual_d 0.0000 | train_acc 0.9241 | train_full 0.8495 | val_acc 0.8250 | val_f1 0.7773 | grad(main/disc) 17.056/0.000 | lr(main/disc) 1.00e-04/5.00e-05 | 72.8s
2026-08-18 16:24:17 | New best val_acc: 0.8250 at epoch 7
2026-08-18 16:25:28 | Epoch 008/100 | loss 3.8039 | cls 1.6111 | tal -0.1342 | dual_g 2.2330 | dual_d 0.0000 | train_acc 0.9397 | train_full 0.8860 | val_acc 0.8583 | val_f1 0.8123 | grad(main/disc) 14.574/0.000 | lr(main/disc) 1.00e-04/5.00e-05 | 70.7s
2026-08-18 16:25:28 | New best val_acc: 0.8583 at epoch 8
2026-08-18 16:26:40 | Epoch 009/100 | loss 3.5879 | cls 1.5350 | tal -0.1768 | dual_g 2.1059 | dual_d 0.0000 | train_acc 0.9576 | train_full 0.8882 | val_acc 0.8917 | val_f1 0.8388 | grad(main/disc) 12.719/0.000 | lr(main/disc) 1.00e-04/5.00e-05 | 72.0s
2026-08-18 16:26:41 | New best val_acc: 0.8917 at epoch 9
2026-08-18 16:27:54 | Epoch 010/100 | loss 3.5512 | cls 1.5344 | tal -0.1621 | dual_g 2.0655 | dual_d 0.0000 | train_acc 0.9621 | train_full 0.9054 | val_acc 0.9000 | val_f1 0.8692 | grad(main/disc) 13.367/0.000 | lr(main/disc) 1.00e-04/5.00e-05 | 73.2s
2026-08-18 16:27:54 | New best val_acc: 0.9000 at epoch 10
2026-08-18 16:29:03 | Epoch 011/100 | loss 3.3678 | cls 1.4273 | tal -0.1838 | dual_g 1.9957 | dual_d 0.8487 | train_acc 0.9777 | train_full 0.9097 | val_acc 0.9083 | val_f1 0.8852 | grad(main/disc) 9.951/1.982 | lr(main/disc) 1.00e-04/5.00e-05 | 68.9s
2026-08-18 16:29:04 | New best val_acc: 0.9083 at epoch 11
2026-08-18 16:30:18 | Epoch 012/100 | loss 3.3064 | cls 1.4144 | tal -0.1647 | dual_g 1.9415 | dual_d 0.7577 | train_acc 0.9754 | train_full 0.9011 | val_acc 0.8667 | val_f1 0.8095 | grad(main/disc) 9.168/1.812 | lr(main/disc) 1.00e-04/5.00e-05 | 73.6s
2026-08-18 16:31:33 | Epoch 013/100 | loss 3.2848 | cls 1.4173 | tal -0.1391 | dual_g 1.9092 | dual_d 0.7188 | train_acc 0.9688 | train_full 0.9398 | val_acc 0.9250 | val_f1 0.8896 | grad(main/disc) 9.074/1.728 | lr(main/disc) 1.00e-04/5.00e-05 | 74.8s
2026-08-18 16:31:33 | New best val_acc: 0.9250 at epoch 13
2026-08-18 16:32:47 | Epoch 014/100 | loss 3.2051 | cls 1.3675 | tal -0.1288 | dual_g 1.8763 | dual_d 0.6916 | train_acc 0.9821 | train_full 0.9505 | val_acc 0.9500 | val_f1 0.9370 | grad(main/disc) 8.242/1.643 | lr(main/disc) 1.00e-04/5.00e-05 | 73.9s
2026-08-18 16:32:48 | New best val_acc: 0.9500 at epoch 14
2026-08-18 16:34:01 | Epoch 015/100 | loss 3.1369 | cls 1.3550 | tal -0.1609 | dual_g 1.8301 | dual_d 0.6974 | train_acc 0.9955 | train_full 0.9333 | val_acc 0.9250 | val_f1 0.9045 | grad(main/disc) 7.165/1.558 | lr(main/disc) 1.00e-04/5.00e-05 | 73.4s
2026-08-18 16:35:14 | Epoch 016/100 | loss 3.1496 | cls 1.3600 | tal -0.1929 | dual_g 1.8474 | dual_d 0.7140 | train_acc 0.9888 | train_full 0.9742 | val_acc 0.9500 | val_f1 0.9174 | grad(main/disc) 7.810/1.556 | lr(main/disc) 1.00e-04/5.00e-05 | 73.4s
2026-08-18 16:36:30 | Epoch 017/100 | loss 3.1137 | cls 1.3529 | tal -0.1641 | dual_g 1.8100 | dual_d 0.7084 | train_acc 0.9933 | train_full 0.9849 | val_acc 0.9667 | val_f1 0.9579 | grad(main/disc) 7.360/1.513 | lr(main/disc) 1.00e-04/5.00e-05 | 75.3s
2026-08-18 16:36:30 | New best val_acc: 0.9667 at epoch 17
2026-08-18 16:37:45 | Epoch 018/100 | loss 3.0587 | cls 1.3138 | tal -0.1549 | dual_g 1.7914 | dual_d 0.7387 | train_acc 0.9978 | train_full 0.9699 | val_acc 0.9583 | val_f1 0.9590 | grad(main/disc) 6.044/1.520 | lr(main/disc) 1.00e-04/5.00e-05 | 75.0s
2026-08-18 16:38:59 | Epoch 019/100 | loss 3.0295 | cls 1.3079 | tal -0.1753 | dual_g 1.7742 | dual_d 0.7768 | train_acc 1.0000 | train_full 0.9914 | val_acc 0.9750 | val_f1 0.9644 | grad(main/disc) 7.564/1.509 | lr(main/disc) 1.00e-04/5.00e-05 | 73.4s
2026-08-18 16:39:00 | New best val_acc: 0.9750 at epoch 19
2026-08-18 16:40:15 | Epoch 020/100 | loss 2.9753 | cls 1.2968 | tal -0.1828 | dual_g 1.7334 | dual_d 0.7747 | train_acc 0.9955 | train_full 0.9699 | val_acc 0.9583 | val_f1 0.9418 | grad(main/disc) 5.207/1.526 | lr(main/disc) 1.00e-04/5.00e-05 | 75.3s
2026-08-18 16:41:29 | Epoch 021/100 | loss 2.9537 | cls 1.2968 | tal -0.2272 | dual_g 1.7250 | dual_d 0.8388 | train_acc 1.0000 | train_full 0.9828 | val_acc 0.9750 | val_f1 0.9554 | grad(main/disc) 5.134/1.604 | lr(main/disc) 1.00e-04/5.00e-05 | 73.6s
2026-08-18 16:42:43 | Epoch 022/100 | loss 2.9080 | cls 1.2831 | tal -0.2463 | dual_g 1.6988 | dual_d 0.9746 | train_acc 0.9933 | train_full 0.9871 | val_acc 0.9583 | val_f1 0.9418 | grad(main/disc) 4.915/1.715 | lr(main/disc) 1.00e-04/5.00e-05 | 74.4s
2026-08-18 16:43:58 | Epoch 023/100 | loss 2.8838 | cls 1.2771 | tal -0.2448 | dual_g 1.6801 | dual_d 0.9020 | train_acc 1.0000 | train_full 0.9871 | val_acc 0.9750 | val_f1 0.9652 | grad(main/disc) 4.148/1.693 | lr(main/disc) 1.00e-04/5.00e-05 | 74.6s
2026-08-18 16:45:10 | Epoch 024/100 | loss 2.8582 | cls 1.2673 | tal -0.2627 | dual_g 1.6697 | dual_d 0.9693 | train_acc 0.9955 | train_full 0.9742 | val_acc 0.9667 | val_f1 0.9631 | grad(main/disc) 4.316/1.717 | lr(main/disc) 1.00e-04/5.00e-05 | 72.1s
2026-08-18 16:46:24 | Epoch 025/100 | loss 2.8464 | cls 1.2686 | tal -0.2280 | dual_g 1.6462 | dual_d 0.9203 | train_acc 0.9955 | train_full 0.9871 | val_acc 0.9667 | val_f1 0.9479 | grad(main/disc) 3.772/1.649 | lr(main/disc) 1.00e-04/5.00e-05 | 73.5s
2026-08-18 16:47:38 | Epoch 026/100 | loss 2.8307 | cls 1.2619 | tal -0.2752 | dual_g 1.6513 | dual_d 0.9601 | train_acc 0.9955 | train_full 0.9871 | val_acc 0.9667 | val_f1 0.9664 | grad(main/disc) 4.144/1.718 | lr(main/disc) 5.00e-05/2.50e-05 | 73.8s
2026-08-18 16:48:52 | Epoch 027/100 | loss 2.7990 | cls 1.2485 | tal -0.2943 | dual_g 1.6388 | dual_d 1.0243 | train_acc 1.0000 | train_full 0.9935 | val_acc 0.9667 | val_f1 0.9622 | grad(main/disc) 3.566/1.772 | lr(main/disc) 5.00e-05/2.50e-05 | 73.8s
2026-08-18 16:50:06 | Epoch 028/100 | loss 2.7549 | cls 1.2389 | tal -0.3348 | dual_g 1.6164 | dual_d 1.0659 | train_acc 1.0000 | train_full 0.9935 | val_acc 0.9750 | val_f1 0.9794 | grad(main/disc) 2.700/1.792 | lr(main/disc) 5.00e-05/2.50e-05 | 74.2s
2026-08-18 16:51:18 | Epoch 029/100 | loss 2.7834 | cls 1.2494 | tal -0.2925 | dual_g 1.6218 | dual_d 1.0998 | train_acc 0.9978 | train_full 0.9957 | val_acc 0.9750 | val_f1 0.9683 | grad(main/disc) 3.713/1.870 | lr(main/disc) 5.00e-05/2.50e-05 | 71.6s
2026-08-18 16:52:32 | Epoch 030/100 | loss 2.7501 | cls 1.2357 | tal -0.2936 | dual_g 1.6024 | dual_d 1.0574 | train_acc 1.0000 | train_full 0.9828 | val_acc 0.9833 | val_f1 0.9757 | grad(main/disc) 2.712/1.771 | lr(main/disc) 5.00e-05/2.50e-05 | 73.6s
2026-08-18 16:52:33 | New best val_acc: 0.9833 at epoch 30
2026-08-18 16:53:47 | Epoch 031/100 | loss 2.7557 | cls 1.2383 | tal -0.3019 | dual_g 1.6081 | dual_d 1.0501 | train_acc 0.9978 | train_full 0.9957 | val_acc 0.9750 | val_f1 0.9662 | grad(main/disc) 3.016/1.747 | lr(main/disc) 5.00e-05/2.50e-05 | 74.1s
2026-08-18 16:55:01 | Epoch 032/100 | loss 2.7497 | cls 1.2348 | tal -0.2969 | dual_g 1.6040 | dual_d 1.0692 | train_acc 1.0000 | train_full 0.9978 | val_acc 0.9833 | val_f1 0.9856 | grad(main/disc) 3.168/1.820 | lr(main/disc) 5.00e-05/2.50e-05 | 73.8s
2026-08-18 16:56:16 | Epoch 033/100 | loss 2.7530 | cls 1.2389 | tal -0.3282 | dual_g 1.6126 | dual_d 1.1183 | train_acc 0.9955 | train_full 0.9957 | val_acc 0.9917 | val_f1 0.9827 | grad(main/disc) 3.550/1.834 | lr(main/disc) 5.00e-05/2.50e-05 | 74.7s
2026-08-18 16:56:16 | New best val_acc: 0.9917 at epoch 33
2026-08-18 16:57:30 | Epoch 034/100 | loss 2.7385 | cls 1.2313 | tal -0.3464 | dual_g 1.6111 | dual_d 1.1293 | train_acc 0.9978 | train_full 1.0000 | val_acc 0.9833 | val_f1 0.9856 | grad(main/disc) 3.649/1.807 | lr(main/disc) 5.00e-05/2.50e-05 | 74.2s
2026-08-18 16:58:43 | Epoch 035/100 | loss 2.7290 | cls 1.2284 | tal -0.3306 | dual_g 1.5998 | dual_d 1.0865 | train_acc 0.9978 | train_full 0.9978 | val_acc 0.9833 | val_f1 0.9856 | grad(main/disc) 2.985/1.777 | lr(main/disc) 5.00e-05/2.50e-05 | 72.7s
2026-08-18 16:59:57 | Epoch 036/100 | loss 2.7186 | cls 1.2236 | tal -0.3247 | dual_g 1.5925 | dual_d 1.0803 | train_acc 1.0000 | train_full 0.9957 | val_acc 0.9833 | val_f1 0.9757 | grad(main/disc) 2.767/1.784 | lr(main/disc) 5.00e-05/2.50e-05 | 73.4s
2026-08-18 17:01:11 | Epoch 037/100 | loss 2.6981 | cls 1.2207 | tal -0.3421 | dual_g 1.5800 | dual_d 1.1292 | train_acc 0.9978 | train_full 1.0000 | val_acc 0.9833 | val_f1 0.9856 | grad(main/disc) 2.278/1.806 | lr(main/disc) 5.00e-05/2.50e-05 | 74.4s
2026-08-18 17:02:25 | Epoch 038/100 | loss 2.7145 | cls 1.2277 | tal -0.3404 | dual_g 1.5889 | dual_d 1.1662 | train_acc 1.0000 | train_full 0.9978 | val_acc 0.9833 | val_f1 0.9856 | grad(main/disc) 3.053/1.894 | lr(main/disc) 5.00e-05/2.50e-05 | 74.0s
2026-08-18 17:03:41 | Epoch 039/100 | loss 2.6870 | cls 1.2213 | tal -0.3923 | dual_g 1.5834 | dual_d 1.1667 | train_acc 0.9978 | train_full 0.9935 | val_acc 0.9833 | val_f1 0.9757 | grad(main/disc) 2.557/1.864 | lr(main/disc) 5.00e-05/2.50e-05 | 75.5s
2026-08-18 17:04:58 | Epoch 040/100 | loss 2.6775 | cls 1.2188 | tal -0.3955 | dual_g 1.5774 | dual_d 1.1858 | train_acc 1.0000 | train_full 1.0000 | val_acc 0.9750 | val_f1 0.9683 | grad(main/disc) 2.612/1.925 | lr(main/disc) 2.50e-05/1.25e-05 | 76.7s
2026-08-18 17:06:15 | Epoch 041/100 | loss 2.6798 | cls 1.2190 | tal -0.3945 | dual_g 1.5791 | dual_d 1.1264 | train_acc 0.9978 | train_full 0.9914 | val_acc 0.9833 | val_f1 0.9757 | grad(main/disc) 2.711/1.856 | lr(main/disc) 2.50e-05/1.25e-05 | 76.9s
2026-08-18 17:07:35 | Epoch 042/100 | loss 2.6696 | cls 1.2114 | tal -0.3903 | dual_g 1.5753 | dual_d 1.1533 | train_acc 0.9978 | train_full 0.9935 | val_acc 0.9833 | val_f1 0.9856 | grad(main/disc) 2.318/1.917 | lr(main/disc) 2.50e-05/1.25e-05 | 80.4s
2026-08-18 17:08:53 | Epoch 043/100 | loss 2.6576 | cls 1.2125 | tal -0.4254 | dual_g 1.5727 | dual_d 1.1433 | train_acc 1.0000 | train_full 0.9957 | val_acc 0.9833 | val_f1 0.9856 | grad(main/disc) 2.306/1.885 | lr(main/disc) 2.50e-05/1.25e-05 | 77.4s
2026-08-18 17:10:07 | Epoch 044/100 | loss 2.6847 | cls 1.2238 | tal -0.4081 | dual_g 1.5833 | dual_d 1.1627 | train_acc 0.9978 | train_full 0.9978 | val_acc 0.9917 | val_f1 0.9930 | grad(main/disc) 3.094/1.878 | lr(main/disc) 2.50e-05/1.25e-05 | 74.4s
2026-08-18 17:11:21 | Epoch 045/100 | loss 2.6582 | cls 1.2079 | tal -0.4135 | dual_g 1.5744 | dual_d 1.1482 | train_acc 0.9978 | train_full 1.0000 | val_acc 0.9917 | val_f1 0.9930 | grad(main/disc) 2.470/1.871 | lr(main/disc) 2.50e-05/1.25e-05 | 73.0s
2026-08-18 17:12:31 | Epoch 046/100 | loss 2.6580 | cls 1.2070 | tal -0.4047 | dual_g 1.5724 | dual_d 1.1312 | train_acc 1.0000 | train_full 1.0000 | val_acc 0.9917 | val_f1 0.9930 | grad(main/disc) 2.329/1.847 | lr(main/disc) 2.50e-05/1.25e-05 | 69.9s
2026-08-18 17:13:48 | Epoch 047/100 | loss 2.6563 | cls 1.2078 | tal -0.3932 | dual_g 1.5665 | dual_d 1.1223 | train_acc 1.0000 | train_full 1.0000 | val_acc 0.9917 | val_f1 0.9930 | grad(main/disc) 2.136/1.853 | lr(main/disc) 1.25e-05/6.25e-06 | 77.3s
2026-08-18 17:15:05 | Epoch 048/100 | loss 2.6516 | cls 1.2059 | tal -0.3847 | dual_g 1.5611 | dual_d 1.1573 | train_acc 1.0000 | train_full 1.0000 | val_acc 0.9917 | val_f1 0.9930 | grad(main/disc) 2.011/1.896 | lr(main/disc) 1.25e-05/6.25e-06 | 76.3s
2026-08-18 17:15:05 | Early stopping at epoch 48 after 15 epochs without val_acc improvement.
2026-08-18 17:15:05 | Training complete. Best validation accuracy: 0.9917 | best val_acc: 0.9917
