2026-08-27 14:39:04 | Starting Dual_D standalone training
2026-08-27 14:39:04 | Run directory: runs/module_c_ablation_60_v5/module_c_20260827_121947/module_c_no_identity_雨天_20260827_135710
2026-08-27 14:39:04 | Device: cuda
2026-08-27 14:39:05 | Source train samples: 992
2026-08-27 14:39:05 | Target train samples: 96
2026-08-27 14:39:05 | Target val samples: 26
2026-08-27 14:39:05 | Classes: 14
2026-08-27 14:39:05 | Data audit: same_dir=False | path_overlap(vis/ir/ais)=0/0/0 | content_overlap(vis/ir/ais)=0/0/0 | ais_index_overlap=0 | stem_mismatch(vis-ir/vis-ais)=117/0
2026-08-27 14:39:05 | source_train classes: present 14/14 | absent 0 | counts [0:120, 1:44, 2:69, 3:45, 4:40, 5:30, 6:64, 7:80, 8:116, 9:68, 10:57, 11:83, 12:48, 13:128]
2026-08-27 14:39:05 | target_train classes: present 6/14 | absent 8 | counts [0:7, 2:19, 9:32, 10:12, 11:6, 13:20]
2026-08-27 14:39:05 | target_val classes: present 6/14 | absent 8 | counts [0:2, 2:5, 9:8, 10:4, 11:2, 13:5]
2026-08-27 14:39:05 | Paired training classes: 6/14 | class ids [0, 2, 9, 10, 11, 13]
2026-08-27 14:39:05 | Runtime profile: batch=92 | paired_steps=4 | workers=16 | train_eval_every=5 | raw_eval_every=5 | early_stop=15 after min_epoch=35
2026-08-27 14:39:05 | VIS/IR pairing: class-level-unpaired | count-mismatch classes train/val: 10/0 | AIS alignment: none | AIS rows train/val: 0/0
2026-08-27 14:39:06 | Model parameters: total=17277714 | trainable=17120210
2026-08-27 14:39:10 | Epoch 001/060 | loss 5.4607 | cls 5.4319 | tal 0.0961 | dual_g 0.0000 | dual_d 0.0000 | train_acc 0.1549 | train_full 0.3125 | val_acc 0.1154 | val_f1 0.0625 | adv/moduleC 0.00/0.00 | disc_steps 0 | grad(main/disc) 18.066/0.000 | lr(main/disc) 1.80e-04/5.00e-05 | cuda_peak(alloc/resv) 21.77/28.18GB | phase(train/val/raw/train_eval) 3.2/0.4/0.4/0.6s | 4.6s
2026-08-27 14:39:13 | New best val_f1_macro_present: 0.0625 at epoch 1
2026-08-27 14:39:16 | Epoch 002/060 | loss 3.4425 | cls 3.4494 | tal -0.0228 | dual_g 0.0000 | dual_d 0.0000 | train_acc 0.4348 | train_full n/a | val_acc 0.1923 | val_f1 0.0538 | adv/moduleC 0.00/0.00 | disc_steps 0 | grad(main/disc) 11.964/0.000 | lr(main/disc) 1.80e-04/5.00e-05 | cuda_peak(alloc/resv) 21.77/28.18GB | phase(train/val/raw/train_eval) 2.7/0.4/0.0/0.0s | 3.1s
2026-08-27 14:39:20 | Epoch 003/060 | loss 2.6375 | cls 2.6391 | tal -0.0056 | dual_g 0.0000 | dual_d 0.0000 | train_acc 0.6630 | train_full n/a | val_acc 0.2308 | val_f1 0.1408 | adv/moduleC 0.00/0.00 | disc_steps 0 | grad(main/disc) 9.245/0.000 | lr(main/disc) 1.80e-04/5.00e-05 | cuda_peak(alloc/resv) 21.77/28.18GB | phase(train/val/raw/train_eval) 3.2/0.4/0.4/0.0s | 4.0s
2026-08-27 14:39:23 | New best val_f1_macro_present: 0.1408 at epoch 3
2026-08-27 14:39:26 | Epoch 004/060 | loss 2.3465 | cls 2.1607 | tal 0.0321 | dual_g 0.1762 | dual_d 0.0000 | train_acc 0.7690 | train_full n/a | val_acc 0.2692 | val_f1 0.2241 | adv/moduleC 0.00/0.12 | disc_steps 0 | grad(main/disc) 8.181/0.000 | lr(main/disc) 1.80e-04/5.00e-05 | cuda_peak(alloc/resv) 21.77/28.18GB | phase(train/val/raw/train_eval) 3.0/0.4/0.4/0.0s | 3.8s
2026-08-27 14:39:29 | New best val_f1_macro_present: 0.2241 at epoch 4
2026-08-27 14:39:34 | Epoch 005/060 | loss 2.0921 | cls 1.7959 | tal -0.0080 | dual_g 0.2986 | dual_d 0.0000 | train_acc 0.8152 | train_full 0.2917 | val_acc 0.1923 | val_f1 0.0556 | adv/moduleC 0.00/0.25 | disc_steps 0 | grad(main/disc) 7.848/0.000 | lr(main/disc) 1.80e-04/5.00e-05 | cuda_peak(alloc/resv) 21.77/28.18GB | phase(train/val/raw/train_eval) 3.3/0.4/0.4/0.6s | 4.7s
2026-08-27 14:39:37 | Epoch 006/060 | loss 1.9242 | cls 1.5177 | tal 0.0604 | dual_g 0.3884 | dual_d 0.0000 | train_acc 0.8913 | train_full n/a | val_acc 0.4231 | val_f1 0.2571 | adv/moduleC 0.00/0.38 | disc_steps 0 | grad(main/disc) 7.088/0.000 | lr(main/disc) 1.80e-04/5.00e-05 | cuda_peak(alloc/resv) 21.77/28.18GB | phase(train/val/raw/train_eval) 2.8/0.4/0.4/0.0s | 3.6s
2026-08-27 14:39:40 | New best val_f1_macro_present: 0.2571 at epoch 6
2026-08-27 14:39:44 | Epoch 007/060 | loss 1.7615 | cls 1.2890 | tal 0.0436 | dual_g 0.4594 | dual_d 0.0000 | train_acc 0.9728 | train_full n/a | val_acc 0.7308 | val_f1 0.6571 | adv/moduleC 0.00/0.50 | disc_steps 0 | grad(main/disc) 6.610/0.000 | lr(main/disc) 1.80e-04/5.00e-05 | cuda_peak(alloc/resv) 21.77/28.18GB | phase(train/val/raw/train_eval) 3.0/0.4/0.4/0.0s | 3.8s
2026-08-27 14:39:46 | New best val_f1_macro_present: 0.6571 at epoch 7
2026-08-27 14:39:50 | Epoch 008/060 | loss 1.7692 | cls 1.2267 | tal 0.0581 | dual_g 0.5250 | dual_d 0.0000 | train_acc 0.9783 | train_full n/a | val_acc 0.7308 | val_f1 0.7405 | adv/moduleC 0.00/0.62 | disc_steps 0 | grad(main/disc) 6.030/0.000 | lr(main/disc) 1.80e-04/5.00e-05 | cuda_peak(alloc/resv) 21.77/28.18GB | phase(train/val/raw/train_eval) 3.0/0.4/0.4/0.0s | 3.7s
2026-08-27 14:39:53 | New best val_f1_macro_present: 0.7405 at epoch 8
2026-08-27 14:39:56 | Epoch 009/060 | loss 1.7320 | cls 1.1044 | tal 0.0335 | dual_g 0.6175 | dual_d 0.8278 | train_acc 0.9891 | train_full n/a | val_acc 0.8462 | val_f1 0.7434 | adv/moduleC 0.05/0.75 | disc_steps 4 | grad(main/disc) 7.237/1.500 | lr(main/disc) 1.80e-04/5.00e-05 | cuda_peak(alloc/resv) 21.77/28.18GB | phase(train/val/raw/train_eval) 2.6/0.4/0.4/0.0s | 3.4s
2026-08-27 14:39:59 | New best val_f1_macro_present: 0.7434 at epoch 9
2026-08-27 14:40:03 | Epoch 010/060 | loss 1.6833 | cls 1.0155 | tal 0.0584 | dual_g 0.6503 | dual_d 0.8157 | train_acc 0.9918 | train_full 0.9375 | val_acc 0.9231 | val_f1 0.9250 | adv/moduleC 0.10/0.88 | disc_steps 4 | grad(main/disc) 6.279/1.455 | lr(main/disc) 1.80e-04/5.00e-05 | cuda_peak(alloc/resv) 21.77/28.18GB | phase(train/val/raw/train_eval) 3.2/0.4/0.4/0.6s | 4.5s
2026-08-27 14:40:06 | New best val_f1_macro_present: 0.9250 at epoch 10
2026-08-27 14:40:10 | Epoch 011/060 | loss 1.7364 | cls 0.9929 | tal 0.1046 | dual_g 0.7122 | dual_d 0.7837 | train_acc 0.9973 | train_full n/a | val_acc 0.9615 | val_f1 0.9630 | adv/moduleC 0.15/1.00 | disc_steps 4 | grad(main/disc) 5.766/1.427 | lr(main/disc) 1.80e-04/5.00e-05 | cuda_peak(alloc/resv) 21.77/28.18GB | phase(train/val/raw/train_eval) 3.0/0.4/0.4/0.0s | 3.8s
2026-08-27 14:40:12 | New best val_f1_macro_present: 0.9630 at epoch 11
2026-08-27 14:40:16 | Epoch 012/060 | loss 1.6719 | cls 0.9350 | tal 0.1339 | dual_g 0.6967 | dual_d 0.7280 | train_acc 1.0000 | train_full n/a | val_acc 0.9615 | val_f1 0.9663 | adv/moduleC 0.20/1.00 | disc_steps 4 | grad(main/disc) 5.026/1.317 | lr(main/disc) 1.80e-04/5.00e-05 | cuda_peak(alloc/resv) 21.77/28.18GB | phase(train/val/raw/train_eval) 3.2/0.4/0.4/0.0s | 3.9s
2026-08-27 14:40:19 | New best val_f1_macro_present: 0.9663 at epoch 12
2026-08-27 14:40:22 | Epoch 013/060 | loss 1.6310 | cls 0.9245 | tal 0.1169 | dual_g 0.6714 | dual_d 0.7088 | train_acc 1.0000 | train_full n/a | val_acc 0.9615 | val_f1 0.9663 | adv/moduleC 0.25/1.00 | disc_steps 4 | grad(main/disc) 6.611/1.272 | lr(main/disc) 1.80e-04/5.00e-05 | cuda_peak(alloc/resv) 21.77/28.18GB | phase(train/val/raw/train_eval) 3.2/0.4/0.0/0.0s | 3.6s
2026-08-27 14:40:26 | Epoch 014/060 | loss 1.5669 | cls 0.8924 | tal 0.0854 | dual_g 0.6488 | dual_d 0.7324 | train_acc 1.0000 | train_full n/a | val_acc 0.9615 | val_f1 0.9663 | adv/moduleC 0.30/1.00 | disc_steps 4 | grad(main/disc) 3.277/1.287 | lr(main/disc) 1.80e-04/5.00e-05 | cuda_peak(alloc/resv) 21.77/28.18GB | phase(train/val/raw/train_eval) 3.0/0.4/0.0/0.0s | 3.4s
2026-08-27 14:40:30 | Epoch 015/060 | loss 1.5573 | cls 0.8862 | tal 0.0433 | dual_g 0.6581 | dual_d 0.7050 | train_acc 1.0000 | train_full 0.9479 | val_acc 0.9615 | val_f1 0.9663 | adv/moduleC 0.35/1.00 | disc_steps 4 | grad(main/disc) 3.783/1.237 | lr(main/disc) 1.80e-04/5.00e-05 | cuda_peak(alloc/resv) 21.77/28.18GB | phase(train/val/raw/train_eval) 2.9/0.4/0.4/0.6s | 4.3s
2026-08-27 14:40:34 | Epoch 016/060 | loss 1.5242 | cls 0.8803 | tal 0.0277 | dual_g 0.6356 | dual_d 0.6945 | train_acc 1.0000 | train_full n/a | val_acc 0.9615 | val_f1 0.9663 | adv/moduleC 0.40/1.00 | disc_steps 4 | grad(main/disc) 3.197/1.218 | lr(main/disc) 1.80e-04/5.00e-05 | cuda_peak(alloc/resv) 21.77/28.18GB | phase(train/val/raw/train_eval) 3.0/0.4/0.0/0.0s | 3.4s
2026-08-27 14:40:37 | Epoch 017/060 | loss 1.5022 | cls 0.8715 | tal -0.0017 | dual_g 0.6312 | dual_d 0.6941 | train_acc 0.9973 | train_full n/a | val_acc 1.0000 | val_f1 1.0000 | adv/moduleC 0.45/1.00 | disc_steps 4 | grad(main/disc) 3.408/1.188 | lr(main/disc) 1.80e-04/5.00e-05 | cuda_peak(alloc/resv) 21.77/28.18GB | phase(train/val/raw/train_eval) 3.2/0.4/0.4/0.0s | 4.0s
2026-08-27 14:40:40 | New best val_f1_macro_present: 1.0000 at epoch 17
2026-08-27 14:40:44 | Epoch 018/060 | loss 1.4944 | cls 0.8838 | tal -0.0285 | dual_g 0.6192 | dual_d 0.7115 | train_acc 0.9946 | train_full n/a | val_acc 0.9615 | val_f1 0.9663 | adv/moduleC 0.50/1.00 | disc_steps 4 | grad(main/disc) 2.970/1.182 | lr(main/disc) 1.80e-04/5.00e-05 | cuda_peak(alloc/resv) 21.77/28.18GB | phase(train/val/raw/train_eval) 3.0/0.4/0.0/0.0s | 3.4s
2026-08-27 14:40:47 | Epoch 019/060 | loss 1.4528 | cls 0.8590 | tal -0.0599 | dual_g 0.6118 | dual_d 0.7245 | train_acc 1.0000 | train_full n/a | val_acc 0.9615 | val_f1 0.9663 | adv/moduleC 0.55/1.00 | disc_steps 4 | grad(main/disc) 2.159/1.194 | lr(main/disc) 1.80e-04/5.00e-05 | cuda_peak(alloc/resv) 21.77/28.18GB | phase(train/val/raw/train_eval) 3.0/0.4/0.0/0.0s | 3.4s
2026-08-27 14:40:51 | Epoch 020/060 | loss 1.4186 | cls 0.8371 | tal -0.0675 | dual_g 0.6018 | dual_d 0.7704 | train_acc 1.0000 | train_full 0.9271 | val_acc 0.9615 | val_f1 0.9663 | adv/moduleC 0.60/1.00 | disc_steps 4 | grad(main/disc) 1.780/1.239 | lr(main/disc) 1.80e-04/5.00e-05 | cuda_peak(alloc/resv) 21.77/28.18GB | phase(train/val/raw/train_eval) 2.9/0.4/0.4/0.6s | 4.3s
2026-08-27 14:40:55 | Epoch 021/060 | loss 1.4269 | cls 0.8445 | tal -0.0660 | dual_g 0.6022 | dual_d 0.7866 | train_acc 1.0000 | train_full n/a | val_acc 0.9615 | val_f1 0.9663 | adv/moduleC 0.65/1.00 | disc_steps 4 | grad(main/disc) 1.836/1.240 | lr(main/disc) 1.80e-04/5.00e-05 | cuda_peak(alloc/resv) 21.77/28.18GB | phase(train/val/raw/train_eval) 3.1/0.4/0.0/0.0s | 3.5s
2026-08-27 14:40:58 | Epoch 022/060 | loss 1.3980 | cls 0.8406 | tal -0.0878 | dual_g 0.5837 | dual_d 0.7932 | train_acc 1.0000 | train_full n/a | val_acc 0.9615 | val_f1 0.9663 | adv/moduleC 0.70/1.00 | disc_steps 4 | grad(main/disc) 1.871/1.239 | lr(main/disc) 1.80e-04/5.00e-05 | cuda_peak(alloc/resv) 21.77/28.18GB | phase(train/val/raw/train_eval) 3.0/0.4/0.0/0.0s | 3.4s
2026-08-27 14:41:02 | Epoch 023/060 | loss 1.3878 | cls 0.8337 | tal -0.0890 | dual_g 0.5809 | dual_d 0.8281 | train_acc 1.0000 | train_full n/a | val_acc 0.9615 | val_f1 0.9663 | adv/moduleC 0.75/1.00 | disc_steps 4 | grad(main/disc) 1.599/1.245 | lr(main/disc) 1.80e-04/5.00e-05 | cuda_peak(alloc/resv) 21.77/28.18GB | phase(train/val/raw/train_eval) 3.0/0.4/0.0/0.0s | 3.4s
2026-08-27 14:41:05 | Epoch 024/060 | loss 1.4037 | cls 0.8418 | tal -0.0578 | dual_g 0.5792 | dual_d 0.8534 | train_acc 1.0000 | train_full n/a | val_acc 0.9615 | val_f1 0.9663 | adv/moduleC 0.80/1.00 | disc_steps 4 | grad(main/disc) 2.266/1.281 | lr(main/disc) 1.80e-04/5.00e-05 | cuda_peak(alloc/resv) 21.77/28.18GB | phase(train/val/raw/train_eval) 3.4/0.4/0.0/0.0s | 3.8s
2026-08-27 14:41:10 | Epoch 025/060 | loss 1.3648 | cls 0.8292 | tal -0.1150 | dual_g 0.5701 | dual_d 0.8995 | train_acc 1.0000 | train_full 0.9583 | val_acc 0.9615 | val_f1 0.9663 | adv/moduleC 0.85/1.00 | disc_steps 4 | grad(main/disc) 1.653/1.244 | lr(main/disc) 1.80e-04/5.00e-05 | cuda_peak(alloc/resv) 21.77/28.18GB | phase(train/val/raw/train_eval) 3.2/0.4/0.4/0.6s | 4.5s
2026-08-27 14:41:13 | Epoch 026/060 | loss 1.3895 | cls 0.8357 | tal -0.0607 | dual_g 0.5720 | dual_d 0.9209 | train_acc 0.9973 | train_full n/a | val_acc 0.9615 | val_f1 0.9663 | adv/moduleC 0.90/1.00 | disc_steps 4 | grad(main/disc) 1.994/1.313 | lr(main/disc) 9.00e-05/2.50e-05 | cuda_peak(alloc/resv) 21.77/28.18GB | phase(train/val/raw/train_eval) 3.1/0.4/0.0/0.0s | 3.5s
2026-08-27 14:41:17 | Epoch 027/060 | loss 1.3728 | cls 0.8296 | tal -0.0922 | dual_g 0.5708 | dual_d 0.9343 | train_acc 1.0000 | train_full n/a | val_acc 0.9615 | val_f1 0.9663 | adv/moduleC 0.95/1.00 | disc_steps 4 | grad(main/disc) 1.878/1.301 | lr(main/disc) 9.00e-05/2.50e-05 | cuda_peak(alloc/resv) 21.77/28.18GB | phase(train/val/raw/train_eval) 3.1/0.4/0.0/0.0s | 3.5s
2026-08-27 14:41:20 | Epoch 028/060 | loss 1.3466 | cls 0.8214 | tal -0.1122 | dual_g 0.5588 | dual_d 0.9463 | train_acc 1.0000 | train_full n/a | val_acc 0.9615 | val_f1 0.9663 | adv/moduleC 1.00/1.00 | disc_steps 4 | grad(main/disc) 1.565/1.324 | lr(main/disc) 9.00e-05/2.50e-05 | cuda_peak(alloc/resv) 21.77/28.18GB | phase(train/val/raw/train_eval) 3.1/0.4/0.0/0.0s | 3.5s
2026-08-27 14:41:24 | Epoch 029/060 | loss 1.3373 | cls 0.8175 | tal -0.1295 | dual_g 0.5586 | dual_d 0.9328 | train_acc 1.0000 | train_full n/a | val_acc 0.9615 | val_f1 0.9663 | adv/moduleC 1.00/1.00 | disc_steps 4 | grad(main/disc) 1.458/1.277 | lr(main/disc) 9.00e-05/2.50e-05 | cuda_peak(alloc/resv) 21.77/28.18GB | phase(train/val/raw/train_eval) 3.1/0.4/0.0/0.0s | 3.5s
2026-08-27 14:41:28 | Epoch 030/060 | loss 1.3538 | cls 0.8227 | tal -0.0881 | dual_g 0.5575 | dual_d 0.9698 | train_acc 1.0000 | train_full 0.9792 | val_acc 0.9615 | val_f1 0.9663 | adv/moduleC 1.00/1.00 | disc_steps 4 | grad(main/disc) 1.238/1.291 | lr(main/disc) 9.00e-05/2.50e-05 | cuda_peak(alloc/resv) 21.77/28.18GB | phase(train/val/raw/train_eval) 2.9/0.4/0.4/0.6s | 4.3s
2026-08-27 14:41:32 | Epoch 031/060 | loss 1.3304 | cls 0.8178 | tal -0.1554 | dual_g 0.5592 | dual_d 0.9380 | train_acc 1.0000 | train_full n/a | val_acc 0.9615 | val_f1 0.9663 | adv/moduleC 1.00/1.00 | disc_steps 4 | grad(main/disc) 1.415/1.263 | lr(main/disc) 9.00e-05/2.50e-05 | cuda_peak(alloc/resv) 21.77/28.18GB | phase(train/val/raw/train_eval) 3.2/0.4/0.0/0.0s | 3.6s
2026-08-27 14:41:35 | Epoch 032/060 | loss 1.3365 | cls 0.8264 | tal -0.1560 | dual_g 0.5569 | dual_d 0.9440 | train_acc 0.9973 | train_full n/a | val_acc 0.9615 | val_f1 0.9663 | adv/moduleC 1.00/1.00 | disc_steps 4 | grad(main/disc) 1.815/1.227 | lr(main/disc) 9.00e-05/2.50e-05 | cuda_peak(alloc/resv) 21.77/28.18GB | phase(train/val/raw/train_eval) 3.0/0.4/0.0/0.0s | 3.4s
2026-08-27 14:41:39 | Epoch 033/060 | loss 1.3071 | cls 0.8115 | tal -0.1734 | dual_g 0.5477 | dual_d 0.9833 | train_acc 1.0000 | train_full n/a | val_acc 0.9615 | val_f1 0.9663 | adv/moduleC 1.00/1.00 | disc_steps 4 | grad(main/disc) 1.277/1.280 | lr(main/disc) 9.00e-05/2.50e-05 | cuda_peak(alloc/resv) 21.77/28.18GB | phase(train/val/raw/train_eval) 3.3/0.4/0.0/0.0s | 3.7s
2026-08-27 14:41:43 | Epoch 034/060 | loss 1.3180 | cls 0.8153 | tal -0.1644 | dual_g 0.5520 | dual_d 0.9719 | train_acc 1.0000 | train_full n/a | val_acc 0.9615 | val_f1 0.9663 | adv/moduleC 1.00/1.00 | disc_steps 4 | grad(main/disc) 1.453/1.252 | lr(main/disc) 9.00e-05/2.50e-05 | cuda_peak(alloc/resv) 21.77/28.18GB | phase(train/val/raw/train_eval) 3.3/0.4/0.0/0.0s | 3.7s
2026-08-27 14:41:47 | Epoch 035/060 | loss 1.3076 | cls 0.8163 | tal -0.1734 | dual_g 0.5433 | dual_d 0.9874 | train_acc 1.0000 | train_full 0.9583 | val_acc 0.9615 | val_f1 0.9663 | adv/moduleC 1.00/1.00 | disc_steps 4 | grad(main/disc) 1.689/1.263 | lr(main/disc) 4.50e-05/1.25e-05 | cuda_peak(alloc/resv) 21.77/28.18GB | phase(train/val/raw/train_eval) 2.7/0.4/0.4/0.6s | 4.0s
2026-08-27 14:41:47 | Early stopping at epoch 35 after 18 epochs without val_f1_macro_present improvement.
2026-08-27 14:41:47 | Training complete. Best validation accuracy: 1.0000 | best val_f1_macro_present: 1.0000
