2026-08-22 15:28:09 | Starting Dual_D standalone training
2026-08-22 15:28:09 | Run directory: runs/module_c_ablation/module_c_no_classification_feedback_雨天_iter02_20260822_082835
2026-08-22 15:28:09 | Device: cuda
2026-08-22 15:28:09 | Source train samples: 992
2026-08-22 15:28:09 | Target train samples: 96
2026-08-22 15:28:09 | Target val samples: 26
2026-08-22 15:28:09 | Classes: 14
2026-08-22 15:28:09 | Data audit: same_dir=False | path_overlap(vis/ir/ais)=0/0/0 | content_overlap(vis/ir/ais)=0/0/0 | ais_index_overlap=0 | stem_mismatch(vis-ir/vis-ais)=117/0
2026-08-22 15:28:09 | source_train classes: present 14/14 | absent 0 | counts [0:120, 1:44, 2:69, 3:45, 4:40, 5:30, 6:64, 7:80, 8:116, 9:68, 10:57, 11:83, 12:48, 13:128]
2026-08-22 15:28:09 | target_train classes: present 6/14 | absent 8 | counts [0:7, 2:19, 9:32, 10:12, 11:6, 13:20]
2026-08-22 15:28:09 | target_val classes: present 6/14 | absent 8 | counts [0:2, 2:5, 9:8, 10:4, 11:2, 13:5]
2026-08-22 15:28:09 | Paired training classes: 6/14 | class ids [0, 2, 9, 10, 11, 13]
2026-08-22 15:28:09 | VIS/IR pairing: class-level-unpaired | count-mismatch classes train/val: 10/0 | AIS alignment: none | AIS rows train/val: 0/0
2026-08-22 15:28:10 | Model parameters: total=17277714 | trainable=17120210
2026-08-22 15:28:29 | Epoch 001/100 | loss 5.6789 | cls 5.0476 | tal 0.1337 | dual_g 0.5912 | dual_d 0.0000 | train_acc 0.1484 | train_full 0.3125 | val_acc 0.1923 | val_f1 0.0725 | grad(main/disc) 23.368/0.000 | lr(main/disc) 7.00e-05/3.50e-05 | 19.2s
2026-08-22 15:28:29 | New best val_f1_macro_present: 0.0725 at epoch 1
2026-08-22 15:28:50 | Epoch 002/100 | loss 4.8993 | cls 4.2870 | tal 0.0937 | dual_g 0.5842 | dual_d 0.0000 | train_acc 0.1406 | train_full 0.3438 | val_acc 0.1923 | val_f1 0.1798 | grad(main/disc) 20.933/0.000 | lr(main/disc) 7.00e-05/3.50e-05 | 21.4s
2026-08-22 15:28:51 | New best val_f1_macro_present: 0.1798 at epoch 2
2026-08-22 15:29:11 | Epoch 003/100 | loss 4.4762 | cls 3.8830 | tal 0.0633 | dual_g 0.5742 | dual_d 0.0000 | train_acc 0.3047 | train_full 0.2917 | val_acc 0.1923 | val_f1 0.2051 | grad(main/disc) 18.846/0.000 | lr(main/disc) 7.00e-05/3.50e-05 | 19.8s
2026-08-22 15:29:11 | New best val_f1_macro_present: 0.2051 at epoch 3
2026-08-22 15:29:31 | Epoch 004/100 | loss 4.2210 | cls 3.6288 | tal 0.0711 | dual_g 0.5708 | dual_d 0.0000 | train_acc 0.3516 | train_full 0.2500 | val_acc 0.2308 | val_f1 0.1408 | grad(main/disc) 16.903/0.000 | lr(main/disc) 7.00e-05/3.50e-05 | 19.9s
2026-08-22 15:29:51 | Epoch 005/100 | loss 3.9321 | cls 3.3479 | tal 0.0761 | dual_g 0.5614 | dual_d 0.0000 | train_acc 0.3672 | train_full 0.2604 | val_acc 0.2692 | val_f1 0.2006 | grad(main/disc) 16.121/0.000 | lr(main/disc) 7.00e-05/3.50e-05 | 20.3s
2026-08-22 15:30:11 | Epoch 006/100 | loss 3.7260 | cls 3.1512 | tal 0.0678 | dual_g 0.5545 | dual_d 0.9612 | train_acc 0.4375 | train_full 0.2292 | val_acc 0.2308 | val_f1 0.1130 | grad(main/disc) 15.356/2.145 | lr(main/disc) 7.00e-05/3.50e-05 | 20.1s
2026-08-22 15:30:30 | Epoch 007/100 | loss 3.5096 | cls 2.9509 | tal 0.0365 | dual_g 0.5477 | dual_d 0.9568 | train_acc 0.4141 | train_full 0.2396 | val_acc 0.3077 | val_f1 0.1752 | grad(main/disc) 14.799/1.971 | lr(main/disc) 7.00e-05/3.50e-05 | 19.4s
2026-08-22 15:30:51 | Epoch 008/100 | loss 3.4114 | cls 2.8546 | tal 0.0590 | dual_g 0.5392 | dual_d 0.8757 | train_acc 0.5234 | train_full 0.3021 | val_acc 0.3077 | val_f1 0.1604 | grad(main/disc) 13.997/1.981 | lr(main/disc) 7.00e-05/3.50e-05 | 20.4s
2026-08-22 15:31:08 | Epoch 009/100 | loss 3.1100 | cls 2.5782 | tal -0.0195 | dual_g 0.5377 | dual_d 0.8839 | train_acc 0.5859 | train_full 0.3542 | val_acc 0.4231 | val_f1 0.3236 | grad(main/disc) 13.009/1.994 | lr(main/disc) 7.00e-05/3.50e-05 | 17.7s
2026-08-22 15:31:09 | New best val_f1_macro_present: 0.3236 at epoch 9
2026-08-22 15:31:29 | Epoch 010/100 | loss 3.1181 | cls 2.5965 | tal -0.0207 | dual_g 0.5278 | dual_d 0.8153 | train_acc 0.6641 | train_full 0.3646 | val_acc 0.5000 | val_f1 0.4323 | grad(main/disc) 13.245/1.852 | lr(main/disc) 7.00e-05/3.50e-05 | 19.9s
2026-08-22 15:31:29 | New best val_f1_macro_present: 0.4323 at epoch 10
2026-08-22 15:31:48 | Epoch 011/100 | loss 3.1176 | cls 2.5429 | tal 0.1384 | dual_g 0.5332 | dual_d 0.8769 | train_acc 0.6250 | train_full 0.3542 | val_acc 0.5000 | val_f1 0.4179 | grad(main/disc) 13.307/1.962 | lr(main/disc) 7.00e-05/3.50e-05 | 19.5s
2026-08-22 15:32:08 | Epoch 012/100 | loss 2.9550 | cls 2.3993 | tal 0.1191 | dual_g 0.5200 | dual_d 0.8668 | train_acc 0.7188 | train_full 0.4479 | val_acc 0.5000 | val_f1 0.4076 | grad(main/disc) 12.832/1.987 | lr(main/disc) 7.00e-05/3.50e-05 | 20.1s
2026-08-22 15:32:28 | Epoch 013/100 | loss 2.9582 | cls 2.3895 | tal 0.1530 | dual_g 0.5228 | dual_d 0.8873 | train_acc 0.6719 | train_full 0.5208 | val_acc 0.5385 | val_f1 0.4647 | grad(main/disc) 13.711/1.990 | lr(main/disc) 7.00e-05/3.50e-05 | 19.3s
2026-08-22 15:32:28 | New best val_f1_macro_present: 0.4647 at epoch 13
2026-08-22 15:32:48 | Epoch 014/100 | loss 2.8376 | cls 2.2710 | tal 0.1594 | dual_g 0.5187 | dual_d 0.8512 | train_acc 0.6875 | train_full 0.5000 | val_acc 0.5385 | val_f1 0.4954 | grad(main/disc) 13.520/1.813 | lr(main/disc) 7.00e-05/3.50e-05 | 19.7s
2026-08-22 15:32:48 | New best val_f1_macro_present: 0.4954 at epoch 14
2026-08-22 15:33:07 | Epoch 015/100 | loss 2.8544 | cls 2.2978 | tal 0.1222 | dual_g 0.5199 | dual_d 0.8180 | train_acc 0.7031 | train_full 0.5312 | val_acc 0.5769 | val_f1 0.5847 | grad(main/disc) 14.389/1.837 | lr(main/disc) 7.00e-05/3.50e-05 | 19.0s
2026-08-22 15:33:07 | New best val_f1_macro_present: 0.5847 at epoch 15
2026-08-22 15:33:27 | Epoch 016/100 | loss 2.5766 | cls 2.0225 | tal 0.1428 | dual_g 0.5112 | dual_d 0.9157 | train_acc 0.7891 | train_full 0.6458 | val_acc 0.6154 | val_f1 0.6726 | grad(main/disc) 11.231/1.963 | lr(main/disc) 7.00e-05/3.50e-05 | 20.0s
2026-08-22 15:33:27 | New best val_f1_macro_present: 0.6726 at epoch 16
2026-08-22 15:33:46 | Epoch 017/100 | loss 2.4917 | cls 1.9306 | tal 0.1660 | dual_g 0.5113 | dual_d 0.8181 | train_acc 0.8047 | train_full 0.5729 | val_acc 0.5769 | val_f1 0.6091 | grad(main/disc) 10.834/1.828 | lr(main/disc) 7.00e-05/3.50e-05 | 18.7s
2026-08-22 15:34:07 | Epoch 018/100 | loss 2.4517 | cls 1.9115 | tal 0.1197 | dual_g 0.5043 | dual_d 0.8414 | train_acc 0.8438 | train_full 0.6354 | val_acc 0.5000 | val_f1 0.4292 | grad(main/disc) 10.774/1.764 | lr(main/disc) 7.00e-05/3.50e-05 | 20.7s
2026-08-22 15:34:26 | Epoch 019/100 | loss 2.4143 | cls 1.8610 | tal 0.1612 | dual_g 0.5049 | dual_d 0.8663 | train_acc 0.8594 | train_full 0.6042 | val_acc 0.5000 | val_f1 0.4292 | grad(main/disc) 10.193/1.799 | lr(main/disc) 7.00e-05/3.50e-05 | 19.1s
2026-08-22 15:34:45 | Epoch 020/100 | loss 2.6069 | cls 2.0489 | tal 0.1669 | dual_g 0.5079 | dual_d 0.7761 | train_acc 0.8516 | train_full 0.6250 | val_acc 0.5385 | val_f1 0.4917 | grad(main/disc) 12.830/1.653 | lr(main/disc) 7.00e-05/3.50e-05 | 19.3s
2026-08-22 15:35:05 | Epoch 021/100 | loss 2.4043 | cls 1.8633 | tal 0.1514 | dual_g 0.4956 | dual_d 0.7847 | train_acc 0.8594 | train_full 0.6458 | val_acc 0.5769 | val_f1 0.6119 | grad(main/disc) 14.730/1.677 | lr(main/disc) 7.00e-05/3.50e-05 | 19.2s
2026-08-22 15:35:25 | Epoch 022/100 | loss 2.4240 | cls 1.8763 | tal 0.1611 | dual_g 0.4993 | dual_d 0.8254 | train_acc 0.8594 | train_full 0.6875 | val_acc 0.5769 | val_f1 0.6119 | grad(main/disc) 12.136/1.770 | lr(main/disc) 7.00e-05/3.50e-05 | 20.0s
2026-08-22 15:35:44 | Epoch 023/100 | loss 2.2845 | cls 1.7535 | tal 0.1411 | dual_g 0.4886 | dual_d 0.8617 | train_acc 0.8750 | train_full 0.6458 | val_acc 0.5385 | val_f1 0.4923 | grad(main/disc) 13.603/1.701 | lr(main/disc) 3.50e-05/1.75e-05 | 19.1s
2026-08-22 15:36:03 | Epoch 024/100 | loss 2.3070 | cls 1.7657 | tal 0.1521 | dual_g 0.4956 | dual_d 0.8233 | train_acc 0.9062 | train_full 0.5833 | val_acc 0.5000 | val_f1 0.4313 | grad(main/disc) 13.975/1.714 | lr(main/disc) 3.50e-05/1.75e-05 | 19.4s
2026-08-22 15:36:23 | Epoch 025/100 | loss 2.3541 | cls 1.8098 | tal 0.1317 | dual_g 0.5048 | dual_d 0.8820 | train_acc 0.8906 | train_full 0.5938 | val_acc 0.5000 | val_f1 0.4313 | grad(main/disc) 16.950/1.741 | lr(main/disc) 3.50e-05/1.75e-05 | 19.5s
2026-08-22 15:36:23 | Early stopping at epoch 25 after 9 epochs without val_f1_macro_present improvement.
2026-08-22 15:36:23 | Training complete. Best validation accuracy: 0.6154 | best val_f1_macro_present: 0.6726
