2026-08-26 23:12:35 | Starting Dual_D standalone training
2026-08-26 23:12:35 | Run directory: runs/module_c_ablation_60_v4/module_c_20260826_164328/module_c_no_module_c_雨天_20260826_221802
2026-08-26 23:12:35 | Device: cuda
2026-08-26 23:12:35 | Source train samples: 992
2026-08-26 23:12:35 | Target train samples: 96
2026-08-26 23:12:35 | Target val samples: 26
2026-08-26 23:12:35 | Classes: 14
2026-08-26 23:12:35 | Data audit: same_dir=False | path_overlap(vis/ir/ais)=0/0/0 | content_overlap(vis/ir/ais)=0/0/0 | ais_index_overlap=0 | stem_mismatch(vis-ir/vis-ais)=117/0
2026-08-26 23:12:35 | source_train classes: present 14/14 | absent 0 | counts [0:120, 1:44, 2:69, 3:45, 4:40, 5:30, 6:64, 7:80, 8:116, 9:68, 10:57, 11:83, 12:48, 13:128]
2026-08-26 23:12:35 | target_train classes: present 6/14 | absent 8 | counts [0:7, 2:19, 9:32, 10:12, 11:6, 13:20]
2026-08-26 23:12:35 | target_val classes: present 6/14 | absent 8 | counts [0:2, 2:5, 9:8, 10:4, 11:2, 13:5]
2026-08-26 23:12:35 | Paired training classes: 6/14 | class ids [0, 2, 9, 10, 11, 13]
2026-08-26 23:12:35 | Runtime profile: batch=80 | paired_steps=3 | workers=16 | train_eval_every=5 | raw_eval_every=5 | early_stop=15 after min_epoch=35
2026-08-26 23:12:35 | VIS/IR pairing: class-level-unpaired | count-mismatch classes train/val: 10/0 | AIS alignment: none | AIS rows train/val: 0/0
2026-08-26 23:12:37 | Model parameters: total=17277714 | trainable=17120210
2026-08-26 23:12:42 | Epoch 001/060 | loss 5.4570 | cls 5.4256 | tal 0.1048 | dual_g 0.0000 | dual_d 0.0000 | train_acc 0.1292 | train_full 0.3333 | val_acc 0.2308 | val_f1 0.0870 | adv/moduleC 0.00/0.00 | disc_steps 0 | grad(main/disc) 17.880/0.000 | lr(main/disc) 9.00e-05/3.50e-05 | cuda_peak(alloc/resv) 18.96/24.42GB | phase(train/val/raw/train_eval) 3.1/0.6/0.5/0.7s | 5.0s
2026-08-26 23:12:46 | New best val_f1_macro_present: 0.0870 at epoch 1
2026-08-26 23:12:49 | Epoch 002/060 | loss 4.7417 | cls 4.7695 | tal -0.0927 | dual_g 0.0000 | dual_d 0.0000 | train_acc 0.1583 | train_full n/a | val_acc 0.0769 | val_f1 0.0704 | adv/moduleC 0.00/0.00 | disc_steps 0 | grad(main/disc) 15.823/0.000 | lr(main/disc) 9.00e-05/3.50e-05 | cuda_peak(alloc/resv) 18.96/24.42GB | phase(train/val/raw/train_eval) 2.9/0.5/0.0/0.0s | 3.4s
2026-08-26 23:12:53 | Epoch 003/060 | loss 4.0193 | cls 4.0296 | tal -0.0345 | dual_g 0.0000 | dual_d 0.0000 | train_acc 0.2875 | train_full n/a | val_acc 0.1538 | val_f1 0.1667 | adv/moduleC 0.00/0.00 | disc_steps 0 | grad(main/disc) 13.319/0.000 | lr(main/disc) 9.00e-05/3.50e-05 | cuda_peak(alloc/resv) 18.96/24.42GB | phase(train/val/raw/train_eval) 2.9/0.5/0.5/0.0s | 3.9s
2026-08-26 23:12:57 | New best val_f1_macro_present: 0.1667 at epoch 3
2026-08-26 23:13:01 | Epoch 004/060 | loss 3.5348 | cls 3.5408 | tal -0.0198 | dual_g 0.0000 | dual_d 0.0000 | train_acc 0.3458 | train_full n/a | val_acc 0.2308 | val_f1 0.1667 | adv/moduleC 0.00/0.00 | disc_steps 0 | grad(main/disc) 12.048/0.000 | lr(main/disc) 9.00e-05/3.50e-05 | cuda_peak(alloc/resv) 18.96/24.42GB | phase(train/val/raw/train_eval) 2.8/0.5/0.0/0.0s | 3.3s
2026-08-26 23:13:05 | Epoch 005/060 | loss 3.3453 | cls 3.3551 | tal -0.0329 | dual_g 0.0000 | dual_d 0.0000 | train_acc 0.4042 | train_full 0.2708 | val_acc 0.2308 | val_f1 0.1667 | adv/moduleC 0.00/0.10 | disc_steps 0 | grad(main/disc) 11.123/0.000 | lr(main/disc) 9.00e-05/3.50e-05 | cuda_peak(alloc/resv) 18.96/24.42GB | phase(train/val/raw/train_eval) 2.8/0.5/0.5/0.7s | 4.6s
2026-08-26 23:13:09 | Epoch 006/060 | loss 3.0630 | cls 3.0407 | tal 0.0743 | dual_g 0.0000 | dual_d 0.0000 | train_acc 0.5000 | train_full n/a | val_acc 0.3077 | val_f1 0.3395 | adv/moduleC 0.00/0.20 | disc_steps 0 | grad(main/disc) 10.484/0.000 | lr(main/disc) 9.00e-05/3.50e-05 | cuda_peak(alloc/resv) 18.96/24.42GB | phase(train/val/raw/train_eval) 2.9/0.5/0.5/0.0s | 4.0s
2026-08-26 23:13:13 | New best val_f1_macro_present: 0.3395 at epoch 6
2026-08-26 23:13:17 | Epoch 007/060 | loss 2.8560 | cls 2.8160 | tal 0.1265 | dual_g 0.0020 | dual_d 0.9436 | train_acc 0.4875 | train_full n/a | val_acc 0.3846 | val_f1 0.3169 | adv/moduleC 0.06/0.30 | disc_steps 3 | grad(main/disc) 10.112/1.866 | lr(main/disc) 9.00e-05/3.50e-05 | cuda_peak(alloc/resv) 18.96/24.42GB | phase(train/val/raw/train_eval) 3.0/0.5/0.0/0.0s | 3.5s
2026-08-26 23:13:20 | Epoch 008/060 | loss 2.8265 | cls 2.7682 | tal 0.1812 | dual_g 0.0040 | dual_d 0.9241 | train_acc 0.5958 | train_full n/a | val_acc 0.4231 | val_f1 0.3236 | adv/moduleC 0.11/0.40 | disc_steps 3 | grad(main/disc) 9.696/1.861 | lr(main/disc) 9.00e-05/3.50e-05 | cuda_peak(alloc/resv) 18.96/24.42GB | phase(train/val/raw/train_eval) 2.7/0.6/0.0/0.0s | 3.3s
2026-08-26 23:13:23 | Epoch 009/060 | loss 2.6883 | cls 2.6314 | tal 0.1698 | dual_g 0.0059 | dual_d 0.9237 | train_acc 0.6000 | train_full n/a | val_acc 0.4231 | val_f1 0.3278 | adv/moduleC 0.17/0.50 | disc_steps 3 | grad(main/disc) 10.485/1.787 | lr(main/disc) 9.00e-05/3.50e-05 | cuda_peak(alloc/resv) 18.96/24.42GB | phase(train/val/raw/train_eval) 2.7/0.5/0.0/0.0s | 3.3s
2026-08-26 23:13:27 | Epoch 010/060 | loss 2.3423 | cls 2.2724 | tal 0.2052 | dual_g 0.0083 | dual_d 0.9225 | train_acc 0.6708 | train_full 0.3438 | val_acc 0.4231 | val_f1 0.3278 | adv/moduleC 0.22/0.60 | disc_steps 3 | grad(main/disc) 9.284/1.777 | lr(main/disc) 9.00e-05/3.50e-05 | cuda_peak(alloc/resv) 18.96/24.42GB | phase(train/val/raw/train_eval) 2.4/0.5/0.5/0.7s | 4.2s
2026-08-26 23:13:31 | Epoch 011/060 | loss 2.2614 | cls 2.1930 | tal 0.1970 | dual_g 0.0093 | dual_d 0.9402 | train_acc 0.7333 | train_full n/a | val_acc 0.3846 | val_f1 0.2930 | adv/moduleC 0.28/0.70 | disc_steps 3 | grad(main/disc) 9.278/1.748 | lr(main/disc) 9.00e-05/3.50e-05 | cuda_peak(alloc/resv) 18.96/24.42GB | phase(train/val/raw/train_eval) 2.8/0.5/0.0/0.0s | 3.3s
2026-08-26 23:13:35 | Epoch 012/060 | loss 2.2521 | cls 2.1876 | tal 0.1750 | dual_g 0.0120 | dual_d 0.9035 | train_acc 0.7375 | train_full n/a | val_acc 0.4615 | val_f1 0.3966 | adv/moduleC 0.33/0.80 | disc_steps 3 | grad(main/disc) 8.854/1.674 | lr(main/disc) 9.00e-05/3.50e-05 | cuda_peak(alloc/resv) 18.96/24.42GB | phase(train/val/raw/train_eval) 3.3/0.5/0.5/0.0s | 4.4s
2026-08-26 23:13:39 | New best val_f1_macro_present: 0.3966 at epoch 12
2026-08-26 23:13:43 | Epoch 013/060 | loss 2.0995 | cls 2.0429 | tal 0.1459 | dual_g 0.0128 | dual_d 0.9297 | train_acc 0.7792 | train_full n/a | val_acc 0.5385 | val_f1 0.5346 | adv/moduleC 0.39/0.90 | disc_steps 3 | grad(main/disc) 9.170/1.685 | lr(main/disc) 9.00e-05/3.50e-05 | cuda_peak(alloc/resv) 18.96/24.42GB | phase(train/val/raw/train_eval) 2.7/0.5/0.5/0.0s | 3.8s
2026-08-26 23:13:47 | New best val_f1_macro_present: 0.5346 at epoch 13
2026-08-26 23:13:51 | Epoch 014/060 | loss 2.0185 | cls 1.9343 | tal 0.2301 | dual_g 0.0152 | dual_d 0.8977 | train_acc 0.7875 | train_full n/a | val_acc 0.6154 | val_f1 0.6472 | adv/moduleC 0.44/1.00 | disc_steps 3 | grad(main/disc) 9.446/1.629 | lr(main/disc) 9.00e-05/3.50e-05 | cuda_peak(alloc/resv) 18.96/24.42GB | phase(train/val/raw/train_eval) 2.9/0.5/0.5/0.0s | 3.9s
2026-08-26 23:13:55 | New best val_f1_macro_present: 0.6472 at epoch 14
2026-08-26 23:13:59 | Epoch 015/060 | loss 1.9273 | cls 1.8607 | tal 0.1714 | dual_g 0.0151 | dual_d 0.9032 | train_acc 0.8250 | train_full 0.5833 | val_acc 0.6154 | val_f1 0.6736 | adv/moduleC 0.50/1.00 | disc_steps 3 | grad(main/disc) 11.319/1.701 | lr(main/disc) 9.00e-05/3.50e-05 | cuda_peak(alloc/resv) 18.96/24.42GB | phase(train/val/raw/train_eval) 2.5/0.6/0.5/0.7s | 4.4s
2026-08-26 23:14:04 | New best val_f1_macro_present: 0.6736 at epoch 15
2026-08-26 23:14:07 | Epoch 016/060 | loss 1.8771 | cls 1.8070 | tal 0.1754 | dual_g 0.0175 | dual_d 0.9245 | train_acc 0.8292 | train_full n/a | val_acc 0.5000 | val_f1 0.4571 | adv/moduleC 0.56/1.00 | disc_steps 3 | grad(main/disc) 8.101/1.624 | lr(main/disc) 9.00e-05/3.50e-05 | cuda_peak(alloc/resv) 18.96/24.42GB | phase(train/val/raw/train_eval) 3.1/0.5/0.0/0.0s | 3.6s
2026-08-26 23:14:11 | Epoch 017/060 | loss 1.9179 | cls 1.8472 | tal 0.1713 | dual_g 0.0194 | dual_d 0.9252 | train_acc 0.8542 | train_full n/a | val_acc 0.5385 | val_f1 0.5509 | adv/moduleC 0.61/1.00 | disc_steps 3 | grad(main/disc) 11.481/1.656 | lr(main/disc) 9.00e-05/3.50e-05 | cuda_peak(alloc/resv) 18.96/24.42GB | phase(train/val/raw/train_eval) 3.2/0.5/0.0/0.0s | 3.7s
2026-08-26 23:14:14 | Epoch 018/060 | loss 1.6721 | cls 1.6036 | tal 0.1606 | dual_g 0.0203 | dual_d 0.9858 | train_acc 0.8833 | train_full n/a | val_acc 0.6154 | val_f1 0.6736 | adv/moduleC 0.67/1.00 | disc_steps 3 | grad(main/disc) 7.137/1.680 | lr(main/disc) 9.00e-05/3.50e-05 | cuda_peak(alloc/resv) 18.96/24.42GB | phase(train/val/raw/train_eval) 2.7/0.5/0.0/0.0s | 3.2s
2026-08-26 23:14:17 | Epoch 019/060 | loss 1.7655 | cls 1.6991 | tal 0.1499 | dual_g 0.0214 | dual_d 0.9760 | train_acc 0.8625 | train_full n/a | val_acc 0.5385 | val_f1 0.4954 | adv/moduleC 0.72/1.00 | disc_steps 3 | grad(main/disc) 7.635/1.689 | lr(main/disc) 9.00e-05/3.50e-05 | cuda_peak(alloc/resv) 18.96/24.42GB | phase(train/val/raw/train_eval) 2.6/0.5/0.0/0.0s | 3.1s
2026-08-26 23:14:22 | Epoch 020/060 | loss 1.6371 | cls 1.5706 | tal 0.1498 | dual_g 0.0216 | dual_d 0.9737 | train_acc 0.9000 | train_full 0.5625 | val_acc 0.6154 | val_f1 0.6472 | adv/moduleC 0.78/1.00 | disc_steps 3 | grad(main/disc) 8.498/1.689 | lr(main/disc) 9.00e-05/3.50e-05 | cuda_peak(alloc/resv) 18.96/24.42GB | phase(train/val/raw/train_eval) 2.8/0.5/0.5/0.7s | 4.5s
2026-08-26 23:14:25 | Epoch 021/060 | loss 1.6374 | cls 1.5704 | tal 0.1448 | dual_g 0.0236 | dual_d 1.0022 | train_acc 0.9000 | train_full n/a | val_acc 0.6154 | val_f1 0.6472 | adv/moduleC 0.83/1.00 | disc_steps 3 | grad(main/disc) 8.665/1.738 | lr(main/disc) 9.00e-05/3.50e-05 | cuda_peak(alloc/resv) 18.96/24.42GB | phase(train/val/raw/train_eval) 2.7/0.5/0.0/0.0s | 3.2s
2026-08-26 23:14:28 | Epoch 022/060 | loss 1.5600 | cls 1.4997 | tal 0.1233 | dual_g 0.0233 | dual_d 0.9808 | train_acc 0.9292 | train_full n/a | val_acc 0.6154 | val_f1 0.6591 | adv/moduleC 0.89/1.00 | disc_steps 3 | grad(main/disc) 13.944/1.638 | lr(main/disc) 4.50e-05/1.75e-05 | cuda_peak(alloc/resv) 18.96/24.42GB | phase(train/val/raw/train_eval) 2.7/0.5/0.0/0.0s | 3.2s
2026-08-26 23:14:32 | Epoch 023/060 | loss 1.5781 | cls 1.5087 | tal 0.1449 | dual_g 0.0260 | dual_d 1.0425 | train_acc 0.9417 | train_full n/a | val_acc 0.6538 | val_f1 0.7207 | adv/moduleC 0.94/1.00 | disc_steps 3 | grad(main/disc) 15.490/1.719 | lr(main/disc) 4.50e-05/1.75e-05 | cuda_peak(alloc/resv) 18.96/24.42GB | phase(train/val/raw/train_eval) 2.6/0.5/0.5/0.0s | 3.7s
2026-08-26 23:14:36 | New best val_f1_macro_present: 0.7207 at epoch 23
2026-08-26 23:14:39 | Epoch 024/060 | loss 1.6579 | cls 1.5863 | tal 0.1475 | dual_g 0.0274 | dual_d 0.9781 | train_acc 0.9042 | train_full n/a | val_acc 0.6154 | val_f1 0.6472 | adv/moduleC 1.00/1.00 | disc_steps 3 | grad(main/disc) 10.202/1.659 | lr(main/disc) 4.50e-05/1.75e-05 | cuda_peak(alloc/resv) 18.96/24.42GB | phase(train/val/raw/train_eval) 3.0/0.5/0.0/0.0s | 3.5s
2026-08-26 23:14:44 | Epoch 025/060 | loss 1.5798 | cls 1.5123 | tal 0.1403 | dual_g 0.0253 | dual_d 0.9956 | train_acc 0.9250 | train_full 0.6146 | val_acc 0.5769 | val_f1 0.6119 | adv/moduleC 1.00/1.00 | disc_steps 3 | grad(main/disc) 10.216/1.665 | lr(main/disc) 4.50e-05/1.75e-05 | cuda_peak(alloc/resv) 18.96/24.42GB | phase(train/val/raw/train_eval) 2.7/0.5/0.5/0.7s | 4.5s
2026-08-26 23:14:47 | Epoch 026/060 | loss 1.5196 | cls 1.4525 | tal 0.1317 | dual_g 0.0276 | dual_d 0.9815 | train_acc 0.9333 | train_full n/a | val_acc 0.5769 | val_f1 0.6119 | adv/moduleC 1.00/1.00 | disc_steps 3 | grad(main/disc) 6.089/1.589 | lr(main/disc) 4.50e-05/1.75e-05 | cuda_peak(alloc/resv) 18.96/24.42GB | phase(train/val/raw/train_eval) 3.2/0.5/0.0/0.0s | 3.7s
2026-08-26 23:14:51 | Epoch 027/060 | loss 1.5461 | cls 1.4803 | tal 0.1306 | dual_g 0.0266 | dual_d 1.0195 | train_acc 0.9292 | train_full n/a | val_acc 0.6154 | val_f1 0.6472 | adv/moduleC 1.00/1.00 | disc_steps 3 | grad(main/disc) 7.609/1.649 | lr(main/disc) 4.50e-05/1.75e-05 | cuda_peak(alloc/resv) 18.96/24.42GB | phase(train/val/raw/train_eval) 2.7/0.5/0.0/0.0s | 3.2s
2026-08-26 23:14:54 | Epoch 028/060 | loss 1.5186 | cls 1.4499 | tal 0.1401 | dual_g 0.0266 | dual_d 1.0560 | train_acc 0.9667 | train_full n/a | val_acc 0.6154 | val_f1 0.5843 | adv/moduleC 1.00/1.00 | disc_steps 3 | grad(main/disc) 8.054/1.689 | lr(main/disc) 4.50e-05/1.75e-05 | cuda_peak(alloc/resv) 18.96/24.42GB | phase(train/val/raw/train_eval) 2.8/0.5/0.0/0.0s | 3.3s
2026-08-26 23:14:58 | Epoch 029/060 | loss 1.5415 | cls 1.4821 | tal 0.1138 | dual_g 0.0253 | dual_d 1.0567 | train_acc 0.9417 | train_full n/a | val_acc 0.5385 | val_f1 0.4954 | adv/moduleC 1.00/1.00 | disc_steps 3 | grad(main/disc) 9.226/1.728 | lr(main/disc) 4.50e-05/1.75e-05 | cuda_peak(alloc/resv) 18.96/24.42GB | phase(train/val/raw/train_eval) 3.2/0.5/0.0/0.0s | 3.7s
2026-08-26 23:15:02 | Epoch 030/060 | loss 1.4956 | cls 1.4309 | tal 0.1282 | dual_g 0.0262 | dual_d 0.9630 | train_acc 0.9458 | train_full 0.6250 | val_acc 0.6154 | val_f1 0.6736 | adv/moduleC 1.00/1.00 | disc_steps 3 | grad(main/disc) 6.615/1.610 | lr(main/disc) 2.25e-05/8.75e-06 | cuda_peak(alloc/resv) 18.96/24.42GB | phase(train/val/raw/train_eval) 3.1/0.5/0.5/0.8s | 4.9s
2026-08-26 23:15:06 | Epoch 031/060 | loss 1.5144 | cls 1.4449 | tal 0.1417 | dual_g 0.0270 | dual_d 1.0123 | train_acc 0.9667 | train_full n/a | val_acc 0.5769 | val_f1 0.6119 | adv/moduleC 1.00/1.00 | disc_steps 3 | grad(main/disc) 9.740/1.658 | lr(main/disc) 2.25e-05/8.75e-06 | cuda_peak(alloc/resv) 18.96/24.42GB | phase(train/val/raw/train_eval) 3.0/0.5/0.0/0.0s | 3.5s
2026-08-26 23:15:09 | Epoch 032/060 | loss 1.4754 | cls 1.4135 | tal 0.1220 | dual_g 0.0253 | dual_d 0.9972 | train_acc 0.9625 | train_full n/a | val_acc 0.6154 | val_f1 0.6472 | adv/moduleC 1.00/1.00 | disc_steps 3 | grad(main/disc) 9.886/1.649 | lr(main/disc) 2.25e-05/8.75e-06 | cuda_peak(alloc/resv) 18.96/24.42GB | phase(train/val/raw/train_eval) 2.9/0.5/0.0/0.0s | 3.4s
2026-08-26 23:15:13 | Epoch 033/060 | loss 1.4323 | cls 1.3738 | tal 0.1151 | dual_g 0.0239 | dual_d 0.9913 | train_acc 0.9417 | train_full n/a | val_acc 0.6154 | val_f1 0.6472 | adv/moduleC 1.00/1.00 | disc_steps 3 | grad(main/disc) 6.435/1.625 | lr(main/disc) 2.25e-05/8.75e-06 | cuda_peak(alloc/resv) 18.96/24.42GB | phase(train/val/raw/train_eval) 2.8/0.5/0.0/0.0s | 3.3s
2026-08-26 23:15:16 | Epoch 034/060 | loss 1.4367 | cls 1.3691 | tal 0.1408 | dual_g 0.0253 | dual_d 1.0074 | train_acc 0.9667 | train_full n/a | val_acc 0.6538 | val_f1 0.6783 | adv/moduleC 1.00/1.00 | disc_steps 3 | grad(main/disc) 6.781/1.624 | lr(main/disc) 2.25e-05/8.75e-06 | cuda_peak(alloc/resv) 18.96/24.42GB | phase(train/val/raw/train_eval) 2.9/0.5/0.0/0.0s | 3.4s
2026-08-26 23:15:20 | Epoch 035/060 | loss 1.4209 | cls 1.3522 | tal 0.1552 | dual_g 0.0222 | dual_d 1.0501 | train_acc 0.9708 | train_full 0.7188 | val_acc 0.6538 | val_f1 0.6783 | adv/moduleC 1.00/1.00 | disc_steps 3 | grad(main/disc) 6.971/1.676 | lr(main/disc) 2.25e-05/8.75e-06 | cuda_peak(alloc/resv) 18.96/24.42GB | phase(train/val/raw/train_eval) 2.7/0.5/0.5/0.7s | 4.5s
2026-08-26 23:15:24 | Epoch 036/060 | loss 1.4415 | cls 1.3708 | tal 0.1534 | dual_g 0.0246 | dual_d 1.0013 | train_acc 0.9500 | train_full n/a | val_acc 0.6538 | val_f1 0.7037 | adv/moduleC 1.00/1.00 | disc_steps 3 | grad(main/disc) 8.173/1.612 | lr(main/disc) 2.25e-05/8.75e-06 | cuda_peak(alloc/resv) 18.96/24.42GB | phase(train/val/raw/train_eval) 2.9/0.5/0.0/0.0s | 3.4s
2026-08-26 23:15:27 | Epoch 037/060 | loss 1.4400 | cls 1.3704 | tal 0.1501 | dual_g 0.0245 | dual_d 1.0444 | train_acc 0.9792 | train_full n/a | val_acc 0.6154 | val_f1 0.6736 | adv/moduleC 1.00/1.00 | disc_steps 3 | grad(main/disc) 5.374/1.651 | lr(main/disc) 1.13e-05/4.37e-06 | cuda_peak(alloc/resv) 18.96/24.42GB | phase(train/val/raw/train_eval) 2.7/0.5/0.0/0.0s | 3.2s
2026-08-26 23:15:30 | Epoch 038/060 | loss 1.4163 | cls 1.3528 | tal 0.1249 | dual_g 0.0260 | dual_d 1.0669 | train_acc 0.9833 | train_full n/a | val_acc 0.6154 | val_f1 0.6736 | adv/moduleC 1.00/1.00 | disc_steps 3 | grad(main/disc) 7.197/1.682 | lr(main/disc) 1.13e-05/4.37e-06 | cuda_peak(alloc/resv) 18.96/24.42GB | phase(train/val/raw/train_eval) 2.7/0.5/0.0/0.0s | 3.2s
2026-08-26 23:15:30 | Early stopping at epoch 38 after 15 epochs without val_f1_macro_present improvement.
2026-08-26 23:15:30 | Training complete. Best validation accuracy: 0.6538 | best val_f1_macro_present: 0.7207
