2026-08-28 23:10:34 | Starting Dual_D standalone training
2026-08-28 23:10:34 | Run directory: runs/module_c_ablation_60_v6/module_c_20260828_191630/module_c_no_module_c_黑天_20260828_230139
2026-08-28 23:10:34 | Device: cuda
2026-08-28 23:10:35 | Source train samples: 992
2026-08-28 23:10:35 | Target train samples: 465
2026-08-28 23:10:35 | Target val samples: 120
2026-08-28 23:10:35 | Classes: 14
2026-08-28 23:10:35 | Data audit: same_dir=False | path_overlap(vis/ir/ais)=0/0/0 | content_overlap(vis/ir/ais)=0/0/0 | ais_index_overlap=0 | stem_mismatch(vis-ir/vis-ais)=578/0
2026-08-28 23:10:35 | source_train classes: present 14/14 | absent 0 | counts [0:120, 1:44, 2:69, 3:45, 4:40, 5:30, 6:64, 7:80, 8:116, 9:68, 10:57, 11:83, 12:48, 13:128]
2026-08-28 23:10:35 | target_train classes: present 8/14 | absent 6 | counts [0:100, 2:11, 3:16, 6:89, 9:162, 10:12, 11:44, 13:31]
2026-08-28 23:10:35 | target_val classes: present 8/14 | absent 6 | counts [0:26, 2:3, 3:5, 6:23, 9:41, 10:3, 11:11, 13:8]
2026-08-28 23:10:35 | Paired training classes: 8/14 | class ids [0, 2, 3, 6, 9, 10, 11, 13]
2026-08-28 23:10:35 | Runtime profile: batch=92 | paired_steps=6 | workers=16 | train_eval_every=5 | raw_eval_every=5 | stability_window=1 | early_stop=15 after min_epoch=48
2026-08-28 23:10:35 | VIS/IR pairing: class-level-unpaired | count-mismatch classes train/val: 10/0 | AIS alignment: none | AIS rows train/val: 0/0
2026-08-28 23:10:35 | Effective Dual-D loss weights: {"adv_auxiliary": 0.035, "adv_primary": 0.035, "classification": 0.0, "contrastive": 0.0, "cycle": 0.0, "identity": 0.0, "prototype_contrastive": 0.0}
2026-08-28 23:10:35 | Model parameters: total=17277714 | trainable=17120210
2026-08-28 23:10:41 | Epoch 001/060 | loss 5.4145 | cls 5.3208 | tal 0.3124 | dual_g 0.0000 | dual_d 0.0000 | train_acc 0.0707 | train_full 0.1527 | val_acc 0.2083 | val_f1 0.1048 | adv/moduleC 0.00/0.00 | disc_steps 0 | grad(main/disc) 14.575/0.000 | lr(main/disc) 7.00e-05/3.50e-05 | cuda_peak(alloc/resv) 21.77/28.18GB | phase(train/val/raw/train_eval) 4.0/0.6/0.6/0.9s | 6.1s
2026-08-28 23:10:44 | New best val_f1_macro_present: raw=0.1048 stable_score=0.1048 at epoch 1
2026-08-28 23:10:48 | Epoch 002/060 | loss 4.2748 | cls 4.2314 | tal 0.1445 | dual_g 0.0000 | dual_d 0.0000 | train_acc 0.1612 | train_full n/a | val_acc 0.1417 | val_f1 0.0738 | adv/moduleC 0.00/0.00 | disc_steps 0 | grad(main/disc) 11.199/0.000 | lr(main/disc) 7.00e-05/3.50e-05 | cuda_peak(alloc/resv) 21.77/28.18GB | phase(train/val/raw/train_eval) 3.3/0.6/0.0/0.0s | 3.9s
2026-08-28 23:10:52 | Epoch 003/060 | loss 3.7276 | cls 3.7375 | tal -0.0329 | dual_g 0.0000 | dual_d 0.0000 | train_acc 0.2736 | train_full n/a | val_acc 0.1083 | val_f1 0.0698 | adv/moduleC 0.00/0.00 | disc_steps 0 | grad(main/disc) 9.691/0.000 | lr(main/disc) 7.00e-05/3.50e-05 | cuda_peak(alloc/resv) 21.77/28.18GB | phase(train/val/raw/train_eval) 3.4/0.6/0.0/0.0s | 4.0s
2026-08-28 23:10:57 | Epoch 004/060 | loss 3.2935 | cls 3.3125 | tal -0.0634 | dual_g 0.0000 | dual_d 0.0000 | train_acc 0.3841 | train_full n/a | val_acc 0.1667 | val_f1 0.1448 | adv/moduleC 0.00/0.00 | disc_steps 0 | grad(main/disc) 9.133/0.000 | lr(main/disc) 7.00e-05/3.50e-05 | cuda_peak(alloc/resv) 21.77/28.18GB | phase(train/val/raw/train_eval) 3.7/0.6/0.6/0.0s | 4.8s
2026-08-28 23:10:59 | New best val_f1_macro_present: raw=0.1448 stable_score=0.1448 at epoch 4
2026-08-28 23:11:05 | Epoch 005/060 | loss 2.9662 | cls 3.0061 | tal -0.1331 | dual_g 0.0000 | dual_d 0.0000 | train_acc 0.4547 | train_full 0.2645 | val_acc 0.2750 | val_f1 0.3785 | adv/moduleC 0.00/0.00 | disc_steps 0 | grad(main/disc) 8.381/0.000 | lr(main/disc) 7.00e-05/3.50e-05 | cuda_peak(alloc/resv) 21.77/28.18GB | phase(train/val/raw/train_eval) 3.3/0.6/0.6/0.8s | 5.4s
2026-08-28 23:11:08 | New best val_f1_macro_present: raw=0.3785 stable_score=0.3785 at epoch 5
2026-08-28 23:11:13 | Epoch 006/060 | loss 2.7902 | cls 2.8284 | tal -0.1344 | dual_g 0.0021 | dual_d 0.8484 | train_acc 0.5109 | train_full n/a | val_acc 0.3333 | val_f1 0.4803 | adv/moduleC 0.05/0.10 | disc_steps 3 | grad(main/disc) 8.503/1.541 | lr(main/disc) 7.00e-05/3.50e-05 | cuda_peak(alloc/resv) 21.77/28.18GB | phase(train/val/raw/train_eval) 3.8/0.6/0.6/0.0s | 5.0s
2026-08-28 23:11:16 | New best val_f1_macro_present: raw=0.4803 stable_score=0.4803 at epoch 6
2026-08-28 23:11:21 | Epoch 007/060 | loss 2.5492 | cls 2.5841 | tal -0.1299 | dual_g 0.0041 | dual_d 0.8515 | train_acc 0.5743 | train_full n/a | val_acc 0.3833 | val_f1 0.5282 | adv/moduleC 0.10/0.20 | disc_steps 3 | grad(main/disc) 7.985/1.529 | lr(main/disc) 7.00e-05/3.50e-05 | cuda_peak(alloc/resv) 21.77/28.18GB | phase(train/val/raw/train_eval) 3.9/0.6/0.6/0.0s | 5.1s
2026-08-28 23:11:24 | New best val_f1_macro_present: raw=0.5282 stable_score=0.5282 at epoch 7
2026-08-28 23:11:28 | Epoch 008/060 | loss 2.3839 | cls 2.4219 | tal -0.1462 | dual_g 0.0059 | dual_d 0.8539 | train_acc 0.6069 | train_full n/a | val_acc 0.6000 | val_f1 0.6584 | adv/moduleC 0.15/0.30 | disc_steps 3 | grad(main/disc) 8.316/1.507 | lr(main/disc) 7.00e-05/3.50e-05 | cuda_peak(alloc/resv) 21.77/28.18GB | phase(train/val/raw/train_eval) 3.7/0.6/0.6/0.0s | 4.9s
2026-08-28 23:11:31 | New best val_f1_macro_present: raw=0.6584 stable_score=0.6584 at epoch 8
2026-08-28 23:11:36 | Epoch 009/060 | loss 2.2620 | cls 2.2893 | tal -0.1150 | dual_g 0.0072 | dual_d 0.9666 | train_acc 0.6612 | train_full n/a | val_acc 0.6583 | val_f1 0.6713 | adv/moduleC 0.20/0.40 | disc_steps 3 | grad(main/disc) 7.966/1.664 | lr(main/disc) 7.00e-05/3.50e-05 | cuda_peak(alloc/resv) 21.77/28.18GB | phase(train/val/raw/train_eval) 3.3/0.6/0.6/0.0s | 4.5s
2026-08-28 23:11:39 | New best val_f1_macro_present: raw=0.6713 stable_score=0.6713 at epoch 9
2026-08-28 23:11:44 | Epoch 010/060 | loss 2.1839 | cls 2.1899 | tal -0.0475 | dual_g 0.0083 | dual_d 0.9868 | train_acc 0.7029 | train_full 0.6602 | val_acc 0.6750 | val_f1 0.6527 | adv/moduleC 0.25/0.50 | disc_steps 3 | grad(main/disc) 8.003/1.659 | lr(main/disc) 7.00e-05/3.50e-05 | cuda_peak(alloc/resv) 21.77/28.18GB | phase(train/val/raw/train_eval) 3.7/0.6/0.6/0.9s | 5.8s
2026-08-28 23:11:49 | Epoch 011/060 | loss 2.0981 | cls 2.1030 | tal -0.0469 | dual_g 0.0092 | dual_d 0.9787 | train_acc 0.7156 | train_full n/a | val_acc 0.6667 | val_f1 0.6496 | adv/moduleC 0.30/0.60 | disc_steps 3 | grad(main/disc) 8.059/1.614 | lr(main/disc) 7.00e-05/3.50e-05 | cuda_peak(alloc/resv) 21.77/28.18GB | phase(train/val/raw/train_eval) 3.6/0.6/0.0/0.0s | 4.2s
2026-08-28 23:11:54 | Epoch 012/060 | loss 1.9671 | cls 1.9828 | tal -0.0856 | dual_g 0.0100 | dual_d 1.0174 | train_acc 0.7681 | train_full n/a | val_acc 0.6917 | val_f1 0.7106 | adv/moduleC 0.35/0.70 | disc_steps 3 | grad(main/disc) 7.177/1.610 | lr(main/disc) 7.00e-05/3.50e-05 | cuda_peak(alloc/resv) 21.77/28.18GB | phase(train/val/raw/train_eval) 3.8/0.6/0.6/0.0s | 5.0s
2026-08-28 23:11:57 | New best val_f1_macro_present: raw=0.7106 stable_score=0.7106 at epoch 12
2026-08-28 23:12:01 | Epoch 013/060 | loss 1.8618 | cls 1.8729 | tal -0.0753 | dual_g 0.0115 | dual_d 1.0330 | train_acc 0.8080 | train_full n/a | val_acc 0.7500 | val_f1 0.7468 | adv/moduleC 0.40/0.80 | disc_steps 3 | grad(main/disc) 7.193/1.631 | lr(main/disc) 7.00e-05/3.50e-05 | cuda_peak(alloc/resv) 21.77/28.18GB | phase(train/val/raw/train_eval) 3.4/0.6/0.6/0.0s | 4.6s
2026-08-28 23:12:04 | New best val_f1_macro_present: raw=0.7468 stable_score=0.7468 at epoch 13
2026-08-28 23:12:09 | Epoch 014/060 | loss 1.8247 | cls 1.8266 | tal -0.0449 | dual_g 0.0116 | dual_d 1.0674 | train_acc 0.8062 | train_full n/a | val_acc 0.8000 | val_f1 0.7742 | adv/moduleC 0.45/0.90 | disc_steps 3 | grad(main/disc) 6.664/1.628 | lr(main/disc) 7.00e-05/3.50e-05 | cuda_peak(alloc/resv) 21.77/28.18GB | phase(train/val/raw/train_eval) 3.4/0.6/0.6/0.0s | 4.6s
2026-08-28 23:12:12 | New best val_f1_macro_present: raw=0.7742 stable_score=0.7742 at epoch 14
2026-08-28 23:12:17 | Epoch 015/060 | loss 1.8452 | cls 1.8471 | tal -0.0454 | dual_g 0.0117 | dual_d 1.1556 | train_acc 0.8116 | train_full 0.8151 | val_acc 0.8167 | val_f1 0.7833 | adv/moduleC 0.50/1.00 | disc_steps 3 | grad(main/disc) 7.519/1.738 | lr(main/disc) 7.00e-05/3.50e-05 | cuda_peak(alloc/resv) 21.77/28.18GB | phase(train/val/raw/train_eval) 3.7/0.6/0.6/0.8s | 5.8s
2026-08-28 23:12:20 | New best val_f1_macro_present: raw=0.7833 stable_score=0.7833 at epoch 15
2026-08-28 23:12:25 | Epoch 016/060 | loss 1.7440 | cls 1.7442 | tal -0.0444 | dual_g 0.0131 | dual_d 1.1301 | train_acc 0.8279 | train_full n/a | val_acc 0.8417 | val_f1 0.8226 | adv/moduleC 0.55/1.00 | disc_steps 3 | grad(main/disc) 6.512/1.716 | lr(main/disc) 7.00e-05/3.50e-05 | cuda_peak(alloc/resv) 21.77/28.18GB | phase(train/val/raw/train_eval) 3.7/0.6/0.6/0.0s | 4.9s
2026-08-28 23:12:28 | New best val_f1_macro_present: raw=0.8226 stable_score=0.8226 at epoch 16
2026-08-28 23:12:33 | Epoch 017/060 | loss 1.7122 | cls 1.7168 | tal -0.0618 | dual_g 0.0139 | dual_d 1.1045 | train_acc 0.8297 | train_full n/a | val_acc 0.8833 | val_f1 0.8662 | adv/moduleC 0.60/1.00 | disc_steps 3 | grad(main/disc) 6.659/1.646 | lr(main/disc) 7.00e-05/3.50e-05 | cuda_peak(alloc/resv) 21.77/28.18GB | phase(train/val/raw/train_eval) 3.8/0.6/0.6/0.0s | 5.0s
2026-08-28 23:12:36 | New best val_f1_macro_present: raw=0.8662 stable_score=0.8662 at epoch 17
2026-08-28 23:12:40 | Epoch 018/060 | loss 1.6069 | cls 1.6080 | tal -0.0526 | dual_g 0.0147 | dual_d 1.1140 | train_acc 0.8913 | train_full n/a | val_acc 0.8500 | val_f1 0.8259 | adv/moduleC 0.65/1.00 | disc_steps 3 | grad(main/disc) 5.609/1.649 | lr(main/disc) 7.00e-05/3.50e-05 | cuda_peak(alloc/resv) 21.77/28.18GB | phase(train/val/raw/train_eval) 3.4/0.6/0.0/0.0s | 4.0s
2026-08-28 23:12:44 | Epoch 019/060 | loss 1.5645 | cls 1.5716 | tal -0.0737 | dual_g 0.0150 | dual_d 1.1658 | train_acc 0.8822 | train_full n/a | val_acc 0.8083 | val_f1 0.7863 | adv/moduleC 0.70/1.00 | disc_steps 3 | grad(main/disc) 5.247/1.686 | lr(main/disc) 7.00e-05/3.50e-05 | cuda_peak(alloc/resv) 21.77/28.18GB | phase(train/val/raw/train_eval) 3.4/0.6/0.0/0.0s | 4.0s
2026-08-28 23:12:49 | Epoch 020/060 | loss 1.5664 | cls 1.5549 | tal -0.0148 | dual_g 0.0160 | dual_d 1.1931 | train_acc 0.9203 | train_full 0.8559 | val_acc 0.8417 | val_f1 0.7986 | adv/moduleC 0.75/1.00 | disc_steps 3 | grad(main/disc) 5.664/1.690 | lr(main/disc) 7.00e-05/3.50e-05 | cuda_peak(alloc/resv) 21.77/28.18GB | phase(train/val/raw/train_eval) 3.5/0.6/0.6/0.9s | 5.6s
2026-08-28 23:12:53 | Epoch 021/060 | loss 1.5204 | cls 1.5285 | tal -0.0810 | dual_g 0.0163 | dual_d 1.2101 | train_acc 0.9384 | train_full n/a | val_acc 0.8667 | val_f1 0.8543 | adv/moduleC 0.80/1.00 | disc_steps 3 | grad(main/disc) 5.809/1.714 | lr(main/disc) 7.00e-05/3.50e-05 | cuda_peak(alloc/resv) 21.77/28.18GB | phase(train/val/raw/train_eval) 3.4/0.6/0.0/0.0s | 4.0s
2026-08-28 23:12:58 | Epoch 022/060 | loss 1.5345 | cls 1.5154 | tal 0.0083 | dual_g 0.0166 | dual_d 1.1904 | train_acc 0.9330 | train_full n/a | val_acc 0.9167 | val_f1 0.9094 | adv/moduleC 0.85/1.00 | disc_steps 3 | grad(main/disc) 5.535/1.728 | lr(main/disc) 7.00e-05/3.50e-05 | cuda_peak(alloc/resv) 21.77/28.18GB | phase(train/val/raw/train_eval) 3.5/0.6/0.6/0.0s | 4.7s
2026-08-28 23:13:01 | New best val_f1_macro_present: raw=0.9094 stable_score=0.9094 at epoch 22
2026-08-28 23:13:05 | Epoch 023/060 | loss 1.5208 | cls 1.5050 | tal -0.0049 | dual_g 0.0173 | dual_d 1.2625 | train_acc 0.9221 | train_full n/a | val_acc 0.8500 | val_f1 0.8094 | adv/moduleC 0.90/1.00 | disc_steps 3 | grad(main/disc) 5.224/1.761 | lr(main/disc) 7.00e-05/3.50e-05 | cuda_peak(alloc/resv) 21.77/28.18GB | phase(train/val/raw/train_eval) 3.6/0.6/0.0/0.0s | 4.2s
2026-08-28 23:13:09 | Epoch 024/060 | loss 1.4724 | cls 1.4714 | tal -0.0538 | dual_g 0.0171 | dual_d 1.2242 | train_acc 0.9366 | train_full n/a | val_acc 0.8500 | val_f1 0.8000 | adv/moduleC 0.95/1.00 | disc_steps 3 | grad(main/disc) 4.892/1.725 | lr(main/disc) 7.00e-05/3.50e-05 | cuda_peak(alloc/resv) 21.77/28.18GB | phase(train/val/raw/train_eval) 3.3/0.6/0.0/0.0s | 3.9s
2026-08-28 23:13:15 | Epoch 025/060 | loss 1.4522 | cls 1.4490 | tal -0.0533 | dual_g 0.0192 | dual_d 1.2308 | train_acc 0.9438 | train_full 0.9183 | val_acc 0.9083 | val_f1 0.9083 | adv/moduleC 1.00/1.00 | disc_steps 3 | grad(main/disc) 4.761/1.705 | lr(main/disc) 7.00e-05/3.50e-05 | cuda_peak(alloc/resv) 21.77/28.18GB | phase(train/val/raw/train_eval) 3.7/0.6/0.6/0.8s | 5.7s
2026-08-28 23:13:19 | Epoch 026/060 | loss 1.4505 | cls 1.4571 | tal -0.0814 | dual_g 0.0179 | dual_d 1.1972 | train_acc 0.9203 | train_full n/a | val_acc 0.9083 | val_f1 0.8934 | adv/moduleC 1.00/1.00 | disc_steps 3 | grad(main/disc) 5.081/1.696 | lr(main/disc) 7.00e-05/3.50e-05 | cuda_peak(alloc/resv) 21.77/28.18GB | phase(train/val/raw/train_eval) 3.3/0.6/0.0/0.0s | 3.9s
2026-08-28 23:13:23 | Epoch 027/060 | loss 1.3826 | cls 1.3906 | tal -0.0873 | dual_g 0.0183 | dual_d 1.2640 | train_acc 0.9475 | train_full n/a | val_acc 0.9083 | val_f1 0.8928 | adv/moduleC 1.00/1.00 | disc_steps 3 | grad(main/disc) 4.170/1.725 | lr(main/disc) 7.00e-05/3.50e-05 | cuda_peak(alloc/resv) 21.77/28.18GB | phase(train/val/raw/train_eval) 3.6/0.6/0.0/0.0s | 4.2s
2026-08-28 23:13:27 | Epoch 028/060 | loss 1.3855 | cls 1.3982 | tal -0.1015 | dual_g 0.0178 | dual_d 1.2308 | train_acc 0.9656 | train_full n/a | val_acc 0.8667 | val_f1 0.8352 | adv/moduleC 1.00/1.00 | disc_steps 3 | grad(main/disc) 4.055/1.682 | lr(main/disc) 7.00e-05/3.50e-05 | cuda_peak(alloc/resv) 21.77/28.18GB | phase(train/val/raw/train_eval) 3.5/0.6/0.0/0.0s | 4.0s
2026-08-28 23:13:31 | Epoch 029/060 | loss 1.3568 | cls 1.3777 | tal -0.1274 | dual_g 0.0174 | dual_d 1.2365 | train_acc 0.9638 | train_full n/a | val_acc 0.9000 | val_f1 0.8653 | adv/moduleC 1.00/1.00 | disc_steps 3 | grad(main/disc) 3.458/1.702 | lr(main/disc) 3.50e-05/1.75e-05 | cuda_peak(alloc/resv) 21.77/28.18GB | phase(train/val/raw/train_eval) 3.4/0.6/0.0/0.0s | 4.0s
2026-08-28 23:13:36 | Epoch 030/060 | loss 1.3765 | cls 1.3956 | tal -0.1216 | dual_g 0.0174 | dual_d 1.2800 | train_acc 0.9656 | train_full 0.9226 | val_acc 0.9083 | val_f1 0.8818 | adv/moduleC 1.00/1.00 | disc_steps 3 | grad(main/disc) 3.887/1.699 | lr(main/disc) 3.50e-05/1.75e-05 | cuda_peak(alloc/resv) 21.77/28.18GB | phase(train/val/raw/train_eval) 3.4/0.6/0.6/0.8s | 5.4s
2026-08-28 23:13:41 | Epoch 031/060 | loss 1.3384 | cls 1.3544 | tal -0.1145 | dual_g 0.0183 | dual_d 1.2444 | train_acc 0.9783 | train_full n/a | val_acc 0.9000 | val_f1 0.8835 | adv/moduleC 1.00/1.00 | disc_steps 3 | grad(main/disc) 3.451/1.656 | lr(main/disc) 3.50e-05/1.75e-05 | cuda_peak(alloc/resv) 21.77/28.18GB | phase(train/val/raw/train_eval) 3.5/0.6/0.0/0.0s | 4.1s
2026-08-28 23:13:45 | Epoch 032/060 | loss 1.3488 | cls 1.3621 | tal -0.1039 | dual_g 0.0179 | dual_d 1.2531 | train_acc 0.9620 | train_full n/a | val_acc 0.9167 | val_f1 0.9150 | adv/moduleC 1.00/1.00 | disc_steps 3 | grad(main/disc) 3.639/1.671 | lr(main/disc) 3.50e-05/1.75e-05 | cuda_peak(alloc/resv) 21.77/28.18GB | phase(train/val/raw/train_eval) 3.7/0.6/0.6/0.0s | 4.9s
2026-08-28 23:13:48 | New best val_f1_macro_present: raw=0.9150 stable_score=0.9150 at epoch 32
2026-08-28 23:13:52 | Epoch 033/060 | loss 1.3351 | cls 1.3471 | tal -0.0969 | dual_g 0.0170 | dual_d 1.2587 | train_acc 0.9746 | train_full n/a | val_acc 0.9167 | val_f1 0.9122 | adv/moduleC 1.00/1.00 | disc_steps 3 | grad(main/disc) 3.427/1.724 | lr(main/disc) 3.50e-05/1.75e-05 | cuda_peak(alloc/resv) 21.77/28.18GB | phase(train/val/raw/train_eval) 3.4/0.6/0.0/0.0s | 4.0s
2026-08-28 23:13:56 | Epoch 034/060 | loss 1.3380 | cls 1.3523 | tal -0.1059 | dual_g 0.0175 | dual_d 1.2877 | train_acc 0.9728 | train_full n/a | val_acc 0.9083 | val_f1 0.9009 | adv/moduleC 1.00/1.00 | disc_steps 3 | grad(main/disc) 3.757/1.763 | lr(main/disc) 3.50e-05/1.75e-05 | cuda_peak(alloc/resv) 21.77/28.18GB | phase(train/val/raw/train_eval) 3.3/0.6/0.0/0.0s | 3.9s
2026-08-28 23:14:02 | Epoch 035/060 | loss 1.3289 | cls 1.3394 | tal -0.0927 | dual_g 0.0172 | dual_d 1.2472 | train_acc 0.9801 | train_full 0.9462 | val_acc 0.9083 | val_f1 0.8863 | adv/moduleC 1.00/1.00 | disc_steps 3 | grad(main/disc) 3.374/1.638 | lr(main/disc) 3.50e-05/1.75e-05 | cuda_peak(alloc/resv) 21.77/28.18GB | phase(train/val/raw/train_eval) 3.6/0.6/0.6/0.9s | 5.7s
2026-08-28 23:14:06 | Epoch 036/060 | loss 1.3097 | cls 1.3276 | tal -0.1191 | dual_g 0.0178 | dual_d 1.2826 | train_acc 0.9783 | train_full n/a | val_acc 0.9000 | val_f1 0.8708 | adv/moduleC 1.00/1.00 | disc_steps 3 | grad(main/disc) 3.238/1.717 | lr(main/disc) 3.50e-05/1.75e-05 | cuda_peak(alloc/resv) 21.77/28.18GB | phase(train/val/raw/train_eval) 3.3/0.6/0.0/0.0s | 3.9s
2026-08-28 23:14:10 | Epoch 037/060 | loss 1.3070 | cls 1.3328 | tal -0.1463 | dual_g 0.0181 | dual_d 1.2251 | train_acc 0.9783 | train_full n/a | val_acc 0.9167 | val_f1 0.8940 | adv/moduleC 1.00/1.00 | disc_steps 3 | grad(main/disc) 3.213/1.628 | lr(main/disc) 3.50e-05/1.75e-05 | cuda_peak(alloc/resv) 21.77/28.18GB | phase(train/val/raw/train_eval) 3.3/0.6/0.0/0.0s | 3.9s
2026-08-28 23:14:14 | Epoch 038/060 | loss 1.2942 | cls 1.3205 | tal -0.1450 | dual_g 0.0172 | dual_d 1.2430 | train_acc 0.9855 | train_full n/a | val_acc 0.9083 | val_f1 0.9072 | adv/moduleC 1.00/1.00 | disc_steps 3 | grad(main/disc) 2.739/1.677 | lr(main/disc) 3.50e-05/1.75e-05 | cuda_peak(alloc/resv) 21.77/28.18GB | phase(train/val/raw/train_eval) 3.6/0.6/0.0/0.0s | 4.2s
2026-08-28 23:14:19 | Epoch 039/060 | loss 1.2999 | cls 1.3216 | tal -0.1298 | dual_g 0.0173 | dual_d 1.2482 | train_acc 0.9819 | train_full n/a | val_acc 0.9333 | val_f1 0.9270 | adv/moduleC 1.00/1.00 | disc_steps 3 | grad(main/disc) 3.164/1.678 | lr(main/disc) 3.50e-05/1.75e-05 | cuda_peak(alloc/resv) 21.77/28.18GB | phase(train/val/raw/train_eval) 3.5/0.6/0.6/0.0s | 4.7s
2026-08-28 23:14:22 | New best val_f1_macro_present: raw=0.9270 stable_score=0.9270 at epoch 39
2026-08-28 23:14:27 | Epoch 040/060 | loss 1.3076 | cls 1.3331 | tal -0.1416 | dual_g 0.0169 | dual_d 1.2734 | train_acc 0.9764 | train_full 0.9376 | val_acc 0.9167 | val_f1 0.8953 | adv/moduleC 1.00/1.00 | disc_steps 3 | grad(main/disc) 3.340/1.676 | lr(main/disc) 3.50e-05/1.75e-05 | cuda_peak(alloc/resv) 21.77/28.18GB | phase(train/val/raw/train_eval) 3.4/0.6/0.6/0.8s | 5.4s
2026-08-28 23:14:31 | Epoch 041/060 | loss 1.2893 | cls 1.3094 | tal -0.1261 | dual_g 0.0177 | dual_d 1.2565 | train_acc 0.9819 | train_full n/a | val_acc 0.8833 | val_f1 0.8683 | adv/moduleC 1.00/1.00 | disc_steps 3 | grad(main/disc) 3.192/1.637 | lr(main/disc) 3.50e-05/1.75e-05 | cuda_peak(alloc/resv) 21.77/28.18GB | phase(train/val/raw/train_eval) 3.4/0.6/0.0/0.0s | 4.0s
2026-08-28 23:14:35 | Epoch 042/060 | loss 1.2747 | cls 1.3050 | tal -0.1589 | dual_g 0.0174 | dual_d 1.2448 | train_acc 0.9855 | train_full n/a | val_acc 0.9083 | val_f1 0.8877 | adv/moduleC 1.00/1.00 | disc_steps 3 | grad(main/disc) 2.857/1.652 | lr(main/disc) 3.50e-05/1.75e-05 | cuda_peak(alloc/resv) 21.77/28.18GB | phase(train/val/raw/train_eval) 3.6/0.6/0.0/0.0s | 4.2s
2026-08-28 23:14:39 | Epoch 043/060 | loss 1.3005 | cls 1.3155 | tal -0.1067 | dual_g 0.0170 | dual_d 1.2924 | train_acc 0.9819 | train_full n/a | val_acc 0.9250 | val_f1 0.9037 | adv/moduleC 1.00/1.00 | disc_steps 3 | grad(main/disc) 3.175/1.689 | lr(main/disc) 3.50e-05/1.75e-05 | cuda_peak(alloc/resv) 21.77/28.18GB | phase(train/val/raw/train_eval) 3.4/0.6/0.0/0.0s | 4.0s
2026-08-28 23:14:43 | Epoch 044/060 | loss 1.2994 | cls 1.3111 | tal -0.0938 | dual_g 0.0165 | dual_d 1.2767 | train_acc 0.9891 | train_full n/a | val_acc 0.9250 | val_f1 0.9039 | adv/moduleC 1.00/1.00 | disc_steps 3 | grad(main/disc) 3.248/1.698 | lr(main/disc) 3.50e-05/1.75e-05 | cuda_peak(alloc/resv) 21.77/28.18GB | phase(train/val/raw/train_eval) 3.6/0.6/0.0/0.0s | 4.2s
2026-08-28 23:14:49 | Epoch 045/060 | loss 1.2894 | cls 1.3159 | tal -0.1461 | dual_g 0.0173 | dual_d 1.2911 | train_acc 0.9855 | train_full 0.9419 | val_acc 0.9333 | val_f1 0.9172 | adv/moduleC 1.00/1.00 | disc_steps 3 | grad(main/disc) 3.070/1.668 | lr(main/disc) 3.50e-05/1.75e-05 | cuda_peak(alloc/resv) 21.77/28.18GB | phase(train/val/raw/train_eval) 3.5/0.6/0.6/0.9s | 5.5s
2026-08-28 23:14:53 | Epoch 046/060 | loss 1.2858 | cls 1.3099 | tal -0.1385 | dual_g 0.0174 | dual_d 1.2108 | train_acc 0.9837 | train_full n/a | val_acc 0.9250 | val_f1 0.9225 | adv/moduleC 1.00/1.00 | disc_steps 3 | grad(main/disc) 3.072/1.606 | lr(main/disc) 1.75e-05/8.75e-06 | cuda_peak(alloc/resv) 21.77/28.18GB | phase(train/val/raw/train_eval) 3.5/0.6/0.0/0.0s | 4.1s
2026-08-28 23:14:57 | Epoch 047/060 | loss 1.2877 | cls 1.3073 | tal -0.1212 | dual_g 0.0168 | dual_d 1.2404 | train_acc 0.9837 | train_full n/a | val_acc 0.9333 | val_f1 0.9169 | adv/moduleC 1.00/1.00 | disc_steps 3 | grad(main/disc) 3.126/1.636 | lr(main/disc) 1.75e-05/8.75e-06 | cuda_peak(alloc/resv) 21.77/28.18GB | phase(train/val/raw/train_eval) 3.3/0.6/0.0/0.0s | 3.9s
2026-08-28 23:15:01 | Epoch 048/060 | loss 1.2951 | cls 1.3144 | tal -0.1188 | dual_g 0.0163 | dual_d 1.3110 | train_acc 0.9819 | train_full n/a | val_acc 0.9417 | val_f1 0.9239 | adv/moduleC 1.00/1.00 | disc_steps 3 | grad(main/disc) 3.046/1.704 | lr(main/disc) 1.75e-05/8.75e-06 | cuda_peak(alloc/resv) 21.77/28.18GB | phase(train/val/raw/train_eval) 3.2/0.6/0.0/0.0s | 3.8s
2026-08-28 23:15:05 | Epoch 049/060 | loss 1.3016 | cls 1.3239 | tal -0.1286 | dual_g 0.0162 | dual_d 1.2383 | train_acc 0.9837 | train_full n/a | val_acc 0.9500 | val_f1 0.9401 | adv/moduleC 1.00/1.00 | disc_steps 3 | grad(main/disc) 3.232/1.605 | lr(main/disc) 1.75e-05/8.75e-06 | cuda_peak(alloc/resv) 21.77/28.18GB | phase(train/val/raw/train_eval) 3.7/0.6/0.6/0.0s | 4.9s
2026-08-28 23:15:08 | New best val_f1_macro_present: raw=0.9401 stable_score=0.9401 at epoch 49
2026-08-28 23:15:14 | Epoch 050/060 | loss 1.2610 | cls 1.2970 | tal -0.1796 | dual_g 0.0179 | dual_d 1.2506 | train_acc 0.9801 | train_full 0.9462 | val_acc 0.9500 | val_f1 0.9367 | adv/moduleC 1.00/1.00 | disc_steps 3 | grad(main/disc) 2.650/1.629 | lr(main/disc) 1.75e-05/8.75e-06 | cuda_peak(alloc/resv) 21.77/28.18GB | phase(train/val/raw/train_eval) 3.3/0.6/0.6/0.9s | 5.4s
2026-08-28 23:15:18 | Epoch 051/060 | loss 1.2617 | cls 1.2936 | tal -0.1635 | dual_g 0.0171 | dual_d 1.2484 | train_acc 0.9982 | train_full n/a | val_acc 0.9333 | val_f1 0.9263 | adv/moduleC 1.00/1.00 | disc_steps 3 | grad(main/disc) 2.622/1.665 | lr(main/disc) 1.75e-05/8.75e-06 | cuda_peak(alloc/resv) 21.77/28.18GB | phase(train/val/raw/train_eval) 3.4/0.6/0.0/0.0s | 4.0s
2026-08-28 23:15:22 | Epoch 052/060 | loss 1.2914 | cls 1.3096 | tal -0.1169 | dual_g 0.0168 | dual_d 1.2213 | train_acc 0.9819 | train_full n/a | val_acc 0.9167 | val_f1 0.8898 | adv/moduleC 1.00/1.00 | disc_steps 3 | grad(main/disc) 2.995/1.615 | lr(main/disc) 1.75e-05/8.75e-06 | cuda_peak(alloc/resv) 21.77/28.18GB | phase(train/val/raw/train_eval) 3.8/0.6/0.0/0.0s | 4.4s
2026-08-28 23:15:27 | Epoch 053/060 | loss 1.2681 | cls 1.2982 | tal -0.1617 | dual_g 0.0183 | dual_d 1.2188 | train_acc 0.9873 | train_full n/a | val_acc 0.9167 | val_f1 0.8932 | adv/moduleC 1.00/1.00 | disc_steps 3 | grad(main/disc) 2.636/1.630 | lr(main/disc) 1.75e-05/8.75e-06 | cuda_peak(alloc/resv) 21.77/28.18GB | phase(train/val/raw/train_eval) 3.8/0.6/0.0/0.0s | 4.4s
2026-08-28 23:15:31 | Epoch 054/060 | loss 1.2536 | cls 1.2968 | tal -0.1989 | dual_g 0.0165 | dual_d 1.2476 | train_acc 0.9873 | train_full n/a | val_acc 0.9167 | val_f1 0.9047 | adv/moduleC 1.00/1.00 | disc_steps 3 | grad(main/disc) 2.985/1.652 | lr(main/disc) 1.75e-05/8.75e-06 | cuda_peak(alloc/resv) 21.77/28.18GB | phase(train/val/raw/train_eval) 3.5/0.6/0.0/0.0s | 4.1s
2026-08-28 23:15:36 | Epoch 055/060 | loss 1.2804 | cls 1.3120 | tal -0.1637 | dual_g 0.0175 | dual_d 1.2862 | train_acc 0.9819 | train_full 0.9333 | val_acc 0.9250 | val_f1 0.9225 | adv/moduleC 1.00/1.00 | disc_steps 3 | grad(main/disc) 2.964/1.678 | lr(main/disc) 1.75e-05/8.75e-06 | cuda_peak(alloc/resv) 21.77/28.18GB | phase(train/val/raw/train_eval) 3.6/0.6/0.6/0.8s | 5.6s
2026-08-28 23:15:40 | Epoch 056/060 | loss 1.2715 | cls 1.2964 | tal -0.1393 | dual_g 0.0169 | dual_d 1.2244 | train_acc 0.9909 | train_full n/a | val_acc 0.9333 | val_f1 0.9370 | adv/moduleC 1.00/1.00 | disc_steps 3 | grad(main/disc) 2.667/1.652 | lr(main/disc) 8.75e-06/4.37e-06 | cuda_peak(alloc/resv) 21.77/28.18GB | phase(train/val/raw/train_eval) 3.5/0.6/0.0/0.0s | 4.1s
2026-08-28 23:15:44 | Epoch 057/060 | loss 1.2794 | cls 1.3036 | tal -0.1374 | dual_g 0.0170 | dual_d 1.2237 | train_acc 0.9855 | train_full n/a | val_acc 0.9250 | val_f1 0.9106 | adv/moduleC 1.00/1.00 | disc_steps 3 | grad(main/disc) 3.006/1.603 | lr(main/disc) 8.75e-06/4.37e-06 | cuda_peak(alloc/resv) 21.77/28.18GB | phase(train/val/raw/train_eval) 3.2/0.6/0.0/0.0s | 3.8s
2026-08-28 23:15:48 | Epoch 058/060 | loss 1.2524 | cls 1.2808 | tal -0.1514 | dual_g 0.0170 | dual_d 1.2296 | train_acc 0.9982 | train_full n/a | val_acc 0.9417 | val_f1 0.9338 | adv/moduleC 1.00/1.00 | disc_steps 3 | grad(main/disc) 2.426/1.636 | lr(main/disc) 8.75e-06/4.37e-06 | cuda_peak(alloc/resv) 21.77/28.18GB | phase(train/val/raw/train_eval) 3.5/0.6/0.0/0.0s | 4.1s
2026-08-28 23:15:53 | Epoch 059/060 | loss 1.2721 | cls 1.2901 | tal -0.1157 | dual_g 0.0167 | dual_d 1.2405 | train_acc 0.9801 | train_full n/a | val_acc 0.9333 | val_f1 0.9195 | adv/moduleC 1.00/1.00 | disc_steps 3 | grad(main/disc) 2.580/1.622 | lr(main/disc) 8.75e-06/4.37e-06 | cuda_peak(alloc/resv) 21.77/28.18GB | phase(train/val/raw/train_eval) 3.6/0.6/0.0/0.0s | 4.2s
2026-08-28 23:15:58 | Epoch 060/060 | loss 1.2729 | cls 1.3011 | tal -0.1538 | dual_g 0.0179 | dual_d 1.2416 | train_acc 0.9909 | train_full 0.9441 | val_acc 0.9250 | val_f1 0.9063 | adv/moduleC 1.00/1.00 | disc_steps 3 | grad(main/disc) 2.649/1.584 | lr(main/disc) 8.75e-06/4.37e-06 | cuda_peak(alloc/resv) 21.77/28.18GB | phase(train/val/raw/train_eval) 3.2/0.6/0.6/0.9s | 5.3s
2026-08-28 23:15:58 | Training complete. Peak validation accuracy: 0.9500 | selected val_f1_macro_present: 0.9401
