2026-08-22 08:11:17 | Starting Dual_D standalone training
2026-08-22 08:11:17 | Run directory: runs/module_c_ablation/module_c_no_prototype_contrastive_雨天_iter03_20260822_013452
2026-08-22 08:11:17 | Device: cuda
2026-08-22 08:11:17 | Source train samples: 992
2026-08-22 08:11:17 | Target train samples: 96
2026-08-22 08:11:17 | Target val samples: 26
2026-08-22 08:11:17 | Classes: 14
2026-08-22 08:11:17 | Data audit: same_dir=False | path_overlap(vis/ir/ais)=0/0/0 | content_overlap(vis/ir/ais)=0/0/0 | ais_index_overlap=0 | stem_mismatch(vis-ir/vis-ais)=117/0
2026-08-22 08:11:17 | source_train classes: present 14/14 | absent 0 | counts [0:120, 1:44, 2:69, 3:45, 4:40, 5:30, 6:64, 7:80, 8:116, 9:68, 10:57, 11:83, 12:48, 13:128]
2026-08-22 08:11:17 | target_train classes: present 6/14 | absent 8 | counts [0:7, 2:19, 9:32, 10:12, 11:6, 13:20]
2026-08-22 08:11:17 | target_val classes: present 6/14 | absent 8 | counts [0:2, 2:5, 9:8, 10:4, 11:2, 13:5]
2026-08-22 08:11:17 | Paired training classes: 6/14 | class ids [0, 2, 9, 10, 11, 13]
2026-08-22 08:11:17 | VIS/IR pairing: class-level-unpaired | count-mismatch classes train/val: 10/0 | AIS alignment: none | AIS rows train/val: 0/0
2026-08-22 08:11:17 | Model parameters: total=17277714 | trainable=17120210
2026-08-22 08:11:39 | Epoch 001/100 | loss 9.1204 | cls 4.8258 | tal 0.0733 | dual_g 4.2726 | dual_d 0.0000 | train_acc 0.0938 | train_full 0.0625 | val_acc 0.0385 | val_f1 0.0196 | grad(main/disc) 30.924/0.000 | lr(main/disc) 7.00e-05/3.50e-05 | 21.8s
2026-08-22 08:11:39 | New best val_f1_macro_present: 0.0196 at epoch 1
2026-08-22 08:12:00 | Epoch 002/100 | loss 7.7079 | cls 4.0652 | tal -0.0285 | dual_g 3.6512 | dual_d 0.0000 | train_acc 0.2109 | train_full 0.1771 | val_acc 0.1538 | val_f1 0.0952 | grad(main/disc) 26.321/0.000 | lr(main/disc) 7.00e-05/3.50e-05 | 21.0s
2026-08-22 08:12:00 | New best val_f1_macro_present: 0.0952 at epoch 2
2026-08-22 08:12:20 | Epoch 003/100 | loss 7.1138 | cls 3.6956 | tal -0.0016 | dual_g 3.4186 | dual_d 0.0000 | train_acc 0.2969 | train_full 0.1146 | val_acc 0.1538 | val_f1 0.1255 | grad(main/disc) 25.053/0.000 | lr(main/disc) 7.00e-05/3.50e-05 | 19.7s
2026-08-22 08:12:20 | New best val_f1_macro_present: 0.1255 at epoch 3
2026-08-22 08:12:42 | Epoch 004/100 | loss 6.4678 | cls 3.3005 | tal 0.0513 | dual_g 3.1519 | dual_d 0.0000 | train_acc 0.4297 | train_full 0.1146 | val_acc 0.1154 | val_f1 0.0833 | grad(main/disc) 21.756/0.000 | lr(main/disc) 7.00e-05/3.50e-05 | 21.2s
2026-08-22 08:13:03 | Epoch 005/100 | loss 6.1278 | cls 3.1682 | tal 0.0671 | dual_g 2.9395 | dual_d 0.0000 | train_acc 0.4453 | train_full 0.2083 | val_acc 0.3077 | val_f1 0.2230 | grad(main/disc) 20.932/0.000 | lr(main/disc) 7.00e-05/3.50e-05 | 21.2s
2026-08-22 08:13:03 | New best val_f1_macro_present: 0.2230 at epoch 5
2026-08-22 08:13:23 | Epoch 006/100 | loss 5.3874 | cls 2.7156 | tal 0.0623 | dual_g 2.6531 | dual_d 0.9499 | train_acc 0.5469 | train_full 0.1667 | val_acc 0.2692 | val_f1 0.1898 | grad(main/disc) 18.451/2.162 | lr(main/disc) 7.00e-05/3.50e-05 | 20.1s
2026-08-22 08:13:46 | Epoch 007/100 | loss 5.3650 | cls 2.8395 | tal 0.0664 | dual_g 2.5056 | dual_d 0.8613 | train_acc 0.5938 | train_full 0.2188 | val_acc 0.2692 | val_f1 0.1757 | grad(main/disc) 19.553/2.118 | lr(main/disc) 7.00e-05/3.50e-05 | 22.5s
2026-08-22 08:14:09 | Epoch 008/100 | loss 5.1806 | cls 2.7193 | tal 0.1360 | dual_g 2.4205 | dual_d 0.9396 | train_acc 0.6641 | train_full 0.2396 | val_acc 0.2692 | val_f1 0.1761 | grad(main/disc) 18.499/2.095 | lr(main/disc) 7.00e-05/3.50e-05 | 23.4s
2026-08-22 08:14:31 | Epoch 009/100 | loss 5.2240 | cls 2.7234 | tal 0.1586 | dual_g 2.4531 | dual_d 0.8313 | train_acc 0.6641 | train_full 0.2500 | val_acc 0.2308 | val_f1 0.1340 | grad(main/disc) 19.607/2.022 | lr(main/disc) 7.00e-05/3.50e-05 | 21.4s
2026-08-22 08:14:52 | Epoch 010/100 | loss 4.6201 | cls 2.2967 | tal 0.1433 | dual_g 2.2805 | dual_d 0.8180 | train_acc 0.7422 | train_full 0.3333 | val_acc 0.3462 | val_f1 0.3523 | grad(main/disc) 17.035/1.995 | lr(main/disc) 7.00e-05/3.50e-05 | 21.1s
2026-08-22 08:14:52 | New best val_f1_macro_present: 0.3523 at epoch 10
2026-08-22 08:15:13 | Epoch 011/100 | loss 4.4845 | cls 2.2240 | tal 0.1284 | dual_g 2.2219 | dual_d 0.8576 | train_acc 0.7109 | train_full 0.5208 | val_acc 0.4615 | val_f1 0.3716 | grad(main/disc) 17.794/1.977 | lr(main/disc) 7.00e-05/3.50e-05 | 21.5s
2026-08-22 08:15:14 | New best val_f1_macro_present: 0.3716 at epoch 11
2026-08-22 08:15:36 | Epoch 012/100 | loss 4.3737 | cls 2.1481 | tal 0.0834 | dual_g 2.2006 | dual_d 0.8522 | train_acc 0.7188 | train_full 0.5000 | val_acc 0.4615 | val_f1 0.3786 | grad(main/disc) 19.065/1.873 | lr(main/disc) 7.00e-05/3.50e-05 | 22.5s
2026-08-22 08:15:37 | New best val_f1_macro_present: 0.3786 at epoch 12
2026-08-22 08:15:59 | Epoch 013/100 | loss 4.0639 | cls 1.9735 | tal 0.0680 | dual_g 2.0700 | dual_d 0.8551 | train_acc 0.8438 | train_full 0.4167 | val_acc 0.4615 | val_f1 0.3623 | grad(main/disc) 15.989/1.997 | lr(main/disc) 7.00e-05/3.50e-05 | 22.4s
2026-08-22 08:16:21 | Epoch 014/100 | loss 3.9507 | cls 1.9810 | tal 0.0290 | dual_g 1.9610 | dual_d 0.8610 | train_acc 0.7734 | train_full 0.4167 | val_acc 0.4231 | val_f1 0.3333 | grad(main/disc) 16.777/2.005 | lr(main/disc) 7.00e-05/3.50e-05 | 21.6s
2026-08-22 08:16:43 | Epoch 015/100 | loss 3.7632 | cls 1.8400 | tal 0.0094 | dual_g 1.9204 | dual_d 0.8116 | train_acc 0.8438 | train_full 0.4688 | val_acc 0.4615 | val_f1 0.3623 | grad(main/disc) 14.317/1.787 | lr(main/disc) 7.00e-05/3.50e-05 | 22.7s
2026-08-22 08:17:04 | Epoch 016/100 | loss 3.8025 | cls 1.8957 | tal 0.0515 | dual_g 1.8914 | dual_d 0.8813 | train_acc 0.8438 | train_full 0.6562 | val_acc 0.5000 | val_f1 0.4286 | grad(main/disc) 16.255/1.929 | lr(main/disc) 7.00e-05/3.50e-05 | 21.3s
2026-08-22 08:17:05 | New best val_f1_macro_present: 0.4286 at epoch 16
2026-08-22 08:17:27 | Epoch 017/100 | loss 3.5521 | cls 1.6771 | tal -0.0018 | dual_g 1.8755 | dual_d 0.7382 | train_acc 0.8906 | train_full 0.7917 | val_acc 0.6538 | val_f1 0.6917 | grad(main/disc) 15.317/1.704 | lr(main/disc) 7.00e-05/3.50e-05 | 22.3s
2026-08-22 08:17:27 | New best val_f1_macro_present: 0.6917 at epoch 17
2026-08-22 08:17:49 | Epoch 018/100 | loss 3.4642 | cls 1.6961 | tal -0.0023 | dual_g 1.7688 | dual_d 0.7530 | train_acc 0.8750 | train_full 0.8021 | val_acc 0.6154 | val_f1 0.6505 | grad(main/disc) 14.074/1.620 | lr(main/disc) 7.00e-05/3.50e-05 | 21.7s
2026-08-22 08:18:11 | Epoch 019/100 | loss 3.4480 | cls 1.6827 | tal -0.0403 | dual_g 1.7774 | dual_d 0.7490 | train_acc 0.8828 | train_full 0.7812 | val_acc 0.6154 | val_f1 0.6827 | grad(main/disc) 14.027/1.697 | lr(main/disc) 7.00e-05/3.50e-05 | 22.1s
2026-08-22 08:18:32 | Epoch 020/100 | loss 3.3951 | cls 1.6980 | tal -0.0250 | dual_g 1.7046 | dual_d 0.8230 | train_acc 0.8672 | train_full 0.7188 | val_acc 0.5385 | val_f1 0.5730 | grad(main/disc) 14.456/1.815 | lr(main/disc) 7.00e-05/3.50e-05 | 21.4s
2026-08-22 08:18:53 | Epoch 021/100 | loss 3.2969 | cls 1.6509 | tal -0.0503 | dual_g 1.6611 | dual_d 0.8453 | train_acc 0.8828 | train_full 0.7708 | val_acc 0.6154 | val_f1 0.6343 | grad(main/disc) 14.002/1.761 | lr(main/disc) 7.00e-05/3.50e-05 | 20.9s
2026-08-22 08:19:16 | Epoch 022/100 | loss 3.2894 | cls 1.6312 | tal -0.0383 | dual_g 1.6697 | dual_d 0.7974 | train_acc 0.9297 | train_full 0.8021 | val_acc 0.7308 | val_f1 0.7505 | grad(main/disc) 13.096/1.755 | lr(main/disc) 7.00e-05/3.50e-05 | 22.4s
2026-08-22 08:19:16 | New best val_f1_macro_present: 0.7505 at epoch 22
2026-08-22 08:19:38 | Epoch 023/100 | loss 3.2982 | cls 1.6233 | tal -0.0686 | dual_g 1.6955 | dual_d 0.7869 | train_acc 0.9062 | train_full 0.7500 | val_acc 0.6154 | val_f1 0.6356 | grad(main/disc) 13.396/1.709 | lr(main/disc) 7.00e-05/3.50e-05 | 22.0s
2026-08-22 08:19:59 | Epoch 024/100 | loss 3.2374 | cls 1.5686 | tal -0.0409 | dual_g 1.6810 | dual_d 0.7355 | train_acc 0.9688 | train_full 0.8750 | val_acc 0.8462 | val_f1 0.8597 | grad(main/disc) 17.738/1.654 | lr(main/disc) 7.00e-05/3.50e-05 | 21.2s
2026-08-22 08:19:59 | New best val_f1_macro_present: 0.8597 at epoch 24
2026-08-22 08:20:21 | Epoch 025/100 | loss 3.1253 | cls 1.4907 | tal -0.0885 | dual_g 1.6612 | dual_d 0.7716 | train_acc 0.9531 | train_full 0.8125 | val_acc 0.7308 | val_f1 0.7500 | grad(main/disc) 12.802/1.677 | lr(main/disc) 7.00e-05/3.50e-05 | 21.3s
2026-08-22 08:20:40 | Epoch 026/100 | loss 3.1984 | cls 1.5558 | tal -0.0332 | dual_g 1.6526 | dual_d 0.8137 | train_acc 0.9688 | train_full 0.8125 | val_acc 0.7308 | val_f1 0.7505 | grad(main/disc) 15.104/1.776 | lr(main/disc) 7.00e-05/3.50e-05 | 19.3s
2026-08-22 08:21:01 | Epoch 027/100 | loss 3.2025 | cls 1.5962 | tal 0.0493 | dual_g 1.5915 | dual_d 0.8220 | train_acc 0.9297 | train_full 0.8229 | val_acc 0.6923 | val_f1 0.6881 | grad(main/disc) 14.238/1.761 | lr(main/disc) 7.00e-05/3.50e-05 | 21.4s
2026-08-22 08:21:22 | Epoch 028/100 | loss 3.3087 | cls 1.6622 | tal -0.0589 | dual_g 1.6641 | dual_d 0.7631 | train_acc 0.8906 | train_full 0.8542 | val_acc 0.8077 | val_f1 0.8036 | grad(main/disc) 16.971/1.664 | lr(main/disc) 7.00e-05/3.50e-05 | 20.8s
2026-08-22 08:21:44 | Epoch 029/100 | loss 3.0393 | cls 1.4639 | tal -0.0430 | dual_g 1.5883 | dual_d 0.8007 | train_acc 0.9375 | train_full 0.9062 | val_acc 0.8462 | val_f1 0.8597 | grad(main/disc) 14.439/1.691 | lr(main/disc) 7.00e-05/3.50e-05 | 21.5s
2026-08-22 08:22:05 | Epoch 030/100 | loss 3.0651 | cls 1.5151 | tal -0.0448 | dual_g 1.5634 | dual_d 0.8907 | train_acc 0.9531 | train_full 0.9271 | val_acc 0.7692 | val_f1 0.7927 | grad(main/disc) 11.323/1.810 | lr(main/disc) 7.00e-05/3.50e-05 | 20.7s
2026-08-22 08:22:27 | Epoch 031/100 | loss 3.0184 | cls 1.4363 | tal -0.0676 | dual_g 1.6024 | dual_d 0.8131 | train_acc 0.9766 | train_full 0.9167 | val_acc 0.8077 | val_f1 0.8310 | grad(main/disc) 12.172/1.705 | lr(main/disc) 3.50e-05/1.75e-05 | 22.4s
2026-08-22 08:22:50 | Epoch 032/100 | loss 3.0730 | cls 1.4730 | tal -0.0715 | dual_g 1.6214 | dual_d 0.8065 | train_acc 0.9531 | train_full 0.8854 | val_acc 0.8462 | val_f1 0.8642 | grad(main/disc) 11.887/1.615 | lr(main/disc) 3.50e-05/1.75e-05 | 22.5s
2026-08-22 08:22:50 | New best val_f1_macro_present: 0.8642 at epoch 32
2026-08-22 08:23:11 | Epoch 033/100 | loss 2.9814 | cls 1.4485 | tal -0.0980 | dual_g 1.5623 | dual_d 0.8015 | train_acc 0.9375 | train_full 0.8854 | val_acc 0.9231 | val_f1 0.9426 | grad(main/disc) 12.067/1.674 | lr(main/disc) 3.50e-05/1.75e-05 | 21.2s
2026-08-22 08:23:11 | New best val_f1_macro_present: 0.9426 at epoch 33
2026-08-22 08:23:32 | Epoch 034/100 | loss 2.8968 | cls 1.4343 | tal -0.1535 | dual_g 1.5085 | dual_d 0.7968 | train_acc 0.9766 | train_full 0.9062 | val_acc 0.8846 | val_f1 0.8831 | grad(main/disc) 9.734/1.649 | lr(main/disc) 3.50e-05/1.75e-05 | 20.7s
2026-08-22 08:23:54 | Epoch 035/100 | loss 2.9554 | cls 1.4286 | tal -0.1237 | dual_g 1.5639 | dual_d 0.7905 | train_acc 0.9844 | train_full 0.9167 | val_acc 0.8846 | val_f1 0.8831 | grad(main/disc) 10.296/1.602 | lr(main/disc) 3.50e-05/1.75e-05 | 22.6s
2026-08-22 08:24:17 | Epoch 036/100 | loss 2.9380 | cls 1.4389 | tal -0.0979 | dual_g 1.5285 | dual_d 0.7831 | train_acc 0.9922 | train_full 0.9167 | val_acc 0.8462 | val_f1 0.8619 | grad(main/disc) 9.772/1.649 | lr(main/disc) 3.50e-05/1.75e-05 | 22.9s
2026-08-22 08:24:39 | Epoch 037/100 | loss 2.8301 | cls 1.4017 | tal -0.2332 | dual_g 1.4983 | dual_d 0.7813 | train_acc 0.9688 | train_full 0.9167 | val_acc 0.8462 | val_f1 0.8619 | grad(main/disc) 8.077/1.659 | lr(main/disc) 3.50e-05/1.75e-05 | 21.2s
2026-08-22 08:25:00 | Epoch 038/100 | loss 2.8656 | cls 1.3872 | tal -0.1705 | dual_g 1.5296 | dual_d 0.8336 | train_acc 0.9922 | train_full 0.9583 | val_acc 0.9231 | val_f1 0.9250 | grad(main/disc) 9.496/1.652 | lr(main/disc) 3.50e-05/1.75e-05 | 21.9s
2026-08-22 08:25:22 | Epoch 039/100 | loss 2.7824 | cls 1.3573 | tal -0.1486 | dual_g 1.4697 | dual_d 0.8361 | train_acc 1.0000 | train_full 0.9583 | val_acc 0.9615 | val_f1 0.9630 | grad(main/disc) 8.193/1.681 | lr(main/disc) 3.50e-05/1.75e-05 | 21.0s
2026-08-22 08:25:22 | New best val_f1_macro_present: 0.9630 at epoch 39
2026-08-22 08:25:44 | Epoch 040/100 | loss 2.8876 | cls 1.4101 | tal -0.0679 | dual_g 1.4978 | dual_d 0.7876 | train_acc 0.9922 | train_full 0.9479 | val_acc 0.9615 | val_f1 0.9630 | grad(main/disc) 9.400/1.649 | lr(main/disc) 3.50e-05/1.75e-05 | 21.9s
2026-08-22 08:26:04 | Epoch 041/100 | loss 2.8265 | cls 1.3796 | tal -0.1218 | dual_g 1.4835 | dual_d 0.9028 | train_acc 0.9688 | train_full 0.9479 | val_acc 0.9615 | val_f1 0.9630 | grad(main/disc) 8.563/1.801 | lr(main/disc) 3.50e-05/1.75e-05 | 20.7s
2026-08-22 08:26:24 | Epoch 042/100 | loss 2.7398 | cls 1.3409 | tal -0.1573 | dual_g 1.4462 | dual_d 0.7977 | train_acc 0.9922 | train_full 0.9479 | val_acc 0.8846 | val_f1 0.8831 | grad(main/disc) 7.819/1.654 | lr(main/disc) 3.50e-05/1.75e-05 | 20.1s
2026-08-22 08:26:47 | Epoch 043/100 | loss 2.8342 | cls 1.3756 | tal -0.1499 | dual_g 1.5036 | dual_d 0.7861 | train_acc 0.9922 | train_full 0.9271 | val_acc 0.8462 | val_f1 0.8619 | grad(main/disc) 11.477/1.578 | lr(main/disc) 3.50e-05/1.75e-05 | 22.1s
2026-08-22 08:27:07 | Epoch 044/100 | loss 2.8306 | cls 1.4001 | tal -0.1899 | dual_g 1.4874 | dual_d 0.8722 | train_acc 0.9766 | train_full 0.9375 | val_acc 0.9231 | val_f1 0.9250 | grad(main/disc) 10.657/1.696 | lr(main/disc) 3.50e-05/1.75e-05 | 20.9s
2026-08-22 08:27:30 | Epoch 045/100 | loss 2.7309 | cls 1.3278 | tal -0.2040 | dual_g 1.4643 | dual_d 0.8261 | train_acc 0.9922 | train_full 0.9583 | val_acc 0.9615 | val_f1 0.9630 | grad(main/disc) 8.659/1.716 | lr(main/disc) 3.50e-05/1.75e-05 | 22.1s
2026-08-22 08:27:51 | Epoch 046/100 | loss 2.8692 | cls 1.4098 | tal -0.1632 | dual_g 1.5083 | dual_d 0.8743 | train_acc 0.9844 | train_full 0.9375 | val_acc 0.9231 | val_f1 0.9250 | grad(main/disc) 8.997/1.714 | lr(main/disc) 1.75e-05/8.75e-06 | 21.7s
2026-08-22 08:28:13 | Epoch 047/100 | loss 2.7561 | cls 1.3671 | tal -0.2222 | dual_g 1.4557 | dual_d 0.9011 | train_acc 0.9766 | train_full 0.9271 | val_acc 0.8846 | val_f1 0.8831 | grad(main/disc) 9.424/1.768 | lr(main/disc) 1.75e-05/8.75e-06 | 21.3s
2026-08-22 08:28:34 | Epoch 048/100 | loss 2.7503 | cls 1.3565 | tal -0.1783 | dual_g 1.4473 | dual_d 0.8855 | train_acc 0.9766 | train_full 0.9479 | val_acc 0.8846 | val_f1 0.8831 | grad(main/disc) 8.512/1.801 | lr(main/disc) 1.75e-05/8.75e-06 | 21.0s
2026-08-22 08:28:34 | Early stopping at epoch 48 after 9 epochs without val_f1_macro_present improvement.
2026-08-22 08:28:34 | Training complete. Best validation accuracy: 0.9615 | best val_f1_macro_present: 0.9630
