2026-08-28 20:24:56 | Starting Dual_D standalone training
2026-08-28 20:24:56 | Run directory: runs/module_c_ablation_60_v6/module_c_20260828_191630/module_c_no_cycle_雨天_20260828_195248
2026-08-28 20:24:56 | Device: cuda
2026-08-28 20:24:56 | Source train samples: 992
2026-08-28 20:24:56 | Target train samples: 96
2026-08-28 20:24:56 | Target val samples: 26
2026-08-28 20:24:56 | Classes: 14
2026-08-28 20:24:56 | Data audit: same_dir=False | path_overlap(vis/ir/ais)=0/0/0 | content_overlap(vis/ir/ais)=0/0/0 | ais_index_overlap=0 | stem_mismatch(vis-ir/vis-ais)=117/0
2026-08-28 20:24:56 | source_train classes: present 14/14 | absent 0 | counts [0:120, 1:44, 2:69, 3:45, 4:40, 5:30, 6:64, 7:80, 8:116, 9:68, 10:57, 11:83, 12:48, 13:128]
2026-08-28 20:24:56 | target_train classes: present 6/14 | absent 8 | counts [0:7, 2:19, 9:32, 10:12, 11:6, 13:20]
2026-08-28 20:24:56 | target_val classes: present 6/14 | absent 8 | counts [0:2, 2:5, 9:8, 10:4, 11:2, 13:5]
2026-08-28 20:24:56 | Paired training classes: 6/14 | class ids [0, 2, 9, 10, 11, 13]
2026-08-28 20:24:56 | Runtime profile: batch=92 | paired_steps=2 | workers=16 | train_eval_every=5 | raw_eval_every=5 | stability_window=5 | early_stop=15 after min_epoch=30
2026-08-28 20:24:56 | VIS/IR pairing: class-level-unpaired | count-mismatch classes train/val: 10/0 | AIS alignment: none | AIS rows train/val: 0/0
2026-08-28 20:24:57 | Effective Dual-D loss weights: {"adv_auxiliary": 0.03, "adv_primary": 0.03, "classification": 0.65, "contrastive": 0.025, "cycle": 0.0, "identity": 0.04, "prototype_contrastive": 0.05}
2026-08-28 20:24:57 | Model parameters: total=17277714 | trainable=17120210
2026-08-28 20:25:02 | Epoch 001/060 | loss 5.2336 | cls 5.3169 | tal -0.2777 | dual_g 0.0000 | dual_d 0.0000 | train_acc 0.1033 | train_full 0.0625 | val_acc 0.0769 | val_f1 0.0278 | adv/moduleC 0.00/0.00 | disc_steps 0 | grad(main/disc) 15.644/0.000 | lr(main/disc) 9.00e-05/3.50e-05 | cuda_peak(alloc/resv) 21.77/28.18GB | phase(train/val/raw/train_eval) 3.0/0.4/0.4/0.6s | 4.4s
2026-08-28 20:25:04 | Epoch 002/060 | loss 4.7042 | cls 4.7802 | tal -0.2533 | dual_g 0.0000 | dual_d 0.0000 | train_acc 0.1685 | train_full n/a | val_acc 0.0769 | val_f1 0.0290 | adv/moduleC 0.00/0.00 | disc_steps 0 | grad(main/disc) 13.911/0.000 | lr(main/disc) 9.00e-05/3.50e-05 | cuda_peak(alloc/resv) 21.77/28.18GB | phase(train/val/raw/train_eval) 1.9/0.4/0.0/0.0s | 2.4s
2026-08-28 20:25:07 | Epoch 003/060 | loss 4.3120 | cls 4.3579 | tal -0.1528 | dual_g 0.0000 | dual_d 0.0000 | train_acc 0.1739 | train_full n/a | val_acc 0.1923 | val_f1 0.1106 | adv/moduleC 0.00/0.00 | disc_steps 0 | grad(main/disc) 12.622/0.000 | lr(main/disc) 9.00e-05/3.50e-05 | cuda_peak(alloc/resv) 21.77/28.18GB | phase(train/val/raw/train_eval) 2.4/0.4/0.0/0.0s | 2.9s
2026-08-28 20:25:09 | Epoch 004/060 | loss 4.0057 | cls 4.0204 | tal -0.0491 | dual_g 0.0000 | dual_d 0.0000 | train_acc 0.2283 | train_full n/a | val_acc 0.2308 | val_f1 0.1296 | adv/moduleC 0.00/0.00 | disc_steps 0 | grad(main/disc) 11.762/0.000 | lr(main/disc) 9.00e-05/3.50e-05 | cuda_peak(alloc/resv) 21.77/28.18GB | phase(train/val/raw/train_eval) 2.0/0.4/0.0/0.0s | 2.4s
2026-08-28 20:25:13 | Epoch 005/060 | loss 3.7114 | cls 3.7366 | tal -0.0839 | dual_g 0.0000 | dual_d 0.0000 | train_acc 0.3587 | train_full 0.2604 | val_acc 0.2308 | val_f1 0.1167 | adv/moduleC 0.00/0.00 | disc_steps 0 | grad(main/disc) 10.622/0.000 | lr(main/disc) 9.00e-05/3.50e-05 | cuda_peak(alloc/resv) 21.77/28.18GB | phase(train/val/raw/train_eval) 2.4/0.4/0.4/0.6s | 3.9s
2026-08-28 20:25:16 | New best val_f1_macro_present: raw=0.1167 stable_score=0.0278 at epoch 5
2026-08-28 20:25:19 | Epoch 006/060 | loss 3.4161 | cls 3.4558 | tal -0.1324 | dual_g 0.0000 | dual_d 0.0000 | train_acc 0.3641 | train_full n/a | val_acc 0.2308 | val_f1 0.1097 | adv/moduleC 0.00/0.00 | disc_steps 0 | grad(main/disc) 10.001/0.000 | lr(main/disc) 9.00e-05/3.50e-05 | cuda_peak(alloc/resv) 21.77/28.18GB | phase(train/val/raw/train_eval) 2.4/0.4/0.4/0.0s | 3.2s
2026-08-28 20:25:22 | New best val_f1_macro_present: raw=0.1097 stable_score=0.0290 at epoch 6
2026-08-28 20:25:25 | Epoch 007/060 | loss 3.3693 | cls 3.1813 | tal -0.1466 | dual_g 0.2320 | dual_d 0.0000 | train_acc 0.4674 | train_full n/a | val_acc 0.2308 | val_f1 0.1061 | adv/moduleC 0.00/0.08 | disc_steps 0 | grad(main/disc) 9.623/0.000 | lr(main/disc) 9.00e-05/3.50e-05 | cuda_peak(alloc/resv) 21.77/28.18GB | phase(train/val/raw/train_eval) 2.5/0.4/0.4/0.0s | 3.4s
2026-08-28 20:25:28 | New best val_f1_macro_present: raw=0.1061 stable_score=0.1061 at epoch 7
2026-08-28 20:25:31 | Epoch 008/060 | loss 3.4517 | cls 3.0961 | tal -0.2306 | dual_g 0.4248 | dual_d 0.0000 | train_acc 0.4946 | train_full n/a | val_acc 0.1923 | val_f1 0.0617 | adv/moduleC 0.00/0.17 | disc_steps 0 | grad(main/disc) 9.382/0.000 | lr(main/disc) 9.00e-05/3.50e-05 | cuda_peak(alloc/resv) 21.77/28.18GB | phase(train/val/raw/train_eval) 2.2/0.4/0.0/0.0s | 2.6s
2026-08-28 20:25:34 | Epoch 009/060 | loss 3.4913 | cls 2.9146 | tal -0.1843 | dual_g 0.6320 | dual_d 0.8060 | train_acc 0.4837 | train_full n/a | val_acc 0.1923 | val_f1 0.0641 | adv/moduleC 0.05/0.25 | disc_steps 1 | grad(main/disc) 9.170/1.671 | lr(main/disc) 9.00e-05/3.50e-05 | cuda_peak(alloc/resv) 21.77/28.18GB | phase(train/val/raw/train_eval) 2.8/0.4/0.0/0.0s | 3.3s
2026-08-28 20:25:38 | Epoch 010/060 | loss 3.5482 | cls 2.8134 | tal -0.1164 | dual_g 0.7698 | dual_d 0.7905 | train_acc 0.6522 | train_full 0.2396 | val_acc 0.1923 | val_f1 0.0575 | adv/moduleC 0.10/0.33 | disc_steps 1 | grad(main/disc) 9.241/1.610 | lr(main/disc) 9.00e-05/3.50e-05 | cuda_peak(alloc/resv) 21.77/28.18GB | phase(train/val/raw/train_eval) 2.4/0.4/0.4/0.6s | 3.8s
2026-08-28 20:25:40 | Epoch 011/060 | loss 3.5358 | cls 2.6434 | tal -0.1130 | dual_g 0.9262 | dual_d 0.7744 | train_acc 0.6087 | train_full n/a | val_acc 0.1923 | val_f1 0.0556 | adv/moduleC 0.15/0.42 | disc_steps 1 | grad(main/disc) 9.477/1.541 | lr(main/disc) 9.00e-05/3.50e-05 | cuda_peak(alloc/resv) 21.77/28.18GB | phase(train/val/raw/train_eval) 2.0/0.4/0.0/0.0s | 2.5s
2026-08-28 20:25:43 | Epoch 012/060 | loss 3.5275 | cls 2.4432 | tal -0.1397 | dual_g 1.1262 | dual_d 0.7210 | train_acc 0.6196 | train_full n/a | val_acc 0.1923 | val_f1 0.0595 | adv/moduleC 0.20/0.50 | disc_steps 1 | grad(main/disc) 9.499/1.442 | lr(main/disc) 4.50e-05/1.75e-05 | cuda_peak(alloc/resv) 21.77/28.18GB | phase(train/val/raw/train_eval) 2.4/0.4/0.0/0.0s | 2.8s
2026-08-28 20:25:46 | Epoch 013/060 | loss 3.5845 | cls 2.4056 | tal -0.1677 | dual_g 1.2292 | dual_d 0.7106 | train_acc 0.6902 | train_full n/a | val_acc 0.3077 | val_f1 0.2269 | adv/moduleC 0.25/0.58 | disc_steps 1 | grad(main/disc) 8.609/1.387 | lr(main/disc) 4.50e-05/1.75e-05 | cuda_peak(alloc/resv) 21.77/28.18GB | phase(train/val/raw/train_eval) 2.3/0.4/0.0/0.0s | 2.7s
2026-08-28 20:25:48 | Epoch 014/060 | loss 3.7053 | cls 2.3674 | tal -0.1245 | dual_g 1.3752 | dual_d 0.6989 | train_acc 0.6467 | train_full n/a | val_acc 0.3846 | val_f1 0.2611 | adv/moduleC 0.30/0.67 | disc_steps 1 | grad(main/disc) 9.077/1.397 | lr(main/disc) 4.50e-05/1.75e-05 | cuda_peak(alloc/resv) 21.77/28.18GB | phase(train/val/raw/train_eval) 2.0/0.4/0.0/0.0s | 2.5s
2026-08-28 20:25:52 | Epoch 015/060 | loss 3.9008 | cls 2.3539 | tal -0.0879 | dual_g 1.5733 | dual_d 0.7824 | train_acc 0.5978 | train_full 0.3021 | val_acc 0.3462 | val_f1 0.1836 | adv/moduleC 0.35/0.75 | disc_steps 1 | grad(main/disc) 9.547/1.506 | lr(main/disc) 4.50e-05/1.75e-05 | cuda_peak(alloc/resv) 21.77/28.18GB | phase(train/val/raw/train_eval) 2.0/0.4/0.4/0.6s | 3.5s
2026-08-28 20:25:54 | Epoch 016/060 | loss 3.9769 | cls 2.3732 | tal -0.1296 | dual_g 1.6426 | dual_d 0.7410 | train_acc 0.7011 | train_full n/a | val_acc 0.4231 | val_f1 0.3571 | adv/moduleC 0.40/0.83 | disc_steps 1 | grad(main/disc) 9.548/1.431 | lr(main/disc) 4.50e-05/1.75e-05 | cuda_peak(alloc/resv) 21.77/28.18GB | phase(train/val/raw/train_eval) 2.3/0.4/0.0/0.0s | 2.8s
2026-08-28 20:25:58 | Epoch 017/060 | loss 3.9933 | cls 2.2918 | tal -0.1280 | dual_g 1.7399 | dual_d 0.7353 | train_acc 0.7065 | train_full n/a | val_acc 0.4231 | val_f1 0.3481 | adv/moduleC 0.45/0.92 | disc_steps 1 | grad(main/disc) 9.369/1.430 | lr(main/disc) 4.50e-05/1.75e-05 | cuda_peak(alloc/resv) 21.77/28.18GB | phase(train/val/raw/train_eval) 2.3/0.4/0.4/0.0s | 3.1s
2026-08-28 20:26:00 | New best val_f1_macro_present: raw=0.3481 stable_score=0.1836 at epoch 17
2026-08-28 20:26:03 | Epoch 018/060 | loss 4.0879 | cls 2.2080 | tal -0.1307 | dual_g 1.9191 | dual_d 0.7130 | train_acc 0.7174 | train_full n/a | val_acc 0.4231 | val_f1 0.3481 | adv/moduleC 0.50/1.00 | disc_steps 1 | grad(main/disc) 10.488/1.350 | lr(main/disc) 4.50e-05/1.75e-05 | cuda_peak(alloc/resv) 21.77/28.18GB | phase(train/val/raw/train_eval) 2.8/0.4/0.0/0.0s | 3.2s
2026-08-28 20:26:06 | Epoch 019/060 | loss 3.8039 | cls 2.0900 | tal -0.1612 | dual_g 1.7622 | dual_d 0.7557 | train_acc 0.7826 | train_full n/a | val_acc 0.5000 | val_f1 0.4552 | adv/moduleC 0.55/1.00 | disc_steps 1 | grad(main/disc) 10.240/1.379 | lr(main/disc) 4.50e-05/1.75e-05 | cuda_peak(alloc/resv) 21.77/28.18GB | phase(train/val/raw/train_eval) 2.1/0.4/0.0/0.0s | 2.5s
2026-08-28 20:26:10 | Epoch 020/060 | loss 3.8337 | cls 2.0541 | tal -0.1217 | dual_g 1.8161 | dual_d 0.7284 | train_acc 0.7935 | train_full 0.5104 | val_acc 0.5000 | val_f1 0.4127 | adv/moduleC 0.60/1.00 | disc_steps 1 | grad(main/disc) 9.842/1.385 | lr(main/disc) 4.50e-05/1.75e-05 | cuda_peak(alloc/resv) 21.77/28.18GB | phase(train/val/raw/train_eval) 2.5/0.4/0.4/0.6s | 3.9s
2026-08-28 20:26:13 | New best val_f1_macro_present: raw=0.4127 stable_score=0.3481 at epoch 20
2026-08-28 20:26:15 | Epoch 021/060 | loss 3.5845 | cls 1.9424 | tal -0.0648 | dual_g 1.6616 | dual_d 0.7757 | train_acc 0.8587 | train_full n/a | val_acc 0.5385 | val_f1 0.4498 | adv/moduleC 0.65/1.00 | disc_steps 1 | grad(main/disc) 9.229/1.435 | lr(main/disc) 4.50e-05/1.75e-05 | cuda_peak(alloc/resv) 21.77/28.18GB | phase(train/val/raw/train_eval) 1.9/0.4/0.0/0.0s | 2.3s
2026-08-28 20:26:18 | Epoch 022/060 | loss 3.7088 | cls 2.0434 | tal -0.1398 | dual_g 1.7073 | dual_d 0.7502 | train_acc 0.7880 | train_full n/a | val_acc 0.5385 | val_f1 0.4954 | adv/moduleC 0.70/1.00 | disc_steps 1 | grad(main/disc) 9.567/1.412 | lr(main/disc) 4.50e-05/1.75e-05 | cuda_peak(alloc/resv) 21.77/28.18GB | phase(train/val/raw/train_eval) 2.4/0.4/0.0/0.0s | 2.9s
2026-08-28 20:26:21 | Epoch 023/060 | loss 3.6238 | cls 1.9248 | tal -0.0718 | dual_g 1.7205 | dual_d 0.7526 | train_acc 0.8207 | train_full n/a | val_acc 0.6538 | val_f1 0.6504 | adv/moduleC 0.75/1.00 | disc_steps 1 | grad(main/disc) 10.711/1.470 | lr(main/disc) 4.50e-05/1.75e-05 | cuda_peak(alloc/resv) 21.77/28.18GB | phase(train/val/raw/train_eval) 2.3/0.4/0.4/0.0s | 3.2s
2026-08-28 20:26:24 | New best val_f1_macro_present: raw=0.6504 stable_score=0.4127 at epoch 23
2026-08-28 20:26:27 | Epoch 024/060 | loss 3.6698 | cls 2.0132 | tal -0.1302 | dual_g 1.6957 | dual_d 0.7743 | train_acc 0.8315 | train_full n/a | val_acc 0.6923 | val_f1 0.6974 | adv/moduleC 0.80/1.00 | disc_steps 1 | grad(main/disc) 11.560/1.430 | lr(main/disc) 4.50e-05/1.75e-05 | cuda_peak(alloc/resv) 21.77/28.18GB | phase(train/val/raw/train_eval) 2.3/0.4/0.0/0.0s | 2.7s
2026-08-28 20:26:30 | Epoch 025/060 | loss 3.6238 | cls 1.9712 | tal -0.0781 | dual_g 1.6760 | dual_d 0.7529 | train_acc 0.8478 | train_full 0.6667 | val_acc 0.6538 | val_f1 0.5793 | adv/moduleC 0.85/1.00 | disc_steps 1 | grad(main/disc) 13.416/1.382 | lr(main/disc) 4.50e-05/1.75e-05 | cuda_peak(alloc/resv) 21.77/28.18GB | phase(train/val/raw/train_eval) 2.1/0.4/0.4/0.6s | 3.5s
2026-08-28 20:26:33 | New best val_f1_macro_present: raw=0.5793 stable_score=0.4498 at epoch 25
2026-08-28 20:26:36 | Epoch 026/060 | loss 3.4966 | cls 1.8680 | tal -0.0301 | dual_g 1.6377 | dual_d 0.7833 | train_acc 0.8967 | train_full n/a | val_acc 0.5385 | val_f1 0.5026 | adv/moduleC 0.90/1.00 | disc_steps 1 | grad(main/disc) 10.065/1.378 | lr(main/disc) 4.50e-05/1.75e-05 | cuda_peak(alloc/resv) 21.77/28.18GB | phase(train/val/raw/train_eval) 2.4/0.4/0.4/0.0s | 3.2s
2026-08-28 20:26:39 | New best val_f1_macro_present: raw=0.5026 stable_score=0.4954 at epoch 26
2026-08-28 20:26:42 | Epoch 027/060 | loss 3.4232 | cls 1.8259 | tal -0.0991 | dual_g 1.6270 | dual_d 0.7911 | train_acc 0.8533 | train_full n/a | val_acc 0.5769 | val_f1 0.4954 | adv/moduleC 0.95/1.00 | disc_steps 1 | grad(main/disc) 12.256/1.422 | lr(main/disc) 4.50e-05/1.75e-05 | cuda_peak(alloc/resv) 21.77/28.18GB | phase(train/val/raw/train_eval) 2.5/0.4/0.0/0.0s | 3.0s
2026-08-28 20:26:45 | Epoch 028/060 | loss 3.4089 | cls 1.8538 | tal -0.1581 | dual_g 1.6025 | dual_d 0.7838 | train_acc 0.8533 | train_full n/a | val_acc 0.5769 | val_f1 0.4948 | adv/moduleC 1.00/1.00 | disc_steps 1 | grad(main/disc) 9.526/1.326 | lr(main/disc) 4.50e-05/1.75e-05 | cuda_peak(alloc/resv) 21.77/28.18GB | phase(train/val/raw/train_eval) 2.4/0.4/0.0/0.0s | 2.8s
2026-08-28 20:26:47 | Epoch 029/060 | loss 3.4047 | cls 1.8540 | tal -0.0872 | dual_g 1.5769 | dual_d 0.7318 | train_acc 0.8750 | train_full n/a | val_acc 0.5385 | val_f1 0.4577 | adv/moduleC 1.00/1.00 | disc_steps 1 | grad(main/disc) 11.123/1.317 | lr(main/disc) 4.50e-05/1.75e-05 | cuda_peak(alloc/resv) 21.77/28.18GB | phase(train/val/raw/train_eval) 2.4/0.4/0.0/0.0s | 2.8s
2026-08-28 20:26:51 | Epoch 030/060 | loss 3.3444 | cls 1.8111 | tal -0.0964 | dual_g 1.5622 | dual_d 0.7932 | train_acc 0.8370 | train_full 0.7188 | val_acc 0.5385 | val_f1 0.4647 | adv/moduleC 1.00/1.00 | disc_steps 1 | grad(main/disc) 10.233/1.376 | lr(main/disc) 4.50e-05/1.75e-05 | cuda_peak(alloc/resv) 21.77/28.18GB | phase(train/val/raw/train_eval) 1.7/0.4/0.4/0.6s | 3.2s
2026-08-28 20:26:53 | Epoch 031/060 | loss 3.1924 | cls 1.7052 | tal -0.0654 | dual_g 1.5068 | dual_d 0.8034 | train_acc 0.9293 | train_full n/a | val_acc 0.5385 | val_f1 0.4911 | adv/moduleC 1.00/1.00 | disc_steps 1 | grad(main/disc) 10.528/1.366 | lr(main/disc) 4.50e-05/1.75e-05 | cuda_peak(alloc/resv) 21.77/28.18GB | phase(train/val/raw/train_eval) 2.3/0.4/0.0/0.0s | 2.7s
2026-08-28 20:26:56 | Epoch 032/060 | loss 3.1707 | cls 1.7326 | tal -0.1295 | dual_g 1.4769 | dual_d 0.7831 | train_acc 0.9076 | train_full n/a | val_acc 0.5385 | val_f1 0.4675 | adv/moduleC 1.00/1.00 | disc_steps 1 | grad(main/disc) 9.303/1.319 | lr(main/disc) 2.25e-05/8.75e-06 | cuda_peak(alloc/resv) 21.77/28.18GB | phase(train/val/raw/train_eval) 2.3/0.4/0.0/0.0s | 2.7s
2026-08-28 20:26:58 | Epoch 033/060 | loss 3.1101 | cls 1.6762 | tal -0.0169 | dual_g 1.4390 | dual_d 0.7658 | train_acc 0.9076 | train_full n/a | val_acc 0.5769 | val_f1 0.4809 | adv/moduleC 1.00/1.00 | disc_steps 1 | grad(main/disc) 13.423/1.397 | lr(main/disc) 2.25e-05/8.75e-06 | cuda_peak(alloc/resv) 21.77/28.18GB | phase(train/val/raw/train_eval) 2.0/0.4/0.0/0.0s | 2.4s
2026-08-28 20:27:01 | Epoch 034/060 | loss 3.1146 | cls 1.6849 | tal -0.0752 | dual_g 1.4523 | dual_d 0.8050 | train_acc 0.9348 | train_full n/a | val_acc 0.5769 | val_f1 0.5694 | adv/moduleC 1.00/1.00 | disc_steps 1 | grad(main/disc) 10.181/1.388 | lr(main/disc) 2.25e-05/8.75e-06 | cuda_peak(alloc/resv) 21.77/28.18GB | phase(train/val/raw/train_eval) 2.1/0.4/0.0/0.0s | 2.5s
2026-08-28 20:27:05 | Epoch 035/060 | loss 3.0143 | cls 1.6490 | tal -0.1181 | dual_g 1.4008 | dual_d 0.7808 | train_acc 0.9022 | train_full 0.7292 | val_acc 0.6154 | val_f1 0.6153 | adv/moduleC 1.00/1.00 | disc_steps 1 | grad(main/disc) 9.578/1.374 | lr(main/disc) 2.25e-05/8.75e-06 | cuda_peak(alloc/resv) 21.77/28.18GB | phase(train/val/raw/train_eval) 2.3/0.4/0.4/0.6s | 3.8s
2026-08-28 20:27:07 | Epoch 036/060 | loss 3.0087 | cls 1.6017 | tal -0.1074 | dual_g 1.4392 | dual_d 0.7372 | train_acc 0.9239 | train_full n/a | val_acc 0.6154 | val_f1 0.6153 | adv/moduleC 1.00/1.00 | disc_steps 1 | grad(main/disc) 9.704/1.268 | lr(main/disc) 2.25e-05/8.75e-06 | cuda_peak(alloc/resv) 21.77/28.18GB | phase(train/val/raw/train_eval) 2.2/0.4/0.0/0.0s | 2.6s
2026-08-28 20:27:10 | Epoch 037/060 | loss 3.0622 | cls 1.6613 | tal -0.1244 | dual_g 1.4383 | dual_d 0.7806 | train_acc 0.9457 | train_full n/a | val_acc 0.6154 | val_f1 0.6138 | adv/moduleC 1.00/1.00 | disc_steps 1 | grad(main/disc) 10.244/1.345 | lr(main/disc) 2.25e-05/8.75e-06 | cuda_peak(alloc/resv) 21.77/28.18GB | phase(train/val/raw/train_eval) 2.7/0.4/0.0/0.0s | 3.1s
2026-08-28 20:27:13 | Epoch 038/060 | loss 2.9792 | cls 1.5685 | tal -0.1609 | dual_g 1.4590 | dual_d 0.7887 | train_acc 0.9565 | train_full n/a | val_acc 0.6154 | val_f1 0.6138 | adv/moduleC 1.00/1.00 | disc_steps 1 | grad(main/disc) 10.518/1.340 | lr(main/disc) 2.25e-05/8.75e-06 | cuda_peak(alloc/resv) 21.77/28.18GB | phase(train/val/raw/train_eval) 2.3/0.4/0.4/0.0s | 3.1s
2026-08-28 20:27:16 | New best val_f1_macro_present: raw=0.6138 stable_score=0.5694 at epoch 38
2026-08-28 20:27:19 | Epoch 039/060 | loss 3.0073 | cls 1.6219 | tal -0.1292 | dual_g 1.4242 | dual_d 0.7999 | train_acc 0.9402 | train_full n/a | val_acc 0.6154 | val_f1 0.6138 | adv/moduleC 1.00/1.00 | disc_steps 1 | grad(main/disc) 8.353/1.341 | lr(main/disc) 2.25e-05/8.75e-06 | cuda_peak(alloc/resv) 21.77/28.18GB | phase(train/val/raw/train_eval) 2.4/0.4/0.4/0.0s | 3.2s
2026-08-28 20:27:22 | New best val_f1_macro_present: raw=0.6138 stable_score=0.6138 at epoch 39
2026-08-28 20:27:26 | Epoch 040/060 | loss 2.9472 | cls 1.6166 | tal -0.1225 | dual_g 1.3674 | dual_d 0.7882 | train_acc 0.9293 | train_full 0.7188 | val_acc 0.6923 | val_f1 0.7245 | adv/moduleC 1.00/1.00 | disc_steps 1 | grad(main/disc) 8.448/1.309 | lr(main/disc) 2.25e-05/8.75e-06 | cuda_peak(alloc/resv) 21.77/28.18GB | phase(train/val/raw/train_eval) 2.2/0.4/0.4/0.6s | 3.7s
2026-08-28 20:27:28 | Epoch 041/060 | loss 2.8869 | cls 1.5528 | tal -0.1400 | dual_g 1.3761 | dual_d 0.7712 | train_acc 0.9402 | train_full n/a | val_acc 0.6923 | val_f1 0.7245 | adv/moduleC 1.00/1.00 | disc_steps 1 | grad(main/disc) 7.680/1.352 | lr(main/disc) 2.25e-05/8.75e-06 | cuda_peak(alloc/resv) 21.77/28.18GB | phase(train/val/raw/train_eval) 2.1/0.4/0.0/0.0s | 2.5s
2026-08-28 20:27:31 | Epoch 042/060 | loss 2.7933 | cls 1.4938 | tal -0.1123 | dual_g 1.3332 | dual_d 0.7793 | train_acc 0.9620 | train_full n/a | val_acc 0.6923 | val_f1 0.7245 | adv/moduleC 1.00/1.00 | disc_steps 1 | grad(main/disc) 8.584/1.300 | lr(main/disc) 2.25e-05/8.75e-06 | cuda_peak(alloc/resv) 21.77/28.18GB | phase(train/val/raw/train_eval) 2.5/0.4/0.0/0.0s | 3.0s
2026-08-28 20:27:34 | Epoch 043/060 | loss 2.8360 | cls 1.5400 | tal -0.1780 | dual_g 1.3493 | dual_d 0.7696 | train_acc 0.9348 | train_full n/a | val_acc 0.6154 | val_f1 0.5439 | adv/moduleC 1.00/1.00 | disc_steps 1 | grad(main/disc) 7.523/1.323 | lr(main/disc) 2.25e-05/8.75e-06 | cuda_peak(alloc/resv) 21.77/28.18GB | phase(train/val/raw/train_eval) 2.2/0.4/0.0/0.0s | 2.7s
2026-08-28 20:27:36 | Epoch 044/060 | loss 2.8938 | cls 1.5723 | tal -0.1086 | dual_g 1.3541 | dual_d 0.8190 | train_acc 0.9348 | train_full n/a | val_acc 0.6154 | val_f1 0.5407 | adv/moduleC 1.00/1.00 | disc_steps 1 | grad(main/disc) 12.390/1.383 | lr(main/disc) 2.25e-05/8.75e-06 | cuda_peak(alloc/resv) 21.77/28.18GB | phase(train/val/raw/train_eval) 2.0/0.4/0.0/0.0s | 2.4s
2026-08-28 20:27:40 | Epoch 045/060 | loss 2.8480 | cls 1.5247 | tal -0.0784 | dual_g 1.3468 | dual_d 0.8114 | train_acc 0.9511 | train_full 0.6562 | val_acc 0.5385 | val_f1 0.5122 | adv/moduleC 1.00/1.00 | disc_steps 1 | grad(main/disc) 10.475/1.331 | lr(main/disc) 2.25e-05/8.75e-06 | cuda_peak(alloc/resv) 21.77/28.18GB | phase(train/val/raw/train_eval) 2.2/0.4/0.4/0.6s | 3.7s
2026-08-28 20:27:43 | Epoch 046/060 | loss 2.9293 | cls 1.5665 | tal -0.1152 | dual_g 1.3974 | dual_d 0.8354 | train_acc 0.9511 | train_full n/a | val_acc 0.5769 | val_f1 0.5981 | adv/moduleC 1.00/1.00 | disc_steps 1 | grad(main/disc) 11.949/1.393 | lr(main/disc) 2.25e-05/8.75e-06 | cuda_peak(alloc/resv) 21.77/28.18GB | phase(train/val/raw/train_eval) 2.2/0.4/0.0/0.0s | 2.6s
2026-08-28 20:27:45 | Epoch 047/060 | loss 2.8059 | cls 1.5123 | tal -0.1403 | dual_g 1.3357 | dual_d 0.7443 | train_acc 0.9457 | train_full n/a | val_acc 0.6538 | val_f1 0.7037 | adv/moduleC 1.00/1.00 | disc_steps 1 | grad(main/disc) 23.772/1.271 | lr(main/disc) 2.25e-05/8.75e-06 | cuda_peak(alloc/resv) 21.77/28.18GB | phase(train/val/raw/train_eval) 2.1/0.4/0.0/0.0s | 2.5s
2026-08-28 20:27:48 | Epoch 048/060 | loss 2.8317 | cls 1.5375 | tal -0.0625 | dual_g 1.3129 | dual_d 0.8504 | train_acc 0.9565 | train_full n/a | val_acc 0.6923 | val_f1 0.7245 | adv/moduleC 1.00/1.00 | disc_steps 1 | grad(main/disc) 17.373/1.421 | lr(main/disc) 1.13e-05/4.37e-06 | cuda_peak(alloc/resv) 21.77/28.18GB | phase(train/val/raw/train_eval) 2.5/0.4/0.0/0.0s | 2.9s
2026-08-28 20:27:51 | Epoch 049/060 | loss 2.8725 | cls 1.5301 | tal -0.0577 | dual_g 1.3597 | dual_d 0.8267 | train_acc 0.9457 | train_full n/a | val_acc 0.6538 | val_f1 0.6852 | adv/moduleC 1.00/1.00 | disc_steps 1 | grad(main/disc) 9.607/1.320 | lr(main/disc) 1.13e-05/4.37e-06 | cuda_peak(alloc/resv) 21.77/28.18GB | phase(train/val/raw/train_eval) 2.6/0.4/0.0/0.0s | 3.0s
2026-08-28 20:27:55 | Epoch 050/060 | loss 2.7950 | cls 1.5164 | tal -0.1248 | dual_g 1.3160 | dual_d 0.7941 | train_acc 0.9130 | train_full 0.7396 | val_acc 0.6154 | val_f1 0.6396 | adv/moduleC 1.00/1.00 | disc_steps 1 | grad(main/disc) 10.811/1.351 | lr(main/disc) 1.13e-05/4.37e-06 | cuda_peak(alloc/resv) 21.77/28.18GB | phase(train/val/raw/train_eval) 2.2/0.4/0.4/0.6s | 3.7s
2026-08-28 20:27:58 | Epoch 051/060 | loss 2.8011 | cls 1.5292 | tal -0.1314 | dual_g 1.3113 | dual_d 0.8053 | train_acc 0.9239 | train_full n/a | val_acc 0.6154 | val_f1 0.6396 | adv/moduleC 1.00/1.00 | disc_steps 1 | grad(main/disc) 13.902/1.328 | lr(main/disc) 1.13e-05/4.37e-06 | cuda_peak(alloc/resv) 21.77/28.18GB | phase(train/val/raw/train_eval) 2.3/0.4/0.4/0.0s | 3.2s
2026-08-28 20:28:01 | New best val_f1_macro_present: raw=0.6396 stable_score=0.6396 at epoch 51
2026-08-28 20:28:03 | Epoch 052/060 | loss 2.8322 | cls 1.4851 | tal -0.0913 | dual_g 1.3745 | dual_d 0.8457 | train_acc 0.9674 | train_full n/a | val_acc 0.6923 | val_f1 0.7245 | adv/moduleC 1.00/1.00 | disc_steps 1 | grad(main/disc) 9.916/1.374 | lr(main/disc) 1.13e-05/4.37e-06 | cuda_peak(alloc/resv) 21.77/28.18GB | phase(train/val/raw/train_eval) 2.3/0.4/0.0/0.0s | 2.7s
2026-08-28 20:28:06 | Epoch 053/060 | loss 2.7212 | cls 1.4557 | tal -0.1075 | dual_g 1.2978 | dual_d 0.8234 | train_acc 0.9783 | train_full n/a | val_acc 0.6923 | val_f1 0.7254 | adv/moduleC 1.00/1.00 | disc_steps 1 | grad(main/disc) 6.978/1.340 | lr(main/disc) 1.13e-05/4.37e-06 | cuda_peak(alloc/resv) 21.77/28.18GB | phase(train/val/raw/train_eval) 2.2/0.4/0.0/0.0s | 2.7s
2026-08-28 20:28:08 | Epoch 054/060 | loss 2.7231 | cls 1.4515 | tal -0.1144 | dual_g 1.3060 | dual_d 0.8044 | train_acc 0.9620 | train_full n/a | val_acc 0.6923 | val_f1 0.7254 | adv/moduleC 1.00/1.00 | disc_steps 1 | grad(main/disc) 7.110/1.332 | lr(main/disc) 1.13e-05/4.37e-06 | cuda_peak(alloc/resv) 21.77/28.18GB | phase(train/val/raw/train_eval) 2.0/0.4/0.0/0.0s | 2.4s
2026-08-28 20:28:12 | Epoch 055/060 | loss 2.7452 | cls 1.4720 | tal -0.1215 | dual_g 1.3097 | dual_d 0.8699 | train_acc 0.9783 | train_full 0.7500 | val_acc 0.6923 | val_f1 0.7254 | adv/moduleC 1.00/1.00 | disc_steps 1 | grad(main/disc) 7.846/1.402 | lr(main/disc) 1.13e-05/4.37e-06 | cuda_peak(alloc/resv) 21.77/28.18GB | phase(train/val/raw/train_eval) 1.9/0.4/0.4/0.6s | 3.3s
2026-08-28 20:28:15 | Epoch 056/060 | loss 2.8308 | cls 1.5264 | tal -0.0836 | dual_g 1.3295 | dual_d 0.8252 | train_acc 0.9674 | train_full n/a | val_acc 0.6923 | val_f1 0.7508 | adv/moduleC 1.00/1.00 | disc_steps 1 | grad(main/disc) 10.612/1.347 | lr(main/disc) 1.13e-05/4.37e-06 | cuda_peak(alloc/resv) 21.77/28.18GB | phase(train/val/raw/train_eval) 2.3/0.4/0.4/0.0s | 3.1s
2026-08-28 20:28:18 | New best val_f1_macro_present: raw=0.7508 stable_score=0.7245 at epoch 56
2026-08-28 20:28:21 | Epoch 057/060 | loss 2.8884 | cls 1.5562 | tal -0.1347 | dual_g 1.3727 | dual_d 0.8085 | train_acc 0.9457 | train_full n/a | val_acc 0.6923 | val_f1 0.7508 | adv/moduleC 1.00/1.00 | disc_steps 1 | grad(main/disc) 10.016/1.349 | lr(main/disc) 1.13e-05/4.37e-06 | cuda_peak(alloc/resv) 21.77/28.18GB | phase(train/val/raw/train_eval) 2.5/0.4/0.0/0.0s | 2.9s
2026-08-28 20:28:23 | Epoch 058/060 | loss 2.7491 | cls 1.4842 | tal -0.1056 | dual_g 1.2966 | dual_d 0.7844 | train_acc 0.9620 | train_full n/a | val_acc 0.6923 | val_f1 0.7508 | adv/moduleC 1.00/1.00 | disc_steps 1 | grad(main/disc) 8.320/1.296 | lr(main/disc) 1.13e-05/4.37e-06 | cuda_peak(alloc/resv) 21.77/28.18GB | phase(train/val/raw/train_eval) 2.5/0.4/0.0/0.0s | 2.9s
2026-08-28 20:28:26 | Epoch 059/060 | loss 2.7914 | cls 1.4947 | tal -0.1154 | dual_g 1.3313 | dual_d 0.7862 | train_acc 0.9565 | train_full n/a | val_acc 0.6923 | val_f1 0.7254 | adv/moduleC 1.00/1.00 | disc_steps 1 | grad(main/disc) 11.124/1.288 | lr(main/disc) 1.13e-05/4.37e-06 | cuda_peak(alloc/resv) 21.77/28.18GB | phase(train/val/raw/train_eval) 2.2/0.4/0.0/0.0s | 2.6s
2026-08-28 20:28:30 | Epoch 060/060 | loss 2.7689 | cls 1.5338 | tal -0.1528 | dual_g 1.2810 | dual_d 0.8192 | train_acc 0.9511 | train_full 0.7812 | val_acc 0.6538 | val_f1 0.6852 | adv/moduleC 1.00/1.00 | disc_steps 1 | grad(main/disc) 11.565/1.298 | lr(main/disc) 1.13e-05/4.37e-06 | cuda_peak(alloc/resv) 21.77/28.18GB | phase(train/val/raw/train_eval) 2.4/0.4/0.4/0.6s | 3.8s
2026-08-28 20:28:30 | Training complete. Peak validation accuracy: 0.6923 | selected val_f1_macro_present: 0.7508
