2026-08-28 22:43:04 | Starting Dual_D standalone training
2026-08-28 22:43:04 | Run directory: runs/module_c_ablation_60_v6/module_c_20260828_191630/module_c_no_classification_feedback_逆光_20260828_222304
2026-08-28 22:43:04 | Device: cuda
2026-08-28 22:43:04 | Source train samples: 992
2026-08-28 22:43:04 | Target train samples: 132
2026-08-28 22:43:04 | Target val samples: 37
2026-08-28 22:43:04 | Classes: 14
2026-08-28 22:43:04 | Data audit: same_dir=False | path_overlap(vis/ir/ais)=0/0/0 | content_overlap(vis/ir/ais)=0/0/0 | ais_index_overlap=0 | stem_mismatch(vis-ir/vis-ais)=157/0
2026-08-28 22:43:04 | source_train classes: present 14/14 | absent 0 | counts [0:120, 1:44, 2:69, 3:45, 4:40, 5:30, 6:64, 7:80, 8:116, 9:68, 10:57, 11:83, 12:48, 13:128]
2026-08-28 22:43:04 | target_train classes: present 9/14 | absent 5 | counts [0:20, 2:12, 4:12, 5:2, 9:16, 10:16, 11:29, 12:4, 13:21]
2026-08-28 22:43:04 | target_val classes: present 9/14 | absent 5 | counts [0:6, 2:3, 4:4, 5:1, 9:4, 10:4, 11:8, 12:1, 13:6]
2026-08-28 22:43:04 | Paired training classes: 9/14 | class ids [0, 2, 4, 5, 9, 10, 11, 12, 13]
2026-08-28 22:43:04 | Runtime profile: batch=92 | paired_steps=2 | workers=16 | train_eval_every=5 | raw_eval_every=5 | stability_window=3 | early_stop=15 after min_epoch=35
2026-08-28 22:43:04 | VIS/IR pairing: class-level-unpaired | count-mismatch classes train/val: 10/1 | AIS alignment: none | AIS rows train/val: 0/0
2026-08-28 22:43:05 | Effective Dual-D loss weights: {"adv_auxiliary": 0.03, "adv_primary": 0.03, "classification": 0.0, "contrastive": 0.015, "cycle": 0.24, "identity": 0.035, "prototype_contrastive": 0.05}
2026-08-28 22:43:05 | Model parameters: total=17277714 | trainable=17120210
2026-08-28 22:43:10 | Epoch 001/060 | loss 5.3407 | cls 5.4356 | tal -0.3161 | dual_g 0.0000 | dual_d 0.0000 | train_acc 0.0109 | train_full 0.1212 | val_acc 0.1351 | val_f1 0.0777 | adv/moduleC 0.00/0.00 | disc_steps 0 | grad(main/disc) 15.555/0.000 | lr(main/disc) 6.00e-05/3.00e-05 | cuda_peak(alloc/resv) 21.77/28.18GB | phase(train/val/raw/train_eval) 3.2/0.5/0.5/0.8s | 5.0s
2026-08-28 22:43:13 | Epoch 002/060 | loss 5.2908 | cls 5.3458 | tal -0.1834 | dual_g 0.0000 | dual_d 0.0000 | train_acc 0.0870 | train_full n/a | val_acc 0.2162 | val_f1 0.1115 | adv/moduleC 0.00/0.00 | disc_steps 0 | grad(main/disc) 14.976/0.000 | lr(main/disc) 6.00e-05/3.00e-05 | cuda_peak(alloc/resv) 21.77/28.18GB | phase(train/val/raw/train_eval) 2.8/0.5/0.0/0.0s | 3.3s
2026-08-28 22:43:16 | Epoch 003/060 | loss 5.0034 | cls 5.0355 | tal -0.1071 | dual_g 0.0000 | dual_d 0.0000 | train_acc 0.1522 | train_full n/a | val_acc 0.1892 | val_f1 0.1055 | adv/moduleC 0.00/0.00 | disc_steps 0 | grad(main/disc) 13.397/0.000 | lr(main/disc) 6.00e-05/3.00e-05 | cuda_peak(alloc/resv) 21.77/28.18GB | phase(train/val/raw/train_eval) 2.0/0.5/0.5/0.0s | 3.1s
2026-08-28 22:43:19 | New best val_f1_macro_present: raw=0.1055 stable_score=0.0777 at epoch 3
2026-08-28 22:43:22 | Epoch 004/060 | loss 4.6009 | cls 4.6262 | tal -0.0843 | dual_g 0.0000 | dual_d 0.0000 | train_acc 0.2011 | train_full n/a | val_acc 0.1351 | val_f1 0.0778 | adv/moduleC 0.00/0.00 | disc_steps 0 | grad(main/disc) 12.693/0.000 | lr(main/disc) 6.00e-05/3.00e-05 | cuda_peak(alloc/resv) 21.77/28.18GB | phase(train/val/raw/train_eval) 2.8/0.5/0.0/0.0s | 3.3s
2026-08-28 22:43:27 | Epoch 005/060 | loss 4.4570 | cls 4.4401 | tal 0.0565 | dual_g 0.0000 | dual_d 0.0000 | train_acc 0.2446 | train_full 0.1667 | val_acc 0.2162 | val_f1 0.1600 | adv/moduleC 0.00/0.00 | disc_steps 0 | grad(main/disc) 12.045/0.000 | lr(main/disc) 6.00e-05/3.00e-05 | cuda_peak(alloc/resv) 21.77/28.18GB | phase(train/val/raw/train_eval) 2.9/0.5/0.5/0.8s | 4.7s
2026-08-28 22:43:30 | Epoch 006/060 | loss 4.1965 | cls 4.1686 | tal 0.0929 | dual_g 0.0000 | dual_d 0.0000 | train_acc 0.2500 | train_full n/a | val_acc 0.2703 | val_f1 0.1936 | adv/moduleC 0.00/0.00 | disc_steps 0 | grad(main/disc) 11.325/0.000 | lr(main/disc) 6.00e-05/3.00e-05 | cuda_peak(alloc/resv) 21.77/28.18GB | phase(train/val/raw/train_eval) 2.7/0.5/0.0/0.0s | 3.2s
2026-08-28 22:43:33 | Epoch 007/060 | loss 4.0927 | cls 4.0525 | tal 0.1340 | dual_g 0.0000 | dual_d 0.0000 | train_acc 0.2989 | train_full n/a | val_acc 0.3243 | val_f1 0.2606 | adv/moduleC 0.00/0.00 | disc_steps 0 | grad(main/disc) 10.940/0.000 | lr(main/disc) 6.00e-05/3.00e-05 | cuda_peak(alloc/resv) 21.77/28.18GB | phase(train/val/raw/train_eval) 2.3/0.5/0.5/0.0s | 3.3s
2026-08-28 22:43:36 | New best val_f1_macro_present: raw=0.2606 stable_score=0.1600 at epoch 7
2026-08-28 22:43:39 | Epoch 008/060 | loss 3.8499 | cls 3.8207 | tal 0.0973 | dual_g 0.0000 | dual_d 0.0000 | train_acc 0.3043 | train_full n/a | val_acc 0.3514 | val_f1 0.2845 | adv/moduleC 0.00/0.00 | disc_steps 0 | grad(main/disc) 10.696/0.000 | lr(main/disc) 6.00e-05/3.00e-05 | cuda_peak(alloc/resv) 21.77/28.18GB | phase(train/val/raw/train_eval) 2.1/0.5/0.5/0.0s | 3.1s
2026-08-28 22:43:42 | New best val_f1_macro_present: raw=0.2845 stable_score=0.1936 at epoch 8
2026-08-28 22:43:46 | Epoch 009/060 | loss 3.8501 | cls 3.7875 | tal 0.1321 | dual_g 0.0230 | dual_d 0.8668 | train_acc 0.3370 | train_full n/a | val_acc 0.3784 | val_f1 0.4189 | adv/moduleC 0.05/0.08 | disc_steps 1 | grad(main/disc) 10.277/1.846 | lr(main/disc) 6.00e-05/3.00e-05 | cuda_peak(alloc/resv) 21.77/28.18GB | phase(train/val/raw/train_eval) 2.5/0.5/0.5/0.0s | 3.6s
2026-08-28 22:43:48 | New best val_f1_macro_present: raw=0.4189 stable_score=0.2606 at epoch 9
2026-08-28 22:43:53 | Epoch 010/060 | loss 3.7315 | cls 3.6604 | tal 0.0851 | dual_g 0.0455 | dual_d 0.8217 | train_acc 0.3152 | train_full 0.3939 | val_acc 0.4865 | val_f1 0.5063 | adv/moduleC 0.10/0.17 | disc_steps 1 | grad(main/disc) 10.143/1.753 | lr(main/disc) 6.00e-05/3.00e-05 | cuda_peak(alloc/resv) 21.77/28.18GB | phase(train/val/raw/train_eval) 2.5/0.5/0.5/0.8s | 4.3s
2026-08-28 22:43:55 | New best val_f1_macro_present: raw=0.5063 stable_score=0.2845 at epoch 10
2026-08-28 22:43:59 | Epoch 011/060 | loss 3.5526 | cls 3.4569 | tal 0.0937 | dual_g 0.0676 | dual_d 0.7890 | train_acc 0.3641 | train_full n/a | val_acc 0.5946 | val_f1 0.6583 | adv/moduleC 0.15/0.25 | disc_steps 1 | grad(main/disc) 9.916/1.814 | lr(main/disc) 6.00e-05/3.00e-05 | cuda_peak(alloc/resv) 21.77/28.18GB | phase(train/val/raw/train_eval) 2.4/0.5/0.5/0.0s | 3.4s
2026-08-28 22:44:01 | New best val_f1_macro_present: raw=0.6583 stable_score=0.4189 at epoch 11
2026-08-28 22:44:05 | Epoch 012/060 | loss 3.4053 | cls 3.2489 | tal 0.2257 | dual_g 0.0887 | dual_d 0.7665 | train_acc 0.4511 | train_full n/a | val_acc 0.6486 | val_f1 0.6881 | adv/moduleC 0.20/0.33 | disc_steps 1 | grad(main/disc) 9.362/1.573 | lr(main/disc) 6.00e-05/3.00e-05 | cuda_peak(alloc/resv) 21.77/28.18GB | phase(train/val/raw/train_eval) 2.5/0.5/0.5/0.0s | 3.5s
2026-08-28 22:44:08 | New best val_f1_macro_present: raw=0.6881 stable_score=0.5063 at epoch 12
2026-08-28 22:44:11 | Epoch 013/060 | loss 3.4603 | cls 3.2923 | tal 0.1919 | dual_g 0.1105 | dual_d 0.7713 | train_acc 0.4837 | train_full n/a | val_acc 0.6216 | val_f1 0.6789 | adv/moduleC 0.25/0.42 | disc_steps 1 | grad(main/disc) 9.328/1.622 | lr(main/disc) 6.00e-05/3.00e-05 | cuda_peak(alloc/resv) 21.77/28.18GB | phase(train/val/raw/train_eval) 2.6/0.5/0.5/0.0s | 3.7s
2026-08-28 22:44:14 | New best val_f1_macro_present: raw=0.6789 stable_score=0.6583 at epoch 13
2026-08-28 22:44:18 | Epoch 014/060 | loss 3.4880 | cls 3.3035 | tal 0.1804 | dual_g 0.1304 | dual_d 0.8655 | train_acc 0.4293 | train_full n/a | val_acc 0.7568 | val_f1 0.7890 | adv/moduleC 0.30/0.50 | disc_steps 1 | grad(main/disc) 9.171/1.751 | lr(main/disc) 6.00e-05/3.00e-05 | cuda_peak(alloc/resv) 21.77/28.18GB | phase(train/val/raw/train_eval) 2.7/0.5/0.5/0.0s | 3.8s
2026-08-28 22:44:21 | New best val_f1_macro_present: raw=0.7890 stable_score=0.6789 at epoch 14
2026-08-28 22:44:25 | Epoch 015/060 | loss 3.3471 | cls 3.1301 | tal 0.2252 | dual_g 0.1494 | dual_d 0.8301 | train_acc 0.4620 | train_full 0.7197 | val_acc 0.8378 | val_f1 0.8409 | adv/moduleC 0.35/0.58 | disc_steps 1 | grad(main/disc) 8.990/1.685 | lr(main/disc) 6.00e-05/3.00e-05 | cuda_peak(alloc/resv) 21.77/28.18GB | phase(train/val/raw/train_eval) 2.5/0.5/0.5/0.8s | 4.3s
2026-08-28 22:44:28 | Epoch 016/060 | loss 3.2383 | cls 3.0042 | tal 0.2192 | dual_g 0.1684 | dual_d 0.7808 | train_acc 0.5000 | train_full n/a | val_acc 0.8378 | val_f1 0.8409 | adv/moduleC 0.40/0.67 | disc_steps 1 | grad(main/disc) 8.679/1.613 | lr(main/disc) 6.00e-05/3.00e-05 | cuda_peak(alloc/resv) 21.77/28.18GB | phase(train/val/raw/train_eval) 2.5/0.5/0.5/0.0s | 3.5s
2026-08-28 22:44:31 | New best val_f1_macro_present: raw=0.8409 stable_score=0.7890 at epoch 16
2026-08-28 22:44:35 | Epoch 017/060 | loss 3.2864 | cls 3.0332 | tal 0.2231 | dual_g 0.1863 | dual_d 0.8215 | train_acc 0.5000 | train_full n/a | val_acc 0.8649 | val_f1 0.8631 | adv/moduleC 0.45/0.75 | disc_steps 1 | grad(main/disc) 8.953/1.619 | lr(main/disc) 6.00e-05/3.00e-05 | cuda_peak(alloc/resv) 21.77/28.18GB | phase(train/val/raw/train_eval) 2.3/0.5/0.5/0.0s | 3.3s
2026-08-28 22:44:37 | New best val_f1_macro_present: raw=0.8631 stable_score=0.8409 at epoch 17
2026-08-28 22:44:40 | Epoch 018/060 | loss 3.3955 | cls 3.1381 | tal 0.1665 | dual_g 0.2075 | dual_d 0.7934 | train_acc 0.4728 | train_full n/a | val_acc 0.9189 | val_f1 0.9161 | adv/moduleC 0.50/0.83 | disc_steps 1 | grad(main/disc) 9.287/1.683 | lr(main/disc) 6.00e-05/3.00e-05 | cuda_peak(alloc/resv) 21.77/28.18GB | phase(train/val/raw/train_eval) 2.3/0.5/0.0/0.0s | 2.9s
2026-08-28 22:44:44 | Epoch 019/060 | loss 3.1803 | cls 2.8938 | tal 0.2106 | dual_g 0.2234 | dual_d 0.7270 | train_acc 0.5217 | train_full n/a | val_acc 0.8919 | val_f1 0.8990 | adv/moduleC 0.55/0.92 | disc_steps 1 | grad(main/disc) 8.384/1.567 | lr(main/disc) 6.00e-05/3.00e-05 | cuda_peak(alloc/resv) 21.77/28.18GB | phase(train/val/raw/train_eval) 2.4/0.5/0.5/0.0s | 3.4s
2026-08-28 22:44:47 | New best val_f1_macro_present: raw=0.8990 stable_score=0.8631 at epoch 19
2026-08-28 22:44:51 | Epoch 020/060 | loss 3.1343 | cls 2.8319 | tal 0.1964 | dual_g 0.2435 | dual_d 0.8689 | train_acc 0.5489 | train_full 0.8712 | val_acc 0.8919 | val_f1 0.8990 | adv/moduleC 0.60/1.00 | disc_steps 1 | grad(main/disc) 8.498/1.760 | lr(main/disc) 6.00e-05/3.00e-05 | cuda_peak(alloc/resv) 21.77/28.18GB | phase(train/val/raw/train_eval) 2.5/0.5/0.5/0.8s | 4.3s
2026-08-28 22:44:54 | New best val_f1_macro_present: raw=0.8990 stable_score=0.8990 at epoch 20
2026-08-28 22:44:57 | Epoch 021/060 | loss 3.3353 | cls 3.0538 | tal 0.1257 | dual_g 0.2438 | dual_d 0.8163 | train_acc 0.5109 | train_full n/a | val_acc 0.9189 | val_f1 0.9161 | adv/moduleC 0.65/1.00 | disc_steps 1 | grad(main/disc) 9.088/1.663 | lr(main/disc) 6.00e-05/3.00e-05 | cuda_peak(alloc/resv) 21.77/28.18GB | phase(train/val/raw/train_eval) 2.6/0.5/0.0/0.0s | 3.1s
2026-08-28 22:45:00 | Epoch 022/060 | loss 3.1130 | cls 2.8020 | tal 0.2299 | dual_g 0.2420 | dual_d 0.7730 | train_acc 0.5543 | train_full n/a | val_acc 0.8919 | val_f1 0.8865 | adv/moduleC 0.70/1.00 | disc_steps 1 | grad(main/disc) 8.464/1.571 | lr(main/disc) 6.00e-05/3.00e-05 | cuda_peak(alloc/resv) 21.77/28.18GB | phase(train/val/raw/train_eval) 2.8/0.5/0.0/0.0s | 3.4s
2026-08-28 22:45:03 | Epoch 023/060 | loss 3.0616 | cls 2.7630 | tal 0.1765 | dual_g 0.2456 | dual_d 0.8246 | train_acc 0.6413 | train_full n/a | val_acc 0.8649 | val_f1 0.8597 | adv/moduleC 0.75/1.00 | disc_steps 1 | grad(main/disc) 8.999/1.640 | lr(main/disc) 6.00e-05/3.00e-05 | cuda_peak(alloc/resv) 21.77/28.18GB | phase(train/val/raw/train_eval) 2.5/0.5/0.0/0.0s | 3.1s
2026-08-28 22:45:06 | Epoch 024/060 | loss 2.7888 | cls 2.5137 | tal 0.1048 | dual_g 0.2436 | dual_d 0.8315 | train_acc 0.6576 | train_full n/a | val_acc 0.9189 | val_f1 0.9396 | adv/moduleC 0.80/1.00 | disc_steps 1 | grad(main/disc) 8.418/1.630 | lr(main/disc) 6.00e-05/3.00e-05 | cuda_peak(alloc/resv) 21.77/28.18GB | phase(train/val/raw/train_eval) 2.6/0.5/0.0/0.0s | 3.1s
2026-08-28 22:45:10 | Epoch 025/060 | loss 2.8525 | cls 2.5926 | tal 0.0574 | dual_g 0.2426 | dual_d 0.8202 | train_acc 0.6196 | train_full 0.8788 | val_acc 0.9459 | val_f1 0.9616 | adv/moduleC 0.85/1.00 | disc_steps 1 | grad(main/disc) 8.386/1.619 | lr(main/disc) 6.00e-05/3.00e-05 | cuda_peak(alloc/resv) 21.77/28.18GB | phase(train/val/raw/train_eval) 2.2/0.5/0.5/0.8s | 4.1s
2026-08-28 22:45:14 | Epoch 026/060 | loss 2.8385 | cls 2.5892 | tal 0.0105 | dual_g 0.2461 | dual_d 0.8857 | train_acc 0.6576 | train_full n/a | val_acc 0.9189 | val_f1 0.9087 | adv/moduleC 0.90/1.00 | disc_steps 1 | grad(main/disc) 8.006/1.694 | lr(main/disc) 6.00e-05/3.00e-05 | cuda_peak(alloc/resv) 21.77/28.18GB | phase(train/val/raw/train_eval) 2.7/0.5/0.5/0.0s | 3.7s
2026-08-28 22:45:17 | New best val_f1_macro_present: raw=0.9087 stable_score=0.9087 at epoch 26
2026-08-28 22:45:20 | Epoch 027/060 | loss 2.7645 | cls 2.5247 | tal -0.0044 | dual_g 0.2411 | dual_d 0.8248 | train_acc 0.6739 | train_full n/a | val_acc 0.9459 | val_f1 0.9616 | adv/moduleC 0.95/1.00 | disc_steps 1 | grad(main/disc) 8.256/1.556 | lr(main/disc) 6.00e-05/3.00e-05 | cuda_peak(alloc/resv) 21.77/28.18GB | phase(train/val/raw/train_eval) 2.5/0.5/0.0/0.0s | 3.0s
2026-08-28 22:45:23 | Epoch 028/060 | loss 2.6620 | cls 2.4222 | tal -0.0284 | dual_g 0.2483 | dual_d 0.8633 | train_acc 0.6793 | train_full n/a | val_acc 0.9459 | val_f1 0.9616 | adv/moduleC 1.00/1.00 | disc_steps 1 | grad(main/disc) 8.235/1.691 | lr(main/disc) 6.00e-05/3.00e-05 | cuda_peak(alloc/resv) 21.77/28.18GB | phase(train/val/raw/train_eval) 2.7/0.5/0.0/0.0s | 3.2s
2026-08-28 22:45:27 | Epoch 029/060 | loss 2.6852 | cls 2.4423 | tal -0.0014 | dual_g 0.2433 | dual_d 0.8523 | train_acc 0.7065 | train_full n/a | val_acc 0.9459 | val_f1 0.9616 | adv/moduleC 1.00/1.00 | disc_steps 1 | grad(main/disc) 7.762/1.575 | lr(main/disc) 6.00e-05/3.00e-05 | cuda_peak(alloc/resv) 21.77/28.18GB | phase(train/val/raw/train_eval) 2.5/0.5/0.5/0.0s | 3.5s
2026-08-28 22:45:30 | New best val_f1_macro_present: raw=0.9616 stable_score=0.9616 at epoch 29
2026-08-28 22:45:34 | Epoch 030/060 | loss 2.7052 | cls 2.4781 | tal -0.0534 | dual_g 0.2432 | dual_d 0.8583 | train_acc 0.6522 | train_full 0.9242 | val_acc 0.9189 | val_f1 0.9040 | adv/moduleC 1.00/1.00 | disc_steps 1 | grad(main/disc) 10.999/1.634 | lr(main/disc) 6.00e-05/3.00e-05 | cuda_peak(alloc/resv) 21.77/28.18GB | phase(train/val/raw/train_eval) 2.3/0.5/0.5/0.8s | 4.1s
2026-08-28 22:45:37 | Epoch 031/060 | loss 2.5352 | cls 2.3048 | tal -0.0112 | dual_g 0.2338 | dual_d 0.8761 | train_acc 0.7120 | train_full n/a | val_acc 0.9730 | val_f1 0.9802 | adv/moduleC 1.00/1.00 | disc_steps 1 | grad(main/disc) 8.965/1.582 | lr(main/disc) 6.00e-05/3.00e-05 | cuda_peak(alloc/resv) 21.77/28.18GB | phase(train/val/raw/train_eval) 3.0/0.5/0.0/0.0s | 3.5s
2026-08-28 22:45:40 | Epoch 032/060 | loss 2.5588 | cls 2.3313 | tal -0.0316 | dual_g 0.2370 | dual_d 0.9004 | train_acc 0.6957 | train_full n/a | val_acc 0.9189 | val_f1 0.9333 | adv/moduleC 1.00/1.00 | disc_steps 1 | grad(main/disc) 7.892/1.615 | lr(main/disc) 6.00e-05/3.00e-05 | cuda_peak(alloc/resv) 21.77/28.18GB | phase(train/val/raw/train_eval) 2.7/0.5/0.0/0.0s | 3.2s
2026-08-28 22:45:44 | Epoch 033/060 | loss 2.5620 | cls 2.3129 | tal 0.0627 | dual_g 0.2303 | dual_d 0.9334 | train_acc 0.7283 | train_full n/a | val_acc 0.9189 | val_f1 0.9333 | adv/moduleC 1.00/1.00 | disc_steps 1 | grad(main/disc) 8.582/1.658 | lr(main/disc) 6.00e-05/3.00e-05 | cuda_peak(alloc/resv) 21.77/28.18GB | phase(train/val/raw/train_eval) 2.6/0.5/0.0/0.0s | 3.2s
2026-08-28 22:45:46 | Epoch 034/060 | loss 2.4747 | cls 2.2382 | tal 0.0260 | dual_g 0.2287 | dual_d 0.8866 | train_acc 0.7554 | train_full n/a | val_acc 0.9459 | val_f1 0.9578 | adv/moduleC 1.00/1.00 | disc_steps 1 | grad(main/disc) 7.901/1.632 | lr(main/disc) 6.00e-05/3.00e-05 | cuda_peak(alloc/resv) 21.77/28.18GB | phase(train/val/raw/train_eval) 2.3/0.5/0.0/0.0s | 2.9s
2026-08-28 22:45:50 | Epoch 035/060 | loss 2.4917 | cls 2.2572 | tal 0.0369 | dual_g 0.2235 | dual_d 0.8726 | train_acc 0.7011 | train_full 0.9394 | val_acc 0.9459 | val_f1 0.9578 | adv/moduleC 1.00/1.00 | disc_steps 1 | grad(main/disc) 7.940/1.625 | lr(main/disc) 6.00e-05/3.00e-05 | cuda_peak(alloc/resv) 21.77/28.18GB | phase(train/val/raw/train_eval) 2.2/0.5/0.5/0.8s | 4.0s
2026-08-28 22:45:53 | Epoch 036/060 | loss 2.3619 | cls 2.1381 | tal 0.0131 | dual_g 0.2198 | dual_d 0.8513 | train_acc 0.7935 | train_full n/a | val_acc 0.9459 | val_f1 0.9578 | adv/moduleC 1.00/1.00 | disc_steps 1 | grad(main/disc) 7.130/1.510 | lr(main/disc) 6.00e-05/3.00e-05 | cuda_peak(alloc/resv) 21.77/28.18GB | phase(train/val/raw/train_eval) 2.6/0.5/0.0/0.0s | 3.1s
2026-08-28 22:45:56 | Epoch 037/060 | loss 2.4716 | cls 2.2485 | tal 0.0164 | dual_g 0.2181 | dual_d 0.8890 | train_acc 0.7663 | train_full n/a | val_acc 0.9459 | val_f1 0.9578 | adv/moduleC 1.00/1.00 | disc_steps 1 | grad(main/disc) 8.156/1.559 | lr(main/disc) 6.00e-05/3.00e-05 | cuda_peak(alloc/resv) 21.77/28.18GB | phase(train/val/raw/train_eval) 2.5/0.5/0.0/0.0s | 3.0s
2026-08-28 22:45:59 | Epoch 038/060 | loss 2.4844 | cls 2.2641 | tal 0.0174 | dual_g 0.2150 | dual_d 0.8664 | train_acc 0.6685 | train_full n/a | val_acc 0.9189 | val_f1 0.9333 | adv/moduleC 1.00/1.00 | disc_steps 1 | grad(main/disc) 8.864/1.531 | lr(main/disc) 6.00e-05/3.00e-05 | cuda_peak(alloc/resv) 21.77/28.18GB | phase(train/val/raw/train_eval) 2.2/0.5/0.0/0.0s | 2.7s
2026-08-28 22:46:02 | Epoch 039/060 | loss 2.3248 | cls 2.0996 | tal 0.0436 | dual_g 0.2121 | dual_d 0.9214 | train_acc 0.7609 | train_full n/a | val_acc 0.9459 | val_f1 0.9578 | adv/moduleC 1.00/1.00 | disc_steps 1 | grad(main/disc) 7.437/1.556 | lr(main/disc) 3.00e-05/1.50e-05 | cuda_peak(alloc/resv) 21.77/28.18GB | phase(train/val/raw/train_eval) 2.3/0.5/0.0/0.0s | 2.8s
2026-08-28 22:46:06 | Epoch 040/060 | loss 2.2993 | cls 2.0802 | tal 0.0101 | dual_g 0.2161 | dual_d 0.9083 | train_acc 0.7554 | train_full 0.9697 | val_acc 0.9459 | val_f1 0.9578 | adv/moduleC 1.00/1.00 | disc_steps 1 | grad(main/disc) 7.299/1.559 | lr(main/disc) 3.00e-05/1.50e-05 | cuda_peak(alloc/resv) 21.77/28.18GB | phase(train/val/raw/train_eval) 2.3/0.5/0.5/0.8s | 4.1s
2026-08-28 22:46:09 | Epoch 041/060 | loss 2.2036 | cls 1.9883 | tal 0.0101 | dual_g 0.2123 | dual_d 0.8982 | train_acc 0.8152 | train_full n/a | val_acc 0.9459 | val_f1 0.9578 | adv/moduleC 1.00/1.00 | disc_steps 1 | grad(main/disc) 6.952/1.595 | lr(main/disc) 3.00e-05/1.50e-05 | cuda_peak(alloc/resv) 21.77/28.18GB | phase(train/val/raw/train_eval) 2.4/0.6/0.0/0.0s | 2.9s
2026-08-28 22:46:12 | Epoch 042/060 | loss 2.2853 | cls 2.0871 | tal -0.0465 | dual_g 0.2122 | dual_d 0.9378 | train_acc 0.8152 | train_full n/a | val_acc 0.9459 | val_f1 0.9578 | adv/moduleC 1.00/1.00 | disc_steps 1 | grad(main/disc) 8.153/1.648 | lr(main/disc) 3.00e-05/1.50e-05 | cuda_peak(alloc/resv) 21.77/28.18GB | phase(train/val/raw/train_eval) 2.3/0.5/0.0/0.0s | 2.8s
2026-08-28 22:46:15 | Epoch 043/060 | loss 2.2594 | cls 2.0554 | tal -0.0173 | dual_g 0.2092 | dual_d 0.9351 | train_acc 0.8152 | train_full n/a | val_acc 0.9459 | val_f1 0.9578 | adv/moduleC 1.00/1.00 | disc_steps 1 | grad(main/disc) 6.757/1.628 | lr(main/disc) 3.00e-05/1.50e-05 | cuda_peak(alloc/resv) 21.77/28.18GB | phase(train/val/raw/train_eval) 2.8/0.5/0.0/0.0s | 3.3s
2026-08-28 22:46:18 | Epoch 044/060 | loss 2.3422 | cls 2.1160 | tal 0.0650 | dual_g 0.2067 | dual_d 0.9749 | train_acc 0.7989 | train_full n/a | val_acc 0.9459 | val_f1 0.9578 | adv/moduleC 1.00/1.00 | disc_steps 1 | grad(main/disc) 8.594/1.619 | lr(main/disc) 3.00e-05/1.50e-05 | cuda_peak(alloc/resv) 21.77/28.18GB | phase(train/val/raw/train_eval) 2.3/0.5/0.0/0.0s | 2.8s
2026-08-28 22:46:18 | Early stopping at epoch 44 after 15 epochs without val_f1_macro_present improvement.
2026-08-28 22:46:18 | Training complete. Peak validation accuracy: 0.9730 | selected val_f1_macro_present: 0.9616
