2026-08-21 09:16:15 | Starting Dual_D standalone training
2026-08-21 09:16:15 | Run directory: runs/module_c_ablation/module_c_no_cycle_雾天_iter01_20260821_060834
2026-08-21 09:16:15 | Device: cuda
2026-08-21 09:16:15 | Source train samples: 992
2026-08-21 09:16:15 | Target train samples: 507
2026-08-21 09:16:15 | Target val samples: 132
2026-08-21 09:16:15 | Classes: 14
2026-08-21 09:16:15 | Data audit: same_dir=False | path_overlap(vis/ir/ais)=0/0/0 | content_overlap(vis/ir/ais)=0/0/0 | ais_index_overlap=0 | stem_mismatch(vis-ir/vis-ais)=630/0
2026-08-21 09:16:15 | source_train classes: present 14/14 | absent 0 | counts [0:120, 1:44, 2:69, 3:45, 4:40, 5:30, 6:64, 7:80, 8:116, 9:68, 10:57, 11:83, 12:48, 13:128]
2026-08-21 09:16:15 | target_train classes: present 9/14 | absent 5 | counts [0:35, 1:18, 2:119, 6:110, 8:25, 9:50, 10:48, 12:9, 13:93]
2026-08-21 09:16:15 | target_val classes: present 9/14 | absent 5 | counts [0:9, 1:5, 2:30, 6:28, 8:7, 9:13, 10:13, 12:3, 13:24]
2026-08-21 09:16:15 | Paired training classes: 9/14 | class ids [0, 1, 2, 6, 8, 9, 10, 12, 13]
2026-08-21 09:16:15 | VIS/IR pairing: class-level-unpaired | count-mismatch classes train/val: 10/2 | AIS alignment: none | AIS rows train/val: 0/0
2026-08-21 09:16:16 | Model parameters: total=17277714 | trainable=17120210
2026-08-21 09:17:38 | Epoch 001/100 | loss 9.1639 | cls 4.7859 | tal 0.0307 | dual_g 4.3687 | dual_d 0.0000 | train_acc 0.1348 | train_full 0.2288 | val_acc 0.1818 | val_f1 0.1133 | grad(main/disc) 27.766/0.000 | lr(main/disc) 7.00e-05/3.50e-05 | 81.4s
2026-08-21 09:17:38 | New best val_f1_macro_present: 0.1133 at epoch 1
2026-08-21 09:19:00 | Epoch 002/100 | loss 7.3753 | cls 3.8030 | tal -0.0424 | dual_g 3.5851 | dual_d 0.0000 | train_acc 0.2480 | train_full 0.3984 | val_acc 0.3939 | val_f1 0.3760 | grad(main/disc) 22.365/0.000 | lr(main/disc) 7.00e-05/3.50e-05 | 81.6s
2026-08-21 09:19:00 | New best val_f1_macro_present: 0.3760 at epoch 2
2026-08-21 09:20:20 | Epoch 003/100 | loss 6.7393 | cls 3.4819 | tal -0.0703 | dual_g 3.2785 | dual_d 0.0000 | train_acc 0.3105 | train_full 0.4655 | val_acc 0.4091 | val_f1 0.4312 | grad(main/disc) 20.253/0.000 | lr(main/disc) 7.00e-05/3.50e-05 | 79.9s
2026-08-21 09:20:20 | New best val_f1_macro_present: 0.4312 at epoch 3
2026-08-21 09:21:41 | Epoch 004/100 | loss 6.2212 | cls 3.1755 | tal -0.0612 | dual_g 3.0640 | dual_d 0.0000 | train_acc 0.3496 | train_full 0.6114 | val_acc 0.5909 | val_f1 0.6147 | grad(main/disc) 19.789/0.000 | lr(main/disc) 7.00e-05/3.50e-05 | 81.4s
2026-08-21 09:21:42 | New best val_f1_macro_present: 0.6147 at epoch 4
2026-08-21 09:23:02 | Epoch 005/100 | loss 5.6723 | cls 2.9213 | tal -0.1093 | dual_g 2.7838 | dual_d 0.0000 | train_acc 0.4746 | train_full 0.6903 | val_acc 0.6591 | val_f1 0.6920 | grad(main/disc) 19.358/0.000 | lr(main/disc) 7.00e-05/3.50e-05 | 79.9s
2026-08-21 09:23:02 | New best val_f1_macro_present: 0.6920 at epoch 5
2026-08-21 09:24:22 | Epoch 006/100 | loss 5.1445 | cls 2.5521 | tal -0.0934 | dual_g 2.6204 | dual_d 0.9222 | train_acc 0.5586 | train_full 0.6805 | val_acc 0.6591 | val_f1 0.6986 | grad(main/disc) 19.420/2.004 | lr(main/disc) 7.00e-05/3.50e-05 | 80.0s
2026-08-21 09:24:22 | New best val_f1_macro_present: 0.6986 at epoch 6
2026-08-21 09:25:43 | Epoch 007/100 | loss 4.9483 | cls 2.5076 | tal -0.0463 | dual_g 2.4546 | dual_d 0.9153 | train_acc 0.5762 | train_full 0.8245 | val_acc 0.7803 | val_f1 0.7621 | grad(main/disc) 18.923/2.019 | lr(main/disc) 7.00e-05/3.50e-05 | 80.6s
2026-08-21 09:25:43 | New best val_f1_macro_present: 0.7621 at epoch 7
2026-08-21 09:27:05 | Epoch 008/100 | loss 4.7124 | cls 2.3617 | tal -0.0981 | dual_g 2.3801 | dual_d 0.8347 | train_acc 0.6289 | train_full 0.7613 | val_acc 0.7424 | val_f1 0.7383 | grad(main/disc) 20.138/1.873 | lr(main/disc) 7.00e-05/3.50e-05 | 81.5s
2026-08-21 09:28:27 | Epoch 009/100 | loss 4.3422 | cls 2.1650 | tal -0.1178 | dual_g 2.2126 | dual_d 0.8267 | train_acc 0.6641 | train_full 0.7850 | val_acc 0.7652 | val_f1 0.7616 | grad(main/disc) 19.540/1.821 | lr(main/disc) 7.00e-05/3.50e-05 | 82.5s
2026-08-21 09:29:50 | Epoch 010/100 | loss 4.1055 | cls 2.0375 | tal -0.0469 | dual_g 2.0821 | dual_d 0.7917 | train_acc 0.7578 | train_full 0.8600 | val_acc 0.8485 | val_f1 0.8480 | grad(main/disc) 18.085/1.792 | lr(main/disc) 7.00e-05/3.50e-05 | 82.4s
2026-08-21 09:29:50 | New best val_f1_macro_present: 0.8480 at epoch 10
2026-08-21 09:31:10 | Epoch 011/100 | loss 3.8543 | cls 1.9036 | tal -0.1057 | dual_g 1.9824 | dual_d 0.7602 | train_acc 0.7734 | train_full 0.8856 | val_acc 0.8712 | val_f1 0.8580 | grad(main/disc) 17.297/1.727 | lr(main/disc) 7.00e-05/3.50e-05 | 80.1s
2026-08-21 09:31:10 | New best val_f1_macro_present: 0.8580 at epoch 11
2026-08-21 09:32:32 | Epoch 012/100 | loss 3.6838 | cls 1.7951 | tal -0.0935 | dual_g 1.9167 | dual_d 0.7639 | train_acc 0.8223 | train_full 0.9073 | val_acc 0.8561 | val_f1 0.8352 | grad(main/disc) 16.420/1.631 | lr(main/disc) 7.00e-05/3.50e-05 | 81.7s
2026-08-21 09:33:52 | Epoch 013/100 | loss 3.5226 | cls 1.7456 | tal -0.1087 | dual_g 1.8096 | dual_d 0.7493 | train_acc 0.8223 | train_full 0.9487 | val_acc 0.9167 | val_f1 0.9245 | grad(main/disc) 15.619/1.605 | lr(main/disc) 7.00e-05/3.50e-05 | 79.6s
2026-08-21 09:33:52 | New best val_f1_macro_present: 0.9245 at epoch 13
2026-08-21 09:35:13 | Epoch 014/100 | loss 3.3596 | cls 1.6491 | tal -0.1792 | dual_g 1.7643 | dual_d 0.7378 | train_acc 0.8555 | train_full 0.9310 | val_acc 0.9015 | val_f1 0.8711 | grad(main/disc) 15.117/1.597 | lr(main/disc) 7.00e-05/3.50e-05 | 81.2s
2026-08-21 09:36:33 | Epoch 015/100 | loss 3.2807 | cls 1.6074 | tal -0.1378 | dual_g 1.7146 | dual_d 0.7195 | train_acc 0.8906 | train_full 0.9507 | val_acc 0.9470 | val_f1 0.9345 | grad(main/disc) 13.663/1.519 | lr(main/disc) 7.00e-05/3.50e-05 | 79.6s
2026-08-21 09:36:33 | New best val_f1_macro_present: 0.9345 at epoch 15
2026-08-21 09:37:51 | Epoch 016/100 | loss 3.1608 | cls 1.5447 | tal -0.1552 | dual_g 1.6627 | dual_d 0.7223 | train_acc 0.9258 | train_full 0.9369 | val_acc 0.9470 | val_f1 0.9528 | grad(main/disc) 13.100/1.522 | lr(main/disc) 7.00e-05/3.50e-05 | 78.0s
2026-08-21 09:37:51 | New best val_f1_macro_present: 0.9528 at epoch 16
2026-08-21 09:39:14 | Epoch 017/100 | loss 3.1705 | cls 1.5800 | tal -0.1228 | dual_g 1.6273 | dual_d 0.7618 | train_acc 0.8984 | train_full 0.9803 | val_acc 0.9621 | val_f1 0.9563 | grad(main/disc) 13.545/1.532 | lr(main/disc) 7.00e-05/3.50e-05 | 82.6s
2026-08-21 09:39:14 | New best val_f1_macro_present: 0.9563 at epoch 17
2026-08-21 09:40:33 | Epoch 018/100 | loss 3.0916 | cls 1.5091 | tal -0.0961 | dual_g 1.6113 | dual_d 0.7455 | train_acc 0.9355 | train_full 0.9684 | val_acc 0.9470 | val_f1 0.9333 | grad(main/disc) 13.556/1.481 | lr(main/disc) 7.00e-05/3.50e-05 | 78.8s
2026-08-21 09:41:53 | Epoch 019/100 | loss 3.0212 | cls 1.4769 | tal -0.0915 | dual_g 1.5718 | dual_d 0.7778 | train_acc 0.9297 | train_full 0.9507 | val_acc 0.9470 | val_f1 0.9517 | grad(main/disc) 12.182/1.486 | lr(main/disc) 7.00e-05/3.50e-05 | 79.8s
2026-08-21 09:43:10 | Epoch 020/100 | loss 2.9918 | cls 1.4678 | tal -0.0444 | dual_g 1.5373 | dual_d 0.8070 | train_acc 0.9219 | train_full 0.9744 | val_acc 0.9621 | val_f1 0.9495 | grad(main/disc) 11.504/1.492 | lr(main/disc) 7.00e-05/3.50e-05 | 77.4s
2026-08-21 09:44:32 | Epoch 021/100 | loss 2.9461 | cls 1.4439 | tal -0.0735 | dual_g 1.5243 | dual_d 0.8122 | train_acc 0.9492 | train_full 0.9763 | val_acc 0.9697 | val_f1 0.9557 | grad(main/disc) 11.719/1.488 | lr(main/disc) 7.00e-05/3.50e-05 | 81.6s
2026-08-21 09:45:53 | Epoch 022/100 | loss 2.8652 | cls 1.4140 | tal -0.1016 | dual_g 1.4816 | dual_d 0.8503 | train_acc 0.9551 | train_full 0.9803 | val_acc 0.9621 | val_f1 0.9647 | grad(main/disc) 10.033/1.524 | lr(main/disc) 7.00e-05/3.50e-05 | 80.9s
2026-08-21 09:45:53 | New best val_f1_macro_present: 0.9647 at epoch 22
2026-08-21 09:47:12 | Epoch 023/100 | loss 2.8697 | cls 1.4165 | tal -0.1377 | dual_g 1.4945 | dual_d 0.8622 | train_acc 0.9590 | train_full 0.9921 | val_acc 0.9848 | val_f1 0.9830 | grad(main/disc) 10.176/1.508 | lr(main/disc) 7.00e-05/3.50e-05 | 79.0s
2026-08-21 09:47:13 | New best val_f1_macro_present: 0.9830 at epoch 23
2026-08-21 09:48:32 | Epoch 024/100 | loss 2.8657 | cls 1.4019 | tal -0.0859 | dual_g 1.4896 | dual_d 0.9049 | train_acc 0.9355 | train_full 0.9862 | val_acc 0.9848 | val_f1 0.9832 | grad(main/disc) 10.135/1.515 | lr(main/disc) 7.00e-05/3.50e-05 | 79.6s
2026-08-21 09:49:51 | Epoch 025/100 | loss 2.8644 | cls 1.3926 | tal -0.0309 | dual_g 1.4812 | dual_d 0.8918 | train_acc 0.9707 | train_full 0.9941 | val_acc 0.9773 | val_f1 0.9767 | grad(main/disc) 9.268/1.482 | lr(main/disc) 7.00e-05/3.50e-05 | 78.4s
2026-08-21 09:51:08 | Epoch 026/100 | loss 2.7654 | cls 1.3755 | tal -0.1339 | dual_g 1.4300 | dual_d 0.9698 | train_acc 0.9727 | train_full 0.9941 | val_acc 0.9697 | val_f1 0.9717 | grad(main/disc) 8.967/1.560 | lr(main/disc) 7.00e-05/3.50e-05 | 77.4s
2026-08-21 09:52:31 | Epoch 027/100 | loss 2.7521 | cls 1.3565 | tal -0.1508 | dual_g 1.4408 | dual_d 0.9589 | train_acc 0.9805 | train_full 0.9941 | val_acc 0.9773 | val_f1 0.9773 | grad(main/disc) 8.584/1.537 | lr(main/disc) 7.00e-05/3.50e-05 | 82.6s
2026-08-21 09:53:52 | Epoch 028/100 | loss 2.7220 | cls 1.3414 | tal -0.1045 | dual_g 1.4120 | dual_d 0.9974 | train_acc 0.9707 | train_full 0.9961 | val_acc 0.9773 | val_f1 0.9773 | grad(main/disc) 8.029/1.562 | lr(main/disc) 7.00e-05/3.50e-05 | 81.3s
2026-08-21 09:55:10 | Epoch 029/100 | loss 2.6601 | cls 1.3293 | tal -0.1612 | dual_g 1.3791 | dual_d 1.0155 | train_acc 0.9785 | train_full 0.9941 | val_acc 0.9697 | val_f1 0.9717 | grad(main/disc) 7.030/1.526 | lr(main/disc) 7.00e-05/3.50e-05 | 78.2s
2026-08-21 09:56:33 | Epoch 030/100 | loss 2.6591 | cls 1.3437 | tal -0.2728 | dual_g 1.3972 | dual_d 1.0212 | train_acc 0.9707 | train_full 0.9882 | val_acc 0.9394 | val_f1 0.9127 | grad(main/disc) 8.132/1.525 | lr(main/disc) 7.00e-05/3.50e-05 | 83.4s
2026-08-21 09:57:54 | Epoch 031/100 | loss 2.6409 | cls 1.3131 | tal -0.1528 | dual_g 1.3737 | dual_d 1.0478 | train_acc 0.9805 | train_full 0.9921 | val_acc 0.9773 | val_f1 0.9745 | grad(main/disc) 7.387/1.529 | lr(main/disc) 3.50e-05/1.75e-05 | 80.8s
2026-08-21 09:59:16 | Epoch 032/100 | loss 2.5887 | cls 1.2739 | tal -0.1095 | dual_g 1.3476 | dual_d 1.0795 | train_acc 0.9902 | train_full 0.9980 | val_acc 0.9848 | val_f1 0.9832 | grad(main/disc) 5.831/1.564 | lr(main/disc) 3.50e-05/1.75e-05 | 82.1s
2026-08-21 09:59:16 | Early stopping at epoch 32 after 9 epochs without val_f1_macro_present improvement.
2026-08-21 09:59:16 | Training complete. Best validation accuracy: 0.9848 | best val_f1_macro_present: 0.9830
