2026-08-20 17:48:09 | Starting Dual_D standalone training
2026-08-20 17:48:09 | Run directory: runs/module_c_ablation/module_c_full_雨天_iter01_20260820_171121
2026-08-20 17:48:09 | Device: cuda
2026-08-20 17:48:09 | Source train samples: 992
2026-08-20 17:48:09 | Target train samples: 96
2026-08-20 17:48:09 | Target val samples: 26
2026-08-20 17:48:09 | Classes: 14
2026-08-20 17:48:09 | Data audit: same_dir=False | path_overlap(vis/ir/ais)=0/0/0 | content_overlap(vis/ir/ais)=0/0/0 | ais_index_overlap=0 | stem_mismatch(vis-ir/vis-ais)=117/0
2026-08-20 17:48:09 | source_train classes: present 14/14 | absent 0 | counts [0:120, 1:44, 2:69, 3:45, 4:40, 5:30, 6:64, 7:80, 8:116, 9:68, 10:57, 11:83, 12:48, 13:128]
2026-08-20 17:48:09 | target_train classes: present 6/14 | absent 8 | counts [0:7, 2:19, 9:32, 10:12, 11:6, 13:20]
2026-08-20 17:48:09 | target_val classes: present 6/14 | absent 8 | counts [0:2, 2:5, 9:8, 10:4, 11:2, 13:5]
2026-08-20 17:48:09 | Paired training classes: 6/14 | class ids [0, 2, 9, 10, 11, 13]
2026-08-20 17:48:09 | VIS/IR pairing: class-level-unpaired | count-mismatch classes train/val: 10/0 | AIS alignment: none | AIS rows train/val: 0/0
2026-08-20 17:48:10 | Model parameters: total=17277714 | trainable=17120210
2026-08-20 17:48:30 | Epoch 001/100 | loss 10.1067 | cls 5.4480 | tal -0.2410 | dual_g 4.7311 | dual_d 0.0000 | train_acc 0.0703 | train_full 0.0521 | val_acc 0.1154 | val_f1 0.0952 | grad(main/disc) 33.657/0.000 | lr(main/disc) 7.00e-05/3.50e-05 | 20.7s
2026-08-20 17:48:30 | New best val_f1_macro_present: 0.0952 at epoch 1
2026-08-20 17:48:51 | Epoch 002/100 | loss 8.3902 | cls 4.4972 | tal -0.4347 | dual_g 4.0234 | dual_d 0.0000 | train_acc 0.1797 | train_full 0.2188 | val_acc 0.1538 | val_f1 0.1306 | grad(main/disc) 28.274/0.000 | lr(main/disc) 7.00e-05/3.50e-05 | 20.6s
2026-08-20 17:48:51 | New best val_f1_macro_present: 0.1306 at epoch 2
2026-08-20 17:49:12 | Epoch 003/100 | loss 7.5168 | cls 3.9583 | tal -0.3601 | dual_g 3.6665 | dual_d 0.0000 | train_acc 0.2812 | train_full 0.2396 | val_acc 0.2692 | val_f1 0.2894 | grad(main/disc) 25.442/0.000 | lr(main/disc) 7.00e-05/3.50e-05 | 20.7s
2026-08-20 17:49:12 | New best val_f1_macro_present: 0.2894 at epoch 3
2026-08-20 17:49:33 | Epoch 004/100 | loss 6.6316 | cls 3.5733 | tal -0.3564 | dual_g 3.1652 | dual_d 0.0000 | train_acc 0.3672 | train_full 0.2604 | val_acc 0.3846 | val_f1 0.3892 | grad(main/disc) 22.635/0.000 | lr(main/disc) 7.00e-05/3.50e-05 | 21.6s
2026-08-20 17:49:33 | New best val_f1_macro_present: 0.3892 at epoch 4
2026-08-20 17:49:55 | Epoch 005/100 | loss 6.1006 | cls 3.0802 | tal -0.2940 | dual_g 3.1087 | dual_d 0.0000 | train_acc 0.4844 | train_full 0.3333 | val_acc 0.3462 | val_f1 0.3562 | grad(main/disc) 20.928/0.000 | lr(main/disc) 7.00e-05/3.50e-05 | 21.7s
2026-08-20 17:50:15 | Epoch 006/100 | loss 5.6718 | cls 2.8980 | tal -0.2503 | dual_g 2.8489 | dual_d 0.7422 | train_acc 0.5000 | train_full 0.4167 | val_acc 0.3846 | val_f1 0.3770 | grad(main/disc) 19.045/1.803 | lr(main/disc) 7.00e-05/3.50e-05 | 20.1s
2026-08-20 17:50:36 | Epoch 007/100 | loss 5.5748 | cls 2.8702 | tal -0.2937 | dual_g 2.7927 | dual_d 0.8494 | train_acc 0.4766 | train_full 0.3958 | val_acc 0.3846 | val_f1 0.3800 | grad(main/disc) 20.931/1.926 | lr(main/disc) 7.00e-05/3.50e-05 | 20.5s
2026-08-20 17:50:55 | Epoch 008/100 | loss 5.0275 | cls 2.4985 | tal -0.2978 | dual_g 2.6184 | dual_d 0.8341 | train_acc 0.6562 | train_full 0.4062 | val_acc 0.3077 | val_f1 0.2066 | grad(main/disc) 17.325/1.929 | lr(main/disc) 7.00e-05/3.50e-05 | 19.4s
2026-08-20 17:51:17 | Epoch 009/100 | loss 4.9412 | cls 2.4908 | tal -0.2874 | dual_g 2.5367 | dual_d 0.7820 | train_acc 0.6328 | train_full 0.3125 | val_acc 0.3077 | val_f1 0.2148 | grad(main/disc) 17.763/1.794 | lr(main/disc) 7.00e-05/3.50e-05 | 21.8s
2026-08-20 17:51:38 | Epoch 010/100 | loss 4.5359 | cls 2.2549 | tal -0.3523 | dual_g 2.3867 | dual_d 0.7250 | train_acc 0.7422 | train_full 0.4375 | val_acc 0.3462 | val_f1 0.2747 | grad(main/disc) 16.153/1.676 | lr(main/disc) 7.00e-05/3.50e-05 | 20.6s
2026-08-20 17:51:57 | Epoch 011/100 | loss 4.4401 | cls 2.2093 | tal -0.2517 | dual_g 2.3064 | dual_d 0.8289 | train_acc 0.8125 | train_full 0.5312 | val_acc 0.4231 | val_f1 0.4360 | grad(main/disc) 16.662/1.867 | lr(main/disc) 7.00e-05/3.50e-05 | 19.8s
2026-08-20 17:51:57 | New best val_f1_macro_present: 0.4360 at epoch 11
2026-08-20 17:52:19 | Epoch 012/100 | loss 4.3039 | cls 2.1368 | tal -0.2832 | dual_g 2.2520 | dual_d 0.7728 | train_acc 0.7500 | train_full 0.6146 | val_acc 0.5769 | val_f1 0.6444 | grad(main/disc) 16.396/1.720 | lr(main/disc) 7.00e-05/3.50e-05 | 21.6s
2026-08-20 17:52:19 | New best val_f1_macro_present: 0.6444 at epoch 12
2026-08-20 17:52:41 | Epoch 013/100 | loss 4.0043 | cls 1.9537 | tal -0.3010 | dual_g 2.1410 | dual_d 0.7313 | train_acc 0.8359 | train_full 0.6979 | val_acc 0.6154 | val_f1 0.6723 | grad(main/disc) 15.598/1.653 | lr(main/disc) 7.00e-05/3.50e-05 | 21.8s
2026-08-20 17:52:41 | New best val_f1_macro_present: 0.6723 at epoch 13
2026-08-20 17:53:02 | Epoch 014/100 | loss 3.7682 | cls 1.8387 | tal -0.2949 | dual_g 2.0181 | dual_d 0.7406 | train_acc 0.8438 | train_full 0.6458 | val_acc 0.5000 | val_f1 0.5516 | grad(main/disc) 13.895/1.607 | lr(main/disc) 7.00e-05/3.50e-05 | 21.3s
2026-08-20 17:53:21 | Epoch 015/100 | loss 3.9682 | cls 1.9682 | tal -0.2322 | dual_g 2.0696 | dual_d 0.6947 | train_acc 0.8672 | train_full 0.6146 | val_acc 0.5000 | val_f1 0.5417 | grad(main/disc) 16.878/1.555 | lr(main/disc) 7.00e-05/3.50e-05 | 18.4s
2026-08-20 17:53:42 | Epoch 016/100 | loss 3.9174 | cls 1.9721 | tal -0.2382 | dual_g 2.0168 | dual_d 0.7313 | train_acc 0.8359 | train_full 0.6875 | val_acc 0.5385 | val_f1 0.5758 | grad(main/disc) 17.388/1.600 | lr(main/disc) 7.00e-05/3.50e-05 | 21.1s
2026-08-20 17:54:03 | Epoch 017/100 | loss 3.5588 | cls 1.6909 | tal -0.2749 | dual_g 1.9504 | dual_d 0.7873 | train_acc 0.8906 | train_full 0.8333 | val_acc 0.7308 | val_f1 0.7646 | grad(main/disc) 13.458/1.655 | lr(main/disc) 7.00e-05/3.50e-05 | 21.3s
2026-08-20 17:54:03 | New best val_f1_macro_present: 0.7646 at epoch 17
2026-08-20 17:54:24 | Epoch 018/100 | loss 3.5020 | cls 1.6912 | tal -0.2186 | dual_g 1.8764 | dual_d 0.8110 | train_acc 0.8750 | train_full 0.9167 | val_acc 0.8077 | val_f1 0.8558 | grad(main/disc) 14.571/1.646 | lr(main/disc) 7.00e-05/3.50e-05 | 21.2s
2026-08-20 17:54:24 | New best val_f1_macro_present: 0.8558 at epoch 18
2026-08-20 17:54:46 | Epoch 019/100 | loss 3.5391 | cls 1.7071 | tal -0.2220 | dual_g 1.8987 | dual_d 0.7103 | train_acc 0.9141 | train_full 0.9062 | val_acc 0.8846 | val_f1 0.8657 | grad(main/disc) 14.298/1.565 | lr(main/disc) 7.00e-05/3.50e-05 | 21.5s
2026-08-20 17:54:46 | New best val_f1_macro_present: 0.8657 at epoch 19
2026-08-20 17:55:09 | Epoch 020/100 | loss 3.4641 | cls 1.5958 | tal -0.0871 | dual_g 1.8944 | dual_d 0.7262 | train_acc 0.9531 | train_full 0.9479 | val_acc 0.9231 | val_f1 0.9111 | grad(main/disc) 13.482/1.628 | lr(main/disc) 7.00e-05/3.50e-05 | 22.9s
2026-08-20 17:55:09 | New best val_f1_macro_present: 0.9111 at epoch 20
2026-08-20 17:55:28 | Epoch 021/100 | loss 3.4666 | cls 1.6971 | tal -0.1221 | dual_g 1.8061 | dual_d 0.7544 | train_acc 0.8984 | train_full 0.9167 | val_acc 0.9231 | val_f1 0.9250 | grad(main/disc) 15.129/1.566 | lr(main/disc) 7.00e-05/3.50e-05 | 19.0s
2026-08-20 17:55:28 | New best val_f1_macro_present: 0.9250 at epoch 21
2026-08-20 17:55:49 | Epoch 022/100 | loss 3.2653 | cls 1.5701 | tal -0.1245 | dual_g 1.7326 | dual_d 0.7975 | train_acc 0.9375 | train_full 0.7292 | val_acc 0.6538 | val_f1 0.6606 | grad(main/disc) 12.832/1.647 | lr(main/disc) 7.00e-05/3.50e-05 | 21.2s
2026-08-20 17:56:09 | Epoch 023/100 | loss 3.3583 | cls 1.5438 | tal -0.0113 | dual_g 1.8179 | dual_d 0.7973 | train_acc 0.9844 | train_full 0.7396 | val_acc 0.6538 | val_f1 0.6633 | grad(main/disc) 12.301/1.703 | lr(main/disc) 7.00e-05/3.50e-05 | 20.0s
2026-08-20 17:56:32 | Epoch 024/100 | loss 3.1744 | cls 1.4688 | tal -0.1189 | dual_g 1.7413 | dual_d 0.8064 | train_acc 0.9453 | train_full 0.8021 | val_acc 0.7692 | val_f1 0.7865 | grad(main/disc) 10.987/1.651 | lr(main/disc) 7.00e-05/3.50e-05 | 22.7s
2026-08-20 17:56:52 | Epoch 025/100 | loss 3.2189 | cls 1.4821 | tal -0.1249 | dual_g 1.7742 | dual_d 0.7595 | train_acc 0.9609 | train_full 0.8750 | val_acc 0.7692 | val_f1 0.8100 | grad(main/disc) 12.919/1.567 | lr(main/disc) 7.00e-05/3.50e-05 | 20.6s
2026-08-20 17:57:14 | Epoch 026/100 | loss 3.1540 | cls 1.4788 | tal -0.1533 | dual_g 1.7211 | dual_d 0.7741 | train_acc 0.9766 | train_full 0.9167 | val_acc 0.8846 | val_f1 0.9122 | grad(main/disc) 12.239/1.621 | lr(main/disc) 7.00e-05/3.50e-05 | 22.2s
2026-08-20 17:57:36 | Epoch 027/100 | loss 3.1350 | cls 1.4773 | tal -0.2173 | dual_g 1.7229 | dual_d 0.8015 | train_acc 0.9766 | train_full 0.9271 | val_acc 0.9615 | val_f1 0.9630 | grad(main/disc) 13.207/1.624 | lr(main/disc) 7.00e-05/3.50e-05 | 21.1s
2026-08-20 17:57:36 | New best val_f1_macro_present: 0.9630 at epoch 27
2026-08-20 17:57:58 | Epoch 028/100 | loss 3.1245 | cls 1.5105 | tal -0.2404 | dual_g 1.6861 | dual_d 0.7829 | train_acc 0.9531 | train_full 0.8646 | val_acc 0.8462 | val_f1 0.8398 | grad(main/disc) 14.992/1.522 | lr(main/disc) 7.00e-05/3.50e-05 | 22.6s
2026-08-20 17:58:19 | Epoch 029/100 | loss 3.1025 | cls 1.4747 | tal -0.2433 | dual_g 1.7008 | dual_d 0.8218 | train_acc 0.9766 | train_full 0.8854 | val_acc 0.7692 | val_f1 0.7865 | grad(main/disc) 10.610/1.600 | lr(main/disc) 7.00e-05/3.50e-05 | 21.3s
2026-08-20 17:58:41 | Epoch 030/100 | loss 3.0836 | cls 1.4436 | tal -0.2769 | dual_g 1.7231 | dual_d 0.8526 | train_acc 0.9531 | train_full 0.9271 | val_acc 0.8846 | val_f1 0.8910 | grad(main/disc) 10.709/1.634 | lr(main/disc) 7.00e-05/3.50e-05 | 21.5s
2026-08-20 17:59:03 | Epoch 031/100 | loss 3.0607 | cls 1.4820 | tal -0.2878 | dual_g 1.6650 | dual_d 0.8048 | train_acc 0.9766 | train_full 0.9688 | val_acc 0.9231 | val_f1 0.9429 | grad(main/disc) 10.810/1.585 | lr(main/disc) 7.00e-05/3.50e-05 | 22.1s
2026-08-20 17:59:24 | Epoch 032/100 | loss 2.9905 | cls 1.3984 | tal -0.2315 | dual_g 1.6615 | dual_d 0.8195 | train_acc 0.9922 | train_full 0.9479 | val_acc 0.9615 | val_f1 0.9704 | grad(main/disc) 8.967/1.670 | lr(main/disc) 7.00e-05/3.50e-05 | 20.4s
2026-08-20 17:59:24 | New best val_f1_macro_present: 0.9704 at epoch 32
2026-08-20 17:59:46 | Epoch 033/100 | loss 2.9729 | cls 1.3779 | tal -0.1612 | dual_g 1.6433 | dual_d 0.8963 | train_acc 0.9922 | train_full 0.9167 | val_acc 0.9231 | val_f1 0.9148 | grad(main/disc) 8.910/1.714 | lr(main/disc) 7.00e-05/3.50e-05 | 22.1s
2026-08-20 18:00:07 | Epoch 034/100 | loss 3.0288 | cls 1.4277 | tal -0.1552 | dual_g 1.6477 | dual_d 0.9362 | train_acc 0.9766 | train_full 0.9167 | val_acc 0.9231 | val_f1 0.9148 | grad(main/disc) 10.340/1.771 | lr(main/disc) 7.00e-05/3.50e-05 | 21.8s
2026-08-20 18:00:29 | Epoch 035/100 | loss 2.9884 | cls 1.4158 | tal -0.1714 | dual_g 1.6241 | dual_d 0.8767 | train_acc 0.9766 | train_full 0.9271 | val_acc 0.9615 | val_f1 0.9663 | grad(main/disc) 9.883/1.680 | lr(main/disc) 7.00e-05/3.50e-05 | 21.5s
2026-08-20 18:00:49 | Epoch 036/100 | loss 2.9360 | cls 1.4017 | tal -0.2186 | dual_g 1.5998 | dual_d 0.8678 | train_acc 0.9844 | train_full 0.9792 | val_acc 0.9615 | val_f1 0.9663 | grad(main/disc) 9.221/1.605 | lr(main/disc) 7.00e-05/3.50e-05 | 20.4s
2026-08-20 18:01:11 | Epoch 037/100 | loss 2.9205 | cls 1.4233 | tal -0.1896 | dual_g 1.5541 | dual_d 0.9364 | train_acc 0.9688 | train_full 0.9688 | val_acc 0.9615 | val_f1 0.9663 | grad(main/disc) 9.240/1.720 | lr(main/disc) 7.00e-05/3.50e-05 | 22.0s
2026-08-20 18:01:33 | Epoch 038/100 | loss 3.0130 | cls 1.4167 | tal -0.0420 | dual_g 1.6089 | dual_d 0.7973 | train_acc 1.0000 | train_full 0.9792 | val_acc 0.9231 | val_f1 0.9429 | grad(main/disc) 11.021/1.585 | lr(main/disc) 7.00e-05/3.50e-05 | 21.5s
2026-08-20 18:01:55 | Epoch 039/100 | loss 2.8803 | cls 1.3678 | tal -0.1115 | dual_g 1.5460 | dual_d 0.8363 | train_acc 0.9922 | train_full 0.9375 | val_acc 0.8462 | val_f1 0.8824 | grad(main/disc) 8.214/1.517 | lr(main/disc) 3.50e-05/1.75e-05 | 22.1s
2026-08-20 18:02:16 | Epoch 040/100 | loss 2.9071 | cls 1.3706 | tal -0.0322 | dual_g 1.5461 | dual_d 0.8695 | train_acc 0.9844 | train_full 0.9271 | val_acc 0.8846 | val_f1 0.9092 | grad(main/disc) 7.864/1.643 | lr(main/disc) 3.50e-05/1.75e-05 | 21.0s
2026-08-20 18:02:35 | Epoch 041/100 | loss 2.9184 | cls 1.3956 | tal -0.1205 | dual_g 1.5589 | dual_d 0.8830 | train_acc 0.9844 | train_full 0.9167 | val_acc 0.9615 | val_f1 0.9663 | grad(main/disc) 10.269/1.626 | lr(main/disc) 3.50e-05/1.75e-05 | 18.6s
2026-08-20 18:02:35 | Early stopping at epoch 41 after 9 epochs without val_f1_macro_present improvement.
2026-08-20 18:02:35 | Training complete. Best validation accuracy: 0.9615 | best val_f1_macro_present: 0.9704
