usage: train_dual_d.py [-h] [--config CONFIG] [--dual-config DUAL_CONFIG]
                       [--source-root SOURCE_ROOT] [--target-root TARGET_ROOT]
                       [--target-parent-root TARGET_PARENT_ROOT]
                       [--target-domains TARGET_DOMAINS [TARGET_DOMAINS ...]]
                       [--iterations ITERATIONS] [--output-dir OUTPUT_DIR]
                       [--run-name RUN_NAME] [--train-phase TRAIN_PHASE]
                       [--val-phase VAL_PHASE]
                       [--source-layout {auto,modality_first,class_first}]
                       [--target-layout {auto,modality_first,class_first}]
                       [--vis-folder VIS_FOLDER] [--ir-folder IR_FOLDER]
                       [--ais-folder AIS_FOLDER] [--use-ais | --no-use-ais]
                       [--source-ais-root SOURCE_AIS_ROOT]
                       [--source-ais-data-path SOURCE_AIS_DATA_PATH]
                       [--target-ais-root TARGET_AIS_ROOT]
                       [--target-ais-data-path TARGET_AIS_DATA_PATH]
                       [--target-ais-parent-root TARGET_AIS_PARENT_ROOT]
                       [--ais-match {auto,stem,index}]
                       [--ais-sequence-length AIS_SEQUENCE_LENGTH]
                       [--ais-encoder {complex,mlp}]
                       [--ais-dropout AIS_DROPOUT]
                       [--ais-normalize | --no-ais-normalize]
                       [--epochs EPOCHS] [--batch-size BATCH_SIZE]
                       [--num-workers NUM_WORKERS] [--device DEVICE]
                       [--seed SEED] [--multi-gpu | --no-multi-gpu]
                       [--min-steps-per-epoch MIN_STEPS_PER_EPOCH]
                       [--image-size IMAGE_SIZE] [--resize-size RESIZE_SIZE]
                       [--augmentation-strength AUGMENTATION_STRENGTH]
                       [--synchronize-modalities | --no-synchronize-modalities]
                       [--feature-dim FEATURE_DIM] [--proj-dim PROJ_DIM]
                       [--pretrained-visual | --no-pretrained-visual]
                       [--freeze-visual-backbone | --no-freeze-visual-backbone]
                       [--val-augment | --no-val-augment]
                       [--label-smoothing LABEL_SMOOTHING]
                       [--classifier-dropout CLASSIFIER_DROPOUT]
                       [--target-classification-weight TARGET_CLASSIFICATION_WEIGHT]
                       [--tal-weight TAL_WEIGHT] [--lr-main LR_MAIN]
                       [--lr-visual LR_VISUAL]
                       [--lr-discriminator LR_DISCRIMINATOR]
                       [--weight-decay WEIGHT_DECAY] [--lr-factor LR_FACTOR]
                       [--lr-patience LR_PATIENCE] [--min-lr MIN_LR]
                       [--min-lr-discriminator MIN_LR_DISCRIMINATOR]
                       [--discriminator-update-interval DISCRIMINATOR_UPDATE_INTERVAL]
                       [--grad-clip GRAD_CLIP]
                       [--adversarial-warmup-epochs ADVERSARIAL_WARMUP_EPOCHS]
                       [--adversarial-ramp-epochs ADVERSARIAL_RAMP_EPOCHS]
                       [--monitor-metric {val_acc,val_f1_macro_present,val_loss}]
                       [--early-stopping-patience EARLY_STOPPING_PATIENCE]
                       [--early-stopping-min-epochs EARLY_STOPPING_MIN_EPOCHS]
                       [--early-stopping-min-delta EARLY_STOPPING_MIN_DELTA]
                       [--train-eval-interval TRAIN_EVAL_INTERVAL]
                       [--data-audit-hashes | --no-data-audit-hashes]
                       [--strict-data-audit | --no-strict-data-audit]
                       [--eval-feature-mode {raw,source_like,residual}]
                       [--save-checkpoints | --no-save-checkpoints]
train_dual_d.py: error: unrecognized arguments:  
usage: train_dual_d.py [-h] [--config CONFIG] [--dual-config DUAL_CONFIG]
                       [--source-root SOURCE_ROOT] [--target-root TARGET_ROOT]
                       [--target-parent-root TARGET_PARENT_ROOT]
                       [--target-domains TARGET_DOMAINS [TARGET_DOMAINS ...]]
                       [--iterations ITERATIONS] [--output-dir OUTPUT_DIR]
                       [--run-name RUN_NAME] [--train-phase TRAIN_PHASE]
                       [--val-phase VAL_PHASE]
                       [--source-layout {auto,modality_first,class_first}]
                       [--target-layout {auto,modality_first,class_first}]
                       [--vis-folder VIS_FOLDER] [--ir-folder IR_FOLDER]
                       [--ais-folder AIS_FOLDER] [--use-ais | --no-use-ais]
                       [--source-ais-root SOURCE_AIS_ROOT]
                       [--source-ais-data-path SOURCE_AIS_DATA_PATH]
                       [--target-ais-root TARGET_AIS_ROOT]
                       [--target-ais-data-path TARGET_AIS_DATA_PATH]
                       [--target-ais-parent-root TARGET_AIS_PARENT_ROOT]
                       [--ais-match {auto,stem,index}]
                       [--ais-sequence-length AIS_SEQUENCE_LENGTH]
                       [--ais-encoder {complex,mlp}]
                       [--ais-dropout AIS_DROPOUT]
                       [--ais-normalize | --no-ais-normalize]
                       [--epochs EPOCHS] [--batch-size BATCH_SIZE]
                       [--num-workers NUM_WORKERS] [--device DEVICE]
                       [--seed SEED] [--multi-gpu | --no-multi-gpu]
                       [--min-steps-per-epoch MIN_STEPS_PER_EPOCH]
                       [--image-size IMAGE_SIZE] [--resize-size RESIZE_SIZE]
                       [--augmentation-strength AUGMENTATION_STRENGTH]
                       [--synchronize-modalities | --no-synchronize-modalities]
                       [--feature-dim FEATURE_DIM] [--proj-dim PROJ_DIM]
                       [--pretrained-visual | --no-pretrained-visual]
                       [--freeze-visual-backbone | --no-freeze-visual-backbone]
                       [--val-augment | --no-val-augment]
                       [--label-smoothing LABEL_SMOOTHING]
                       [--classifier-dropout CLASSIFIER_DROPOUT]
                       [--target-classification-weight TARGET_CLASSIFICATION_WEIGHT]
                       [--tal-weight TAL_WEIGHT] [--lr-main LR_MAIN]
                       [--lr-visual LR_VISUAL]
                       [--lr-discriminator LR_DISCRIMINATOR]
                       [--weight-decay WEIGHT_DECAY] [--lr-factor LR_FACTOR]
                       [--lr-patience LR_PATIENCE] [--min-lr MIN_LR]
                       [--min-lr-discriminator MIN_LR_DISCRIMINATOR]
                       [--discriminator-update-interval DISCRIMINATOR_UPDATE_INTERVAL]
                       [--grad-clip GRAD_CLIP]
                       [--adversarial-warmup-epochs ADVERSARIAL_WARMUP_EPOCHS]
                       [--adversarial-ramp-epochs ADVERSARIAL_RAMP_EPOCHS]
                       [--monitor-metric {val_acc,val_f1_macro_present,val_loss}]
                       [--early-stopping-patience EARLY_STOPPING_PATIENCE]
                       [--early-stopping-min-epochs EARLY_STOPPING_MIN_EPOCHS]
                       [--early-stopping-min-delta EARLY_STOPPING_MIN_DELTA]
                       [--train-eval-interval TRAIN_EVAL_INTERVAL]
                       [--data-audit-hashes | --no-data-audit-hashes]
                       [--strict-data-audit | --no-strict-data-audit]
                       [--eval-feature-mode {raw,source_like,residual}]
                       [--save-checkpoints | --no-save-checkpoints]
train_dual_d.py: error: unrecognized arguments:  
