nohup: 忽略输入
/home/lixiang/envs/lx_pytorch/lib/python3.11/site-packages/torch/cuda/__init__.py:1061: UserWarning: Can't initialize NVML
  raw_cnt = _raw_device_count_nvml()
2026-08-20 20:41:57 | Starting Dual_D standalone training
2026-08-20 20:41:57 | Run directory: runs/dual_d_逆光_iter01_20260820_204156
2026-08-20 20:41:57 | Device: cuda
2026-08-20 20:41:57 | Source train samples: 992
2026-08-20 20:41:57 | Target train samples: 132
2026-08-20 20:41:57 | Target val samples: 37
2026-08-20 20:41:57 | Classes: 14
2026-08-20 20:41:57 | Data audit: same_dir=False | path_overlap(vis/ir/ais)=0/0/0 | content_overlap(vis/ir/ais)=0/0/0 | ais_index_overlap=0 | stem_mismatch(vis-ir/vis-ais)=157/0
2026-08-20 20:41:57 | source_train classes: present 14/14 | absent 0 | counts [0:120, 1:44, 2:69, 3:45, 4:40, 5:30, 6:64, 7:80, 8:116, 9:68, 10:57, 11:83, 12:48, 13:128]
2026-08-20 20:41:57 | target_train classes: present 9/14 | absent 5 | counts [0:20, 2:12, 4:12, 5:2, 9:16, 10:16, 11:29, 12:4, 13:21]
2026-08-20 20:41:57 | target_val classes: present 9/14 | absent 5 | counts [0:6, 2:3, 4:4, 5:1, 9:4, 10:4, 11:8, 12:1, 13:6]
2026-08-20 20:41:57 | Paired training classes: 9/14 | class ids [0, 2, 4, 5, 9, 10, 11, 12, 13]
2026-08-20 20:41:57 | VIS/IR pairing: class-level-unpaired | count-mismatch classes train/val: 10/1 | AIS alignment: none | AIS rows train/val: 0/0
2026-08-20 20:41:58 | Model parameters: total=17277714 | trainable=17120210
Starting run 1/6: domain=逆光, iteration=1, seed=42
2026-08-20 20:42:24 | Epoch 001/100 | loss 11.2092 | cls 5.8619 | tal 0.3606 | dual_g 5.2391 | dual_d 0.0000 | train_acc 0.0625 | train_full 0.0303 | val_acc 0.0000 | val_f1 0.0000 | grad(main/disc) 33.787/0.000 | lr(main/disc) 7.00e-05/3.50e-05 | 26.7s
2026-08-20 20:42:24 | New best val_f1_macro_present: 0.0000 at epoch 1
2026-08-20 20:43:09 | Epoch 002/100 | loss 9.3725 | cls 4.9207 | tal 0.4549 | dual_g 4.3153 | dual_d 0.0000 | train_acc 0.1187 | train_full 0.1364 | val_acc 0.0270 | val_f1 0.0139 | grad(main/disc) 28.203/0.000 | lr(main/disc) 7.00e-05/3.50e-05 | 44.8s
2026-08-20 20:43:09 | New best val_f1_macro_present: 0.0139 at epoch 2
2026-08-20 20:44:13 | Epoch 003/100 | loss 7.9321 | cls 4.0198 | tal 0.3894 | dual_g 3.7954 | dual_d 0.0000 | train_acc 0.2500 | train_full 0.2424 | val_acc 0.1622 | val_f1 0.1759 | grad(main/disc) 25.336/0.000 | lr(main/disc) 7.00e-05/3.50e-05 | 64.1s
2026-08-20 20:44:13 | New best val_f1_macro_present: 0.1759 at epoch 3
2026-08-20 20:45:17 | Epoch 004/100 | loss 7.3989 | cls 3.7318 | tal 0.3559 | dual_g 3.5603 | dual_d 0.0000 | train_acc 0.3000 | train_full 0.4242 | val_acc 0.3514 | val_f1 0.3085 | grad(main/disc) 23.767/0.000 | lr(main/disc) 7.00e-05/3.50e-05 | 64.2s
2026-08-20 20:45:17 | New best val_f1_macro_present: 0.3085 at epoch 4
2026-08-20 20:46:21 | Epoch 005/100 | loss 7.1206 | cls 3.5942 | tal 0.4035 | dual_g 3.4053 | dual_d 0.0000 | train_acc 0.3937 | train_full 0.7197 | val_acc 0.5676 | val_f1 0.5276 | grad(main/disc) 22.338/0.000 | lr(main/disc) 7.00e-05/3.50e-05 | 63.7s
2026-08-20 20:46:21 | New best val_f1_macro_present: 0.5276 at epoch 5
2026-08-20 20:47:26 | Epoch 006/100 | loss 6.4752 | cls 3.2683 | tal 0.4241 | dual_g 3.0797 | dual_d 0.9002 | train_acc 0.4875 | train_full 0.8561 | val_acc 0.8649 | val_f1 0.7842 | grad(main/disc) 20.977/2.287 | lr(main/disc) 7.00e-05/3.50e-05 | 64.8s
2026-08-20 20:47:26 | New best val_f1_macro_present: 0.7842 at epoch 6
2026-08-20 20:48:30 | Epoch 007/100 | loss 6.1379 | cls 3.0230 | tal 0.4340 | dual_g 2.9847 | dual_d 0.9679 | train_acc 0.5312 | train_full 0.9242 | val_acc 0.8919 | val_f1 0.8140 | grad(main/disc) 20.199/2.359 | lr(main/disc) 7.00e-05/3.50e-05 | 64.5s
2026-08-20 20:48:30 | New best val_f1_macro_present: 0.8140 at epoch 7
2026-08-20 20:49:34 | Epoch 008/100 | loss 6.0107 | cls 2.9239 | tal 0.4814 | dual_g 2.9423 | dual_d 0.8940 | train_acc 0.5375 | train_full 0.9091 | val_acc 0.8378 | val_f1 0.7619 | grad(main/disc) 21.468/2.044 | lr(main/disc) 7.00e-05/3.50e-05 | 64.2s
2026-08-20 20:50:40 | Epoch 009/100 | loss 5.5512 | cls 2.7720 | tal 0.3167 | dual_g 2.6842 | dual_d 0.8543 | train_acc 0.6250 | train_full 0.9242 | val_acc 0.8649 | val_f1 0.8880 | grad(main/disc) 19.619/2.014 | lr(main/disc) 7.00e-05/3.50e-05 | 66.1s
2026-08-20 20:50:40 | New best val_f1_macro_present: 0.8880 at epoch 9
2026-08-20 20:51:44 | Epoch 010/100 | loss 5.3358 | cls 2.6010 | tal 0.3736 | dual_g 2.6228 | dual_d 0.8582 | train_acc 0.6250 | train_full 0.9545 | val_acc 0.9189 | val_f1 0.9307 | grad(main/disc) 19.324/1.923 | lr(main/disc) 7.00e-05/3.50e-05 | 63.6s
2026-08-20 20:51:44 | New best val_f1_macro_present: 0.9307 at epoch 10
2026-08-20 20:52:50 | Epoch 011/100 | loss 5.0504 | cls 2.5296 | tal 0.3254 | dual_g 2.4231 | dual_d 0.7917 | train_acc 0.6687 | train_full 0.9470 | val_acc 0.8649 | val_f1 0.8840 | grad(main/disc) 17.747/1.866 | lr(main/disc) 7.00e-05/3.50e-05 | 65.5s
2026-08-20 20:53:56 | Epoch 012/100 | loss 4.8008 | cls 2.2572 | tal 0.3320 | dual_g 2.4440 | dual_d 0.8041 | train_acc 0.7625 | train_full 0.9091 | val_acc 0.9730 | val_f1 0.9756 | grad(main/disc) 18.157/1.894 | lr(main/disc) 7.00e-05/3.50e-05 | 66.2s
2026-08-20 20:53:56 | New best val_f1_macro_present: 0.9756 at epoch 12
2026-08-20 20:55:00 | Epoch 013/100 | loss 4.7836 | cls 2.2869 | tal 0.3391 | dual_g 2.3950 | dual_d 0.8102 | train_acc 0.7375 | train_full 0.9318 | val_acc 0.9189 | val_f1 0.9364 | grad(main/disc) 18.806/1.872 | lr(main/disc) 7.00e-05/3.50e-05 | 64.1s
2026-08-20 20:56:04 | Epoch 014/100 | loss 4.3136 | cls 1.9919 | tal 0.3286 | dual_g 2.2231 | dual_d 0.8162 | train_acc 0.8187 | train_full 0.9621 | val_acc 0.9459 | val_f1 0.9596 | grad(main/disc) 16.223/1.847 | lr(main/disc) 7.00e-05/3.50e-05 | 64.0s
2026-08-20 20:57:08 | Epoch 015/100 | loss 4.4791 | cls 2.0897 | tal 0.3051 | dual_g 2.2979 | dual_d 0.8589 | train_acc 0.7562 | train_full 0.9470 | val_acc 0.9189 | val_f1 0.9335 | grad(main/disc) 20.053/1.933 | lr(main/disc) 7.00e-05/3.50e-05 | 64.0s
2026-08-20 20:58:13 | Epoch 016/100 | loss 4.4896 | cls 2.1073 | tal 0.3391 | dual_g 2.2806 | dual_d 0.8315 | train_acc 0.7500 | train_full 0.9924 | val_acc 0.9189 | val_f1 0.9335 | grad(main/disc) 19.664/1.793 | lr(main/disc) 7.00e-05/3.50e-05 | 65.2s
2026-08-20 20:59:18 | Epoch 017/100 | loss 4.1950 | cls 2.0647 | tal 0.3508 | dual_g 2.0250 | dual_d 0.8076 | train_acc 0.8375 | train_full 0.9848 | val_acc 1.0000 | val_f1 1.0000 | grad(main/disc) 16.783/1.750 | lr(main/disc) 7.00e-05/3.50e-05 | 65.4s
2026-08-20 20:59:18 | New best val_f1_macro_present: 1.0000 at epoch 17
2026-08-20 21:00:23 | Epoch 018/100 | loss 4.0252 | cls 1.9663 | tal 0.3298 | dual_g 1.9599 | dual_d 0.7965 | train_acc 0.8187 | train_full 0.9848 | val_acc 0.9730 | val_f1 0.9756 | grad(main/disc) 16.875/1.781 | lr(main/disc) 7.00e-05/3.50e-05 | 64.5s
2026-08-20 21:01:26 | Epoch 019/100 | loss 3.8506 | cls 1.8104 | tal 0.3218 | dual_g 1.9437 | dual_d 0.8286 | train_acc 0.8875 | train_full 1.0000 | val_acc 1.0000 | val_f1 1.0000 | grad(main/disc) 16.192/1.873 | lr(main/disc) 7.00e-05/3.50e-05 | 62.9s
2026-08-20 21:02:31 | Epoch 020/100 | loss 3.6538 | cls 1.7171 | tal 0.2675 | dual_g 1.8564 | dual_d 0.7977 | train_acc 0.9000 | train_full 0.9394 | val_acc 0.8919 | val_f1 0.8867 | grad(main/disc) 16.341/1.747 | lr(main/disc) 7.00e-05/3.50e-05 | 65.6s
2026-08-20 21:03:38 | Epoch 021/100 | loss 3.7557 | cls 1.7617 | tal 0.2511 | dual_g 1.9186 | dual_d 0.8222 | train_acc 0.8500 | train_full 0.9924 | val_acc 0.9730 | val_f1 0.9802 | grad(main/disc) 15.837/1.771 | lr(main/disc) 7.00e-05/3.50e-05 | 66.5s
2026-08-20 21:04:45 | Epoch 022/100 | loss 3.7343 | cls 1.7304 | tal 0.2986 | dual_g 1.9143 | dual_d 0.7585 | train_acc 0.8562 | train_full 0.9924 | val_acc 0.9459 | val_f1 0.9558 | grad(main/disc) 17.355/1.646 | lr(main/disc) 7.00e-05/3.50e-05 | 66.9s
2026-08-20 21:05:52 | Epoch 023/100 | loss 3.5820 | cls 1.6564 | tal 0.2337 | dual_g 1.8556 | dual_d 0.7593 | train_acc 0.8750 | train_full 0.9924 | val_acc 1.0000 | val_f1 1.0000 | grad(main/disc) 14.597/1.713 | lr(main/disc) 7.00e-05/3.50e-05 | 67.3s
2026-08-20 21:06:56 | Epoch 024/100 | loss 3.7541 | cls 1.8006 | tal 0.2635 | dual_g 1.8744 | dual_d 0.7969 | train_acc 0.8750 | train_full 0.9924 | val_acc 1.0000 | val_f1 1.0000 | grad(main/disc) 16.324/1.741 | lr(main/disc) 3.50e-05/1.75e-05 | 64.4s
2026-08-20 21:08:02 | Epoch 025/100 | loss 3.4602 | cls 1.6148 | tal 0.2264 | dual_g 1.7774 | dual_d 0.8441 | train_acc 0.9000 | train_full 1.0000 | val_acc 1.0000 | val_f1 1.0000 | grad(main/disc) 14.799/1.706 | lr(main/disc) 3.50e-05/1.75e-05 | 65.2s
2026-08-20 21:09:06 | Epoch 026/100 | loss 3.5409 | cls 1.6686 | tal 0.2241 | dual_g 1.8050 | dual_d 0.8210 | train_acc 0.9062 | train_full 1.0000 | val_acc 1.0000 | val_f1 1.0000 | grad(main/disc) 16.019/1.703 | lr(main/disc) 3.50e-05/1.75e-05 | 64.8s
2026-08-20 21:09:06 | Early stopping at epoch 26 after 9 epochs without val_f1_macro_present improvement.
2026-08-20 21:09:06 | Training complete. Best validation accuracy: 1.0000 | best val_f1_macro_present: 1.0000
2026-08-20 21:09:06 | Starting Dual_D standalone training
2026-08-20 21:09:06 | Run directory: runs/dual_d_逆光_iter02_20260820_204156
2026-08-20 21:09:06 | Device: cuda
2026-08-20 21:09:07 | Source train samples: 992
2026-08-20 21:09:07 | Target train samples: 132
2026-08-20 21:09:07 | Target val samples: 37
2026-08-20 21:09:07 | Classes: 14
2026-08-20 21:09:07 | Data audit: same_dir=False | path_overlap(vis/ir/ais)=0/0/0 | content_overlap(vis/ir/ais)=0/0/0 | ais_index_overlap=0 | stem_mismatch(vis-ir/vis-ais)=157/0
2026-08-20 21:09:07 | source_train classes: present 14/14 | absent 0 | counts [0:120, 1:44, 2:69, 3:45, 4:40, 5:30, 6:64, 7:80, 8:116, 9:68, 10:57, 11:83, 12:48, 13:128]
2026-08-20 21:09:07 | target_train classes: present 9/14 | absent 5 | counts [0:20, 2:12, 4:12, 5:2, 9:16, 10:16, 11:29, 12:4, 13:21]
2026-08-20 21:09:07 | target_val classes: present 9/14 | absent 5 | counts [0:6, 2:3, 4:4, 5:1, 9:4, 10:4, 11:8, 12:1, 13:6]
2026-08-20 21:09:07 | Paired training classes: 9/14 | class ids [0, 2, 4, 5, 9, 10, 11, 12, 13]
2026-08-20 21:09:07 | VIS/IR pairing: class-level-unpaired | count-mismatch classes train/val: 10/1 | AIS alignment: none | AIS rows train/val: 0/0
2026-08-20 21:09:08 | Model parameters: total=17277714 | trainable=17120210
Starting run 2/6: domain=逆光, iteration=2, seed=43
2026-08-20 21:10:14 | Epoch 001/100 | loss 11.0444 | cls 5.7726 | tal 0.2286 | dual_g 5.2032 | dual_d 0.0000 | train_acc 0.0938 | train_full 0.2273 | val_acc 0.2162 | val_f1 0.0480 | grad(main/disc) 33.151/0.000 | lr(main/disc) 7.00e-05/3.50e-05 | 65.3s
2026-08-20 21:10:14 | New best val_f1_macro_present: 0.0480 at epoch 1
2026-08-20 21:11:21 | Epoch 002/100 | loss 9.4215 | cls 4.8892 | tal 0.2283 | dual_g 4.4639 | dual_d 0.0000 | train_acc 0.0875 | train_full 0.2727 | val_acc 0.2703 | val_f1 0.1232 | grad(main/disc) 28.058/0.000 | lr(main/disc) 7.00e-05/3.50e-05 | 67.1s
2026-08-20 21:11:21 | New best val_f1_macro_present: 0.1232 at epoch 2
2026-08-20 21:12:30 | Epoch 003/100 | loss 8.2566 | cls 4.2530 | tal 0.2785 | dual_g 3.9200 | dual_d 0.0000 | train_acc 0.1938 | train_full 0.2273 | val_acc 0.2162 | val_f1 0.2013 | grad(main/disc) 23.905/0.000 | lr(main/disc) 7.00e-05/3.50e-05 | 69.4s
2026-08-20 21:12:30 | New best val_f1_macro_present: 0.2013 at epoch 3
2026-08-20 21:13:35 | Epoch 004/100 | loss 7.6671 | cls 3.9169 | tal 0.3531 | dual_g 3.6442 | dual_d 0.0000 | train_acc 0.2875 | train_full 0.3409 | val_acc 0.3243 | val_f1 0.2915 | grad(main/disc) 22.095/0.000 | lr(main/disc) 7.00e-05/3.50e-05 | 64.8s
2026-08-20 21:13:35 | New best val_f1_macro_present: 0.2915 at epoch 4
2026-08-20 21:14:39 | Epoch 005/100 | loss 6.8859 | cls 3.5211 | tal 0.1410 | dual_g 3.3226 | dual_d 0.0000 | train_acc 0.4125 | train_full 0.5227 | val_acc 0.5135 | val_f1 0.4599 | grad(main/disc) 20.454/0.000 | lr(main/disc) 7.00e-05/3.50e-05 | 64.2s
2026-08-20 21:14:39 | New best val_f1_macro_present: 0.4599 at epoch 5
2026-08-20 21:15:44 | Epoch 006/100 | loss 6.7099 | cls 3.3216 | tal 0.2115 | dual_g 3.3249 | dual_d 0.9099 | train_acc 0.4500 | train_full 0.7424 | val_acc 0.7027 | val_f1 0.7616 | grad(main/disc) 21.019/2.158 | lr(main/disc) 7.00e-05/3.50e-05 | 65.0s
2026-08-20 21:15:44 | New best val_f1_macro_present: 0.7616 at epoch 6
2026-08-20 21:16:47 | Epoch 007/100 | loss 6.3010 | cls 3.2110 | tal 0.2458 | dual_g 3.0164 | dual_d 0.9285 | train_acc 0.4437 | train_full 0.6894 | val_acc 0.5946 | val_f1 0.6197 | grad(main/disc) 20.138/2.098 | lr(main/disc) 7.00e-05/3.50e-05 | 63.0s
2026-08-20 21:17:51 | Epoch 008/100 | loss 6.2877 | cls 3.1897 | tal 0.2571 | dual_g 3.0209 | dual_d 0.9858 | train_acc 0.4688 | train_full 0.7955 | val_acc 0.8378 | val_f1 0.8375 | grad(main/disc) 20.417/2.122 | lr(main/disc) 7.00e-05/3.50e-05 | 63.6s
2026-08-20 21:17:51 | New best val_f1_macro_present: 0.8375 at epoch 8
2026-08-20 21:18:56 | Epoch 009/100 | loss 5.7453 | cls 2.8861 | tal 0.2827 | dual_g 2.7743 | dual_d 0.8580 | train_acc 0.4875 | train_full 0.8333 | val_acc 0.7568 | val_f1 0.7569 | grad(main/disc) 18.039/1.899 | lr(main/disc) 7.00e-05/3.50e-05 | 64.8s
2026-08-20 21:20:00 | Epoch 010/100 | loss 5.4198 | cls 2.7905 | tal 0.1663 | dual_g 2.5794 | dual_d 0.9202 | train_acc 0.5563 | train_full 0.8788 | val_acc 0.8919 | val_f1 0.9026 | grad(main/disc) 17.631/1.952 | lr(main/disc) 7.00e-05/3.50e-05 | 64.6s
2026-08-20 21:20:00 | New best val_f1_macro_present: 0.9026 at epoch 10
2026-08-20 21:21:05 | Epoch 011/100 | loss 5.2813 | cls 2.6657 | tal 0.1877 | dual_g 2.5593 | dual_d 0.9313 | train_acc 0.5687 | train_full 0.8561 | val_acc 0.8919 | val_f1 0.8710 | grad(main/disc) 18.071/1.960 | lr(main/disc) 7.00e-05/3.50e-05 | 65.1s
2026-08-20 21:22:10 | Epoch 012/100 | loss 5.0190 | cls 2.4571 | tal 0.2026 | dual_g 2.5011 | dual_d 0.8993 | train_acc 0.6375 | train_full 0.8788 | val_acc 0.8378 | val_f1 0.8200 | grad(main/disc) 19.270/1.959 | lr(main/disc) 7.00e-05/3.50e-05 | 64.2s
2026-08-20 21:23:15 | Epoch 013/100 | loss 4.6630 | cls 2.2443 | tal 0.0766 | dual_g 2.3957 | dual_d 0.8782 | train_acc 0.7063 | train_full 0.9091 | val_acc 0.8919 | val_f1 0.9019 | grad(main/disc) 17.823/1.825 | lr(main/disc) 7.00e-05/3.50e-05 | 65.4s
2026-08-20 21:24:23 | Epoch 014/100 | loss 4.5539 | cls 2.2223 | tal 0.1312 | dual_g 2.2922 | dual_d 0.8443 | train_acc 0.7000 | train_full 0.9394 | val_acc 0.9459 | val_f1 0.9533 | grad(main/disc) 17.914/1.765 | lr(main/disc) 7.00e-05/3.50e-05 | 67.6s
2026-08-20 21:24:23 | New best val_f1_macro_present: 0.9533 at epoch 14
2026-08-20 21:25:25 | Epoch 015/100 | loss 4.5604 | cls 2.1704 | tal 0.1659 | dual_g 2.3402 | dual_d 0.8276 | train_acc 0.7063 | train_full 0.9470 | val_acc 0.9189 | val_f1 0.9335 | grad(main/disc) 17.525/1.675 | lr(main/disc) 7.00e-05/3.50e-05 | 62.6s
2026-08-20 21:26:55 | Epoch 016/100 | loss 4.4572 | cls 2.0958 | tal 0.1677 | dual_g 2.3111 | dual_d 0.9023 | train_acc 0.7375 | train_full 0.9242 | val_acc 0.9189 | val_f1 0.9335 | grad(main/disc) 20.272/1.801 | lr(main/disc) 7.00e-05/3.50e-05 | 89.9s
2026-08-20 21:28:52 | Epoch 017/100 | loss 4.4084 | cls 2.1998 | tal 0.1209 | dual_g 2.1724 | dual_d 0.9307 | train_acc 0.7937 | train_full 0.9091 | val_acc 0.9189 | val_f1 0.9088 | grad(main/disc) 17.362/1.873 | lr(main/disc) 7.00e-05/3.50e-05 | 116.6s
2026-08-20 21:30:45 | Epoch 018/100 | loss 4.1024 | cls 1.9689 | tal 0.0934 | dual_g 2.1054 | dual_d 0.8334 | train_acc 0.8562 | train_full 0.9318 | val_acc 0.9459 | val_f1 0.9558 | grad(main/disc) 15.994/1.688 | lr(main/disc) 7.00e-05/3.50e-05 | 112.9s
2026-08-20 21:30:45 | New best val_f1_macro_present: 0.9558 at epoch 18
2026-08-20 21:32:42 | Epoch 019/100 | loss 3.9184 | cls 1.9180 | tal 0.0298 | dual_g 1.9915 | dual_d 0.8517 | train_acc 0.8125 | train_full 0.9167 | val_acc 0.9730 | val_f1 0.9756 | grad(main/disc) 15.132/1.699 | lr(main/disc) 7.00e-05/3.50e-05 | 117.4s
2026-08-20 21:32:42 | New best val_f1_macro_present: 0.9756 at epoch 19
2026-08-20 21:34:35 | Epoch 020/100 | loss 3.9302 | cls 1.9033 | tal -0.0176 | dual_g 2.0322 | dual_d 0.7841 | train_acc 0.7937 | train_full 0.9470 | val_acc 0.9730 | val_f1 0.9683 | grad(main/disc) 16.183/1.588 | lr(main/disc) 7.00e-05/3.50e-05 | 113.2s
2026-08-20 21:36:28 | Epoch 021/100 | loss 3.7461 | cls 1.8362 | tal -0.0052 | dual_g 1.9115 | dual_d 0.8753 | train_acc 0.8688 | train_full 0.9848 | val_acc 0.9459 | val_f1 0.9485 | grad(main/disc) 16.073/1.618 | lr(main/disc) 7.00e-05/3.50e-05 | 113.3s
2026-08-20 21:38:25 | Epoch 022/100 | loss 3.6058 | cls 1.7174 | tal -0.0697 | dual_g 1.9093 | dual_d 0.8787 | train_acc 0.8938 | train_full 0.9773 | val_acc 0.8919 | val_f1 0.8880 | grad(main/disc) 14.047/1.708 | lr(main/disc) 7.00e-05/3.50e-05 | 116.5s
2026-08-20 21:40:21 | Epoch 023/100 | loss 3.6927 | cls 1.8034 | tal -0.0406 | dual_g 1.9015 | dual_d 0.7997 | train_acc 0.8500 | train_full 0.9697 | val_acc 0.9459 | val_f1 0.9558 | grad(main/disc) 15.798/1.596 | lr(main/disc) 7.00e-05/3.50e-05 | 115.7s
2026-08-20 21:42:12 | Epoch 024/100 | loss 3.5746 | cls 1.7432 | tal -0.0837 | dual_g 1.8566 | dual_d 0.9076 | train_acc 0.8812 | train_full 0.9924 | val_acc 0.9730 | val_f1 0.9683 | grad(main/disc) 14.738/1.701 | lr(main/disc) 7.00e-05/3.50e-05 | 111.5s
2026-08-20 21:44:08 | Epoch 025/100 | loss 3.5251 | cls 1.6916 | tal 0.0161 | dual_g 1.8286 | dual_d 0.9331 | train_acc 0.8812 | train_full 0.9545 | val_acc 0.9459 | val_f1 0.9533 | grad(main/disc) 13.269/1.655 | lr(main/disc) 7.00e-05/3.50e-05 | 116.1s
2026-08-20 21:46:07 | Epoch 026/100 | loss 3.4024 | cls 1.6483 | tal -0.0739 | dual_g 1.7763 | dual_d 0.9538 | train_acc 0.8812 | train_full 0.9848 | val_acc 0.9189 | val_f1 0.9335 | grad(main/disc) 13.223/1.621 | lr(main/disc) 3.50e-05/1.75e-05 | 118.8s
2026-08-20 21:48:01 | Epoch 027/100 | loss 3.5331 | cls 1.6676 | tal 0.0068 | dual_g 1.8634 | dual_d 0.8481 | train_acc 0.9500 | train_full 1.0000 | val_acc 0.9459 | val_f1 0.9578 | grad(main/disc) 14.519/1.535 | lr(main/disc) 3.50e-05/1.75e-05 | 113.9s
2026-08-20 21:49:57 | Epoch 028/100 | loss 3.3768 | cls 1.6050 | tal -0.0200 | dual_g 1.7778 | dual_d 0.9079 | train_acc 0.9313 | train_full 1.0000 | val_acc 0.9459 | val_f1 0.9578 | grad(main/disc) 13.358/1.559 | lr(main/disc) 3.50e-05/1.75e-05 | 115.8s
2026-08-20 21:49:57 | Early stopping at epoch 28 after 9 epochs without val_f1_macro_present improvement.
2026-08-20 21:49:57 | Training complete. Best validation accuracy: 0.9730 | best val_f1_macro_present: 0.9756
2026-08-20 21:49:57 | Starting Dual_D standalone training
2026-08-20 21:49:57 | Run directory: runs/dual_d_逆光_iter03_20260820_204156
2026-08-20 21:49:57 | Device: cuda
2026-08-20 21:49:57 | Source train samples: 992
2026-08-20 21:49:57 | Target train samples: 132
2026-08-20 21:49:57 | Target val samples: 37
2026-08-20 21:49:57 | Classes: 14
2026-08-20 21:49:57 | Data audit: same_dir=False | path_overlap(vis/ir/ais)=0/0/0 | content_overlap(vis/ir/ais)=0/0/0 | ais_index_overlap=0 | stem_mismatch(vis-ir/vis-ais)=157/0
2026-08-20 21:49:57 | source_train classes: present 14/14 | absent 0 | counts [0:120, 1:44, 2:69, 3:45, 4:40, 5:30, 6:64, 7:80, 8:116, 9:68, 10:57, 11:83, 12:48, 13:128]
2026-08-20 21:49:57 | target_train classes: present 9/14 | absent 5 | counts [0:20, 2:12, 4:12, 5:2, 9:16, 10:16, 11:29, 12:4, 13:21]
2026-08-20 21:49:57 | target_val classes: present 9/14 | absent 5 | counts [0:6, 2:3, 4:4, 5:1, 9:4, 10:4, 11:8, 12:1, 13:6]
2026-08-20 21:49:57 | Paired training classes: 9/14 | class ids [0, 2, 4, 5, 9, 10, 11, 12, 13]
2026-08-20 21:49:57 | VIS/IR pairing: class-level-unpaired | count-mismatch classes train/val: 10/1 | AIS alignment: none | AIS rows train/val: 0/0
2026-08-20 21:50:00 | Model parameters: total=17277714 | trainable=17120210
Starting run 3/6: domain=逆光, iteration=3, seed=44
2026-08-20 21:51:53 | Epoch 001/100 | loss 9.6522 | cls 5.0612 | tal 0.2484 | dual_g 4.5165 | dual_d 0.0000 | train_acc 0.1250 | train_full 0.1818 | val_acc 0.1892 | val_f1 0.1237 | grad(main/disc) 28.405/0.000 | lr(main/disc) 7.00e-05/3.50e-05 | 112.7s
2026-08-20 21:51:53 | New best val_f1_macro_present: 0.1237 at epoch 1
2026-08-20 21:53:46 | Epoch 002/100 | loss 8.2817 | cls 4.2618 | tal 0.1507 | dual_g 3.9748 | dual_d 0.0000 | train_acc 0.1938 | train_full 0.2197 | val_acc 0.2432 | val_f1 0.1850 | grad(main/disc) 24.218/0.000 | lr(main/disc) 7.00e-05/3.50e-05 | 113.5s
2026-08-20 21:53:46 | New best val_f1_macro_present: 0.1850 at epoch 2
2026-08-20 21:55:45 | Epoch 003/100 | loss 7.6677 | cls 3.8778 | tal 0.0776 | dual_g 3.7666 | dual_d 0.0000 | train_acc 0.2687 | train_full 0.3030 | val_acc 0.3243 | val_f1 0.3244 | grad(main/disc) 22.231/0.000 | lr(main/disc) 7.00e-05/3.50e-05 | 118.4s
2026-08-20 21:55:45 | New best val_f1_macro_present: 0.3244 at epoch 3
2026-08-20 21:57:38 | Epoch 004/100 | loss 7.0128 | cls 3.5846 | tal -0.0197 | dual_g 3.4341 | dual_d 0.0000 | train_acc 0.3750 | train_full 0.4091 | val_acc 0.4595 | val_f1 0.4301 | grad(main/disc) 21.065/0.000 | lr(main/disc) 7.00e-05/3.50e-05 | 113.8s
2026-08-20 21:57:38 | New best val_f1_macro_present: 0.4301 at epoch 4
2026-08-20 21:59:33 | Epoch 005/100 | loss 6.7224 | cls 3.4276 | tal -0.0177 | dual_g 3.3002 | dual_d 0.0000 | train_acc 0.4313 | train_full 0.7045 | val_acc 0.7027 | val_f1 0.6887 | grad(main/disc) 20.250/0.000 | lr(main/disc) 7.00e-05/3.50e-05 | 114.8s
2026-08-20 21:59:33 | New best val_f1_macro_present: 0.6887 at epoch 5
2026-08-20 22:01:29 | Epoch 006/100 | loss 6.2328 | cls 3.1485 | tal -0.0834 | dual_g 3.1093 | dual_d 0.9036 | train_acc 0.4688 | train_full 0.8636 | val_acc 0.7838 | val_f1 0.7261 | grad(main/disc) 19.954/1.985 | lr(main/disc) 7.00e-05/3.50e-05 | 115.8s
2026-08-20 22:01:29 | New best val_f1_macro_present: 0.7261 at epoch 6
2026-08-20 22:03:26 | Epoch 007/100 | loss 6.0025 | cls 2.9857 | tal -0.0133 | dual_g 3.0208 | dual_d 0.8417 | train_acc 0.4625 | train_full 0.9167 | val_acc 0.8378 | val_f1 0.8668 | grad(main/disc) 19.361/1.864 | lr(main/disc) 7.00e-05/3.50e-05 | 116.4s
2026-08-20 22:03:26 | New best val_f1_macro_present: 0.8668 at epoch 7
2026-08-20 22:05:20 | Epoch 008/100 | loss 5.7775 | cls 2.8794 | tal -0.1268 | dual_g 2.9360 | dual_d 0.8371 | train_acc 0.5250 | train_full 0.9394 | val_acc 0.8649 | val_f1 0.8898 | grad(main/disc) 19.479/1.810 | lr(main/disc) 7.00e-05/3.50e-05 | 114.9s
2026-08-20 22:05:20 | New best val_f1_macro_present: 0.8898 at epoch 8
2026-08-20 22:07:17 | Epoch 009/100 | loss 5.5832 | cls 2.8003 | tal -0.0910 | dual_g 2.8102 | dual_d 0.8329 | train_acc 0.5625 | train_full 0.9242 | val_acc 0.9189 | val_f1 0.9377 | grad(main/disc) 19.597/1.775 | lr(main/disc) 7.00e-05/3.50e-05 | 117.0s
2026-08-20 22:07:17 | New best val_f1_macro_present: 0.9377 at epoch 9
2026-08-20 22:09:09 | Epoch 010/100 | loss 5.1635 | cls 2.6167 | tal -0.1069 | dual_g 2.5789 | dual_d 0.7613 | train_acc 0.6625 | train_full 0.9167 | val_acc 0.8919 | val_f1 0.8922 | grad(main/disc) 18.272/1.647 | lr(main/disc) 7.00e-05/3.50e-05 | 112.0s
2026-08-20 22:11:06 | Epoch 011/100 | loss 5.0389 | cls 2.4759 | tal -0.0952 | dual_g 2.5916 | dual_d 0.7367 | train_acc 0.6562 | train_full 0.9545 | val_acc 0.9189 | val_f1 0.9438 | grad(main/disc) 18.629/1.572 | lr(main/disc) 7.00e-05/3.50e-05 | 116.4s
2026-08-20 22:11:06 | New best val_f1_macro_present: 0.9438 at epoch 11
2026-08-20 22:13:03 | Epoch 012/100 | loss 4.6908 | cls 2.3045 | tal -0.0928 | dual_g 2.4142 | dual_d 0.8571 | train_acc 0.7375 | train_full 0.9470 | val_acc 0.9189 | val_f1 0.9438 | grad(main/disc) 19.183/1.760 | lr(main/disc) 7.00e-05/3.50e-05 | 117.5s
2026-08-20 22:15:00 | Epoch 013/100 | loss 4.4814 | cls 2.1970 | tal -0.0651 | dual_g 2.3040 | dual_d 0.8332 | train_acc 0.7000 | train_full 0.9773 | val_acc 0.9189 | val_f1 0.9373 | grad(main/disc) 16.916/1.676 | lr(main/disc) 7.00e-05/3.50e-05 | 116.5s
2026-08-20 22:16:54 | Epoch 014/100 | loss 4.5120 | cls 2.2910 | tal -0.1308 | dual_g 2.2603 | dual_d 0.7682 | train_acc 0.6875 | train_full 0.9773 | val_acc 0.9189 | val_f1 0.9373 | grad(main/disc) 18.410/1.578 | lr(main/disc) 7.00e-05/3.50e-05 | 114.5s
2026-08-20 22:18:50 | Epoch 015/100 | loss 4.4489 | cls 2.2480 | tal -0.1152 | dual_g 2.2355 | dual_d 0.8136 | train_acc 0.7438 | train_full 0.9545 | val_acc 0.9730 | val_f1 0.9756 | grad(main/disc) 18.043/1.608 | lr(main/disc) 7.00e-05/3.50e-05 | 115.2s
2026-08-20 22:18:50 | New best val_f1_macro_present: 0.9756 at epoch 15
2026-08-20 22:20:43 | Epoch 016/100 | loss 4.1751 | cls 2.0072 | tal -0.0816 | dual_g 2.1925 | dual_d 0.7429 | train_acc 0.8000 | train_full 0.9848 | val_acc 0.9189 | val_f1 0.9261 | grad(main/disc) 15.860/1.504 | lr(main/disc) 7.00e-05/3.50e-05 | 113.5s
2026-08-20 22:22:39 | Epoch 017/100 | loss 4.2639 | cls 2.1355 | tal -0.0693 | dual_g 2.1492 | dual_d 0.7787 | train_acc 0.7812 | train_full 0.9848 | val_acc 0.9730 | val_f1 0.9756 | grad(main/disc) 17.369/1.564 | lr(main/disc) 7.00e-05/3.50e-05 | 115.5s
2026-08-20 22:24:33 | Epoch 018/100 | loss 3.8514 | cls 1.9083 | tal -0.1649 | dual_g 1.9925 | dual_d 0.7955 | train_acc 0.8688 | train_full 0.9924 | val_acc 0.9459 | val_f1 0.9632 | grad(main/disc) 14.915/1.569 | lr(main/disc) 7.00e-05/3.50e-05 | 114.0s
2026-08-20 22:26:29 | Epoch 019/100 | loss 3.9001 | cls 1.8793 | tal -0.1262 | dual_g 2.0587 | dual_d 0.7676 | train_acc 0.8250 | train_full 0.9924 | val_acc 1.0000 | val_f1 1.0000 | grad(main/disc) 15.910/1.532 | lr(main/disc) 7.00e-05/3.50e-05 | 116.0s
2026-08-20 22:26:29 | New best val_f1_macro_present: 1.0000 at epoch 19
2026-08-20 22:28:23 | Epoch 020/100 | loss 3.7672 | cls 1.8168 | tal -0.1564 | dual_g 1.9973 | dual_d 0.8395 | train_acc 0.8313 | train_full 0.9848 | val_acc 0.9730 | val_f1 0.9756 | grad(main/disc) 16.790/1.613 | lr(main/disc) 7.00e-05/3.50e-05 | 114.4s
2026-08-20 22:30:18 | Epoch 021/100 | loss 3.7942 | cls 1.8858 | tal -0.1327 | dual_g 1.9482 | dual_d 0.8586 | train_acc 0.8438 | train_full 0.9924 | val_acc 1.0000 | val_f1 1.0000 | grad(main/disc) 16.171/1.691 | lr(main/disc) 7.00e-05/3.50e-05 | 114.6s
2026-08-20 22:32:05 | Epoch 022/100 | loss 3.8461 | cls 1.8974 | tal -0.1161 | dual_g 1.9834 | dual_d 0.7676 | train_acc 0.8812 | train_full 0.9697 | val_acc 0.9730 | val_f1 0.9756 | grad(main/disc) 16.791/1.533 | lr(main/disc) 7.00e-05/3.50e-05 | 107.7s
2026-08-20 22:33:10 | Epoch 023/100 | loss 3.7178 | cls 1.7982 | tal -0.1189 | dual_g 1.9552 | dual_d 0.8345 | train_acc 0.8125 | train_full 1.0000 | val_acc 1.0000 | val_f1 1.0000 | grad(main/disc) 16.911/1.638 | lr(main/disc) 7.00e-05/3.50e-05 | 65.1s
2026-08-20 22:34:15 | Epoch 024/100 | loss 3.4845 | cls 1.6689 | tal -0.1218 | dual_g 1.8522 | dual_d 0.8879 | train_acc 0.9187 | train_full 0.9848 | val_acc 0.9459 | val_f1 0.9632 | grad(main/disc) 15.083/1.669 | lr(main/disc) 7.00e-05/3.50e-05 | 65.1s
2026-08-20 22:35:21 | Epoch 025/100 | loss 3.5630 | cls 1.7199 | tal -0.1058 | dual_g 1.8748 | dual_d 0.7941 | train_acc 0.9250 | train_full 0.9621 | val_acc 0.9459 | val_f1 0.9632 | grad(main/disc) 14.596/1.486 | lr(main/disc) 7.00e-05/3.50e-05 | 65.2s
2026-08-20 22:36:27 | Epoch 026/100 | loss 3.3536 | cls 1.6126 | tal -0.1254 | dual_g 1.7786 | dual_d 0.7982 | train_acc 0.8812 | train_full 1.0000 | val_acc 1.0000 | val_f1 1.0000 | grad(main/disc) 11.744/1.555 | lr(main/disc) 3.50e-05/1.75e-05 | 65.9s
2026-08-20 22:37:31 | Epoch 027/100 | loss 3.5026 | cls 1.6747 | tal -0.1367 | dual_g 1.8689 | dual_d 0.7289 | train_acc 0.8875 | train_full 1.0000 | val_acc 1.0000 | val_f1 1.0000 | grad(main/disc) 13.767/1.408 | lr(main/disc) 3.50e-05/1.75e-05 | 64.3s
2026-08-20 22:38:36 | Epoch 028/100 | loss 3.5359 | cls 1.7157 | tal -0.1885 | dual_g 1.8767 | dual_d 0.7876 | train_acc 0.8938 | train_full 1.0000 | val_acc 1.0000 | val_f1 1.0000 | grad(main/disc) 15.268/1.473 | lr(main/disc) 3.50e-05/1.75e-05 | 65.5s
2026-08-20 22:38:36 | Early stopping at epoch 28 after 9 epochs without val_f1_macro_present improvement.
2026-08-20 22:38:36 | Training complete. Best validation accuracy: 1.0000 | best val_f1_macro_present: 1.0000
2026-08-20 22:38:36 | Starting Dual_D standalone training
2026-08-20 22:38:36 | Run directory: runs/dual_d_雨天_iter01_20260820_204156
2026-08-20 22:38:36 | Device: cuda
2026-08-20 22:38:36 | Source train samples: 992
2026-08-20 22:38:36 | Target train samples: 96
2026-08-20 22:38:36 | Target val samples: 26
2026-08-20 22:38:36 | Classes: 14
2026-08-20 22:38:36 | Data audit: same_dir=False | path_overlap(vis/ir/ais)=0/0/0 | content_overlap(vis/ir/ais)=0/0/0 | ais_index_overlap=0 | stem_mismatch(vis-ir/vis-ais)=117/0
2026-08-20 22:38:36 | source_train classes: present 14/14 | absent 0 | counts [0:120, 1:44, 2:69, 3:45, 4:40, 5:30, 6:64, 7:80, 8:116, 9:68, 10:57, 11:83, 12:48, 13:128]
2026-08-20 22:38:36 | target_train classes: present 6/14 | absent 8 | counts [0:7, 2:19, 9:32, 10:12, 11:6, 13:20]
2026-08-20 22:38:36 | target_val classes: present 6/14 | absent 8 | counts [0:2, 2:5, 9:8, 10:4, 11:2, 13:5]
2026-08-20 22:38:36 | Paired training classes: 6/14 | class ids [0, 2, 9, 10, 11, 13]
2026-08-20 22:38:36 | VIS/IR pairing: class-level-unpaired | count-mismatch classes train/val: 10/0 | AIS alignment: none | AIS rows train/val: 0/0
2026-08-20 22:38:38 | Model parameters: total=17277714 | trainable=17120210
Starting run 4/6: domain=雨天, iteration=1, seed=45
2026-08-20 22:39:30 | Epoch 001/100 | loss 10.1068 | cls 5.4479 | tal -0.2410 | dual_g 4.7312 | dual_d 0.0000 | train_acc 0.0703 | train_full 0.0521 | val_acc 0.1154 | val_f1 0.1032 | grad(main/disc) 33.638/0.000 | lr(main/disc) 7.00e-05/3.50e-05 | 52.4s
2026-08-20 22:39:30 | New best val_f1_macro_present: 0.1032 at epoch 1
2026-08-20 22:40:21 | Epoch 002/100 | loss 8.3901 | cls 4.4970 | tal -0.4346 | dual_g 4.0234 | dual_d 0.0000 | train_acc 0.1797 | train_full 0.2188 | val_acc 0.1538 | val_f1 0.1306 | grad(main/disc) 28.263/0.000 | lr(main/disc) 7.00e-05/3.50e-05 | 50.4s
2026-08-20 22:40:21 | New best val_f1_macro_present: 0.1306 at epoch 2
2026-08-20 22:41:10 | Epoch 003/100 | loss 7.5187 | cls 3.9586 | tal -0.3548 | dual_g 3.6665 | dual_d 0.0000 | train_acc 0.2812 | train_full 0.2396 | val_acc 0.2692 | val_f1 0.2894 | grad(main/disc) 25.456/0.000 | lr(main/disc) 7.00e-05/3.50e-05 | 48.8s
2026-08-20 22:41:10 | New best val_f1_macro_present: 0.2894 at epoch 3
2026-08-20 22:42:00 | Epoch 004/100 | loss 6.6322 | cls 3.5745 | tal -0.3562 | dual_g 3.1646 | dual_d 0.0000 | train_acc 0.3594 | train_full 0.2812 | val_acc 0.3846 | val_f1 0.3892 | grad(main/disc) 22.651/0.000 | lr(main/disc) 7.00e-05/3.50e-05 | 50.0s
2026-08-20 22:42:00 | New best val_f1_macro_present: 0.3892 at epoch 4
2026-08-20 22:42:51 | Epoch 005/100 | loss 6.0960 | cls 3.0823 | tal -0.3147 | dual_g 3.1082 | dual_d 0.0000 | train_acc 0.4688 | train_full 0.3542 | val_acc 0.3462 | val_f1 0.3562 | grad(main/disc) 20.908/0.000 | lr(main/disc) 7.00e-05/3.50e-05 | 51.2s
2026-08-20 22:43:39 | Epoch 006/100 | loss 5.6794 | cls 2.9053 | tal -0.2600 | dual_g 2.8522 | dual_d 0.7413 | train_acc 0.5000 | train_full 0.4167 | val_acc 0.3846 | val_f1 0.3770 | grad(main/disc) 19.171/1.796 | lr(main/disc) 7.00e-05/3.50e-05 | 47.7s
2026-08-20 22:44:29 | Epoch 007/100 | loss 5.5804 | cls 2.8786 | tal -0.3149 | dual_g 2.7963 | dual_d 0.8480 | train_acc 0.4844 | train_full 0.4062 | val_acc 0.3846 | val_f1 0.3800 | grad(main/disc) 20.938/1.919 | lr(main/disc) 7.00e-05/3.50e-05 | 50.5s
2026-08-20 22:45:18 | Epoch 008/100 | loss 5.0206 | cls 2.4924 | tal -0.3067 | dual_g 2.6202 | dual_d 0.8312 | train_acc 0.6719 | train_full 0.3958 | val_acc 0.3462 | val_f1 0.3241 | grad(main/disc) 17.333/1.919 | lr(main/disc) 7.00e-05/3.50e-05 | 49.2s
2026-08-20 22:46:09 | Epoch 009/100 | loss 4.9465 | cls 2.4928 | tal -0.2843 | dual_g 2.5390 | dual_d 0.7919 | train_acc 0.6328 | train_full 0.3229 | val_acc 0.3077 | val_f1 0.2148 | grad(main/disc) 17.665/1.804 | lr(main/disc) 7.00e-05/3.50e-05 | 50.4s
2026-08-20 22:46:58 | Epoch 010/100 | loss 4.5212 | cls 2.2442 | tal -0.3538 | dual_g 2.3831 | dual_d 0.7298 | train_acc 0.7422 | train_full 0.4479 | val_acc 0.3462 | val_f1 0.2778 | grad(main/disc) 16.135/1.678 | lr(main/disc) 7.00e-05/3.50e-05 | 49.7s
2026-08-20 22:47:48 | Epoch 011/100 | loss 4.4497 | cls 2.2156 | tal -0.2397 | dual_g 2.3060 | dual_d 0.8191 | train_acc 0.8125 | train_full 0.5104 | val_acc 0.3846 | val_f1 0.3981 | grad(main/disc) 16.658/1.868 | lr(main/disc) 7.00e-05/3.50e-05 | 49.9s
2026-08-20 22:47:48 | New best val_f1_macro_present: 0.3981 at epoch 11
2026-08-20 22:48:41 | Epoch 012/100 | loss 4.2924 | cls 2.1349 | tal -0.3085 | dual_g 2.2501 | dual_d 0.7687 | train_acc 0.7500 | train_full 0.6354 | val_acc 0.5769 | val_f1 0.6444 | grad(main/disc) 16.392/1.705 | lr(main/disc) 7.00e-05/3.50e-05 | 52.5s
2026-08-20 22:48:41 | New best val_f1_macro_present: 0.6444 at epoch 12
2026-08-20 22:49:32 | Epoch 013/100 | loss 4.0006 | cls 1.9595 | tal -0.3247 | dual_g 2.1385 | dual_d 0.7138 | train_acc 0.8672 | train_full 0.6667 | val_acc 0.6154 | val_f1 0.6963 | grad(main/disc) 15.311/1.620 | lr(main/disc) 7.00e-05/3.50e-05 | 51.2s
2026-08-20 22:49:32 | New best val_f1_macro_present: 0.6963 at epoch 13
2026-08-20 22:50:22 | Epoch 014/100 | loss 3.7595 | cls 1.8379 | tal -0.3334 | dual_g 2.0217 | dual_d 0.7300 | train_acc 0.8438 | train_full 0.6354 | val_acc 0.5385 | val_f1 0.5906 | grad(main/disc) 13.757/1.596 | lr(main/disc) 7.00e-05/3.50e-05 | 50.2s
2026-08-20 22:51:11 | Epoch 015/100 | loss 3.9506 | cls 1.9529 | tal -0.2238 | dual_g 2.0648 | dual_d 0.6909 | train_acc 0.8828 | train_full 0.6354 | val_acc 0.5385 | val_f1 0.5869 | grad(main/disc) 16.620/1.547 | lr(main/disc) 7.00e-05/3.50e-05 | 49.1s
2026-08-20 22:52:03 | Epoch 016/100 | loss 3.9353 | cls 1.9871 | tal -0.2409 | dual_g 2.0205 | dual_d 0.7260 | train_acc 0.8516 | train_full 0.7083 | val_acc 0.5769 | val_f1 0.6074 | grad(main/disc) 17.340/1.599 | lr(main/disc) 7.00e-05/3.50e-05 | 51.8s
2026-08-20 22:52:54 | Epoch 017/100 | loss 3.5769 | cls 1.7019 | tal -0.2897 | dual_g 1.9619 | dual_d 0.7808 | train_acc 0.8672 | train_full 0.9375 | val_acc 0.7692 | val_f1 0.7902 | grad(main/disc) 14.209/1.665 | lr(main/disc) 7.00e-05/3.50e-05 | 50.9s
2026-08-20 22:52:54 | New best val_f1_macro_present: 0.7902 at epoch 17
2026-08-20 22:53:48 | Epoch 018/100 | loss 3.4773 | cls 1.6796 | tal -0.2550 | dual_g 1.8742 | dual_d 0.8173 | train_acc 0.9062 | train_full 0.9167 | val_acc 0.7692 | val_f1 0.8313 | grad(main/disc) 13.872/1.660 | lr(main/disc) 7.00e-05/3.50e-05 | 53.7s
2026-08-20 22:53:48 | New best val_f1_macro_present: 0.8313 at epoch 18
2026-08-20 22:54:38 | Epoch 019/100 | loss 3.5417 | cls 1.7068 | tal -0.2176 | dual_g 1.9001 | dual_d 0.7242 | train_acc 0.8984 | train_full 0.8125 | val_acc 0.8846 | val_f1 0.8657 | grad(main/disc) 14.572/1.575 | lr(main/disc) 7.00e-05/3.50e-05 | 50.8s
2026-08-20 22:54:38 | New best val_f1_macro_present: 0.8657 at epoch 19
2026-08-20 22:55:30 | Epoch 020/100 | loss 3.4575 | cls 1.6013 | tal -0.1558 | dual_g 1.9030 | dual_d 0.7235 | train_acc 0.9688 | train_full 0.9375 | val_acc 0.8846 | val_f1 0.8657 | grad(main/disc) 14.511/1.623 | lr(main/disc) 7.00e-05/3.50e-05 | 51.5s
2026-08-20 22:56:19 | Epoch 021/100 | loss 3.4472 | cls 1.7003 | tal -0.1858 | dual_g 1.8026 | dual_d 0.7542 | train_acc 0.8984 | train_full 0.9271 | val_acc 0.8846 | val_f1 0.8543 | grad(main/disc) 15.775/1.557 | lr(main/disc) 7.00e-05/3.50e-05 | 48.9s
2026-08-20 22:57:09 | Epoch 022/100 | loss 3.2677 | cls 1.5725 | tal -0.1612 | dual_g 1.7436 | dual_d 0.7976 | train_acc 0.9375 | train_full 0.8333 | val_acc 0.6923 | val_f1 0.7096 | grad(main/disc) 14.269/1.664 | lr(main/disc) 7.00e-05/3.50e-05 | 50.2s
2026-08-20 22:57:59 | Epoch 023/100 | loss 3.3472 | cls 1.5580 | tal -0.1053 | dual_g 1.8208 | dual_d 0.7922 | train_acc 0.9844 | train_full 0.6979 | val_acc 0.5769 | val_f1 0.6098 | grad(main/disc) 12.194/1.673 | lr(main/disc) 7.00e-05/3.50e-05 | 50.3s
2026-08-20 22:58:51 | Epoch 024/100 | loss 3.1678 | cls 1.4673 | tal -0.1179 | dual_g 1.7359 | dual_d 0.8041 | train_acc 0.9453 | train_full 0.7917 | val_acc 0.7308 | val_f1 0.7593 | grad(main/disc) 10.838/1.660 | lr(main/disc) 7.00e-05/3.50e-05 | 51.4s
2026-08-20 22:59:40 | Epoch 025/100 | loss 3.2033 | cls 1.4724 | tal -0.1488 | dual_g 1.7756 | dual_d 0.7718 | train_acc 0.9688 | train_full 0.8646 | val_acc 0.7308 | val_f1 0.7675 | grad(main/disc) 12.467/1.593 | lr(main/disc) 7.00e-05/3.50e-05 | 49.7s
2026-08-20 23:00:31 | Epoch 026/100 | loss 3.1479 | cls 1.4829 | tal -0.1794 | dual_g 1.7188 | dual_d 0.7794 | train_acc 0.9688 | train_full 0.8750 | val_acc 0.8077 | val_f1 0.8558 | grad(main/disc) 11.401/1.640 | lr(main/disc) 3.50e-05/1.75e-05 | 50.5s
2026-08-20 23:01:23 | Epoch 027/100 | loss 3.1240 | cls 1.4666 | tal -0.1785 | dual_g 1.7109 | dual_d 0.7952 | train_acc 0.9688 | train_full 0.8750 | val_acc 0.8077 | val_f1 0.8558 | grad(main/disc) 13.395/1.597 | lr(main/disc) 3.50e-05/1.75e-05 | 51.7s
2026-08-20 23:02:15 | Epoch 028/100 | loss 3.1397 | cls 1.5039 | tal -0.1957 | dual_g 1.6945 | dual_d 0.7742 | train_acc 0.9766 | train_full 0.8125 | val_acc 0.6538 | val_f1 0.6869 | grad(main/disc) 12.916/1.505 | lr(main/disc) 3.50e-05/1.75e-05 | 52.2s
2026-08-20 23:02:15 | Early stopping at epoch 28 after 9 epochs without val_f1_macro_present improvement.
2026-08-20 23:02:15 | Training complete. Best validation accuracy: 0.8846 | best val_f1_macro_present: 0.8657
2026-08-20 23:02:15 | Starting Dual_D standalone training
2026-08-20 23:02:15 | Run directory: runs/dual_d_雨天_iter02_20260820_204156
2026-08-20 23:02:15 | Device: cuda
2026-08-20 23:02:15 | Source train samples: 992
2026-08-20 23:02:15 | Target train samples: 96
2026-08-20 23:02:15 | Target val samples: 26
2026-08-20 23:02:15 | Classes: 14
2026-08-20 23:02:15 | Data audit: same_dir=False | path_overlap(vis/ir/ais)=0/0/0 | content_overlap(vis/ir/ais)=0/0/0 | ais_index_overlap=0 | stem_mismatch(vis-ir/vis-ais)=117/0
2026-08-20 23:02:15 | source_train classes: present 14/14 | absent 0 | counts [0:120, 1:44, 2:69, 3:45, 4:40, 5:30, 6:64, 7:80, 8:116, 9:68, 10:57, 11:83, 12:48, 13:128]
2026-08-20 23:02:15 | target_train classes: present 6/14 | absent 8 | counts [0:7, 2:19, 9:32, 10:12, 11:6, 13:20]
2026-08-20 23:02:15 | target_val classes: present 6/14 | absent 8 | counts [0:2, 2:5, 9:8, 10:4, 11:2, 13:5]
2026-08-20 23:02:15 | Paired training classes: 6/14 | class ids [0, 2, 9, 10, 11, 13]
2026-08-20 23:02:15 | VIS/IR pairing: class-level-unpaired | count-mismatch classes train/val: 10/0 | AIS alignment: none | AIS rows train/val: 0/0
2026-08-20 23:02:17 | Model parameters: total=17277714 | trainable=17120210
Starting run 5/6: domain=雨天, iteration=2, seed=46
2026-08-20 23:03:49 | Epoch 001/100 | loss 9.6180 | cls 5.0248 | tal -0.2467 | dual_g 4.6672 | dual_d 0.0000 | train_acc 0.1250 | train_full 0.3125 | val_acc 0.3462 | val_f1 0.1638 | grad(main/disc) 34.915/0.000 | lr(main/disc) 7.00e-05/3.50e-05 | 91.5s
2026-08-20 23:03:49 | New best val_f1_macro_present: 0.1638 at epoch 1
2026-08-20 23:05:18 | Epoch 002/100 | loss 8.2080 | cls 4.2511 | tal -0.0341 | dual_g 3.9671 | dual_d 0.0000 | train_acc 0.2500 | train_full 0.2396 | val_acc 0.2692 | val_f1 0.1535 | grad(main/disc) 28.973/0.000 | lr(main/disc) 7.00e-05/3.50e-05 | 89.5s
2026-08-20 23:06:50 | Epoch 003/100 | loss 7.1749 | cls 3.7350 | tal -0.0228 | dual_g 3.4468 | dual_d 0.0000 | train_acc 0.2969 | train_full 0.2500 | val_acc 0.2692 | val_f1 0.1763 | grad(main/disc) 25.456/0.000 | lr(main/disc) 7.00e-05/3.50e-05 | 91.8s
2026-08-20 23:06:50 | New best val_f1_macro_present: 0.1763 at epoch 3
2026-08-20 23:08:21 | Epoch 004/100 | loss 6.6596 | cls 3.3120 | tal -0.0176 | dual_g 3.3529 | dual_d 0.0000 | train_acc 0.4453 | train_full 0.2083 | val_acc 0.2692 | val_f1 0.2200 | grad(main/disc) 22.558/0.000 | lr(main/disc) 7.00e-05/3.50e-05 | 91.3s
2026-08-20 23:08:21 | New best val_f1_macro_present: 0.2200 at epoch 4
2026-08-20 23:09:54 | Epoch 005/100 | loss 6.2673 | cls 3.1157 | tal -0.0132 | dual_g 3.1556 | dual_d 0.0000 | train_acc 0.4375 | train_full 0.2188 | val_acc 0.2692 | val_f1 0.2340 | grad(main/disc) 21.815/0.000 | lr(main/disc) 7.00e-05/3.50e-05 | 93.1s
2026-08-20 23:09:54 | New best val_f1_macro_present: 0.2340 at epoch 5
2026-08-20 23:11:27 | Epoch 006/100 | loss 5.6367 | cls 2.8259 | tal 0.0697 | dual_g 2.7899 | dual_d 0.7867 | train_acc 0.5078 | train_full 0.2292 | val_acc 0.2692 | val_f1 0.2487 | grad(main/disc) 20.035/2.039 | lr(main/disc) 7.00e-05/3.50e-05 | 92.7s
2026-08-20 23:11:27 | New best val_f1_macro_present: 0.2487 at epoch 6
2026-08-20 23:13:00 | Epoch 007/100 | loss 5.5046 | cls 2.7112 | tal 0.0138 | dual_g 2.7893 | dual_d 0.7819 | train_acc 0.5156 | train_full 0.2708 | val_acc 0.3462 | val_f1 0.3849 | grad(main/disc) 20.426/1.862 | lr(main/disc) 7.00e-05/3.50e-05 | 92.6s
2026-08-20 23:13:00 | New best val_f1_macro_present: 0.3849 at epoch 7
2026-08-20 23:14:31 | Epoch 008/100 | loss 5.3521 | cls 2.7611 | tal -0.0492 | dual_g 2.6058 | dual_d 0.8426 | train_acc 0.5859 | train_full 0.3854 | val_acc 0.2308 | val_f1 0.1846 | grad(main/disc) 20.258/1.907 | lr(main/disc) 7.00e-05/3.50e-05 | 91.4s
2026-08-20 23:16:04 | Epoch 009/100 | loss 4.9807 | cls 2.4435 | tal 0.0257 | dual_g 2.5294 | dual_d 0.8020 | train_acc 0.6875 | train_full 0.4479 | val_acc 0.4231 | val_f1 0.3586 | grad(main/disc) 18.470/2.002 | lr(main/disc) 7.00e-05/3.50e-05 | 92.9s
2026-08-20 23:17:38 | Epoch 010/100 | loss 4.6530 | cls 2.3306 | tal 0.0221 | dual_g 2.3158 | dual_d 0.7929 | train_acc 0.6641 | train_full 0.4271 | val_acc 0.3462 | val_f1 0.2859 | grad(main/disc) 17.295/1.903 | lr(main/disc) 7.00e-05/3.50e-05 | 94.2s
2026-08-20 23:19:09 | Epoch 011/100 | loss 4.4601 | cls 2.1328 | tal 0.0158 | dual_g 2.3225 | dual_d 0.7729 | train_acc 0.7891 | train_full 0.4271 | val_acc 0.2692 | val_f1 0.1989 | grad(main/disc) 17.883/1.855 | lr(main/disc) 7.00e-05/3.50e-05 | 90.7s
2026-08-20 23:20:41 | Epoch 012/100 | loss 4.5283 | cls 2.2428 | tal 0.0406 | dual_g 2.2733 | dual_d 0.8247 | train_acc 0.7812 | train_full 0.4583 | val_acc 0.3846 | val_f1 0.3218 | grad(main/disc) 17.927/1.918 | lr(main/disc) 7.00e-05/3.50e-05 | 92.7s
2026-08-20 23:22:14 | Epoch 013/100 | loss 4.2687 | cls 2.0305 | tal -0.0088 | dual_g 2.2409 | dual_d 0.7763 | train_acc 0.8203 | train_full 0.6146 | val_acc 0.5385 | val_f1 0.5806 | grad(main/disc) 18.951/1.791 | lr(main/disc) 7.00e-05/3.50e-05 | 92.6s
2026-08-20 23:22:14 | New best val_f1_macro_present: 0.5806 at epoch 13
2026-08-20 23:23:46 | Epoch 014/100 | loss 3.8574 | cls 1.8635 | tal -0.0811 | dual_g 2.0182 | dual_d 0.7129 | train_acc 0.8047 | train_full 0.6667 | val_acc 0.5385 | val_f1 0.5861 | grad(main/disc) 15.453/1.683 | lr(main/disc) 7.00e-05/3.50e-05 | 92.2s
2026-08-20 23:23:46 | New best val_f1_macro_present: 0.5861 at epoch 14
2026-08-20 23:25:18 | Epoch 015/100 | loss 3.8874 | cls 1.9095 | tal -0.1634 | dual_g 2.0268 | dual_d 0.7248 | train_acc 0.8906 | train_full 0.5417 | val_acc 0.4231 | val_f1 0.4635 | grad(main/disc) 17.714/1.709 | lr(main/disc) 7.00e-05/3.50e-05 | 91.6s
2026-08-20 23:26:51 | Epoch 016/100 | loss 4.0026 | cls 1.9144 | tal -0.0158 | dual_g 2.0930 | dual_d 0.6500 | train_acc 0.8203 | train_full 0.6354 | val_acc 0.5000 | val_f1 0.5284 | grad(main/disc) 17.568/1.587 | lr(main/disc) 7.00e-05/3.50e-05 | 93.1s
2026-08-20 23:28:23 | Epoch 017/100 | loss 3.8842 | cls 1.8746 | tal -0.0743 | dual_g 2.0318 | dual_d 0.6874 | train_acc 0.8438 | train_full 0.6875 | val_acc 0.6154 | val_f1 0.6639 | grad(main/disc) 20.329/1.632 | lr(main/disc) 7.00e-05/3.50e-05 | 92.5s
2026-08-20 23:28:23 | New best val_f1_macro_present: 0.6639 at epoch 17
2026-08-20 23:29:56 | Epoch 018/100 | loss 3.6979 | cls 1.8177 | tal -0.1327 | dual_g 1.9199 | dual_d 0.6976 | train_acc 0.8438 | train_full 0.7917 | val_acc 0.6923 | val_f1 0.6896 | grad(main/disc) 18.236/1.658 | lr(main/disc) 7.00e-05/3.50e-05 | 92.1s
2026-08-20 23:29:56 | New best val_f1_macro_present: 0.6896 at epoch 18
2026-08-20 23:31:27 | Epoch 019/100 | loss 3.4819 | cls 1.6163 | tal -0.0417 | dual_g 1.8781 | dual_d 0.6922 | train_acc 0.9297 | train_full 0.7812 | val_acc 0.6538 | val_f1 0.6602 | grad(main/disc) 18.378/1.599 | lr(main/disc) 7.00e-05/3.50e-05 | 91.6s
2026-08-20 23:32:58 | Epoch 020/100 | loss 3.8308 | cls 1.9245 | tal -0.1182 | dual_g 1.9418 | dual_d 0.6920 | train_acc 0.8203 | train_full 0.8021 | val_acc 0.7308 | val_f1 0.7498 | grad(main/disc) 23.483/1.628 | lr(main/disc) 7.00e-05/3.50e-05 | 91.0s
2026-08-20 23:32:58 | New best val_f1_macro_present: 0.7498 at epoch 20
2026-08-20 23:34:30 | Epoch 021/100 | loss 3.5351 | cls 1.7807 | tal -0.2028 | dual_g 1.8152 | dual_d 0.6858 | train_acc 0.8750 | train_full 0.7188 | val_acc 0.6154 | val_f1 0.6676 | grad(main/disc) 17.835/1.655 | lr(main/disc) 7.00e-05/3.50e-05 | 92.3s
2026-08-20 23:36:02 | Epoch 022/100 | loss 3.4127 | cls 1.6648 | tal -0.2477 | dual_g 1.8222 | dual_d 0.6297 | train_acc 0.9297 | train_full 0.6458 | val_acc 0.5769 | val_f1 0.6194 | grad(main/disc) 18.159/1.466 | lr(main/disc) 7.00e-05/3.50e-05 | 91.7s
2026-08-20 23:37:36 | Epoch 023/100 | loss 3.3340 | cls 1.5955 | tal -0.1650 | dual_g 1.7880 | dual_d 0.6640 | train_acc 0.9688 | train_full 0.6771 | val_acc 0.6154 | val_f1 0.6528 | grad(main/disc) 15.864/1.561 | lr(main/disc) 7.00e-05/3.50e-05 | 93.9s
2026-08-20 23:39:08 | Epoch 024/100 | loss 3.3706 | cls 1.6162 | tal -0.1742 | dual_g 1.8067 | dual_d 0.7162 | train_acc 0.9531 | train_full 0.7604 | val_acc 0.6538 | val_f1 0.6895 | grad(main/disc) 15.116/1.596 | lr(main/disc) 7.00e-05/3.50e-05 | 92.2s
2026-08-20 23:40:39 | Epoch 025/100 | loss 3.3455 | cls 1.6611 | tal -0.1856 | dual_g 1.7401 | dual_d 0.7167 | train_acc 0.9609 | train_full 0.8229 | val_acc 0.8077 | val_f1 0.8112 | grad(main/disc) 12.820/1.519 | lr(main/disc) 7.00e-05/3.50e-05 | 90.9s
2026-08-20 23:40:39 | New best val_f1_macro_present: 0.8112 at epoch 25
2026-08-20 23:42:11 | Epoch 026/100 | loss 3.0894 | cls 1.4429 | tal -0.2074 | dual_g 1.7088 | dual_d 0.7444 | train_acc 0.9219 | train_full 0.8854 | val_acc 0.7692 | val_f1 0.7704 | grad(main/disc) 11.017/1.593 | lr(main/disc) 7.00e-05/3.50e-05 | 91.4s
2026-08-20 23:43:43 | Epoch 027/100 | loss 3.1540 | cls 1.4666 | tal -0.1698 | dual_g 1.7383 | dual_d 0.7142 | train_acc 0.9766 | train_full 0.8854 | val_acc 0.7692 | val_f1 0.7704 | grad(main/disc) 13.083/1.512 | lr(main/disc) 7.00e-05/3.50e-05 | 92.4s
2026-08-20 23:45:17 | Epoch 028/100 | loss 3.1392 | cls 1.4692 | tal -0.1876 | dual_g 1.7262 | dual_d 0.6860 | train_acc 0.9453 | train_full 0.8854 | val_acc 0.7692 | val_f1 0.7779 | grad(main/disc) 14.781/1.539 | lr(main/disc) 7.00e-05/3.50e-05 | 94.3s
2026-08-20 23:46:47 | Epoch 029/100 | loss 3.2161 | cls 1.5369 | tal -0.1619 | dual_g 1.7277 | dual_d 0.7304 | train_acc 0.9688 | train_full 0.7812 | val_acc 0.6923 | val_f1 0.6988 | grad(main/disc) 14.594/1.588 | lr(main/disc) 7.00e-05/3.50e-05 | 90.0s
2026-08-20 23:48:18 | Epoch 030/100 | loss 2.9159 | cls 1.3794 | tal -0.2022 | dual_g 1.5972 | dual_d 0.7209 | train_acc 0.9766 | train_full 0.7917 | val_acc 0.6923 | val_f1 0.7073 | grad(main/disc) 9.433/1.497 | lr(main/disc) 7.00e-05/3.50e-05 | 91.2s
2026-08-20 23:49:50 | Epoch 031/100 | loss 3.1180 | cls 1.5206 | tal -0.2117 | dual_g 1.6609 | dual_d 0.8169 | train_acc 0.9844 | train_full 0.8438 | val_acc 0.7692 | val_f1 0.7817 | grad(main/disc) 12.902/1.723 | lr(main/disc) 7.00e-05/3.50e-05 | 91.1s
2026-08-20 23:51:23 | Epoch 032/100 | loss 3.0818 | cls 1.5055 | tal -0.2264 | dual_g 1.6443 | dual_d 0.8274 | train_acc 0.9766 | train_full 0.8750 | val_acc 0.6923 | val_f1 0.7088 | grad(main/disc) 12.224/1.633 | lr(main/disc) 3.50e-05/1.75e-05 | 93.7s
2026-08-20 23:52:53 | Epoch 033/100 | loss 3.2411 | cls 1.5849 | tal -0.2506 | dual_g 1.7313 | dual_d 0.8126 | train_acc 0.9609 | train_full 0.9583 | val_acc 0.8846 | val_f1 0.8657 | grad(main/disc) 15.974/1.598 | lr(main/disc) 3.50e-05/1.75e-05 | 89.2s
2026-08-20 23:52:53 | New best val_f1_macro_present: 0.8657 at epoch 33
2026-08-20 23:54:23 | Epoch 034/100 | loss 3.0164 | cls 1.4323 | tal -0.1946 | dual_g 1.6425 | dual_d 0.7687 | train_acc 0.9766 | train_full 0.9688 | val_acc 0.8846 | val_f1 0.8657 | grad(main/disc) 10.504/1.635 | lr(main/disc) 3.50e-05/1.75e-05 | 90.4s
2026-08-20 23:55:57 | Epoch 035/100 | loss 3.0072 | cls 1.4339 | tal -0.1976 | dual_g 1.6326 | dual_d 0.7733 | train_acc 0.9922 | train_full 0.9583 | val_acc 0.9231 | val_f1 0.9065 | grad(main/disc) 13.360/1.454 | lr(main/disc) 3.50e-05/1.75e-05 | 93.9s
2026-08-20 23:55:57 | New best val_f1_macro_present: 0.9065 at epoch 35
2026-08-20 23:57:29 | Epoch 036/100 | loss 3.0701 | cls 1.4900 | tal -0.1650 | dual_g 1.6296 | dual_d 0.7423 | train_acc 0.9688 | train_full 0.9583 | val_acc 0.9231 | val_f1 0.9065 | grad(main/disc) 13.474/1.551 | lr(main/disc) 3.50e-05/1.75e-05 | 92.3s
2026-08-20 23:58:58 | Epoch 037/100 | loss 2.8635 | cls 1.3637 | tal -0.2626 | dual_g 1.5785 | dual_d 0.7646 | train_acc 0.9844 | train_full 0.9792 | val_acc 0.9231 | val_f1 0.9098 | grad(main/disc) 9.268/1.513 | lr(main/disc) 3.50e-05/1.75e-05 | 89.1s
2026-08-20 23:58:58 | New best val_f1_macro_present: 0.9098 at epoch 37
2026-08-21 00:00:30 | Epoch 038/100 | loss 2.9711 | cls 1.4164 | tal -0.1600 | dual_g 1.6027 | dual_d 0.7794 | train_acc 0.9922 | train_full 0.9583 | val_acc 0.9231 | val_f1 0.9148 | grad(main/disc) 11.485/1.561 | lr(main/disc) 3.50e-05/1.75e-05 | 91.5s
2026-08-21 00:00:30 | New best val_f1_macro_present: 0.9148 at epoch 38
2026-08-21 00:02:03 | Epoch 039/100 | loss 2.8899 | cls 1.3711 | tal -0.2187 | dual_g 1.5844 | dual_d 0.7608 | train_acc 0.9922 | train_full 0.9583 | val_acc 0.9231 | val_f1 0.9028 | grad(main/disc) 9.553/1.613 | lr(main/disc) 3.50e-05/1.75e-05 | 93.3s
2026-08-21 00:03:36 | Epoch 040/100 | loss 2.9525 | cls 1.4176 | tal -0.2214 | dual_g 1.6014 | dual_d 0.8124 | train_acc 0.9922 | train_full 0.9583 | val_acc 0.8462 | val_f1 0.8313 | grad(main/disc) 10.913/1.608 | lr(main/disc) 3.50e-05/1.75e-05 | 93.0s
2026-08-21 00:05:07 | Epoch 041/100 | loss 2.9511 | cls 1.4468 | tal -0.2381 | dual_g 1.5757 | dual_d 0.7980 | train_acc 0.9844 | train_full 0.9583 | val_acc 0.9231 | val_f1 0.9098 | grad(main/disc) 10.461/1.544 | lr(main/disc) 3.50e-05/1.75e-05 | 90.7s
2026-08-21 00:06:38 | Epoch 042/100 | loss 2.8412 | cls 1.3648 | tal -0.1597 | dual_g 1.5243 | dual_d 0.7977 | train_acc 0.9922 | train_full 0.9479 | val_acc 0.8846 | val_f1 0.8694 | grad(main/disc) 7.357/1.611 | lr(main/disc) 3.50e-05/1.75e-05 | 91.0s
2026-08-21 00:08:08 | Epoch 043/100 | loss 2.9701 | cls 1.4251 | tal -0.1989 | dual_g 1.6047 | dual_d 0.8062 | train_acc 0.9688 | train_full 0.9167 | val_acc 0.8462 | val_f1 0.8201 | grad(main/disc) 12.339/1.540 | lr(main/disc) 3.50e-05/1.75e-05 | 89.8s
2026-08-21 00:09:03 | Epoch 044/100 | loss 2.8205 | cls 1.3499 | tal -0.2019 | dual_g 1.5311 | dual_d 0.8812 | train_acc 0.9922 | train_full 0.9688 | val_acc 0.8462 | val_f1 0.8267 | grad(main/disc) 8.205/1.700 | lr(main/disc) 3.50e-05/1.75e-05 | 55.4s
2026-08-21 00:09:54 | Epoch 045/100 | loss 2.9346 | cls 1.3977 | tal -0.1435 | dual_g 1.5799 | dual_d 0.7973 | train_acc 0.9922 | train_full 0.9583 | val_acc 0.8846 | val_f1 0.8657 | grad(main/disc) 11.466/1.538 | lr(main/disc) 1.75e-05/8.75e-06 | 50.6s
2026-08-21 00:10:45 | Epoch 046/100 | loss 2.9327 | cls 1.4001 | tal -0.1086 | dual_g 1.5652 | dual_d 0.8241 | train_acc 1.0000 | train_full 0.9583 | val_acc 0.9231 | val_f1 0.9111 | grad(main/disc) 15.764/1.620 | lr(main/disc) 1.75e-05/8.75e-06 | 51.4s
2026-08-21 00:11:37 | Epoch 047/100 | loss 2.8191 | cls 1.3391 | tal -0.1946 | dual_g 1.5384 | dual_d 0.7964 | train_acc 0.9922 | train_full 0.9479 | val_acc 0.8077 | val_f1 0.7685 | grad(main/disc) 13.044/1.595 | lr(main/disc) 1.75e-05/8.75e-06 | 52.2s
2026-08-21 00:11:37 | Early stopping at epoch 47 after 9 epochs without val_f1_macro_present improvement.
2026-08-21 00:11:37 | Training complete. Best validation accuracy: 0.9231 | best val_f1_macro_present: 0.9148
2026-08-21 00:11:37 | Starting Dual_D standalone training
2026-08-21 00:11:37 | Run directory: runs/dual_d_雨天_iter03_20260820_204156
2026-08-21 00:11:37 | Device: cuda
2026-08-21 00:11:37 | Source train samples: 992
2026-08-21 00:11:37 | Target train samples: 96
2026-08-21 00:11:37 | Target val samples: 26
2026-08-21 00:11:37 | Classes: 14
2026-08-21 00:11:37 | Data audit: same_dir=False | path_overlap(vis/ir/ais)=0/0/0 | content_overlap(vis/ir/ais)=0/0/0 | ais_index_overlap=0 | stem_mismatch(vis-ir/vis-ais)=117/0
2026-08-21 00:11:37 | source_train classes: present 14/14 | absent 0 | counts [0:120, 1:44, 2:69, 3:45, 4:40, 5:30, 6:64, 7:80, 8:116, 9:68, 10:57, 11:83, 12:48, 13:128]
2026-08-21 00:11:37 | target_train classes: present 6/14 | absent 8 | counts [0:7, 2:19, 9:32, 10:12, 11:6, 13:20]
2026-08-21 00:11:37 | target_val classes: present 6/14 | absent 8 | counts [0:2, 2:5, 9:8, 10:4, 11:2, 13:5]
2026-08-21 00:11:37 | Paired training classes: 6/14 | class ids [0, 2, 9, 10, 11, 13]
2026-08-21 00:11:37 | VIS/IR pairing: class-level-unpaired | count-mismatch classes train/val: 10/0 | AIS alignment: none | AIS rows train/val: 0/0
2026-08-21 00:11:39 | Model parameters: total=17277714 | trainable=17120210
Starting run 6/6: domain=雨天, iteration=3, seed=47
2026-08-21 00:12:30 | Epoch 001/100 | loss 10.0750 | cls 5.3074 | tal -0.0111 | dual_g 4.7709 | dual_d 0.0000 | train_acc 0.1484 | train_full 0.0312 | val_acc 0.0385 | val_f1 0.0123 | grad(main/disc) 32.068/0.000 | lr(main/disc) 7.00e-05/3.50e-05 | 50.6s
2026-08-21 00:12:30 | New best val_f1_macro_present: 0.0123 at epoch 1
2026-08-21 00:13:21 | Epoch 002/100 | loss 8.6211 | cls 4.4741 | tal 0.0561 | dual_g 4.1301 | dual_d 0.0000 | train_acc 0.2344 | train_full 0.0312 | val_acc 0.0385 | val_f1 0.0145 | grad(main/disc) 28.231/0.000 | lr(main/disc) 7.00e-05/3.50e-05 | 51.1s
2026-08-21 00:13:21 | New best val_f1_macro_present: 0.0145 at epoch 2
2026-08-21 00:14:12 | Epoch 003/100 | loss 7.5834 | cls 3.8708 | tal 0.0962 | dual_g 3.6837 | dual_d 0.0000 | train_acc 0.3203 | train_full 0.2188 | val_acc 0.1154 | val_f1 0.0435 | grad(main/disc) 23.647/0.000 | lr(main/disc) 7.00e-05/3.50e-05 | 50.9s
2026-08-21 00:14:12 | New best val_f1_macro_present: 0.0435 at epoch 3
2026-08-21 00:15:02 | Epoch 004/100 | loss 6.9150 | cls 3.4850 | tal 0.0297 | dual_g 3.4211 | dual_d 0.0000 | train_acc 0.3359 | train_full 0.1979 | val_acc 0.1923 | val_f1 0.1013 | grad(main/disc) 22.560/0.000 | lr(main/disc) 7.00e-05/3.50e-05 | 50.0s
2026-08-21 00:15:02 | New best val_f1_macro_present: 0.1013 at epoch 4
2026-08-21 00:15:53 | Epoch 005/100 | loss 6.1198 | cls 3.0501 | tal 0.0459 | dual_g 3.0560 | dual_d 0.0000 | train_acc 0.4766 | train_full 0.1667 | val_acc 0.1538 | val_f1 0.0827 | grad(main/disc) 19.596/0.000 | lr(main/disc) 7.00e-05/3.50e-05 | 51.9s
2026-08-21 00:16:44 | Epoch 006/100 | loss 5.7364 | cls 2.9133 | tal -0.0777 | dual_g 2.8464 | dual_d 0.8916 | train_acc 0.4922 | train_full 0.2292 | val_acc 0.1923 | val_f1 0.1157 | grad(main/disc) 19.157/2.036 | lr(main/disc) 7.00e-05/3.50e-05 | 50.5s
2026-08-21 00:16:44 | New best val_f1_macro_present: 0.1157 at epoch 6
2026-08-21 00:17:35 | Epoch 007/100 | loss 5.6152 | cls 2.8339 | tal -0.0984 | dual_g 2.8108 | dual_d 0.9214 | train_acc 0.5312 | train_full 0.2604 | val_acc 0.2308 | val_f1 0.1389 | grad(main/disc) 18.864/2.100 | lr(main/disc) 7.00e-05/3.50e-05 | 50.9s
2026-08-21 00:17:35 | New best val_f1_macro_present: 0.1389 at epoch 7
2026-08-21 00:18:25 | Epoch 008/100 | loss 5.0078 | cls 2.5432 | tal -0.1715 | dual_g 2.5160 | dual_d 0.9041 | train_acc 0.5938 | train_full 0.2500 | val_acc 0.2692 | val_f1 0.2148 | grad(main/disc) 17.684/2.011 | lr(main/disc) 7.00e-05/3.50e-05 | 50.1s
2026-08-21 00:18:25 | New best val_f1_macro_present: 0.2148 at epoch 8
2026-08-21 00:19:16 | Epoch 009/100 | loss 4.8449 | cls 2.4468 | tal -0.0790 | dual_g 2.4218 | dual_d 0.7963 | train_acc 0.6953 | train_full 0.3229 | val_acc 0.3462 | val_f1 0.2761 | grad(main/disc) 17.490/1.850 | lr(main/disc) 7.00e-05/3.50e-05 | 50.6s
2026-08-21 00:19:16 | New best val_f1_macro_present: 0.2761 at epoch 9
2026-08-21 00:20:05 | Epoch 010/100 | loss 4.8496 | cls 2.4009 | tal -0.1095 | dual_g 2.4816 | dual_d 0.8511 | train_acc 0.6641 | train_full 0.4271 | val_acc 0.3846 | val_f1 0.3047 | grad(main/disc) 18.880/1.832 | lr(main/disc) 7.00e-05/3.50e-05 | 49.9s
2026-08-21 00:20:05 | New best val_f1_macro_present: 0.3047 at epoch 10
2026-08-21 00:20:57 | Epoch 011/100 | loss 4.7238 | cls 2.2951 | tal -0.0396 | dual_g 2.4406 | dual_d 0.8219 | train_acc 0.7500 | train_full 0.5104 | val_acc 0.4231 | val_f1 0.3258 | grad(main/disc) 17.394/1.907 | lr(main/disc) 7.00e-05/3.50e-05 | 51.5s
2026-08-21 00:20:57 | New best val_f1_macro_present: 0.3258 at epoch 11
2026-08-21 00:21:48 | Epoch 012/100 | loss 4.4137 | cls 2.1252 | tal -0.0910 | dual_g 2.3157 | dual_d 0.7884 | train_acc 0.7500 | train_full 0.4688 | val_acc 0.4615 | val_f1 0.3774 | grad(main/disc) 17.739/1.842 | lr(main/disc) 7.00e-05/3.50e-05 | 51.0s
2026-08-21 00:21:48 | New best val_f1_macro_present: 0.3774 at epoch 12
2026-08-21 00:22:40 | Epoch 013/100 | loss 4.3120 | cls 2.1366 | tal -0.1134 | dual_g 2.2094 | dual_d 0.8323 | train_acc 0.7578 | train_full 0.5208 | val_acc 0.5000 | val_f1 0.4076 | grad(main/disc) 17.613/1.768 | lr(main/disc) 7.00e-05/3.50e-05 | 52.0s
2026-08-21 00:22:40 | New best val_f1_macro_present: 0.4076 at epoch 13
2026-08-21 00:23:31 | Epoch 014/100 | loss 4.0097 | cls 2.0111 | tal -0.1676 | dual_g 2.0489 | dual_d 0.8477 | train_acc 0.8516 | train_full 0.4271 | val_acc 0.3462 | val_f1 0.2834 | grad(main/disc) 16.876/1.906 | lr(main/disc) 7.00e-05/3.50e-05 | 51.1s
2026-08-21 00:24:20 | Epoch 015/100 | loss 3.8234 | cls 1.8282 | tal -0.1220 | dual_g 2.0318 | dual_d 0.8206 | train_acc 0.8828 | train_full 0.6042 | val_acc 0.4615 | val_f1 0.4789 | grad(main/disc) 15.361/1.813 | lr(main/disc) 7.00e-05/3.50e-05 | 49.2s
2026-08-21 00:24:20 | New best val_f1_macro_present: 0.4789 at epoch 15
2026-08-21 00:25:12 | Epoch 016/100 | loss 3.5897 | cls 1.7292 | tal -0.1664 | dual_g 1.9105 | dual_d 0.7825 | train_acc 0.8594 | train_full 0.8229 | val_acc 0.6923 | val_f1 0.7242 | grad(main/disc) 14.809/1.728 | lr(main/disc) 7.00e-05/3.50e-05 | 52.3s
2026-08-21 00:25:12 | New best val_f1_macro_present: 0.7242 at epoch 16
2026-08-21 00:26:03 | Epoch 017/100 | loss 3.5066 | cls 1.6989 | tal -0.1674 | dual_g 1.8579 | dual_d 0.8297 | train_acc 0.8906 | train_full 0.8021 | val_acc 0.6538 | val_f1 0.6890 | grad(main/disc) 14.170/1.745 | lr(main/disc) 7.00e-05/3.50e-05 | 51.0s
2026-08-21 00:26:54 | Epoch 018/100 | loss 3.6475 | cls 1.7344 | tal -0.1973 | dual_g 1.9723 | dual_d 0.8104 | train_acc 0.8984 | train_full 0.8229 | val_acc 0.6538 | val_f1 0.6900 | grad(main/disc) 15.458/1.630 | lr(main/disc) 7.00e-05/3.50e-05 | 50.2s
2026-08-21 00:27:43 | Epoch 019/100 | loss 3.7229 | cls 1.8189 | tal -0.0994 | dual_g 1.9338 | dual_d 0.7795 | train_acc 0.8516 | train_full 0.8125 | val_acc 0.6538 | val_f1 0.5865 | grad(main/disc) 20.920/1.643 | lr(main/disc) 7.00e-05/3.50e-05 | 49.6s
2026-08-21 00:28:35 | Epoch 020/100 | loss 3.3315 | cls 1.6532 | tal -0.1974 | dual_g 1.7375 | dual_d 0.7814 | train_acc 0.9531 | train_full 0.7812 | val_acc 0.6538 | val_f1 0.6801 | grad(main/disc) 16.968/1.655 | lr(main/disc) 7.00e-05/3.50e-05 | 51.4s
2026-08-21 00:29:26 | Epoch 021/100 | loss 3.5392 | cls 1.7421 | tal -0.1028 | dual_g 1.8279 | dual_d 0.8290 | train_acc 0.9453 | train_full 0.8125 | val_acc 0.6923 | val_f1 0.7241 | grad(main/disc) 17.112/1.773 | lr(main/disc) 7.00e-05/3.50e-05 | 51.4s
2026-08-21 00:30:15 | Epoch 022/100 | loss 3.3369 | cls 1.5687 | tal -0.1059 | dual_g 1.8001 | dual_d 0.7782 | train_acc 0.9453 | train_full 0.8438 | val_acc 0.8077 | val_f1 0.8188 | grad(main/disc) 15.789/1.577 | lr(main/disc) 7.00e-05/3.50e-05 | 49.2s
2026-08-21 00:30:15 | New best val_f1_macro_present: 0.8188 at epoch 22
2026-08-21 00:31:06 | Epoch 023/100 | loss 3.6040 | cls 1.7426 | tal -0.0862 | dual_g 1.8873 | dual_d 0.7599 | train_acc 0.8594 | train_full 0.9167 | val_acc 0.8462 | val_f1 0.8541 | grad(main/disc) 18.153/1.531 | lr(main/disc) 7.00e-05/3.50e-05 | 50.7s
2026-08-21 00:31:06 | New best val_f1_macro_present: 0.8541 at epoch 23
2026-08-21 00:31:58 | Epoch 024/100 | loss 3.4477 | cls 1.6535 | tal -0.0605 | dual_g 1.8124 | dual_d 0.7776 | train_acc 0.9609 | train_full 0.8125 | val_acc 0.8077 | val_f1 0.8249 | grad(main/disc) 17.314/1.616 | lr(main/disc) 7.00e-05/3.50e-05 | 52.0s
2026-08-21 00:32:50 | Epoch 025/100 | loss 3.2055 | cls 1.5593 | tal -0.0829 | dual_g 1.6711 | dual_d 0.7381 | train_acc 0.9375 | train_full 0.8438 | val_acc 0.7692 | val_f1 0.7878 | grad(main/disc) 12.933/1.592 | lr(main/disc) 7.00e-05/3.50e-05 | 52.2s
2026-08-21 00:33:39 | Epoch 026/100 | loss 3.2404 | cls 1.5203 | tal -0.1462 | dual_g 1.7640 | dual_d 0.8298 | train_acc 0.9609 | train_full 0.8333 | val_acc 0.7692 | val_f1 0.7856 | grad(main/disc) 12.437/1.679 | lr(main/disc) 7.00e-05/3.50e-05 | 48.3s
2026-08-21 00:34:29 | Epoch 027/100 | loss 3.1554 | cls 1.4938 | tal -0.1163 | dual_g 1.6965 | dual_d 0.8053 | train_acc 0.9766 | train_full 0.7917 | val_acc 0.7692 | val_f1 0.7902 | grad(main/disc) 14.905/1.664 | lr(main/disc) 7.00e-05/3.50e-05 | 50.2s
2026-08-21 00:35:18 | Epoch 028/100 | loss 3.1902 | cls 1.5201 | tal -0.1126 | dual_g 1.7039 | dual_d 0.8109 | train_acc 0.9453 | train_full 0.8542 | val_acc 0.8077 | val_f1 0.8107 | grad(main/disc) 16.352/1.558 | lr(main/disc) 7.00e-05/3.50e-05 | 49.7s
2026-08-21 00:36:10 | Epoch 029/100 | loss 3.1441 | cls 1.5299 | tal -0.1409 | dual_g 1.6565 | dual_d 0.8435 | train_acc 0.9297 | train_full 0.8854 | val_acc 0.8462 | val_f1 0.8512 | grad(main/disc) 16.232/1.619 | lr(main/disc) 7.00e-05/3.50e-05 | 51.4s
2026-08-21 00:37:00 | Epoch 030/100 | loss 3.0750 | cls 1.4882 | tal -0.1401 | dual_g 1.6288 | dual_d 0.8561 | train_acc 0.9609 | train_full 0.8646 | val_acc 0.7692 | val_f1 0.6567 | grad(main/disc) 11.803/1.587 | lr(main/disc) 3.50e-05/1.75e-05 | 49.9s
2026-08-21 00:37:52 | Epoch 031/100 | loss 3.0736 | cls 1.4536 | tal -0.1215 | dual_g 1.6564 | dual_d 0.8590 | train_acc 0.9688 | train_full 0.8438 | val_acc 0.6923 | val_f1 0.6012 | grad(main/disc) 14.155/1.665 | lr(main/disc) 3.50e-05/1.75e-05 | 52.2s
2026-08-21 00:38:43 | Epoch 032/100 | loss 3.0178 | cls 1.4809 | tal -0.1554 | dual_g 1.5836 | dual_d 0.8927 | train_acc 0.9531 | train_full 0.8542 | val_acc 0.8077 | val_f1 0.8176 | grad(main/disc) 11.771/1.776 | lr(main/disc) 3.50e-05/1.75e-05 | 50.9s
2026-08-21 00:38:43 | Early stopping at epoch 32 after 9 epochs without val_f1_macro_present improvement.
2026-08-21 00:38:43 | Training complete. Best validation accuracy: 0.8462 | best val_f1_macro_present: 0.8541
Dual_D experiment matrix complete.
Batch summary: runs/batch_summary_20260820_204156.json
逆光: best val acc 0.9910 ± 0.0127 over 3 run(s)
雨天: best val acc 0.8846 ± 0.0314 over 3 run(s)
