2026-08-29 22:39:55 | Starting Dual_D standalone training
2026-08-29 22:39:55 | Run directory: runs/module_c_ablation_60_v8/module_c_20260829_205331/module_c_no_identity_雨天_20260829_221218
2026-08-29 22:39:55 | Device: cuda
2026-08-29 22:39:55 | Source train samples: 992
2026-08-29 22:39:55 | Target train samples: 96
2026-08-29 22:39:55 | Target val samples: 26
2026-08-29 22:39:55 | Classes: 14
2026-08-29 22:39:55 | Data audit: same_dir=False | path_overlap(vis/ir/ais)=0/0/0 | content_overlap(vis/ir/ais)=0/0/0 | ais_index_overlap=0 | stem_mismatch(vis-ir/vis-ais)=117/0
2026-08-29 22:39:55 | source_train classes: present 14/14 | absent 0 | counts [0:120, 1:44, 2:69, 3:45, 4:40, 5:30, 6:64, 7:80, 8:116, 9:68, 10:57, 11:83, 12:48, 13:128]
2026-08-29 22:39:55 | target_train classes: present 6/14 | absent 8 | counts [0:7, 2:19, 9:32, 10:12, 11:6, 13:20]
2026-08-29 22:39:55 | target_val classes: present 6/14 | absent 8 | counts [0:2, 2:5, 9:8, 10:4, 11:2, 13:5]
2026-08-29 22:39:55 | Paired training classes: 6/14 | class ids [0, 2, 9, 10, 11, 13]
2026-08-29 22:39:55 | Runtime profile: batch=92 | paired_steps=4 | workers=16 | train_eval_every=5 | raw_eval_every=5 | stability_window=3 | lr_scheduler_start=28 | early_stop=20 after min_epoch=50
2026-08-29 22:39:55 | VIS/IR pairing: class-level-unpaired | count-mismatch classes train/val: 10/0 | AIS alignment: none | AIS rows train/val: 0/0
2026-08-29 22:39:56 | Effective Dual-D loss weights: {"adv_auxiliary": 0.02, "adv_primary": 0.02, "classification": 0.6, "contrastive": 0.025, "cycle": 0.12, "identity": 0.0, "prototype_contrastive": 0.03}
2026-08-29 22:39:56 | Model parameters: total=17277714 | trainable=17120210
2026-08-29 22:40:00 | Epoch 001/060 | loss 6.0781 | cls 6.0900 | tal -0.0396 | dual_g 0.0000 | dual_d 0.0000 | train_acc 0.0815 | train_full 0.0833 | val_acc 0.0385 | val_f1 0.0167 | adv/moduleC 0.00/0.00 | disc_steps 0 | grad(main/disc) 18.973/0.000 | lr(main/disc) 8.50e-05/2.75e-05 | cuda_peak(alloc/resv) 21.77/28.18GB | phase(train/val/raw/train_eval) 3.4/0.4/0.4/0.6s | 4.7s
2026-08-29 22:40:04 | Epoch 002/060 | loss 4.6308 | cls 4.6862 | tal -0.1846 | dual_g 0.0000 | dual_d 0.0000 | train_acc 0.2120 | train_full n/a | val_acc 0.1154 | val_f1 0.0733 | adv/moduleC 0.00/0.00 | disc_steps 0 | grad(main/disc) 15.025/0.000 | lr(main/disc) 8.50e-05/2.75e-05 | cuda_peak(alloc/resv) 21.77/28.18GB | phase(train/val/raw/train_eval) 2.8/0.4/0.0/0.0s | 3.1s
2026-08-29 22:40:07 | Epoch 003/060 | loss 3.7881 | cls 3.8431 | tal -0.1833 | dual_g 0.0000 | dual_d 0.0000 | train_acc 0.4022 | train_full n/a | val_acc 0.1538 | val_f1 0.1381 | adv/moduleC 0.00/0.00 | disc_steps 0 | grad(main/disc) 11.897/0.000 | lr(main/disc) 8.50e-05/2.75e-05 | cuda_peak(alloc/resv) 21.77/28.18GB | phase(train/val/raw/train_eval) 3.0/0.4/0.4/0.0s | 3.8s
2026-08-29 22:40:10 | New best val_f1_macro_present: raw=0.1381 stable_score=0.0167 at epoch 3
2026-08-29 22:40:14 | Epoch 004/060 | loss 3.2944 | cls 3.3584 | tal -0.2135 | dual_g 0.0000 | dual_d 0.0000 | train_acc 0.5136 | train_full n/a | val_acc 0.1154 | val_f1 0.1222 | adv/moduleC 0.00/0.00 | disc_steps 0 | grad(main/disc) 11.038/0.000 | lr(main/disc) 8.50e-05/2.75e-05 | cuda_peak(alloc/resv) 21.77/28.18GB | phase(train/val/raw/train_eval) 3.0/0.4/0.4/0.0s | 3.8s
2026-08-29 22:40:17 | New best val_f1_macro_present: raw=0.1222 stable_score=0.0733 at epoch 4
2026-08-29 22:40:21 | Epoch 005/060 | loss 3.1418 | cls 2.9162 | tal -0.1437 | dual_g 0.2687 | dual_d 0.0000 | train_acc 0.6196 | train_full 0.0938 | val_acc 0.1538 | val_f1 0.1185 | adv/moduleC 0.00/0.12 | disc_steps 0 | grad(main/disc) 9.846/0.000 | lr(main/disc) 8.50e-05/2.75e-05 | cuda_peak(alloc/resv) 21.77/28.18GB | phase(train/val/raw/train_eval) 3.0/0.4/0.4/0.6s | 4.4s
2026-08-29 22:40:24 | New best val_f1_macro_present: raw=0.1185 stable_score=0.1185 at epoch 5
2026-08-29 22:40:27 | Epoch 006/060 | loss 3.1643 | cls 2.7290 | tal -0.1470 | dual_g 0.4794 | dual_d 0.0000 | train_acc 0.6413 | train_full n/a | val_acc 0.2308 | val_f1 0.1581 | adv/moduleC 0.00/0.25 | disc_steps 0 | grad(main/disc) 9.873/0.000 | lr(main/disc) 8.50e-05/2.75e-05 | cuda_peak(alloc/resv) 21.77/28.18GB | phase(train/val/raw/train_eval) 2.9/0.4/0.0/0.0s | 3.3s
2026-08-29 22:40:31 | Epoch 007/060 | loss 3.0620 | cls 2.4485 | tal -0.0831 | dual_g 0.6384 | dual_d 1.0323 | train_acc 0.7283 | train_full n/a | val_acc 0.2692 | val_f1 0.1875 | adv/moduleC 0.07/0.38 | disc_steps 2 | grad(main/disc) 9.478/1.974 | lr(main/disc) 8.50e-05/2.75e-05 | cuda_peak(alloc/resv) 21.77/28.18GB | phase(train/val/raw/train_eval) 3.1/0.4/0.0/0.0s | 3.5s
2026-08-29 22:40:34 | Epoch 008/060 | loss 2.9891 | cls 2.2280 | tal -0.1333 | dual_g 0.8011 | dual_d 1.0041 | train_acc 0.8043 | train_full n/a | val_acc 0.3077 | val_f1 0.2452 | adv/moduleC 0.13/0.50 | disc_steps 2 | grad(main/disc) 9.763/2.009 | lr(main/disc) 8.50e-05/2.75e-05 | cuda_peak(alloc/resv) 21.77/28.18GB | phase(train/val/raw/train_eval) 2.7/0.4/0.4/0.0s | 3.5s
2026-08-29 22:40:37 | New best val_f1_macro_present: raw=0.2452 stable_score=0.1581 at epoch 8
2026-08-29 22:40:40 | Epoch 009/060 | loss 2.8552 | cls 2.0033 | tal -0.1159 | dual_g 0.8867 | dual_d 1.0043 | train_acc 0.8832 | train_full n/a | val_acc 0.3846 | val_f1 0.3202 | adv/moduleC 0.20/0.62 | disc_steps 2 | grad(main/disc) 8.586/1.934 | lr(main/disc) 8.50e-05/2.75e-05 | cuda_peak(alloc/resv) 21.77/28.18GB | phase(train/val/raw/train_eval) 3.0/0.4/0.4/0.0s | 3.8s
2026-08-29 22:40:43 | New best val_f1_macro_present: raw=0.3202 stable_score=0.1875 at epoch 9
2026-08-29 22:40:48 | Epoch 010/060 | loss 2.9293 | cls 1.9262 | tal -0.1001 | dual_g 1.0331 | dual_d 0.9965 | train_acc 0.8641 | train_full 0.3229 | val_acc 0.3077 | val_f1 0.2354 | adv/moduleC 0.27/0.75 | disc_steps 2 | grad(main/disc) 9.801/1.857 | lr(main/disc) 8.50e-05/2.75e-05 | cuda_peak(alloc/resv) 21.77/28.18GB | phase(train/val/raw/train_eval) 3.0/0.4/0.4/0.6s | 4.4s
2026-08-29 22:40:50 | New best val_f1_macro_present: raw=0.2354 stable_score=0.2354 at epoch 10
2026-08-29 22:40:54 | Epoch 011/060 | loss 2.8771 | cls 1.7983 | tal -0.1642 | dual_g 1.1280 | dual_d 1.0060 | train_acc 0.9239 | train_full n/a | val_acc 0.3462 | val_f1 0.2679 | adv/moduleC 0.33/0.88 | disc_steps 2 | grad(main/disc) 8.766/1.856 | lr(main/disc) 8.50e-05/2.75e-05 | cuda_peak(alloc/resv) 21.77/28.18GB | phase(train/val/raw/train_eval) 2.8/0.4/0.0/0.0s | 3.2s
2026-08-29 22:40:57 | Epoch 012/060 | loss 2.8570 | cls 1.6970 | tal -0.1520 | dual_g 1.2056 | dual_d 0.9276 | train_acc 0.9402 | train_full n/a | val_acc 0.3846 | val_f1 0.3826 | adv/moduleC 0.40/1.00 | disc_steps 2 | grad(main/disc) 9.961/1.753 | lr(main/disc) 8.50e-05/2.75e-05 | cuda_peak(alloc/resv) 21.77/28.18GB | phase(train/val/raw/train_eval) 3.3/0.4/0.0/0.0s | 3.6s
2026-08-29 22:41:01 | Epoch 013/060 | loss 2.6421 | cls 1.5595 | tal -0.1536 | dual_g 1.1287 | dual_d 0.9577 | train_acc 0.9565 | train_full n/a | val_acc 0.5000 | val_f1 0.5369 | adv/moduleC 0.47/1.00 | disc_steps 2 | grad(main/disc) 8.170/1.803 | lr(main/disc) 8.50e-05/2.75e-05 | cuda_peak(alloc/resv) 21.77/28.18GB | phase(train/val/raw/train_eval) 3.2/0.4/0.4/0.0s | 4.0s
2026-08-29 22:41:04 | New best val_f1_macro_present: raw=0.5369 stable_score=0.2679 at epoch 13
2026-08-29 22:41:07 | Epoch 014/060 | loss 2.5557 | cls 1.5107 | tal -0.1435 | dual_g 1.0881 | dual_d 1.0078 | train_acc 0.9728 | train_full n/a | val_acc 0.6154 | val_f1 0.6721 | adv/moduleC 0.53/1.00 | disc_steps 2 | grad(main/disc) 6.801/1.788 | lr(main/disc) 8.50e-05/2.75e-05 | cuda_peak(alloc/resv) 21.77/28.18GB | phase(train/val/raw/train_eval) 2.8/0.4/0.4/0.0s | 3.6s
2026-08-29 22:41:10 | New best val_f1_macro_present: raw=0.6721 stable_score=0.3826 at epoch 14
2026-08-29 22:41:15 | Epoch 015/060 | loss 2.5928 | cls 1.5370 | tal -0.1658 | dual_g 1.1056 | dual_d 0.9298 | train_acc 0.9728 | train_full 0.6354 | val_acc 0.4615 | val_f1 0.4948 | adv/moduleC 0.60/1.00 | disc_steps 2 | grad(main/disc) 10.731/1.734 | lr(main/disc) 8.50e-05/2.75e-05 | cuda_peak(alloc/resv) 21.77/28.18GB | phase(train/val/raw/train_eval) 3.0/0.4/0.4/0.6s | 4.4s
2026-08-29 22:41:17 | New best val_f1_macro_present: raw=0.4948 stable_score=0.4948 at epoch 15
2026-08-29 22:41:20 | Epoch 016/060 | loss 2.4353 | cls 1.4497 | tal -0.1706 | dual_g 1.0368 | dual_d 0.9058 | train_acc 0.9810 | train_full n/a | val_acc 0.6154 | val_f1 0.6599 | adv/moduleC 0.67/1.00 | disc_steps 2 | grad(main/disc) 7.464/1.672 | lr(main/disc) 8.50e-05/2.75e-05 | cuda_peak(alloc/resv) 21.77/28.18GB | phase(train/val/raw/train_eval) 2.6/0.4/0.0/0.0s | 3.0s
2026-08-29 22:41:24 | Epoch 017/060 | loss 2.3871 | cls 1.4179 | tal -0.2034 | dual_g 1.0302 | dual_d 0.9049 | train_acc 0.9701 | train_full n/a | val_acc 0.6923 | val_f1 0.7078 | adv/moduleC 0.73/1.00 | disc_steps 2 | grad(main/disc) 7.439/1.662 | lr(main/disc) 8.50e-05/2.75e-05 | cuda_peak(alloc/resv) 21.77/28.18GB | phase(train/val/raw/train_eval) 3.4/0.4/0.0/0.0s | 3.8s
2026-08-29 22:41:28 | Epoch 018/060 | loss 2.3486 | cls 1.3895 | tal -0.1544 | dual_g 1.0055 | dual_d 0.9556 | train_acc 0.9891 | train_full n/a | val_acc 0.8077 | val_f1 0.8271 | adv/moduleC 0.80/1.00 | disc_steps 2 | grad(main/disc) 8.152/1.656 | lr(main/disc) 8.50e-05/2.75e-05 | cuda_peak(alloc/resv) 21.77/28.18GB | phase(train/val/raw/train_eval) 3.1/0.4/0.4/0.0s | 3.9s
2026-08-29 22:41:31 | New best val_f1_macro_present: raw=0.8271 stable_score=0.6599 at epoch 18
2026-08-29 22:41:35 | Epoch 019/060 | loss 2.3219 | cls 1.3673 | tal -0.1687 | dual_g 1.0053 | dual_d 0.9727 | train_acc 0.9891 | train_full n/a | val_acc 0.8846 | val_f1 0.8852 | adv/moduleC 0.87/1.00 | disc_steps 2 | grad(main/disc) 7.242/1.713 | lr(main/disc) 8.50e-05/2.75e-05 | cuda_peak(alloc/resv) 21.77/28.18GB | phase(train/val/raw/train_eval) 3.0/0.4/0.4/0.0s | 3.8s
2026-08-29 22:41:37 | New best val_f1_macro_present: raw=0.8852 stable_score=0.7078 at epoch 19
2026-08-29 22:41:41 | Epoch 020/060 | loss 2.3146 | cls 1.3736 | tal -0.1781 | dual_g 0.9944 | dual_d 1.0156 | train_acc 0.9837 | train_full 0.8646 | val_acc 0.8077 | val_f1 0.8122 | adv/moduleC 0.93/1.00 | disc_steps 2 | grad(main/disc) 6.557/1.778 | lr(main/disc) 8.50e-05/2.75e-05 | cuda_peak(alloc/resv) 21.77/28.18GB | phase(train/val/raw/train_eval) 2.8/0.4/0.4/0.6s | 4.2s
2026-08-29 22:41:44 | New best val_f1_macro_present: raw=0.8122 stable_score=0.8122 at epoch 20
2026-08-29 22:41:47 | Epoch 021/060 | loss 2.2845 | cls 1.3556 | tal -0.1991 | dual_g 0.9886 | dual_d 1.0007 | train_acc 0.9946 | train_full n/a | val_acc 0.8077 | val_f1 0.7942 | adv/moduleC 1.00/1.00 | disc_steps 2 | grad(main/disc) 7.105/1.704 | lr(main/disc) 8.50e-05/2.75e-05 | cuda_peak(alloc/resv) 21.77/28.18GB | phase(train/val/raw/train_eval) 2.8/0.4/0.0/0.0s | 3.2s
2026-08-29 22:41:51 | Epoch 022/060 | loss 2.2729 | cls 1.3529 | tal -0.2148 | dual_g 0.9844 | dual_d 1.0113 | train_acc 0.9891 | train_full n/a | val_acc 0.7308 | val_f1 0.7585 | adv/moduleC 1.00/1.00 | disc_steps 2 | grad(main/disc) 8.515/1.700 | lr(main/disc) 8.50e-05/2.75e-05 | cuda_peak(alloc/resv) 21.77/28.18GB | phase(train/val/raw/train_eval) 2.8/0.4/0.0/0.0s | 3.2s
2026-08-29 22:41:54 | Epoch 023/060 | loss 2.2274 | cls 1.3288 | tal -0.1782 | dual_g 0.9521 | dual_d 0.9837 | train_acc 1.0000 | train_full n/a | val_acc 0.8846 | val_f1 0.8852 | adv/moduleC 1.00/1.00 | disc_steps 2 | grad(main/disc) 5.869/1.621 | lr(main/disc) 8.50e-05/2.75e-05 | cuda_peak(alloc/resv) 21.77/28.18GB | phase(train/val/raw/train_eval) 3.0/0.4/0.0/0.0s | 3.4s
2026-08-29 22:41:57 | Epoch 024/060 | loss 2.2993 | cls 1.3536 | tal -0.1363 | dual_g 0.9866 | dual_d 1.0115 | train_acc 0.9810 | train_full n/a | val_acc 0.9615 | val_f1 0.9481 | adv/moduleC 1.00/1.00 | disc_steps 2 | grad(main/disc) 8.258/1.674 | lr(main/disc) 8.50e-05/2.75e-05 | cuda_peak(alloc/resv) 21.77/28.18GB | phase(train/val/raw/train_eval) 2.9/0.4/0.0/0.0s | 3.3s
2026-08-29 22:42:02 | Epoch 025/060 | loss 2.1847 | cls 1.2886 | tal -0.1495 | dual_g 0.9410 | dual_d 1.0241 | train_acc 0.9918 | train_full 0.8958 | val_acc 0.8846 | val_f1 0.8852 | adv/moduleC 1.00/1.00 | disc_steps 2 | grad(main/disc) 5.762/1.650 | lr(main/disc) 8.50e-05/2.75e-05 | cuda_peak(alloc/resv) 21.77/28.18GB | phase(train/val/raw/train_eval) 2.9/0.4/0.4/0.6s | 4.3s
2026-08-29 22:42:04 | New best val_f1_macro_present: raw=0.8852 stable_score=0.8852 at epoch 25
2026-08-29 22:42:08 | Epoch 026/060 | loss 2.2000 | cls 1.3190 | tal -0.1797 | dual_g 0.9349 | dual_d 1.0222 | train_acc 0.9973 | train_full n/a | val_acc 0.9231 | val_f1 0.9111 | adv/moduleC 1.00/1.00 | disc_steps 2 | grad(main/disc) 6.152/1.680 | lr(main/disc) 8.50e-05/2.75e-05 | cuda_peak(alloc/resv) 21.77/28.18GB | phase(train/val/raw/train_eval) 3.3/0.4/0.0/0.0s | 3.7s
2026-08-29 22:42:11 | Epoch 027/060 | loss 2.1605 | cls 1.2816 | tal -0.2082 | dual_g 0.9414 | dual_d 1.0484 | train_acc 0.9973 | train_full n/a | val_acc 0.9615 | val_f1 0.9630 | adv/moduleC 1.00/1.00 | disc_steps 2 | grad(main/disc) 5.123/1.657 | lr(main/disc) 8.50e-05/2.75e-05 | cuda_peak(alloc/resv) 21.77/28.18GB | phase(train/val/raw/train_eval) 2.9/0.4/0.0/0.0s | 3.3s
2026-08-29 22:42:15 | Epoch 028/060 | loss 2.1626 | cls 1.2974 | tal -0.2107 | dual_g 0.9284 | dual_d 1.0638 | train_acc 0.9946 | train_full n/a | val_acc 0.8462 | val_f1 0.8499 | adv/moduleC 1.00/1.00 | disc_steps 2 | grad(main/disc) 4.345/1.626 | lr(main/disc) 8.50e-05/2.75e-05 | cuda_peak(alloc/resv) 21.77/28.18GB | phase(train/val/raw/train_eval) 3.0/0.4/0.0/0.0s | 3.4s
2026-08-29 22:42:18 | Epoch 029/060 | loss 2.1526 | cls 1.2894 | tal -0.2179 | dual_g 0.9286 | dual_d 1.0897 | train_acc 0.9918 | train_full n/a | val_acc 0.9231 | val_f1 0.9370 | adv/moduleC 1.00/1.00 | disc_steps 2 | grad(main/disc) 4.499/1.657 | lr(main/disc) 8.50e-05/2.75e-05 | cuda_peak(alloc/resv) 21.77/28.18GB | phase(train/val/raw/train_eval) 2.8/0.4/0.0/0.0s | 3.2s
2026-08-29 22:42:22 | Epoch 030/060 | loss 2.1733 | cls 1.2988 | tal -0.1938 | dual_g 0.9327 | dual_d 1.0821 | train_acc 0.9918 | train_full 0.9688 | val_acc 0.9615 | val_f1 0.9481 | adv/moduleC 1.00/1.00 | disc_steps 2 | grad(main/disc) 5.880/1.651 | lr(main/disc) 8.50e-05/2.75e-05 | cuda_peak(alloc/resv) 21.77/28.18GB | phase(train/val/raw/train_eval) 3.0/0.4/0.4/0.6s | 4.4s
2026-08-29 22:42:26 | Epoch 031/060 | loss 2.1334 | cls 1.2850 | tal -0.2150 | dual_g 0.9129 | dual_d 1.1134 | train_acc 1.0000 | train_full n/a | val_acc 0.9615 | val_f1 0.9630 | adv/moduleC 1.00/1.00 | disc_steps 2 | grad(main/disc) 4.646/1.698 | lr(main/disc) 8.50e-05/2.75e-05 | cuda_peak(alloc/resv) 21.77/28.18GB | phase(train/val/raw/train_eval) 2.8/0.4/0.4/0.0s | 3.6s
2026-08-29 22:42:29 | New best val_f1_macro_present: raw=0.9630 stable_score=0.9370 at epoch 31
2026-08-29 22:42:32 | Epoch 032/060 | loss 2.1092 | cls 1.2731 | tal -0.2418 | dual_g 0.9087 | dual_d 1.0761 | train_acc 0.9946 | train_full n/a | val_acc 0.9615 | val_f1 0.9630 | adv/moduleC 1.00/1.00 | disc_steps 2 | grad(main/disc) 4.433/1.568 | lr(main/disc) 8.50e-05/2.75e-05 | cuda_peak(alloc/resv) 21.77/28.18GB | phase(train/val/raw/train_eval) 2.7/0.4/0.4/0.0s | 3.5s
2026-08-29 22:42:35 | New best val_f1_macro_present: raw=0.9630 stable_score=0.9481 at epoch 32
2026-08-29 22:42:38 | Epoch 033/060 | loss 2.1058 | cls 1.2674 | tal -0.2338 | dual_g 0.9085 | dual_d 1.0565 | train_acc 1.0000 | train_full n/a | val_acc 0.9231 | val_f1 0.9111 | adv/moduleC 1.00/1.00 | disc_steps 2 | grad(main/disc) 3.343/1.572 | lr(main/disc) 8.50e-05/2.75e-05 | cuda_peak(alloc/resv) 21.77/28.18GB | phase(train/val/raw/train_eval) 3.1/0.4/0.0/0.0s | 3.5s
2026-08-29 22:42:41 | Epoch 034/060 | loss 2.0906 | cls 1.2562 | tal -0.2148 | dual_g 0.8989 | dual_d 1.0829 | train_acc 1.0000 | train_full n/a | val_acc 0.8846 | val_f1 0.8731 | adv/moduleC 1.00/1.00 | disc_steps 2 | grad(main/disc) 3.008/1.599 | lr(main/disc) 8.50e-05/2.75e-05 | cuda_peak(alloc/resv) 21.77/28.18GB | phase(train/val/raw/train_eval) 2.6/0.4/0.0/0.0s | 3.0s
2026-08-29 22:42:46 | Epoch 035/060 | loss 2.0920 | cls 1.2626 | tal -0.2298 | dual_g 0.8983 | dual_d 1.1242 | train_acc 0.9973 | train_full 0.9688 | val_acc 0.9231 | val_f1 0.9111 | adv/moduleC 1.00/1.00 | disc_steps 2 | grad(main/disc) 3.630/1.621 | lr(main/disc) 8.50e-05/2.75e-05 | cuda_peak(alloc/resv) 21.77/28.18GB | phase(train/val/raw/train_eval) 3.0/0.4/0.4/0.6s | 4.4s
2026-08-29 22:42:49 | Epoch 036/060 | loss 2.1150 | cls 1.2768 | tal -0.2335 | dual_g 0.9082 | dual_d 1.0551 | train_acc 0.9973 | train_full n/a | val_acc 0.9231 | val_f1 0.9370 | adv/moduleC 1.00/1.00 | disc_steps 2 | grad(main/disc) 4.324/1.540 | lr(main/disc) 8.50e-05/2.75e-05 | cuda_peak(alloc/resv) 21.77/28.18GB | phase(train/val/raw/train_eval) 2.8/0.4/0.0/0.0s | 3.2s
2026-08-29 22:42:52 | Epoch 037/060 | loss 2.0625 | cls 1.2457 | tal -0.2531 | dual_g 0.8927 | dual_d 1.0840 | train_acc 1.0000 | train_full n/a | val_acc 0.9615 | val_f1 0.9630 | adv/moduleC 1.00/1.00 | disc_steps 2 | grad(main/disc) 4.042/1.610 | lr(main/disc) 8.50e-05/2.75e-05 | cuda_peak(alloc/resv) 21.77/28.18GB | phase(train/val/raw/train_eval) 3.1/0.4/0.0/0.0s | 3.5s
2026-08-29 22:42:56 | Epoch 038/060 | loss 2.0647 | cls 1.2474 | tal -0.2144 | dual_g 0.8816 | dual_d 1.1501 | train_acc 1.0000 | train_full n/a | val_acc 0.9231 | val_f1 0.9243 | adv/moduleC 1.00/1.00 | disc_steps 2 | grad(main/disc) 3.009/1.658 | lr(main/disc) 8.50e-05/2.75e-05 | cuda_peak(alloc/resv) 21.77/28.18GB | phase(train/val/raw/train_eval) 3.1/0.4/0.0/0.0s | 3.5s
2026-08-29 22:42:59 | Epoch 039/060 | loss 2.0528 | cls 1.2507 | tal -0.2751 | dual_g 0.8846 | dual_d 1.1336 | train_acc 0.9973 | train_full n/a | val_acc 1.0000 | val_f1 1.0000 | adv/moduleC 1.00/1.00 | disc_steps 2 | grad(main/disc) 2.735/1.617 | lr(main/disc) 8.50e-05/2.75e-05 | cuda_peak(alloc/resv) 21.77/28.18GB | phase(train/val/raw/train_eval) 2.9/0.4/0.0/0.0s | 3.2s
2026-08-29 22:43:03 | Epoch 040/060 | loss 2.0484 | cls 1.2518 | tal -0.2930 | dual_g 0.8846 | dual_d 1.1231 | train_acc 0.9973 | train_full 1.0000 | val_acc 1.0000 | val_f1 1.0000 | adv/moduleC 1.00/1.00 | disc_steps 2 | grad(main/disc) 4.068/1.525 | lr(main/disc) 8.50e-05/2.75e-05 | cuda_peak(alloc/resv) 21.77/28.18GB | phase(train/val/raw/train_eval) 2.9/0.4/0.4/0.6s | 4.3s
2026-08-29 22:43:07 | Epoch 041/060 | loss 2.0207 | cls 1.2256 | tal -0.2728 | dual_g 0.8769 | dual_d 1.1416 | train_acc 1.0000 | train_full n/a | val_acc 1.0000 | val_f1 1.0000 | adv/moduleC 1.00/1.00 | disc_steps 2 | grad(main/disc) 2.387/1.597 | lr(main/disc) 8.50e-05/2.75e-05 | cuda_peak(alloc/resv) 21.77/28.18GB | phase(train/val/raw/train_eval) 2.9/0.4/0.4/0.0s | 3.7s
2026-08-29 22:43:10 | New best val_f1_macro_present: raw=1.0000 stable_score=1.0000 at epoch 41
2026-08-29 22:43:13 | Epoch 042/060 | loss 2.0120 | cls 1.2342 | tal -0.3137 | dual_g 0.8719 | dual_d 1.0966 | train_acc 1.0000 | train_full n/a | val_acc 0.9615 | val_f1 0.9630 | adv/moduleC 1.00/1.00 | disc_steps 2 | grad(main/disc) 2.269/1.519 | lr(main/disc) 8.50e-05/2.75e-05 | cuda_peak(alloc/resv) 21.77/28.18GB | phase(train/val/raw/train_eval) 2.9/0.4/0.0/0.0s | 3.3s
2026-08-29 22:43:16 | Epoch 043/060 | loss 2.0174 | cls 1.2393 | tal -0.3198 | dual_g 0.8740 | dual_d 1.1626 | train_acc 1.0000 | train_full n/a | val_acc 0.9615 | val_f1 0.9630 | adv/moduleC 1.00/1.00 | disc_steps 2 | grad(main/disc) 3.022/1.583 | lr(main/disc) 8.50e-05/2.75e-05 | cuda_peak(alloc/resv) 21.77/28.18GB | phase(train/val/raw/train_eval) 2.8/0.4/0.0/0.0s | 3.2s
2026-08-29 22:43:20 | Epoch 044/060 | loss 2.0260 | cls 1.2373 | tal -0.2884 | dual_g 0.8752 | dual_d 1.1581 | train_acc 1.0000 | train_full n/a | val_acc 0.9615 | val_f1 0.9630 | adv/moduleC 1.00/1.00 | disc_steps 2 | grad(main/disc) 2.783/1.596 | lr(main/disc) 8.50e-05/2.75e-05 | cuda_peak(alloc/resv) 21.77/28.18GB | phase(train/val/raw/train_eval) 2.8/0.4/0.0/0.0s | 3.2s
2026-08-29 22:43:24 | Epoch 045/060 | loss 1.9910 | cls 1.2272 | tal -0.3438 | dual_g 0.8669 | dual_d 1.1478 | train_acc 1.0000 | train_full 0.9896 | val_acc 0.9615 | val_f1 0.9630 | adv/moduleC 1.00/1.00 | disc_steps 2 | grad(main/disc) 2.326/1.540 | lr(main/disc) 8.50e-05/2.75e-05 | cuda_peak(alloc/resv) 21.77/28.18GB | phase(train/val/raw/train_eval) 3.2/0.4/0.4/0.6s | 4.6s
2026-08-29 22:43:28 | Epoch 046/060 | loss 1.9732 | cls 1.2193 | tal -0.3496 | dual_g 0.8587 | dual_d 1.1956 | train_acc 0.9973 | train_full n/a | val_acc 0.9615 | val_f1 0.9630 | adv/moduleC 1.00/1.00 | disc_steps 2 | grad(main/disc) 2.303/1.569 | lr(main/disc) 8.50e-05/2.75e-05 | cuda_peak(alloc/resv) 21.77/28.18GB | phase(train/val/raw/train_eval) 3.2/0.4/0.0/0.0s | 3.6s
2026-08-29 22:43:31 | Epoch 047/060 | loss 1.9909 | cls 1.2275 | tal -0.3392 | dual_g 0.8652 | dual_d 1.1693 | train_acc 0.9973 | train_full n/a | val_acc 0.9615 | val_f1 0.9630 | adv/moduleC 1.00/1.00 | disc_steps 2 | grad(main/disc) 2.819/1.569 | lr(main/disc) 8.50e-05/2.75e-05 | cuda_peak(alloc/resv) 21.77/28.18GB | phase(train/val/raw/train_eval) 3.2/0.4/0.0/0.0s | 3.6s
2026-08-29 22:43:35 | Epoch 048/060 | loss 1.9631 | cls 1.2241 | tal -0.3790 | dual_g 0.8527 | dual_d 1.1552 | train_acc 1.0000 | train_full n/a | val_acc 1.0000 | val_f1 1.0000 | adv/moduleC 1.00/1.00 | disc_steps 2 | grad(main/disc) 2.182/1.582 | lr(main/disc) 8.50e-05/2.75e-05 | cuda_peak(alloc/resv) 21.77/28.18GB | phase(train/val/raw/train_eval) 3.3/0.4/0.0/0.0s | 3.7s
2026-08-29 22:43:38 | Epoch 049/060 | loss 1.9821 | cls 1.2255 | tal -0.3454 | dual_g 0.8602 | dual_d 1.1558 | train_acc 0.9973 | train_full n/a | val_acc 1.0000 | val_f1 1.0000 | adv/moduleC 1.00/1.00 | disc_steps 2 | grad(main/disc) 2.125/1.542 | lr(main/disc) 8.50e-05/2.75e-05 | cuda_peak(alloc/resv) 21.77/28.18GB | phase(train/val/raw/train_eval) 3.0/0.4/0.0/0.0s | 3.4s
2026-08-29 22:43:43 | Epoch 050/060 | loss 1.9761 | cls 1.2241 | tal -0.3476 | dual_g 0.8563 | dual_d 1.2102 | train_acc 1.0000 | train_full 0.9479 | val_acc 0.8846 | val_f1 0.8831 | adv/moduleC 1.00/1.00 | disc_steps 2 | grad(main/disc) 2.181/1.589 | lr(main/disc) 8.50e-05/2.75e-05 | cuda_peak(alloc/resv) 21.77/28.18GB | phase(train/val/raw/train_eval) 2.9/0.4/0.4/0.6s | 4.3s
2026-08-29 22:43:46 | Epoch 051/060 | loss 1.9659 | cls 1.2211 | tal -0.3512 | dual_g 0.8502 | dual_d 1.1430 | train_acc 1.0000 | train_full n/a | val_acc 0.9615 | val_f1 0.9630 | adv/moduleC 1.00/1.00 | disc_steps 2 | grad(main/disc) 2.172/1.545 | lr(main/disc) 8.50e-05/2.75e-05 | cuda_peak(alloc/resv) 21.77/28.18GB | phase(train/val/raw/train_eval) 3.1/0.4/0.0/0.0s | 3.5s
2026-08-29 22:43:50 | Epoch 052/060 | loss 1.9669 | cls 1.2207 | tal -0.3575 | dual_g 0.8535 | dual_d 1.1437 | train_acc 1.0000 | train_full n/a | val_acc 0.9615 | val_f1 0.9630 | adv/moduleC 1.00/1.00 | disc_steps 2 | grad(main/disc) 2.507/1.543 | lr(main/disc) 4.25e-05/1.38e-05 | cuda_peak(alloc/resv) 21.77/28.18GB | phase(train/val/raw/train_eval) 3.0/0.4/0.0/0.0s | 3.3s
2026-08-29 22:43:53 | Epoch 053/060 | loss 1.9480 | cls 1.2086 | tal -0.3629 | dual_g 0.8482 | dual_d 1.2066 | train_acc 1.0000 | train_full n/a | val_acc 0.9615 | val_f1 0.9630 | adv/moduleC 1.00/1.00 | disc_steps 2 | grad(main/disc) 1.768/1.527 | lr(main/disc) 4.25e-05/1.38e-05 | cuda_peak(alloc/resv) 21.77/28.18GB | phase(train/val/raw/train_eval) 3.0/0.4/0.0/0.0s | 3.4s
2026-08-29 22:43:56 | Epoch 054/060 | loss 1.9679 | cls 1.2264 | tal -0.3348 | dual_g 0.8420 | dual_d 1.1530 | train_acc 1.0000 | train_full n/a | val_acc 0.9615 | val_f1 0.9630 | adv/moduleC 1.00/1.00 | disc_steps 2 | grad(main/disc) 2.149/1.527 | lr(main/disc) 4.25e-05/1.38e-05 | cuda_peak(alloc/resv) 21.77/28.18GB | phase(train/val/raw/train_eval) 2.8/0.4/0.0/0.0s | 3.2s
2026-08-29 22:44:01 | Epoch 055/060 | loss 1.9574 | cls 1.2183 | tal -0.3596 | dual_g 0.8470 | dual_d 1.1505 | train_acc 1.0000 | train_full 0.9896 | val_acc 0.9615 | val_f1 0.9630 | adv/moduleC 1.00/1.00 | disc_steps 2 | grad(main/disc) 2.192/1.549 | lr(main/disc) 4.25e-05/1.38e-05 | cuda_peak(alloc/resv) 21.77/28.18GB | phase(train/val/raw/train_eval) 3.1/0.4/0.4/0.6s | 4.5s
2026-08-29 22:44:04 | Epoch 056/060 | loss 1.9729 | cls 1.2283 | tal -0.3281 | dual_g 0.8430 | dual_d 1.1675 | train_acc 0.9946 | train_full n/a | val_acc 0.9615 | val_f1 0.9630 | adv/moduleC 1.00/1.00 | disc_steps 2 | grad(main/disc) 2.485/1.559 | lr(main/disc) 4.25e-05/1.38e-05 | cuda_peak(alloc/resv) 21.77/28.18GB | phase(train/val/raw/train_eval) 3.4/0.4/0.0/0.0s | 3.8s
2026-08-29 22:44:08 | Epoch 057/060 | loss 1.9447 | cls 1.2126 | tal -0.3576 | dual_g 0.8394 | dual_d 1.1461 | train_acc 1.0000 | train_full n/a | val_acc 0.9615 | val_f1 0.9630 | adv/moduleC 1.00/1.00 | disc_steps 2 | grad(main/disc) 2.113/1.509 | lr(main/disc) 4.25e-05/1.38e-05 | cuda_peak(alloc/resv) 21.77/28.18GB | phase(train/val/raw/train_eval) 3.2/0.4/0.0/0.0s | 3.6s
2026-08-29 22:44:11 | Epoch 058/060 | loss 1.9478 | cls 1.2164 | tal -0.3634 | dual_g 0.8405 | dual_d 1.1791 | train_acc 1.0000 | train_full n/a | val_acc 0.9615 | val_f1 0.9630 | adv/moduleC 1.00/1.00 | disc_steps 2 | grad(main/disc) 1.894/1.535 | lr(main/disc) 4.25e-05/1.38e-05 | cuda_peak(alloc/resv) 21.77/28.18GB | phase(train/val/raw/train_eval) 2.4/0.4/0.0/0.0s | 2.8s
2026-08-29 22:44:14 | Epoch 059/060 | loss 1.9391 | cls 1.2029 | tal -0.3501 | dual_g 0.8412 | dual_d 1.1948 | train_acc 1.0000 | train_full n/a | val_acc 0.9615 | val_f1 0.9630 | adv/moduleC 1.00/1.00 | disc_steps 2 | grad(main/disc) 1.446/1.532 | lr(main/disc) 4.25e-05/1.38e-05 | cuda_peak(alloc/resv) 21.77/28.18GB | phase(train/val/raw/train_eval) 3.0/0.4/0.0/0.0s | 3.4s
2026-08-29 22:44:19 | Epoch 060/060 | loss 1.9408 | cls 1.2156 | tal -0.3822 | dual_g 0.8398 | dual_d 1.1433 | train_acc 1.0000 | train_full 0.9792 | val_acc 1.0000 | val_f1 1.0000 | adv/moduleC 1.00/1.00 | disc_steps 2 | grad(main/disc) 2.043/1.486 | lr(main/disc) 4.25e-05/1.38e-05 | cuda_peak(alloc/resv) 21.77/28.18GB | phase(train/val/raw/train_eval) 2.9/0.4/0.4/0.6s | 4.3s
2026-08-29 22:44:19 | Training complete. Peak validation accuracy: 1.0000 | selected val_f1_macro_present: 1.0000
