2026-08-27 15:20:14 | Starting Dual_D standalone training
2026-08-27 15:20:14 | Run directory: runs/module_c_ablation_60_v5/module_c_20260827_121947/module_c_no_paired_contrastive_雾天_20260827_144423
2026-08-27 15:20:14 | Device: cuda
2026-08-27 15:20:14 | Source train samples: 992
2026-08-27 15:20:14 | Target train samples: 507
2026-08-27 15:20:14 | Target val samples: 132
2026-08-27 15:20:14 | Classes: 14
2026-08-27 15:20:14 | Data audit: same_dir=False | path_overlap(vis/ir/ais)=0/0/0 | content_overlap(vis/ir/ais)=0/0/0 | ais_index_overlap=0 | stem_mismatch(vis-ir/vis-ais)=630/0
2026-08-27 15:20:14 | source_train classes: present 14/14 | absent 0 | counts [0:120, 1:44, 2:69, 3:45, 4:40, 5:30, 6:64, 7:80, 8:116, 9:68, 10:57, 11:83, 12:48, 13:128]
2026-08-27 15:20:14 | target_train classes: present 9/14 | absent 5 | counts [0:35, 1:18, 2:119, 6:110, 8:25, 9:50, 10:48, 12:9, 13:93]
2026-08-27 15:20:14 | target_val classes: present 9/14 | absent 5 | counts [0:9, 1:5, 2:30, 6:28, 8:7, 9:13, 10:13, 12:3, 13:24]
2026-08-27 15:20:14 | Paired training classes: 9/14 | class ids [0, 1, 2, 6, 8, 9, 10, 12, 13]
2026-08-27 15:20:14 | Runtime profile: batch=92 | paired_steps=6 | workers=16 | train_eval_every=5 | raw_eval_every=5 | early_stop=15 after min_epoch=48
2026-08-27 15:20:14 | VIS/IR pairing: class-level-unpaired | count-mismatch classes train/val: 10/2 | AIS alignment: none | AIS rows train/val: 0/0
2026-08-27 15:20:14 | Model parameters: total=17277714 | trainable=17120210
2026-08-27 15:20:20 | Epoch 001/060 | loss 5.4168 | cls 5.4167 | tal 0.0004 | dual_g 0.0000 | dual_d 0.0000 | train_acc 0.0743 | train_full 0.0197 | val_acc 0.0303 | val_f1 0.0199 | adv/moduleC 0.00/0.00 | disc_steps 0 | grad(main/disc) 14.362/0.000 | lr(main/disc) 7.00e-05/3.50e-05 | cuda_peak(alloc/resv) 21.77/28.18GB | phase(train/val/raw/train_eval) 3.5/0.6/0.6/0.9s | 5.6s
2026-08-27 15:20:23 | New best val_f1_macro_present: 0.0199 at epoch 1
2026-08-27 15:20:27 | Epoch 002/060 | loss 4.4359 | cls 4.4398 | tal -0.0131 | dual_g 0.0000 | dual_d 0.0000 | train_acc 0.1522 | train_full n/a | val_acc 0.0758 | val_f1 0.0286 | adv/moduleC 0.00/0.00 | disc_steps 0 | grad(main/disc) 11.431/0.000 | lr(main/disc) 7.00e-05/3.50e-05 | cuda_peak(alloc/resv) 21.77/28.18GB | phase(train/val/raw/train_eval) 3.1/0.6/0.6/0.0s | 4.3s
2026-08-27 15:20:30 | New best val_f1_macro_present: 0.0286 at epoch 2
2026-08-27 15:20:34 | Epoch 003/060 | loss 4.0102 | cls 4.0264 | tal -0.0541 | dual_g 0.0000 | dual_d 0.0000 | train_acc 0.1920 | train_full n/a | val_acc 0.1894 | val_f1 0.1581 | adv/moduleC 0.00/0.00 | disc_steps 0 | grad(main/disc) 9.902/0.000 | lr(main/disc) 7.00e-05/3.50e-05 | cuda_peak(alloc/resv) 21.77/28.18GB | phase(train/val/raw/train_eval) 3.0/0.6/0.6/0.0s | 4.3s
2026-08-27 15:20:37 | New best val_f1_macro_present: 0.1581 at epoch 3
2026-08-27 15:20:42 | Epoch 004/060 | loss 3.6237 | cls 3.6462 | tal -0.0751 | dual_g 0.0000 | dual_d 0.0000 | train_acc 0.2192 | train_full n/a | val_acc 0.2652 | val_f1 0.2070 | adv/moduleC 0.00/0.00 | disc_steps 0 | grad(main/disc) 9.044/0.000 | lr(main/disc) 7.00e-05/3.50e-05 | cuda_peak(alloc/resv) 21.77/28.18GB | phase(train/val/raw/train_eval) 3.2/0.6/0.6/0.0s | 4.4s
2026-08-27 15:20:45 | New best val_f1_macro_present: 0.2070 at epoch 4
2026-08-27 15:20:50 | Epoch 005/060 | loss 3.4200 | cls 3.4494 | tal -0.0977 | dual_g 0.0000 | dual_d 0.0000 | train_acc 0.2609 | train_full 0.4043 | val_acc 0.4318 | val_f1 0.3644 | adv/moduleC 0.00/0.00 | disc_steps 0 | grad(main/disc) 8.694/0.000 | lr(main/disc) 7.00e-05/3.50e-05 | cuda_peak(alloc/resv) 21.77/28.18GB | phase(train/val/raw/train_eval) 3.5/0.6/0.6/0.9s | 5.6s
2026-08-27 15:20:53 | New best val_f1_macro_present: 0.3644 at epoch 5
2026-08-27 15:20:57 | Epoch 006/060 | loss 3.4956 | cls 3.3064 | tal -0.1650 | dual_g 0.2388 | dual_d 0.8324 | train_acc 0.3025 | train_full n/a | val_acc 0.4470 | val_f1 0.3526 | adv/moduleC 0.05/0.10 | disc_steps 3 | grad(main/disc) 8.697/1.714 | lr(main/disc) 7.00e-05/3.50e-05 | cuda_peak(alloc/resv) 21.77/28.18GB | phase(train/val/raw/train_eval) 3.4/0.6/0.0/0.0s | 4.0s
2026-08-27 15:21:01 | Epoch 007/060 | loss 3.4987 | cls 3.0937 | tal -0.1611 | dual_g 0.4533 | dual_d 0.7907 | train_acc 0.3388 | train_full n/a | val_acc 0.5227 | val_f1 0.5079 | adv/moduleC 0.10/0.20 | disc_steps 3 | grad(main/disc) 8.598/1.661 | lr(main/disc) 7.00e-05/3.50e-05 | cuda_peak(alloc/resv) 21.77/28.18GB | phase(train/val/raw/train_eval) 3.0/0.6/0.6/0.0s | 4.3s
2026-08-27 15:21:04 | New best val_f1_macro_present: 0.5079 at epoch 7
2026-08-27 15:21:09 | Epoch 008/060 | loss 3.5649 | cls 2.9667 | tal -0.1740 | dual_g 0.6504 | dual_d 0.7766 | train_acc 0.3696 | train_full n/a | val_acc 0.6212 | val_f1 0.6051 | adv/moduleC 0.15/0.30 | disc_steps 3 | grad(main/disc) 8.490/1.566 | lr(main/disc) 7.00e-05/3.50e-05 | cuda_peak(alloc/resv) 21.77/28.18GB | phase(train/val/raw/train_eval) 3.2/0.6/0.6/0.0s | 4.4s
2026-08-27 15:21:12 | New best val_f1_macro_present: 0.6051 at epoch 8
2026-08-27 15:21:16 | Epoch 009/060 | loss 3.4721 | cls 2.7252 | tal -0.2080 | dual_g 0.8093 | dual_d 0.7425 | train_acc 0.4638 | train_full n/a | val_acc 0.5455 | val_f1 0.4859 | adv/moduleC 0.20/0.40 | disc_steps 3 | grad(main/disc) 8.931/1.525 | lr(main/disc) 7.00e-05/3.50e-05 | cuda_peak(alloc/resv) 21.77/28.18GB | phase(train/val/raw/train_eval) 3.3/0.6/0.0/0.0s | 3.9s
2026-08-27 15:21:21 | Epoch 010/060 | loss 3.7004 | cls 2.7445 | tal -0.1939 | dual_g 1.0141 | dual_d 0.7536 | train_acc 0.4420 | train_full 0.7081 | val_acc 0.6591 | val_f1 0.6913 | adv/moduleC 0.25/0.50 | disc_steps 3 | grad(main/disc) 10.722/1.533 | lr(main/disc) 7.00e-05/3.50e-05 | cuda_peak(alloc/resv) 21.77/28.18GB | phase(train/val/raw/train_eval) 3.2/0.6/0.6/0.9s | 5.4s
2026-08-27 15:21:24 | New best val_f1_macro_present: 0.6913 at epoch 10
2026-08-27 15:21:28 | Epoch 011/060 | loss 3.5851 | cls 2.5216 | tal -0.2593 | dual_g 1.1413 | dual_d 0.7322 | train_acc 0.4928 | train_full n/a | val_acc 0.5379 | val_f1 0.5213 | adv/moduleC 0.30/0.60 | disc_steps 3 | grad(main/disc) 11.523/1.467 | lr(main/disc) 7.00e-05/3.50e-05 | cuda_peak(alloc/resv) 21.77/28.18GB | phase(train/val/raw/train_eval) 3.2/0.6/0.0/0.0s | 3.8s
2026-08-27 15:21:32 | Epoch 012/060 | loss 3.6524 | cls 2.4727 | tal -0.2461 | dual_g 1.2535 | dual_d 0.7445 | train_acc 0.5525 | train_full n/a | val_acc 0.7121 | val_f1 0.6901 | adv/moduleC 0.35/0.70 | disc_steps 3 | grad(main/disc) 10.835/1.508 | lr(main/disc) 7.00e-05/3.50e-05 | cuda_peak(alloc/resv) 21.77/28.18GB | phase(train/val/raw/train_eval) 3.2/0.6/0.0/0.0s | 3.9s
2026-08-27 15:21:35 | Epoch 013/060 | loss 3.6922 | cls 2.3664 | tal -0.2585 | dual_g 1.4033 | dual_d 0.7189 | train_acc 0.5815 | train_full n/a | val_acc 0.6818 | val_f1 0.6480 | adv/moduleC 0.40/0.80 | disc_steps 3 | grad(main/disc) 12.478/1.401 | lr(main/disc) 7.00e-05/3.50e-05 | cuda_peak(alloc/resv) 21.77/28.18GB | phase(train/val/raw/train_eval) 3.1/0.6/0.0/0.0s | 3.7s
2026-08-27 15:21:40 | Epoch 014/060 | loss 3.6850 | cls 2.2637 | tal -0.2214 | dual_g 1.4877 | dual_d 0.7200 | train_acc 0.6105 | train_full n/a | val_acc 0.6970 | val_f1 0.7344 | adv/moduleC 0.45/0.90 | disc_steps 3 | grad(main/disc) 11.591/1.372 | lr(main/disc) 7.00e-05/3.50e-05 | cuda_peak(alloc/resv) 21.77/28.18GB | phase(train/val/raw/train_eval) 3.3/0.6/0.6/0.0s | 4.6s
2026-08-27 15:21:43 | New best val_f1_macro_present: 0.7344 at epoch 14
2026-08-27 15:21:48 | Epoch 015/060 | loss 3.7308 | cls 2.1472 | tal -0.1608 | dual_g 1.6319 | dual_d 0.7536 | train_acc 0.5888 | train_full 0.8521 | val_acc 0.8182 | val_f1 0.8001 | adv/moduleC 0.50/1.00 | disc_steps 3 | grad(main/disc) 11.470/1.398 | lr(main/disc) 7.00e-05/3.50e-05 | cuda_peak(alloc/resv) 21.77/28.18GB | phase(train/val/raw/train_eval) 3.3/0.6/0.6/0.9s | 5.4s
2026-08-27 15:21:51 | New best val_f1_macro_present: 0.8001 at epoch 15
2026-08-27 15:21:56 | Epoch 016/060 | loss 3.5812 | cls 2.0905 | tal -0.2262 | dual_g 1.5586 | dual_d 0.7270 | train_acc 0.6757 | train_full n/a | val_acc 0.8182 | val_f1 0.8157 | adv/moduleC 0.55/1.00 | disc_steps 3 | grad(main/disc) 11.842/1.353 | lr(main/disc) 7.00e-05/3.50e-05 | cuda_peak(alloc/resv) 21.77/28.18GB | phase(train/val/raw/train_eval) 3.1/0.6/0.6/0.0s | 4.3s
2026-08-27 15:21:59 | New best val_f1_macro_present: 0.8157 at epoch 16
2026-08-27 15:22:03 | Epoch 017/060 | loss 3.4973 | cls 2.0465 | tal -0.2177 | dual_g 1.5162 | dual_d 0.7005 | train_acc 0.7482 | train_full n/a | val_acc 0.8636 | val_f1 0.8567 | adv/moduleC 0.60/1.00 | disc_steps 3 | grad(main/disc) 13.318/1.311 | lr(main/disc) 7.00e-05/3.50e-05 | cuda_peak(alloc/resv) 21.77/28.18GB | phase(train/val/raw/train_eval) 3.3/0.6/0.6/0.0s | 4.6s
2026-08-27 15:22:06 | New best val_f1_macro_present: 0.8567 at epoch 17
2026-08-27 15:22:10 | Epoch 018/060 | loss 3.2985 | cls 1.9225 | tal -0.1773 | dual_g 1.4292 | dual_d 0.7703 | train_acc 0.7808 | train_full n/a | val_acc 0.7955 | val_f1 0.7805 | adv/moduleC 0.65/1.00 | disc_steps 3 | grad(main/disc) 13.914/1.345 | lr(main/disc) 7.00e-05/3.50e-05 | cuda_peak(alloc/resv) 21.77/28.18GB | phase(train/val/raw/train_eval) 3.1/0.6/0.0/0.0s | 3.7s
2026-08-27 15:22:14 | Epoch 019/060 | loss 3.3166 | cls 1.9275 | tal -0.1452 | dual_g 1.4326 | dual_d 0.7294 | train_acc 0.7409 | train_full n/a | val_acc 0.8636 | val_f1 0.8654 | adv/moduleC 0.70/1.00 | disc_steps 3 | grad(main/disc) 13.204/1.322 | lr(main/disc) 7.00e-05/3.50e-05 | cuda_peak(alloc/resv) 21.77/28.18GB | phase(train/val/raw/train_eval) 3.1/0.6/0.6/0.0s | 4.3s
2026-08-27 15:22:17 | New best val_f1_macro_present: 0.8654 at epoch 19
2026-08-27 15:22:22 | Epoch 020/060 | loss 3.2594 | cls 1.8694 | tal -0.1041 | dual_g 1.4213 | dual_d 0.7598 | train_acc 0.7754 | train_full 0.8560 | val_acc 0.7879 | val_f1 0.7722 | adv/moduleC 0.75/1.00 | disc_steps 3 | grad(main/disc) 12.347/1.274 | lr(main/disc) 7.00e-05/3.50e-05 | cuda_peak(alloc/resv) 21.77/28.18GB | phase(train/val/raw/train_eval) 3.1/0.6/0.6/0.9s | 5.2s
2026-08-27 15:22:27 | Epoch 021/060 | loss 3.1220 | cls 1.8057 | tal -0.1094 | dual_g 1.3491 | dual_d 0.7308 | train_acc 0.7844 | train_full n/a | val_acc 0.9091 | val_f1 0.9004 | adv/moduleC 0.80/1.00 | disc_steps 3 | grad(main/disc) 13.678/1.301 | lr(main/disc) 7.00e-05/3.50e-05 | cuda_peak(alloc/resv) 21.77/28.18GB | phase(train/val/raw/train_eval) 3.3/0.6/0.6/0.0s | 4.5s
2026-08-27 15:22:30 | New best val_f1_macro_present: 0.9004 at epoch 21
2026-08-27 15:22:34 | Epoch 022/060 | loss 3.0485 | cls 1.7575 | tal -0.1052 | dual_g 1.3226 | dual_d 0.7549 | train_acc 0.8116 | train_full n/a | val_acc 0.9167 | val_f1 0.8933 | adv/moduleC 0.85/1.00 | disc_steps 3 | grad(main/disc) 12.358/1.304 | lr(main/disc) 7.00e-05/3.50e-05 | cuda_peak(alloc/resv) 21.77/28.18GB | phase(train/val/raw/train_eval) 3.1/0.6/0.0/0.0s | 3.7s
2026-08-27 15:22:38 | Epoch 023/060 | loss 3.0083 | cls 1.7274 | tal -0.0908 | dual_g 1.3082 | dual_d 0.7550 | train_acc 0.8442 | train_full n/a | val_acc 0.9015 | val_f1 0.9120 | adv/moduleC 0.90/1.00 | disc_steps 3 | grad(main/disc) 12.294/1.247 | lr(main/disc) 7.00e-05/3.50e-05 | cuda_peak(alloc/resv) 21.77/28.18GB | phase(train/val/raw/train_eval) 3.1/0.6/0.6/0.0s | 4.4s
2026-08-27 15:22:41 | New best val_f1_macro_present: 0.9120 at epoch 23
2026-08-27 15:22:45 | Epoch 024/060 | loss 2.9360 | cls 1.6930 | tal -0.1131 | dual_g 1.2770 | dual_d 0.7808 | train_acc 0.8460 | train_full n/a | val_acc 0.9318 | val_f1 0.9195 | adv/moduleC 0.95/1.00 | disc_steps 3 | grad(main/disc) 12.037/1.294 | lr(main/disc) 7.00e-05/3.50e-05 | cuda_peak(alloc/resv) 21.77/28.18GB | phase(train/val/raw/train_eval) 3.1/0.6/0.6/0.0s | 4.3s
2026-08-27 15:22:48 | New best val_f1_macro_present: 0.9195 at epoch 24
2026-08-27 15:22:53 | Epoch 025/060 | loss 2.8584 | cls 1.6681 | tal -0.1721 | dual_g 1.2420 | dual_d 0.8239 | train_acc 0.8297 | train_full 0.9507 | val_acc 0.9167 | val_f1 0.9153 | adv/moduleC 1.00/1.00 | disc_steps 3 | grad(main/disc) 10.814/1.307 | lr(main/disc) 7.00e-05/3.50e-05 | cuda_peak(alloc/resv) 21.77/28.18GB | phase(train/val/raw/train_eval) 3.2/0.6/0.6/0.9s | 5.3s
2026-08-27 15:22:57 | Epoch 026/060 | loss 2.9110 | cls 1.6981 | tal -0.1553 | dual_g 1.2595 | dual_d 0.8019 | train_acc 0.8460 | train_full n/a | val_acc 0.9091 | val_f1 0.9019 | adv/moduleC 1.00/1.00 | disc_steps 3 | grad(main/disc) 15.427/1.242 | lr(main/disc) 7.00e-05/3.50e-05 | cuda_peak(alloc/resv) 21.77/28.18GB | phase(train/val/raw/train_eval) 3.0/0.6/0.0/0.0s | 3.6s
2026-08-27 15:23:01 | Epoch 027/060 | loss 2.8188 | cls 1.6279 | tal -0.1744 | dual_g 1.2432 | dual_d 0.8151 | train_acc 0.8587 | train_full n/a | val_acc 0.9167 | val_f1 0.9091 | adv/moduleC 1.00/1.00 | disc_steps 3 | grad(main/disc) 10.232/1.267 | lr(main/disc) 7.00e-05/3.50e-05 | cuda_peak(alloc/resv) 21.77/28.18GB | phase(train/val/raw/train_eval) 3.2/0.6/0.0/0.0s | 3.8s
2026-08-27 15:23:05 | Epoch 028/060 | loss 2.8032 | cls 1.6128 | tal -0.1186 | dual_g 1.2260 | dual_d 0.8125 | train_acc 0.8605 | train_full n/a | val_acc 0.9394 | val_f1 0.9344 | adv/moduleC 1.00/1.00 | disc_steps 3 | grad(main/disc) 11.591/1.295 | lr(main/disc) 7.00e-05/3.50e-05 | cuda_peak(alloc/resv) 21.77/28.18GB | phase(train/val/raw/train_eval) 3.3/0.6/0.6/0.0s | 4.6s
2026-08-27 15:23:08 | New best val_f1_macro_present: 0.9344 at epoch 28
2026-08-27 15:23:12 | Epoch 029/060 | loss 2.6782 | cls 1.5650 | tal -0.1538 | dual_g 1.1593 | dual_d 0.8261 | train_acc 0.9004 | train_full n/a | val_acc 0.9015 | val_f1 0.8799 | adv/moduleC 1.00/1.00 | disc_steps 3 | grad(main/disc) 10.557/1.246 | lr(main/disc) 7.00e-05/3.50e-05 | cuda_peak(alloc/resv) 21.77/28.18GB | phase(train/val/raw/train_eval) 3.1/0.6/0.0/0.0s | 3.7s
2026-08-27 15:23:17 | Epoch 030/060 | loss 2.6672 | cls 1.5344 | tal -0.0796 | dual_g 1.1566 | dual_d 0.8250 | train_acc 0.8931 | train_full 0.9487 | val_acc 0.9091 | val_f1 0.9058 | adv/moduleC 1.00/1.00 | disc_steps 3 | grad(main/disc) 12.143/1.232 | lr(main/disc) 7.00e-05/3.50e-05 | cuda_peak(alloc/resv) 21.77/28.18GB | phase(train/val/raw/train_eval) 3.2/0.6/0.6/0.9s | 5.4s
2026-08-27 15:23:22 | Epoch 031/060 | loss 2.5996 | cls 1.4876 | tal -0.0785 | dual_g 1.1356 | dual_d 0.8561 | train_acc 0.9167 | train_full n/a | val_acc 0.9545 | val_f1 0.9575 | adv/moduleC 1.00/1.00 | disc_steps 3 | grad(main/disc) 8.566/1.254 | lr(main/disc) 7.00e-05/3.50e-05 | cuda_peak(alloc/resv) 21.77/28.18GB | phase(train/val/raw/train_eval) 3.3/0.6/0.6/0.0s | 4.6s
2026-08-27 15:23:25 | New best val_f1_macro_present: 0.9575 at epoch 31
2026-08-27 15:23:29 | Epoch 032/060 | loss 2.6072 | cls 1.4999 | tal -0.0803 | dual_g 1.1314 | dual_d 0.8402 | train_acc 0.9185 | train_full n/a | val_acc 0.9470 | val_f1 0.9033 | adv/moduleC 1.00/1.00 | disc_steps 3 | grad(main/disc) 10.141/1.241 | lr(main/disc) 7.00e-05/3.50e-05 | cuda_peak(alloc/resv) 21.77/28.18GB | phase(train/val/raw/train_eval) 3.0/0.6/0.0/0.0s | 3.6s
2026-08-27 15:23:32 | Epoch 033/060 | loss 2.5274 | cls 1.4585 | tal -0.1082 | dual_g 1.1014 | dual_d 0.8800 | train_acc 0.9438 | train_full n/a | val_acc 0.9545 | val_f1 0.9508 | adv/moduleC 1.00/1.00 | disc_steps 3 | grad(main/disc) 8.441/1.294 | lr(main/disc) 7.00e-05/3.50e-05 | cuda_peak(alloc/resv) 21.77/28.18GB | phase(train/val/raw/train_eval) 3.2/0.6/0.0/0.0s | 3.8s
2026-08-27 15:23:36 | Epoch 034/060 | loss 2.5171 | cls 1.4520 | tal -0.0666 | dual_g 1.0851 | dual_d 0.8884 | train_acc 0.9457 | train_full n/a | val_acc 0.9394 | val_f1 0.9418 | adv/moduleC 1.00/1.00 | disc_steps 3 | grad(main/disc) 9.864/1.247 | lr(main/disc) 7.00e-05/3.50e-05 | cuda_peak(alloc/resv) 21.77/28.18GB | phase(train/val/raw/train_eval) 3.2/0.6/0.0/0.0s | 3.8s
2026-08-27 15:23:42 | Epoch 035/060 | loss 2.5385 | cls 1.4691 | tal -0.1052 | dual_g 1.1010 | dual_d 0.8546 | train_acc 0.9547 | train_full 0.9586 | val_acc 0.9242 | val_f1 0.9184 | adv/moduleC 1.00/1.00 | disc_steps 3 | grad(main/disc) 11.979/1.236 | lr(main/disc) 7.00e-05/3.50e-05 | cuda_peak(alloc/resv) 21.77/28.18GB | phase(train/val/raw/train_eval) 3.1/0.6/0.6/0.9s | 5.3s
2026-08-27 15:23:46 | Epoch 036/060 | loss 2.4702 | cls 1.4243 | tal -0.1031 | dual_g 1.0768 | dual_d 0.8767 | train_acc 0.9511 | train_full n/a | val_acc 0.9167 | val_f1 0.8832 | adv/moduleC 1.00/1.00 | disc_steps 3 | grad(main/disc) 9.813/1.216 | lr(main/disc) 7.00e-05/3.50e-05 | cuda_peak(alloc/resv) 21.77/28.18GB | phase(train/val/raw/train_eval) 3.5/0.6/0.0/0.0s | 4.1s
2026-08-27 15:23:50 | Epoch 037/060 | loss 2.4135 | cls 1.4051 | tal -0.1096 | dual_g 1.0413 | dual_d 0.8936 | train_acc 0.9457 | train_full n/a | val_acc 0.9697 | val_f1 0.9654 | adv/moduleC 1.00/1.00 | disc_steps 3 | grad(main/disc) 7.406/1.223 | lr(main/disc) 7.00e-05/3.50e-05 | cuda_peak(alloc/resv) 21.77/28.18GB | phase(train/val/raw/train_eval) 3.4/0.6/0.6/0.0s | 4.7s
2026-08-27 15:23:53 | New best val_f1_macro_present: 0.9654 at epoch 37
2026-08-27 15:23:57 | Epoch 038/060 | loss 2.4045 | cls 1.4173 | tal -0.1665 | dual_g 1.0371 | dual_d 0.8543 | train_acc 0.9438 | train_full n/a | val_acc 0.9394 | val_f1 0.9448 | adv/moduleC 1.00/1.00 | disc_steps 3 | grad(main/disc) 6.594/1.207 | lr(main/disc) 7.00e-05/3.50e-05 | cuda_peak(alloc/resv) 21.77/28.18GB | phase(train/val/raw/train_eval) 3.2/0.6/0.0/0.0s | 3.8s
2026-08-27 15:24:01 | Epoch 039/060 | loss 2.3976 | cls 1.4051 | tal -0.1844 | dual_g 1.0478 | dual_d 0.9062 | train_acc 0.9529 | train_full n/a | val_acc 0.9318 | val_f1 0.9305 | adv/moduleC 1.00/1.00 | disc_steps 3 | grad(main/disc) 6.900/1.233 | lr(main/disc) 7.00e-05/3.50e-05 | cuda_peak(alloc/resv) 21.77/28.18GB | phase(train/val/raw/train_eval) 3.4/0.6/0.0/0.0s | 4.0s
2026-08-27 15:24:06 | Epoch 040/060 | loss 2.3798 | cls 1.3805 | tal -0.1191 | dual_g 1.0350 | dual_d 0.8867 | train_acc 0.9674 | train_full 0.9882 | val_acc 0.9470 | val_f1 0.9327 | adv/moduleC 1.00/1.00 | disc_steps 3 | grad(main/disc) 7.632/1.208 | lr(main/disc) 7.00e-05/3.50e-05 | cuda_peak(alloc/resv) 21.77/28.18GB | phase(train/val/raw/train_eval) 3.1/0.6/0.6/0.9s | 5.3s
2026-08-27 15:24:10 | Epoch 041/060 | loss 2.4003 | cls 1.3922 | tal -0.0701 | dual_g 1.0292 | dual_d 0.9315 | train_acc 0.9746 | train_full n/a | val_acc 0.9545 | val_f1 0.9488 | adv/moduleC 1.00/1.00 | disc_steps 3 | grad(main/disc) 8.180/1.230 | lr(main/disc) 7.00e-05/3.50e-05 | cuda_peak(alloc/resv) 21.77/28.18GB | phase(train/val/raw/train_eval) 3.1/0.6/0.0/0.0s | 3.8s
2026-08-27 15:24:14 | Epoch 042/060 | loss 2.3496 | cls 1.3692 | tal -0.0965 | dual_g 1.0093 | dual_d 0.8871 | train_acc 0.9638 | train_full n/a | val_acc 0.9470 | val_f1 0.9264 | adv/moduleC 1.00/1.00 | disc_steps 3 | grad(main/disc) 5.916/1.207 | lr(main/disc) 7.00e-05/3.50e-05 | cuda_peak(alloc/resv) 21.77/28.18GB | phase(train/val/raw/train_eval) 3.4/0.6/0.0/0.0s | 4.0s
2026-08-27 15:24:18 | Epoch 043/060 | loss 2.3602 | cls 1.3793 | tal -0.1062 | dual_g 1.0128 | dual_d 0.9094 | train_acc 0.9674 | train_full n/a | val_acc 0.9394 | val_f1 0.9116 | adv/moduleC 1.00/1.00 | disc_steps 3 | grad(main/disc) 6.335/1.199 | lr(main/disc) 7.00e-05/3.50e-05 | cuda_peak(alloc/resv) 21.77/28.18GB | phase(train/val/raw/train_eval) 3.2/0.6/0.0/0.0s | 3.8s
2026-08-27 15:24:22 | Epoch 044/060 | loss 2.3436 | cls 1.3692 | tal -0.1026 | dual_g 1.0052 | dual_d 0.8903 | train_acc 0.9674 | train_full n/a | val_acc 0.9773 | val_f1 0.9790 | adv/moduleC 1.00/1.00 | disc_steps 3 | grad(main/disc) 6.939/1.230 | lr(main/disc) 7.00e-05/3.50e-05 | cuda_peak(alloc/resv) 21.77/28.18GB | phase(train/val/raw/train_eval) 3.1/0.6/0.6/0.0s | 4.4s
2026-08-27 15:24:25 | New best val_f1_macro_present: 0.9790 at epoch 44
2026-08-27 15:24:31 | Epoch 045/060 | loss 2.3704 | cls 1.3901 | tal -0.0609 | dual_g 0.9986 | dual_d 0.9147 | train_acc 0.9638 | train_full 0.9961 | val_acc 0.9318 | val_f1 0.8816 | adv/moduleC 1.00/1.00 | disc_steps 3 | grad(main/disc) 6.868/1.170 | lr(main/disc) 7.00e-05/3.50e-05 | cuda_peak(alloc/resv) 21.77/28.18GB | phase(train/val/raw/train_eval) 3.6/0.6/0.6/0.9s | 5.7s
2026-08-27 15:24:35 | Epoch 046/060 | loss 2.2752 | cls 1.3393 | tal -0.1459 | dual_g 0.9797 | dual_d 0.9023 | train_acc 0.9746 | train_full n/a | val_acc 0.9545 | val_f1 0.9528 | adv/moduleC 1.00/1.00 | disc_steps 3 | grad(main/disc) 5.664/1.225 | lr(main/disc) 7.00e-05/3.50e-05 | cuda_peak(alloc/resv) 21.77/28.18GB | phase(train/val/raw/train_eval) 3.1/0.6/0.0/0.0s | 3.8s
2026-08-27 15:24:39 | Epoch 047/060 | loss 2.2814 | cls 1.3501 | tal -0.2197 | dual_g 0.9972 | dual_d 0.9150 | train_acc 0.9837 | train_full n/a | val_acc 0.9545 | val_f1 0.9344 | adv/moduleC 1.00/1.00 | disc_steps 3 | grad(main/disc) 6.594/1.223 | lr(main/disc) 7.00e-05/3.50e-05 | cuda_peak(alloc/resv) 21.77/28.18GB | phase(train/val/raw/train_eval) 3.0/0.7/0.0/0.0s | 3.7s
2026-08-27 15:24:43 | Epoch 048/060 | loss 2.3264 | cls 1.3461 | tal -0.0997 | dual_g 1.0102 | dual_d 0.9101 | train_acc 0.9801 | train_full n/a | val_acc 0.9621 | val_f1 0.9686 | adv/moduleC 1.00/1.00 | disc_steps 3 | grad(main/disc) 9.320/1.203 | lr(main/disc) 7.00e-05/3.50e-05 | cuda_peak(alloc/resv) 21.77/28.18GB | phase(train/val/raw/train_eval) 3.3/0.6/0.0/0.0s | 4.0s
2026-08-27 15:24:47 | Epoch 049/060 | loss 2.2768 | cls 1.3190 | tal -0.0702 | dual_g 0.9788 | dual_d 0.9390 | train_acc 0.9764 | train_full n/a | val_acc 0.9470 | val_f1 0.9346 | adv/moduleC 1.00/1.00 | disc_steps 3 | grad(main/disc) 4.833/1.213 | lr(main/disc) 7.00e-05/3.50e-05 | cuda_peak(alloc/resv) 21.77/28.18GB | phase(train/val/raw/train_eval) 3.4/0.7/0.0/0.0s | 4.1s
2026-08-27 15:24:52 | Epoch 050/060 | loss 2.2892 | cls 1.3341 | tal -0.0689 | dual_g 0.9758 | dual_d 0.9522 | train_acc 0.9746 | train_full 0.9783 | val_acc 0.9394 | val_f1 0.9426 | adv/moduleC 1.00/1.00 | disc_steps 3 | grad(main/disc) 5.650/1.207 | lr(main/disc) 7.00e-05/3.50e-05 | cuda_peak(alloc/resv) 21.77/28.18GB | phase(train/val/raw/train_eval) 3.4/0.7/0.7/0.9s | 5.6s
2026-08-27 15:24:56 | Epoch 051/060 | loss 2.2910 | cls 1.3354 | tal -0.0985 | dual_g 0.9852 | dual_d 0.9724 | train_acc 0.9837 | train_full n/a | val_acc 0.9545 | val_f1 0.9586 | adv/moduleC 1.00/1.00 | disc_steps 3 | grad(main/disc) 7.105/1.202 | lr(main/disc) 3.50e-05/1.75e-05 | cuda_peak(alloc/resv) 21.77/28.18GB | phase(train/val/raw/train_eval) 3.5/0.6/0.0/0.0s | 4.1s
2026-08-27 15:25:00 | Epoch 052/060 | loss 2.2723 | cls 1.3276 | tal -0.1196 | dual_g 0.9805 | dual_d 0.9372 | train_acc 0.9764 | train_full n/a | val_acc 0.9621 | val_f1 0.9673 | adv/moduleC 1.00/1.00 | disc_steps 3 | grad(main/disc) 5.460/1.197 | lr(main/disc) 3.50e-05/1.75e-05 | cuda_peak(alloc/resv) 21.77/28.18GB | phase(train/val/raw/train_eval) 3.5/0.6/0.0/0.0s | 4.1s
2026-08-27 15:25:04 | Epoch 053/060 | loss 2.2314 | cls 1.3110 | tal -0.1198 | dual_g 0.9563 | dual_d 0.9339 | train_acc 0.9837 | train_full n/a | val_acc 0.9773 | val_f1 0.9773 | adv/moduleC 1.00/1.00 | disc_steps 3 | grad(main/disc) 4.388/1.172 | lr(main/disc) 3.50e-05/1.75e-05 | cuda_peak(alloc/resv) 21.77/28.18GB | phase(train/val/raw/train_eval) 3.2/0.7/0.0/0.0s | 3.9s
2026-08-27 15:25:08 | Epoch 054/060 | loss 2.2504 | cls 1.3236 | tal -0.1095 | dual_g 0.9597 | dual_d 0.9526 | train_acc 0.9746 | train_full n/a | val_acc 0.9697 | val_f1 0.9688 | adv/moduleC 1.00/1.00 | disc_steps 3 | grad(main/disc) 4.622/1.151 | lr(main/disc) 3.50e-05/1.75e-05 | cuda_peak(alloc/resv) 21.77/28.18GB | phase(train/val/raw/train_eval) 3.3/0.7/0.0/0.0s | 4.0s
2026-08-27 15:25:14 | Epoch 055/060 | loss 2.2363 | cls 1.3044 | tal -0.0947 | dual_g 0.9603 | dual_d 0.9695 | train_acc 0.9837 | train_full 0.9980 | val_acc 0.9545 | val_f1 0.9618 | adv/moduleC 1.00/1.00 | disc_steps 3 | grad(main/disc) 4.457/1.176 | lr(main/disc) 3.50e-05/1.75e-05 | cuda_peak(alloc/resv) 21.77/28.18GB | phase(train/val/raw/train_eval) 3.1/0.7/0.7/0.9s | 5.4s
2026-08-27 15:25:18 | Epoch 056/060 | loss 2.2244 | cls 1.3102 | tal -0.1076 | dual_g 0.9465 | dual_d 0.9686 | train_acc 0.9909 | train_full n/a | val_acc 0.9545 | val_f1 0.9610 | adv/moduleC 1.00/1.00 | disc_steps 3 | grad(main/disc) 4.241/1.173 | lr(main/disc) 3.50e-05/1.75e-05 | cuda_peak(alloc/resv) 21.77/28.18GB | phase(train/val/raw/train_eval) 3.5/0.6/0.0/0.0s | 4.1s
2026-08-27 15:25:22 | Epoch 057/060 | loss 2.2136 | cls 1.2888 | tal -0.0902 | dual_g 0.9519 | dual_d 0.9716 | train_acc 0.9909 | train_full n/a | val_acc 0.9545 | val_f1 0.9610 | adv/moduleC 1.00/1.00 | disc_steps 3 | grad(main/disc) 4.044/1.145 | lr(main/disc) 3.50e-05/1.75e-05 | cuda_peak(alloc/resv) 21.77/28.18GB | phase(train/val/raw/train_eval) 3.2/0.6/0.0/0.0s | 3.9s
2026-08-27 15:25:25 | Epoch 058/060 | loss 2.2146 | cls 1.2919 | tal -0.0974 | dual_g 0.9520 | dual_d 0.9606 | train_acc 0.9891 | train_full n/a | val_acc 0.9621 | val_f1 0.9668 | adv/moduleC 1.00/1.00 | disc_steps 3 | grad(main/disc) 3.961/1.163 | lr(main/disc) 1.75e-05/8.75e-06 | cuda_peak(alloc/resv) 21.77/28.18GB | phase(train/val/raw/train_eval) 3.1/0.6/0.0/0.0s | 3.7s
2026-08-27 15:25:29 | Epoch 059/060 | loss 2.2232 | cls 1.2980 | tal -0.0916 | dual_g 0.9527 | dual_d 0.9348 | train_acc 0.9837 | train_full n/a | val_acc 0.9545 | val_f1 0.9610 | adv/moduleC 1.00/1.00 | disc_steps 3 | grad(main/disc) 4.782/1.109 | lr(main/disc) 1.75e-05/8.75e-06 | cuda_peak(alloc/resv) 21.77/28.18GB | phase(train/val/raw/train_eval) 3.1/0.6/0.0/0.0s | 3.8s
2026-08-27 15:25:29 | Early stopping at epoch 59 after 15 epochs without val_f1_macro_present improvement.
2026-08-27 15:25:29 | Training complete. Best validation accuracy: 0.9773 | best val_f1_macro_present: 0.9790
