2026-08-26 20:51:13 | Starting Dual_D standalone training
2026-08-26 20:51:13 | Run directory: runs/module_c_ablation_60_v4/module_c_20260826_164328/module_c_no_prototype_contrastive_雾天_20260826_201844
2026-08-26 20:51:13 | Device: cuda
2026-08-26 20:51:13 | Source train samples: 992
2026-08-26 20:51:13 | Target train samples: 507
2026-08-26 20:51:13 | Target val samples: 132
2026-08-26 20:51:13 | Classes: 14
2026-08-26 20:51:13 | Data audit: same_dir=False | path_overlap(vis/ir/ais)=0/0/0 | content_overlap(vis/ir/ais)=0/0/0 | ais_index_overlap=0 | stem_mismatch(vis-ir/vis-ais)=630/0
2026-08-26 20:51:13 | source_train classes: present 14/14 | absent 0 | counts [0:120, 1:44, 2:69, 3:45, 4:40, 5:30, 6:64, 7:80, 8:116, 9:68, 10:57, 11:83, 12:48, 13:128]
2026-08-26 20:51:13 | target_train classes: present 9/14 | absent 5 | counts [0:35, 1:18, 2:119, 6:110, 8:25, 9:50, 10:48, 12:9, 13:93]
2026-08-26 20:51:13 | target_val classes: present 9/14 | absent 5 | counts [0:9, 1:5, 2:30, 6:28, 8:7, 9:13, 10:13, 12:3, 13:24]
2026-08-26 20:51:13 | Paired training classes: 9/14 | class ids [0, 1, 2, 6, 8, 9, 10, 12, 13]
2026-08-26 20:51:13 | Runtime profile: batch=80 | paired_steps=7 | workers=16 | train_eval_every=5 | raw_eval_every=5 | early_stop=15 after min_epoch=48
2026-08-26 20:51:13 | VIS/IR pairing: class-level-unpaired | count-mismatch classes train/val: 10/2 | AIS alignment: none | AIS rows train/val: 0/0
2026-08-26 20:51:14 | Model parameters: total=17277714 | trainable=17120210
2026-08-26 20:51:20 | Epoch 001/060 | loss 5.0347 | cls 5.0810 | tal -0.1543 | dual_g 0.0000 | dual_d 0.0000 | train_acc 0.0964 | train_full 0.0789 | val_acc 0.0909 | val_f1 0.0605 | adv/moduleC 0.00/0.00 | disc_steps 0 | grad(main/disc) 14.337/0.000 | lr(main/disc) 7.00e-05/3.50e-05 | cuda_peak(alloc/resv) 18.96/24.42GB | phase(train/val/raw/train_eval) 3.8/0.7/0.7/0.9s | 6.0s
2026-08-26 20:51:24 | New best val_f1_macro_present: 0.0605 at epoch 1
2026-08-26 20:51:29 | Epoch 002/060 | loss 4.2750 | cls 4.2825 | tal -0.0251 | dual_g 0.0000 | dual_d 0.0000 | train_acc 0.1482 | train_full n/a | val_acc 0.2652 | val_f1 0.1590 | adv/moduleC 0.00/0.00 | disc_steps 0 | grad(main/disc) 11.447/0.000 | lr(main/disc) 7.00e-05/3.50e-05 | cuda_peak(alloc/resv) 18.96/24.42GB | phase(train/val/raw/train_eval) 3.1/0.6/0.7/0.0s | 4.4s
2026-08-26 20:51:33 | New best val_f1_macro_present: 0.1590 at epoch 2
2026-08-26 20:51:37 | Epoch 003/060 | loss 3.9391 | cls 3.9408 | tal -0.0057 | dual_g 0.0000 | dual_d 0.0000 | train_acc 0.1946 | train_full n/a | val_acc 0.4242 | val_f1 0.2452 | adv/moduleC 0.00/0.00 | disc_steps 0 | grad(main/disc) 10.505/0.000 | lr(main/disc) 7.00e-05/3.50e-05 | cuda_peak(alloc/resv) 18.96/24.42GB | phase(train/val/raw/train_eval) 3.0/0.6/0.7/0.0s | 4.3s
2026-08-26 20:51:41 | New best val_f1_macro_present: 0.2452 at epoch 3
2026-08-26 20:51:45 | Epoch 004/060 | loss 3.6395 | cls 3.6310 | tal 0.0286 | dual_g 0.0000 | dual_d 0.0000 | train_acc 0.2446 | train_full n/a | val_acc 0.4697 | val_f1 0.2679 | adv/moduleC 0.00/0.00 | disc_steps 0 | grad(main/disc) 10.121/0.000 | lr(main/disc) 7.00e-05/3.50e-05 | cuda_peak(alloc/resv) 18.96/24.42GB | phase(train/val/raw/train_eval) 2.9/0.7/0.7/0.0s | 4.2s
2026-08-26 20:51:49 | New best val_f1_macro_present: 0.2679 at epoch 4
2026-08-26 20:51:55 | Epoch 005/060 | loss 3.4330 | cls 3.4205 | tal 0.0418 | dual_g 0.0000 | dual_d 0.0000 | train_acc 0.2786 | train_full 0.5385 | val_acc 0.5152 | val_f1 0.3327 | adv/moduleC 0.00/0.00 | disc_steps 0 | grad(main/disc) 9.718/0.000 | lr(main/disc) 7.00e-05/3.50e-05 | cuda_peak(alloc/resv) 18.96/24.42GB | phase(train/val/raw/train_eval) 3.1/0.6/0.7/0.9s | 5.3s
2026-08-26 20:51:59 | New best val_f1_macro_present: 0.3327 at epoch 5
2026-08-26 20:52:03 | Epoch 006/060 | loss 3.3447 | cls 3.1063 | tal 0.0625 | dual_g 0.2196 | dual_d 0.8217 | train_acc 0.3607 | train_full n/a | val_acc 0.5076 | val_f1 0.4611 | adv/moduleC 0.05/0.10 | disc_steps 3 | grad(main/disc) 9.382/1.607 | lr(main/disc) 7.00e-05/3.50e-05 | cuda_peak(alloc/resv) 18.96/24.42GB | phase(train/val/raw/train_eval) 3.1/0.6/0.7/0.0s | 4.4s
2026-08-26 20:52:07 | New best val_f1_macro_present: 0.4611 at epoch 6
2026-08-26 20:52:12 | Epoch 007/060 | loss 3.3753 | cls 2.9249 | tal 0.0771 | dual_g 0.4272 | dual_d 0.8317 | train_acc 0.3661 | train_full n/a | val_acc 0.5909 | val_f1 0.5791 | adv/moduleC 0.10/0.20 | disc_steps 3 | grad(main/disc) 9.673/1.563 | lr(main/disc) 7.00e-05/3.50e-05 | cuda_peak(alloc/resv) 18.96/24.42GB | phase(train/val/raw/train_eval) 3.3/0.6/0.7/0.0s | 4.6s
2026-08-26 20:52:16 | New best val_f1_macro_present: 0.5791 at epoch 7
2026-08-26 20:52:20 | Epoch 008/060 | loss 3.4832 | cls 2.8611 | tal 0.0466 | dual_g 0.6081 | dual_d 0.7763 | train_acc 0.3714 | train_full n/a | val_acc 0.6515 | val_f1 0.6125 | adv/moduleC 0.15/0.30 | disc_steps 3 | grad(main/disc) 10.940/1.510 | lr(main/disc) 7.00e-05/3.50e-05 | cuda_peak(alloc/resv) 18.96/24.42GB | phase(train/val/raw/train_eval) 2.9/0.7/0.7/0.0s | 4.2s
2026-08-26 20:52:24 | New best val_f1_macro_present: 0.6125 at epoch 8
2026-08-26 20:52:28 | Epoch 009/060 | loss 3.4277 | cls 2.6331 | tal 0.1270 | dual_g 0.7565 | dual_d 0.7697 | train_acc 0.4857 | train_full n/a | val_acc 0.6894 | val_f1 0.6643 | adv/moduleC 0.20/0.40 | disc_steps 3 | grad(main/disc) 10.813/1.451 | lr(main/disc) 7.00e-05/3.50e-05 | cuda_peak(alloc/resv) 18.96/24.42GB | phase(train/val/raw/train_eval) 3.0/0.7/0.7/0.0s | 4.3s
2026-08-26 20:52:32 | New best val_f1_macro_present: 0.6643 at epoch 9
2026-08-26 20:52:38 | Epoch 010/060 | loss 3.5257 | cls 2.5704 | tal 0.1366 | dual_g 0.9143 | dual_d 0.7417 | train_acc 0.5018 | train_full 0.7318 | val_acc 0.7424 | val_f1 0.7580 | adv/moduleC 0.25/0.50 | disc_steps 3 | grad(main/disc) 14.391/1.431 | lr(main/disc) 7.00e-05/3.50e-05 | cuda_peak(alloc/resv) 18.96/24.42GB | phase(train/val/raw/train_eval) 3.3/0.7/0.7/0.9s | 5.5s
2026-08-26 20:52:42 | New best val_f1_macro_present: 0.7580 at epoch 10
2026-08-26 20:52:45 | Epoch 011/060 | loss 3.4819 | cls 2.4069 | tal 0.1073 | dual_g 1.0428 | dual_d 0.7570 | train_acc 0.5214 | train_full n/a | val_acc 0.7576 | val_f1 0.7347 | adv/moduleC 0.30/0.60 | disc_steps 3 | grad(main/disc) 11.294/1.385 | lr(main/disc) 7.00e-05/3.50e-05 | cuda_peak(alloc/resv) 18.96/24.42GB | phase(train/val/raw/train_eval) 3.0/0.7/0.0/0.0s | 3.7s
2026-08-26 20:52:49 | Epoch 012/060 | loss 3.4638 | cls 2.2886 | tal 0.0140 | dual_g 1.1710 | dual_d 0.7664 | train_acc 0.6161 | train_full n/a | val_acc 0.7727 | val_f1 0.7933 | adv/moduleC 0.35/0.70 | disc_steps 3 | grad(main/disc) 12.003/1.368 | lr(main/disc) 7.00e-05/3.50e-05 | cuda_peak(alloc/resv) 18.96/24.42GB | phase(train/val/raw/train_eval) 2.9/0.6/0.7/0.0s | 4.2s
2026-08-26 20:52:53 | New best val_f1_macro_present: 0.7933 at epoch 12
2026-08-26 20:52:58 | Epoch 013/060 | loss 3.5799 | cls 2.2962 | tal -0.0238 | dual_g 1.2908 | dual_d 0.7301 | train_acc 0.6107 | train_full n/a | val_acc 0.8258 | val_f1 0.8215 | adv/moduleC 0.40/0.80 | disc_steps 3 | grad(main/disc) 13.496/1.289 | lr(main/disc) 7.00e-05/3.50e-05 | cuda_peak(alloc/resv) 18.96/24.42GB | phase(train/val/raw/train_eval) 3.4/0.6/0.7/0.0s | 4.7s
2026-08-26 20:53:02 | New best val_f1_macro_present: 0.8215 at epoch 13
2026-08-26 20:53:07 | Epoch 014/060 | loss 3.4745 | cls 2.0939 | tal 0.0269 | dual_g 1.3725 | dual_d 0.7430 | train_acc 0.6839 | train_full n/a | val_acc 0.8333 | val_f1 0.8602 | adv/moduleC 0.45/0.90 | disc_steps 3 | grad(main/disc) 11.323/1.315 | lr(main/disc) 7.00e-05/3.50e-05 | cuda_peak(alloc/resv) 18.96/24.42GB | phase(train/val/raw/train_eval) 3.2/0.7/0.7/0.0s | 4.5s
2026-08-26 20:53:11 | New best val_f1_macro_present: 0.8602 at epoch 14
2026-08-26 20:53:16 | Epoch 015/060 | loss 3.5815 | cls 2.0734 | tal 0.0409 | dual_g 1.4958 | dual_d 0.7526 | train_acc 0.6875 | train_full 0.8738 | val_acc 0.9015 | val_f1 0.8802 | adv/moduleC 0.50/1.00 | disc_steps 3 | grad(main/disc) 13.205/1.316 | lr(main/disc) 7.00e-05/3.50e-05 | cuda_peak(alloc/resv) 18.96/24.42GB | phase(train/val/raw/train_eval) 3.3/0.6/0.7/0.9s | 5.5s
2026-08-26 20:53:20 | New best val_f1_macro_present: 0.8802 at epoch 15
2026-08-26 20:53:24 | Epoch 016/060 | loss 3.4565 | cls 2.0172 | tal 0.0252 | dual_g 1.4318 | dual_d 0.7762 | train_acc 0.7429 | train_full n/a | val_acc 0.8864 | val_f1 0.8768 | adv/moduleC 0.55/1.00 | disc_steps 3 | grad(main/disc) 12.388/1.310 | lr(main/disc) 7.00e-05/3.50e-05 | cuda_peak(alloc/resv) 18.96/24.42GB | phase(train/val/raw/train_eval) 3.1/0.6/0.0/0.0s | 3.7s
2026-08-26 20:53:28 | Epoch 017/060 | loss 3.3069 | cls 1.9359 | tal 0.0423 | dual_g 1.3583 | dual_d 0.7551 | train_acc 0.7571 | train_full n/a | val_acc 0.9015 | val_f1 0.8806 | adv/moduleC 0.60/1.00 | disc_steps 3 | grad(main/disc) 12.018/1.280 | lr(main/disc) 7.00e-05/3.50e-05 | cuda_peak(alloc/resv) 18.96/24.42GB | phase(train/val/raw/train_eval) 3.3/0.7/0.0/0.0s | 3.9s
2026-08-26 20:53:31 | Epoch 018/060 | loss 3.2517 | cls 1.8870 | tal -0.0083 | dual_g 1.3672 | dual_d 0.7554 | train_acc 0.7607 | train_full n/a | val_acc 0.8636 | val_f1 0.8693 | adv/moduleC 0.65/1.00 | disc_steps 3 | grad(main/disc) 13.394/1.253 | lr(main/disc) 7.00e-05/3.50e-05 | cuda_peak(alloc/resv) 18.96/24.42GB | phase(train/val/raw/train_eval) 3.0/0.7/0.0/0.0s | 3.6s
2026-08-26 20:53:35 | Epoch 019/060 | loss 3.1397 | cls 1.8265 | tal -0.0058 | dual_g 1.3149 | dual_d 0.7699 | train_acc 0.8125 | train_full n/a | val_acc 0.8712 | val_f1 0.8480 | adv/moduleC 0.70/1.00 | disc_steps 3 | grad(main/disc) 12.013/1.288 | lr(main/disc) 7.00e-05/3.50e-05 | cuda_peak(alloc/resv) 18.96/24.42GB | phase(train/val/raw/train_eval) 3.2/0.6/0.0/0.0s | 3.8s
2026-08-26 20:53:41 | Epoch 020/060 | loss 3.0823 | cls 1.7806 | tal -0.0377 | dual_g 1.3130 | dual_d 0.7784 | train_acc 0.8411 | train_full 0.9211 | val_acc 0.9167 | val_f1 0.9004 | adv/moduleC 0.75/1.00 | disc_steps 3 | grad(main/disc) 13.531/1.260 | lr(main/disc) 7.00e-05/3.50e-05 | cuda_peak(alloc/resv) 18.96/24.42GB | phase(train/val/raw/train_eval) 3.1/0.7/0.7/0.9s | 5.3s
2026-08-26 20:53:45 | New best val_f1_macro_present: 0.9004 at epoch 20
2026-08-26 20:53:49 | Epoch 021/060 | loss 3.0725 | cls 1.8004 | tal -0.0607 | dual_g 1.2903 | dual_d 0.7502 | train_acc 0.7929 | train_full n/a | val_acc 0.8864 | val_f1 0.8721 | adv/moduleC 0.80/1.00 | disc_steps 3 | grad(main/disc) 16.110/1.259 | lr(main/disc) 7.00e-05/3.50e-05 | cuda_peak(alloc/resv) 18.96/24.42GB | phase(train/val/raw/train_eval) 3.3/0.6/0.0/0.0s | 4.0s
2026-08-26 20:53:52 | Epoch 022/060 | loss 2.8784 | cls 1.6748 | tal -0.0842 | dual_g 1.2289 | dual_d 0.7546 | train_acc 0.8554 | train_full n/a | val_acc 0.8939 | val_f1 0.8819 | adv/moduleC 0.85/1.00 | disc_steps 3 | grad(main/disc) 12.162/1.257 | lr(main/disc) 7.00e-05/3.50e-05 | cuda_peak(alloc/resv) 18.96/24.42GB | phase(train/val/raw/train_eval) 3.1/0.6/0.0/0.0s | 3.8s
2026-08-26 20:53:57 | Epoch 023/060 | loss 2.8479 | cls 1.6468 | tal -0.0742 | dual_g 1.2233 | dual_d 0.7853 | train_acc 0.8750 | train_full n/a | val_acc 0.9545 | val_f1 0.9365 | adv/moduleC 0.90/1.00 | disc_steps 3 | grad(main/disc) 10.711/1.240 | lr(main/disc) 7.00e-05/3.50e-05 | cuda_peak(alloc/resv) 18.96/24.42GB | phase(train/val/raw/train_eval) 3.2/0.7/0.7/0.0s | 4.6s
2026-08-26 20:54:01 | New best val_f1_macro_present: 0.9365 at epoch 23
2026-08-26 20:54:05 | Epoch 024/060 | loss 2.8620 | cls 1.6716 | tal -0.1257 | dual_g 1.2281 | dual_d 0.7572 | train_acc 0.8482 | train_full n/a | val_acc 0.9470 | val_f1 0.9382 | adv/moduleC 0.95/1.00 | disc_steps 3 | grad(main/disc) 10.154/1.231 | lr(main/disc) 7.00e-05/3.50e-05 | cuda_peak(alloc/resv) 18.96/24.42GB | phase(train/val/raw/train_eval) 3.0/0.7/0.7/0.0s | 4.3s
2026-08-26 20:54:09 | New best val_f1_macro_present: 0.9382 at epoch 24
2026-08-26 20:54:14 | Epoch 025/060 | loss 2.8350 | cls 1.6297 | tal -0.0234 | dual_g 1.2123 | dual_d 0.7934 | train_acc 0.8643 | train_full 0.9389 | val_acc 0.9545 | val_f1 0.9506 | adv/moduleC 1.00/1.00 | disc_steps 3 | grad(main/disc) 11.193/1.210 | lr(main/disc) 7.00e-05/3.50e-05 | cuda_peak(alloc/resv) 18.96/24.42GB | phase(train/val/raw/train_eval) 3.0/0.7/0.7/0.9s | 5.2s
2026-08-26 20:54:18 | New best val_f1_macro_present: 0.9506 at epoch 25
2026-08-26 20:54:22 | Epoch 026/060 | loss 2.8039 | cls 1.6265 | tal -0.0321 | dual_g 1.1871 | dual_d 0.7851 | train_acc 0.8571 | train_full n/a | val_acc 0.9470 | val_f1 0.9219 | adv/moduleC 1.00/1.00 | disc_steps 3 | grad(main/disc) 11.365/1.217 | lr(main/disc) 7.00e-05/3.50e-05 | cuda_peak(alloc/resv) 18.96/24.42GB | phase(train/val/raw/train_eval) 2.9/0.6/0.0/0.0s | 3.6s
2026-08-26 20:54:26 | Epoch 027/060 | loss 2.6714 | cls 1.5378 | tal -0.0372 | dual_g 1.1447 | dual_d 0.8079 | train_acc 0.9054 | train_full n/a | val_acc 0.9470 | val_f1 0.9251 | adv/moduleC 1.00/1.00 | disc_steps 3 | grad(main/disc) 13.739/1.227 | lr(main/disc) 7.00e-05/3.50e-05 | cuda_peak(alloc/resv) 18.96/24.42GB | phase(train/val/raw/train_eval) 3.3/0.7/0.0/0.0s | 3.9s
2026-08-26 20:54:30 | Epoch 028/060 | loss 2.7424 | cls 1.6001 | tal -0.0571 | dual_g 1.1594 | dual_d 0.8532 | train_acc 0.8857 | train_full n/a | val_acc 0.9545 | val_f1 0.9503 | adv/moduleC 1.00/1.00 | disc_steps 3 | grad(main/disc) 13.236/1.295 | lr(main/disc) 7.00e-05/3.50e-05 | cuda_peak(alloc/resv) 18.96/24.42GB | phase(train/val/raw/train_eval) 2.9/0.7/0.0/0.0s | 3.6s
2026-08-26 20:54:34 | Epoch 029/060 | loss 2.6425 | cls 1.5391 | tal -0.0542 | dual_g 1.1196 | dual_d 0.8355 | train_acc 0.8929 | train_full n/a | val_acc 0.9318 | val_f1 0.9328 | adv/moduleC 1.00/1.00 | disc_steps 3 | grad(main/disc) 11.131/1.282 | lr(main/disc) 7.00e-05/3.50e-05 | cuda_peak(alloc/resv) 18.96/24.42GB | phase(train/val/raw/train_eval) 3.4/0.7/0.0/0.0s | 4.0s
2026-08-26 20:54:39 | Epoch 030/060 | loss 2.6059 | cls 1.5139 | tal -0.0772 | dual_g 1.1152 | dual_d 0.8366 | train_acc 0.9125 | train_full 0.9487 | val_acc 0.9470 | val_f1 0.9294 | adv/moduleC 1.00/1.00 | disc_steps 3 | grad(main/disc) 8.994/1.254 | lr(main/disc) 7.00e-05/3.50e-05 | cuda_peak(alloc/resv) 18.96/24.42GB | phase(train/val/raw/train_eval) 3.4/0.6/0.7/0.9s | 5.6s
2026-08-26 20:54:43 | Epoch 031/060 | loss 2.5534 | cls 1.4879 | tal -0.1033 | dual_g 1.0965 | dual_d 0.8796 | train_acc 0.9000 | train_full n/a | val_acc 0.9318 | val_f1 0.8907 | adv/moduleC 1.00/1.00 | disc_steps 3 | grad(main/disc) 8.695/1.296 | lr(main/disc) 7.00e-05/3.50e-05 | cuda_peak(alloc/resv) 18.96/24.42GB | phase(train/val/raw/train_eval) 3.3/0.7/0.0/0.0s | 4.0s
2026-08-26 20:54:47 | Epoch 032/060 | loss 2.5096 | cls 1.4668 | tal -0.1252 | dual_g 1.0804 | dual_d 0.8578 | train_acc 0.9411 | train_full n/a | val_acc 0.9621 | val_f1 0.9510 | adv/moduleC 1.00/1.00 | disc_steps 3 | grad(main/disc) 8.995/1.243 | lr(main/disc) 7.00e-05/3.50e-05 | cuda_peak(alloc/resv) 18.96/24.42GB | phase(train/val/raw/train_eval) 3.1/0.7/0.0/0.0s | 3.8s
2026-08-26 20:54:51 | Epoch 033/060 | loss 2.5244 | cls 1.4875 | tal -0.0955 | dual_g 1.0656 | dual_d 0.8748 | train_acc 0.9250 | train_full n/a | val_acc 0.9091 | val_f1 0.8979 | adv/moduleC 1.00/1.00 | disc_steps 3 | grad(main/disc) 12.509/1.312 | lr(main/disc) 7.00e-05/3.50e-05 | cuda_peak(alloc/resv) 18.96/24.42GB | phase(train/val/raw/train_eval) 3.3/0.7/0.0/0.0s | 3.9s
2026-08-26 20:54:55 | Epoch 034/060 | loss 2.4637 | cls 1.4398 | tal -0.0837 | dual_g 1.0490 | dual_d 0.9008 | train_acc 0.9554 | train_full n/a | val_acc 0.9621 | val_f1 0.9572 | adv/moduleC 1.00/1.00 | disc_steps 3 | grad(main/disc) 9.045/1.260 | lr(main/disc) 7.00e-05/3.50e-05 | cuda_peak(alloc/resv) 18.96/24.42GB | phase(train/val/raw/train_eval) 3.0/0.6/0.7/0.0s | 4.3s
2026-08-26 20:54:59 | New best val_f1_macro_present: 0.9572 at epoch 34
2026-08-26 20:55:05 | Epoch 035/060 | loss 2.4522 | cls 1.4232 | tal -0.1163 | dual_g 1.0639 | dual_d 0.8914 | train_acc 0.9429 | train_full 0.9606 | val_acc 0.9621 | val_f1 0.9562 | adv/moduleC 1.00/1.00 | disc_steps 3 | grad(main/disc) 8.205/1.290 | lr(main/disc) 7.00e-05/3.50e-05 | cuda_peak(alloc/resv) 18.96/24.42GB | phase(train/val/raw/train_eval) 3.1/0.6/0.7/0.9s | 5.4s
2026-08-26 20:55:08 | Epoch 036/060 | loss 2.4287 | cls 1.4150 | tal -0.0893 | dual_g 1.0405 | dual_d 0.9142 | train_acc 0.9536 | train_full n/a | val_acc 0.9545 | val_f1 0.9533 | adv/moduleC 1.00/1.00 | disc_steps 3 | grad(main/disc) 7.995/1.295 | lr(main/disc) 7.00e-05/3.50e-05 | cuda_peak(alloc/resv) 18.96/24.42GB | phase(train/val/raw/train_eval) 3.1/0.7/0.0/0.0s | 3.7s
2026-08-26 20:55:13 | Epoch 037/060 | loss 2.4010 | cls 1.4078 | tal -0.1175 | dual_g 1.0284 | dual_d 0.9384 | train_acc 0.9589 | train_full n/a | val_acc 0.9697 | val_f1 0.9603 | adv/moduleC 1.00/1.00 | disc_steps 3 | grad(main/disc) 7.636/1.258 | lr(main/disc) 7.00e-05/3.50e-05 | cuda_peak(alloc/resv) 18.96/24.42GB | phase(train/val/raw/train_eval) 3.2/0.6/0.7/0.0s | 4.5s
2026-08-26 20:55:17 | New best val_f1_macro_present: 0.9603 at epoch 37
2026-08-26 20:55:21 | Epoch 038/060 | loss 2.3709 | cls 1.3905 | tal -0.1070 | dual_g 1.0125 | dual_d 0.9236 | train_acc 0.9625 | train_full n/a | val_acc 0.9773 | val_f1 0.9669 | adv/moduleC 1.00/1.00 | disc_steps 3 | grad(main/disc) 6.771/1.232 | lr(main/disc) 7.00e-05/3.50e-05 | cuda_peak(alloc/resv) 18.96/24.42GB | phase(train/val/raw/train_eval) 3.1/0.7/0.7/0.0s | 4.4s
2026-08-26 20:55:25 | New best val_f1_macro_present: 0.9669 at epoch 38
2026-08-26 20:55:29 | Epoch 039/060 | loss 2.3723 | cls 1.3944 | tal -0.0910 | dual_g 1.0052 | dual_d 0.9936 | train_acc 0.9571 | train_full n/a | val_acc 0.9621 | val_f1 0.9670 | adv/moduleC 1.00/1.00 | disc_steps 3 | grad(main/disc) 6.445/1.315 | lr(main/disc) 7.00e-05/3.50e-05 | cuda_peak(alloc/resv) 18.96/24.42GB | phase(train/val/raw/train_eval) 3.1/0.6/0.0/0.0s | 3.7s
2026-08-26 20:55:34 | Epoch 040/060 | loss 2.3605 | cls 1.3961 | tal -0.0880 | dual_g 0.9907 | dual_d 0.9369 | train_acc 0.9661 | train_full 0.9822 | val_acc 0.9697 | val_f1 0.9708 | adv/moduleC 1.00/1.00 | disc_steps 3 | grad(main/disc) 7.285/1.269 | lr(main/disc) 7.00e-05/3.50e-05 | cuda_peak(alloc/resv) 18.96/24.42GB | phase(train/val/raw/train_eval) 3.1/0.7/0.7/0.9s | 5.4s
2026-08-26 20:55:38 | New best val_f1_macro_present: 0.9708 at epoch 40
2026-08-26 20:55:42 | Epoch 041/060 | loss 2.3239 | cls 1.3696 | tal -0.1593 | dual_g 1.0021 | dual_d 0.9414 | train_acc 0.9607 | train_full n/a | val_acc 0.9697 | val_f1 0.9645 | adv/moduleC 1.00/1.00 | disc_steps 3 | grad(main/disc) 6.606/1.271 | lr(main/disc) 7.00e-05/3.50e-05 | cuda_peak(alloc/resv) 18.96/24.42GB | phase(train/val/raw/train_eval) 3.3/0.6/0.0/0.0s | 3.9s
2026-08-26 20:55:46 | Epoch 042/060 | loss 2.3523 | cls 1.3967 | tal -0.1073 | dual_g 0.9879 | dual_d 0.9448 | train_acc 0.9643 | train_full n/a | val_acc 0.9545 | val_f1 0.9533 | adv/moduleC 1.00/1.00 | disc_steps 3 | grad(main/disc) 7.051/1.270 | lr(main/disc) 7.00e-05/3.50e-05 | cuda_peak(alloc/resv) 18.96/24.42GB | phase(train/val/raw/train_eval) 3.2/0.7/0.0/0.0s | 3.9s
2026-08-26 20:55:50 | Epoch 043/060 | loss 2.2863 | cls 1.3453 | tal -0.1063 | dual_g 0.9728 | dual_d 0.9691 | train_acc 0.9750 | train_full n/a | val_acc 0.9621 | val_f1 0.9604 | adv/moduleC 1.00/1.00 | disc_steps 3 | grad(main/disc) 5.089/1.285 | lr(main/disc) 7.00e-05/3.50e-05 | cuda_peak(alloc/resv) 18.96/24.42GB | phase(train/val/raw/train_eval) 3.1/0.7/0.0/0.0s | 3.8s
2026-08-26 20:55:54 | Epoch 044/060 | loss 2.3080 | cls 1.3696 | tal -0.1420 | dual_g 0.9810 | dual_d 0.9490 | train_acc 0.9607 | train_full n/a | val_acc 0.9621 | val_f1 0.9667 | adv/moduleC 1.00/1.00 | disc_steps 3 | grad(main/disc) 6.439/1.237 | lr(main/disc) 7.00e-05/3.50e-05 | cuda_peak(alloc/resv) 18.96/24.42GB | phase(train/val/raw/train_eval) 3.2/0.6/0.0/0.0s | 3.9s
2026-08-26 20:55:59 | Epoch 045/060 | loss 2.3377 | cls 1.3733 | tal -0.0978 | dual_g 0.9938 | dual_d 0.9917 | train_acc 0.9625 | train_full 0.9744 | val_acc 0.9545 | val_f1 0.9320 | adv/moduleC 1.00/1.00 | disc_steps 3 | grad(main/disc) 6.564/1.277 | lr(main/disc) 7.00e-05/3.50e-05 | cuda_peak(alloc/resv) 18.96/24.42GB | phase(train/val/raw/train_eval) 3.1/0.7/0.7/0.9s | 5.4s
2026-08-26 20:56:03 | Epoch 046/060 | loss 2.3001 | cls 1.3478 | tal -0.0835 | dual_g 0.9774 | dual_d 1.0614 | train_acc 0.9732 | train_full n/a | val_acc 0.9697 | val_f1 0.9708 | adv/moduleC 1.00/1.00 | disc_steps 3 | grad(main/disc) 5.549/1.367 | lr(main/disc) 7.00e-05/3.50e-05 | cuda_peak(alloc/resv) 18.96/24.42GB | phase(train/val/raw/train_eval) 3.1/0.7/0.0/0.0s | 3.8s
2026-08-26 20:56:07 | Epoch 047/060 | loss 2.2986 | cls 1.3565 | tal -0.0946 | dual_g 0.9705 | dual_d 0.9618 | train_acc 0.9714 | train_full n/a | val_acc 0.9848 | val_f1 0.9828 | adv/moduleC 1.00/1.00 | disc_steps 3 | grad(main/disc) 5.683/1.222 | lr(main/disc) 7.00e-05/3.50e-05 | cuda_peak(alloc/resv) 18.96/24.42GB | phase(train/val/raw/train_eval) 3.1/0.6/0.7/0.0s | 4.4s
2026-08-26 20:56:11 | New best val_f1_macro_present: 0.9828 at epoch 47
2026-08-26 20:56:15 | Epoch 048/060 | loss 2.2493 | cls 1.3332 | tal -0.1216 | dual_g 0.9526 | dual_d 0.9818 | train_acc 0.9804 | train_full n/a | val_acc 0.9848 | val_f1 0.9746 | adv/moduleC 1.00/1.00 | disc_steps 3 | grad(main/disc) 4.622/1.286 | lr(main/disc) 7.00e-05/3.50e-05 | cuda_peak(alloc/resv) 18.96/24.42GB | phase(train/val/raw/train_eval) 3.1/0.7/0.0/0.0s | 3.7s
2026-08-26 20:56:19 | Epoch 049/060 | loss 2.2144 | cls 1.3094 | tal -0.1256 | dual_g 0.9427 | dual_d 0.9918 | train_acc 0.9929 | train_full n/a | val_acc 0.9697 | val_f1 0.9705 | adv/moduleC 1.00/1.00 | disc_steps 3 | grad(main/disc) 4.677/1.290 | lr(main/disc) 7.00e-05/3.50e-05 | cuda_peak(alloc/resv) 18.96/24.42GB | phase(train/val/raw/train_eval) 3.1/0.6/0.0/0.0s | 3.7s
2026-08-26 20:56:24 | Epoch 050/060 | loss 2.2394 | cls 1.3201 | tal -0.0989 | dual_g 0.9489 | dual_d 1.0040 | train_acc 0.9875 | train_full 0.9901 | val_acc 0.9697 | val_f1 0.9729 | adv/moduleC 1.00/1.00 | disc_steps 3 | grad(main/disc) 5.049/1.314 | lr(main/disc) 7.00e-05/3.50e-05 | cuda_peak(alloc/resv) 18.96/24.42GB | phase(train/val/raw/train_eval) 3.1/0.7/0.7/0.9s | 5.4s
2026-08-26 20:56:28 | Epoch 051/060 | loss 2.2322 | cls 1.3221 | tal -0.1338 | dual_g 0.9502 | dual_d 0.9887 | train_acc 0.9768 | train_full n/a | val_acc 0.9773 | val_f1 0.9685 | adv/moduleC 1.00/1.00 | disc_steps 3 | grad(main/disc) 5.027/1.295 | lr(main/disc) 7.00e-05/3.50e-05 | cuda_peak(alloc/resv) 18.96/24.42GB | phase(train/val/raw/train_eval) 3.2/0.7/0.0/0.0s | 3.9s
2026-08-26 20:56:32 | Epoch 052/060 | loss 2.2387 | cls 1.3207 | tal -0.0667 | dual_g 0.9380 | dual_d 1.0193 | train_acc 0.9679 | train_full n/a | val_acc 0.9848 | val_f1 0.9746 | adv/moduleC 1.00/1.00 | disc_steps 3 | grad(main/disc) 4.967/1.314 | lr(main/disc) 7.00e-05/3.50e-05 | cuda_peak(alloc/resv) 18.96/24.42GB | phase(train/val/raw/train_eval) 3.0/0.6/0.0/0.0s | 3.7s
2026-08-26 20:56:36 | Epoch 053/060 | loss 2.2393 | cls 1.3192 | tal -0.0730 | dual_g 0.9420 | dual_d 1.0041 | train_acc 0.9839 | train_full n/a | val_acc 0.9697 | val_f1 0.9724 | adv/moduleC 1.00/1.00 | disc_steps 3 | grad(main/disc) 5.026/1.254 | lr(main/disc) 7.00e-05/3.50e-05 | cuda_peak(alloc/resv) 18.96/24.42GB | phase(train/val/raw/train_eval) 3.0/0.6/0.0/0.0s | 3.7s
2026-08-26 20:56:39 | Epoch 054/060 | loss 2.2046 | cls 1.2962 | tal -0.0880 | dual_g 0.9348 | dual_d 1.0432 | train_acc 0.9893 | train_full n/a | val_acc 0.9545 | val_f1 0.9417 | adv/moduleC 1.00/1.00 | disc_steps 3 | grad(main/disc) 4.389/1.306 | lr(main/disc) 3.50e-05/1.75e-05 | cuda_peak(alloc/resv) 18.96/24.42GB | phase(train/val/raw/train_eval) 3.0/0.7/0.0/0.0s | 3.7s
2026-08-26 20:56:45 | Epoch 055/060 | loss 2.2115 | cls 1.3163 | tal -0.1195 | dual_g 0.9311 | dual_d 1.0351 | train_acc 0.9821 | train_full 0.9921 | val_acc 0.9773 | val_f1 0.9786 | adv/moduleC 1.00/1.00 | disc_steps 3 | grad(main/disc) 4.825/1.326 | lr(main/disc) 3.50e-05/1.75e-05 | cuda_peak(alloc/resv) 18.96/24.42GB | phase(train/val/raw/train_eval) 3.2/0.6/0.7/0.9s | 5.4s
2026-08-26 20:56:48 | Epoch 056/060 | loss 2.1875 | cls 1.2961 | tal -0.1282 | dual_g 0.9299 | dual_d 1.0409 | train_acc 0.9875 | train_full n/a | val_acc 0.9697 | val_f1 0.9570 | adv/moduleC 1.00/1.00 | disc_steps 3 | grad(main/disc) 4.070/1.325 | lr(main/disc) 3.50e-05/1.75e-05 | cuda_peak(alloc/resv) 18.96/24.42GB | phase(train/val/raw/train_eval) 3.1/0.6/0.0/0.0s | 3.7s
2026-08-26 20:56:52 | Epoch 057/060 | loss 2.1658 | cls 1.2752 | tal -0.1257 | dual_g 0.9283 | dual_d 1.0212 | train_acc 0.9929 | train_full n/a | val_acc 0.9697 | val_f1 0.9628 | adv/moduleC 1.00/1.00 | disc_steps 3 | grad(main/disc) 3.325/1.285 | lr(main/disc) 3.50e-05/1.75e-05 | cuda_peak(alloc/resv) 18.96/24.42GB | phase(train/val/raw/train_eval) 3.1/0.6/0.0/0.0s | 3.8s
2026-08-26 20:56:56 | Epoch 058/060 | loss 2.1729 | cls 1.2867 | tal -0.1123 | dual_g 0.9199 | dual_d 1.0427 | train_acc 0.9929 | train_full n/a | val_acc 0.9773 | val_f1 0.9631 | adv/moduleC 1.00/1.00 | disc_steps 3 | grad(main/disc) 3.686/1.343 | lr(main/disc) 3.50e-05/1.75e-05 | cuda_peak(alloc/resv) 18.96/24.42GB | phase(train/val/raw/train_eval) 3.1/0.6/0.0/0.0s | 3.8s
2026-08-26 20:57:00 | Epoch 059/060 | loss 2.1622 | cls 1.2829 | tal -0.1309 | dual_g 0.9186 | dual_d 1.0261 | train_acc 0.9893 | train_full n/a | val_acc 0.9773 | val_f1 0.9790 | adv/moduleC 1.00/1.00 | disc_steps 3 | grad(main/disc) 3.788/1.295 | lr(main/disc) 3.50e-05/1.75e-05 | cuda_peak(alloc/resv) 18.96/24.42GB | phase(train/val/raw/train_eval) 3.2/0.6/0.0/0.0s | 3.9s
2026-08-26 20:57:05 | Epoch 060/060 | loss 2.1556 | cls 1.2732 | tal -0.1126 | dual_g 0.9162 | dual_d 0.9646 | train_acc 0.9929 | train_full 0.9941 | val_acc 0.9773 | val_f1 0.9767 | adv/moduleC 1.00/1.00 | disc_steps 3 | grad(main/disc) 3.063/1.248 | lr(main/disc) 3.50e-05/1.75e-05 | cuda_peak(alloc/resv) 18.96/24.42GB | phase(train/val/raw/train_eval) 3.1/0.7/0.7/0.9s | 5.4s
2026-08-26 20:57:05 | Training complete. Best validation accuracy: 0.9848 | best val_f1_macro_present: 0.9828
