2026-08-19 12:41:15 | Starting Dual_D standalone training
2026-08-19 12:41:15 | Run directory: runs/dual_d_黑天_iter03_20260819_111406
2026-08-19 12:41:15 | Device: cuda
2026-08-19 12:41:15 | Source train samples: 992
2026-08-19 12:41:15 | Target train samples: 465
2026-08-19 12:41:15 | Target val samples: 120
2026-08-19 12:41:15 | Classes: 14
2026-08-19 12:41:15 | Data audit: same_dir=False | path_overlap(vis/ir/ais)=0/0/0 | content_overlap(vis/ir/ais)=0/0/0 | ais_index_overlap=0 | stem_mismatch(vis-ir/vis-ais)=578/0
2026-08-19 12:41:15 | source_train classes: present 14/14 | absent 0 | counts [0:120, 1:44, 2:69, 3:45, 4:40, 5:30, 6:64, 7:80, 8:116, 9:68, 10:57, 11:83, 12:48, 13:128]
2026-08-19 12:41:15 | target_train classes: present 8/14 | absent 6 | counts [0:100, 2:11, 3:16, 6:89, 9:162, 10:12, 11:44, 13:31]
2026-08-19 12:41:15 | target_val classes: present 8/14 | absent 6 | counts [0:26, 2:3, 3:5, 6:23, 9:41, 10:3, 11:11, 13:8]
2026-08-19 12:41:15 | Paired training classes: 8/14 | class ids [0, 2, 3, 6, 9, 10, 11, 13]
2026-08-19 12:41:15 | VIS/IR pairing: class-level-unpaired | count-mismatch classes train/val: 10/0 | AIS alignment: none | AIS rows train/val: 0/0
2026-08-19 12:41:16 | Model parameters: total=17277714 | trainable=17120210
2026-08-19 12:42:28 | Epoch 001/100 | loss 8.2389 | cls 4.4830 | tal 0.2540 | dual_g 3.6797 | dual_d 0.0000 | train_acc 0.0938 | train_full 0.1097 | val_acc 0.1417 | val_f1 0.0741 | grad(main/disc) 24.308/0.000 | lr(main/disc) 5.00e-05/2.50e-05 | 72.3s
2026-08-19 12:42:28 | New best val_acc: 0.1417 at epoch 1
2026-08-19 12:43:44 | Epoch 002/100 | loss 6.7896 | cls 3.6634 | tal 0.0113 | dual_g 3.1228 | dual_d 0.0000 | train_acc 0.2500 | train_full 0.2237 | val_acc 0.2417 | val_f1 0.2518 | grad(main/disc) 19.289/0.000 | lr(main/disc) 5.00e-05/2.50e-05 | 75.5s
2026-08-19 12:43:44 | New best val_acc: 0.2417 at epoch 2
2026-08-19 12:45:00 | Epoch 003/100 | loss 5.9595 | cls 3.2163 | tal -0.0983 | dual_g 2.7726 | dual_d 0.0000 | train_acc 0.3348 | train_full 0.2774 | val_acc 0.2500 | val_f1 0.3223 | grad(main/disc) 17.767/0.000 | lr(main/disc) 5.00e-05/2.50e-05 | 75.9s
2026-08-19 12:45:00 | New best val_acc: 0.2500 at epoch 3
2026-08-19 12:46:13 | Epoch 004/100 | loss 5.5068 | cls 2.9619 | tal -0.1347 | dual_g 2.5853 | dual_d 0.0000 | train_acc 0.4487 | train_full 0.3935 | val_acc 0.3833 | val_f1 0.4607 | grad(main/disc) 18.032/0.000 | lr(main/disc) 5.00e-05/2.50e-05 | 73.6s
2026-08-19 12:46:13 | New best val_acc: 0.3833 at epoch 4
2026-08-19 12:47:27 | Epoch 005/100 | loss 5.1446 | cls 2.7952 | tal -0.1478 | dual_g 2.3937 | dual_d 0.0000 | train_acc 0.4487 | train_full 0.4602 | val_acc 0.4583 | val_f1 0.5457 | grad(main/disc) 17.618/0.000 | lr(main/disc) 5.00e-05/2.50e-05 | 73.9s
2026-08-19 12:47:27 | New best val_acc: 0.4583 at epoch 5
2026-08-19 12:48:43 | Epoch 006/100 | loss 4.7706 | cls 2.5271 | tal -0.1422 | dual_g 2.2862 | dual_d 0.8531 | train_acc 0.5670 | train_full 0.6237 | val_acc 0.6000 | val_f1 0.6216 | grad(main/disc) 17.279/1.784 | lr(main/disc) 5.00e-05/2.50e-05 | 75.7s
2026-08-19 12:48:43 | New best val_acc: 0.6000 at epoch 6
2026-08-19 12:49:56 | Epoch 007/100 | loss 4.3728 | cls 2.3023 | tal -0.1583 | dual_g 2.1180 | dual_d 0.8257 | train_acc 0.6674 | train_full 0.6022 | val_acc 0.6000 | val_f1 0.6603 | grad(main/disc) 16.054/1.685 | lr(main/disc) 5.00e-05/2.50e-05 | 73.5s
2026-08-19 12:51:10 | Epoch 008/100 | loss 4.3295 | cls 2.2938 | tal -0.0612 | dual_g 2.0540 | dual_d 0.7493 | train_acc 0.6875 | train_full 0.6473 | val_acc 0.6583 | val_f1 0.6605 | grad(main/disc) 16.177/1.553 | lr(main/disc) 5.00e-05/2.50e-05 | 73.9s
2026-08-19 12:51:10 | New best val_acc: 0.6583 at epoch 8
2026-08-19 12:52:24 | Epoch 009/100 | loss 4.0911 | cls 2.1112 | tal -0.0298 | dual_g 1.9889 | dual_d 0.7659 | train_acc 0.6920 | train_full 0.7914 | val_acc 0.8250 | val_f1 0.7961 | grad(main/disc) 15.653/1.587 | lr(main/disc) 5.00e-05/2.50e-05 | 74.3s
2026-08-19 12:52:24 | New best val_acc: 0.8250 at epoch 9
2026-08-19 12:53:39 | Epoch 010/100 | loss 3.8877 | cls 2.0201 | tal -0.0703 | dual_g 1.8887 | dual_d 0.8249 | train_acc 0.7723 | train_full 0.8172 | val_acc 0.7750 | val_f1 0.7322 | grad(main/disc) 16.204/1.619 | lr(main/disc) 5.00e-05/2.50e-05 | 74.4s
2026-08-19 12:54:53 | Epoch 011/100 | loss 3.8103 | cls 1.9873 | tal -0.0643 | dual_g 1.8423 | dual_d 0.8209 | train_acc 0.7411 | train_full 0.8387 | val_acc 0.8083 | val_f1 0.7647 | grad(main/disc) 14.810/1.571 | lr(main/disc) 5.00e-05/2.50e-05 | 74.4s
2026-08-19 12:56:08 | Epoch 012/100 | loss 3.6027 | cls 1.8638 | tal -0.1522 | dual_g 1.7846 | dual_d 0.7592 | train_acc 0.8058 | train_full 0.8344 | val_acc 0.8250 | val_f1 0.8034 | grad(main/disc) 14.281/1.517 | lr(main/disc) 5.00e-05/2.50e-05 | 75.2s
2026-08-19 12:57:22 | Epoch 013/100 | loss 3.5669 | cls 1.8684 | tal -0.1457 | dual_g 1.7422 | dual_d 0.7964 | train_acc 0.8237 | train_full 0.8559 | val_acc 0.8333 | val_f1 0.8128 | grad(main/disc) 15.340/1.522 | lr(main/disc) 5.00e-05/2.50e-05 | 73.8s
2026-08-19 12:57:22 | New best val_acc: 0.8333 at epoch 13
2026-08-19 12:58:36 | Epoch 014/100 | loss 3.3919 | cls 1.7515 | tal -0.1110 | dual_g 1.6737 | dual_d 0.7509 | train_acc 0.8527 | train_full 0.8710 | val_acc 0.8083 | val_f1 0.7664 | grad(main/disc) 12.472/1.422 | lr(main/disc) 5.00e-05/2.50e-05 | 74.0s
2026-08-19 12:59:50 | Epoch 015/100 | loss 3.4641 | cls 1.7768 | tal -0.0585 | dual_g 1.7048 | dual_d 0.7783 | train_acc 0.8326 | train_full 0.8968 | val_acc 0.8333 | val_f1 0.8129 | grad(main/disc) 13.749/1.498 | lr(main/disc) 5.00e-05/2.50e-05 | 73.3s
2026-08-19 13:01:06 | Epoch 016/100 | loss 3.3669 | cls 1.7275 | tal -0.0692 | dual_g 1.6601 | dual_d 0.7623 | train_acc 0.8594 | train_full 0.9054 | val_acc 0.8583 | val_f1 0.8346 | grad(main/disc) 13.131/1.441 | lr(main/disc) 5.00e-05/2.50e-05 | 76.7s
2026-08-19 13:01:06 | New best val_acc: 0.8583 at epoch 16
2026-08-19 13:02:20 | Epoch 017/100 | loss 3.2648 | cls 1.6655 | tal -0.0662 | dual_g 1.6192 | dual_d 0.7253 | train_acc 0.8839 | train_full 0.8559 | val_acc 0.8250 | val_f1 0.7988 | grad(main/disc) 11.490/1.397 | lr(main/disc) 5.00e-05/2.50e-05 | 73.8s
2026-08-19 13:03:35 | Epoch 018/100 | loss 3.2268 | cls 1.6547 | tal -0.1044 | dual_g 1.6035 | dual_d 0.7602 | train_acc 0.9018 | train_full 0.9355 | val_acc 0.9083 | val_f1 0.8951 | grad(main/disc) 12.369/1.423 | lr(main/disc) 5.00e-05/2.50e-05 | 74.6s
2026-08-19 13:03:35 | New best val_acc: 0.9083 at epoch 18
2026-08-19 13:04:50 | Epoch 019/100 | loss 3.0872 | cls 1.5824 | tal -0.1434 | dual_g 1.5479 | dual_d 0.7405 | train_acc 0.9040 | train_full 0.9247 | val_acc 0.8583 | val_f1 0.8298 | grad(main/disc) 10.561/1.356 | lr(main/disc) 5.00e-05/2.50e-05 | 75.2s
2026-08-19 13:06:04 | Epoch 020/100 | loss 3.1291 | cls 1.5987 | tal -0.1483 | dual_g 1.5749 | dual_d 0.7929 | train_acc 0.8906 | train_full 0.8882 | val_acc 0.8667 | val_f1 0.8502 | grad(main/disc) 12.211/1.459 | lr(main/disc) 5.00e-05/2.50e-05 | 74.3s
2026-08-19 13:07:18 | Epoch 021/100 | loss 3.1141 | cls 1.6035 | tal -0.1470 | dual_g 1.5547 | dual_d 0.7809 | train_acc 0.9241 | train_full 0.9376 | val_acc 0.9083 | val_f1 0.8726 | grad(main/disc) 11.146/1.428 | lr(main/disc) 5.00e-05/2.50e-05 | 73.6s
2026-08-19 13:08:31 | Epoch 022/100 | loss 3.0514 | cls 1.5725 | tal -0.1294 | dual_g 1.5177 | dual_d 0.8232 | train_acc 0.9442 | train_full 0.9419 | val_acc 0.8917 | val_f1 0.8850 | grad(main/disc) 11.985/1.474 | lr(main/disc) 5.00e-05/2.50e-05 | 73.8s
2026-08-19 13:09:43 | Epoch 023/100 | loss 3.0085 | cls 1.5628 | tal -0.1308 | dual_g 1.4850 | dual_d 0.8100 | train_acc 0.9286 | train_full 0.9441 | val_acc 0.9000 | val_f1 0.8672 | grad(main/disc) 9.585/1.391 | lr(main/disc) 5.00e-05/2.50e-05 | 72.1s
2026-08-19 13:10:56 | Epoch 024/100 | loss 2.9840 | cls 1.5309 | tal -0.1382 | dual_g 1.4945 | dual_d 0.8485 | train_acc 0.9397 | train_full 0.9634 | val_acc 0.9333 | val_f1 0.9210 | grad(main/disc) 9.440/1.416 | lr(main/disc) 5.00e-05/2.50e-05 | 73.0s
2026-08-19 13:10:56 | New best val_acc: 0.9333 at epoch 24
2026-08-19 13:12:09 | Epoch 025/100 | loss 2.9133 | cls 1.5123 | tal -0.1756 | dual_g 1.4537 | dual_d 0.8660 | train_acc 0.9554 | train_full 0.9484 | val_acc 0.9167 | val_f1 0.8975 | grad(main/disc) 8.925/1.441 | lr(main/disc) 5.00e-05/2.50e-05 | 72.7s
2026-08-19 13:13:22 | Epoch 026/100 | loss 2.9094 | cls 1.5057 | tal -0.1326 | dual_g 1.4435 | dual_d 0.8765 | train_acc 0.9598 | train_full 0.9290 | val_acc 0.9000 | val_f1 0.8798 | grad(main/disc) 8.292/1.458 | lr(main/disc) 5.00e-05/2.50e-05 | 72.9s
2026-08-19 13:14:35 | Epoch 027/100 | loss 2.8838 | cls 1.5011 | tal -0.1963 | dual_g 1.4416 | dual_d 0.8775 | train_acc 0.9732 | train_full 0.9548 | val_acc 0.9000 | val_f1 0.8727 | grad(main/disc) 8.476/1.466 | lr(main/disc) 5.00e-05/2.50e-05 | 73.1s
2026-08-19 13:15:50 | Epoch 028/100 | loss 2.8793 | cls 1.4988 | tal -0.1516 | dual_g 1.4259 | dual_d 0.8559 | train_acc 0.9531 | train_full 0.9140 | val_acc 0.8417 | val_f1 0.8586 | grad(main/disc) 8.273/1.377 | lr(main/disc) 5.00e-05/2.50e-05 | 74.7s
2026-08-19 13:17:04 | Epoch 029/100 | loss 2.8032 | cls 1.4638 | tal -0.1530 | dual_g 1.3853 | dual_d 0.8571 | train_acc 0.9710 | train_full 0.9419 | val_acc 0.9083 | val_f1 0.8744 | grad(main/disc) 7.344/1.393 | lr(main/disc) 5.00e-05/2.50e-05 | 74.0s
2026-08-19 13:18:19 | Epoch 030/100 | loss 2.7572 | cls 1.4369 | tal -0.1604 | dual_g 1.3685 | dual_d 0.8801 | train_acc 0.9777 | train_full 0.9763 | val_acc 0.9417 | val_f1 0.9179 | grad(main/disc) 6.136/1.411 | lr(main/disc) 5.00e-05/2.50e-05 | 74.9s
2026-08-19 13:18:19 | New best val_acc: 0.9417 at epoch 30
2026-08-19 13:19:32 | Epoch 031/100 | loss 2.8051 | cls 1.4608 | tal -0.1554 | dual_g 1.3909 | dual_d 0.9175 | train_acc 0.9554 | train_full 0.9634 | val_acc 0.9250 | val_f1 0.8939 | grad(main/disc) 7.356/1.448 | lr(main/disc) 5.00e-05/2.50e-05 | 73.8s
2026-08-19 13:20:46 | Epoch 032/100 | loss 2.7631 | cls 1.4444 | tal -0.1817 | dual_g 1.3733 | dual_d 0.9109 | train_acc 0.9799 | train_full 0.8667 | val_acc 0.8583 | val_f1 0.8786 | grad(main/disc) 6.989/1.417 | lr(main/disc) 5.00e-05/2.50e-05 | 74.0s
2026-08-19 13:22:03 | Epoch 033/100 | loss 2.7670 | cls 1.4522 | tal -0.1342 | dual_g 1.3551 | dual_d 0.9437 | train_acc 0.9821 | train_full 0.9806 | val_acc 0.9583 | val_f1 0.9390 | grad(main/disc) 8.993/1.432 | lr(main/disc) 5.00e-05/2.50e-05 | 76.0s
2026-08-19 13:22:03 | New best val_acc: 0.9583 at epoch 33
2026-08-19 13:23:18 | Epoch 034/100 | loss 2.7671 | cls 1.4497 | tal -0.1393 | dual_g 1.3592 | dual_d 0.8740 | train_acc 0.9799 | train_full 0.9914 | val_acc 0.9667 | val_f1 0.9531 | grad(main/disc) 6.670/1.340 | lr(main/disc) 5.00e-05/2.50e-05 | 75.4s
2026-08-19 13:23:18 | New best val_acc: 0.9667 at epoch 34
2026-08-19 13:24:31 | Epoch 035/100 | loss 2.7609 | cls 1.4532 | tal -0.1387 | dual_g 1.3493 | dual_d 0.9658 | train_acc 0.9688 | train_full 0.9613 | val_acc 0.9333 | val_f1 0.9078 | grad(main/disc) 7.513/1.462 | lr(main/disc) 5.00e-05/2.50e-05 | 73.0s
2026-08-19 13:25:46 | Epoch 036/100 | loss 2.7406 | cls 1.4314 | tal -0.1334 | dual_g 1.3493 | dual_d 0.8998 | train_acc 0.9777 | train_full 0.9742 | val_acc 0.9667 | val_f1 0.9484 | grad(main/disc) 6.029/1.343 | lr(main/disc) 5.00e-05/2.50e-05 | 75.5s
2026-08-19 13:27:01 | Epoch 037/100 | loss 2.7242 | cls 1.4187 | tal -0.1214 | dual_g 1.3419 | dual_d 0.9457 | train_acc 0.9665 | train_full 0.9785 | val_acc 0.9583 | val_f1 0.9227 | grad(main/disc) 6.110/1.383 | lr(main/disc) 5.00e-05/2.50e-05 | 75.0s
2026-08-19 13:28:15 | Epoch 038/100 | loss 2.7126 | cls 1.4329 | tal -0.1640 | dual_g 1.3289 | dual_d 0.9406 | train_acc 0.9732 | train_full 0.9892 | val_acc 0.9583 | val_f1 0.9463 | grad(main/disc) 6.256/1.389 | lr(main/disc) 5.00e-05/2.50e-05 | 73.2s
2026-08-19 13:29:28 | Epoch 039/100 | loss 2.6653 | cls 1.4041 | tal -0.1463 | dual_g 1.3050 | dual_d 0.8808 | train_acc 0.9821 | train_full 0.9720 | val_acc 0.9500 | val_f1 0.9447 | grad(main/disc) 6.039/1.313 | lr(main/disc) 5.00e-05/2.50e-05 | 73.7s
2026-08-19 13:30:42 | Epoch 040/100 | loss 2.6236 | cls 1.3749 | tal -0.1674 | dual_g 1.2989 | dual_d 0.9586 | train_acc 0.9933 | train_full 0.9742 | val_acc 0.9500 | val_f1 0.9176 | grad(main/disc) 4.723/1.344 | lr(main/disc) 5.00e-05/2.50e-05 | 73.4s
2026-08-19 13:31:57 | Epoch 041/100 | loss 2.6062 | cls 1.3733 | tal -0.1647 | dual_g 1.2823 | dual_d 0.9713 | train_acc 0.9888 | train_full 0.9849 | val_acc 0.9500 | val_f1 0.9249 | grad(main/disc) 4.902/1.372 | lr(main/disc) 2.50e-05/1.25e-05 | 74.9s
2026-08-19 13:33:09 | Epoch 042/100 | loss 2.6214 | cls 1.3962 | tal -0.1973 | dual_g 1.2843 | dual_d 0.9368 | train_acc 0.9754 | train_full 0.9892 | val_acc 0.9417 | val_f1 0.9211 | grad(main/disc) 5.095/1.296 | lr(main/disc) 2.50e-05/1.25e-05 | 72.2s
2026-08-19 13:33:09 | Early stopping at epoch 42 after 8 epochs without val_acc improvement.
2026-08-19 13:33:09 | Training complete. Best validation accuracy: 0.9667 | best val_acc: 0.9667
