2026-08-29 21:03:11 | Starting Dual_D standalone training
2026-08-29 21:03:11 | Run directory: runs/module_c_ablation_60_v8/module_c_20260829_205331/module_c_full_黑天_20260829_205332
2026-08-29 21:03:11 | Device: cuda
2026-08-29 21:03:11 | Source train samples: 992
2026-08-29 21:03:11 | Target train samples: 465
2026-08-29 21:03:11 | Target val samples: 120
2026-08-29 21:03:11 | Classes: 14
2026-08-29 21:03:11 | Data audit: same_dir=False | path_overlap(vis/ir/ais)=0/0/0 | content_overlap(vis/ir/ais)=0/0/0 | ais_index_overlap=0 | stem_mismatch(vis-ir/vis-ais)=578/0
2026-08-29 21:03:11 | source_train classes: present 14/14 | absent 0 | counts [0:120, 1:44, 2:69, 3:45, 4:40, 5:30, 6:64, 7:80, 8:116, 9:68, 10:57, 11:83, 12:48, 13:128]
2026-08-29 21:03:11 | target_train classes: present 8/14 | absent 6 | counts [0:100, 2:11, 3:16, 6:89, 9:162, 10:12, 11:44, 13:31]
2026-08-29 21:03:11 | target_val classes: present 8/14 | absent 6 | counts [0:26, 2:3, 3:5, 6:23, 9:41, 10:3, 11:11, 13:8]
2026-08-29 21:03:11 | Paired training classes: 8/14 | class ids [0, 2, 3, 6, 9, 10, 11, 13]
2026-08-29 21:03:11 | Runtime profile: batch=92 | paired_steps=6 | workers=16 | train_eval_every=5 | raw_eval_every=5 | stability_window=1 | lr_scheduler_start=24 | early_stop=15 after min_epoch=48
2026-08-29 21:03:11 | VIS/IR pairing: class-level-unpaired | count-mismatch classes train/val: 10/0 | AIS alignment: none | AIS rows train/val: 0/0
2026-08-29 21:03:11 | Effective Dual-D loss weights: {"adv_auxiliary": 0.03, "adv_primary": 0.03, "classification": 0.65, "contrastive": 0.055, "cycle": 0.16, "identity": 0.04, "prototype_contrastive": 0.03}
2026-08-29 21:03:11 | Model parameters: total=17277714 | trainable=17120210
2026-08-29 21:03:17 | Epoch 001/060 | loss 5.9307 | cls 5.8513 | tal 0.2647 | dual_g 0.0000 | dual_d 0.0000 | train_acc 0.0906 | train_full 0.1978 | val_acc 0.2167 | val_f1 0.0947 | adv/moduleC 0.00/0.00 | disc_steps 0 | grad(main/disc) 15.919/0.000 | lr(main/disc) 8.50e-05/3.20e-05 | cuda_peak(alloc/resv) 21.77/28.18GB | phase(train/val/raw/train_eval) 4.0/0.5/0.5/0.8s | 5.8s
2026-08-29 21:03:20 | New best val_f1_macro_present: raw=0.0947 stable_score=0.0947 at epoch 1
2026-08-29 21:03:24 | Epoch 002/060 | loss 4.4228 | cls 4.4122 | tal 0.0352 | dual_g 0.0000 | dual_d 0.0000 | train_acc 0.2464 | train_full n/a | val_acc 0.1250 | val_f1 0.0692 | adv/moduleC 0.00/0.00 | disc_steps 0 | grad(main/disc) 11.707/0.000 | lr(main/disc) 8.50e-05/3.20e-05 | cuda_peak(alloc/resv) 21.77/28.18GB | phase(train/val/raw/train_eval) 3.4/0.5/0.0/0.0s | 3.9s
2026-08-29 21:03:28 | Epoch 003/060 | loss 3.8063 | cls 3.8144 | tal -0.0269 | dual_g 0.0000 | dual_d 0.0000 | train_acc 0.3949 | train_full n/a | val_acc 0.0833 | val_f1 0.0747 | adv/moduleC 0.00/0.00 | disc_steps 0 | grad(main/disc) 10.108/0.000 | lr(main/disc) 8.50e-05/3.20e-05 | cuda_peak(alloc/resv) 21.77/28.18GB | phase(train/val/raw/train_eval) 3.6/0.5/0.0/0.0s | 4.1s
2026-08-29 21:03:33 | Epoch 004/060 | loss 3.5795 | cls 3.2804 | tal -0.0816 | dual_g 0.3236 | dual_d 0.0000 | train_acc 0.4964 | train_full n/a | val_acc 0.1667 | val_f1 0.2174 | adv/moduleC 0.00/0.12 | disc_steps 0 | grad(main/disc) 9.750/0.000 | lr(main/disc) 8.50e-05/3.20e-05 | cuda_peak(alloc/resv) 21.77/28.18GB | phase(train/val/raw/train_eval) 3.8/0.5/0.5/0.0s | 4.8s
2026-08-29 21:03:35 | New best val_f1_macro_present: raw=0.2174 stable_score=0.2174 at epoch 4
2026-08-29 21:03:40 | Epoch 005/060 | loss 3.4508 | cls 2.9070 | tal -0.1368 | dual_g 0.5848 | dual_d 0.0000 | train_acc 0.5851 | train_full 0.2667 | val_acc 0.2667 | val_f1 0.3298 | adv/moduleC 0.00/0.25 | disc_steps 0 | grad(main/disc) 9.282/0.000 | lr(main/disc) 8.50e-05/3.20e-05 | cuda_peak(alloc/resv) 21.77/28.18GB | phase(train/val/raw/train_eval) 3.2/0.5/0.5/0.8s | 5.1s
2026-08-29 21:03:43 | New best val_f1_macro_present: raw=0.3298 stable_score=0.3298 at epoch 5
2026-08-29 21:03:48 | Epoch 006/060 | loss 3.4352 | cls 2.6643 | tal -0.1020 | dual_g 0.8015 | dual_d 0.8728 | train_acc 0.6250 | train_full n/a | val_acc 0.3667 | val_f1 0.4925 | adv/moduleC 0.07/0.38 | disc_steps 3 | grad(main/disc) 9.402/1.544 | lr(main/disc) 8.50e-05/3.20e-05 | cuda_peak(alloc/resv) 21.77/28.18GB | phase(train/val/raw/train_eval) 3.9/0.5/0.5/0.0s | 5.0s
2026-08-29 21:03:51 | New best val_f1_macro_present: raw=0.4925 stable_score=0.4925 at epoch 6
2026-08-29 21:03:56 | Epoch 007/060 | loss 3.4134 | cls 2.4347 | tal -0.0819 | dual_g 1.0033 | dual_d 0.8478 | train_acc 0.6957 | train_full n/a | val_acc 0.6750 | val_f1 0.7163 | adv/moduleC 0.13/0.50 | disc_steps 3 | grad(main/disc) 10.306/1.510 | lr(main/disc) 8.50e-05/3.20e-05 | cuda_peak(alloc/resv) 21.77/28.18GB | phase(train/val/raw/train_eval) 3.6/0.5/0.5/0.0s | 4.7s
2026-08-29 21:03:58 | New best val_f1_macro_present: raw=0.7163 stable_score=0.7163 at epoch 7
2026-08-29 21:04:03 | Epoch 008/060 | loss 3.4601 | cls 2.2982 | tal -0.0736 | dual_g 1.1840 | dual_d 0.8623 | train_acc 0.7391 | train_full n/a | val_acc 0.7583 | val_f1 0.7379 | adv/moduleC 0.20/0.62 | disc_steps 3 | grad(main/disc) 11.199/1.505 | lr(main/disc) 8.50e-05/3.20e-05 | cuda_peak(alloc/resv) 21.77/28.18GB | phase(train/val/raw/train_eval) 3.9/0.5/0.5/0.0s | 5.0s
2026-08-29 21:04:06 | New best val_f1_macro_present: raw=0.7379 stable_score=0.7379 at epoch 8
2026-08-29 21:04:10 | Epoch 009/060 | loss 3.3588 | cls 2.0822 | tal -0.0527 | dual_g 1.2924 | dual_d 0.8906 | train_acc 0.7808 | train_full n/a | val_acc 0.8167 | val_f1 0.7816 | adv/moduleC 0.27/0.75 | disc_steps 3 | grad(main/disc) 10.636/1.491 | lr(main/disc) 8.50e-05/3.20e-05 | cuda_peak(alloc/resv) 21.77/28.18GB | phase(train/val/raw/train_eval) 3.3/0.5/0.5/0.0s | 4.3s
2026-08-29 21:04:13 | New best val_f1_macro_present: raw=0.7816 stable_score=0.7816 at epoch 9
2026-08-29 21:04:19 | Epoch 010/060 | loss 3.3862 | cls 1.9956 | tal -0.0531 | dual_g 1.4065 | dual_d 0.8879 | train_acc 0.8243 | train_full 0.7935 | val_acc 0.7583 | val_f1 0.7270 | adv/moduleC 0.33/0.88 | disc_steps 3 | grad(main/disc) 10.409/1.474 | lr(main/disc) 8.50e-05/3.20e-05 | cuda_peak(alloc/resv) 21.77/28.18GB | phase(train/val/raw/train_eval) 3.7/0.5/0.5/0.8s | 5.6s
2026-08-29 21:04:24 | Epoch 011/060 | loss 3.4181 | cls 1.8672 | tal -0.0468 | dual_g 1.5649 | dual_d 0.8759 | train_acc 0.8569 | train_full n/a | val_acc 0.8500 | val_f1 0.8236 | adv/moduleC 0.40/1.00 | disc_steps 3 | grad(main/disc) 13.701/1.476 | lr(main/disc) 8.50e-05/3.20e-05 | cuda_peak(alloc/resv) 21.77/28.18GB | phase(train/val/raw/train_eval) 3.7/0.5/0.5/0.0s | 4.8s
2026-08-29 21:04:27 | New best val_f1_macro_present: raw=0.8236 stable_score=0.8236 at epoch 11
2026-08-29 21:04:32 | Epoch 012/060 | loss 3.1958 | cls 1.7655 | tal -0.0693 | dual_g 1.4511 | dual_d 0.8434 | train_acc 0.8696 | train_full n/a | val_acc 0.8667 | val_f1 0.8493 | adv/moduleC 0.47/1.00 | disc_steps 3 | grad(main/disc) 10.243/1.364 | lr(main/disc) 8.50e-05/3.20e-05 | cuda_peak(alloc/resv) 21.77/28.18GB | phase(train/val/raw/train_eval) 3.9/0.5/0.5/0.0s | 5.0s
2026-08-29 21:04:34 | New best val_f1_macro_present: raw=0.8493 stable_score=0.8493 at epoch 12
2026-08-29 21:04:38 | Epoch 013/060 | loss 2.9870 | cls 1.6496 | tal -0.0627 | dual_g 1.3563 | dual_d 0.8317 | train_acc 0.8931 | train_full n/a | val_acc 0.8667 | val_f1 0.8378 | adv/moduleC 0.53/1.00 | disc_steps 3 | grad(main/disc) 9.691/1.340 | lr(main/disc) 8.50e-05/3.20e-05 | cuda_peak(alloc/resv) 21.77/28.18GB | phase(train/val/raw/train_eval) 3.4/0.5/0.0/0.0s | 4.0s
2026-08-29 21:04:42 | Epoch 014/060 | loss 2.9206 | cls 1.6078 | tal -0.0706 | dual_g 1.3340 | dual_d 0.8139 | train_acc 0.9130 | train_full n/a | val_acc 0.8500 | val_f1 0.8077 | adv/moduleC 0.60/1.00 | disc_steps 3 | grad(main/disc) 9.267/1.251 | lr(main/disc) 8.50e-05/3.20e-05 | cuda_peak(alloc/resv) 21.77/28.18GB | phase(train/val/raw/train_eval) 3.4/0.5/0.0/0.0s | 3.9s
2026-08-29 21:04:48 | Epoch 015/060 | loss 2.8734 | cls 1.5872 | tal -0.1187 | dual_g 1.3219 | dual_d 0.8310 | train_acc 0.9094 | train_full 0.8796 | val_acc 0.8583 | val_f1 0.8298 | adv/moduleC 0.67/1.00 | disc_steps 3 | grad(main/disc) 9.961/1.297 | lr(main/disc) 8.50e-05/3.20e-05 | cuda_peak(alloc/resv) 21.77/28.18GB | phase(train/val/raw/train_eval) 3.9/0.5/0.5/0.8s | 5.8s
2026-08-29 21:04:53 | Epoch 016/060 | loss 2.8172 | cls 1.5627 | tal -0.1193 | dual_g 1.2903 | dual_d 0.8849 | train_acc 0.9239 | train_full n/a | val_acc 0.9083 | val_f1 0.8878 | adv/moduleC 0.73/1.00 | disc_steps 3 | grad(main/disc) 9.405/1.342 | lr(main/disc) 8.50e-05/3.20e-05 | cuda_peak(alloc/resv) 21.77/28.18GB | phase(train/val/raw/train_eval) 3.6/0.5/0.5/0.0s | 4.7s
2026-08-29 21:04:56 | New best val_f1_macro_present: raw=0.8878 stable_score=0.8878 at epoch 16
2026-08-29 21:05:00 | Epoch 017/060 | loss 2.7694 | cls 1.5471 | tal -0.1306 | dual_g 1.2615 | dual_d 0.8422 | train_acc 0.9257 | train_full n/a | val_acc 0.8917 | val_f1 0.8558 | adv/moduleC 0.80/1.00 | disc_steps 3 | grad(main/disc) 9.956/1.261 | lr(main/disc) 8.50e-05/3.20e-05 | cuda_peak(alloc/resv) 21.77/28.18GB | phase(train/val/raw/train_eval) 3.6/0.5/0.0/0.0s | 4.1s
2026-08-29 21:05:04 | Epoch 018/060 | loss 2.6479 | cls 1.4640 | tal -0.1101 | dual_g 1.2169 | dual_d 0.8371 | train_acc 0.9493 | train_full n/a | val_acc 0.9250 | val_f1 0.8990 | adv/moduleC 0.87/1.00 | disc_steps 3 | grad(main/disc) 7.513/1.257 | lr(main/disc) 8.50e-05/3.20e-05 | cuda_peak(alloc/resv) 21.77/28.18GB | phase(train/val/raw/train_eval) 3.5/0.5/0.5/0.0s | 4.5s
2026-08-29 21:05:07 | New best val_f1_macro_present: raw=0.8990 stable_score=0.8990 at epoch 18
2026-08-29 21:05:12 | Epoch 019/060 | loss 2.5596 | cls 1.3991 | tal -0.0849 | dual_g 1.1859 | dual_d 0.8382 | train_acc 0.9493 | train_full n/a | val_acc 0.9250 | val_f1 0.9080 | adv/moduleC 0.93/1.00 | disc_steps 3 | grad(main/disc) 6.993/1.238 | lr(main/disc) 8.50e-05/3.20e-05 | cuda_peak(alloc/resv) 21.77/28.18GB | phase(train/val/raw/train_eval) 3.6/0.5/0.5/0.0s | 4.7s
2026-08-29 21:05:15 | New best val_f1_macro_present: raw=0.9080 stable_score=0.9080 at epoch 19
2026-08-29 21:05:20 | Epoch 020/060 | loss 2.5475 | cls 1.4026 | tal -0.0795 | dual_g 1.1687 | dual_d 0.8662 | train_acc 0.9692 | train_full 0.9591 | val_acc 0.9333 | val_f1 0.9049 | adv/moduleC 1.00/1.00 | disc_steps 3 | grad(main/disc) 7.208/1.267 | lr(main/disc) 8.50e-05/3.20e-05 | cuda_peak(alloc/resv) 21.77/28.18GB | phase(train/val/raw/train_eval) 3.4/0.5/0.5/0.8s | 5.2s
2026-08-29 21:05:24 | Epoch 021/060 | loss 2.4751 | cls 1.3802 | tal -0.1073 | dual_g 1.1271 | dual_d 0.8620 | train_acc 0.9783 | train_full n/a | val_acc 0.9417 | val_f1 0.9125 | adv/moduleC 1.00/1.00 | disc_steps 3 | grad(main/disc) 6.818/1.246 | lr(main/disc) 8.50e-05/3.20e-05 | cuda_peak(alloc/resv) 21.77/28.18GB | phase(train/val/raw/train_eval) 3.5/0.5/0.5/0.0s | 4.6s
2026-08-29 21:05:27 | New best val_f1_macro_present: raw=0.9125 stable_score=0.9125 at epoch 21
2026-08-29 21:05:31 | Epoch 022/060 | loss 2.4226 | cls 1.3418 | tal -0.1284 | dual_g 1.1193 | dual_d 0.8612 | train_acc 0.9837 | train_full n/a | val_acc 0.9000 | val_f1 0.9022 | adv/moduleC 1.00/1.00 | disc_steps 3 | grad(main/disc) 5.835/1.241 | lr(main/disc) 8.50e-05/3.20e-05 | cuda_peak(alloc/resv) 21.77/28.18GB | phase(train/val/raw/train_eval) 3.5/0.5/0.0/0.0s | 4.1s
2026-08-29 21:05:36 | Epoch 023/060 | loss 2.4239 | cls 1.3553 | tal -0.1366 | dual_g 1.1096 | dual_d 0.9154 | train_acc 0.9783 | train_full n/a | val_acc 0.9083 | val_f1 0.8835 | adv/moduleC 1.00/1.00 | disc_steps 3 | grad(main/disc) 7.307/1.290 | lr(main/disc) 8.50e-05/3.20e-05 | cuda_peak(alloc/resv) 21.77/28.18GB | phase(train/val/raw/train_eval) 3.7/0.5/0.0/0.0s | 4.2s
2026-08-29 21:05:40 | Epoch 024/060 | loss 2.3881 | cls 1.3190 | tal -0.1334 | dual_g 1.1090 | dual_d 0.9189 | train_acc 0.9710 | train_full n/a | val_acc 0.9500 | val_f1 0.9330 | adv/moduleC 1.00/1.00 | disc_steps 3 | grad(main/disc) 6.569/1.296 | lr(main/disc) 8.50e-05/3.20e-05 | cuda_peak(alloc/resv) 21.77/28.18GB | phase(train/val/raw/train_eval) 3.4/0.5/0.5/0.0s | 4.5s
2026-08-29 21:05:43 | New best val_f1_macro_present: raw=0.9330 stable_score=0.9330 at epoch 24
2026-08-29 21:05:49 | Epoch 025/060 | loss 2.3382 | cls 1.3108 | tal -0.1756 | dual_g 1.0801 | dual_d 0.9044 | train_acc 0.9873 | train_full 0.9785 | val_acc 0.9417 | val_f1 0.9099 | adv/moduleC 1.00/1.00 | disc_steps 3 | grad(main/disc) 5.822/1.256 | lr(main/disc) 8.50e-05/3.20e-05 | cuda_peak(alloc/resv) 21.77/28.18GB | phase(train/val/raw/train_eval) 3.8/0.5/0.5/0.8s | 5.6s
2026-08-29 21:05:53 | Epoch 026/060 | loss 2.3477 | cls 1.2991 | tal -0.1590 | dual_g 1.0963 | dual_d 0.8987 | train_acc 0.9819 | train_full n/a | val_acc 0.9500 | val_f1 0.9418 | adv/moduleC 1.00/1.00 | disc_steps 3 | grad(main/disc) 8.495/1.234 | lr(main/disc) 8.50e-05/3.20e-05 | cuda_peak(alloc/resv) 21.77/28.18GB | phase(train/val/raw/train_eval) 3.4/0.5/0.5/0.0s | 4.5s
2026-08-29 21:05:56 | New best val_f1_macro_present: raw=0.9418 stable_score=0.9418 at epoch 26
2026-08-29 21:06:00 | Epoch 027/060 | loss 2.2509 | cls 1.2571 | tal -0.1943 | dual_g 1.0520 | dual_d 0.9422 | train_acc 0.9909 | train_full n/a | val_acc 0.9333 | val_f1 0.9305 | adv/moduleC 1.00/1.00 | disc_steps 3 | grad(main/disc) 4.906/1.299 | lr(main/disc) 8.50e-05/3.20e-05 | cuda_peak(alloc/resv) 21.77/28.18GB | phase(train/val/raw/train_eval) 3.9/0.5/0.0/0.0s | 4.4s
2026-08-29 21:06:04 | Epoch 028/060 | loss 2.3088 | cls 1.2935 | tal -0.1617 | dual_g 1.0637 | dual_d 0.9213 | train_acc 0.9873 | train_full n/a | val_acc 0.9333 | val_f1 0.9152 | adv/moduleC 1.00/1.00 | disc_steps 3 | grad(main/disc) 4.968/1.293 | lr(main/disc) 8.50e-05/3.20e-05 | cuda_peak(alloc/resv) 21.77/28.18GB | phase(train/val/raw/train_eval) 3.4/0.5/0.0/0.0s | 3.9s
2026-08-29 21:06:08 | Epoch 029/060 | loss 2.2616 | cls 1.2643 | tal -0.1895 | dual_g 1.0541 | dual_d 0.8994 | train_acc 0.9909 | train_full n/a | val_acc 0.9333 | val_f1 0.8952 | adv/moduleC 1.00/1.00 | disc_steps 3 | grad(main/disc) 4.149/1.245 | lr(main/disc) 8.50e-05/3.20e-05 | cuda_peak(alloc/resv) 21.77/28.18GB | phase(train/val/raw/train_eval) 3.4/0.5/0.0/0.0s | 4.0s
2026-08-29 21:06:13 | Epoch 030/060 | loss 2.2796 | cls 1.2747 | tal -0.1831 | dual_g 1.0599 | dual_d 0.9612 | train_acc 0.9909 | train_full 0.9570 | val_acc 0.9000 | val_f1 0.8972 | adv/moduleC 1.00/1.00 | disc_steps 3 | grad(main/disc) 5.241/1.255 | lr(main/disc) 8.50e-05/3.20e-05 | cuda_peak(alloc/resv) 21.77/28.18GB | phase(train/val/raw/train_eval) 3.4/0.5/0.6/0.8s | 5.2s
2026-08-29 21:06:18 | Epoch 031/060 | loss 2.2287 | cls 1.2435 | tal -0.1561 | dual_g 1.0320 | dual_d 0.9255 | train_acc 0.9946 | train_full n/a | val_acc 0.9667 | val_f1 0.9495 | adv/moduleC 1.00/1.00 | disc_steps 3 | grad(main/disc) 3.496/1.207 | lr(main/disc) 8.50e-05/3.20e-05 | cuda_peak(alloc/resv) 21.77/28.18GB | phase(train/val/raw/train_eval) 3.5/0.5/0.6/0.0s | 4.6s
2026-08-29 21:06:21 | New best val_f1_macro_present: raw=0.9495 stable_score=0.9495 at epoch 31
2026-08-29 21:06:26 | Epoch 032/060 | loss 2.2431 | cls 1.2523 | tal -0.1356 | dual_g 1.0315 | dual_d 0.9503 | train_acc 0.9891 | train_full n/a | val_acc 0.9750 | val_f1 0.9626 | adv/moduleC 1.00/1.00 | disc_steps 3 | grad(main/disc) 4.893/1.250 | lr(main/disc) 8.50e-05/3.20e-05 | cuda_peak(alloc/resv) 21.77/28.18GB | phase(train/val/raw/train_eval) 3.8/0.5/0.5/0.0s | 4.9s
2026-08-29 21:06:29 | New best val_f1_macro_present: raw=0.9626 stable_score=0.9626 at epoch 32
2026-08-29 21:06:33 | Epoch 033/060 | loss 2.2286 | cls 1.2403 | tal -0.1195 | dual_g 1.0242 | dual_d 0.9711 | train_acc 0.9928 | train_full n/a | val_acc 0.9500 | val_f1 0.9380 | adv/moduleC 1.00/1.00 | disc_steps 3 | grad(main/disc) 3.540/1.267 | lr(main/disc) 8.50e-05/3.20e-05 | cuda_peak(alloc/resv) 21.77/28.18GB | phase(train/val/raw/train_eval) 3.6/0.5/0.0/0.0s | 4.1s
2026-08-29 21:06:37 | Epoch 034/060 | loss 2.2105 | cls 1.2284 | tal -0.1304 | dual_g 1.0212 | dual_d 0.9807 | train_acc 0.9946 | train_full n/a | val_acc 0.9667 | val_f1 0.9594 | adv/moduleC 1.00/1.00 | disc_steps 3 | grad(main/disc) 3.425/1.312 | lr(main/disc) 8.50e-05/3.20e-05 | cuda_peak(alloc/resv) 21.77/28.18GB | phase(train/val/raw/train_eval) 3.5/0.5/0.0/0.0s | 4.0s
2026-08-29 21:06:42 | Epoch 035/060 | loss 2.2042 | cls 1.2329 | tal -0.1392 | dual_g 1.0131 | dual_d 1.0081 | train_acc 0.9946 | train_full 0.9785 | val_acc 0.9667 | val_f1 0.9456 | adv/moduleC 1.00/1.00 | disc_steps 3 | grad(main/disc) 3.540/1.249 | lr(main/disc) 8.50e-05/3.20e-05 | cuda_peak(alloc/resv) 21.77/28.18GB | phase(train/val/raw/train_eval) 3.8/0.5/0.5/0.8s | 5.6s
2026-08-29 21:06:46 | Epoch 036/060 | loss 2.1746 | cls 1.2210 | tal -0.1758 | dual_g 1.0064 | dual_d 1.0052 | train_acc 0.9964 | train_full n/a | val_acc 0.9500 | val_f1 0.9265 | adv/moduleC 1.00/1.00 | disc_steps 3 | grad(main/disc) 2.893/1.304 | lr(main/disc) 8.50e-05/3.20e-05 | cuda_peak(alloc/resv) 21.77/28.18GB | phase(train/val/raw/train_eval) 3.3/0.5/0.0/0.0s | 3.8s
2026-08-29 21:06:50 | Epoch 037/060 | loss 2.1838 | cls 1.2275 | tal -0.1753 | dual_g 1.0089 | dual_d 0.9754 | train_acc 0.9964 | train_full n/a | val_acc 0.9667 | val_f1 0.9579 | adv/moduleC 1.00/1.00 | disc_steps 3 | grad(main/disc) 3.601/1.222 | lr(main/disc) 8.50e-05/3.20e-05 | cuda_peak(alloc/resv) 21.77/28.18GB | phase(train/val/raw/train_eval) 3.4/0.5/0.0/0.0s | 3.9s
2026-08-29 21:06:54 | Epoch 038/060 | loss 2.1662 | cls 1.2228 | tal -0.1762 | dual_g 0.9963 | dual_d 0.9968 | train_acc 0.9964 | train_full n/a | val_acc 0.9333 | val_f1 0.9355 | adv/moduleC 1.00/1.00 | disc_steps 3 | grad(main/disc) 2.978/1.269 | lr(main/disc) 8.50e-05/3.20e-05 | cuda_peak(alloc/resv) 21.77/28.18GB | phase(train/val/raw/train_eval) 3.7/0.5/0.0/0.0s | 4.2s
2026-08-29 21:06:59 | Epoch 039/060 | loss 2.1571 | cls 1.2223 | tal -0.1973 | dual_g 0.9940 | dual_d 0.9972 | train_acc 0.9946 | train_full n/a | val_acc 0.9417 | val_f1 0.9409 | adv/moduleC 1.00/1.00 | disc_steps 3 | grad(main/disc) 4.465/1.228 | lr(main/disc) 8.50e-05/3.20e-05 | cuda_peak(alloc/resv) 21.77/28.18GB | phase(train/val/raw/train_eval) 3.7/0.5/0.0/0.0s | 4.2s
2026-08-29 21:07:04 | Epoch 040/060 | loss 2.1501 | cls 1.2247 | tal -0.2017 | dual_g 0.9860 | dual_d 1.0207 | train_acc 0.9946 | train_full 0.9935 | val_acc 0.9667 | val_f1 0.9576 | adv/moduleC 1.00/1.00 | disc_steps 3 | grad(main/disc) 3.547/1.263 | lr(main/disc) 8.50e-05/3.20e-05 | cuda_peak(alloc/resv) 21.77/28.18GB | phase(train/val/raw/train_eval) 3.4/0.5/0.5/0.8s | 5.2s
2026-08-29 21:07:08 | Epoch 041/060 | loss 2.1369 | cls 1.2077 | tal -0.2199 | dual_g 0.9951 | dual_d 1.0056 | train_acc 1.0000 | train_full n/a | val_acc 0.9833 | val_f1 0.9714 | adv/moduleC 1.00/1.00 | disc_steps 3 | grad(main/disc) 3.531/1.224 | lr(main/disc) 8.50e-05/3.20e-05 | cuda_peak(alloc/resv) 21.77/28.18GB | phase(train/val/raw/train_eval) 3.4/0.5/0.5/0.0s | 4.4s
2026-08-29 21:07:11 | New best val_f1_macro_present: raw=0.9714 stable_score=0.9714 at epoch 41
2026-08-29 21:07:16 | Epoch 042/060 | loss 2.1152 | cls 1.1999 | tal -0.2275 | dual_g 0.9836 | dual_d 0.9955 | train_acc 0.9982 | train_full n/a | val_acc 0.9750 | val_f1 0.9572 | adv/moduleC 1.00/1.00 | disc_steps 3 | grad(main/disc) 2.740/1.236 | lr(main/disc) 8.50e-05/3.20e-05 | cuda_peak(alloc/resv) 21.77/28.18GB | phase(train/val/raw/train_eval) 3.9/0.5/0.0/0.0s | 4.4s
2026-08-29 21:07:20 | Epoch 043/060 | loss 2.1374 | cls 1.2032 | tal -0.1573 | dual_g 0.9814 | dual_d 1.0237 | train_acc 0.9964 | train_full n/a | val_acc 0.9667 | val_f1 0.9592 | adv/moduleC 1.00/1.00 | disc_steps 3 | grad(main/disc) 3.425/1.248 | lr(main/disc) 8.50e-05/3.20e-05 | cuda_peak(alloc/resv) 21.77/28.18GB | phase(train/val/raw/train_eval) 3.6/0.5/0.0/0.0s | 4.2s
2026-08-29 21:07:24 | Epoch 044/060 | loss 2.1196 | cls 1.2011 | tal -0.1786 | dual_g 0.9721 | dual_d 1.0180 | train_acc 0.9964 | train_full n/a | val_acc 0.9667 | val_f1 0.9594 | adv/moduleC 1.00/1.00 | disc_steps 3 | grad(main/disc) 2.455/1.233 | lr(main/disc) 8.50e-05/3.20e-05 | cuda_peak(alloc/resv) 21.77/28.18GB | phase(train/val/raw/train_eval) 3.8/0.5/0.0/0.0s | 4.3s
2026-08-29 21:07:30 | Epoch 045/060 | loss 2.1269 | cls 1.2077 | tal -0.1932 | dual_g 0.9772 | dual_d 1.0643 | train_acc 0.9946 | train_full 0.9935 | val_acc 0.9667 | val_f1 0.9557 | adv/moduleC 1.00/1.00 | disc_steps 3 | grad(main/disc) 2.709/1.263 | lr(main/disc) 8.50e-05/3.20e-05 | cuda_peak(alloc/resv) 21.77/28.18GB | phase(train/val/raw/train_eval) 3.6/0.5/0.5/0.8s | 5.5s
2026-08-29 21:07:34 | Epoch 046/060 | loss 2.1059 | cls 1.1948 | tal -0.1889 | dual_g 0.9678 | dual_d 0.9987 | train_acc 0.9982 | train_full n/a | val_acc 0.9750 | val_f1 0.9634 | adv/moduleC 1.00/1.00 | disc_steps 3 | grad(main/disc) 2.297/1.196 | lr(main/disc) 8.50e-05/3.20e-05 | cuda_peak(alloc/resv) 21.77/28.18GB | phase(train/val/raw/train_eval) 3.6/0.5/0.0/0.0s | 4.1s
2026-08-29 21:07:38 | Epoch 047/060 | loss 2.1022 | cls 1.1997 | tal -0.2014 | dual_g 0.9629 | dual_d 1.0012 | train_acc 1.0000 | train_full n/a | val_acc 0.9833 | val_f1 0.9714 | adv/moduleC 1.00/1.00 | disc_steps 3 | grad(main/disc) 2.437/1.210 | lr(main/disc) 8.50e-05/3.20e-05 | cuda_peak(alloc/resv) 21.77/28.18GB | phase(train/val/raw/train_eval) 3.4/0.5/0.0/0.0s | 3.9s
2026-08-29 21:07:42 | Epoch 048/060 | loss 2.0982 | cls 1.1999 | tal -0.2121 | dual_g 0.9620 | dual_d 1.0369 | train_acc 0.9964 | train_full n/a | val_acc 0.9750 | val_f1 0.9626 | adv/moduleC 1.00/1.00 | disc_steps 3 | grad(main/disc) 2.444/1.216 | lr(main/disc) 8.50e-05/3.20e-05 | cuda_peak(alloc/resv) 21.77/28.18GB | phase(train/val/raw/train_eval) 3.3/0.5/0.0/0.0s | 3.8s
2026-08-29 21:07:46 | Epoch 049/060 | loss 2.0983 | cls 1.2015 | tal -0.2532 | dual_g 0.9728 | dual_d 0.9954 | train_acc 1.0000 | train_full n/a | val_acc 0.9500 | val_f1 0.9455 | adv/moduleC 1.00/1.00 | disc_steps 3 | grad(main/disc) 2.747/1.145 | lr(main/disc) 8.50e-05/3.20e-05 | cuda_peak(alloc/resv) 21.77/28.18GB | phase(train/val/raw/train_eval) 3.7/0.5/0.0/0.0s | 4.2s
2026-08-29 21:07:51 | Epoch 050/060 | loss 2.0562 | cls 1.1847 | tal -0.2799 | dual_g 0.9555 | dual_d 0.9840 | train_acc 1.0000 | train_full 0.9935 | val_acc 0.9500 | val_f1 0.9440 | adv/moduleC 1.00/1.00 | disc_steps 3 | grad(main/disc) 1.820/1.168 | lr(main/disc) 4.25e-05/1.60e-05 | cuda_peak(alloc/resv) 21.77/28.18GB | phase(train/val/raw/train_eval) 3.4/0.5/0.6/0.8s | 5.3s
2026-08-29 21:07:55 | Epoch 051/060 | loss 2.0556 | cls 1.1815 | tal -0.2640 | dual_g 0.9533 | dual_d 0.9996 | train_acc 1.0000 | train_full n/a | val_acc 0.9583 | val_f1 0.9518 | adv/moduleC 1.00/1.00 | disc_steps 3 | grad(main/disc) 1.852/1.181 | lr(main/disc) 4.25e-05/1.60e-05 | cuda_peak(alloc/resv) 21.77/28.18GB | phase(train/val/raw/train_eval) 3.5/0.5/0.0/0.0s | 4.1s
2026-08-29 21:07:59 | Epoch 052/060 | loss 2.0626 | cls 1.1916 | tal -0.2695 | dual_g 0.9519 | dual_d 0.9708 | train_acc 0.9964 | train_full n/a | val_acc 0.9750 | val_f1 0.9644 | adv/moduleC 1.00/1.00 | disc_steps 3 | grad(main/disc) 1.965/1.158 | lr(main/disc) 4.25e-05/1.60e-05 | cuda_peak(alloc/resv) 21.77/28.18GB | phase(train/val/raw/train_eval) 3.7/0.5/0.0/0.0s | 4.2s
2026-08-29 21:08:04 | Epoch 053/060 | loss 2.0571 | cls 1.1844 | tal -0.2534 | dual_g 0.9488 | dual_d 1.0003 | train_acc 0.9982 | train_full n/a | val_acc 0.9750 | val_f1 0.9535 | adv/moduleC 1.00/1.00 | disc_steps 3 | grad(main/disc) 1.977/1.183 | lr(main/disc) 4.25e-05/1.60e-05 | cuda_peak(alloc/resv) 21.77/28.18GB | phase(train/val/raw/train_eval) 3.7/0.5/0.0/0.0s | 4.2s
2026-08-29 21:08:07 | Epoch 054/060 | loss 2.0508 | cls 1.1828 | tal -0.2786 | dual_g 0.9516 | dual_d 1.0056 | train_acc 0.9982 | train_full n/a | val_acc 0.9667 | val_f1 0.9466 | adv/moduleC 1.00/1.00 | disc_steps 3 | grad(main/disc) 1.853/1.183 | lr(main/disc) 4.25e-05/1.60e-05 | cuda_peak(alloc/resv) 21.77/28.18GB | phase(train/val/raw/train_eval) 3.3/0.5/0.0/0.0s | 3.8s
2026-08-29 21:08:13 | Epoch 055/060 | loss 2.0622 | cls 1.1913 | tal -0.2381 | dual_g 0.9423 | dual_d 1.0245 | train_acc 0.9964 | train_full 0.9957 | val_acc 0.9750 | val_f1 0.9644 | adv/moduleC 1.00/1.00 | disc_steps 3 | grad(main/disc) 2.350/1.197 | lr(main/disc) 4.25e-05/1.60e-05 | cuda_peak(alloc/resv) 21.77/28.18GB | phase(train/val/raw/train_eval) 3.4/0.5/0.5/0.8s | 5.3s
2026-08-29 21:08:17 | Epoch 056/060 | loss 2.0702 | cls 1.1815 | tal -0.2085 | dual_g 0.9512 | dual_d 0.9975 | train_acc 0.9982 | train_full n/a | val_acc 0.9667 | val_f1 0.9557 | adv/moduleC 1.00/1.00 | disc_steps 3 | grad(main/disc) 2.153/1.194 | lr(main/disc) 4.25e-05/1.60e-05 | cuda_peak(alloc/resv) 21.77/28.18GB | phase(train/val/raw/train_eval) 3.4/0.5/0.0/0.0s | 4.0s
2026-08-29 21:08:17 | Early stopping at epoch 56 after 15 epochs without val_f1_macro_present improvement.
2026-08-29 21:08:17 | Training complete. Peak validation accuracy: 0.9833 | selected val_f1_macro_present: 0.9714
