2026-08-25 03:38:00 | Starting Dual_D standalone training
2026-08-25 03:38:00 | Run directory: runs/module_c_ablation/module_c_20260824_171004/module_c_full_雨天_iter01_20260824_171005
2026-08-25 03:38:00 | Device: cuda
2026-08-25 03:38:00 | Source train samples: 992
2026-08-25 03:38:00 | Target train samples: 96
2026-08-25 03:38:00 | Target val samples: 26
2026-08-25 03:38:00 | Classes: 14
2026-08-25 03:38:00 | Data audit: same_dir=False | path_overlap(vis/ir/ais)=0/0/0 | content_overlap(vis/ir/ais)=0/0/0 | ais_index_overlap=0 | stem_mismatch(vis-ir/vis-ais)=117/0
2026-08-25 03:38:00 | source_train classes: present 14/14 | absent 0 | counts [0:120, 1:44, 2:69, 3:45, 4:40, 5:30, 6:64, 7:80, 8:116, 9:68, 10:57, 11:83, 12:48, 13:128]
2026-08-25 03:38:00 | target_train classes: present 6/14 | absent 8 | counts [0:7, 2:19, 9:32, 10:12, 11:6, 13:20]
2026-08-25 03:38:00 | target_val classes: present 6/14 | absent 8 | counts [0:2, 2:5, 9:8, 10:4, 11:2, 13:5]
2026-08-25 03:38:00 | Paired training classes: 6/14 | class ids [0, 2, 9, 10, 11, 13]
2026-08-25 03:38:00 | VIS/IR pairing: class-level-unpaired | count-mismatch classes train/val: 10/0 | AIS alignment: none | AIS rows train/val: 0/0
2026-08-25 03:38:00 | Model parameters: total=17277714 | trainable=17120210
2026-08-25 03:38:53 | Epoch 001/100 | loss 5.4401 | cls 5.4459 | tal -0.0194 | dual_g 0.0000 | dual_d 0.0000 | train_acc 0.0781 | train_full 0.1146 | val_acc 0.1538 | val_f1 0.1778 | grad(main/disc) 18.242/0.000 | lr(main/disc) 7.00e-05/3.50e-05 | 52.7s
2026-08-25 03:38:56 | New best val_f1_macro_present: 0.1778 at epoch 1
2026-08-25 03:39:52 | Epoch 002/100 | loss 4.3330 | cls 4.3229 | tal 0.0336 | dual_g 0.0000 | dual_d 0.0000 | train_acc 0.1719 | train_full 0.2083 | val_acc 0.2308 | val_f1 0.1389 | grad(main/disc) 14.787/0.000 | lr(main/disc) 7.00e-05/3.50e-05 | 55.7s
2026-08-25 03:40:49 | Epoch 003/100 | loss 3.7957 | cls 3.7799 | tal 0.0525 | dual_g 0.0000 | dual_d 0.0000 | train_acc 0.2617 | train_full 0.2292 | val_acc 0.1923 | val_f1 0.0877 | grad(main/disc) 12.653/0.000 | lr(main/disc) 7.00e-05/3.50e-05 | 57.2s
2026-08-25 03:41:45 | Epoch 004/100 | loss 3.4668 | cls 3.4649 | tal 0.0060 | dual_g 0.0000 | dual_d 0.0000 | train_acc 0.3398 | train_full 0.2188 | val_acc 0.2308 | val_f1 0.1752 | grad(main/disc) 11.507/0.000 | lr(main/disc) 7.00e-05/3.50e-05 | 55.9s
2026-08-25 03:42:39 | Epoch 005/100 | loss 3.1882 | cls 3.2041 | tal -0.0528 | dual_g 0.0000 | dual_d 0.0000 | train_acc 0.3789 | train_full 0.2083 | val_acc 0.2308 | val_f1 0.1204 | grad(main/disc) 10.479/0.000 | lr(main/disc) 7.00e-05/3.50e-05 | 54.2s
2026-08-25 03:43:35 | Epoch 006/100 | loss 3.0541 | cls 2.8760 | tal -0.1394 | dual_g 0.2199 | dual_d 0.8361 | train_acc 0.5195 | train_full 0.2812 | val_acc 0.3077 | val_f1 0.1963 | grad(main/disc) 9.941/1.857 | lr(main/disc) 7.00e-05/3.50e-05 | 55.4s
2026-08-25 03:43:38 | New best val_f1_macro_present: 0.1963 at epoch 6
2026-08-25 03:44:33 | Epoch 007/100 | loss 3.0188 | cls 2.6697 | tal -0.1828 | dual_g 0.4040 | dual_d 0.8283 | train_acc 0.5312 | train_full 0.2708 | val_acc 0.2692 | val_f1 0.1761 | grad(main/disc) 9.757/1.901 | lr(main/disc) 7.00e-05/3.50e-05 | 55.0s
2026-08-25 03:45:26 | Epoch 008/100 | loss 3.0580 | cls 2.4965 | tal -0.1409 | dual_g 0.6038 | dual_d 0.8601 | train_acc 0.6094 | train_full 0.2917 | val_acc 0.3077 | val_f1 0.2106 | grad(main/disc) 9.466/1.845 | lr(main/disc) 7.00e-05/3.50e-05 | 53.3s
2026-08-25 03:45:29 | New best val_f1_macro_present: 0.2106 at epoch 8
2026-08-25 03:46:27 | Epoch 009/100 | loss 3.0713 | cls 2.3939 | tal -0.1457 | dual_g 0.7212 | dual_d 0.8240 | train_acc 0.5742 | train_full 0.4271 | val_acc 0.3462 | val_f1 0.2980 | grad(main/disc) 9.478/1.825 | lr(main/disc) 7.00e-05/3.50e-05 | 57.6s
2026-08-25 03:46:30 | New best val_f1_macro_present: 0.2980 at epoch 9
2026-08-25 03:47:26 | Epoch 010/100 | loss 3.0936 | cls 2.2710 | tal -0.1204 | dual_g 0.8588 | dual_d 0.8184 | train_acc 0.6758 | train_full 0.6354 | val_acc 0.5000 | val_f1 0.4179 | grad(main/disc) 9.351/1.739 | lr(main/disc) 7.00e-05/3.50e-05 | 56.1s
2026-08-25 03:47:29 | New best val_f1_macro_present: 0.4179 at epoch 10
2026-08-25 03:48:23 | Epoch 011/100 | loss 3.1792 | cls 2.1649 | tal -0.0813 | dual_g 1.0387 | dual_d 0.7922 | train_acc 0.8086 | train_full 0.6771 | val_acc 0.5385 | val_f1 0.4384 | grad(main/disc) 9.628/1.645 | lr(main/disc) 7.00e-05/3.50e-05 | 54.0s
2026-08-25 03:48:26 | New best val_f1_macro_present: 0.4384 at epoch 11
2026-08-25 03:49:22 | Epoch 012/100 | loss 3.0794 | cls 2.0012 | tal -0.0880 | dual_g 1.1046 | dual_d 0.8050 | train_acc 0.7773 | train_full 0.5521 | val_acc 0.5000 | val_f1 0.4002 | grad(main/disc) 10.425/1.677 | lr(main/disc) 7.00e-05/3.50e-05 | 56.4s
2026-08-25 03:50:14 | Epoch 013/100 | loss 3.0187 | cls 1.8410 | tal -0.0761 | dual_g 1.2006 | dual_d 0.8001 | train_acc 0.7969 | train_full 0.6771 | val_acc 0.6154 | val_f1 0.5273 | grad(main/disc) 10.110/1.686 | lr(main/disc) 7.00e-05/3.50e-05 | 52.1s
2026-08-25 03:50:17 | New best val_f1_macro_present: 0.5273 at epoch 13
2026-08-25 03:51:12 | Epoch 014/100 | loss 3.1216 | cls 1.8704 | tal -0.0919 | dual_g 1.2787 | dual_d 0.7767 | train_acc 0.8281 | train_full 0.6146 | val_acc 0.5769 | val_f1 0.4847 | grad(main/disc) 11.921/1.546 | lr(main/disc) 7.00e-05/3.50e-05 | 54.4s
2026-08-25 03:52:03 | Epoch 015/100 | loss 3.2002 | cls 1.7691 | tal -0.0732 | dual_g 1.4530 | dual_d 0.7293 | train_acc 0.8242 | train_full 0.4896 | val_acc 0.4615 | val_f1 0.4651 | grad(main/disc) 11.996/1.518 | lr(main/disc) 7.00e-05/3.50e-05 | 51.2s
2026-08-25 03:52:58 | Epoch 016/100 | loss 2.9318 | cls 1.6023 | tal -0.0451 | dual_g 1.3430 | dual_d 0.7312 | train_acc 0.9062 | train_full 0.6875 | val_acc 0.6538 | val_f1 0.6545 | grad(main/disc) 10.013/1.532 | lr(main/disc) 7.00e-05/3.50e-05 | 54.8s
2026-08-25 03:53:01 | New best val_f1_macro_present: 0.6545 at epoch 16
2026-08-25 03:53:55 | Epoch 017/100 | loss 2.9319 | cls 1.6171 | tal -0.0293 | dual_g 1.3236 | dual_d 0.7380 | train_acc 0.9023 | train_full 0.6875 | val_acc 0.5769 | val_f1 0.5911 | grad(main/disc) 9.618/1.516 | lr(main/disc) 7.00e-05/3.50e-05 | 54.3s
2026-08-25 03:54:51 | Epoch 018/100 | loss 2.8731 | cls 1.5970 | tal -0.0728 | dual_g 1.2979 | dual_d 0.7664 | train_acc 0.9297 | train_full 0.7917 | val_acc 0.7308 | val_f1 0.7648 | grad(main/disc) 11.431/1.543 | lr(main/disc) 7.00e-05/3.50e-05 | 56.2s
2026-08-25 03:54:54 | New best val_f1_macro_present: 0.7648 at epoch 18
2026-08-25 03:55:46 | Epoch 019/100 | loss 2.7547 | cls 1.5459 | tal -0.0911 | dual_g 1.2361 | dual_d 0.7889 | train_acc 0.9180 | train_full 0.5938 | val_acc 0.6154 | val_f1 0.6527 | grad(main/disc) 10.721/1.603 | lr(main/disc) 7.00e-05/3.50e-05 | 51.7s
2026-08-25 03:56:41 | Epoch 020/100 | loss 2.9086 | cls 1.6039 | tal 0.0022 | dual_g 1.3040 | dual_d 0.7641 | train_acc 0.8867 | train_full 0.7917 | val_acc 0.7692 | val_f1 0.7718 | grad(main/disc) 12.293/1.521 | lr(main/disc) 7.00e-05/3.50e-05 | 54.9s
2026-08-25 03:56:44 | New best val_f1_macro_present: 0.7718 at epoch 20
2026-08-25 03:57:35 | Epoch 021/100 | loss 2.7492 | cls 1.5440 | tal -0.0508 | dual_g 1.2205 | dual_d 0.7590 | train_acc 0.9297 | train_full 0.7812 | val_acc 0.7308 | val_f1 0.7370 | grad(main/disc) 10.633/1.515 | lr(main/disc) 7.00e-05/3.50e-05 | 51.4s
2026-08-25 03:58:30 | Epoch 022/100 | loss 2.7481 | cls 1.5543 | tal -0.0018 | dual_g 1.1943 | dual_d 0.7769 | train_acc 0.9531 | train_full 0.6979 | val_acc 0.6154 | val_f1 0.6106 | grad(main/disc) 9.254/1.528 | lr(main/disc) 7.00e-05/3.50e-05 | 54.1s
2026-08-25 03:59:25 | Epoch 023/100 | loss 2.6894 | cls 1.4968 | tal -0.0052 | dual_g 1.1942 | dual_d 0.7639 | train_acc 0.9727 | train_full 0.8125 | val_acc 0.5385 | val_f1 0.5509 | grad(main/disc) 7.718/1.528 | lr(main/disc) 7.00e-05/3.50e-05 | 55.6s
2026-08-25 04:00:18 | Epoch 024/100 | loss 2.7399 | cls 1.5139 | tal 0.0790 | dual_g 1.2024 | dual_d 0.7680 | train_acc 0.9570 | train_full 0.8021 | val_acc 0.7308 | val_f1 0.7285 | grad(main/disc) 11.345/1.487 | lr(main/disc) 7.00e-05/3.50e-05 | 52.8s
2026-08-25 04:01:12 | Epoch 025/100 | loss 2.6641 | cls 1.4842 | tal 0.0315 | dual_g 1.1704 | dual_d 0.7689 | train_acc 0.9766 | train_full 0.7083 | val_acc 0.5769 | val_f1 0.5867 | grad(main/disc) 8.816/1.506 | lr(main/disc) 7.00e-05/3.50e-05 | 54.3s
2026-08-25 04:02:09 | Epoch 026/100 | loss 2.6488 | cls 1.4564 | tal 0.0423 | dual_g 1.1797 | dual_d 0.8167 | train_acc 0.9766 | train_full 0.8229 | val_acc 0.6923 | val_f1 0.6983 | grad(main/disc) 8.626/1.510 | lr(main/disc) 7.00e-05/3.50e-05 | 57.0s
2026-08-25 04:03:05 | Epoch 027/100 | loss 2.5898 | cls 1.4355 | tal 0.0141 | dual_g 1.1501 | dual_d 0.8013 | train_acc 0.9609 | train_full 0.8958 | val_acc 0.8846 | val_f1 0.8870 | grad(main/disc) 6.502/1.509 | lr(main/disc) 7.00e-05/3.50e-05 | 55.5s
2026-08-25 04:03:08 | New best val_f1_macro_present: 0.8870 at epoch 27
2026-08-25 04:04:00 | Epoch 028/100 | loss 2.4960 | cls 1.3982 | tal -0.0436 | dual_g 1.1110 | dual_d 0.8673 | train_acc 0.9883 | train_full 0.8958 | val_acc 0.8846 | val_f1 0.8836 | grad(main/disc) 6.289/1.535 | lr(main/disc) 7.00e-05/3.50e-05 | 52.1s
2026-08-25 04:04:52 | Epoch 029/100 | loss 2.4668 | cls 1.3821 | tal -0.0876 | dual_g 1.1110 | dual_d 0.8262 | train_acc 0.9844 | train_full 0.8958 | val_acc 0.8462 | val_f1 0.8531 | grad(main/disc) 7.224/1.548 | lr(main/disc) 7.00e-05/3.50e-05 | 52.3s
2026-08-25 04:05:45 | Epoch 030/100 | loss 2.4381 | cls 1.3721 | tal -0.1071 | dual_g 1.0981 | dual_d 0.8443 | train_acc 0.9805 | train_full 0.9479 | val_acc 0.8462 | val_f1 0.8564 | grad(main/disc) 8.885/1.523 | lr(main/disc) 7.00e-05/3.50e-05 | 53.0s
2026-08-25 04:06:40 | Epoch 031/100 | loss 2.3976 | cls 1.3738 | tal -0.1607 | dual_g 1.0721 | dual_d 0.8516 | train_acc 0.9883 | train_full 0.8646 | val_acc 0.8077 | val_f1 0.7854 | grad(main/disc) 6.718/1.584 | lr(main/disc) 7.00e-05/3.50e-05 | 55.2s
2026-08-25 04:07:36 | Epoch 032/100 | loss 2.4115 | cls 1.3806 | tal -0.1154 | dual_g 1.0655 | dual_d 0.8450 | train_acc 0.9922 | train_full 0.7917 | val_acc 0.6538 | val_f1 0.6604 | grad(main/disc) 8.649/1.514 | lr(main/disc) 7.00e-05/3.50e-05 | 55.4s
2026-08-25 04:08:32 | Epoch 033/100 | loss 2.4720 | cls 1.4194 | tal -0.1448 | dual_g 1.0960 | dual_d 0.8978 | train_acc 0.9727 | train_full 0.9167 | val_acc 0.8846 | val_f1 0.9092 | grad(main/disc) 9.520/1.574 | lr(main/disc) 7.00e-05/3.50e-05 | 56.0s
2026-08-25 04:08:35 | New best val_f1_macro_present: 0.9092 at epoch 33
2026-08-25 04:09:26 | Epoch 034/100 | loss 2.4399 | cls 1.3816 | tal -0.0926 | dual_g 1.0860 | dual_d 0.9419 | train_acc 1.0000 | train_full 0.8854 | val_acc 0.9615 | val_f1 0.9663 | grad(main/disc) 8.053/1.603 | lr(main/disc) 7.00e-05/3.50e-05 | 51.6s
2026-08-25 04:09:29 | New best val_f1_macro_present: 0.9663 at epoch 34
2026-08-25 04:10:25 | Epoch 035/100 | loss 2.3879 | cls 1.3605 | tal -0.0900 | dual_g 1.0544 | dual_d 0.8880 | train_acc 0.9805 | train_full 0.9375 | val_acc 0.8462 | val_f1 0.8538 | grad(main/disc) 6.644/1.498 | lr(main/disc) 7.00e-05/3.50e-05 | 55.4s
2026-08-25 04:11:21 | Epoch 036/100 | loss 2.4055 | cls 1.3762 | tal -0.0861 | dual_g 1.0552 | dual_d 0.9048 | train_acc 0.9727 | train_full 0.9062 | val_acc 0.8462 | val_f1 0.8875 | grad(main/disc) 10.243/1.502 | lr(main/disc) 7.00e-05/3.50e-05 | 55.8s
2026-08-25 04:12:14 | Epoch 037/100 | loss 2.3891 | cls 1.3663 | tal -0.0872 | dual_g 1.0489 | dual_d 0.9165 | train_acc 0.9844 | train_full 0.9375 | val_acc 0.8846 | val_f1 0.9161 | grad(main/disc) 9.369/1.516 | lr(main/disc) 7.00e-05/3.50e-05 | 52.9s
2026-08-25 04:13:08 | Epoch 038/100 | loss 2.3793 | cls 1.3701 | tal -0.0885 | dual_g 1.0357 | dual_d 0.9111 | train_acc 0.9805 | train_full 0.9167 | val_acc 0.8077 | val_f1 0.8188 | grad(main/disc) 6.532/1.547 | lr(main/disc) 7.00e-05/3.50e-05 | 55.0s
2026-08-25 04:14:03 | Epoch 039/100 | loss 2.3288 | cls 1.3386 | tal -0.1041 | dual_g 1.0214 | dual_d 0.8958 | train_acc 0.9922 | train_full 0.9271 | val_acc 0.9615 | val_f1 0.9663 | grad(main/disc) 6.750/1.478 | lr(main/disc) 7.00e-05/3.50e-05 | 55.0s
2026-08-25 04:14:53 | Epoch 040/100 | loss 2.3254 | cls 1.3386 | tal -0.0714 | dual_g 1.0083 | dual_d 0.9294 | train_acc 0.9883 | train_full 0.7812 | val_acc 0.7308 | val_f1 0.7386 | grad(main/disc) 5.443/1.493 | lr(main/disc) 7.00e-05/3.50e-05 | 50.0s
2026-08-25 04:15:46 | Epoch 041/100 | loss 2.3461 | cls 1.3313 | tal -0.0558 | dual_g 1.0315 | dual_d 0.9391 | train_acc 0.9844 | train_full 0.9375 | val_acc 0.9231 | val_f1 0.9219 | grad(main/disc) 6.470/1.501 | lr(main/disc) 3.50e-05/1.75e-05 | 52.3s
2026-08-25 04:16:41 | Epoch 042/100 | loss 2.3286 | cls 1.3198 | tal -0.0495 | dual_g 1.0237 | dual_d 0.8993 | train_acc 0.9961 | train_full 0.9688 | val_acc 0.9231 | val_f1 0.9219 | grad(main/disc) 4.945/1.448 | lr(main/disc) 3.50e-05/1.75e-05 | 55.0s
2026-08-25 04:17:36 | Epoch 043/100 | loss 2.3137 | cls 1.3253 | tal -0.0422 | dual_g 1.0011 | dual_d 0.9307 | train_acc 0.9922 | train_full 0.9375 | val_acc 0.9231 | val_f1 0.9219 | grad(main/disc) 5.495/1.475 | lr(main/disc) 3.50e-05/1.75e-05 | 55.4s
2026-08-25 04:17:36 | Early stopping at epoch 43 after 9 epochs without val_f1_macro_present improvement.
2026-08-25 04:17:36 | Training complete. Best validation accuracy: 0.9615 | best val_f1_macro_present: 0.9663
