2026-08-27 17:25:26 | Starting Dual_D standalone training
2026-08-27 17:25:26 | Run directory: runs/module_c_ablation_60_v5/module_c_20260827_121947/module_c_no_module_c_黑天_20260827_171620
2026-08-27 17:25:26 | Device: cuda
2026-08-27 17:25:26 | Source train samples: 992
2026-08-27 17:25:26 | Target train samples: 465
2026-08-27 17:25:26 | Target val samples: 120
2026-08-27 17:25:26 | Classes: 14
2026-08-27 17:25:26 | Data audit: same_dir=False | path_overlap(vis/ir/ais)=0/0/0 | content_overlap(vis/ir/ais)=0/0/0 | ais_index_overlap=0 | stem_mismatch(vis-ir/vis-ais)=578/0
2026-08-27 17:25:26 | source_train classes: present 14/14 | absent 0 | counts [0:120, 1:44, 2:69, 3:45, 4:40, 5:30, 6:64, 7:80, 8:116, 9:68, 10:57, 11:83, 12:48, 13:128]
2026-08-27 17:25:26 | target_train classes: present 8/14 | absent 6 | counts [0:100, 2:11, 3:16, 6:89, 9:162, 10:12, 11:44, 13:31]
2026-08-27 17:25:26 | target_val classes: present 8/14 | absent 6 | counts [0:26, 2:3, 3:5, 6:23, 9:41, 10:3, 11:11, 13:8]
2026-08-27 17:25:26 | Paired training classes: 8/14 | class ids [0, 2, 3, 6, 9, 10, 11, 13]
2026-08-27 17:25:26 | Runtime profile: batch=92 | paired_steps=7 | workers=16 | train_eval_every=5 | raw_eval_every=5 | early_stop=15 after min_epoch=35
2026-08-27 17:25:26 | VIS/IR pairing: class-level-unpaired | count-mismatch classes train/val: 10/0 | AIS alignment: none | AIS rows train/val: 0/0
2026-08-27 17:25:27 | Model parameters: total=17277714 | trainable=17120210
2026-08-27 17:25:33 | Epoch 001/060 | loss 5.4866 | cls 5.4237 | tal 0.2099 | dual_g 0.0000 | dual_d 0.0000 | train_acc 0.1413 | train_full 0.1333 | val_acc 0.1917 | val_f1 0.1037 | adv/moduleC 0.00/0.00 | disc_steps 0 | grad(main/disc) 15.084/0.000 | lr(main/disc) 1.30e-04/3.50e-05 | cuda_peak(alloc/resv) 21.77/28.18GB | phase(train/val/raw/train_eval) 4.4/0.6/0.6/0.9s | 6.6s
2026-08-27 17:25:36 | New best val_f1_macro_present: 0.1037 at epoch 1
2026-08-27 17:25:40 | Epoch 002/060 | loss 3.6927 | cls 3.6886 | tal 0.0135 | dual_g 0.0000 | dual_d 0.0000 | train_acc 0.3509 | train_full n/a | val_acc 0.0917 | val_f1 0.0430 | adv/moduleC 0.00/0.00 | disc_steps 0 | grad(main/disc) 10.402/0.000 | lr(main/disc) 1.30e-04/3.50e-05 | cuda_peak(alloc/resv) 21.77/28.18GB | phase(train/val/raw/train_eval) 3.6/0.6/0.0/0.0s | 4.2s
2026-08-27 17:25:46 | Epoch 003/060 | loss 3.0015 | cls 3.0204 | tal -0.0628 | dual_g 0.0000 | dual_d 0.0000 | train_acc 0.5186 | train_full n/a | val_acc 0.1167 | val_f1 0.1094 | adv/moduleC 0.00/0.00 | disc_steps 0 | grad(main/disc) 9.636/0.000 | lr(main/disc) 1.30e-04/3.50e-05 | cuda_peak(alloc/resv) 21.77/28.18GB | phase(train/val/raw/train_eval) 4.1/0.6/0.6/0.0s | 5.3s
2026-08-27 17:25:49 | New best val_f1_macro_present: 0.1094 at epoch 3
2026-08-27 17:25:54 | Epoch 004/060 | loss 2.3466 | cls 2.3816 | tal -0.1165 | dual_g 0.0000 | dual_d 0.0000 | train_acc 0.6568 | train_full n/a | val_acc 0.3000 | val_f1 0.3285 | adv/moduleC 0.00/0.12 | disc_steps 0 | grad(main/disc) 8.566/0.000 | lr(main/disc) 1.30e-04/3.50e-05 | cuda_peak(alloc/resv) 21.77/28.18GB | phase(train/val/raw/train_eval) 3.5/0.6/0.6/0.0s | 4.8s
2026-08-27 17:25:56 | New best val_f1_macro_present: 0.3285 at epoch 4
2026-08-27 17:26:02 | Epoch 005/060 | loss 1.9726 | cls 1.9875 | tal -0.0498 | dual_g 0.0000 | dual_d 0.0000 | train_acc 0.7484 | train_full 0.4860 | val_acc 0.4500 | val_f1 0.5667 | adv/moduleC 0.00/0.25 | disc_steps 0 | grad(main/disc) 8.482/0.000 | lr(main/disc) 1.30e-04/3.50e-05 | cuda_peak(alloc/resv) 21.77/28.18GB | phase(train/val/raw/train_eval) 3.5/0.6/0.6/0.9s | 5.6s
2026-08-27 17:26:05 | New best val_f1_macro_present: 0.5667 at epoch 5
2026-08-27 17:26:10 | Epoch 006/060 | loss 1.7323 | cls 1.7450 | tal -0.0498 | dual_g 0.0022 | dual_d 0.9114 | train_acc 0.7919 | train_full n/a | val_acc 0.5667 | val_f1 0.6109 | adv/moduleC 0.05/0.38 | disc_steps 7 | grad(main/disc) 8.169/1.550 | lr(main/disc) 1.30e-04/3.50e-05 | cuda_peak(alloc/resv) 21.77/28.18GB | phase(train/val/raw/train_eval) 3.9/0.6/0.6/0.0s | 5.1s
2026-08-27 17:26:13 | New best val_f1_macro_present: 0.6109 at epoch 6
2026-08-27 17:26:18 | Epoch 007/060 | loss 1.5216 | cls 1.5417 | tal -0.0790 | dual_g 0.0036 | dual_d 0.9355 | train_acc 0.8432 | train_full n/a | val_acc 0.7917 | val_f1 0.7627 | adv/moduleC 0.10/0.50 | disc_steps 7 | grad(main/disc) 6.936/1.519 | lr(main/disc) 1.30e-04/3.50e-05 | cuda_peak(alloc/resv) 21.77/28.18GB | phase(train/val/raw/train_eval) 4.0/0.6/0.6/0.0s | 5.2s
2026-08-27 17:26:21 | New best val_f1_macro_present: 0.7627 at epoch 7
2026-08-27 17:26:26 | Epoch 008/060 | loss 1.3494 | cls 1.3611 | tal -0.0547 | dual_g 0.0047 | dual_d 0.9844 | train_acc 0.8773 | train_full n/a | val_acc 0.8833 | val_f1 0.8664 | adv/moduleC 0.15/0.62 | disc_steps 7 | grad(main/disc) 6.184/1.546 | lr(main/disc) 1.30e-04/3.50e-05 | cuda_peak(alloc/resv) 21.77/28.18GB | phase(train/val/raw/train_eval) 3.8/0.6/0.6/0.0s | 5.1s
2026-08-27 17:26:29 | New best val_f1_macro_present: 0.8664 at epoch 8
2026-08-27 17:26:34 | Epoch 009/060 | loss 1.2508 | cls 1.2488 | tal -0.0136 | dual_g 0.0061 | dual_d 1.0153 | train_acc 0.9177 | train_full n/a | val_acc 0.8750 | val_f1 0.8357 | adv/moduleC 0.20/0.75 | disc_steps 7 | grad(main/disc) 6.329/1.588 | lr(main/disc) 1.30e-04/3.50e-05 | cuda_peak(alloc/resv) 21.77/28.18GB | phase(train/val/raw/train_eval) 3.9/0.6/0.0/0.0s | 4.5s
2026-08-27 17:26:39 | Epoch 010/060 | loss 1.1119 | cls 1.1104 | tal -0.0169 | dual_g 0.0066 | dual_d 1.0974 | train_acc 0.9348 | train_full 0.9333 | val_acc 0.9083 | val_f1 0.8983 | adv/moduleC 0.25/0.88 | disc_steps 7 | grad(main/disc) 5.578/1.630 | lr(main/disc) 1.30e-04/3.50e-05 | cuda_peak(alloc/resv) 21.77/28.18GB | phase(train/val/raw/train_eval) 3.5/0.6/0.6/0.9s | 5.7s
2026-08-27 17:26:42 | New best val_f1_macro_present: 0.8983 at epoch 10
2026-08-27 17:26:47 | Epoch 011/060 | loss 1.0522 | cls 1.0703 | tal -0.0841 | dual_g 0.0072 | dual_d 1.1221 | train_acc 0.9627 | train_full n/a | val_acc 0.9000 | val_f1 0.8626 | adv/moduleC 0.30/1.00 | disc_steps 7 | grad(main/disc) 5.304/1.624 | lr(main/disc) 1.30e-04/3.50e-05 | cuda_peak(alloc/resv) 21.77/28.18GB | phase(train/val/raw/train_eval) 3.6/0.6/0.0/0.0s | 4.2s
2026-08-27 17:26:51 | Epoch 012/060 | loss 0.9749 | cls 0.9961 | tal -0.0956 | dual_g 0.0074 | dual_d 1.1629 | train_acc 0.9627 | train_full n/a | val_acc 0.8750 | val_f1 0.8548 | adv/moduleC 0.35/1.00 | disc_steps 7 | grad(main/disc) 4.128/1.648 | lr(main/disc) 1.30e-04/3.50e-05 | cuda_peak(alloc/resv) 21.77/28.18GB | phase(train/val/raw/train_eval) 3.6/0.6/0.0/0.0s | 4.3s
2026-08-27 17:26:55 | Epoch 013/060 | loss 0.9703 | cls 0.9788 | tal -0.0568 | dual_g 0.0085 | dual_d 1.1311 | train_acc 0.9565 | train_full n/a | val_acc 0.9167 | val_f1 0.8985 | adv/moduleC 0.40/1.00 | disc_steps 7 | grad(main/disc) 4.456/1.599 | lr(main/disc) 1.30e-04/3.50e-05 | cuda_peak(alloc/resv) 21.77/28.18GB | phase(train/val/raw/train_eval) 3.8/0.6/0.0/0.0s | 4.5s
2026-08-27 17:27:00 | Epoch 014/060 | loss 0.9039 | cls 0.9179 | tal -0.0793 | dual_g 0.0098 | dual_d 1.1550 | train_acc 0.9767 | train_full n/a | val_acc 0.9250 | val_f1 0.9044 | adv/moduleC 0.45/1.00 | disc_steps 7 | grad(main/disc) 3.500/1.636 | lr(main/disc) 1.30e-04/3.50e-05 | cuda_peak(alloc/resv) 21.77/28.18GB | phase(train/val/raw/train_eval) 3.8/0.6/0.6/0.0s | 5.0s
2026-08-27 17:27:03 | New best val_f1_macro_present: 0.9044 at epoch 14
2026-08-27 17:27:09 | Epoch 015/060 | loss 0.8921 | cls 0.9124 | tal -0.1026 | dual_g 0.0105 | dual_d 1.1443 | train_acc 0.9829 | train_full 0.9828 | val_acc 0.9500 | val_f1 0.9292 | adv/moduleC 0.50/1.00 | disc_steps 7 | grad(main/disc) 3.677/1.618 | lr(main/disc) 1.30e-04/3.50e-05 | cuda_peak(alloc/resv) 21.77/28.18GB | phase(train/val/raw/train_eval) 3.7/0.6/0.6/0.9s | 5.8s
2026-08-27 17:27:12 | New best val_f1_macro_present: 0.9292 at epoch 15
2026-08-27 17:27:17 | Epoch 016/060 | loss 0.8620 | cls 0.8786 | tal -0.0947 | dual_g 0.0118 | dual_d 1.1559 | train_acc 0.9891 | train_full n/a | val_acc 0.9000 | val_f1 0.8454 | adv/moduleC 0.55/1.00 | disc_steps 7 | grad(main/disc) 3.201/1.623 | lr(main/disc) 1.30e-04/3.50e-05 | cuda_peak(alloc/resv) 21.77/28.18GB | phase(train/val/raw/train_eval) 3.8/0.6/0.0/0.0s | 4.4s
2026-08-27 17:27:21 | Epoch 017/060 | loss 0.8647 | cls 0.8900 | tal -0.1257 | dual_g 0.0124 | dual_d 1.1744 | train_acc 0.9891 | train_full n/a | val_acc 0.9417 | val_f1 0.9280 | adv/moduleC 0.60/1.00 | disc_steps 7 | grad(main/disc) 3.387/1.655 | lr(main/disc) 1.30e-04/3.50e-05 | cuda_peak(alloc/resv) 21.77/28.18GB | phase(train/val/raw/train_eval) 3.8/0.6/0.0/0.0s | 4.5s
2026-08-27 17:27:26 | Epoch 018/060 | loss 0.8465 | cls 0.8753 | tal -0.1399 | dual_g 0.0131 | dual_d 1.1905 | train_acc 0.9891 | train_full n/a | val_acc 0.9000 | val_f1 0.8783 | adv/moduleC 0.65/1.00 | disc_steps 7 | grad(main/disc) 3.090/1.627 | lr(main/disc) 1.30e-04/3.50e-05 | cuda_peak(alloc/resv) 21.77/28.18GB | phase(train/val/raw/train_eval) 4.0/0.6/0.0/0.0s | 4.6s
2026-08-27 17:27:31 | Epoch 019/060 | loss 0.8442 | cls 0.8660 | tal -0.1198 | dual_g 0.0141 | dual_d 1.2060 | train_acc 0.9922 | train_full n/a | val_acc 0.9583 | val_f1 0.9414 | adv/moduleC 0.70/1.00 | disc_steps 7 | grad(main/disc) 2.860/1.634 | lr(main/disc) 1.30e-04/3.50e-05 | cuda_peak(alloc/resv) 21.77/28.18GB | phase(train/val/raw/train_eval) 4.0/0.6/0.6/0.0s | 5.2s
2026-08-27 17:27:34 | New best val_f1_macro_present: 0.9414 at epoch 19
2026-08-27 17:27:40 | Epoch 020/060 | loss 0.8272 | cls 0.8465 | tal -0.1165 | dual_g 0.0157 | dual_d 1.1741 | train_acc 0.9938 | train_full 0.9871 | val_acc 0.9500 | val_f1 0.9350 | adv/moduleC 0.75/1.00 | disc_steps 7 | grad(main/disc) 2.783/1.587 | lr(main/disc) 1.30e-04/3.50e-05 | cuda_peak(alloc/resv) 21.77/28.18GB | phase(train/val/raw/train_eval) 3.7/0.6/0.6/0.9s | 5.8s
2026-08-27 17:27:45 | Epoch 021/060 | loss 0.8181 | cls 0.8384 | tal -0.1230 | dual_g 0.0165 | dual_d 1.1579 | train_acc 0.9907 | train_full n/a | val_acc 0.9667 | val_f1 0.9522 | adv/moduleC 0.80/1.00 | disc_steps 7 | grad(main/disc) 2.680/1.561 | lr(main/disc) 1.30e-04/3.50e-05 | cuda_peak(alloc/resv) 21.77/28.18GB | phase(train/val/raw/train_eval) 3.7/0.6/0.6/0.0s | 4.9s
2026-08-27 17:27:48 | New best val_f1_macro_present: 0.9522 at epoch 21
2026-08-27 17:27:52 | Epoch 022/060 | loss 0.8086 | cls 0.8377 | tal -0.1584 | dual_g 0.0184 | dual_d 1.1408 | train_acc 0.9922 | train_full n/a | val_acc 0.9417 | val_f1 0.9075 | adv/moduleC 0.85/1.00 | disc_steps 7 | grad(main/disc) 2.533/1.533 | lr(main/disc) 1.30e-04/3.50e-05 | cuda_peak(alloc/resv) 21.77/28.18GB | phase(train/val/raw/train_eval) 4.0/0.6/0.0/0.0s | 4.6s
2026-08-27 17:27:56 | Epoch 023/060 | loss 0.8069 | cls 0.8197 | tal -0.1060 | dual_g 0.0190 | dual_d 1.1420 | train_acc 0.9907 | train_full n/a | val_acc 0.9417 | val_f1 0.9295 | adv/moduleC 0.90/1.00 | disc_steps 7 | grad(main/disc) 1.959/1.537 | lr(main/disc) 1.30e-04/3.50e-05 | cuda_peak(alloc/resv) 21.77/28.18GB | phase(train/val/raw/train_eval) 3.5/0.6/0.0/0.0s | 4.2s
2026-08-27 17:28:02 | Epoch 024/060 | loss 0.8064 | cls 0.8187 | tal -0.1098 | dual_g 0.0206 | dual_d 1.1405 | train_acc 0.9953 | train_full n/a | val_acc 0.9750 | val_f1 0.9634 | adv/moduleC 0.95/1.00 | disc_steps 7 | grad(main/disc) 2.063/1.531 | lr(main/disc) 1.30e-04/3.50e-05 | cuda_peak(alloc/resv) 21.77/28.18GB | phase(train/val/raw/train_eval) 4.0/0.6/0.6/0.0s | 5.2s
2026-08-27 17:28:04 | New best val_f1_macro_present: 0.9634 at epoch 24
2026-08-27 17:28:11 | Epoch 025/060 | loss 0.7826 | cls 0.8049 | tal -0.1452 | dual_g 0.0212 | dual_d 1.1157 | train_acc 0.9938 | train_full 0.9978 | val_acc 0.9667 | val_f1 0.9593 | adv/moduleC 1.00/1.00 | disc_steps 7 | grad(main/disc) 1.723/1.444 | lr(main/disc) 1.30e-04/3.50e-05 | cuda_peak(alloc/resv) 21.77/28.18GB | phase(train/val/raw/train_eval) 4.1/0.6/0.6/0.9s | 6.3s
2026-08-27 17:28:16 | Epoch 026/060 | loss 0.7949 | cls 0.8010 | tal -0.0907 | dual_g 0.0211 | dual_d 1.1269 | train_acc 1.0000 | train_full n/a | val_acc 0.9750 | val_f1 0.9673 | adv/moduleC 1.00/1.00 | disc_steps 7 | grad(main/disc) 1.488/1.476 | lr(main/disc) 1.30e-04/3.50e-05 | cuda_peak(alloc/resv) 21.77/28.18GB | phase(train/val/raw/train_eval) 3.6/0.6/0.6/0.0s | 4.8s
2026-08-27 17:28:18 | New best val_f1_macro_present: 0.9673 at epoch 26
2026-08-27 17:28:23 | Epoch 027/060 | loss 0.8007 | cls 0.8059 | tal -0.0889 | dual_g 0.0215 | dual_d 1.1094 | train_acc 0.9984 | train_full n/a | val_acc 0.9500 | val_f1 0.9249 | adv/moduleC 1.00/1.00 | disc_steps 7 | grad(main/disc) 1.623/1.466 | lr(main/disc) 1.30e-04/3.50e-05 | cuda_peak(alloc/resv) 21.77/28.18GB | phase(train/val/raw/train_eval) 4.0/0.6/0.0/0.0s | 4.6s
2026-08-27 17:28:28 | Epoch 028/060 | loss 0.8088 | cls 0.8091 | tal -0.0777 | dual_g 0.0231 | dual_d 1.0955 | train_acc 0.9969 | train_full n/a | val_acc 0.9583 | val_f1 0.9508 | adv/moduleC 1.00/1.00 | disc_steps 7 | grad(main/disc) 1.740/1.425 | lr(main/disc) 1.30e-04/3.50e-05 | cuda_peak(alloc/resv) 21.77/28.18GB | phase(train/val/raw/train_eval) 3.9/0.7/0.0/0.0s | 4.6s
2026-08-27 17:28:32 | Epoch 029/060 | loss 0.7846 | cls 0.7989 | tal -0.1220 | dual_g 0.0224 | dual_d 1.0948 | train_acc 1.0000 | train_full n/a | val_acc 0.9667 | val_f1 0.9610 | adv/moduleC 1.00/1.00 | disc_steps 7 | grad(main/disc) 1.671/1.426 | lr(main/disc) 1.30e-04/3.50e-05 | cuda_peak(alloc/resv) 21.77/28.18GB | phase(train/val/raw/train_eval) 4.0/0.6/0.0/0.0s | 4.6s
2026-08-27 17:28:38 | Epoch 030/060 | loss 0.7790 | cls 0.7952 | tal -0.1309 | dual_g 0.0231 | dual_d 1.0966 | train_acc 1.0000 | train_full 0.9871 | val_acc 0.9583 | val_f1 0.9392 | adv/moduleC 1.00/1.00 | disc_steps 7 | grad(main/disc) 1.447/1.429 | lr(main/disc) 1.30e-04/3.50e-05 | cuda_peak(alloc/resv) 21.77/28.18GB | phase(train/val/raw/train_eval) 3.6/0.6/0.6/0.9s | 5.7s
2026-08-27 17:28:42 | Epoch 031/060 | loss 0.7825 | cls 0.7971 | tal -0.1270 | dual_g 0.0235 | dual_d 1.0911 | train_acc 1.0000 | train_full n/a | val_acc 0.9667 | val_f1 0.9593 | adv/moduleC 1.00/1.00 | disc_steps 7 | grad(main/disc) 1.747/1.405 | lr(main/disc) 1.30e-04/3.50e-05 | cuda_peak(alloc/resv) 21.77/28.18GB | phase(train/val/raw/train_eval) 3.6/0.6/0.0/0.0s | 4.2s
2026-08-27 17:28:46 | Epoch 032/060 | loss 0.7795 | cls 0.7967 | tal -0.1373 | dual_g 0.0240 | dual_d 1.0804 | train_acc 1.0000 | train_full n/a | val_acc 0.9750 | val_f1 0.9675 | adv/moduleC 1.00/1.00 | disc_steps 7 | grad(main/disc) 1.443/1.350 | lr(main/disc) 1.30e-04/3.50e-05 | cuda_peak(alloc/resv) 21.77/28.18GB | phase(train/val/raw/train_eval) 3.8/0.6/0.0/0.0s | 4.4s
2026-08-27 17:28:51 | Epoch 033/060 | loss 0.7822 | cls 0.8013 | tal -0.1443 | dual_g 0.0242 | dual_d 1.0837 | train_acc 1.0000 | train_full n/a | val_acc 0.9583 | val_f1 0.9508 | adv/moduleC 1.00/1.00 | disc_steps 7 | grad(main/disc) 1.666/1.400 | lr(main/disc) 1.30e-04/3.50e-05 | cuda_peak(alloc/resv) 21.77/28.18GB | phase(train/val/raw/train_eval) 3.9/0.6/0.0/0.0s | 4.5s
2026-08-27 17:28:56 | Epoch 034/060 | loss 0.7712 | cls 0.7914 | tal -0.1500 | dual_g 0.0248 | dual_d 1.0678 | train_acc 0.9969 | train_full n/a | val_acc 0.9583 | val_f1 0.9374 | adv/moduleC 1.00/1.00 | disc_steps 7 | grad(main/disc) 1.557/1.365 | lr(main/disc) 1.30e-04/3.50e-05 | cuda_peak(alloc/resv) 21.77/28.18GB | phase(train/val/raw/train_eval) 4.0/0.6/0.0/0.0s | 4.6s
2026-08-27 17:29:02 | Epoch 035/060 | loss 0.7700 | cls 0.7938 | tal -0.1655 | dual_g 0.0258 | dual_d 1.0365 | train_acc 0.9984 | train_full 0.9935 | val_acc 0.9833 | val_f1 0.9714 | adv/moduleC 1.00/1.00 | disc_steps 7 | grad(main/disc) 1.444/1.312 | lr(main/disc) 1.30e-04/3.50e-05 | cuda_peak(alloc/resv) 21.77/28.18GB | phase(train/val/raw/train_eval) 4.0/0.7/0.6/0.9s | 6.2s
2026-08-27 17:29:05 | New best val_f1_macro_present: 0.9714 at epoch 35
2026-08-27 17:29:09 | Epoch 036/060 | loss 0.7721 | cls 0.7905 | tal -0.1448 | dual_g 0.0250 | dual_d 1.0296 | train_acc 0.9969 | train_full n/a | val_acc 0.9583 | val_f1 0.9521 | adv/moduleC 1.00/1.00 | disc_steps 7 | grad(main/disc) 1.412/1.288 | lr(main/disc) 1.30e-04/3.50e-05 | cuda_peak(alloc/resv) 21.77/28.18GB | phase(train/val/raw/train_eval) 3.9/0.6/0.0/0.0s | 4.5s
2026-08-27 17:29:14 | Epoch 037/060 | loss 0.7550 | cls 0.7806 | tal -0.1718 | dual_g 0.0260 | dual_d 1.0421 | train_acc 1.0000 | train_full n/a | val_acc 0.9833 | val_f1 0.9714 | adv/moduleC 1.00/1.00 | disc_steps 7 | grad(main/disc) 1.206/1.274 | lr(main/disc) 1.30e-04/3.50e-05 | cuda_peak(alloc/resv) 21.77/28.18GB | phase(train/val/raw/train_eval) 3.8/0.6/0.0/0.0s | 4.5s
2026-08-27 17:29:18 | Epoch 038/060 | loss 0.7589 | cls 0.7848 | tal -0.1724 | dual_g 0.0257 | dual_d 1.0290 | train_acc 0.9984 | train_full n/a | val_acc 0.9833 | val_f1 0.9714 | adv/moduleC 1.00/1.00 | disc_steps 7 | grad(main/disc) 1.467/1.282 | lr(main/disc) 1.30e-04/3.50e-05 | cuda_peak(alloc/resv) 21.77/28.18GB | phase(train/val/raw/train_eval) 3.8/0.6/0.0/0.0s | 4.5s
2026-08-27 17:29:22 | Epoch 039/060 | loss 0.7717 | cls 0.7857 | tal -0.1369 | dual_g 0.0271 | dual_d 1.0215 | train_acc 0.9984 | train_full n/a | val_acc 0.9667 | val_f1 0.9579 | adv/moduleC 1.00/1.00 | disc_steps 7 | grad(main/disc) 1.448/1.255 | lr(main/disc) 1.30e-04/3.50e-05 | cuda_peak(alloc/resv) 21.77/28.18GB | phase(train/val/raw/train_eval) 3.8/0.6/0.0/0.0s | 4.5s
2026-08-27 17:29:29 | Epoch 040/060 | loss 0.7553 | cls 0.7790 | tal -0.1715 | dual_g 0.0277 | dual_d 1.0245 | train_acc 1.0000 | train_full 0.9957 | val_acc 0.9833 | val_f1 0.9717 | adv/moduleC 1.00/1.00 | disc_steps 7 | grad(main/disc) 1.428/1.223 | lr(main/disc) 1.30e-04/3.50e-05 | cuda_peak(alloc/resv) 21.77/28.18GB | phase(train/val/raw/train_eval) 4.1/0.6/0.6/0.9s | 6.2s
2026-08-27 17:29:33 | Epoch 041/060 | loss 0.7552 | cls 0.7784 | tal -0.1712 | dual_g 0.0282 | dual_d 1.0204 | train_acc 1.0000 | train_full n/a | val_acc 0.9833 | val_f1 0.9714 | adv/moduleC 1.00/1.00 | disc_steps 7 | grad(main/disc) 1.112/1.241 | lr(main/disc) 1.30e-04/3.50e-05 | cuda_peak(alloc/resv) 21.77/28.18GB | phase(train/val/raw/train_eval) 3.9/0.6/0.0/0.0s | 4.5s
2026-08-27 17:29:38 | Epoch 042/060 | loss 0.7503 | cls 0.7789 | tal -0.1878 | dual_g 0.0277 | dual_d 1.0036 | train_acc 1.0000 | train_full n/a | val_acc 0.9667 | val_f1 0.9594 | adv/moduleC 1.00/1.00 | disc_steps 7 | grad(main/disc) 1.498/1.186 | lr(main/disc) 1.30e-04/3.50e-05 | cuda_peak(alloc/resv) 21.77/28.18GB | phase(train/val/raw/train_eval) 3.6/0.6/0.0/0.0s | 4.3s
2026-08-27 17:29:42 | Epoch 043/060 | loss 0.7387 | cls 0.7818 | tal -0.2376 | dual_g 0.0282 | dual_d 1.0019 | train_acc 0.9984 | train_full n/a | val_acc 0.9583 | val_f1 0.9428 | adv/moduleC 1.00/1.00 | disc_steps 7 | grad(main/disc) 1.429/1.158 | lr(main/disc) 1.30e-04/3.50e-05 | cuda_peak(alloc/resv) 21.77/28.18GB | phase(train/val/raw/train_eval) 3.8/0.6/0.0/0.0s | 4.4s
2026-08-27 17:29:46 | Epoch 044/060 | loss 0.7527 | cls 0.7840 | tal -0.2015 | dual_g 0.0292 | dual_d 0.9831 | train_acc 0.9984 | train_full n/a | val_acc 0.9583 | val_f1 0.9519 | adv/moduleC 1.00/1.00 | disc_steps 7 | grad(main/disc) 1.423/1.151 | lr(main/disc) 1.30e-04/3.50e-05 | cuda_peak(alloc/resv) 21.77/28.18GB | phase(train/val/raw/train_eval) 3.8/0.6/0.0/0.0s | 4.4s
2026-08-27 17:29:52 | Epoch 045/060 | loss 0.7559 | cls 0.7746 | tal -0.1613 | dual_g 0.0297 | dual_d 0.9876 | train_acc 1.0000 | train_full 0.9892 | val_acc 0.9667 | val_f1 0.9612 | adv/moduleC 1.00/1.00 | disc_steps 7 | grad(main/disc) 1.176/1.153 | lr(main/disc) 1.30e-04/3.50e-05 | cuda_peak(alloc/resv) 21.77/28.18GB | phase(train/val/raw/train_eval) 3.8/0.6/0.6/0.9s | 5.9s
2026-08-27 17:29:57 | Epoch 046/060 | loss 0.7411 | cls 0.7762 | tal -0.2149 | dual_g 0.0294 | dual_d 0.9985 | train_acc 1.0000 | train_full n/a | val_acc 0.9667 | val_f1 0.9612 | adv/moduleC 1.00/1.00 | disc_steps 7 | grad(main/disc) 1.107/1.142 | lr(main/disc) 1.30e-04/3.50e-05 | cuda_peak(alloc/resv) 21.77/28.18GB | phase(train/val/raw/train_eval) 3.8/0.6/0.0/0.0s | 4.4s
2026-08-27 17:30:01 | Epoch 047/060 | loss 0.7309 | cls 0.7724 | tal -0.2382 | dual_g 0.0299 | dual_d 1.0112 | train_acc 0.9984 | train_full n/a | val_acc 0.9750 | val_f1 0.9663 | adv/moduleC 1.00/1.00 | disc_steps 7 | grad(main/disc) 1.082/1.175 | lr(main/disc) 6.50e-05/1.75e-05 | cuda_peak(alloc/resv) 21.77/28.18GB | phase(train/val/raw/train_eval) 3.6/0.6/0.0/0.0s | 4.2s
2026-08-27 17:30:05 | Epoch 048/060 | loss 0.7212 | cls 0.7719 | tal -0.2639 | dual_g 0.0285 | dual_d 1.0073 | train_acc 0.9984 | train_full n/a | val_acc 0.9750 | val_f1 0.9663 | adv/moduleC 1.00/1.00 | disc_steps 7 | grad(main/disc) 1.051/1.149 | lr(main/disc) 6.50e-05/1.75e-05 | cuda_peak(alloc/resv) 21.77/28.18GB | phase(train/val/raw/train_eval) 3.6/0.6/0.0/0.0s | 4.3s
2026-08-27 17:30:10 | Epoch 049/060 | loss 0.7139 | cls 0.7676 | tal -0.2766 | dual_g 0.0293 | dual_d 1.0041 | train_acc 1.0000 | train_full n/a | val_acc 0.9750 | val_f1 0.9663 | adv/moduleC 1.00/1.00 | disc_steps 7 | grad(main/disc) 0.877/1.140 | lr(main/disc) 6.50e-05/1.75e-05 | cuda_peak(alloc/resv) 21.77/28.18GB | phase(train/val/raw/train_eval) 4.0/0.6/0.0/0.0s | 4.6s
2026-08-27 17:30:16 | Epoch 050/060 | loss 0.7149 | cls 0.7648 | tal -0.2634 | dual_g 0.0291 | dual_d 1.0215 | train_acc 1.0000 | train_full 0.9914 | val_acc 0.9750 | val_f1 0.9663 | adv/moduleC 1.00/1.00 | disc_steps 7 | grad(main/disc) 1.019/1.174 | lr(main/disc) 6.50e-05/1.75e-05 | cuda_peak(alloc/resv) 21.77/28.18GB | phase(train/val/raw/train_eval) 4.0/0.6/0.6/0.9s | 6.1s
2026-08-27 17:30:16 | Early stopping at epoch 50 after 15 epochs without val_f1_macro_present improvement.
2026-08-27 17:30:16 | Training complete. Best validation accuracy: 0.9833 | best val_f1_macro_present: 0.9714
