2026-08-29 18:06:43 | Starting Dual_D standalone training
2026-08-29 18:06:43 | Run directory: runs/module_c_ablation_60_v7/module_c_20260829_145907/module_c_no_prototype_contrastive_逆光_20260829_174252
2026-08-29 18:06:43 | Device: cuda
2026-08-29 18:06:43 | Source train samples: 992
2026-08-29 18:06:43 | Target train samples: 132
2026-08-29 18:06:43 | Target val samples: 37
2026-08-29 18:06:43 | Classes: 14
2026-08-29 18:06:43 | Data audit: same_dir=False | path_overlap(vis/ir/ais)=0/0/0 | content_overlap(vis/ir/ais)=0/0/0 | ais_index_overlap=0 | stem_mismatch(vis-ir/vis-ais)=157/0
2026-08-29 18:06:43 | source_train classes: present 14/14 | absent 0 | counts [0:120, 1:44, 2:69, 3:45, 4:40, 5:30, 6:64, 7:80, 8:116, 9:68, 10:57, 11:83, 12:48, 13:128]
2026-08-29 18:06:43 | target_train classes: present 9/14 | absent 5 | counts [0:20, 2:12, 4:12, 5:2, 9:16, 10:16, 11:29, 12:4, 13:21]
2026-08-29 18:06:43 | target_val classes: present 9/14 | absent 5 | counts [0:6, 2:3, 4:4, 5:1, 9:4, 10:4, 11:8, 12:1, 13:6]
2026-08-29 18:06:43 | Paired training classes: 9/14 | class ids [0, 2, 4, 5, 9, 10, 11, 12, 13]
2026-08-29 18:06:43 | Runtime profile: batch=92 | paired_steps=4 | workers=16 | train_eval_every=5 | raw_eval_every=5 | stability_window=3 | lr_scheduler_start=24 | early_stop=18 after min_epoch=45
2026-08-29 18:06:43 | VIS/IR pairing: class-level-unpaired | count-mismatch classes train/val: 10/1 | AIS alignment: none | AIS rows train/val: 0/0
2026-08-29 18:06:44 | Effective Dual-D loss weights: {"adv_auxiliary": 0.025, "adv_primary": 0.025, "classification": 0.15, "contrastive": 0.035, "cycle": 0.12, "identity": 0.03, "prototype_contrastive": 0.0}
2026-08-29 18:06:44 | Model parameters: total=17277714 | trainable=17120210
2026-08-29 18:06:50 | Epoch 001/060 | loss 5.8960 | cls 5.8811 | tal 0.0497 | dual_g 0.0000 | dual_d 0.0000 | train_acc 0.0978 | train_full 0.1288 | val_acc 0.2162 | val_f1 0.0718 | adv/moduleC 0.00/0.00 | disc_steps 0 | grad(main/disc) 16.203/0.000 | lr(main/disc) 6.50e-05/2.75e-05 | cuda_peak(alloc/resv) 21.77/28.18GB | phase(train/val/raw/train_eval) 3.7/0.5/0.5/0.8s | 5.5s
2026-08-29 18:06:53 | Epoch 002/060 | loss 5.0125 | cls 5.0033 | tal 0.0309 | dual_g 0.0000 | dual_d 0.0000 | train_acc 0.1902 | train_full n/a | val_acc 0.2432 | val_f1 0.0807 | adv/moduleC 0.00/0.00 | disc_steps 0 | grad(main/disc) 13.402/0.000 | lr(main/disc) 6.50e-05/2.75e-05 | cuda_peak(alloc/resv) 21.77/28.18GB | phase(train/val/raw/train_eval) 3.3/0.5/0.0/0.0s | 3.8s
2026-08-29 18:06:58 | Epoch 003/060 | loss 4.2710 | cls 4.2692 | tal 0.0060 | dual_g 0.0000 | dual_d 0.0000 | train_acc 0.3016 | train_full n/a | val_acc 0.2973 | val_f1 0.2301 | adv/moduleC 0.00/0.00 | disc_steps 0 | grad(main/disc) 11.735/0.000 | lr(main/disc) 6.50e-05/2.75e-05 | cuda_peak(alloc/resv) 21.77/28.18GB | phase(train/val/raw/train_eval) 3.3/0.5/0.5/0.0s | 4.3s
2026-08-29 18:07:01 | New best val_f1_macro_present: raw=0.2301 stable_score=0.0718 at epoch 3
2026-08-29 18:07:05 | Epoch 004/060 | loss 3.8669 | cls 3.8620 | tal 0.0162 | dual_g 0.0000 | dual_d 0.0000 | train_acc 0.3533 | train_full n/a | val_acc 0.4324 | val_f1 0.4042 | adv/moduleC 0.00/0.00 | disc_steps 0 | grad(main/disc) 10.704/0.000 | lr(main/disc) 6.50e-05/2.75e-05 | cuda_peak(alloc/resv) 21.77/28.18GB | phase(train/val/raw/train_eval) 3.4/0.5/0.5/0.0s | 4.4s
2026-08-29 18:07:08 | New best val_f1_macro_present: raw=0.4042 stable_score=0.0807 at epoch 4
2026-08-29 18:07:13 | Epoch 005/060 | loss 3.6980 | cls 3.5953 | tal 0.0383 | dual_g 0.0911 | dual_d 0.0000 | train_acc 0.4402 | train_full 0.5379 | val_acc 0.4865 | val_f1 0.4709 | adv/moduleC 0.00/0.12 | disc_steps 0 | grad(main/disc) 9.865/0.000 | lr(main/disc) 6.50e-05/2.75e-05 | cuda_peak(alloc/resv) 21.77/28.18GB | phase(train/val/raw/train_eval) 3.3/0.5/0.5/0.8s | 5.1s
2026-08-29 18:07:16 | New best val_f1_macro_present: raw=0.4709 stable_score=0.2301 at epoch 5
2026-08-29 18:07:20 | Epoch 006/060 | loss 3.4405 | cls 3.2427 | tal 0.1106 | dual_g 0.1646 | dual_d 0.0000 | train_acc 0.5109 | train_full n/a | val_acc 0.7297 | val_f1 0.6815 | adv/moduleC 0.00/0.25 | disc_steps 0 | grad(main/disc) 9.664/0.000 | lr(main/disc) 6.50e-05/2.75e-05 | cuda_peak(alloc/resv) 21.77/28.18GB | phase(train/val/raw/train_eval) 3.3/0.5/0.5/0.0s | 4.3s
2026-08-29 18:07:23 | New best val_f1_macro_present: raw=0.6815 stable_score=0.4042 at epoch 6
2026-08-29 18:07:27 | Epoch 007/060 | loss 3.3592 | cls 3.0997 | tal 0.0559 | dual_g 0.2427 | dual_d 0.8507 | train_acc 0.5299 | train_full n/a | val_acc 0.8649 | val_f1 0.8923 | adv/moduleC 0.07/0.38 | disc_steps 2 | grad(main/disc) 9.171/1.642 | lr(main/disc) 6.50e-05/2.75e-05 | cuda_peak(alloc/resv) 21.77/28.18GB | phase(train/val/raw/train_eval) 3.2/0.5/0.5/0.0s | 4.2s
2026-08-29 18:07:30 | New best val_f1_macro_present: raw=0.8923 stable_score=0.4709 at epoch 7
2026-08-29 18:07:34 | Epoch 008/060 | loss 3.2335 | cls 2.9119 | tal 0.0366 | dual_g 0.3106 | dual_d 0.8218 | train_acc 0.5815 | train_full n/a | val_acc 0.8649 | val_f1 0.8865 | adv/moduleC 0.14/0.50 | disc_steps 2 | grad(main/disc) 8.904/1.587 | lr(main/disc) 6.50e-05/2.75e-05 | cuda_peak(alloc/resv) 21.77/28.18GB | phase(train/val/raw/train_eval) 3.1/0.5/0.5/0.0s | 4.1s
2026-08-29 18:07:37 | New best val_f1_macro_present: raw=0.8865 stable_score=0.6815 at epoch 8
2026-08-29 18:07:42 | Epoch 009/060 | loss 3.1383 | cls 2.7509 | tal 0.0484 | dual_g 0.3729 | dual_d 0.8093 | train_acc 0.6413 | train_full n/a | val_acc 0.8649 | val_f1 0.8996 | adv/moduleC 0.21/0.62 | disc_steps 2 | grad(main/disc) 8.814/1.582 | lr(main/disc) 6.50e-05/2.75e-05 | cuda_peak(alloc/resv) 21.77/28.18GB | phase(train/val/raw/train_eval) 3.8/0.5/0.5/0.0s | 4.9s
2026-08-29 18:07:44 | New best val_f1_macro_present: raw=0.8996 stable_score=0.8865 at epoch 9
2026-08-29 18:07:50 | Epoch 010/060 | loss 3.1014 | cls 2.6683 | tal 0.0434 | dual_g 0.4200 | dual_d 0.8142 | train_acc 0.6522 | train_full 0.9394 | val_acc 0.9459 | val_f1 0.9616 | adv/moduleC 0.29/0.75 | disc_steps 2 | grad(main/disc) 9.101/1.572 | lr(main/disc) 6.50e-05/2.75e-05 | cuda_peak(alloc/resv) 21.77/28.18GB | phase(train/val/raw/train_eval) 3.5/0.5/0.5/0.8s | 5.3s
2026-08-29 18:07:54 | Epoch 011/060 | loss 2.9082 | cls 2.4297 | tal 0.0124 | dual_g 0.4748 | dual_d 0.7859 | train_acc 0.7147 | train_full n/a | val_acc 0.9189 | val_f1 0.9371 | adv/moduleC 0.36/0.88 | disc_steps 2 | grad(main/disc) 8.962/1.485 | lr(main/disc) 6.50e-05/2.75e-05 | cuda_peak(alloc/resv) 21.77/28.18GB | phase(train/val/raw/train_eval) 3.5/0.5/0.5/0.0s | 4.5s
2026-08-29 18:07:57 | New best val_f1_macro_present: raw=0.9371 stable_score=0.8996 at epoch 11
2026-08-29 18:08:01 | Epoch 012/060 | loss 2.7624 | cls 2.2598 | tal -0.0198 | dual_g 0.5085 | dual_d 0.7589 | train_acc 0.7228 | train_full n/a | val_acc 0.8919 | val_f1 0.9079 | adv/moduleC 0.43/1.00 | disc_steps 2 | grad(main/disc) 8.409/1.442 | lr(main/disc) 6.50e-05/2.75e-05 | cuda_peak(alloc/resv) 21.77/28.18GB | phase(train/val/raw/train_eval) 3.0/0.5/0.5/0.0s | 4.0s
2026-08-29 18:08:04 | New best val_f1_macro_present: raw=0.9079 stable_score=0.9079 at epoch 12
2026-08-29 18:08:07 | Epoch 013/060 | loss 2.6435 | cls 2.1753 | tal -0.0446 | dual_g 0.4817 | dual_d 0.7926 | train_acc 0.7962 | train_full n/a | val_acc 0.9459 | val_f1 0.9616 | adv/moduleC 0.50/1.00 | disc_steps 2 | grad(main/disc) 9.109/1.436 | lr(main/disc) 6.50e-05/2.75e-05 | cuda_peak(alloc/resv) 21.77/28.18GB | phase(train/val/raw/train_eval) 3.1/0.5/0.0/0.0s | 3.6s
2026-08-29 18:08:12 | Epoch 014/060 | loss 2.5456 | cls 2.0815 | tal -0.0459 | dual_g 0.4778 | dual_d 0.7591 | train_acc 0.7799 | train_full n/a | val_acc 0.9189 | val_f1 0.9396 | adv/moduleC 0.57/1.00 | disc_steps 2 | grad(main/disc) 8.432/1.413 | lr(main/disc) 6.50e-05/2.75e-05 | cuda_peak(alloc/resv) 21.77/28.18GB | phase(train/val/raw/train_eval) 3.6/0.5/0.0/0.0s | 4.1s
2026-08-29 18:08:16 | Epoch 015/060 | loss 2.3212 | cls 1.9056 | tal -0.1193 | dual_g 0.4514 | dual_d 0.8071 | train_acc 0.8668 | train_full 0.9621 | val_acc 0.9459 | val_f1 0.9578 | adv/moduleC 0.64/1.00 | disc_steps 2 | grad(main/disc) 7.946/1.395 | lr(main/disc) 6.50e-05/2.75e-05 | cuda_peak(alloc/resv) 21.77/28.18GB | phase(train/val/raw/train_eval) 3.0/0.5/0.5/0.8s | 4.8s
2026-08-29 18:08:19 | New best val_f1_macro_present: raw=0.9578 stable_score=0.9396 at epoch 15
2026-08-29 18:08:23 | Epoch 016/060 | loss 2.2632 | cls 1.8682 | tal -0.1492 | dual_g 0.4397 | dual_d 0.7744 | train_acc 0.8451 | train_full n/a | val_acc 0.9459 | val_f1 0.9616 | adv/moduleC 0.71/1.00 | disc_steps 2 | grad(main/disc) 7.969/1.359 | lr(main/disc) 6.50e-05/2.75e-05 | cuda_peak(alloc/resv) 21.77/28.18GB | phase(train/val/raw/train_eval) 3.3/0.5/0.0/0.0s | 3.8s
2026-08-29 18:08:27 | Epoch 017/060 | loss 2.1532 | cls 1.7757 | tal -0.1535 | dual_g 0.4236 | dual_d 0.7813 | train_acc 0.8614 | train_full n/a | val_acc 0.9459 | val_f1 0.9616 | adv/moduleC 0.79/1.00 | disc_steps 2 | grad(main/disc) 8.078/1.348 | lr(main/disc) 6.50e-05/2.75e-05 | cuda_peak(alloc/resv) 21.77/28.18GB | phase(train/val/raw/train_eval) 3.5/0.5/0.5/0.0s | 4.5s
2026-08-29 18:08:30 | New best val_f1_macro_present: raw=0.9616 stable_score=0.9578 at epoch 17
2026-08-29 18:08:35 | Epoch 018/060 | loss 2.0981 | cls 1.7185 | tal -0.1564 | dual_g 0.4266 | dual_d 0.8046 | train_acc 0.8913 | train_full n/a | val_acc 0.9459 | val_f1 0.9616 | adv/moduleC 0.86/1.00 | disc_steps 2 | grad(main/disc) 7.230/1.409 | lr(main/disc) 6.50e-05/2.75e-05 | cuda_peak(alloc/resv) 21.77/28.18GB | phase(train/val/raw/train_eval) 3.2/0.5/0.5/0.0s | 4.2s
2026-08-29 18:08:37 | New best val_f1_macro_present: raw=0.9616 stable_score=0.9616 at epoch 18
2026-08-29 18:08:41 | Epoch 019/060 | loss 2.0321 | cls 1.6636 | tal -0.1437 | dual_g 0.4117 | dual_d 0.8426 | train_acc 0.9212 | train_full n/a | val_acc 0.9189 | val_f1 0.9358 | adv/moduleC 0.93/1.00 | disc_steps 2 | grad(main/disc) 8.374/1.431 | lr(main/disc) 6.50e-05/2.75e-05 | cuda_peak(alloc/resv) 21.77/28.18GB | phase(train/val/raw/train_eval) 3.3/0.5/0.0/0.0s | 3.8s
2026-08-29 18:08:46 | Epoch 020/060 | loss 1.9763 | cls 1.6274 | tal -0.1435 | dual_g 0.3920 | dual_d 0.8409 | train_acc 0.9293 | train_full 0.9924 | val_acc 0.9730 | val_f1 0.9776 | adv/moduleC 1.00/1.00 | disc_steps 2 | grad(main/disc) 8.148/1.443 | lr(main/disc) 6.50e-05/2.75e-05 | cuda_peak(alloc/resv) 21.77/28.18GB | phase(train/val/raw/train_eval) 3.5/0.5/0.5/0.8s | 5.2s
2026-08-29 18:08:50 | Epoch 021/060 | loss 1.9185 | cls 1.5856 | tal -0.2038 | dual_g 0.3940 | dual_d 0.8221 | train_acc 0.9293 | train_full n/a | val_acc 0.9459 | val_f1 0.9616 | adv/moduleC 1.00/1.00 | disc_steps 2 | grad(main/disc) 8.037/1.390 | lr(main/disc) 6.50e-05/2.75e-05 | cuda_peak(alloc/resv) 21.77/28.18GB | phase(train/val/raw/train_eval) 3.2/0.5/0.0/0.0s | 3.7s
2026-08-29 18:08:54 | Epoch 022/060 | loss 1.8713 | cls 1.5377 | tal -0.1458 | dual_g 0.3774 | dual_d 0.9053 | train_acc 0.9402 | train_full n/a | val_acc 0.9459 | val_f1 0.9578 | adv/moduleC 1.00/1.00 | disc_steps 2 | grad(main/disc) 7.582/1.473 | lr(main/disc) 6.50e-05/2.75e-05 | cuda_peak(alloc/resv) 21.77/28.18GB | phase(train/val/raw/train_eval) 3.3/0.5/0.0/0.0s | 3.8s
2026-08-29 18:08:58 | Epoch 023/060 | loss 1.8746 | cls 1.5380 | tal -0.1610 | dual_g 0.3848 | dual_d 0.9169 | train_acc 0.9429 | train_full n/a | val_acc 0.9730 | val_f1 0.9776 | adv/moduleC 1.00/1.00 | disc_steps 2 | grad(main/disc) 8.750/1.476 | lr(main/disc) 6.50e-05/2.75e-05 | cuda_peak(alloc/resv) 21.77/28.18GB | phase(train/val/raw/train_eval) 3.3/0.5/0.0/0.0s | 3.8s
2026-08-29 18:09:01 | Epoch 024/060 | loss 1.8173 | cls 1.4943 | tal -0.1663 | dual_g 0.3729 | dual_d 0.9088 | train_acc 0.9538 | train_full n/a | val_acc 1.0000 | val_f1 1.0000 | adv/moduleC 1.00/1.00 | disc_steps 2 | grad(main/disc) 7.405/1.419 | lr(main/disc) 6.50e-05/2.75e-05 | cuda_peak(alloc/resv) 21.77/28.18GB | phase(train/val/raw/train_eval) 3.2/0.5/0.0/0.0s | 3.7s
2026-08-29 18:09:06 | Epoch 025/060 | loss 1.8109 | cls 1.4961 | tal -0.1931 | dual_g 0.3728 | dual_d 0.9113 | train_acc 0.9429 | train_full 1.0000 | val_acc 1.0000 | val_f1 1.0000 | adv/moduleC 1.00/1.00 | disc_steps 2 | grad(main/disc) 9.117/1.453 | lr(main/disc) 6.50e-05/2.75e-05 | cuda_peak(alloc/resv) 21.77/28.18GB | phase(train/val/raw/train_eval) 3.1/0.5/0.5/0.8s | 4.9s
2026-08-29 18:09:09 | New best val_f1_macro_present: raw=1.0000 stable_score=0.9776 at epoch 25
2026-08-29 18:09:14 | Epoch 026/060 | loss 1.7460 | cls 1.4421 | tal -0.1974 | dual_g 0.3632 | dual_d 0.9226 | train_acc 0.9565 | train_full n/a | val_acc 0.9730 | val_f1 0.9840 | adv/moduleC 1.00/1.00 | disc_steps 2 | grad(main/disc) 6.329/1.452 | lr(main/disc) 6.50e-05/2.75e-05 | cuda_peak(alloc/resv) 21.77/28.18GB | phase(train/val/raw/train_eval) 3.6/0.5/0.5/0.0s | 4.6s
2026-08-29 18:09:17 | New best val_f1_macro_present: raw=0.9840 stable_score=0.9840 at epoch 26
2026-08-29 18:09:20 | Epoch 027/060 | loss 1.7288 | cls 1.4254 | tal -0.1774 | dual_g 0.3566 | dual_d 0.9242 | train_acc 0.9674 | train_full n/a | val_acc 0.9730 | val_f1 0.9840 | adv/moduleC 1.00/1.00 | disc_steps 2 | grad(main/disc) 6.745/1.468 | lr(main/disc) 6.50e-05/2.75e-05 | cuda_peak(alloc/resv) 21.77/28.18GB | phase(train/val/raw/train_eval) 3.3/0.5/0.0/0.0s | 3.8s
2026-08-29 18:09:24 | Epoch 028/060 | loss 1.7746 | cls 1.4564 | tal -0.1261 | dual_g 0.3560 | dual_d 0.9460 | train_acc 0.9728 | train_full n/a | val_acc 0.9730 | val_f1 0.9802 | adv/moduleC 1.00/1.00 | disc_steps 2 | grad(main/disc) 6.633/1.450 | lr(main/disc) 6.50e-05/2.75e-05 | cuda_peak(alloc/resv) 21.77/28.18GB | phase(train/val/raw/train_eval) 3.0/0.5/0.0/0.0s | 3.5s
2026-08-29 18:09:28 | Epoch 029/060 | loss 1.7137 | cls 1.4139 | tal -0.1565 | dual_g 0.3467 | dual_d 0.9548 | train_acc 0.9565 | train_full n/a | val_acc 1.0000 | val_f1 1.0000 | adv/moduleC 1.00/1.00 | disc_steps 2 | grad(main/disc) 6.579/1.469 | lr(main/disc) 6.50e-05/2.75e-05 | cuda_peak(alloc/resv) 21.77/28.18GB | phase(train/val/raw/train_eval) 3.5/0.5/0.0/0.0s | 4.0s
2026-08-29 18:09:33 | Epoch 030/060 | loss 1.6753 | cls 1.3778 | tal -0.1295 | dual_g 0.3364 | dual_d 0.9781 | train_acc 0.9728 | train_full 1.0000 | val_acc 0.9459 | val_f1 0.9616 | adv/moduleC 1.00/1.00 | disc_steps 2 | grad(main/disc) 5.661/1.496 | lr(main/disc) 6.50e-05/2.75e-05 | cuda_peak(alloc/resv) 21.77/28.18GB | phase(train/val/raw/train_eval) 3.1/0.5/0.5/0.8s | 5.0s
2026-08-29 18:09:37 | Epoch 031/060 | loss 1.6524 | cls 1.3487 | tal -0.1017 | dual_g 0.3342 | dual_d 0.9767 | train_acc 0.9864 | train_full n/a | val_acc 0.9730 | val_f1 0.9776 | adv/moduleC 1.00/1.00 | disc_steps 2 | grad(main/disc) 5.789/1.464 | lr(main/disc) 6.50e-05/2.75e-05 | cuda_peak(alloc/resv) 21.77/28.18GB | phase(train/val/raw/train_eval) 3.2/0.5/0.0/0.0s | 3.7s
2026-08-29 18:09:40 | Epoch 032/060 | loss 1.6510 | cls 1.3520 | tal -0.1116 | dual_g 0.3325 | dual_d 0.9650 | train_acc 0.9783 | train_full n/a | val_acc 1.0000 | val_f1 1.0000 | adv/moduleC 1.00/1.00 | disc_steps 2 | grad(main/disc) 7.586/1.408 | lr(main/disc) 6.50e-05/2.75e-05 | cuda_peak(alloc/resv) 21.77/28.18GB | phase(train/val/raw/train_eval) 3.3/0.5/0.0/0.0s | 3.8s
2026-08-29 18:09:44 | Epoch 033/060 | loss 1.5903 | cls 1.2983 | tal -0.1225 | dual_g 0.3288 | dual_d 0.9436 | train_acc 0.9864 | train_full n/a | val_acc 1.0000 | val_f1 1.0000 | adv/moduleC 1.00/1.00 | disc_steps 2 | grad(main/disc) 5.167/1.388 | lr(main/disc) 6.50e-05/2.75e-05 | cuda_peak(alloc/resv) 21.77/28.18GB | phase(train/val/raw/train_eval) 3.5/0.5/0.0/0.0s | 4.1s
2026-08-29 18:09:48 | Epoch 034/060 | loss 1.6061 | cls 1.3187 | tal -0.1339 | dual_g 0.3276 | dual_d 0.9920 | train_acc 0.9918 | train_full n/a | val_acc 1.0000 | val_f1 1.0000 | adv/moduleC 1.00/1.00 | disc_steps 2 | grad(main/disc) 6.371/1.499 | lr(main/disc) 6.50e-05/2.75e-05 | cuda_peak(alloc/resv) 21.77/28.18GB | phase(train/val/raw/train_eval) 2.9/0.5/0.5/0.0s | 3.9s
2026-08-29 18:09:51 | New best val_f1_macro_present: raw=1.0000 stable_score=1.0000 at epoch 34
2026-08-29 18:09:56 | Epoch 035/060 | loss 1.6524 | cls 1.3502 | tal -0.0990 | dual_g 0.3319 | dual_d 0.9653 | train_acc 0.9783 | train_full 1.0000 | val_acc 1.0000 | val_f1 1.0000 | adv/moduleC 1.00/1.00 | disc_steps 2 | grad(main/disc) 7.408/1.397 | lr(main/disc) 3.25e-05/1.38e-05 | cuda_peak(alloc/resv) 21.77/28.18GB | phase(train/val/raw/train_eval) 3.3/0.5/0.5/0.7s | 5.1s
2026-08-29 18:10:00 | Epoch 036/060 | loss 1.6050 | cls 1.3022 | tal -0.0690 | dual_g 0.3235 | dual_d 0.9644 | train_acc 0.9810 | train_full n/a | val_acc 1.0000 | val_f1 1.0000 | adv/moduleC 1.00/1.00 | disc_steps 2 | grad(main/disc) 7.382/1.380 | lr(main/disc) 3.25e-05/1.38e-05 | cuda_peak(alloc/resv) 21.77/28.18GB | phase(train/val/raw/train_eval) 3.3/0.5/0.0/0.0s | 3.8s
2026-08-29 18:10:04 | Epoch 037/060 | loss 1.5870 | cls 1.2965 | tal -0.0937 | dual_g 0.3187 | dual_d 1.0146 | train_acc 0.9891 | train_full n/a | val_acc 0.9730 | val_f1 0.9776 | adv/moduleC 1.00/1.00 | disc_steps 2 | grad(main/disc) 4.853/1.453 | lr(main/disc) 3.25e-05/1.38e-05 | cuda_peak(alloc/resv) 21.77/28.18GB | phase(train/val/raw/train_eval) 3.3/0.5/0.0/0.0s | 3.8s
2026-08-29 18:10:07 | Epoch 038/060 | loss 1.5719 | cls 1.2745 | tal -0.0754 | dual_g 0.3201 | dual_d 1.0010 | train_acc 0.9946 | train_full n/a | val_acc 0.9730 | val_f1 0.9776 | adv/moduleC 1.00/1.00 | disc_steps 2 | grad(main/disc) 6.344/1.458 | lr(main/disc) 3.25e-05/1.38e-05 | cuda_peak(alloc/resv) 21.77/28.18GB | phase(train/val/raw/train_eval) 3.1/0.5/0.0/0.0s | 3.6s
2026-08-29 18:10:11 | Epoch 039/060 | loss 1.5980 | cls 1.3092 | tal -0.0941 | dual_g 0.3171 | dual_d 0.9918 | train_acc 0.9864 | train_full n/a | val_acc 1.0000 | val_f1 1.0000 | adv/moduleC 1.00/1.00 | disc_steps 2 | grad(main/disc) 4.733/1.426 | lr(main/disc) 3.25e-05/1.38e-05 | cuda_peak(alloc/resv) 21.77/28.18GB | phase(train/val/raw/train_eval) 3.3/0.5/0.0/0.0s | 3.8s
2026-08-29 18:10:17 | Epoch 040/060 | loss 1.5436 | cls 1.2620 | tal -0.1216 | dual_g 0.3181 | dual_d 0.9767 | train_acc 0.9918 | train_full 1.0000 | val_acc 1.0000 | val_f1 1.0000 | adv/moduleC 1.00/1.00 | disc_steps 2 | grad(main/disc) 3.987/1.413 | lr(main/disc) 3.25e-05/1.38e-05 | cuda_peak(alloc/resv) 21.77/28.18GB | phase(train/val/raw/train_eval) 3.7/0.5/0.5/0.8s | 5.4s
2026-08-29 18:10:21 | Epoch 041/060 | loss 1.5562 | cls 1.2639 | tal -0.0838 | dual_g 0.3175 | dual_d 1.0014 | train_acc 0.9946 | train_full n/a | val_acc 1.0000 | val_f1 1.0000 | adv/moduleC 1.00/1.00 | disc_steps 2 | grad(main/disc) 4.985/1.417 | lr(main/disc) 3.25e-05/1.38e-05 | cuda_peak(alloc/resv) 21.77/28.18GB | phase(train/val/raw/train_eval) 3.5/0.5/0.0/0.0s | 4.0s
2026-08-29 18:10:25 | Epoch 042/060 | loss 1.5883 | cls 1.2961 | tal -0.0928 | dual_g 0.3200 | dual_d 0.9843 | train_acc 0.9810 | train_full n/a | val_acc 1.0000 | val_f1 1.0000 | adv/moduleC 1.00/1.00 | disc_steps 2 | grad(main/disc) 5.168/1.384 | lr(main/disc) 3.25e-05/1.38e-05 | cuda_peak(alloc/resv) 21.77/28.18GB | phase(train/val/raw/train_eval) 3.4/0.5/0.0/0.0s | 3.9s
2026-08-29 18:10:29 | Epoch 043/060 | loss 1.5369 | cls 1.2619 | tal -0.1272 | dual_g 0.3131 | dual_d 1.0047 | train_acc 0.9946 | train_full n/a | val_acc 1.0000 | val_f1 1.0000 | adv/moduleC 1.00/1.00 | disc_steps 2 | grad(main/disc) 4.216/1.440 | lr(main/disc) 3.25e-05/1.38e-05 | cuda_peak(alloc/resv) 21.77/28.18GB | phase(train/val/raw/train_eval) 3.4/0.5/0.0/0.0s | 3.9s
2026-08-29 18:10:32 | Epoch 044/060 | loss 1.5296 | cls 1.2691 | tal -0.1723 | dual_g 0.3122 | dual_d 0.9870 | train_acc 0.9946 | train_full n/a | val_acc 1.0000 | val_f1 1.0000 | adv/moduleC 1.00/1.00 | disc_steps 2 | grad(main/disc) 4.984/1.393 | lr(main/disc) 3.25e-05/1.38e-05 | cuda_peak(alloc/resv) 21.77/28.18GB | phase(train/val/raw/train_eval) 3.2/0.5/0.0/0.0s | 3.7s
2026-08-29 18:10:37 | Epoch 045/060 | loss 1.5391 | cls 1.2646 | tal -0.1289 | dual_g 0.3132 | dual_d 0.9933 | train_acc 0.9864 | train_full 1.0000 | val_acc 1.0000 | val_f1 1.0000 | adv/moduleC 1.00/1.00 | disc_steps 2 | grad(main/disc) 5.294/1.403 | lr(main/disc) 3.25e-05/1.38e-05 | cuda_peak(alloc/resv) 21.77/28.18GB | phase(train/val/raw/train_eval) 3.3/0.5/0.5/0.8s | 5.1s
2026-08-29 18:10:41 | Epoch 046/060 | loss 1.5547 | cls 1.2732 | tal -0.0944 | dual_g 0.3098 | dual_d 1.0038 | train_acc 0.9973 | train_full n/a | val_acc 1.0000 | val_f1 1.0000 | adv/moduleC 1.00/1.00 | disc_steps 2 | grad(main/disc) 4.304/1.411 | lr(main/disc) 1.62e-05/6.88e-06 | cuda_peak(alloc/resv) 21.77/28.18GB | phase(train/val/raw/train_eval) 3.6/0.5/0.0/0.0s | 4.1s
2026-08-29 18:10:45 | Epoch 047/060 | loss 1.5458 | cls 1.2700 | tal -0.1250 | dual_g 0.3133 | dual_d 1.0501 | train_acc 0.9891 | train_full n/a | val_acc 1.0000 | val_f1 1.0000 | adv/moduleC 1.00/1.00 | disc_steps 2 | grad(main/disc) 5.224/1.418 | lr(main/disc) 1.62e-05/6.88e-06 | cuda_peak(alloc/resv) 21.77/28.18GB | phase(train/val/raw/train_eval) 3.2/0.5/0.0/0.0s | 3.7s
2026-08-29 18:10:49 | Epoch 048/060 | loss 1.5056 | cls 1.2421 | tal -0.1490 | dual_g 0.3082 | dual_d 1.0574 | train_acc 0.9946 | train_full n/a | val_acc 1.0000 | val_f1 1.0000 | adv/moduleC 1.00/1.00 | disc_steps 2 | grad(main/disc) 4.568/1.463 | lr(main/disc) 1.62e-05/6.88e-06 | cuda_peak(alloc/resv) 21.77/28.18GB | phase(train/val/raw/train_eval) 3.0/0.5/0.0/0.0s | 3.5s
2026-08-29 18:10:52 | Epoch 049/060 | loss 1.5204 | cls 1.2541 | tal -0.1433 | dual_g 0.3093 | dual_d 1.0425 | train_acc 0.9864 | train_full n/a | val_acc 1.0000 | val_f1 1.0000 | adv/moduleC 1.00/1.00 | disc_steps 2 | grad(main/disc) 3.854/1.443 | lr(main/disc) 1.62e-05/6.88e-06 | cuda_peak(alloc/resv) 21.77/28.18GB | phase(train/val/raw/train_eval) 3.0/0.5/0.0/0.0s | 3.5s
2026-08-29 18:10:57 | Epoch 050/060 | loss 1.5177 | cls 1.2625 | tal -0.1716 | dual_g 0.3067 | dual_d 0.9881 | train_acc 0.9891 | train_full 1.0000 | val_acc 1.0000 | val_f1 1.0000 | adv/moduleC 1.00/1.00 | disc_steps 2 | grad(main/disc) 4.676/1.412 | lr(main/disc) 1.62e-05/6.88e-06 | cuda_peak(alloc/resv) 21.77/28.18GB | phase(train/val/raw/train_eval) 3.5/0.5/0.5/0.8s | 5.3s
2026-08-29 18:11:01 | Epoch 051/060 | loss 1.5032 | cls 1.2479 | tal -0.1678 | dual_g 0.3056 | dual_d 1.0312 | train_acc 0.9918 | train_full n/a | val_acc 1.0000 | val_f1 1.0000 | adv/moduleC 1.00/1.00 | disc_steps 2 | grad(main/disc) 4.087/1.438 | lr(main/disc) 1.62e-05/6.88e-06 | cuda_peak(alloc/resv) 21.77/28.18GB | phase(train/val/raw/train_eval) 3.1/0.5/0.0/0.0s | 3.6s
2026-08-29 18:11:05 | Epoch 052/060 | loss 1.4999 | cls 1.2384 | tal -0.1521 | dual_g 0.3071 | dual_d 1.0534 | train_acc 0.9891 | train_full n/a | val_acc 1.0000 | val_f1 1.0000 | adv/moduleC 1.00/1.00 | disc_steps 2 | grad(main/disc) 3.784/1.444 | lr(main/disc) 1.62e-05/6.88e-06 | cuda_peak(alloc/resv) 21.77/28.18GB | phase(train/val/raw/train_eval) 3.1/0.5/0.0/0.0s | 3.6s
2026-08-29 18:11:05 | Early stopping at epoch 52 after 18 epochs without val_f1_macro_present improvement.
2026-08-29 18:11:05 | Training complete. Peak validation accuracy: 1.0000 | selected val_f1_macro_present: 1.0000
