2026-08-30 16:14:42 | Starting Dual_D standalone training
2026-08-30 16:14:42 | Run directory: runs/module_c_v11_ablation_60/module_c_20260830_155840/module_c_full_雨天_20260830_155841
2026-08-30 16:14:42 | Device: cuda
2026-08-30 16:14:42 | Source train samples: 992
2026-08-30 16:14:42 | Target train samples: 96
2026-08-30 16:14:42 | Target val samples: 26
2026-08-30 16:14:42 | Classes: 14
2026-08-30 16:14:42 | Data audit: same_dir=False | path_overlap(vis/ir/ais)=0/0/0 | content_overlap(vis/ir/ais)=0/0/0 | ais_index_overlap=0 | stem_mismatch(vis-ir/vis-ais)=117/0
2026-08-30 16:14:42 | source_train classes: present 14/14 | absent 0 | counts [0:120, 1:44, 2:69, 3:45, 4:40, 5:30, 6:64, 7:80, 8:116, 9:68, 10:57, 11:83, 12:48, 13:128]
2026-08-30 16:14:42 | target_train classes: present 6/14 | absent 8 | counts [0:7, 2:19, 9:32, 10:12, 11:6, 13:20]
2026-08-30 16:14:42 | target_val classes: present 6/14 | absent 8 | counts [0:2, 2:5, 9:8, 10:4, 11:2, 13:5]
2026-08-30 16:14:42 | Paired training classes: 6/14 | class ids [0, 2, 9, 10, 11, 13]
2026-08-30 16:14:42 | Runtime profile: batch=16 | paired_steps=6 | workers=16 | train_eval_every=5 | raw_eval_every=5 | stability_window=3 | lr_scheduler_start=24 | early_stop=12 after min_epoch=35
2026-08-30 16:14:42 | Augmentation profile: base=0.550 | visible=0.600 | infrared=0.400 | freeze_frozen_batch_norm_stats=True
2026-08-30 16:14:42 | VIS/IR pairing: class-level-unpaired | count-mismatch classes train/val: 10/0 | AIS alignment: none | AIS rows train/val: 0/0
2026-08-30 16:14:43 | Effective Dual-D loss weights: {"adv_auxiliary": 0.02, "adv_primary": 0.02, "classification": 0.6, "contrastive": 0.025, "cycle": 0.12, "identity": 0.025, "prototype_contrastive": 0.015}
2026-08-30 16:14:43 | Model parameters: total=17277714 | trainable=17120210
2026-08-30 16:14:45 | Epoch 001/060 | loss 5.9680 | cls 5.9961 | tal -0.0938 | dual_g 0.0000 | dual_d 0.0000 | train_acc 0.0312 | train_full 0.1354 | val_acc 0.0385 | val_f1 0.0175 | adv/moduleC 0.00/0.00 | disc_steps 0 | grad(main/disc) 35.622/0.000 | lr(main/disc) 9.00e-05/2.75e-05 | cuda_peak(alloc/resv) 4.09/5.12GB | phase(train/val/raw/train_eval) 1.1/0.3/0.3/0.4s | 2.2s
2026-08-30 16:14:46 | Epoch 002/060 | loss 4.4729 | cls 4.5317 | tal -0.1958 | dual_g 0.0000 | dual_d 0.0000 | train_acc 0.2292 | train_full n/a | val_acc 0.1538 | val_f1 0.0494 | adv/moduleC 0.00/0.00 | disc_steps 0 | grad(main/disc) 28.922/0.000 | lr(main/disc) 9.00e-05/2.75e-05 | cuda_peak(alloc/resv) 4.09/5.12GB | phase(train/val/raw/train_eval) 0.9/0.3/0.0/0.0s | 1.2s
2026-08-30 16:14:48 | Epoch 003/060 | loss 3.9365 | cls 3.9457 | tal -0.0304 | dual_g 0.0000 | dual_d 0.0000 | train_acc 0.3125 | train_full n/a | val_acc 0.1923 | val_f1 0.1885 | adv/moduleC 0.00/0.00 | disc_steps 0 | grad(main/disc) 25.127/0.000 | lr(main/disc) 9.00e-05/2.75e-05 | cuda_peak(alloc/resv) 4.09/5.12GB | phase(train/val/raw/train_eval) 0.9/0.3/0.3/0.0s | 1.6s
2026-08-30 16:14:50 | New best val_f1_macro_present: raw=0.1885 stable_score=0.0175 at epoch 3
2026-08-30 16:14:51 | Epoch 004/060 | loss 4.0888 | cls 3.7815 | tal -0.0578 | dual_g 0.3246 | dual_d 0.0000 | train_acc 0.3750 | train_full n/a | val_acc 0.2692 | val_f1 0.2952 | adv/moduleC 0.00/0.12 | disc_steps 0 | grad(main/disc) 25.062/0.000 | lr(main/disc) 9.00e-05/2.75e-05 | cuda_peak(alloc/resv) 4.09/5.12GB | phase(train/val/raw/train_eval) 0.7/0.3/0.3/0.0s | 1.3s
2026-08-30 16:14:53 | New best val_f1_macro_present: raw=0.2952 stable_score=0.0494 at epoch 4
2026-08-30 16:14:55 | Epoch 005/060 | loss 4.0084 | cls 3.4350 | tal -0.0774 | dual_g 0.5966 | dual_d 0.0000 | train_acc 0.4271 | train_full 0.2708 | val_acc 0.3462 | val_f1 0.3222 | adv/moduleC 0.00/0.25 | disc_steps 0 | grad(main/disc) 22.682/0.000 | lr(main/disc) 9.00e-05/2.75e-05 | cuda_peak(alloc/resv) 4.09/5.12GB | phase(train/val/raw/train_eval) 0.8/0.3/0.3/0.4s | 1.8s
2026-08-30 16:14:57 | New best val_f1_macro_present: raw=0.3222 stable_score=0.1885 at epoch 5
2026-08-30 16:14:58 | Epoch 006/060 | loss 3.9088 | cls 3.0786 | tal -0.0277 | dual_g 0.8385 | dual_d 0.0000 | train_acc 0.6042 | train_full n/a | val_acc 0.2308 | val_f1 0.1502 | adv/moduleC 0.00/0.38 | disc_steps 0 | grad(main/disc) 21.525/0.000 | lr(main/disc) 9.00e-05/2.75e-05 | cuda_peak(alloc/resv) 4.09/5.12GB | phase(train/val/raw/train_eval) 0.9/0.3/0.0/0.0s | 1.2s
2026-08-30 16:14:59 | Epoch 007/060 | loss 3.9212 | cls 2.9164 | tal 0.0031 | dual_g 1.0038 | dual_d 0.8972 | train_acc 0.6146 | train_full n/a | val_acc 0.2692 | val_f1 0.2778 | adv/moduleC 0.07/0.50 | disc_steps 3 | grad(main/disc) 22.839/2.391 | lr(main/disc) 9.00e-05/2.75e-05 | cuda_peak(alloc/resv) 4.09/5.12GB | phase(train/val/raw/train_eval) 0.8/0.3/0.0/0.0s | 1.1s
2026-08-30 16:15:01 | Epoch 008/060 | loss 4.0083 | cls 2.7702 | tal 0.0793 | dual_g 1.2143 | dual_d 0.8787 | train_acc 0.6875 | train_full n/a | val_acc 0.3462 | val_f1 0.3689 | adv/moduleC 0.13/0.62 | disc_steps 3 | grad(main/disc) 22.721/2.447 | lr(main/disc) 9.00e-05/2.75e-05 | cuda_peak(alloc/resv) 4.09/5.12GB | phase(train/val/raw/train_eval) 1.0/0.3/0.0/0.0s | 1.3s
2026-08-30 16:15:02 | Epoch 009/060 | loss 3.9407 | cls 2.6211 | tal 0.0230 | dual_g 1.3126 | dual_d 0.8773 | train_acc 0.6458 | train_full n/a | val_acc 0.4231 | val_f1 0.4222 | adv/moduleC 0.20/0.75 | disc_steps 3 | grad(main/disc) 23.043/2.319 | lr(main/disc) 9.00e-05/2.75e-05 | cuda_peak(alloc/resv) 4.09/5.12GB | phase(train/val/raw/train_eval) 0.7/0.3/0.3/0.0s | 1.4s
2026-08-30 16:15:04 | New best val_f1_macro_present: raw=0.4222 stable_score=0.2778 at epoch 9
2026-08-30 16:15:06 | Epoch 010/060 | loss 3.7010 | cls 2.2614 | tal -0.0152 | dual_g 1.4441 | dual_d 0.9635 | train_acc 0.8021 | train_full 0.5521 | val_acc 0.4615 | val_f1 0.4534 | adv/moduleC 0.27/0.88 | disc_steps 3 | grad(main/disc) 19.970/2.468 | lr(main/disc) 9.00e-05/2.75e-05 | cuda_peak(alloc/resv) 4.09/5.12GB | phase(train/val/raw/train_eval) 0.7/0.3/0.3/0.4s | 1.6s
2026-08-30 16:15:08 | New best val_f1_macro_present: raw=0.4534 stable_score=0.3689 at epoch 10
2026-08-30 16:15:09 | Epoch 011/060 | loss 3.7538 | cls 2.2076 | tal -0.0015 | dual_g 1.5467 | dual_d 0.9424 | train_acc 0.7812 | train_full n/a | val_acc 0.6154 | val_f1 0.6258 | adv/moduleC 0.33/1.00 | disc_steps 3 | grad(main/disc) 21.384/2.454 | lr(main/disc) 9.00e-05/2.75e-05 | cuda_peak(alloc/resv) 4.09/5.12GB | phase(train/val/raw/train_eval) 0.7/0.3/0.3/0.0s | 1.4s
2026-08-30 16:15:11 | New best val_f1_macro_present: raw=0.6258 stable_score=0.4222 at epoch 11
2026-08-30 16:15:13 | Epoch 012/060 | loss 3.6431 | cls 2.1679 | tal 0.0449 | dual_g 1.4617 | dual_d 0.8487 | train_acc 0.8021 | train_full n/a | val_acc 0.5769 | val_f1 0.6006 | adv/moduleC 0.40/1.00 | disc_steps 3 | grad(main/disc) 21.804/2.401 | lr(main/disc) 9.00e-05/2.75e-05 | cuda_peak(alloc/resv) 4.09/5.12GB | phase(train/val/raw/train_eval) 0.9/0.3/0.3/0.0s | 1.5s
2026-08-30 16:15:15 | New best val_f1_macro_present: raw=0.6006 stable_score=0.4534 at epoch 12
2026-08-30 16:15:16 | Epoch 013/060 | loss 3.6721 | cls 2.2228 | tal -0.1523 | dual_g 1.4949 | dual_d 0.7814 | train_acc 0.8125 | train_full n/a | val_acc 0.5769 | val_f1 0.5946 | adv/moduleC 0.47/1.00 | disc_steps 3 | grad(main/disc) 21.779/2.269 | lr(main/disc) 9.00e-05/2.75e-05 | cuda_peak(alloc/resv) 4.09/5.12GB | phase(train/val/raw/train_eval) 0.9/0.3/0.3/0.0s | 1.5s
2026-08-30 16:15:18 | New best val_f1_macro_present: raw=0.5946 stable_score=0.5946 at epoch 13
2026-08-30 16:15:19 | Epoch 014/060 | loss 3.4250 | cls 1.9973 | tal -0.0385 | dual_g 1.4393 | dual_d 0.7690 | train_acc 0.8958 | train_full n/a | val_acc 0.6154 | val_f1 0.6335 | adv/moduleC 0.53/1.00 | disc_steps 3 | grad(main/disc) 19.922/2.219 | lr(main/disc) 9.00e-05/2.75e-05 | cuda_peak(alloc/resv) 4.09/5.12GB | phase(train/val/raw/train_eval) 0.7/0.3/0.0/0.0s | 1.1s
2026-08-30 16:15:21 | Epoch 015/060 | loss 3.1657 | cls 1.8363 | tal -0.1093 | dual_g 1.3622 | dual_d 0.8173 | train_acc 0.8750 | train_full 0.7083 | val_acc 0.6538 | val_f1 0.6730 | adv/moduleC 0.60/1.00 | disc_steps 3 | grad(main/disc) 18.798/2.301 | lr(main/disc) 9.00e-05/2.75e-05 | cuda_peak(alloc/resv) 4.09/5.12GB | phase(train/val/raw/train_eval) 0.8/0.3/0.3/0.4s | 1.8s
2026-08-30 16:15:23 | Epoch 016/060 | loss 3.2212 | cls 1.8696 | tal -0.0700 | dual_g 1.3726 | dual_d 0.8971 | train_acc 0.8021 | train_full n/a | val_acc 0.7308 | val_f1 0.7370 | adv/moduleC 0.67/1.00 | disc_steps 3 | grad(main/disc) 19.993/2.345 | lr(main/disc) 9.00e-05/2.75e-05 | cuda_peak(alloc/resv) 4.09/5.12GB | phase(train/val/raw/train_eval) 1.1/0.3/0.3/0.0s | 1.8s
2026-08-30 16:15:25 | New best val_f1_macro_present: raw=0.7370 stable_score=0.6335 at epoch 16
2026-08-30 16:15:27 | Epoch 017/060 | loss 2.8829 | cls 1.6782 | tal -0.1719 | dual_g 1.2562 | dual_d 0.8423 | train_acc 0.9167 | train_full n/a | val_acc 0.7308 | val_f1 0.7444 | adv/moduleC 0.73/1.00 | disc_steps 3 | grad(main/disc) 17.326/2.294 | lr(main/disc) 9.00e-05/2.75e-05 | cuda_peak(alloc/resv) 4.09/5.12GB | phase(train/val/raw/train_eval) 0.8/0.3/0.3/0.0s | 1.5s
2026-08-30 16:15:29 | New best val_f1_macro_present: raw=0.7444 stable_score=0.6730 at epoch 17
2026-08-30 16:15:30 | Epoch 018/060 | loss 2.9935 | cls 1.7728 | tal -0.1891 | dual_g 1.2774 | dual_d 0.8401 | train_acc 0.9167 | train_full n/a | val_acc 0.6538 | val_f1 0.6734 | adv/moduleC 0.80/1.00 | disc_steps 3 | grad(main/disc) 18.111/2.210 | lr(main/disc) 9.00e-05/2.75e-05 | cuda_peak(alloc/resv) 4.09/5.12GB | phase(train/val/raw/train_eval) 0.8/0.3/0.0/0.0s | 1.1s
2026-08-30 16:15:31 | Epoch 019/060 | loss 2.7318 | cls 1.6296 | tal -0.1667 | dual_g 1.1522 | dual_d 0.8890 | train_acc 0.9062 | train_full n/a | val_acc 0.6538 | val_f1 0.6801 | adv/moduleC 0.87/1.00 | disc_steps 3 | grad(main/disc) 14.767/2.110 | lr(main/disc) 9.00e-05/2.75e-05 | cuda_peak(alloc/resv) 4.09/5.12GB | phase(train/val/raw/train_eval) 0.8/0.3/0.0/0.0s | 1.1s
2026-08-30 16:15:33 | Epoch 020/060 | loss 2.8730 | cls 1.7568 | tal -0.1975 | dual_g 1.1755 | dual_d 0.8585 | train_acc 0.8854 | train_full 0.8750 | val_acc 0.8462 | val_f1 0.8712 | adv/moduleC 0.93/1.00 | disc_steps 3 | grad(main/disc) 18.186/2.188 | lr(main/disc) 9.00e-05/2.75e-05 | cuda_peak(alloc/resv) 4.09/5.12GB | phase(train/val/raw/train_eval) 0.7/0.3/0.3/0.4s | 1.7s
2026-08-30 16:15:34 | Epoch 021/060 | loss 2.6297 | cls 1.5397 | tal -0.2022 | dual_g 1.1507 | dual_d 0.8295 | train_acc 0.9688 | train_full n/a | val_acc 0.9231 | val_f1 0.9367 | adv/moduleC 1.00/1.00 | disc_steps 3 | grad(main/disc) 19.560/2.135 | lr(main/disc) 9.00e-05/2.75e-05 | cuda_peak(alloc/resv) 4.09/5.12GB | phase(train/val/raw/train_eval) 0.9/0.3/0.3/0.0s | 1.5s
2026-08-30 16:15:36 | New best val_f1_macro_present: raw=0.9367 stable_score=0.6801 at epoch 21
2026-08-30 16:15:38 | Epoch 022/060 | loss 2.6770 | cls 1.5712 | tal -0.1696 | dual_g 1.1566 | dual_d 0.8645 | train_acc 0.9375 | train_full n/a | val_acc 0.8846 | val_f1 0.9004 | adv/moduleC 1.00/1.00 | disc_steps 3 | grad(main/disc) 16.801/2.242 | lr(main/disc) 9.00e-05/2.75e-05 | cuda_peak(alloc/resv) 4.09/5.12GB | phase(train/val/raw/train_eval) 0.8/0.3/0.3/0.0s | 1.5s
2026-08-30 16:15:40 | New best val_f1_macro_present: raw=0.9004 stable_score=0.8712 at epoch 22
2026-08-30 16:15:41 | Epoch 023/060 | loss 2.8778 | cls 1.6849 | tal -0.1791 | dual_g 1.2466 | dual_d 0.8890 | train_acc 0.9479 | train_full n/a | val_acc 0.8846 | val_f1 0.9004 | adv/moduleC 1.00/1.00 | disc_steps 3 | grad(main/disc) 18.330/2.191 | lr(main/disc) 9.00e-05/2.75e-05 | cuda_peak(alloc/resv) 4.09/5.12GB | phase(train/val/raw/train_eval) 0.8/0.3/0.3/0.0s | 1.4s
2026-08-30 16:15:43 | New best val_f1_macro_present: raw=0.9004 stable_score=0.9004 at epoch 23
2026-08-30 16:15:44 | Epoch 024/060 | loss 2.6404 | cls 1.5800 | tal -0.2545 | dual_g 1.1367 | dual_d 0.8872 | train_acc 0.9479 | train_full n/a | val_acc 0.8077 | val_f1 0.8315 | adv/moduleC 1.00/1.00 | disc_steps 3 | grad(main/disc) 14.683/2.204 | lr(main/disc) 9.00e-05/2.75e-05 | cuda_peak(alloc/resv) 4.09/5.12GB | phase(train/val/raw/train_eval) 0.7/0.3/0.0/0.0s | 1.1s
2026-08-30 16:15:46 | Epoch 025/060 | loss 2.8567 | cls 1.6816 | tal -0.1741 | dual_g 1.2274 | dual_d 0.9064 | train_acc 0.9479 | train_full 0.9062 | val_acc 0.9231 | val_f1 0.9206 | adv/moduleC 1.00/1.00 | disc_steps 3 | grad(main/disc) 17.514/2.235 | lr(main/disc) 9.00e-05/2.75e-05 | cuda_peak(alloc/resv) 4.09/5.12GB | phase(train/val/raw/train_eval) 0.8/0.3/0.3/0.4s | 1.8s
2026-08-30 16:15:47 | Epoch 026/060 | loss 2.6430 | cls 1.5653 | tal -0.1278 | dual_g 1.1161 | dual_d 0.8289 | train_acc 0.9792 | train_full n/a | val_acc 0.9615 | val_f1 0.9556 | adv/moduleC 1.00/1.00 | disc_steps 3 | grad(main/disc) 16.807/2.065 | lr(main/disc) 9.00e-05/2.75e-05 | cuda_peak(alloc/resv) 4.09/5.12GB | phase(train/val/raw/train_eval) 0.7/0.3/0.0/0.0s | 1.0s
2026-08-30 16:15:48 | Epoch 027/060 | loss 2.4965 | cls 1.4471 | tal -0.1490 | dual_g 1.0941 | dual_d 0.8623 | train_acc 0.9896 | train_full n/a | val_acc 0.8462 | val_f1 0.8541 | adv/moduleC 1.00/1.00 | disc_steps 3 | grad(main/disc) 13.247/2.175 | lr(main/disc) 9.00e-05/2.75e-05 | cuda_peak(alloc/resv) 4.09/5.12GB | phase(train/val/raw/train_eval) 1.1/0.3/0.0/0.0s | 1.4s
2026-08-30 16:15:50 | Epoch 028/060 | loss 2.6380 | cls 1.5687 | tal -0.1675 | dual_g 1.1196 | dual_d 0.8360 | train_acc 0.9896 | train_full n/a | val_acc 0.9615 | val_f1 0.9556 | adv/moduleC 1.00/1.00 | disc_steps 3 | grad(main/disc) 15.660/2.155 | lr(main/disc) 9.00e-05/2.75e-05 | cuda_peak(alloc/resv) 4.09/5.12GB | phase(train/val/raw/train_eval) 0.8/0.3/0.0/0.0s | 1.1s
2026-08-30 16:15:51 | Epoch 029/060 | loss 2.4714 | cls 1.4504 | tal -0.1686 | dual_g 1.0716 | dual_d 0.8724 | train_acc 0.9479 | train_full n/a | val_acc 1.0000 | val_f1 1.0000 | adv/moduleC 1.00/1.00 | disc_steps 3 | grad(main/disc) 14.168/2.251 | lr(main/disc) 9.00e-05/2.75e-05 | cuda_peak(alloc/resv) 4.09/5.12GB | phase(train/val/raw/train_eval) 0.8/0.3/0.0/0.0s | 1.1s
2026-08-30 16:15:52 | Epoch 030/060 | loss 2.4440 | cls 1.4116 | tal -0.1674 | dual_g 1.0826 | dual_d 0.8834 | train_acc 0.9792 | train_full 0.9688 | val_acc 1.0000 | val_f1 1.0000 | adv/moduleC 1.00/1.00 | disc_steps 3 | grad(main/disc) 12.208/2.258 | lr(main/disc) 9.00e-05/2.75e-05 | cuda_peak(alloc/resv) 4.09/5.12GB | phase(train/val/raw/train_eval) 0.7/0.3/0.3/0.4s | 1.7s
2026-08-30 16:15:54 | New best val_f1_macro_present: raw=1.0000 stable_score=0.9556 at epoch 30
2026-08-30 16:15:55 | Epoch 031/060 | loss 2.3551 | cls 1.3438 | tal -0.0601 | dual_g 1.0293 | dual_d 0.8865 | train_acc 0.9792 | train_full n/a | val_acc 0.9231 | val_f1 0.9219 | adv/moduleC 1.00/1.00 | disc_steps 3 | grad(main/disc) 9.588/2.125 | lr(main/disc) 9.00e-05/2.75e-05 | cuda_peak(alloc/resv) 4.09/5.12GB | phase(train/val/raw/train_eval) 0.7/0.3/0.0/0.0s | 1.1s
2026-08-30 16:15:56 | Epoch 032/060 | loss 2.3449 | cls 1.3701 | tal -0.1071 | dual_g 1.0069 | dual_d 0.8719 | train_acc 1.0000 | train_full n/a | val_acc 0.9231 | val_f1 0.9185 | adv/moduleC 1.00/1.00 | disc_steps 3 | grad(main/disc) 10.787/2.106 | lr(main/disc) 9.00e-05/2.75e-05 | cuda_peak(alloc/resv) 4.09/5.12GB | phase(train/val/raw/train_eval) 0.7/0.3/0.0/0.0s | 1.0s
2026-08-30 16:15:58 | Epoch 033/060 | loss 2.4074 | cls 1.4099 | tal -0.1233 | dual_g 1.0345 | dual_d 0.8364 | train_acc 0.9896 | train_full n/a | val_acc 0.9231 | val_f1 0.9185 | adv/moduleC 1.00/1.00 | disc_steps 3 | grad(main/disc) 12.967/2.045 | lr(main/disc) 9.00e-05/2.75e-05 | cuda_peak(alloc/resv) 4.09/5.12GB | phase(train/val/raw/train_eval) 1.0/0.3/0.0/0.0s | 1.3s
2026-08-30 16:15:59 | Epoch 034/060 | loss 2.3648 | cls 1.3964 | tal -0.1129 | dual_g 1.0023 | dual_d 0.8163 | train_acc 0.9792 | train_full n/a | val_acc 1.0000 | val_f1 1.0000 | adv/moduleC 1.00/1.00 | disc_steps 3 | grad(main/disc) 12.699/2.100 | lr(main/disc) 9.00e-05/2.75e-05 | cuda_peak(alloc/resv) 4.09/5.12GB | phase(train/val/raw/train_eval) 1.0/0.3/0.0/0.0s | 1.3s
2026-08-30 16:16:01 | Epoch 035/060 | loss 2.3656 | cls 1.4122 | tal -0.1619 | dual_g 1.0020 | dual_d 0.8265 | train_acc 0.9896 | train_full 0.9583 | val_acc 0.9615 | val_f1 0.9556 | adv/moduleC 1.00/1.00 | disc_steps 3 | grad(main/disc) 11.533/2.129 | lr(main/disc) 9.00e-05/2.75e-05 | cuda_peak(alloc/resv) 4.09/5.12GB | phase(train/val/raw/train_eval) 0.8/0.3/0.3/0.4s | 1.8s
2026-08-30 16:16:02 | Epoch 036/060 | loss 2.3232 | cls 1.3815 | tal -0.1940 | dual_g 1.0000 | dual_d 0.8366 | train_acc 0.9688 | train_full n/a | val_acc 1.0000 | val_f1 1.0000 | adv/moduleC 1.00/1.00 | disc_steps 3 | grad(main/disc) 12.623/2.082 | lr(main/disc) 9.00e-05/2.75e-05 | cuda_peak(alloc/resv) 4.09/5.12GB | phase(train/val/raw/train_eval) 0.7/0.3/0.0/0.0s | 1.0s
2026-08-30 16:16:03 | Epoch 037/060 | loss 2.3063 | cls 1.3663 | tal -0.1908 | dual_g 0.9973 | dual_d 0.8854 | train_acc 1.0000 | train_full n/a | val_acc 0.9615 | val_f1 0.9556 | adv/moduleC 1.00/1.00 | disc_steps 3 | grad(main/disc) 12.513/2.117 | lr(main/disc) 9.00e-05/2.75e-05 | cuda_peak(alloc/resv) 4.09/5.12GB | phase(train/val/raw/train_eval) 0.9/0.3/0.0/0.0s | 1.2s
2026-08-30 16:16:04 | Epoch 038/060 | loss 2.3393 | cls 1.3935 | tal -0.2050 | dual_g 1.0072 | dual_d 0.8262 | train_acc 0.9688 | train_full n/a | val_acc 0.9615 | val_f1 0.9556 | adv/moduleC 1.00/1.00 | disc_steps 3 | grad(main/disc) 11.876/2.037 | lr(main/disc) 4.50e-05/1.38e-05 | cuda_peak(alloc/resv) 4.09/5.12GB | phase(train/val/raw/train_eval) 1.0/0.3/0.0/0.0s | 1.3s
2026-08-30 16:16:06 | Epoch 039/060 | loss 2.1739 | cls 1.2733 | tal -0.2418 | dual_g 0.9731 | dual_d 0.9109 | train_acc 1.0000 | train_full n/a | val_acc 0.9615 | val_f1 0.9556 | adv/moduleC 1.00/1.00 | disc_steps 3 | grad(main/disc) 7.836/2.135 | lr(main/disc) 4.50e-05/1.38e-05 | cuda_peak(alloc/resv) 4.09/5.12GB | phase(train/val/raw/train_eval) 0.9/0.3/0.0/0.0s | 1.2s
2026-08-30 16:16:07 | Epoch 040/060 | loss 2.3222 | cls 1.3821 | tal -0.1139 | dual_g 0.9742 | dual_d 0.8929 | train_acc 0.9792 | train_full 1.0000 | val_acc 0.9615 | val_f1 0.9556 | adv/moduleC 1.00/1.00 | disc_steps 3 | grad(main/disc) 10.806/2.119 | lr(main/disc) 4.50e-05/1.38e-05 | cuda_peak(alloc/resv) 4.09/5.12GB | phase(train/val/raw/train_eval) 0.8/0.3/0.3/0.4s | 1.8s
2026-08-30 16:16:09 | Epoch 041/060 | loss 2.1954 | cls 1.2854 | tal -0.0817 | dual_g 0.9345 | dual_d 0.8799 | train_acc 0.9896 | train_full n/a | val_acc 1.0000 | val_f1 1.0000 | adv/moduleC 1.00/1.00 | disc_steps 3 | grad(main/disc) 7.928/2.220 | lr(main/disc) 4.50e-05/1.38e-05 | cuda_peak(alloc/resv) 4.09/5.12GB | phase(train/val/raw/train_eval) 0.8/0.3/0.0/0.0s | 1.1s
2026-08-30 16:16:10 | Epoch 042/060 | loss 2.3079 | cls 1.3745 | tal -0.1507 | dual_g 0.9785 | dual_d 0.7711 | train_acc 0.9896 | train_full n/a | val_acc 1.0000 | val_f1 1.0000 | adv/moduleC 1.00/1.00 | disc_steps 3 | grad(main/disc) 11.044/2.012 | lr(main/disc) 4.50e-05/1.38e-05 | cuda_peak(alloc/resv) 4.09/5.12GB | phase(train/val/raw/train_eval) 0.9/0.3/0.0/0.0s | 1.3s
2026-08-30 16:16:10 | Early stopping at epoch 42 after 12 epochs without val_f1_macro_present improvement.
2026-08-30 16:16:10 | Training complete. Peak validation accuracy: 1.0000 | selected val_f1_macro_present: 1.0000
