2026-08-27 13:26:47 | Starting Dual_D standalone training
2026-08-27 13:26:47 | Run directory: runs/module_c_ablation_60_v5/module_c_20260827_121947/module_c_no_cycle_逆光_20260827_130927
2026-08-27 13:26:47 | Device: cuda
2026-08-27 13:26:47 | Source train samples: 992
2026-08-27 13:26:47 | Target train samples: 132
2026-08-27 13:26:47 | Target val samples: 37
2026-08-27 13:26:47 | Classes: 14
2026-08-27 13:26:47 | Data audit: same_dir=False | path_overlap(vis/ir/ais)=0/0/0 | content_overlap(vis/ir/ais)=0/0/0 | ais_index_overlap=0 | stem_mismatch(vis-ir/vis-ais)=157/0
2026-08-27 13:26:47 | source_train classes: present 14/14 | absent 0 | counts [0:120, 1:44, 2:69, 3:45, 4:40, 5:30, 6:64, 7:80, 8:116, 9:68, 10:57, 11:83, 12:48, 13:128]
2026-08-27 13:26:47 | target_train classes: present 9/14 | absent 5 | counts [0:20, 2:12, 4:12, 5:2, 9:16, 10:16, 11:29, 12:4, 13:21]
2026-08-27 13:26:47 | target_val classes: present 9/14 | absent 5 | counts [0:6, 2:3, 4:4, 5:1, 9:4, 10:4, 11:8, 12:1, 13:6]
2026-08-27 13:26:47 | Paired training classes: 9/14 | class ids [0, 2, 4, 5, 9, 10, 11, 12, 13]
2026-08-27 13:26:47 | Runtime profile: batch=92 | paired_steps=3 | workers=16 | train_eval_every=5 | raw_eval_every=5 | early_stop=15 after min_epoch=25
2026-08-27 13:26:47 | VIS/IR pairing: class-level-unpaired | count-mismatch classes train/val: 10/1 | AIS alignment: none | AIS rows train/val: 0/0
2026-08-27 13:26:48 | Model parameters: total=17277714 | trainable=17120210
2026-08-27 13:26:53 | Epoch 001/060 | loss 5.3859 | cls 5.4598 | tal -0.2464 | dual_g 0.0000 | dual_d 0.0000 | train_acc 0.0435 | train_full 0.1212 | val_acc 0.1892 | val_f1 0.0984 | adv/moduleC 0.00/0.00 | disc_steps 0 | grad(main/disc) 15.868/0.000 | lr(main/disc) 7.00e-05/3.50e-05 | cuda_peak(alloc/resv) 21.77/28.18GB | phase(train/val/raw/train_eval) 3.6/0.5/0.5/0.7s | 5.3s
2026-08-27 13:26:56 | New best val_f1_macro_present: 0.0984 at epoch 1
2026-08-27 13:27:00 | Epoch 002/060 | loss 4.8803 | cls 4.8632 | tal 0.0570 | dual_g 0.0000 | dual_d 0.0000 | train_acc 0.1123 | train_full n/a | val_acc 0.1892 | val_f1 0.0944 | adv/moduleC 0.00/0.00 | disc_steps 0 | grad(main/disc) 13.651/0.000 | lr(main/disc) 7.00e-05/3.50e-05 | cuda_peak(alloc/resv) 21.77/28.18GB | phase(train/val/raw/train_eval) 3.2/0.5/0.0/0.0s | 3.7s
2026-08-27 13:27:04 | Epoch 003/060 | loss 4.4435 | cls 4.4216 | tal 0.0728 | dual_g 0.0000 | dual_d 0.0000 | train_acc 0.1957 | train_full n/a | val_acc 0.1892 | val_f1 0.1423 | adv/moduleC 0.00/0.00 | disc_steps 0 | grad(main/disc) 12.023/0.000 | lr(main/disc) 7.00e-05/3.50e-05 | cuda_peak(alloc/resv) 21.77/28.18GB | phase(train/val/raw/train_eval) 3.1/0.5/0.5/0.0s | 4.0s
2026-08-27 13:27:06 | New best val_f1_macro_present: 0.1423 at epoch 3
2026-08-27 13:27:10 | Epoch 004/060 | loss 4.0718 | cls 4.0504 | tal 0.0714 | dual_g 0.0000 | dual_d 0.0000 | train_acc 0.2899 | train_full n/a | val_acc 0.1351 | val_f1 0.0926 | adv/moduleC 0.00/0.00 | disc_steps 0 | grad(main/disc) 11.235/0.000 | lr(main/disc) 7.00e-05/3.50e-05 | cuda_peak(alloc/resv) 21.77/28.18GB | phase(train/val/raw/train_eval) 2.9/0.5/0.0/0.0s | 3.4s
2026-08-27 13:27:15 | Epoch 005/060 | loss 3.7901 | cls 3.7969 | tal -0.0227 | dual_g 0.0000 | dual_d 0.0000 | train_acc 0.3442 | train_full 0.2121 | val_acc 0.1622 | val_f1 0.1085 | adv/moduleC 0.00/0.00 | disc_steps 0 | grad(main/disc) 10.557/0.000 | lr(main/disc) 7.00e-05/3.50e-05 | cuda_peak(alloc/resv) 21.77/28.18GB | phase(train/val/raw/train_eval) 3.3/0.5/0.5/0.7s | 5.0s
2026-08-27 13:27:19 | Epoch 006/060 | loss 3.7765 | cls 3.5226 | tal 0.0090 | dual_g 0.2512 | dual_d 0.8258 | train_acc 0.3804 | train_full n/a | val_acc 0.2973 | val_f1 0.3080 | adv/moduleC 0.05/0.10 | disc_steps 1 | grad(main/disc) 10.042/1.819 | lr(main/disc) 7.00e-05/3.50e-05 | cuda_peak(alloc/resv) 21.77/28.18GB | phase(train/val/raw/train_eval) 3.0/0.5/0.5/0.0s | 4.0s
2026-08-27 13:27:21 | New best val_f1_macro_present: 0.3080 at epoch 6
2026-08-27 13:27:25 | Epoch 007/060 | loss 3.8290 | cls 3.3881 | tal -0.0554 | dual_g 0.4575 | dual_d 0.8520 | train_acc 0.4312 | train_full n/a | val_acc 0.4865 | val_f1 0.5041 | adv/moduleC 0.10/0.20 | disc_steps 1 | grad(main/disc) 9.872/1.893 | lr(main/disc) 7.00e-05/3.50e-05 | cuda_peak(alloc/resv) 21.77/28.18GB | phase(train/val/raw/train_eval) 3.1/0.5/0.5/0.0s | 4.0s
2026-08-27 13:27:28 | New best val_f1_macro_present: 0.5041 at epoch 7
2026-08-27 13:27:32 | Epoch 008/060 | loss 3.7658 | cls 3.1107 | tal -0.0624 | dual_g 0.6739 | dual_d 0.7839 | train_acc 0.5181 | train_full n/a | val_acc 0.7027 | val_f1 0.7776 | adv/moduleC 0.15/0.30 | disc_steps 1 | grad(main/disc) 9.573/1.696 | lr(main/disc) 7.00e-05/3.50e-05 | cuda_peak(alloc/resv) 21.77/28.18GB | phase(train/val/raw/train_eval) 3.1/0.5/0.5/0.0s | 4.0s
2026-08-27 13:27:35 | New best val_f1_macro_present: 0.7776 at epoch 8
2026-08-27 13:27:39 | Epoch 009/060 | loss 3.8815 | cls 3.0369 | tal -0.0827 | dual_g 0.8695 | dual_d 0.7578 | train_acc 0.4746 | train_full n/a | val_acc 0.8108 | val_f1 0.8581 | adv/moduleC 0.20/0.40 | disc_steps 1 | grad(main/disc) 10.002/1.672 | lr(main/disc) 7.00e-05/3.50e-05 | cuda_peak(alloc/resv) 21.77/28.18GB | phase(train/val/raw/train_eval) 2.8/0.5/0.5/0.0s | 3.8s
2026-08-27 13:27:41 | New best val_f1_macro_present: 0.8581 at epoch 9
2026-08-27 13:27:46 | Epoch 010/060 | loss 3.8986 | cls 2.9164 | tal -0.0785 | dual_g 1.0057 | dual_d 0.7655 | train_acc 0.5688 | train_full 0.8333 | val_acc 0.8919 | val_f1 0.9090 | adv/moduleC 0.25/0.50 | disc_steps 1 | grad(main/disc) 10.176/1.561 | lr(main/disc) 7.00e-05/3.50e-05 | cuda_peak(alloc/resv) 21.77/28.18GB | phase(train/val/raw/train_eval) 3.1/0.5/0.5/0.7s | 4.8s
2026-08-27 13:27:49 | New best val_f1_macro_present: 0.9090 at epoch 10
2026-08-27 13:27:52 | Epoch 011/060 | loss 3.8291 | cls 2.6790 | tal -0.0560 | dual_g 1.1670 | dual_d 0.7539 | train_acc 0.6087 | train_full n/a | val_acc 0.8919 | val_f1 0.9079 | adv/moduleC 0.30/0.60 | disc_steps 1 | grad(main/disc) 9.279/1.544 | lr(main/disc) 7.00e-05/3.50e-05 | cuda_peak(alloc/resv) 21.77/28.18GB | phase(train/val/raw/train_eval) 3.0/0.5/0.0/0.0s | 3.5s
2026-08-27 13:27:56 | Epoch 012/060 | loss 3.9930 | cls 2.6755 | tal -0.0189 | dual_g 1.3232 | dual_d 0.7561 | train_acc 0.6087 | train_full n/a | val_acc 0.9459 | val_f1 0.9556 | adv/moduleC 0.35/0.70 | disc_steps 1 | grad(main/disc) 9.775/1.511 | lr(main/disc) 7.00e-05/3.50e-05 | cuda_peak(alloc/resv) 21.77/28.18GB | phase(train/val/raw/train_eval) 3.1/0.5/0.5/0.0s | 4.0s
2026-08-27 13:27:59 | New best val_f1_macro_present: 0.9556 at epoch 12
2026-08-27 13:28:03 | Epoch 013/060 | loss 3.9271 | cls 2.5155 | tal -0.0138 | dual_g 1.4158 | dual_d 0.7562 | train_acc 0.6123 | train_full n/a | val_acc 0.9189 | val_f1 0.9358 | adv/moduleC 0.40/0.80 | disc_steps 1 | grad(main/disc) 9.475/1.487 | lr(main/disc) 7.00e-05/3.50e-05 | cuda_peak(alloc/resv) 21.77/28.18GB | phase(train/val/raw/train_eval) 3.0/0.5/0.0/0.0s | 3.5s
2026-08-27 13:28:06 | Epoch 014/060 | loss 3.9660 | cls 2.4346 | tal -0.0243 | dual_g 1.5386 | dual_d 0.8010 | train_acc 0.6304 | train_full n/a | val_acc 0.9189 | val_f1 0.9299 | adv/moduleC 0.45/0.90 | disc_steps 1 | grad(main/disc) 9.902/1.636 | lr(main/disc) 7.00e-05/3.50e-05 | cuda_peak(alloc/resv) 21.77/28.18GB | phase(train/val/raw/train_eval) 2.9/0.5/0.0/0.0s | 3.3s
2026-08-27 13:28:11 | Epoch 015/060 | loss 4.0041 | cls 2.3361 | tal 0.0207 | dual_g 1.6618 | dual_d 0.7693 | train_acc 0.7428 | train_full 0.9242 | val_acc 0.8919 | val_f1 0.9002 | adv/moduleC 0.50/1.00 | disc_steps 1 | grad(main/disc) 9.748/1.517 | lr(main/disc) 7.00e-05/3.50e-05 | cuda_peak(alloc/resv) 21.77/28.18GB | phase(train/val/raw/train_eval) 3.3/0.5/0.5/0.7s | 4.9s
2026-08-27 13:28:15 | Epoch 016/060 | loss 3.7785 | cls 2.1688 | tal 0.0205 | dual_g 1.6035 | dual_d 0.8171 | train_acc 0.7174 | train_full n/a | val_acc 0.9459 | val_f1 0.9578 | adv/moduleC 0.55/1.00 | disc_steps 1 | grad(main/disc) 9.956/1.521 | lr(main/disc) 7.00e-05/3.50e-05 | cuda_peak(alloc/resv) 21.77/28.18GB | phase(train/val/raw/train_eval) 3.0/0.5/0.5/0.0s | 4.0s
2026-08-27 13:28:17 | New best val_f1_macro_present: 0.9578 at epoch 16
2026-08-27 13:28:21 | Epoch 017/060 | loss 3.7057 | cls 2.1415 | tal 0.0164 | dual_g 1.5592 | dual_d 0.8246 | train_acc 0.7246 | train_full n/a | val_acc 0.9459 | val_f1 0.9578 | adv/moduleC 0.60/1.00 | disc_steps 1 | grad(main/disc) 9.577/1.513 | lr(main/disc) 7.00e-05/3.50e-05 | cuda_peak(alloc/resv) 21.77/28.18GB | phase(train/val/raw/train_eval) 2.8/0.5/0.0/0.0s | 3.2s
2026-08-27 13:28:24 | Epoch 018/060 | loss 3.6149 | cls 2.0928 | tal 0.0968 | dual_g 1.4931 | dual_d 0.7783 | train_acc 0.7355 | train_full n/a | val_acc 0.9189 | val_f1 0.9299 | adv/moduleC 0.65/1.00 | disc_steps 1 | grad(main/disc) 9.604/1.489 | lr(main/disc) 7.00e-05/3.50e-05 | cuda_peak(alloc/resv) 21.77/28.18GB | phase(train/val/raw/train_eval) 3.2/0.5/0.0/0.0s | 3.7s
2026-08-27 13:28:28 | Epoch 019/060 | loss 3.6664 | cls 2.1032 | tal 0.0766 | dual_g 1.5402 | dual_d 0.8016 | train_acc 0.7717 | train_full n/a | val_acc 0.9459 | val_f1 0.9458 | adv/moduleC 0.70/1.00 | disc_steps 1 | grad(main/disc) 10.071/1.441 | lr(main/disc) 7.00e-05/3.50e-05 | cuda_peak(alloc/resv) 21.77/28.18GB | phase(train/val/raw/train_eval) 3.1/0.5/0.0/0.0s | 3.6s
2026-08-27 13:28:33 | Epoch 020/060 | loss 3.4039 | cls 1.9664 | tal 0.0573 | dual_g 1.4203 | dual_d 0.8332 | train_acc 0.7935 | train_full 0.9773 | val_acc 0.9730 | val_f1 0.9776 | adv/moduleC 0.75/1.00 | disc_steps 1 | grad(main/disc) 9.010/1.463 | lr(main/disc) 7.00e-05/3.50e-05 | cuda_peak(alloc/resv) 21.77/28.18GB | phase(train/val/raw/train_eval) 3.0/0.5/0.5/0.7s | 4.7s
2026-08-27 13:28:35 | New best val_f1_macro_present: 0.9776 at epoch 20
2026-08-27 13:28:39 | Epoch 021/060 | loss 3.3916 | cls 1.9314 | tal -0.0208 | dual_g 1.4664 | dual_d 0.8436 | train_acc 0.8043 | train_full n/a | val_acc 0.9189 | val_f1 0.9053 | adv/moduleC 0.80/1.00 | disc_steps 1 | grad(main/disc) 9.800/1.434 | lr(main/disc) 7.00e-05/3.50e-05 | cuda_peak(alloc/resv) 21.77/28.18GB | phase(train/val/raw/train_eval) 2.9/0.5/0.0/0.0s | 3.4s
2026-08-27 13:28:43 | Epoch 022/060 | loss 3.4002 | cls 1.9599 | tal -0.0146 | dual_g 1.4447 | dual_d 0.8401 | train_acc 0.8478 | train_full n/a | val_acc 0.9730 | val_f1 0.9802 | adv/moduleC 0.85/1.00 | disc_steps 1 | grad(main/disc) 10.681/1.483 | lr(main/disc) 7.00e-05/3.50e-05 | cuda_peak(alloc/resv) 21.77/28.18GB | phase(train/val/raw/train_eval) 3.0/0.5/0.5/0.0s | 4.0s
2026-08-27 13:28:45 | New best val_f1_macro_present: 0.9802 at epoch 22
2026-08-27 13:28:49 | Epoch 023/060 | loss 3.3145 | cls 1.9036 | tal -0.0554 | dual_g 1.4276 | dual_d 0.8216 | train_acc 0.7935 | train_full n/a | val_acc 0.9459 | val_f1 0.9485 | adv/moduleC 0.90/1.00 | disc_steps 1 | grad(main/disc) 8.867/1.516 | lr(main/disc) 7.00e-05/3.50e-05 | cuda_peak(alloc/resv) 21.77/28.18GB | phase(train/val/raw/train_eval) 2.8/0.5/0.0/0.0s | 3.3s
2026-08-27 13:28:52 | Epoch 024/060 | loss 3.1089 | cls 1.8121 | tal -0.0344 | dual_g 1.3071 | dual_d 0.8421 | train_acc 0.8442 | train_full n/a | val_acc 0.9459 | val_f1 0.9523 | adv/moduleC 0.95/1.00 | disc_steps 1 | grad(main/disc) 9.290/1.477 | lr(main/disc) 7.00e-05/3.50e-05 | cuda_peak(alloc/resv) 21.77/28.18GB | phase(train/val/raw/train_eval) 3.1/0.5/0.0/0.0s | 3.6s
2026-08-27 13:28:57 | Epoch 025/060 | loss 3.1181 | cls 1.8023 | tal -0.0459 | dual_g 1.3296 | dual_d 0.7883 | train_acc 0.8623 | train_full 0.9848 | val_acc 0.9730 | val_f1 0.9802 | adv/moduleC 1.00/1.00 | disc_steps 1 | grad(main/disc) 8.951/1.398 | lr(main/disc) 7.00e-05/3.50e-05 | cuda_peak(alloc/resv) 21.77/28.18GB | phase(train/val/raw/train_eval) 2.6/0.5/0.5/0.7s | 4.3s
2026-08-27 13:29:00 | Epoch 026/060 | loss 2.9476 | cls 1.6997 | tal -0.0371 | dual_g 1.2590 | dual_d 0.8498 | train_acc 0.8732 | train_full n/a | val_acc 0.9730 | val_f1 0.9802 | adv/moduleC 1.00/1.00 | disc_steps 1 | grad(main/disc) 8.489/1.405 | lr(main/disc) 7.00e-05/3.50e-05 | cuda_peak(alloc/resv) 21.77/28.18GB | phase(train/val/raw/train_eval) 3.1/0.5/0.0/0.0s | 3.6s
2026-08-27 13:29:04 | Epoch 027/060 | loss 2.9706 | cls 1.7165 | tal -0.0703 | dual_g 1.2752 | dual_d 0.8620 | train_acc 0.8986 | train_full n/a | val_acc 0.9459 | val_f1 0.9578 | adv/moduleC 1.00/1.00 | disc_steps 1 | grad(main/disc) 9.477/1.494 | lr(main/disc) 7.00e-05/3.50e-05 | cuda_peak(alloc/resv) 21.77/28.18GB | phase(train/val/raw/train_eval) 3.1/0.5/0.0/0.0s | 3.6s
2026-08-27 13:29:07 | Epoch 028/060 | loss 2.9653 | cls 1.7012 | tal -0.0392 | dual_g 1.2758 | dual_d 0.8411 | train_acc 0.8841 | train_full n/a | val_acc 0.9730 | val_f1 0.9802 | adv/moduleC 1.00/1.00 | disc_steps 1 | grad(main/disc) 9.299/1.456 | lr(main/disc) 7.00e-05/3.50e-05 | cuda_peak(alloc/resv) 21.77/28.18GB | phase(train/val/raw/train_eval) 3.3/0.5/0.0/0.0s | 3.7s
2026-08-27 13:29:11 | Epoch 029/060 | loss 2.8851 | cls 1.6790 | tal -0.0636 | dual_g 1.2252 | dual_d 0.8486 | train_acc 0.9167 | train_full n/a | val_acc 0.9459 | val_f1 0.9578 | adv/moduleC 1.00/1.00 | disc_steps 1 | grad(main/disc) 8.585/1.475 | lr(main/disc) 3.50e-05/1.75e-05 | cuda_peak(alloc/resv) 21.77/28.18GB | phase(train/val/raw/train_eval) 3.2/0.5/0.0/0.0s | 3.7s
2026-08-27 13:29:15 | Epoch 030/060 | loss 2.8327 | cls 1.6294 | tal -0.0168 | dual_g 1.2084 | dual_d 0.8411 | train_acc 0.9022 | train_full 0.9924 | val_acc 0.9459 | val_f1 0.9578 | adv/moduleC 1.00/1.00 | disc_steps 1 | grad(main/disc) 7.498/1.343 | lr(main/disc) 3.50e-05/1.75e-05 | cuda_peak(alloc/resv) 21.77/28.18GB | phase(train/val/raw/train_eval) 2.8/0.5/0.5/0.7s | 4.4s
2026-08-27 13:29:19 | Epoch 031/060 | loss 2.7679 | cls 1.6041 | tal -0.0286 | dual_g 1.1724 | dual_d 0.8834 | train_acc 0.9167 | train_full n/a | val_acc 0.9459 | val_f1 0.9578 | adv/moduleC 1.00/1.00 | disc_steps 1 | grad(main/disc) 7.706/1.415 | lr(main/disc) 3.50e-05/1.75e-05 | cuda_peak(alloc/resv) 21.77/28.18GB | phase(train/val/raw/train_eval) 2.8/0.5/0.0/0.0s | 3.2s
2026-08-27 13:29:22 | Epoch 032/060 | loss 2.7945 | cls 1.6058 | tal -0.0600 | dual_g 1.2066 | dual_d 0.8761 | train_acc 0.9094 | train_full n/a | val_acc 0.9730 | val_f1 0.9802 | adv/moduleC 1.00/1.00 | disc_steps 1 | grad(main/disc) 7.465/1.372 | lr(main/disc) 3.50e-05/1.75e-05 | cuda_peak(alloc/resv) 21.77/28.18GB | phase(train/val/raw/train_eval) 2.8/0.5/0.0/0.0s | 3.3s
2026-08-27 13:29:25 | Epoch 033/060 | loss 2.7793 | cls 1.6176 | tal -0.0522 | dual_g 1.1773 | dual_d 0.8060 | train_acc 0.9348 | train_full n/a | val_acc 0.9730 | val_f1 0.9802 | adv/moduleC 1.00/1.00 | disc_steps 1 | grad(main/disc) 8.254/1.376 | lr(main/disc) 3.50e-05/1.75e-05 | cuda_peak(alloc/resv) 21.77/28.18GB | phase(train/val/raw/train_eval) 2.6/0.5/0.0/0.0s | 3.1s
2026-08-27 13:29:28 | Epoch 034/060 | loss 2.7441 | cls 1.5862 | tal -0.0050 | dual_g 1.1594 | dual_d 0.9250 | train_acc 0.9239 | train_full n/a | val_acc 0.9730 | val_f1 0.9802 | adv/moduleC 1.00/1.00 | disc_steps 1 | grad(main/disc) 8.215/1.466 | lr(main/disc) 3.50e-05/1.75e-05 | cuda_peak(alloc/resv) 21.77/28.18GB | phase(train/val/raw/train_eval) 2.9/0.5/0.0/0.0s | 3.4s
2026-08-27 13:29:33 | Epoch 035/060 | loss 2.6869 | cls 1.5319 | tal -0.0106 | dual_g 1.1582 | dual_d 0.9082 | train_acc 0.9203 | train_full 1.0000 | val_acc 0.9730 | val_f1 0.9802 | adv/moduleC 1.00/1.00 | disc_steps 1 | grad(main/disc) 7.379/1.371 | lr(main/disc) 3.50e-05/1.75e-05 | cuda_peak(alloc/resv) 21.77/28.18GB | phase(train/val/raw/train_eval) 3.0/0.5/0.5/0.7s | 4.7s
2026-08-27 13:29:37 | Epoch 036/060 | loss 2.6450 | cls 1.5192 | tal -0.0036 | dual_g 1.1269 | dual_d 0.8909 | train_acc 0.9348 | train_full n/a | val_acc 0.9730 | val_f1 0.9802 | adv/moduleC 1.00/1.00 | disc_steps 1 | grad(main/disc) 7.536/1.410 | lr(main/disc) 1.75e-05/8.75e-06 | cuda_peak(alloc/resv) 21.77/28.18GB | phase(train/val/raw/train_eval) 2.8/0.5/0.0/0.0s | 3.3s
2026-08-27 13:29:40 | Epoch 037/060 | loss 2.6290 | cls 1.5063 | tal -0.0369 | dual_g 1.1338 | dual_d 0.9169 | train_acc 0.9457 | train_full n/a | val_acc 0.9730 | val_f1 0.9802 | adv/moduleC 1.00/1.00 | disc_steps 1 | grad(main/disc) 7.427/1.396 | lr(main/disc) 1.75e-05/8.75e-06 | cuda_peak(alloc/resv) 21.77/28.18GB | phase(train/val/raw/train_eval) 3.4/0.5/0.0/0.0s | 3.9s
2026-08-27 13:29:40 | Early stopping at epoch 37 after 15 epochs without val_f1_macro_present improvement.
2026-08-27 13:29:40 | Training complete. Best validation accuracy: 0.9730 | best val_f1_macro_present: 0.9802
