2026-08-27 13:22:32 | Starting Dual_D standalone training
2026-08-27 13:22:32 | Run directory: runs/module_c_ablation_60_v5/module_c_20260827_121947/module_c_no_cycle_逆光_20260827_130927
2026-08-27 13:22:32 | Device: cuda
2026-08-27 13:22:32 | Source train samples: 992
2026-08-27 13:22:32 | Target train samples: 132
2026-08-27 13:22:32 | Target val samples: 37
2026-08-27 13:22:32 | Classes: 14
2026-08-27 13:22:32 | Data audit: same_dir=False | path_overlap(vis/ir/ais)=0/0/0 | content_overlap(vis/ir/ais)=0/0/0 | ais_index_overlap=0 | stem_mismatch(vis-ir/vis-ais)=157/0
2026-08-27 13:22:32 | source_train classes: present 14/14 | absent 0 | counts [0:120, 1:44, 2:69, 3:45, 4:40, 5:30, 6:64, 7:80, 8:116, 9:68, 10:57, 11:83, 12:48, 13:128]
2026-08-27 13:22:32 | target_train classes: present 9/14 | absent 5 | counts [0:20, 2:12, 4:12, 5:2, 9:16, 10:16, 11:29, 12:4, 13:21]
2026-08-27 13:22:32 | target_val classes: present 9/14 | absent 5 | counts [0:6, 2:3, 4:4, 5:1, 9:4, 10:4, 11:8, 12:1, 13:6]
2026-08-27 13:22:32 | Paired training classes: 9/14 | class ids [0, 2, 4, 5, 9, 10, 11, 12, 13]
2026-08-27 13:22:32 | Runtime profile: batch=92 | paired_steps=3 | workers=16 | train_eval_every=5 | raw_eval_every=5 | early_stop=15 after min_epoch=25
2026-08-27 13:22:32 | VIS/IR pairing: class-level-unpaired | count-mismatch classes train/val: 10/1 | AIS alignment: none | AIS rows train/val: 0/0
2026-08-27 13:22:33 | Model parameters: total=17277714 | trainable=17120210
2026-08-27 13:22:38 | Epoch 001/060 | loss 5.7760 | cls 5.8030 | tal -0.0900 | dual_g 0.0000 | dual_d 0.0000 | train_acc 0.0580 | train_full 0.0152 | val_acc 0.0000 | val_f1 0.0000 | adv/moduleC 0.00/0.00 | disc_steps 0 | grad(main/disc) 15.858/0.000 | lr(main/disc) 7.00e-05/3.50e-05 | cuda_peak(alloc/resv) 21.77/28.18GB | phase(train/val/raw/train_eval) 3.4/0.5/0.5/0.7s | 5.1s
2026-08-27 13:22:41 | New best val_f1_macro_present: 0.0000 at epoch 1
2026-08-27 13:22:44 | Epoch 002/060 | loss 4.9516 | cls 5.0073 | tal -0.1858 | dual_g 0.0000 | dual_d 0.0000 | train_acc 0.1196 | train_full n/a | val_acc 0.0541 | val_f1 0.0404 | adv/moduleC 0.00/0.00 | disc_steps 0 | grad(main/disc) 14.084/0.000 | lr(main/disc) 7.00e-05/3.50e-05 | cuda_peak(alloc/resv) 21.77/28.18GB | phase(train/val/raw/train_eval) 2.7/0.5/0.5/0.0s | 3.6s
2026-08-27 13:22:47 | New best val_f1_macro_present: 0.0404 at epoch 2
2026-08-27 13:22:51 | Epoch 003/060 | loss 4.4272 | cls 4.4842 | tal -0.1900 | dual_g 0.0000 | dual_d 0.0000 | train_acc 0.2210 | train_full n/a | val_acc 0.1081 | val_f1 0.0620 | adv/moduleC 0.00/0.00 | disc_steps 0 | grad(main/disc) 12.128/0.000 | lr(main/disc) 7.00e-05/3.50e-05 | cuda_peak(alloc/resv) 21.77/28.18GB | phase(train/val/raw/train_eval) 2.7/0.5/0.5/0.0s | 3.7s
2026-08-27 13:22:53 | New best val_f1_macro_present: 0.0620 at epoch 3
2026-08-27 13:22:57 | Epoch 004/060 | loss 4.2164 | cls 4.2556 | tal -0.1308 | dual_g 0.0000 | dual_d 0.0000 | train_acc 0.2971 | train_full n/a | val_acc 0.1892 | val_f1 0.1207 | adv/moduleC 0.00/0.00 | disc_steps 0 | grad(main/disc) 11.062/0.000 | lr(main/disc) 7.00e-05/3.50e-05 | cuda_peak(alloc/resv) 21.77/28.18GB | phase(train/val/raw/train_eval) 2.9/0.5/0.5/0.0s | 3.9s
2026-08-27 13:23:00 | New best val_f1_macro_present: 0.1207 at epoch 4
2026-08-27 13:23:04 | Epoch 005/060 | loss 3.8642 | cls 3.9002 | tal -0.1201 | dual_g 0.0000 | dual_d 0.0000 | train_acc 0.3116 | train_full 0.2348 | val_acc 0.1892 | val_f1 0.1222 | adv/moduleC 0.00/0.00 | disc_steps 0 | grad(main/disc) 10.843/0.000 | lr(main/disc) 7.00e-05/3.50e-05 | cuda_peak(alloc/resv) 21.77/28.18GB | phase(train/val/raw/train_eval) 2.9/0.5/0.5/0.7s | 4.5s
2026-08-27 13:23:07 | New best val_f1_macro_present: 0.1222 at epoch 5
2026-08-27 13:23:11 | Epoch 006/060 | loss 3.8273 | cls 3.6064 | tal -0.0954 | dual_g 0.2496 | dual_d 0.8261 | train_acc 0.3913 | train_full n/a | val_acc 0.3784 | val_f1 0.3414 | adv/moduleC 0.05/0.10 | disc_steps 1 | grad(main/disc) 9.764/1.591 | lr(main/disc) 7.00e-05/3.50e-05 | cuda_peak(alloc/resv) 21.77/28.18GB | phase(train/val/raw/train_eval) 3.0/0.5/0.5/0.0s | 3.9s
2026-08-27 13:23:14 | New best val_f1_macro_present: 0.3414 at epoch 6
2026-08-27 13:23:17 | Epoch 007/060 | loss 3.8919 | cls 3.4569 | tal -0.1612 | dual_g 0.4834 | dual_d 0.8509 | train_acc 0.3225 | train_full n/a | val_acc 0.4595 | val_f1 0.4233 | adv/moduleC 0.10/0.20 | disc_steps 1 | grad(main/disc) 10.130/1.739 | lr(main/disc) 7.00e-05/3.50e-05 | cuda_peak(alloc/resv) 21.77/28.18GB | phase(train/val/raw/train_eval) 2.9/0.5/0.5/0.0s | 3.8s
2026-08-27 13:23:20 | New best val_f1_macro_present: 0.4233 at epoch 7
2026-08-27 13:23:24 | Epoch 008/060 | loss 3.9066 | cls 3.2996 | tal -0.2192 | dual_g 0.6728 | dual_d 0.8161 | train_acc 0.4094 | train_full n/a | val_acc 0.4595 | val_f1 0.4722 | adv/moduleC 0.15/0.30 | disc_steps 1 | grad(main/disc) 9.815/1.638 | lr(main/disc) 7.00e-05/3.50e-05 | cuda_peak(alloc/resv) 21.77/28.18GB | phase(train/val/raw/train_eval) 3.2/0.5/0.5/0.0s | 4.1s
2026-08-27 13:23:27 | New best val_f1_macro_present: 0.4722 at epoch 8
2026-08-27 13:23:31 | Epoch 009/060 | loss 3.9698 | cls 3.1531 | tal -0.1966 | dual_g 0.8757 | dual_d 0.8241 | train_acc 0.4565 | train_full n/a | val_acc 0.5946 | val_f1 0.5765 | adv/moduleC 0.20/0.40 | disc_steps 1 | grad(main/disc) 10.384/1.590 | lr(main/disc) 7.00e-05/3.50e-05 | cuda_peak(alloc/resv) 21.77/28.18GB | phase(train/val/raw/train_eval) 2.8/0.5/0.5/0.0s | 3.7s
2026-08-27 13:23:34 | New best val_f1_macro_present: 0.5765 at epoch 9
2026-08-27 13:23:38 | Epoch 010/060 | loss 3.7719 | cls 2.8122 | tal -0.2288 | dual_g 1.0283 | dual_d 0.7782 | train_acc 0.5072 | train_full 0.6818 | val_acc 0.6486 | val_f1 0.7099 | adv/moduleC 0.25/0.50 | disc_steps 1 | grad(main/disc) 9.298/1.539 | lr(main/disc) 7.00e-05/3.50e-05 | cuda_peak(alloc/resv) 21.77/28.18GB | phase(train/val/raw/train_eval) 3.0/0.5/0.5/0.7s | 4.7s
2026-08-27 13:23:41 | New best val_f1_macro_present: 0.7099 at epoch 10
2026-08-27 13:23:45 | Epoch 011/060 | loss 3.7985 | cls 2.6997 | tal -0.2222 | dual_g 1.1655 | dual_d 0.7909 | train_acc 0.5652 | train_full n/a | val_acc 0.7568 | val_f1 0.7983 | adv/moduleC 0.30/0.60 | disc_steps 1 | grad(main/disc) 9.504/1.547 | lr(main/disc) 7.00e-05/3.50e-05 | cuda_peak(alloc/resv) 21.77/28.18GB | phase(train/val/raw/train_eval) 3.1/0.5/0.5/0.0s | 4.0s
2026-08-27 13:23:48 | New best val_f1_macro_present: 0.7983 at epoch 11
2026-08-27 13:23:51 | Epoch 012/060 | loss 3.7609 | cls 2.5611 | tal -0.2537 | dual_g 1.2759 | dual_d 0.8344 | train_acc 0.5978 | train_full n/a | val_acc 0.7838 | val_f1 0.8135 | adv/moduleC 0.35/0.70 | disc_steps 1 | grad(main/disc) 9.189/1.529 | lr(main/disc) 7.00e-05/3.50e-05 | cuda_peak(alloc/resv) 21.77/28.18GB | phase(train/val/raw/train_eval) 2.6/0.5/0.5/0.0s | 3.6s
2026-08-27 13:23:54 | New best val_f1_macro_present: 0.8135 at epoch 12
2026-08-27 13:23:57 | Epoch 013/060 | loss 3.8887 | cls 2.4972 | tal -0.2312 | dual_g 1.4608 | dual_d 0.7293 | train_acc 0.6558 | train_full n/a | val_acc 0.7838 | val_f1 0.8135 | adv/moduleC 0.40/0.80 | disc_steps 1 | grad(main/disc) 9.377/1.425 | lr(main/disc) 7.00e-05/3.50e-05 | cuda_peak(alloc/resv) 21.77/28.18GB | phase(train/val/raw/train_eval) 2.8/0.5/0.0/0.0s | 3.3s
2026-08-27 13:24:01 | Epoch 014/060 | loss 3.9131 | cls 2.4469 | tal -0.2404 | dual_g 1.5384 | dual_d 0.8122 | train_acc 0.6341 | train_full n/a | val_acc 0.7838 | val_f1 0.8135 | adv/moduleC 0.45/0.90 | disc_steps 1 | grad(main/disc) 9.871/1.452 | lr(main/disc) 7.00e-05/3.50e-05 | cuda_peak(alloc/resv) 21.77/28.18GB | phase(train/val/raw/train_eval) 2.9/0.5/0.0/0.0s | 3.3s
2026-08-27 13:24:05 | Epoch 015/060 | loss 3.9771 | cls 2.3400 | tal -0.1661 | dual_g 1.6869 | dual_d 0.8006 | train_acc 0.6667 | train_full 0.9091 | val_acc 0.8378 | val_f1 0.8629 | adv/moduleC 0.50/1.00 | disc_steps 1 | grad(main/disc) 9.978/1.473 | lr(main/disc) 7.00e-05/3.50e-05 | cuda_peak(alloc/resv) 21.77/28.18GB | phase(train/val/raw/train_eval) 2.9/0.5/0.5/0.7s | 4.6s
2026-08-27 13:24:08 | New best val_f1_macro_present: 0.8629 at epoch 15
2026-08-27 13:24:12 | Epoch 016/060 | loss 3.8604 | cls 2.2863 | tal -0.0978 | dual_g 1.6035 | dual_d 0.7969 | train_acc 0.6558 | train_full n/a | val_acc 0.8649 | val_f1 0.8829 | adv/moduleC 0.55/1.00 | disc_steps 1 | grad(main/disc) 9.875/1.427 | lr(main/disc) 7.00e-05/3.50e-05 | cuda_peak(alloc/resv) 21.77/28.18GB | phase(train/val/raw/train_eval) 3.0/0.5/0.5/0.0s | 3.9s
2026-08-27 13:24:15 | New best val_f1_macro_present: 0.8829 at epoch 16
2026-08-27 13:24:19 | Epoch 017/060 | loss 3.8326 | cls 2.2526 | tal -0.1318 | dual_g 1.6196 | dual_d 0.7728 | train_acc 0.7355 | train_full n/a | val_acc 0.8919 | val_f1 0.9118 | adv/moduleC 0.60/1.00 | disc_steps 1 | grad(main/disc) 10.838/1.383 | lr(main/disc) 7.00e-05/3.50e-05 | cuda_peak(alloc/resv) 21.77/28.18GB | phase(train/val/raw/train_eval) 3.5/0.5/0.5/0.0s | 4.4s
2026-08-27 13:24:22 | New best val_f1_macro_present: 0.9118 at epoch 17
2026-08-27 13:24:26 | Epoch 018/060 | loss 3.7399 | cls 2.2263 | tal -0.1600 | dual_g 1.5617 | dual_d 0.8098 | train_acc 0.7355 | train_full n/a | val_acc 0.9189 | val_f1 0.9396 | adv/moduleC 0.65/1.00 | disc_steps 1 | grad(main/disc) 10.834/1.463 | lr(main/disc) 7.00e-05/3.50e-05 | cuda_peak(alloc/resv) 21.77/28.18GB | phase(train/val/raw/train_eval) 3.0/0.5/0.5/0.0s | 3.9s
2026-08-27 13:24:29 | New best val_f1_macro_present: 0.9396 at epoch 18
2026-08-27 13:24:32 | Epoch 019/060 | loss 3.5289 | cls 2.1035 | tal -0.1452 | dual_g 1.4690 | dual_d 0.8049 | train_acc 0.7246 | train_full n/a | val_acc 0.9189 | val_f1 0.9161 | adv/moduleC 0.70/1.00 | disc_steps 1 | grad(main/disc) 10.293/1.439 | lr(main/disc) 7.00e-05/3.50e-05 | cuda_peak(alloc/resv) 21.77/28.18GB | phase(train/val/raw/train_eval) 2.7/0.5/0.0/0.0s | 3.1s
2026-08-27 13:24:37 | Epoch 020/060 | loss 3.4274 | cls 2.0005 | tal -0.0871 | dual_g 1.4531 | dual_d 0.7909 | train_acc 0.7536 | train_full 0.9621 | val_acc 0.9189 | val_f1 0.9358 | adv/moduleC 0.75/1.00 | disc_steps 1 | grad(main/disc) 9.658/1.412 | lr(main/disc) 7.00e-05/3.50e-05 | cuda_peak(alloc/resv) 21.77/28.18GB | phase(train/val/raw/train_eval) 3.3/0.5/0.5/0.7s | 4.9s
2026-08-27 13:24:40 | Epoch 021/060 | loss 3.4280 | cls 2.0056 | tal -0.0565 | dual_g 1.4394 | dual_d 0.8462 | train_acc 0.7681 | train_full n/a | val_acc 0.9459 | val_f1 0.9578 | adv/moduleC 0.80/1.00 | disc_steps 1 | grad(main/disc) 9.704/1.456 | lr(main/disc) 7.00e-05/3.50e-05 | cuda_peak(alloc/resv) 21.77/28.18GB | phase(train/val/raw/train_eval) 2.8/0.5/0.5/0.0s | 3.8s
2026-08-27 13:24:43 | New best val_f1_macro_present: 0.9578 at epoch 21
2026-08-27 13:24:46 | Epoch 022/060 | loss 3.3268 | cls 1.9224 | tal -0.0783 | dual_g 1.4279 | dual_d 0.8534 | train_acc 0.7862 | train_full n/a | val_acc 0.9189 | val_f1 0.9358 | adv/moduleC 0.85/1.00 | disc_steps 1 | grad(main/disc) 10.320/1.443 | lr(main/disc) 7.00e-05/3.50e-05 | cuda_peak(alloc/resv) 21.77/28.18GB | phase(train/val/raw/train_eval) 2.8/0.5/0.0/0.0s | 3.2s
2026-08-27 13:24:50 | Epoch 023/060 | loss 3.2014 | cls 1.8615 | tal -0.0482 | dual_g 1.3543 | dual_d 0.8492 | train_acc 0.8261 | train_full n/a | val_acc 0.9459 | val_f1 0.9556 | adv/moduleC 0.90/1.00 | disc_steps 1 | grad(main/disc) 9.797/1.462 | lr(main/disc) 7.00e-05/3.50e-05 | cuda_peak(alloc/resv) 21.77/28.18GB | phase(train/val/raw/train_eval) 2.8/0.5/0.0/0.0s | 3.3s
2026-08-27 13:24:53 | Epoch 024/060 | loss 3.0312 | cls 1.7353 | tal -0.0958 | dual_g 1.3246 | dual_d 0.8041 | train_acc 0.8297 | train_full n/a | val_acc 0.9459 | val_f1 0.9578 | adv/moduleC 0.95/1.00 | disc_steps 1 | grad(main/disc) 7.319/1.355 | lr(main/disc) 7.00e-05/3.50e-05 | cuda_peak(alloc/resv) 21.77/28.18GB | phase(train/val/raw/train_eval) 2.8/0.5/0.0/0.0s | 3.3s
2026-08-27 13:24:57 | Epoch 025/060 | loss 3.0151 | cls 1.7195 | tal -0.0676 | dual_g 1.3159 | dual_d 0.8568 | train_acc 0.8949 | train_full 0.9773 | val_acc 0.9459 | val_f1 0.9578 | adv/moduleC 1.00/1.00 | disc_steps 1 | grad(main/disc) 8.960/1.390 | lr(main/disc) 7.00e-05/3.50e-05 | cuda_peak(alloc/resv) 21.77/28.18GB | phase(train/val/raw/train_eval) 2.9/0.5/0.5/0.7s | 4.6s
2026-08-27 13:25:01 | Epoch 026/060 | loss 2.8950 | cls 1.6658 | tal -0.0949 | dual_g 1.2577 | dual_d 0.8448 | train_acc 0.9130 | train_full n/a | val_acc 0.9459 | val_f1 0.9578 | adv/moduleC 1.00/1.00 | disc_steps 1 | grad(main/disc) 7.944/1.359 | lr(main/disc) 7.00e-05/3.50e-05 | cuda_peak(alloc/resv) 21.77/28.18GB | phase(train/val/raw/train_eval) 2.8/0.5/0.0/0.0s | 3.3s
2026-08-27 13:25:05 | Epoch 027/060 | loss 2.8751 | cls 1.6583 | tal -0.0728 | dual_g 1.2387 | dual_d 0.8661 | train_acc 0.9167 | train_full n/a | val_acc 0.9459 | val_f1 0.9458 | adv/moduleC 1.00/1.00 | disc_steps 1 | grad(main/disc) 8.843/1.395 | lr(main/disc) 7.00e-05/3.50e-05 | cuda_peak(alloc/resv) 21.77/28.18GB | phase(train/val/raw/train_eval) 3.3/0.5/0.0/0.0s | 3.8s
2026-08-27 13:25:08 | Epoch 028/060 | loss 2.8114 | cls 1.6061 | tal -0.0235 | dual_g 1.2123 | dual_d 0.9271 | train_acc 0.9312 | train_full n/a | val_acc 0.9459 | val_f1 0.9578 | adv/moduleC 1.00/1.00 | disc_steps 1 | grad(main/disc) 10.347/1.443 | lr(main/disc) 3.50e-05/1.75e-05 | cuda_peak(alloc/resv) 21.77/28.18GB | phase(train/val/raw/train_eval) 2.9/0.5/0.0/0.0s | 3.3s
2026-08-27 13:25:12 | Epoch 029/060 | loss 2.7940 | cls 1.6056 | tal -0.0432 | dual_g 1.2014 | dual_d 0.9004 | train_acc 0.9203 | train_full n/a | val_acc 0.9730 | val_f1 0.9776 | adv/moduleC 1.00/1.00 | disc_steps 1 | grad(main/disc) 10.244/1.506 | lr(main/disc) 3.50e-05/1.75e-05 | cuda_peak(alloc/resv) 21.77/28.18GB | phase(train/val/raw/train_eval) 2.8/0.5/0.5/0.0s | 3.8s
2026-08-27 13:25:14 | New best val_f1_macro_present: 0.9776 at epoch 29
2026-08-27 13:25:19 | Epoch 030/060 | loss 2.7967 | cls 1.6070 | tal -0.0868 | dual_g 1.2157 | dual_d 0.8085 | train_acc 0.9203 | train_full 0.9773 | val_acc 0.9730 | val_f1 0.9776 | adv/moduleC 1.00/1.00 | disc_steps 1 | grad(main/disc) 8.454/1.331 | lr(main/disc) 3.50e-05/1.75e-05 | cuda_peak(alloc/resv) 21.77/28.18GB | phase(train/val/raw/train_eval) 2.8/0.5/0.5/0.7s | 4.5s
2026-08-27 13:25:22 | Epoch 031/060 | loss 2.7969 | cls 1.6340 | tal -0.0861 | dual_g 1.1888 | dual_d 0.9395 | train_acc 0.9058 | train_full n/a | val_acc 0.9459 | val_f1 0.9578 | adv/moduleC 1.00/1.00 | disc_steps 1 | grad(main/disc) 9.311/1.433 | lr(main/disc) 3.50e-05/1.75e-05 | cuda_peak(alloc/resv) 21.77/28.18GB | phase(train/val/raw/train_eval) 2.9/0.5/0.0/0.0s | 3.4s
2026-08-27 13:25:26 | Epoch 032/060 | loss 2.7239 | cls 1.5871 | tal -0.0554 | dual_g 1.1534 | dual_d 0.8999 | train_acc 0.9167 | train_full n/a | val_acc 0.9459 | val_f1 0.9578 | adv/moduleC 1.00/1.00 | disc_steps 1 | grad(main/disc) 7.683/1.360 | lr(main/disc) 3.50e-05/1.75e-05 | cuda_peak(alloc/resv) 21.77/28.18GB | phase(train/val/raw/train_eval) 3.3/0.5/0.0/0.0s | 3.8s
2026-08-27 13:25:30 | Epoch 033/060 | loss 2.7152 | cls 1.5832 | tal -0.0504 | dual_g 1.1471 | dual_d 0.9679 | train_acc 0.9058 | train_full n/a | val_acc 0.9459 | val_f1 0.9578 | adv/moduleC 1.00/1.00 | disc_steps 1 | grad(main/disc) 7.163/1.453 | lr(main/disc) 3.50e-05/1.75e-05 | cuda_peak(alloc/resv) 21.77/28.18GB | phase(train/val/raw/train_eval) 3.1/0.5/0.0/0.0s | 3.6s
2026-08-27 13:25:33 | Epoch 034/060 | loss 2.6356 | cls 1.5457 | tal -0.1098 | dual_g 1.1228 | dual_d 0.8384 | train_acc 0.9312 | train_full n/a | val_acc 0.9459 | val_f1 0.9578 | adv/moduleC 1.00/1.00 | disc_steps 1 | grad(main/disc) 6.008/1.333 | lr(main/disc) 3.50e-05/1.75e-05 | cuda_peak(alloc/resv) 21.77/28.18GB | phase(train/val/raw/train_eval) 2.9/0.5/0.0/0.0s | 3.3s
2026-08-27 13:25:38 | Epoch 035/060 | loss 2.6664 | cls 1.5403 | tal -0.0622 | dual_g 1.1448 | dual_d 0.9438 | train_acc 0.9420 | train_full 0.9773 | val_acc 0.9730 | val_f1 0.9776 | adv/moduleC 1.00/1.00 | disc_steps 1 | grad(main/disc) 7.954/1.463 | lr(main/disc) 3.50e-05/1.75e-05 | cuda_peak(alloc/resv) 21.77/28.18GB | phase(train/val/raw/train_eval) 3.1/0.5/0.5/0.7s | 4.8s
2026-08-27 13:25:41 | Epoch 036/060 | loss 2.6536 | cls 1.5409 | tal -0.0657 | dual_g 1.1324 | dual_d 0.9304 | train_acc 0.9384 | train_full n/a | val_acc 0.9730 | val_f1 0.9776 | adv/moduleC 1.00/1.00 | disc_steps 1 | grad(main/disc) 7.883/1.438 | lr(main/disc) 1.75e-05/8.75e-06 | cuda_peak(alloc/resv) 21.77/28.18GB | phase(train/val/raw/train_eval) 2.6/0.5/0.0/0.0s | 3.1s
2026-08-27 13:25:44 | Epoch 037/060 | loss 2.6612 | cls 1.5243 | tal -0.0814 | dual_g 1.1613 | dual_d 0.8918 | train_acc 0.9457 | train_full n/a | val_acc 0.9730 | val_f1 0.9802 | adv/moduleC 1.00/1.00 | disc_steps 1 | grad(main/disc) 7.349/1.365 | lr(main/disc) 1.75e-05/8.75e-06 | cuda_peak(alloc/resv) 21.77/28.18GB | phase(train/val/raw/train_eval) 2.5/0.5/0.5/0.0s | 3.5s
2026-08-27 13:25:47 | New best val_f1_macro_present: 0.9802 at epoch 37
2026-08-27 13:25:51 | Epoch 038/060 | loss 2.5983 | cls 1.5008 | tal -0.1387 | dual_g 1.1390 | dual_d 0.9231 | train_acc 0.9529 | train_full n/a | val_acc 1.0000 | val_f1 1.0000 | adv/moduleC 1.00/1.00 | disc_steps 1 | grad(main/disc) 7.851/1.411 | lr(main/disc) 1.75e-05/8.75e-06 | cuda_peak(alloc/resv) 21.77/28.18GB | phase(train/val/raw/train_eval) 2.6/0.5/0.5/0.0s | 3.6s
2026-08-27 13:25:54 | New best val_f1_macro_present: 1.0000 at epoch 38
2026-08-27 13:25:57 | Epoch 039/060 | loss 2.5825 | cls 1.5145 | tal -0.1177 | dual_g 1.1032 | dual_d 0.9315 | train_acc 0.9601 | train_full n/a | val_acc 1.0000 | val_f1 1.0000 | adv/moduleC 1.00/1.00 | disc_steps 1 | grad(main/disc) 6.981/1.409 | lr(main/disc) 1.75e-05/8.75e-06 | cuda_peak(alloc/resv) 21.77/28.18GB | phase(train/val/raw/train_eval) 2.8/0.5/0.0/0.0s | 3.3s
2026-08-27 13:26:02 | Epoch 040/060 | loss 2.5895 | cls 1.4875 | tal -0.0628 | dual_g 1.1208 | dual_d 0.9132 | train_acc 0.9384 | train_full 0.9924 | val_acc 0.9730 | val_f1 0.9776 | adv/moduleC 1.00/1.00 | disc_steps 1 | grad(main/disc) 6.777/1.386 | lr(main/disc) 1.75e-05/8.75e-06 | cuda_peak(alloc/resv) 21.77/28.18GB | phase(train/val/raw/train_eval) 3.0/0.5/0.5/0.7s | 4.7s
2026-08-27 13:26:05 | Epoch 041/060 | loss 2.5585 | cls 1.4764 | tal -0.0572 | dual_g 1.0993 | dual_d 0.8561 | train_acc 0.9348 | train_full n/a | val_acc 0.9730 | val_f1 0.9776 | adv/moduleC 1.00/1.00 | disc_steps 1 | grad(main/disc) 6.932/1.360 | lr(main/disc) 1.75e-05/8.75e-06 | cuda_peak(alloc/resv) 21.77/28.18GB | phase(train/val/raw/train_eval) 2.8/0.5/0.0/0.0s | 3.3s
2026-08-27 13:26:08 | Epoch 042/060 | loss 2.5495 | cls 1.4812 | tal -0.0796 | dual_g 1.0921 | dual_d 0.8979 | train_acc 0.9457 | train_full n/a | val_acc 0.9730 | val_f1 0.9776 | adv/moduleC 1.00/1.00 | disc_steps 1 | grad(main/disc) 6.925/1.401 | lr(main/disc) 1.75e-05/8.75e-06 | cuda_peak(alloc/resv) 21.77/28.18GB | phase(train/val/raw/train_eval) 2.7/0.5/0.0/0.0s | 3.2s
2026-08-27 13:26:11 | Epoch 043/060 | loss 2.5968 | cls 1.5230 | tal -0.1030 | dual_g 1.1047 | dual_d 0.9009 | train_acc 0.9529 | train_full n/a | val_acc 0.9730 | val_f1 0.9776 | adv/moduleC 1.00/1.00 | disc_steps 1 | grad(main/disc) 7.276/1.351 | lr(main/disc) 1.75e-05/8.75e-06 | cuda_peak(alloc/resv) 21.77/28.18GB | phase(train/val/raw/train_eval) 2.8/0.5/0.0/0.0s | 3.3s
2026-08-27 13:26:15 | Epoch 044/060 | loss 2.5611 | cls 1.5098 | tal -0.1374 | dual_g 1.0925 | dual_d 0.8564 | train_acc 0.9493 | train_full n/a | val_acc 0.9730 | val_f1 0.9776 | adv/moduleC 1.00/1.00 | disc_steps 1 | grad(main/disc) 7.110/1.327 | lr(main/disc) 1.75e-05/8.75e-06 | cuda_peak(alloc/resv) 21.77/28.18GB | phase(train/val/raw/train_eval) 2.7/0.5/0.0/0.0s | 3.2s
2026-08-27 13:26:19 | Epoch 045/060 | loss 2.4974 | cls 1.4504 | tal -0.1107 | dual_g 1.0802 | dual_d 0.9109 | train_acc 0.9638 | train_full 0.9924 | val_acc 1.0000 | val_f1 1.0000 | adv/moduleC 1.00/1.00 | disc_steps 1 | grad(main/disc) 6.807/1.374 | lr(main/disc) 8.75e-06/4.37e-06 | cuda_peak(alloc/resv) 21.77/28.18GB | phase(train/val/raw/train_eval) 3.1/0.5/0.5/0.7s | 4.8s
2026-08-27 13:26:23 | Epoch 046/060 | loss 2.5380 | cls 1.4924 | tal -0.1288 | dual_g 1.0842 | dual_d 0.9407 | train_acc 0.9565 | train_full n/a | val_acc 1.0000 | val_f1 1.0000 | adv/moduleC 1.00/1.00 | disc_steps 1 | grad(main/disc) 6.436/1.436 | lr(main/disc) 8.75e-06/4.37e-06 | cuda_peak(alloc/resv) 21.77/28.18GB | phase(train/val/raw/train_eval) 3.0/0.5/0.0/0.0s | 3.5s
2026-08-27 13:26:26 | Epoch 047/060 | loss 2.4987 | cls 1.4473 | tal -0.0774 | dual_g 1.0746 | dual_d 0.9542 | train_acc 0.9384 | train_full n/a | val_acc 0.9730 | val_f1 0.9776 | adv/moduleC 1.00/1.00 | disc_steps 1 | grad(main/disc) 6.397/1.431 | lr(main/disc) 8.75e-06/4.37e-06 | cuda_peak(alloc/resv) 21.77/28.18GB | phase(train/val/raw/train_eval) 2.7/0.5/0.0/0.0s | 3.2s
2026-08-27 13:26:29 | Epoch 048/060 | loss 2.5231 | cls 1.4846 | tal -0.0778 | dual_g 1.0618 | dual_d 0.9213 | train_acc 0.9420 | train_full n/a | val_acc 0.9730 | val_f1 0.9776 | adv/moduleC 1.00/1.00 | disc_steps 1 | grad(main/disc) 6.424/1.415 | lr(main/disc) 8.75e-06/4.37e-06 | cuda_peak(alloc/resv) 21.77/28.18GB | phase(train/val/raw/train_eval) 2.9/0.5/0.0/0.0s | 3.4s
2026-08-27 13:26:33 | Epoch 049/060 | loss 2.4788 | cls 1.4526 | tal -0.1033 | dual_g 1.0572 | dual_d 0.9160 | train_acc 0.9710 | train_full n/a | val_acc 0.9730 | val_f1 0.9776 | adv/moduleC 1.00/1.00 | disc_steps 1 | grad(main/disc) 5.620/1.389 | lr(main/disc) 8.75e-06/4.37e-06 | cuda_peak(alloc/resv) 21.77/28.18GB | phase(train/val/raw/train_eval) 2.6/0.5/0.0/0.0s | 3.1s
2026-08-27 13:26:37 | Epoch 050/060 | loss 2.4858 | cls 1.4300 | tal -0.0780 | dual_g 1.0792 | dual_d 0.9096 | train_acc 0.9746 | train_full 0.9924 | val_acc 0.9730 | val_f1 0.9776 | adv/moduleC 1.00/1.00 | disc_steps 1 | grad(main/disc) 5.793/1.345 | lr(main/disc) 8.75e-06/4.37e-06 | cuda_peak(alloc/resv) 21.77/28.18GB | phase(train/val/raw/train_eval) 2.6/0.5/0.5/0.7s | 4.3s
2026-08-27 13:26:40 | Epoch 051/060 | loss 2.5077 | cls 1.4578 | tal -0.0848 | dual_g 1.0753 | dual_d 0.9364 | train_acc 0.9746 | train_full n/a | val_acc 0.9730 | val_f1 0.9776 | adv/moduleC 1.00/1.00 | disc_steps 1 | grad(main/disc) 6.115/1.404 | lr(main/disc) 8.75e-06/4.37e-06 | cuda_peak(alloc/resv) 21.77/28.18GB | phase(train/val/raw/train_eval) 2.8/0.5/0.0/0.0s | 3.2s
2026-08-27 13:26:44 | Epoch 052/060 | loss 2.4940 | cls 1.4481 | tal -0.0885 | dual_g 1.0724 | dual_d 0.9365 | train_acc 0.9638 | train_full n/a | val_acc 0.9730 | val_f1 0.9776 | adv/moduleC 1.00/1.00 | disc_steps 1 | grad(main/disc) 6.269/1.412 | lr(main/disc) 4.37e-06/2.19e-06 | cuda_peak(alloc/resv) 21.77/28.18GB | phase(train/val/raw/train_eval) 3.2/0.5/0.0/0.0s | 3.7s
2026-08-27 13:26:47 | Epoch 053/060 | loss 2.4464 | cls 1.4067 | tal -0.0690 | dual_g 1.0605 | dual_d 0.9589 | train_acc 0.9746 | train_full n/a | val_acc 0.9730 | val_f1 0.9776 | adv/moduleC 1.00/1.00 | disc_steps 1 | grad(main/disc) 5.816/1.413 | lr(main/disc) 4.37e-06/2.19e-06 | cuda_peak(alloc/resv) 21.77/28.18GB | phase(train/val/raw/train_eval) 2.7/0.5/0.0/0.0s | 3.2s
2026-08-27 13:26:47 | Early stopping at epoch 53 after 15 epochs without val_f1_macro_present improvement.
2026-08-27 13:26:47 | Training complete. Best validation accuracy: 1.0000 | best val_f1_macro_present: 1.0000
