2026-08-29 19:04:47 | Starting Dual_D standalone training
2026-08-29 19:04:47 | Run directory: runs/module_c_ablation_60_v7/module_c_20260829_145907/module_c_no_module_c_黑天_20260829_190447
2026-08-29 19:04:47 | Device: cuda
2026-08-29 19:04:47 | Source train samples: 992
2026-08-29 19:04:47 | Target train samples: 465
2026-08-29 19:04:47 | Target val samples: 120
2026-08-29 19:04:47 | Classes: 14
2026-08-29 19:04:47 | Data audit: same_dir=False | path_overlap(vis/ir/ais)=0/0/0 | content_overlap(vis/ir/ais)=0/0/0 | ais_index_overlap=0 | stem_mismatch(vis-ir/vis-ais)=578/0
2026-08-29 19:04:47 | source_train classes: present 14/14 | absent 0 | counts [0:120, 1:44, 2:69, 3:45, 4:40, 5:30, 6:64, 7:80, 8:116, 9:68, 10:57, 11:83, 12:48, 13:128]
2026-08-29 19:04:47 | target_train classes: present 8/14 | absent 6 | counts [0:100, 2:11, 3:16, 6:89, 9:162, 10:12, 11:44, 13:31]
2026-08-29 19:04:47 | target_val classes: present 8/14 | absent 6 | counts [0:26, 2:3, 3:5, 6:23, 9:41, 10:3, 11:11, 13:8]
2026-08-29 19:04:47 | Paired training classes: 8/14 | class ids [0, 2, 3, 6, 9, 10, 11, 13]
2026-08-29 19:04:47 | Runtime profile: batch=92 | paired_steps=6 | workers=16 | train_eval_every=5 | raw_eval_every=5 | stability_window=1 | lr_scheduler_start=24 | early_stop=15 after min_epoch=48
2026-08-29 19:04:47 | VIS/IR pairing: class-level-unpaired | count-mismatch classes train/val: 10/0 | AIS alignment: none | AIS rows train/val: 0/0
2026-08-29 19:04:48 | Effective Dual-D loss weights: {"adv_auxiliary": 0.03, "adv_primary": 0.03, "classification": 0.0, "contrastive": 0.0, "cycle": 0.0, "identity": 0.0, "prototype_contrastive": 0.0}
2026-08-29 19:04:48 | Model parameters: total=17277714 | trainable=17120210
2026-08-29 19:04:55 | Epoch 001/060 | loss 5.5814 | cls 5.5275 | tal 0.1797 | dual_g 0.0000 | dual_d 0.0000 | train_acc 0.0906 | train_full 0.0989 | val_acc 0.0667 | val_f1 0.0288 | adv/moduleC 0.00/0.00 | disc_steps 0 | grad(main/disc) 16.325/0.000 | lr(main/disc) 7.50e-05/3.00e-05 | cuda_peak(alloc/resv) 21.78/28.18GB | phase(train/val/raw/train_eval) 4.6/0.6/0.6/0.8s | 6.7s
2026-08-29 19:04:58 | New best val_f1_macro_present: raw=0.0288 stable_score=0.0288 at epoch 1
2026-08-29 19:05:02 | Epoch 002/060 | loss 4.4662 | cls 4.4389 | tal 0.0908 | dual_g 0.0000 | dual_d 0.0000 | train_acc 0.2264 | train_full n/a | val_acc 0.2167 | val_f1 0.1521 | adv/moduleC 0.00/0.00 | disc_steps 0 | grad(main/disc) 12.575/0.000 | lr(main/disc) 7.50e-05/3.00e-05 | cuda_peak(alloc/resv) 21.78/28.18GB | phase(train/val/raw/train_eval) 3.2/0.6/0.6/0.0s | 4.4s
2026-08-29 19:05:05 | New best val_f1_macro_present: raw=0.1521 stable_score=0.1521 at epoch 2
2026-08-29 19:05:09 | Epoch 003/060 | loss 3.6377 | cls 3.6321 | tal 0.0184 | dual_g 0.0000 | dual_d 0.0000 | train_acc 0.3406 | train_full n/a | val_acc 0.1833 | val_f1 0.1275 | adv/moduleC 0.00/0.00 | disc_steps 0 | grad(main/disc) 10.828/0.000 | lr(main/disc) 7.50e-05/3.00e-05 | cuda_peak(alloc/resv) 21.78/28.18GB | phase(train/val/raw/train_eval) 3.4/0.6/0.0/0.0s | 4.0s
2026-08-29 19:05:14 | Epoch 004/060 | loss 3.2329 | cls 3.2332 | tal -0.0010 | dual_g 0.0000 | dual_d 0.0000 | train_acc 0.5018 | train_full n/a | val_acc 0.2250 | val_f1 0.1537 | adv/moduleC 0.00/0.12 | disc_steps 0 | grad(main/disc) 10.023/0.000 | lr(main/disc) 7.50e-05/3.00e-05 | cuda_peak(alloc/resv) 21.78/28.18GB | phase(train/val/raw/train_eval) 3.4/0.6/0.6/0.0s | 4.7s
2026-08-29 19:05:17 | New best val_f1_macro_present: raw=0.1537 stable_score=0.1537 at epoch 4
2026-08-29 19:05:22 | Epoch 005/060 | loss 2.8970 | cls 2.9135 | tal -0.0551 | dual_g 0.0000 | dual_d 0.0000 | train_acc 0.5707 | train_full 0.3032 | val_acc 0.2833 | val_f1 0.2477 | adv/moduleC 0.00/0.25 | disc_steps 0 | grad(main/disc) 9.434/0.000 | lr(main/disc) 7.50e-05/3.00e-05 | cuda_peak(alloc/resv) 21.78/28.18GB | phase(train/val/raw/train_eval) 3.4/0.6/0.6/0.8s | 5.5s
2026-08-29 19:05:25 | New best val_f1_macro_present: raw=0.2477 stable_score=0.2477 at epoch 5
2026-08-29 19:05:30 | Epoch 006/060 | loss 2.6487 | cls 2.6392 | tal 0.0255 | dual_g 0.0018 | dual_d 0.9824 | train_acc 0.6141 | train_full n/a | val_acc 0.4583 | val_f1 0.4885 | adv/moduleC 0.07/0.38 | disc_steps 3 | grad(main/disc) 9.102/1.992 | lr(main/disc) 7.50e-05/3.00e-05 | cuda_peak(alloc/resv) 21.78/28.18GB | phase(train/val/raw/train_eval) 3.6/0.6/0.6/0.0s | 4.8s
2026-08-29 19:05:33 | New best val_f1_macro_present: raw=0.4885 stable_score=0.4885 at epoch 6
2026-08-29 19:05:37 | Epoch 007/060 | loss 2.4957 | cls 2.4829 | tal 0.0310 | dual_g 0.0035 | dual_d 0.9769 | train_acc 0.6630 | train_full n/a | val_acc 0.6333 | val_f1 0.6377 | adv/moduleC 0.13/0.50 | disc_steps 3 | grad(main/disc) 8.755/1.953 | lr(main/disc) 7.50e-05/3.00e-05 | cuda_peak(alloc/resv) 21.78/28.18GB | phase(train/val/raw/train_eval) 3.5/0.6/0.6/0.0s | 4.7s
2026-08-29 19:05:40 | New best val_f1_macro_present: raw=0.6377 stable_score=0.6377 at epoch 7
2026-08-29 19:05:45 | Epoch 008/060 | loss 2.3525 | cls 2.3247 | tal 0.0764 | dual_g 0.0048 | dual_d 1.0771 | train_acc 0.6884 | train_full n/a | val_acc 0.6083 | val_f1 0.6211 | adv/moduleC 0.20/0.62 | disc_steps 3 | grad(main/disc) 8.644/1.991 | lr(main/disc) 7.50e-05/3.00e-05 | cuda_peak(alloc/resv) 21.78/28.18GB | phase(train/val/raw/train_eval) 3.7/0.6/0.0/0.0s | 4.3s
2026-08-29 19:05:49 | Epoch 009/060 | loss 2.0860 | cls 2.0728 | tal 0.0245 | dual_g 0.0059 | dual_d 1.1131 | train_acc 0.7609 | train_full n/a | val_acc 0.6833 | val_f1 0.7090 | adv/moduleC 0.27/0.75 | disc_steps 3 | grad(main/disc) 8.101/2.001 | lr(main/disc) 7.50e-05/3.00e-05 | cuda_peak(alloc/resv) 21.78/28.18GB | phase(train/val/raw/train_eval) 3.3/0.6/0.6/0.0s | 4.5s
2026-08-29 19:05:52 | New best val_f1_macro_present: raw=0.7090 stable_score=0.7090 at epoch 9
2026-08-29 19:05:57 | Epoch 010/060 | loss 2.0055 | cls 1.9872 | tal 0.0404 | dual_g 0.0062 | dual_d 1.1417 | train_acc 0.7826 | train_full 0.7183 | val_acc 0.7083 | val_f1 0.6998 | adv/moduleC 0.33/0.88 | disc_steps 3 | grad(main/disc) 8.909/2.063 | lr(main/disc) 7.50e-05/3.00e-05 | cuda_peak(alloc/resv) 21.78/28.18GB | phase(train/val/raw/train_eval) 3.5/0.6/0.6/0.9s | 5.6s
2026-08-29 19:06:02 | Epoch 011/060 | loss 1.8589 | cls 1.8405 | tal 0.0370 | dual_g 0.0073 | dual_d 1.1676 | train_acc 0.8062 | train_full n/a | val_acc 0.7417 | val_f1 0.7004 | adv/moduleC 0.40/1.00 | disc_steps 3 | grad(main/disc) 8.298/2.018 | lr(main/disc) 7.50e-05/3.00e-05 | cuda_peak(alloc/resv) 21.78/28.18GB | phase(train/val/raw/train_eval) 3.6/0.6/0.0/0.0s | 4.2s
2026-08-29 19:06:07 | Epoch 012/060 | loss 1.7831 | cls 1.7695 | tal 0.0188 | dual_g 0.0079 | dual_d 1.2610 | train_acc 0.8243 | train_full n/a | val_acc 0.8000 | val_f1 0.7751 | adv/moduleC 0.47/1.00 | disc_steps 3 | grad(main/disc) 7.473/2.052 | lr(main/disc) 7.50e-05/3.00e-05 | cuda_peak(alloc/resv) 21.78/28.18GB | phase(train/val/raw/train_eval) 3.7/0.6/0.6/0.0s | 4.9s
2026-08-29 19:06:09 | New best val_f1_macro_present: raw=0.7751 stable_score=0.7751 at epoch 12
2026-08-29 19:06:13 | Epoch 013/060 | loss 1.7151 | cls 1.7120 | tal -0.0183 | dual_g 0.0086 | dual_d 1.2789 | train_acc 0.8478 | train_full n/a | val_acc 0.7000 | val_f1 0.6969 | adv/moduleC 0.53/1.00 | disc_steps 3 | grad(main/disc) 7.538/2.024 | lr(main/disc) 7.50e-05/3.00e-05 | cuda_peak(alloc/resv) 21.78/28.18GB | phase(train/val/raw/train_eval) 3.3/0.6/0.0/0.0s | 4.0s
2026-08-29 19:06:17 | Epoch 014/060 | loss 1.6095 | cls 1.6138 | tal -0.0412 | dual_g 0.0081 | dual_d 1.2941 | train_acc 0.8768 | train_full n/a | val_acc 0.7667 | val_f1 0.7334 | adv/moduleC 0.60/1.00 | disc_steps 3 | grad(main/disc) 6.470/2.062 | lr(main/disc) 7.50e-05/3.00e-05 | cuda_peak(alloc/resv) 21.78/28.18GB | phase(train/val/raw/train_eval) 3.4/0.6/0.0/0.0s | 4.0s
2026-08-29 19:06:23 | Epoch 015/060 | loss 1.5623 | cls 1.5675 | tal -0.0444 | dual_g 0.0082 | dual_d 1.3111 | train_acc 0.9004 | train_full 0.8882 | val_acc 0.8417 | val_f1 0.8125 | adv/moduleC 0.67/1.00 | disc_steps 3 | grad(main/disc) 6.354/2.043 | lr(main/disc) 7.50e-05/3.00e-05 | cuda_peak(alloc/resv) 21.78/28.18GB | phase(train/val/raw/train_eval) 3.2/0.6/0.6/0.9s | 5.4s
2026-08-29 19:06:25 | New best val_f1_macro_present: raw=0.8125 stable_score=0.8125 at epoch 15
2026-08-29 19:06:29 | Epoch 016/060 | loss 1.5440 | cls 1.5458 | tal -0.0390 | dual_g 0.0099 | dual_d 1.3678 | train_acc 0.8895 | train_full n/a | val_acc 0.8000 | val_f1 0.7560 | adv/moduleC 0.73/1.00 | disc_steps 3 | grad(main/disc) 6.522/2.033 | lr(main/disc) 7.50e-05/3.00e-05 | cuda_peak(alloc/resv) 21.78/28.18GB | phase(train/val/raw/train_eval) 3.4/0.6/0.0/0.0s | 4.0s
2026-08-29 19:06:34 | Epoch 017/060 | loss 1.4778 | cls 1.4908 | tal -0.0772 | dual_g 0.0102 | dual_d 1.3984 | train_acc 0.9004 | train_full n/a | val_acc 0.8250 | val_f1 0.7954 | adv/moduleC 0.80/1.00 | disc_steps 3 | grad(main/disc) 5.870/2.019 | lr(main/disc) 7.50e-05/3.00e-05 | cuda_peak(alloc/resv) 21.78/28.18GB | phase(train/val/raw/train_eval) 3.5/0.6/0.0/0.0s | 4.1s
2026-08-29 19:06:38 | Epoch 018/060 | loss 1.4315 | cls 1.4455 | tal -0.0810 | dual_g 0.0104 | dual_d 1.4121 | train_acc 0.9312 | train_full n/a | val_acc 0.8417 | val_f1 0.8203 | adv/moduleC 0.87/1.00 | disc_steps 3 | grad(main/disc) 5.887/2.014 | lr(main/disc) 7.50e-05/3.00e-05 | cuda_peak(alloc/resv) 21.78/28.18GB | phase(train/val/raw/train_eval) 3.2/0.6/0.6/0.0s | 4.5s
2026-08-29 19:06:41 | New best val_f1_macro_present: raw=0.8203 stable_score=0.8203 at epoch 18
2026-08-29 19:06:45 | Epoch 019/060 | loss 1.4154 | cls 1.4292 | tal -0.0823 | dual_g 0.0108 | dual_d 1.4575 | train_acc 0.9475 | train_full n/a | val_acc 0.8167 | val_f1 0.7719 | adv/moduleC 0.93/1.00 | disc_steps 3 | grad(main/disc) 5.312/2.079 | lr(main/disc) 7.50e-05/3.00e-05 | cuda_peak(alloc/resv) 21.78/28.18GB | phase(train/val/raw/train_eval) 3.5/0.6/0.0/0.0s | 4.2s
2026-08-29 19:06:51 | Epoch 020/060 | loss 1.3940 | cls 1.3964 | tal -0.0463 | dual_g 0.0115 | dual_d 1.4869 | train_acc 0.9402 | train_full 0.8688 | val_acc 0.8250 | val_f1 0.7922 | adv/moduleC 1.00/1.00 | disc_steps 3 | grad(main/disc) 5.873/2.070 | lr(main/disc) 7.50e-05/3.00e-05 | cuda_peak(alloc/resv) 21.78/28.18GB | phase(train/val/raw/train_eval) 3.4/0.6/0.6/0.9s | 5.5s
2026-08-29 19:06:54 | Epoch 021/060 | loss 1.3708 | cls 1.3718 | tal -0.0383 | dual_g 0.0105 | dual_d 1.4496 | train_acc 0.9620 | train_full n/a | val_acc 0.8083 | val_f1 0.7645 | adv/moduleC 1.00/1.00 | disc_steps 3 | grad(main/disc) 4.826/2.030 | lr(main/disc) 7.50e-05/3.00e-05 | cuda_peak(alloc/resv) 21.78/28.18GB | phase(train/val/raw/train_eval) 3.1/0.6/0.0/0.0s | 3.7s
2026-08-29 19:06:59 | Epoch 022/060 | loss 1.3662 | cls 1.3699 | tal -0.0458 | dual_g 0.0100 | dual_d 1.4592 | train_acc 0.9565 | train_full n/a | val_acc 0.8833 | val_f1 0.8298 | adv/moduleC 1.00/1.00 | disc_steps 3 | grad(main/disc) 5.241/2.023 | lr(main/disc) 7.50e-05/3.00e-05 | cuda_peak(alloc/resv) 21.78/28.18GB | phase(train/val/raw/train_eval) 3.2/0.6/0.6/0.0s | 4.5s
2026-08-29 19:07:02 | New best val_f1_macro_present: raw=0.8298 stable_score=0.8298 at epoch 22
2026-08-29 19:07:07 | Epoch 023/060 | loss 1.3430 | cls 1.3518 | tal -0.0620 | dual_g 0.0098 | dual_d 1.4617 | train_acc 0.9583 | train_full n/a | val_acc 0.8833 | val_f1 0.8520 | adv/moduleC 1.00/1.00 | disc_steps 3 | grad(main/disc) 4.793/2.007 | lr(main/disc) 7.50e-05/3.00e-05 | cuda_peak(alloc/resv) 21.78/28.18GB | phase(train/val/raw/train_eval) 3.4/0.6/0.6/0.0s | 4.7s
2026-08-29 19:07:09 | New best val_f1_macro_present: raw=0.8520 stable_score=0.8520 at epoch 23
2026-08-29 19:07:14 | Epoch 024/060 | loss 1.3346 | cls 1.3571 | tal -0.1080 | dual_g 0.0099 | dual_d 1.4972 | train_acc 0.9438 | train_full n/a | val_acc 0.8417 | val_f1 0.8582 | adv/moduleC 1.00/1.00 | disc_steps 3 | grad(main/disc) 5.262/2.045 | lr(main/disc) 7.50e-05/3.00e-05 | cuda_peak(alloc/resv) 21.78/28.18GB | phase(train/val/raw/train_eval) 3.2/0.6/0.6/0.0s | 4.4s
2026-08-29 19:07:17 | New best val_f1_macro_present: raw=0.8582 stable_score=0.8582 at epoch 24
2026-08-29 19:07:22 | Epoch 025/060 | loss 1.3326 | cls 1.3427 | tal -0.0673 | dual_g 0.0101 | dual_d 1.4468 | train_acc 0.9638 | train_full 0.8409 | val_acc 0.8333 | val_f1 0.8405 | adv/moduleC 1.00/1.00 | disc_steps 3 | grad(main/disc) 4.742/1.980 | lr(main/disc) 7.50e-05/3.00e-05 | cuda_peak(alloc/resv) 21.78/28.18GB | phase(train/val/raw/train_eval) 3.4/0.6/0.6/0.9s | 5.5s
2026-08-29 19:07:26 | Epoch 026/060 | loss 1.2799 | cls 1.3026 | tal -0.1093 | dual_g 0.0100 | dual_d 1.5285 | train_acc 0.9674 | train_full n/a | val_acc 0.8500 | val_f1 0.8172 | adv/moduleC 1.00/1.00 | disc_steps 3 | grad(main/disc) 4.232/2.063 | lr(main/disc) 7.50e-05/3.00e-05 | cuda_peak(alloc/resv) 21.78/28.18GB | phase(train/val/raw/train_eval) 3.3/0.6/0.0/0.0s | 3.9s
2026-08-29 19:07:30 | Epoch 027/060 | loss 1.2799 | cls 1.2953 | tal -0.0849 | dual_g 0.0100 | dual_d 1.4572 | train_acc 0.9674 | train_full n/a | val_acc 0.8333 | val_f1 0.7971 | adv/moduleC 1.00/1.00 | disc_steps 3 | grad(main/disc) 4.452/1.988 | lr(main/disc) 7.50e-05/3.00e-05 | cuda_peak(alloc/resv) 21.78/28.18GB | phase(train/val/raw/train_eval) 3.3/0.6/0.0/0.0s | 3.9s
2026-08-29 19:07:34 | Epoch 028/060 | loss 1.2483 | cls 1.2684 | tal -0.0997 | dual_g 0.0098 | dual_d 1.5113 | train_acc 0.9819 | train_full n/a | val_acc 0.8917 | val_f1 0.8624 | adv/moduleC 1.00/1.00 | disc_steps 3 | grad(main/disc) 4.168/2.043 | lr(main/disc) 7.50e-05/3.00e-05 | cuda_peak(alloc/resv) 21.78/28.18GB | phase(train/val/raw/train_eval) 3.3/0.6/0.6/0.0s | 4.5s
2026-08-29 19:07:37 | New best val_f1_macro_present: raw=0.8624 stable_score=0.8624 at epoch 28
2026-08-29 19:07:41 | Epoch 029/060 | loss 1.2532 | cls 1.2698 | tal -0.0875 | dual_g 0.0097 | dual_d 1.5451 | train_acc 0.9710 | train_full n/a | val_acc 0.8917 | val_f1 0.8401 | adv/moduleC 1.00/1.00 | disc_steps 3 | grad(main/disc) 3.808/2.043 | lr(main/disc) 7.50e-05/3.00e-05 | cuda_peak(alloc/resv) 21.78/28.18GB | phase(train/val/raw/train_eval) 3.3/0.6/0.0/0.0s | 3.9s
2026-08-29 19:07:47 | Epoch 030/060 | loss 1.2305 | cls 1.2554 | tal -0.1153 | dual_g 0.0097 | dual_d 1.4667 | train_acc 0.9801 | train_full 0.9312 | val_acc 0.9167 | val_f1 0.8928 | adv/moduleC 1.00/1.00 | disc_steps 3 | grad(main/disc) 3.596/1.949 | lr(main/disc) 7.50e-05/3.00e-05 | cuda_peak(alloc/resv) 21.78/28.18GB | phase(train/val/raw/train_eval) 3.5/0.6/0.6/0.9s | 5.7s
2026-08-29 19:07:50 | New best val_f1_macro_present: raw=0.8928 stable_score=0.8928 at epoch 30
2026-08-29 19:07:54 | Epoch 031/060 | loss 1.1999 | cls 1.2349 | tal -0.1479 | dual_g 0.0094 | dual_d 1.4993 | train_acc 0.9837 | train_full n/a | val_acc 0.9167 | val_f1 0.8995 | adv/moduleC 1.00/1.00 | disc_steps 3 | grad(main/disc) 3.085/1.982 | lr(main/disc) 7.50e-05/3.00e-05 | cuda_peak(alloc/resv) 21.78/28.18GB | phase(train/val/raw/train_eval) 3.1/0.6/0.6/0.0s | 4.4s
2026-08-29 19:07:57 | New best val_f1_macro_present: raw=0.8995 stable_score=0.8995 at epoch 31
2026-08-29 19:08:01 | Epoch 032/060 | loss 1.1783 | cls 1.2219 | tal -0.1768 | dual_g 0.0095 | dual_d 1.5256 | train_acc 0.9946 | train_full n/a | val_acc 0.9167 | val_f1 0.8770 | adv/moduleC 1.00/1.00 | disc_steps 3 | grad(main/disc) 2.943/2.019 | lr(main/disc) 7.50e-05/3.00e-05 | cuda_peak(alloc/resv) 21.78/28.18GB | phase(train/val/raw/train_eval) 3.3/0.6/0.0/0.0s | 4.0s
2026-08-29 19:08:05 | Epoch 033/060 | loss 1.2037 | cls 1.2402 | tal -0.1559 | dual_g 0.0103 | dual_d 1.4842 | train_acc 0.9801 | train_full n/a | val_acc 0.9083 | val_f1 0.8781 | adv/moduleC 1.00/1.00 | disc_steps 3 | grad(main/disc) 2.917/1.926 | lr(main/disc) 7.50e-05/3.00e-05 | cuda_peak(alloc/resv) 21.78/28.18GB | phase(train/val/raw/train_eval) 3.2/0.6/0.0/0.0s | 3.8s
2026-08-29 19:08:09 | Epoch 034/060 | loss 1.1994 | cls 1.2318 | tal -0.1380 | dual_g 0.0090 | dual_d 1.4428 | train_acc 0.9855 | train_full n/a | val_acc 0.8583 | val_f1 0.8358 | adv/moduleC 1.00/1.00 | disc_steps 3 | grad(main/disc) 3.242/1.886 | lr(main/disc) 7.50e-05/3.00e-05 | cuda_peak(alloc/resv) 21.78/28.18GB | phase(train/val/raw/train_eval) 3.5/0.6/0.0/0.0s | 4.1s
2026-08-29 19:08:14 | Epoch 035/060 | loss 1.1849 | cls 1.2236 | tal -0.1617 | dual_g 0.0098 | dual_d 1.4813 | train_acc 0.9909 | train_full 0.9226 | val_acc 0.9333 | val_f1 0.8893 | adv/moduleC 1.00/1.00 | disc_steps 3 | grad(main/disc) 3.402/1.938 | lr(main/disc) 7.50e-05/3.00e-05 | cuda_peak(alloc/resv) 21.78/28.18GB | phase(train/val/raw/train_eval) 3.3/0.6/0.6/0.9s | 5.4s
2026-08-29 19:08:18 | Epoch 036/060 | loss 1.2024 | cls 1.2331 | tal -0.1354 | dual_g 0.0099 | dual_d 1.4898 | train_acc 0.9855 | train_full n/a | val_acc 0.9000 | val_f1 0.8487 | adv/moduleC 1.00/1.00 | disc_steps 3 | grad(main/disc) 3.228/1.947 | lr(main/disc) 7.50e-05/3.00e-05 | cuda_peak(alloc/resv) 21.78/28.18GB | phase(train/val/raw/train_eval) 3.4/0.6/0.0/0.0s | 4.0s
2026-08-29 19:08:22 | Epoch 037/060 | loss 1.1670 | cls 1.2105 | tal -0.1766 | dual_g 0.0094 | dual_d 1.4939 | train_acc 0.9909 | train_full n/a | val_acc 0.8333 | val_f1 0.8431 | adv/moduleC 1.00/1.00 | disc_steps 3 | grad(main/disc) 2.739/1.956 | lr(main/disc) 7.50e-05/3.00e-05 | cuda_peak(alloc/resv) 21.78/28.18GB | phase(train/val/raw/train_eval) 3.2/0.6/0.0/0.0s | 3.8s
2026-08-29 19:08:26 | Epoch 038/060 | loss 1.1768 | cls 1.2186 | tal -0.1717 | dual_g 0.0097 | dual_d 1.4470 | train_acc 0.9891 | train_full n/a | val_acc 0.8667 | val_f1 0.8345 | adv/moduleC 1.00/1.00 | disc_steps 3 | grad(main/disc) 2.833/1.914 | lr(main/disc) 7.50e-05/3.00e-05 | cuda_peak(alloc/resv) 21.78/28.18GB | phase(train/val/raw/train_eval) 3.7/0.6/0.0/0.0s | 4.3s
2026-08-29 19:08:30 | Epoch 039/060 | loss 1.1702 | cls 1.1991 | tal -0.1291 | dual_g 0.0098 | dual_d 1.4764 | train_acc 0.9873 | train_full n/a | val_acc 0.8833 | val_f1 0.8434 | adv/moduleC 1.00/1.00 | disc_steps 3 | grad(main/disc) 2.590/1.966 | lr(main/disc) 7.50e-05/3.00e-05 | cuda_peak(alloc/resv) 21.78/28.18GB | phase(train/val/raw/train_eval) 3.5/0.6/0.0/0.0s | 4.1s
2026-08-29 19:08:36 | Epoch 040/060 | loss 1.1772 | cls 1.2072 | tal -0.1337 | dual_g 0.0102 | dual_d 1.5008 | train_acc 0.9928 | train_full 0.9204 | val_acc 0.8917 | val_f1 0.8805 | adv/moduleC 1.00/1.00 | disc_steps 3 | grad(main/disc) 2.702/1.981 | lr(main/disc) 3.75e-05/1.50e-05 | cuda_peak(alloc/resv) 21.78/28.18GB | phase(train/val/raw/train_eval) 3.2/0.6/0.6/0.9s | 5.3s
2026-08-29 19:08:40 | Epoch 041/060 | loss 1.1676 | cls 1.2018 | tal -0.1457 | dual_g 0.0094 | dual_d 1.3940 | train_acc 0.9964 | train_full n/a | val_acc 0.9250 | val_f1 0.8895 | adv/moduleC 1.00/1.00 | disc_steps 3 | grad(main/disc) 2.719/1.836 | lr(main/disc) 3.75e-05/1.50e-05 | cuda_peak(alloc/resv) 21.78/28.18GB | phase(train/val/raw/train_eval) 3.4/0.6/0.0/0.0s | 4.0s
2026-08-29 19:08:44 | Epoch 042/060 | loss 1.1869 | cls 1.2061 | tal -0.0950 | dual_g 0.0093 | dual_d 1.4437 | train_acc 0.9964 | train_full n/a | val_acc 0.9250 | val_f1 0.9023 | adv/moduleC 1.00/1.00 | disc_steps 3 | grad(main/disc) 2.864/1.892 | lr(main/disc) 3.75e-05/1.50e-05 | cuda_peak(alloc/resv) 21.78/28.18GB | phase(train/val/raw/train_eval) 3.4/0.6/0.6/0.0s | 4.6s
2026-08-29 19:08:47 | New best val_f1_macro_present: raw=0.9023 stable_score=0.9023 at epoch 42
2026-08-29 19:08:51 | Epoch 043/060 | loss 1.1713 | cls 1.1935 | tal -0.1070 | dual_g 0.0100 | dual_d 1.4332 | train_acc 0.9982 | train_full n/a | val_acc 0.8750 | val_f1 0.8707 | adv/moduleC 1.00/1.00 | disc_steps 3 | grad(main/disc) 2.279/1.873 | lr(main/disc) 3.75e-05/1.50e-05 | cuda_peak(alloc/resv) 21.78/28.18GB | phase(train/val/raw/train_eval) 3.2/0.6/0.0/0.0s | 3.8s
2026-08-29 19:08:56 | Epoch 044/060 | loss 1.1771 | cls 1.1988 | tal -0.1045 | dual_g 0.0096 | dual_d 1.5173 | train_acc 0.9946 | train_full n/a | val_acc 0.9250 | val_f1 0.9038 | adv/moduleC 1.00/1.00 | disc_steps 3 | grad(main/disc) 2.593/2.010 | lr(main/disc) 3.75e-05/1.50e-05 | cuda_peak(alloc/resv) 21.78/28.18GB | phase(train/val/raw/train_eval) 3.6/0.6/0.6/0.0s | 4.8s
2026-08-29 19:08:59 | New best val_f1_macro_present: raw=0.9038 stable_score=0.9038 at epoch 44
2026-08-29 19:09:04 | Epoch 045/060 | loss 1.1696 | cls 1.1940 | tal -0.1147 | dual_g 0.0100 | dual_d 1.4545 | train_acc 0.9946 | train_full 0.9204 | val_acc 0.9167 | val_f1 0.8915 | adv/moduleC 1.00/1.00 | disc_steps 3 | grad(main/disc) 2.217/1.921 | lr(main/disc) 3.75e-05/1.50e-05 | cuda_peak(alloc/resv) 21.78/28.18GB | phase(train/val/raw/train_eval) 3.5/0.6/0.6/0.9s | 5.6s
2026-08-29 19:09:08 | Epoch 046/060 | loss 1.1746 | cls 1.1946 | tal -0.0997 | dual_g 0.0100 | dual_d 1.4844 | train_acc 0.9946 | train_full n/a | val_acc 0.8250 | val_f1 0.7938 | adv/moduleC 1.00/1.00 | disc_steps 3 | grad(main/disc) 2.382/1.973 | lr(main/disc) 3.75e-05/1.50e-05 | cuda_peak(alloc/resv) 21.78/28.18GB | phase(train/val/raw/train_eval) 3.3/0.6/0.0/0.0s | 4.0s
2026-08-29 19:09:12 | Epoch 047/060 | loss 1.1688 | cls 1.1857 | tal -0.0896 | dual_g 0.0100 | dual_d 1.4459 | train_acc 0.9946 | train_full n/a | val_acc 0.8250 | val_f1 0.7967 | adv/moduleC 1.00/1.00 | disc_steps 3 | grad(main/disc) 2.157/1.915 | lr(main/disc) 3.75e-05/1.50e-05 | cuda_peak(alloc/resv) 21.78/28.18GB | phase(train/val/raw/train_eval) 3.5/0.6/0.0/0.0s | 4.1s
2026-08-29 19:09:17 | Epoch 048/060 | loss 1.1721 | cls 1.1902 | tal -0.0931 | dual_g 0.0098 | dual_d 1.4470 | train_acc 0.9909 | train_full n/a | val_acc 0.8833 | val_f1 0.8472 | adv/moduleC 1.00/1.00 | disc_steps 3 | grad(main/disc) 2.279/1.926 | lr(main/disc) 3.75e-05/1.50e-05 | cuda_peak(alloc/resv) 21.78/28.18GB | phase(train/val/raw/train_eval) 3.6/0.6/0.0/0.0s | 4.3s
2026-08-29 19:09:21 | Epoch 049/060 | loss 1.1839 | cls 1.2014 | tal -0.0905 | dual_g 0.0096 | dual_d 1.4608 | train_acc 0.9928 | train_full n/a | val_acc 0.9083 | val_f1 0.8671 | adv/moduleC 1.00/1.00 | disc_steps 3 | grad(main/disc) 2.631/1.907 | lr(main/disc) 3.75e-05/1.50e-05 | cuda_peak(alloc/resv) 21.78/28.18GB | phase(train/val/raw/train_eval) 3.3/0.6/0.0/0.0s | 3.9s
2026-08-29 19:09:26 | Epoch 050/060 | loss 1.1684 | cls 1.1898 | tal -0.1060 | dual_g 0.0104 | dual_d 1.4103 | train_acc 0.9946 | train_full 0.9032 | val_acc 0.8917 | val_f1 0.8816 | adv/moduleC 1.00/1.00 | disc_steps 3 | grad(main/disc) 2.205/1.877 | lr(main/disc) 3.75e-05/1.50e-05 | cuda_peak(alloc/resv) 21.78/28.18GB | phase(train/val/raw/train_eval) 3.7/0.6/0.6/0.9s | 5.8s
2026-08-29 19:09:30 | Epoch 051/060 | loss 1.1639 | cls 1.1860 | tal -0.1061 | dual_g 0.0098 | dual_d 1.4240 | train_acc 0.9928 | train_full n/a | val_acc 0.9000 | val_f1 0.8928 | adv/moduleC 1.00/1.00 | disc_steps 3 | grad(main/disc) 2.138/1.872 | lr(main/disc) 3.75e-05/1.50e-05 | cuda_peak(alloc/resv) 21.78/28.18GB | phase(train/val/raw/train_eval) 3.4/0.6/0.0/0.0s | 4.0s
2026-08-29 19:09:34 | Epoch 052/060 | loss 1.1538 | cls 1.1806 | tal -0.1229 | dual_g 0.0101 | dual_d 1.4298 | train_acc 0.9928 | train_full n/a | val_acc 0.9083 | val_f1 0.9028 | adv/moduleC 1.00/1.00 | disc_steps 3 | grad(main/disc) 2.076/1.926 | lr(main/disc) 3.75e-05/1.50e-05 | cuda_peak(alloc/resv) 21.78/28.18GB | phase(train/val/raw/train_eval) 3.2/0.6/0.0/0.0s | 3.8s
2026-08-29 19:09:38 | Epoch 053/060 | loss 1.1540 | cls 1.1784 | tal -0.1158 | dual_g 0.0103 | dual_d 1.4155 | train_acc 1.0000 | train_full n/a | val_acc 0.9083 | val_f1 0.8667 | adv/moduleC 1.00/1.00 | disc_steps 3 | grad(main/disc) 1.908/1.877 | lr(main/disc) 1.87e-05/7.50e-06 | cuda_peak(alloc/resv) 21.78/28.18GB | phase(train/val/raw/train_eval) 3.5/0.6/0.0/0.0s | 4.2s
2026-08-29 19:09:43 | Epoch 054/060 | loss 1.1547 | cls 1.1800 | tal -0.1178 | dual_g 0.0100 | dual_d 1.4253 | train_acc 0.9964 | train_full n/a | val_acc 0.8833 | val_f1 0.8458 | adv/moduleC 1.00/1.00 | disc_steps 3 | grad(main/disc) 2.161/1.882 | lr(main/disc) 1.87e-05/7.50e-06 | cuda_peak(alloc/resv) 21.78/28.18GB | phase(train/val/raw/train_eval) 3.5/0.6/0.0/0.0s | 4.1s
2026-08-29 19:09:48 | Epoch 055/060 | loss 1.1602 | cls 1.1883 | tal -0.1299 | dual_g 0.0108 | dual_d 1.4075 | train_acc 0.9982 | train_full 0.9355 | val_acc 0.9167 | val_f1 0.8828 | adv/moduleC 1.00/1.00 | disc_steps 3 | grad(main/disc) 2.444/1.875 | lr(main/disc) 1.87e-05/7.50e-06 | cuda_peak(alloc/resv) 21.78/28.18GB | phase(train/val/raw/train_eval) 3.7/0.6/0.6/0.9s | 5.8s
2026-08-29 19:09:52 | Epoch 056/060 | loss 1.1601 | cls 1.1875 | tal -0.1248 | dual_g 0.0100 | dual_d 1.3854 | train_acc 0.9982 | train_full n/a | val_acc 0.9167 | val_f1 0.8919 | adv/moduleC 1.00/1.00 | disc_steps 3 | grad(main/disc) 2.339/1.866 | lr(main/disc) 1.87e-05/7.50e-06 | cuda_peak(alloc/resv) 21.78/28.18GB | phase(train/val/raw/train_eval) 3.4/0.6/0.0/0.0s | 4.0s
2026-08-29 19:09:56 | Epoch 057/060 | loss 1.1373 | cls 1.1653 | tal -0.1279 | dual_g 0.0103 | dual_d 1.3998 | train_acc 1.0000 | train_full n/a | val_acc 0.9000 | val_f1 0.8820 | adv/moduleC 1.00/1.00 | disc_steps 3 | grad(main/disc) 1.845/1.878 | lr(main/disc) 1.87e-05/7.50e-06 | cuda_peak(alloc/resv) 21.78/28.18GB | phase(train/val/raw/train_eval) 3.4/0.6/0.0/0.0s | 4.0s
2026-08-29 19:10:00 | Epoch 058/060 | loss 1.1399 | cls 1.1700 | tal -0.1345 | dual_g 0.0103 | dual_d 1.4395 | train_acc 1.0000 | train_full n/a | val_acc 0.8917 | val_f1 0.8773 | adv/moduleC 1.00/1.00 | disc_steps 3 | grad(main/disc) 1.998/1.883 | lr(main/disc) 1.87e-05/7.50e-06 | cuda_peak(alloc/resv) 21.78/28.18GB | phase(train/val/raw/train_eval) 3.4/0.6/0.0/0.0s | 4.0s
2026-08-29 19:10:05 | Epoch 059/060 | loss 1.1409 | cls 1.1649 | tal -0.1157 | dual_g 0.0107 | dual_d 1.3813 | train_acc 1.0000 | train_full n/a | val_acc 0.9417 | val_f1 0.9104 | adv/moduleC 1.00/1.00 | disc_steps 3 | grad(main/disc) 2.322/1.837 | lr(main/disc) 1.87e-05/7.50e-06 | cuda_peak(alloc/resv) 21.78/28.18GB | phase(train/val/raw/train_eval) 3.3/0.6/0.6/0.0s | 4.5s
2026-08-29 19:10:08 | New best val_f1_macro_present: raw=0.9104 stable_score=0.9104 at epoch 59
2026-08-29 19:10:13 | Epoch 060/060 | loss 1.1548 | cls 1.1759 | tal -0.1054 | dual_g 0.0105 | dual_d 1.3994 | train_acc 0.9982 | train_full 0.9699 | val_acc 0.9500 | val_f1 0.9308 | adv/moduleC 1.00/1.00 | disc_steps 3 | grad(main/disc) 1.947/1.847 | lr(main/disc) 1.87e-05/7.50e-06 | cuda_peak(alloc/resv) 21.78/28.18GB | phase(train/val/raw/train_eval) 3.3/0.6/0.6/0.9s | 5.4s
2026-08-29 19:10:16 | New best val_f1_macro_present: raw=0.9308 stable_score=0.9308 at epoch 60
2026-08-29 19:10:16 | Training complete. Peak validation accuracy: 0.9500 | selected val_f1_macro_present: 0.9308
