2026-08-30 17:21:23 | Starting Dual_D standalone training
2026-08-30 17:21:23 | Run directory: runs/module_c_v11_ablation_60/module_c_20260830_155840/module_c_no_prototype_contrastive_黑天_20260830_172123
2026-08-30 17:21:23 | Device: cuda
2026-08-30 17:21:23 | Source train samples: 992
2026-08-30 17:21:23 | Target train samples: 465
2026-08-30 17:21:23 | Target val samples: 120
2026-08-30 17:21:23 | Classes: 14
2026-08-30 17:21:23 | Data audit: same_dir=False | path_overlap(vis/ir/ais)=0/0/0 | content_overlap(vis/ir/ais)=0/0/0 | ais_index_overlap=0 | stem_mismatch(vis-ir/vis-ais)=578/0
2026-08-30 17:21:23 | source_train classes: present 14/14 | absent 0 | counts [0:120, 1:44, 2:69, 3:45, 4:40, 5:30, 6:64, 7:80, 8:116, 9:68, 10:57, 11:83, 12:48, 13:128]
2026-08-30 17:21:23 | target_train classes: present 8/14 | absent 6 | counts [0:100, 2:11, 3:16, 6:89, 9:162, 10:12, 11:44, 13:31]
2026-08-30 17:21:23 | target_val classes: present 8/14 | absent 6 | counts [0:26, 2:3, 3:5, 6:23, 9:41, 10:3, 11:11, 13:8]
2026-08-30 17:21:23 | Paired training classes: 8/14 | class ids [0, 2, 3, 6, 9, 10, 11, 13]
2026-08-30 17:21:23 | Runtime profile: batch=16 | paired_steps=30 | workers=16 | train_eval_every=5 | raw_eval_every=5 | stability_window=3 | lr_scheduler_start=24 | early_stop=15 after min_epoch=50
2026-08-30 17:21:23 | Augmentation profile: base=0.500 | visible=0.500 | infrared=0.500 | freeze_frozen_batch_norm_stats=True
2026-08-30 17:21:23 | VIS/IR pairing: class-level-unpaired | count-mismatch classes train/val: 10/0 | AIS alignment: none | AIS rows train/val: 0/0
2026-08-30 17:21:24 | Effective Dual-D loss weights: {"adv_auxiliary": 0.025, "adv_primary": 0.025, "classification": 0.65, "contrastive": 0.055, "cycle": 0.12, "identity": 0.025, "prototype_contrastive": 0.0}
2026-08-30 17:21:24 | Model parameters: total=17277714 | trainable=17120210
2026-08-30 17:21:29 | Epoch 001/060 | loss 4.4955 | cls 4.4550 | tal 0.1349 | dual_g 0.0000 | dual_d 0.0000 | train_acc 0.2667 | train_full 0.2022 | val_acc 0.2000 | val_f1 0.1730 | adv/moduleC 0.00/0.00 | disc_steps 0 | grad(main/disc) 27.560/0.000 | lr(main/disc) 1.00e-04/3.20e-05 | cuda_peak(alloc/resv) 4.09/5.12GB | phase(train/val/raw/train_eval) 3.6/0.4/0.4/0.7s | 5.1s
2026-08-30 17:21:32 | Epoch 002/060 | loss 2.9703 | cls 2.9562 | tal 0.0470 | dual_g 0.0000 | dual_d 0.0000 | train_acc 0.5229 | train_full n/a | val_acc 0.5167 | val_f1 0.5623 | adv/moduleC 0.00/0.00 | disc_steps 0 | grad(main/disc) 20.907/0.000 | lr(main/disc) 1.00e-04/3.20e-05 | cuda_peak(alloc/resv) 4.09/5.12GB | phase(train/val/raw/train_eval) 2.6/0.4/0.0/0.0s | 3.0s
2026-08-30 17:21:35 | Epoch 003/060 | loss 2.3644 | cls 2.3411 | tal 0.0780 | dual_g 0.0000 | dual_d 0.0000 | train_acc 0.6729 | train_full n/a | val_acc 0.7250 | val_f1 0.6905 | adv/moduleC 0.00/0.00 | disc_steps 0 | grad(main/disc) 19.480/0.000 | lr(main/disc) 1.00e-04/3.20e-05 | cuda_peak(alloc/resv) 4.09/5.12GB | phase(train/val/raw/train_eval) 2.5/0.4/0.4/0.0s | 3.4s
2026-08-30 17:21:37 | New best val_f1_macro_present: raw=0.6905 stable_score=0.1730 at epoch 3
2026-08-30 17:21:41 | Epoch 004/060 | loss 1.9952 | cls 1.7834 | tal 0.0947 | dual_g 0.1834 | dual_d 0.0000 | train_acc 0.7604 | train_full n/a | val_acc 0.8333 | val_f1 0.8133 | adv/moduleC 0.00/0.12 | disc_steps 0 | grad(main/disc) 17.512/0.000 | lr(main/disc) 1.00e-04/3.20e-05 | cuda_peak(alloc/resv) 4.09/5.12GB | phase(train/val/raw/train_eval) 2.5/0.4/0.4/0.0s | 3.3s
2026-08-30 17:21:43 | New best val_f1_macro_present: raw=0.8133 stable_score=0.5623 at epoch 4
2026-08-30 17:21:47 | Epoch 005/060 | loss 1.9611 | cls 1.5937 | tal 0.1297 | dual_g 0.3284 | dual_d 0.0000 | train_acc 0.8083 | train_full 0.8645 | val_acc 0.8000 | val_f1 0.8109 | adv/moduleC 0.00/0.25 | disc_steps 0 | grad(main/disc) 16.927/0.000 | lr(main/disc) 1.00e-04/3.20e-05 | cuda_peak(alloc/resv) 4.09/5.12GB | phase(train/val/raw/train_eval) 2.5/0.4/0.4/0.7s | 4.1s
2026-08-30 17:21:49 | New best val_f1_macro_present: raw=0.8109 stable_score=0.6905 at epoch 5
2026-08-30 17:21:53 | Epoch 006/060 | loss 1.7320 | cls 1.2914 | tal 0.0845 | dual_g 0.4152 | dual_d 0.9041 | train_acc 0.8708 | train_full n/a | val_acc 0.8250 | val_f1 0.7933 | adv/moduleC 0.07/0.38 | disc_steps 15 | grad(main/disc) 15.001/2.159 | lr(main/disc) 1.00e-04/3.20e-05 | cuda_peak(alloc/resv) 4.09/5.12GB | phase(train/val/raw/train_eval) 2.7/0.4/0.4/0.0s | 3.5s
2026-08-30 17:21:55 | New best val_f1_macro_present: raw=0.7933 stable_score=0.7933 at epoch 6
2026-08-30 17:21:58 | Epoch 007/060 | loss 1.7208 | cls 1.2035 | tal 0.0805 | dual_g 0.4932 | dual_d 0.8589 | train_acc 0.9104 | train_full n/a | val_acc 0.9167 | val_f1 0.8848 | adv/moduleC 0.13/0.50 | disc_steps 15 | grad(main/disc) 14.283/2.055 | lr(main/disc) 1.00e-04/3.20e-05 | cuda_peak(alloc/resv) 4.09/5.12GB | phase(train/val/raw/train_eval) 2.6/0.4/0.0/0.0s | 3.0s
2026-08-30 17:22:01 | Epoch 008/060 | loss 1.7062 | cls 1.1073 | tal 0.1072 | dual_g 0.5667 | dual_d 0.8322 | train_acc 0.9292 | train_full n/a | val_acc 0.8833 | val_f1 0.8313 | adv/moduleC 0.20/0.62 | disc_steps 15 | grad(main/disc) 14.327/1.962 | lr(main/disc) 1.00e-04/3.20e-05 | cuda_peak(alloc/resv) 4.09/5.12GB | phase(train/val/raw/train_eval) 2.6/0.4/0.0/0.0s | 3.0s
2026-08-30 17:22:04 | Epoch 009/060 | loss 1.7169 | cls 1.0473 | tal 0.0732 | dual_g 0.6476 | dual_d 0.7769 | train_acc 0.9500 | train_full n/a | val_acc 0.9167 | val_f1 0.8882 | adv/moduleC 0.27/0.75 | disc_steps 15 | grad(main/disc) 13.244/1.869 | lr(main/disc) 1.00e-04/3.20e-05 | cuda_peak(alloc/resv) 4.09/5.12GB | phase(train/val/raw/train_eval) 2.6/0.4/0.4/0.0s | 3.4s
2026-08-30 17:22:07 | New best val_f1_macro_present: raw=0.8882 stable_score=0.8313 at epoch 9
2026-08-30 17:22:11 | Epoch 010/060 | loss 1.7388 | cls 1.0173 | tal 0.0544 | dual_g 0.7051 | dual_d 0.7578 | train_acc 0.9646 | train_full 0.9806 | val_acc 0.9250 | val_f1 0.9086 | adv/moduleC 0.33/0.88 | disc_steps 15 | grad(main/disc) 13.695/1.786 | lr(main/disc) 1.00e-04/3.20e-05 | cuda_peak(alloc/resv) 4.09/5.12GB | phase(train/val/raw/train_eval) 2.7/0.4/0.4/0.7s | 4.2s
2026-08-30 17:22:15 | Epoch 011/060 | loss 1.7086 | cls 0.9296 | tal 0.0240 | dual_g 0.7718 | dual_d 0.8155 | train_acc 0.9667 | train_full n/a | val_acc 0.9417 | val_f1 0.9177 | adv/moduleC 0.40/1.00 | disc_steps 15 | grad(main/disc) 11.245/1.840 | lr(main/disc) 1.00e-04/3.20e-05 | cuda_peak(alloc/resv) 4.09/5.12GB | phase(train/val/raw/train_eval) 3.0/0.4/0.4/0.0s | 3.8s
2026-08-30 17:22:17 | New best val_f1_macro_present: raw=0.9177 stable_score=0.8882 at epoch 11
2026-08-30 17:22:20 | Epoch 012/060 | loss 1.6908 | cls 0.9186 | tal 0.0317 | dual_g 0.7626 | dual_d 0.8000 | train_acc 0.9729 | train_full n/a | val_acc 0.9667 | val_f1 0.9479 | adv/moduleC 0.47/1.00 | disc_steps 15 | grad(main/disc) 11.088/1.796 | lr(main/disc) 1.00e-04/3.20e-05 | cuda_peak(alloc/resv) 4.09/5.12GB | phase(train/val/raw/train_eval) 2.6/0.4/0.4/0.0s | 3.4s
2026-08-30 17:22:23 | New best val_f1_macro_present: raw=0.9479 stable_score=0.9086 at epoch 12
2026-08-30 17:22:26 | Epoch 013/060 | loss 1.5921 | cls 0.8856 | tal -0.0761 | dual_g 0.7293 | dual_d 0.8470 | train_acc 0.9750 | train_full n/a | val_acc 0.9833 | val_f1 0.9847 | adv/moduleC 0.53/1.00 | disc_steps 15 | grad(main/disc) 9.537/1.852 | lr(main/disc) 1.00e-04/3.20e-05 | cuda_peak(alloc/resv) 4.09/5.12GB | phase(train/val/raw/train_eval) 2.7/0.4/0.4/0.0s | 3.5s
2026-08-30 17:22:28 | New best val_f1_macro_present: raw=0.9847 stable_score=0.9177 at epoch 13
2026-08-30 17:22:32 | Epoch 014/060 | loss 1.5650 | cls 0.8729 | tal -0.0903 | dual_g 0.7192 | dual_d 0.8737 | train_acc 0.9812 | train_full n/a | val_acc 0.9750 | val_f1 0.9554 | adv/moduleC 0.60/1.00 | disc_steps 15 | grad(main/disc) 9.913/1.881 | lr(main/disc) 1.00e-04/3.20e-05 | cuda_peak(alloc/resv) 4.09/5.12GB | phase(train/val/raw/train_eval) 2.7/0.4/0.4/0.0s | 3.5s
2026-08-30 17:22:34 | New best val_f1_macro_present: raw=0.9554 stable_score=0.9479 at epoch 14
2026-08-30 17:22:38 | Epoch 015/060 | loss 1.5278 | cls 0.8495 | tal -0.1030 | dual_g 0.7092 | dual_d 0.8896 | train_acc 0.9917 | train_full 0.9914 | val_acc 0.9750 | val_f1 0.9554 | adv/moduleC 0.67/1.00 | disc_steps 15 | grad(main/disc) 8.610/1.875 | lr(main/disc) 1.00e-04/3.20e-05 | cuda_peak(alloc/resv) 4.09/5.12GB | phase(train/val/raw/train_eval) 2.7/0.4/0.4/0.7s | 4.2s
2026-08-30 17:22:40 | New best val_f1_macro_present: raw=0.9554 stable_score=0.9554 at epoch 15
2026-08-30 17:22:44 | Epoch 016/060 | loss 1.5316 | cls 0.8575 | tal -0.0826 | dual_g 0.6988 | dual_d 0.9409 | train_acc 0.9958 | train_full n/a | val_acc 0.9833 | val_f1 0.9624 | adv/moduleC 0.73/1.00 | disc_steps 15 | grad(main/disc) 8.226/1.891 | lr(main/disc) 1.00e-04/3.20e-05 | cuda_peak(alloc/resv) 4.09/5.12GB | phase(train/val/raw/train_eval) 2.6/0.4/0.0/0.0s | 3.0s
2026-08-30 17:22:47 | Epoch 017/060 | loss 1.4627 | cls 0.8271 | tal -0.1418 | dual_g 0.6782 | dual_d 0.9110 | train_acc 0.9833 | train_full n/a | val_acc 0.9833 | val_f1 0.9757 | adv/moduleC 0.80/1.00 | disc_steps 15 | grad(main/disc) 7.181/1.887 | lr(main/disc) 1.00e-04/3.20e-05 | cuda_peak(alloc/resv) 4.09/5.12GB | phase(train/val/raw/train_eval) 2.6/0.4/0.0/0.0s | 3.1s
2026-08-30 17:22:50 | Epoch 018/060 | loss 1.4127 | cls 0.7978 | tal -0.1588 | dual_g 0.6625 | dual_d 0.9980 | train_acc 0.9938 | train_full n/a | val_acc 0.9833 | val_f1 0.9757 | adv/moduleC 0.87/1.00 | disc_steps 15 | grad(main/disc) 5.289/1.967 | lr(main/disc) 1.00e-04/3.20e-05 | cuda_peak(alloc/resv) 4.09/5.12GB | phase(train/val/raw/train_eval) 3.0/0.4/0.4/0.0s | 3.8s
2026-08-30 17:22:53 | New best val_f1_macro_present: raw=0.9757 stable_score=0.9624 at epoch 18
2026-08-30 17:22:56 | Epoch 019/060 | loss 1.4041 | cls 0.7928 | tal -0.1356 | dual_g 0.6519 | dual_d 1.0175 | train_acc 0.9979 | train_full n/a | val_acc 0.9833 | val_f1 0.9757 | adv/moduleC 0.93/1.00 | disc_steps 15 | grad(main/disc) 5.347/1.964 | lr(main/disc) 1.00e-04/3.20e-05 | cuda_peak(alloc/resv) 4.09/5.12GB | phase(train/val/raw/train_eval) 2.7/0.4/0.4/0.0s | 3.5s
2026-08-30 17:22:58 | New best val_f1_macro_present: raw=0.9757 stable_score=0.9757 at epoch 19
2026-08-30 17:23:03 | Epoch 020/060 | loss 1.3956 | cls 0.7956 | tal -0.1681 | dual_g 0.6504 | dual_d 1.0394 | train_acc 1.0000 | train_full 0.9935 | val_acc 0.9750 | val_f1 0.9638 | adv/moduleC 1.00/1.00 | disc_steps 15 | grad(main/disc) 5.238/1.986 | lr(main/disc) 1.00e-04/3.20e-05 | cuda_peak(alloc/resv) 4.09/5.12GB | phase(train/val/raw/train_eval) 2.8/0.4/0.4/0.7s | 4.3s
2026-08-30 17:23:06 | Epoch 021/060 | loss 1.4041 | cls 0.8050 | tal -0.1662 | dual_g 0.6489 | dual_d 1.0744 | train_acc 0.9917 | train_full n/a | val_acc 0.9833 | val_f1 0.9847 | adv/moduleC 1.00/1.00 | disc_steps 15 | grad(main/disc) 5.690/1.985 | lr(main/disc) 1.00e-04/3.20e-05 | cuda_peak(alloc/resv) 4.09/5.12GB | phase(train/val/raw/train_eval) 2.7/0.4/0.0/0.0s | 3.1s
2026-08-30 17:23:09 | Epoch 022/060 | loss 1.3724 | cls 0.7870 | tal -0.1905 | dual_g 0.6425 | dual_d 1.0641 | train_acc 0.9958 | train_full n/a | val_acc 0.9833 | val_f1 0.9757 | adv/moduleC 1.00/1.00 | disc_steps 15 | grad(main/disc) 4.741/1.952 | lr(main/disc) 1.00e-04/3.20e-05 | cuda_peak(alloc/resv) 4.09/5.12GB | phase(train/val/raw/train_eval) 2.6/0.4/0.0/0.0s | 3.1s
2026-08-30 17:23:12 | Epoch 023/060 | loss 1.3657 | cls 0.7875 | tal -0.1964 | dual_g 0.6371 | dual_d 1.0924 | train_acc 0.9958 | train_full n/a | val_acc 0.9917 | val_f1 0.9827 | adv/moduleC 1.00/1.00 | disc_steps 15 | grad(main/disc) 4.582/1.944 | lr(main/disc) 1.00e-04/3.20e-05 | cuda_peak(alloc/resv) 4.09/5.12GB | phase(train/val/raw/train_eval) 2.5/0.4/0.0/0.0s | 2.9s
2026-08-30 17:23:15 | Epoch 024/060 | loss 1.3675 | cls 0.7884 | tal -0.2067 | dual_g 0.6412 | dual_d 1.0851 | train_acc 0.9958 | train_full n/a | val_acc 0.9833 | val_f1 0.9757 | adv/moduleC 1.00/1.00 | disc_steps 15 | grad(main/disc) 5.120/1.964 | lr(main/disc) 1.00e-04/3.20e-05 | cuda_peak(alloc/resv) 4.09/5.12GB | phase(train/val/raw/train_eval) 2.7/0.4/0.0/0.0s | 3.1s
2026-08-30 17:23:19 | Epoch 025/060 | loss 1.3455 | cls 0.7787 | tal -0.2123 | dual_g 0.6306 | dual_d 1.0767 | train_acc 0.9958 | train_full 0.9978 | val_acc 0.9833 | val_f1 0.9757 | adv/moduleC 1.00/1.00 | disc_steps 15 | grad(main/disc) 4.369/1.901 | lr(main/disc) 1.00e-04/3.20e-05 | cuda_peak(alloc/resv) 4.09/5.12GB | phase(train/val/raw/train_eval) 2.7/0.4/0.4/0.7s | 4.2s
2026-08-30 17:23:22 | Epoch 026/060 | loss 1.3395 | cls 0.7764 | tal -0.2108 | dual_g 0.6263 | dual_d 1.0935 | train_acc 0.9938 | train_full n/a | val_acc 0.9833 | val_f1 0.9757 | adv/moduleC 1.00/1.00 | disc_steps 15 | grad(main/disc) 4.391/1.895 | lr(main/disc) 1.00e-04/3.20e-05 | cuda_peak(alloc/resv) 4.09/5.12GB | phase(train/val/raw/train_eval) 2.8/0.4/0.0/0.0s | 3.2s
2026-08-30 17:23:25 | Epoch 027/060 | loss 1.3354 | cls 0.7746 | tal -0.1853 | dual_g 0.6164 | dual_d 1.0641 | train_acc 0.9979 | train_full n/a | val_acc 0.9833 | val_f1 0.9757 | adv/moduleC 1.00/1.00 | disc_steps 15 | grad(main/disc) 4.249/1.897 | lr(main/disc) 1.00e-04/3.20e-05 | cuda_peak(alloc/resv) 4.09/5.12GB | phase(train/val/raw/train_eval) 2.6/0.4/0.0/0.0s | 3.0s
2026-08-30 17:23:29 | Epoch 028/060 | loss 1.3356 | cls 0.7637 | tal -0.1447 | dual_g 0.6153 | dual_d 1.0563 | train_acc 1.0000 | train_full n/a | val_acc 0.9833 | val_f1 0.9757 | adv/moduleC 1.00/1.00 | disc_steps 15 | grad(main/disc) 3.740/1.870 | lr(main/disc) 1.00e-04/3.20e-05 | cuda_peak(alloc/resv) 4.09/5.12GB | phase(train/val/raw/train_eval) 2.7/0.4/0.0/0.0s | 3.1s
2026-08-30 17:23:32 | Epoch 029/060 | loss 1.2992 | cls 0.7475 | tal -0.2030 | dual_g 0.6127 | dual_d 1.0196 | train_acc 1.0000 | train_full n/a | val_acc 0.9833 | val_f1 0.9847 | adv/moduleC 1.00/1.00 | disc_steps 15 | grad(main/disc) 2.775/1.817 | lr(main/disc) 1.00e-04/3.20e-05 | cuda_peak(alloc/resv) 4.09/5.12GB | phase(train/val/raw/train_eval) 2.7/0.4/0.0/0.0s | 3.1s
2026-08-30 17:23:36 | Epoch 030/060 | loss 1.2908 | cls 0.7510 | tal -0.2065 | dual_g 0.6018 | dual_d 1.0517 | train_acc 0.9979 | train_full 1.0000 | val_acc 0.9917 | val_f1 0.9827 | adv/moduleC 1.00/1.00 | disc_steps 15 | grad(main/disc) 2.776/1.839 | lr(main/disc) 1.00e-04/3.20e-05 | cuda_peak(alloc/resv) 4.09/5.12GB | phase(train/val/raw/train_eval) 2.6/0.4/0.4/0.7s | 4.2s
2026-08-30 17:23:39 | Epoch 031/060 | loss 1.2928 | cls 0.7439 | tal -0.1928 | dual_g 0.6067 | dual_d 1.0137 | train_acc 1.0000 | train_full n/a | val_acc 0.9833 | val_f1 0.9757 | adv/moduleC 1.00/1.00 | disc_steps 15 | grad(main/disc) 2.901/1.810 | lr(main/disc) 1.00e-04/3.20e-05 | cuda_peak(alloc/resv) 4.09/5.12GB | phase(train/val/raw/train_eval) 2.8/0.4/0.0/0.0s | 3.2s
2026-08-30 17:23:42 | Epoch 032/060 | loss 1.2905 | cls 0.7487 | tal -0.1971 | dual_g 0.6010 | dual_d 1.0114 | train_acc 0.9958 | train_full n/a | val_acc 0.9833 | val_f1 0.9847 | adv/moduleC 1.00/1.00 | disc_steps 15 | grad(main/disc) 3.086/1.754 | lr(main/disc) 1.00e-04/3.20e-05 | cuda_peak(alloc/resv) 4.09/5.12GB | phase(train/val/raw/train_eval) 2.8/0.4/0.0/0.0s | 3.3s
2026-08-30 17:23:45 | Epoch 033/060 | loss 1.3352 | cls 0.7583 | tal -0.1295 | dual_g 0.6157 | dual_d 0.9879 | train_acc 1.0000 | train_full n/a | val_acc 0.9833 | val_f1 0.9757 | adv/moduleC 1.00/1.00 | disc_steps 15 | grad(main/disc) 3.751/1.745 | lr(main/disc) 1.00e-04/3.20e-05 | cuda_peak(alloc/resv) 4.09/5.12GB | phase(train/val/raw/train_eval) 2.6/0.4/0.0/0.0s | 3.0s
2026-08-30 17:23:48 | Epoch 034/060 | loss 1.2983 | cls 0.7465 | tal -0.1819 | dual_g 0.6064 | dual_d 0.9541 | train_acc 0.9979 | train_full n/a | val_acc 0.9917 | val_f1 0.9930 | adv/moduleC 1.00/1.00 | disc_steps 15 | grad(main/disc) 3.351/1.665 | lr(main/disc) 1.00e-04/3.20e-05 | cuda_peak(alloc/resv) 4.09/5.12GB | phase(train/val/raw/train_eval) 2.6/0.4/0.0/0.0s | 3.0s
2026-08-30 17:23:53 | Epoch 035/060 | loss 1.2835 | cls 0.7427 | tal -0.2132 | dual_g 0.6048 | dual_d 0.9335 | train_acc 0.9979 | train_full 1.0000 | val_acc 0.9833 | val_f1 0.9757 | adv/moduleC 1.00/1.00 | disc_steps 15 | grad(main/disc) 2.985/1.624 | lr(main/disc) 1.00e-04/3.20e-05 | cuda_peak(alloc/resv) 4.09/5.12GB | phase(train/val/raw/train_eval) 2.7/0.4/0.4/0.7s | 4.3s
2026-08-30 17:23:56 | Epoch 036/060 | loss 1.2661 | cls 0.7518 | tal -0.3049 | dual_g 0.6057 | dual_d 0.9139 | train_acc 1.0000 | train_full n/a | val_acc 0.9833 | val_f1 0.9757 | adv/moduleC 1.00/1.00 | disc_steps 15 | grad(main/disc) 3.511/1.593 | lr(main/disc) 1.00e-04/3.20e-05 | cuda_peak(alloc/resv) 4.09/5.12GB | phase(train/val/raw/train_eval) 2.8/0.4/0.0/0.0s | 3.2s
2026-08-30 17:23:59 | Epoch 037/060 | loss 1.2325 | cls 0.7383 | tal -0.3547 | dual_g 0.6006 | dual_d 0.9388 | train_acc 1.0000 | train_full n/a | val_acc 0.9917 | val_f1 0.9827 | adv/moduleC 1.00/1.00 | disc_steps 15 | grad(main/disc) 2.811/1.608 | lr(main/disc) 1.00e-04/3.20e-05 | cuda_peak(alloc/resv) 4.09/5.12GB | phase(train/val/raw/train_eval) 2.6/0.4/0.0/0.0s | 3.1s
2026-08-30 17:24:02 | Epoch 038/060 | loss 1.2371 | cls 0.7366 | tal -0.3193 | dual_g 0.5964 | dual_d 0.9259 | train_acc 1.0000 | train_full n/a | val_acc 0.9833 | val_f1 0.9847 | adv/moduleC 1.00/1.00 | disc_steps 15 | grad(main/disc) 2.460/1.581 | lr(main/disc) 1.00e-04/3.20e-05 | cuda_peak(alloc/resv) 4.09/5.12GB | phase(train/val/raw/train_eval) 2.7/0.4/0.0/0.0s | 3.1s
2026-08-30 17:24:05 | Epoch 039/060 | loss 1.2233 | cls 0.7385 | tal -0.3600 | dual_g 0.5927 | dual_d 0.9270 | train_acc 0.9979 | train_full n/a | val_acc 0.9917 | val_f1 0.9827 | adv/moduleC 1.00/1.00 | disc_steps 15 | grad(main/disc) 2.735/1.580 | lr(main/disc) 1.00e-04/3.20e-05 | cuda_peak(alloc/resv) 4.09/5.12GB | phase(train/val/raw/train_eval) 2.6/0.4/0.4/0.0s | 3.5s
2026-08-30 17:24:08 | New best val_f1_macro_present: raw=0.9827 stable_score=0.9827 at epoch 39
2026-08-30 17:24:12 | Epoch 040/060 | loss 1.2408 | cls 0.7334 | tal -0.2796 | dual_g 0.5913 | dual_d 0.9262 | train_acc 1.0000 | train_full 1.0000 | val_acc 0.9917 | val_f1 0.9827 | adv/moduleC 1.00/1.00 | disc_steps 15 | grad(main/disc) 2.619/1.561 | lr(main/disc) 1.00e-04/3.20e-05 | cuda_peak(alloc/resv) 4.09/5.12GB | phase(train/val/raw/train_eval) 2.7/0.4/0.4/0.7s | 4.2s
2026-08-30 17:24:15 | Epoch 041/060 | loss 1.2647 | cls 0.7397 | tal -0.2400 | dual_g 0.5970 | dual_d 0.9507 | train_acc 0.9979 | train_full n/a | val_acc 0.9917 | val_f1 0.9917 | adv/moduleC 1.00/1.00 | disc_steps 15 | grad(main/disc) 3.341/1.592 | lr(main/disc) 1.00e-04/3.20e-05 | cuda_peak(alloc/resv) 4.09/5.12GB | phase(train/val/raw/train_eval) 2.7/0.4/0.0/0.0s | 3.1s
2026-08-30 17:24:18 | Epoch 042/060 | loss 1.2186 | cls 0.7281 | tal -0.3282 | dual_g 0.5890 | dual_d 0.9252 | train_acc 1.0000 | train_full n/a | val_acc 0.9917 | val_f1 0.9827 | adv/moduleC 1.00/1.00 | disc_steps 15 | grad(main/disc) 2.253/1.573 | lr(main/disc) 1.00e-04/3.20e-05 | cuda_peak(alloc/resv) 4.09/5.12GB | phase(train/val/raw/train_eval) 2.7/0.4/0.0/0.0s | 3.1s
2026-08-30 17:24:21 | Epoch 043/060 | loss 1.2353 | cls 0.7304 | tal -0.3027 | dual_g 0.5958 | dual_d 0.8613 | train_acc 1.0000 | train_full n/a | val_acc 0.9917 | val_f1 0.9827 | adv/moduleC 1.00/1.00 | disc_steps 15 | grad(main/disc) 2.697/1.445 | lr(main/disc) 5.00e-05/1.60e-05 | cuda_peak(alloc/resv) 4.09/5.12GB | phase(train/val/raw/train_eval) 2.8/0.4/0.0/0.0s | 3.2s
2026-08-30 17:24:24 | Epoch 044/060 | loss 1.2194 | cls 0.7249 | tal -0.2985 | dual_g 0.5841 | dual_d 0.9067 | train_acc 1.0000 | train_full n/a | val_acc 0.9917 | val_f1 0.9827 | adv/moduleC 1.00/1.00 | disc_steps 15 | grad(main/disc) 2.173/1.474 | lr(main/disc) 5.00e-05/1.60e-05 | cuda_peak(alloc/resv) 4.09/5.12GB | phase(train/val/raw/train_eval) 2.6/0.4/0.0/0.0s | 3.0s
2026-08-30 17:24:29 | Epoch 045/060 | loss 1.1888 | cls 0.7211 | tal -0.3764 | dual_g 0.5806 | dual_d 0.9198 | train_acc 1.0000 | train_full 1.0000 | val_acc 0.9917 | val_f1 0.9827 | adv/moduleC 1.00/1.00 | disc_steps 15 | grad(main/disc) 1.824/1.472 | lr(main/disc) 5.00e-05/1.60e-05 | cuda_peak(alloc/resv) 4.09/5.12GB | phase(train/val/raw/train_eval) 2.9/0.5/0.4/0.7s | 4.5s
2026-08-30 17:24:32 | Epoch 046/060 | loss 1.2342 | cls 0.7304 | tal -0.2564 | dual_g 0.5807 | dual_d 0.8831 | train_acc 0.9979 | train_full n/a | val_acc 0.9917 | val_f1 0.9827 | adv/moduleC 1.00/1.00 | disc_steps 15 | grad(main/disc) 2.627/1.492 | lr(main/disc) 5.00e-05/1.60e-05 | cuda_peak(alloc/resv) 4.09/5.12GB | phase(train/val/raw/train_eval) 2.6/0.4/0.0/0.0s | 3.1s
2026-08-30 17:24:35 | Epoch 047/060 | loss 1.1871 | cls 0.7190 | tal -0.3701 | dual_g 0.5791 | dual_d 0.8962 | train_acc 1.0000 | train_full n/a | val_acc 0.9917 | val_f1 0.9827 | adv/moduleC 1.00/1.00 | disc_steps 15 | grad(main/disc) 1.829/1.466 | lr(main/disc) 5.00e-05/1.60e-05 | cuda_peak(alloc/resv) 4.09/5.12GB | phase(train/val/raw/train_eval) 2.7/0.4/0.0/0.0s | 3.1s
2026-08-30 17:24:38 | Epoch 048/060 | loss 1.1945 | cls 0.7185 | tal -0.3501 | dual_g 0.5811 | dual_d 0.9057 | train_acc 1.0000 | train_full n/a | val_acc 0.9917 | val_f1 0.9827 | adv/moduleC 1.00/1.00 | disc_steps 15 | grad(main/disc) 1.753/1.474 | lr(main/disc) 5.00e-05/1.60e-05 | cuda_peak(alloc/resv) 4.09/5.12GB | phase(train/val/raw/train_eval) 2.6/0.4/0.0/0.0s | 3.0s
2026-08-30 17:24:41 | Epoch 049/060 | loss 1.2277 | cls 0.7248 | tal -0.2572 | dual_g 0.5801 | dual_d 0.8512 | train_acc 1.0000 | train_full n/a | val_acc 0.9917 | val_f1 0.9827 | adv/moduleC 1.00/1.00 | disc_steps 15 | grad(main/disc) 2.113/1.372 | lr(main/disc) 5.00e-05/1.60e-05 | cuda_peak(alloc/resv) 4.09/5.12GB | phase(train/val/raw/train_eval) 2.7/0.4/0.0/0.0s | 3.1s
2026-08-30 17:24:45 | Epoch 050/060 | loss 1.1934 | cls 0.7169 | tal -0.3444 | dual_g 0.5799 | dual_d 0.9155 | train_acc 1.0000 | train_full 1.0000 | val_acc 0.9917 | val_f1 0.9827 | adv/moduleC 1.00/1.00 | disc_steps 15 | grad(main/disc) 1.969/1.472 | lr(main/disc) 5.00e-05/1.60e-05 | cuda_peak(alloc/resv) 4.09/5.12GB | phase(train/val/raw/train_eval) 2.6/0.4/0.4/0.7s | 4.2s
2026-08-30 17:24:48 | Epoch 051/060 | loss 1.1920 | cls 0.7171 | tal -0.3337 | dual_g 0.5750 | dual_d 0.8711 | train_acc 1.0000 | train_full n/a | val_acc 0.9917 | val_f1 0.9827 | adv/moduleC 1.00/1.00 | disc_steps 15 | grad(main/disc) 1.661/1.404 | lr(main/disc) 5.00e-05/1.60e-05 | cuda_peak(alloc/resv) 4.09/5.12GB | phase(train/val/raw/train_eval) 2.6/0.4/0.0/0.0s | 3.0s
2026-08-30 17:24:52 | Epoch 052/060 | loss 1.2018 | cls 0.7169 | tal -0.3083 | dual_g 0.5774 | dual_d 0.8998 | train_acc 1.0000 | train_full n/a | val_acc 0.9917 | val_f1 0.9827 | adv/moduleC 1.00/1.00 | disc_steps 15 | grad(main/disc) 1.973/1.403 | lr(main/disc) 2.50e-05/8.00e-06 | cuda_peak(alloc/resv) 4.09/5.12GB | phase(train/val/raw/train_eval) 2.7/0.4/0.0/0.0s | 3.1s
2026-08-30 17:24:55 | Epoch 053/060 | loss 1.1902 | cls 0.7133 | tal -0.3347 | dual_g 0.5774 | dual_d 0.8776 | train_acc 1.0000 | train_full n/a | val_acc 0.9917 | val_f1 0.9827 | adv/moduleC 1.00/1.00 | disc_steps 15 | grad(main/disc) 1.691/1.392 | lr(main/disc) 2.50e-05/8.00e-06 | cuda_peak(alloc/resv) 4.09/5.12GB | phase(train/val/raw/train_eval) 2.7/0.4/0.0/0.0s | 3.1s
2026-08-30 17:24:58 | Epoch 054/060 | loss 1.1859 | cls 0.7104 | tal -0.3230 | dual_g 0.5725 | dual_d 0.8871 | train_acc 1.0000 | train_full n/a | val_acc 0.9917 | val_f1 0.9827 | adv/moduleC 1.00/1.00 | disc_steps 15 | grad(main/disc) 1.532/1.394 | lr(main/disc) 2.50e-05/8.00e-06 | cuda_peak(alloc/resv) 4.09/5.12GB | phase(train/val/raw/train_eval) 2.7/0.4/0.0/0.0s | 3.1s
2026-08-30 17:24:58 | Early stopping at epoch 54 after 15 epochs without val_f1_macro_present improvement.
2026-08-30 17:24:58 | Training complete. Peak validation accuracy: 0.9917 | selected val_f1_macro_present: 0.9827
