2026-08-30 17:28:15 | Starting Dual_D standalone training
2026-08-30 17:28:15 | Run directory: runs/module_c_v11_ablation_60/module_c_20260830_155840/module_c_no_prototype_contrastive_黑天_20260830_172123
2026-08-30 17:28:15 | Device: cuda
2026-08-30 17:28:15 | Source train samples: 992
2026-08-30 17:28:15 | Target train samples: 465
2026-08-30 17:28:15 | Target val samples: 120
2026-08-30 17:28:15 | Classes: 14
2026-08-30 17:28:15 | Data audit: same_dir=False | path_overlap(vis/ir/ais)=0/0/0 | content_overlap(vis/ir/ais)=0/0/0 | ais_index_overlap=0 | stem_mismatch(vis-ir/vis-ais)=578/0
2026-08-30 17:28:15 | source_train classes: present 14/14 | absent 0 | counts [0:120, 1:44, 2:69, 3:45, 4:40, 5:30, 6:64, 7:80, 8:116, 9:68, 10:57, 11:83, 12:48, 13:128]
2026-08-30 17:28:15 | target_train classes: present 8/14 | absent 6 | counts [0:100, 2:11, 3:16, 6:89, 9:162, 10:12, 11:44, 13:31]
2026-08-30 17:28:15 | target_val classes: present 8/14 | absent 6 | counts [0:26, 2:3, 3:5, 6:23, 9:41, 10:3, 11:11, 13:8]
2026-08-30 17:28:15 | Paired training classes: 8/14 | class ids [0, 2, 3, 6, 9, 10, 11, 13]
2026-08-30 17:28:15 | Runtime profile: batch=16 | paired_steps=30 | workers=16 | train_eval_every=5 | raw_eval_every=5 | stability_window=3 | lr_scheduler_start=24 | early_stop=15 after min_epoch=50
2026-08-30 17:28:15 | Augmentation profile: base=0.500 | visible=0.500 | infrared=0.500 | freeze_frozen_batch_norm_stats=True
2026-08-30 17:28:15 | VIS/IR pairing: class-level-unpaired | count-mismatch classes train/val: 10/0 | AIS alignment: none | AIS rows train/val: 0/0
2026-08-30 17:28:16 | Effective Dual-D loss weights: {"adv_auxiliary": 0.025, "adv_primary": 0.025, "classification": 0.65, "contrastive": 0.055, "cycle": 0.12, "identity": 0.025, "prototype_contrastive": 0.0}
2026-08-30 17:28:16 | Model parameters: total=17277714 | trainable=17120210
2026-08-30 17:28:20 | Epoch 001/060 | loss 4.5103 | cls 4.4476 | tal 0.2092 | dual_g 0.0000 | dual_d 0.0000 | train_acc 0.2229 | train_full 0.1914 | val_acc 0.2083 | val_f1 0.2557 | adv/moduleC 0.00/0.00 | disc_steps 0 | grad(main/disc) 24.926/0.000 | lr(main/disc) 1.00e-04/3.20e-05 | cuda_peak(alloc/resv) 4.09/5.12GB | phase(train/val/raw/train_eval) 2.9/0.4/0.4/0.8s | 4.5s
2026-08-30 17:28:24 | Epoch 002/060 | loss 3.0655 | cls 3.0206 | tal 0.1498 | dual_g 0.0000 | dual_d 0.0000 | train_acc 0.4896 | train_full n/a | val_acc 0.6500 | val_f1 0.6192 | adv/moduleC 0.00/0.00 | disc_steps 0 | grad(main/disc) 19.677/0.000 | lr(main/disc) 1.00e-04/3.20e-05 | cuda_peak(alloc/resv) 4.09/5.12GB | phase(train/val/raw/train_eval) 2.7/0.4/0.0/0.0s | 3.1s
2026-08-30 17:28:27 | Epoch 003/060 | loss 2.3859 | cls 2.3632 | tal 0.0755 | dual_g 0.0000 | dual_d 0.0000 | train_acc 0.6604 | train_full n/a | val_acc 0.4833 | val_f1 0.5792 | adv/moduleC 0.00/0.00 | disc_steps 0 | grad(main/disc) 18.480/0.000 | lr(main/disc) 1.00e-04/3.20e-05 | cuda_peak(alloc/resv) 4.09/5.12GB | phase(train/val/raw/train_eval) 2.6/0.4/0.4/0.0s | 3.4s
2026-08-30 17:28:29 | New best val_f1_macro_present: raw=0.5792 stable_score=0.2557 at epoch 3
2026-08-30 17:28:33 | Epoch 004/060 | loss 2.1119 | cls 1.9142 | tal -0.0017 | dual_g 0.1982 | dual_d 0.0000 | train_acc 0.7708 | train_full n/a | val_acc 0.8000 | val_f1 0.7502 | adv/moduleC 0.00/0.12 | disc_steps 0 | grad(main/disc) 17.787/0.000 | lr(main/disc) 1.00e-04/3.20e-05 | cuda_peak(alloc/resv) 4.09/5.12GB | phase(train/val/raw/train_eval) 2.7/0.4/0.4/0.0s | 3.5s
2026-08-30 17:28:35 | New best val_f1_macro_present: raw=0.7502 stable_score=0.5792 at epoch 4
2026-08-30 17:28:39 | Epoch 005/060 | loss 1.9177 | cls 1.6095 | tal -0.0525 | dual_g 0.3240 | dual_d 0.0000 | train_acc 0.8146 | train_full 0.8817 | val_acc 0.8667 | val_f1 0.8319 | adv/moduleC 0.00/0.25 | disc_steps 0 | grad(main/disc) 15.698/0.000 | lr(main/disc) 1.00e-04/3.20e-05 | cuda_peak(alloc/resv) 4.09/5.12GB | phase(train/val/raw/train_eval) 2.7/0.4/0.4/0.7s | 4.3s
2026-08-30 17:28:43 | Epoch 006/060 | loss 1.6890 | cls 1.2977 | tal -0.0492 | dual_g 0.4061 | dual_d 0.8787 | train_acc 0.9083 | train_full n/a | val_acc 0.8417 | val_f1 0.8018 | adv/moduleC 0.07/0.38 | disc_steps 15 | grad(main/disc) 13.831/1.953 | lr(main/disc) 1.00e-04/3.20e-05 | cuda_peak(alloc/resv) 4.09/5.12GB | phase(train/val/raw/train_eval) 2.6/0.4/0.4/0.0s | 3.5s
2026-08-30 17:28:45 | New best val_f1_macro_present: raw=0.8018 stable_score=0.7502 at epoch 6
2026-08-30 17:28:48 | Epoch 007/060 | loss 1.7718 | cls 1.2808 | tal -0.0794 | dual_g 0.5148 | dual_d 0.8120 | train_acc 0.9292 | train_full n/a | val_acc 0.9000 | val_f1 0.8679 | adv/moduleC 0.13/0.50 | disc_steps 15 | grad(main/disc) 15.486/1.831 | lr(main/disc) 1.00e-04/3.20e-05 | cuda_peak(alloc/resv) 4.09/5.12GB | phase(train/val/raw/train_eval) 2.6/0.4/0.4/0.0s | 3.5s
2026-08-30 17:28:51 | New best val_f1_macro_present: raw=0.8679 stable_score=0.8018 at epoch 7
2026-08-30 17:28:54 | Epoch 008/060 | loss 1.8013 | cls 1.2074 | tal -0.0227 | dual_g 0.6008 | dual_d 0.8248 | train_acc 0.9104 | train_full n/a | val_acc 0.9333 | val_f1 0.9328 | adv/moduleC 0.20/0.62 | disc_steps 15 | grad(main/disc) 14.160/1.881 | lr(main/disc) 1.00e-04/3.20e-05 | cuda_peak(alloc/resv) 4.09/5.12GB | phase(train/val/raw/train_eval) 2.6/0.4/0.0/0.0s | 3.0s
2026-08-30 17:28:57 | Epoch 009/060 | loss 1.6551 | cls 1.0390 | tal -0.0842 | dual_g 0.6413 | dual_d 0.7835 | train_acc 0.9437 | train_full n/a | val_acc 0.9500 | val_f1 0.9227 | adv/moduleC 0.27/0.75 | disc_steps 15 | grad(main/disc) 11.848/1.768 | lr(main/disc) 1.00e-04/3.20e-05 | cuda_peak(alloc/resv) 4.09/5.12GB | phase(train/val/raw/train_eval) 2.7/0.4/0.4/0.0s | 3.6s
2026-08-30 17:28:59 | New best val_f1_macro_present: raw=0.9227 stable_score=0.8679 at epoch 9
2026-08-30 17:29:04 | Epoch 010/060 | loss 1.7190 | cls 1.0102 | tal -0.0733 | dual_g 0.7308 | dual_d 0.7858 | train_acc 0.9563 | train_full 0.9613 | val_acc 0.9417 | val_f1 0.9128 | adv/moduleC 0.33/0.88 | disc_steps 15 | grad(main/disc) 12.719/1.745 | lr(main/disc) 1.00e-04/3.20e-05 | cuda_peak(alloc/resv) 4.09/5.12GB | phase(train/val/raw/train_eval) 2.6/0.4/0.4/0.7s | 4.2s
2026-08-30 17:29:06 | New best val_f1_macro_present: raw=0.9128 stable_score=0.9128 at epoch 10
2026-08-30 17:29:09 | Epoch 011/060 | loss 1.6604 | cls 0.9177 | tal -0.0602 | dual_g 0.7608 | dual_d 0.7576 | train_acc 0.9854 | train_full n/a | val_acc 0.9583 | val_f1 0.9358 | adv/moduleC 0.40/1.00 | disc_steps 15 | grad(main/disc) 10.563/1.685 | lr(main/disc) 1.00e-04/3.20e-05 | cuda_peak(alloc/resv) 4.09/5.12GB | phase(train/val/raw/train_eval) 2.6/0.4/0.0/0.0s | 3.0s
2026-08-30 17:29:12 | Epoch 012/060 | loss 1.6542 | cls 0.9188 | tal -0.0416 | dual_g 0.7479 | dual_d 0.7904 | train_acc 0.9750 | train_full n/a | val_acc 0.9833 | val_f1 0.9714 | adv/moduleC 0.47/1.00 | disc_steps 15 | grad(main/disc) 10.565/1.744 | lr(main/disc) 1.00e-04/3.20e-05 | cuda_peak(alloc/resv) 4.09/5.12GB | phase(train/val/raw/train_eval) 2.7/0.4/0.0/0.0s | 3.2s
2026-08-30 17:29:16 | Epoch 013/060 | loss 1.6255 | cls 0.8809 | tal 0.0384 | dual_g 0.7330 | dual_d 0.7789 | train_acc 0.9833 | train_full n/a | val_acc 0.9750 | val_f1 0.9773 | adv/moduleC 0.53/1.00 | disc_steps 15 | grad(main/disc) 9.485/1.724 | lr(main/disc) 1.00e-04/3.20e-05 | cuda_peak(alloc/resv) 4.09/5.12GB | phase(train/val/raw/train_eval) 2.5/0.4/0.4/0.0s | 3.4s
2026-08-30 17:29:18 | New best val_f1_macro_present: raw=0.9773 stable_score=0.9358 at epoch 13
2026-08-30 17:29:21 | Epoch 014/060 | loss 1.5627 | cls 0.8631 | tal -0.0390 | dual_g 0.7113 | dual_d 0.7855 | train_acc 0.9833 | train_full n/a | val_acc 0.9500 | val_f1 0.9297 | adv/moduleC 0.60/1.00 | disc_steps 15 | grad(main/disc) 9.476/1.689 | lr(main/disc) 1.00e-04/3.20e-05 | cuda_peak(alloc/resv) 4.09/5.12GB | phase(train/val/raw/train_eval) 2.8/0.4/0.0/0.0s | 3.2s
2026-08-30 17:29:25 | Epoch 015/060 | loss 1.5722 | cls 0.8879 | tal -0.0657 | dual_g 0.7040 | dual_d 0.8342 | train_acc 0.9833 | train_full 0.9978 | val_acc 0.9750 | val_f1 0.9644 | adv/moduleC 0.67/1.00 | disc_steps 15 | grad(main/disc) 9.276/1.798 | lr(main/disc) 1.00e-04/3.20e-05 | cuda_peak(alloc/resv) 4.09/5.12GB | phase(train/val/raw/train_eval) 2.6/0.4/0.4/0.7s | 4.2s
2026-08-30 17:29:28 | Epoch 016/060 | loss 1.5422 | cls 0.8514 | tal -0.0631 | dual_g 0.7097 | dual_d 0.8593 | train_acc 0.9938 | train_full n/a | val_acc 0.9750 | val_f1 0.9644 | adv/moduleC 0.73/1.00 | disc_steps 15 | grad(main/disc) 8.747/1.750 | lr(main/disc) 1.00e-04/3.20e-05 | cuda_peak(alloc/resv) 4.09/5.12GB | phase(train/val/raw/train_eval) 2.6/0.4/0.0/0.0s | 3.1s
2026-08-30 17:29:32 | Epoch 017/060 | loss 1.4572 | cls 0.8051 | tal -0.0831 | dual_g 0.6770 | dual_d 0.8467 | train_acc 0.9938 | train_full n/a | val_acc 0.9750 | val_f1 0.9554 | adv/moduleC 0.80/1.00 | disc_steps 15 | grad(main/disc) 5.761/1.696 | lr(main/disc) 1.00e-04/3.20e-05 | cuda_peak(alloc/resv) 4.09/5.12GB | phase(train/val/raw/train_eval) 2.7/0.4/0.4/0.0s | 3.5s
2026-08-30 17:29:34 | New best val_f1_macro_present: raw=0.9554 stable_score=0.9554 at epoch 17
2026-08-30 17:29:37 | Epoch 018/060 | loss 1.4715 | cls 0.8368 | tal -0.1324 | dual_g 0.6744 | dual_d 0.9100 | train_acc 0.9854 | train_full n/a | val_acc 0.9667 | val_f1 0.9444 | adv/moduleC 0.87/1.00 | disc_steps 15 | grad(main/disc) 6.882/1.792 | lr(main/disc) 1.00e-04/3.20e-05 | cuda_peak(alloc/resv) 4.09/5.12GB | phase(train/val/raw/train_eval) 2.6/0.4/0.0/0.0s | 3.0s
2026-08-30 17:29:40 | Epoch 019/060 | loss 1.4032 | cls 0.8068 | tal -0.2008 | dual_g 0.6567 | dual_d 0.9248 | train_acc 0.9938 | train_full n/a | val_acc 0.9750 | val_f1 0.9644 | adv/moduleC 0.93/1.00 | disc_steps 15 | grad(main/disc) 5.439/1.786 | lr(main/disc) 1.00e-04/3.20e-05 | cuda_peak(alloc/resv) 4.09/5.12GB | phase(train/val/raw/train_eval) 2.6/0.4/0.0/0.0s | 3.0s
2026-08-30 17:29:44 | Epoch 020/060 | loss 1.3991 | cls 0.8021 | tal -0.2129 | dual_g 0.6608 | dual_d 0.9963 | train_acc 0.9958 | train_full 1.0000 | val_acc 0.9750 | val_f1 0.9554 | adv/moduleC 1.00/1.00 | disc_steps 15 | grad(main/disc) 5.290/1.866 | lr(main/disc) 1.00e-04/3.20e-05 | cuda_peak(alloc/resv) 4.09/5.12GB | phase(train/val/raw/train_eval) 2.9/0.4/0.4/0.7s | 4.4s
2026-08-30 17:29:48 | Epoch 021/060 | loss 1.3883 | cls 0.7833 | tal -0.1641 | dual_g 0.6542 | dual_d 1.0162 | train_acc 1.0000 | train_full n/a | val_acc 0.9750 | val_f1 0.9644 | adv/moduleC 1.00/1.00 | disc_steps 15 | grad(main/disc) 4.713/1.880 | lr(main/disc) 1.00e-04/3.20e-05 | cuda_peak(alloc/resv) 4.09/5.12GB | phase(train/val/raw/train_eval) 2.7/0.4/0.0/0.0s | 3.2s
2026-08-30 17:29:51 | Epoch 022/060 | loss 1.4058 | cls 0.8037 | tal -0.1741 | dual_g 0.6543 | dual_d 0.9495 | train_acc 0.9958 | train_full n/a | val_acc 0.9833 | val_f1 0.9757 | adv/moduleC 1.00/1.00 | disc_steps 15 | grad(main/disc) 5.464/1.757 | lr(main/disc) 1.00e-04/3.20e-05 | cuda_peak(alloc/resv) 4.09/5.12GB | phase(train/val/raw/train_eval) 2.6/0.4/0.0/0.0s | 3.1s
2026-08-30 17:29:55 | Epoch 023/060 | loss 1.3780 | cls 0.7910 | tal -0.2141 | dual_g 0.6513 | dual_d 0.9661 | train_acc 0.9979 | train_full n/a | val_acc 0.9750 | val_f1 0.9644 | adv/moduleC 1.00/1.00 | disc_steps 15 | grad(main/disc) 5.268/1.752 | lr(main/disc) 1.00e-04/3.20e-05 | cuda_peak(alloc/resv) 4.09/5.12GB | phase(train/val/raw/train_eval) 3.0/0.4/0.4/0.0s | 3.9s
2026-08-30 17:29:57 | New best val_f1_macro_present: raw=0.9644 stable_score=0.9644 at epoch 23
2026-08-30 17:30:00 | Epoch 024/060 | loss 1.3520 | cls 0.7735 | tal -0.2317 | dual_g 0.6480 | dual_d 0.9347 | train_acc 0.9958 | train_full n/a | val_acc 0.9667 | val_f1 0.9479 | adv/moduleC 1.00/1.00 | disc_steps 15 | grad(main/disc) 4.793/1.731 | lr(main/disc) 1.00e-04/3.20e-05 | cuda_peak(alloc/resv) 4.09/5.12GB | phase(train/val/raw/train_eval) 2.8/0.4/0.0/0.0s | 3.2s
2026-08-30 17:30:04 | Epoch 025/060 | loss 1.3511 | cls 0.7798 | tal -0.2459 | dual_g 0.6451 | dual_d 0.9383 | train_acc 0.9917 | train_full 0.9978 | val_acc 0.9833 | val_f1 0.9847 | adv/moduleC 1.00/1.00 | disc_steps 15 | grad(main/disc) 4.888/1.745 | lr(main/disc) 1.00e-04/3.20e-05 | cuda_peak(alloc/resv) 4.09/5.12GB | phase(train/val/raw/train_eval) 2.7/0.4/0.4/0.7s | 4.3s
2026-08-30 17:30:07 | Epoch 026/060 | loss 1.3531 | cls 0.7684 | tal -0.1723 | dual_g 0.6364 | dual_d 0.9201 | train_acc 0.9917 | train_full n/a | val_acc 0.9750 | val_f1 0.9644 | adv/moduleC 1.00/1.00 | disc_steps 15 | grad(main/disc) 4.255/1.685 | lr(main/disc) 1.00e-04/3.20e-05 | cuda_peak(alloc/resv) 4.09/5.12GB | phase(train/val/raw/train_eval) 2.7/0.4/0.0/0.0s | 3.2s
2026-08-30 17:30:11 | Epoch 027/060 | loss 1.3414 | cls 0.7695 | tal -0.2029 | dual_g 0.6328 | dual_d 0.9660 | train_acc 1.0000 | train_full n/a | val_acc 0.9833 | val_f1 0.9847 | adv/moduleC 1.00/1.00 | disc_steps 15 | grad(main/disc) 4.288/1.697 | lr(main/disc) 1.00e-04/3.20e-05 | cuda_peak(alloc/resv) 4.09/5.12GB | phase(train/val/raw/train_eval) 2.7/0.4/0.0/0.0s | 3.2s
2026-08-30 17:30:14 | Epoch 028/060 | loss 1.3134 | cls 0.7630 | tal -0.2334 | dual_g 0.6203 | dual_d 0.9635 | train_acc 0.9958 | train_full n/a | val_acc 0.9750 | val_f1 0.9644 | adv/moduleC 1.00/1.00 | disc_steps 15 | grad(main/disc) 3.293/1.710 | lr(main/disc) 1.00e-04/3.20e-05 | cuda_peak(alloc/resv) 4.09/5.12GB | phase(train/val/raw/train_eval) 2.6/0.4/0.0/0.0s | 3.0s
2026-08-30 17:30:17 | Epoch 029/060 | loss 1.3207 | cls 0.7695 | tal -0.2779 | dual_g 0.6345 | dual_d 0.9315 | train_acc 0.9979 | train_full n/a | val_acc 0.9833 | val_f1 0.9847 | adv/moduleC 1.00/1.00 | disc_steps 15 | grad(main/disc) 3.872/1.653 | lr(main/disc) 1.00e-04/3.20e-05 | cuda_peak(alloc/resv) 4.09/5.12GB | phase(train/val/raw/train_eval) 2.7/0.4/0.0/0.0s | 3.1s
2026-08-30 17:30:21 | Epoch 030/060 | loss 1.2974 | cls 0.7673 | tal -0.3288 | dual_g 0.6288 | dual_d 0.9031 | train_acc 0.9958 | train_full 1.0000 | val_acc 0.9750 | val_f1 0.9644 | adv/moduleC 1.00/1.00 | disc_steps 15 | grad(main/disc) 4.637/1.565 | lr(main/disc) 1.00e-04/3.20e-05 | cuda_peak(alloc/resv) 4.09/5.12GB | phase(train/val/raw/train_eval) 2.5/0.4/0.4/0.7s | 4.1s
2026-08-30 17:30:24 | Epoch 031/060 | loss 1.3060 | cls 0.7607 | tal -0.2725 | dual_g 0.6270 | dual_d 0.9238 | train_acc 0.9938 | train_full n/a | val_acc 0.9833 | val_f1 0.9624 | adv/moduleC 1.00/1.00 | disc_steps 15 | grad(main/disc) 4.202/1.615 | lr(main/disc) 1.00e-04/3.20e-05 | cuda_peak(alloc/resv) 4.09/5.12GB | phase(train/val/raw/train_eval) 2.6/0.4/0.0/0.0s | 3.1s
2026-08-30 17:30:27 | Epoch 032/060 | loss 1.2907 | cls 0.7526 | tal -0.2617 | dual_g 0.6166 | dual_d 0.8902 | train_acc 0.9938 | train_full n/a | val_acc 0.9750 | val_f1 0.9749 | adv/moduleC 1.00/1.00 | disc_steps 15 | grad(main/disc) 3.917/1.564 | lr(main/disc) 1.00e-04/3.20e-05 | cuda_peak(alloc/resv) 4.09/5.12GB | phase(train/val/raw/train_eval) 2.6/0.4/0.0/0.0s | 3.1s
2026-08-30 17:30:30 | Epoch 033/060 | loss 1.3578 | cls 0.7488 | tal -0.0240 | dual_g 0.6162 | dual_d 0.9154 | train_acc 0.9979 | train_full n/a | val_acc 0.9833 | val_f1 0.9847 | adv/moduleC 1.00/1.00 | disc_steps 15 | grad(main/disc) 3.386/1.568 | lr(main/disc) 1.00e-04/3.20e-05 | cuda_peak(alloc/resv) 4.09/5.12GB | phase(train/val/raw/train_eval) 2.6/0.4/0.0/0.0s | 3.0s
2026-08-30 17:30:34 | Epoch 034/060 | loss 1.3365 | cls 0.7460 | tal -0.0830 | dual_g 0.6153 | dual_d 0.9329 | train_acc 0.9958 | train_full n/a | val_acc 0.9917 | val_f1 0.9917 | adv/moduleC 1.00/1.00 | disc_steps 15 | grad(main/disc) 2.956/1.586 | lr(main/disc) 1.00e-04/3.20e-05 | cuda_peak(alloc/resv) 4.09/5.12GB | phase(train/val/raw/train_eval) 2.8/0.4/0.4/0.0s | 3.7s
2026-08-30 17:30:36 | New best val_f1_macro_present: raw=0.9917 stable_score=0.9749 at epoch 34
2026-08-30 17:30:40 | Epoch 035/060 | loss 1.2958 | cls 0.7340 | tal -0.1358 | dual_g 0.6025 | dual_d 0.9106 | train_acc 1.0000 | train_full 1.0000 | val_acc 0.9833 | val_f1 0.9757 | adv/moduleC 1.00/1.00 | disc_steps 15 | grad(main/disc) 2.465/1.562 | lr(main/disc) 1.00e-04/3.20e-05 | cuda_peak(alloc/resv) 4.09/5.12GB | phase(train/val/raw/train_eval) 2.6/0.4/0.5/0.7s | 4.2s
2026-08-30 17:30:43 | Epoch 036/060 | loss 1.2743 | cls 0.7316 | tal -0.1811 | dual_g 0.5970 | dual_d 0.9235 | train_acc 1.0000 | train_full n/a | val_acc 0.9917 | val_f1 0.9917 | adv/moduleC 1.00/1.00 | disc_steps 15 | grad(main/disc) 2.186/1.546 | lr(main/disc) 1.00e-04/3.20e-05 | cuda_peak(alloc/resv) 4.09/5.12GB | phase(train/val/raw/train_eval) 2.7/0.4/0.0/0.0s | 3.2s
2026-08-30 17:30:47 | Epoch 037/060 | loss 1.2935 | cls 0.7403 | tal -0.1538 | dual_g 0.5993 | dual_d 0.9170 | train_acc 0.9979 | train_full n/a | val_acc 0.9917 | val_f1 0.9827 | adv/moduleC 1.00/1.00 | disc_steps 15 | grad(main/disc) 2.745/1.523 | lr(main/disc) 1.00e-04/3.20e-05 | cuda_peak(alloc/resv) 4.09/5.12GB | phase(train/val/raw/train_eval) 2.8/0.4/0.0/0.0s | 3.2s
2026-08-30 17:30:50 | Epoch 038/060 | loss 1.3164 | cls 0.7304 | tal -0.0528 | dual_g 0.6018 | dual_d 0.8957 | train_acc 1.0000 | train_full n/a | val_acc 0.9833 | val_f1 0.9847 | adv/moduleC 1.00/1.00 | disc_steps 15 | grad(main/disc) 2.370/1.458 | lr(main/disc) 1.00e-04/3.20e-05 | cuda_peak(alloc/resv) 4.09/5.12GB | phase(train/val/raw/train_eval) 2.7/0.4/0.4/0.0s | 3.6s
2026-08-30 17:30:52 | New best val_f1_macro_present: raw=0.9847 stable_score=0.9827 at epoch 38
2026-08-30 17:30:55 | Epoch 039/060 | loss 1.2689 | cls 0.7242 | tal -0.1696 | dual_g 0.5956 | dual_d 0.8805 | train_acc 1.0000 | train_full n/a | val_acc 0.9917 | val_f1 0.9930 | adv/moduleC 1.00/1.00 | disc_steps 15 | grad(main/disc) 2.136/1.433 | lr(main/disc) 1.00e-04/3.20e-05 | cuda_peak(alloc/resv) 4.09/5.12GB | phase(train/val/raw/train_eval) 2.6/0.4/0.0/0.0s | 3.1s
2026-08-30 17:31:00 | Epoch 040/060 | loss 1.2700 | cls 0.7372 | tal -0.2030 | dual_g 0.5937 | dual_d 0.8816 | train_acc 0.9979 | train_full 1.0000 | val_acc 0.9833 | val_f1 0.9714 | adv/moduleC 1.00/1.00 | disc_steps 15 | grad(main/disc) 2.283/1.455 | lr(main/disc) 1.00e-04/3.20e-05 | cuda_peak(alloc/resv) 4.09/5.12GB | phase(train/val/raw/train_eval) 2.7/0.4/0.4/0.7s | 4.3s
2026-08-30 17:31:03 | Epoch 041/060 | loss 1.2420 | cls 0.7300 | tal -0.2711 | dual_g 0.5933 | dual_d 0.8679 | train_acc 1.0000 | train_full n/a | val_acc 0.9917 | val_f1 0.9917 | adv/moduleC 1.00/1.00 | disc_steps 15 | grad(main/disc) 2.724/1.424 | lr(main/disc) 1.00e-04/3.20e-05 | cuda_peak(alloc/resv) 4.09/5.12GB | phase(train/val/raw/train_eval) 2.6/0.4/0.0/0.0s | 3.0s
2026-08-30 17:31:06 | Epoch 042/060 | loss 1.2316 | cls 0.7294 | tal -0.2912 | dual_g 0.5896 | dual_d 0.8573 | train_acc 0.9958 | train_full n/a | val_acc 0.9833 | val_f1 0.9847 | adv/moduleC 1.00/1.00 | disc_steps 15 | grad(main/disc) 2.015/1.414 | lr(main/disc) 1.00e-04/3.20e-05 | cuda_peak(alloc/resv) 4.09/5.12GB | phase(train/val/raw/train_eval) 2.7/0.4/0.0/0.0s | 3.1s
2026-08-30 17:31:09 | Epoch 043/060 | loss 1.2322 | cls 0.7379 | tal -0.3417 | dual_g 0.5968 | dual_d 0.8888 | train_acc 0.9979 | train_full n/a | val_acc 0.9917 | val_f1 0.9917 | adv/moduleC 1.00/1.00 | disc_steps 15 | grad(main/disc) 3.091/1.431 | lr(main/disc) 1.00e-04/3.20e-05 | cuda_peak(alloc/resv) 4.09/5.12GB | phase(train/val/raw/train_eval) 2.7/0.4/0.4/0.0s | 3.5s
2026-08-30 17:31:12 | New best val_f1_macro_present: raw=0.9917 stable_score=0.9847 at epoch 43
2026-08-30 17:31:15 | Epoch 044/060 | loss 1.2167 | cls 0.7194 | tal -0.2986 | dual_g 0.5868 | dual_d 0.8958 | train_acc 1.0000 | train_full n/a | val_acc 0.9833 | val_f1 0.9714 | adv/moduleC 1.00/1.00 | disc_steps 15 | grad(main/disc) 1.804/1.463 | lr(main/disc) 1.00e-04/3.20e-05 | cuda_peak(alloc/resv) 4.09/5.12GB | phase(train/val/raw/train_eval) 2.7/0.4/0.0/0.0s | 3.1s
2026-08-30 17:31:19 | Epoch 045/060 | loss 1.2452 | cls 0.7302 | tal -0.2569 | dual_g 0.5920 | dual_d 0.8834 | train_acc 0.9979 | train_full 1.0000 | val_acc 0.9917 | val_f1 0.9917 | adv/moduleC 1.00/1.00 | disc_steps 15 | grad(main/disc) 2.531/1.439 | lr(main/disc) 1.00e-04/3.20e-05 | cuda_peak(alloc/resv) 4.09/5.12GB | phase(train/val/raw/train_eval) 2.6/0.4/0.4/0.7s | 4.2s
2026-08-30 17:31:22 | Epoch 046/060 | loss 1.2532 | cls 0.7280 | tal -0.2274 | dual_g 0.5935 | dual_d 0.8528 | train_acc 0.9958 | train_full n/a | val_acc 0.9833 | val_f1 0.9847 | adv/moduleC 1.00/1.00 | disc_steps 15 | grad(main/disc) 2.884/1.406 | lr(main/disc) 1.00e-04/3.20e-05 | cuda_peak(alloc/resv) 4.09/5.12GB | phase(train/val/raw/train_eval) 2.8/0.4/0.0/0.0s | 3.2s
2026-08-30 17:31:25 | Epoch 047/060 | loss 1.2103 | cls 0.7162 | tal -0.2951 | dual_g 0.5827 | dual_d 0.8591 | train_acc 1.0000 | train_full n/a | val_acc 0.9917 | val_f1 0.9917 | adv/moduleC 1.00/1.00 | disc_steps 15 | grad(main/disc) 1.588/1.383 | lr(main/disc) 1.00e-04/3.20e-05 | cuda_peak(alloc/resv) 4.09/5.12GB | phase(train/val/raw/train_eval) 2.8/0.4/0.0/0.0s | 3.2s
2026-08-30 17:31:28 | Epoch 048/060 | loss 1.2313 | cls 0.7215 | tal -0.2427 | dual_g 0.5827 | dual_d 0.8584 | train_acc 0.9979 | train_full n/a | val_acc 0.9917 | val_f1 0.9917 | adv/moduleC 1.00/1.00 | disc_steps 15 | grad(main/disc) 2.060/1.332 | lr(main/disc) 5.00e-05/1.60e-05 | cuda_peak(alloc/resv) 4.09/5.12GB | phase(train/val/raw/train_eval) 2.6/0.4/0.0/0.0s | 3.0s
2026-08-30 17:31:31 | Epoch 049/060 | loss 1.2530 | cls 0.7178 | tal -0.1366 | dual_g 0.5762 | dual_d 0.8552 | train_acc 1.0000 | train_full n/a | val_acc 0.9833 | val_f1 0.9847 | adv/moduleC 1.00/1.00 | disc_steps 15 | grad(main/disc) 1.881/1.346 | lr(main/disc) 5.00e-05/1.60e-05 | cuda_peak(alloc/resv) 4.09/5.12GB | phase(train/val/raw/train_eval) 2.7/0.4/0.0/0.0s | 3.1s
2026-08-30 17:31:36 | Epoch 050/060 | loss 1.2429 | cls 0.7164 | tal -0.1750 | dual_g 0.5790 | dual_d 0.8602 | train_acc 1.0000 | train_full 1.0000 | val_acc 0.9833 | val_f1 0.9847 | adv/moduleC 1.00/1.00 | disc_steps 15 | grad(main/disc) 1.792/1.341 | lr(main/disc) 5.00e-05/1.60e-05 | cuda_peak(alloc/resv) 4.09/5.12GB | phase(train/val/raw/train_eval) 2.7/0.4/0.4/0.7s | 4.3s
2026-08-30 17:31:39 | Epoch 051/060 | loss 1.2231 | cls 0.7162 | tal -0.2406 | dual_g 0.5791 | dual_d 0.8581 | train_acc 0.9979 | train_full n/a | val_acc 0.9833 | val_f1 0.9847 | adv/moduleC 1.00/1.00 | disc_steps 15 | grad(main/disc) 1.873/1.326 | lr(main/disc) 5.00e-05/1.60e-05 | cuda_peak(alloc/resv) 4.09/5.12GB | phase(train/val/raw/train_eval) 2.8/0.4/0.0/0.0s | 3.3s
2026-08-30 17:31:42 | Epoch 052/060 | loss 1.2115 | cls 0.7107 | tal -0.2376 | dual_g 0.5721 | dual_d 0.8352 | train_acc 1.0000 | train_full n/a | val_acc 0.9917 | val_f1 0.9917 | adv/moduleC 1.00/1.00 | disc_steps 15 | grad(main/disc) 1.233/1.288 | lr(main/disc) 5.00e-05/1.60e-05 | cuda_peak(alloc/resv) 4.09/5.12GB | phase(train/val/raw/train_eval) 2.6/0.4/0.0/0.0s | 3.0s
2026-08-30 17:31:45 | Epoch 053/060 | loss 1.2364 | cls 0.7140 | tal -0.1747 | dual_g 0.5748 | dual_d 0.8836 | train_acc 1.0000 | train_full n/a | val_acc 0.9833 | val_f1 0.9847 | adv/moduleC 1.00/1.00 | disc_steps 15 | grad(main/disc) 1.677/1.362 | lr(main/disc) 5.00e-05/1.60e-05 | cuda_peak(alloc/resv) 4.09/5.12GB | phase(train/val/raw/train_eval) 2.6/0.4/0.0/0.0s | 3.0s
2026-08-30 17:31:48 | Epoch 054/060 | loss 1.2299 | cls 0.7055 | tal -0.1594 | dual_g 0.5723 | dual_d 0.8675 | train_acc 1.0000 | train_full n/a | val_acc 0.9917 | val_f1 0.9917 | adv/moduleC 1.00/1.00 | disc_steps 15 | grad(main/disc) 1.121/1.335 | lr(main/disc) 5.00e-05/1.60e-05 | cuda_peak(alloc/resv) 4.09/5.12GB | phase(train/val/raw/train_eval) 2.7/0.4/0.0/0.0s | 3.2s
2026-08-30 17:31:52 | Epoch 055/060 | loss 1.2199 | cls 0.7091 | tal -0.1978 | dual_g 0.5702 | dual_d 0.8725 | train_acc 1.0000 | train_full 1.0000 | val_acc 0.9917 | val_f1 0.9917 | adv/moduleC 1.00/1.00 | disc_steps 15 | grad(main/disc) 1.348/1.320 | lr(main/disc) 5.00e-05/1.60e-05 | cuda_peak(alloc/resv) 4.09/5.12GB | phase(train/val/raw/train_eval) 2.6/0.4/0.4/0.7s | 4.2s
2026-08-30 17:31:56 | Epoch 056/060 | loss 1.2140 | cls 0.7095 | tal -0.2168 | dual_g 0.5695 | dual_d 0.8687 | train_acc 0.9979 | train_full n/a | val_acc 0.9833 | val_f1 0.9847 | adv/moduleC 1.00/1.00 | disc_steps 15 | grad(main/disc) 1.505/1.341 | lr(main/disc) 5.00e-05/1.60e-05 | cuda_peak(alloc/resv) 4.09/5.12GB | phase(train/val/raw/train_eval) 2.7/0.4/0.0/0.0s | 3.1s
2026-08-30 17:31:59 | Epoch 057/060 | loss 1.2135 | cls 0.7107 | tal -0.2324 | dual_g 0.5725 | dual_d 0.8718 | train_acc 1.0000 | train_full n/a | val_acc 0.9833 | val_f1 0.9847 | adv/moduleC 1.00/1.00 | disc_steps 15 | grad(main/disc) 1.714/1.337 | lr(main/disc) 2.50e-05/8.00e-06 | cuda_peak(alloc/resv) 4.09/5.12GB | phase(train/val/raw/train_eval) 2.7/0.4/0.0/0.0s | 3.1s
2026-08-30 17:32:02 | Epoch 058/060 | loss 1.1774 | cls 0.7105 | tal -0.3392 | dual_g 0.5687 | dual_d 0.8539 | train_acc 1.0000 | train_full n/a | val_acc 0.9917 | val_f1 0.9917 | adv/moduleC 1.00/1.00 | disc_steps 15 | grad(main/disc) 1.460/1.303 | lr(main/disc) 2.50e-05/8.00e-06 | cuda_peak(alloc/resv) 4.09/5.12GB | phase(train/val/raw/train_eval) 2.7/0.4/0.0/0.0s | 3.1s
2026-08-30 17:32:02 | Early stopping at epoch 58 after 15 epochs without val_f1_macro_present improvement.
2026-08-30 17:32:02 | Training complete. Peak validation accuracy: 0.9917 | selected val_f1_macro_present: 0.9917
