2026-08-30 04:56:42 | Starting Dual_D standalone training
2026-08-30 04:56:42 | Run directory: runs/module_c_ablation_60_v9/module_c_20260830_023711/module_c_no_module_c_逆光_20260830_044351
2026-08-30 04:56:42 | Device: cuda
2026-08-30 04:56:42 | Source train samples: 992
2026-08-30 04:56:42 | Target train samples: 132
2026-08-30 04:56:42 | Target val samples: 37
2026-08-30 04:56:42 | Classes: 14
2026-08-30 04:56:42 | Data audit: same_dir=False | path_overlap(vis/ir/ais)=0/0/0 | content_overlap(vis/ir/ais)=0/0/0 | ais_index_overlap=0 | stem_mismatch(vis-ir/vis-ais)=157/0
2026-08-30 04:56:42 | source_train classes: present 14/14 | absent 0 | counts [0:120, 1:44, 2:69, 3:45, 4:40, 5:30, 6:64, 7:80, 8:116, 9:68, 10:57, 11:83, 12:48, 13:128]
2026-08-30 04:56:42 | target_train classes: present 9/14 | absent 5 | counts [0:20, 2:12, 4:12, 5:2, 9:16, 10:16, 11:29, 12:4, 13:21]
2026-08-30 04:56:42 | target_val classes: present 9/14 | absent 5 | counts [0:6, 2:3, 4:4, 5:1, 9:4, 10:4, 11:8, 12:1, 13:6]
2026-08-30 04:56:42 | Paired training classes: 9/14 | class ids [0, 2, 4, 5, 9, 10, 11, 12, 13]
2026-08-30 04:56:42 | Runtime profile: batch=16 | paired_steps=9 | workers=16 | train_eval_every=5 | raw_eval_every=5 | stability_window=3 | lr_scheduler_start=24 | early_stop=12 after min_epoch=35
2026-08-30 04:56:42 | Augmentation profile: base=0.650 | visible=0.700 | infrared=0.400 | freeze_frozen_batch_norm_stats=True
2026-08-30 04:56:42 | VIS/IR pairing: class-level-unpaired | count-mismatch classes train/val: 10/1 | AIS alignment: none | AIS rows train/val: 0/0
2026-08-30 04:56:43 | Effective Dual-D loss weights: {"adv_auxiliary": 0.025, "adv_primary": 0.025, "classification": 0.0, "contrastive": 0.0, "cycle": 0.0, "identity": 0.0, "prototype_contrastive": 0.0}
2026-08-30 04:56:43 | Model parameters: total=17277714 | trainable=17120210
2026-08-30 04:56:46 | Epoch 001/060 | loss 5.6233 | cls 5.6282 | tal -0.0163 | dual_g 0.0000 | dual_d 0.0000 | train_acc 0.0556 | train_full 0.1742 | val_acc 0.2162 | val_f1 0.1176 | adv/moduleC 0.00/0.00 | disc_steps 0 | grad(main/disc) 31.954/0.000 | lr(main/disc) 7.00e-05/2.75e-05 | cuda_peak(alloc/resv) 4.09/5.12GB | phase(train/val/raw/train_eval) 1.4/0.4/0.4/0.5s | 2.8s
2026-08-30 04:56:47 | Epoch 002/060 | loss 4.6586 | cls 4.5935 | tal 0.2168 | dual_g 0.0000 | dual_d 0.0000 | train_acc 0.2708 | train_full n/a | val_acc 0.1892 | val_f1 0.1289 | adv/moduleC 0.00/0.00 | disc_steps 0 | grad(main/disc) 26.876/0.000 | lr(main/disc) 7.00e-05/2.75e-05 | cuda_peak(alloc/resv) 4.09/5.12GB | phase(train/val/raw/train_eval) 1.2/0.4/0.0/0.0s | 1.6s
2026-08-30 04:56:49 | Epoch 003/060 | loss 4.2910 | cls 4.2414 | tal 0.1653 | dual_g 0.0000 | dual_d 0.0000 | train_acc 0.2708 | train_full n/a | val_acc 0.4054 | val_f1 0.4345 | adv/moduleC 0.00/0.00 | disc_steps 0 | grad(main/disc) 24.863/0.000 | lr(main/disc) 7.00e-05/2.75e-05 | cuda_peak(alloc/resv) 4.09/5.12GB | phase(train/val/raw/train_eval) 1.1/0.4/0.4/0.0s | 2.0s
2026-08-30 04:56:51 | New best val_f1_macro_present: raw=0.4345 stable_score=0.1176 at epoch 3
2026-08-30 04:56:53 | Epoch 004/060 | loss 3.9887 | cls 3.9148 | tal 0.2462 | dual_g 0.0000 | dual_d 0.0000 | train_acc 0.3472 | train_full n/a | val_acc 0.6486 | val_f1 0.6550 | adv/moduleC 0.00/0.00 | disc_steps 0 | grad(main/disc) 23.468/0.000 | lr(main/disc) 7.00e-05/2.75e-05 | cuda_peak(alloc/resv) 4.09/5.12GB | phase(train/val/raw/train_eval) 1.1/0.4/0.4/0.0s | 2.0s
2026-08-30 04:56:56 | New best val_f1_macro_present: raw=0.6550 stable_score=0.1289 at epoch 4
2026-08-30 04:56:58 | Epoch 005/060 | loss 3.5598 | cls 3.4806 | tal 0.2638 | dual_g 0.0000 | dual_d 0.0000 | train_acc 0.4236 | train_full 0.7424 | val_acc 0.8108 | val_f1 0.8126 | adv/moduleC 0.00/0.10 | disc_steps 0 | grad(main/disc) 21.769/0.000 | lr(main/disc) 7.00e-05/2.75e-05 | cuda_peak(alloc/resv) 4.09/5.12GB | phase(train/val/raw/train_eval) 1.1/0.5/0.5/0.5s | 2.5s
2026-08-30 04:57:00 | New best val_f1_macro_present: raw=0.8126 stable_score=0.4345 at epoch 5
2026-08-30 04:57:02 | Epoch 006/060 | loss 3.2701 | cls 3.2488 | tal 0.0712 | dual_g 0.0000 | dual_d 0.0000 | train_acc 0.4653 | train_full n/a | val_acc 0.8108 | val_f1 0.8071 | adv/moduleC 0.00/0.20 | disc_steps 0 | grad(main/disc) 21.680/0.000 | lr(main/disc) 7.00e-05/2.75e-05 | cuda_peak(alloc/resv) 4.09/5.12GB | phase(train/val/raw/train_eval) 1.1/0.4/0.4/0.0s | 2.0s
2026-08-30 04:57:04 | New best val_f1_macro_present: raw=0.8071 stable_score=0.6550 at epoch 6
2026-08-30 04:57:07 | Epoch 007/060 | loss 3.2576 | cls 3.2332 | tal 0.0678 | dual_g 0.0041 | dual_d 0.9057 | train_acc 0.5833 | train_full n/a | val_acc 0.8378 | val_f1 0.8376 | adv/moduleC 0.07/0.30 | disc_steps 4 | grad(main/disc) 21.439/2.350 | lr(main/disc) 7.00e-05/2.75e-05 | cuda_peak(alloc/resv) 4.09/5.12GB | phase(train/val/raw/train_eval) 1.2/0.4/0.4/0.0s | 2.0s
2026-08-30 04:57:09 | New best val_f1_macro_present: raw=0.8376 stable_score=0.8071 at epoch 7
2026-08-30 04:57:10 | Epoch 008/060 | loss 3.0789 | cls 3.0012 | tal 0.2343 | dual_g 0.0074 | dual_d 0.8282 | train_acc 0.6181 | train_full n/a | val_acc 0.8378 | val_f1 0.8295 | adv/moduleC 0.14/0.40 | disc_steps 4 | grad(main/disc) 20.476/2.154 | lr(main/disc) 7.00e-05/2.75e-05 | cuda_peak(alloc/resv) 4.09/5.12GB | phase(train/val/raw/train_eval) 1.1/0.5/0.0/0.0s | 1.6s
2026-08-30 04:57:12 | Epoch 009/060 | loss 2.9086 | cls 2.8562 | tal 0.1371 | dual_g 0.0113 | dual_d 0.8952 | train_acc 0.5972 | train_full n/a | val_acc 0.8649 | val_f1 0.8527 | adv/moduleC 0.21/0.50 | disc_steps 4 | grad(main/disc) 20.250/2.222 | lr(main/disc) 7.00e-05/2.75e-05 | cuda_peak(alloc/resv) 4.09/5.12GB | phase(train/val/raw/train_eval) 1.0/0.4/0.4/0.0s | 1.9s
2026-08-30 04:57:14 | New best val_f1_macro_present: raw=0.8527 stable_score=0.8295 at epoch 9
2026-08-30 04:57:17 | Epoch 010/060 | loss 2.9928 | cls 2.9344 | tal 0.1482 | dual_g 0.0139 | dual_d 0.8484 | train_acc 0.5139 | train_full 0.8712 | val_acc 0.9459 | val_f1 0.9347 | adv/moduleC 0.29/0.60 | disc_steps 4 | grad(main/disc) 21.606/2.189 | lr(main/disc) 7.00e-05/2.75e-05 | cuda_peak(alloc/resv) 4.09/5.12GB | phase(train/val/raw/train_eval) 1.0/0.4/0.5/0.5s | 2.5s
2026-08-30 04:57:19 | Epoch 011/060 | loss 2.6521 | cls 2.5751 | tal 0.2069 | dual_g 0.0150 | dual_d 1.0132 | train_acc 0.7500 | train_full n/a | val_acc 0.8919 | val_f1 0.9111 | adv/moduleC 0.36/0.70 | disc_steps 4 | grad(main/disc) 19.260/2.415 | lr(main/disc) 7.00e-05/2.75e-05 | cuda_peak(alloc/resv) 4.09/5.12GB | phase(train/val/raw/train_eval) 1.2/0.4/0.5/0.0s | 2.2s
2026-08-30 04:57:21 | New best val_f1_macro_present: raw=0.9111 stable_score=0.8527 at epoch 11
2026-08-30 04:57:23 | Epoch 012/060 | loss 2.5903 | cls 2.5176 | tal 0.1902 | dual_g 0.0157 | dual_d 1.0055 | train_acc 0.7083 | train_full n/a | val_acc 0.9459 | val_f1 0.9551 | adv/moduleC 0.43/0.80 | disc_steps 4 | grad(main/disc) 19.143/2.344 | lr(main/disc) 7.00e-05/2.75e-05 | cuda_peak(alloc/resv) 4.09/5.12GB | phase(train/val/raw/train_eval) 1.0/0.4/0.4/0.0s | 1.9s
2026-08-30 04:57:25 | New best val_f1_macro_present: raw=0.9551 stable_score=0.9111 at epoch 12
2026-08-30 04:57:27 | Epoch 013/060 | loss 2.4264 | cls 2.3691 | tal 0.1357 | dual_g 0.0166 | dual_d 1.0681 | train_acc 0.6389 | train_full n/a | val_acc 0.9189 | val_f1 0.9269 | adv/moduleC 0.50/0.90 | disc_steps 4 | grad(main/disc) 18.704/2.420 | lr(main/disc) 7.00e-05/2.75e-05 | cuda_peak(alloc/resv) 4.09/5.12GB | phase(train/val/raw/train_eval) 1.3/0.4/0.0/0.0s | 1.7s
2026-08-30 04:57:29 | Epoch 014/060 | loss 2.5333 | cls 2.4762 | tal 0.1316 | dual_g 0.0176 | dual_d 1.0623 | train_acc 0.6736 | train_full n/a | val_acc 0.9189 | val_f1 0.9374 | adv/moduleC 0.57/1.00 | disc_steps 4 | grad(main/disc) 18.873/2.479 | lr(main/disc) 7.00e-05/2.75e-05 | cuda_peak(alloc/resv) 4.09/5.12GB | phase(train/val/raw/train_eval) 1.3/0.4/0.5/0.0s | 2.2s
2026-08-30 04:57:31 | New best val_f1_macro_present: raw=0.9374 stable_score=0.9269 at epoch 14
2026-08-30 04:57:34 | Epoch 015/060 | loss 2.2406 | cls 2.2198 | tal 0.0012 | dual_g 0.0205 | dual_d 1.1343 | train_acc 0.7500 | train_full 0.9697 | val_acc 0.9730 | val_f1 0.9471 | adv/moduleC 0.64/1.00 | disc_steps 4 | grad(main/disc) 18.203/2.521 | lr(main/disc) 7.00e-05/2.75e-05 | cuda_peak(alloc/resv) 4.09/5.12GB | phase(train/val/raw/train_eval) 1.0/0.4/0.4/0.5s | 2.4s
2026-08-30 04:57:36 | Epoch 016/060 | loss 2.2546 | cls 2.2114 | tal 0.0757 | dual_g 0.0205 | dual_d 1.0832 | train_acc 0.7917 | train_full n/a | val_acc 0.9459 | val_f1 0.9578 | adv/moduleC 0.71/1.00 | disc_steps 4 | grad(main/disc) 18.173/2.418 | lr(main/disc) 7.00e-05/2.75e-05 | cuda_peak(alloc/resv) 4.09/5.12GB | phase(train/val/raw/train_eval) 1.0/0.4/0.5/0.0s | 1.9s
2026-08-30 04:57:38 | New best val_f1_macro_present: raw=0.9578 stable_score=0.9374 at epoch 16
2026-08-30 04:57:40 | Epoch 017/060 | loss 2.0881 | cls 2.0546 | tal 0.0366 | dual_g 0.0225 | dual_d 1.1318 | train_acc 0.7986 | train_full n/a | val_acc 0.8919 | val_f1 0.8817 | adv/moduleC 0.79/1.00 | disc_steps 4 | grad(main/disc) 16.389/2.520 | lr(main/disc) 7.00e-05/2.75e-05 | cuda_peak(alloc/resv) 4.09/5.12GB | phase(train/val/raw/train_eval) 1.2/0.4/0.0/0.0s | 1.7s
2026-08-30 04:57:41 | Epoch 018/060 | loss 2.2191 | cls 2.1620 | tal 0.1120 | dual_g 0.0234 | dual_d 1.1186 | train_acc 0.6736 | train_full n/a | val_acc 0.9459 | val_f1 0.9596 | adv/moduleC 0.86/1.00 | disc_steps 4 | grad(main/disc) 17.961/2.563 | lr(main/disc) 7.00e-05/2.75e-05 | cuda_peak(alloc/resv) 4.09/5.12GB | phase(train/val/raw/train_eval) 1.3/0.4/0.0/0.0s | 1.7s
2026-08-30 04:57:43 | Epoch 019/060 | loss 2.0237 | cls 1.9715 | tal 0.0980 | dual_g 0.0227 | dual_d 1.0212 | train_acc 0.7778 | train_full n/a | val_acc 1.0000 | val_f1 1.0000 | adv/moduleC 0.93/1.00 | disc_steps 4 | grad(main/disc) 17.035/2.332 | lr(main/disc) 7.00e-05/2.75e-05 | cuda_peak(alloc/resv) 4.09/5.12GB | phase(train/val/raw/train_eval) 1.2/0.4/0.0/0.0s | 1.6s
2026-08-30 04:57:45 | Epoch 020/060 | loss 2.1756 | cls 2.1346 | tal 0.0540 | dual_g 0.0248 | dual_d 1.1349 | train_acc 0.7500 | train_full 0.9773 | val_acc 0.9730 | val_f1 0.9802 | adv/moduleC 1.00/1.00 | disc_steps 4 | grad(main/disc) 18.118/2.521 | lr(main/disc) 7.00e-05/2.75e-05 | cuda_peak(alloc/resv) 4.09/5.12GB | phase(train/val/raw/train_eval) 1.0/0.4/0.5/0.5s | 2.4s
2026-08-30 04:57:48 | New best val_f1_macro_present: raw=0.9802 stable_score=0.9596 at epoch 20
2026-08-30 04:57:49 | Epoch 021/060 | loss 1.9550 | cls 1.9038 | tal 0.0888 | dual_g 0.0246 | dual_d 1.1450 | train_acc 0.7917 | train_full n/a | val_acc 0.9459 | val_f1 0.9578 | adv/moduleC 1.00/1.00 | disc_steps 4 | grad(main/disc) 15.154/2.375 | lr(main/disc) 7.00e-05/2.75e-05 | cuda_peak(alloc/resv) 4.09/5.12GB | phase(train/val/raw/train_eval) 1.0/0.4/0.0/0.0s | 1.5s
2026-08-30 04:57:51 | Epoch 022/060 | loss 2.0415 | cls 2.0242 | tal -0.0216 | dual_g 0.0238 | dual_d 1.2059 | train_acc 0.8125 | train_full n/a | val_acc 0.9730 | val_f1 0.9776 | adv/moduleC 1.00/1.00 | disc_steps 4 | grad(main/disc) 17.003/2.440 | lr(main/disc) 7.00e-05/2.75e-05 | cuda_peak(alloc/resv) 4.09/5.12GB | phase(train/val/raw/train_eval) 1.2/0.4/0.0/0.0s | 1.7s
2026-08-30 04:57:52 | Epoch 023/060 | loss 1.7836 | cls 1.7748 | tal -0.0464 | dual_g 0.0227 | dual_d 1.1069 | train_acc 0.8542 | train_full n/a | val_acc 1.0000 | val_f1 1.0000 | adv/moduleC 1.00/1.00 | disc_steps 4 | grad(main/disc) 14.693/2.406 | lr(main/disc) 7.00e-05/2.75e-05 | cuda_peak(alloc/resv) 4.09/5.12GB | phase(train/val/raw/train_eval) 1.2/0.5/0.0/0.0s | 1.6s
2026-08-30 04:57:54 | Epoch 024/060 | loss 1.8129 | cls 1.7906 | tal -0.0006 | dual_g 0.0224 | dual_d 1.1979 | train_acc 0.8681 | train_full n/a | val_acc 0.9730 | val_f1 0.9840 | adv/moduleC 1.00/1.00 | disc_steps 4 | grad(main/disc) 14.738/2.330 | lr(main/disc) 7.00e-05/2.75e-05 | cuda_peak(alloc/resv) 4.09/5.12GB | phase(train/val/raw/train_eval) 1.0/0.4/0.4/0.0s | 1.9s
2026-08-30 04:57:57 | New best val_f1_macro_present: raw=0.9840 stable_score=0.9776 at epoch 24
2026-08-30 04:57:59 | Epoch 025/060 | loss 1.9030 | cls 1.8669 | tal 0.0456 | dual_g 0.0224 | dual_d 1.1092 | train_acc 0.8681 | train_full 0.9924 | val_acc 0.9730 | val_f1 0.9776 | adv/moduleC 1.00/1.00 | disc_steps 4 | grad(main/disc) 16.888/2.381 | lr(main/disc) 7.00e-05/2.75e-05 | cuda_peak(alloc/resv) 4.09/5.12GB | phase(train/val/raw/train_eval) 1.1/0.4/0.5/0.5s | 2.6s
2026-08-30 04:58:01 | Epoch 026/060 | loss 1.7337 | cls 1.7096 | tal 0.0091 | dual_g 0.0214 | dual_d 1.1970 | train_acc 0.8403 | train_full n/a | val_acc 0.9459 | val_f1 0.9531 | adv/moduleC 1.00/1.00 | disc_steps 4 | grad(main/disc) 14.046/2.434 | lr(main/disc) 7.00e-05/2.75e-05 | cuda_peak(alloc/resv) 4.09/5.12GB | phase(train/val/raw/train_eval) 1.0/0.5/0.0/0.0s | 1.4s
2026-08-30 04:58:02 | Epoch 027/060 | loss 1.8493 | cls 1.8038 | tal 0.0814 | dual_g 0.0210 | dual_d 1.2309 | train_acc 0.9028 | train_full n/a | val_acc 0.9730 | val_f1 0.9776 | adv/moduleC 1.00/1.00 | disc_steps 4 | grad(main/disc) 16.919/2.473 | lr(main/disc) 7.00e-05/2.75e-05 | cuda_peak(alloc/resv) 4.09/5.12GB | phase(train/val/raw/train_eval) 0.9/0.4/0.0/0.0s | 1.3s
2026-08-30 04:58:03 | Epoch 028/060 | loss 1.7839 | cls 1.7604 | tal 0.0112 | dual_g 0.0202 | dual_d 1.2738 | train_acc 0.8889 | train_full n/a | val_acc 1.0000 | val_f1 1.0000 | adv/moduleC 1.00/1.00 | disc_steps 4 | grad(main/disc) 16.341/2.489 | lr(main/disc) 7.00e-05/2.75e-05 | cuda_peak(alloc/resv) 4.09/5.12GB | phase(train/val/raw/train_eval) 1.2/0.4/0.0/0.0s | 1.6s
2026-08-30 04:58:05 | Epoch 029/060 | loss 1.6927 | cls 1.6536 | tal 0.0623 | dual_g 0.0204 | dual_d 1.1778 | train_acc 0.9236 | train_full n/a | val_acc 0.9730 | val_f1 0.9802 | adv/moduleC 1.00/1.00 | disc_steps 4 | grad(main/disc) 14.590/2.438 | lr(main/disc) 7.00e-05/2.75e-05 | cuda_peak(alloc/resv) 4.09/5.12GB | phase(train/val/raw/train_eval) 1.1/0.4/0.0/0.0s | 1.5s
2026-08-30 04:58:07 | Epoch 030/060 | loss 1.7052 | cls 1.7006 | tal -0.0488 | dual_g 0.0192 | dual_d 1.1939 | train_acc 0.9097 | train_full 0.9924 | val_acc 0.9730 | val_f1 0.9802 | adv/moduleC 1.00/1.00 | disc_steps 4 | grad(main/disc) 14.794/2.324 | lr(main/disc) 7.00e-05/2.75e-05 | cuda_peak(alloc/resv) 4.09/5.12GB | phase(train/val/raw/train_eval) 1.1/0.5/0.5/0.5s | 2.5s
2026-08-30 04:58:10 | New best val_f1_macro_present: raw=0.9802 stable_score=0.9802 at epoch 30
2026-08-30 04:58:11 | Epoch 031/060 | loss 1.5447 | cls 1.5155 | tal 0.0331 | dual_g 0.0193 | dual_d 1.2282 | train_acc 0.9514 | train_full n/a | val_acc 0.9730 | val_f1 0.9802 | adv/moduleC 1.00/1.00 | disc_steps 4 | grad(main/disc) 12.206/2.305 | lr(main/disc) 7.00e-05/2.75e-05 | cuda_peak(alloc/resv) 4.09/5.12GB | phase(train/val/raw/train_eval) 1.3/0.4/0.0/0.0s | 1.7s
2026-08-30 04:58:13 | Epoch 032/060 | loss 1.6131 | cls 1.5952 | tal -0.0033 | dual_g 0.0189 | dual_d 1.2164 | train_acc 0.9306 | train_full n/a | val_acc 0.9730 | val_f1 0.9471 | adv/moduleC 1.00/1.00 | disc_steps 4 | grad(main/disc) 13.535/2.381 | lr(main/disc) 7.00e-05/2.75e-05 | cuda_peak(alloc/resv) 4.09/5.12GB | phase(train/val/raw/train_eval) 1.0/0.4/0.0/0.0s | 1.5s
2026-08-30 04:58:14 | Epoch 033/060 | loss 1.5457 | cls 1.5424 | tal -0.0486 | dual_g 0.0179 | dual_d 1.3101 | train_acc 0.9028 | train_full n/a | val_acc 1.0000 | val_f1 1.0000 | adv/moduleC 1.00/1.00 | disc_steps 4 | grad(main/disc) 12.355/2.465 | lr(main/disc) 7.00e-05/2.75e-05 | cuda_peak(alloc/resv) 4.09/5.12GB | phase(train/val/raw/train_eval) 1.1/0.5/0.0/0.0s | 1.5s
2026-08-30 04:58:16 | Epoch 034/060 | loss 1.5935 | cls 1.5742 | tal 0.0088 | dual_g 0.0167 | dual_d 1.2139 | train_acc 0.9583 | train_full n/a | val_acc 0.9730 | val_f1 0.9802 | adv/moduleC 1.00/1.00 | disc_steps 4 | grad(main/disc) 13.645/2.320 | lr(main/disc) 7.00e-05/2.75e-05 | cuda_peak(alloc/resv) 4.09/5.12GB | phase(train/val/raw/train_eval) 1.3/0.4/0.0/0.0s | 1.8s
2026-08-30 04:58:19 | Epoch 035/060 | loss 1.5610 | cls 1.5568 | tal -0.0447 | dual_g 0.0176 | dual_d 1.2262 | train_acc 0.9375 | train_full 0.9924 | val_acc 0.9730 | val_f1 0.9802 | adv/moduleC 1.00/1.00 | disc_steps 4 | grad(main/disc) 13.043/2.377 | lr(main/disc) 7.00e-05/2.75e-05 | cuda_peak(alloc/resv) 4.09/5.12GB | phase(train/val/raw/train_eval) 1.2/0.4/0.5/0.5s | 2.6s
2026-08-30 04:58:20 | Epoch 036/060 | loss 1.6348 | cls 1.6379 | tal -0.0697 | dual_g 0.0179 | dual_d 1.2964 | train_acc 0.9028 | train_full n/a | val_acc 1.0000 | val_f1 1.0000 | adv/moduleC 1.00/1.00 | disc_steps 4 | grad(main/disc) 14.511/2.373 | lr(main/disc) 7.00e-05/2.75e-05 | cuda_peak(alloc/resv) 4.09/5.12GB | phase(train/val/raw/train_eval) 1.2/0.4/0.0/0.0s | 1.6s
2026-08-30 04:58:22 | Epoch 037/060 | loss 1.5423 | cls 1.5061 | tal 0.0587 | dual_g 0.0186 | dual_d 1.2567 | train_acc 0.9306 | train_full n/a | val_acc 1.0000 | val_f1 1.0000 | adv/moduleC 1.00/1.00 | disc_steps 4 | grad(main/disc) 13.347/2.416 | lr(main/disc) 3.50e-05/1.38e-05 | cuda_peak(alloc/resv) 4.09/5.12GB | phase(train/val/raw/train_eval) 1.2/0.4/0.0/0.0s | 1.6s
2026-08-30 04:58:24 | Epoch 038/060 | loss 1.5866 | cls 1.5600 | tal 0.0304 | dual_g 0.0175 | dual_d 1.2383 | train_acc 0.9306 | train_full n/a | val_acc 1.0000 | val_f1 1.0000 | adv/moduleC 1.00/1.00 | disc_steps 4 | grad(main/disc) 13.189/2.397 | lr(main/disc) 3.50e-05/1.38e-05 | cuda_peak(alloc/resv) 4.09/5.12GB | phase(train/val/raw/train_eval) 1.3/0.4/0.4/0.0s | 2.2s
2026-08-30 04:58:26 | New best val_f1_macro_present: raw=1.0000 stable_score=1.0000 at epoch 38
2026-08-30 04:58:28 | Epoch 039/060 | loss 1.5820 | cls 1.5621 | tal 0.0039 | dual_g 0.0188 | dual_d 1.2556 | train_acc 0.9306 | train_full n/a | val_acc 1.0000 | val_f1 1.0000 | adv/moduleC 1.00/1.00 | disc_steps 4 | grad(main/disc) 13.640/2.417 | lr(main/disc) 3.50e-05/1.38e-05 | cuda_peak(alloc/resv) 4.09/5.12GB | phase(train/val/raw/train_eval) 1.2/0.4/0.0/0.0s | 1.7s
2026-08-30 04:58:31 | Epoch 040/060 | loss 1.4598 | cls 1.4339 | tal 0.0216 | dual_g 0.0194 | dual_d 1.1894 | train_acc 0.9375 | train_full 1.0000 | val_acc 1.0000 | val_f1 1.0000 | adv/moduleC 1.00/1.00 | disc_steps 4 | grad(main/disc) 10.502/2.336 | lr(main/disc) 3.50e-05/1.38e-05 | cuda_peak(alloc/resv) 4.09/5.12GB | phase(train/val/raw/train_eval) 1.1/0.5/0.5/0.5s | 2.5s
2026-08-30 04:58:32 | Epoch 041/060 | loss 1.4517 | cls 1.4261 | tal 0.0249 | dual_g 0.0181 | dual_d 1.1997 | train_acc 0.9792 | train_full n/a | val_acc 1.0000 | val_f1 1.0000 | adv/moduleC 1.00/1.00 | disc_steps 4 | grad(main/disc) 11.017/2.288 | lr(main/disc) 3.50e-05/1.38e-05 | cuda_peak(alloc/resv) 4.09/5.12GB | phase(train/val/raw/train_eval) 1.1/0.4/0.0/0.0s | 1.6s
2026-08-30 04:58:34 | Epoch 042/060 | loss 1.4424 | cls 1.4308 | tal -0.0222 | dual_g 0.0183 | dual_d 1.1759 | train_acc 0.9444 | train_full n/a | val_acc 1.0000 | val_f1 1.0000 | adv/moduleC 1.00/1.00 | disc_steps 4 | grad(main/disc) 11.282/2.279 | lr(main/disc) 3.50e-05/1.38e-05 | cuda_peak(alloc/resv) 4.09/5.12GB | phase(train/val/raw/train_eval) 1.1/0.4/0.0/0.0s | 1.5s
2026-08-30 04:58:35 | Epoch 043/060 | loss 1.5258 | cls 1.4665 | tal 0.1385 | dual_g 0.0178 | dual_d 1.2275 | train_acc 0.9444 | train_full n/a | val_acc 1.0000 | val_f1 1.0000 | adv/moduleC 1.00/1.00 | disc_steps 4 | grad(main/disc) 11.482/2.302 | lr(main/disc) 3.50e-05/1.38e-05 | cuda_peak(alloc/resv) 4.09/5.12GB | phase(train/val/raw/train_eval) 1.2/0.4/0.0/0.0s | 1.7s
2026-08-30 04:58:37 | Epoch 044/060 | loss 1.5075 | cls 1.4871 | tal 0.0076 | dual_g 0.0182 | dual_d 1.2571 | train_acc 0.9375 | train_full n/a | val_acc 1.0000 | val_f1 1.0000 | adv/moduleC 1.00/1.00 | disc_steps 4 | grad(main/disc) 12.181/2.338 | lr(main/disc) 3.50e-05/1.38e-05 | cuda_peak(alloc/resv) 4.09/5.12GB | phase(train/val/raw/train_eval) 0.9/0.4/0.0/0.0s | 1.4s
2026-08-30 04:58:39 | Epoch 045/060 | loss 1.3391 | cls 1.3217 | tal -0.0051 | dual_g 0.0190 | dual_d 1.1767 | train_acc 0.9792 | train_full 1.0000 | val_acc 1.0000 | val_f1 1.0000 | adv/moduleC 1.00/1.00 | disc_steps 4 | grad(main/disc) 8.770/2.238 | lr(main/disc) 3.50e-05/1.38e-05 | cuda_peak(alloc/resv) 4.09/5.12GB | phase(train/val/raw/train_eval) 1.1/0.4/0.4/0.5s | 2.5s
2026-08-30 04:58:41 | Epoch 046/060 | loss 1.3539 | cls 1.3583 | tal -0.0725 | dual_g 0.0173 | dual_d 1.2732 | train_acc 0.9583 | train_full n/a | val_acc 1.0000 | val_f1 1.0000 | adv/moduleC 1.00/1.00 | disc_steps 4 | grad(main/disc) 9.573/2.335 | lr(main/disc) 1.75e-05/6.88e-06 | cuda_peak(alloc/resv) 4.09/5.12GB | phase(train/val/raw/train_eval) 1.2/0.4/0.0/0.0s | 1.7s
2026-08-30 04:58:43 | Epoch 047/060 | loss 1.3563 | cls 1.3493 | tal -0.0404 | dual_g 0.0191 | dual_d 1.2742 | train_acc 0.9722 | train_full n/a | val_acc 1.0000 | val_f1 1.0000 | adv/moduleC 1.00/1.00 | disc_steps 4 | grad(main/disc) 9.440/2.303 | lr(main/disc) 1.75e-05/6.88e-06 | cuda_peak(alloc/resv) 4.09/5.12GB | phase(train/val/raw/train_eval) 1.2/0.4/0.0/0.0s | 1.6s
2026-08-30 04:58:44 | Epoch 048/060 | loss 1.3893 | cls 1.3770 | tal -0.0181 | dual_g 0.0178 | dual_d 1.1980 | train_acc 0.9722 | train_full n/a | val_acc 1.0000 | val_f1 1.0000 | adv/moduleC 1.00/1.00 | disc_steps 4 | grad(main/disc) 11.373/2.283 | lr(main/disc) 1.75e-05/6.88e-06 | cuda_peak(alloc/resv) 4.09/5.12GB | phase(train/val/raw/train_eval) 1.1/0.4/0.0/0.0s | 1.5s
2026-08-30 04:58:46 | Epoch 049/060 | loss 1.3371 | cls 1.3204 | tal -0.0081 | dual_g 0.0192 | dual_d 1.2745 | train_acc 0.9931 | train_full n/a | val_acc 1.0000 | val_f1 1.0000 | adv/moduleC 1.00/1.00 | disc_steps 4 | grad(main/disc) 9.826/2.391 | lr(main/disc) 1.75e-05/6.88e-06 | cuda_peak(alloc/resv) 4.09/5.12GB | phase(train/val/raw/train_eval) 1.0/0.4/0.0/0.0s | 1.4s
2026-08-30 04:58:48 | Epoch 050/060 | loss 1.3372 | cls 1.3272 | tal -0.0283 | dual_g 0.0185 | dual_d 1.2466 | train_acc 0.9931 | train_full 1.0000 | val_acc 1.0000 | val_f1 1.0000 | adv/moduleC 1.00/1.00 | disc_steps 4 | grad(main/disc) 8.720/2.271 | lr(main/disc) 1.75e-05/6.88e-06 | cuda_peak(alloc/resv) 4.09/5.12GB | phase(train/val/raw/train_eval) 1.1/0.4/0.5/0.5s | 2.5s
2026-08-30 04:58:48 | Early stopping at epoch 50 after 12 epochs without val_f1_macro_present improvement.
2026-08-30 04:58:48 | Training complete. Peak validation accuracy: 1.0000 | selected val_f1_macro_present: 1.0000
