2026-08-30 04:54:41 | Starting Dual_D standalone training
2026-08-30 04:54:41 | Run directory: runs/module_c_ablation_60_v9/module_c_20260830_023711/module_c_no_module_c_逆光_20260830_044351
2026-08-30 04:54:41 | Device: cuda
2026-08-30 04:54:41 | Source train samples: 992
2026-08-30 04:54:41 | Target train samples: 132
2026-08-30 04:54:41 | Target val samples: 37
2026-08-30 04:54:41 | Classes: 14
2026-08-30 04:54:41 | Data audit: same_dir=False | path_overlap(vis/ir/ais)=0/0/0 | content_overlap(vis/ir/ais)=0/0/0 | ais_index_overlap=0 | stem_mismatch(vis-ir/vis-ais)=157/0
2026-08-30 04:54:41 | source_train classes: present 14/14 | absent 0 | counts [0:120, 1:44, 2:69, 3:45, 4:40, 5:30, 6:64, 7:80, 8:116, 9:68, 10:57, 11:83, 12:48, 13:128]
2026-08-30 04:54:41 | target_train classes: present 9/14 | absent 5 | counts [0:20, 2:12, 4:12, 5:2, 9:16, 10:16, 11:29, 12:4, 13:21]
2026-08-30 04:54:41 | target_val classes: present 9/14 | absent 5 | counts [0:6, 2:3, 4:4, 5:1, 9:4, 10:4, 11:8, 12:1, 13:6]
2026-08-30 04:54:41 | Paired training classes: 9/14 | class ids [0, 2, 4, 5, 9, 10, 11, 12, 13]
2026-08-30 04:54:41 | Runtime profile: batch=16 | paired_steps=9 | workers=16 | train_eval_every=5 | raw_eval_every=5 | stability_window=3 | lr_scheduler_start=24 | early_stop=12 after min_epoch=35
2026-08-30 04:54:41 | Augmentation profile: base=0.650 | visible=0.700 | infrared=0.400 | freeze_frozen_batch_norm_stats=True
2026-08-30 04:54:41 | VIS/IR pairing: class-level-unpaired | count-mismatch classes train/val: 10/1 | AIS alignment: none | AIS rows train/val: 0/0
2026-08-30 04:54:42 | Effective Dual-D loss weights: {"adv_auxiliary": 0.025, "adv_primary": 0.025, "classification": 0.0, "contrastive": 0.0, "cycle": 0.0, "identity": 0.0, "prototype_contrastive": 0.0}
2026-08-30 04:54:42 | Model parameters: total=17277714 | trainable=17120210
2026-08-30 04:54:45 | Epoch 001/060 | loss 5.8640 | cls 5.9348 | tal -0.2357 | dual_g 0.0000 | dual_d 0.0000 | train_acc 0.0694 | train_full 0.0076 | val_acc 0.0270 | val_f1 0.0278 | adv/moduleC 0.00/0.00 | disc_steps 0 | grad(main/disc) 32.710/0.000 | lr(main/disc) 7.00e-05/2.75e-05 | cuda_peak(alloc/resv) 4.09/5.12GB | phase(train/val/raw/train_eval) 1.3/0.4/0.4/0.5s | 2.7s
2026-08-30 04:54:46 | Epoch 002/060 | loss 4.8307 | cls 4.9087 | tal -0.2599 | dual_g 0.0000 | dual_d 0.0000 | train_acc 0.1944 | train_full n/a | val_acc 0.2973 | val_f1 0.2765 | adv/moduleC 0.00/0.00 | disc_steps 0 | grad(main/disc) 26.752/0.000 | lr(main/disc) 7.00e-05/2.75e-05 | cuda_peak(alloc/resv) 4.09/5.12GB | phase(train/val/raw/train_eval) 1.1/0.4/0.0/0.0s | 1.5s
2026-08-30 04:54:48 | Epoch 003/060 | loss 4.3406 | cls 4.4096 | tal -0.2299 | dual_g 0.0000 | dual_d 0.0000 | train_acc 0.2222 | train_full n/a | val_acc 0.3784 | val_f1 0.3832 | adv/moduleC 0.00/0.00 | disc_steps 0 | grad(main/disc) 24.144/0.000 | lr(main/disc) 7.00e-05/2.75e-05 | cuda_peak(alloc/resv) 4.09/5.12GB | phase(train/val/raw/train_eval) 1.0/0.4/0.4/0.0s | 1.9s
2026-08-30 04:54:50 | New best val_f1_macro_present: raw=0.3832 stable_score=0.0278 at epoch 3
2026-08-30 04:54:52 | Epoch 004/060 | loss 4.0300 | cls 4.0849 | tal -0.1830 | dual_g 0.0000 | dual_d 0.0000 | train_acc 0.2639 | train_full n/a | val_acc 0.4595 | val_f1 0.5436 | adv/moduleC 0.00/0.00 | disc_steps 0 | grad(main/disc) 23.252/0.000 | lr(main/disc) 7.00e-05/2.75e-05 | cuda_peak(alloc/resv) 4.09/5.12GB | phase(train/val/raw/train_eval) 1.0/0.4/0.4/0.0s | 1.8s
2026-08-30 04:54:55 | New best val_f1_macro_present: raw=0.5436 stable_score=0.2765 at epoch 4
2026-08-30 04:54:57 | Epoch 005/060 | loss 3.6068 | cls 3.6925 | tal -0.2858 | dual_g 0.0000 | dual_d 0.0000 | train_acc 0.3681 | train_full 0.6970 | val_acc 0.6216 | val_f1 0.6262 | adv/moduleC 0.00/0.10 | disc_steps 0 | grad(main/disc) 22.844/0.000 | lr(main/disc) 7.00e-05/2.75e-05 | cuda_peak(alloc/resv) 4.09/5.12GB | phase(train/val/raw/train_eval) 1.1/0.4/0.4/0.5s | 2.5s
2026-08-30 04:54:59 | New best val_f1_macro_present: raw=0.6262 stable_score=0.3832 at epoch 5
2026-08-30 04:55:01 | Epoch 006/060 | loss 3.3417 | cls 3.4169 | tal -0.2508 | dual_g 0.0000 | dual_d 0.0000 | train_acc 0.4583 | train_full n/a | val_acc 0.7297 | val_f1 0.7400 | adv/moduleC 0.00/0.20 | disc_steps 0 | grad(main/disc) 20.985/0.000 | lr(main/disc) 7.00e-05/2.75e-05 | cuda_peak(alloc/resv) 4.09/5.12GB | phase(train/val/raw/train_eval) 1.0/0.4/0.4/0.0s | 1.9s
2026-08-30 04:55:03 | New best val_f1_macro_present: raw=0.7400 stable_score=0.5436 at epoch 6
2026-08-30 04:55:05 | Epoch 007/060 | loss 3.1596 | cls 3.2239 | tal -0.2285 | dual_g 0.0043 | dual_d 0.8094 | train_acc 0.5069 | train_full n/a | val_acc 0.7297 | val_f1 0.7529 | adv/moduleC 0.07/0.30 | disc_steps 4 | grad(main/disc) 21.121/2.237 | lr(main/disc) 7.00e-05/2.75e-05 | cuda_peak(alloc/resv) 4.09/5.12GB | phase(train/val/raw/train_eval) 1.2/0.6/0.4/0.0s | 2.2s
2026-08-30 04:55:08 | New best val_f1_macro_present: raw=0.7529 stable_score=0.6262 at epoch 7
2026-08-30 04:55:10 | Epoch 008/060 | loss 2.9277 | cls 2.9748 | tal -0.1822 | dual_g 0.0075 | dual_d 0.8015 | train_acc 0.5208 | train_full n/a | val_acc 0.6486 | val_f1 0.6521 | adv/moduleC 0.14/0.40 | disc_steps 4 | grad(main/disc) 19.265/2.194 | lr(main/disc) 7.00e-05/2.75e-05 | cuda_peak(alloc/resv) 4.09/5.12GB | phase(train/val/raw/train_eval) 1.1/0.4/0.4/0.0s | 1.9s
2026-08-30 04:55:12 | New best val_f1_macro_present: raw=0.6521 stable_score=0.6521 at epoch 8
2026-08-30 04:55:13 | Epoch 009/060 | loss 2.7554 | cls 2.7923 | tal -0.1588 | dual_g 0.0107 | dual_d 0.8763 | train_acc 0.6042 | train_full n/a | val_acc 0.7297 | val_f1 0.7550 | adv/moduleC 0.21/0.50 | disc_steps 4 | grad(main/disc) 19.097/2.200 | lr(main/disc) 7.00e-05/2.75e-05 | cuda_peak(alloc/resv) 4.09/5.12GB | phase(train/val/raw/train_eval) 1.0/0.4/0.0/0.0s | 1.4s
2026-08-30 04:55:16 | Epoch 010/060 | loss 2.8162 | cls 2.8601 | tal -0.1873 | dual_g 0.0123 | dual_d 0.8918 | train_acc 0.6111 | train_full 0.8333 | val_acc 0.7297 | val_f1 0.7519 | adv/moduleC 0.29/0.60 | disc_steps 4 | grad(main/disc) 19.800/2.202 | lr(main/disc) 7.00e-05/2.75e-05 | cuda_peak(alloc/resv) 4.09/5.12GB | phase(train/val/raw/train_eval) 1.1/0.4/0.4/0.5s | 2.5s
2026-08-30 04:55:18 | Epoch 011/060 | loss 2.4360 | cls 2.4853 | tal -0.2102 | dual_g 0.0138 | dual_d 0.8778 | train_acc 0.6528 | train_full n/a | val_acc 0.7568 | val_f1 0.8001 | adv/moduleC 0.36/0.70 | disc_steps 4 | grad(main/disc) 18.160/2.120 | lr(main/disc) 7.00e-05/2.75e-05 | cuda_peak(alloc/resv) 4.09/5.12GB | phase(train/val/raw/train_eval) 0.9/0.4/0.4/0.0s | 1.8s
2026-08-30 04:55:20 | New best val_f1_macro_present: raw=0.8001 stable_score=0.7519 at epoch 11
2026-08-30 04:55:21 | Epoch 012/060 | loss 2.4535 | cls 2.5222 | tal -0.2782 | dual_g 0.0147 | dual_d 0.9816 | train_acc 0.6458 | train_full n/a | val_acc 0.6757 | val_f1 0.7126 | adv/moduleC 0.43/0.80 | disc_steps 4 | grad(main/disc) 18.516/2.391 | lr(main/disc) 7.00e-05/2.75e-05 | cuda_peak(alloc/resv) 4.09/5.12GB | phase(train/val/raw/train_eval) 1.0/0.4/0.0/0.0s | 1.5s
2026-08-30 04:55:23 | Epoch 013/060 | loss 2.3089 | cls 2.3660 | tal -0.2419 | dual_g 0.0155 | dual_d 1.0647 | train_acc 0.6944 | train_full n/a | val_acc 0.8649 | val_f1 0.8833 | adv/moduleC 0.50/0.90 | disc_steps 4 | grad(main/disc) 17.643/2.387 | lr(main/disc) 7.00e-05/2.75e-05 | cuda_peak(alloc/resv) 4.09/5.12GB | phase(train/val/raw/train_eval) 1.2/0.4/0.0/0.0s | 1.7s
2026-08-30 04:55:24 | Epoch 014/060 | loss 2.3136 | cls 2.3670 | tal -0.2358 | dual_g 0.0173 | dual_d 1.0562 | train_acc 0.6944 | train_full n/a | val_acc 0.8649 | val_f1 0.8929 | adv/moduleC 0.57/1.00 | disc_steps 4 | grad(main/disc) 18.591/2.295 | lr(main/disc) 7.00e-05/2.75e-05 | cuda_peak(alloc/resv) 4.09/5.12GB | phase(train/val/raw/train_eval) 0.9/0.4/0.0/0.0s | 1.4s
2026-08-30 04:55:27 | Epoch 015/060 | loss 2.2301 | cls 2.2738 | tal -0.2051 | dual_g 0.0178 | dual_d 1.0223 | train_acc 0.7569 | train_full 0.8561 | val_acc 0.7568 | val_f1 0.7838 | adv/moduleC 0.64/1.00 | disc_steps 4 | grad(main/disc) 17.455/2.308 | lr(main/disc) 7.00e-05/2.75e-05 | cuda_peak(alloc/resv) 4.09/5.12GB | phase(train/val/raw/train_eval) 1.2/0.4/0.4/0.5s | 2.6s
2026-08-30 04:55:29 | New best val_f1_macro_present: raw=0.7838 stable_score=0.7838 at epoch 15
2026-08-30 04:55:30 | Epoch 016/060 | loss 2.1932 | cls 2.2417 | tal -0.2233 | dual_g 0.0185 | dual_d 1.0711 | train_acc 0.7431 | train_full n/a | val_acc 0.7568 | val_f1 0.8137 | adv/moduleC 0.71/1.00 | disc_steps 4 | grad(main/disc) 18.931/2.354 | lr(main/disc) 7.00e-05/2.75e-05 | cuda_peak(alloc/resv) 4.09/5.12GB | phase(train/val/raw/train_eval) 1.0/0.4/0.0/0.0s | 1.4s
2026-08-30 04:55:32 | Epoch 017/060 | loss 2.2138 | cls 2.2618 | tal -0.2285 | dual_g 0.0206 | dual_d 1.1460 | train_acc 0.7292 | train_full n/a | val_acc 0.8108 | val_f1 0.8222 | adv/moduleC 0.79/1.00 | disc_steps 4 | grad(main/disc) 19.127/2.415 | lr(main/disc) 7.00e-05/2.75e-05 | cuda_peak(alloc/resv) 4.09/5.12GB | phase(train/val/raw/train_eval) 1.0/0.4/0.0/0.0s | 1.5s
2026-08-30 04:55:34 | Epoch 018/060 | loss 1.9950 | cls 2.0356 | tal -0.2040 | dual_g 0.0205 | dual_d 1.1615 | train_acc 0.7708 | train_full n/a | val_acc 0.8919 | val_f1 0.9094 | adv/moduleC 0.86/1.00 | disc_steps 4 | grad(main/disc) 16.880/2.450 | lr(main/disc) 7.00e-05/2.75e-05 | cuda_peak(alloc/resv) 4.09/5.12GB | phase(train/val/raw/train_eval) 1.0/0.4/0.4/0.0s | 1.8s
2026-08-30 04:55:36 | New best val_f1_macro_present: raw=0.9094 stable_score=0.8137 at epoch 18
2026-08-30 04:55:38 | Epoch 019/060 | loss 2.0254 | cls 2.0605 | tal -0.1910 | dual_g 0.0222 | dual_d 1.1249 | train_acc 0.7778 | train_full n/a | val_acc 0.9189 | val_f1 0.9238 | adv/moduleC 0.93/1.00 | disc_steps 4 | grad(main/disc) 16.790/2.394 | lr(main/disc) 7.00e-05/2.75e-05 | cuda_peak(alloc/resv) 4.09/5.12GB | phase(train/val/raw/train_eval) 1.0/0.4/0.4/0.0s | 1.9s
2026-08-30 04:55:40 | New best val_f1_macro_present: raw=0.9238 stable_score=0.8222 at epoch 19
2026-08-30 04:55:43 | Epoch 020/060 | loss 2.0457 | cls 2.0811 | tal -0.1938 | dual_g 0.0228 | dual_d 1.1601 | train_acc 0.7847 | train_full 0.9394 | val_acc 0.8649 | val_f1 0.8915 | adv/moduleC 1.00/1.00 | disc_steps 4 | grad(main/disc) 17.636/2.380 | lr(main/disc) 7.00e-05/2.75e-05 | cuda_peak(alloc/resv) 4.09/5.12GB | phase(train/val/raw/train_eval) 1.2/0.4/0.4/0.5s | 2.5s
2026-08-30 04:55:45 | New best val_f1_macro_present: raw=0.8915 stable_score=0.8915 at epoch 20
2026-08-30 04:55:46 | Epoch 021/060 | loss 1.8428 | cls 1.8574 | tal -0.1243 | dual_g 0.0227 | dual_d 1.0814 | train_acc 0.8194 | train_full n/a | val_acc 0.8919 | val_f1 0.9129 | adv/moduleC 1.00/1.00 | disc_steps 4 | grad(main/disc) 14.829/2.318 | lr(main/disc) 7.00e-05/2.75e-05 | cuda_peak(alloc/resv) 4.09/5.12GB | phase(train/val/raw/train_eval) 1.0/0.4/0.0/0.0s | 1.4s
2026-08-30 04:55:48 | Epoch 022/060 | loss 1.8531 | cls 1.8847 | tal -0.1743 | dual_g 0.0207 | dual_d 1.1917 | train_acc 0.8264 | train_full n/a | val_acc 0.8649 | val_f1 0.8896 | adv/moduleC 1.00/1.00 | disc_steps 4 | grad(main/disc) 16.662/2.463 | lr(main/disc) 7.00e-05/2.75e-05 | cuda_peak(alloc/resv) 4.09/5.12GB | phase(train/val/raw/train_eval) 1.0/0.4/0.0/0.0s | 1.4s
2026-08-30 04:55:49 | Epoch 023/060 | loss 1.8249 | cls 1.8618 | tal -0.1934 | dual_g 0.0211 | dual_d 1.1241 | train_acc 0.8125 | train_full n/a | val_acc 0.9459 | val_f1 0.9556 | adv/moduleC 1.00/1.00 | disc_steps 4 | grad(main/disc) 15.172/2.322 | lr(main/disc) 7.00e-05/2.75e-05 | cuda_peak(alloc/resv) 4.09/5.12GB | phase(train/val/raw/train_eval) 1.2/0.4/0.0/0.0s | 1.6s
2026-08-30 04:55:51 | Epoch 024/060 | loss 1.7211 | cls 1.7444 | tal -0.1430 | dual_g 0.0196 | dual_d 1.1983 | train_acc 0.8611 | train_full n/a | val_acc 0.9189 | val_f1 0.9358 | adv/moduleC 1.00/1.00 | disc_steps 4 | grad(main/disc) 14.474/2.422 | lr(main/disc) 7.00e-05/2.75e-05 | cuda_peak(alloc/resv) 4.09/5.12GB | phase(train/val/raw/train_eval) 1.2/0.4/0.0/0.0s | 1.7s
2026-08-30 04:55:53 | Epoch 025/060 | loss 1.7581 | cls 1.7895 | tal -0.1695 | dual_g 0.0195 | dual_d 1.1336 | train_acc 0.8472 | train_full 0.9621 | val_acc 0.8919 | val_f1 0.9102 | adv/moduleC 1.00/1.00 | disc_steps 4 | grad(main/disc) 16.149/2.397 | lr(main/disc) 7.00e-05/2.75e-05 | cuda_peak(alloc/resv) 4.09/5.12GB | phase(train/val/raw/train_eval) 1.0/0.4/0.4/0.5s | 2.4s
2026-08-30 04:55:56 | New best val_f1_macro_present: raw=0.9102 stable_score=0.9102 at epoch 25
2026-08-30 04:55:57 | Epoch 026/060 | loss 1.5361 | cls 1.5804 | tal -0.2132 | dual_g 0.0197 | dual_d 1.1875 | train_acc 0.9097 | train_full n/a | val_acc 0.9459 | val_f1 0.9556 | adv/moduleC 1.00/1.00 | disc_steps 4 | grad(main/disc) 13.137/2.349 | lr(main/disc) 7.00e-05/2.75e-05 | cuda_peak(alloc/resv) 4.09/5.12GB | phase(train/val/raw/train_eval) 1.0/0.4/0.0/0.0s | 1.4s
2026-08-30 04:55:59 | Epoch 027/060 | loss 1.5466 | cls 1.5724 | tal -0.1544 | dual_g 0.0205 | dual_d 1.1590 | train_acc 0.9097 | train_full n/a | val_acc 0.9189 | val_f1 0.9327 | adv/moduleC 1.00/1.00 | disc_steps 4 | grad(main/disc) 12.288/2.274 | lr(main/disc) 7.00e-05/2.75e-05 | cuda_peak(alloc/resv) 4.09/5.12GB | phase(train/val/raw/train_eval) 1.2/0.4/0.0/0.0s | 1.7s
2026-08-30 04:56:01 | Epoch 028/060 | loss 1.8142 | cls 1.8472 | tal -0.1724 | dual_g 0.0186 | dual_d 1.2045 | train_acc 0.8819 | train_full n/a | val_acc 0.9189 | val_f1 0.9331 | adv/moduleC 1.00/1.00 | disc_steps 4 | grad(main/disc) 16.007/2.300 | lr(main/disc) 7.00e-05/2.75e-05 | cuda_peak(alloc/resv) 4.09/5.12GB | phase(train/val/raw/train_eval) 1.2/0.4/0.4/0.0s | 2.0s
2026-08-30 04:56:03 | New best val_f1_macro_present: raw=0.9331 stable_score=0.9327 at epoch 28
2026-08-30 04:56:04 | Epoch 029/060 | loss 1.6515 | cls 1.6596 | tal -0.0919 | dual_g 0.0194 | dual_d 1.1708 | train_acc 0.9375 | train_full n/a | val_acc 0.9459 | val_f1 0.9616 | adv/moduleC 1.00/1.00 | disc_steps 4 | grad(main/disc) 13.932/2.335 | lr(main/disc) 7.00e-05/2.75e-05 | cuda_peak(alloc/resv) 4.09/5.12GB | phase(train/val/raw/train_eval) 1.0/0.4/0.0/0.0s | 1.5s
2026-08-30 04:56:07 | Epoch 030/060 | loss 1.4930 | cls 1.4944 | tal -0.0619 | dual_g 0.0172 | dual_d 1.2063 | train_acc 0.9514 | train_full 0.9848 | val_acc 0.9459 | val_f1 0.9578 | adv/moduleC 1.00/1.00 | disc_steps 4 | grad(main/disc) 11.445/2.322 | lr(main/disc) 7.00e-05/2.75e-05 | cuda_peak(alloc/resv) 4.09/5.12GB | phase(train/val/raw/train_eval) 1.0/0.4/0.4/0.5s | 2.3s
2026-08-30 04:56:09 | Epoch 031/060 | loss 1.5445 | cls 1.5717 | tal -0.1593 | dual_g 0.0206 | dual_d 1.2911 | train_acc 0.9097 | train_full n/a | val_acc 0.9730 | val_f1 0.9776 | adv/moduleC 1.00/1.00 | disc_steps 4 | grad(main/disc) 12.628/2.374 | lr(main/disc) 7.00e-05/2.75e-05 | cuda_peak(alloc/resv) 4.09/5.12GB | phase(train/val/raw/train_eval) 1.1/0.4/0.4/0.0s | 1.9s
2026-08-30 04:56:11 | New best val_f1_macro_present: raw=0.9776 stable_score=0.9578 at epoch 31
2026-08-30 04:56:13 | Epoch 032/060 | loss 1.5893 | cls 1.5976 | tal -0.0891 | dual_g 0.0184 | dual_d 1.2737 | train_acc 0.9097 | train_full n/a | val_acc 0.9730 | val_f1 0.9776 | adv/moduleC 1.00/1.00 | disc_steps 4 | grad(main/disc) 14.256/2.488 | lr(main/disc) 7.00e-05/2.75e-05 | cuda_peak(alloc/resv) 4.09/5.12GB | phase(train/val/raw/train_eval) 1.4/0.4/0.0/0.0s | 1.8s
2026-08-30 04:56:14 | Epoch 033/060 | loss 1.4850 | cls 1.5112 | tal -0.1445 | dual_g 0.0172 | dual_d 1.2011 | train_acc 0.9306 | train_full n/a | val_acc 0.9459 | val_f1 0.9578 | adv/moduleC 1.00/1.00 | disc_steps 4 | grad(main/disc) 11.805/2.304 | lr(main/disc) 7.00e-05/2.75e-05 | cuda_peak(alloc/resv) 4.09/5.12GB | phase(train/val/raw/train_eval) 1.0/0.4/0.0/0.0s | 1.4s
2026-08-30 04:56:15 | Epoch 034/060 | loss 1.4496 | cls 1.4847 | tal -0.1777 | dual_g 0.0182 | dual_d 1.1389 | train_acc 0.9514 | train_full n/a | val_acc 0.9730 | val_f1 0.9802 | adv/moduleC 1.00/1.00 | disc_steps 4 | grad(main/disc) 11.784/2.232 | lr(main/disc) 7.00e-05/2.75e-05 | cuda_peak(alloc/resv) 4.09/5.12GB | phase(train/val/raw/train_eval) 0.9/0.4/0.0/0.0s | 1.3s
2026-08-30 04:56:18 | Epoch 035/060 | loss 1.4042 | cls 1.4177 | tal -0.1061 | dual_g 0.0184 | dual_d 1.2388 | train_acc 0.9722 | train_full 1.0000 | val_acc 0.9730 | val_f1 0.9776 | adv/moduleC 1.00/1.00 | disc_steps 4 | grad(main/disc) 11.322/2.261 | lr(main/disc) 7.00e-05/2.75e-05 | cuda_peak(alloc/resv) 4.09/5.12GB | phase(train/val/raw/train_eval) 1.1/0.4/0.4/0.5s | 2.4s
2026-08-30 04:56:20 | Epoch 036/060 | loss 1.4855 | cls 1.5097 | tal -0.1425 | dual_g 0.0185 | dual_d 1.1931 | train_acc 0.9375 | train_full n/a | val_acc 0.9730 | val_f1 0.9776 | adv/moduleC 1.00/1.00 | disc_steps 4 | grad(main/disc) 11.286/2.260 | lr(main/disc) 7.00e-05/2.75e-05 | cuda_peak(alloc/resv) 4.09/5.12GB | phase(train/val/raw/train_eval) 1.2/0.4/0.4/0.0s | 2.0s
2026-08-30 04:56:22 | New best val_f1_macro_present: raw=0.9776 stable_score=0.9776 at epoch 36
2026-08-30 04:56:23 | Epoch 037/060 | loss 1.3923 | cls 1.4182 | tal -0.1472 | dual_g 0.0182 | dual_d 1.1775 | train_acc 0.9375 | train_full n/a | val_acc 0.9730 | val_f1 0.9776 | adv/moduleC 1.00/1.00 | disc_steps 4 | grad(main/disc) 10.220/2.232 | lr(main/disc) 7.00e-05/2.75e-05 | cuda_peak(alloc/resv) 4.09/5.12GB | phase(train/val/raw/train_eval) 1.0/0.4/0.0/0.0s | 1.4s
2026-08-30 04:56:25 | Epoch 038/060 | loss 1.4198 | cls 1.4418 | tal -0.1338 | dual_g 0.0181 | dual_d 1.2621 | train_acc 0.9444 | train_full n/a | val_acc 0.9730 | val_f1 0.9776 | adv/moduleC 1.00/1.00 | disc_steps 4 | grad(main/disc) 10.411/2.247 | lr(main/disc) 7.00e-05/2.75e-05 | cuda_peak(alloc/resv) 4.09/5.12GB | phase(train/val/raw/train_eval) 1.2/0.4/0.0/0.0s | 1.6s
2026-08-30 04:56:27 | Epoch 039/060 | loss 1.4037 | cls 1.4183 | tal -0.1077 | dual_g 0.0177 | dual_d 1.2142 | train_acc 0.9236 | train_full n/a | val_acc 0.9189 | val_f1 0.9253 | adv/moduleC 1.00/1.00 | disc_steps 4 | grad(main/disc) 9.236/2.354 | lr(main/disc) 7.00e-05/2.75e-05 | cuda_peak(alloc/resv) 4.09/5.12GB | phase(train/val/raw/train_eval) 1.1/0.4/0.0/0.0s | 1.6s
2026-08-30 04:56:29 | Epoch 040/060 | loss 1.3951 | cls 1.4131 | tal -0.1217 | dual_g 0.0186 | dual_d 1.1484 | train_acc 0.9583 | train_full 0.9848 | val_acc 0.9730 | val_f1 0.9802 | adv/moduleC 1.00/1.00 | disc_steps 4 | grad(main/disc) 10.202/2.250 | lr(main/disc) 7.00e-05/2.75e-05 | cuda_peak(alloc/resv) 4.09/5.12GB | phase(train/val/raw/train_eval) 1.1/0.4/0.4/0.5s | 2.5s
2026-08-30 04:56:31 | Epoch 041/060 | loss 1.3790 | cls 1.4078 | tal -0.1577 | dual_g 0.0185 | dual_d 1.1981 | train_acc 0.9236 | train_full n/a | val_acc 0.9730 | val_f1 0.9776 | adv/moduleC 1.00/1.00 | disc_steps 4 | grad(main/disc) 10.820/2.315 | lr(main/disc) 7.00e-05/2.75e-05 | cuda_peak(alloc/resv) 4.09/5.12GB | phase(train/val/raw/train_eval) 1.1/0.4/0.0/0.0s | 1.6s
2026-08-30 04:56:32 | Epoch 042/060 | loss 1.2996 | cls 1.3327 | tal -0.1742 | dual_g 0.0192 | dual_d 1.1528 | train_acc 0.9792 | train_full n/a | val_acc 0.9730 | val_f1 0.9776 | adv/moduleC 1.00/1.00 | disc_steps 4 | grad(main/disc) 9.121/2.128 | lr(main/disc) 7.00e-05/2.75e-05 | cuda_peak(alloc/resv) 4.09/5.12GB | phase(train/val/raw/train_eval) 1.0/0.4/0.0/0.0s | 1.4s
2026-08-30 04:56:33 | Epoch 043/060 | loss 1.3564 | cls 1.4114 | tal -0.2453 | dual_g 0.0186 | dual_d 1.1585 | train_acc 0.9375 | train_full n/a | val_acc 0.9730 | val_f1 0.9776 | adv/moduleC 1.00/1.00 | disc_steps 4 | grad(main/disc) 10.714/2.257 | lr(main/disc) 3.50e-05/1.38e-05 | cuda_peak(alloc/resv) 4.09/5.12GB | phase(train/val/raw/train_eval) 1.0/0.4/0.0/0.0s | 1.5s
2026-08-30 04:56:35 | Epoch 044/060 | loss 1.3687 | cls 1.3872 | tal -0.1252 | dual_g 0.0191 | dual_d 1.1532 | train_acc 0.9653 | train_full n/a | val_acc 0.9459 | val_f1 0.9556 | adv/moduleC 1.00/1.00 | disc_steps 4 | grad(main/disc) 10.206/2.147 | lr(main/disc) 3.50e-05/1.38e-05 | cuda_peak(alloc/resv) 4.09/5.12GB | phase(train/val/raw/train_eval) 1.0/0.4/0.0/0.0s | 1.4s
2026-08-30 04:56:37 | Epoch 045/060 | loss 1.3391 | cls 1.3700 | tal -0.1723 | dual_g 0.0207 | dual_d 1.1504 | train_acc 0.9444 | train_full 0.9924 | val_acc 0.9730 | val_f1 0.9776 | adv/moduleC 1.00/1.00 | disc_steps 4 | grad(main/disc) 9.505/2.157 | lr(main/disc) 3.50e-05/1.38e-05 | cuda_peak(alloc/resv) 4.09/5.12GB | phase(train/val/raw/train_eval) 1.1/0.4/0.4/0.5s | 2.4s
2026-08-30 04:56:39 | Epoch 046/060 | loss 1.3646 | cls 1.3693 | tal -0.0782 | dual_g 0.0188 | dual_d 1.1875 | train_acc 0.9653 | train_full n/a | val_acc 0.9730 | val_f1 0.9776 | adv/moduleC 1.00/1.00 | disc_steps 4 | grad(main/disc) 9.459/2.287 | lr(main/disc) 3.50e-05/1.38e-05 | cuda_peak(alloc/resv) 4.09/5.12GB | phase(train/val/raw/train_eval) 1.2/0.4/0.0/0.0s | 1.7s
2026-08-30 04:56:41 | Epoch 047/060 | loss 1.3310 | cls 1.3625 | tal -0.1639 | dual_g 0.0177 | dual_d 1.0917 | train_acc 0.9722 | train_full n/a | val_acc 0.9730 | val_f1 0.9776 | adv/moduleC 1.00/1.00 | disc_steps 4 | grad(main/disc) 9.893/2.032 | lr(main/disc) 3.50e-05/1.38e-05 | cuda_peak(alloc/resv) 4.09/5.12GB | phase(train/val/raw/train_eval) 1.2/0.4/0.0/0.0s | 1.6s
2026-08-30 04:56:42 | Epoch 048/060 | loss 1.3546 | cls 1.3891 | tal -0.1792 | dual_g 0.0193 | dual_d 1.2378 | train_acc 0.9583 | train_full n/a | val_acc 0.9730 | val_f1 0.9776 | adv/moduleC 1.00/1.00 | disc_steps 4 | grad(main/disc) 10.347/2.295 | lr(main/disc) 3.50e-05/1.38e-05 | cuda_peak(alloc/resv) 4.09/5.12GB | phase(train/val/raw/train_eval) 1.1/0.4/0.0/0.0s | 1.6s
2026-08-30 04:56:42 | Early stopping at epoch 48 after 12 epochs without val_f1_macro_present improvement.
2026-08-30 04:56:42 | Training complete. Peak validation accuracy: 0.9730 | selected val_f1_macro_present: 0.9776
