2026-08-30 16:12:51 | Starting Dual_D standalone training
2026-08-30 16:12:51 | Run directory: runs/module_c_v11_ablation_60/module_c_20260830_155840/module_c_full_逆光_20260830_155841
2026-08-30 16:12:51 | Device: cuda
2026-08-30 16:12:51 | Source train samples: 992
2026-08-30 16:12:51 | Target train samples: 132
2026-08-30 16:12:51 | Target val samples: 37
2026-08-30 16:12:51 | Classes: 14
2026-08-30 16:12:51 | Data audit: same_dir=False | path_overlap(vis/ir/ais)=0/0/0 | content_overlap(vis/ir/ais)=0/0/0 | ais_index_overlap=0 | stem_mismatch(vis-ir/vis-ais)=157/0
2026-08-30 16:12:51 | source_train classes: present 14/14 | absent 0 | counts [0:120, 1:44, 2:69, 3:45, 4:40, 5:30, 6:64, 7:80, 8:116, 9:68, 10:57, 11:83, 12:48, 13:128]
2026-08-30 16:12:51 | target_train classes: present 9/14 | absent 5 | counts [0:20, 2:12, 4:12, 5:2, 9:16, 10:16, 11:29, 12:4, 13:21]
2026-08-30 16:12:51 | target_val classes: present 9/14 | absent 5 | counts [0:6, 2:3, 4:4, 5:1, 9:4, 10:4, 11:8, 12:1, 13:6]
2026-08-30 16:12:51 | Paired training classes: 9/14 | class ids [0, 2, 4, 5, 9, 10, 11, 12, 13]
2026-08-30 16:12:51 | Runtime profile: batch=16 | paired_steps=9 | workers=16 | train_eval_every=5 | raw_eval_every=5 | stability_window=3 | lr_scheduler_start=24 | early_stop=12 after min_epoch=35
2026-08-30 16:12:51 | Augmentation profile: base=0.650 | visible=0.700 | infrared=0.400 | freeze_frozen_batch_norm_stats=True
2026-08-30 16:12:51 | VIS/IR pairing: class-level-unpaired | count-mismatch classes train/val: 10/1 | AIS alignment: none | AIS rows train/val: 0/0
2026-08-30 16:12:52 | Effective Dual-D loss weights: {"adv_auxiliary": 0.025, "adv_primary": 0.025, "classification": 0.15, "contrastive": 0.02, "cycle": 0.12, "identity": 0.03, "prototype_contrastive": 0.06}
2026-08-30 16:12:52 | Model parameters: total=17277714 | trainable=17120210
2026-08-30 16:12:54 | Epoch 001/060 | loss 5.5505 | cls 5.5506 | tal -0.0003 | dual_g 0.0000 | dual_d 0.0000 | train_acc 0.0764 | train_full 0.0985 | val_acc 0.2162 | val_f1 0.0753 | adv/moduleC 0.00/0.00 | disc_steps 0 | grad(main/disc) 28.447/0.000 | lr(main/disc) 7.00e-05/2.75e-05 | cuda_peak(alloc/resv) 4.09/5.12GB | phase(train/val/raw/train_eval) 1.4/0.4/0.4/0.4s | 2.6s
2026-08-30 16:12:56 | Epoch 002/060 | loss 4.5969 | cls 4.5876 | tal 0.0308 | dual_g 0.0000 | dual_d 0.0000 | train_acc 0.1667 | train_full n/a | val_acc 0.2703 | val_f1 0.1636 | adv/moduleC 0.00/0.00 | disc_steps 0 | grad(main/disc) 24.939/0.000 | lr(main/disc) 7.00e-05/2.75e-05 | cuda_peak(alloc/resv) 4.09/5.12GB | phase(train/val/raw/train_eval) 1.1/0.4/0.0/0.0s | 1.4s
2026-08-30 16:12:58 | Epoch 003/060 | loss 4.0881 | cls 4.0682 | tal 0.0662 | dual_g 0.0000 | dual_d 0.0000 | train_acc 0.2639 | train_full n/a | val_acc 0.5135 | val_f1 0.4902 | adv/moduleC 0.00/0.00 | disc_steps 0 | grad(main/disc) 22.707/0.000 | lr(main/disc) 7.00e-05/2.75e-05 | cuda_peak(alloc/resv) 4.09/5.12GB | phase(train/val/raw/train_eval) 1.2/0.4/0.4/0.0s | 2.0s
2026-08-30 16:13:00 | New best val_f1_macro_present: raw=0.4902 stable_score=0.0753 at epoch 3
2026-08-30 16:13:02 | Epoch 004/060 | loss 3.8176 | cls 3.8090 | tal 0.0288 | dual_g 0.0000 | dual_d 0.0000 | train_acc 0.3333 | train_full n/a | val_acc 0.6486 | val_f1 0.6073 | adv/moduleC 0.00/0.00 | disc_steps 0 | grad(main/disc) 21.317/0.000 | lr(main/disc) 7.00e-05/2.75e-05 | cuda_peak(alloc/resv) 4.09/5.12GB | phase(train/val/raw/train_eval) 1.1/0.4/0.4/0.0s | 1.8s
2026-08-30 16:13:04 | New best val_f1_macro_present: raw=0.6073 stable_score=0.1636 at epoch 4
2026-08-30 16:13:06 | Epoch 005/060 | loss 3.7085 | cls 3.6339 | tal -0.0292 | dual_g 0.0833 | dual_d 0.0000 | train_acc 0.3681 | train_full 0.6591 | val_acc 0.6216 | val_f1 0.6323 | adv/moduleC 0.00/0.10 | disc_steps 0 | grad(main/disc) 20.851/0.000 | lr(main/disc) 7.00e-05/2.75e-05 | cuda_peak(alloc/resv) 4.09/5.12GB | phase(train/val/raw/train_eval) 1.1/0.4/0.4/0.4s | 2.3s
2026-08-30 16:13:08 | New best val_f1_macro_present: raw=0.6323 stable_score=0.4902 at epoch 5
2026-08-30 16:13:10 | Epoch 006/060 | loss 3.4198 | cls 3.2866 | tal -0.0905 | dual_g 0.1603 | dual_d 0.0000 | train_acc 0.4583 | train_full n/a | val_acc 0.8108 | val_f1 0.8424 | adv/moduleC 0.00/0.20 | disc_steps 0 | grad(main/disc) 20.159/0.000 | lr(main/disc) 7.00e-05/2.75e-05 | cuda_peak(alloc/resv) 4.09/5.12GB | phase(train/val/raw/train_eval) 1.1/0.4/0.4/0.0s | 1.9s
2026-08-30 16:13:12 | New best val_f1_macro_present: raw=0.8424 stable_score=0.6073 at epoch 6
2026-08-30 16:13:14 | Epoch 007/060 | loss 3.3236 | cls 3.1062 | tal -0.0608 | dual_g 0.2357 | dual_d 0.9404 | train_acc 0.5000 | train_full n/a | val_acc 0.8919 | val_f1 0.8955 | adv/moduleC 0.07/0.30 | disc_steps 4 | grad(main/disc) 19.450/2.336 | lr(main/disc) 7.00e-05/2.75e-05 | cuda_peak(alloc/resv) 4.09/5.12GB | phase(train/val/raw/train_eval) 1.1/0.4/0.4/0.0s | 1.8s
2026-08-30 16:13:16 | New best val_f1_macro_present: raw=0.8955 stable_score=0.6323 at epoch 7
2026-08-30 16:13:18 | Epoch 008/060 | loss 3.3690 | cls 3.0922 | tal -0.0748 | dual_g 0.2992 | dual_d 0.8697 | train_acc 0.5278 | train_full n/a | val_acc 0.8919 | val_f1 0.9277 | adv/moduleC 0.14/0.40 | disc_steps 4 | grad(main/disc) 20.293/2.294 | lr(main/disc) 7.00e-05/2.75e-05 | cuda_peak(alloc/resv) 4.09/5.12GB | phase(train/val/raw/train_eval) 1.2/0.4/0.4/0.0s | 2.0s
2026-08-30 16:13:20 | New best val_f1_macro_present: raw=0.9277 stable_score=0.8424 at epoch 8
2026-08-30 16:13:22 | Epoch 009/060 | loss 3.2702 | cls 2.9101 | tal -0.0193 | dual_g 0.3659 | dual_d 0.7895 | train_acc 0.6181 | train_full n/a | val_acc 0.8919 | val_f1 0.8918 | adv/moduleC 0.21/0.50 | disc_steps 4 | grad(main/disc) 20.119/2.084 | lr(main/disc) 7.00e-05/2.75e-05 | cuda_peak(alloc/resv) 4.09/5.12GB | phase(train/val/raw/train_eval) 1.1/0.4/0.4/0.0s | 1.8s
2026-08-30 16:13:24 | New best val_f1_macro_present: raw=0.8918 stable_score=0.8918 at epoch 9
2026-08-30 16:13:26 | Epoch 010/060 | loss 3.1700 | cls 2.7606 | tal -0.0110 | dual_g 0.4127 | dual_d 0.8245 | train_acc 0.5417 | train_full 0.8333 | val_acc 0.8378 | val_f1 0.8455 | adv/moduleC 0.29/0.60 | disc_steps 4 | grad(main/disc) 19.645/2.088 | lr(main/disc) 7.00e-05/2.75e-05 | cuda_peak(alloc/resv) 4.09/5.12GB | phase(train/val/raw/train_eval) 1.1/0.4/0.4/0.4s | 2.3s
2026-08-30 16:13:28 | Epoch 011/060 | loss 3.1432 | cls 2.6928 | tal -0.0317 | dual_g 0.4599 | dual_d 0.8200 | train_acc 0.5833 | train_full n/a | val_acc 0.7838 | val_f1 0.7878 | adv/moduleC 0.36/0.70 | disc_steps 4 | grad(main/disc) 20.977/2.054 | lr(main/disc) 7.00e-05/2.75e-05 | cuda_peak(alloc/resv) 4.09/5.12GB | phase(train/val/raw/train_eval) 1.0/0.4/0.0/0.0s | 1.4s
2026-08-30 16:13:29 | Epoch 012/060 | loss 3.0026 | cls 2.5188 | tal -0.0714 | dual_g 0.5053 | dual_d 0.7679 | train_acc 0.5903 | train_full n/a | val_acc 0.8919 | val_f1 0.8941 | adv/moduleC 0.43/0.80 | disc_steps 4 | grad(main/disc) 19.884/1.947 | lr(main/disc) 7.00e-05/2.75e-05 | cuda_peak(alloc/resv) 4.09/5.12GB | phase(train/val/raw/train_eval) 1.2/0.4/0.0/0.0s | 1.5s
2026-08-30 16:13:31 | Epoch 013/060 | loss 2.8027 | cls 2.2717 | tal -0.0286 | dual_g 0.5396 | dual_d 0.7858 | train_acc 0.6806 | train_full n/a | val_acc 0.8919 | val_f1 0.9079 | adv/moduleC 0.50/0.90 | disc_steps 4 | grad(main/disc) 18.305/1.932 | lr(main/disc) 7.00e-05/2.75e-05 | cuda_peak(alloc/resv) 4.09/5.12GB | phase(train/val/raw/train_eval) 1.1/0.4/0.0/0.0s | 1.4s
2026-08-30 16:13:33 | Epoch 014/060 | loss 2.7728 | cls 2.1822 | tal -0.0521 | dual_g 0.6062 | dual_d 0.7996 | train_acc 0.7361 | train_full n/a | val_acc 0.9189 | val_f1 0.9396 | adv/moduleC 0.57/1.00 | disc_steps 4 | grad(main/disc) 17.176/2.024 | lr(main/disc) 7.00e-05/2.75e-05 | cuda_peak(alloc/resv) 4.09/5.12GB | phase(train/val/raw/train_eval) 1.2/0.4/0.4/0.0s | 2.0s
2026-08-30 16:13:35 | New best val_f1_macro_present: raw=0.9396 stable_score=0.8941 at epoch 14
2026-08-30 16:13:37 | Epoch 015/060 | loss 2.8300 | cls 2.3023 | tal -0.1459 | dual_g 0.5714 | dual_d 0.7641 | train_acc 0.6667 | train_full 0.9697 | val_acc 0.9730 | val_f1 0.9776 | adv/moduleC 0.64/1.00 | disc_steps 4 | grad(main/disc) 19.102/1.976 | lr(main/disc) 7.00e-05/2.75e-05 | cuda_peak(alloc/resv) 4.09/5.12GB | phase(train/val/raw/train_eval) 1.0/0.4/0.4/0.4s | 2.2s
2026-08-30 16:13:39 | New best val_f1_macro_present: raw=0.9776 stable_score=0.9079 at epoch 15
2026-08-30 16:13:41 | Epoch 016/060 | loss 2.5754 | cls 2.1022 | tal -0.1782 | dual_g 0.5266 | dual_d 0.7578 | train_acc 0.7014 | train_full n/a | val_acc 0.8919 | val_f1 0.9003 | adv/moduleC 0.71/1.00 | disc_steps 4 | grad(main/disc) 17.365/1.996 | lr(main/disc) 7.00e-05/2.75e-05 | cuda_peak(alloc/resv) 4.09/5.12GB | phase(train/val/raw/train_eval) 1.1/0.4/0.0/0.0s | 1.5s
2026-08-30 16:13:42 | Epoch 017/060 | loss 2.4620 | cls 1.9334 | tal -0.0727 | dual_g 0.5504 | dual_d 0.7975 | train_acc 0.8264 | train_full n/a | val_acc 0.9459 | val_f1 0.9616 | adv/moduleC 0.79/1.00 | disc_steps 4 | grad(main/disc) 16.074/1.990 | lr(main/disc) 7.00e-05/2.75e-05 | cuda_peak(alloc/resv) 4.09/5.12GB | phase(train/val/raw/train_eval) 1.3/0.4/0.0/0.0s | 1.7s
2026-08-30 16:13:44 | Epoch 018/060 | loss 2.5179 | cls 2.0208 | tal -0.1428 | dual_g 0.5400 | dual_d 0.7983 | train_acc 0.7708 | train_full n/a | val_acc 0.9730 | val_f1 0.9776 | adv/moduleC 0.86/1.00 | disc_steps 4 | grad(main/disc) 18.012/2.078 | lr(main/disc) 7.00e-05/2.75e-05 | cuda_peak(alloc/resv) 4.09/5.12GB | phase(train/val/raw/train_eval) 1.1/0.4/0.0/0.0s | 1.4s
2026-08-30 16:13:46 | Epoch 019/060 | loss 2.2432 | cls 1.7638 | tal -0.1218 | dual_g 0.5159 | dual_d 0.8471 | train_acc 0.8194 | train_full n/a | val_acc 0.9459 | val_f1 0.9616 | adv/moduleC 0.93/1.00 | disc_steps 4 | grad(main/disc) 15.125/1.999 | lr(main/disc) 7.00e-05/2.75e-05 | cuda_peak(alloc/resv) 4.09/5.12GB | phase(train/val/raw/train_eval) 1.4/0.4/0.4/0.0s | 2.1s
2026-08-30 16:13:48 | New best val_f1_macro_present: raw=0.9616 stable_score=0.9616 at epoch 19
2026-08-30 16:13:50 | Epoch 020/060 | loss 2.3599 | cls 1.8922 | tal -0.2018 | dual_g 0.5282 | dual_d 0.8276 | train_acc 0.7639 | train_full 0.9773 | val_acc 0.9459 | val_f1 0.9616 | adv/moduleC 1.00/1.00 | disc_steps 4 | grad(main/disc) 17.848/2.012 | lr(main/disc) 7.00e-05/2.75e-05 | cuda_peak(alloc/resv) 4.09/5.12GB | phase(train/val/raw/train_eval) 1.1/0.4/0.4/0.4s | 2.3s
2026-08-30 16:13:52 | Epoch 021/060 | loss 2.2688 | cls 1.8042 | tal -0.1786 | dual_g 0.5181 | dual_d 0.8982 | train_acc 0.8194 | train_full n/a | val_acc 0.9730 | val_f1 0.9802 | adv/moduleC 1.00/1.00 | disc_steps 4 | grad(main/disc) 16.660/2.168 | lr(main/disc) 7.00e-05/2.75e-05 | cuda_peak(alloc/resv) 4.09/5.12GB | phase(train/val/raw/train_eval) 1.2/0.4/0.0/0.0s | 1.5s
2026-08-30 16:13:53 | Epoch 022/060 | loss 2.2320 | cls 1.8288 | tal -0.2718 | dual_g 0.4848 | dual_d 0.8423 | train_acc 0.8125 | train_full n/a | val_acc 0.9730 | val_f1 0.9802 | adv/moduleC 1.00/1.00 | disc_steps 4 | grad(main/disc) 17.717/2.021 | lr(main/disc) 7.00e-05/2.75e-05 | cuda_peak(alloc/resv) 4.09/5.12GB | phase(train/val/raw/train_eval) 0.9/0.4/0.0/0.0s | 1.3s
2026-08-30 16:13:55 | Epoch 023/060 | loss 2.1129 | cls 1.6759 | tal -0.1313 | dual_g 0.4764 | dual_d 0.8862 | train_acc 0.8819 | train_full n/a | val_acc 0.9730 | val_f1 0.9776 | adv/moduleC 1.00/1.00 | disc_steps 4 | grad(main/disc) 15.165/1.993 | lr(main/disc) 7.00e-05/2.75e-05 | cuda_peak(alloc/resv) 4.09/5.12GB | phase(train/val/raw/train_eval) 1.2/0.4/0.4/0.0s | 1.9s
2026-08-30 16:13:57 | New best val_f1_macro_present: raw=0.9776 stable_score=0.9776 at epoch 23
2026-08-30 16:13:59 | Epoch 024/060 | loss 2.0941 | cls 1.6711 | tal -0.1297 | dual_g 0.4619 | dual_d 0.8668 | train_acc 0.8472 | train_full n/a | val_acc 1.0000 | val_f1 1.0000 | adv/moduleC 1.00/1.00 | disc_steps 4 | grad(main/disc) 14.721/2.047 | lr(main/disc) 7.00e-05/2.75e-05 | cuda_peak(alloc/resv) 4.09/5.12GB | phase(train/val/raw/train_eval) 1.2/0.4/0.0/0.0s | 1.6s
2026-08-30 16:14:01 | Epoch 025/060 | loss 2.0578 | cls 1.6491 | tal -0.1896 | dual_g 0.4656 | dual_d 0.8528 | train_acc 0.8333 | train_full 0.9848 | val_acc 0.9730 | val_f1 0.9840 | adv/moduleC 1.00/1.00 | disc_steps 4 | grad(main/disc) 14.683/1.964 | lr(main/disc) 7.00e-05/2.75e-05 | cuda_peak(alloc/resv) 4.09/5.12GB | phase(train/val/raw/train_eval) 1.1/0.4/0.4/0.5s | 2.4s
2026-08-30 16:14:03 | Epoch 026/060 | loss 1.9431 | cls 1.5075 | tal -0.0776 | dual_g 0.4588 | dual_d 0.8388 | train_acc 0.8958 | train_full n/a | val_acc 1.0000 | val_f1 1.0000 | adv/moduleC 1.00/1.00 | disc_steps 4 | grad(main/disc) 13.004/1.915 | lr(main/disc) 7.00e-05/2.75e-05 | cuda_peak(alloc/resv) 4.09/5.12GB | phase(train/val/raw/train_eval) 1.1/0.4/0.4/0.0s | 1.9s
2026-08-30 16:14:05 | New best val_f1_macro_present: raw=1.0000 stable_score=0.9840 at epoch 26
2026-08-30 16:14:07 | Epoch 027/060 | loss 1.9886 | cls 1.6067 | tal -0.1976 | dual_g 0.4412 | dual_d 0.9027 | train_acc 0.9236 | train_full n/a | val_acc 0.9730 | val_f1 0.9840 | adv/moduleC 1.00/1.00 | disc_steps 4 | grad(main/disc) 13.811/2.004 | lr(main/disc) 7.00e-05/2.75e-05 | cuda_peak(alloc/resv) 4.09/5.12GB | phase(train/val/raw/train_eval) 1.1/0.4/0.0/0.0s | 1.4s
2026-08-30 16:14:08 | Epoch 028/060 | loss 2.1080 | cls 1.6901 | tal -0.1668 | dual_g 0.4680 | dual_d 0.8626 | train_acc 0.8819 | train_full n/a | val_acc 1.0000 | val_f1 1.0000 | adv/moduleC 1.00/1.00 | disc_steps 4 | grad(main/disc) 17.399/1.968 | lr(main/disc) 7.00e-05/2.75e-05 | cuda_peak(alloc/resv) 4.09/5.12GB | phase(train/val/raw/train_eval) 1.2/0.4/0.0/0.0s | 1.6s
2026-08-30 16:14:10 | Epoch 029/060 | loss 1.9579 | cls 1.5471 | tal -0.1182 | dual_g 0.4463 | dual_d 0.8748 | train_acc 0.9236 | train_full n/a | val_acc 0.9730 | val_f1 0.9802 | adv/moduleC 1.00/1.00 | disc_steps 4 | grad(main/disc) 16.035/1.947 | lr(main/disc) 7.00e-05/2.75e-05 | cuda_peak(alloc/resv) 4.09/5.12GB | phase(train/val/raw/train_eval) 1.0/0.4/0.0/0.0s | 1.4s
2026-08-30 16:14:12 | Epoch 030/060 | loss 1.8911 | cls 1.5289 | tal -0.2135 | dual_g 0.4262 | dual_d 0.8354 | train_acc 0.8681 | train_full 0.9924 | val_acc 0.9730 | val_f1 0.9776 | adv/moduleC 1.00/1.00 | disc_steps 4 | grad(main/disc) 13.471/1.926 | lr(main/disc) 7.00e-05/2.75e-05 | cuda_peak(alloc/resv) 4.09/5.12GB | phase(train/val/raw/train_eval) 1.1/0.4/0.4/0.4s | 2.3s
2026-08-30 16:14:13 | Epoch 031/060 | loss 1.9954 | cls 1.6141 | tal -0.1755 | dual_g 0.4339 | dual_d 0.9073 | train_acc 0.8889 | train_full n/a | val_acc 0.9730 | val_f1 0.9776 | adv/moduleC 1.00/1.00 | disc_steps 4 | grad(main/disc) 13.706/1.970 | lr(main/disc) 7.00e-05/2.75e-05 | cuda_peak(alloc/resv) 4.09/5.12GB | phase(train/val/raw/train_eval) 1.1/0.4/0.0/0.0s | 1.5s
2026-08-30 16:14:15 | Epoch 032/060 | loss 1.8313 | cls 1.4302 | tal -0.1029 | dual_g 0.4320 | dual_d 0.8703 | train_acc 0.9583 | train_full n/a | val_acc 0.9730 | val_f1 0.9692 | adv/moduleC 1.00/1.00 | disc_steps 4 | grad(main/disc) 11.466/1.986 | lr(main/disc) 7.00e-05/2.75e-05 | cuda_peak(alloc/resv) 4.09/5.12GB | phase(train/val/raw/train_eval) 1.3/0.4/0.0/0.0s | 1.6s
2026-08-30 16:14:17 | Epoch 033/060 | loss 1.8293 | cls 1.4736 | tal -0.2229 | dual_g 0.4225 | dual_d 0.8136 | train_acc 0.9236 | train_full n/a | val_acc 1.0000 | val_f1 1.0000 | adv/moduleC 1.00/1.00 | disc_steps 4 | grad(main/disc) 13.773/1.952 | lr(main/disc) 3.50e-05/1.38e-05 | cuda_peak(alloc/resv) 4.09/5.12GB | phase(train/val/raw/train_eval) 1.1/0.4/0.0/0.0s | 1.5s
2026-08-30 16:14:18 | Epoch 034/060 | loss 1.8220 | cls 1.4528 | tal -0.1580 | dual_g 0.4166 | dual_d 0.8948 | train_acc 0.9514 | train_full n/a | val_acc 1.0000 | val_f1 1.0000 | adv/moduleC 1.00/1.00 | disc_steps 4 | grad(main/disc) 12.273/1.955 | lr(main/disc) 3.50e-05/1.38e-05 | cuda_peak(alloc/resv) 4.09/5.12GB | phase(train/val/raw/train_eval) 1.1/0.4/0.0/0.0s | 1.4s
2026-08-30 16:14:20 | Epoch 035/060 | loss 1.7851 | cls 1.4443 | tal -0.2338 | dual_g 0.4110 | dual_d 0.9936 | train_acc 0.9306 | train_full 1.0000 | val_acc 1.0000 | val_f1 1.0000 | adv/moduleC 1.00/1.00 | disc_steps 4 | grad(main/disc) 12.730/2.117 | lr(main/disc) 3.50e-05/1.38e-05 | cuda_peak(alloc/resv) 4.09/5.12GB | phase(train/val/raw/train_eval) 1.0/0.4/0.4/0.4s | 2.2s
2026-08-30 16:14:22 | New best val_f1_macro_present: raw=1.0000 stable_score=1.0000 at epoch 35
2026-08-30 16:14:24 | Epoch 036/060 | loss 1.7228 | cls 1.3705 | tal -0.1281 | dual_g 0.3907 | dual_d 0.8587 | train_acc 0.9653 | train_full n/a | val_acc 1.0000 | val_f1 1.0000 | adv/moduleC 1.00/1.00 | disc_steps 4 | grad(main/disc) 10.726/1.865 | lr(main/disc) 3.50e-05/1.38e-05 | cuda_peak(alloc/resv) 4.09/5.12GB | phase(train/val/raw/train_eval) 1.0/0.4/0.0/0.0s | 1.4s
2026-08-30 16:14:25 | Epoch 037/060 | loss 1.7670 | cls 1.3996 | tal -0.1377 | dual_g 0.4087 | dual_d 0.9804 | train_acc 0.9583 | train_full n/a | val_acc 1.0000 | val_f1 1.0000 | adv/moduleC 1.00/1.00 | disc_steps 4 | grad(main/disc) 12.252/2.119 | lr(main/disc) 3.50e-05/1.38e-05 | cuda_peak(alloc/resv) 4.09/5.12GB | phase(train/val/raw/train_eval) 1.0/0.4/0.0/0.0s | 1.3s
2026-08-30 16:14:27 | Epoch 038/060 | loss 1.6191 | cls 1.2783 | tal -0.1604 | dual_g 0.3889 | dual_d 0.8790 | train_acc 0.9792 | train_full n/a | val_acc 1.0000 | val_f1 1.0000 | adv/moduleC 1.00/1.00 | disc_steps 4 | grad(main/disc) 8.672/1.907 | lr(main/disc) 3.50e-05/1.38e-05 | cuda_peak(alloc/resv) 4.09/5.12GB | phase(train/val/raw/train_eval) 1.2/0.4/0.0/0.0s | 1.5s
2026-08-30 16:14:28 | Epoch 039/060 | loss 1.5884 | cls 1.2858 | tal -0.2321 | dual_g 0.3723 | dual_d 0.9757 | train_acc 0.9792 | train_full n/a | val_acc 1.0000 | val_f1 1.0000 | adv/moduleC 1.00/1.00 | disc_steps 4 | grad(main/disc) 8.403/1.934 | lr(main/disc) 3.50e-05/1.38e-05 | cuda_peak(alloc/resv) 4.09/5.12GB | phase(train/val/raw/train_eval) 1.3/0.4/0.0/0.0s | 1.7s
2026-08-30 16:14:30 | Epoch 040/060 | loss 1.6873 | cls 1.3538 | tal -0.1690 | dual_g 0.3842 | dual_d 0.9284 | train_acc 0.9653 | train_full 0.9924 | val_acc 1.0000 | val_f1 1.0000 | adv/moduleC 1.00/1.00 | disc_steps 4 | grad(main/disc) 11.741/1.979 | lr(main/disc) 3.50e-05/1.38e-05 | cuda_peak(alloc/resv) 4.09/5.12GB | phase(train/val/raw/train_eval) 1.0/0.4/0.4/0.4s | 2.2s
2026-08-30 16:14:32 | Epoch 041/060 | loss 1.7038 | cls 1.3637 | tal -0.1475 | dual_g 0.3844 | dual_d 1.0329 | train_acc 0.9444 | train_full n/a | val_acc 1.0000 | val_f1 1.0000 | adv/moduleC 1.00/1.00 | disc_steps 4 | grad(main/disc) 10.538/2.115 | lr(main/disc) 3.50e-05/1.38e-05 | cuda_peak(alloc/resv) 4.09/5.12GB | phase(train/val/raw/train_eval) 1.1/0.4/0.0/0.0s | 1.5s
2026-08-30 16:14:34 | Epoch 042/060 | loss 1.6287 | cls 1.2990 | tal -0.1782 | dual_g 0.3832 | dual_d 0.9403 | train_acc 0.9722 | train_full n/a | val_acc 1.0000 | val_f1 1.0000 | adv/moduleC 1.00/1.00 | disc_steps 4 | grad(main/disc) 10.653/1.931 | lr(main/disc) 1.75e-05/6.88e-06 | cuda_peak(alloc/resv) 4.09/5.12GB | phase(train/val/raw/train_eval) 1.3/0.4/0.0/0.0s | 1.7s
2026-08-30 16:14:35 | Epoch 043/060 | loss 1.6901 | cls 1.3533 | tal -0.1667 | dual_g 0.3868 | dual_d 0.9083 | train_acc 0.9583 | train_full n/a | val_acc 1.0000 | val_f1 1.0000 | adv/moduleC 1.00/1.00 | disc_steps 4 | grad(main/disc) 11.428/1.947 | lr(main/disc) 1.75e-05/6.88e-06 | cuda_peak(alloc/resv) 4.09/5.12GB | phase(train/val/raw/train_eval) 1.1/0.4/0.0/0.0s | 1.5s
2026-08-30 16:14:37 | Epoch 044/060 | loss 1.5815 | cls 1.2535 | tal -0.1790 | dual_g 0.3817 | dual_d 0.9419 | train_acc 0.9583 | train_full n/a | val_acc 1.0000 | val_f1 1.0000 | adv/moduleC 1.00/1.00 | disc_steps 4 | grad(main/disc) 8.811/1.980 | lr(main/disc) 1.75e-05/6.88e-06 | cuda_peak(alloc/resv) 4.09/5.12GB | phase(train/val/raw/train_eval) 1.2/0.4/0.0/0.0s | 1.6s
2026-08-30 16:14:39 | Epoch 045/060 | loss 1.5859 | cls 1.2708 | tal -0.1748 | dual_g 0.3676 | dual_d 0.9733 | train_acc 0.9583 | train_full 1.0000 | val_acc 1.0000 | val_f1 1.0000 | adv/moduleC 1.00/1.00 | disc_steps 4 | grad(main/disc) 9.066/1.960 | lr(main/disc) 1.75e-05/6.88e-06 | cuda_peak(alloc/resv) 4.09/5.12GB | phase(train/val/raw/train_eval) 1.0/0.4/0.4/0.4s | 2.2s
2026-08-30 16:14:40 | Epoch 046/060 | loss 1.5579 | cls 1.2339 | tal -0.1345 | dual_g 0.3643 | dual_d 0.9570 | train_acc 0.9861 | train_full n/a | val_acc 1.0000 | val_f1 1.0000 | adv/moduleC 1.00/1.00 | disc_steps 4 | grad(main/disc) 7.308/1.985 | lr(main/disc) 1.75e-05/6.88e-06 | cuda_peak(alloc/resv) 4.09/5.12GB | phase(train/val/raw/train_eval) 1.0/0.4/0.0/0.0s | 1.4s
2026-08-30 16:14:42 | Epoch 047/060 | loss 1.6205 | cls 1.2998 | tal -0.1441 | dual_g 0.3639 | dual_d 0.9962 | train_acc 0.9514 | train_full n/a | val_acc 1.0000 | val_f1 1.0000 | adv/moduleC 1.00/1.00 | disc_steps 4 | grad(main/disc) 9.409/1.972 | lr(main/disc) 1.75e-05/6.88e-06 | cuda_peak(alloc/resv) 4.09/5.12GB | phase(train/val/raw/train_eval) 1.1/0.4/0.0/0.0s | 1.5s
2026-08-30 16:14:42 | Early stopping at epoch 47 after 12 epochs without val_f1_macro_present improvement.
2026-08-30 16:14:42 | Training complete. Peak validation accuracy: 1.0000 | selected val_f1_macro_present: 1.0000
