2026-08-30 17:32:02 | Starting Dual_D standalone training
2026-08-30 17:32:02 | Run directory: runs/module_c_v11_ablation_60/module_c_20260830_155840/module_c_no_prototype_contrastive_逆光_20260830_172123
2026-08-30 17:32:02 | Device: cuda
2026-08-30 17:32:02 | Source train samples: 992
2026-08-30 17:32:02 | Target train samples: 132
2026-08-30 17:32:02 | Target val samples: 37
2026-08-30 17:32:02 | Classes: 14
2026-08-30 17:32:02 | Data audit: same_dir=False | path_overlap(vis/ir/ais)=0/0/0 | content_overlap(vis/ir/ais)=0/0/0 | ais_index_overlap=0 | stem_mismatch(vis-ir/vis-ais)=157/0
2026-08-30 17:32:02 | source_train classes: present 14/14 | absent 0 | counts [0:120, 1:44, 2:69, 3:45, 4:40, 5:30, 6:64, 7:80, 8:116, 9:68, 10:57, 11:83, 12:48, 13:128]
2026-08-30 17:32:02 | target_train classes: present 9/14 | absent 5 | counts [0:20, 2:12, 4:12, 5:2, 9:16, 10:16, 11:29, 12:4, 13:21]
2026-08-30 17:32:02 | target_val classes: present 9/14 | absent 5 | counts [0:6, 2:3, 4:4, 5:1, 9:4, 10:4, 11:8, 12:1, 13:6]
2026-08-30 17:32:02 | Paired training classes: 9/14 | class ids [0, 2, 4, 5, 9, 10, 11, 12, 13]
2026-08-30 17:32:02 | Runtime profile: batch=16 | paired_steps=9 | workers=16 | train_eval_every=5 | raw_eval_every=5 | stability_window=3 | lr_scheduler_start=24 | early_stop=12 after min_epoch=35
2026-08-30 17:32:02 | Augmentation profile: base=0.650 | visible=0.700 | infrared=0.400 | freeze_frozen_batch_norm_stats=True
2026-08-30 17:32:02 | VIS/IR pairing: class-level-unpaired | count-mismatch classes train/val: 10/1 | AIS alignment: none | AIS rows train/val: 0/0
2026-08-30 17:32:03 | Effective Dual-D loss weights: {"adv_auxiliary": 0.025, "adv_primary": 0.025, "classification": 0.15, "contrastive": 0.02, "cycle": 0.12, "identity": 0.03, "prototype_contrastive": 0.0}
2026-08-30 17:32:03 | Model parameters: total=17277714 | trainable=17120210
2026-08-30 17:32:05 | Epoch 001/060 | loss 5.6961 | cls 5.7641 | tal -0.2264 | dual_g 0.0000 | dual_d 0.0000 | train_acc 0.0764 | train_full 0.0076 | val_acc 0.0270 | val_f1 0.0278 | adv/moduleC 0.00/0.00 | disc_steps 0 | grad(main/disc) 31.876/0.000 | lr(main/disc) 7.00e-05/2.75e-05 | cuda_peak(alloc/resv) 4.09/5.12GB | phase(train/val/raw/train_eval) 1.2/0.4/0.4/0.5s | 2.6s
2026-08-30 17:32:07 | Epoch 002/060 | loss 4.7261 | cls 4.7953 | tal -0.2309 | dual_g 0.0000 | dual_d 0.0000 | train_acc 0.1736 | train_full n/a | val_acc 0.2973 | val_f1 0.2652 | adv/moduleC 0.00/0.00 | disc_steps 0 | grad(main/disc) 26.285/0.000 | lr(main/disc) 7.00e-05/2.75e-05 | cuda_peak(alloc/resv) 4.09/5.12GB | phase(train/val/raw/train_eval) 1.2/0.4/0.0/0.0s | 1.6s
2026-08-30 17:32:09 | Epoch 003/060 | loss 4.2079 | cls 4.2589 | tal -0.1700 | dual_g 0.0000 | dual_d 0.0000 | train_acc 0.2431 | train_full n/a | val_acc 0.3514 | val_f1 0.3631 | adv/moduleC 0.00/0.00 | disc_steps 0 | grad(main/disc) 23.688/0.000 | lr(main/disc) 7.00e-05/2.75e-05 | cuda_peak(alloc/resv) 4.09/5.12GB | phase(train/val/raw/train_eval) 1.1/0.6/0.4/0.0s | 2.1s
2026-08-30 17:32:11 | New best val_f1_macro_present: raw=0.3631 stable_score=0.0278 at epoch 3
2026-08-30 17:32:13 | Epoch 004/060 | loss 3.9170 | cls 3.9745 | tal -0.1919 | dual_g 0.0000 | dual_d 0.0000 | train_acc 0.2431 | train_full n/a | val_acc 0.5676 | val_f1 0.5414 | adv/moduleC 0.00/0.00 | disc_steps 0 | grad(main/disc) 22.376/0.000 | lr(main/disc) 7.00e-05/2.75e-05 | cuda_peak(alloc/resv) 4.09/5.12GB | phase(train/val/raw/train_eval) 1.0/0.4/0.4/0.0s | 1.8s
2026-08-30 17:32:15 | New best val_f1_macro_present: raw=0.5414 stable_score=0.2652 at epoch 4
2026-08-30 17:32:18 | Epoch 005/060 | loss 3.6201 | cls 3.6079 | tal -0.1947 | dual_g 0.0706 | dual_d 0.0000 | train_acc 0.3194 | train_full 0.6742 | val_acc 0.6486 | val_f1 0.6424 | adv/moduleC 0.00/0.10 | disc_steps 0 | grad(main/disc) 22.260/0.000 | lr(main/disc) 7.00e-05/2.75e-05 | cuda_peak(alloc/resv) 4.09/5.12GB | phase(train/val/raw/train_eval) 1.1/0.4/0.4/0.5s | 2.4s
2026-08-30 17:32:20 | New best val_f1_macro_present: raw=0.6424 stable_score=0.3631 at epoch 5
2026-08-30 17:32:22 | Epoch 006/060 | loss 3.3575 | cls 3.3032 | tal -0.2822 | dual_g 0.1390 | dual_d 0.0000 | train_acc 0.4514 | train_full n/a | val_acc 0.6757 | val_f1 0.7023 | adv/moduleC 0.00/0.20 | disc_steps 0 | grad(main/disc) 20.568/0.000 | lr(main/disc) 7.00e-05/2.75e-05 | cuda_peak(alloc/resv) 4.09/5.12GB | phase(train/val/raw/train_eval) 1.1/0.4/0.4/0.0s | 1.9s
2026-08-30 17:32:24 | New best val_f1_macro_present: raw=0.7023 stable_score=0.5414 at epoch 6
2026-08-30 17:32:26 | Epoch 007/060 | loss 3.2467 | cls 3.1151 | tal -0.2490 | dual_g 0.2062 | dual_d 0.7823 | train_acc 0.4653 | train_full n/a | val_acc 0.7297 | val_f1 0.7246 | adv/moduleC 0.07/0.30 | disc_steps 4 | grad(main/disc) 20.941/2.205 | lr(main/disc) 7.00e-05/2.75e-05 | cuda_peak(alloc/resv) 4.09/5.12GB | phase(train/val/raw/train_eval) 1.1/0.4/0.4/0.0s | 2.0s
2026-08-30 17:32:28 | New best val_f1_macro_present: raw=0.7246 stable_score=0.6424 at epoch 7
2026-08-30 17:32:30 | Epoch 008/060 | loss 3.0282 | cls 2.8491 | tal -0.2373 | dual_g 0.2503 | dual_d 0.7528 | train_acc 0.5139 | train_full n/a | val_acc 0.6757 | val_f1 0.6793 | adv/moduleC 0.14/0.40 | disc_steps 4 | grad(main/disc) 19.165/2.142 | lr(main/disc) 7.00e-05/2.75e-05 | cuda_peak(alloc/resv) 4.09/5.12GB | phase(train/val/raw/train_eval) 1.1/0.4/0.4/0.0s | 1.9s
2026-08-30 17:32:32 | New best val_f1_macro_present: raw=0.6793 stable_score=0.6793 at epoch 8
2026-08-30 17:32:34 | Epoch 009/060 | loss 2.8928 | cls 2.6696 | tal -0.2542 | dual_g 0.2994 | dual_d 0.7662 | train_acc 0.5833 | train_full n/a | val_acc 0.7027 | val_f1 0.7286 | adv/moduleC 0.21/0.50 | disc_steps 4 | grad(main/disc) 18.945/2.043 | lr(main/disc) 7.00e-05/2.75e-05 | cuda_peak(alloc/resv) 4.09/5.12GB | phase(train/val/raw/train_eval) 1.0/0.4/0.0/0.0s | 1.4s
2026-08-30 17:32:36 | Epoch 010/060 | loss 2.9904 | cls 2.7361 | tal -0.2909 | dual_g 0.3416 | dual_d 0.7501 | train_acc 0.6042 | train_full 0.8030 | val_acc 0.6757 | val_f1 0.6938 | adv/moduleC 0.29/0.60 | disc_steps 4 | grad(main/disc) 19.791/2.024 | lr(main/disc) 7.00e-05/2.75e-05 | cuda_peak(alloc/resv) 4.09/5.12GB | phase(train/val/raw/train_eval) 1.2/0.4/0.4/0.5s | 2.5s
2026-08-30 17:32:38 | Epoch 011/060 | loss 2.6767 | cls 2.3597 | tal -0.2442 | dual_g 0.3903 | dual_d 0.7021 | train_acc 0.6667 | train_full n/a | val_acc 0.8108 | val_f1 0.8393 | adv/moduleC 0.36/0.70 | disc_steps 4 | grad(main/disc) 18.058/1.890 | lr(main/disc) 7.00e-05/2.75e-05 | cuda_peak(alloc/resv) 4.09/5.12GB | phase(train/val/raw/train_eval) 1.0/0.4/0.4/0.0s | 1.8s
2026-08-30 17:32:40 | New best val_f1_macro_present: raw=0.8393 stable_score=0.6938 at epoch 11
2026-08-30 17:32:42 | Epoch 012/060 | loss 2.7340 | cls 2.3968 | tal -0.3115 | dual_g 0.4307 | dual_d 0.7396 | train_acc 0.6389 | train_full n/a | val_acc 0.7568 | val_f1 0.7711 | adv/moduleC 0.43/0.80 | disc_steps 4 | grad(main/disc) 18.427/2.020 | lr(main/disc) 7.00e-05/2.75e-05 | cuda_peak(alloc/resv) 4.09/5.12GB | phase(train/val/raw/train_eval) 1.0/0.4/0.0/0.0s | 1.5s
2026-08-30 17:32:44 | Epoch 013/060 | loss 2.6368 | cls 2.2707 | tal -0.3030 | dual_g 0.4570 | dual_d 0.7946 | train_acc 0.6667 | train_full n/a | val_acc 0.8108 | val_f1 0.8508 | adv/moduleC 0.50/0.90 | disc_steps 4 | grad(main/disc) 17.969/2.001 | lr(main/disc) 7.00e-05/2.75e-05 | cuda_peak(alloc/resv) 4.09/5.12GB | phase(train/val/raw/train_eval) 1.2/0.4/0.4/0.0s | 2.1s
2026-08-30 17:32:46 | New best val_f1_macro_present: raw=0.8508 stable_score=0.7711 at epoch 13
2026-08-30 17:32:47 | Epoch 014/060 | loss 2.6622 | cls 2.2394 | tal -0.2894 | dual_g 0.5096 | dual_d 0.8363 | train_acc 0.7083 | train_full n/a | val_acc 0.8919 | val_f1 0.9041 | adv/moduleC 0.57/1.00 | disc_steps 4 | grad(main/disc) 18.900/2.061 | lr(main/disc) 7.00e-05/2.75e-05 | cuda_peak(alloc/resv) 4.09/5.12GB | phase(train/val/raw/train_eval) 1.0/0.5/0.0/0.0s | 1.4s
2026-08-30 17:32:50 | Epoch 015/060 | loss 2.5655 | cls 2.1414 | tal -0.2917 | dual_g 0.5117 | dual_d 0.7224 | train_acc 0.7639 | train_full 0.8258 | val_acc 0.8378 | val_f1 0.8481 | adv/moduleC 0.64/1.00 | disc_steps 4 | grad(main/disc) 17.896/1.858 | lr(main/disc) 7.00e-05/2.75e-05 | cuda_peak(alloc/resv) 4.09/5.12GB | phase(train/val/raw/train_eval) 1.2/0.4/0.4/0.5s | 2.6s
2026-08-30 17:32:52 | New best val_f1_macro_present: raw=0.8481 stable_score=0.8481 at epoch 15
2026-08-30 17:32:54 | Epoch 016/060 | loss 2.5276 | cls 2.1385 | tal -0.3113 | dual_g 0.4824 | dual_d 0.7473 | train_acc 0.7847 | train_full n/a | val_acc 0.8108 | val_f1 0.8151 | adv/moduleC 0.71/1.00 | disc_steps 4 | grad(main/disc) 18.860/1.956 | lr(main/disc) 7.00e-05/2.75e-05 | cuda_peak(alloc/resv) 4.09/5.12GB | phase(train/val/raw/train_eval) 1.0/0.4/0.0/0.0s | 1.4s
2026-08-30 17:32:55 | Epoch 017/060 | loss 2.5301 | cls 2.1403 | tal -0.2885 | dual_g 0.4763 | dual_d 0.8079 | train_acc 0.7222 | train_full n/a | val_acc 0.8919 | val_f1 0.8806 | adv/moduleC 0.79/1.00 | disc_steps 4 | grad(main/disc) 19.311/2.016 | lr(main/disc) 7.00e-05/2.75e-05 | cuda_peak(alloc/resv) 4.09/5.12GB | phase(train/val/raw/train_eval) 1.1/0.4/0.0/0.0s | 1.5s
2026-08-30 17:32:56 | Epoch 018/060 | loss 2.2960 | cls 1.9368 | tal -0.3123 | dual_g 0.4529 | dual_d 0.7915 | train_acc 0.7431 | train_full n/a | val_acc 0.8919 | val_f1 0.8965 | adv/moduleC 0.86/1.00 | disc_steps 4 | grad(main/disc) 16.581/1.956 | lr(main/disc) 7.00e-05/2.75e-05 | cuda_peak(alloc/resv) 4.09/5.12GB | phase(train/val/raw/train_eval) 1.0/0.4/0.0/0.0s | 1.4s
2026-08-30 17:32:58 | Epoch 019/060 | loss 2.2482 | cls 1.8709 | tal -0.2963 | dual_g 0.4662 | dual_d 0.7322 | train_acc 0.7917 | train_full n/a | val_acc 0.9189 | val_f1 0.9261 | adv/moduleC 0.93/1.00 | disc_steps 4 | grad(main/disc) 16.172/1.831 | lr(main/disc) 7.00e-05/2.75e-05 | cuda_peak(alloc/resv) 4.09/5.12GB | phase(train/val/raw/train_eval) 1.0/0.4/0.4/0.0s | 1.9s
2026-08-30 17:33:01 | New best val_f1_macro_present: raw=0.9261 stable_score=0.8806 at epoch 19
2026-08-30 17:33:03 | Epoch 020/060 | loss 2.3037 | cls 1.9236 | tal -0.2798 | dual_g 0.4640 | dual_d 0.8238 | train_acc 0.7986 | train_full 0.9621 | val_acc 0.9189 | val_f1 0.9358 | adv/moduleC 1.00/1.00 | disc_steps 4 | grad(main/disc) 17.433/2.005 | lr(main/disc) 7.00e-05/2.75e-05 | cuda_peak(alloc/resv) 4.09/5.12GB | phase(train/val/raw/train_eval) 1.1/0.4/0.4/0.5s | 2.5s
2026-08-30 17:33:05 | New best val_f1_macro_present: raw=0.9358 stable_score=0.8965 at epoch 20
2026-08-30 17:33:07 | Epoch 021/060 | loss 2.1010 | cls 1.7427 | tal -0.2124 | dual_g 0.4220 | dual_d 0.7072 | train_acc 0.9028 | train_full n/a | val_acc 0.9459 | val_f1 0.9556 | adv/moduleC 1.00/1.00 | disc_steps 4 | grad(main/disc) 15.252/1.819 | lr(main/disc) 7.00e-05/2.75e-05 | cuda_peak(alloc/resv) 4.09/5.12GB | phase(train/val/raw/train_eval) 1.0/0.4/0.4/0.0s | 1.8s
2026-08-30 17:33:09 | New best val_f1_macro_present: raw=0.9556 stable_score=0.9261 at epoch 21
2026-08-30 17:33:11 | Epoch 022/060 | loss 2.1221 | cls 1.7777 | tal -0.2442 | dual_g 0.4176 | dual_d 0.7861 | train_acc 0.8472 | train_full n/a | val_acc 0.9459 | val_f1 0.9556 | adv/moduleC 1.00/1.00 | disc_steps 4 | grad(main/disc) 17.096/1.981 | lr(main/disc) 7.00e-05/2.75e-05 | cuda_peak(alloc/resv) 4.09/5.12GB | phase(train/val/raw/train_eval) 1.0/0.4/0.4/0.0s | 1.9s
2026-08-30 17:33:13 | New best val_f1_macro_present: raw=0.9556 stable_score=0.9358 at epoch 22
2026-08-30 17:33:15 | Epoch 023/060 | loss 2.1539 | cls 1.7872 | tal -0.1888 | dual_g 0.4233 | dual_d 0.7457 | train_acc 0.8264 | train_full n/a | val_acc 0.9459 | val_f1 0.9578 | adv/moduleC 1.00/1.00 | disc_steps 4 | grad(main/disc) 15.583/1.899 | lr(main/disc) 7.00e-05/2.75e-05 | cuda_peak(alloc/resv) 4.09/5.12GB | phase(train/val/raw/train_eval) 1.1/0.4/0.4/0.0s | 2.0s
2026-08-30 17:33:17 | New best val_f1_macro_present: raw=0.9578 stable_score=0.9556 at epoch 23
2026-08-30 17:33:19 | Epoch 024/060 | loss 2.0373 | cls 1.6721 | tal -0.1657 | dual_g 0.4149 | dual_d 0.8091 | train_acc 0.8542 | train_full n/a | val_acc 0.9459 | val_f1 0.9578 | adv/moduleC 1.00/1.00 | disc_steps 4 | grad(main/disc) 14.471/1.944 | lr(main/disc) 7.00e-05/2.75e-05 | cuda_peak(alloc/resv) 4.09/5.12GB | phase(train/val/raw/train_eval) 1.2/0.4/0.0/0.0s | 1.6s
2026-08-30 17:33:22 | Epoch 025/060 | loss 2.0478 | cls 1.6910 | tal -0.2147 | dual_g 0.4213 | dual_d 0.7398 | train_acc 0.8750 | train_full 0.9697 | val_acc 0.9459 | val_f1 0.9556 | adv/moduleC 1.00/1.00 | disc_steps 4 | grad(main/disc) 15.368/1.918 | lr(main/disc) 7.00e-05/2.75e-05 | cuda_peak(alloc/resv) 4.09/5.12GB | phase(train/val/raw/train_eval) 1.1/0.4/0.5/0.5s | 2.5s
2026-08-30 17:33:23 | Epoch 026/060 | loss 1.8404 | cls 1.5351 | tal -0.2285 | dual_g 0.3738 | dual_d 0.8203 | train_acc 0.9097 | train_full n/a | val_acc 0.9730 | val_f1 0.9776 | adv/moduleC 1.00/1.00 | disc_steps 4 | grad(main/disc) 13.009/1.938 | lr(main/disc) 7.00e-05/2.75e-05 | cuda_peak(alloc/resv) 4.09/5.12GB | phase(train/val/raw/train_eval) 1.0/0.4/0.0/0.0s | 1.4s
2026-08-30 17:33:25 | Epoch 027/060 | loss 1.7999 | cls 1.4816 | tal -0.2003 | dual_g 0.3784 | dual_d 0.8040 | train_acc 0.9306 | train_full n/a | val_acc 0.9459 | val_f1 0.9578 | adv/moduleC 1.00/1.00 | disc_steps 4 | grad(main/disc) 11.536/1.885 | lr(main/disc) 7.00e-05/2.75e-05 | cuda_peak(alloc/resv) 4.09/5.12GB | phase(train/val/raw/train_eval) 1.2/0.4/0.0/0.0s | 1.7s
2026-08-30 17:33:26 | Epoch 028/060 | loss 2.1171 | cls 1.7575 | tal -0.1398 | dual_g 0.4015 | dual_d 0.8663 | train_acc 0.8819 | train_full n/a | val_acc 0.9459 | val_f1 0.9556 | adv/moduleC 1.00/1.00 | disc_steps 4 | grad(main/disc) 16.408/2.059 | lr(main/disc) 7.00e-05/2.75e-05 | cuda_peak(alloc/resv) 4.09/5.12GB | phase(train/val/raw/train_eval) 1.1/0.4/0.0/0.0s | 1.6s
2026-08-30 17:33:28 | Epoch 029/060 | loss 1.8720 | cls 1.5371 | tal -0.1209 | dual_g 0.3712 | dual_d 0.8042 | train_acc 0.9583 | train_full n/a | val_acc 0.9730 | val_f1 0.9776 | adv/moduleC 1.00/1.00 | disc_steps 4 | grad(main/disc) 13.259/1.928 | lr(main/disc) 7.00e-05/2.75e-05 | cuda_peak(alloc/resv) 4.09/5.12GB | phase(train/val/raw/train_eval) 1.1/0.4/0.0/0.0s | 1.5s
2026-08-30 17:33:30 | Epoch 030/060 | loss 1.7628 | cls 1.4368 | tal -0.1036 | dual_g 0.3570 | dual_d 0.8938 | train_acc 0.9375 | train_full 0.9848 | val_acc 0.9459 | val_f1 0.9578 | adv/moduleC 1.00/1.00 | disc_steps 4 | grad(main/disc) 11.928/1.989 | lr(main/disc) 7.00e-05/2.75e-05 | cuda_peak(alloc/resv) 4.09/5.12GB | phase(train/val/raw/train_eval) 1.0/0.4/0.4/0.5s | 2.3s
2026-08-30 17:33:32 | Epoch 031/060 | loss 1.7895 | cls 1.4701 | tal -0.1633 | dual_g 0.3684 | dual_d 0.8990 | train_acc 0.9306 | train_full n/a | val_acc 0.9730 | val_f1 0.9776 | adv/moduleC 1.00/1.00 | disc_steps 4 | grad(main/disc) 12.229/1.984 | lr(main/disc) 7.00e-05/2.75e-05 | cuda_peak(alloc/resv) 4.09/5.12GB | phase(train/val/raw/train_eval) 1.1/0.4/0.4/0.0s | 1.9s
2026-08-30 17:33:34 | New best val_f1_macro_present: raw=0.9776 stable_score=0.9578 at epoch 31
2026-08-30 17:33:36 | Epoch 032/060 | loss 1.8231 | cls 1.5086 | tal -0.1869 | dual_g 0.3707 | dual_d 0.8602 | train_acc 0.9236 | train_full n/a | val_acc 0.9730 | val_f1 0.9776 | adv/moduleC 1.00/1.00 | disc_steps 4 | grad(main/disc) 13.860/2.038 | lr(main/disc) 7.00e-05/2.75e-05 | cuda_peak(alloc/resv) 4.09/5.12GB | phase(train/val/raw/train_eval) 1.4/0.4/0.0/0.0s | 1.8s
2026-08-30 17:33:38 | Epoch 033/060 | loss 1.7606 | cls 1.4626 | tal -0.2018 | dual_g 0.3586 | dual_d 0.8593 | train_acc 0.9722 | train_full n/a | val_acc 1.0000 | val_f1 1.0000 | adv/moduleC 1.00/1.00 | disc_steps 4 | grad(main/disc) 12.230/1.945 | lr(main/disc) 7.00e-05/2.75e-05 | cuda_peak(alloc/resv) 4.09/5.12GB | phase(train/val/raw/train_eval) 1.0/0.4/0.4/0.0s | 1.8s
2026-08-30 17:33:40 | New best val_f1_macro_present: raw=1.0000 stable_score=0.9776 at epoch 33
2026-08-30 17:33:41 | Epoch 034/060 | loss 1.7377 | cls 1.4535 | tal -0.1845 | dual_g 0.3395 | dual_d 0.8064 | train_acc 0.9514 | train_full n/a | val_acc 1.0000 | val_f1 1.0000 | adv/moduleC 1.00/1.00 | disc_steps 4 | grad(main/disc) 12.386/1.836 | lr(main/disc) 7.00e-05/2.75e-05 | cuda_peak(alloc/resv) 4.09/5.12GB | phase(train/val/raw/train_eval) 0.9/0.4/0.0/0.0s | 1.4s
2026-08-30 17:33:44 | Epoch 035/060 | loss 1.6311 | cls 1.3561 | tal -0.1721 | dual_g 0.3266 | dual_d 0.9112 | train_acc 0.9792 | train_full 1.0000 | val_acc 1.0000 | val_f1 1.0000 | adv/moduleC 1.00/1.00 | disc_steps 4 | grad(main/disc) 9.988/1.965 | lr(main/disc) 7.00e-05/2.75e-05 | cuda_peak(alloc/resv) 4.09/5.12GB | phase(train/val/raw/train_eval) 1.1/0.4/0.4/0.5s | 2.4s
2026-08-30 17:33:46 | New best val_f1_macro_present: raw=1.0000 stable_score=1.0000 at epoch 35
2026-08-30 17:33:48 | Epoch 036/060 | loss 1.7138 | cls 1.4346 | tal -0.1992 | dual_g 0.3389 | dual_d 0.8553 | train_acc 0.9514 | train_full n/a | val_acc 1.0000 | val_f1 1.0000 | adv/moduleC 1.00/1.00 | disc_steps 4 | grad(main/disc) 10.670/1.902 | lr(main/disc) 7.00e-05/2.75e-05 | cuda_peak(alloc/resv) 4.09/5.12GB | phase(train/val/raw/train_eval) 1.1/0.4/0.0/0.0s | 1.6s
2026-08-30 17:33:49 | Epoch 037/060 | loss 1.6433 | cls 1.3559 | tal -0.1443 | dual_g 0.3307 | dual_d 0.8733 | train_acc 0.9444 | train_full n/a | val_acc 0.9730 | val_f1 0.9776 | adv/moduleC 1.00/1.00 | disc_steps 4 | grad(main/disc) 9.955/1.913 | lr(main/disc) 7.00e-05/2.75e-05 | cuda_peak(alloc/resv) 4.09/5.12GB | phase(train/val/raw/train_eval) 1.0/0.4/0.0/0.0s | 1.4s
2026-08-30 17:33:51 | Epoch 038/060 | loss 1.6380 | cls 1.3532 | tal -0.1704 | dual_g 0.3360 | dual_d 0.9856 | train_acc 0.9583 | train_full n/a | val_acc 0.9730 | val_f1 0.9776 | adv/moduleC 1.00/1.00 | disc_steps 4 | grad(main/disc) 10.244/2.075 | lr(main/disc) 7.00e-05/2.75e-05 | cuda_peak(alloc/resv) 4.09/5.12GB | phase(train/val/raw/train_eval) 1.2/0.4/0.0/0.0s | 1.6s
2026-08-30 17:33:52 | Epoch 039/060 | loss 1.6162 | cls 1.3266 | tal -0.0970 | dual_g 0.3188 | dual_d 0.9158 | train_acc 0.9514 | train_full n/a | val_acc 0.9730 | val_f1 0.9776 | adv/moduleC 1.00/1.00 | disc_steps 4 | grad(main/disc) 8.401/2.060 | lr(main/disc) 7.00e-05/2.75e-05 | cuda_peak(alloc/resv) 4.09/5.12GB | phase(train/val/raw/train_eval) 1.2/0.4/0.0/0.0s | 1.6s
2026-08-30 17:33:55 | Epoch 040/060 | loss 1.6440 | cls 1.3510 | tal -0.0885 | dual_g 0.3196 | dual_d 0.8814 | train_acc 0.9514 | train_full 1.0000 | val_acc 1.0000 | val_f1 1.0000 | adv/moduleC 1.00/1.00 | disc_steps 4 | grad(main/disc) 10.292/1.992 | lr(main/disc) 7.00e-05/2.75e-05 | cuda_peak(alloc/resv) 4.09/5.12GB | phase(train/val/raw/train_eval) 1.1/0.4/0.5/0.5s | 2.5s
2026-08-30 17:33:56 | Epoch 041/060 | loss 1.6258 | cls 1.3483 | tal -0.1763 | dual_g 0.3304 | dual_d 0.9510 | train_acc 0.9236 | train_full n/a | val_acc 1.0000 | val_f1 1.0000 | adv/moduleC 1.00/1.00 | disc_steps 4 | grad(main/disc) 10.858/2.078 | lr(main/disc) 7.00e-05/2.75e-05 | cuda_peak(alloc/resv) 4.09/5.12GB | phase(train/val/raw/train_eval) 1.1/0.4/0.0/0.0s | 1.5s
2026-08-30 17:33:58 | Epoch 042/060 | loss 1.5558 | cls 1.2783 | tal -0.1342 | dual_g 0.3177 | dual_d 0.9445 | train_acc 0.9792 | train_full n/a | val_acc 0.9730 | val_f1 0.9776 | adv/moduleC 1.00/1.00 | disc_steps 4 | grad(main/disc) 8.907/1.930 | lr(main/disc) 3.50e-05/1.38e-05 | cuda_peak(alloc/resv) 4.09/5.12GB | phase(train/val/raw/train_eval) 1.0/0.4/0.0/0.0s | 1.4s
2026-08-30 17:33:59 | Epoch 043/060 | loss 1.6248 | cls 1.3531 | tal -0.2110 | dual_g 0.3350 | dual_d 0.9069 | train_acc 0.9583 | train_full n/a | val_acc 0.9730 | val_f1 0.9776 | adv/moduleC 1.00/1.00 | disc_steps 4 | grad(main/disc) 10.099/2.038 | lr(main/disc) 3.50e-05/1.38e-05 | cuda_peak(alloc/resv) 4.09/5.12GB | phase(train/val/raw/train_eval) 1.0/0.4/0.0/0.0s | 1.5s
2026-08-30 17:34:01 | Epoch 044/060 | loss 1.6125 | cls 1.3225 | tal -0.1038 | dual_g 0.3211 | dual_d 0.9255 | train_acc 0.9722 | train_full n/a | val_acc 0.9730 | val_f1 0.9776 | adv/moduleC 1.00/1.00 | disc_steps 4 | grad(main/disc) 10.003/1.922 | lr(main/disc) 3.50e-05/1.38e-05 | cuda_peak(alloc/resv) 4.09/5.12GB | phase(train/val/raw/train_eval) 1.0/0.4/0.0/0.0s | 1.4s
2026-08-30 17:34:03 | Epoch 045/060 | loss 1.5923 | cls 1.3106 | tal -0.1317 | dual_g 0.3211 | dual_d 0.9321 | train_acc 0.9583 | train_full 1.0000 | val_acc 0.9730 | val_f1 0.9776 | adv/moduleC 1.00/1.00 | disc_steps 4 | grad(main/disc) 9.763/1.940 | lr(main/disc) 3.50e-05/1.38e-05 | cuda_peak(alloc/resv) 4.09/5.12GB | phase(train/val/raw/train_eval) 1.1/0.4/0.4/0.5s | 2.4s
2026-08-30 17:34:05 | Epoch 046/060 | loss 1.5762 | cls 1.2977 | tal -0.1213 | dual_g 0.3149 | dual_d 0.9618 | train_acc 0.9583 | train_full n/a | val_acc 1.0000 | val_f1 1.0000 | adv/moduleC 1.00/1.00 | disc_steps 4 | grad(main/disc) 8.948/2.038 | lr(main/disc) 3.50e-05/1.38e-05 | cuda_peak(alloc/resv) 4.09/5.12GB | phase(train/val/raw/train_eval) 1.2/0.4/0.0/0.0s | 1.6s
2026-08-30 17:34:06 | Epoch 047/060 | loss 1.5559 | cls 1.3115 | tal -0.1984 | dual_g 0.3039 | dual_d 0.8757 | train_acc 0.9653 | train_full n/a | val_acc 0.9730 | val_f1 0.9776 | adv/moduleC 1.00/1.00 | disc_steps 4 | grad(main/disc) 10.579/1.864 | lr(main/disc) 3.50e-05/1.38e-05 | cuda_peak(alloc/resv) 4.09/5.12GB | phase(train/val/raw/train_eval) 1.2/0.4/0.0/0.0s | 1.6s
2026-08-30 17:34:06 | Early stopping at epoch 47 after 12 epochs without val_f1_macro_present improvement.
2026-08-30 17:34:06 | Training complete. Peak validation accuracy: 1.0000 | selected val_f1_macro_present: 1.0000
