2026-08-21 04:23:35 | Starting Dual_D standalone training
2026-08-21 04:23:35 | Run directory: runs/module_c_ablation/module_c_full_雾天_iter03_20260820_204237
2026-08-21 04:23:35 | Device: cuda
2026-08-21 04:23:35 | Source train samples: 992
2026-08-21 04:23:35 | Target train samples: 507
2026-08-21 04:23:35 | Target val samples: 132
2026-08-21 04:23:35 | Classes: 14
2026-08-21 04:23:35 | Data audit: same_dir=False | path_overlap(vis/ir/ais)=0/0/0 | content_overlap(vis/ir/ais)=0/0/0 | ais_index_overlap=0 | stem_mismatch(vis-ir/vis-ais)=630/0
2026-08-21 04:23:35 | source_train classes: present 14/14 | absent 0 | counts [0:120, 1:44, 2:69, 3:45, 4:40, 5:30, 6:64, 7:80, 8:116, 9:68, 10:57, 11:83, 12:48, 13:128]
2026-08-21 04:23:35 | target_train classes: present 9/14 | absent 5 | counts [0:35, 1:18, 2:119, 6:110, 8:25, 9:50, 10:48, 12:9, 13:93]
2026-08-21 04:23:35 | target_val classes: present 9/14 | absent 5 | counts [0:9, 1:5, 2:30, 6:28, 8:7, 9:13, 10:13, 12:3, 13:24]
2026-08-21 04:23:35 | Paired training classes: 9/14 | class ids [0, 1, 2, 6, 8, 9, 10, 12, 13]
2026-08-21 04:23:35 | VIS/IR pairing: class-level-unpaired | count-mismatch classes train/val: 10/2 | AIS alignment: none | AIS rows train/val: 0/0
2026-08-21 04:23:36 | Model parameters: total=17277714 | trainable=17120210
2026-08-21 04:24:56 | Epoch 001/100 | loss 9.3395 | cls 4.8291 | tal -0.0858 | dual_g 4.5362 | dual_d 0.0000 | train_acc 0.1250 | train_full 0.1282 | val_acc 0.1061 | val_f1 0.0651 | grad(main/disc) 27.209/0.000 | lr(main/disc) 7.00e-05/3.50e-05 | 80.0s
2026-08-21 04:24:56 | New best val_f1_macro_present: 0.0651 at epoch 1
2026-08-21 04:26:17 | Epoch 002/100 | loss 7.6398 | cls 3.8897 | tal -0.0557 | dual_g 3.7669 | dual_d 0.0000 | train_acc 0.2363 | train_full 0.3728 | val_acc 0.3182 | val_f1 0.2963 | grad(main/disc) 21.413/0.000 | lr(main/disc) 7.00e-05/3.50e-05 | 80.3s
2026-08-21 04:26:17 | New best val_f1_macro_present: 0.2963 at epoch 2
2026-08-21 04:27:37 | Epoch 003/100 | loss 6.7594 | cls 3.4515 | tal -0.1946 | dual_g 3.3663 | dual_d 0.0000 | train_acc 0.2715 | train_full 0.4103 | val_acc 0.3182 | val_f1 0.2842 | grad(main/disc) 19.830/0.000 | lr(main/disc) 7.00e-05/3.50e-05 | 80.0s
2026-08-21 04:28:57 | Epoch 004/100 | loss 6.1005 | cls 3.1052 | tal -0.2472 | dual_g 3.0695 | dual_d 0.0000 | train_acc 0.3672 | train_full 0.5424 | val_acc 0.4773 | val_f1 0.4283 | grad(main/disc) 19.028/0.000 | lr(main/disc) 7.00e-05/3.50e-05 | 80.6s
2026-08-21 04:28:58 | New best val_f1_macro_present: 0.4283 at epoch 4
2026-08-21 04:30:20 | Epoch 005/100 | loss 5.6042 | cls 2.8356 | tal -0.2767 | dual_g 2.8516 | dual_d 0.0000 | train_acc 0.4434 | train_full 0.5917 | val_acc 0.5076 | val_f1 0.5164 | grad(main/disc) 19.731/0.000 | lr(main/disc) 7.00e-05/3.50e-05 | 81.7s
2026-08-21 04:30:20 | New best val_f1_macro_present: 0.5164 at epoch 5
2026-08-21 04:31:40 | Epoch 006/100 | loss 5.2543 | cls 2.6148 | tal -0.1774 | dual_g 2.6927 | dual_d 0.8023 | train_acc 0.4922 | train_full 0.7988 | val_acc 0.7424 | val_f1 0.7609 | grad(main/disc) 20.006/1.827 | lr(main/disc) 7.00e-05/3.50e-05 | 80.5s
2026-08-21 04:31:41 | New best val_f1_macro_present: 0.7609 at epoch 6
2026-08-21 04:33:02 | Epoch 007/100 | loss 4.9628 | cls 2.4317 | tal -0.1289 | dual_g 2.5697 | dual_d 0.7292 | train_acc 0.5332 | train_full 0.7633 | val_acc 0.6970 | val_f1 0.7288 | grad(main/disc) 20.245/1.635 | lr(main/disc) 7.00e-05/3.50e-05 | 81.2s
2026-08-21 04:34:24 | Epoch 008/100 | loss 4.5072 | cls 2.2341 | tal -0.1643 | dual_g 2.3224 | dual_d 0.7021 | train_acc 0.6387 | train_full 0.7613 | val_acc 0.7652 | val_f1 0.7809 | grad(main/disc) 18.917/1.571 | lr(main/disc) 7.00e-05/3.50e-05 | 81.8s
2026-08-21 04:34:24 | New best val_f1_macro_present: 0.7809 at epoch 8
2026-08-21 04:35:43 | Epoch 009/100 | loss 4.4216 | cls 2.1783 | tal -0.1718 | dual_g 2.2948 | dual_d 0.6780 | train_acc 0.6582 | train_full 0.8659 | val_acc 0.7955 | val_f1 0.8162 | grad(main/disc) 20.381/1.537 | lr(main/disc) 7.00e-05/3.50e-05 | 79.4s
2026-08-21 04:35:44 | New best val_f1_macro_present: 0.8162 at epoch 9
2026-08-21 04:37:02 | Epoch 010/100 | loss 4.1789 | cls 2.0476 | tal -0.1344 | dual_g 2.1716 | dual_d 0.6791 | train_acc 0.7168 | train_full 0.8560 | val_acc 0.7652 | val_f1 0.7239 | grad(main/disc) 18.620/1.470 | lr(main/disc) 7.00e-05/3.50e-05 | 78.1s
2026-08-21 04:38:22 | Epoch 011/100 | loss 4.0082 | cls 1.9633 | tal -0.1378 | dual_g 2.0863 | dual_d 0.6804 | train_acc 0.7734 | train_full 0.9250 | val_acc 0.8333 | val_f1 0.8577 | grad(main/disc) 18.082/1.456 | lr(main/disc) 7.00e-05/3.50e-05 | 80.6s
2026-08-21 04:38:23 | New best val_f1_macro_present: 0.8577 at epoch 11
2026-08-21 04:39:43 | Epoch 012/100 | loss 3.7262 | cls 1.7918 | tal -0.1628 | dual_g 1.9832 | dual_d 0.6542 | train_acc 0.7891 | train_full 0.8974 | val_acc 0.8258 | val_f1 0.8243 | grad(main/disc) 17.083/1.444 | lr(main/disc) 7.00e-05/3.50e-05 | 80.5s
2026-08-21 04:41:01 | Epoch 013/100 | loss 3.7276 | cls 1.7692 | tal -0.0946 | dual_g 1.9868 | dual_d 0.6607 | train_acc 0.8242 | train_full 0.9172 | val_acc 0.8030 | val_f1 0.7510 | grad(main/disc) 16.840/1.404 | lr(main/disc) 7.00e-05/3.50e-05 | 77.8s
2026-08-21 04:42:21 | Epoch 014/100 | loss 3.5801 | cls 1.7169 | tal -0.1125 | dual_g 1.8970 | dual_d 0.6582 | train_acc 0.8516 | train_full 0.9310 | val_acc 0.8939 | val_f1 0.8900 | grad(main/disc) 15.888/1.369 | lr(main/disc) 7.00e-05/3.50e-05 | 80.0s
2026-08-21 04:42:21 | New best val_f1_macro_present: 0.8900 at epoch 14
2026-08-21 04:43:40 | Epoch 015/100 | loss 3.4085 | cls 1.6571 | tal -0.2719 | dual_g 1.8330 | dual_d 0.6637 | train_acc 0.8809 | train_full 0.9507 | val_acc 0.8939 | val_f1 0.8789 | grad(main/disc) 14.906/1.355 | lr(main/disc) 7.00e-05/3.50e-05 | 78.8s
2026-08-21 04:44:59 | Epoch 016/100 | loss 3.3755 | cls 1.6287 | tal -0.1717 | dual_g 1.7984 | dual_d 0.6797 | train_acc 0.8926 | train_full 0.9329 | val_acc 0.8939 | val_f1 0.8836 | grad(main/disc) 14.743/1.380 | lr(main/disc) 7.00e-05/3.50e-05 | 79.2s
2026-08-21 04:46:21 | Epoch 017/100 | loss 3.1955 | cls 1.5433 | tal -0.2255 | dual_g 1.7199 | dual_d 0.6469 | train_acc 0.9199 | train_full 0.9783 | val_acc 0.9167 | val_f1 0.9101 | grad(main/disc) 12.352/1.281 | lr(main/disc) 7.00e-05/3.50e-05 | 81.6s
2026-08-21 04:46:21 | New best val_f1_macro_present: 0.9101 at epoch 17
2026-08-21 04:47:45 | Epoch 018/100 | loss 3.1698 | cls 1.5211 | tal -0.1518 | dual_g 1.6942 | dual_d 0.7045 | train_acc 0.9199 | train_full 0.9803 | val_acc 0.9242 | val_f1 0.9293 | grad(main/disc) 13.295/1.337 | lr(main/disc) 7.00e-05/3.50e-05 | 83.4s
2026-08-21 04:47:45 | New best val_f1_macro_present: 0.9293 at epoch 18
2026-08-21 04:49:06 | Epoch 019/100 | loss 3.1047 | cls 1.4870 | tal -0.1623 | dual_g 1.6664 | dual_d 0.7110 | train_acc 0.9258 | train_full 0.9783 | val_acc 0.9318 | val_f1 0.9271 | grad(main/disc) 11.369/1.357 | lr(main/disc) 7.00e-05/3.50e-05 | 81.4s
2026-08-21 04:50:26 | Epoch 020/100 | loss 3.0937 | cls 1.4813 | tal -0.1533 | dual_g 1.6584 | dual_d 0.7518 | train_acc 0.9219 | train_full 0.9822 | val_acc 0.9545 | val_f1 0.9613 | grad(main/disc) 12.407/1.403 | lr(main/disc) 7.00e-05/3.50e-05 | 79.1s
2026-08-21 04:50:26 | New best val_f1_macro_present: 0.9613 at epoch 20
2026-08-21 04:51:46 | Epoch 021/100 | loss 2.9717 | cls 1.4236 | tal -0.1395 | dual_g 1.5900 | dual_d 0.7654 | train_acc 0.9492 | train_full 0.9803 | val_acc 0.9545 | val_f1 0.9450 | grad(main/disc) 10.875/1.335 | lr(main/disc) 7.00e-05/3.50e-05 | 80.3s
2026-08-21 04:53:07 | Epoch 022/100 | loss 2.9270 | cls 1.4086 | tal -0.1292 | dual_g 1.5572 | dual_d 0.8035 | train_acc 0.9473 | train_full 0.9882 | val_acc 0.9545 | val_f1 0.9585 | grad(main/disc) 9.635/1.379 | lr(main/disc) 7.00e-05/3.50e-05 | 80.4s
2026-08-21 04:54:25 | Epoch 023/100 | loss 2.9441 | cls 1.4178 | tal -0.1326 | dual_g 1.5661 | dual_d 0.8632 | train_acc 0.9473 | train_full 0.9822 | val_acc 0.9470 | val_f1 0.9548 | grad(main/disc) 10.811/1.404 | lr(main/disc) 7.00e-05/3.50e-05 | 78.1s
2026-08-21 04:55:46 | Epoch 024/100 | loss 2.8537 | cls 1.3735 | tal -0.1473 | dual_g 1.5244 | dual_d 0.8469 | train_acc 0.9727 | train_full 0.9842 | val_acc 0.9394 | val_f1 0.9415 | grad(main/disc) 8.808/1.371 | lr(main/disc) 7.00e-05/3.50e-05 | 81.7s
2026-08-21 04:57:04 | Epoch 025/100 | loss 2.8190 | cls 1.3467 | tal -0.1165 | dual_g 1.5073 | dual_d 0.9280 | train_acc 0.9707 | train_full 0.9921 | val_acc 0.9394 | val_f1 0.9432 | grad(main/disc) 8.116/1.471 | lr(main/disc) 7.00e-05/3.50e-05 | 77.3s
2026-08-21 04:58:24 | Epoch 026/100 | loss 2.7759 | cls 1.3502 | tal -0.1335 | dual_g 1.4657 | dual_d 0.9370 | train_acc 0.9727 | train_full 0.9961 | val_acc 0.9394 | val_f1 0.9426 | grad(main/disc) 8.008/1.419 | lr(main/disc) 7.00e-05/3.50e-05 | 80.6s
2026-08-21 04:59:42 | Epoch 027/100 | loss 2.7979 | cls 1.3311 | tal -0.0537 | dual_g 1.4829 | dual_d 0.9744 | train_acc 0.9688 | train_full 0.9980 | val_acc 0.9318 | val_f1 0.9304 | grad(main/disc) 7.919/1.447 | lr(main/disc) 3.50e-05/1.75e-05 | 77.7s
2026-08-21 05:01:06 | Epoch 028/100 | loss 2.8087 | cls 1.3402 | tal -0.0001 | dual_g 1.4686 | dual_d 0.9309 | train_acc 0.9824 | train_full 0.9961 | val_acc 0.9545 | val_f1 0.9512 | grad(main/disc) 8.305/1.442 | lr(main/disc) 3.50e-05/1.75e-05 | 84.0s
2026-08-21 05:02:27 | Epoch 029/100 | loss 2.7109 | cls 1.3079 | tal -0.0776 | dual_g 1.4262 | dual_d 0.9681 | train_acc 0.9941 | train_full 0.9980 | val_acc 0.9621 | val_f1 0.9667 | grad(main/disc) 6.045/1.404 | lr(main/disc) 3.50e-05/1.75e-05 | 81.1s
2026-08-21 05:02:28 | New best val_f1_macro_present: 0.9667 at epoch 29
2026-08-21 05:03:50 | Epoch 030/100 | loss 2.7059 | cls 1.3041 | tal -0.0782 | dual_g 1.4252 | dual_d 1.0082 | train_acc 0.9844 | train_full 0.9980 | val_acc 0.9545 | val_f1 0.9588 | grad(main/disc) 6.534/1.491 | lr(main/disc) 3.50e-05/1.75e-05 | 82.2s
2026-08-21 05:05:10 | Epoch 031/100 | loss 2.7072 | cls 1.3300 | tal -0.1114 | dual_g 1.4107 | dual_d 0.9975 | train_acc 0.9727 | train_full 0.9961 | val_acc 0.9470 | val_f1 0.9467 | grad(main/disc) 6.839/1.452 | lr(main/disc) 3.50e-05/1.75e-05 | 80.0s
2026-08-21 05:06:32 | Epoch 032/100 | loss 2.6756 | cls 1.2986 | tal -0.1309 | dual_g 1.4163 | dual_d 1.0230 | train_acc 0.9785 | train_full 1.0000 | val_acc 0.9773 | val_f1 0.9745 | grad(main/disc) 6.701/1.452 | lr(main/disc) 3.50e-05/1.75e-05 | 81.7s
2026-08-21 05:06:32 | New best val_f1_macro_present: 0.9745 at epoch 32
2026-08-21 05:07:53 | Epoch 033/100 | loss 2.6922 | cls 1.3134 | tal -0.1199 | dual_g 1.4147 | dual_d 0.9871 | train_acc 0.9785 | train_full 0.9980 | val_acc 0.9621 | val_f1 0.9648 | grad(main/disc) 6.940/1.441 | lr(main/disc) 3.50e-05/1.75e-05 | 81.2s
2026-08-21 05:09:15 | Epoch 034/100 | loss 2.6802 | cls 1.2921 | tal -0.0396 | dual_g 1.4000 | dual_d 1.0179 | train_acc 0.9844 | train_full 0.9980 | val_acc 0.9545 | val_f1 0.9544 | grad(main/disc) 6.025/1.426 | lr(main/disc) 3.50e-05/1.75e-05 | 81.7s
2026-08-21 05:10:36 | Epoch 035/100 | loss 2.6787 | cls 1.2985 | tal -0.0733 | dual_g 1.4023 | dual_d 1.0360 | train_acc 0.9902 | train_full 1.0000 | val_acc 0.9621 | val_f1 0.9623 | grad(main/disc) 7.117/1.447 | lr(main/disc) 3.50e-05/1.75e-05 | 81.3s
2026-08-21 05:11:57 | Epoch 036/100 | loss 2.6387 | cls 1.2904 | tal -0.1124 | dual_g 1.3821 | dual_d 1.0419 | train_acc 0.9941 | train_full 1.0000 | val_acc 0.9697 | val_f1 0.9686 | grad(main/disc) 6.225/1.429 | lr(main/disc) 3.50e-05/1.75e-05 | 81.5s
2026-08-21 05:13:20 | Epoch 037/100 | loss 2.6061 | cls 1.2764 | tal -0.1072 | dual_g 1.3618 | dual_d 1.0221 | train_acc 0.9902 | train_full 0.9980 | val_acc 0.9621 | val_f1 0.9673 | grad(main/disc) 5.129/1.400 | lr(main/disc) 3.50e-05/1.75e-05 | 82.3s
2026-08-21 05:14:38 | Epoch 038/100 | loss 2.5767 | cls 1.2654 | tal -0.1396 | dual_g 1.3532 | dual_d 1.0310 | train_acc 0.9902 | train_full 0.9980 | val_acc 0.9545 | val_f1 0.9522 | grad(main/disc) 5.062/1.379 | lr(main/disc) 3.50e-05/1.75e-05 | 78.2s
2026-08-21 05:15:57 | Epoch 039/100 | loss 2.6400 | cls 1.2927 | tal -0.0828 | dual_g 1.3721 | dual_d 0.9965 | train_acc 0.9746 | train_full 1.0000 | val_acc 0.9470 | val_f1 0.9500 | grad(main/disc) 6.077/1.377 | lr(main/disc) 1.75e-05/8.75e-06 | 79.0s
2026-08-21 05:17:20 | Epoch 040/100 | loss 2.6427 | cls 1.2964 | tal -0.0844 | dual_g 1.3716 | dual_d 1.0489 | train_acc 0.9805 | train_full 1.0000 | val_acc 0.9697 | val_f1 0.9728 | grad(main/disc) 6.541/1.396 | lr(main/disc) 1.75e-05/8.75e-06 | 82.7s
2026-08-21 05:18:41 | Epoch 041/100 | loss 2.5637 | cls 1.2577 | tal -0.1294 | dual_g 1.3448 | dual_d 1.0284 | train_acc 0.9922 | train_full 1.0000 | val_acc 0.9545 | val_f1 0.9522 | grad(main/disc) 4.547/1.389 | lr(main/disc) 1.75e-05/8.75e-06 | 81.7s
2026-08-21 05:18:41 | Early stopping at epoch 41 after 9 epochs without val_f1_macro_present improvement.
2026-08-21 05:18:41 | Training complete. Best validation accuracy: 0.9773 | best val_f1_macro_present: 0.9745
