2026-08-26 17:05:01 | Starting Dual_D standalone training
2026-08-26 17:05:01 | Run directory: runs/module_c_ablation_60_v4/module_c_20260826_164328/module_c_full_逆光_20260826_164329
2026-08-26 17:05:01 | Device: cuda
2026-08-26 17:05:01 | Source train samples: 992
2026-08-26 17:05:01 | Target train samples: 132
2026-08-26 17:05:01 | Target val samples: 37
2026-08-26 17:05:01 | Classes: 14
2026-08-26 17:05:01 | Data audit: same_dir=False | path_overlap(vis/ir/ais)=0/0/0 | content_overlap(vis/ir/ais)=0/0/0 | ais_index_overlap=0 | stem_mismatch(vis-ir/vis-ais)=157/0
2026-08-26 17:05:01 | source_train classes: present 14/14 | absent 0 | counts [0:120, 1:44, 2:69, 3:45, 4:40, 5:30, 6:64, 7:80, 8:116, 9:68, 10:57, 11:83, 12:48, 13:128]
2026-08-26 17:05:01 | target_train classes: present 9/14 | absent 5 | counts [0:20, 2:12, 4:12, 5:2, 9:16, 10:16, 11:29, 12:4, 13:21]
2026-08-26 17:05:01 | target_val classes: present 9/14 | absent 5 | counts [0:6, 2:3, 4:4, 5:1, 9:4, 10:4, 11:8, 12:1, 13:6]
2026-08-26 17:05:01 | Paired training classes: 9/14 | class ids [0, 2, 4, 5, 9, 10, 11, 12, 13]
2026-08-26 17:05:01 | Runtime profile: batch=80 | paired_steps=3 | workers=16 | train_eval_every=5 | raw_eval_every=5 | early_stop=15 after min_epoch=25
2026-08-26 17:05:01 | VIS/IR pairing: class-level-unpaired | count-mismatch classes train/val: 10/1 | AIS alignment: none | AIS rows train/val: 0/0
2026-08-26 17:05:02 | Model parameters: total=17277714 | trainable=17120210
2026-08-26 17:05:06 | Epoch 001/060 | loss 6.1598 | cls 6.1550 | tal 0.0159 | dual_g 0.0000 | dual_d 0.0000 | train_acc 0.0708 | train_full 0.1136 | val_acc 0.1892 | val_f1 0.0605 | adv/moduleC 0.00/0.00 | disc_steps 0 | grad(main/disc) 17.410/0.000 | lr(main/disc) 7.00e-05/3.50e-05 | cuda_peak(alloc/resv) 18.96/24.42GB | phase(train/val/raw/train_eval) 2.9/0.5/0.5/0.7s | 4.6s
2026-08-26 17:05:10 | New best val_f1_macro_present: 0.0605 at epoch 1
2026-08-26 17:05:13 | Epoch 002/060 | loss 5.3218 | cls 5.3010 | tal 0.0694 | dual_g 0.0000 | dual_d 0.0000 | train_acc 0.1875 | train_full n/a | val_acc 0.1622 | val_f1 0.0548 | adv/moduleC 0.00/0.00 | disc_steps 0 | grad(main/disc) 15.557/0.000 | lr(main/disc) 7.00e-05/3.50e-05 | cuda_peak(alloc/resv) 18.96/24.42GB | phase(train/val/raw/train_eval) 2.4/0.5/0.0/0.0s | 2.9s
2026-08-26 17:05:17 | Epoch 003/060 | loss 5.0159 | cls 4.9612 | tal 0.1824 | dual_g 0.0000 | dual_d 0.0000 | train_acc 0.2042 | train_full n/a | val_acc 0.1892 | val_f1 0.0779 | adv/moduleC 0.00/0.00 | disc_steps 0 | grad(main/disc) 13.738/0.000 | lr(main/disc) 7.00e-05/3.50e-05 | cuda_peak(alloc/resv) 18.96/24.42GB | phase(train/val/raw/train_eval) 2.7/0.5/0.5/0.0s | 3.7s
2026-08-26 17:05:21 | New best val_f1_macro_present: 0.0779 at epoch 3
2026-08-26 17:05:24 | Epoch 004/060 | loss 4.4341 | cls 4.4096 | tal 0.0817 | dual_g 0.0000 | dual_d 0.0000 | train_acc 0.2417 | train_full n/a | val_acc 0.2703 | val_f1 0.2243 | adv/moduleC 0.00/0.00 | disc_steps 0 | grad(main/disc) 12.614/0.000 | lr(main/disc) 7.00e-05/3.50e-05 | cuda_peak(alloc/resv) 18.96/24.42GB | phase(train/val/raw/train_eval) 2.6/0.5/0.5/0.0s | 3.6s
2026-08-26 17:05:28 | New best val_f1_macro_present: 0.2243 at epoch 4
2026-08-26 17:05:33 | Epoch 005/060 | loss 4.3952 | cls 4.0948 | tal 0.0712 | dual_g 0.2790 | dual_d 0.0000 | train_acc 0.3083 | train_full 0.2955 | val_acc 0.3243 | val_f1 0.3626 | adv/moduleC 0.00/0.10 | disc_steps 0 | grad(main/disc) 11.695/0.000 | lr(main/disc) 7.00e-05/3.50e-05 | cuda_peak(alloc/resv) 18.96/24.42GB | phase(train/val/raw/train_eval) 2.9/0.5/0.5/0.7s | 4.5s
2026-08-26 17:05:36 | New best val_f1_macro_present: 0.3626 at epoch 5
2026-08-26 17:05:39 | Epoch 006/060 | loss 4.3802 | cls 3.8622 | tal 0.0260 | dual_g 0.5103 | dual_d 0.8160 | train_acc 0.4042 | train_full n/a | val_acc 0.4054 | val_f1 0.3364 | adv/moduleC 0.05/0.20 | disc_steps 1 | grad(main/disc) 11.258/1.717 | lr(main/disc) 7.00e-05/3.50e-05 | cuda_peak(alloc/resv) 18.96/24.42GB | phase(train/val/raw/train_eval) 2.4/0.5/0.0/0.0s | 2.9s
2026-08-26 17:05:43 | Epoch 007/060 | loss 4.5221 | cls 3.7379 | tal 0.0706 | dual_g 0.7630 | dual_d 0.8035 | train_acc 0.3583 | train_full n/a | val_acc 0.4324 | val_f1 0.4567 | adv/moduleC 0.10/0.30 | disc_steps 1 | grad(main/disc) 11.337/1.679 | lr(main/disc) 7.00e-05/3.50e-05 | cuda_peak(alloc/resv) 18.96/24.42GB | phase(train/val/raw/train_eval) 2.8/0.5/0.5/0.0s | 3.8s
2026-08-26 17:05:47 | New best val_f1_macro_present: 0.4567 at epoch 7
2026-08-26 17:05:50 | Epoch 008/060 | loss 4.2927 | cls 3.2968 | tal 0.0759 | dual_g 0.9732 | dual_d 0.8199 | train_acc 0.4625 | train_full n/a | val_acc 0.5676 | val_f1 0.5250 | adv/moduleC 0.15/0.40 | disc_steps 1 | grad(main/disc) 10.452/1.650 | lr(main/disc) 7.00e-05/3.50e-05 | cuda_peak(alloc/resv) 18.96/24.42GB | phase(train/val/raw/train_eval) 2.6/0.5/0.5/0.0s | 3.6s
2026-08-26 17:05:54 | New best val_f1_macro_present: 0.5250 at epoch 8
2026-08-26 17:05:58 | Epoch 009/060 | loss 4.5779 | cls 3.3829 | tal 0.0871 | dual_g 1.1689 | dual_d 0.8445 | train_acc 0.4708 | train_full n/a | val_acc 0.6216 | val_f1 0.5676 | adv/moduleC 0.20/0.50 | disc_steps 1 | grad(main/disc) 10.816/1.649 | lr(main/disc) 7.00e-05/3.50e-05 | cuda_peak(alloc/resv) 18.96/24.42GB | phase(train/val/raw/train_eval) 2.5/0.5/0.5/0.0s | 3.5s
2026-08-26 17:06:01 | New best val_f1_macro_present: 0.5676 at epoch 9
2026-08-26 17:06:06 | Epoch 010/060 | loss 4.4629 | cls 3.0846 | tal 0.0462 | dual_g 1.3644 | dual_d 0.8521 | train_acc 0.5375 | train_full 0.7576 | val_acc 0.7027 | val_f1 0.7580 | adv/moduleC 0.25/0.60 | disc_steps 1 | grad(main/disc) 10.431/1.684 | lr(main/disc) 7.00e-05/3.50e-05 | cuda_peak(alloc/resv) 18.96/24.42GB | phase(train/val/raw/train_eval) 2.6/0.5/0.5/0.7s | 4.2s
2026-08-26 17:06:09 | New best val_f1_macro_present: 0.7580 at epoch 10
2026-08-26 17:06:13 | Epoch 011/060 | loss 4.4226 | cls 2.9255 | tal 0.0342 | dual_g 1.4869 | dual_d 0.8227 | train_acc 0.5000 | train_full n/a | val_acc 0.7568 | val_f1 0.8135 | adv/moduleC 0.30/0.70 | disc_steps 1 | grad(main/disc) 10.562/1.617 | lr(main/disc) 7.00e-05/3.50e-05 | cuda_peak(alloc/resv) 18.96/24.42GB | phase(train/val/raw/train_eval) 3.1/0.5/0.5/0.0s | 4.1s
2026-08-26 17:06:17 | New best val_f1_macro_present: 0.8135 at epoch 11
2026-08-26 17:06:21 | Epoch 012/060 | loss 4.5288 | cls 2.8461 | tal 0.0424 | dual_g 1.6700 | dual_d 0.8385 | train_acc 0.5750 | train_full n/a | val_acc 0.8378 | val_f1 0.8787 | adv/moduleC 0.35/0.80 | disc_steps 1 | grad(main/disc) 11.679/1.604 | lr(main/disc) 7.00e-05/3.50e-05 | cuda_peak(alloc/resv) 18.96/24.42GB | phase(train/val/raw/train_eval) 2.6/0.5/0.5/0.0s | 3.6s
2026-08-26 17:06:25 | New best val_f1_macro_present: 0.8787 at epoch 12
2026-08-26 17:06:29 | Epoch 013/060 | loss 4.5750 | cls 2.7835 | tal 0.0238 | dual_g 1.7844 | dual_d 0.8504 | train_acc 0.5500 | train_full n/a | val_acc 0.8919 | val_f1 0.9088 | adv/moduleC 0.40/0.90 | disc_steps 1 | grad(main/disc) 11.957/1.616 | lr(main/disc) 7.00e-05/3.50e-05 | cuda_peak(alloc/resv) 18.96/24.42GB | phase(train/val/raw/train_eval) 2.8/0.5/0.5/0.0s | 3.8s
2026-08-26 17:06:32 | New best val_f1_macro_present: 0.9088 at epoch 13
2026-08-26 17:06:36 | Epoch 014/060 | loss 4.6568 | cls 2.7027 | tal 0.0231 | dual_g 1.9472 | dual_d 0.8338 | train_acc 0.5958 | train_full n/a | val_acc 0.9459 | val_f1 0.9616 | adv/moduleC 0.45/1.00 | disc_steps 1 | grad(main/disc) 11.601/1.621 | lr(main/disc) 7.00e-05/3.50e-05 | cuda_peak(alloc/resv) 18.96/24.42GB | phase(train/val/raw/train_eval) 2.5/0.5/0.5/0.0s | 3.4s
2026-08-26 17:06:40 | New best val_f1_macro_present: 0.9616 at epoch 14
2026-08-26 17:06:43 | Epoch 015/060 | loss 4.3994 | cls 2.5455 | tal 0.0049 | dual_g 1.8524 | dual_d 0.7901 | train_acc 0.6458 | train_full 0.9318 | val_acc 0.9459 | val_f1 0.9551 | adv/moduleC 0.50/1.00 | disc_steps 1 | grad(main/disc) 11.764/1.598 | lr(main/disc) 7.00e-05/3.50e-05 | cuda_peak(alloc/resv) 18.96/24.42GB | phase(train/val/raw/train_eval) 2.2/0.5/0.5/0.7s | 3.9s
2026-08-26 17:06:47 | Epoch 016/060 | loss 4.2621 | cls 2.4987 | tal 0.0278 | dual_g 1.7551 | dual_d 0.7800 | train_acc 0.7458 | train_full n/a | val_acc 0.9189 | val_f1 0.9308 | adv/moduleC 0.55/1.00 | disc_steps 1 | grad(main/disc) 11.848/1.462 | lr(main/disc) 7.00e-05/3.50e-05 | cuda_peak(alloc/resv) 18.96/24.42GB | phase(train/val/raw/train_eval) 2.8/0.5/0.0/0.0s | 3.3s
2026-08-26 17:06:50 | Epoch 017/060 | loss 4.1141 | cls 2.3661 | tal -0.0166 | dual_g 1.7529 | dual_d 0.8083 | train_acc 0.6583 | train_full n/a | val_acc 0.8919 | val_f1 0.9156 | adv/moduleC 0.60/1.00 | disc_steps 1 | grad(main/disc) 11.716/1.512 | lr(main/disc) 7.00e-05/3.50e-05 | cuda_peak(alloc/resv) 18.96/24.42GB | phase(train/val/raw/train_eval) 2.4/0.5/0.0/0.0s | 2.9s
2026-08-26 17:06:53 | Epoch 018/060 | loss 3.8168 | cls 2.1592 | tal -0.0383 | dual_g 1.6691 | dual_d 0.8120 | train_acc 0.7917 | train_full n/a | val_acc 0.9189 | val_f1 0.9396 | adv/moduleC 0.65/1.00 | disc_steps 1 | grad(main/disc) 10.783/1.516 | lr(main/disc) 7.00e-05/3.50e-05 | cuda_peak(alloc/resv) 18.96/24.42GB | phase(train/val/raw/train_eval) 2.6/0.5/0.0/0.0s | 3.1s
2026-08-26 17:06:56 | Epoch 019/060 | loss 3.7989 | cls 2.1940 | tal -0.0408 | dual_g 1.6171 | dual_d 0.7771 | train_acc 0.7833 | train_full n/a | val_acc 0.9459 | val_f1 0.9616 | adv/moduleC 0.70/1.00 | disc_steps 1 | grad(main/disc) 11.774/1.510 | lr(main/disc) 7.00e-05/3.50e-05 | cuda_peak(alloc/resv) 18.96/24.42GB | phase(train/val/raw/train_eval) 3.0/0.5/0.0/0.0s | 3.5s
2026-08-26 17:07:00 | Epoch 020/060 | loss 3.6837 | cls 2.1439 | tal -0.0707 | dual_g 1.5610 | dual_d 0.8361 | train_acc 0.7833 | train_full 0.9621 | val_acc 0.9730 | val_f1 0.9776 | adv/moduleC 0.75/1.00 | disc_steps 1 | grad(main/disc) 14.602/1.542 | lr(main/disc) 7.00e-05/3.50e-05 | cuda_peak(alloc/resv) 18.96/24.42GB | phase(train/val/raw/train_eval) 2.4/0.5/0.5/0.7s | 4.1s
2026-08-26 17:07:04 | New best val_f1_macro_present: 0.9776 at epoch 20
2026-08-26 17:07:07 | Epoch 021/060 | loss 3.5103 | cls 2.0203 | tal -0.0735 | dual_g 1.5120 | dual_d 0.8421 | train_acc 0.7417 | train_full n/a | val_acc 0.9189 | val_f1 0.9335 | adv/moduleC 0.80/1.00 | disc_steps 1 | grad(main/disc) 10.668/1.511 | lr(main/disc) 7.00e-05/3.50e-05 | cuda_peak(alloc/resv) 18.96/24.42GB | phase(train/val/raw/train_eval) 2.4/0.5/0.0/0.0s | 2.9s
2026-08-26 17:07:10 | Epoch 022/060 | loss 3.4516 | cls 1.9452 | tal -0.0259 | dual_g 1.5142 | dual_d 0.7886 | train_acc 0.8333 | train_full n/a | val_acc 0.9459 | val_f1 0.9578 | adv/moduleC 0.85/1.00 | disc_steps 1 | grad(main/disc) 11.326/1.427 | lr(main/disc) 7.00e-05/3.50e-05 | cuda_peak(alloc/resv) 18.96/24.42GB | phase(train/val/raw/train_eval) 3.0/0.5/0.0/0.0s | 3.5s
2026-08-26 17:07:13 | Epoch 023/060 | loss 3.3331 | cls 1.9172 | tal -0.0372 | dual_g 1.4270 | dual_d 0.7940 | train_acc 0.8708 | train_full n/a | val_acc 0.9730 | val_f1 0.9776 | adv/moduleC 0.90/1.00 | disc_steps 1 | grad(main/disc) 10.973/1.409 | lr(main/disc) 7.00e-05/3.50e-05 | cuda_peak(alloc/resv) 18.96/24.42GB | phase(train/val/raw/train_eval) 2.4/0.5/0.0/0.0s | 2.9s
2026-08-26 17:07:16 | Epoch 024/060 | loss 3.4100 | cls 1.9794 | tal -0.0754 | dual_g 1.4532 | dual_d 0.8233 | train_acc 0.8250 | train_full n/a | val_acc 0.9189 | val_f1 0.9358 | adv/moduleC 0.95/1.00 | disc_steps 1 | grad(main/disc) 12.585/1.433 | lr(main/disc) 7.00e-05/3.50e-05 | cuda_peak(alloc/resv) 18.96/24.42GB | phase(train/val/raw/train_eval) 2.6/0.5/0.0/0.0s | 3.1s
2026-08-26 17:07:21 | Epoch 025/060 | loss 3.3144 | cls 1.8982 | tal -0.0619 | dual_g 1.4347 | dual_d 0.8225 | train_acc 0.8625 | train_full 0.9697 | val_acc 0.9459 | val_f1 0.9578 | adv/moduleC 1.00/1.00 | disc_steps 1 | grad(main/disc) 13.530/1.417 | lr(main/disc) 7.00e-05/3.50e-05 | cuda_peak(alloc/resv) 18.96/24.42GB | phase(train/val/raw/train_eval) 2.7/0.5/0.5/0.7s | 4.4s
2026-08-26 17:07:24 | Epoch 026/060 | loss 3.0819 | cls 1.7493 | tal -0.0812 | dual_g 1.3570 | dual_d 0.8045 | train_acc 0.8917 | train_full n/a | val_acc 0.9459 | val_f1 0.9578 | adv/moduleC 1.00/1.00 | disc_steps 1 | grad(main/disc) 12.492/1.388 | lr(main/disc) 7.00e-05/3.50e-05 | cuda_peak(alloc/resv) 18.96/24.42GB | phase(train/val/raw/train_eval) 2.7/0.5/0.0/0.0s | 3.2s
2026-08-26 17:07:27 | Epoch 027/060 | loss 3.0534 | cls 1.7054 | tal -0.0497 | dual_g 1.3629 | dual_d 0.8352 | train_acc 0.8708 | train_full n/a | val_acc 0.9459 | val_f1 0.9578 | adv/moduleC 1.00/1.00 | disc_steps 1 | grad(main/disc) 9.991/1.389 | lr(main/disc) 3.50e-05/1.75e-05 | cuda_peak(alloc/resv) 18.96/24.42GB | phase(train/val/raw/train_eval) 2.7/0.5/0.0/0.0s | 3.2s
2026-08-26 17:07:30 | Epoch 028/060 | loss 3.0225 | cls 1.7258 | tal -0.0240 | dual_g 1.3038 | dual_d 0.8439 | train_acc 0.8875 | train_full n/a | val_acc 0.9459 | val_f1 0.9578 | adv/moduleC 1.00/1.00 | disc_steps 1 | grad(main/disc) 14.511/1.375 | lr(main/disc) 3.50e-05/1.75e-05 | cuda_peak(alloc/resv) 18.96/24.42GB | phase(train/val/raw/train_eval) 2.3/0.5/0.0/0.0s | 2.8s
2026-08-26 17:07:33 | Epoch 029/060 | loss 2.9461 | cls 1.6592 | tal -0.0515 | dual_g 1.3024 | dual_d 0.8190 | train_acc 0.8750 | train_full n/a | val_acc 0.9459 | val_f1 0.9578 | adv/moduleC 1.00/1.00 | disc_steps 1 | grad(main/disc) 9.376/1.343 | lr(main/disc) 3.50e-05/1.75e-05 | cuda_peak(alloc/resv) 18.96/24.42GB | phase(train/val/raw/train_eval) 2.6/0.5/0.0/0.0s | 3.1s
2026-08-26 17:07:37 | Epoch 030/060 | loss 3.0307 | cls 1.7042 | tal -0.0065 | dual_g 1.3285 | dual_d 0.8726 | train_acc 0.9042 | train_full 0.9848 | val_acc 0.9459 | val_f1 0.9616 | adv/moduleC 1.00/1.00 | disc_steps 1 | grad(main/disc) 11.022/1.436 | lr(main/disc) 3.50e-05/1.75e-05 | cuda_peak(alloc/resv) 18.96/24.42GB | phase(train/val/raw/train_eval) 2.5/0.5/0.5/0.7s | 4.2s
2026-08-26 17:07:41 | Epoch 031/060 | loss 2.8597 | cls 1.6295 | tal -0.0572 | dual_g 1.2473 | dual_d 0.9009 | train_acc 0.9208 | train_full n/a | val_acc 0.9459 | val_f1 0.9616 | adv/moduleC 1.00/1.00 | disc_steps 1 | grad(main/disc) 9.331/1.513 | lr(main/disc) 3.50e-05/1.75e-05 | cuda_peak(alloc/resv) 18.96/24.42GB | phase(train/val/raw/train_eval) 2.7/0.5/0.0/0.0s | 3.2s
2026-08-26 17:07:44 | Epoch 032/060 | loss 2.8847 | cls 1.6223 | tal -0.0539 | dual_g 1.2786 | dual_d 0.8469 | train_acc 0.8875 | train_full n/a | val_acc 0.9459 | val_f1 0.9578 | adv/moduleC 1.00/1.00 | disc_steps 1 | grad(main/disc) 11.861/1.397 | lr(main/disc) 3.50e-05/1.75e-05 | cuda_peak(alloc/resv) 18.96/24.42GB | phase(train/val/raw/train_eval) 2.6/0.5/0.0/0.0s | 3.1s
2026-08-26 17:07:48 | Epoch 033/060 | loss 2.9472 | cls 1.7165 | tal -0.0703 | dual_g 1.2518 | dual_d 0.8559 | train_acc 0.8667 | train_full n/a | val_acc 0.9730 | val_f1 0.9802 | adv/moduleC 1.00/1.00 | disc_steps 1 | grad(main/disc) 11.561/1.384 | lr(main/disc) 3.50e-05/1.75e-05 | cuda_peak(alloc/resv) 18.96/24.42GB | phase(train/val/raw/train_eval) 2.9/0.5/0.5/0.0s | 3.9s
2026-08-26 17:07:51 | New best val_f1_macro_present: 0.9802 at epoch 33
2026-08-26 17:07:55 | Epoch 034/060 | loss 2.8963 | cls 1.6724 | tal -0.0582 | dual_g 1.2414 | dual_d 0.8735 | train_acc 0.8833 | train_full n/a | val_acc 0.9730 | val_f1 0.9802 | adv/moduleC 1.00/1.00 | disc_steps 1 | grad(main/disc) 12.364/1.399 | lr(main/disc) 3.50e-05/1.75e-05 | cuda_peak(alloc/resv) 18.96/24.42GB | phase(train/val/raw/train_eval) 2.8/0.5/0.0/0.0s | 3.2s
2026-08-26 17:07:59 | Epoch 035/060 | loss 2.6846 | cls 1.5092 | tal -0.0798 | dual_g 1.1993 | dual_d 0.8463 | train_acc 0.9333 | train_full 1.0000 | val_acc 0.9730 | val_f1 0.9802 | adv/moduleC 1.00/1.00 | disc_steps 1 | grad(main/disc) 12.197/1.432 | lr(main/disc) 3.50e-05/1.75e-05 | cuda_peak(alloc/resv) 18.96/24.42GB | phase(train/val/raw/train_eval) 2.4/0.5/0.5/0.7s | 4.1s
2026-08-26 17:08:02 | Epoch 036/060 | loss 2.7350 | cls 1.5561 | tal -0.0874 | dual_g 1.2051 | dual_d 0.9370 | train_acc 0.8833 | train_full n/a | val_acc 0.9730 | val_f1 0.9802 | adv/moduleC 1.00/1.00 | disc_steps 1 | grad(main/disc) 13.619/1.459 | lr(main/disc) 3.50e-05/1.75e-05 | cuda_peak(alloc/resv) 18.96/24.42GB | phase(train/val/raw/train_eval) 2.5/0.5/0.0/0.0s | 3.0s
2026-08-26 17:08:05 | Epoch 037/060 | loss 2.7353 | cls 1.5458 | tal -0.0817 | dual_g 1.2140 | dual_d 0.8474 | train_acc 0.9167 | train_full n/a | val_acc 0.9730 | val_f1 0.9802 | adv/moduleC 1.00/1.00 | disc_steps 1 | grad(main/disc) 10.066/1.382 | lr(main/disc) 3.50e-05/1.75e-05 | cuda_peak(alloc/resv) 18.96/24.42GB | phase(train/val/raw/train_eval) 2.8/0.5/0.0/0.0s | 3.2s
2026-08-26 17:08:08 | Epoch 038/060 | loss 2.6719 | cls 1.5179 | tal -0.0780 | dual_g 1.1773 | dual_d 0.8831 | train_acc 0.9500 | train_full n/a | val_acc 0.9730 | val_f1 0.9802 | adv/moduleC 1.00/1.00 | disc_steps 1 | grad(main/disc) 9.459/1.413 | lr(main/disc) 3.50e-05/1.75e-05 | cuda_peak(alloc/resv) 18.96/24.42GB | phase(train/val/raw/train_eval) 2.9/0.5/0.0/0.0s | 3.4s
2026-08-26 17:08:11 | Epoch 039/060 | loss 2.5691 | cls 1.4395 | tal -0.0666 | dual_g 1.1496 | dual_d 0.8804 | train_acc 0.9458 | train_full n/a | val_acc 0.9730 | val_f1 0.9802 | adv/moduleC 1.00/1.00 | disc_steps 1 | grad(main/disc) 9.140/1.393 | lr(main/disc) 3.50e-05/1.75e-05 | cuda_peak(alloc/resv) 18.96/24.42GB | phase(train/val/raw/train_eval) 2.3/0.5/0.0/0.0s | 2.8s
2026-08-26 17:08:15 | Epoch 040/060 | loss 2.5982 | cls 1.4688 | tal -0.0750 | dual_g 1.1519 | dual_d 0.8306 | train_acc 0.9458 | train_full 1.0000 | val_acc 0.9730 | val_f1 0.9802 | adv/moduleC 1.00/1.00 | disc_steps 1 | grad(main/disc) 9.995/1.334 | lr(main/disc) 1.75e-05/8.75e-06 | cuda_peak(alloc/resv) 18.96/24.42GB | phase(train/val/raw/train_eval) 2.8/0.5/0.5/0.7s | 4.4s
2026-08-26 17:08:19 | Epoch 041/060 | loss 2.6238 | cls 1.4840 | tal -0.0550 | dual_g 1.1564 | dual_d 0.9095 | train_acc 0.9333 | train_full n/a | val_acc 0.9459 | val_f1 0.9578 | adv/moduleC 1.00/1.00 | disc_steps 1 | grad(main/disc) 9.125/1.434 | lr(main/disc) 1.75e-05/8.75e-06 | cuda_peak(alloc/resv) 18.96/24.42GB | phase(train/val/raw/train_eval) 2.6/0.5/0.0/0.0s | 3.1s
2026-08-26 17:08:22 | Epoch 042/060 | loss 2.6088 | cls 1.4731 | tal -0.0864 | dual_g 1.1616 | dual_d 0.9373 | train_acc 0.9458 | train_full n/a | val_acc 0.9730 | val_f1 0.9802 | adv/moduleC 1.00/1.00 | disc_steps 1 | grad(main/disc) 11.387/1.428 | lr(main/disc) 1.75e-05/8.75e-06 | cuda_peak(alloc/resv) 18.96/24.42GB | phase(train/val/raw/train_eval) 2.7/0.5/0.0/0.0s | 3.2s
2026-08-26 17:08:25 | Epoch 043/060 | loss 2.6821 | cls 1.5295 | tal -0.1140 | dual_g 1.1868 | dual_d 0.9062 | train_acc 0.9458 | train_full n/a | val_acc 0.9730 | val_f1 0.9802 | adv/moduleC 1.00/1.00 | disc_steps 1 | grad(main/disc) 12.920/1.462 | lr(main/disc) 1.75e-05/8.75e-06 | cuda_peak(alloc/resv) 18.96/24.42GB | phase(train/val/raw/train_eval) 2.5/0.5/0.0/0.0s | 3.0s
2026-08-26 17:08:28 | Epoch 044/060 | loss 2.6488 | cls 1.5280 | tal -0.1250 | dual_g 1.1584 | dual_d 0.9348 | train_acc 0.9583 | train_full n/a | val_acc 1.0000 | val_f1 1.0000 | adv/moduleC 1.00/1.00 | disc_steps 1 | grad(main/disc) 10.488/1.455 | lr(main/disc) 1.75e-05/8.75e-06 | cuda_peak(alloc/resv) 18.96/24.42GB | phase(train/val/raw/train_eval) 2.3/0.5/0.5/0.0s | 3.3s
2026-08-26 17:08:32 | New best val_f1_macro_present: 1.0000 at epoch 44
2026-08-26 17:08:36 | Epoch 045/060 | loss 2.6154 | cls 1.5038 | tal -0.1512 | dual_g 1.1570 | dual_d 0.9274 | train_acc 0.9458 | train_full 1.0000 | val_acc 0.9730 | val_f1 0.9802 | adv/moduleC 1.00/1.00 | disc_steps 1 | grad(main/disc) 12.492/1.378 | lr(main/disc) 1.75e-05/8.75e-06 | cuda_peak(alloc/resv) 18.96/24.42GB | phase(train/val/raw/train_eval) 2.5/0.5/0.5/0.7s | 4.2s
2026-08-26 17:08:40 | Epoch 046/060 | loss 2.6160 | cls 1.5237 | tal -0.1825 | dual_g 1.1470 | dual_d 0.8907 | train_acc 0.9417 | train_full n/a | val_acc 0.9730 | val_f1 0.9802 | adv/moduleC 1.00/1.00 | disc_steps 1 | grad(main/disc) 13.766/1.435 | lr(main/disc) 1.75e-05/8.75e-06 | cuda_peak(alloc/resv) 18.96/24.42GB | phase(train/val/raw/train_eval) 3.1/0.5/0.0/0.0s | 3.6s
2026-08-26 17:08:43 | Epoch 047/060 | loss 2.5485 | cls 1.4511 | tal -0.1098 | dual_g 1.1304 | dual_d 0.8583 | train_acc 0.9417 | train_full n/a | val_acc 0.9730 | val_f1 0.9802 | adv/moduleC 1.00/1.00 | disc_steps 1 | grad(main/disc) 10.148/1.360 | lr(main/disc) 1.75e-05/8.75e-06 | cuda_peak(alloc/resv) 18.96/24.42GB | phase(train/val/raw/train_eval) 2.9/0.5/0.0/0.0s | 3.4s
2026-08-26 17:08:46 | Epoch 048/060 | loss 2.5766 | cls 1.4746 | tal -0.1610 | dual_g 1.1503 | dual_d 0.9394 | train_acc 0.9583 | train_full n/a | val_acc 0.9730 | val_f1 0.9802 | adv/moduleC 1.00/1.00 | disc_steps 1 | grad(main/disc) 9.304/1.445 | lr(main/disc) 1.75e-05/8.75e-06 | cuda_peak(alloc/resv) 18.96/24.42GB | phase(train/val/raw/train_eval) 2.4/0.5/0.0/0.0s | 2.9s
2026-08-26 17:08:49 | Epoch 049/060 | loss 2.5744 | cls 1.4775 | tal -0.1724 | dual_g 1.1486 | dual_d 0.9232 | train_acc 0.9458 | train_full n/a | val_acc 0.9730 | val_f1 0.9802 | adv/moduleC 1.00/1.00 | disc_steps 1 | grad(main/disc) 12.378/1.388 | lr(main/disc) 1.75e-05/8.75e-06 | cuda_peak(alloc/resv) 18.96/24.42GB | phase(train/val/raw/train_eval) 2.6/0.5/0.0/0.0s | 3.1s
2026-08-26 17:08:53 | Epoch 050/060 | loss 2.5098 | cls 1.4338 | tal -0.1430 | dual_g 1.1188 | dual_d 0.9472 | train_acc 0.9625 | train_full 1.0000 | val_acc 0.9730 | val_f1 0.9802 | adv/moduleC 1.00/1.00 | disc_steps 1 | grad(main/disc) 9.685/1.341 | lr(main/disc) 1.75e-05/8.75e-06 | cuda_peak(alloc/resv) 18.96/24.42GB | phase(train/val/raw/train_eval) 2.6/0.5/0.5/0.7s | 4.3s
2026-08-26 17:08:56 | Epoch 051/060 | loss 2.4904 | cls 1.4190 | tal -0.1301 | dual_g 1.1104 | dual_d 0.9240 | train_acc 0.9583 | train_full n/a | val_acc 1.0000 | val_f1 1.0000 | adv/moduleC 1.00/1.00 | disc_steps 1 | grad(main/disc) 15.741/1.415 | lr(main/disc) 8.75e-06/4.37e-06 | cuda_peak(alloc/resv) 18.96/24.42GB | phase(train/val/raw/train_eval) 2.6/0.5/0.0/0.0s | 3.1s
2026-08-26 17:09:00 | Epoch 052/060 | loss 2.5669 | cls 1.4707 | tal -0.1235 | dual_g 1.1333 | dual_d 0.9661 | train_acc 0.9625 | train_full n/a | val_acc 1.0000 | val_f1 1.0000 | adv/moduleC 1.00/1.00 | disc_steps 1 | grad(main/disc) 12.525/1.449 | lr(main/disc) 8.75e-06/4.37e-06 | cuda_peak(alloc/resv) 18.96/24.42GB | phase(train/val/raw/train_eval) 2.7/0.5/0.0/0.0s | 3.2s
2026-08-26 17:09:03 | Epoch 053/060 | loss 2.6362 | cls 1.5075 | tal -0.0834 | dual_g 1.1537 | dual_d 0.9411 | train_acc 0.9542 | train_full n/a | val_acc 0.9730 | val_f1 0.9802 | adv/moduleC 1.00/1.00 | disc_steps 1 | grad(main/disc) 13.324/1.531 | lr(main/disc) 8.75e-06/4.37e-06 | cuda_peak(alloc/resv) 18.96/24.42GB | phase(train/val/raw/train_eval) 2.6/0.5/0.0/0.0s | 3.1s
2026-08-26 17:09:06 | Epoch 054/060 | loss 2.4926 | cls 1.4145 | tal -0.1170 | dual_g 1.1133 | dual_d 0.9320 | train_acc 0.9875 | train_full n/a | val_acc 0.9730 | val_f1 0.9802 | adv/moduleC 1.00/1.00 | disc_steps 1 | grad(main/disc) 10.918/1.447 | lr(main/disc) 8.75e-06/4.37e-06 | cuda_peak(alloc/resv) 18.96/24.42GB | phase(train/val/raw/train_eval) 2.5/0.5/0.0/0.0s | 3.0s
2026-08-26 17:09:10 | Epoch 055/060 | loss 2.5896 | cls 1.4787 | tal -0.0818 | dual_g 1.1354 | dual_d 0.9061 | train_acc 0.9583 | train_full 1.0000 | val_acc 0.9730 | val_f1 0.9802 | adv/moduleC 1.00/1.00 | disc_steps 1 | grad(main/disc) 10.336/1.412 | lr(main/disc) 8.75e-06/4.37e-06 | cuda_peak(alloc/resv) 18.96/24.42GB | phase(train/val/raw/train_eval) 2.5/0.5/0.5/0.7s | 4.1s
2026-08-26 17:09:13 | Epoch 056/060 | loss 2.4862 | cls 1.3997 | tal -0.0905 | dual_g 1.1137 | dual_d 0.9313 | train_acc 0.9750 | train_full n/a | val_acc 0.9730 | val_f1 0.9802 | adv/moduleC 1.00/1.00 | disc_steps 1 | grad(main/disc) 9.319/1.439 | lr(main/disc) 8.75e-06/4.37e-06 | cuda_peak(alloc/resv) 18.96/24.42GB | phase(train/val/raw/train_eval) 2.5/0.5/0.0/0.0s | 3.0s
2026-08-26 17:09:16 | Epoch 057/060 | loss 2.4718 | cls 1.4170 | tal -0.0886 | dual_g 1.0813 | dual_d 0.8677 | train_acc 0.9750 | train_full n/a | val_acc 0.9730 | val_f1 0.9802 | adv/moduleC 1.00/1.00 | disc_steps 1 | grad(main/disc) 9.897/1.321 | lr(main/disc) 8.75e-06/4.37e-06 | cuda_peak(alloc/resv) 18.96/24.42GB | phase(train/val/raw/train_eval) 2.9/0.5/0.0/0.0s | 3.4s
2026-08-26 17:09:20 | Epoch 058/060 | loss 2.5425 | cls 1.4781 | tal -0.0898 | dual_g 1.0913 | dual_d 0.9451 | train_acc 0.9542 | train_full n/a | val_acc 0.9730 | val_f1 0.9802 | adv/moduleC 1.00/1.00 | disc_steps 1 | grad(main/disc) 9.616/1.434 | lr(main/disc) 4.37e-06/2.19e-06 | cuda_peak(alloc/resv) 18.96/24.42GB | phase(train/val/raw/train_eval) 2.9/0.5/0.0/0.0s | 3.4s
2026-08-26 17:09:23 | Epoch 059/060 | loss 2.4376 | cls 1.3753 | tal -0.1057 | dual_g 1.0940 | dual_d 0.9053 | train_acc 0.9500 | train_full n/a | val_acc 0.9730 | val_f1 0.9802 | adv/moduleC 1.00/1.00 | disc_steps 1 | grad(main/disc) 8.957/1.374 | lr(main/disc) 4.37e-06/2.19e-06 | cuda_peak(alloc/resv) 18.96/24.42GB | phase(train/val/raw/train_eval) 2.6/0.5/0.0/0.0s | 3.1s
2026-08-26 17:09:23 | Early stopping at epoch 59 after 15 epochs without val_f1_macro_present improvement.
2026-08-26 17:09:23 | Training complete. Best validation accuracy: 1.0000 | best val_f1_macro_present: 1.0000
