2026-08-20 22:38:36 | Starting Dual_D standalone training
2026-08-20 22:38:36 | Run directory: runs/dual_d_雨天_iter01_20260820_204156
2026-08-20 22:38:36 | Device: cuda
2026-08-20 22:38:36 | Source train samples: 992
2026-08-20 22:38:36 | Target train samples: 96
2026-08-20 22:38:36 | Target val samples: 26
2026-08-20 22:38:36 | Classes: 14
2026-08-20 22:38:36 | Data audit: same_dir=False | path_overlap(vis/ir/ais)=0/0/0 | content_overlap(vis/ir/ais)=0/0/0 | ais_index_overlap=0 | stem_mismatch(vis-ir/vis-ais)=117/0
2026-08-20 22:38:36 | source_train classes: present 14/14 | absent 0 | counts [0:120, 1:44, 2:69, 3:45, 4:40, 5:30, 6:64, 7:80, 8:116, 9:68, 10:57, 11:83, 12:48, 13:128]
2026-08-20 22:38:36 | target_train classes: present 6/14 | absent 8 | counts [0:7, 2:19, 9:32, 10:12, 11:6, 13:20]
2026-08-20 22:38:36 | target_val classes: present 6/14 | absent 8 | counts [0:2, 2:5, 9:8, 10:4, 11:2, 13:5]
2026-08-20 22:38:36 | Paired training classes: 6/14 | class ids [0, 2, 9, 10, 11, 13]
2026-08-20 22:38:36 | VIS/IR pairing: class-level-unpaired | count-mismatch classes train/val: 10/0 | AIS alignment: none | AIS rows train/val: 0/0
2026-08-20 22:38:38 | Model parameters: total=17277714 | trainable=17120210
2026-08-20 22:39:30 | Epoch 001/100 | loss 10.1068 | cls 5.4479 | tal -0.2410 | dual_g 4.7312 | dual_d 0.0000 | train_acc 0.0703 | train_full 0.0521 | val_acc 0.1154 | val_f1 0.1032 | grad(main/disc) 33.638/0.000 | lr(main/disc) 7.00e-05/3.50e-05 | 52.4s
2026-08-20 22:39:30 | New best val_f1_macro_present: 0.1032 at epoch 1
2026-08-20 22:40:21 | Epoch 002/100 | loss 8.3901 | cls 4.4970 | tal -0.4346 | dual_g 4.0234 | dual_d 0.0000 | train_acc 0.1797 | train_full 0.2188 | val_acc 0.1538 | val_f1 0.1306 | grad(main/disc) 28.263/0.000 | lr(main/disc) 7.00e-05/3.50e-05 | 50.4s
2026-08-20 22:40:21 | New best val_f1_macro_present: 0.1306 at epoch 2
2026-08-20 22:41:10 | Epoch 003/100 | loss 7.5187 | cls 3.9586 | tal -0.3548 | dual_g 3.6665 | dual_d 0.0000 | train_acc 0.2812 | train_full 0.2396 | val_acc 0.2692 | val_f1 0.2894 | grad(main/disc) 25.456/0.000 | lr(main/disc) 7.00e-05/3.50e-05 | 48.8s
2026-08-20 22:41:10 | New best val_f1_macro_present: 0.2894 at epoch 3
2026-08-20 22:42:00 | Epoch 004/100 | loss 6.6322 | cls 3.5745 | tal -0.3562 | dual_g 3.1646 | dual_d 0.0000 | train_acc 0.3594 | train_full 0.2812 | val_acc 0.3846 | val_f1 0.3892 | grad(main/disc) 22.651/0.000 | lr(main/disc) 7.00e-05/3.50e-05 | 50.0s
2026-08-20 22:42:00 | New best val_f1_macro_present: 0.3892 at epoch 4
2026-08-20 22:42:51 | Epoch 005/100 | loss 6.0960 | cls 3.0823 | tal -0.3147 | dual_g 3.1082 | dual_d 0.0000 | train_acc 0.4688 | train_full 0.3542 | val_acc 0.3462 | val_f1 0.3562 | grad(main/disc) 20.908/0.000 | lr(main/disc) 7.00e-05/3.50e-05 | 51.2s
2026-08-20 22:43:39 | Epoch 006/100 | loss 5.6794 | cls 2.9053 | tal -0.2600 | dual_g 2.8522 | dual_d 0.7413 | train_acc 0.5000 | train_full 0.4167 | val_acc 0.3846 | val_f1 0.3770 | grad(main/disc) 19.171/1.796 | lr(main/disc) 7.00e-05/3.50e-05 | 47.7s
2026-08-20 22:44:29 | Epoch 007/100 | loss 5.5804 | cls 2.8786 | tal -0.3149 | dual_g 2.7963 | dual_d 0.8480 | train_acc 0.4844 | train_full 0.4062 | val_acc 0.3846 | val_f1 0.3800 | grad(main/disc) 20.938/1.919 | lr(main/disc) 7.00e-05/3.50e-05 | 50.5s
2026-08-20 22:45:18 | Epoch 008/100 | loss 5.0206 | cls 2.4924 | tal -0.3067 | dual_g 2.6202 | dual_d 0.8312 | train_acc 0.6719 | train_full 0.3958 | val_acc 0.3462 | val_f1 0.3241 | grad(main/disc) 17.333/1.919 | lr(main/disc) 7.00e-05/3.50e-05 | 49.2s
2026-08-20 22:46:09 | Epoch 009/100 | loss 4.9465 | cls 2.4928 | tal -0.2843 | dual_g 2.5390 | dual_d 0.7919 | train_acc 0.6328 | train_full 0.3229 | val_acc 0.3077 | val_f1 0.2148 | grad(main/disc) 17.665/1.804 | lr(main/disc) 7.00e-05/3.50e-05 | 50.4s
2026-08-20 22:46:58 | Epoch 010/100 | loss 4.5212 | cls 2.2442 | tal -0.3538 | dual_g 2.3831 | dual_d 0.7298 | train_acc 0.7422 | train_full 0.4479 | val_acc 0.3462 | val_f1 0.2778 | grad(main/disc) 16.135/1.678 | lr(main/disc) 7.00e-05/3.50e-05 | 49.7s
2026-08-20 22:47:48 | Epoch 011/100 | loss 4.4497 | cls 2.2156 | tal -0.2397 | dual_g 2.3060 | dual_d 0.8191 | train_acc 0.8125 | train_full 0.5104 | val_acc 0.3846 | val_f1 0.3981 | grad(main/disc) 16.658/1.868 | lr(main/disc) 7.00e-05/3.50e-05 | 49.9s
2026-08-20 22:47:48 | New best val_f1_macro_present: 0.3981 at epoch 11
2026-08-20 22:48:41 | Epoch 012/100 | loss 4.2924 | cls 2.1349 | tal -0.3085 | dual_g 2.2501 | dual_d 0.7687 | train_acc 0.7500 | train_full 0.6354 | val_acc 0.5769 | val_f1 0.6444 | grad(main/disc) 16.392/1.705 | lr(main/disc) 7.00e-05/3.50e-05 | 52.5s
2026-08-20 22:48:41 | New best val_f1_macro_present: 0.6444 at epoch 12
2026-08-20 22:49:32 | Epoch 013/100 | loss 4.0006 | cls 1.9595 | tal -0.3247 | dual_g 2.1385 | dual_d 0.7138 | train_acc 0.8672 | train_full 0.6667 | val_acc 0.6154 | val_f1 0.6963 | grad(main/disc) 15.311/1.620 | lr(main/disc) 7.00e-05/3.50e-05 | 51.2s
2026-08-20 22:49:32 | New best val_f1_macro_present: 0.6963 at epoch 13
2026-08-20 22:50:22 | Epoch 014/100 | loss 3.7595 | cls 1.8379 | tal -0.3334 | dual_g 2.0217 | dual_d 0.7300 | train_acc 0.8438 | train_full 0.6354 | val_acc 0.5385 | val_f1 0.5906 | grad(main/disc) 13.757/1.596 | lr(main/disc) 7.00e-05/3.50e-05 | 50.2s
2026-08-20 22:51:11 | Epoch 015/100 | loss 3.9506 | cls 1.9529 | tal -0.2238 | dual_g 2.0648 | dual_d 0.6909 | train_acc 0.8828 | train_full 0.6354 | val_acc 0.5385 | val_f1 0.5869 | grad(main/disc) 16.620/1.547 | lr(main/disc) 7.00e-05/3.50e-05 | 49.1s
2026-08-20 22:52:03 | Epoch 016/100 | loss 3.9353 | cls 1.9871 | tal -0.2409 | dual_g 2.0205 | dual_d 0.7260 | train_acc 0.8516 | train_full 0.7083 | val_acc 0.5769 | val_f1 0.6074 | grad(main/disc) 17.340/1.599 | lr(main/disc) 7.00e-05/3.50e-05 | 51.8s
2026-08-20 22:52:54 | Epoch 017/100 | loss 3.5769 | cls 1.7019 | tal -0.2897 | dual_g 1.9619 | dual_d 0.7808 | train_acc 0.8672 | train_full 0.9375 | val_acc 0.7692 | val_f1 0.7902 | grad(main/disc) 14.209/1.665 | lr(main/disc) 7.00e-05/3.50e-05 | 50.9s
2026-08-20 22:52:54 | New best val_f1_macro_present: 0.7902 at epoch 17
2026-08-20 22:53:48 | Epoch 018/100 | loss 3.4773 | cls 1.6796 | tal -0.2550 | dual_g 1.8742 | dual_d 0.8173 | train_acc 0.9062 | train_full 0.9167 | val_acc 0.7692 | val_f1 0.8313 | grad(main/disc) 13.872/1.660 | lr(main/disc) 7.00e-05/3.50e-05 | 53.7s
2026-08-20 22:53:48 | New best val_f1_macro_present: 0.8313 at epoch 18
2026-08-20 22:54:38 | Epoch 019/100 | loss 3.5417 | cls 1.7068 | tal -0.2176 | dual_g 1.9001 | dual_d 0.7242 | train_acc 0.8984 | train_full 0.8125 | val_acc 0.8846 | val_f1 0.8657 | grad(main/disc) 14.572/1.575 | lr(main/disc) 7.00e-05/3.50e-05 | 50.8s
2026-08-20 22:54:38 | New best val_f1_macro_present: 0.8657 at epoch 19
2026-08-20 22:55:30 | Epoch 020/100 | loss 3.4575 | cls 1.6013 | tal -0.1558 | dual_g 1.9030 | dual_d 0.7235 | train_acc 0.9688 | train_full 0.9375 | val_acc 0.8846 | val_f1 0.8657 | grad(main/disc) 14.511/1.623 | lr(main/disc) 7.00e-05/3.50e-05 | 51.5s
2026-08-20 22:56:19 | Epoch 021/100 | loss 3.4472 | cls 1.7003 | tal -0.1858 | dual_g 1.8026 | dual_d 0.7542 | train_acc 0.8984 | train_full 0.9271 | val_acc 0.8846 | val_f1 0.8543 | grad(main/disc) 15.775/1.557 | lr(main/disc) 7.00e-05/3.50e-05 | 48.9s
2026-08-20 22:57:09 | Epoch 022/100 | loss 3.2677 | cls 1.5725 | tal -0.1612 | dual_g 1.7436 | dual_d 0.7976 | train_acc 0.9375 | train_full 0.8333 | val_acc 0.6923 | val_f1 0.7096 | grad(main/disc) 14.269/1.664 | lr(main/disc) 7.00e-05/3.50e-05 | 50.2s
2026-08-20 22:57:59 | Epoch 023/100 | loss 3.3472 | cls 1.5580 | tal -0.1053 | dual_g 1.8208 | dual_d 0.7922 | train_acc 0.9844 | train_full 0.6979 | val_acc 0.5769 | val_f1 0.6098 | grad(main/disc) 12.194/1.673 | lr(main/disc) 7.00e-05/3.50e-05 | 50.3s
2026-08-20 22:58:51 | Epoch 024/100 | loss 3.1678 | cls 1.4673 | tal -0.1179 | dual_g 1.7359 | dual_d 0.8041 | train_acc 0.9453 | train_full 0.7917 | val_acc 0.7308 | val_f1 0.7593 | grad(main/disc) 10.838/1.660 | lr(main/disc) 7.00e-05/3.50e-05 | 51.4s
2026-08-20 22:59:40 | Epoch 025/100 | loss 3.2033 | cls 1.4724 | tal -0.1488 | dual_g 1.7756 | dual_d 0.7718 | train_acc 0.9688 | train_full 0.8646 | val_acc 0.7308 | val_f1 0.7675 | grad(main/disc) 12.467/1.593 | lr(main/disc) 7.00e-05/3.50e-05 | 49.7s
2026-08-20 23:00:31 | Epoch 026/100 | loss 3.1479 | cls 1.4829 | tal -0.1794 | dual_g 1.7188 | dual_d 0.7794 | train_acc 0.9688 | train_full 0.8750 | val_acc 0.8077 | val_f1 0.8558 | grad(main/disc) 11.401/1.640 | lr(main/disc) 3.50e-05/1.75e-05 | 50.5s
2026-08-20 23:01:23 | Epoch 027/100 | loss 3.1240 | cls 1.4666 | tal -0.1785 | dual_g 1.7109 | dual_d 0.7952 | train_acc 0.9688 | train_full 0.8750 | val_acc 0.8077 | val_f1 0.8558 | grad(main/disc) 13.395/1.597 | lr(main/disc) 3.50e-05/1.75e-05 | 51.7s
2026-08-20 23:02:15 | Epoch 028/100 | loss 3.1397 | cls 1.5039 | tal -0.1957 | dual_g 1.6945 | dual_d 0.7742 | train_acc 0.9766 | train_full 0.8125 | val_acc 0.6538 | val_f1 0.6869 | grad(main/disc) 12.916/1.505 | lr(main/disc) 3.50e-05/1.75e-05 | 52.2s
2026-08-20 23:02:15 | Early stopping at epoch 28 after 9 epochs without val_f1_macro_present improvement.
2026-08-20 23:02:15 | Training complete. Best validation accuracy: 0.8846 | best val_f1_macro_present: 0.8657
