2026-08-26 19:45:28 | Starting Dual_D standalone training
2026-08-26 19:45:28 | Run directory: runs/module_c_ablation_60_v4/module_c_20260826_164328/module_c_no_paired_contrastive_逆光_20260826_192723
2026-08-26 19:45:28 | Device: cuda
2026-08-26 19:45:28 | Source train samples: 992
2026-08-26 19:45:28 | Target train samples: 132
2026-08-26 19:45:28 | Target val samples: 37
2026-08-26 19:45:28 | Classes: 14
2026-08-26 19:45:28 | Data audit: same_dir=False | path_overlap(vis/ir/ais)=0/0/0 | content_overlap(vis/ir/ais)=0/0/0 | ais_index_overlap=0 | stem_mismatch(vis-ir/vis-ais)=157/0
2026-08-26 19:45:28 | source_train classes: present 14/14 | absent 0 | counts [0:120, 1:44, 2:69, 3:45, 4:40, 5:30, 6:64, 7:80, 8:116, 9:68, 10:57, 11:83, 12:48, 13:128]
2026-08-26 19:45:28 | target_train classes: present 9/14 | absent 5 | counts [0:20, 2:12, 4:12, 5:2, 9:16, 10:16, 11:29, 12:4, 13:21]
2026-08-26 19:45:28 | target_val classes: present 9/14 | absent 5 | counts [0:6, 2:3, 4:4, 5:1, 9:4, 10:4, 11:8, 12:1, 13:6]
2026-08-26 19:45:28 | Paired training classes: 9/14 | class ids [0, 2, 4, 5, 9, 10, 11, 12, 13]
2026-08-26 19:45:28 | Runtime profile: batch=80 | paired_steps=3 | workers=16 | train_eval_every=5 | raw_eval_every=5 | early_stop=15 after min_epoch=25
2026-08-26 19:45:28 | VIS/IR pairing: class-level-unpaired | count-mismatch classes train/val: 10/1 | AIS alignment: none | AIS rows train/val: 0/0
2026-08-26 19:45:29 | Model parameters: total=17277714 | trainable=17120210
2026-08-26 19:45:34 | Epoch 001/060 | loss 6.1598 | cls 6.1550 | tal 0.0159 | dual_g 0.0000 | dual_d 0.0000 | train_acc 0.0708 | train_full 0.1136 | val_acc 0.1892 | val_f1 0.0605 | adv/moduleC 0.00/0.00 | disc_steps 0 | grad(main/disc) 17.410/0.000 | lr(main/disc) 7.00e-05/3.50e-05 | cuda_peak(alloc/resv) 18.96/24.42GB | phase(train/val/raw/train_eval) 3.0/0.6/0.6/0.7s | 4.9s
2026-08-26 19:45:38 | New best val_f1_macro_present: 0.0605 at epoch 1
2026-08-26 19:45:41 | Epoch 002/060 | loss 5.3218 | cls 5.3010 | tal 0.0694 | dual_g 0.0000 | dual_d 0.0000 | train_acc 0.1875 | train_full n/a | val_acc 0.1622 | val_f1 0.0548 | adv/moduleC 0.00/0.00 | disc_steps 0 | grad(main/disc) 15.557/0.000 | lr(main/disc) 7.00e-05/3.50e-05 | cuda_peak(alloc/resv) 18.96/24.42GB | phase(train/val/raw/train_eval) 2.5/0.6/0.0/0.0s | 3.0s
2026-08-26 19:45:44 | Epoch 003/060 | loss 5.0159 | cls 4.9612 | tal 0.1824 | dual_g 0.0000 | dual_d 0.0000 | train_acc 0.2042 | train_full n/a | val_acc 0.1892 | val_f1 0.0779 | adv/moduleC 0.00/0.00 | disc_steps 0 | grad(main/disc) 13.738/0.000 | lr(main/disc) 7.00e-05/3.50e-05 | cuda_peak(alloc/resv) 18.96/24.42GB | phase(train/val/raw/train_eval) 2.7/0.6/0.6/0.0s | 3.9s
2026-08-26 19:45:48 | New best val_f1_macro_present: 0.0779 at epoch 3
2026-08-26 19:45:52 | Epoch 004/060 | loss 4.4341 | cls 4.4096 | tal 0.0817 | dual_g 0.0000 | dual_d 0.0000 | train_acc 0.2417 | train_full n/a | val_acc 0.2703 | val_f1 0.2243 | adv/moduleC 0.00/0.00 | disc_steps 0 | grad(main/disc) 12.614/0.000 | lr(main/disc) 7.00e-05/3.50e-05 | cuda_peak(alloc/resv) 18.96/24.42GB | phase(train/val/raw/train_eval) 2.6/0.6/0.6/0.0s | 3.7s
2026-08-26 19:45:56 | New best val_f1_macro_present: 0.2243 at epoch 4
2026-08-26 19:46:01 | Epoch 005/060 | loss 4.3870 | cls 4.0948 | tal 0.0712 | dual_g 0.2708 | dual_d 0.0000 | train_acc 0.3083 | train_full 0.2955 | val_acc 0.3243 | val_f1 0.3626 | adv/moduleC 0.00/0.10 | disc_steps 0 | grad(main/disc) 11.695/0.000 | lr(main/disc) 7.00e-05/3.50e-05 | cuda_peak(alloc/resv) 18.96/24.42GB | phase(train/val/raw/train_eval) 2.9/0.6/0.6/0.8s | 4.8s
2026-08-26 19:46:05 | New best val_f1_macro_present: 0.3626 at epoch 5
2026-08-26 19:46:08 | Epoch 006/060 | loss 4.3640 | cls 3.8622 | tal 0.0260 | dual_g 0.4940 | dual_d 0.8160 | train_acc 0.4042 | train_full n/a | val_acc 0.4054 | val_f1 0.3364 | adv/moduleC 0.05/0.20 | disc_steps 1 | grad(main/disc) 11.256/1.717 | lr(main/disc) 7.00e-05/3.50e-05 | cuda_peak(alloc/resv) 18.96/24.42GB | phase(train/val/raw/train_eval) 2.5/0.6/0.0/0.0s | 3.1s
2026-08-26 19:46:12 | Epoch 007/060 | loss 4.4980 | cls 3.7380 | tal 0.0706 | dual_g 0.7388 | dual_d 0.8035 | train_acc 0.3583 | train_full n/a | val_acc 0.4324 | val_f1 0.4567 | adv/moduleC 0.10/0.30 | disc_steps 1 | grad(main/disc) 11.335/1.680 | lr(main/disc) 7.00e-05/3.50e-05 | cuda_peak(alloc/resv) 18.96/24.42GB | phase(train/val/raw/train_eval) 2.9/0.6/0.6/0.0s | 4.0s
2026-08-26 19:46:16 | New best val_f1_macro_present: 0.4567 at epoch 7
2026-08-26 19:46:20 | Epoch 008/060 | loss 4.2602 | cls 3.2963 | tal 0.0759 | dual_g 0.9411 | dual_d 0.8198 | train_acc 0.4625 | train_full n/a | val_acc 0.5676 | val_f1 0.5250 | adv/moduleC 0.15/0.40 | disc_steps 1 | grad(main/disc) 10.442/1.650 | lr(main/disc) 7.00e-05/3.50e-05 | cuda_peak(alloc/resv) 18.96/24.42GB | phase(train/val/raw/train_eval) 2.7/0.6/0.6/0.0s | 3.8s
2026-08-26 19:46:24 | New best val_f1_macro_present: 0.5250 at epoch 8
2026-08-26 19:46:27 | Epoch 009/060 | loss 4.5371 | cls 3.3834 | tal 0.0834 | dual_g 1.1287 | dual_d 0.8443 | train_acc 0.4750 | train_full n/a | val_acc 0.6216 | val_f1 0.5676 | adv/moduleC 0.20/0.50 | disc_steps 1 | grad(main/disc) 10.825/1.648 | lr(main/disc) 7.00e-05/3.50e-05 | cuda_peak(alloc/resv) 18.96/24.42GB | phase(train/val/raw/train_eval) 2.6/0.6/0.6/0.0s | 3.7s
2026-08-26 19:46:31 | New best val_f1_macro_present: 0.5676 at epoch 9
2026-08-26 19:46:36 | Epoch 010/060 | loss 4.4168 | cls 3.0865 | tal 0.0436 | dual_g 1.3171 | dual_d 0.8518 | train_acc 0.5375 | train_full 0.7576 | val_acc 0.7027 | val_f1 0.7580 | adv/moduleC 0.25/0.60 | disc_steps 1 | grad(main/disc) 10.430/1.687 | lr(main/disc) 7.00e-05/3.50e-05 | cuda_peak(alloc/resv) 18.96/24.42GB | phase(train/val/raw/train_eval) 2.6/0.6/0.6/0.8s | 4.5s
2026-08-26 19:46:40 | New best val_f1_macro_present: 0.7580 at epoch 10
2026-08-26 19:46:44 | Epoch 011/060 | loss 4.3680 | cls 2.9250 | tal 0.0343 | dual_g 1.4327 | dual_d 0.8221 | train_acc 0.5000 | train_full n/a | val_acc 0.7568 | val_f1 0.8135 | adv/moduleC 0.30/0.70 | disc_steps 1 | grad(main/disc) 10.542/1.620 | lr(main/disc) 7.00e-05/3.50e-05 | cuda_peak(alloc/resv) 18.96/24.42GB | phase(train/val/raw/train_eval) 3.1/0.6/0.6/0.0s | 4.2s
2026-08-26 19:46:48 | New best val_f1_macro_present: 0.8135 at epoch 11
2026-08-26 19:46:52 | Epoch 012/060 | loss 4.4677 | cls 2.8454 | tal 0.0455 | dual_g 1.6087 | dual_d 0.8379 | train_acc 0.5708 | train_full n/a | val_acc 0.8378 | val_f1 0.8787 | adv/moduleC 0.35/0.80 | disc_steps 1 | grad(main/disc) 11.596/1.602 | lr(main/disc) 7.00e-05/3.50e-05 | cuda_peak(alloc/resv) 18.96/24.42GB | phase(train/val/raw/train_eval) 2.6/0.6/0.6/0.0s | 3.8s
2026-08-26 19:46:56 | New best val_f1_macro_present: 0.8787 at epoch 12
2026-08-26 19:47:00 | Epoch 013/060 | loss 4.5069 | cls 2.7830 | tal 0.0187 | dual_g 1.7184 | dual_d 0.8472 | train_acc 0.5542 | train_full n/a | val_acc 0.9189 | val_f1 0.9311 | adv/moduleC 0.40/0.90 | disc_steps 1 | grad(main/disc) 11.953/1.612 | lr(main/disc) 7.00e-05/3.50e-05 | cuda_peak(alloc/resv) 18.96/24.42GB | phase(train/val/raw/train_eval) 3.0/0.6/0.6/0.0s | 4.1s
2026-08-26 19:47:04 | New best val_f1_macro_present: 0.9311 at epoch 13
2026-08-26 19:47:07 | Epoch 014/060 | loss 4.5987 | cls 2.7076 | tal 0.0304 | dual_g 1.8820 | dual_d 0.8102 | train_acc 0.5792 | train_full n/a | val_acc 0.9189 | val_f1 0.9396 | adv/moduleC 0.45/1.00 | disc_steps 1 | grad(main/disc) 11.604/1.617 | lr(main/disc) 7.00e-05/3.50e-05 | cuda_peak(alloc/resv) 18.96/24.42GB | phase(train/val/raw/train_eval) 2.6/0.6/0.6/0.0s | 3.7s
2026-08-26 19:47:11 | New best val_f1_macro_present: 0.9396 at epoch 14
2026-08-26 19:47:15 | Epoch 015/060 | loss 4.3435 | cls 2.5645 | tal 0.0113 | dual_g 1.7756 | dual_d 0.7996 | train_acc 0.6375 | train_full 0.9242 | val_acc 0.9189 | val_f1 0.9396 | adv/moduleC 0.50/1.00 | disc_steps 1 | grad(main/disc) 12.029/1.619 | lr(main/disc) 7.00e-05/3.50e-05 | cuda_peak(alloc/resv) 18.96/24.42GB | phase(train/val/raw/train_eval) 2.3/0.6/0.5/0.8s | 4.2s
2026-08-26 19:47:19 | Epoch 016/060 | loss 4.1858 | cls 2.4992 | tal 0.0086 | dual_g 1.6841 | dual_d 0.7822 | train_acc 0.7208 | train_full n/a | val_acc 0.9459 | val_f1 0.9531 | adv/moduleC 0.55/1.00 | disc_steps 1 | grad(main/disc) 12.506/1.477 | lr(main/disc) 7.00e-05/3.50e-05 | cuda_peak(alloc/resv) 18.96/24.42GB | phase(train/val/raw/train_eval) 2.9/0.6/0.6/0.0s | 4.0s
2026-08-26 19:47:23 | New best val_f1_macro_present: 0.9531 at epoch 16
2026-08-26 19:47:26 | Epoch 017/060 | loss 4.0380 | cls 2.3647 | tal -0.0182 | dual_g 1.6788 | dual_d 0.8055 | train_acc 0.6667 | train_full n/a | val_acc 0.8649 | val_f1 0.8934 | adv/moduleC 0.60/1.00 | disc_steps 1 | grad(main/disc) 12.066/1.530 | lr(main/disc) 7.00e-05/3.50e-05 | cuda_peak(alloc/resv) 18.96/24.42GB | phase(train/val/raw/train_eval) 2.5/0.6/0.0/0.0s | 3.1s
2026-08-26 19:47:30 | Epoch 018/060 | loss 3.7552 | cls 2.1547 | tal -0.0496 | dual_g 1.6154 | dual_d 0.8128 | train_acc 0.7833 | train_full n/a | val_acc 0.8919 | val_f1 0.9156 | adv/moduleC 0.65/1.00 | disc_steps 1 | grad(main/disc) 10.979/1.516 | lr(main/disc) 7.00e-05/3.50e-05 | cuda_peak(alloc/resv) 18.96/24.42GB | phase(train/val/raw/train_eval) 2.6/0.6/0.0/0.0s | 3.2s
2026-08-26 19:47:34 | Epoch 019/060 | loss 3.7668 | cls 2.2108 | tal -0.0378 | dual_g 1.5673 | dual_d 0.7787 | train_acc 0.7917 | train_full n/a | val_acc 0.9459 | val_f1 0.9616 | adv/moduleC 0.70/1.00 | disc_steps 1 | grad(main/disc) 11.753/1.503 | lr(main/disc) 7.00e-05/3.50e-05 | cuda_peak(alloc/resv) 18.96/24.42GB | phase(train/val/raw/train_eval) 3.1/0.6/0.6/0.0s | 4.2s
2026-08-26 19:47:38 | New best val_f1_macro_present: 0.9616 at epoch 19
2026-08-26 19:47:42 | Epoch 020/060 | loss 3.6217 | cls 2.1486 | tal -0.0864 | dual_g 1.4990 | dual_d 0.8424 | train_acc 0.7750 | train_full 0.9621 | val_acc 0.9459 | val_f1 0.9578 | adv/moduleC 0.75/1.00 | disc_steps 1 | grad(main/disc) 13.997/1.529 | lr(main/disc) 7.00e-05/3.50e-05 | cuda_peak(alloc/resv) 18.96/24.42GB | phase(train/val/raw/train_eval) 2.4/0.6/0.6/0.7s | 4.3s
2026-08-26 19:47:45 | Epoch 021/060 | loss 3.4623 | cls 2.0271 | tal -0.0662 | dual_g 1.4550 | dual_d 0.8464 | train_acc 0.7500 | train_full n/a | val_acc 0.9459 | val_f1 0.9578 | adv/moduleC 0.80/1.00 | disc_steps 1 | grad(main/disc) 10.564/1.501 | lr(main/disc) 7.00e-05/3.50e-05 | cuda_peak(alloc/resv) 18.96/24.42GB | phase(train/val/raw/train_eval) 2.4/0.6/0.0/0.0s | 3.0s
2026-08-26 19:47:49 | Epoch 022/060 | loss 3.3804 | cls 1.9566 | tal -0.0509 | dual_g 1.4391 | dual_d 0.8260 | train_acc 0.8333 | train_full n/a | val_acc 0.9459 | val_f1 0.9578 | adv/moduleC 0.85/1.00 | disc_steps 1 | grad(main/disc) 10.975/1.458 | lr(main/disc) 7.00e-05/3.50e-05 | cuda_peak(alloc/resv) 18.96/24.42GB | phase(train/val/raw/train_eval) 3.0/0.6/0.0/0.0s | 3.6s
2026-08-26 19:47:52 | Epoch 023/060 | loss 3.2730 | cls 1.9249 | tal -0.0508 | dual_g 1.3634 | dual_d 0.7946 | train_acc 0.8667 | train_full n/a | val_acc 0.9459 | val_f1 0.9578 | adv/moduleC 0.90/1.00 | disc_steps 1 | grad(main/disc) 10.486/1.397 | lr(main/disc) 7.00e-05/3.50e-05 | cuda_peak(alloc/resv) 18.96/24.42GB | phase(train/val/raw/train_eval) 2.5/0.6/0.0/0.0s | 3.0s
2026-08-26 19:47:55 | Epoch 024/060 | loss 3.3864 | cls 2.0122 | tal -0.0973 | dual_g 1.4035 | dual_d 0.8467 | train_acc 0.8292 | train_full n/a | val_acc 0.9459 | val_f1 0.9578 | adv/moduleC 0.95/1.00 | disc_steps 1 | grad(main/disc) 12.801/1.470 | lr(main/disc) 7.00e-05/3.50e-05 | cuda_peak(alloc/resv) 18.96/24.42GB | phase(train/val/raw/train_eval) 2.8/0.6/0.0/0.0s | 3.4s
2026-08-26 19:48:00 | Epoch 025/060 | loss 3.2452 | cls 1.8856 | tal -0.0475 | dual_g 1.3738 | dual_d 0.8036 | train_acc 0.8583 | train_full 0.9848 | val_acc 0.9459 | val_f1 0.9578 | adv/moduleC 1.00/1.00 | disc_steps 1 | grad(main/disc) 13.187/1.391 | lr(main/disc) 7.00e-05/3.50e-05 | cuda_peak(alloc/resv) 18.96/24.42GB | phase(train/val/raw/train_eval) 2.8/0.6/0.6/0.8s | 4.7s
2026-08-26 19:48:03 | Epoch 026/060 | loss 3.0361 | cls 1.7464 | tal -0.0374 | dual_g 1.3010 | dual_d 0.8210 | train_acc 0.8792 | train_full n/a | val_acc 0.9459 | val_f1 0.9578 | adv/moduleC 1.00/1.00 | disc_steps 1 | grad(main/disc) 11.136/1.414 | lr(main/disc) 3.50e-05/1.75e-05 | cuda_peak(alloc/resv) 18.96/24.42GB | phase(train/val/raw/train_eval) 2.8/0.6/0.0/0.0s | 3.4s
2026-08-26 19:48:06 | Epoch 027/060 | loss 3.0226 | cls 1.7221 | tal -0.0034 | dual_g 1.3015 | dual_d 0.8416 | train_acc 0.8708 | train_full n/a | val_acc 0.9459 | val_f1 0.9578 | adv/moduleC 1.00/1.00 | disc_steps 1 | grad(main/disc) 11.276/1.401 | lr(main/disc) 3.50e-05/1.75e-05 | cuda_peak(alloc/resv) 18.96/24.42GB | phase(train/val/raw/train_eval) 2.7/0.6/0.0/0.0s | 3.3s
2026-08-26 19:48:09 | Epoch 028/060 | loss 3.0124 | cls 1.7378 | tal 0.0151 | dual_g 1.2700 | dual_d 0.8410 | train_acc 0.8875 | train_full n/a | val_acc 0.9459 | val_f1 0.9578 | adv/moduleC 1.00/1.00 | disc_steps 1 | grad(main/disc) 15.328/1.398 | lr(main/disc) 3.50e-05/1.75e-05 | cuda_peak(alloc/resv) 18.96/24.42GB | phase(train/val/raw/train_eval) 2.4/0.6/0.0/0.0s | 2.9s
2026-08-26 19:48:13 | Epoch 029/060 | loss 2.9525 | cls 1.6894 | tal -0.0148 | dual_g 1.2676 | dual_d 0.8249 | train_acc 0.8667 | train_full n/a | val_acc 0.9459 | val_f1 0.9578 | adv/moduleC 1.00/1.00 | disc_steps 1 | grad(main/disc) 10.730/1.358 | lr(main/disc) 3.50e-05/1.75e-05 | cuda_peak(alloc/resv) 18.96/24.42GB | phase(train/val/raw/train_eval) 2.8/0.6/0.0/0.0s | 3.3s
2026-08-26 19:48:17 | Epoch 030/060 | loss 3.0249 | cls 1.7236 | tal 0.0684 | dual_g 1.2808 | dual_d 0.8634 | train_acc 0.9042 | train_full 0.9848 | val_acc 0.9459 | val_f1 0.9578 | adv/moduleC 1.00/1.00 | disc_steps 1 | grad(main/disc) 10.630/1.446 | lr(main/disc) 3.50e-05/1.75e-05 | cuda_peak(alloc/resv) 18.96/24.42GB | phase(train/val/raw/train_eval) 2.5/0.6/0.6/0.8s | 4.4s
2026-08-26 19:48:20 | Epoch 031/060 | loss 2.8557 | cls 1.6485 | tal 0.0159 | dual_g 1.2024 | dual_d 0.9005 | train_acc 0.9167 | train_full n/a | val_acc 0.9459 | val_f1 0.9616 | adv/moduleC 1.00/1.00 | disc_steps 1 | grad(main/disc) 10.935/1.533 | lr(main/disc) 3.50e-05/1.75e-05 | cuda_peak(alloc/resv) 18.96/24.42GB | phase(train/val/raw/train_eval) 2.8/0.6/0.0/0.0s | 3.3s
2026-08-26 19:48:24 | Epoch 032/060 | loss 2.8928 | cls 1.6356 | tal 0.0518 | dual_g 1.2417 | dual_d 0.8204 | train_acc 0.9042 | train_full n/a | val_acc 0.9730 | val_f1 0.9840 | adv/moduleC 1.00/1.00 | disc_steps 1 | grad(main/disc) 11.635/1.364 | lr(main/disc) 3.50e-05/1.75e-05 | cuda_peak(alloc/resv) 18.96/24.42GB | phase(train/val/raw/train_eval) 2.6/0.6/0.6/0.0s | 3.7s
2026-08-26 19:48:28 | New best val_f1_macro_present: 0.9840 at epoch 32
2026-08-26 19:48:32 | Epoch 033/060 | loss 2.9569 | cls 1.7390 | tal 0.0040 | dual_g 1.2167 | dual_d 0.8457 | train_acc 0.8792 | train_full n/a | val_acc 0.9730 | val_f1 0.9802 | adv/moduleC 1.00/1.00 | disc_steps 1 | grad(main/disc) 11.647/1.399 | lr(main/disc) 3.50e-05/1.75e-05 | cuda_peak(alloc/resv) 18.96/24.42GB | phase(train/val/raw/train_eval) 2.9/0.6/0.0/0.0s | 3.5s
2026-08-26 19:48:35 | Epoch 034/060 | loss 2.8688 | cls 1.6779 | tal -0.0098 | dual_g 1.1938 | dual_d 0.8978 | train_acc 0.8958 | train_full n/a | val_acc 0.9730 | val_f1 0.9802 | adv/moduleC 1.00/1.00 | disc_steps 1 | grad(main/disc) 10.572/1.443 | lr(main/disc) 3.50e-05/1.75e-05 | cuda_peak(alloc/resv) 18.96/24.42GB | phase(train/val/raw/train_eval) 2.7/0.6/0.0/0.0s | 3.3s
2026-08-26 19:48:39 | Epoch 035/060 | loss 2.6839 | cls 1.5170 | tal 0.0084 | dual_g 1.1644 | dual_d 0.8362 | train_acc 0.9333 | train_full 1.0000 | val_acc 0.9730 | val_f1 0.9802 | adv/moduleC 1.00/1.00 | disc_steps 1 | grad(main/disc) 11.400/1.431 | lr(main/disc) 3.50e-05/1.75e-05 | cuda_peak(alloc/resv) 18.96/24.42GB | phase(train/val/raw/train_eval) 2.4/0.6/0.6/0.8s | 4.3s
2026-08-26 19:48:42 | Epoch 036/060 | loss 2.7337 | cls 1.5700 | tal -0.0186 | dual_g 1.1693 | dual_d 0.9244 | train_acc 0.8917 | train_full n/a | val_acc 0.9459 | val_f1 0.9578 | adv/moduleC 1.00/1.00 | disc_steps 1 | grad(main/disc) 11.882/1.459 | lr(main/disc) 3.50e-05/1.75e-05 | cuda_peak(alloc/resv) 18.96/24.42GB | phase(train/val/raw/train_eval) 2.6/0.6/0.0/0.0s | 3.1s
2026-08-26 19:48:46 | Epoch 037/060 | loss 2.7418 | cls 1.5657 | tal -0.0213 | dual_g 1.1825 | dual_d 0.8483 | train_acc 0.9208 | train_full n/a | val_acc 0.9459 | val_f1 0.9578 | adv/moduleC 1.00/1.00 | disc_steps 1 | grad(main/disc) 10.656/1.404 | lr(main/disc) 3.50e-05/1.75e-05 | cuda_peak(alloc/resv) 18.96/24.42GB | phase(train/val/raw/train_eval) 2.8/0.6/0.0/0.0s | 3.3s
2026-08-26 19:48:49 | Epoch 038/060 | loss 2.6393 | cls 1.5240 | tal -0.0380 | dual_g 1.1267 | dual_d 0.8431 | train_acc 0.9417 | train_full n/a | val_acc 0.9459 | val_f1 0.9578 | adv/moduleC 1.00/1.00 | disc_steps 1 | grad(main/disc) 9.428/1.380 | lr(main/disc) 3.50e-05/1.75e-05 | cuda_peak(alloc/resv) 18.96/24.42GB | phase(train/val/raw/train_eval) 2.9/0.6/0.0/0.0s | 3.5s
2026-08-26 19:48:52 | Epoch 039/060 | loss 2.5695 | cls 1.4534 | tal -0.0065 | dual_g 1.1181 | dual_d 0.8752 | train_acc 0.9375 | train_full n/a | val_acc 0.9459 | val_f1 0.9578 | adv/moduleC 1.00/1.00 | disc_steps 1 | grad(main/disc) 8.723/1.390 | lr(main/disc) 1.75e-05/8.75e-06 | cuda_peak(alloc/resv) 18.96/24.42GB | phase(train/val/raw/train_eval) 2.4/0.6/0.0/0.0s | 2.9s
2026-08-26 19:48:57 | Epoch 040/060 | loss 2.5994 | cls 1.4955 | tal -0.0346 | dual_g 1.1143 | dual_d 0.8199 | train_acc 0.9333 | train_full 1.0000 | val_acc 0.9459 | val_f1 0.9578 | adv/moduleC 1.00/1.00 | disc_steps 1 | grad(main/disc) 10.715/1.360 | lr(main/disc) 1.75e-05/8.75e-06 | cuda_peak(alloc/resv) 18.96/24.42GB | phase(train/val/raw/train_eval) 2.8/0.6/0.6/0.7s | 4.7s
2026-08-26 19:49:00 | Epoch 041/060 | loss 2.5984 | cls 1.4764 | tal 0.0343 | dual_g 1.1117 | dual_d 0.8896 | train_acc 0.9375 | train_full n/a | val_acc 0.9459 | val_f1 0.9578 | adv/moduleC 1.00/1.00 | disc_steps 1 | grad(main/disc) 8.197/1.437 | lr(main/disc) 1.75e-05/8.75e-06 | cuda_peak(alloc/resv) 18.96/24.42GB | phase(train/val/raw/train_eval) 2.6/0.6/0.0/0.0s | 3.2s
2026-08-26 19:49:03 | Epoch 042/060 | loss 2.6334 | cls 1.5039 | tal -0.0189 | dual_g 1.1351 | dual_d 0.9262 | train_acc 0.9458 | train_full n/a | val_acc 0.9459 | val_f1 0.9578 | adv/moduleC 1.00/1.00 | disc_steps 1 | grad(main/disc) 11.800/1.431 | lr(main/disc) 1.75e-05/8.75e-06 | cuda_peak(alloc/resv) 18.96/24.42GB | phase(train/val/raw/train_eval) 2.9/0.5/0.0/0.0s | 3.4s
2026-08-26 19:49:07 | Epoch 043/060 | loss 2.6933 | cls 1.5481 | tal -0.0434 | dual_g 1.1582 | dual_d 0.9323 | train_acc 0.9417 | train_full n/a | val_acc 0.9730 | val_f1 0.9802 | adv/moduleC 1.00/1.00 | disc_steps 1 | grad(main/disc) 12.483/1.472 | lr(main/disc) 1.75e-05/8.75e-06 | cuda_peak(alloc/resv) 18.96/24.42GB | phase(train/val/raw/train_eval) 2.7/0.6/0.0/0.0s | 3.2s
2026-08-26 19:49:10 | Epoch 044/060 | loss 2.6468 | cls 1.5445 | tal -0.0514 | dual_g 1.1177 | dual_d 0.9228 | train_acc 0.9542 | train_full n/a | val_acc 0.9730 | val_f1 0.9802 | adv/moduleC 1.00/1.00 | disc_steps 1 | grad(main/disc) 9.954/1.475 | lr(main/disc) 1.75e-05/8.75e-06 | cuda_peak(alloc/resv) 18.96/24.42GB | phase(train/val/raw/train_eval) 2.4/0.6/0.0/0.0s | 3.0s
2026-08-26 19:49:14 | Epoch 045/060 | loss 2.6145 | cls 1.5265 | tal -0.0934 | dual_g 1.1160 | dual_d 0.9434 | train_acc 0.9458 | train_full 1.0000 | val_acc 0.9730 | val_f1 0.9802 | adv/moduleC 1.00/1.00 | disc_steps 1 | grad(main/disc) 10.831/1.412 | lr(main/disc) 1.75e-05/8.75e-06 | cuda_peak(alloc/resv) 18.96/24.42GB | phase(train/val/raw/train_eval) 2.7/0.6/0.6/0.8s | 4.6s
2026-08-26 19:49:18 | Epoch 046/060 | loss 2.6163 | cls 1.5336 | tal -0.1034 | dual_g 1.1137 | dual_d 0.9071 | train_acc 0.9375 | train_full n/a | val_acc 0.9730 | val_f1 0.9802 | adv/moduleC 1.00/1.00 | disc_steps 1 | grad(main/disc) 12.254/1.473 | lr(main/disc) 8.75e-06/4.37e-06 | cuda_peak(alloc/resv) 18.96/24.42GB | phase(train/val/raw/train_eval) 3.1/0.6/0.0/0.0s | 3.7s
2026-08-26 19:49:21 | Epoch 047/060 | loss 2.5684 | cls 1.4871 | tal -0.0521 | dual_g 1.0969 | dual_d 0.8481 | train_acc 0.9417 | train_full n/a | val_acc 0.9730 | val_f1 0.9802 | adv/moduleC 1.00/1.00 | disc_steps 1 | grad(main/disc) 10.491/1.366 | lr(main/disc) 8.75e-06/4.37e-06 | cuda_peak(alloc/resv) 18.96/24.42GB | phase(train/val/raw/train_eval) 2.9/0.6/0.0/0.0s | 3.5s
2026-08-26 19:49:21 | Early stopping at epoch 47 after 15 epochs without val_f1_macro_present improvement.
2026-08-26 19:49:21 | Training complete. Best validation accuracy: 0.9730 | best val_f1_macro_present: 0.9840
