2026-08-26 19:39:50 | Starting Dual_D standalone training
2026-08-26 19:39:50 | Run directory: runs/module_c_ablation_60_v4/module_c_20260826_164328/module_c_no_paired_contrastive_逆光_20260826_192723
2026-08-26 19:39:50 | Device: cuda
2026-08-26 19:39:50 | Source train samples: 992
2026-08-26 19:39:50 | Target train samples: 132
2026-08-26 19:39:50 | Target val samples: 37
2026-08-26 19:39:50 | Classes: 14
2026-08-26 19:39:50 | Data audit: same_dir=False | path_overlap(vis/ir/ais)=0/0/0 | content_overlap(vis/ir/ais)=0/0/0 | ais_index_overlap=0 | stem_mismatch(vis-ir/vis-ais)=157/0
2026-08-26 19:39:50 | source_train classes: present 14/14 | absent 0 | counts [0:120, 1:44, 2:69, 3:45, 4:40, 5:30, 6:64, 7:80, 8:116, 9:68, 10:57, 11:83, 12:48, 13:128]
2026-08-26 19:39:50 | target_train classes: present 9/14 | absent 5 | counts [0:20, 2:12, 4:12, 5:2, 9:16, 10:16, 11:29, 12:4, 13:21]
2026-08-26 19:39:50 | target_val classes: present 9/14 | absent 5 | counts [0:6, 2:3, 4:4, 5:1, 9:4, 10:4, 11:8, 12:1, 13:6]
2026-08-26 19:39:50 | Paired training classes: 9/14 | class ids [0, 2, 4, 5, 9, 10, 11, 12, 13]
2026-08-26 19:39:50 | Runtime profile: batch=80 | paired_steps=3 | workers=16 | train_eval_every=5 | raw_eval_every=5 | early_stop=15 after min_epoch=25
2026-08-26 19:39:50 | VIS/IR pairing: class-level-unpaired | count-mismatch classes train/val: 10/1 | AIS alignment: none | AIS rows train/val: 0/0
2026-08-26 19:39:50 | Model parameters: total=17277714 | trainable=17120210
2026-08-26 19:39:55 | Epoch 001/060 | loss 6.1183 | cls 6.1629 | tal -0.1489 | dual_g 0.0000 | dual_d 0.0000 | train_acc 0.0708 | train_full 0.0227 | val_acc 0.0000 | val_f1 0.0000 | adv/moduleC 0.00/0.00 | disc_steps 0 | grad(main/disc) 17.539/0.000 | lr(main/disc) 7.00e-05/3.50e-05 | cuda_peak(alloc/resv) 18.96/24.42GB | phase(train/val/raw/train_eval) 3.1/0.6/0.6/0.8s | 5.0s
2026-08-26 19:39:59 | New best val_f1_macro_present: 0.0000 at epoch 1
2026-08-26 19:40:02 | Epoch 002/060 | loss 5.4265 | cls 5.5216 | tal -0.3169 | dual_g 0.0000 | dual_d 0.0000 | train_acc 0.0667 | train_full n/a | val_acc 0.0000 | val_f1 0.0000 | adv/moduleC 0.00/0.00 | disc_steps 0 | grad(main/disc) 15.776/0.000 | lr(main/disc) 7.00e-05/3.50e-05 | cuda_peak(alloc/resv) 18.96/24.42GB | phase(train/val/raw/train_eval) 2.4/0.6/0.0/0.0s | 3.0s
2026-08-26 19:40:06 | Epoch 003/060 | loss 4.7663 | cls 4.8108 | tal -0.1485 | dual_g 0.0000 | dual_d 0.0000 | train_acc 0.1708 | train_full n/a | val_acc 0.1892 | val_f1 0.1156 | adv/moduleC 0.00/0.00 | disc_steps 0 | grad(main/disc) 14.016/0.000 | lr(main/disc) 7.00e-05/3.50e-05 | cuda_peak(alloc/resv) 18.96/24.42GB | phase(train/val/raw/train_eval) 2.4/0.6/0.6/0.0s | 3.5s
2026-08-26 19:40:10 | New best val_f1_macro_present: 0.1156 at epoch 3
2026-08-26 19:40:13 | Epoch 004/060 | loss 4.4354 | cls 4.4774 | tal -0.1399 | dual_g 0.0000 | dual_d 0.0000 | train_acc 0.2125 | train_full n/a | val_acc 0.2162 | val_f1 0.1397 | adv/moduleC 0.00/0.00 | disc_steps 0 | grad(main/disc) 12.714/0.000 | lr(main/disc) 7.00e-05/3.50e-05 | cuda_peak(alloc/resv) 18.96/24.42GB | phase(train/val/raw/train_eval) 2.8/0.6/0.6/0.0s | 3.9s
2026-08-26 19:40:17 | New best val_f1_macro_present: 0.1397 at epoch 4
2026-08-26 19:40:22 | Epoch 005/060 | loss 4.3790 | cls 4.1677 | tal -0.2010 | dual_g 0.2715 | dual_d 0.0000 | train_acc 0.2333 | train_full 0.3106 | val_acc 0.3243 | val_f1 0.2204 | adv/moduleC 0.00/0.10 | disc_steps 0 | grad(main/disc) 12.215/0.000 | lr(main/disc) 7.00e-05/3.50e-05 | cuda_peak(alloc/resv) 18.96/24.42GB | phase(train/val/raw/train_eval) 2.6/0.6/0.6/0.8s | 4.5s
2026-08-26 19:40:26 | New best val_f1_macro_present: 0.2204 at epoch 5
2026-08-26 19:40:29 | Epoch 006/060 | loss 4.2486 | cls 3.7707 | tal -0.1744 | dual_g 0.5302 | dual_d 0.7950 | train_acc 0.3750 | train_full n/a | val_acc 0.3514 | val_f1 0.2893 | adv/moduleC 0.05/0.20 | disc_steps 1 | grad(main/disc) 11.273/1.553 | lr(main/disc) 7.00e-05/3.50e-05 | cuda_peak(alloc/resv) 18.96/24.42GB | phase(train/val/raw/train_eval) 2.4/0.6/0.6/0.0s | 3.5s
2026-08-26 19:40:33 | New best val_f1_macro_present: 0.2893 at epoch 6
2026-08-26 19:40:37 | Epoch 007/060 | loss 4.4179 | cls 3.7366 | tal -0.1839 | dual_g 0.7364 | dual_d 0.8209 | train_acc 0.3458 | train_full n/a | val_acc 0.4865 | val_f1 0.4454 | adv/moduleC 0.10/0.30 | disc_steps 1 | grad(main/disc) 11.375/1.668 | lr(main/disc) 7.00e-05/3.50e-05 | cuda_peak(alloc/resv) 18.96/24.42GB | phase(train/val/raw/train_eval) 2.2/0.6/0.6/0.0s | 3.3s
2026-08-26 19:40:41 | New best val_f1_macro_present: 0.4454 at epoch 7
2026-08-26 19:40:45 | Epoch 008/060 | loss 4.5323 | cls 3.6130 | tal -0.1828 | dual_g 0.9741 | dual_d 0.7969 | train_acc 0.3792 | train_full n/a | val_acc 0.5946 | val_f1 0.5615 | adv/moduleC 0.15/0.40 | disc_steps 1 | grad(main/disc) 11.711/1.644 | lr(main/disc) 7.00e-05/3.50e-05 | cuda_peak(alloc/resv) 18.96/24.42GB | phase(train/val/raw/train_eval) 3.0/0.6/0.6/0.0s | 4.1s
2026-08-26 19:40:49 | New best val_f1_macro_present: 0.5615 at epoch 8
2026-08-26 19:40:53 | Epoch 009/060 | loss 4.4772 | cls 3.3684 | tal -0.1534 | dual_g 1.1548 | dual_d 0.8487 | train_acc 0.4083 | train_full n/a | val_acc 0.6757 | val_f1 0.6193 | adv/moduleC 0.20/0.50 | disc_steps 1 | grad(main/disc) 11.454/1.699 | lr(main/disc) 7.00e-05/3.50e-05 | cuda_peak(alloc/resv) 18.96/24.42GB | phase(train/val/raw/train_eval) 2.9/0.6/0.6/0.0s | 4.0s
2026-08-26 19:40:56 | New best val_f1_macro_present: 0.6193 at epoch 9
2026-08-26 19:41:01 | Epoch 010/060 | loss 4.4699 | cls 3.2529 | tal -0.1658 | dual_g 1.2667 | dual_d 0.7656 | train_acc 0.4750 | train_full 0.8409 | val_acc 0.7297 | val_f1 0.6783 | adv/moduleC 0.25/0.60 | disc_steps 1 | grad(main/disc) 11.025/1.520 | lr(main/disc) 7.00e-05/3.50e-05 | cuda_peak(alloc/resv) 18.96/24.42GB | phase(train/val/raw/train_eval) 2.7/0.6/0.6/0.8s | 4.6s
2026-08-26 19:41:05 | New best val_f1_macro_present: 0.6783 at epoch 10
2026-08-26 19:41:09 | Epoch 011/060 | loss 4.4321 | cls 3.0436 | tal -0.2387 | dual_g 1.4601 | dual_d 0.8386 | train_acc 0.5375 | train_full n/a | val_acc 0.7568 | val_f1 0.7919 | adv/moduleC 0.30/0.70 | disc_steps 1 | grad(main/disc) 11.483/1.618 | lr(main/disc) 7.00e-05/3.50e-05 | cuda_peak(alloc/resv) 18.96/24.42GB | phase(train/val/raw/train_eval) 2.6/0.6/0.6/0.0s | 3.7s
2026-08-26 19:41:13 | New best val_f1_macro_present: 0.7919 at epoch 11
2026-08-26 19:41:16 | Epoch 012/060 | loss 4.4132 | cls 2.8649 | tal -0.1838 | dual_g 1.6035 | dual_d 0.8188 | train_acc 0.5417 | train_full n/a | val_acc 0.8378 | val_f1 0.8629 | adv/moduleC 0.35/0.80 | disc_steps 1 | grad(main/disc) 10.994/1.600 | lr(main/disc) 7.00e-05/3.50e-05 | cuda_peak(alloc/resv) 18.96/24.42GB | phase(train/val/raw/train_eval) 2.5/0.6/0.6/0.0s | 3.7s
2026-08-26 19:41:20 | New best val_f1_macro_present: 0.8629 at epoch 12
2026-08-26 19:41:23 | Epoch 013/060 | loss 4.2663 | cls 2.6550 | tal -0.2295 | dual_g 1.6801 | dual_d 0.7507 | train_acc 0.6333 | train_full n/a | val_acc 0.8108 | val_f1 0.8389 | adv/moduleC 0.40/0.90 | disc_steps 1 | grad(main/disc) 11.142/1.494 | lr(main/disc) 7.00e-05/3.50e-05 | cuda_peak(alloc/resv) 18.96/24.42GB | phase(train/val/raw/train_eval) 2.5/0.6/0.0/0.0s | 3.0s
2026-08-26 19:41:27 | Epoch 014/060 | loss 4.3239 | cls 2.5525 | tal -0.1641 | dual_g 1.8207 | dual_d 0.8405 | train_acc 0.6000 | train_full n/a | val_acc 0.8108 | val_f1 0.8174 | adv/moduleC 0.45/1.00 | disc_steps 1 | grad(main/disc) 11.895/1.615 | lr(main/disc) 7.00e-05/3.50e-05 | cuda_peak(alloc/resv) 18.96/24.42GB | phase(train/val/raw/train_eval) 3.1/0.6/0.0/0.0s | 3.6s
2026-08-26 19:41:31 | Epoch 015/060 | loss 4.3797 | cls 2.6167 | tal -0.1373 | dual_g 1.8041 | dual_d 0.8626 | train_acc 0.6500 | train_full 0.9318 | val_acc 0.8919 | val_f1 0.9042 | adv/moduleC 0.50/1.00 | disc_steps 1 | grad(main/disc) 11.587/1.541 | lr(main/disc) 7.00e-05/3.50e-05 | cuda_peak(alloc/resv) 18.96/24.42GB | phase(train/val/raw/train_eval) 2.5/0.6/0.6/0.8s | 4.5s
2026-08-26 19:41:35 | New best val_f1_macro_present: 0.9042 at epoch 15
2026-08-26 19:41:40 | Epoch 016/060 | loss 4.1054 | cls 2.4114 | tal -0.1683 | dual_g 1.7445 | dual_d 0.8012 | train_acc 0.6667 | train_full n/a | val_acc 0.9459 | val_f1 0.9558 | adv/moduleC 0.55/1.00 | disc_steps 1 | grad(main/disc) 12.058/1.453 | lr(main/disc) 7.00e-05/3.50e-05 | cuda_peak(alloc/resv) 18.96/24.42GB | phase(train/val/raw/train_eval) 3.1/0.6/0.6/0.0s | 4.3s
2026-08-26 19:41:44 | New best val_f1_macro_present: 0.9558 at epoch 16
2026-08-26 19:41:47 | Epoch 017/060 | loss 3.9105 | cls 2.3084 | tal -0.1620 | dual_g 1.6507 | dual_d 0.8704 | train_acc 0.7458 | train_full n/a | val_acc 0.9730 | val_f1 0.9802 | adv/moduleC 0.60/1.00 | disc_steps 1 | grad(main/disc) 11.463/1.467 | lr(main/disc) 7.00e-05/3.50e-05 | cuda_peak(alloc/resv) 18.96/24.42GB | phase(train/val/raw/train_eval) 2.6/0.6/0.5/0.0s | 3.7s
2026-08-26 19:41:51 | New best val_f1_macro_present: 0.9802 at epoch 17
2026-08-26 19:41:55 | Epoch 018/060 | loss 3.8837 | cls 2.3100 | tal -0.1484 | dual_g 1.6183 | dual_d 0.7997 | train_acc 0.6542 | train_full n/a | val_acc 0.9459 | val_f1 0.9458 | adv/moduleC 0.65/1.00 | disc_steps 1 | grad(main/disc) 11.589/1.451 | lr(main/disc) 7.00e-05/3.50e-05 | cuda_peak(alloc/resv) 18.96/24.42GB | phase(train/val/raw/train_eval) 3.0/0.6/0.0/0.0s | 3.6s
2026-08-26 19:41:58 | Epoch 019/060 | loss 3.6986 | cls 2.2009 | tal -0.1608 | dual_g 1.5459 | dual_d 0.8008 | train_acc 0.7417 | train_full n/a | val_acc 0.9459 | val_f1 0.9533 | adv/moduleC 0.70/1.00 | disc_steps 1 | grad(main/disc) 11.946/1.408 | lr(main/disc) 7.00e-05/3.50e-05 | cuda_peak(alloc/resv) 18.96/24.42GB | phase(train/val/raw/train_eval) 2.5/0.6/0.0/0.0s | 3.1s
2026-08-26 19:42:03 | Epoch 020/060 | loss 3.4241 | cls 1.9825 | tal -0.1296 | dual_g 1.4805 | dual_d 0.8605 | train_acc 0.8542 | train_full 0.9773 | val_acc 0.9459 | val_f1 0.9578 | adv/moduleC 0.75/1.00 | disc_steps 1 | grad(main/disc) 9.527/1.534 | lr(main/disc) 7.00e-05/3.50e-05 | cuda_peak(alloc/resv) 18.96/24.42GB | phase(train/val/raw/train_eval) 2.9/0.6/0.6/0.8s | 4.8s
2026-08-26 19:42:06 | Epoch 021/060 | loss 3.4770 | cls 2.0029 | tal -0.0877 | dual_g 1.5005 | dual_d 0.8321 | train_acc 0.7583 | train_full n/a | val_acc 0.9189 | val_f1 0.9261 | adv/moduleC 0.80/1.00 | disc_steps 1 | grad(main/disc) 12.072/1.433 | lr(main/disc) 7.00e-05/3.50e-05 | cuda_peak(alloc/resv) 18.96/24.42GB | phase(train/val/raw/train_eval) 2.4/0.6/0.0/0.0s | 3.0s
2026-08-26 19:42:09 | Epoch 022/060 | loss 3.4673 | cls 2.0099 | tal -0.0947 | dual_g 1.4858 | dual_d 0.8182 | train_acc 0.8167 | train_full n/a | val_acc 0.9459 | val_f1 0.9578 | adv/moduleC 0.85/1.00 | disc_steps 1 | grad(main/disc) 11.077/1.400 | lr(main/disc) 7.00e-05/3.50e-05 | cuda_peak(alloc/resv) 18.96/24.42GB | phase(train/val/raw/train_eval) 2.7/0.6/0.0/0.0s | 3.3s
2026-08-26 19:42:12 | Epoch 023/060 | loss 3.2940 | cls 1.9166 | tal -0.1113 | dual_g 1.4107 | dual_d 0.8522 | train_acc 0.8333 | train_full n/a | val_acc 0.9459 | val_f1 0.9578 | adv/moduleC 0.90/1.00 | disc_steps 1 | grad(main/disc) 10.829/1.409 | lr(main/disc) 7.00e-05/3.50e-05 | cuda_peak(alloc/resv) 18.96/24.42GB | phase(train/val/raw/train_eval) 3.0/0.6/0.0/0.0s | 3.6s
2026-08-26 19:42:16 | Epoch 024/060 | loss 3.1923 | cls 1.8479 | tal -0.0855 | dual_g 1.3700 | dual_d 0.8914 | train_acc 0.8458 | train_full n/a | val_acc 0.9189 | val_f1 0.9358 | adv/moduleC 0.95/1.00 | disc_steps 1 | grad(main/disc) 10.523/1.446 | lr(main/disc) 3.50e-05/1.75e-05 | cuda_peak(alloc/resv) 18.96/24.42GB | phase(train/val/raw/train_eval) 2.7/0.6/0.0/0.0s | 3.2s
2026-08-26 19:42:21 | Epoch 025/060 | loss 3.2127 | cls 1.8506 | tal -0.0510 | dual_g 1.3774 | dual_d 0.8694 | train_acc 0.8458 | train_full 0.9545 | val_acc 0.9189 | val_f1 0.9358 | adv/moduleC 1.00/1.00 | disc_steps 1 | grad(main/disc) 9.878/1.441 | lr(main/disc) 3.50e-05/1.75e-05 | cuda_peak(alloc/resv) 18.96/24.42GB | phase(train/val/raw/train_eval) 3.0/0.6/0.6/0.8s | 4.9s
2026-08-26 19:42:24 | Epoch 026/060 | loss 3.1897 | cls 1.8364 | tal -0.1215 | dual_g 1.3898 | dual_d 0.8195 | train_acc 0.8500 | train_full n/a | val_acc 0.9459 | val_f1 0.9578 | adv/moduleC 1.00/1.00 | disc_steps 1 | grad(main/disc) 9.931/1.361 | lr(main/disc) 3.50e-05/1.75e-05 | cuda_peak(alloc/resv) 18.96/24.42GB | phase(train/val/raw/train_eval) 2.9/0.6/0.0/0.0s | 3.5s
2026-08-26 19:42:27 | Epoch 027/060 | loss 3.1054 | cls 1.7898 | tal -0.0419 | dual_g 1.3282 | dual_d 0.8406 | train_acc 0.8625 | train_full n/a | val_acc 0.9459 | val_f1 0.9578 | adv/moduleC 1.00/1.00 | disc_steps 1 | grad(main/disc) 9.823/1.374 | lr(main/disc) 3.50e-05/1.75e-05 | cuda_peak(alloc/resv) 18.96/24.42GB | phase(train/val/raw/train_eval) 2.7/0.6/0.0/0.0s | 3.2s
2026-08-26 19:42:30 | Epoch 028/060 | loss 3.2070 | cls 1.8494 | tal -0.0145 | dual_g 1.3619 | dual_d 0.8231 | train_acc 0.8542 | train_full n/a | val_acc 0.9730 | val_f1 0.9776 | adv/moduleC 1.00/1.00 | disc_steps 1 | grad(main/disc) 11.107/1.371 | lr(main/disc) 3.50e-05/1.75e-05 | cuda_peak(alloc/resv) 18.96/24.42GB | phase(train/val/raw/train_eval) 2.6/0.6/0.0/0.0s | 3.1s
2026-08-26 19:42:34 | Epoch 029/060 | loss 3.0499 | cls 1.7374 | tal 0.0370 | dual_g 1.3014 | dual_d 0.8578 | train_acc 0.8708 | train_full n/a | val_acc 0.9730 | val_f1 0.9776 | adv/moduleC 1.00/1.00 | disc_steps 1 | grad(main/disc) 10.264/1.417 | lr(main/disc) 3.50e-05/1.75e-05 | cuda_peak(alloc/resv) 18.96/24.42GB | phase(train/val/raw/train_eval) 2.6/0.6/0.0/0.0s | 3.2s
2026-08-26 19:42:38 | Epoch 030/060 | loss 2.9385 | cls 1.6504 | tal 0.0971 | dual_g 1.2590 | dual_d 0.7255 | train_acc 0.8833 | train_full 0.9621 | val_acc 0.9459 | val_f1 0.9578 | adv/moduleC 1.00/1.00 | disc_steps 1 | grad(main/disc) 9.593/1.293 | lr(main/disc) 3.50e-05/1.75e-05 | cuda_peak(alloc/resv) 18.96/24.42GB | phase(train/val/raw/train_eval) 2.6/0.6/0.6/0.8s | 4.5s
2026-08-26 19:42:41 | Epoch 031/060 | loss 2.9657 | cls 1.7085 | tal -0.0060 | dual_g 1.2590 | dual_d 0.8535 | train_acc 0.8667 | train_full n/a | val_acc 0.9459 | val_f1 0.9578 | adv/moduleC 1.00/1.00 | disc_steps 1 | grad(main/disc) 9.519/1.427 | lr(main/disc) 1.75e-05/8.75e-06 | cuda_peak(alloc/resv) 18.96/24.42GB | phase(train/val/raw/train_eval) 2.5/0.6/0.0/0.0s | 3.0s
2026-08-26 19:42:45 | Epoch 032/060 | loss 2.8657 | cls 1.6566 | tal -0.0497 | dual_g 1.2241 | dual_d 0.8232 | train_acc 0.8542 | train_full n/a | val_acc 0.9459 | val_f1 0.9578 | adv/moduleC 1.00/1.00 | disc_steps 1 | grad(main/disc) 9.514/1.340 | lr(main/disc) 1.75e-05/8.75e-06 | cuda_peak(alloc/resv) 18.96/24.42GB | phase(train/val/raw/train_eval) 3.1/0.6/0.0/0.0s | 3.7s
2026-08-26 19:42:45 | Early stopping at epoch 32 after 15 epochs without val_f1_macro_present improvement.
2026-08-26 19:42:45 | Training complete. Best validation accuracy: 0.9730 | best val_f1_macro_present: 0.9802
