2026-08-30 17:56:16 | Starting Dual_D standalone training
2026-08-30 17:56:16 | Run directory: runs/module_c_v11_ablation_60/module_c_20260830_155840/module_c_no_classification_feedback_逆光_20260830_174241
2026-08-30 17:56:16 | Device: cuda
2026-08-30 17:56:16 | Source train samples: 992
2026-08-30 17:56:16 | Target train samples: 132
2026-08-30 17:56:16 | Target val samples: 37
2026-08-30 17:56:16 | Classes: 14
2026-08-30 17:56:16 | Data audit: same_dir=False | path_overlap(vis/ir/ais)=0/0/0 | content_overlap(vis/ir/ais)=0/0/0 | ais_index_overlap=0 | stem_mismatch(vis-ir/vis-ais)=157/0
2026-08-30 17:56:16 | source_train classes: present 14/14 | absent 0 | counts [0:120, 1:44, 2:69, 3:45, 4:40, 5:30, 6:64, 7:80, 8:116, 9:68, 10:57, 11:83, 12:48, 13:128]
2026-08-30 17:56:16 | target_train classes: present 9/14 | absent 5 | counts [0:20, 2:12, 4:12, 5:2, 9:16, 10:16, 11:29, 12:4, 13:21]
2026-08-30 17:56:16 | target_val classes: present 9/14 | absent 5 | counts [0:6, 2:3, 4:4, 5:1, 9:4, 10:4, 11:8, 12:1, 13:6]
2026-08-30 17:56:16 | Paired training classes: 9/14 | class ids [0, 2, 4, 5, 9, 10, 11, 12, 13]
2026-08-30 17:56:16 | Runtime profile: batch=16 | paired_steps=9 | workers=16 | train_eval_every=5 | raw_eval_every=5 | stability_window=3 | lr_scheduler_start=24 | early_stop=12 after min_epoch=35
2026-08-30 17:56:16 | Augmentation profile: base=0.650 | visible=0.700 | infrared=0.400 | freeze_frozen_batch_norm_stats=True
2026-08-30 17:56:16 | VIS/IR pairing: class-level-unpaired | count-mismatch classes train/val: 10/1 | AIS alignment: none | AIS rows train/val: 0/0
2026-08-30 17:56:16 | Effective Dual-D loss weights: {"adv_auxiliary": 0.025, "adv_primary": 0.025, "classification": 0.0, "contrastive": 0.02, "cycle": 0.12, "identity": 0.03, "prototype_contrastive": 0.06}
2026-08-30 17:56:16 | Model parameters: total=17277714 | trainable=17120210
2026-08-30 17:56:19 | Epoch 001/060 | loss 5.4697 | cls 5.4802 | tal -0.0349 | dual_g 0.0000 | dual_d 0.0000 | train_acc 0.0625 | train_full 0.1742 | val_acc 0.2162 | val_f1 0.1176 | adv/moduleC 0.00/0.00 | disc_steps 0 | grad(main/disc) 31.229/0.000 | lr(main/disc) 7.00e-05/2.75e-05 | cuda_peak(alloc/resv) 4.09/5.12GB | phase(train/val/raw/train_eval) 1.4/0.5/0.5/0.5s | 2.9s
2026-08-30 17:56:21 | Epoch 002/060 | loss 4.5433 | cls 4.4884 | tal 0.1830 | dual_g 0.0000 | dual_d 0.0000 | train_acc 0.2569 | train_full n/a | val_acc 0.1892 | val_f1 0.1289 | adv/moduleC 0.00/0.00 | disc_steps 0 | grad(main/disc) 26.363/0.000 | lr(main/disc) 7.00e-05/2.75e-05 | cuda_peak(alloc/resv) 4.09/5.12GB | phase(train/val/raw/train_eval) 1.2/0.5/0.0/0.0s | 1.7s
2026-08-30 17:56:23 | Epoch 003/060 | loss 4.1390 | cls 4.1032 | tal 0.1193 | dual_g 0.0000 | dual_d 0.0000 | train_acc 0.2778 | train_full n/a | val_acc 0.4054 | val_f1 0.4480 | adv/moduleC 0.00/0.00 | disc_steps 0 | grad(main/disc) 24.164/0.000 | lr(main/disc) 7.00e-05/2.75e-05 | cuda_peak(alloc/resv) 4.09/5.12GB | phase(train/val/raw/train_eval) 1.1/0.5/0.5/0.0s | 2.0s
2026-08-30 17:56:25 | New best val_f1_macro_present: raw=0.4480 stable_score=0.1176 at epoch 3
2026-08-30 17:56:27 | Epoch 004/060 | loss 3.8126 | cls 3.7560 | tal 0.1885 | dual_g 0.0000 | dual_d 0.0000 | train_acc 0.3611 | train_full n/a | val_acc 0.6216 | val_f1 0.6326 | adv/moduleC 0.00/0.00 | disc_steps 0 | grad(main/disc) 22.708/0.000 | lr(main/disc) 7.00e-05/2.75e-05 | cuda_peak(alloc/resv) 4.09/5.12GB | phase(train/val/raw/train_eval) 1.1/0.4/0.4/0.0s | 1.9s
2026-08-30 17:56:29 | New best val_f1_macro_present: raw=0.6326 stable_score=0.1289 at epoch 4
2026-08-30 17:56:32 | Epoch 005/060 | loss 3.4366 | cls 3.3606 | tal 0.1837 | dual_g 0.0209 | dual_d 0.0000 | train_acc 0.4792 | train_full 0.7273 | val_acc 0.7297 | val_f1 0.7294 | adv/moduleC 0.00/0.10 | disc_steps 0 | grad(main/disc) 21.185/0.000 | lr(main/disc) 7.00e-05/2.75e-05 | cuda_peak(alloc/resv) 4.09/5.12GB | phase(train/val/raw/train_eval) 1.1/0.4/0.4/0.5s | 2.5s
2026-08-30 17:56:34 | New best val_f1_macro_present: raw=0.7294 stable_score=0.4480 at epoch 5
2026-08-30 17:56:36 | Epoch 006/060 | loss 3.2169 | cls 3.1716 | tal 0.0187 | dual_g 0.0397 | dual_d 0.0000 | train_acc 0.4861 | train_full n/a | val_acc 0.8108 | val_f1 0.7989 | adv/moduleC 0.00/0.20 | disc_steps 0 | grad(main/disc) 21.341/0.000 | lr(main/disc) 7.00e-05/2.75e-05 | cuda_peak(alloc/resv) 4.09/5.12GB | phase(train/val/raw/train_eval) 1.1/0.5/0.5/0.0s | 2.1s
2026-08-30 17:56:38 | New best val_f1_macro_present: raw=0.7989 stable_score=0.6326 at epoch 6
2026-08-30 17:56:40 | Epoch 007/060 | loss 3.2627 | cls 3.1865 | tal 0.0470 | dual_g 0.0621 | dual_d 0.8750 | train_acc 0.5764 | train_full n/a | val_acc 0.8919 | val_f1 0.8848 | adv/moduleC 0.07/0.30 | disc_steps 4 | grad(main/disc) 21.064/2.319 | lr(main/disc) 7.00e-05/2.75e-05 | cuda_peak(alloc/resv) 4.09/5.12GB | phase(train/val/raw/train_eval) 1.2/0.4/0.5/0.0s | 2.1s
2026-08-30 17:56:43 | New best val_f1_macro_present: raw=0.8848 stable_score=0.7294 at epoch 7
2026-08-30 17:56:45 | Epoch 008/060 | loss 3.0495 | cls 2.9143 | tal 0.1762 | dual_g 0.0824 | dual_d 0.7825 | train_acc 0.5833 | train_full n/a | val_acc 0.8108 | val_f1 0.8107 | adv/moduleC 0.14/0.40 | disc_steps 4 | grad(main/disc) 20.132/2.099 | lr(main/disc) 7.00e-05/2.75e-05 | cuda_peak(alloc/resv) 4.09/5.12GB | phase(train/val/raw/train_eval) 1.1/0.5/0.5/0.0s | 2.1s
2026-08-30 17:56:47 | New best val_f1_macro_present: raw=0.8107 stable_score=0.7989 at epoch 8
2026-08-30 17:56:49 | Epoch 009/060 | loss 2.8569 | cls 2.7015 | tal 0.1733 | dual_g 0.1034 | dual_d 0.8262 | train_acc 0.6389 | train_full n/a | val_acc 0.8378 | val_f1 0.8302 | adv/moduleC 0.21/0.50 | disc_steps 4 | grad(main/disc) 19.297/2.151 | lr(main/disc) 7.00e-05/2.75e-05 | cuda_peak(alloc/resv) 4.09/5.12GB | phase(train/val/raw/train_eval) 1.1/0.5/0.4/0.0s | 2.0s
2026-08-30 17:56:51 | New best val_f1_macro_present: raw=0.8302 stable_score=0.8107 at epoch 9
2026-08-30 17:56:54 | Epoch 010/060 | loss 2.9992 | cls 2.8114 | tal 0.2146 | dual_g 0.1234 | dual_d 0.7479 | train_acc 0.5347 | train_full 0.9091 | val_acc 0.8649 | val_f1 0.8640 | adv/moduleC 0.29/0.60 | disc_steps 4 | grad(main/disc) 20.999/2.070 | lr(main/disc) 7.00e-05/2.75e-05 | cuda_peak(alloc/resv) 4.09/5.12GB | phase(train/val/raw/train_eval) 1.0/0.4/0.5/0.5s | 2.4s
2026-08-30 17:56:56 | Epoch 011/060 | loss 2.6610 | cls 2.5022 | tal 0.0557 | dual_g 0.1422 | dual_d 0.8871 | train_acc 0.7431 | train_full n/a | val_acc 0.8378 | val_f1 0.8277 | adv/moduleC 0.36/0.70 | disc_steps 4 | grad(main/disc) 18.477/2.245 | lr(main/disc) 7.00e-05/2.75e-05 | cuda_peak(alloc/resv) 4.09/5.12GB | phase(train/val/raw/train_eval) 1.2/0.4/0.5/0.0s | 2.1s
2026-08-30 17:56:58 | New best val_f1_macro_present: raw=0.8277 stable_score=0.8277 at epoch 11
2026-08-30 17:57:00 | Epoch 012/060 | loss 2.6557 | cls 2.4841 | tal 0.0343 | dual_g 0.1613 | dual_d 0.8833 | train_acc 0.6736 | train_full n/a | val_acc 0.9189 | val_f1 0.9378 | adv/moduleC 0.43/0.80 | disc_steps 4 | grad(main/disc) 19.079/2.204 | lr(main/disc) 7.00e-05/2.75e-05 | cuda_peak(alloc/resv) 4.09/5.12GB | phase(train/val/raw/train_eval) 1.1/0.4/0.0/0.0s | 1.5s
2026-08-30 17:57:01 | Epoch 013/060 | loss 2.5148 | cls 2.3330 | tal 0.0166 | dual_g 0.1768 | dual_d 0.9331 | train_acc 0.6806 | train_full n/a | val_acc 0.9459 | val_f1 0.9578 | adv/moduleC 0.50/0.90 | disc_steps 4 | grad(main/disc) 18.611/2.260 | lr(main/disc) 7.00e-05/2.75e-05 | cuda_peak(alloc/resv) 4.09/5.12GB | phase(train/val/raw/train_eval) 1.4/0.4/0.0/0.0s | 1.8s
2026-08-30 17:57:04 | Epoch 014/060 | loss 2.6628 | cls 2.4519 | tal 0.0488 | dual_g 0.1963 | dual_d 0.9010 | train_acc 0.6597 | train_full n/a | val_acc 0.8919 | val_f1 0.9215 | adv/moduleC 0.57/1.00 | disc_steps 4 | grad(main/disc) 19.004/2.285 | lr(main/disc) 7.00e-05/2.75e-05 | cuda_peak(alloc/resv) 4.09/5.12GB | phase(train/val/raw/train_eval) 1.3/0.4/0.4/0.0s | 2.2s
2026-08-30 17:57:06 | New best val_f1_macro_present: raw=0.9215 stable_score=0.9215 at epoch 14
2026-08-30 17:57:08 | Epoch 015/060 | loss 2.3680 | cls 2.1846 | tal -0.0397 | dual_g 0.1953 | dual_d 0.9694 | train_acc 0.7222 | train_full 0.9470 | val_acc 0.9189 | val_f1 0.9022 | adv/moduleC 0.64/1.00 | disc_steps 4 | grad(main/disc) 18.352/2.352 | lr(main/disc) 7.00e-05/2.75e-05 | cuda_peak(alloc/resv) 4.09/5.12GB | phase(train/val/raw/train_eval) 1.1/0.4/0.4/0.5s | 2.4s
2026-08-30 17:57:10 | Epoch 016/060 | loss 2.4063 | cls 2.2172 | tal -0.0196 | dual_g 0.1950 | dual_d 0.8904 | train_acc 0.7292 | train_full n/a | val_acc 0.9189 | val_f1 0.9053 | adv/moduleC 0.71/1.00 | disc_steps 4 | grad(main/disc) 18.569/2.172 | lr(main/disc) 7.00e-05/2.75e-05 | cuda_peak(alloc/resv) 4.09/5.12GB | phase(train/val/raw/train_eval) 1.0/0.4/0.0/0.0s | 1.4s
2026-08-30 17:57:11 | Epoch 017/060 | loss 2.1926 | cls 1.9889 | tal 0.0395 | dual_g 0.1919 | dual_d 0.9531 | train_acc 0.8056 | train_full n/a | val_acc 0.9459 | val_f1 0.9578 | adv/moduleC 0.79/1.00 | disc_steps 4 | grad(main/disc) 16.120/2.284 | lr(main/disc) 7.00e-05/2.75e-05 | cuda_peak(alloc/resv) 4.09/5.12GB | phase(train/val/raw/train_eval) 1.2/0.4/0.0/0.0s | 1.7s
2026-08-30 17:57:13 | Epoch 018/060 | loss 2.2986 | cls 2.1009 | tal 0.0169 | dual_g 0.1927 | dual_d 0.9496 | train_acc 0.6875 | train_full n/a | val_acc 0.9459 | val_f1 0.9536 | adv/moduleC 0.86/1.00 | disc_steps 4 | grad(main/disc) 17.671/2.348 | lr(main/disc) 7.00e-05/2.75e-05 | cuda_peak(alloc/resv) 4.09/5.12GB | phase(train/val/raw/train_eval) 1.3/0.4/0.0/0.0s | 1.7s
2026-08-30 17:57:15 | Epoch 019/060 | loss 2.1479 | cls 1.9422 | tal 0.0560 | dual_g 0.1888 | dual_d 0.8915 | train_acc 0.7500 | train_full n/a | val_acc 0.9730 | val_f1 0.9471 | adv/moduleC 0.93/1.00 | disc_steps 4 | grad(main/disc) 16.271/2.193 | lr(main/disc) 7.00e-05/2.75e-05 | cuda_peak(alloc/resv) 4.09/5.12GB | phase(train/val/raw/train_eval) 1.1/0.4/0.5/0.0s | 2.0s
2026-08-30 17:57:17 | New best val_f1_macro_present: raw=0.9471 stable_score=0.9471 at epoch 19
2026-08-30 17:57:20 | Epoch 020/060 | loss 2.2671 | cls 2.0646 | tal 0.0345 | dual_g 0.1921 | dual_d 0.9704 | train_acc 0.7639 | train_full 0.9848 | val_acc 0.9459 | val_f1 0.9558 | adv/moduleC 1.00/1.00 | disc_steps 4 | grad(main/disc) 17.550/2.303 | lr(main/disc) 7.00e-05/2.75e-05 | cuda_peak(alloc/resv) 4.09/5.12GB | phase(train/val/raw/train_eval) 1.0/0.4/0.4/0.5s | 2.4s
2026-08-30 17:57:21 | Epoch 021/060 | loss 2.0884 | cls 1.9025 | tal 0.0010 | dual_g 0.1856 | dual_d 0.9738 | train_acc 0.7917 | train_full n/a | val_acc 0.9459 | val_f1 0.9578 | adv/moduleC 1.00/1.00 | disc_steps 4 | grad(main/disc) 15.305/2.198 | lr(main/disc) 7.00e-05/2.75e-05 | cuda_peak(alloc/resv) 4.09/5.12GB | phase(train/val/raw/train_eval) 1.1/0.4/0.0/0.0s | 1.5s
2026-08-30 17:57:23 | Epoch 022/060 | loss 2.1757 | cls 1.9924 | tal -0.0048 | dual_g 0.1848 | dual_d 1.0693 | train_acc 0.7986 | train_full n/a | val_acc 1.0000 | val_f1 1.0000 | adv/moduleC 1.00/1.00 | disc_steps 4 | grad(main/disc) 16.960/2.279 | lr(main/disc) 7.00e-05/2.75e-05 | cuda_peak(alloc/resv) 4.09/5.12GB | phase(train/val/raw/train_eval) 1.2/0.4/0.4/0.0s | 2.1s
2026-08-30 17:57:26 | New best val_f1_macro_present: raw=1.0000 stable_score=0.9558 at epoch 22
2026-08-30 17:57:27 | Epoch 023/060 | loss 1.9395 | cls 1.7839 | tal -0.0764 | dual_g 0.1785 | dual_d 0.9881 | train_acc 0.7847 | train_full n/a | val_acc 0.9189 | val_f1 0.9026 | adv/moduleC 1.00/1.00 | disc_steps 4 | grad(main/disc) 15.257/2.283 | lr(main/disc) 7.00e-05/2.75e-05 | cuda_peak(alloc/resv) 4.09/5.12GB | phase(train/val/raw/train_eval) 1.2/0.4/0.0/0.0s | 1.6s
2026-08-30 17:57:29 | Epoch 024/060 | loss 1.9046 | cls 1.7793 | tal -0.1732 | dual_g 0.1772 | dual_d 1.0780 | train_acc 0.8472 | train_full n/a | val_acc 0.9730 | val_f1 0.9840 | adv/moduleC 1.00/1.00 | disc_steps 4 | grad(main/disc) 15.020/2.222 | lr(main/disc) 7.00e-05/2.75e-05 | cuda_peak(alloc/resv) 4.09/5.12GB | phase(train/val/raw/train_eval) 1.0/0.4/0.0/0.0s | 1.4s
2026-08-30 17:57:31 | Epoch 025/060 | loss 1.9196 | cls 1.7688 | tal -0.0828 | dual_g 0.1756 | dual_d 0.9901 | train_acc 0.8542 | train_full 0.9773 | val_acc 1.0000 | val_f1 1.0000 | adv/moduleC 1.00/1.00 | disc_steps 4 | grad(main/disc) 16.030/2.221 | lr(main/disc) 7.00e-05/2.75e-05 | cuda_peak(alloc/resv) 4.09/5.12GB | phase(train/val/raw/train_eval) 1.1/0.4/0.5/0.5s | 2.5s
2026-08-30 17:57:33 | Epoch 026/060 | loss 1.8020 | cls 1.6660 | tal -0.1017 | dual_g 0.1666 | dual_d 1.0572 | train_acc 0.8750 | train_full n/a | val_acc 0.9730 | val_f1 0.9776 | adv/moduleC 1.00/1.00 | disc_steps 4 | grad(main/disc) 13.661/2.217 | lr(main/disc) 7.00e-05/2.75e-05 | cuda_peak(alloc/resv) 4.09/5.12GB | phase(train/val/raw/train_eval) 1.1/0.4/0.5/0.0s | 1.9s
2026-08-30 17:57:35 | New best val_f1_macro_present: raw=0.9776 stable_score=0.9776 at epoch 26
2026-08-30 17:57:37 | Epoch 027/060 | loss 1.8743 | cls 1.7054 | tal -0.0032 | dual_g 0.1698 | dual_d 1.0867 | train_acc 0.8958 | train_full n/a | val_acc 0.9459 | val_f1 0.9578 | adv/moduleC 1.00/1.00 | disc_steps 4 | grad(main/disc) 15.982/2.314 | lr(main/disc) 7.00e-05/2.75e-05 | cuda_peak(alloc/resv) 4.09/5.12GB | phase(train/val/raw/train_eval) 0.9/0.4/0.0/0.0s | 1.4s
2026-08-30 17:57:38 | Epoch 028/060 | loss 1.8867 | cls 1.7251 | tal -0.0233 | dual_g 0.1686 | dual_d 1.1469 | train_acc 0.8750 | train_full n/a | val_acc 0.9459 | val_f1 0.9551 | adv/moduleC 1.00/1.00 | disc_steps 4 | grad(main/disc) 16.547/2.327 | lr(main/disc) 7.00e-05/2.75e-05 | cuda_peak(alloc/resv) 4.09/5.12GB | phase(train/val/raw/train_eval) 1.2/0.4/0.0/0.0s | 1.6s
2026-08-30 17:57:40 | Epoch 029/060 | loss 1.6985 | cls 1.5484 | tal -0.0533 | dual_g 0.1661 | dual_d 1.0224 | train_acc 0.9167 | train_full n/a | val_acc 0.9730 | val_f1 0.9802 | adv/moduleC 1.00/1.00 | disc_steps 4 | grad(main/disc) 13.434/2.261 | lr(main/disc) 7.00e-05/2.75e-05 | cuda_peak(alloc/resv) 4.09/5.12GB | phase(train/val/raw/train_eval) 1.1/0.4/0.0/0.0s | 1.5s
2026-08-30 17:57:42 | Epoch 030/060 | loss 1.7049 | cls 1.5465 | tal -0.0188 | dual_g 0.1640 | dual_d 1.0410 | train_acc 0.9306 | train_full 0.9924 | val_acc 0.9730 | val_f1 0.9802 | adv/moduleC 1.00/1.00 | disc_steps 4 | grad(main/disc) 12.931/2.171 | lr(main/disc) 7.00e-05/2.75e-05 | cuda_peak(alloc/resv) 4.09/5.12GB | phase(train/val/raw/train_eval) 1.1/0.5/0.5/0.5s | 2.5s
2026-08-30 17:57:44 | Epoch 031/060 | loss 1.6596 | cls 1.5070 | tal -0.0286 | dual_g 0.1611 | dual_d 1.0773 | train_acc 0.9306 | train_full n/a | val_acc 0.9730 | val_f1 0.9802 | adv/moduleC 1.00/1.00 | disc_steps 4 | grad(main/disc) 13.285/2.215 | lr(main/disc) 7.00e-05/2.75e-05 | cuda_peak(alloc/resv) 4.09/5.12GB | phase(train/val/raw/train_eval) 1.3/0.4/0.4/0.0s | 2.2s
2026-08-30 17:57:47 | New best val_f1_macro_present: raw=0.9802 stable_score=0.9802 at epoch 31
2026-08-30 17:57:48 | Epoch 032/060 | loss 1.7139 | cls 1.5753 | tal -0.0692 | dual_g 0.1594 | dual_d 1.0622 | train_acc 0.9306 | train_full n/a | val_acc 0.9730 | val_f1 0.9471 | adv/moduleC 1.00/1.00 | disc_steps 4 | grad(main/disc) 14.013/2.177 | lr(main/disc) 7.00e-05/2.75e-05 | cuda_peak(alloc/resv) 4.09/5.12GB | phase(train/val/raw/train_eval) 1.1/0.4/0.0/0.0s | 1.5s
2026-08-30 17:57:50 | Epoch 033/060 | loss 1.6194 | cls 1.5044 | tal -0.1445 | dual_g 0.1583 | dual_d 1.1243 | train_acc 0.9236 | train_full n/a | val_acc 0.9459 | val_f1 0.9246 | adv/moduleC 1.00/1.00 | disc_steps 4 | grad(main/disc) 12.651/2.271 | lr(main/disc) 7.00e-05/2.75e-05 | cuda_peak(alloc/resv) 4.09/5.12GB | phase(train/val/raw/train_eval) 1.0/0.5/0.0/0.0s | 1.5s
2026-08-30 17:57:51 | Epoch 034/060 | loss 1.6924 | cls 1.5511 | tal -0.0372 | dual_g 0.1524 | dual_d 1.0217 | train_acc 0.9514 | train_full n/a | val_acc 0.9730 | val_f1 0.9802 | adv/moduleC 1.00/1.00 | disc_steps 4 | grad(main/disc) 13.632/2.136 | lr(main/disc) 3.50e-05/1.38e-05 | cuda_peak(alloc/resv) 4.09/5.12GB | phase(train/val/raw/train_eval) 1.3/0.4/0.0/0.0s | 1.8s
2026-08-30 17:57:54 | Epoch 035/060 | loss 1.6967 | cls 1.5669 | tal -0.0807 | dual_g 0.1540 | dual_d 1.0408 | train_acc 0.9444 | train_full 0.9924 | val_acc 0.9730 | val_f1 0.9802 | adv/moduleC 1.00/1.00 | disc_steps 4 | grad(main/disc) 13.610/2.147 | lr(main/disc) 3.50e-05/1.38e-05 | cuda_peak(alloc/resv) 4.09/5.12GB | phase(train/val/raw/train_eval) 1.2/0.4/0.4/0.5s | 2.6s
2026-08-30 17:57:56 | Epoch 036/060 | loss 1.7453 | cls 1.6365 | tal -0.1627 | dual_g 0.1575 | dual_d 1.1340 | train_acc 0.9028 | train_full n/a | val_acc 0.9730 | val_f1 0.9802 | adv/moduleC 1.00/1.00 | disc_steps 4 | grad(main/disc) 14.423/2.235 | lr(main/disc) 3.50e-05/1.38e-05 | cuda_peak(alloc/resv) 4.09/5.12GB | phase(train/val/raw/train_eval) 1.2/0.4/0.0/0.0s | 1.7s
2026-08-30 17:57:57 | Epoch 037/060 | loss 1.5811 | cls 1.4621 | tal -0.1190 | dual_g 0.1547 | dual_d 1.0952 | train_acc 0.9236 | train_full n/a | val_acc 1.0000 | val_f1 1.0000 | adv/moduleC 1.00/1.00 | disc_steps 4 | grad(main/disc) 12.543/2.284 | lr(main/disc) 3.50e-05/1.38e-05 | cuda_peak(alloc/resv) 4.09/5.12GB | phase(train/val/raw/train_eval) 1.2/0.4/0.0/0.0s | 1.6s
2026-08-30 17:57:59 | Epoch 038/060 | loss 1.6127 | cls 1.4764 | tal -0.0538 | dual_g 0.1524 | dual_d 1.0953 | train_acc 0.9097 | train_full n/a | val_acc 1.0000 | val_f1 1.0000 | adv/moduleC 1.00/1.00 | disc_steps 4 | grad(main/disc) 11.641/2.298 | lr(main/disc) 3.50e-05/1.38e-05 | cuda_peak(alloc/resv) 4.09/5.12GB | phase(train/val/raw/train_eval) 1.4/0.4/0.0/0.0s | 1.8s
2026-08-30 17:58:01 | Epoch 039/060 | loss 1.6403 | cls 1.5103 | tal -0.0764 | dual_g 0.1530 | dual_d 1.1123 | train_acc 0.9097 | train_full n/a | val_acc 1.0000 | val_f1 1.0000 | adv/moduleC 1.00/1.00 | disc_steps 4 | grad(main/disc) 12.724/2.273 | lr(main/disc) 3.50e-05/1.38e-05 | cuda_peak(alloc/resv) 4.09/5.12GB | phase(train/val/raw/train_eval) 1.3/0.4/0.5/0.0s | 2.2s
2026-08-30 17:58:04 | New best val_f1_macro_present: raw=1.0000 stable_score=1.0000 at epoch 39
2026-08-30 17:58:06 | Epoch 040/060 | loss 1.5061 | cls 1.3951 | tal -0.1391 | dual_g 0.1527 | dual_d 1.0359 | train_acc 0.9375 | train_full 1.0000 | val_acc 1.0000 | val_f1 1.0000 | adv/moduleC 1.00/1.00 | disc_steps 4 | grad(main/disc) 10.356/2.140 | lr(main/disc) 3.50e-05/1.38e-05 | cuda_peak(alloc/resv) 4.09/5.12GB | phase(train/val/raw/train_eval) 1.1/0.4/0.5/0.5s | 2.5s
2026-08-30 17:58:08 | Epoch 041/060 | loss 1.5119 | cls 1.3849 | tal -0.0776 | dual_g 0.1503 | dual_d 1.0623 | train_acc 0.9375 | train_full n/a | val_acc 1.0000 | val_f1 1.0000 | adv/moduleC 1.00/1.00 | disc_steps 4 | grad(main/disc) 11.241/2.229 | lr(main/disc) 3.50e-05/1.38e-05 | cuda_peak(alloc/resv) 4.09/5.12GB | phase(train/val/raw/train_eval) 1.1/0.4/0.0/0.0s | 1.5s
2026-08-30 17:58:09 | Epoch 042/060 | loss 1.5269 | cls 1.3879 | tal -0.0304 | dual_g 0.1482 | dual_d 1.0253 | train_acc 0.9444 | train_full n/a | val_acc 1.0000 | val_f1 1.0000 | adv/moduleC 1.00/1.00 | disc_steps 4 | grad(main/disc) 10.725/2.095 | lr(main/disc) 3.50e-05/1.38e-05 | cuda_peak(alloc/resv) 4.09/5.12GB | phase(train/val/raw/train_eval) 1.1/0.4/0.0/0.0s | 1.5s
2026-08-30 17:58:11 | Epoch 043/060 | loss 1.5601 | cls 1.4247 | tal -0.0396 | dual_g 0.1473 | dual_d 1.0898 | train_acc 0.9306 | train_full n/a | val_acc 0.9730 | val_f1 0.9776 | adv/moduleC 1.00/1.00 | disc_steps 4 | grad(main/disc) 11.090/2.181 | lr(main/disc) 1.75e-05/6.88e-06 | cuda_peak(alloc/resv) 4.09/5.12GB | phase(train/val/raw/train_eval) 1.2/0.4/0.0/0.0s | 1.7s
2026-08-30 17:58:12 | Epoch 044/060 | loss 1.5453 | cls 1.4203 | tal -0.0650 | dual_g 0.1446 | dual_d 1.1575 | train_acc 0.9236 | train_full n/a | val_acc 1.0000 | val_f1 1.0000 | adv/moduleC 1.00/1.00 | disc_steps 4 | grad(main/disc) 11.631/2.306 | lr(main/disc) 1.75e-05/6.88e-06 | cuda_peak(alloc/resv) 4.09/5.12GB | phase(train/val/raw/train_eval) 1.0/0.4/0.0/0.0s | 1.4s
2026-08-30 17:58:15 | Epoch 045/060 | loss 1.4129 | cls 1.2994 | tal -0.1017 | dual_g 0.1440 | dual_d 1.0720 | train_acc 0.9722 | train_full 1.0000 | val_acc 1.0000 | val_f1 1.0000 | adv/moduleC 1.00/1.00 | disc_steps 4 | grad(main/disc) 8.762/2.127 | lr(main/disc) 1.75e-05/6.88e-06 | cuda_peak(alloc/resv) 4.09/5.12GB | phase(train/val/raw/train_eval) 1.2/0.5/0.5/0.5s | 2.6s
2026-08-30 17:58:17 | Epoch 046/060 | loss 1.4006 | cls 1.3064 | tal -0.1528 | dual_g 0.1400 | dual_d 1.1404 | train_acc 0.9514 | train_full n/a | val_acc 1.0000 | val_f1 1.0000 | adv/moduleC 1.00/1.00 | disc_steps 4 | grad(main/disc) 9.101/2.250 | lr(main/disc) 1.75e-05/6.88e-06 | cuda_peak(alloc/resv) 4.09/5.12GB | phase(train/val/raw/train_eval) 1.2/0.4/0.0/0.0s | 1.7s
2026-08-30 17:58:18 | Epoch 047/060 | loss 1.3989 | cls 1.2913 | tal -0.1279 | dual_g 0.1459 | dual_d 1.1632 | train_acc 0.9653 | train_full n/a | val_acc 1.0000 | val_f1 1.0000 | adv/moduleC 1.00/1.00 | disc_steps 4 | grad(main/disc) 9.091/2.221 | lr(main/disc) 1.75e-05/6.88e-06 | cuda_peak(alloc/resv) 4.09/5.12GB | phase(train/val/raw/train_eval) 1.1/0.4/0.0/0.0s | 1.6s
2026-08-30 17:58:20 | Epoch 048/060 | loss 1.4609 | cls 1.3492 | tal -0.1033 | dual_g 0.1427 | dual_d 1.0807 | train_acc 0.9722 | train_full n/a | val_acc 1.0000 | val_f1 1.0000 | adv/moduleC 1.00/1.00 | disc_steps 4 | grad(main/disc) 10.731/2.164 | lr(main/disc) 1.75e-05/6.88e-06 | cuda_peak(alloc/resv) 4.09/5.12GB | phase(train/val/raw/train_eval) 1.1/0.4/0.0/0.0s | 1.6s
2026-08-30 17:58:21 | Epoch 049/060 | loss 1.3750 | cls 1.2799 | tal -0.1586 | dual_g 0.1428 | dual_d 1.1688 | train_acc 0.9792 | train_full n/a | val_acc 1.0000 | val_f1 1.0000 | adv/moduleC 1.00/1.00 | disc_steps 4 | grad(main/disc) 9.361/2.310 | lr(main/disc) 1.75e-05/6.88e-06 | cuda_peak(alloc/resv) 4.09/5.12GB | phase(train/val/raw/train_eval) 1.0/0.4/0.0/0.0s | 1.4s
2026-08-30 17:58:24 | Epoch 050/060 | loss 1.3882 | cls 1.2697 | tal -0.0742 | dual_g 0.1408 | dual_d 1.1053 | train_acc 0.9861 | train_full 1.0000 | val_acc 1.0000 | val_f1 1.0000 | adv/moduleC 1.00/1.00 | disc_steps 4 | grad(main/disc) 8.043/2.153 | lr(main/disc) 1.75e-05/6.88e-06 | cuda_peak(alloc/resv) 4.09/5.12GB | phase(train/val/raw/train_eval) 1.2/0.4/0.5/0.5s | 2.6s
2026-08-30 17:58:25 | Epoch 051/060 | loss 1.5013 | cls 1.3545 | tal 0.0134 | dual_g 0.1428 | dual_d 1.0389 | train_acc 0.9375 | train_full n/a | val_acc 1.0000 | val_f1 1.0000 | adv/moduleC 1.00/1.00 | disc_steps 4 | grad(main/disc) 9.764/2.149 | lr(main/disc) 1.75e-05/6.88e-06 | cuda_peak(alloc/resv) 4.09/5.12GB | phase(train/val/raw/train_eval) 1.1/0.4/0.0/0.0s | 1.5s
2026-08-30 17:58:25 | Early stopping at epoch 51 after 12 epochs without val_f1_macro_present improvement.
2026-08-30 17:58:25 | Training complete. Peak validation accuracy: 1.0000 | selected val_f1_macro_present: 1.0000
