2026-08-30 16:47:01 | Starting Dual_D standalone training
2026-08-30 16:47:01 | Run directory: runs/module_c_v11_ablation_60/module_c_20260830_155840/module_c_no_identity_黑天_20260830_164025
2026-08-30 16:47:01 | Device: cuda
2026-08-30 16:47:01 | Source train samples: 992
2026-08-30 16:47:01 | Target train samples: 465
2026-08-30 16:47:01 | Target val samples: 120
2026-08-30 16:47:01 | Classes: 14
2026-08-30 16:47:01 | Data audit: same_dir=False | path_overlap(vis/ir/ais)=0/0/0 | content_overlap(vis/ir/ais)=0/0/0 | ais_index_overlap=0 | stem_mismatch(vis-ir/vis-ais)=578/0
2026-08-30 16:47:01 | source_train classes: present 14/14 | absent 0 | counts [0:120, 1:44, 2:69, 3:45, 4:40, 5:30, 6:64, 7:80, 8:116, 9:68, 10:57, 11:83, 12:48, 13:128]
2026-08-30 16:47:01 | target_train classes: present 8/14 | absent 6 | counts [0:100, 2:11, 3:16, 6:89, 9:162, 10:12, 11:44, 13:31]
2026-08-30 16:47:01 | target_val classes: present 8/14 | absent 6 | counts [0:26, 2:3, 3:5, 6:23, 9:41, 10:3, 11:11, 13:8]
2026-08-30 16:47:01 | Paired training classes: 8/14 | class ids [0, 2, 3, 6, 9, 10, 11, 13]
2026-08-30 16:47:01 | Runtime profile: batch=16 | paired_steps=30 | workers=16 | train_eval_every=5 | raw_eval_every=5 | stability_window=3 | lr_scheduler_start=24 | early_stop=15 after min_epoch=50
2026-08-30 16:47:01 | Augmentation profile: base=0.500 | visible=0.500 | infrared=0.500 | freeze_frozen_batch_norm_stats=True
2026-08-30 16:47:01 | VIS/IR pairing: class-level-unpaired | count-mismatch classes train/val: 10/0 | AIS alignment: none | AIS rows train/val: 0/0
2026-08-30 16:47:01 | Effective Dual-D loss weights: {"adv_auxiliary": 0.025, "adv_primary": 0.025, "classification": 0.65, "contrastive": 0.055, "cycle": 0.12, "identity": 0.0, "prototype_contrastive": 0.025}
2026-08-30 16:47:01 | Model parameters: total=17277714 | trainable=17120210
2026-08-30 16:47:06 | Epoch 001/060 | loss 4.5103 | cls 4.4476 | tal 0.2092 | dual_g 0.0000 | dual_d 0.0000 | train_acc 0.2229 | train_full 0.1914 | val_acc 0.2083 | val_f1 0.2557 | adv/moduleC 0.00/0.00 | disc_steps 0 | grad(main/disc) 24.926/0.000 | lr(main/disc) 1.00e-04/3.20e-05 | cuda_peak(alloc/resv) 4.09/5.12GB | phase(train/val/raw/train_eval) 2.9/0.4/0.4/0.7s | 4.4s
2026-08-30 16:47:09 | Epoch 002/060 | loss 3.0655 | cls 3.0206 | tal 0.1498 | dual_g 0.0000 | dual_d 0.0000 | train_acc 0.4896 | train_full n/a | val_acc 0.6500 | val_f1 0.6192 | adv/moduleC 0.00/0.00 | disc_steps 0 | grad(main/disc) 19.677/0.000 | lr(main/disc) 1.00e-04/3.20e-05 | cuda_peak(alloc/resv) 4.09/5.12GB | phase(train/val/raw/train_eval) 2.6/0.5/0.0/0.0s | 3.1s
2026-08-30 16:47:12 | Epoch 003/060 | loss 2.3859 | cls 2.3632 | tal 0.0755 | dual_g 0.0000 | dual_d 0.0000 | train_acc 0.6604 | train_full n/a | val_acc 0.4833 | val_f1 0.5792 | adv/moduleC 0.00/0.00 | disc_steps 0 | grad(main/disc) 18.480/0.000 | lr(main/disc) 1.00e-04/3.20e-05 | cuda_peak(alloc/resv) 4.09/5.12GB | phase(train/val/raw/train_eval) 2.6/0.4/0.4/0.0s | 3.5s
2026-08-30 16:47:15 | New best val_f1_macro_present: raw=0.5792 stable_score=0.2557 at epoch 3
2026-08-30 16:47:18 | Epoch 004/060 | loss 2.1137 | cls 1.9116 | tal -0.0010 | dual_g 0.2024 | dual_d 0.0000 | train_acc 0.7708 | train_full n/a | val_acc 0.7917 | val_f1 0.7433 | adv/moduleC 0.00/0.12 | disc_steps 0 | grad(main/disc) 17.718/0.000 | lr(main/disc) 1.00e-04/3.20e-05 | cuda_peak(alloc/resv) 4.09/5.12GB | phase(train/val/raw/train_eval) 2.7/0.4/0.4/0.0s | 3.5s
2026-08-30 16:47:20 | New best val_f1_macro_present: raw=0.7433 stable_score=0.5792 at epoch 4
2026-08-30 16:47:24 | Epoch 005/060 | loss 1.9181 | cls 1.6082 | tal -0.0716 | dual_g 0.3314 | dual_d 0.0000 | train_acc 0.8167 | train_full 0.8796 | val_acc 0.8750 | val_f1 0.8420 | adv/moduleC 0.00/0.25 | disc_steps 0 | grad(main/disc) 15.741/0.000 | lr(main/disc) 1.00e-04/3.20e-05 | cuda_peak(alloc/resv) 4.09/5.12GB | phase(train/val/raw/train_eval) 2.6/0.4/0.4/0.7s | 4.2s
2026-08-30 16:47:28 | Epoch 006/060 | loss 1.7005 | cls 1.3049 | tal -0.0766 | dual_g 0.4187 | dual_d 0.8869 | train_acc 0.9229 | train_full n/a | val_acc 0.8417 | val_f1 0.8172 | adv/moduleC 0.07/0.38 | disc_steps 15 | grad(main/disc) 13.758/1.950 | lr(main/disc) 1.00e-04/3.20e-05 | cuda_peak(alloc/resv) 4.09/5.12GB | phase(train/val/raw/train_eval) 2.7/0.4/0.4/0.0s | 3.5s
2026-08-30 16:47:30 | New best val_f1_macro_present: raw=0.8172 stable_score=0.7433 at epoch 6
2026-08-30 16:47:34 | Epoch 007/060 | loss 1.7956 | cls 1.2892 | tal -0.0936 | dual_g 0.5346 | dual_d 0.8178 | train_acc 0.9229 | train_full n/a | val_acc 0.9000 | val_f1 0.8642 | adv/moduleC 0.13/0.50 | disc_steps 15 | grad(main/disc) 16.100/1.839 | lr(main/disc) 1.00e-04/3.20e-05 | cuda_peak(alloc/resv) 4.09/5.12GB | phase(train/val/raw/train_eval) 2.6/0.4/0.4/0.0s | 3.4s
2026-08-30 16:47:36 | New best val_f1_macro_present: raw=0.8642 stable_score=0.8172 at epoch 7
2026-08-30 16:47:39 | Epoch 008/060 | loss 1.8039 | cls 1.2032 | tal -0.0513 | dual_g 0.6161 | dual_d 0.8450 | train_acc 0.9313 | train_full n/a | val_acc 0.9417 | val_f1 0.9295 | adv/moduleC 0.20/0.62 | disc_steps 15 | grad(main/disc) 14.031/1.889 | lr(main/disc) 1.00e-04/3.20e-05 | cuda_peak(alloc/resv) 4.09/5.12GB | phase(train/val/raw/train_eval) 2.6/0.4/0.0/0.0s | 3.0s
2026-08-30 16:47:42 | Epoch 009/060 | loss 1.6506 | cls 1.0285 | tal -0.0997 | dual_g 0.6520 | dual_d 0.7784 | train_acc 0.9479 | train_full n/a | val_acc 0.9667 | val_f1 0.9528 | adv/moduleC 0.27/0.75 | disc_steps 15 | grad(main/disc) 11.659/1.744 | lr(main/disc) 1.00e-04/3.20e-05 | cuda_peak(alloc/resv) 4.09/5.12GB | phase(train/val/raw/train_eval) 2.7/0.4/0.4/0.0s | 3.5s
2026-08-30 16:47:44 | New best val_f1_macro_present: raw=0.9528 stable_score=0.8642 at epoch 9
2026-08-30 16:47:49 | Epoch 010/060 | loss 1.7310 | cls 0.9969 | tal -0.0351 | dual_g 0.7447 | dual_d 0.7947 | train_acc 0.9667 | train_full 0.9634 | val_acc 0.9083 | val_f1 0.8774 | adv/moduleC 0.33/0.88 | disc_steps 15 | grad(main/disc) 12.529/1.758 | lr(main/disc) 1.00e-04/3.20e-05 | cuda_peak(alloc/resv) 4.09/5.12GB | phase(train/val/raw/train_eval) 2.6/0.4/0.4/0.7s | 4.1s
2026-08-30 16:47:51 | New best val_f1_macro_present: raw=0.8774 stable_score=0.8774 at epoch 10
2026-08-30 16:47:54 | Epoch 011/060 | loss 1.7059 | cls 0.9285 | tal -0.0351 | dual_g 0.7879 | dual_d 0.7746 | train_acc 0.9854 | train_full n/a | val_acc 0.9667 | val_f1 0.9569 | adv/moduleC 0.40/1.00 | disc_steps 15 | grad(main/disc) 11.062/1.713 | lr(main/disc) 1.00e-04/3.20e-05 | cuda_peak(alloc/resv) 4.09/5.12GB | phase(train/val/raw/train_eval) 2.7/0.4/0.0/0.0s | 3.1s
2026-08-30 16:47:57 | Epoch 012/060 | loss 1.6805 | cls 0.9251 | tal -0.0379 | dual_g 0.7667 | dual_d 0.7873 | train_acc 0.9708 | train_full n/a | val_acc 0.9833 | val_f1 0.9714 | adv/moduleC 0.47/1.00 | disc_steps 15 | grad(main/disc) 11.112/1.717 | lr(main/disc) 1.00e-04/3.20e-05 | cuda_peak(alloc/resv) 4.09/5.12GB | phase(train/val/raw/train_eval) 2.7/0.4/0.0/0.0s | 3.1s
2026-08-30 16:48:00 | Epoch 013/060 | loss 1.6284 | cls 0.8817 | tal 0.0119 | dual_g 0.7432 | dual_d 0.7805 | train_acc 0.9854 | train_full n/a | val_acc 0.9750 | val_f1 0.9644 | adv/moduleC 0.53/1.00 | disc_steps 15 | grad(main/disc) 9.190/1.683 | lr(main/disc) 1.00e-04/3.20e-05 | cuda_peak(alloc/resv) 4.09/5.12GB | phase(train/val/raw/train_eval) 2.5/0.4/0.4/0.0s | 3.4s
2026-08-30 16:48:02 | New best val_f1_macro_present: raw=0.9644 stable_score=0.9569 at epoch 13
2026-08-30 16:48:06 | Epoch 014/060 | loss 1.5686 | cls 0.8671 | tal -0.0753 | dual_g 0.7241 | dual_d 0.8031 | train_acc 0.9792 | train_full n/a | val_acc 0.9500 | val_f1 0.9297 | adv/moduleC 0.60/1.00 | disc_steps 15 | grad(main/disc) 9.091/1.700 | lr(main/disc) 1.00e-04/3.20e-05 | cuda_peak(alloc/resv) 4.09/5.12GB | phase(train/val/raw/train_eval) 2.7/0.4/0.0/0.0s | 3.2s
2026-08-30 16:48:10 | Epoch 015/060 | loss 1.5505 | cls 0.8742 | tal -0.1075 | dual_g 0.7086 | dual_d 0.8366 | train_acc 0.9812 | train_full 0.9935 | val_acc 0.9750 | val_f1 0.9644 | adv/moduleC 0.67/1.00 | disc_steps 15 | grad(main/disc) 8.301/1.766 | lr(main/disc) 1.00e-04/3.20e-05 | cuda_peak(alloc/resv) 4.09/5.12GB | phase(train/val/raw/train_eval) 2.6/0.4/0.4/0.7s | 4.1s
2026-08-30 16:48:13 | Epoch 016/060 | loss 1.5457 | cls 0.8510 | tal -0.0924 | dual_g 0.7224 | dual_d 0.8665 | train_acc 0.9938 | train_full n/a | val_acc 0.9833 | val_f1 0.9714 | adv/moduleC 0.73/1.00 | disc_steps 15 | grad(main/disc) 8.958/1.743 | lr(main/disc) 1.00e-04/3.20e-05 | cuda_peak(alloc/resv) 4.09/5.12GB | phase(train/val/raw/train_eval) 2.6/0.4/0.0/0.0s | 3.0s
2026-08-30 16:48:16 | Epoch 017/060 | loss 1.4788 | cls 0.8076 | tal -0.0581 | dual_g 0.6886 | dual_d 0.8547 | train_acc 0.9979 | train_full n/a | val_acc 0.9833 | val_f1 0.9714 | adv/moduleC 0.80/1.00 | disc_steps 15 | grad(main/disc) 6.032/1.692 | lr(main/disc) 1.00e-04/3.20e-05 | cuda_peak(alloc/resv) 4.09/5.12GB | phase(train/val/raw/train_eval) 2.6/0.4/0.5/0.0s | 3.5s
2026-08-30 16:48:18 | New best val_f1_macro_present: raw=0.9714 stable_score=0.9644 at epoch 17
2026-08-30 16:48:21 | Epoch 018/060 | loss 1.4934 | cls 0.8320 | tal -0.1108 | dual_g 0.6945 | dual_d 0.9109 | train_acc 0.9917 | train_full n/a | val_acc 0.9750 | val_f1 0.9554 | adv/moduleC 0.87/1.00 | disc_steps 15 | grad(main/disc) 7.309/1.741 | lr(main/disc) 1.00e-04/3.20e-05 | cuda_peak(alloc/resv) 4.09/5.12GB | phase(train/val/raw/train_eval) 2.6/0.4/0.0/0.0s | 3.0s
2026-08-30 16:48:24 | Epoch 019/060 | loss 1.4162 | cls 0.8033 | tal -0.1667 | dual_g 0.6629 | dual_d 0.9336 | train_acc 0.9958 | train_full n/a | val_acc 0.9750 | val_f1 0.9644 | adv/moduleC 0.93/1.00 | disc_steps 15 | grad(main/disc) 5.175/1.747 | lr(main/disc) 1.00e-04/3.20e-05 | cuda_peak(alloc/resv) 4.09/5.12GB | phase(train/val/raw/train_eval) 2.6/0.4/0.0/0.0s | 3.0s
2026-08-30 16:48:29 | Epoch 020/060 | loss 1.3904 | cls 0.8000 | tal -0.2564 | dual_g 0.6674 | dual_d 0.9761 | train_acc 0.9917 | train_full 1.0000 | val_acc 0.9750 | val_f1 0.9554 | adv/moduleC 1.00/1.00 | disc_steps 15 | grad(main/disc) 5.068/1.793 | lr(main/disc) 1.00e-04/3.20e-05 | cuda_peak(alloc/resv) 4.09/5.12GB | phase(train/val/raw/train_eval) 2.9/0.4/0.4/0.7s | 4.4s
2026-08-30 16:48:32 | Epoch 021/060 | loss 1.4057 | cls 0.7815 | tal -0.1209 | dual_g 0.6604 | dual_d 1.0045 | train_acc 0.9979 | train_full n/a | val_acc 0.9750 | val_f1 0.9644 | adv/moduleC 1.00/1.00 | disc_steps 15 | grad(main/disc) 4.519/1.817 | lr(main/disc) 1.00e-04/3.20e-05 | cuda_peak(alloc/resv) 4.09/5.12GB | phase(train/val/raw/train_eval) 2.7/0.4/0.0/0.0s | 3.1s
2026-08-30 16:48:35 | Epoch 022/060 | loss 1.4349 | cls 0.7981 | tal -0.0662 | dual_g 0.6566 | dual_d 0.9665 | train_acc 1.0000 | train_full n/a | val_acc 0.9833 | val_f1 0.9757 | adv/moduleC 1.00/1.00 | disc_steps 15 | grad(main/disc) 5.605/1.737 | lr(main/disc) 1.00e-04/3.20e-05 | cuda_peak(alloc/resv) 4.09/5.12GB | phase(train/val/raw/train_eval) 2.6/0.4/0.0/0.0s | 3.0s
2026-08-30 16:48:38 | Epoch 023/060 | loss 1.4036 | cls 0.7901 | tal -0.1441 | dual_g 0.6567 | dual_d 0.9986 | train_acc 0.9979 | train_full n/a | val_acc 0.9833 | val_f1 0.9847 | adv/moduleC 1.00/1.00 | disc_steps 15 | grad(main/disc) 5.306/1.745 | lr(main/disc) 1.00e-04/3.20e-05 | cuda_peak(alloc/resv) 4.09/5.12GB | phase(train/val/raw/train_eval) 2.9/0.4/0.0/0.0s | 3.4s
2026-08-30 16:48:42 | Epoch 024/060 | loss 1.3642 | cls 0.7736 | tal -0.1921 | dual_g 0.6483 | dual_d 0.9542 | train_acc 1.0000 | train_full n/a | val_acc 0.9833 | val_f1 0.9757 | adv/moduleC 1.00/1.00 | disc_steps 15 | grad(main/disc) 4.672/1.707 | lr(main/disc) 1.00e-04/3.20e-05 | cuda_peak(alloc/resv) 4.09/5.12GB | phase(train/val/raw/train_eval) 2.8/0.4/0.4/0.0s | 3.7s
2026-08-30 16:48:44 | New best val_f1_macro_present: raw=0.9757 stable_score=0.9757 at epoch 24
2026-08-30 16:48:48 | Epoch 025/060 | loss 1.3488 | cls 0.7765 | tal -0.2403 | dual_g 0.6444 | dual_d 0.9545 | train_acc 0.9938 | train_full 0.9978 | val_acc 0.9833 | val_f1 0.9847 | adv/moduleC 1.00/1.00 | disc_steps 15 | grad(main/disc) 4.650/1.725 | lr(main/disc) 1.00e-04/3.20e-05 | cuda_peak(alloc/resv) 4.09/5.12GB | phase(train/val/raw/train_eval) 2.7/0.4/0.4/0.7s | 4.2s
2026-08-30 16:48:51 | Epoch 026/060 | loss 1.3381 | cls 0.7706 | tal -0.2355 | dual_g 0.6381 | dual_d 0.9224 | train_acc 1.0000 | train_full n/a | val_acc 0.9833 | val_f1 0.9847 | adv/moduleC 1.00/1.00 | disc_steps 15 | grad(main/disc) 4.443/1.657 | lr(main/disc) 1.00e-04/3.20e-05 | cuda_peak(alloc/resv) 4.09/5.12GB | phase(train/val/raw/train_eval) 2.7/0.4/0.0/0.0s | 3.1s
2026-08-30 16:48:55 | Epoch 027/060 | loss 1.3639 | cls 0.7741 | tal -0.1879 | dual_g 0.6463 | dual_d 0.9771 | train_acc 1.0000 | train_full n/a | val_acc 0.9833 | val_f1 0.9847 | adv/moduleC 1.00/1.00 | disc_steps 15 | grad(main/disc) 4.604/1.666 | lr(main/disc) 1.00e-04/3.20e-05 | cuda_peak(alloc/resv) 4.09/5.12GB | phase(train/val/raw/train_eval) 2.8/0.4/0.4/0.0s | 3.6s
2026-08-30 16:48:57 | New best val_f1_macro_present: raw=0.9847 stable_score=0.9847 at epoch 27
2026-08-30 16:49:00 | Epoch 028/060 | loss 1.2962 | cls 0.7560 | tal -0.2832 | dual_g 0.6252 | dual_d 0.9429 | train_acc 0.9958 | train_full n/a | val_acc 0.9833 | val_f1 0.9847 | adv/moduleC 1.00/1.00 | disc_steps 15 | grad(main/disc) 2.978/1.636 | lr(main/disc) 1.00e-04/3.20e-05 | cuda_peak(alloc/resv) 4.09/5.12GB | phase(train/val/raw/train_eval) 2.6/0.4/0.0/0.0s | 3.0s
2026-08-30 16:49:03 | Epoch 029/060 | loss 1.3072 | cls 0.7649 | tal -0.2952 | dual_g 0.6309 | dual_d 0.9313 | train_acc 0.9958 | train_full n/a | val_acc 0.9833 | val_f1 0.9847 | adv/moduleC 1.00/1.00 | disc_steps 15 | grad(main/disc) 3.725/1.611 | lr(main/disc) 1.00e-04/3.20e-05 | cuda_peak(alloc/resv) 4.09/5.12GB | phase(train/val/raw/train_eval) 2.6/0.4/0.0/0.0s | 3.0s
2026-08-30 16:49:07 | Epoch 030/060 | loss 1.2916 | cls 0.7586 | tal -0.3239 | dual_g 0.6302 | dual_d 0.8996 | train_acc 0.9979 | train_full 1.0000 | val_acc 0.9833 | val_f1 0.9847 | adv/moduleC 1.00/1.00 | disc_steps 15 | grad(main/disc) 3.960/1.543 | lr(main/disc) 1.00e-04/3.20e-05 | cuda_peak(alloc/resv) 4.09/5.12GB | phase(train/val/raw/train_eval) 2.5/0.4/0.4/0.7s | 4.1s
2026-08-30 16:49:10 | Epoch 031/060 | loss 1.2915 | cls 0.7557 | tal -0.2873 | dual_g 0.6219 | dual_d 0.9458 | train_acc 0.9958 | train_full n/a | val_acc 0.9833 | val_f1 0.9714 | adv/moduleC 1.00/1.00 | disc_steps 15 | grad(main/disc) 3.777/1.598 | lr(main/disc) 1.00e-04/3.20e-05 | cuda_peak(alloc/resv) 4.09/5.12GB | phase(train/val/raw/train_eval) 2.6/0.4/0.0/0.0s | 3.0s
2026-08-30 16:49:13 | Epoch 032/060 | loss 1.2636 | cls 0.7471 | tal -0.3237 | dual_g 0.6136 | dual_d 0.9172 | train_acc 0.9938 | train_full n/a | val_acc 0.9833 | val_f1 0.9847 | adv/moduleC 1.00/1.00 | disc_steps 15 | grad(main/disc) 3.326/1.565 | lr(main/disc) 1.00e-04/3.20e-05 | cuda_peak(alloc/resv) 4.09/5.12GB | phase(train/val/raw/train_eval) 2.6/0.4/0.0/0.0s | 3.0s
2026-08-30 16:49:17 | Epoch 033/060 | loss 1.3210 | cls 0.7440 | tal -0.1055 | dual_g 0.6086 | dual_d 0.9364 | train_acc 0.9979 | train_full n/a | val_acc 0.9833 | val_f1 0.9847 | adv/moduleC 1.00/1.00 | disc_steps 15 | grad(main/disc) 3.080/1.552 | lr(main/disc) 1.00e-04/3.20e-05 | cuda_peak(alloc/resv) 4.09/5.12GB | phase(train/val/raw/train_eval) 2.6/0.4/0.0/0.0s | 3.0s
2026-08-30 16:49:20 | Epoch 034/060 | loss 1.3098 | cls 0.7408 | tal -0.1423 | dual_g 0.6117 | dual_d 0.9372 | train_acc 1.0000 | train_full n/a | val_acc 0.9917 | val_f1 0.9917 | adv/moduleC 1.00/1.00 | disc_steps 15 | grad(main/disc) 2.655/1.544 | lr(main/disc) 1.00e-04/3.20e-05 | cuda_peak(alloc/resv) 4.09/5.12GB | phase(train/val/raw/train_eval) 2.9/0.4/0.0/0.0s | 3.3s
2026-08-30 16:49:24 | Epoch 035/060 | loss 1.2910 | cls 0.7313 | tal -0.1339 | dual_g 0.5999 | dual_d 0.9017 | train_acc 1.0000 | train_full 1.0000 | val_acc 0.9917 | val_f1 0.9917 | adv/moduleC 1.00/1.00 | disc_steps 15 | grad(main/disc) 2.323/1.524 | lr(main/disc) 1.00e-04/3.20e-05 | cuda_peak(alloc/resv) 4.09/5.12GB | phase(train/val/raw/train_eval) 2.6/0.5/0.4/0.7s | 4.2s
2026-08-30 16:49:28 | Epoch 036/060 | loss 1.2588 | cls 0.7314 | tal -0.2293 | dual_g 0.5962 | dual_d 0.9241 | train_acc 0.9979 | train_full n/a | val_acc 0.9917 | val_f1 0.9917 | adv/moduleC 1.00/1.00 | disc_steps 15 | grad(main/disc) 2.274/1.520 | lr(main/disc) 1.00e-04/3.20e-05 | cuda_peak(alloc/resv) 4.09/5.12GB | phase(train/val/raw/train_eval) 2.7/0.4/0.4/0.0s | 3.5s
2026-08-30 16:49:30 | New best val_f1_macro_present: raw=0.9917 stable_score=0.9917 at epoch 36
2026-08-30 16:49:33 | Epoch 037/060 | loss 1.3032 | cls 0.7374 | tal -0.1122 | dual_g 0.5995 | dual_d 0.9257 | train_acc 0.9958 | train_full n/a | val_acc 0.9917 | val_f1 0.9827 | adv/moduleC 1.00/1.00 | disc_steps 15 | grad(main/disc) 2.789/1.507 | lr(main/disc) 1.00e-04/3.20e-05 | cuda_peak(alloc/resv) 4.09/5.12GB | phase(train/val/raw/train_eval) 2.7/0.4/0.0/0.0s | 3.1s
2026-08-30 16:49:36 | Epoch 038/060 | loss 1.2915 | cls 0.7300 | tal -0.1337 | dual_g 0.6016 | dual_d 0.9003 | train_acc 1.0000 | train_full n/a | val_acc 0.9833 | val_f1 0.9847 | adv/moduleC 1.00/1.00 | disc_steps 15 | grad(main/disc) 2.418/1.446 | lr(main/disc) 1.00e-04/3.20e-05 | cuda_peak(alloc/resv) 4.09/5.12GB | phase(train/val/raw/train_eval) 2.7/0.4/0.0/0.0s | 3.1s
2026-08-30 16:49:39 | Epoch 039/060 | loss 1.2497 | cls 0.7208 | tal -0.2112 | dual_g 0.5923 | dual_d 0.8948 | train_acc 1.0000 | train_full n/a | val_acc 0.9917 | val_f1 0.9930 | adv/moduleC 1.00/1.00 | disc_steps 15 | grad(main/disc) 1.982/1.440 | lr(main/disc) 1.00e-04/3.20e-05 | cuda_peak(alloc/resv) 4.09/5.12GB | phase(train/val/raw/train_eval) 2.7/0.4/0.0/0.0s | 3.1s
2026-08-30 16:49:43 | Epoch 040/060 | loss 1.2452 | cls 0.7361 | tal -0.2755 | dual_g 0.5918 | dual_d 0.9034 | train_acc 0.9979 | train_full 1.0000 | val_acc 0.9917 | val_f1 0.9917 | adv/moduleC 1.00/1.00 | disc_steps 15 | grad(main/disc) 2.263/1.458 | lr(main/disc) 1.00e-04/3.20e-05 | cuda_peak(alloc/resv) 4.09/5.12GB | phase(train/val/raw/train_eval) 2.7/0.4/0.4/0.7s | 4.2s
2026-08-30 16:49:46 | Epoch 041/060 | loss 1.2196 | cls 0.7263 | tal -0.3156 | dual_g 0.5880 | dual_d 0.8895 | train_acc 1.0000 | train_full n/a | val_acc 0.9833 | val_f1 0.9847 | adv/moduleC 1.00/1.00 | disc_steps 15 | grad(main/disc) 2.330/1.421 | lr(main/disc) 1.00e-04/3.20e-05 | cuda_peak(alloc/resv) 4.09/5.12GB | phase(train/val/raw/train_eval) 2.6/0.4/0.0/0.0s | 3.0s
2026-08-30 16:49:49 | Epoch 042/060 | loss 1.2169 | cls 0.7271 | tal -0.3314 | dual_g 0.5891 | dual_d 0.8686 | train_acc 0.9979 | train_full n/a | val_acc 0.9833 | val_f1 0.9757 | adv/moduleC 1.00/1.00 | disc_steps 15 | grad(main/disc) 2.008/1.405 | lr(main/disc) 1.00e-04/3.20e-05 | cuda_peak(alloc/resv) 4.09/5.12GB | phase(train/val/raw/train_eval) 2.7/0.4/0.0/0.0s | 3.1s
2026-08-30 16:49:52 | Epoch 043/060 | loss 1.2172 | cls 0.7347 | tal -0.3796 | dual_g 0.5964 | dual_d 0.9145 | train_acc 0.9979 | train_full n/a | val_acc 0.9917 | val_f1 0.9917 | adv/moduleC 1.00/1.00 | disc_steps 15 | grad(main/disc) 2.875/1.432 | lr(main/disc) 1.00e-04/3.20e-05 | cuda_peak(alloc/resv) 4.09/5.12GB | phase(train/val/raw/train_eval) 2.6/0.4/0.0/0.0s | 3.0s
2026-08-30 16:49:55 | Epoch 044/060 | loss 1.1818 | cls 0.7179 | tal -0.3988 | dual_g 0.5836 | dual_d 0.9050 | train_acc 1.0000 | train_full n/a | val_acc 0.9917 | val_f1 0.9917 | adv/moduleC 1.00/1.00 | disc_steps 15 | grad(main/disc) 1.727/1.449 | lr(main/disc) 1.00e-04/3.20e-05 | cuda_peak(alloc/resv) 4.09/5.12GB | phase(train/val/raw/train_eval) 2.7/0.5/0.0/0.0s | 3.1s
2026-08-30 16:50:00 | Epoch 045/060 | loss 1.2551 | cls 0.7279 | tal -0.2277 | dual_g 0.5954 | dual_d 0.8826 | train_acc 0.9958 | train_full 1.0000 | val_acc 0.9917 | val_f1 0.9917 | adv/moduleC 1.00/1.00 | disc_steps 15 | grad(main/disc) 2.654/1.409 | lr(main/disc) 1.00e-04/3.20e-05 | cuda_peak(alloc/resv) 4.09/5.12GB | phase(train/val/raw/train_eval) 2.6/0.4/0.4/0.7s | 4.1s
2026-08-30 16:50:03 | Epoch 046/060 | loss 1.2669 | cls 0.7261 | tal -0.1782 | dual_g 0.5942 | dual_d 0.8547 | train_acc 0.9938 | train_full n/a | val_acc 0.9833 | val_f1 0.9847 | adv/moduleC 1.00/1.00 | disc_steps 15 | grad(main/disc) 2.822/1.370 | lr(main/disc) 1.00e-04/3.20e-05 | cuda_peak(alloc/resv) 4.09/5.12GB | phase(train/val/raw/train_eval) 2.7/0.4/0.0/0.0s | 3.1s
2026-08-30 16:50:06 | Epoch 047/060 | loss 1.2390 | cls 0.7166 | tal -0.1971 | dual_g 0.5815 | dual_d 0.8581 | train_acc 1.0000 | train_full n/a | val_acc 0.9917 | val_f1 0.9917 | adv/moduleC 1.00/1.00 | disc_steps 15 | grad(main/disc) 1.599/1.356 | lr(main/disc) 1.00e-04/3.20e-05 | cuda_peak(alloc/resv) 4.09/5.12GB | phase(train/val/raw/train_eval) 2.7/0.4/0.0/0.0s | 3.2s
2026-08-30 16:50:09 | Epoch 048/060 | loss 1.2055 | cls 0.7214 | tal -0.3215 | dual_g 0.5806 | dual_d 0.8473 | train_acc 0.9958 | train_full n/a | val_acc 0.9833 | val_f1 0.9847 | adv/moduleC 1.00/1.00 | disc_steps 15 | grad(main/disc) 2.056/1.308 | lr(main/disc) 5.00e-05/1.60e-05 | cuda_peak(alloc/resv) 4.09/5.12GB | phase(train/val/raw/train_eval) 2.7/0.4/0.0/0.0s | 3.1s
2026-08-30 16:50:12 | Epoch 049/060 | loss 1.2210 | cls 0.7185 | tal -0.2437 | dual_g 0.5756 | dual_d 0.8533 | train_acc 1.0000 | train_full n/a | val_acc 0.9833 | val_f1 0.9847 | adv/moduleC 1.00/1.00 | disc_steps 15 | grad(main/disc) 2.007/1.316 | lr(main/disc) 5.00e-05/1.60e-05 | cuda_peak(alloc/resv) 4.09/5.12GB | phase(train/val/raw/train_eval) 2.6/0.4/0.0/0.0s | 3.1s
2026-08-30 16:50:16 | Epoch 050/060 | loss 1.2059 | cls 0.7149 | tal -0.2881 | dual_g 0.5774 | dual_d 0.8513 | train_acc 1.0000 | train_full 1.0000 | val_acc 0.9833 | val_f1 0.9847 | adv/moduleC 1.00/1.00 | disc_steps 15 | grad(main/disc) 1.724/1.300 | lr(main/disc) 5.00e-05/1.60e-05 | cuda_peak(alloc/resv) 4.09/5.12GB | phase(train/val/raw/train_eval) 2.7/0.4/0.4/0.7s | 4.2s
2026-08-30 16:50:19 | Epoch 051/060 | loss 1.2064 | cls 0.7161 | tal -0.2956 | dual_g 0.5789 | dual_d 0.8522 | train_acc 0.9979 | train_full n/a | val_acc 0.9833 | val_f1 0.9847 | adv/moduleC 1.00/1.00 | disc_steps 15 | grad(main/disc) 2.001/1.302 | lr(main/disc) 5.00e-05/1.60e-05 | cuda_peak(alloc/resv) 4.09/5.12GB | phase(train/val/raw/train_eval) 2.8/0.4/0.0/0.0s | 3.2s
2026-08-30 16:50:19 | Early stopping at epoch 51 after 15 epochs without val_f1_macro_present improvement.
2026-08-30 16:50:19 | Training complete. Peak validation accuracy: 0.9917 | selected val_f1_macro_present: 0.9917
