2026-08-29 17:52:58 | Starting Dual_D standalone training
2026-08-29 17:52:58 | Run directory: runs/module_c_ablation_60_v7/module_c_20260829_145907/module_c_no_prototype_contrastive_黑天_20260829_174252
2026-08-29 17:52:58 | Device: cuda
2026-08-29 17:52:58 | Source train samples: 992
2026-08-29 17:52:58 | Target train samples: 465
2026-08-29 17:52:58 | Target val samples: 120
2026-08-29 17:52:58 | Classes: 14
2026-08-29 17:52:58 | Data audit: same_dir=False | path_overlap(vis/ir/ais)=0/0/0 | content_overlap(vis/ir/ais)=0/0/0 | ais_index_overlap=0 | stem_mismatch(vis-ir/vis-ais)=578/0
2026-08-29 17:52:58 | source_train classes: present 14/14 | absent 0 | counts [0:120, 1:44, 2:69, 3:45, 4:40, 5:30, 6:64, 7:80, 8:116, 9:68, 10:57, 11:83, 12:48, 13:128]
2026-08-29 17:52:58 | target_train classes: present 8/14 | absent 6 | counts [0:100, 2:11, 3:16, 6:89, 9:162, 10:12, 11:44, 13:31]
2026-08-29 17:52:58 | target_val classes: present 8/14 | absent 6 | counts [0:26, 2:3, 3:5, 6:23, 9:41, 10:3, 11:11, 13:8]
2026-08-29 17:52:58 | Paired training classes: 8/14 | class ids [0, 2, 3, 6, 9, 10, 11, 13]
2026-08-29 17:52:58 | Runtime profile: batch=92 | paired_steps=6 | workers=16 | train_eval_every=5 | raw_eval_every=5 | stability_window=1 | lr_scheduler_start=24 | early_stop=15 after min_epoch=48
2026-08-29 17:52:58 | VIS/IR pairing: class-level-unpaired | count-mismatch classes train/val: 10/0 | AIS alignment: none | AIS rows train/val: 0/0
2026-08-29 17:52:59 | Effective Dual-D loss weights: {"adv_auxiliary": 0.03, "adv_primary": 0.03, "classification": 0.6, "contrastive": 0.05, "cycle": 0.22, "identity": 0.035, "prototype_contrastive": 0.0}
2026-08-29 17:52:59 | Model parameters: total=17277714 | trainable=17120210
2026-08-29 17:53:05 | Epoch 001/060 | loss 5.8256 | cls 5.7375 | tal 0.2936 | dual_g 0.0000 | dual_d 0.0000 | train_acc 0.0942 | train_full 0.2000 | val_acc 0.2250 | val_f1 0.0968 | adv/moduleC 0.00/0.00 | disc_steps 0 | grad(main/disc) 15.719/0.000 | lr(main/disc) 7.50e-05/3.00e-05 | cuda_peak(alloc/resv) 21.77/28.18GB | phase(train/val/raw/train_eval) 4.1/0.6/0.6/0.8s | 6.1s
2026-08-29 17:53:08 | New best val_f1_macro_present: raw=0.0968 stable_score=0.0968 at epoch 1
2026-08-29 17:53:12 | Epoch 002/060 | loss 4.4103 | cls 4.3902 | tal 0.0668 | dual_g 0.0000 | dual_d 0.0000 | train_acc 0.2192 | train_full n/a | val_acc 0.1333 | val_f1 0.0681 | adv/moduleC 0.00/0.00 | disc_steps 0 | grad(main/disc) 11.734/0.000 | lr(main/disc) 7.50e-05/3.00e-05 | cuda_peak(alloc/resv) 21.77/28.18GB | phase(train/val/raw/train_eval) 3.3/0.6/0.0/0.0s | 3.9s
2026-08-29 17:53:16 | Epoch 003/060 | loss 3.8048 | cls 3.8105 | tal -0.0190 | dual_g 0.0000 | dual_d 0.0000 | train_acc 0.3478 | train_full n/a | val_acc 0.0917 | val_f1 0.0599 | adv/moduleC 0.00/0.00 | disc_steps 0 | grad(main/disc) 10.120/0.000 | lr(main/disc) 7.50e-05/3.00e-05 | cuda_peak(alloc/resv) 21.77/28.18GB | phase(train/val/raw/train_eval) 3.4/0.6/0.0/0.0s | 4.0s
2026-08-29 17:53:21 | Epoch 004/060 | loss 3.6926 | cls 3.3962 | tal -0.0488 | dual_g 0.3109 | dual_d 0.0000 | train_acc 0.4547 | train_full n/a | val_acc 0.1667 | val_f1 0.1594 | adv/moduleC 0.00/0.12 | disc_steps 0 | grad(main/disc) 9.996/0.000 | lr(main/disc) 7.50e-05/3.00e-05 | cuda_peak(alloc/resv) 21.77/28.18GB | phase(train/val/raw/train_eval) 3.7/0.6/0.6/0.0s | 4.9s
2026-08-29 17:53:24 | New best val_f1_macro_present: raw=0.1594 stable_score=0.1594 at epoch 4
2026-08-29 17:53:29 | Epoch 005/060 | loss 3.4858 | cls 2.9653 | tal -0.1082 | dual_g 0.5530 | dual_d 0.0000 | train_acc 0.5525 | train_full 0.2559 | val_acc 0.2667 | val_f1 0.3909 | adv/moduleC 0.00/0.25 | disc_steps 0 | grad(main/disc) 9.139/0.000 | lr(main/disc) 7.50e-05/3.00e-05 | cuda_peak(alloc/resv) 21.77/28.18GB | phase(train/val/raw/train_eval) 3.3/0.6/0.6/0.9s | 5.3s
2026-08-29 17:53:32 | New best val_f1_macro_present: raw=0.3909 stable_score=0.3909 at epoch 5
2026-08-29 17:53:37 | Epoch 006/060 | loss 3.5099 | cls 2.7653 | tal -0.0957 | dual_g 0.7732 | dual_d 0.8970 | train_acc 0.5888 | train_full n/a | val_acc 0.3333 | val_f1 0.4747 | adv/moduleC 0.07/0.38 | disc_steps 3 | grad(main/disc) 9.502/1.609 | lr(main/disc) 7.50e-05/3.00e-05 | cuda_peak(alloc/resv) 21.77/28.18GB | phase(train/val/raw/train_eval) 3.8/0.6/0.6/0.0s | 5.1s
2026-08-29 17:53:40 | New best val_f1_macro_present: raw=0.4747 stable_score=0.4747 at epoch 6
2026-08-29 17:53:45 | Epoch 007/060 | loss 3.5737 | cls 2.6253 | tal -0.1180 | dual_g 0.9839 | dual_d 0.9075 | train_acc 0.6649 | train_full n/a | val_acc 0.4917 | val_f1 0.6057 | adv/moduleC 0.13/0.50 | disc_steps 3 | grad(main/disc) 10.536/1.648 | lr(main/disc) 7.50e-05/3.00e-05 | cuda_peak(alloc/resv) 21.77/28.18GB | phase(train/val/raw/train_eval) 4.0/0.6/0.6/0.0s | 5.2s
2026-08-29 17:53:48 | New best val_f1_macro_present: raw=0.6057 stable_score=0.6057 at epoch 7
2026-08-29 17:53:53 | Epoch 008/060 | loss 3.4765 | cls 2.3641 | tal -0.0728 | dual_g 1.1342 | dual_d 0.8636 | train_acc 0.7083 | train_full n/a | val_acc 0.6917 | val_f1 0.6978 | adv/moduleC 0.20/0.62 | disc_steps 3 | grad(main/disc) 11.297/1.529 | lr(main/disc) 7.50e-05/3.00e-05 | cuda_peak(alloc/resv) 21.77/28.18GB | phase(train/val/raw/train_eval) 3.7/0.6/0.6/0.0s | 4.9s
2026-08-29 17:53:56 | New best val_f1_macro_present: raw=0.6978 stable_score=0.6978 at epoch 8
2026-08-29 17:54:00 | Epoch 009/060 | loss 3.3463 | cls 2.1474 | tal -0.0671 | dual_g 1.2191 | dual_d 0.8477 | train_acc 0.7428 | train_full n/a | val_acc 0.8083 | val_f1 0.7798 | adv/moduleC 0.27/0.75 | disc_steps 3 | grad(main/disc) 11.199/1.476 | lr(main/disc) 7.50e-05/3.00e-05 | cuda_peak(alloc/resv) 21.77/28.18GB | phase(train/val/raw/train_eval) 3.3/0.6/0.6/0.0s | 4.5s
2026-08-29 17:54:03 | New best val_f1_macro_present: raw=0.7798 stable_score=0.7798 at epoch 9
2026-08-29 17:54:09 | Epoch 010/060 | loss 3.3463 | cls 2.0244 | tal -0.0250 | dual_g 1.3294 | dual_d 0.8403 | train_acc 0.7754 | train_full 0.7032 | val_acc 0.7083 | val_f1 0.6674 | adv/moduleC 0.33/0.88 | disc_steps 3 | grad(main/disc) 11.034/1.464 | lr(main/disc) 7.50e-05/3.00e-05 | cuda_peak(alloc/resv) 21.77/28.18GB | phase(train/val/raw/train_eval) 3.7/0.6/0.6/0.8s | 5.8s
2026-08-29 17:54:13 | Epoch 011/060 | loss 3.3586 | cls 1.8742 | tal -0.0052 | dual_g 1.4859 | dual_d 0.8167 | train_acc 0.8243 | train_full n/a | val_acc 0.8167 | val_f1 0.7710 | adv/moduleC 0.40/1.00 | disc_steps 3 | grad(main/disc) 13.825/1.422 | lr(main/disc) 7.50e-05/3.00e-05 | cuda_peak(alloc/resv) 21.77/28.18GB | phase(train/val/raw/train_eval) 3.7/0.6/0.0/0.0s | 4.3s
2026-08-29 17:54:18 | Epoch 012/060 | loss 3.1883 | cls 1.8167 | tal -0.0617 | dual_g 1.3901 | dual_d 0.8103 | train_acc 0.8351 | train_full n/a | val_acc 0.8333 | val_f1 0.8130 | adv/moduleC 0.47/1.00 | disc_steps 3 | grad(main/disc) 10.645/1.354 | lr(main/disc) 7.50e-05/3.00e-05 | cuda_peak(alloc/resv) 21.77/28.18GB | phase(train/val/raw/train_eval) 3.8/0.6/0.6/0.0s | 5.0s
2026-08-29 17:54:21 | New best val_f1_macro_present: raw=0.8130 stable_score=0.8130 at epoch 12
2026-08-29 17:54:26 | Epoch 013/060 | loss 2.9702 | cls 1.6967 | tal -0.0404 | dual_g 1.2857 | dual_d 0.8391 | train_acc 0.8678 | train_full n/a | val_acc 0.8500 | val_f1 0.8207 | adv/moduleC 0.53/1.00 | disc_steps 3 | grad(main/disc) 9.953/1.382 | lr(main/disc) 7.50e-05/3.00e-05 | cuda_peak(alloc/resv) 21.77/28.18GB | phase(train/val/raw/train_eval) 3.4/0.6/0.6/0.0s | 4.5s
2026-08-29 17:54:28 | New best val_f1_macro_present: raw=0.8207 stable_score=0.8207 at epoch 13
2026-08-29 17:54:33 | Epoch 014/060 | loss 2.9528 | cls 1.6784 | tal -0.0352 | dual_g 1.2850 | dual_d 0.8293 | train_acc 0.8877 | train_full n/a | val_acc 0.8500 | val_f1 0.8230 | adv/moduleC 0.60/1.00 | disc_steps 3 | grad(main/disc) 10.009/1.292 | lr(main/disc) 7.50e-05/3.00e-05 | cuda_peak(alloc/resv) 21.77/28.18GB | phase(train/val/raw/train_eval) 3.4/0.6/0.6/0.0s | 4.6s
2026-08-29 17:54:36 | New best val_f1_macro_present: raw=0.8230 stable_score=0.8230 at epoch 14
2026-08-29 17:54:42 | Epoch 015/060 | loss 2.8810 | cls 1.6298 | tal -0.0445 | dual_g 1.2645 | dual_d 0.8375 | train_acc 0.8822 | train_full 0.8774 | val_acc 0.8917 | val_f1 0.8629 | adv/moduleC 0.67/1.00 | disc_steps 3 | grad(main/disc) 10.944/1.350 | lr(main/disc) 7.50e-05/3.00e-05 | cuda_peak(alloc/resv) 21.77/28.18GB | phase(train/val/raw/train_eval) 3.7/0.6/0.6/0.9s | 5.7s
2026-08-29 17:54:45 | New best val_f1_macro_present: raw=0.8629 stable_score=0.8629 at epoch 15
2026-08-29 17:54:50 | Epoch 016/060 | loss 2.7892 | cls 1.5824 | tal -0.0339 | dual_g 1.2170 | dual_d 0.8233 | train_acc 0.9004 | train_full n/a | val_acc 0.9083 | val_f1 0.8878 | adv/moduleC 0.73/1.00 | disc_steps 3 | grad(main/disc) 10.868/1.311 | lr(main/disc) 7.50e-05/3.00e-05 | cuda_peak(alloc/resv) 21.77/28.18GB | phase(train/val/raw/train_eval) 3.7/0.6/0.6/0.0s | 4.9s
2026-08-29 17:54:53 | New best val_f1_macro_present: raw=0.8878 stable_score=0.8878 at epoch 16
2026-08-29 17:54:57 | Epoch 017/060 | loss 2.7208 | cls 1.5466 | tal -0.0715 | dual_g 1.1956 | dual_d 0.7950 | train_acc 0.9185 | train_full n/a | val_acc 0.9250 | val_f1 0.8998 | adv/moduleC 0.80/1.00 | disc_steps 3 | grad(main/disc) 10.883/1.265 | lr(main/disc) 7.50e-05/3.00e-05 | cuda_peak(alloc/resv) 21.77/28.18GB | phase(train/val/raw/train_eval) 3.6/0.6/0.6/0.0s | 4.8s
2026-08-29 17:55:00 | New best val_f1_macro_present: raw=0.8998 stable_score=0.8998 at epoch 17
2026-08-29 17:55:04 | Epoch 018/060 | loss 2.5791 | cls 1.4558 | tal -0.0378 | dual_g 1.1347 | dual_d 0.8144 | train_acc 0.9275 | train_full n/a | val_acc 0.8917 | val_f1 0.8768 | adv/moduleC 0.87/1.00 | disc_steps 3 | grad(main/disc) 8.381/1.271 | lr(main/disc) 7.50e-05/3.00e-05 | cuda_peak(alloc/resv) 21.77/28.18GB | phase(train/val/raw/train_eval) 3.4/0.6/0.0/0.0s | 4.0s
2026-08-29 17:55:08 | Epoch 019/060 | loss 2.5303 | cls 1.4231 | tal -0.0434 | dual_g 1.1202 | dual_d 0.8303 | train_acc 0.9257 | train_full n/a | val_acc 0.9083 | val_f1 0.8928 | adv/moduleC 0.93/1.00 | disc_steps 3 | grad(main/disc) 7.976/1.275 | lr(main/disc) 7.50e-05/3.00e-05 | cuda_peak(alloc/resv) 21.77/28.18GB | phase(train/val/raw/train_eval) 3.4/0.6/0.0/0.0s | 4.0s
2026-08-29 17:55:14 | Epoch 020/060 | loss 2.5321 | cls 1.4222 | tal -0.0015 | dual_g 1.1104 | dual_d 0.8352 | train_acc 0.9529 | train_full 0.9548 | val_acc 0.9000 | val_f1 0.8817 | adv/moduleC 1.00/1.00 | disc_steps 3 | grad(main/disc) 8.276/1.257 | lr(main/disc) 7.50e-05/3.00e-05 | cuda_peak(alloc/resv) 21.77/28.18GB | phase(train/val/raw/train_eval) 3.4/0.6/0.6/0.9s | 5.5s
2026-08-29 17:55:18 | Epoch 021/060 | loss 2.4267 | cls 1.3889 | tal -0.0732 | dual_g 1.0598 | dual_d 0.8252 | train_acc 0.9620 | train_full n/a | val_acc 0.9000 | val_f1 0.8740 | adv/moduleC 1.00/1.00 | disc_steps 3 | grad(main/disc) 7.985/1.245 | lr(main/disc) 7.50e-05/3.00e-05 | cuda_peak(alloc/resv) 21.77/28.18GB | phase(train/val/raw/train_eval) 3.4/0.6/0.0/0.0s | 4.0s
2026-08-29 17:55:22 | Epoch 022/060 | loss 2.3761 | cls 1.3380 | tal -0.0393 | dual_g 1.0498 | dual_d 0.8205 | train_acc 0.9710 | train_full n/a | val_acc 0.9167 | val_f1 0.9141 | adv/moduleC 1.00/1.00 | disc_steps 3 | grad(main/disc) 6.334/1.243 | lr(main/disc) 7.50e-05/3.00e-05 | cuda_peak(alloc/resv) 21.77/28.18GB | phase(train/val/raw/train_eval) 3.5/0.6/0.6/0.0s | 4.7s
2026-08-29 17:55:25 | New best val_f1_macro_present: raw=0.9141 stable_score=0.9141 at epoch 22
2026-08-29 17:55:29 | Epoch 023/060 | loss 2.3459 | cls 1.3397 | tal -0.0857 | dual_g 1.0319 | dual_d 0.8837 | train_acc 0.9656 | train_full n/a | val_acc 0.9167 | val_f1 0.8902 | adv/moduleC 1.00/1.00 | disc_steps 3 | grad(main/disc) 6.701/1.297 | lr(main/disc) 7.50e-05/3.00e-05 | cuda_peak(alloc/resv) 21.77/28.18GB | phase(train/val/raw/train_eval) 3.6/0.6/0.0/0.0s | 4.2s
2026-08-29 17:55:34 | Epoch 024/060 | loss 2.3215 | cls 1.3044 | tal -0.0948 | dual_g 1.0456 | dual_d 0.8748 | train_acc 0.9620 | train_full n/a | val_acc 0.9500 | val_f1 0.9166 | adv/moduleC 1.00/1.00 | disc_steps 3 | grad(main/disc) 7.072/1.261 | lr(main/disc) 7.50e-05/3.00e-05 | cuda_peak(alloc/resv) 21.77/28.18GB | phase(train/val/raw/train_eval) 3.3/0.6/0.6/0.0s | 4.5s
2026-08-29 17:55:37 | New best val_f1_macro_present: raw=0.9166 stable_score=0.9166 at epoch 24
2026-08-29 17:55:42 | Epoch 025/060 | loss 2.2948 | cls 1.3066 | tal -0.1055 | dual_g 1.0199 | dual_d 0.9091 | train_acc 0.9746 | train_full 0.9720 | val_acc 0.9250 | val_f1 0.9022 | adv/moduleC 1.00/1.00 | disc_steps 3 | grad(main/disc) 5.980/1.283 | lr(main/disc) 7.50e-05/3.00e-05 | cuda_peak(alloc/resv) 21.77/28.18GB | phase(train/val/raw/train_eval) 3.6/0.6/0.6/0.9s | 5.7s
2026-08-29 17:55:46 | Epoch 026/060 | loss 2.2892 | cls 1.3049 | tal -0.1427 | dual_g 1.0271 | dual_d 0.8838 | train_acc 0.9764 | train_full n/a | val_acc 0.9333 | val_f1 0.9144 | adv/moduleC 1.00/1.00 | disc_steps 3 | grad(main/disc) 8.077/1.269 | lr(main/disc) 7.50e-05/3.00e-05 | cuda_peak(alloc/resv) 21.77/28.18GB | phase(train/val/raw/train_eval) 3.3/0.6/0.0/0.0s | 3.9s
2026-08-29 17:55:51 | Epoch 027/060 | loss 2.2085 | cls 1.2495 | tal -0.1135 | dual_g 0.9931 | dual_d 0.8923 | train_acc 0.9837 | train_full n/a | val_acc 0.9250 | val_f1 0.8968 | adv/moduleC 1.00/1.00 | disc_steps 3 | grad(main/disc) 5.106/1.280 | lr(main/disc) 7.50e-05/3.00e-05 | cuda_peak(alloc/resv) 21.77/28.18GB | phase(train/val/raw/train_eval) 3.6/0.6/0.0/0.0s | 4.2s
2026-08-29 17:55:55 | Epoch 028/060 | loss 2.2063 | cls 1.2629 | tal -0.1568 | dual_g 0.9905 | dual_d 0.8783 | train_acc 0.9873 | train_full n/a | val_acc 0.9250 | val_f1 0.9189 | adv/moduleC 1.00/1.00 | disc_steps 3 | grad(main/disc) 5.010/1.258 | lr(main/disc) 7.50e-05/3.00e-05 | cuda_peak(alloc/resv) 21.77/28.18GB | phase(train/val/raw/train_eval) 3.3/0.6/0.6/0.0s | 4.5s
2026-08-29 17:55:58 | New best val_f1_macro_present: raw=0.9189 stable_score=0.9189 at epoch 28
2026-08-29 17:56:03 | Epoch 029/060 | loss 2.1744 | cls 1.2402 | tal -0.1388 | dual_g 0.9759 | dual_d 0.8665 | train_acc 0.9909 | train_full n/a | val_acc 0.9417 | val_f1 0.9224 | adv/moduleC 1.00/1.00 | disc_steps 3 | grad(main/disc) 3.940/1.227 | lr(main/disc) 7.50e-05/3.00e-05 | cuda_peak(alloc/resv) 21.77/28.18GB | phase(train/val/raw/train_eval) 3.4/0.6/0.6/0.0s | 4.6s
2026-08-29 17:56:06 | New best val_f1_macro_present: raw=0.9224 stable_score=0.9224 at epoch 29
2026-08-29 17:56:11 | Epoch 030/060 | loss 2.2247 | cls 1.2761 | tal -0.1519 | dual_g 0.9942 | dual_d 0.9084 | train_acc 0.9801 | train_full 0.9591 | val_acc 0.8917 | val_f1 0.8813 | adv/moduleC 1.00/1.00 | disc_steps 3 | grad(main/disc) 5.706/1.240 | lr(main/disc) 7.50e-05/3.00e-05 | cuda_peak(alloc/resv) 21.77/28.18GB | phase(train/val/raw/train_eval) 3.4/0.6/0.6/0.9s | 5.5s
2026-08-29 17:56:15 | Epoch 031/060 | loss 2.1663 | cls 1.2339 | tal -0.1337 | dual_g 0.9725 | dual_d 0.8952 | train_acc 0.9909 | train_full n/a | val_acc 0.9417 | val_f1 0.9153 | adv/moduleC 1.00/1.00 | disc_steps 3 | grad(main/disc) 4.353/1.207 | lr(main/disc) 7.50e-05/3.00e-05 | cuda_peak(alloc/resv) 21.77/28.18GB | phase(train/val/raw/train_eval) 3.5/0.6/0.0/0.0s | 4.1s
2026-08-29 17:56:20 | Epoch 032/060 | loss 2.1873 | cls 1.2427 | tal -0.0874 | dual_g 0.9708 | dual_d 0.9245 | train_acc 0.9891 | train_full n/a | val_acc 0.9583 | val_f1 0.9401 | adv/moduleC 1.00/1.00 | disc_steps 3 | grad(main/disc) 5.153/1.254 | lr(main/disc) 7.50e-05/3.00e-05 | cuda_peak(alloc/resv) 21.77/28.18GB | phase(train/val/raw/train_eval) 3.6/0.6/0.6/0.0s | 4.8s
2026-08-29 17:56:23 | New best val_f1_macro_present: raw=0.9401 stable_score=0.9401 at epoch 32
2026-08-29 17:56:28 | Epoch 033/060 | loss 2.1685 | cls 1.2315 | tal -0.0882 | dual_g 0.9635 | dual_d 0.9399 | train_acc 0.9909 | train_full n/a | val_acc 0.9583 | val_f1 0.9440 | adv/moduleC 1.00/1.00 | disc_steps 3 | grad(main/disc) 4.530/1.266 | lr(main/disc) 7.50e-05/3.00e-05 | cuda_peak(alloc/resv) 21.77/28.18GB | phase(train/val/raw/train_eval) 3.4/0.6/0.6/0.0s | 4.7s
2026-08-29 17:56:30 | New best val_f1_macro_present: raw=0.9440 stable_score=0.9440 at epoch 33
2026-08-29 17:56:35 | Epoch 034/060 | loss 2.1721 | cls 1.2282 | tal -0.0793 | dual_g 0.9677 | dual_d 0.9511 | train_acc 0.9928 | train_full n/a | val_acc 0.9583 | val_f1 0.9507 | adv/moduleC 1.00/1.00 | disc_steps 3 | grad(main/disc) 4.864/1.312 | lr(main/disc) 7.50e-05/3.00e-05 | cuda_peak(alloc/resv) 21.77/28.18GB | phase(train/val/raw/train_eval) 3.4/0.6/0.6/0.0s | 4.6s
2026-08-29 17:56:38 | New best val_f1_macro_present: raw=0.9507 stable_score=0.9507 at epoch 34
2026-08-29 17:56:44 | Epoch 035/060 | loss 2.1304 | cls 1.2162 | tal -0.1167 | dual_g 0.9492 | dual_d 0.9679 | train_acc 0.9928 | train_full 0.9806 | val_acc 0.9500 | val_f1 0.9264 | adv/moduleC 1.00/1.00 | disc_steps 3 | grad(main/disc) 4.574/1.233 | lr(main/disc) 7.50e-05/3.00e-05 | cuda_peak(alloc/resv) 21.77/28.18GB | phase(train/val/raw/train_eval) 3.6/0.6/0.6/0.9s | 5.7s
2026-08-29 17:56:48 | Epoch 036/060 | loss 2.1041 | cls 1.2075 | tal -0.1586 | dual_g 0.9442 | dual_d 0.9700 | train_acc 0.9964 | train_full n/a | val_acc 0.9583 | val_f1 0.9388 | adv/moduleC 1.00/1.00 | disc_steps 3 | grad(main/disc) 3.273/1.301 | lr(main/disc) 7.50e-05/3.00e-05 | cuda_peak(alloc/resv) 21.77/28.18GB | phase(train/val/raw/train_eval) 3.2/0.6/0.0/0.0s | 3.8s
2026-08-29 17:56:52 | Epoch 037/060 | loss 2.0902 | cls 1.2081 | tal -0.2049 | dual_g 0.9436 | dual_d 0.9483 | train_acc 0.9928 | train_full n/a | val_acc 0.9667 | val_f1 0.9557 | adv/moduleC 1.00/1.00 | disc_steps 3 | grad(main/disc) 3.843/1.236 | lr(main/disc) 7.50e-05/3.00e-05 | cuda_peak(alloc/resv) 21.77/28.18GB | phase(train/val/raw/train_eval) 3.3/0.6/0.6/0.0s | 4.5s
2026-08-29 17:56:55 | New best val_f1_macro_present: raw=0.9557 stable_score=0.9557 at epoch 37
2026-08-29 17:56:59 | Epoch 038/060 | loss 2.0939 | cls 1.2060 | tal -0.1602 | dual_g 0.9360 | dual_d 0.9670 | train_acc 0.9946 | train_full n/a | val_acc 0.9333 | val_f1 0.9355 | adv/moduleC 1.00/1.00 | disc_steps 3 | grad(main/disc) 3.640/1.295 | lr(main/disc) 7.50e-05/3.00e-05 | cuda_peak(alloc/resv) 21.77/28.18GB | phase(train/val/raw/train_eval) 3.5/0.6/0.0/0.0s | 4.1s
2026-08-29 17:57:03 | Epoch 039/060 | loss 2.0777 | cls 1.2001 | tal -0.1775 | dual_g 0.9309 | dual_d 0.9696 | train_acc 0.9964 | train_full n/a | val_acc 0.9500 | val_f1 0.9443 | adv/moduleC 1.00/1.00 | disc_steps 3 | grad(main/disc) 4.668/1.247 | lr(main/disc) 7.50e-05/3.00e-05 | cuda_peak(alloc/resv) 21.77/28.18GB | phase(train/val/raw/train_eval) 3.5/0.6/0.0/0.0s | 4.1s
2026-08-29 17:57:09 | Epoch 040/060 | loss 2.0654 | cls 1.2039 | tal -0.2004 | dual_g 0.9216 | dual_d 0.9944 | train_acc 0.9928 | train_full 0.9935 | val_acc 0.9750 | val_f1 0.9626 | adv/moduleC 1.00/1.00 | disc_steps 3 | grad(main/disc) 3.527/1.290 | lr(main/disc) 7.50e-05/3.00e-05 | cuda_peak(alloc/resv) 21.77/28.18GB | phase(train/val/raw/train_eval) 3.4/0.6/0.6/0.8s | 5.4s
2026-08-29 17:57:12 | New best val_f1_macro_present: raw=0.9626 stable_score=0.9626 at epoch 40
2026-08-29 17:57:16 | Epoch 041/060 | loss 2.0533 | cls 1.1860 | tal -0.2125 | dual_g 0.9311 | dual_d 0.9827 | train_acc 1.0000 | train_full n/a | val_acc 0.9667 | val_f1 0.9484 | adv/moduleC 1.00/1.00 | disc_steps 3 | grad(main/disc) 3.831/1.258 | lr(main/disc) 7.50e-05/3.00e-05 | cuda_peak(alloc/resv) 21.77/28.18GB | phase(train/val/raw/train_eval) 3.3/0.6/0.0/0.0s | 3.9s
2026-08-29 17:57:20 | Epoch 042/060 | loss 2.0388 | cls 1.1807 | tal -0.2147 | dual_g 0.9224 | dual_d 0.9639 | train_acc 0.9982 | train_full n/a | val_acc 0.9583 | val_f1 0.9259 | adv/moduleC 1.00/1.00 | disc_steps 3 | grad(main/disc) 3.044/1.253 | lr(main/disc) 7.50e-05/3.00e-05 | cuda_peak(alloc/resv) 21.77/28.18GB | phase(train/val/raw/train_eval) 3.6/0.6/0.0/0.0s | 4.2s
2026-08-29 17:57:24 | Epoch 043/060 | loss 2.0545 | cls 1.1825 | tal -0.1601 | dual_g 0.9200 | dual_d 1.0038 | train_acc 0.9946 | train_full n/a | val_acc 0.9750 | val_f1 0.9626 | adv/moduleC 1.00/1.00 | disc_steps 3 | grad(main/disc) 4.490/1.282 | lr(main/disc) 7.50e-05/3.00e-05 | cuda_peak(alloc/resv) 21.77/28.18GB | phase(train/val/raw/train_eval) 3.5/0.6/0.0/0.0s | 4.1s
2026-08-29 17:57:28 | Epoch 044/060 | loss 2.0462 | cls 1.1810 | tal -0.1609 | dual_g 0.9135 | dual_d 0.9939 | train_acc 0.9946 | train_full n/a | val_acc 0.9667 | val_f1 0.9557 | adv/moduleC 1.00/1.00 | disc_steps 3 | grad(main/disc) 2.751/1.281 | lr(main/disc) 7.50e-05/3.00e-05 | cuda_peak(alloc/resv) 21.77/28.18GB | phase(train/val/raw/train_eval) 3.6/0.6/0.0/0.0s | 4.2s
2026-08-29 17:57:34 | Epoch 045/060 | loss 2.0683 | cls 1.1925 | tal -0.1428 | dual_g 0.9186 | dual_d 1.0321 | train_acc 0.9928 | train_full 0.9935 | val_acc 0.9667 | val_f1 0.9574 | adv/moduleC 1.00/1.00 | disc_steps 3 | grad(main/disc) 3.148/1.291 | lr(main/disc) 7.50e-05/3.00e-05 | cuda_peak(alloc/resv) 21.77/28.18GB | phase(train/val/raw/train_eval) 3.5/0.6/0.6/0.8s | 5.5s
2026-08-29 17:57:38 | Epoch 046/060 | loss 2.0539 | cls 1.1778 | tal -0.1095 | dual_g 0.9089 | dual_d 0.9769 | train_acc 1.0000 | train_full n/a | val_acc 0.9750 | val_f1 0.9634 | adv/moduleC 1.00/1.00 | disc_steps 3 | grad(main/disc) 3.086/1.243 | lr(main/disc) 7.50e-05/3.00e-05 | cuda_peak(alloc/resv) 21.77/28.18GB | phase(train/val/raw/train_eval) 3.5/0.6/0.0/0.0s | 4.1s
2026-08-29 17:57:41 | Epoch 047/060 | loss 2.0417 | cls 1.1817 | tal -0.1482 | dual_g 0.9045 | dual_d 0.9698 | train_acc 0.9964 | train_full n/a | val_acc 0.9750 | val_f1 0.9626 | adv/moduleC 1.00/1.00 | disc_steps 3 | grad(main/disc) 2.675/1.251 | lr(main/disc) 7.50e-05/3.00e-05 | cuda_peak(alloc/resv) 21.77/28.18GB | phase(train/val/raw/train_eval) 3.2/0.6/0.0/0.0s | 3.8s
2026-08-29 17:57:45 | Epoch 048/060 | loss 2.0322 | cls 1.1775 | tal -0.1615 | dual_g 0.9032 | dual_d 1.0041 | train_acc 0.9964 | train_full n/a | val_acc 0.9750 | val_f1 0.9626 | adv/moduleC 1.00/1.00 | disc_steps 3 | grad(main/disc) 2.543/1.250 | lr(main/disc) 7.50e-05/3.00e-05 | cuda_peak(alloc/resv) 21.77/28.18GB | phase(train/val/raw/train_eval) 3.2/0.6/0.0/0.0s | 3.8s
2026-08-29 17:57:49 | Epoch 049/060 | loss 2.0481 | cls 1.1850 | tal -0.1829 | dual_g 0.9180 | dual_d 0.9678 | train_acc 0.9982 | train_full n/a | val_acc 0.9667 | val_f1 0.9557 | adv/moduleC 1.00/1.00 | disc_steps 3 | grad(main/disc) 3.076/1.182 | lr(main/disc) 7.50e-05/3.00e-05 | cuda_peak(alloc/resv) 21.77/28.18GB | phase(train/val/raw/train_eval) 3.6/0.6/0.0/0.0s | 4.2s
2026-08-29 17:57:55 | Epoch 050/060 | loss 2.0026 | cls 1.1635 | tal -0.1918 | dual_g 0.8966 | dual_d 0.9588 | train_acc 1.0000 | train_full 0.9935 | val_acc 0.9667 | val_f1 0.9466 | adv/moduleC 1.00/1.00 | disc_steps 3 | grad(main/disc) 1.897/1.222 | lr(main/disc) 7.50e-05/3.00e-05 | cuda_peak(alloc/resv) 21.77/28.18GB | phase(train/val/raw/train_eval) 3.3/0.6/0.6/0.8s | 5.3s
2026-08-29 17:57:59 | Epoch 051/060 | loss 2.0079 | cls 1.1612 | tal -0.1635 | dual_g 0.8958 | dual_d 0.9926 | train_acc 0.9982 | train_full n/a | val_acc 0.9667 | val_f1 0.9466 | adv/moduleC 1.00/1.00 | disc_steps 3 | grad(main/disc) 2.133/1.244 | lr(main/disc) 7.50e-05/3.00e-05 | cuda_peak(alloc/resv) 21.77/28.18GB | phase(train/val/raw/train_eval) 3.4/0.6/0.0/0.0s | 4.0s
2026-08-29 17:58:03 | Epoch 052/060 | loss 2.0172 | cls 1.1704 | tal -0.1495 | dual_g 0.8916 | dual_d 0.9554 | train_acc 0.9928 | train_full n/a | val_acc 0.9750 | val_f1 0.9535 | adv/moduleC 1.00/1.00 | disc_steps 3 | grad(main/disc) 2.166/1.222 | lr(main/disc) 7.50e-05/3.00e-05 | cuda_peak(alloc/resv) 21.77/28.18GB | phase(train/val/raw/train_eval) 3.7/0.6/0.0/0.0s | 4.3s
2026-08-29 17:58:07 | Epoch 053/060 | loss 2.0143 | cls 1.1638 | tal -0.1379 | dual_g 0.8919 | dual_d 0.9863 | train_acc 0.9982 | train_full n/a | val_acc 0.9667 | val_f1 0.9574 | adv/moduleC 1.00/1.00 | disc_steps 3 | grad(main/disc) 2.444/1.248 | lr(main/disc) 7.50e-05/3.00e-05 | cuda_peak(alloc/resv) 21.77/28.18GB | phase(train/val/raw/train_eval) 3.6/0.6/0.0/0.0s | 4.2s
2026-08-29 17:58:11 | Epoch 054/060 | loss 2.0175 | cls 1.1647 | tal -0.1410 | dual_g 0.8951 | dual_d 0.9939 | train_acc 0.9964 | train_full n/a | val_acc 0.9667 | val_f1 0.9466 | adv/moduleC 1.00/1.00 | disc_steps 3 | grad(main/disc) 2.474/1.241 | lr(main/disc) 7.50e-05/3.00e-05 | cuda_peak(alloc/resv) 21.77/28.18GB | phase(train/val/raw/train_eval) 3.2/0.6/0.0/0.0s | 3.8s
2026-08-29 17:58:17 | Epoch 055/060 | loss 2.0225 | cls 1.1701 | tal -0.1104 | dual_g 0.8856 | dual_d 1.0124 | train_acc 0.9964 | train_full 0.9957 | val_acc 0.9667 | val_f1 0.9557 | adv/moduleC 1.00/1.00 | disc_steps 3 | grad(main/disc) 2.815/1.263 | lr(main/disc) 3.75e-05/1.50e-05 | cuda_peak(alloc/resv) 21.77/28.18GB | phase(train/val/raw/train_eval) 3.4/0.6/0.6/0.9s | 5.5s
2026-08-29 17:58:17 | Early stopping at epoch 55 after 15 epochs without val_f1_macro_present improvement.
2026-08-29 17:58:17 | Training complete. Peak validation accuracy: 0.9750 | selected val_f1_macro_present: 0.9626
