2026-08-30 04:18:28 | Starting Dual_D standalone training
2026-08-30 04:18:28 | Run directory: runs/module_c_ablation_60_v9/module_c_20260830_023711/module_c_no_prototype_contrastive_雨天_20260830_035925
2026-08-30 04:18:28 | Device: cuda
2026-08-30 04:18:28 | Source train samples: 992
2026-08-30 04:18:28 | Target train samples: 96
2026-08-30 04:18:28 | Target val samples: 26
2026-08-30 04:18:28 | Classes: 14
2026-08-30 04:18:28 | Data audit: same_dir=False | path_overlap(vis/ir/ais)=0/0/0 | content_overlap(vis/ir/ais)=0/0/0 | ais_index_overlap=0 | stem_mismatch(vis-ir/vis-ais)=117/0
2026-08-30 04:18:28 | source_train classes: present 14/14 | absent 0 | counts [0:120, 1:44, 2:69, 3:45, 4:40, 5:30, 6:64, 7:80, 8:116, 9:68, 10:57, 11:83, 12:48, 13:128]
2026-08-30 04:18:28 | target_train classes: present 6/14 | absent 8 | counts [0:7, 2:19, 9:32, 10:12, 11:6, 13:20]
2026-08-30 04:18:28 | target_val classes: present 6/14 | absent 8 | counts [0:2, 2:5, 9:8, 10:4, 11:2, 13:5]
2026-08-30 04:18:28 | Paired training classes: 6/14 | class ids [0, 2, 9, 10, 11, 13]
2026-08-30 04:18:28 | Runtime profile: batch=16 | paired_steps=6 | workers=16 | train_eval_every=5 | raw_eval_every=5 | stability_window=3 | lr_scheduler_start=24 | early_stop=12 after min_epoch=35
2026-08-30 04:18:28 | Augmentation profile: base=0.550 | visible=0.600 | infrared=0.400 | freeze_frozen_batch_norm_stats=True
2026-08-30 04:18:28 | VIS/IR pairing: class-level-unpaired | count-mismatch classes train/val: 10/0 | AIS alignment: none | AIS rows train/val: 0/0
2026-08-30 04:18:29 | Effective Dual-D loss weights: {"adv_auxiliary": 0.02, "adv_primary": 0.02, "classification": 0.6, "contrastive": 0.025, "cycle": 0.12, "identity": 0.025, "prototype_contrastive": 0.0}
2026-08-30 04:18:29 | Model parameters: total=17277714 | trainable=17120210
2026-08-30 04:18:32 | Epoch 001/060 | loss 5.8939 | cls 5.9656 | tal -0.2388 | dual_g 0.0000 | dual_d 0.0000 | train_acc 0.1146 | train_full 0.0938 | val_acc 0.1154 | val_f1 0.0751 | adv/moduleC 0.00/0.00 | disc_steps 0 | grad(main/disc) 34.101/0.000 | lr(main/disc) 9.00e-05/2.75e-05 | cuda_peak(alloc/resv) 4.09/5.12GB | phase(train/val/raw/train_eval) 1.2/0.4/0.4/0.4s | 2.3s
2026-08-30 04:18:33 | Epoch 002/060 | loss 4.2337 | cls 4.3865 | tal -0.5094 | dual_g 0.0000 | dual_d 0.0000 | train_acc 0.2708 | train_full n/a | val_acc 0.0769 | val_f1 0.0238 | adv/moduleC 0.00/0.00 | disc_steps 0 | grad(main/disc) 27.487/0.000 | lr(main/disc) 9.00e-05/2.75e-05 | cuda_peak(alloc/resv) 4.09/5.12GB | phase(train/val/raw/train_eval) 0.8/0.4/0.0/0.0s | 1.1s
2026-08-30 04:18:34 | Epoch 003/060 | loss 3.6477 | cls 3.8044 | tal -0.5223 | dual_g 0.0000 | dual_d 0.0000 | train_acc 0.4062 | train_full n/a | val_acc 0.1538 | val_f1 0.1600 | adv/moduleC 0.00/0.00 | disc_steps 0 | grad(main/disc) 23.851/0.000 | lr(main/disc) 9.00e-05/2.75e-05 | cuda_peak(alloc/resv) 4.09/5.12GB | phase(train/val/raw/train_eval) 0.8/0.4/0.4/0.0s | 1.5s
2026-08-30 04:18:36 | New best val_f1_macro_present: raw=0.1600 stable_score=0.0238 at epoch 3
2026-08-30 04:18:38 | Epoch 004/060 | loss 3.4848 | cls 3.3034 | tal -0.4274 | dual_g 0.3097 | dual_d 0.0000 | train_acc 0.3958 | train_full n/a | val_acc 0.3846 | val_f1 0.3651 | adv/moduleC 0.00/0.12 | disc_steps 0 | grad(main/disc) 21.569/0.000 | lr(main/disc) 9.00e-05/2.75e-05 | cuda_peak(alloc/resv) 4.09/5.12GB | phase(train/val/raw/train_eval) 0.9/0.4/0.0/0.0s | 1.2s
2026-08-30 04:18:40 | Epoch 005/060 | loss 4.0199 | cls 3.5576 | tal -0.3520 | dual_g 0.5679 | dual_d 0.0000 | train_acc 0.5104 | train_full 0.3125 | val_acc 0.3846 | val_f1 0.3662 | adv/moduleC 0.00/0.25 | disc_steps 0 | grad(main/disc) 22.683/0.000 | lr(main/disc) 9.00e-05/2.75e-05 | cuda_peak(alloc/resv) 4.09/5.12GB | phase(train/val/raw/train_eval) 0.8/0.4/0.4/0.4s | 1.9s
2026-08-30 04:18:42 | New best val_f1_macro_present: raw=0.3662 stable_score=0.1600 at epoch 5
2026-08-30 04:18:43 | Epoch 006/060 | loss 3.7829 | cls 3.0705 | tal -0.2032 | dual_g 0.7734 | dual_d 0.0000 | train_acc 0.5312 | train_full n/a | val_acc 0.4615 | val_f1 0.4545 | adv/moduleC 0.00/0.38 | disc_steps 0 | grad(main/disc) 21.112/0.000 | lr(main/disc) 9.00e-05/2.75e-05 | cuda_peak(alloc/resv) 4.09/5.12GB | phase(train/val/raw/train_eval) 0.8/0.4/0.4/0.0s | 1.6s
2026-08-30 04:18:45 | New best val_f1_macro_present: raw=0.4545 stable_score=0.3651 at epoch 6
2026-08-30 04:18:47 | Epoch 007/060 | loss 3.9824 | cls 3.0077 | tal -0.1892 | dual_g 1.0315 | dual_d 0.7468 | train_acc 0.6250 | train_full n/a | val_acc 0.4615 | val_f1 0.4359 | adv/moduleC 0.07/0.50 | disc_steps 3 | grad(main/disc) 21.649/2.170 | lr(main/disc) 9.00e-05/2.75e-05 | cuda_peak(alloc/resv) 4.09/5.12GB | phase(train/val/raw/train_eval) 1.1/0.4/0.4/0.0s | 1.8s
2026-08-30 04:18:49 | New best val_f1_macro_present: raw=0.4359 stable_score=0.3662 at epoch 7
2026-08-30 04:18:51 | Epoch 008/060 | loss 3.7200 | cls 2.6385 | tal -0.1779 | dual_g 1.1349 | dual_d 0.7463 | train_acc 0.6875 | train_full n/a | val_acc 0.3846 | val_f1 0.3902 | adv/moduleC 0.13/0.62 | disc_steps 3 | grad(main/disc) 20.995/2.112 | lr(main/disc) 9.00e-05/2.75e-05 | cuda_peak(alloc/resv) 4.09/5.12GB | phase(train/val/raw/train_eval) 0.8/0.4/0.4/0.0s | 1.5s
2026-08-30 04:18:53 | New best val_f1_macro_present: raw=0.3902 stable_score=0.3902 at epoch 8
2026-08-30 04:18:54 | Epoch 009/060 | loss 3.9655 | cls 2.7311 | tal -0.2007 | dual_g 1.2946 | dual_d 0.7843 | train_acc 0.6458 | train_full n/a | val_acc 0.6154 | val_f1 0.6471 | adv/moduleC 0.20/0.75 | disc_steps 3 | grad(main/disc) 21.542/2.131 | lr(main/disc) 9.00e-05/2.75e-05 | cuda_peak(alloc/resv) 4.09/5.12GB | phase(train/val/raw/train_eval) 0.7/0.4/0.0/0.0s | 1.1s
2026-08-30 04:18:56 | Epoch 010/060 | loss 3.5288 | cls 2.2149 | tal -0.1786 | dual_g 1.3675 | dual_d 0.7930 | train_acc 0.8229 | train_full 0.6250 | val_acc 0.5385 | val_f1 0.5452 | adv/moduleC 0.27/0.88 | disc_steps 3 | grad(main/disc) 17.784/2.234 | lr(main/disc) 9.00e-05/2.75e-05 | cuda_peak(alloc/resv) 4.09/5.12GB | phase(train/val/raw/train_eval) 0.7/0.4/0.4/0.4s | 1.9s
2026-08-30 04:18:58 | Epoch 011/060 | loss 3.8893 | cls 2.4196 | tal -0.1982 | dual_g 1.5291 | dual_d 0.7986 | train_acc 0.7292 | train_full n/a | val_acc 0.6154 | val_f1 0.6250 | adv/moduleC 0.33/1.00 | disc_steps 3 | grad(main/disc) 21.677/2.058 | lr(main/disc) 9.00e-05/2.75e-05 | cuda_peak(alloc/resv) 4.09/5.12GB | phase(train/val/raw/train_eval) 0.9/0.4/0.4/0.0s | 1.6s
2026-08-30 04:19:00 | New best val_f1_macro_present: raw=0.6250 stable_score=0.5452 at epoch 11
2026-08-30 04:19:01 | Epoch 012/060 | loss 3.6736 | cls 2.2724 | tal -0.1888 | dual_g 1.4578 | dual_d 0.7744 | train_acc 0.7812 | train_full n/a | val_acc 0.6154 | val_f1 0.6350 | adv/moduleC 0.40/1.00 | disc_steps 3 | grad(main/disc) 21.044/2.175 | lr(main/disc) 9.00e-05/2.75e-05 | cuda_peak(alloc/resv) 4.09/5.12GB | phase(train/val/raw/train_eval) 0.9/0.4/0.0/0.0s | 1.3s
2026-08-30 04:19:02 | Epoch 013/060 | loss 3.4722 | cls 2.1080 | tal -0.1567 | dual_g 1.4112 | dual_d 0.7215 | train_acc 0.8125 | train_full n/a | val_acc 0.6538 | val_f1 0.6674 | adv/moduleC 0.47/1.00 | disc_steps 3 | grad(main/disc) 20.657/1.935 | lr(main/disc) 9.00e-05/2.75e-05 | cuda_peak(alloc/resv) 4.09/5.12GB | phase(train/val/raw/train_eval) 0.8/0.4/0.4/0.0s | 1.5s
2026-08-30 04:19:05 | New best val_f1_macro_present: raw=0.6674 stable_score=0.6250 at epoch 13
2026-08-30 04:19:06 | Epoch 014/060 | loss 3.5154 | cls 2.1154 | tal -0.1468 | dual_g 1.4440 | dual_d 0.7659 | train_acc 0.8750 | train_full n/a | val_acc 0.8462 | val_f1 0.8579 | adv/moduleC 0.53/1.00 | disc_steps 3 | grad(main/disc) 20.463/2.018 | lr(main/disc) 9.00e-05/2.75e-05 | cuda_peak(alloc/resv) 4.09/5.12GB | phase(train/val/raw/train_eval) 1.0/0.4/0.4/0.0s | 1.7s
2026-08-30 04:19:08 | New best val_f1_macro_present: raw=0.8579 stable_score=0.6350 at epoch 14
2026-08-30 04:19:10 | Epoch 015/060 | loss 3.1596 | cls 1.8718 | tal -0.0118 | dual_g 1.2914 | dual_d 0.7253 | train_acc 0.9479 | train_full 0.8542 | val_acc 0.8077 | val_f1 0.8191 | adv/moduleC 0.60/1.00 | disc_steps 3 | grad(main/disc) 15.843/1.938 | lr(main/disc) 9.00e-05/2.75e-05 | cuda_peak(alloc/resv) 4.09/5.12GB | phase(train/val/raw/train_eval) 0.9/0.4/0.4/0.4s | 2.0s
2026-08-30 04:19:13 | New best val_f1_macro_present: raw=0.8191 stable_score=0.6674 at epoch 15
2026-08-30 04:19:14 | Epoch 016/060 | loss 2.9453 | cls 1.7032 | tal -0.0593 | dual_g 1.2598 | dual_d 0.7628 | train_acc 0.9479 | train_full n/a | val_acc 0.6538 | val_f1 0.6652 | adv/moduleC 0.67/1.00 | disc_steps 3 | grad(main/disc) 18.164/1.895 | lr(main/disc) 9.00e-05/2.75e-05 | cuda_peak(alloc/resv) 4.09/5.12GB | phase(train/val/raw/train_eval) 0.8/0.4/0.0/0.0s | 1.2s
2026-08-30 04:19:15 | Epoch 017/060 | loss 2.9672 | cls 1.7854 | tal -0.1205 | dual_g 1.2179 | dual_d 0.8153 | train_acc 0.9688 | train_full n/a | val_acc 0.6538 | val_f1 0.6783 | adv/moduleC 0.73/1.00 | disc_steps 3 | grad(main/disc) 16.183/1.982 | lr(main/disc) 9.00e-05/2.75e-05 | cuda_peak(alloc/resv) 4.09/5.12GB | phase(train/val/raw/train_eval) 1.0/0.4/0.0/0.0s | 1.4s
2026-08-30 04:19:16 | Epoch 018/060 | loss 2.8649 | cls 1.7034 | tal -0.1351 | dual_g 1.2020 | dual_d 0.8233 | train_acc 0.9167 | train_full n/a | val_acc 0.6538 | val_f1 0.6652 | adv/moduleC 0.80/1.00 | disc_steps 3 | grad(main/disc) 16.620/2.097 | lr(main/disc) 9.00e-05/2.75e-05 | cuda_peak(alloc/resv) 4.09/5.12GB | phase(train/val/raw/train_eval) 0.7/0.4/0.0/0.0s | 1.1s
2026-08-30 04:19:17 | Epoch 019/060 | loss 2.8125 | cls 1.6945 | tal -0.1115 | dual_g 1.1515 | dual_d 0.7930 | train_acc 0.9271 | train_full n/a | val_acc 0.6538 | val_f1 0.6601 | adv/moduleC 0.87/1.00 | disc_steps 3 | grad(main/disc) 16.680/2.106 | lr(main/disc) 9.00e-05/2.75e-05 | cuda_peak(alloc/resv) 4.09/5.12GB | phase(train/val/raw/train_eval) 0.9/0.4/0.0/0.0s | 1.2s
2026-08-30 04:19:19 | Epoch 020/060 | loss 2.8037 | cls 1.6656 | tal -0.1176 | dual_g 1.1734 | dual_d 0.7426 | train_acc 0.9792 | train_full 0.8229 | val_acc 0.7692 | val_f1 0.7833 | adv/moduleC 0.93/1.00 | disc_steps 3 | grad(main/disc) 17.517/1.927 | lr(main/disc) 9.00e-05/2.75e-05 | cuda_peak(alloc/resv) 4.09/5.12GB | phase(train/val/raw/train_eval) 0.9/0.4/0.4/0.4s | 2.1s
2026-08-30 04:19:20 | Epoch 021/060 | loss 2.8534 | cls 1.7344 | tal -0.0995 | dual_g 1.1489 | dual_d 0.8205 | train_acc 0.9583 | train_full n/a | val_acc 0.7692 | val_f1 0.7833 | adv/moduleC 1.00/1.00 | disc_steps 3 | grad(main/disc) 16.342/2.043 | lr(main/disc) 9.00e-05/2.75e-05 | cuda_peak(alloc/resv) 4.09/5.12GB | phase(train/val/raw/train_eval) 0.6/0.4/0.0/0.0s | 1.0s
2026-08-30 04:19:22 | Epoch 022/060 | loss 2.9064 | cls 1.7431 | tal -0.0637 | dual_g 1.1825 | dual_d 0.7604 | train_acc 0.9271 | train_full n/a | val_acc 0.6538 | val_f1 0.6674 | adv/moduleC 1.00/1.00 | disc_steps 3 | grad(main/disc) 17.643/2.052 | lr(main/disc) 9.00e-05/2.75e-05 | cuda_peak(alloc/resv) 4.09/5.12GB | phase(train/val/raw/train_eval) 0.8/0.4/0.0/0.0s | 1.2s
2026-08-30 04:19:23 | Epoch 023/060 | loss 2.8348 | cls 1.6680 | tal -0.0775 | dual_g 1.1900 | dual_d 0.7573 | train_acc 0.9271 | train_full n/a | val_acc 0.6538 | val_f1 0.6674 | adv/moduleC 1.00/1.00 | disc_steps 3 | grad(main/disc) 16.705/1.871 | lr(main/disc) 9.00e-05/2.75e-05 | cuda_peak(alloc/resv) 4.09/5.12GB | phase(train/val/raw/train_eval) 0.8/0.4/0.0/0.0s | 1.2s
2026-08-30 04:19:24 | Epoch 024/060 | loss 2.4560 | cls 1.4449 | tal -0.0532 | dual_g 1.0271 | dual_d 0.8082 | train_acc 0.9688 | train_full n/a | val_acc 0.8077 | val_f1 0.8224 | adv/moduleC 1.00/1.00 | disc_steps 3 | grad(main/disc) 11.875/2.049 | lr(main/disc) 9.00e-05/2.75e-05 | cuda_peak(alloc/resv) 4.09/5.12GB | phase(train/val/raw/train_eval) 0.8/0.4/0.0/0.0s | 1.1s
2026-08-30 04:19:26 | Epoch 025/060 | loss 2.6388 | cls 1.5917 | tal 0.0268 | dual_g 1.0391 | dual_d 0.8291 | train_acc 0.9271 | train_full 0.8958 | val_acc 0.8462 | val_f1 0.8579 | adv/moduleC 1.00/1.00 | disc_steps 3 | grad(main/disc) 14.888/2.005 | lr(main/disc) 9.00e-05/2.75e-05 | cuda_peak(alloc/resv) 4.09/5.12GB | phase(train/val/raw/train_eval) 0.7/0.4/0.4/0.4s | 1.9s
2026-08-30 04:19:27 | Epoch 026/060 | loss 2.4904 | cls 1.4272 | tal 0.0282 | dual_g 1.0547 | dual_d 0.8603 | train_acc 0.9792 | train_full n/a | val_acc 0.8462 | val_f1 0.8579 | adv/moduleC 1.00/1.00 | disc_steps 3 | grad(main/disc) 12.143/2.074 | lr(main/disc) 9.00e-05/2.75e-05 | cuda_peak(alloc/resv) 4.09/5.12GB | phase(train/val/raw/train_eval) 0.9/0.4/0.4/0.0s | 1.6s
2026-08-30 04:19:30 | New best val_f1_macro_present: raw=0.8579 stable_score=0.8224 at epoch 26
2026-08-30 04:19:31 | Epoch 027/060 | loss 2.7601 | cls 1.6177 | tal 0.0009 | dual_g 1.1421 | dual_d 0.8131 | train_acc 0.9583 | train_full n/a | val_acc 1.0000 | val_f1 1.0000 | adv/moduleC 1.00/1.00 | disc_steps 3 | grad(main/disc) 18.173/2.004 | lr(main/disc) 9.00e-05/2.75e-05 | cuda_peak(alloc/resv) 4.09/5.12GB | phase(train/val/raw/train_eval) 0.7/0.4/0.4/0.0s | 1.4s
2026-08-30 04:19:33 | New best val_f1_macro_present: raw=1.0000 stable_score=0.8579 at epoch 27
2026-08-30 04:19:34 | Epoch 028/060 | loss 2.5576 | cls 1.5681 | tal -0.1417 | dual_g 1.0320 | dual_d 0.8086 | train_acc 0.9688 | train_full n/a | val_acc 0.9231 | val_f1 0.9429 | adv/moduleC 1.00/1.00 | disc_steps 3 | grad(main/disc) 13.083/1.898 | lr(main/disc) 9.00e-05/2.75e-05 | cuda_peak(alloc/resv) 4.09/5.12GB | phase(train/val/raw/train_eval) 0.7/0.4/0.0/0.0s | 1.1s
2026-08-30 04:19:36 | Epoch 029/060 | loss 2.3987 | cls 1.4322 | tal -0.1505 | dual_g 1.0116 | dual_d 0.7843 | train_acc 0.9583 | train_full n/a | val_acc 1.0000 | val_f1 1.0000 | adv/moduleC 1.00/1.00 | disc_steps 3 | grad(main/disc) 11.104/1.830 | lr(main/disc) 9.00e-05/2.75e-05 | cuda_peak(alloc/resv) 4.09/5.12GB | phase(train/val/raw/train_eval) 0.9/0.4/0.4/0.0s | 1.6s
2026-08-30 04:19:38 | New best val_f1_macro_present: raw=1.0000 stable_score=0.9429 at epoch 29
2026-08-30 04:19:40 | Epoch 030/060 | loss 2.6974 | cls 1.6259 | tal -0.0988 | dual_g 1.1012 | dual_d 0.7624 | train_acc 0.9583 | train_full 0.9583 | val_acc 1.0000 | val_f1 1.0000 | adv/moduleC 1.00/1.00 | disc_steps 3 | grad(main/disc) 16.552/1.864 | lr(main/disc) 9.00e-05/2.75e-05 | cuda_peak(alloc/resv) 4.09/5.12GB | phase(train/val/raw/train_eval) 0.8/0.4/0.4/0.4s | 1.9s
2026-08-30 04:19:41 | Epoch 031/060 | loss 2.4750 | cls 1.4898 | tal -0.1410 | dual_g 1.0275 | dual_d 0.8108 | train_acc 0.9792 | train_full n/a | val_acc 0.9231 | val_f1 0.9206 | adv/moduleC 1.00/1.00 | disc_steps 3 | grad(main/disc) 13.192/1.967 | lr(main/disc) 9.00e-05/2.75e-05 | cuda_peak(alloc/resv) 4.09/5.12GB | phase(train/val/raw/train_eval) 0.8/0.4/0.0/0.0s | 1.2s
2026-08-30 04:19:42 | Epoch 032/060 | loss 2.3677 | cls 1.4024 | tal -0.0800 | dual_g 0.9892 | dual_d 0.7645 | train_acc 0.9792 | train_full n/a | val_acc 0.9231 | val_f1 0.9277 | adv/moduleC 1.00/1.00 | disc_steps 3 | grad(main/disc) 11.423/1.863 | lr(main/disc) 9.00e-05/2.75e-05 | cuda_peak(alloc/resv) 4.09/5.12GB | phase(train/val/raw/train_eval) 0.9/0.4/0.0/0.0s | 1.2s
2026-08-30 04:19:44 | Epoch 033/060 | loss 2.3596 | cls 1.3696 | tal 0.0606 | dual_g 0.9718 | dual_d 0.7792 | train_acc 0.9896 | train_full n/a | val_acc 1.0000 | val_f1 1.0000 | adv/moduleC 1.00/1.00 | disc_steps 3 | grad(main/disc) 9.157/1.870 | lr(main/disc) 9.00e-05/2.75e-05 | cuda_peak(alloc/resv) 4.09/5.12GB | phase(train/val/raw/train_eval) 0.9/0.4/0.0/0.0s | 1.3s
2026-08-30 04:19:45 | Epoch 034/060 | loss 2.4705 | cls 1.4481 | tal 0.0238 | dual_g 1.0152 | dual_d 0.8830 | train_acc 0.9896 | train_full n/a | val_acc 1.0000 | val_f1 1.0000 | adv/moduleC 1.00/1.00 | disc_steps 3 | grad(main/disc) 11.744/2.007 | lr(main/disc) 9.00e-05/2.75e-05 | cuda_peak(alloc/resv) 4.09/5.12GB | phase(train/val/raw/train_eval) 0.6/0.4/0.0/0.0s | 1.0s
2026-08-30 04:19:47 | Epoch 035/060 | loss 2.2611 | cls 1.3432 | tal -0.0720 | dual_g 0.9395 | dual_d 0.8697 | train_acc 0.9896 | train_full 0.9583 | val_acc 0.9615 | val_f1 0.9737 | adv/moduleC 1.00/1.00 | disc_steps 3 | grad(main/disc) 8.738/1.932 | lr(main/disc) 9.00e-05/2.75e-05 | cuda_peak(alloc/resv) 4.09/5.12GB | phase(train/val/raw/train_eval) 0.8/0.4/0.4/0.4s | 2.0s
2026-08-30 04:19:49 | New best val_f1_macro_present: raw=0.9737 stable_score=0.9737 at epoch 35
2026-08-30 04:19:50 | Epoch 036/060 | loss 2.5107 | cls 1.4870 | tal 0.0598 | dual_g 1.0058 | dual_d 0.8350 | train_acc 0.9583 | train_full n/a | val_acc 0.9615 | val_f1 0.9737 | adv/moduleC 1.00/1.00 | disc_steps 3 | grad(main/disc) 12.313/1.972 | lr(main/disc) 4.50e-05/1.38e-05 | cuda_peak(alloc/resv) 4.09/5.12GB | phase(train/val/raw/train_eval) 0.9/0.4/0.0/0.0s | 1.2s
2026-08-30 04:19:51 | Epoch 037/060 | loss 2.3297 | cls 1.3727 | tal 0.0459 | dual_g 0.9432 | dual_d 0.8620 | train_acc 1.0000 | train_full n/a | val_acc 1.0000 | val_f1 1.0000 | adv/moduleC 1.00/1.00 | disc_steps 3 | grad(main/disc) 9.532/1.934 | lr(main/disc) 4.50e-05/1.38e-05 | cuda_peak(alloc/resv) 4.09/5.12GB | phase(train/val/raw/train_eval) 0.8/0.4/0.0/0.0s | 1.1s
2026-08-30 04:19:52 | Epoch 038/060 | loss 2.3697 | cls 1.3701 | tal 0.0512 | dual_g 0.9842 | dual_d 0.8884 | train_acc 1.0000 | train_full n/a | val_acc 0.9615 | val_f1 0.9556 | adv/moduleC 1.00/1.00 | disc_steps 3 | grad(main/disc) 10.576/1.938 | lr(main/disc) 4.50e-05/1.38e-05 | cuda_peak(alloc/resv) 4.09/5.12GB | phase(train/val/raw/train_eval) 0.8/0.4/0.0/0.0s | 1.1s
2026-08-30 04:19:53 | Epoch 039/060 | loss 2.2819 | cls 1.3261 | tal -0.0124 | dual_g 0.9595 | dual_d 0.9004 | train_acc 0.9896 | train_full n/a | val_acc 0.8846 | val_f1 0.8901 | adv/moduleC 1.00/1.00 | disc_steps 3 | grad(main/disc) 8.174/2.054 | lr(main/disc) 4.50e-05/1.38e-05 | cuda_peak(alloc/resv) 4.09/5.12GB | phase(train/val/raw/train_eval) 0.9/0.4/0.0/0.0s | 1.2s
2026-08-30 04:19:55 | Epoch 040/060 | loss 2.3881 | cls 1.3804 | tal 0.1187 | dual_g 0.9720 | dual_d 0.8147 | train_acc 0.9896 | train_full 0.9792 | val_acc 0.9615 | val_f1 0.9556 | adv/moduleC 1.00/1.00 | disc_steps 3 | grad(main/disc) 9.553/1.804 | lr(main/disc) 4.50e-05/1.38e-05 | cuda_peak(alloc/resv) 4.09/5.12GB | phase(train/val/raw/train_eval) 0.6/0.4/0.4/0.4s | 1.7s
2026-08-30 04:19:56 | Epoch 041/060 | loss 2.3322 | cls 1.3621 | tal 0.0118 | dual_g 0.9666 | dual_d 0.9198 | train_acc 0.9896 | train_full n/a | val_acc 0.9615 | val_f1 0.9737 | adv/moduleC 1.00/1.00 | disc_steps 3 | grad(main/disc) 9.553/2.025 | lr(main/disc) 4.50e-05/1.38e-05 | cuda_peak(alloc/resv) 4.09/5.12GB | phase(train/val/raw/train_eval) 0.8/0.4/0.0/0.0s | 1.2s
2026-08-30 04:19:58 | Epoch 042/060 | loss 2.3130 | cls 1.3535 | tal 0.0879 | dual_g 0.9331 | dual_d 0.8617 | train_acc 0.9896 | train_full n/a | val_acc 1.0000 | val_f1 1.0000 | adv/moduleC 1.00/1.00 | disc_steps 3 | grad(main/disc) 8.692/1.963 | lr(main/disc) 4.50e-05/1.38e-05 | cuda_peak(alloc/resv) 4.09/5.12GB | phase(train/val/raw/train_eval) 0.9/0.4/0.0/0.0s | 1.2s
2026-08-30 04:19:59 | Epoch 043/060 | loss 2.3606 | cls 1.3919 | tal 0.0610 | dual_g 0.9504 | dual_d 0.9745 | train_acc 1.0000 | train_full n/a | val_acc 1.0000 | val_f1 1.0000 | adv/moduleC 1.00/1.00 | disc_steps 3 | grad(main/disc) 10.444/2.032 | lr(main/disc) 4.50e-05/1.38e-05 | cuda_peak(alloc/resv) 4.09/5.12GB | phase(train/val/raw/train_eval) 0.8/0.4/0.0/0.0s | 1.2s
2026-08-30 04:20:00 | Epoch 044/060 | loss 2.3416 | cls 1.3720 | tal 0.1210 | dual_g 0.9333 | dual_d 0.8813 | train_acc 0.9896 | train_full n/a | val_acc 1.0000 | val_f1 1.0000 | adv/moduleC 1.00/1.00 | disc_steps 3 | grad(main/disc) 10.133/1.912 | lr(main/disc) 4.50e-05/1.38e-05 | cuda_peak(alloc/resv) 4.09/5.12GB | phase(train/val/raw/train_eval) 0.8/0.4/0.4/0.0s | 1.5s
2026-08-30 04:20:02 | New best val_f1_macro_present: raw=1.0000 stable_score=1.0000 at epoch 44
2026-08-30 04:20:04 | Epoch 045/060 | loss 2.2968 | cls 1.3404 | tal 0.0514 | dual_g 0.9410 | dual_d 0.9357 | train_acc 1.0000 | train_full 1.0000 | val_acc 1.0000 | val_f1 1.0000 | adv/moduleC 1.00/1.00 | disc_steps 3 | grad(main/disc) 8.719/2.174 | lr(main/disc) 2.25e-05/6.88e-06 | cuda_peak(alloc/resv) 4.09/5.12GB | phase(train/val/raw/train_eval) 0.8/0.4/0.4/0.4s | 1.9s
2026-08-30 04:20:05 | Epoch 046/060 | loss 2.3607 | cls 1.4080 | tal 0.1055 | dual_g 0.9211 | dual_d 0.8571 | train_acc 0.9896 | train_full n/a | val_acc 1.0000 | val_f1 1.0000 | adv/moduleC 1.00/1.00 | disc_steps 3 | grad(main/disc) 9.664/1.959 | lr(main/disc) 2.25e-05/6.88e-06 | cuda_peak(alloc/resv) 4.09/5.12GB | phase(train/val/raw/train_eval) 0.8/0.4/0.0/0.0s | 1.1s
2026-08-30 04:20:07 | Epoch 047/060 | loss 2.2526 | cls 1.3126 | tal -0.0102 | dual_g 0.9430 | dual_d 0.8540 | train_acc 0.9896 | train_full n/a | val_acc 1.0000 | val_f1 1.0000 | adv/moduleC 1.00/1.00 | disc_steps 3 | grad(main/disc) 8.012/1.932 | lr(main/disc) 2.25e-05/6.88e-06 | cuda_peak(alloc/resv) 4.09/5.12GB | phase(train/val/raw/train_eval) 0.9/0.4/0.0/0.0s | 1.2s
2026-08-30 04:20:08 | Epoch 048/060 | loss 2.2470 | cls 1.3190 | tal 0.0206 | dual_g 0.9219 | dual_d 0.9535 | train_acc 0.9896 | train_full n/a | val_acc 1.0000 | val_f1 1.0000 | adv/moduleC 1.00/1.00 | disc_steps 3 | grad(main/disc) 7.702/2.022 | lr(main/disc) 2.25e-05/6.88e-06 | cuda_peak(alloc/resv) 4.09/5.12GB | phase(train/val/raw/train_eval) 1.1/0.4/0.0/0.0s | 1.5s
2026-08-30 04:20:09 | Epoch 049/060 | loss 2.2399 | cls 1.3319 | tal -0.0488 | dual_g 0.9226 | dual_d 0.8465 | train_acc 0.9896 | train_full n/a | val_acc 1.0000 | val_f1 1.0000 | adv/moduleC 1.00/1.00 | disc_steps 3 | grad(main/disc) 7.848/1.925 | lr(main/disc) 2.25e-05/6.88e-06 | cuda_peak(alloc/resv) 4.09/5.12GB | phase(train/val/raw/train_eval) 0.6/0.4/0.0/0.0s | 1.0s
2026-08-30 04:20:11 | Epoch 050/060 | loss 2.1873 | cls 1.3076 | tal 0.0086 | dual_g 0.8771 | dual_d 0.9342 | train_acc 1.0000 | train_full 1.0000 | val_acc 1.0000 | val_f1 1.0000 | adv/moduleC 1.00/1.00 | disc_steps 3 | grad(main/disc) 6.205/2.011 | lr(main/disc) 2.25e-05/6.88e-06 | cuda_peak(alloc/resv) 4.09/5.12GB | phase(train/val/raw/train_eval) 0.8/0.4/0.4/0.4s | 1.9s
2026-08-30 04:20:12 | Epoch 051/060 | loss 2.2068 | cls 1.3118 | tal -0.0474 | dual_g 0.9092 | dual_d 0.8362 | train_acc 1.0000 | train_full n/a | val_acc 1.0000 | val_f1 1.0000 | adv/moduleC 1.00/1.00 | disc_steps 3 | grad(main/disc) 7.057/1.873 | lr(main/disc) 2.25e-05/6.88e-06 | cuda_peak(alloc/resv) 4.09/5.12GB | phase(train/val/raw/train_eval) 0.8/0.4/0.0/0.0s | 1.2s
2026-08-30 04:20:13 | Epoch 052/060 | loss 2.2497 | cls 1.3245 | tal -0.0290 | dual_g 0.9339 | dual_d 0.8909 | train_acc 1.0000 | train_full n/a | val_acc 1.0000 | val_f1 1.0000 | adv/moduleC 1.00/1.00 | disc_steps 3 | grad(main/disc) 7.736/1.933 | lr(main/disc) 2.25e-05/6.88e-06 | cuda_peak(alloc/resv) 4.09/5.12GB | phase(train/val/raw/train_eval) 0.7/0.4/0.0/0.0s | 1.1s
2026-08-30 04:20:15 | Epoch 053/060 | loss 2.2166 | cls 1.2996 | tal -0.0042 | dual_g 0.9182 | dual_d 0.9511 | train_acc 1.0000 | train_full n/a | val_acc 1.0000 | val_f1 1.0000 | adv/moduleC 1.00/1.00 | disc_steps 3 | grad(main/disc) 6.779/2.057 | lr(main/disc) 2.25e-05/6.88e-06 | cuda_peak(alloc/resv) 4.09/5.12GB | phase(train/val/raw/train_eval) 0.9/0.4/0.0/0.0s | 1.2s
2026-08-30 04:20:16 | Epoch 054/060 | loss 2.1986 | cls 1.2999 | tal 0.0246 | dual_g 0.8913 | dual_d 0.8485 | train_acc 1.0000 | train_full n/a | val_acc 1.0000 | val_f1 1.0000 | adv/moduleC 1.00/1.00 | disc_steps 3 | grad(main/disc) 5.898/1.956 | lr(main/disc) 1.13e-05/3.44e-06 | cuda_peak(alloc/resv) 4.09/5.12GB | phase(train/val/raw/train_eval) 0.8/0.4/0.0/0.0s | 1.1s
2026-08-30 04:20:18 | Epoch 055/060 | loss 2.1818 | cls 1.2627 | tal -0.0251 | dual_g 0.9266 | dual_d 1.0140 | train_acc 1.0000 | train_full 1.0000 | val_acc 1.0000 | val_f1 1.0000 | adv/moduleC 1.00/1.00 | disc_steps 3 | grad(main/disc) 7.541/2.215 | lr(main/disc) 1.13e-05/3.44e-06 | cuda_peak(alloc/resv) 4.09/5.12GB | phase(train/val/raw/train_eval) 0.9/0.4/0.4/0.4s | 2.0s
2026-08-30 04:20:19 | Epoch 056/060 | loss 2.1977 | cls 1.3288 | tal -0.1216 | dual_g 0.9053 | dual_d 0.9327 | train_acc 0.9688 | train_full n/a | val_acc 1.0000 | val_f1 1.0000 | adv/moduleC 1.00/1.00 | disc_steps 3 | grad(main/disc) 7.870/2.029 | lr(main/disc) 1.13e-05/3.44e-06 | cuda_peak(alloc/resv) 4.09/5.12GB | phase(train/val/raw/train_eval) 0.9/0.4/0.0/0.0s | 1.3s
2026-08-30 04:20:19 | Early stopping at epoch 56 after 12 epochs without val_f1_macro_present improvement.
2026-08-30 04:20:19 | Training complete. Peak validation accuracy: 1.0000 | selected val_f1_macro_present: 1.0000
