2026-08-30 04:15:14 | Starting Dual_D standalone training
2026-08-30 04:15:14 | Run directory: runs/module_c_ablation_60_v9/module_c_20260830_023711/module_c_no_prototype_contrastive_雨天_20260830_035925
2026-08-30 04:15:14 | Device: cuda
2026-08-30 04:15:14 | Source train samples: 992
2026-08-30 04:15:14 | Target train samples: 96
2026-08-30 04:15:14 | Target val samples: 26
2026-08-30 04:15:14 | Classes: 14
2026-08-30 04:15:14 | Data audit: same_dir=False | path_overlap(vis/ir/ais)=0/0/0 | content_overlap(vis/ir/ais)=0/0/0 | ais_index_overlap=0 | stem_mismatch(vis-ir/vis-ais)=117/0
2026-08-30 04:15:14 | source_train classes: present 14/14 | absent 0 | counts [0:120, 1:44, 2:69, 3:45, 4:40, 5:30, 6:64, 7:80, 8:116, 9:68, 10:57, 11:83, 12:48, 13:128]
2026-08-30 04:15:14 | target_train classes: present 6/14 | absent 8 | counts [0:7, 2:19, 9:32, 10:12, 11:6, 13:20]
2026-08-30 04:15:14 | target_val classes: present 6/14 | absent 8 | counts [0:2, 2:5, 9:8, 10:4, 11:2, 13:5]
2026-08-30 04:15:14 | Paired training classes: 6/14 | class ids [0, 2, 9, 10, 11, 13]
2026-08-30 04:15:14 | Runtime profile: batch=16 | paired_steps=6 | workers=16 | train_eval_every=5 | raw_eval_every=5 | stability_window=3 | lr_scheduler_start=24 | early_stop=12 after min_epoch=35
2026-08-30 04:15:14 | Augmentation profile: base=0.550 | visible=0.600 | infrared=0.400 | freeze_frozen_batch_norm_stats=True
2026-08-30 04:15:14 | VIS/IR pairing: class-level-unpaired | count-mismatch classes train/val: 10/0 | AIS alignment: none | AIS rows train/val: 0/0
2026-08-30 04:15:15 | Effective Dual-D loss weights: {"adv_auxiliary": 0.02, "adv_primary": 0.02, "classification": 0.6, "contrastive": 0.025, "cycle": 0.12, "identity": 0.025, "prototype_contrastive": 0.0}
2026-08-30 04:15:15 | Model parameters: total=17277714 | trainable=17120210
2026-08-30 04:15:17 | Epoch 001/060 | loss 6.1324 | cls 6.1606 | tal -0.0938 | dual_g 0.0000 | dual_d 0.0000 | train_acc 0.0312 | train_full 0.1354 | val_acc 0.0385 | val_f1 0.0175 | adv/moduleC 0.00/0.00 | disc_steps 0 | grad(main/disc) 36.692/0.000 | lr(main/disc) 9.00e-05/2.75e-05 | cuda_peak(alloc/resv) 4.09/5.12GB | phase(train/val/raw/train_eval) 1.2/0.4/0.4/0.4s | 2.3s
2026-08-30 04:15:18 | Epoch 002/060 | loss 4.5979 | cls 4.6603 | tal -0.2080 | dual_g 0.0000 | dual_d 0.0000 | train_acc 0.2188 | train_full n/a | val_acc 0.1154 | val_f1 0.0385 | adv/moduleC 0.00/0.00 | disc_steps 0 | grad(main/disc) 29.655/0.000 | lr(main/disc) 9.00e-05/2.75e-05 | cuda_peak(alloc/resv) 4.09/5.12GB | phase(train/val/raw/train_eval) 0.9/0.4/0.0/0.0s | 1.2s
2026-08-30 04:15:20 | Epoch 003/060 | loss 4.0638 | cls 4.0721 | tal -0.0277 | dual_g 0.0000 | dual_d 0.0000 | train_acc 0.3542 | train_full n/a | val_acc 0.1923 | val_f1 0.1885 | adv/moduleC 0.00/0.00 | disc_steps 0 | grad(main/disc) 25.816/0.000 | lr(main/disc) 9.00e-05/2.75e-05 | cuda_peak(alloc/resv) 4.09/5.12GB | phase(train/val/raw/train_eval) 0.9/0.4/0.4/0.0s | 1.6s
2026-08-30 04:15:22 | New best val_f1_macro_present: raw=0.1885 stable_score=0.0175 at epoch 3
2026-08-30 04:15:23 | Epoch 004/060 | loss 4.1750 | cls 3.8547 | tal -0.0192 | dual_g 0.3261 | dual_d 0.0000 | train_acc 0.3646 | train_full n/a | val_acc 0.2692 | val_f1 0.2851 | adv/moduleC 0.00/0.12 | disc_steps 0 | grad(main/disc) 25.840/0.000 | lr(main/disc) 9.00e-05/2.75e-05 | cuda_peak(alloc/resv) 4.09/5.12GB | phase(train/val/raw/train_eval) 0.6/0.4/0.4/0.0s | 1.4s
2026-08-30 04:15:25 | New best val_f1_macro_present: raw=0.2851 stable_score=0.0385 at epoch 4
2026-08-30 04:15:27 | Epoch 005/060 | loss 4.1214 | cls 3.5261 | tal 0.0271 | dual_g 0.5872 | dual_d 0.0000 | train_acc 0.4792 | train_full 0.2708 | val_acc 0.3462 | val_f1 0.3132 | adv/moduleC 0.00/0.25 | disc_steps 0 | grad(main/disc) 23.540/0.000 | lr(main/disc) 9.00e-05/2.75e-05 | cuda_peak(alloc/resv) 4.09/5.12GB | phase(train/val/raw/train_eval) 0.8/0.4/0.4/0.4s | 2.0s
2026-08-30 04:15:29 | New best val_f1_macro_present: raw=0.3132 stable_score=0.1885 at epoch 5
2026-08-30 04:15:31 | Epoch 006/060 | loss 3.9913 | cls 3.1710 | tal 0.0070 | dual_g 0.8181 | dual_d 0.0000 | train_acc 0.5625 | train_full n/a | val_acc 0.2308 | val_f1 0.1444 | adv/moduleC 0.00/0.38 | disc_steps 0 | grad(main/disc) 22.403/0.000 | lr(main/disc) 9.00e-05/2.75e-05 | cuda_peak(alloc/resv) 4.09/5.12GB | phase(train/val/raw/train_eval) 0.9/0.4/0.0/0.0s | 1.2s
2026-08-30 04:15:32 | Epoch 007/060 | loss 4.0265 | cls 3.0137 | tal 0.0251 | dual_g 1.0053 | dual_d 0.9040 | train_acc 0.6146 | train_full n/a | val_acc 0.2692 | val_f1 0.2692 | adv/moduleC 0.07/0.50 | disc_steps 3 | grad(main/disc) 23.554/2.451 | lr(main/disc) 9.00e-05/2.75e-05 | cuda_peak(alloc/resv) 4.09/5.12GB | phase(train/val/raw/train_eval) 0.8/0.4/0.0/0.0s | 1.1s
2026-08-30 04:15:33 | Epoch 008/060 | loss 4.0951 | cls 2.8594 | tal 0.0963 | dual_g 1.2068 | dual_d 0.8872 | train_acc 0.7292 | train_full n/a | val_acc 0.2692 | val_f1 0.2670 | adv/moduleC 0.13/0.62 | disc_steps 3 | grad(main/disc) 23.209/2.396 | lr(main/disc) 9.00e-05/2.75e-05 | cuda_peak(alloc/resv) 4.09/5.12GB | phase(train/val/raw/train_eval) 1.0/0.4/0.0/0.0s | 1.3s
2026-08-30 04:15:35 | Epoch 009/060 | loss 4.0201 | cls 2.6878 | tal 0.0200 | dual_g 1.3262 | dual_d 0.8804 | train_acc 0.6042 | train_full n/a | val_acc 0.4615 | val_f1 0.4359 | adv/moduleC 0.20/0.75 | disc_steps 3 | grad(main/disc) 23.425/2.356 | lr(main/disc) 9.00e-05/2.75e-05 | cuda_peak(alloc/resv) 4.09/5.12GB | phase(train/val/raw/train_eval) 0.7/0.4/0.4/0.0s | 1.5s
2026-08-30 04:15:37 | New best val_f1_macro_present: raw=0.4359 stable_score=0.2670 at epoch 9
2026-08-30 04:15:39 | Epoch 010/060 | loss 3.7639 | cls 2.3068 | tal 0.0351 | dual_g 1.4467 | dual_d 0.9716 | train_acc 0.8333 | train_full 0.5000 | val_acc 0.4615 | val_f1 0.4430 | adv/moduleC 0.27/0.88 | disc_steps 3 | grad(main/disc) 20.189/2.517 | lr(main/disc) 9.00e-05/2.75e-05 | cuda_peak(alloc/resv) 4.09/5.12GB | phase(train/val/raw/train_eval) 0.6/0.4/0.4/0.4s | 1.8s
2026-08-30 04:15:40 | Epoch 011/060 | loss 3.8555 | cls 2.3330 | tal -0.0747 | dual_g 1.5449 | dual_d 0.9233 | train_acc 0.7708 | train_full n/a | val_acc 0.5000 | val_f1 0.4978 | adv/moduleC 0.33/1.00 | disc_steps 3 | grad(main/disc) 22.440/2.410 | lr(main/disc) 9.00e-05/2.75e-05 | cuda_peak(alloc/resv) 4.09/5.12GB | phase(train/val/raw/train_eval) 0.7/0.4/0.4/0.0s | 1.5s
2026-08-30 04:15:42 | New best val_f1_macro_present: raw=0.4978 stable_score=0.4359 at epoch 11
2026-08-30 04:15:44 | Epoch 012/060 | loss 3.6799 | cls 2.2454 | tal -0.0562 | dual_g 1.4513 | dual_d 0.8888 | train_acc 0.7917 | train_full n/a | val_acc 0.6154 | val_f1 0.6224 | adv/moduleC 0.40/1.00 | disc_steps 3 | grad(main/disc) 20.733/2.451 | lr(main/disc) 9.00e-05/2.75e-05 | cuda_peak(alloc/resv) 4.09/5.12GB | phase(train/val/raw/train_eval) 0.9/0.4/0.4/0.0s | 1.7s
2026-08-30 04:15:46 | New best val_f1_macro_present: raw=0.6224 stable_score=0.4430 at epoch 12
2026-08-30 04:15:48 | Epoch 013/060 | loss 3.7493 | cls 2.3132 | tal -0.1858 | dual_g 1.4918 | dual_d 0.8445 | train_acc 0.7812 | train_full n/a | val_acc 0.5000 | val_f1 0.5037 | adv/moduleC 0.47/1.00 | disc_steps 3 | grad(main/disc) 22.551/2.451 | lr(main/disc) 9.00e-05/2.75e-05 | cuda_peak(alloc/resv) 4.09/5.12GB | phase(train/val/raw/train_eval) 0.9/0.4/0.4/0.0s | 1.6s
2026-08-30 04:15:50 | New best val_f1_macro_present: raw=0.5037 stable_score=0.4978 at epoch 13
2026-08-30 04:15:51 | Epoch 014/060 | loss 3.4850 | cls 2.0559 | tal -0.1267 | dual_g 1.4671 | dual_d 0.8138 | train_acc 0.8646 | train_full n/a | val_acc 0.6154 | val_f1 0.6466 | adv/moduleC 0.53/1.00 | disc_steps 3 | grad(main/disc) 21.841/2.215 | lr(main/disc) 9.00e-05/2.75e-05 | cuda_peak(alloc/resv) 4.09/5.12GB | phase(train/val/raw/train_eval) 0.7/0.4/0.4/0.0s | 1.5s
2026-08-30 04:15:53 | New best val_f1_macro_present: raw=0.6466 stable_score=0.5037 at epoch 14
2026-08-30 04:15:55 | Epoch 015/060 | loss 3.1838 | cls 1.8972 | tal -0.1784 | dual_g 1.3401 | dual_d 0.8396 | train_acc 0.9062 | train_full 0.8021 | val_acc 0.6923 | val_f1 0.7078 | adv/moduleC 0.60/1.00 | disc_steps 3 | grad(main/disc) 18.804/2.302 | lr(main/disc) 9.00e-05/2.75e-05 | cuda_peak(alloc/resv) 4.09/5.12GB | phase(train/val/raw/train_eval) 0.8/0.4/0.4/0.4s | 1.9s
2026-08-30 04:15:57 | Epoch 016/060 | loss 3.3103 | cls 1.9749 | tal -0.0956 | dual_g 1.3641 | dual_d 0.8762 | train_acc 0.8125 | train_full n/a | val_acc 0.7692 | val_f1 0.7684 | adv/moduleC 0.67/1.00 | disc_steps 3 | grad(main/disc) 22.045/2.305 | lr(main/disc) 9.00e-05/2.75e-05 | cuda_peak(alloc/resv) 4.09/5.12GB | phase(train/val/raw/train_eval) 1.2/0.4/0.4/0.0s | 1.9s
2026-08-30 04:15:59 | New best val_f1_macro_present: raw=0.7684 stable_score=0.6466 at epoch 16
2026-08-30 04:16:01 | Epoch 017/060 | loss 2.8791 | cls 1.7222 | tal -0.1552 | dual_g 1.2035 | dual_d 0.8397 | train_acc 0.9271 | train_full n/a | val_acc 0.7692 | val_f1 0.7759 | adv/moduleC 0.73/1.00 | disc_steps 3 | grad(main/disc) 17.039/2.285 | lr(main/disc) 9.00e-05/2.75e-05 | cuda_peak(alloc/resv) 4.09/5.12GB | phase(train/val/raw/train_eval) 0.8/0.4/0.4/0.0s | 1.5s
2026-08-30 04:16:03 | New best val_f1_macro_present: raw=0.7759 stable_score=0.7078 at epoch 17
2026-08-30 04:16:04 | Epoch 018/060 | loss 3.0071 | cls 1.8115 | tal -0.1528 | dual_g 1.2414 | dual_d 0.8031 | train_acc 0.9375 | train_full n/a | val_acc 0.5769 | val_f1 0.5694 | adv/moduleC 0.80/1.00 | disc_steps 3 | grad(main/disc) 18.838/2.103 | lr(main/disc) 9.00e-05/2.75e-05 | cuda_peak(alloc/resv) 4.09/5.12GB | phase(train/val/raw/train_eval) 0.7/0.4/0.0/0.0s | 1.1s
2026-08-30 04:16:05 | Epoch 019/060 | loss 2.8077 | cls 1.6888 | tal -0.1307 | dual_g 1.1581 | dual_d 0.8842 | train_acc 0.9167 | train_full n/a | val_acc 0.5769 | val_f1 0.5957 | adv/moduleC 0.87/1.00 | disc_steps 3 | grad(main/disc) 15.388/2.131 | lr(main/disc) 9.00e-05/2.75e-05 | cuda_peak(alloc/resv) 4.09/5.12GB | phase(train/val/raw/train_eval) 0.8/0.4/0.0/0.0s | 1.2s
2026-08-30 04:16:07 | Epoch 020/060 | loss 2.9710 | cls 1.8443 | tal -0.1684 | dual_g 1.1771 | dual_d 0.8565 | train_acc 0.8750 | train_full 0.8542 | val_acc 0.8077 | val_f1 0.8319 | adv/moduleC 0.93/1.00 | disc_steps 3 | grad(main/disc) 17.874/2.236 | lr(main/disc) 9.00e-05/2.75e-05 | cuda_peak(alloc/resv) 4.09/5.12GB | phase(train/val/raw/train_eval) 0.7/0.4/0.4/0.4s | 1.9s
2026-08-30 04:16:08 | Epoch 021/060 | loss 2.6657 | cls 1.6003 | tal -0.1271 | dual_g 1.1036 | dual_d 0.7996 | train_acc 0.9688 | train_full n/a | val_acc 0.8846 | val_f1 0.9004 | adv/moduleC 1.00/1.00 | disc_steps 3 | grad(main/disc) 15.492/2.109 | lr(main/disc) 9.00e-05/2.75e-05 | cuda_peak(alloc/resv) 4.09/5.12GB | phase(train/val/raw/train_eval) 0.9/0.4/0.0/0.0s | 1.3s
2026-08-30 04:16:10 | Epoch 022/060 | loss 2.6869 | cls 1.6164 | tal -0.1730 | dual_g 1.1225 | dual_d 0.8194 | train_acc 0.9583 | train_full n/a | val_acc 0.8846 | val_f1 0.9004 | adv/moduleC 1.00/1.00 | disc_steps 3 | grad(main/disc) 16.309/2.173 | lr(main/disc) 9.00e-05/2.75e-05 | cuda_peak(alloc/resv) 4.09/5.12GB | phase(train/val/raw/train_eval) 0.8/0.4/0.4/0.0s | 1.6s
2026-08-30 04:16:12 | New best val_f1_macro_present: raw=0.9004 stable_score=0.8319 at epoch 22
2026-08-30 04:16:13 | Epoch 023/060 | loss 2.8972 | cls 1.7296 | tal -0.1738 | dual_g 1.2198 | dual_d 0.8312 | train_acc 0.9271 | train_full n/a | val_acc 0.8846 | val_f1 0.9004 | adv/moduleC 1.00/1.00 | disc_steps 3 | grad(main/disc) 19.923/2.081 | lr(main/disc) 9.00e-05/2.75e-05 | cuda_peak(alloc/resv) 4.09/5.12GB | phase(train/val/raw/train_eval) 0.8/0.4/0.4/0.0s | 1.5s
2026-08-30 04:16:16 | New best val_f1_macro_present: raw=0.9004 stable_score=0.9004 at epoch 23
2026-08-30 04:16:17 | Epoch 024/060 | loss 2.6705 | cls 1.6351 | tal -0.1929 | dual_g 1.0932 | dual_d 0.8769 | train_acc 0.9792 | train_full n/a | val_acc 0.8462 | val_f1 0.8612 | adv/moduleC 1.00/1.00 | disc_steps 3 | grad(main/disc) 16.097/2.178 | lr(main/disc) 9.00e-05/2.75e-05 | cuda_peak(alloc/resv) 4.09/5.12GB | phase(train/val/raw/train_eval) 0.7/0.4/0.0/0.0s | 1.1s
2026-08-30 04:16:19 | Epoch 025/060 | loss 2.9137 | cls 1.7241 | tal -0.1283 | dual_g 1.2280 | dual_d 0.8585 | train_acc 0.9271 | train_full 0.8958 | val_acc 0.8846 | val_f1 0.8861 | adv/moduleC 1.00/1.00 | disc_steps 3 | grad(main/disc) 18.208/2.184 | lr(main/disc) 9.00e-05/2.75e-05 | cuda_peak(alloc/resv) 4.09/5.12GB | phase(train/val/raw/train_eval) 0.8/0.4/0.4/0.4s | 2.0s
2026-08-30 04:16:20 | Epoch 026/060 | loss 2.6587 | cls 1.6078 | tal -0.1359 | dual_g 1.0917 | dual_d 0.7973 | train_acc 0.9688 | train_full n/a | val_acc 0.9231 | val_f1 0.9219 | adv/moduleC 1.00/1.00 | disc_steps 3 | grad(main/disc) 19.358/1.973 | lr(main/disc) 9.00e-05/2.75e-05 | cuda_peak(alloc/resv) 4.09/5.12GB | phase(train/val/raw/train_eval) 0.7/0.4/0.0/0.0s | 1.1s
2026-08-30 04:16:21 | Epoch 027/060 | loss 2.5040 | cls 1.4566 | tal -0.1478 | dual_g 1.0917 | dual_d 0.8515 | train_acc 0.9792 | train_full n/a | val_acc 0.8462 | val_f1 0.8627 | adv/moduleC 1.00/1.00 | disc_steps 3 | grad(main/disc) 13.039/2.121 | lr(main/disc) 9.00e-05/2.75e-05 | cuda_peak(alloc/resv) 4.09/5.12GB | phase(train/val/raw/train_eval) 1.1/0.4/0.0/0.0s | 1.4s
2026-08-30 04:16:22 | Epoch 028/060 | loss 2.6875 | cls 1.6265 | tal -0.1181 | dual_g 1.0965 | dual_d 0.7931 | train_acc 0.9792 | train_full n/a | val_acc 0.9615 | val_f1 0.9556 | adv/moduleC 1.00/1.00 | disc_steps 3 | grad(main/disc) 16.825/2.023 | lr(main/disc) 9.00e-05/2.75e-05 | cuda_peak(alloc/resv) 4.09/5.12GB | phase(train/val/raw/train_eval) 0.8/0.4/0.0/0.0s | 1.2s
2026-08-30 04:16:23 | Epoch 029/060 | loss 2.4800 | cls 1.4715 | tal -0.1578 | dual_g 1.0558 | dual_d 0.8927 | train_acc 0.9583 | train_full n/a | val_acc 1.0000 | val_f1 1.0000 | adv/moduleC 1.00/1.00 | disc_steps 3 | grad(main/disc) 13.875/2.258 | lr(main/disc) 9.00e-05/2.75e-05 | cuda_peak(alloc/resv) 4.09/5.12GB | phase(train/val/raw/train_eval) 0.8/0.4/0.0/0.0s | 1.1s
2026-08-30 04:16:25 | Epoch 030/060 | loss 2.4803 | cls 1.4499 | tal -0.2060 | dual_g 1.0922 | dual_d 0.9171 | train_acc 0.9792 | train_full 1.0000 | val_acc 1.0000 | val_f1 1.0000 | adv/moduleC 1.00/1.00 | disc_steps 3 | grad(main/disc) 12.736/2.333 | lr(main/disc) 9.00e-05/2.75e-05 | cuda_peak(alloc/resv) 4.09/5.12GB | phase(train/val/raw/train_eval) 0.7/0.4/0.4/0.4s | 1.9s
2026-08-30 04:16:27 | New best val_f1_macro_present: raw=1.0000 stable_score=0.9556 at epoch 30
2026-08-30 04:16:29 | Epoch 031/060 | loss 2.3743 | cls 1.3804 | tal -0.0544 | dual_g 1.0102 | dual_d 0.8592 | train_acc 0.9896 | train_full n/a | val_acc 0.9615 | val_f1 0.9556 | adv/moduleC 1.00/1.00 | disc_steps 3 | grad(main/disc) 10.385/2.089 | lr(main/disc) 9.00e-05/2.75e-05 | cuda_peak(alloc/resv) 4.09/5.12GB | phase(train/val/raw/train_eval) 0.7/0.4/0.0/0.0s | 1.1s
2026-08-30 04:16:30 | Epoch 032/060 | loss 2.4352 | cls 1.4555 | tal -0.1126 | dual_g 1.0135 | dual_d 0.9145 | train_acc 0.9896 | train_full n/a | val_acc 0.9615 | val_f1 0.9556 | adv/moduleC 1.00/1.00 | disc_steps 3 | grad(main/disc) 12.432/2.116 | lr(main/disc) 9.00e-05/2.75e-05 | cuda_peak(alloc/resv) 4.09/5.12GB | phase(train/val/raw/train_eval) 0.7/0.4/0.0/0.0s | 1.1s
2026-08-30 04:16:31 | Epoch 033/060 | loss 2.4110 | cls 1.4387 | tal -0.1373 | dual_g 1.0135 | dual_d 0.8749 | train_acc 0.9583 | train_full n/a | val_acc 0.9615 | val_f1 0.9556 | adv/moduleC 1.00/1.00 | disc_steps 3 | grad(main/disc) 12.696/2.088 | lr(main/disc) 9.00e-05/2.75e-05 | cuda_peak(alloc/resv) 4.09/5.12GB | phase(train/val/raw/train_eval) 1.0/0.4/0.0/0.0s | 1.3s
2026-08-30 04:16:32 | Epoch 034/060 | loss 2.4114 | cls 1.4374 | tal -0.0882 | dual_g 1.0004 | dual_d 0.8276 | train_acc 0.9792 | train_full n/a | val_acc 1.0000 | val_f1 1.0000 | adv/moduleC 1.00/1.00 | disc_steps 3 | grad(main/disc) 14.029/2.161 | lr(main/disc) 9.00e-05/2.75e-05 | cuda_peak(alloc/resv) 4.09/5.12GB | phase(train/val/raw/train_eval) 1.0/0.4/0.0/0.0s | 1.3s
2026-08-30 04:16:34 | Epoch 035/060 | loss 2.4290 | cls 1.4642 | tal -0.1172 | dual_g 0.9999 | dual_d 0.8470 | train_acc 0.9896 | train_full 0.9896 | val_acc 1.0000 | val_f1 1.0000 | adv/moduleC 1.00/1.00 | disc_steps 3 | grad(main/disc) 12.976/2.186 | lr(main/disc) 9.00e-05/2.75e-05 | cuda_peak(alloc/resv) 4.09/5.12GB | phase(train/val/raw/train_eval) 0.8/0.4/0.4/0.4s | 2.0s
2026-08-30 04:16:36 | Epoch 036/060 | loss 2.3294 | cls 1.4189 | tal -0.1771 | dual_g 0.9636 | dual_d 0.8506 | train_acc 0.9688 | train_full n/a | val_acc 1.0000 | val_f1 1.0000 | adv/moduleC 1.00/1.00 | disc_steps 3 | grad(main/disc) 11.517/2.086 | lr(main/disc) 9.00e-05/2.75e-05 | cuda_peak(alloc/resv) 4.09/5.12GB | phase(train/val/raw/train_eval) 0.7/0.4/0.4/0.0s | 1.5s
2026-08-30 04:16:38 | New best val_f1_macro_present: raw=1.0000 stable_score=1.0000 at epoch 36
2026-08-30 04:16:39 | Epoch 037/060 | loss 2.2741 | cls 1.3724 | tal -0.1980 | dual_g 0.9611 | dual_d 0.8484 | train_acc 1.0000 | train_full n/a | val_acc 1.0000 | val_f1 1.0000 | adv/moduleC 1.00/1.00 | disc_steps 3 | grad(main/disc) 10.690/2.120 | lr(main/disc) 9.00e-05/2.75e-05 | cuda_peak(alloc/resv) 4.09/5.12GB | phase(train/val/raw/train_eval) 0.9/0.4/0.0/0.0s | 1.3s
2026-08-30 04:16:40 | Epoch 038/060 | loss 2.3601 | cls 1.4396 | tal -0.2542 | dual_g 0.9968 | dual_d 0.8280 | train_acc 0.9688 | train_full n/a | val_acc 1.0000 | val_f1 1.0000 | adv/moduleC 1.00/1.00 | disc_steps 3 | grad(main/disc) 13.045/2.126 | lr(main/disc) 4.50e-05/1.38e-05 | cuda_peak(alloc/resv) 4.09/5.12GB | phase(train/val/raw/train_eval) 1.0/0.4/0.0/0.0s | 1.3s
2026-08-30 04:16:42 | Epoch 039/060 | loss 2.1911 | cls 1.2953 | tal -0.2166 | dual_g 0.9608 | dual_d 0.8919 | train_acc 0.9896 | train_full n/a | val_acc 1.0000 | val_f1 1.0000 | adv/moduleC 1.00/1.00 | disc_steps 3 | grad(main/disc) 7.387/2.155 | lr(main/disc) 4.50e-05/1.38e-05 | cuda_peak(alloc/resv) 4.09/5.12GB | phase(train/val/raw/train_eval) 0.9/0.4/0.0/0.0s | 1.3s
2026-08-30 04:16:44 | Epoch 040/060 | loss 2.2895 | cls 1.3895 | tal -0.1930 | dual_g 0.9579 | dual_d 0.8667 | train_acc 0.9896 | train_full 1.0000 | val_acc 1.0000 | val_f1 1.0000 | adv/moduleC 1.00/1.00 | disc_steps 3 | grad(main/disc) 10.473/2.127 | lr(main/disc) 4.50e-05/1.38e-05 | cuda_peak(alloc/resv) 4.09/5.12GB | phase(train/val/raw/train_eval) 0.8/0.4/0.4/0.4s | 1.9s
2026-08-30 04:16:45 | Epoch 041/060 | loss 2.2324 | cls 1.3208 | tal -0.1044 | dual_g 0.9430 | dual_d 0.8494 | train_acc 1.0000 | train_full n/a | val_acc 1.0000 | val_f1 1.0000 | adv/moduleC 1.00/1.00 | disc_steps 3 | grad(main/disc) 8.039/2.192 | lr(main/disc) 4.50e-05/1.38e-05 | cuda_peak(alloc/resv) 4.09/5.12GB | phase(train/val/raw/train_eval) 0.8/0.4/0.0/0.0s | 1.1s
2026-08-30 04:16:46 | Epoch 042/060 | loss 2.2903 | cls 1.3938 | tal -0.1957 | dual_g 0.9552 | dual_d 0.7880 | train_acc 1.0000 | train_full n/a | val_acc 1.0000 | val_f1 1.0000 | adv/moduleC 1.00/1.00 | disc_steps 3 | grad(main/disc) 9.783/2.066 | lr(main/disc) 4.50e-05/1.38e-05 | cuda_peak(alloc/resv) 4.09/5.12GB | phase(train/val/raw/train_eval) 0.9/0.4/0.0/0.0s | 1.3s
2026-08-30 04:16:47 | Epoch 043/060 | loss 2.1143 | cls 1.2821 | tal -0.2467 | dual_g 0.9062 | dual_d 0.8779 | train_acc 1.0000 | train_full n/a | val_acc 0.9615 | val_f1 0.9663 | adv/moduleC 1.00/1.00 | disc_steps 3 | grad(main/disc) 7.317/2.129 | lr(main/disc) 4.50e-05/1.38e-05 | cuda_peak(alloc/resv) 4.09/5.12GB | phase(train/val/raw/train_eval) 0.9/0.4/0.0/0.0s | 1.3s
2026-08-30 04:16:49 | Epoch 044/060 | loss 2.3193 | cls 1.4024 | tal -0.1675 | dual_g 0.9672 | dual_d 0.8359 | train_acc 0.9896 | train_full n/a | val_acc 1.0000 | val_f1 1.0000 | adv/moduleC 1.00/1.00 | disc_steps 3 | grad(main/disc) 10.824/2.098 | lr(main/disc) 4.50e-05/1.38e-05 | cuda_peak(alloc/resv) 4.09/5.12GB | phase(train/val/raw/train_eval) 0.8/0.4/0.0/0.0s | 1.2s
2026-08-30 04:16:51 | Epoch 045/060 | loss 2.3483 | cls 1.4354 | tal -0.2032 | dual_g 0.9739 | dual_d 0.8434 | train_acc 0.9896 | train_full 0.9896 | val_acc 1.0000 | val_f1 1.0000 | adv/moduleC 1.00/1.00 | disc_steps 3 | grad(main/disc) 13.095/2.057 | lr(main/disc) 4.50e-05/1.38e-05 | cuda_peak(alloc/resv) 4.09/5.12GB | phase(train/val/raw/train_eval) 1.0/0.4/0.4/0.4s | 2.1s
2026-08-30 04:16:52 | Epoch 046/060 | loss 2.2613 | cls 1.3546 | tal -0.2490 | dual_g 0.9814 | dual_d 0.9146 | train_acc 0.9792 | train_full n/a | val_acc 1.0000 | val_f1 1.0000 | adv/moduleC 1.00/1.00 | disc_steps 3 | grad(main/disc) 9.988/2.138 | lr(main/disc) 4.50e-05/1.38e-05 | cuda_peak(alloc/resv) 4.09/5.12GB | phase(train/val/raw/train_eval) 0.7/0.4/0.0/0.0s | 1.1s
2026-08-30 04:16:53 | Epoch 047/060 | loss 2.2395 | cls 1.3684 | tal -0.1981 | dual_g 0.9305 | dual_d 0.9115 | train_acc 0.9896 | train_full n/a | val_acc 1.0000 | val_f1 1.0000 | adv/moduleC 1.00/1.00 | disc_steps 3 | grad(main/disc) 8.850/2.111 | lr(main/disc) 2.25e-05/6.88e-06 | cuda_peak(alloc/resv) 4.09/5.12GB | phase(train/val/raw/train_eval) 0.6/0.4/0.0/0.0s | 1.0s
2026-08-30 04:16:54 | Epoch 048/060 | loss 2.1902 | cls 1.3562 | tal -0.2464 | dual_g 0.9079 | dual_d 0.8624 | train_acc 1.0000 | train_full n/a | val_acc 1.0000 | val_f1 1.0000 | adv/moduleC 1.00/1.00 | disc_steps 3 | grad(main/disc) 8.672/2.147 | lr(main/disc) 2.25e-05/6.88e-06 | cuda_peak(alloc/resv) 4.09/5.12GB | phase(train/val/raw/train_eval) 0.9/0.4/0.0/0.0s | 1.3s
2026-08-30 04:16:54 | Early stopping at epoch 48 after 12 epochs without val_f1_macro_present improvement.
2026-08-30 04:16:54 | Training complete. Peak validation accuracy: 1.0000 | selected val_f1_macro_present: 1.0000
