2026-08-27 14:12:56 | Starting Dual_D standalone training
2026-08-27 14:12:56 | Run directory: runs/module_c_ablation_60_v5/module_c_20260827_121947/module_c_no_identity_逆光_20260827_135710
2026-08-27 14:12:56 | Device: cuda
2026-08-27 14:12:56 | Source train samples: 992
2026-08-27 14:12:56 | Target train samples: 132
2026-08-27 14:12:56 | Target val samples: 37
2026-08-27 14:12:56 | Classes: 14
2026-08-27 14:12:56 | Data audit: same_dir=False | path_overlap(vis/ir/ais)=0/0/0 | content_overlap(vis/ir/ais)=0/0/0 | ais_index_overlap=0 | stem_mismatch(vis-ir/vis-ais)=157/0
2026-08-27 14:12:56 | source_train classes: present 14/14 | absent 0 | counts [0:120, 1:44, 2:69, 3:45, 4:40, 5:30, 6:64, 7:80, 8:116, 9:68, 10:57, 11:83, 12:48, 13:128]
2026-08-27 14:12:56 | target_train classes: present 9/14 | absent 5 | counts [0:20, 2:12, 4:12, 5:2, 9:16, 10:16, 11:29, 12:4, 13:21]
2026-08-27 14:12:56 | target_val classes: present 9/14 | absent 5 | counts [0:6, 2:3, 4:4, 5:1, 9:4, 10:4, 11:8, 12:1, 13:6]
2026-08-27 14:12:56 | Paired training classes: 9/14 | class ids [0, 2, 4, 5, 9, 10, 11, 12, 13]
2026-08-27 14:12:56 | Runtime profile: batch=92 | paired_steps=3 | workers=16 | train_eval_every=5 | raw_eval_every=5 | early_stop=15 after min_epoch=25
2026-08-27 14:12:56 | VIS/IR pairing: class-level-unpaired | count-mismatch classes train/val: 10/1 | AIS alignment: none | AIS rows train/val: 0/0
2026-08-27 14:12:57 | Model parameters: total=17277714 | trainable=17120210
2026-08-27 14:13:02 | Epoch 001/060 | loss 5.3859 | cls 5.4598 | tal -0.2464 | dual_g 0.0000 | dual_d 0.0000 | train_acc 0.0435 | train_full 0.1212 | val_acc 0.1892 | val_f1 0.0984 | adv/moduleC 0.00/0.00 | disc_steps 0 | grad(main/disc) 15.868/0.000 | lr(main/disc) 7.00e-05/3.50e-05 | cuda_peak(alloc/resv) 21.77/28.18GB | phase(train/val/raw/train_eval) 3.4/0.5/0.5/0.7s | 5.1s
2026-08-27 14:13:05 | New best val_f1_macro_present: 0.0984 at epoch 1
2026-08-27 14:13:08 | Epoch 002/060 | loss 4.8803 | cls 4.8632 | tal 0.0570 | dual_g 0.0000 | dual_d 0.0000 | train_acc 0.1123 | train_full n/a | val_acc 0.1892 | val_f1 0.0944 | adv/moduleC 0.00/0.00 | disc_steps 0 | grad(main/disc) 13.651/0.000 | lr(main/disc) 7.00e-05/3.50e-05 | cuda_peak(alloc/resv) 21.77/28.18GB | phase(train/val/raw/train_eval) 3.1/0.5/0.0/0.0s | 3.6s
2026-08-27 14:13:12 | Epoch 003/060 | loss 4.4435 | cls 4.4216 | tal 0.0728 | dual_g 0.0000 | dual_d 0.0000 | train_acc 0.1957 | train_full n/a | val_acc 0.1892 | val_f1 0.1423 | adv/moduleC 0.00/0.00 | disc_steps 0 | grad(main/disc) 12.023/0.000 | lr(main/disc) 7.00e-05/3.50e-05 | cuda_peak(alloc/resv) 21.77/28.18GB | phase(train/val/raw/train_eval) 3.1/0.5/0.5/0.0s | 4.0s
2026-08-27 14:13:15 | New best val_f1_macro_present: 0.1423 at epoch 3
2026-08-27 14:13:18 | Epoch 004/060 | loss 4.0718 | cls 4.0504 | tal 0.0714 | dual_g 0.0000 | dual_d 0.0000 | train_acc 0.2899 | train_full n/a | val_acc 0.1351 | val_f1 0.0926 | adv/moduleC 0.00/0.00 | disc_steps 0 | grad(main/disc) 11.235/0.000 | lr(main/disc) 7.00e-05/3.50e-05 | cuda_peak(alloc/resv) 21.77/28.18GB | phase(train/val/raw/train_eval) 2.9/0.5/0.0/0.0s | 3.4s
2026-08-27 14:13:23 | Epoch 005/060 | loss 3.7901 | cls 3.7969 | tal -0.0227 | dual_g 0.0000 | dual_d 0.0000 | train_acc 0.3442 | train_full 0.2121 | val_acc 0.1622 | val_f1 0.1085 | adv/moduleC 0.00/0.00 | disc_steps 0 | grad(main/disc) 10.557/0.000 | lr(main/disc) 7.00e-05/3.50e-05 | cuda_peak(alloc/resv) 21.77/28.18GB | phase(train/val/raw/train_eval) 3.1/0.5/0.5/0.8s | 4.9s
2026-08-27 14:13:27 | Epoch 006/060 | loss 3.7865 | cls 3.5226 | tal 0.0090 | dual_g 0.2612 | dual_d 0.8258 | train_acc 0.3804 | train_full n/a | val_acc 0.2703 | val_f1 0.2623 | adv/moduleC 0.05/0.10 | disc_steps 1 | grad(main/disc) 10.041/1.819 | lr(main/disc) 7.00e-05/3.50e-05 | cuda_peak(alloc/resv) 21.77/28.18GB | phase(train/val/raw/train_eval) 3.0/0.6/0.5/0.0s | 4.1s
2026-08-27 14:13:30 | New best val_f1_macro_present: 0.2623 at epoch 6
2026-08-27 14:13:34 | Epoch 007/060 | loss 3.8488 | cls 3.3882 | tal -0.0554 | dual_g 0.4773 | dual_d 0.8521 | train_acc 0.4312 | train_full n/a | val_acc 0.4865 | val_f1 0.5041 | adv/moduleC 0.10/0.20 | disc_steps 1 | grad(main/disc) 9.876/1.893 | lr(main/disc) 7.00e-05/3.50e-05 | cuda_peak(alloc/resv) 21.77/28.18GB | phase(train/val/raw/train_eval) 3.1/0.5/0.5/0.0s | 4.0s
2026-08-27 14:13:37 | New best val_f1_macro_present: 0.5041 at epoch 7
2026-08-27 14:13:41 | Epoch 008/060 | loss 3.7953 | cls 3.1109 | tal -0.0633 | dual_g 0.7033 | dual_d 0.7837 | train_acc 0.5181 | train_full n/a | val_acc 0.6757 | val_f1 0.7541 | adv/moduleC 0.15/0.30 | disc_steps 1 | grad(main/disc) 9.577/1.696 | lr(main/disc) 7.00e-05/3.50e-05 | cuda_peak(alloc/resv) 21.77/28.18GB | phase(train/val/raw/train_eval) 3.1/0.5/0.5/0.0s | 4.1s
2026-08-27 14:13:44 | New best val_f1_macro_present: 0.7541 at epoch 8
2026-08-27 14:13:47 | Epoch 009/060 | loss 3.9214 | cls 3.0371 | tal -0.0796 | dual_g 0.9081 | dual_d 0.7576 | train_acc 0.4783 | train_full n/a | val_acc 0.7838 | val_f1 0.8373 | adv/moduleC 0.20/0.40 | disc_steps 1 | grad(main/disc) 10.018/1.669 | lr(main/disc) 7.00e-05/3.50e-05 | cuda_peak(alloc/resv) 21.77/28.18GB | phase(train/val/raw/train_eval) 2.9/0.5/0.5/0.0s | 3.9s
2026-08-27 14:13:50 | New best val_f1_macro_present: 0.8373 at epoch 9
2026-08-27 14:13:55 | Epoch 010/060 | loss 3.9447 | cls 2.9153 | tal -0.0811 | dual_g 1.0537 | dual_d 0.7645 | train_acc 0.5688 | train_full 0.8333 | val_acc 0.8919 | val_f1 0.9090 | adv/moduleC 0.25/0.50 | disc_steps 1 | grad(main/disc) 10.188/1.559 | lr(main/disc) 7.00e-05/3.50e-05 | cuda_peak(alloc/resv) 21.77/28.18GB | phase(train/val/raw/train_eval) 3.2/0.5/0.5/0.7s | 4.9s
2026-08-27 14:13:58 | New best val_f1_macro_present: 0.9090 at epoch 10
2026-08-27 14:14:02 | Epoch 011/060 | loss 3.8828 | cls 2.6743 | tal -0.0491 | dual_g 1.2232 | dual_d 0.7526 | train_acc 0.5978 | train_full n/a | val_acc 0.9189 | val_f1 0.9396 | adv/moduleC 0.30/0.60 | disc_steps 1 | grad(main/disc) 9.186/1.539 | lr(main/disc) 7.00e-05/3.50e-05 | cuda_peak(alloc/resv) 21.77/28.18GB | phase(train/val/raw/train_eval) 3.0/0.5/0.5/0.0s | 3.9s
2026-08-27 14:14:05 | New best val_f1_macro_present: 0.9396 at epoch 11
2026-08-27 14:14:08 | Epoch 012/060 | loss 4.0658 | cls 2.6852 | tal -0.0124 | dual_g 1.3843 | dual_d 0.7643 | train_acc 0.6123 | train_full n/a | val_acc 0.9189 | val_f1 0.9396 | adv/moduleC 0.35/0.70 | disc_steps 1 | grad(main/disc) 9.663/1.563 | lr(main/disc) 7.00e-05/3.50e-05 | cuda_peak(alloc/resv) 21.77/28.18GB | phase(train/val/raw/train_eval) 3.1/0.5/0.0/0.0s | 3.6s
2026-08-27 14:14:12 | Epoch 013/060 | loss 3.9996 | cls 2.5064 | tal 0.0128 | dual_g 1.4893 | dual_d 0.7631 | train_acc 0.6159 | train_full n/a | val_acc 0.9459 | val_f1 0.9578 | adv/moduleC 0.40/0.80 | disc_steps 1 | grad(main/disc) 9.475/1.495 | lr(main/disc) 7.00e-05/3.50e-05 | cuda_peak(alloc/resv) 21.77/28.18GB | phase(train/val/raw/train_eval) 3.0/0.5/0.5/0.0s | 4.0s
2026-08-27 14:14:15 | New best val_f1_macro_present: 0.9578 at epoch 13
2026-08-27 14:14:18 | Epoch 014/060 | loss 4.0447 | cls 2.4296 | tal 0.0328 | dual_g 1.6052 | dual_d 0.7779 | train_acc 0.6051 | train_full n/a | val_acc 0.9189 | val_f1 0.9397 | adv/moduleC 0.45/0.90 | disc_steps 1 | grad(main/disc) 9.798/1.579 | lr(main/disc) 7.00e-05/3.50e-05 | cuda_peak(alloc/resv) 21.77/28.18GB | phase(train/val/raw/train_eval) 2.9/0.5/0.0/0.0s | 3.4s
2026-08-27 14:14:23 | Epoch 015/060 | loss 4.0904 | cls 2.3354 | tal 0.0797 | dual_g 1.7310 | dual_d 0.7753 | train_acc 0.7283 | train_full 0.9470 | val_acc 0.9459 | val_f1 0.9532 | adv/moduleC 0.50/1.00 | disc_steps 1 | grad(main/disc) 9.674/1.522 | lr(main/disc) 7.00e-05/3.50e-05 | cuda_peak(alloc/resv) 21.77/28.18GB | phase(train/val/raw/train_eval) 3.2/0.5/0.5/0.7s | 4.9s
2026-08-27 14:14:27 | Epoch 016/060 | loss 3.8825 | cls 2.1736 | tal 0.0452 | dual_g 1.6953 | dual_d 0.8174 | train_acc 0.7210 | train_full n/a | val_acc 0.9459 | val_f1 0.9578 | adv/moduleC 0.55/1.00 | disc_steps 1 | grad(main/disc) 10.002/1.507 | lr(main/disc) 7.00e-05/3.50e-05 | cuda_peak(alloc/resv) 21.77/28.18GB | phase(train/val/raw/train_eval) 3.0/0.5/0.0/0.0s | 3.5s
2026-08-27 14:14:31 | Epoch 017/060 | loss 3.7850 | cls 2.1374 | tal 0.0186 | dual_g 1.6421 | dual_d 0.8335 | train_acc 0.7138 | train_full n/a | val_acc 0.9459 | val_f1 0.9616 | adv/moduleC 0.60/1.00 | disc_steps 1 | grad(main/disc) 9.495/1.536 | lr(main/disc) 7.00e-05/3.50e-05 | cuda_peak(alloc/resv) 21.77/28.18GB | phase(train/val/raw/train_eval) 2.8/0.5/0.5/0.0s | 3.8s
2026-08-27 14:14:33 | New best val_f1_macro_present: 0.9616 at epoch 17
2026-08-27 14:14:37 | Epoch 018/060 | loss 3.6830 | cls 2.0814 | tal 0.0855 | dual_g 1.5760 | dual_d 0.7953 | train_acc 0.7536 | train_full n/a | val_acc 0.8919 | val_f1 0.8774 | adv/moduleC 0.65/1.00 | disc_steps 1 | grad(main/disc) 9.284/1.510 | lr(main/disc) 7.00e-05/3.50e-05 | cuda_peak(alloc/resv) 21.77/28.18GB | phase(train/val/raw/train_eval) 3.2/0.5/0.0/0.0s | 3.6s
2026-08-27 14:14:41 | Epoch 019/060 | loss 3.7553 | cls 2.1083 | tal 0.0544 | dual_g 1.6307 | dual_d 0.8070 | train_acc 0.7572 | train_full n/a | val_acc 0.9189 | val_f1 0.9238 | adv/moduleC 0.70/1.00 | disc_steps 1 | grad(main/disc) 10.062/1.458 | lr(main/disc) 7.00e-05/3.50e-05 | cuda_peak(alloc/resv) 21.77/28.18GB | phase(train/val/raw/train_eval) 3.5/0.5/0.0/0.0s | 4.0s
2026-08-27 14:14:46 | Epoch 020/060 | loss 3.4638 | cls 1.9482 | tal 0.0308 | dual_g 1.5063 | dual_d 0.8399 | train_acc 0.7935 | train_full 0.9697 | val_acc 0.9730 | val_f1 0.9776 | adv/moduleC 0.75/1.00 | disc_steps 1 | grad(main/disc) 8.617/1.468 | lr(main/disc) 7.00e-05/3.50e-05 | cuda_peak(alloc/resv) 21.77/28.18GB | phase(train/val/raw/train_eval) 3.1/0.5/0.5/0.7s | 4.8s
2026-08-27 14:14:49 | New best val_f1_macro_present: 0.9776 at epoch 20
2026-08-27 14:14:52 | Epoch 021/060 | loss 3.4663 | cls 1.9228 | tal -0.0256 | dual_g 1.5512 | dual_d 0.8376 | train_acc 0.8152 | train_full n/a | val_acc 0.9730 | val_f1 0.9471 | adv/moduleC 0.80/1.00 | disc_steps 1 | grad(main/disc) 9.942/1.409 | lr(main/disc) 7.00e-05/3.50e-05 | cuda_peak(alloc/resv) 21.77/28.18GB | phase(train/val/raw/train_eval) 2.9/0.5/0.0/0.0s | 3.4s
2026-08-27 14:14:55 | Epoch 022/060 | loss 3.4548 | cls 1.9386 | tal -0.0227 | dual_g 1.5230 | dual_d 0.8286 | train_acc 0.8442 | train_full n/a | val_acc 0.9459 | val_f1 0.9485 | adv/moduleC 0.85/1.00 | disc_steps 1 | grad(main/disc) 10.953/1.446 | lr(main/disc) 7.00e-05/3.50e-05 | cuda_peak(alloc/resv) 21.77/28.18GB | phase(train/val/raw/train_eval) 3.1/0.5/0.0/0.0s | 3.6s
2026-08-27 14:14:59 | Epoch 023/060 | loss 3.3897 | cls 1.8977 | tal -0.0499 | dual_g 1.5069 | dual_d 0.8281 | train_acc 0.7899 | train_full n/a | val_acc 0.9459 | val_f1 0.9485 | adv/moduleC 0.90/1.00 | disc_steps 1 | grad(main/disc) 8.740/1.528 | lr(main/disc) 7.00e-05/3.50e-05 | cuda_peak(alloc/resv) 21.77/28.18GB | phase(train/val/raw/train_eval) 2.9/0.5/0.0/0.0s | 3.4s
2026-08-27 14:15:03 | Epoch 024/060 | loss 3.2076 | cls 1.8113 | tal 0.0137 | dual_g 1.3921 | dual_d 0.8436 | train_acc 0.8551 | train_full n/a | val_acc 0.9730 | val_f1 0.9840 | adv/moduleC 0.95/1.00 | disc_steps 1 | grad(main/disc) 9.241/1.466 | lr(main/disc) 7.00e-05/3.50e-05 | cuda_peak(alloc/resv) 21.77/28.18GB | phase(train/val/raw/train_eval) 3.2/0.5/0.5/0.0s | 4.1s
2026-08-27 14:15:06 | New best val_f1_macro_present: 0.9840 at epoch 24
2026-08-27 14:15:10 | Epoch 025/060 | loss 3.1959 | cls 1.8038 | tal -0.0423 | dual_g 1.4048 | dual_d 0.7872 | train_acc 0.8551 | train_full 0.9697 | val_acc 0.9730 | val_f1 0.9802 | adv/moduleC 1.00/1.00 | disc_steps 1 | grad(main/disc) 8.937/1.364 | lr(main/disc) 7.00e-05/3.50e-05 | cuda_peak(alloc/resv) 21.77/28.18GB | phase(train/val/raw/train_eval) 2.8/0.5/0.5/0.7s | 4.5s
2026-08-27 14:15:14 | Epoch 026/060 | loss 3.0349 | cls 1.7065 | tal -0.0477 | dual_g 1.3427 | dual_d 0.8518 | train_acc 0.8732 | train_full n/a | val_acc 0.9730 | val_f1 0.9802 | adv/moduleC 1.00/1.00 | disc_steps 1 | grad(main/disc) 8.998/1.396 | lr(main/disc) 7.00e-05/3.50e-05 | cuda_peak(alloc/resv) 21.77/28.18GB | phase(train/val/raw/train_eval) 3.1/0.5/0.0/0.0s | 3.5s
2026-08-27 14:15:17 | Epoch 027/060 | loss 3.0551 | cls 1.7114 | tal -0.0439 | dual_g 1.3569 | dual_d 0.8720 | train_acc 0.8913 | train_full n/a | val_acc 0.9459 | val_f1 0.9578 | adv/moduleC 1.00/1.00 | disc_steps 1 | grad(main/disc) 9.446/1.485 | lr(main/disc) 7.00e-05/3.50e-05 | cuda_peak(alloc/resv) 21.77/28.18GB | phase(train/val/raw/train_eval) 3.2/0.5/0.0/0.0s | 3.7s
2026-08-27 14:15:21 | Epoch 028/060 | loss 3.0614 | cls 1.7023 | tal 0.0164 | dual_g 1.3542 | dual_d 0.8532 | train_acc 0.8913 | train_full n/a | val_acc 0.9459 | val_f1 0.9578 | adv/moduleC 1.00/1.00 | disc_steps 1 | grad(main/disc) 9.116/1.461 | lr(main/disc) 7.00e-05/3.50e-05 | cuda_peak(alloc/resv) 21.77/28.18GB | phase(train/val/raw/train_eval) 3.3/0.5/0.0/0.0s | 3.8s
2026-08-27 14:15:25 | Epoch 029/060 | loss 2.9476 | cls 1.6546 | tal -0.0466 | dual_g 1.3070 | dual_d 0.8584 | train_acc 0.9094 | train_full n/a | val_acc 0.9459 | val_f1 0.9578 | adv/moduleC 1.00/1.00 | disc_steps 1 | grad(main/disc) 8.718/1.481 | lr(main/disc) 7.00e-05/3.50e-05 | cuda_peak(alloc/resv) 21.77/28.18GB | phase(train/val/raw/train_eval) 3.1/0.5/0.0/0.0s | 3.6s
2026-08-27 14:15:29 | Epoch 030/060 | loss 2.9207 | cls 1.6298 | tal -0.0070 | dual_g 1.2931 | dual_d 0.8470 | train_acc 0.8913 | train_full 0.9924 | val_acc 0.9459 | val_f1 0.9578 | adv/moduleC 1.00/1.00 | disc_steps 1 | grad(main/disc) 7.794/1.317 | lr(main/disc) 7.00e-05/3.50e-05 | cuda_peak(alloc/resv) 21.77/28.18GB | phase(train/val/raw/train_eval) 2.8/0.5/0.5/0.7s | 4.5s
2026-08-27 14:15:33 | Epoch 031/060 | loss 2.8430 | cls 1.5913 | tal -0.0140 | dual_g 1.2559 | dual_d 0.8927 | train_acc 0.9167 | train_full n/a | val_acc 0.9730 | val_f1 0.9802 | adv/moduleC 1.00/1.00 | disc_steps 1 | grad(main/disc) 8.385/1.409 | lr(main/disc) 3.50e-05/1.75e-05 | cuda_peak(alloc/resv) 21.77/28.18GB | phase(train/val/raw/train_eval) 2.8/0.5/0.0/0.0s | 3.3s
2026-08-27 14:15:36 | Epoch 032/060 | loss 2.8687 | cls 1.5992 | tal -0.0322 | dual_g 1.2791 | dual_d 0.8739 | train_acc 0.8986 | train_full n/a | val_acc 0.9730 | val_f1 0.9802 | adv/moduleC 1.00/1.00 | disc_steps 1 | grad(main/disc) 8.545/1.389 | lr(main/disc) 3.50e-05/1.75e-05 | cuda_peak(alloc/resv) 21.77/28.18GB | phase(train/val/raw/train_eval) 3.1/0.5/0.0/0.0s | 3.5s
2026-08-27 14:15:39 | Epoch 033/060 | loss 2.8400 | cls 1.6064 | tal -0.0438 | dual_g 1.2467 | dual_d 0.8125 | train_acc 0.9348 | train_full n/a | val_acc 0.9730 | val_f1 0.9802 | adv/moduleC 1.00/1.00 | disc_steps 1 | grad(main/disc) 8.055/1.358 | lr(main/disc) 3.50e-05/1.75e-05 | cuda_peak(alloc/resv) 21.77/28.18GB | phase(train/val/raw/train_eval) 2.6/0.5/0.0/0.0s | 3.1s
2026-08-27 14:15:43 | Epoch 034/060 | loss 2.8039 | cls 1.5654 | tal 0.0009 | dual_g 1.2383 | dual_d 0.9325 | train_acc 0.9312 | train_full n/a | val_acc 0.9730 | val_f1 0.9802 | adv/moduleC 1.00/1.00 | disc_steps 1 | grad(main/disc) 7.718/1.429 | lr(main/disc) 3.50e-05/1.75e-05 | cuda_peak(alloc/resv) 21.77/28.18GB | phase(train/val/raw/train_eval) 2.9/0.5/0.0/0.0s | 3.4s
2026-08-27 14:15:48 | Epoch 035/060 | loss 2.7203 | cls 1.5104 | tal -0.0504 | dual_g 1.2250 | dual_d 0.9115 | train_acc 0.9420 | train_full 1.0000 | val_acc 0.9730 | val_f1 0.9802 | adv/moduleC 1.00/1.00 | disc_steps 1 | grad(main/disc) 7.121/1.371 | lr(main/disc) 3.50e-05/1.75e-05 | cuda_peak(alloc/resv) 21.77/28.18GB | phase(train/val/raw/train_eval) 3.3/0.5/0.5/0.7s | 4.9s
2026-08-27 14:15:51 | Epoch 036/060 | loss 2.7038 | cls 1.5232 | tal -0.0378 | dual_g 1.1920 | dual_d 0.9033 | train_acc 0.9384 | train_full n/a | val_acc 0.9730 | val_f1 0.9802 | adv/moduleC 1.00/1.00 | disc_steps 1 | grad(main/disc) 7.753/1.370 | lr(main/disc) 3.50e-05/1.75e-05 | cuda_peak(alloc/resv) 21.77/28.18GB | phase(train/val/raw/train_eval) 2.9/0.5/0.0/0.0s | 3.4s
2026-08-27 14:15:55 | Epoch 037/060 | loss 2.6650 | cls 1.4973 | tal -0.1115 | dual_g 1.2011 | dual_d 0.9330 | train_acc 0.9457 | train_full n/a | val_acc 0.9730 | val_f1 0.9802 | adv/moduleC 1.00/1.00 | disc_steps 1 | grad(main/disc) 7.410/1.368 | lr(main/disc) 3.50e-05/1.75e-05 | cuda_peak(alloc/resv) 21.77/28.18GB | phase(train/val/raw/train_eval) 3.4/0.5/0.0/0.0s | 3.9s
2026-08-27 14:15:58 | Epoch 038/060 | loss 2.6040 | cls 1.4721 | tal -0.1403 | dual_g 1.1740 | dual_d 0.9096 | train_acc 0.9384 | train_full n/a | val_acc 0.9730 | val_f1 0.9802 | adv/moduleC 1.00/1.00 | disc_steps 1 | grad(main/disc) 5.807/1.378 | lr(main/disc) 1.75e-05/8.75e-06 | cuda_peak(alloc/resv) 21.77/28.18GB | phase(train/val/raw/train_eval) 3.0/0.5/0.0/0.0s | 3.5s
2026-08-27 14:16:02 | Epoch 039/060 | loss 2.6835 | cls 1.5191 | tal -0.0725 | dual_g 1.1861 | dual_d 0.8559 | train_acc 0.9348 | train_full n/a | val_acc 1.0000 | val_f1 1.0000 | adv/moduleC 1.00/1.00 | disc_steps 1 | grad(main/disc) 7.666/1.339 | lr(main/disc) 1.75e-05/8.75e-06 | cuda_peak(alloc/resv) 21.77/28.18GB | phase(train/val/raw/train_eval) 3.2/0.5/0.5/0.0s | 4.1s
2026-08-27 14:16:05 | New best val_f1_macro_present: 1.0000 at epoch 39
2026-08-27 14:16:10 | Epoch 040/060 | loss 2.6019 | cls 1.4556 | tal -0.0646 | dual_g 1.1657 | dual_d 0.8747 | train_acc 0.9493 | train_full 1.0000 | val_acc 1.0000 | val_f1 1.0000 | adv/moduleC 1.00/1.00 | disc_steps 1 | grad(main/disc) 5.696/1.386 | lr(main/disc) 1.75e-05/8.75e-06 | cuda_peak(alloc/resv) 21.77/28.18GB | phase(train/val/raw/train_eval) 3.0/0.5/0.5/0.7s | 4.6s
2026-08-27 14:16:13 | Epoch 041/060 | loss 2.6080 | cls 1.4606 | tal -0.0659 | dual_g 1.1672 | dual_d 0.8944 | train_acc 0.9565 | train_full n/a | val_acc 1.0000 | val_f1 1.0000 | adv/moduleC 1.00/1.00 | disc_steps 1 | grad(main/disc) 5.849/1.379 | lr(main/disc) 1.75e-05/8.75e-06 | cuda_peak(alloc/resv) 21.77/28.18GB | phase(train/val/raw/train_eval) 2.7/0.5/0.0/0.0s | 3.2s
2026-08-27 14:16:17 | Epoch 042/060 | loss 2.6656 | cls 1.4959 | tal -0.0553 | dual_g 1.1863 | dual_d 0.9236 | train_acc 0.9420 | train_full n/a | val_acc 0.9730 | val_f1 0.9802 | adv/moduleC 1.00/1.00 | disc_steps 1 | grad(main/disc) 6.393/1.368 | lr(main/disc) 1.75e-05/8.75e-06 | cuda_peak(alloc/resv) 21.77/28.18GB | phase(train/val/raw/train_eval) 3.2/0.5/0.0/0.0s | 3.7s
2026-08-27 14:16:20 | Epoch 043/060 | loss 2.6102 | cls 1.4527 | tal -0.0239 | dual_g 1.1646 | dual_d 0.8977 | train_acc 0.9674 | train_full n/a | val_acc 0.9730 | val_f1 0.9802 | adv/moduleC 1.00/1.00 | disc_steps 1 | grad(main/disc) 6.567/1.343 | lr(main/disc) 1.75e-05/8.75e-06 | cuda_peak(alloc/resv) 21.77/28.18GB | phase(train/val/raw/train_eval) 2.9/0.5/0.0/0.0s | 3.4s
2026-08-27 14:16:23 | Epoch 044/060 | loss 2.5709 | cls 1.4634 | tal -0.1307 | dual_g 1.1466 | dual_d 0.8879 | train_acc 0.9638 | train_full n/a | val_acc 0.9730 | val_f1 0.9802 | adv/moduleC 1.00/1.00 | disc_steps 1 | grad(main/disc) 6.936/1.336 | lr(main/disc) 1.75e-05/8.75e-06 | cuda_peak(alloc/resv) 21.77/28.18GB | phase(train/val/raw/train_eval) 2.8/0.5/0.0/0.0s | 3.2s
2026-08-27 14:16:28 | Epoch 045/060 | loss 2.5902 | cls 1.4663 | tal -0.0891 | dual_g 1.1506 | dual_d 0.9025 | train_acc 0.9710 | train_full 1.0000 | val_acc 0.9730 | val_f1 0.9802 | adv/moduleC 1.00/1.00 | disc_steps 1 | grad(main/disc) 7.433/1.435 | lr(main/disc) 1.75e-05/8.75e-06 | cuda_peak(alloc/resv) 21.77/28.18GB | phase(train/val/raw/train_eval) 3.0/0.5/0.5/0.7s | 4.6s
2026-08-27 14:16:32 | Epoch 046/060 | loss 2.5724 | cls 1.4553 | tal -0.0959 | dual_g 1.1458 | dual_d 0.9518 | train_acc 0.9420 | train_full n/a | val_acc 0.9730 | val_f1 0.9802 | adv/moduleC 1.00/1.00 | disc_steps 1 | grad(main/disc) 7.415/1.390 | lr(main/disc) 8.75e-06/4.37e-06 | cuda_peak(alloc/resv) 21.77/28.18GB | phase(train/val/raw/train_eval) 3.1/0.5/0.0/0.0s | 3.6s
2026-08-27 14:16:35 | Epoch 047/060 | loss 2.5815 | cls 1.4473 | tal -0.0668 | dual_g 1.1543 | dual_d 0.8876 | train_acc 0.9710 | train_full n/a | val_acc 0.9730 | val_f1 0.9802 | adv/moduleC 1.00/1.00 | disc_steps 1 | grad(main/disc) 6.725/1.400 | lr(main/disc) 8.75e-06/4.37e-06 | cuda_peak(alloc/resv) 21.77/28.18GB | phase(train/val/raw/train_eval) 3.1/0.5/0.0/0.0s | 3.6s
2026-08-27 14:16:39 | Epoch 048/060 | loss 2.5693 | cls 1.4350 | tal -0.0707 | dual_g 1.1556 | dual_d 0.9008 | train_acc 0.9710 | train_full n/a | val_acc 0.9730 | val_f1 0.9802 | adv/moduleC 1.00/1.00 | disc_steps 1 | grad(main/disc) 7.525/1.348 | lr(main/disc) 8.75e-06/4.37e-06 | cuda_peak(alloc/resv) 21.77/28.18GB | phase(train/val/raw/train_eval) 3.1/0.5/0.0/0.0s | 3.6s
2026-08-27 14:16:42 | Epoch 049/060 | loss 2.5427 | cls 1.4261 | tal -0.0404 | dual_g 1.1287 | dual_d 0.9597 | train_acc 0.9601 | train_full n/a | val_acc 0.9730 | val_f1 0.9802 | adv/moduleC 1.00/1.00 | disc_steps 1 | grad(main/disc) 6.030/1.352 | lr(main/disc) 8.75e-06/4.37e-06 | cuda_peak(alloc/resv) 21.77/28.18GB | phase(train/val/raw/train_eval) 3.1/0.5/0.0/0.0s | 3.6s
2026-08-27 14:16:47 | Epoch 050/060 | loss 2.5613 | cls 1.4629 | tal -0.0878 | dual_g 1.1248 | dual_d 0.9344 | train_acc 0.9638 | train_full 1.0000 | val_acc 0.9730 | val_f1 0.9802 | adv/moduleC 1.00/1.00 | disc_steps 1 | grad(main/disc) 6.843/1.369 | lr(main/disc) 8.75e-06/4.37e-06 | cuda_peak(alloc/resv) 21.77/28.18GB | phase(train/val/raw/train_eval) 3.1/0.5/0.5/0.7s | 4.9s
2026-08-27 14:16:51 | Epoch 051/060 | loss 2.6343 | cls 1.4850 | tal -0.0166 | dual_g 1.1543 | dual_d 0.9213 | train_acc 0.9348 | train_full n/a | val_acc 0.9730 | val_f1 0.9802 | adv/moduleC 1.00/1.00 | disc_steps 1 | grad(main/disc) 7.026/1.401 | lr(main/disc) 8.75e-06/4.37e-06 | cuda_peak(alloc/resv) 21.77/28.18GB | phase(train/val/raw/train_eval) 3.1/0.5/0.0/0.0s | 3.6s
2026-08-27 14:16:54 | Epoch 052/060 | loss 2.5377 | cls 1.4494 | tal -0.0953 | dual_g 1.1170 | dual_d 0.9406 | train_acc 0.9819 | train_full n/a | val_acc 0.9730 | val_f1 0.9802 | adv/moduleC 1.00/1.00 | disc_steps 1 | grad(main/disc) 6.590/1.418 | lr(main/disc) 8.75e-06/4.37e-06 | cuda_peak(alloc/resv) 21.77/28.18GB | phase(train/val/raw/train_eval) 3.1/0.5/0.0/0.0s | 3.6s
2026-08-27 14:16:58 | Epoch 053/060 | loss 2.4962 | cls 1.4166 | tal -0.1123 | dual_g 1.1132 | dual_d 0.8786 | train_acc 0.9783 | train_full n/a | val_acc 0.9730 | val_f1 0.9802 | adv/moduleC 1.00/1.00 | disc_steps 1 | grad(main/disc) 5.878/1.310 | lr(main/disc) 4.37e-06/2.19e-06 | cuda_peak(alloc/resv) 21.77/28.18GB | phase(train/val/raw/train_eval) 3.0/0.5/0.0/0.0s | 3.5s
2026-08-27 14:17:01 | Epoch 054/060 | loss 2.4766 | cls 1.3958 | tal -0.1090 | dual_g 1.1135 | dual_d 0.9305 | train_acc 0.9783 | train_full n/a | val_acc 0.9730 | val_f1 0.9802 | adv/moduleC 1.00/1.00 | disc_steps 1 | grad(main/disc) 5.497/1.370 | lr(main/disc) 4.37e-06/2.19e-06 | cuda_peak(alloc/resv) 21.77/28.18GB | phase(train/val/raw/train_eval) 2.9/0.5/0.0/0.0s | 3.4s
2026-08-27 14:17:01 | Early stopping at epoch 54 after 15 epochs without val_f1_macro_present improvement.
2026-08-27 14:17:01 | Training complete. Best validation accuracy: 1.0000 | best val_f1_macro_present: 1.0000
