2026-08-27 14:09:09 | Starting Dual_D standalone training
2026-08-27 14:09:09 | Run directory: runs/module_c_ablation_60_v5/module_c_20260827_121947/module_c_no_identity_逆光_20260827_135710
2026-08-27 14:09:09 | Device: cuda
2026-08-27 14:09:09 | Source train samples: 992
2026-08-27 14:09:09 | Target train samples: 132
2026-08-27 14:09:09 | Target val samples: 37
2026-08-27 14:09:09 | Classes: 14
2026-08-27 14:09:09 | Data audit: same_dir=False | path_overlap(vis/ir/ais)=0/0/0 | content_overlap(vis/ir/ais)=0/0/0 | ais_index_overlap=0 | stem_mismatch(vis-ir/vis-ais)=157/0
2026-08-27 14:09:09 | source_train classes: present 14/14 | absent 0 | counts [0:120, 1:44, 2:69, 3:45, 4:40, 5:30, 6:64, 7:80, 8:116, 9:68, 10:57, 11:83, 12:48, 13:128]
2026-08-27 14:09:09 | target_train classes: present 9/14 | absent 5 | counts [0:20, 2:12, 4:12, 5:2, 9:16, 10:16, 11:29, 12:4, 13:21]
2026-08-27 14:09:09 | target_val classes: present 9/14 | absent 5 | counts [0:6, 2:3, 4:4, 5:1, 9:4, 10:4, 11:8, 12:1, 13:6]
2026-08-27 14:09:09 | Paired training classes: 9/14 | class ids [0, 2, 4, 5, 9, 10, 11, 12, 13]
2026-08-27 14:09:09 | Runtime profile: batch=92 | paired_steps=3 | workers=16 | train_eval_every=5 | raw_eval_every=5 | early_stop=15 after min_epoch=25
2026-08-27 14:09:09 | VIS/IR pairing: class-level-unpaired | count-mismatch classes train/val: 10/1 | AIS alignment: none | AIS rows train/val: 0/0
2026-08-27 14:09:10 | Model parameters: total=17277714 | trainable=17120210
2026-08-27 14:09:15 | Epoch 001/060 | loss 5.7760 | cls 5.8030 | tal -0.0900 | dual_g 0.0000 | dual_d 0.0000 | train_acc 0.0580 | train_full 0.0152 | val_acc 0.0000 | val_f1 0.0000 | adv/moduleC 0.00/0.00 | disc_steps 0 | grad(main/disc) 15.858/0.000 | lr(main/disc) 7.00e-05/3.50e-05 | cuda_peak(alloc/resv) 21.77/28.18GB | phase(train/val/raw/train_eval) 3.4/0.5/0.5/0.7s | 5.1s
2026-08-27 14:09:17 | New best val_f1_macro_present: 0.0000 at epoch 1
2026-08-27 14:09:21 | Epoch 002/060 | loss 4.9516 | cls 5.0073 | tal -0.1858 | dual_g 0.0000 | dual_d 0.0000 | train_acc 0.1196 | train_full n/a | val_acc 0.0541 | val_f1 0.0404 | adv/moduleC 0.00/0.00 | disc_steps 0 | grad(main/disc) 14.084/0.000 | lr(main/disc) 7.00e-05/3.50e-05 | cuda_peak(alloc/resv) 21.77/28.18GB | phase(train/val/raw/train_eval) 2.8/0.5/0.5/0.0s | 3.7s
2026-08-27 14:09:24 | New best val_f1_macro_present: 0.0404 at epoch 2
2026-08-27 14:09:28 | Epoch 003/060 | loss 4.4272 | cls 4.4842 | tal -0.1900 | dual_g 0.0000 | dual_d 0.0000 | train_acc 0.2210 | train_full n/a | val_acc 0.1081 | val_f1 0.0620 | adv/moduleC 0.00/0.00 | disc_steps 0 | grad(main/disc) 12.128/0.000 | lr(main/disc) 7.00e-05/3.50e-05 | cuda_peak(alloc/resv) 21.77/28.18GB | phase(train/val/raw/train_eval) 3.0/0.5/0.5/0.0s | 4.0s
2026-08-27 14:09:30 | New best val_f1_macro_present: 0.0620 at epoch 3
2026-08-27 14:09:34 | Epoch 004/060 | loss 4.2164 | cls 4.2556 | tal -0.1308 | dual_g 0.0000 | dual_d 0.0000 | train_acc 0.2971 | train_full n/a | val_acc 0.1892 | val_f1 0.1207 | adv/moduleC 0.00/0.00 | disc_steps 0 | grad(main/disc) 11.062/0.000 | lr(main/disc) 7.00e-05/3.50e-05 | cuda_peak(alloc/resv) 21.77/28.18GB | phase(train/val/raw/train_eval) 3.0/0.5/0.5/0.0s | 3.9s
2026-08-27 14:09:37 | New best val_f1_macro_present: 0.1207 at epoch 4
2026-08-27 14:09:41 | Epoch 005/060 | loss 3.8642 | cls 3.9002 | tal -0.1201 | dual_g 0.0000 | dual_d 0.0000 | train_acc 0.3116 | train_full 0.2348 | val_acc 0.1892 | val_f1 0.1222 | adv/moduleC 0.00/0.00 | disc_steps 0 | grad(main/disc) 10.843/0.000 | lr(main/disc) 7.00e-05/3.50e-05 | cuda_peak(alloc/resv) 21.77/28.18GB | phase(train/val/raw/train_eval) 2.8/0.5/0.5/0.7s | 4.5s
2026-08-27 14:09:44 | New best val_f1_macro_present: 0.1222 at epoch 5
2026-08-27 14:09:48 | Epoch 006/060 | loss 3.8380 | cls 3.6064 | tal -0.0954 | dual_g 0.2603 | dual_d 0.8262 | train_acc 0.3913 | train_full n/a | val_acc 0.3784 | val_f1 0.3414 | adv/moduleC 0.05/0.10 | disc_steps 1 | grad(main/disc) 9.763/1.591 | lr(main/disc) 7.00e-05/3.50e-05 | cuda_peak(alloc/resv) 21.77/28.18GB | phase(train/val/raw/train_eval) 3.0/0.5/0.5/0.0s | 4.0s
2026-08-27 14:09:51 | New best val_f1_macro_present: 0.3414 at epoch 6
2026-08-27 14:09:55 | Epoch 007/060 | loss 3.9130 | cls 3.4567 | tal -0.1612 | dual_g 0.5047 | dual_d 0.8510 | train_acc 0.3225 | train_full n/a | val_acc 0.4595 | val_f1 0.4233 | adv/moduleC 0.10/0.20 | disc_steps 1 | grad(main/disc) 10.127/1.736 | lr(main/disc) 7.00e-05/3.50e-05 | cuda_peak(alloc/resv) 21.77/28.18GB | phase(train/val/raw/train_eval) 2.9/0.5/0.5/0.0s | 3.8s
2026-08-27 14:09:58 | New best val_f1_macro_present: 0.4233 at epoch 7
2026-08-27 14:10:02 | Epoch 008/060 | loss 3.9380 | cls 3.2996 | tal -0.2196 | dual_g 0.7043 | dual_d 0.8164 | train_acc 0.4094 | train_full n/a | val_acc 0.4595 | val_f1 0.4722 | adv/moduleC 0.15/0.30 | disc_steps 1 | grad(main/disc) 9.818/1.640 | lr(main/disc) 7.00e-05/3.50e-05 | cuda_peak(alloc/resv) 21.77/28.18GB | phase(train/val/raw/train_eval) 3.2/0.5/0.5/0.0s | 4.1s
2026-08-27 14:10:04 | New best val_f1_macro_present: 0.4722 at epoch 8
2026-08-27 14:10:08 | Epoch 009/060 | loss 4.0105 | cls 3.1529 | tal -0.1987 | dual_g 0.9172 | dual_d 0.8245 | train_acc 0.4529 | train_full n/a | val_acc 0.5946 | val_f1 0.5765 | adv/moduleC 0.20/0.40 | disc_steps 1 | grad(main/disc) 10.377/1.588 | lr(main/disc) 7.00e-05/3.50e-05 | cuda_peak(alloc/resv) 21.77/28.18GB | phase(train/val/raw/train_eval) 2.8/0.5/0.5/0.0s | 3.7s
2026-08-27 14:10:11 | New best val_f1_macro_present: 0.5765 at epoch 9
2026-08-27 14:10:16 | Epoch 010/060 | loss 3.8223 | cls 2.8135 | tal -0.2338 | dual_g 1.0790 | dual_d 0.7788 | train_acc 0.5072 | train_full 0.6818 | val_acc 0.6486 | val_f1 0.7099 | adv/moduleC 0.25/0.50 | disc_steps 1 | grad(main/disc) 9.310/1.541 | lr(main/disc) 7.00e-05/3.50e-05 | cuda_peak(alloc/resv) 21.77/28.18GB | phase(train/val/raw/train_eval) 3.1/0.5/0.5/0.7s | 4.8s
2026-08-27 14:10:18 | New best val_f1_macro_present: 0.7099 at epoch 10
2026-08-27 14:10:22 | Epoch 011/060 | loss 3.8600 | cls 2.7005 | tal -0.2229 | dual_g 1.2263 | dual_d 0.7913 | train_acc 0.5652 | train_full n/a | val_acc 0.7568 | val_f1 0.7983 | adv/moduleC 0.30/0.60 | disc_steps 1 | grad(main/disc) 9.499/1.550 | lr(main/disc) 7.00e-05/3.50e-05 | cuda_peak(alloc/resv) 21.77/28.18GB | phase(train/val/raw/train_eval) 3.1/0.5/0.5/0.0s | 4.0s
2026-08-27 14:10:25 | New best val_f1_macro_present: 0.7983 at epoch 11
2026-08-27 14:10:29 | Epoch 012/060 | loss 3.8307 | cls 2.5608 | tal -0.2507 | dual_g 1.3451 | dual_d 0.8357 | train_acc 0.5942 | train_full n/a | val_acc 0.7838 | val_f1 0.8135 | adv/moduleC 0.35/0.70 | disc_steps 1 | grad(main/disc) 9.207/1.537 | lr(main/disc) 7.00e-05/3.50e-05 | cuda_peak(alloc/resv) 21.77/28.18GB | phase(train/val/raw/train_eval) 2.6/0.5/0.5/0.0s | 3.6s
2026-08-27 14:10:31 | New best val_f1_macro_present: 0.8135 at epoch 12
2026-08-27 14:10:35 | Epoch 013/060 | loss 3.9619 | cls 2.4933 | tal -0.2342 | dual_g 1.5389 | dual_d 0.7402 | train_acc 0.6522 | train_full n/a | val_acc 0.7838 | val_f1 0.8135 | adv/moduleC 0.40/0.80 | disc_steps 1 | grad(main/disc) 9.356/1.431 | lr(main/disc) 7.00e-05/3.50e-05 | cuda_peak(alloc/resv) 21.77/28.18GB | phase(train/val/raw/train_eval) 2.8/0.5/0.0/0.0s | 3.3s
2026-08-27 14:10:39 | Epoch 014/060 | loss 4.0080 | cls 2.4492 | tal -0.2394 | dual_g 1.6306 | dual_d 0.8212 | train_acc 0.6159 | train_full n/a | val_acc 0.8108 | val_f1 0.8347 | adv/moduleC 0.45/0.90 | disc_steps 1 | grad(main/disc) 9.818/1.459 | lr(main/disc) 7.00e-05/3.50e-05 | cuda_peak(alloc/resv) 21.77/28.18GB | phase(train/val/raw/train_eval) 2.9/0.5/0.5/0.0s | 3.9s
2026-08-27 14:10:41 | New best val_f1_macro_present: 0.8347 at epoch 14
2026-08-27 14:10:46 | Epoch 015/060 | loss 4.0446 | cls 2.3256 | tal -0.1671 | dual_g 1.7691 | dual_d 0.8001 | train_acc 0.6594 | train_full 0.9242 | val_acc 0.8378 | val_f1 0.8546 | adv/moduleC 0.50/1.00 | disc_steps 1 | grad(main/disc) 10.034/1.475 | lr(main/disc) 7.00e-05/3.50e-05 | cuda_peak(alloc/resv) 21.77/28.18GB | phase(train/val/raw/train_eval) 2.9/0.5/0.5/0.7s | 4.6s
2026-08-27 14:10:49 | New best val_f1_macro_present: 0.8546 at epoch 15
2026-08-27 14:10:53 | Epoch 016/060 | loss 3.9873 | cls 2.3201 | tal -0.1113 | dual_g 1.7006 | dual_d 0.7858 | train_acc 0.6667 | train_full n/a | val_acc 0.8649 | val_f1 0.8829 | adv/moduleC 0.55/1.00 | disc_steps 1 | grad(main/disc) 10.004/1.417 | lr(main/disc) 7.00e-05/3.50e-05 | cuda_peak(alloc/resv) 21.77/28.18GB | phase(train/val/raw/train_eval) 3.0/0.5/0.5/0.0s | 3.9s
2026-08-27 14:10:55 | New best val_f1_macro_present: 0.8829 at epoch 16
2026-08-27 14:11:00 | Epoch 017/060 | loss 3.8924 | cls 2.2229 | tal -0.1210 | dual_g 1.7059 | dual_d 0.7615 | train_acc 0.7536 | train_full n/a | val_acc 0.9189 | val_f1 0.9335 | adv/moduleC 0.60/1.00 | disc_steps 1 | grad(main/disc) 10.695/1.363 | lr(main/disc) 7.00e-05/3.50e-05 | cuda_peak(alloc/resv) 21.77/28.18GB | phase(train/val/raw/train_eval) 3.4/0.5/0.5/0.0s | 4.4s
2026-08-27 14:11:02 | New best val_f1_macro_present: 0.9335 at epoch 17
2026-08-27 14:11:06 | Epoch 018/060 | loss 3.8344 | cls 2.2206 | tal -0.1482 | dual_g 1.6582 | dual_d 0.8063 | train_acc 0.7428 | train_full n/a | val_acc 0.9189 | val_f1 0.9396 | adv/moduleC 0.65/1.00 | disc_steps 1 | grad(main/disc) 10.884/1.459 | lr(main/disc) 7.00e-05/3.50e-05 | cuda_peak(alloc/resv) 21.77/28.18GB | phase(train/val/raw/train_eval) 3.0/0.5/0.5/0.0s | 4.0s
2026-08-27 14:11:09 | New best val_f1_macro_present: 0.9396 at epoch 18
2026-08-27 14:11:13 | Epoch 019/060 | loss 3.5850 | cls 2.0850 | tal -0.1774 | dual_g 1.5533 | dual_d 0.8187 | train_acc 0.7283 | train_full n/a | val_acc 0.9459 | val_f1 0.9556 | adv/moduleC 0.70/1.00 | disc_steps 1 | grad(main/disc) 9.654/1.416 | lr(main/disc) 7.00e-05/3.50e-05 | cuda_peak(alloc/resv) 21.77/28.18GB | phase(train/val/raw/train_eval) 2.7/0.5/0.5/0.0s | 3.6s
2026-08-27 14:11:15 | New best val_f1_macro_present: 0.9556 at epoch 19
2026-08-27 14:11:20 | Epoch 020/060 | loss 3.4767 | cls 1.9743 | tal -0.1059 | dual_g 1.5341 | dual_d 0.8397 | train_acc 0.7645 | train_full 0.9697 | val_acc 0.9189 | val_f1 0.9358 | adv/moduleC 0.75/1.00 | disc_steps 1 | grad(main/disc) 9.357/1.519 | lr(main/disc) 7.00e-05/3.50e-05 | cuda_peak(alloc/resv) 21.77/28.18GB | phase(train/val/raw/train_eval) 3.3/0.5/0.5/0.7s | 5.0s
2026-08-27 14:11:24 | Epoch 021/060 | loss 3.5558 | cls 2.0207 | tal 0.0021 | dual_g 1.5344 | dual_d 0.8598 | train_acc 0.7536 | train_full n/a | val_acc 0.9189 | val_f1 0.9358 | adv/moduleC 0.80/1.00 | disc_steps 1 | grad(main/disc) 10.166/1.439 | lr(main/disc) 7.00e-05/3.50e-05 | cuda_peak(alloc/resv) 21.77/28.18GB | phase(train/val/raw/train_eval) 3.3/0.5/0.0/0.0s | 3.8s
2026-08-27 14:11:27 | Epoch 022/060 | loss 3.4074 | cls 1.9055 | tal -0.0357 | dual_g 1.5126 | dual_d 0.8529 | train_acc 0.8043 | train_full n/a | val_acc 0.8919 | val_f1 0.8903 | adv/moduleC 0.85/1.00 | disc_steps 1 | grad(main/disc) 10.191/1.438 | lr(main/disc) 7.00e-05/3.50e-05 | cuda_peak(alloc/resv) 21.77/28.18GB | phase(train/val/raw/train_eval) 2.8/0.5/0.0/0.0s | 3.2s
2026-08-27 14:11:31 | Epoch 023/060 | loss 3.2905 | cls 1.8574 | tal -0.0395 | dual_g 1.4450 | dual_d 0.8516 | train_acc 0.8225 | train_full n/a | val_acc 0.9730 | val_f1 0.9776 | adv/moduleC 0.90/1.00 | disc_steps 1 | grad(main/disc) 9.817/1.485 | lr(main/disc) 7.00e-05/3.50e-05 | cuda_peak(alloc/resv) 21.77/28.18GB | phase(train/val/raw/train_eval) 2.8/0.5/0.5/0.0s | 3.8s
2026-08-27 14:11:34 | New best val_f1_macro_present: 0.9776 at epoch 23
2026-08-27 14:11:37 | Epoch 024/060 | loss 3.1448 | cls 1.7478 | tal -0.0672 | dual_g 1.4172 | dual_d 0.8282 | train_acc 0.8297 | train_full n/a | val_acc 0.9459 | val_f1 0.9578 | adv/moduleC 0.95/1.00 | disc_steps 1 | grad(main/disc) 7.631/1.403 | lr(main/disc) 7.00e-05/3.50e-05 | cuda_peak(alloc/resv) 21.77/28.18GB | phase(train/val/raw/train_eval) 2.8/0.5/0.0/0.0s | 3.2s
2026-08-27 14:11:42 | Epoch 025/060 | loss 3.0901 | cls 1.7102 | tal -0.0700 | dual_g 1.4009 | dual_d 0.8671 | train_acc 0.8949 | train_full 0.9773 | val_acc 0.9459 | val_f1 0.9578 | adv/moduleC 1.00/1.00 | disc_steps 1 | grad(main/disc) 9.074/1.421 | lr(main/disc) 7.00e-05/3.50e-05 | cuda_peak(alloc/resv) 21.77/28.18GB | phase(train/val/raw/train_eval) 2.9/0.5/0.5/0.7s | 4.6s
2026-08-27 14:11:45 | Epoch 026/060 | loss 3.0009 | cls 1.6848 | tal -0.0816 | dual_g 1.3406 | dual_d 0.8492 | train_acc 0.8986 | train_full n/a | val_acc 0.9459 | val_f1 0.9578 | adv/moduleC 1.00/1.00 | disc_steps 1 | grad(main/disc) 7.939/1.377 | lr(main/disc) 7.00e-05/3.50e-05 | cuda_peak(alloc/resv) 21.77/28.18GB | phase(train/val/raw/train_eval) 2.9/0.5/0.0/0.0s | 3.3s
2026-08-27 14:11:49 | Epoch 027/060 | loss 2.9816 | cls 1.6733 | tal -0.0498 | dual_g 1.3233 | dual_d 0.8846 | train_acc 0.9130 | train_full n/a | val_acc 0.9459 | val_f1 0.9578 | adv/moduleC 1.00/1.00 | disc_steps 1 | grad(main/disc) 8.831/1.428 | lr(main/disc) 7.00e-05/3.50e-05 | cuda_peak(alloc/resv) 21.77/28.18GB | phase(train/val/raw/train_eval) 3.2/0.5/0.0/0.0s | 3.7s
2026-08-27 14:11:52 | Epoch 028/060 | loss 2.9115 | cls 1.6258 | tal -0.0229 | dual_g 1.2925 | dual_d 0.9338 | train_acc 0.9203 | train_full n/a | val_acc 0.9459 | val_f1 0.9578 | adv/moduleC 1.00/1.00 | disc_steps 1 | grad(main/disc) 10.161/1.455 | lr(main/disc) 7.00e-05/3.50e-05 | cuda_peak(alloc/resv) 21.77/28.18GB | phase(train/val/raw/train_eval) 2.8/0.5/0.0/0.0s | 3.3s
2026-08-27 14:11:55 | Epoch 029/060 | loss 2.8863 | cls 1.6219 | tal -0.0506 | dual_g 1.2796 | dual_d 0.8998 | train_acc 0.9094 | train_full n/a | val_acc 0.9730 | val_f1 0.9776 | adv/moduleC 1.00/1.00 | disc_steps 1 | grad(main/disc) 10.315/1.493 | lr(main/disc) 7.00e-05/3.50e-05 | cuda_peak(alloc/resv) 21.77/28.18GB | phase(train/val/raw/train_eval) 2.7/0.5/0.0/0.0s | 3.2s
2026-08-27 14:12:00 | Epoch 030/060 | loss 2.8696 | cls 1.6034 | tal -0.0843 | dual_g 1.2915 | dual_d 0.8153 | train_acc 0.9348 | train_full 0.9545 | val_acc 1.0000 | val_f1 1.0000 | adv/moduleC 1.00/1.00 | disc_steps 1 | grad(main/disc) 9.888/1.323 | lr(main/disc) 7.00e-05/3.50e-05 | cuda_peak(alloc/resv) 21.77/28.18GB | phase(train/val/raw/train_eval) 2.8/0.5/0.5/0.7s | 4.4s
2026-08-27 14:12:02 | New best val_f1_macro_present: 1.0000 at epoch 30
2026-08-27 14:12:06 | Epoch 031/060 | loss 2.8566 | cls 1.6318 | tal -0.0996 | dual_g 1.2546 | dual_d 0.9686 | train_acc 0.9167 | train_full n/a | val_acc 0.9459 | val_f1 0.9578 | adv/moduleC 1.00/1.00 | disc_steps 1 | grad(main/disc) 8.648/1.462 | lr(main/disc) 7.00e-05/3.50e-05 | cuda_peak(alloc/resv) 21.77/28.18GB | phase(train/val/raw/train_eval) 2.8/0.5/0.0/0.0s | 3.3s
2026-08-27 14:12:09 | Epoch 032/060 | loss 2.8228 | cls 1.5998 | tal -0.0208 | dual_g 1.2292 | dual_d 0.9075 | train_acc 0.8877 | train_full n/a | val_acc 0.9459 | val_f1 0.9578 | adv/moduleC 1.00/1.00 | disc_steps 1 | grad(main/disc) 9.279/1.362 | lr(main/disc) 7.00e-05/3.50e-05 | cuda_peak(alloc/resv) 21.77/28.18GB | phase(train/val/raw/train_eval) 3.2/0.5/0.0/0.0s | 3.7s
2026-08-27 14:12:13 | Epoch 033/060 | loss 2.7492 | cls 1.5544 | tal -0.0327 | dual_g 1.2046 | dual_d 0.9692 | train_acc 0.9312 | train_full n/a | val_acc 0.9459 | val_f1 0.9578 | adv/moduleC 1.00/1.00 | disc_steps 1 | grad(main/disc) 7.946/1.458 | lr(main/disc) 7.00e-05/3.50e-05 | cuda_peak(alloc/resv) 21.77/28.18GB | phase(train/val/raw/train_eval) 3.1/0.5/0.0/0.0s | 3.5s
2026-08-27 14:12:16 | Epoch 034/060 | loss 2.7000 | cls 1.5300 | tal -0.0660 | dual_g 1.1899 | dual_d 0.8522 | train_acc 0.9493 | train_full n/a | val_acc 0.9459 | val_f1 0.9578 | adv/moduleC 1.00/1.00 | disc_steps 1 | grad(main/disc) 7.303/1.334 | lr(main/disc) 7.00e-05/3.50e-05 | cuda_peak(alloc/resv) 21.77/28.18GB | phase(train/val/raw/train_eval) 2.8/0.5/0.0/0.0s | 3.3s
2026-08-27 14:12:21 | Epoch 035/060 | loss 2.6643 | cls 1.4995 | tal -0.0593 | dual_g 1.1826 | dual_d 0.9526 | train_acc 0.9457 | train_full 0.9697 | val_acc 0.9730 | val_f1 0.9776 | adv/moduleC 1.00/1.00 | disc_steps 1 | grad(main/disc) 6.738/1.436 | lr(main/disc) 7.00e-05/3.50e-05 | cuda_peak(alloc/resv) 21.77/28.18GB | phase(train/val/raw/train_eval) 3.0/0.5/0.5/0.7s | 4.7s
2026-08-27 14:12:24 | Epoch 036/060 | loss 2.6764 | cls 1.5117 | tal -0.0712 | dual_g 1.1860 | dual_d 0.9433 | train_acc 0.9457 | train_full n/a | val_acc 1.0000 | val_f1 1.0000 | adv/moduleC 1.00/1.00 | disc_steps 1 | grad(main/disc) 7.373/1.433 | lr(main/disc) 7.00e-05/3.50e-05 | cuda_peak(alloc/resv) 21.77/28.18GB | phase(train/val/raw/train_eval) 2.6/0.5/0.0/0.0s | 3.1s
2026-08-27 14:12:27 | Epoch 037/060 | loss 2.6867 | cls 1.5011 | tal -0.0871 | dual_g 1.2118 | dual_d 0.9091 | train_acc 0.9601 | train_full n/a | val_acc 1.0000 | val_f1 1.0000 | adv/moduleC 1.00/1.00 | disc_steps 1 | grad(main/disc) 7.602/1.387 | lr(main/disc) 3.50e-05/1.75e-05 | cuda_peak(alloc/resv) 21.77/28.18GB | phase(train/val/raw/train_eval) 2.4/0.5/0.0/0.0s | 2.9s
2026-08-27 14:12:30 | Epoch 038/060 | loss 2.5678 | cls 1.4626 | tal -0.2101 | dual_g 1.1682 | dual_d 0.9452 | train_acc 0.9601 | train_full n/a | val_acc 1.0000 | val_f1 1.0000 | adv/moduleC 1.00/1.00 | disc_steps 1 | grad(main/disc) 6.921/1.422 | lr(main/disc) 3.50e-05/1.75e-05 | cuda_peak(alloc/resv) 21.77/28.18GB | phase(train/val/raw/train_eval) 2.6/0.5/0.0/0.0s | 3.1s
2026-08-27 14:12:33 | Epoch 039/060 | loss 2.5615 | cls 1.4789 | tal -0.2036 | dual_g 1.1436 | dual_d 0.9642 | train_acc 0.9746 | train_full n/a | val_acc 0.9730 | val_f1 0.9776 | adv/moduleC 1.00/1.00 | disc_steps 1 | grad(main/disc) 6.109/1.438 | lr(main/disc) 3.50e-05/1.75e-05 | cuda_peak(alloc/resv) 21.77/28.18GB | phase(train/val/raw/train_eval) 2.8/0.5/0.0/0.0s | 3.3s
2026-08-27 14:12:38 | Epoch 040/060 | loss 2.5523 | cls 1.4422 | tal -0.1411 | dual_g 1.1525 | dual_d 0.9458 | train_acc 0.9529 | train_full 1.0000 | val_acc 0.9730 | val_f1 0.9776 | adv/moduleC 1.00/1.00 | disc_steps 1 | grad(main/disc) 5.891/1.350 | lr(main/disc) 3.50e-05/1.75e-05 | cuda_peak(alloc/resv) 21.77/28.18GB | phase(train/val/raw/train_eval) 3.1/0.5/0.5/0.7s | 4.7s
2026-08-27 14:12:41 | Epoch 041/060 | loss 2.5168 | cls 1.4336 | tal -0.1927 | dual_g 1.1410 | dual_d 0.9087 | train_acc 0.9565 | train_full n/a | val_acc 0.9730 | val_f1 0.9776 | adv/moduleC 1.00/1.00 | disc_steps 1 | grad(main/disc) 6.076/1.381 | lr(main/disc) 3.50e-05/1.75e-05 | cuda_peak(alloc/resv) 21.77/28.18GB | phase(train/val/raw/train_eval) 2.9/0.5/0.0/0.0s | 3.4s
2026-08-27 14:12:44 | Epoch 042/060 | loss 2.5028 | cls 1.4329 | tal -0.1839 | dual_g 1.1250 | dual_d 0.9488 | train_acc 0.9529 | train_full n/a | val_acc 0.9459 | val_f1 0.9578 | adv/moduleC 1.00/1.00 | disc_steps 1 | grad(main/disc) 6.120/1.428 | lr(main/disc) 3.50e-05/1.75e-05 | cuda_peak(alloc/resv) 21.77/28.18GB | phase(train/val/raw/train_eval) 2.7/0.5/0.0/0.0s | 3.1s
2026-08-27 14:12:48 | Epoch 043/060 | loss 2.5186 | cls 1.4591 | tal -0.1950 | dual_g 1.1180 | dual_d 0.9492 | train_acc 0.9529 | train_full n/a | val_acc 0.9459 | val_f1 0.9578 | adv/moduleC 1.00/1.00 | disc_steps 1 | grad(main/disc) 6.247/1.362 | lr(main/disc) 3.50e-05/1.75e-05 | cuda_peak(alloc/resv) 21.77/28.18GB | phase(train/val/raw/train_eval) 2.8/0.5/0.0/0.0s | 3.3s
2026-08-27 14:12:51 | Epoch 044/060 | loss 2.5014 | cls 1.4559 | tal -0.2398 | dual_g 1.1174 | dual_d 0.8915 | train_acc 0.9674 | train_full n/a | val_acc 0.9459 | val_f1 0.9578 | adv/moduleC 1.00/1.00 | disc_steps 1 | grad(main/disc) 7.261/1.342 | lr(main/disc) 1.75e-05/8.75e-06 | cuda_peak(alloc/resv) 21.77/28.18GB | phase(train/val/raw/train_eval) 2.7/0.5/0.0/0.0s | 3.2s
2026-08-27 14:12:56 | Epoch 045/060 | loss 2.4511 | cls 1.4052 | tal -0.1943 | dual_g 1.1042 | dual_d 0.9547 | train_acc 0.9710 | train_full 1.0000 | val_acc 0.9459 | val_f1 0.9578 | adv/moduleC 1.00/1.00 | disc_steps 1 | grad(main/disc) 6.107/1.393 | lr(main/disc) 1.75e-05/8.75e-06 | cuda_peak(alloc/resv) 21.77/28.18GB | phase(train/val/raw/train_eval) 3.1/0.5/0.5/0.7s | 4.8s
2026-08-27 14:12:56 | Early stopping at epoch 45 after 15 epochs without val_f1_macro_present improvement.
2026-08-27 14:12:56 | Training complete. Best validation accuracy: 1.0000 | best val_f1_macro_present: 1.0000
