2026-08-30 16:52:00 | Starting Dual_D standalone training
2026-08-30 16:52:00 | Run directory: runs/module_c_v11_ablation_60/module_c_20260830_155840/module_c_no_identity_逆光_20260830_164025
2026-08-30 16:52:00 | Device: cuda
2026-08-30 16:52:00 | Source train samples: 992
2026-08-30 16:52:00 | Target train samples: 132
2026-08-30 16:52:00 | Target val samples: 37
2026-08-30 16:52:00 | Classes: 14
2026-08-30 16:52:00 | Data audit: same_dir=False | path_overlap(vis/ir/ais)=0/0/0 | content_overlap(vis/ir/ais)=0/0/0 | ais_index_overlap=0 | stem_mismatch(vis-ir/vis-ais)=157/0
2026-08-30 16:52:00 | source_train classes: present 14/14 | absent 0 | counts [0:120, 1:44, 2:69, 3:45, 4:40, 5:30, 6:64, 7:80, 8:116, 9:68, 10:57, 11:83, 12:48, 13:128]
2026-08-30 16:52:00 | target_train classes: present 9/14 | absent 5 | counts [0:20, 2:12, 4:12, 5:2, 9:16, 10:16, 11:29, 12:4, 13:21]
2026-08-30 16:52:00 | target_val classes: present 9/14 | absent 5 | counts [0:6, 2:3, 4:4, 5:1, 9:4, 10:4, 11:8, 12:1, 13:6]
2026-08-30 16:52:00 | Paired training classes: 9/14 | class ids [0, 2, 4, 5, 9, 10, 11, 12, 13]
2026-08-30 16:52:00 | Runtime profile: batch=16 | paired_steps=9 | workers=16 | train_eval_every=5 | raw_eval_every=5 | stability_window=3 | lr_scheduler_start=24 | early_stop=12 after min_epoch=35
2026-08-30 16:52:00 | Augmentation profile: base=0.650 | visible=0.700 | infrared=0.400 | freeze_frozen_batch_norm_stats=True
2026-08-30 16:52:00 | VIS/IR pairing: class-level-unpaired | count-mismatch classes train/val: 10/1 | AIS alignment: none | AIS rows train/val: 0/0
2026-08-30 16:52:01 | Effective Dual-D loss weights: {"adv_auxiliary": 0.025, "adv_primary": 0.025, "classification": 0.15, "contrastive": 0.02, "cycle": 0.12, "identity": 0.0, "prototype_contrastive": 0.06}
2026-08-30 16:52:01 | Model parameters: total=17277714 | trainable=17120210
2026-08-30 16:52:04 | Epoch 001/060 | loss 5.4697 | cls 5.4802 | tal -0.0349 | dual_g 0.0000 | dual_d 0.0000 | train_acc 0.0625 | train_full 0.1742 | val_acc 0.2162 | val_f1 0.1176 | adv/moduleC 0.00/0.00 | disc_steps 0 | grad(main/disc) 31.229/0.000 | lr(main/disc) 7.00e-05/2.75e-05 | cuda_peak(alloc/resv) 4.09/5.12GB | phase(train/val/raw/train_eval) 1.4/0.4/0.4/0.5s | 2.7s
2026-08-30 16:52:06 | Epoch 002/060 | loss 4.5433 | cls 4.4884 | tal 0.1830 | dual_g 0.0000 | dual_d 0.0000 | train_acc 0.2569 | train_full n/a | val_acc 0.1892 | val_f1 0.1289 | adv/moduleC 0.00/0.00 | disc_steps 0 | grad(main/disc) 26.363/0.000 | lr(main/disc) 7.00e-05/2.75e-05 | cuda_peak(alloc/resv) 4.09/5.12GB | phase(train/val/raw/train_eval) 1.2/0.4/0.0/0.0s | 1.6s
2026-08-30 16:52:08 | Epoch 003/060 | loss 4.1390 | cls 4.1032 | tal 0.1193 | dual_g 0.0000 | dual_d 0.0000 | train_acc 0.2778 | train_full n/a | val_acc 0.4054 | val_f1 0.4480 | adv/moduleC 0.00/0.00 | disc_steps 0 | grad(main/disc) 24.164/0.000 | lr(main/disc) 7.00e-05/2.75e-05 | cuda_peak(alloc/resv) 4.09/5.12GB | phase(train/val/raw/train_eval) 1.1/0.4/0.5/0.0s | 2.0s
2026-08-30 16:52:10 | New best val_f1_macro_present: raw=0.4480 stable_score=0.1176 at epoch 3
2026-08-30 16:52:12 | Epoch 004/060 | loss 3.8126 | cls 3.7560 | tal 0.1885 | dual_g 0.0000 | dual_d 0.0000 | train_acc 0.3611 | train_full n/a | val_acc 0.6216 | val_f1 0.6326 | adv/moduleC 0.00/0.00 | disc_steps 0 | grad(main/disc) 22.708/0.000 | lr(main/disc) 7.00e-05/2.75e-05 | cuda_peak(alloc/resv) 4.09/5.12GB | phase(train/val/raw/train_eval) 1.0/0.4/0.4/0.0s | 1.8s
2026-08-30 16:52:14 | New best val_f1_macro_present: raw=0.6326 stable_score=0.1289 at epoch 4
2026-08-30 16:52:16 | Epoch 005/060 | loss 3.4964 | cls 3.3597 | tal 0.1837 | dual_g 0.0816 | dual_d 0.0000 | train_acc 0.4792 | train_full 0.7348 | val_acc 0.7027 | val_f1 0.7131 | adv/moduleC 0.00/0.10 | disc_steps 0 | grad(main/disc) 21.231/0.000 | lr(main/disc) 7.00e-05/2.75e-05 | cuda_peak(alloc/resv) 4.09/5.12GB | phase(train/val/raw/train_eval) 1.1/0.4/0.4/0.5s | 2.4s
2026-08-30 16:52:18 | New best val_f1_macro_present: raw=0.7131 stable_score=0.4480 at epoch 5
2026-08-30 16:52:20 | Epoch 006/060 | loss 3.3357 | cls 3.1704 | tal 0.0229 | dual_g 0.1584 | dual_d 0.0000 | train_acc 0.5000 | train_full n/a | val_acc 0.8108 | val_f1 0.7989 | adv/moduleC 0.00/0.20 | disc_steps 0 | grad(main/disc) 21.441/0.000 | lr(main/disc) 7.00e-05/2.75e-05 | cuda_peak(alloc/resv) 4.09/5.12GB | phase(train/val/raw/train_eval) 1.1/0.4/0.4/0.0s | 1.9s
2026-08-30 16:52:23 | New best val_f1_macro_present: raw=0.7989 stable_score=0.6326 at epoch 6
2026-08-30 16:52:25 | Epoch 007/060 | loss 3.4244 | cls 3.1822 | tal 0.0497 | dual_g 0.2273 | dual_d 0.8778 | train_acc 0.5764 | train_full n/a | val_acc 0.8649 | val_f1 0.8616 | adv/moduleC 0.07/0.30 | disc_steps 4 | grad(main/disc) 21.290/2.323 | lr(main/disc) 7.00e-05/2.75e-05 | cuda_peak(alloc/resv) 4.09/5.12GB | phase(train/val/raw/train_eval) 1.2/0.4/0.4/0.0s | 2.0s
2026-08-30 16:52:27 | New best val_f1_macro_present: raw=0.8616 stable_score=0.7131 at epoch 7
2026-08-30 16:52:29 | Epoch 008/060 | loss 3.2404 | cls 2.9033 | tal 0.1793 | dual_g 0.2833 | dual_d 0.7646 | train_acc 0.5903 | train_full n/a | val_acc 0.8919 | val_f1 0.8848 | adv/moduleC 0.14/0.40 | disc_steps 4 | grad(main/disc) 20.314/2.062 | lr(main/disc) 7.00e-05/2.75e-05 | cuda_peak(alloc/resv) 4.09/5.12GB | phase(train/val/raw/train_eval) 1.1/0.4/0.4/0.0s | 2.0s
2026-08-30 16:52:31 | New best val_f1_macro_present: raw=0.8848 stable_score=0.7989 at epoch 8
2026-08-30 16:52:33 | Epoch 009/060 | loss 3.0949 | cls 2.6875 | tal 0.1942 | dual_g 0.3491 | dual_d 0.7938 | train_acc 0.6389 | train_full n/a | val_acc 0.8919 | val_f1 0.8810 | adv/moduleC 0.21/0.50 | disc_steps 4 | grad(main/disc) 19.576/2.119 | lr(main/disc) 7.00e-05/2.75e-05 | cuda_peak(alloc/resv) 4.09/5.12GB | phase(train/val/raw/train_eval) 1.1/0.4/0.4/0.0s | 1.9s
2026-08-30 16:52:35 | New best val_f1_macro_present: raw=0.8810 stable_score=0.8616 at epoch 9
2026-08-30 16:52:37 | Epoch 010/060 | loss 3.2548 | cls 2.7827 | tal 0.1809 | dual_g 0.4178 | dual_d 0.7013 | train_acc 0.5347 | train_full 0.9091 | val_acc 0.8378 | val_f1 0.8408 | adv/moduleC 0.29/0.60 | disc_steps 4 | grad(main/disc) 21.488/2.024 | lr(main/disc) 7.00e-05/2.75e-05 | cuda_peak(alloc/resv) 4.09/5.12GB | phase(train/val/raw/train_eval) 1.1/0.4/0.4/0.5s | 2.3s
2026-08-30 16:52:39 | Epoch 011/060 | loss 2.9621 | cls 2.4822 | tal 0.0867 | dual_g 0.4539 | dual_d 0.8112 | train_acc 0.7292 | train_full n/a | val_acc 0.8649 | val_f1 0.8547 | adv/moduleC 0.36/0.70 | disc_steps 4 | grad(main/disc) 18.863/2.179 | lr(main/disc) 7.00e-05/2.75e-05 | cuda_peak(alloc/resv) 4.09/5.12GB | phase(train/val/raw/train_eval) 1.2/0.4/0.0/0.0s | 1.7s
2026-08-30 16:52:40 | Epoch 012/060 | loss 2.9821 | cls 2.4338 | tal 0.1161 | dual_g 0.5135 | dual_d 0.7932 | train_acc 0.6736 | train_full n/a | val_acc 0.8919 | val_f1 0.9040 | adv/moduleC 0.43/0.80 | disc_steps 4 | grad(main/disc) 19.387/2.098 | lr(main/disc) 7.00e-05/2.75e-05 | cuda_peak(alloc/resv) 4.09/5.12GB | phase(train/val/raw/train_eval) 1.1/0.4/0.0/0.0s | 1.5s
2026-08-30 16:52:42 | Epoch 013/060 | loss 2.8297 | cls 2.2879 | tal -0.0067 | dual_g 0.5438 | dual_d 0.8150 | train_acc 0.6806 | train_full n/a | val_acc 0.9189 | val_f1 0.9087 | adv/moduleC 0.50/0.90 | disc_steps 4 | grad(main/disc) 18.824/2.123 | lr(main/disc) 7.00e-05/2.75e-05 | cuda_peak(alloc/resv) 4.09/5.12GB | phase(train/val/raw/train_eval) 1.3/0.4/0.0/0.0s | 1.7s
2026-08-30 16:52:44 | Epoch 014/060 | loss 2.9967 | cls 2.4138 | tal 0.0022 | dual_g 0.5822 | dual_d 0.7817 | train_acc 0.6806 | train_full n/a | val_acc 0.9189 | val_f1 0.9396 | adv/moduleC 0.57/1.00 | disc_steps 4 | grad(main/disc) 19.333/2.121 | lr(main/disc) 7.00e-05/2.75e-05 | cuda_peak(alloc/resv) 4.09/5.12GB | phase(train/val/raw/train_eval) 1.3/0.4/0.4/0.0s | 2.1s
2026-08-30 16:52:46 | New best val_f1_macro_present: raw=0.9396 stable_score=0.9040 at epoch 14
2026-08-30 16:52:49 | Epoch 015/060 | loss 2.7651 | cls 2.1501 | tal -0.0353 | dual_g 0.6256 | dual_d 0.8120 | train_acc 0.7431 | train_full 0.9318 | val_acc 0.9189 | val_f1 0.9022 | adv/moduleC 0.64/1.00 | disc_steps 4 | grad(main/disc) 19.589/2.148 | lr(main/disc) 7.00e-05/2.75e-05 | cuda_peak(alloc/resv) 4.09/5.12GB | phase(train/val/raw/train_eval) 1.0/0.4/0.4/0.5s | 2.3s
2026-08-30 16:52:50 | Epoch 016/060 | loss 2.7563 | cls 2.1548 | tal 0.0464 | dual_g 0.5876 | dual_d 0.7303 | train_acc 0.7917 | train_full n/a | val_acc 0.9459 | val_f1 0.9578 | adv/moduleC 0.71/1.00 | disc_steps 4 | grad(main/disc) 18.432/1.900 | lr(main/disc) 7.00e-05/2.75e-05 | cuda_peak(alloc/resv) 4.09/5.12GB | phase(train/val/raw/train_eval) 1.0/0.4/0.0/0.0s | 1.4s
2026-08-30 16:52:52 | Epoch 017/060 | loss 2.5558 | cls 1.9610 | tal 0.0471 | dual_g 0.5807 | dual_d 0.7705 | train_acc 0.7986 | train_full n/a | val_acc 0.9459 | val_f1 0.9616 | adv/moduleC 0.79/1.00 | disc_steps 4 | grad(main/disc) 16.849/1.990 | lr(main/disc) 7.00e-05/2.75e-05 | cuda_peak(alloc/resv) 4.09/5.12GB | phase(train/val/raw/train_eval) 1.2/0.4/0.0/0.0s | 1.7s
2026-08-30 16:52:54 | Epoch 018/060 | loss 2.6345 | cls 2.0771 | tal -0.0668 | dual_g 0.5775 | dual_d 0.7264 | train_acc 0.7083 | train_full n/a | val_acc 0.9730 | val_f1 0.9683 | adv/moduleC 0.86/1.00 | disc_steps 4 | grad(main/disc) 17.906/1.999 | lr(main/disc) 7.00e-05/2.75e-05 | cuda_peak(alloc/resv) 4.09/5.12GB | phase(train/val/raw/train_eval) 1.3/0.4/0.4/0.0s | 2.1s
2026-08-30 16:52:56 | New best val_f1_macro_present: raw=0.9683 stable_score=0.9578 at epoch 18
2026-08-30 16:52:57 | Epoch 019/060 | loss 2.4118 | cls 1.8455 | tal 0.0214 | dual_g 0.5599 | dual_d 0.7225 | train_acc 0.8125 | train_full n/a | val_acc 0.9459 | val_f1 0.9227 | adv/moduleC 0.93/1.00 | disc_steps 4 | grad(main/disc) 16.397/1.909 | lr(main/disc) 7.00e-05/2.75e-05 | cuda_peak(alloc/resv) 4.09/5.12GB | phase(train/val/raw/train_eval) 1.1/0.4/0.0/0.0s | 1.5s
2026-08-30 16:53:00 | Epoch 020/060 | loss 2.5510 | cls 1.9914 | tal -0.0171 | dual_g 0.5647 | dual_d 0.7425 | train_acc 0.7847 | train_full 0.9924 | val_acc 0.9459 | val_f1 0.9485 | adv/moduleC 1.00/1.00 | disc_steps 4 | grad(main/disc) 18.586/1.944 | lr(main/disc) 7.00e-05/2.75e-05 | cuda_peak(alloc/resv) 4.09/5.12GB | phase(train/val/raw/train_eval) 1.0/0.4/0.4/0.5s | 2.3s
2026-08-30 16:53:01 | Epoch 021/060 | loss 2.3637 | cls 1.8419 | tal -0.0017 | dual_g 0.5223 | dual_d 0.7557 | train_acc 0.8125 | train_full n/a | val_acc 0.8649 | val_f1 0.8811 | adv/moduleC 1.00/1.00 | disc_steps 4 | grad(main/disc) 15.891/1.878 | lr(main/disc) 7.00e-05/2.75e-05 | cuda_peak(alloc/resv) 4.09/5.12GB | phase(train/val/raw/train_eval) 1.1/0.4/0.0/0.0s | 1.5s
2026-08-30 16:53:03 | Epoch 022/060 | loss 2.4210 | cls 1.9002 | tal -0.0308 | dual_g 0.5300 | dual_d 0.8719 | train_acc 0.8542 | train_full n/a | val_acc 1.0000 | val_f1 1.0000 | adv/moduleC 1.00/1.00 | disc_steps 4 | grad(main/disc) 17.148/2.000 | lr(main/disc) 7.00e-05/2.75e-05 | cuda_peak(alloc/resv) 4.09/5.12GB | phase(train/val/raw/train_eval) 1.2/0.4/0.0/0.0s | 1.6s
2026-08-30 16:53:04 | Epoch 023/060 | loss 2.1580 | cls 1.6731 | tal -0.0412 | dual_g 0.4973 | dual_d 0.7681 | train_acc 0.8750 | train_full n/a | val_acc 1.0000 | val_f1 1.0000 | adv/moduleC 1.00/1.00 | disc_steps 4 | grad(main/disc) 14.766/1.883 | lr(main/disc) 7.00e-05/2.75e-05 | cuda_peak(alloc/resv) 4.09/5.12GB | phase(train/val/raw/train_eval) 1.2/0.4/0.0/0.0s | 1.5s
2026-08-30 16:53:06 | Epoch 024/060 | loss 2.1504 | cls 1.6686 | tal -0.0684 | dual_g 0.5023 | dual_d 0.8372 | train_acc 0.8819 | train_full n/a | val_acc 0.9730 | val_f1 0.9840 | adv/moduleC 1.00/1.00 | disc_steps 4 | grad(main/disc) 14.893/1.908 | lr(main/disc) 7.00e-05/2.75e-05 | cuda_peak(alloc/resv) 4.09/5.12GB | phase(train/val/raw/train_eval) 1.0/0.4/0.4/0.0s | 1.8s
2026-08-30 16:53:08 | New best val_f1_macro_present: raw=0.9840 stable_score=0.9840 at epoch 24
2026-08-30 16:53:11 | Epoch 025/060 | loss 2.1930 | cls 1.7415 | tal -0.1328 | dual_g 0.4913 | dual_d 0.7440 | train_acc 0.8819 | train_full 1.0000 | val_acc 1.0000 | val_f1 1.0000 | adv/moduleC 1.00/1.00 | disc_steps 4 | grad(main/disc) 17.369/1.841 | lr(main/disc) 7.00e-05/2.75e-05 | cuda_peak(alloc/resv) 4.09/5.12GB | phase(train/val/raw/train_eval) 1.1/0.4/0.4/0.5s | 2.4s
2026-08-30 16:53:12 | Epoch 026/060 | loss 2.0730 | cls 1.6375 | tal -0.1097 | dual_g 0.4684 | dual_d 0.8096 | train_acc 0.8958 | train_full n/a | val_acc 1.0000 | val_f1 1.0000 | adv/moduleC 1.00/1.00 | disc_steps 4 | grad(main/disc) 14.294/1.889 | lr(main/disc) 7.00e-05/2.75e-05 | cuda_peak(alloc/resv) 4.09/5.12GB | phase(train/val/raw/train_eval) 1.0/0.4/0.0/0.0s | 1.4s
2026-08-30 16:53:13 | Epoch 027/060 | loss 2.1764 | cls 1.6922 | tal -0.0466 | dual_g 0.4982 | dual_d 0.8387 | train_acc 0.9167 | train_full n/a | val_acc 0.9730 | val_f1 0.9776 | adv/moduleC 1.00/1.00 | disc_steps 4 | grad(main/disc) 17.943/2.008 | lr(main/disc) 7.00e-05/2.75e-05 | cuda_peak(alloc/resv) 4.09/5.12GB | phase(train/val/raw/train_eval) 1.0/0.4/0.0/0.0s | 1.4s
2026-08-30 16:53:15 | Epoch 028/060 | loss 2.1305 | cls 1.6588 | tal -0.0307 | dual_g 0.4810 | dual_d 0.9078 | train_acc 0.8889 | train_full n/a | val_acc 0.9730 | val_f1 0.9802 | adv/moduleC 1.00/1.00 | disc_steps 4 | grad(main/disc) 16.382/2.026 | lr(main/disc) 7.00e-05/2.75e-05 | cuda_peak(alloc/resv) 4.09/5.12GB | phase(train/val/raw/train_eval) 1.2/0.4/0.0/0.0s | 1.6s
2026-08-30 16:53:17 | Epoch 029/060 | loss 1.9799 | cls 1.5286 | tal -0.0252 | dual_g 0.4588 | dual_d 0.7580 | train_acc 0.9097 | train_full n/a | val_acc 0.9730 | val_f1 0.9802 | adv/moduleC 1.00/1.00 | disc_steps 4 | grad(main/disc) 13.763/1.892 | lr(main/disc) 7.00e-05/2.75e-05 | cuda_peak(alloc/resv) 4.09/5.12GB | phase(train/val/raw/train_eval) 1.1/0.4/0.0/0.0s | 1.5s
2026-08-30 16:53:19 | Epoch 030/060 | loss 2.0012 | cls 1.5503 | tal -0.0037 | dual_g 0.4520 | dual_d 0.8311 | train_acc 0.9375 | train_full 0.9924 | val_acc 1.0000 | val_f1 1.0000 | adv/moduleC 1.00/1.00 | disc_steps 4 | grad(main/disc) 14.302/1.886 | lr(main/disc) 7.00e-05/2.75e-05 | cuda_peak(alloc/resv) 4.09/5.12GB | phase(train/val/raw/train_eval) 1.1/0.4/0.4/0.5s | 2.4s
2026-08-30 16:53:21 | Epoch 031/060 | loss 1.8896 | cls 1.4474 | tal 0.0134 | dual_g 0.4381 | dual_d 0.8719 | train_acc 0.9306 | train_full n/a | val_acc 1.0000 | val_f1 1.0000 | adv/moduleC 1.00/1.00 | disc_steps 4 | grad(main/disc) 12.167/1.920 | lr(main/disc) 7.00e-05/2.75e-05 | cuda_peak(alloc/resv) 4.09/5.12GB | phase(train/val/raw/train_eval) 1.3/0.4/0.0/0.0s | 1.7s
2026-08-30 16:53:22 | Epoch 032/060 | loss 1.9128 | cls 1.5145 | tal -0.1075 | dual_g 0.4305 | dual_d 0.9009 | train_acc 0.9583 | train_full n/a | val_acc 0.9730 | val_f1 0.9840 | adv/moduleC 1.00/1.00 | disc_steps 4 | grad(main/disc) 13.411/1.990 | lr(main/disc) 7.00e-05/2.75e-05 | cuda_peak(alloc/resv) 4.09/5.12GB | phase(train/val/raw/train_eval) 1.1/0.4/0.0/0.0s | 1.5s
2026-08-30 16:53:24 | Epoch 033/060 | loss 1.8232 | cls 1.4514 | tal -0.1678 | dual_g 0.4221 | dual_d 0.9193 | train_acc 0.9444 | train_full n/a | val_acc 0.9730 | val_f1 0.9471 | adv/moduleC 1.00/1.00 | disc_steps 4 | grad(main/disc) 12.334/2.036 | lr(main/disc) 7.00e-05/2.75e-05 | cuda_peak(alloc/resv) 4.09/5.12GB | phase(train/val/raw/train_eval) 1.1/0.4/0.0/0.0s | 1.5s
2026-08-30 16:53:25 | Epoch 034/060 | loss 1.9409 | cls 1.5277 | tal -0.1155 | dual_g 0.4478 | dual_d 0.8299 | train_acc 0.9722 | train_full n/a | val_acc 1.0000 | val_f1 1.0000 | adv/moduleC 1.00/1.00 | disc_steps 4 | grad(main/disc) 14.603/1.902 | lr(main/disc) 3.50e-05/1.38e-05 | cuda_peak(alloc/resv) 4.09/5.12GB | phase(train/val/raw/train_eval) 1.3/0.4/0.0/0.0s | 1.7s
2026-08-30 16:53:28 | Epoch 035/060 | loss 1.8720 | cls 1.4793 | tal -0.1195 | dual_g 0.4286 | dual_d 0.8300 | train_acc 0.9306 | train_full 1.0000 | val_acc 1.0000 | val_f1 1.0000 | adv/moduleC 1.00/1.00 | disc_steps 4 | grad(main/disc) 13.140/1.922 | lr(main/disc) 3.50e-05/1.38e-05 | cuda_peak(alloc/resv) 4.09/5.12GB | phase(train/val/raw/train_eval) 1.2/0.4/0.4/0.5s | 2.5s
2026-08-30 16:53:29 | Epoch 036/060 | loss 1.9174 | cls 1.5188 | tal -0.0822 | dual_g 0.4233 | dual_d 0.9307 | train_acc 0.9583 | train_full n/a | val_acc 0.9730 | val_f1 0.9776 | adv/moduleC 1.00/1.00 | disc_steps 4 | grad(main/disc) 13.294/2.019 | lr(main/disc) 3.50e-05/1.38e-05 | cuda_peak(alloc/resv) 4.09/5.12GB | phase(train/val/raw/train_eval) 1.2/0.4/0.0/0.0s | 1.6s
2026-08-30 16:53:29 | Early stopping at epoch 36 after 12 epochs without val_f1_macro_present improvement.
2026-08-30 16:53:29 | Training complete. Peak validation accuracy: 1.0000 | selected val_f1_macro_present: 0.9840
