2026-08-30 16:53:29 | Starting Dual_D standalone training
2026-08-30 16:53:29 | Run directory: runs/module_c_v11_ablation_60/module_c_20260830_155840/module_c_no_identity_逆光_20260830_164025
2026-08-30 16:53:29 | Device: cuda
2026-08-30 16:53:29 | Source train samples: 992
2026-08-30 16:53:29 | Target train samples: 132
2026-08-30 16:53:29 | Target val samples: 37
2026-08-30 16:53:29 | Classes: 14
2026-08-30 16:53:29 | Data audit: same_dir=False | path_overlap(vis/ir/ais)=0/0/0 | content_overlap(vis/ir/ais)=0/0/0 | ais_index_overlap=0 | stem_mismatch(vis-ir/vis-ais)=157/0
2026-08-30 16:53:29 | source_train classes: present 14/14 | absent 0 | counts [0:120, 1:44, 2:69, 3:45, 4:40, 5:30, 6:64, 7:80, 8:116, 9:68, 10:57, 11:83, 12:48, 13:128]
2026-08-30 16:53:29 | target_train classes: present 9/14 | absent 5 | counts [0:20, 2:12, 4:12, 5:2, 9:16, 10:16, 11:29, 12:4, 13:21]
2026-08-30 16:53:29 | target_val classes: present 9/14 | absent 5 | counts [0:6, 2:3, 4:4, 5:1, 9:4, 10:4, 11:8, 12:1, 13:6]
2026-08-30 16:53:29 | Paired training classes: 9/14 | class ids [0, 2, 4, 5, 9, 10, 11, 12, 13]
2026-08-30 16:53:29 | Runtime profile: batch=16 | paired_steps=9 | workers=16 | train_eval_every=5 | raw_eval_every=5 | stability_window=3 | lr_scheduler_start=24 | early_stop=12 after min_epoch=35
2026-08-30 16:53:29 | Augmentation profile: base=0.650 | visible=0.700 | infrared=0.400 | freeze_frozen_batch_norm_stats=True
2026-08-30 16:53:29 | VIS/IR pairing: class-level-unpaired | count-mismatch classes train/val: 10/1 | AIS alignment: none | AIS rows train/val: 0/0
2026-08-30 16:53:30 | Effective Dual-D loss weights: {"adv_auxiliary": 0.025, "adv_primary": 0.025, "classification": 0.15, "contrastive": 0.02, "cycle": 0.12, "identity": 0.0, "prototype_contrastive": 0.06}
2026-08-30 16:53:30 | Model parameters: total=17277714 | trainable=17120210
2026-08-30 16:53:33 | Epoch 001/060 | loss 5.5505 | cls 5.5506 | tal -0.0003 | dual_g 0.0000 | dual_d 0.0000 | train_acc 0.0764 | train_full 0.0985 | val_acc 0.2162 | val_f1 0.0753 | adv/moduleC 0.00/0.00 | disc_steps 0 | grad(main/disc) 28.447/0.000 | lr(main/disc) 7.00e-05/2.75e-05 | cuda_peak(alloc/resv) 4.09/5.12GB | phase(train/val/raw/train_eval) 1.4/0.4/0.4/0.5s | 2.7s
2026-08-30 16:53:34 | Epoch 002/060 | loss 4.5969 | cls 4.5876 | tal 0.0308 | dual_g 0.0000 | dual_d 0.0000 | train_acc 0.1667 | train_full n/a | val_acc 0.2703 | val_f1 0.1636 | adv/moduleC 0.00/0.00 | disc_steps 0 | grad(main/disc) 24.939/0.000 | lr(main/disc) 7.00e-05/2.75e-05 | cuda_peak(alloc/resv) 4.09/5.12GB | phase(train/val/raw/train_eval) 1.1/0.4/0.0/0.0s | 1.5s
2026-08-30 16:53:36 | Epoch 003/060 | loss 4.0881 | cls 4.0682 | tal 0.0662 | dual_g 0.0000 | dual_d 0.0000 | train_acc 0.2639 | train_full n/a | val_acc 0.5135 | val_f1 0.4902 | adv/moduleC 0.00/0.00 | disc_steps 0 | grad(main/disc) 22.707/0.000 | lr(main/disc) 7.00e-05/2.75e-05 | cuda_peak(alloc/resv) 4.09/5.12GB | phase(train/val/raw/train_eval) 1.2/0.4/0.4/0.0s | 2.0s
2026-08-30 16:53:39 | New best val_f1_macro_present: raw=0.4902 stable_score=0.0753 at epoch 3
2026-08-30 16:53:41 | Epoch 004/060 | loss 3.8176 | cls 3.8090 | tal 0.0288 | dual_g 0.0000 | dual_d 0.0000 | train_acc 0.3333 | train_full n/a | val_acc 0.6486 | val_f1 0.6073 | adv/moduleC 0.00/0.00 | disc_steps 0 | grad(main/disc) 21.317/0.000 | lr(main/disc) 7.00e-05/2.75e-05 | cuda_peak(alloc/resv) 4.09/5.12GB | phase(train/val/raw/train_eval) 1.1/0.4/0.4/0.0s | 1.9s
2026-08-30 16:53:43 | New best val_f1_macro_present: raw=0.6073 stable_score=0.1636 at epoch 4
2026-08-30 16:53:45 | Epoch 005/060 | loss 3.7079 | cls 3.6342 | tal -0.0292 | dual_g 0.0825 | dual_d 0.0000 | train_acc 0.3681 | train_full 0.6591 | val_acc 0.6216 | val_f1 0.6323 | adv/moduleC 0.00/0.10 | disc_steps 0 | grad(main/disc) 20.846/0.000 | lr(main/disc) 7.00e-05/2.75e-05 | cuda_peak(alloc/resv) 4.09/5.12GB | phase(train/val/raw/train_eval) 1.1/0.4/0.4/0.5s | 2.4s
2026-08-30 16:53:47 | New best val_f1_macro_present: raw=0.6323 stable_score=0.4902 at epoch 5
2026-08-30 16:53:49 | Epoch 006/060 | loss 3.4181 | cls 3.2865 | tal -0.0906 | dual_g 0.1588 | dual_d 0.0000 | train_acc 0.4583 | train_full n/a | val_acc 0.7838 | val_f1 0.7981 | adv/moduleC 0.00/0.20 | disc_steps 0 | grad(main/disc) 20.135/0.000 | lr(main/disc) 7.00e-05/2.75e-05 | cuda_peak(alloc/resv) 4.09/5.12GB | phase(train/val/raw/train_eval) 1.1/0.4/0.4/0.0s | 1.9s
2026-08-30 16:53:51 | New best val_f1_macro_present: raw=0.7981 stable_score=0.6073 at epoch 6
2026-08-30 16:53:53 | Epoch 007/060 | loss 3.3288 | cls 3.1133 | tal -0.0611 | dual_g 0.2339 | dual_d 0.9234 | train_acc 0.4931 | train_full n/a | val_acc 0.8919 | val_f1 0.8955 | adv/moduleC 0.07/0.30 | disc_steps 4 | grad(main/disc) 19.463/2.306 | lr(main/disc) 7.00e-05/2.75e-05 | cuda_peak(alloc/resv) 4.09/5.12GB | phase(train/val/raw/train_eval) 1.1/0.4/0.4/0.0s | 1.9s
2026-08-30 16:53:55 | New best val_f1_macro_present: raw=0.8955 stable_score=0.6323 at epoch 7
2026-08-30 16:53:57 | Epoch 008/060 | loss 3.3290 | cls 3.0623 | tal -0.0937 | dual_g 0.2949 | dual_d 0.8671 | train_acc 0.5139 | train_full n/a | val_acc 0.8378 | val_f1 0.8831 | adv/moduleC 0.14/0.40 | disc_steps 4 | grad(main/disc) 20.166/2.290 | lr(main/disc) 7.00e-05/2.75e-05 | cuda_peak(alloc/resv) 4.09/5.12GB | phase(train/val/raw/train_eval) 1.2/0.4/0.4/0.0s | 2.0s
2026-08-30 16:54:00 | New best val_f1_macro_present: raw=0.8831 stable_score=0.7981 at epoch 8
2026-08-30 16:54:01 | Epoch 009/060 | loss 3.1786 | cls 2.8460 | tal -0.0730 | dual_g 0.3545 | dual_d 0.8065 | train_acc 0.6181 | train_full n/a | val_acc 0.8378 | val_f1 0.8195 | adv/moduleC 0.21/0.50 | disc_steps 4 | grad(main/disc) 19.817/2.127 | lr(main/disc) 7.00e-05/2.75e-05 | cuda_peak(alloc/resv) 4.09/5.12GB | phase(train/val/raw/train_eval) 1.0/0.4/0.4/0.0s | 1.9s
2026-08-30 16:54:04 | New best val_f1_macro_present: raw=0.8195 stable_score=0.8195 at epoch 9
2026-08-30 16:54:06 | Epoch 010/060 | loss 3.1272 | cls 2.7531 | tal -0.1136 | dual_g 0.4082 | dual_d 0.8610 | train_acc 0.5139 | train_full 0.8182 | val_acc 0.7297 | val_f1 0.7460 | adv/moduleC 0.29/0.60 | disc_steps 4 | grad(main/disc) 19.231/2.138 | lr(main/disc) 7.00e-05/2.75e-05 | cuda_peak(alloc/resv) 4.09/5.12GB | phase(train/val/raw/train_eval) 1.1/0.4/0.4/0.5s | 2.4s
2026-08-30 16:54:07 | Epoch 011/060 | loss 3.0747 | cls 2.6603 | tal -0.1188 | dual_g 0.4500 | dual_d 0.8649 | train_acc 0.6042 | train_full n/a | val_acc 0.8108 | val_f1 0.8372 | adv/moduleC 0.36/0.70 | disc_steps 4 | grad(main/disc) 20.713/2.111 | lr(main/disc) 7.00e-05/2.75e-05 | cuda_peak(alloc/resv) 4.09/5.12GB | phase(train/val/raw/train_eval) 1.0/0.4/0.0/0.0s | 1.4s
2026-08-30 16:54:09 | Epoch 012/060 | loss 2.9791 | cls 2.5226 | tal -0.1389 | dual_g 0.4982 | dual_d 0.8064 | train_acc 0.6111 | train_full n/a | val_acc 0.8378 | val_f1 0.8531 | adv/moduleC 0.43/0.80 | disc_steps 4 | grad(main/disc) 19.661/2.023 | lr(main/disc) 7.00e-05/2.75e-05 | cuda_peak(alloc/resv) 4.09/5.12GB | phase(train/val/raw/train_eval) 1.1/0.4/0.0/0.0s | 1.5s
2026-08-30 16:54:11 | Epoch 013/060 | loss 2.7911 | cls 2.2888 | tal -0.1088 | dual_g 0.5349 | dual_d 0.7695 | train_acc 0.7153 | train_full n/a | val_acc 0.8649 | val_f1 0.8934 | adv/moduleC 0.50/0.90 | disc_steps 4 | grad(main/disc) 18.707/1.919 | lr(main/disc) 7.00e-05/2.75e-05 | cuda_peak(alloc/resv) 4.09/5.12GB | phase(train/val/raw/train_eval) 1.1/0.4/0.4/0.0s | 1.9s
2026-08-30 16:54:13 | New best val_f1_macro_present: raw=0.8934 stable_score=0.8372 at epoch 13
2026-08-30 16:54:15 | Epoch 014/060 | loss 2.7358 | cls 2.1723 | tal -0.1332 | dual_g 0.6034 | dual_d 0.8043 | train_acc 0.7222 | train_full n/a | val_acc 0.9459 | val_f1 0.9556 | adv/moduleC 0.57/1.00 | disc_steps 4 | grad(main/disc) 17.128/1.992 | lr(main/disc) 7.00e-05/2.75e-05 | cuda_peak(alloc/resv) 4.09/5.12GB | phase(train/val/raw/train_eval) 1.2/0.4/0.4/0.0s | 2.0s
2026-08-30 16:54:17 | New best val_f1_macro_present: raw=0.9556 stable_score=0.8531 at epoch 14
2026-08-30 16:54:19 | Epoch 015/060 | loss 2.7837 | cls 2.2886 | tal -0.2505 | dual_g 0.5702 | dual_d 0.7562 | train_acc 0.7014 | train_full 0.9848 | val_acc 0.9730 | val_f1 0.9776 | adv/moduleC 0.64/1.00 | disc_steps 4 | grad(main/disc) 18.561/1.932 | lr(main/disc) 7.00e-05/2.75e-05 | cuda_peak(alloc/resv) 4.09/5.12GB | phase(train/val/raw/train_eval) 1.0/0.4/0.5/0.5s | 2.4s
2026-08-30 16:54:22 | New best val_f1_macro_present: raw=0.9776 stable_score=0.8934 at epoch 15
2026-08-30 16:54:23 | Epoch 016/060 | loss 2.5495 | cls 2.1046 | tal -0.2446 | dual_g 0.5182 | dual_d 0.7780 | train_acc 0.7361 | train_full n/a | val_acc 0.9189 | val_f1 0.9220 | adv/moduleC 0.71/1.00 | disc_steps 4 | grad(main/disc) 17.105/2.060 | lr(main/disc) 7.00e-05/2.75e-05 | cuda_peak(alloc/resv) 4.09/5.12GB | phase(train/val/raw/train_eval) 1.1/0.4/0.4/0.0s | 1.9s
2026-08-30 16:54:26 | New best val_f1_macro_present: raw=0.9220 stable_score=0.9220 at epoch 16
2026-08-30 16:54:27 | Epoch 017/060 | loss 2.4360 | cls 1.9293 | tal -0.1083 | dual_g 0.5393 | dual_d 0.8156 | train_acc 0.8472 | train_full n/a | val_acc 0.9189 | val_f1 0.9396 | adv/moduleC 0.79/1.00 | disc_steps 4 | grad(main/disc) 16.619/2.021 | lr(main/disc) 7.00e-05/2.75e-05 | cuda_peak(alloc/resv) 4.09/5.12GB | phase(train/val/raw/train_eval) 1.3/0.4/0.0/0.0s | 1.7s
2026-08-30 16:54:29 | Epoch 018/060 | loss 2.5167 | cls 2.0205 | tal -0.1199 | dual_g 0.5322 | dual_d 0.7667 | train_acc 0.7847 | train_full n/a | val_acc 0.9730 | val_f1 0.9776 | adv/moduleC 0.86/1.00 | disc_steps 4 | grad(main/disc) 18.334/1.994 | lr(main/disc) 7.00e-05/2.75e-05 | cuda_peak(alloc/resv) 4.09/5.12GB | phase(train/val/raw/train_eval) 1.1/0.4/0.0/0.0s | 1.5s
2026-08-30 16:54:31 | Epoch 019/060 | loss 2.2432 | cls 1.7610 | tal -0.1066 | dual_g 0.5142 | dual_d 0.8548 | train_acc 0.8333 | train_full n/a | val_acc 0.9730 | val_f1 0.9776 | adv/moduleC 0.93/1.00 | disc_steps 4 | grad(main/disc) 15.251/2.002 | lr(main/disc) 7.00e-05/2.75e-05 | cuda_peak(alloc/resv) 4.09/5.12GB | phase(train/val/raw/train_eval) 1.4/0.4/0.4/0.0s | 2.2s
2026-08-30 16:54:33 | New best val_f1_macro_present: raw=0.9776 stable_score=0.9396 at epoch 19
2026-08-30 16:54:36 | Epoch 020/060 | loss 2.3902 | cls 1.9235 | tal -0.2030 | dual_g 0.5276 | dual_d 0.8043 | train_acc 0.7986 | train_full 0.9773 | val_acc 0.9730 | val_f1 0.9776 | adv/moduleC 1.00/1.00 | disc_steps 4 | grad(main/disc) 17.710/2.003 | lr(main/disc) 7.00e-05/2.75e-05 | cuda_peak(alloc/resv) 4.09/5.12GB | phase(train/val/raw/train_eval) 1.1/0.4/0.4/0.5s | 2.4s
2026-08-30 16:54:38 | New best val_f1_macro_present: raw=0.9776 stable_score=0.9776 at epoch 20
2026-08-30 16:54:39 | Epoch 021/060 | loss 2.2845 | cls 1.8254 | tal -0.1893 | dual_g 0.5160 | dual_d 0.9063 | train_acc 0.7917 | train_full n/a | val_acc 1.0000 | val_f1 1.0000 | adv/moduleC 1.00/1.00 | disc_steps 4 | grad(main/disc) 17.527/2.172 | lr(main/disc) 7.00e-05/2.75e-05 | cuda_peak(alloc/resv) 4.09/5.12GB | phase(train/val/raw/train_eval) 1.2/0.4/0.0/0.0s | 1.6s
2026-08-30 16:54:41 | Epoch 022/060 | loss 2.2881 | cls 1.8656 | tal -0.2075 | dual_g 0.4847 | dual_d 0.8745 | train_acc 0.8194 | train_full n/a | val_acc 1.0000 | val_f1 1.0000 | adv/moduleC 1.00/1.00 | disc_steps 4 | grad(main/disc) 19.099/2.043 | lr(main/disc) 7.00e-05/2.75e-05 | cuda_peak(alloc/resv) 4.09/5.12GB | phase(train/val/raw/train_eval) 0.9/0.4/0.0/0.0s | 1.3s
2026-08-30 16:54:42 | Epoch 023/060 | loss 2.1447 | cls 1.7032 | tal -0.1273 | dual_g 0.4797 | dual_d 0.8682 | train_acc 0.8681 | train_full n/a | val_acc 0.9730 | val_f1 0.9776 | adv/moduleC 1.00/1.00 | disc_steps 4 | grad(main/disc) 15.203/2.032 | lr(main/disc) 7.00e-05/2.75e-05 | cuda_peak(alloc/resv) 4.09/5.12GB | phase(train/val/raw/train_eval) 1.1/0.4/0.0/0.0s | 1.5s
2026-08-30 16:54:44 | Epoch 024/060 | loss 2.0826 | cls 1.6656 | tal -0.1524 | dual_g 0.4627 | dual_d 0.9283 | train_acc 0.8472 | train_full n/a | val_acc 0.9730 | val_f1 0.9776 | adv/moduleC 1.00/1.00 | disc_steps 4 | grad(main/disc) 14.438/2.161 | lr(main/disc) 7.00e-05/2.75e-05 | cuda_peak(alloc/resv) 4.09/5.12GB | phase(train/val/raw/train_eval) 1.3/0.4/0.0/0.0s | 1.7s
2026-08-30 16:54:46 | Epoch 025/060 | loss 2.0843 | cls 1.6706 | tal -0.1734 | dual_g 0.4657 | dual_d 0.8394 | train_acc 0.8333 | train_full 0.9773 | val_acc 0.9730 | val_f1 0.9776 | adv/moduleC 1.00/1.00 | disc_steps 4 | grad(main/disc) 15.005/1.906 | lr(main/disc) 7.00e-05/2.75e-05 | cuda_peak(alloc/resv) 4.09/5.12GB | phase(train/val/raw/train_eval) 1.1/0.4/0.4/0.5s | 2.4s
2026-08-30 16:54:48 | Epoch 026/060 | loss 1.9568 | cls 1.5316 | tal -0.1316 | dual_g 0.4647 | dual_d 0.8351 | train_acc 0.8958 | train_full n/a | val_acc 0.9459 | val_f1 0.9616 | adv/moduleC 1.00/1.00 | disc_steps 4 | grad(main/disc) 13.781/1.909 | lr(main/disc) 7.00e-05/2.75e-05 | cuda_peak(alloc/resv) 4.09/5.12GB | phase(train/val/raw/train_eval) 1.1/0.4/0.0/0.0s | 1.5s
2026-08-30 16:54:49 | Epoch 027/060 | loss 2.0493 | cls 1.6411 | tal -0.1247 | dual_g 0.4456 | dual_d 0.8882 | train_acc 0.9236 | train_full n/a | val_acc 0.9730 | val_f1 0.9840 | adv/moduleC 1.00/1.00 | disc_steps 4 | grad(main/disc) 14.322/1.977 | lr(main/disc) 7.00e-05/2.75e-05 | cuda_peak(alloc/resv) 4.09/5.12GB | phase(train/val/raw/train_eval) 1.1/0.4/0.0/0.0s | 1.5s
2026-08-30 16:54:51 | Epoch 028/060 | loss 2.1261 | cls 1.7032 | tal -0.1602 | dual_g 0.4710 | dual_d 0.8818 | train_acc 0.8958 | train_full n/a | val_acc 0.9730 | val_f1 0.9776 | adv/moduleC 1.00/1.00 | disc_steps 4 | grad(main/disc) 17.907/1.982 | lr(main/disc) 7.00e-05/2.75e-05 | cuda_peak(alloc/resv) 4.09/5.12GB | phase(train/val/raw/train_eval) 1.2/0.4/0.0/0.0s | 1.6s
2026-08-30 16:54:52 | Epoch 029/060 | loss 1.9769 | cls 1.5651 | tal -0.1195 | dual_g 0.4477 | dual_d 0.8699 | train_acc 0.9097 | train_full n/a | val_acc 0.9730 | val_f1 0.9802 | adv/moduleC 1.00/1.00 | disc_steps 4 | grad(main/disc) 15.735/1.953 | lr(main/disc) 7.00e-05/2.75e-05 | cuda_peak(alloc/resv) 4.09/5.12GB | phase(train/val/raw/train_eval) 1.0/0.4/0.0/0.0s | 1.5s
2026-08-30 16:54:55 | Epoch 030/060 | loss 1.8881 | cls 1.5235 | tal -0.1993 | dual_g 0.4244 | dual_d 0.8404 | train_acc 0.8750 | train_full 0.9924 | val_acc 0.9730 | val_f1 0.9776 | adv/moduleC 1.00/1.00 | disc_steps 4 | grad(main/disc) 13.389/1.917 | lr(main/disc) 7.00e-05/2.75e-05 | cuda_peak(alloc/resv) 4.09/5.12GB | phase(train/val/raw/train_eval) 1.2/0.4/0.4/0.5s | 2.5s
2026-08-30 16:54:56 | Epoch 031/060 | loss 1.9555 | cls 1.5628 | tal -0.1357 | dual_g 0.4334 | dual_d 0.9179 | train_acc 0.9167 | train_full n/a | val_acc 0.9730 | val_f1 0.9776 | adv/moduleC 1.00/1.00 | disc_steps 4 | grad(main/disc) 13.773/1.997 | lr(main/disc) 7.00e-05/2.75e-05 | cuda_peak(alloc/resv) 4.09/5.12GB | phase(train/val/raw/train_eval) 1.1/0.4/0.0/0.0s | 1.5s
2026-08-30 16:54:58 | Epoch 032/060 | loss 1.7965 | cls 1.4243 | tal -0.1977 | dual_g 0.4315 | dual_d 0.8696 | train_acc 0.9653 | train_full n/a | val_acc 1.0000 | val_f1 1.0000 | adv/moduleC 1.00/1.00 | disc_steps 4 | grad(main/disc) 11.247/1.991 | lr(main/disc) 7.00e-05/2.75e-05 | cuda_peak(alloc/resv) 4.09/5.12GB | phase(train/val/raw/train_eval) 1.2/0.4/0.0/0.0s | 1.6s
2026-08-30 16:54:59 | Epoch 033/060 | loss 1.8027 | cls 1.4647 | tal -0.2557 | dual_g 0.4147 | dual_d 0.8336 | train_acc 0.9167 | train_full n/a | val_acc 1.0000 | val_f1 1.0000 | adv/moduleC 1.00/1.00 | disc_steps 4 | grad(main/disc) 13.043/1.949 | lr(main/disc) 7.00e-05/2.75e-05 | cuda_peak(alloc/resv) 4.09/5.12GB | phase(train/val/raw/train_eval) 1.1/0.4/0.0/0.0s | 1.5s
2026-08-30 16:55:01 | Epoch 034/060 | loss 1.8323 | cls 1.4737 | tal -0.2130 | dual_g 0.4225 | dual_d 0.9082 | train_acc 0.9444 | train_full n/a | val_acc 1.0000 | val_f1 1.0000 | adv/moduleC 1.00/1.00 | disc_steps 4 | grad(main/disc) 13.698/1.971 | lr(main/disc) 7.00e-05/2.75e-05 | cuda_peak(alloc/resv) 4.09/5.12GB | phase(train/val/raw/train_eval) 1.0/0.4/0.4/0.0s | 1.8s
2026-08-30 16:55:03 | New best val_f1_macro_present: raw=1.0000 stable_score=1.0000 at epoch 34
2026-08-30 16:55:06 | Epoch 035/060 | loss 1.8494 | cls 1.4788 | tal -0.1702 | dual_g 0.4216 | dual_d 0.9976 | train_acc 0.9514 | train_full 1.0000 | val_acc 1.0000 | val_f1 1.0000 | adv/moduleC 1.00/1.00 | disc_steps 4 | grad(main/disc) 13.657/2.087 | lr(main/disc) 7.00e-05/2.75e-05 | cuda_peak(alloc/resv) 4.09/5.12GB | phase(train/val/raw/train_eval) 1.1/0.4/0.4/0.5s | 2.3s
2026-08-30 16:55:07 | Epoch 036/060 | loss 1.7489 | cls 1.4072 | tal -0.1782 | dual_g 0.3951 | dual_d 0.8531 | train_acc 0.9583 | train_full n/a | val_acc 1.0000 | val_f1 1.0000 | adv/moduleC 1.00/1.00 | disc_steps 4 | grad(main/disc) 11.546/1.891 | lr(main/disc) 7.00e-05/2.75e-05 | cuda_peak(alloc/resv) 4.09/5.12GB | phase(train/val/raw/train_eval) 1.0/0.4/0.0/0.0s | 1.5s
2026-08-30 16:55:09 | Epoch 037/060 | loss 1.7980 | cls 1.4446 | tal -0.1841 | dual_g 0.4085 | dual_d 0.9487 | train_acc 0.9722 | train_full n/a | val_acc 1.0000 | val_f1 1.0000 | adv/moduleC 1.00/1.00 | disc_steps 4 | grad(main/disc) 13.047/2.036 | lr(main/disc) 7.00e-05/2.75e-05 | cuda_peak(alloc/resv) 4.09/5.12GB | phase(train/val/raw/train_eval) 1.0/0.4/0.0/0.0s | 1.4s
2026-08-30 16:55:10 | Epoch 038/060 | loss 1.6000 | cls 1.2975 | tal -0.2777 | dual_g 0.3858 | dual_d 0.8712 | train_acc 0.9722 | train_full n/a | val_acc 1.0000 | val_f1 1.0000 | adv/moduleC 1.00/1.00 | disc_steps 4 | grad(main/disc) 9.224/1.917 | lr(main/disc) 7.00e-05/2.75e-05 | cuda_peak(alloc/resv) 4.09/5.12GB | phase(train/val/raw/train_eval) 1.2/0.4/0.0/0.0s | 1.6s
2026-08-30 16:55:12 | Epoch 039/060 | loss 1.5574 | cls 1.2875 | tal -0.3249 | dual_g 0.3674 | dual_d 0.9837 | train_acc 0.9861 | train_full n/a | val_acc 1.0000 | val_f1 1.0000 | adv/moduleC 1.00/1.00 | disc_steps 4 | grad(main/disc) 8.479/1.922 | lr(main/disc) 7.00e-05/2.75e-05 | cuda_peak(alloc/resv) 4.09/5.12GB | phase(train/val/raw/train_eval) 1.3/0.4/0.0/0.0s | 1.7s
2026-08-30 16:55:14 | Epoch 040/060 | loss 1.7471 | cls 1.3911 | tal -0.1028 | dual_g 0.3869 | dual_d 0.9517 | train_acc 0.9514 | train_full 1.0000 | val_acc 1.0000 | val_f1 1.0000 | adv/moduleC 1.00/1.00 | disc_steps 4 | grad(main/disc) 11.962/1.977 | lr(main/disc) 7.00e-05/2.75e-05 | cuda_peak(alloc/resv) 4.09/5.12GB | phase(train/val/raw/train_eval) 1.0/0.4/0.4/0.5s | 2.3s
2026-08-30 16:55:16 | Epoch 041/060 | loss 1.6853 | cls 1.3568 | tal -0.1848 | dual_g 0.3839 | dual_d 1.0418 | train_acc 0.9306 | train_full n/a | val_acc 1.0000 | val_f1 1.0000 | adv/moduleC 1.00/1.00 | disc_steps 4 | grad(main/disc) 10.185/2.071 | lr(main/disc) 3.50e-05/1.38e-05 | cuda_peak(alloc/resv) 4.09/5.12GB | phase(train/val/raw/train_eval) 1.1/0.4/0.0/0.0s | 1.5s
2026-08-30 16:55:17 | Epoch 042/060 | loss 1.6309 | cls 1.2957 | tal -0.1481 | dual_g 0.3797 | dual_d 0.9546 | train_acc 0.9653 | train_full n/a | val_acc 1.0000 | val_f1 1.0000 | adv/moduleC 1.00/1.00 | disc_steps 4 | grad(main/disc) 10.667/1.925 | lr(main/disc) 3.50e-05/1.38e-05 | cuda_peak(alloc/resv) 4.09/5.12GB | phase(train/val/raw/train_eval) 1.2/0.4/0.0/0.0s | 1.6s
2026-08-30 16:55:19 | Epoch 043/060 | loss 1.6996 | cls 1.3478 | tal -0.0731 | dual_g 0.3737 | dual_d 0.9105 | train_acc 0.9653 | train_full n/a | val_acc 1.0000 | val_f1 1.0000 | adv/moduleC 1.00/1.00 | disc_steps 4 | grad(main/disc) 10.643/1.912 | lr(main/disc) 3.50e-05/1.38e-05 | cuda_peak(alloc/resv) 4.09/5.12GB | phase(train/val/raw/train_eval) 1.1/0.4/0.0/0.0s | 1.5s
2026-08-30 16:55:20 | Epoch 044/060 | loss 1.5638 | cls 1.2552 | tal -0.2074 | dual_g 0.3708 | dual_d 0.9654 | train_acc 0.9653 | train_full n/a | val_acc 1.0000 | val_f1 1.0000 | adv/moduleC 1.00/1.00 | disc_steps 4 | grad(main/disc) 8.179/1.980 | lr(main/disc) 3.50e-05/1.38e-05 | cuda_peak(alloc/resv) 4.09/5.12GB | phase(train/val/raw/train_eval) 1.2/0.4/0.0/0.0s | 1.6s
2026-08-30 16:55:23 | Epoch 045/060 | loss 1.5611 | cls 1.2731 | tal -0.2082 | dual_g 0.3505 | dual_d 0.9672 | train_acc 0.9722 | train_full 1.0000 | val_acc 1.0000 | val_f1 1.0000 | adv/moduleC 1.00/1.00 | disc_steps 4 | grad(main/disc) 8.490/1.941 | lr(main/disc) 3.50e-05/1.38e-05 | cuda_peak(alloc/resv) 4.09/5.12GB | phase(train/val/raw/train_eval) 1.0/0.4/0.4/0.5s | 2.3s
2026-08-30 16:55:24 | Epoch 046/060 | loss 1.5369 | cls 1.2256 | tal -0.1330 | dual_g 0.3512 | dual_d 0.9689 | train_acc 0.9861 | train_full n/a | val_acc 1.0000 | val_f1 1.0000 | adv/moduleC 1.00/1.00 | disc_steps 4 | grad(main/disc) 6.973/1.975 | lr(main/disc) 3.50e-05/1.38e-05 | cuda_peak(alloc/resv) 4.09/5.12GB | phase(train/val/raw/train_eval) 1.0/0.5/0.0/0.0s | 1.4s
2026-08-30 16:55:24 | Early stopping at epoch 46 after 12 epochs without val_f1_macro_present improvement.
2026-08-30 16:55:24 | Training complete. Peak validation accuracy: 1.0000 | selected val_f1_macro_present: 1.0000
