2026-08-21 02:55:16 | Starting Dual_D standalone training
2026-08-21 02:55:16 | Run directory: runs/module_c_ablation/module_c_full_雾天_iter01_20260820_204237
2026-08-21 02:55:16 | Device: cuda
2026-08-21 02:55:16 | Source train samples: 992
2026-08-21 02:55:16 | Target train samples: 507
2026-08-21 02:55:16 | Target val samples: 132
2026-08-21 02:55:16 | Classes: 14
2026-08-21 02:55:16 | Data audit: same_dir=False | path_overlap(vis/ir/ais)=0/0/0 | content_overlap(vis/ir/ais)=0/0/0 | ais_index_overlap=0 | stem_mismatch(vis-ir/vis-ais)=630/0
2026-08-21 02:55:16 | source_train classes: present 14/14 | absent 0 | counts [0:120, 1:44, 2:69, 3:45, 4:40, 5:30, 6:64, 7:80, 8:116, 9:68, 10:57, 11:83, 12:48, 13:128]
2026-08-21 02:55:16 | target_train classes: present 9/14 | absent 5 | counts [0:35, 1:18, 2:119, 6:110, 8:25, 9:50, 10:48, 12:9, 13:93]
2026-08-21 02:55:16 | target_val classes: present 9/14 | absent 5 | counts [0:9, 1:5, 2:30, 6:28, 8:7, 9:13, 10:13, 12:3, 13:24]
2026-08-21 02:55:16 | Paired training classes: 9/14 | class ids [0, 1, 2, 6, 8, 9, 10, 12, 13]
2026-08-21 02:55:16 | VIS/IR pairing: class-level-unpaired | count-mismatch classes train/val: 10/2 | AIS alignment: none | AIS rows train/val: 0/0
2026-08-21 02:55:17 | Model parameters: total=17277714 | trainable=17120210
2026-08-21 02:56:37 | Epoch 001/100 | loss 9.2688 | cls 4.7827 | tal 0.0166 | dual_g 4.4811 | dual_d 0.0000 | train_acc 0.1328 | train_full 0.2229 | val_acc 0.1970 | val_f1 0.1221 | grad(main/disc) 27.721/0.000 | lr(main/disc) 7.00e-05/3.50e-05 | 80.5s
2026-08-21 02:56:38 | New best val_f1_macro_present: 0.1221 at epoch 1
2026-08-21 02:57:58 | Epoch 002/100 | loss 7.4786 | cls 3.8029 | tal -0.0463 | dual_g 3.6895 | dual_d 0.0000 | train_acc 0.2422 | train_full 0.4083 | val_acc 0.4242 | val_f1 0.3917 | grad(main/disc) 22.364/0.000 | lr(main/disc) 7.00e-05/3.50e-05 | 80.1s
2026-08-21 02:57:58 | New best val_f1_macro_present: 0.3917 at epoch 2
2026-08-21 02:59:20 | Epoch 003/100 | loss 6.8193 | cls 3.4659 | tal -0.1114 | dual_g 3.3868 | dual_d 0.0000 | train_acc 0.3105 | train_full 0.4753 | val_acc 0.4318 | val_f1 0.4529 | grad(main/disc) 20.283/0.000 | lr(main/disc) 7.00e-05/3.50e-05 | 82.1s
2026-08-21 02:59:21 | New best val_f1_macro_present: 0.4529 at epoch 3
2026-08-21 03:00:40 | Epoch 004/100 | loss 6.3029 | cls 3.1712 | tal -0.0964 | dual_g 3.1606 | dual_d 0.0000 | train_acc 0.3535 | train_full 0.6292 | val_acc 0.5985 | val_f1 0.6293 | grad(main/disc) 19.884/0.000 | lr(main/disc) 7.00e-05/3.50e-05 | 79.1s
2026-08-21 03:00:40 | New best val_f1_macro_present: 0.6293 at epoch 4
2026-08-21 03:02:01 | Epoch 005/100 | loss 5.7619 | cls 2.9146 | tal -0.1318 | dual_g 2.8868 | dual_d 0.0000 | train_acc 0.4707 | train_full 0.6805 | val_acc 0.6136 | val_f1 0.6426 | grad(main/disc) 19.333/0.000 | lr(main/disc) 7.00e-05/3.50e-05 | 80.9s
2026-08-21 03:02:01 | New best val_f1_macro_present: 0.6426 at epoch 5
2026-08-21 03:03:22 | Epoch 006/100 | loss 5.2162 | cls 2.5443 | tal -0.1174 | dual_g 2.7071 | dual_d 0.9147 | train_acc 0.5605 | train_full 0.7041 | val_acc 0.6818 | val_f1 0.6986 | grad(main/disc) 19.567/1.989 | lr(main/disc) 7.00e-05/3.50e-05 | 80.4s
2026-08-21 03:03:22 | New best val_f1_macro_present: 0.6986 at epoch 6
2026-08-21 03:04:39 | Epoch 007/100 | loss 4.9727 | cls 2.4703 | tal -0.0851 | dual_g 2.5280 | dual_d 0.9032 | train_acc 0.5664 | train_full 0.8008 | val_acc 0.7803 | val_f1 0.7601 | grad(main/disc) 18.975/1.997 | lr(main/disc) 7.00e-05/3.50e-05 | 77.4s
2026-08-21 03:04:40 | New best val_f1_macro_present: 0.7601 at epoch 7
2026-08-21 03:05:59 | Epoch 008/100 | loss 4.7456 | cls 2.3328 | tal -0.1575 | dual_g 2.4600 | dual_d 0.8315 | train_acc 0.6387 | train_full 0.7909 | val_acc 0.7652 | val_f1 0.7540 | grad(main/disc) 20.352/1.862 | lr(main/disc) 7.00e-05/3.50e-05 | 79.0s
2026-08-21 03:07:19 | Epoch 009/100 | loss 4.3797 | cls 2.1488 | tal -0.1555 | dual_g 2.2776 | dual_d 0.8199 | train_acc 0.6680 | train_full 0.7870 | val_acc 0.7727 | val_f1 0.7689 | grad(main/disc) 19.517/1.798 | lr(main/disc) 7.00e-05/3.50e-05 | 80.6s
2026-08-21 03:07:20 | New best val_f1_macro_present: 0.7689 at epoch 9
2026-08-21 03:08:38 | Epoch 010/100 | loss 4.1899 | cls 2.0576 | tal -0.1072 | dual_g 2.1645 | dual_d 0.7685 | train_acc 0.7402 | train_full 0.8639 | val_acc 0.8333 | val_f1 0.8380 | grad(main/disc) 17.298/1.745 | lr(main/disc) 7.00e-05/3.50e-05 | 78.6s
2026-08-21 03:08:39 | New best val_f1_macro_present: 0.8380 at epoch 10
2026-08-21 03:10:00 | Epoch 011/100 | loss 3.9793 | cls 1.9232 | tal -0.0726 | dual_g 2.0779 | dual_d 0.7702 | train_acc 0.7754 | train_full 0.8955 | val_acc 0.8636 | val_f1 0.8490 | grad(main/disc) 16.960/1.727 | lr(main/disc) 7.00e-05/3.50e-05 | 81.4s
2026-08-21 03:10:00 | New best val_f1_macro_present: 0.8490 at epoch 11
2026-08-21 03:11:19 | Epoch 012/100 | loss 3.8100 | cls 1.8083 | tal -0.0796 | dual_g 2.0255 | dual_d 0.7634 | train_acc 0.8008 | train_full 0.8619 | val_acc 0.8106 | val_f1 0.7995 | grad(main/disc) 17.627/1.668 | lr(main/disc) 7.00e-05/3.50e-05 | 78.2s
2026-08-21 03:12:38 | Epoch 013/100 | loss 3.6541 | cls 1.7532 | tal -0.1184 | dual_g 1.9364 | dual_d 0.7618 | train_acc 0.8281 | train_full 0.9112 | val_acc 0.9091 | val_f1 0.9010 | grad(main/disc) 15.974/1.629 | lr(main/disc) 7.00e-05/3.50e-05 | 79.6s
2026-08-21 03:12:39 | New best val_f1_macro_present: 0.9010 at epoch 13
2026-08-21 03:13:59 | Epoch 014/100 | loss 3.5629 | cls 1.7122 | tal -0.1391 | dual_g 1.8924 | dual_d 0.7483 | train_acc 0.8340 | train_full 0.9152 | val_acc 0.8788 | val_f1 0.8631 | grad(main/disc) 15.847/1.610 | lr(main/disc) 7.00e-05/3.50e-05 | 80.5s
2026-08-21 03:15:22 | Epoch 015/100 | loss 3.4010 | cls 1.6344 | tal -0.1469 | dual_g 1.8107 | dual_d 0.7417 | train_acc 0.8809 | train_full 0.9408 | val_acc 0.9242 | val_f1 0.9163 | grad(main/disc) 14.360/1.578 | lr(main/disc) 7.00e-05/3.50e-05 | 82.7s
2026-08-21 03:15:22 | New best val_f1_macro_present: 0.9163 at epoch 15
2026-08-21 03:16:42 | Epoch 016/100 | loss 3.2923 | cls 1.5487 | tal -0.0638 | dual_g 1.7627 | dual_d 0.7361 | train_acc 0.9004 | train_full 0.9349 | val_acc 0.9470 | val_f1 0.9453 | grad(main/disc) 13.444/1.549 | lr(main/disc) 7.00e-05/3.50e-05 | 80.3s
2026-08-21 03:16:43 | New best val_f1_macro_present: 0.9453 at epoch 16
2026-08-21 03:18:01 | Epoch 017/100 | loss 3.3135 | cls 1.6039 | tal -0.0832 | dual_g 1.7345 | dual_d 0.7725 | train_acc 0.9102 | train_full 0.9724 | val_acc 0.9621 | val_f1 0.9550 | grad(main/disc) 13.996/1.587 | lr(main/disc) 7.00e-05/3.50e-05 | 78.3s
2026-08-21 03:18:01 | New best val_f1_macro_present: 0.9550 at epoch 17
2026-08-21 03:19:22 | Epoch 018/100 | loss 3.1505 | cls 1.4887 | tal -0.0972 | dual_g 1.6910 | dual_d 0.7693 | train_acc 0.9277 | train_full 0.9527 | val_acc 0.9242 | val_f1 0.9092 | grad(main/disc) 12.685/1.510 | lr(main/disc) 7.00e-05/3.50e-05 | 80.9s
2026-08-21 03:20:41 | Epoch 019/100 | loss 3.1188 | cls 1.4881 | tal -0.0484 | dual_g 1.6452 | dual_d 0.7871 | train_acc 0.9336 | train_full 0.9684 | val_acc 0.9621 | val_f1 0.9564 | grad(main/disc) 11.613/1.533 | lr(main/disc) 7.00e-05/3.50e-05 | 78.8s
2026-08-21 03:20:41 | New best val_f1_macro_present: 0.9564 at epoch 19
2026-08-21 03:22:04 | Epoch 020/100 | loss 3.0400 | cls 1.4530 | tal -0.0572 | dual_g 1.6042 | dual_d 0.8103 | train_acc 0.9277 | train_full 0.9901 | val_acc 0.9773 | val_f1 0.9685 | grad(main/disc) 10.645/1.514 | lr(main/disc) 7.00e-05/3.50e-05 | 82.2s
2026-08-21 03:22:04 | New best val_f1_macro_present: 0.9685 at epoch 20
2026-08-21 03:23:23 | Epoch 021/100 | loss 2.9883 | cls 1.4275 | tal -0.1041 | dual_g 1.5920 | dual_d 0.8315 | train_acc 0.9668 | train_full 0.9763 | val_acc 0.9621 | val_f1 0.9520 | grad(main/disc) 10.881/1.507 | lr(main/disc) 7.00e-05/3.50e-05 | 78.7s
2026-08-21 03:24:44 | Epoch 022/100 | loss 2.9066 | cls 1.3858 | tal -0.1037 | dual_g 1.5519 | dual_d 0.8643 | train_acc 0.9570 | train_full 0.9901 | val_acc 0.9848 | val_f1 0.9828 | grad(main/disc) 8.946/1.560 | lr(main/disc) 7.00e-05/3.50e-05 | 81.6s
2026-08-21 03:24:44 | New best val_f1_macro_present: 0.9828 at epoch 22
2026-08-21 03:26:05 | Epoch 023/100 | loss 2.9369 | cls 1.4128 | tal -0.1158 | dual_g 1.5588 | dual_d 0.8681 | train_acc 0.9551 | train_full 0.9803 | val_acc 0.9545 | val_f1 0.9279 | grad(main/disc) 10.331/1.529 | lr(main/disc) 7.00e-05/3.50e-05 | 80.9s
2026-08-21 03:27:25 | Epoch 024/100 | loss 2.8778 | cls 1.3829 | tal -0.1399 | dual_g 1.5368 | dual_d 0.9039 | train_acc 0.9512 | train_full 0.9921 | val_acc 0.9773 | val_f1 0.9773 | grad(main/disc) 9.951/1.531 | lr(main/disc) 7.00e-05/3.50e-05 | 79.9s
2026-08-21 03:28:47 | Epoch 025/100 | loss 2.8930 | cls 1.3738 | tal -0.0845 | dual_g 1.5445 | dual_d 0.8860 | train_acc 0.9668 | train_full 0.9842 | val_acc 0.9773 | val_f1 0.9771 | grad(main/disc) 9.325/1.487 | lr(main/disc) 7.00e-05/3.50e-05 | 81.7s
2026-08-21 03:30:07 | Epoch 026/100 | loss 2.8170 | cls 1.3629 | tal -0.1899 | dual_g 1.5111 | dual_d 0.9655 | train_acc 0.9785 | train_full 0.9783 | val_acc 0.9621 | val_f1 0.9595 | grad(main/disc) 8.627/1.566 | lr(main/disc) 7.00e-05/3.50e-05 | 80.6s
2026-08-21 03:31:28 | Epoch 027/100 | loss 2.8054 | cls 1.3619 | tal -0.2273 | dual_g 1.5117 | dual_d 0.9814 | train_acc 0.9785 | train_full 0.9941 | val_acc 0.9773 | val_f1 0.9767 | grad(main/disc) 8.735/1.532 | lr(main/disc) 7.00e-05/3.50e-05 | 80.1s
2026-08-21 03:32:46 | Epoch 028/100 | loss 2.7759 | cls 1.3357 | tal -0.1399 | dual_g 1.4822 | dual_d 0.9959 | train_acc 0.9883 | train_full 0.9941 | val_acc 0.9773 | val_f1 0.9771 | grad(main/disc) 7.706/1.572 | lr(main/disc) 7.00e-05/3.50e-05 | 78.4s
2026-08-21 03:34:06 | Epoch 029/100 | loss 2.7620 | cls 1.3344 | tal -0.1284 | dual_g 1.4661 | dual_d 1.0383 | train_acc 0.9824 | train_full 0.9704 | val_acc 0.9697 | val_f1 0.9710 | grad(main/disc) 7.711/1.565 | lr(main/disc) 3.50e-05/1.75e-05 | 80.2s
2026-08-21 03:35:23 | Epoch 030/100 | loss 2.7375 | cls 1.3348 | tal -0.1935 | dual_g 1.4607 | dual_d 1.0005 | train_acc 0.9727 | train_full 0.9901 | val_acc 0.9621 | val_f1 0.9605 | grad(main/disc) 7.574/1.544 | lr(main/disc) 3.50e-05/1.75e-05 | 77.0s
2026-08-21 03:36:44 | Epoch 031/100 | loss 2.7023 | cls 1.3133 | tal -0.1624 | dual_g 1.4377 | dual_d 1.0452 | train_acc 0.9746 | train_full 0.9941 | val_acc 0.9773 | val_f1 0.9773 | grad(main/disc) 7.012/1.571 | lr(main/disc) 3.50e-05/1.75e-05 | 80.8s
2026-08-21 03:36:44 | Early stopping at epoch 31 after 9 epochs without val_f1_macro_present improvement.
2026-08-21 03:36:44 | Training complete. Best validation accuracy: 0.9848 | best val_f1_macro_present: 0.9828
