2026-08-30 18:04:21 | Starting Dual_D standalone training
2026-08-30 18:04:21 | Run directory: runs/module_c_v11_ablation_60/module_c_20260830_155840/module_c_no_classification_feedback_雨天_20260830_174241
2026-08-30 18:04:21 | Device: cuda
2026-08-30 18:04:21 | Source train samples: 992
2026-08-30 18:04:21 | Target train samples: 96
2026-08-30 18:04:21 | Target val samples: 26
2026-08-30 18:04:21 | Classes: 14
2026-08-30 18:04:21 | Data audit: same_dir=False | path_overlap(vis/ir/ais)=0/0/0 | content_overlap(vis/ir/ais)=0/0/0 | ais_index_overlap=0 | stem_mismatch(vis-ir/vis-ais)=117/0
2026-08-30 18:04:21 | source_train classes: present 14/14 | absent 0 | counts [0:120, 1:44, 2:69, 3:45, 4:40, 5:30, 6:64, 7:80, 8:116, 9:68, 10:57, 11:83, 12:48, 13:128]
2026-08-30 18:04:21 | target_train classes: present 6/14 | absent 8 | counts [0:7, 2:19, 9:32, 10:12, 11:6, 13:20]
2026-08-30 18:04:21 | target_val classes: present 6/14 | absent 8 | counts [0:2, 2:5, 9:8, 10:4, 11:2, 13:5]
2026-08-30 18:04:21 | Paired training classes: 6/14 | class ids [0, 2, 9, 10, 11, 13]
2026-08-30 18:04:21 | Runtime profile: batch=16 | paired_steps=6 | workers=16 | train_eval_every=5 | raw_eval_every=5 | stability_window=3 | lr_scheduler_start=24 | early_stop=12 after min_epoch=35
2026-08-30 18:04:21 | Augmentation profile: base=0.550 | visible=0.600 | infrared=0.400 | freeze_frozen_batch_norm_stats=True
2026-08-30 18:04:21 | VIS/IR pairing: class-level-unpaired | count-mismatch classes train/val: 10/0 | AIS alignment: none | AIS rows train/val: 0/0
2026-08-30 18:04:22 | Effective Dual-D loss weights: {"adv_auxiliary": 0.02, "adv_primary": 0.02, "classification": 0.0, "contrastive": 0.025, "cycle": 0.12, "identity": 0.025, "prototype_contrastive": 0.015}
2026-08-30 18:04:22 | Model parameters: total=17277714 | trainable=17120210
2026-08-30 18:04:25 | Epoch 001/060 | loss 5.7327 | cls 5.8095 | tal -0.2562 | dual_g 0.0000 | dual_d 0.0000 | train_acc 0.1042 | train_full 0.0938 | val_acc 0.1154 | val_f1 0.0751 | adv/moduleC 0.00/0.00 | disc_steps 0 | grad(main/disc) 33.192/0.000 | lr(main/disc) 9.00e-05/2.75e-05 | cuda_peak(alloc/resv) 4.09/5.12GB | phase(train/val/raw/train_eval) 1.2/0.4/0.4/0.5s | 2.5s
2026-08-30 18:04:26 | Epoch 002/060 | loss 4.1194 | cls 4.2765 | tal -0.5238 | dual_g 0.0000 | dual_d 0.0000 | train_acc 0.2917 | train_full n/a | val_acc 0.0769 | val_f1 0.0238 | adv/moduleC 0.00/0.00 | disc_steps 0 | grad(main/disc) 26.728/0.000 | lr(main/disc) 9.00e-05/2.75e-05 | cuda_peak(alloc/resv) 4.09/5.12GB | phase(train/val/raw/train_eval) 0.8/0.4/0.0/0.0s | 1.2s
2026-08-30 18:04:27 | Epoch 003/060 | loss 3.5397 | cls 3.7007 | tal -0.5365 | dual_g 0.0000 | dual_d 0.0000 | train_acc 0.4167 | train_full n/a | val_acc 0.1538 | val_f1 0.1389 | adv/moduleC 0.00/0.00 | disc_steps 0 | grad(main/disc) 23.101/0.000 | lr(main/disc) 9.00e-05/2.75e-05 | cuda_peak(alloc/resv) 4.09/5.12GB | phase(train/val/raw/train_eval) 0.8/0.4/0.4/0.0s | 1.6s
2026-08-30 18:04:30 | New best val_f1_macro_present: raw=0.1389 stable_score=0.0238 at epoch 3
2026-08-30 18:04:31 | Epoch 004/060 | loss 3.0904 | cls 3.2313 | tal -0.5176 | dual_g 0.0143 | dual_d 0.0000 | train_acc 0.3958 | train_full n/a | val_acc 0.3077 | val_f1 0.3109 | adv/moduleC 0.00/0.12 | disc_steps 0 | grad(main/disc) 20.700/0.000 | lr(main/disc) 9.00e-05/2.75e-05 | cuda_peak(alloc/resv) 4.09/5.12GB | phase(train/val/raw/train_eval) 0.9/0.4/0.0/0.0s | 1.3s
2026-08-30 18:04:33 | Epoch 005/060 | loss 3.3226 | cls 3.4196 | tal -0.4131 | dual_g 0.0269 | dual_d 0.0000 | train_acc 0.5417 | train_full 0.2708 | val_acc 0.3846 | val_f1 0.3907 | adv/moduleC 0.00/0.25 | disc_steps 0 | grad(main/disc) 21.322/0.000 | lr(main/disc) 9.00e-05/2.75e-05 | cuda_peak(alloc/resv) 4.09/5.12GB | phase(train/val/raw/train_eval) 0.8/0.4/0.4/0.5s | 2.0s
2026-08-30 18:04:35 | New best val_f1_macro_present: raw=0.3907 stable_score=0.1389 at epoch 5
2026-08-30 18:04:37 | Epoch 006/060 | loss 2.9201 | cls 2.9535 | tal -0.2379 | dual_g 0.0379 | dual_d 0.0000 | train_acc 0.5208 | train_full n/a | val_acc 0.3846 | val_f1 0.3579 | adv/moduleC 0.00/0.38 | disc_steps 0 | grad(main/disc) 19.472/0.000 | lr(main/disc) 9.00e-05/2.75e-05 | cuda_peak(alloc/resv) 4.09/5.12GB | phase(train/val/raw/train_eval) 0.8/0.4/0.4/0.0s | 1.6s
2026-08-30 18:04:39 | New best val_f1_macro_present: raw=0.3579 stable_score=0.3109 at epoch 6
2026-08-30 18:04:41 | Epoch 007/060 | loss 2.9169 | cls 2.9253 | tal -0.2012 | dual_g 0.0520 | dual_d 0.7821 | train_acc 0.5938 | train_full n/a | val_acc 0.5000 | val_f1 0.5051 | adv/moduleC 0.07/0.50 | disc_steps 3 | grad(main/disc) 19.583/2.260 | lr(main/disc) 9.00e-05/2.75e-05 | cuda_peak(alloc/resv) 4.09/5.12GB | phase(train/val/raw/train_eval) 1.1/0.4/0.4/0.0s | 1.9s
2026-08-30 18:04:43 | New best val_f1_macro_present: raw=0.5051 stable_score=0.3579 at epoch 7
2026-08-30 18:04:44 | Epoch 008/060 | loss 2.6719 | cls 2.6569 | tal -0.1729 | dual_g 0.0669 | dual_d 0.7855 | train_acc 0.6979 | train_full n/a | val_acc 0.4615 | val_f1 0.4574 | adv/moduleC 0.13/0.62 | disc_steps 3 | grad(main/disc) 18.573/2.193 | lr(main/disc) 9.00e-05/2.75e-05 | cuda_peak(alloc/resv) 4.09/5.12GB | phase(train/val/raw/train_eval) 0.8/0.4/0.0/0.0s | 1.2s
2026-08-30 18:04:46 | Epoch 009/060 | loss 2.7408 | cls 2.7197 | tal -0.1927 | dual_g 0.0789 | dual_d 0.8503 | train_acc 0.6250 | train_full n/a | val_acc 0.5769 | val_f1 0.6382 | adv/moduleC 0.20/0.75 | disc_steps 3 | grad(main/disc) 19.332/2.236 | lr(main/disc) 9.00e-05/2.75e-05 | cuda_peak(alloc/resv) 4.09/5.12GB | phase(train/val/raw/train_eval) 0.7/0.4/0.4/0.0s | 1.5s
2026-08-30 18:04:48 | New best val_f1_macro_present: raw=0.6382 stable_score=0.4574 at epoch 9
2026-08-30 18:04:50 | Epoch 010/060 | loss 2.2318 | cls 2.2101 | tal -0.2313 | dual_g 0.0911 | dual_d 0.8521 | train_acc 0.7812 | train_full 0.5729 | val_acc 0.5769 | val_f1 0.5791 | adv/moduleC 0.27/0.88 | disc_steps 3 | grad(main/disc) 15.295/2.423 | lr(main/disc) 9.00e-05/2.75e-05 | cuda_peak(alloc/resv) 4.09/5.12GB | phase(train/val/raw/train_eval) 0.7/0.4/0.4/0.5s | 2.0s
2026-08-30 18:04:52 | Epoch 011/060 | loss 2.4058 | cls 2.3781 | tal -0.2470 | dual_g 0.1018 | dual_d 0.8874 | train_acc 0.7396 | train_full n/a | val_acc 0.5385 | val_f1 0.5205 | adv/moduleC 0.33/1.00 | disc_steps 3 | grad(main/disc) 16.996/2.211 | lr(main/disc) 9.00e-05/2.75e-05 | cuda_peak(alloc/resv) 4.09/5.12GB | phase(train/val/raw/train_eval) 0.9/0.4/0.4/0.0s | 1.7s
2026-08-30 18:04:54 | New best val_f1_macro_present: raw=0.5205 stable_score=0.5205 at epoch 11
2026-08-30 18:04:55 | Epoch 012/060 | loss 2.2827 | cls 2.2614 | tal -0.2584 | dual_g 0.0989 | dual_d 0.8993 | train_acc 0.7812 | train_full n/a | val_acc 0.6154 | val_f1 0.6037 | adv/moduleC 0.40/1.00 | disc_steps 3 | grad(main/disc) 16.457/2.414 | lr(main/disc) 9.00e-05/2.75e-05 | cuda_peak(alloc/resv) 4.09/5.12GB | phase(train/val/raw/train_eval) 0.9/0.4/0.0/0.0s | 1.3s
2026-08-30 18:04:56 | Epoch 013/060 | loss 2.1673 | cls 2.1224 | tal -0.1919 | dual_g 0.1024 | dual_d 0.8427 | train_acc 0.7708 | train_full n/a | val_acc 0.6538 | val_f1 0.6611 | adv/moduleC 0.47/1.00 | disc_steps 3 | grad(main/disc) 16.182/2.204 | lr(main/disc) 9.00e-05/2.75e-05 | cuda_peak(alloc/resv) 4.09/5.12GB | phase(train/val/raw/train_eval) 0.8/0.4/0.0/0.0s | 1.2s
2026-08-30 18:04:58 | Epoch 014/060 | loss 2.1471 | cls 2.0950 | tal -0.1627 | dual_g 0.1009 | dual_d 0.9254 | train_acc 0.8438 | train_full n/a | val_acc 0.8077 | val_f1 0.8191 | adv/moduleC 0.53/1.00 | disc_steps 3 | grad(main/disc) 15.847/2.295 | lr(main/disc) 9.00e-05/2.75e-05 | cuda_peak(alloc/resv) 4.09/5.12GB | phase(train/val/raw/train_eval) 1.0/0.4/0.4/0.0s | 1.8s
2026-08-30 18:05:00 | New best val_f1_macro_present: raw=0.8191 stable_score=0.6037 at epoch 14
2026-08-30 18:05:02 | Epoch 015/060 | loss 1.9862 | cls 1.9272 | tal -0.1465 | dual_g 0.1030 | dual_d 0.8910 | train_acc 0.8958 | train_full 0.8125 | val_acc 0.7308 | val_f1 0.7416 | adv/moduleC 0.60/1.00 | disc_steps 3 | grad(main/disc) 13.658/2.243 | lr(main/disc) 9.00e-05/2.75e-05 | cuda_peak(alloc/resv) 4.09/5.12GB | phase(train/val/raw/train_eval) 0.9/0.4/0.4/0.5s | 2.2s
2026-08-30 18:05:04 | New best val_f1_macro_present: raw=0.7416 stable_score=0.6611 at epoch 15
2026-08-30 18:05:06 | Epoch 016/060 | loss 1.7992 | cls 1.7346 | tal -0.1245 | dual_g 0.1020 | dual_d 0.9158 | train_acc 0.9271 | train_full n/a | val_acc 0.6923 | val_f1 0.6912 | adv/moduleC 0.67/1.00 | disc_steps 3 | grad(main/disc) 12.860/2.160 | lr(main/disc) 9.00e-05/2.75e-05 | cuda_peak(alloc/resv) 4.09/5.12GB | phase(train/val/raw/train_eval) 0.8/0.4/0.4/0.0s | 1.6s
2026-08-30 18:05:08 | New best val_f1_macro_present: raw=0.6912 stable_score=0.6912 at epoch 16
2026-08-30 18:05:10 | Epoch 017/060 | loss 1.8784 | cls 1.8412 | tal -0.2122 | dual_g 0.1009 | dual_d 1.0139 | train_acc 0.9271 | train_full n/a | val_acc 0.6154 | val_f1 0.6142 | adv/moduleC 0.73/1.00 | disc_steps 3 | grad(main/disc) 13.669/2.380 | lr(main/disc) 9.00e-05/2.75e-05 | cuda_peak(alloc/resv) 4.09/5.12GB | phase(train/val/raw/train_eval) 1.0/0.4/0.0/0.0s | 1.4s
2026-08-30 18:05:11 | Epoch 018/060 | loss 1.7213 | cls 1.6960 | tal -0.2472 | dual_g 0.0994 | dual_d 1.0523 | train_acc 0.9271 | train_full n/a | val_acc 0.6154 | val_f1 0.6329 | adv/moduleC 0.80/1.00 | disc_steps 3 | grad(main/disc) 12.174/2.396 | lr(main/disc) 9.00e-05/2.75e-05 | cuda_peak(alloc/resv) 4.09/5.12GB | phase(train/val/raw/train_eval) 0.7/0.4/0.0/0.0s | 1.1s
2026-08-30 18:05:12 | Epoch 019/060 | loss 1.7336 | cls 1.7158 | tal -0.2739 | dual_g 0.1000 | dual_d 1.0383 | train_acc 0.8854 | train_full n/a | val_acc 0.6154 | val_f1 0.6284 | adv/moduleC 0.87/1.00 | disc_steps 3 | grad(main/disc) 13.991/2.327 | lr(main/disc) 9.00e-05/2.75e-05 | cuda_peak(alloc/resv) 4.09/5.12GB | phase(train/val/raw/train_eval) 0.9/0.4/0.0/0.0s | 1.3s
2026-08-30 18:05:14 | Epoch 020/060 | loss 1.7392 | cls 1.7022 | tal -0.2105 | dual_g 0.1001 | dual_d 0.9741 | train_acc 0.9792 | train_full 0.8125 | val_acc 0.7308 | val_f1 0.7416 | adv/moduleC 0.93/1.00 | disc_steps 3 | grad(main/disc) 13.354/2.261 | lr(main/disc) 9.00e-05/2.75e-05 | cuda_peak(alloc/resv) 4.09/5.12GB | phase(train/val/raw/train_eval) 0.9/0.4/0.4/0.5s | 2.1s
2026-08-30 18:05:15 | Epoch 021/060 | loss 1.7859 | cls 1.7480 | tal -0.2091 | dual_g 0.1006 | dual_d 1.1193 | train_acc 0.9271 | train_full n/a | val_acc 0.7692 | val_f1 0.7833 | adv/moduleC 1.00/1.00 | disc_steps 3 | grad(main/disc) 14.843/2.426 | lr(main/disc) 9.00e-05/2.75e-05 | cuda_peak(alloc/resv) 4.09/5.12GB | phase(train/val/raw/train_eval) 0.6/0.4/0.0/0.0s | 1.0s
2026-08-30 18:05:17 | Epoch 022/060 | loss 1.7689 | cls 1.7277 | tal -0.1873 | dual_g 0.0975 | dual_d 1.1031 | train_acc 0.9167 | train_full n/a | val_acc 0.6923 | val_f1 0.6944 | adv/moduleC 1.00/1.00 | disc_steps 3 | grad(main/disc) 13.715/2.450 | lr(main/disc) 9.00e-05/2.75e-05 | cuda_peak(alloc/resv) 4.09/5.12GB | phase(train/val/raw/train_eval) 0.8/0.4/0.4/0.0s | 1.6s
2026-08-30 18:05:19 | New best val_f1_macro_present: raw=0.6944 stable_score=0.6944 at epoch 22
2026-08-30 18:05:20 | Epoch 023/060 | loss 1.7080 | cls 1.6690 | tal -0.1859 | dual_g 0.0948 | dual_d 1.0246 | train_acc 0.9479 | train_full n/a | val_acc 0.7692 | val_f1 0.7831 | adv/moduleC 1.00/1.00 | disc_steps 3 | grad(main/disc) 13.136/2.279 | lr(main/disc) 9.00e-05/2.75e-05 | cuda_peak(alloc/resv) 4.09/5.12GB | phase(train/val/raw/train_eval) 0.8/0.4/0.0/0.0s | 1.2s
2026-08-30 18:05:21 | Epoch 024/060 | loss 1.4953 | cls 1.4585 | tal -0.1983 | dual_g 0.0963 | dual_d 1.1242 | train_acc 0.9583 | train_full n/a | val_acc 0.8462 | val_f1 0.8611 | adv/moduleC 1.00/1.00 | disc_steps 3 | grad(main/disc) 10.620/2.516 | lr(main/disc) 9.00e-05/2.75e-05 | cuda_peak(alloc/resv) 4.09/5.12GB | phase(train/val/raw/train_eval) 0.8/0.4/0.0/0.0s | 1.2s
2026-08-30 18:05:23 | Epoch 025/060 | loss 1.6341 | cls 1.5953 | tal -0.1908 | dual_g 0.0961 | dual_d 1.1618 | train_acc 0.9479 | train_full 0.9167 | val_acc 0.8846 | val_f1 0.9004 | adv/moduleC 1.00/1.00 | disc_steps 3 | grad(main/disc) 12.630/2.485 | lr(main/disc) 9.00e-05/2.75e-05 | cuda_peak(alloc/resv) 4.09/5.12GB | phase(train/val/raw/train_eval) 0.7/0.4/0.4/0.4s | 2.0s
2026-08-30 18:05:26 | New best val_f1_macro_present: raw=0.9004 stable_score=0.7831 at epoch 25
2026-08-30 18:05:27 | Epoch 026/060 | loss 1.4901 | cls 1.4713 | tal -0.2446 | dual_g 0.0922 | dual_d 1.1511 | train_acc 0.9583 | train_full n/a | val_acc 0.8462 | val_f1 0.8712 | adv/moduleC 1.00/1.00 | disc_steps 3 | grad(main/disc) 11.259/2.445 | lr(main/disc) 9.00e-05/2.75e-05 | cuda_peak(alloc/resv) 4.09/5.12GB | phase(train/val/raw/train_eval) 0.9/0.4/0.4/0.0s | 1.7s
2026-08-30 18:05:29 | New best val_f1_macro_present: raw=0.8712 stable_score=0.8611 at epoch 26
2026-08-30 18:05:31 | Epoch 027/060 | loss 1.6376 | cls 1.6065 | tal -0.1892 | dual_g 0.0878 | dual_d 1.1120 | train_acc 0.9375 | train_full n/a | val_acc 0.9231 | val_f1 0.9277 | adv/moduleC 1.00/1.00 | disc_steps 3 | grad(main/disc) 12.747/2.375 | lr(main/disc) 9.00e-05/2.75e-05 | cuda_peak(alloc/resv) 4.09/5.12GB | phase(train/val/raw/train_eval) 0.7/0.4/0.4/0.0s | 1.5s
2026-08-30 18:05:33 | New best val_f1_macro_present: raw=0.9277 stable_score=0.8712 at epoch 27
2026-08-30 18:05:34 | Epoch 028/060 | loss 1.5567 | cls 1.5388 | tal -0.2379 | dual_g 0.0893 | dual_d 1.1027 | train_acc 0.9688 | train_full n/a | val_acc 0.9231 | val_f1 0.9429 | adv/moduleC 1.00/1.00 | disc_steps 3 | grad(main/disc) 10.329/2.213 | lr(main/disc) 9.00e-05/2.75e-05 | cuda_peak(alloc/resv) 4.09/5.12GB | phase(train/val/raw/train_eval) 0.7/0.4/0.0/0.0s | 1.1s
2026-08-30 18:05:36 | Epoch 029/060 | loss 1.3965 | cls 1.3870 | tal -0.2622 | dual_g 0.0882 | dual_d 1.0606 | train_acc 0.9688 | train_full n/a | val_acc 1.0000 | val_f1 1.0000 | adv/moduleC 1.00/1.00 | disc_steps 3 | grad(main/disc) 7.817/2.226 | lr(main/disc) 9.00e-05/2.75e-05 | cuda_peak(alloc/resv) 4.09/5.12GB | phase(train/val/raw/train_eval) 0.9/0.4/0.4/0.0s | 1.7s
2026-08-30 18:05:38 | New best val_f1_macro_present: raw=1.0000 stable_score=0.9277 at epoch 29
2026-08-30 18:05:40 | Epoch 030/060 | loss 1.6884 | cls 1.6811 | tal -0.2633 | dual_g 0.0863 | dual_d 1.0709 | train_acc 0.9375 | train_full 0.9792 | val_acc 1.0000 | val_f1 1.0000 | adv/moduleC 1.00/1.00 | disc_steps 3 | grad(main/disc) 13.265/2.256 | lr(main/disc) 9.00e-05/2.75e-05 | cuda_peak(alloc/resv) 4.09/5.12GB | phase(train/val/raw/train_eval) 0.8/0.4/0.4/0.4s | 2.1s
2026-08-30 18:05:42 | New best val_f1_macro_present: raw=1.0000 stable_score=0.9429 at epoch 30
2026-08-30 18:05:43 | Epoch 031/060 | loss 1.4695 | cls 1.4785 | tal -0.3157 | dual_g 0.0858 | dual_d 1.0886 | train_acc 0.9792 | train_full n/a | val_acc 0.9231 | val_f1 0.9206 | adv/moduleC 1.00/1.00 | disc_steps 3 | grad(main/disc) 11.233/2.246 | lr(main/disc) 9.00e-05/2.75e-05 | cuda_peak(alloc/resv) 4.09/5.12GB | phase(train/val/raw/train_eval) 0.8/0.4/0.0/0.0s | 1.2s
2026-08-30 18:05:45 | Epoch 032/060 | loss 1.5056 | cls 1.4527 | tal -0.1135 | dual_g 0.0869 | dual_d 1.0606 | train_acc 0.9688 | train_full n/a | val_acc 0.9231 | val_f1 0.9206 | adv/moduleC 1.00/1.00 | disc_steps 3 | grad(main/disc) 11.866/2.299 | lr(main/disc) 9.00e-05/2.75e-05 | cuda_peak(alloc/resv) 4.09/5.12GB | phase(train/val/raw/train_eval) 0.9/0.4/0.0/0.0s | 1.3s
2026-08-30 18:05:46 | Epoch 033/060 | loss 1.4156 | cls 1.3497 | tal -0.0614 | dual_g 0.0844 | dual_d 1.0780 | train_acc 0.9896 | train_full n/a | val_acc 1.0000 | val_f1 1.0000 | adv/moduleC 1.00/1.00 | disc_steps 3 | grad(main/disc) 6.675/2.183 | lr(main/disc) 9.00e-05/2.75e-05 | cuda_peak(alloc/resv) 4.09/5.12GB | phase(train/val/raw/train_eval) 0.9/0.4/0.0/0.0s | 1.3s
2026-08-30 18:05:47 | Epoch 034/060 | loss 1.5368 | cls 1.4569 | tal -0.0153 | dual_g 0.0845 | dual_d 1.1885 | train_acc 0.9792 | train_full n/a | val_acc 1.0000 | val_f1 1.0000 | adv/moduleC 1.00/1.00 | disc_steps 3 | grad(main/disc) 9.414/2.264 | lr(main/disc) 9.00e-05/2.75e-05 | cuda_peak(alloc/resv) 4.09/5.12GB | phase(train/val/raw/train_eval) 0.6/0.4/0.0/0.0s | 1.0s
2026-08-30 18:05:49 | Epoch 035/060 | loss 1.3762 | cls 1.3347 | tal -0.1431 | dual_g 0.0845 | dual_d 1.1508 | train_acc 1.0000 | train_full 0.9583 | val_acc 0.9615 | val_f1 0.9556 | adv/moduleC 1.00/1.00 | disc_steps 3 | grad(main/disc) 6.766/2.271 | lr(main/disc) 9.00e-05/2.75e-05 | cuda_peak(alloc/resv) 4.09/5.12GB | phase(train/val/raw/train_eval) 0.8/0.4/0.4/0.5s | 2.1s
2026-08-30 18:05:51 | New best val_f1_macro_present: raw=0.9556 stable_score=0.9556 at epoch 35
2026-08-30 18:05:53 | Epoch 036/060 | loss 1.5523 | cls 1.5013 | tal -0.1000 | dual_g 0.0809 | dual_d 1.1384 | train_acc 0.9792 | train_full n/a | val_acc 0.9231 | val_f1 0.9484 | adv/moduleC 1.00/1.00 | disc_steps 3 | grad(main/disc) 10.505/2.274 | lr(main/disc) 9.00e-05/2.75e-05 | cuda_peak(alloc/resv) 4.09/5.12GB | phase(train/val/raw/train_eval) 0.9/0.4/0.0/0.0s | 1.3s
2026-08-30 18:05:54 | Epoch 037/060 | loss 1.3977 | cls 1.3390 | tal -0.0706 | dual_g 0.0798 | dual_d 1.1366 | train_acc 1.0000 | train_full n/a | val_acc 0.9231 | val_f1 0.9277 | adv/moduleC 1.00/1.00 | disc_steps 3 | grad(main/disc) 7.824/2.248 | lr(main/disc) 9.00e-05/2.75e-05 | cuda_peak(alloc/resv) 4.09/5.12GB | phase(train/val/raw/train_eval) 0.8/0.4/0.0/0.0s | 1.2s
2026-08-30 18:05:55 | Epoch 038/060 | loss 1.4267 | cls 1.3943 | tal -0.1602 | dual_g 0.0804 | dual_d 1.1470 | train_acc 1.0000 | train_full n/a | val_acc 0.8846 | val_f1 0.8901 | adv/moduleC 1.00/1.00 | disc_steps 3 | grad(main/disc) 9.415/2.253 | lr(main/disc) 4.50e-05/1.38e-05 | cuda_peak(alloc/resv) 4.09/5.12GB | phase(train/val/raw/train_eval) 0.8/0.4/0.0/0.0s | 1.2s
2026-08-30 18:05:56 | Epoch 039/060 | loss 1.3391 | cls 1.3069 | tal -0.1622 | dual_g 0.0809 | dual_d 1.1942 | train_acc 0.9896 | train_full n/a | val_acc 0.9231 | val_f1 0.9206 | adv/moduleC 1.00/1.00 | disc_steps 3 | grad(main/disc) 6.707/2.396 | lr(main/disc) 4.50e-05/1.38e-05 | cuda_peak(alloc/resv) 4.09/5.12GB | phase(train/val/raw/train_eval) 0.9/0.4/0.0/0.0s | 1.3s
2026-08-30 18:05:58 | Epoch 040/060 | loss 1.4296 | cls 1.3833 | tal -0.1106 | dual_g 0.0795 | dual_d 1.0800 | train_acc 0.9792 | train_full 0.9688 | val_acc 0.9231 | val_f1 0.9206 | adv/moduleC 1.00/1.00 | disc_steps 3 | grad(main/disc) 8.097/2.120 | lr(main/disc) 4.50e-05/1.38e-05 | cuda_peak(alloc/resv) 4.09/5.12GB | phase(train/val/raw/train_eval) 0.6/0.4/0.4/0.5s | 1.9s
2026-08-30 18:05:59 | Epoch 041/060 | loss 1.3857 | cls 1.3643 | tal -0.1932 | dual_g 0.0794 | dual_d 1.1584 | train_acc 0.9896 | train_full n/a | val_acc 0.8846 | val_f1 0.8908 | adv/moduleC 1.00/1.00 | disc_steps 3 | grad(main/disc) 7.825/2.203 | lr(main/disc) 4.50e-05/1.38e-05 | cuda_peak(alloc/resv) 4.09/5.12GB | phase(train/val/raw/train_eval) 0.8/0.4/0.0/0.0s | 1.2s
2026-08-30 18:06:01 | Epoch 042/060 | loss 1.4131 | cls 1.3594 | tal -0.0819 | dual_g 0.0783 | dual_d 1.1311 | train_acc 0.9896 | train_full n/a | val_acc 0.9231 | val_f1 0.9206 | adv/moduleC 1.00/1.00 | disc_steps 3 | grad(main/disc) 8.132/2.241 | lr(main/disc) 4.50e-05/1.38e-05 | cuda_peak(alloc/resv) 4.09/5.12GB | phase(train/val/raw/train_eval) 0.9/0.4/0.0/0.0s | 1.3s
2026-08-30 18:06:02 | Epoch 043/060 | loss 1.4158 | cls 1.3755 | tal -0.1150 | dual_g 0.0748 | dual_d 1.1956 | train_acc 0.9896 | train_full n/a | val_acc 0.8846 | val_f1 0.8908 | adv/moduleC 1.00/1.00 | disc_steps 3 | grad(main/disc) 8.492/2.229 | lr(main/disc) 4.50e-05/1.38e-05 | cuda_peak(alloc/resv) 4.09/5.12GB | phase(train/val/raw/train_eval) 0.8/0.4/0.0/0.0s | 1.2s
2026-08-30 18:06:03 | Epoch 044/060 | loss 1.4781 | cls 1.4335 | tal -0.1096 | dual_g 0.0775 | dual_d 1.1282 | train_acc 0.9688 | train_full n/a | val_acc 0.9231 | val_f1 0.9206 | adv/moduleC 1.00/1.00 | disc_steps 3 | grad(main/disc) 8.994/2.253 | lr(main/disc) 4.50e-05/1.38e-05 | cuda_peak(alloc/resv) 4.09/5.12GB | phase(train/val/raw/train_eval) 0.8/0.4/0.0/0.0s | 1.2s
2026-08-30 18:06:05 | Epoch 045/060 | loss 1.3781 | cls 1.3281 | tal -0.0933 | dual_g 0.0780 | dual_d 1.2134 | train_acc 0.9896 | train_full 0.9896 | val_acc 1.0000 | val_f1 1.0000 | adv/moduleC 1.00/1.00 | disc_steps 3 | grad(main/disc) 7.599/2.419 | lr(main/disc) 4.50e-05/1.38e-05 | cuda_peak(alloc/resv) 4.09/5.12GB | phase(train/val/raw/train_eval) 0.8/0.4/0.4/0.5s | 2.1s
2026-08-30 18:06:06 | Epoch 046/060 | loss 1.4542 | cls 1.4048 | tal -0.0916 | dual_g 0.0768 | dual_d 1.1318 | train_acc 0.9792 | train_full n/a | val_acc 1.0000 | val_f1 1.0000 | adv/moduleC 1.00/1.00 | disc_steps 3 | grad(main/disc) 8.466/2.238 | lr(main/disc) 4.50e-05/1.38e-05 | cuda_peak(alloc/resv) 4.09/5.12GB | phase(train/val/raw/train_eval) 0.8/0.4/0.0/0.0s | 1.2s
2026-08-30 18:06:08 | Epoch 047/060 | loss 1.3445 | cls 1.3038 | tal -0.1208 | dual_g 0.0770 | dual_d 1.1138 | train_acc 1.0000 | train_full n/a | val_acc 1.0000 | val_f1 1.0000 | adv/moduleC 1.00/1.00 | disc_steps 3 | grad(main/disc) 6.591/2.241 | lr(main/disc) 2.25e-05/6.88e-06 | cuda_peak(alloc/resv) 4.09/5.12GB | phase(train/val/raw/train_eval) 0.9/0.4/0.4/0.0s | 1.7s
2026-08-30 18:06:10 | New best val_f1_macro_present: raw=1.0000 stable_score=1.0000 at epoch 47
2026-08-30 18:06:12 | Epoch 048/060 | loss 1.3663 | cls 1.3214 | tal -0.1100 | dual_g 0.0780 | dual_d 1.2037 | train_acc 0.9792 | train_full n/a | val_acc 0.9615 | val_f1 0.9556 | adv/moduleC 1.00/1.00 | disc_steps 3 | grad(main/disc) 7.278/2.269 | lr(main/disc) 2.25e-05/6.88e-06 | cuda_peak(alloc/resv) 4.09/5.12GB | phase(train/val/raw/train_eval) 1.1/0.4/0.0/0.0s | 1.5s
2026-08-30 18:06:13 | Epoch 049/060 | loss 1.3514 | cls 1.3128 | tal -0.1259 | dual_g 0.0764 | dual_d 1.0728 | train_acc 0.9792 | train_full n/a | val_acc 1.0000 | val_f1 1.0000 | adv/moduleC 1.00/1.00 | disc_steps 3 | grad(main/disc) 6.383/2.227 | lr(main/disc) 2.25e-05/6.88e-06 | cuda_peak(alloc/resv) 4.09/5.12GB | phase(train/val/raw/train_eval) 0.7/0.4/0.0/0.0s | 1.1s
2026-08-30 18:06:15 | Epoch 050/060 | loss 1.3404 | cls 1.3025 | tal -0.1252 | dual_g 0.0754 | dual_d 1.1417 | train_acc 0.9896 | train_full 0.9792 | val_acc 1.0000 | val_f1 1.0000 | adv/moduleC 1.00/1.00 | disc_steps 3 | grad(main/disc) 6.280/2.210 | lr(main/disc) 2.25e-05/6.88e-06 | cuda_peak(alloc/resv) 4.09/5.12GB | phase(train/val/raw/train_eval) 0.8/0.4/0.4/0.5s | 2.0s
2026-08-30 18:06:16 | Epoch 051/060 | loss 1.3263 | cls 1.2997 | tal -0.1634 | dual_g 0.0756 | dual_d 1.0586 | train_acc 0.9896 | train_full n/a | val_acc 1.0000 | val_f1 1.0000 | adv/moduleC 1.00/1.00 | disc_steps 3 | grad(main/disc) 6.380/2.126 | lr(main/disc) 2.25e-05/6.88e-06 | cuda_peak(alloc/resv) 4.09/5.12GB | phase(train/val/raw/train_eval) 0.8/0.4/0.0/0.0s | 1.2s
2026-08-30 18:06:17 | Epoch 052/060 | loss 1.3657 | cls 1.3240 | tal -0.1126 | dual_g 0.0755 | dual_d 1.1331 | train_acc 1.0000 | train_full n/a | val_acc 1.0000 | val_f1 1.0000 | adv/moduleC 1.00/1.00 | disc_steps 3 | grad(main/disc) 6.616/2.205 | lr(main/disc) 2.25e-05/6.88e-06 | cuda_peak(alloc/resv) 4.09/5.12GB | phase(train/val/raw/train_eval) 0.7/0.4/0.0/0.0s | 1.1s
2026-08-30 18:06:18 | Epoch 053/060 | loss 1.2910 | cls 1.2612 | tal -0.1490 | dual_g 0.0745 | dual_d 1.2165 | train_acc 1.0000 | train_full n/a | val_acc 1.0000 | val_f1 1.0000 | adv/moduleC 1.00/1.00 | disc_steps 3 | grad(main/disc) 5.058/2.339 | lr(main/disc) 2.25e-05/6.88e-06 | cuda_peak(alloc/resv) 4.09/5.12GB | phase(train/val/raw/train_eval) 0.9/0.4/0.0/0.0s | 1.3s
2026-08-30 18:06:20 | Epoch 054/060 | loss 1.3023 | cls 1.2639 | tal -0.1239 | dual_g 0.0755 | dual_d 1.1137 | train_acc 1.0000 | train_full n/a | val_acc 1.0000 | val_f1 1.0000 | adv/moduleC 1.00/1.00 | disc_steps 3 | grad(main/disc) 4.805/2.243 | lr(main/disc) 2.25e-05/6.88e-06 | cuda_peak(alloc/resv) 4.09/5.12GB | phase(train/val/raw/train_eval) 0.8/0.4/0.0/0.0s | 1.2s
2026-08-30 18:06:22 | Epoch 055/060 | loss 1.3026 | cls 1.2668 | tal -0.1257 | dual_g 0.0735 | dual_d 1.2375 | train_acc 1.0000 | train_full 0.9896 | val_acc 1.0000 | val_f1 1.0000 | adv/moduleC 1.00/1.00 | disc_steps 3 | grad(main/disc) 6.322/2.390 | lr(main/disc) 2.25e-05/6.88e-06 | cuda_peak(alloc/resv) 4.09/5.12GB | phase(train/val/raw/train_eval) 0.9/0.4/0.4/0.5s | 2.2s
2026-08-30 18:06:23 | Epoch 056/060 | loss 1.3329 | cls 1.3208 | tal -0.2011 | dual_g 0.0724 | dual_d 1.1544 | train_acc 0.9583 | train_full n/a | val_acc 1.0000 | val_f1 1.0000 | adv/moduleC 1.00/1.00 | disc_steps 3 | grad(main/disc) 7.532/2.298 | lr(main/disc) 1.13e-05/3.44e-06 | cuda_peak(alloc/resv) 4.09/5.12GB | phase(train/val/raw/train_eval) 1.0/0.4/0.0/0.0s | 1.4s
2026-08-30 18:06:24 | Epoch 057/060 | loss 1.3369 | cls 1.2920 | tal -0.0979 | dual_g 0.0742 | dual_d 1.1628 | train_acc 1.0000 | train_full n/a | val_acc 1.0000 | val_f1 1.0000 | adv/moduleC 1.00/1.00 | disc_steps 3 | grad(main/disc) 6.296/2.215 | lr(main/disc) 1.13e-05/3.44e-06 | cuda_peak(alloc/resv) 4.09/5.12GB | phase(train/val/raw/train_eval) 0.8/0.4/0.0/0.0s | 1.2s
2026-08-30 18:06:26 | Epoch 058/060 | loss 1.3014 | cls 1.2698 | tal -0.1398 | dual_g 0.0735 | dual_d 1.1201 | train_acc 0.9792 | train_full n/a | val_acc 1.0000 | val_f1 1.0000 | adv/moduleC 1.00/1.00 | disc_steps 3 | grad(main/disc) 4.959/2.187 | lr(main/disc) 1.13e-05/3.44e-06 | cuda_peak(alloc/resv) 4.09/5.12GB | phase(train/val/raw/train_eval) 0.8/0.4/0.0/0.0s | 1.2s
2026-08-30 18:06:27 | Epoch 059/060 | loss 1.2940 | cls 1.2579 | tal -0.1253 | dual_g 0.0737 | dual_d 1.1808 | train_acc 1.0000 | train_full n/a | val_acc 1.0000 | val_f1 1.0000 | adv/moduleC 1.00/1.00 | disc_steps 3 | grad(main/disc) 4.639/2.284 | lr(main/disc) 1.13e-05/3.44e-06 | cuda_peak(alloc/resv) 4.09/5.12GB | phase(train/val/raw/train_eval) 0.7/0.4/0.0/0.0s | 1.1s
2026-08-30 18:06:27 | Early stopping at epoch 59 after 12 epochs without val_f1_macro_present improvement.
2026-08-30 18:06:27 | Training complete. Peak validation accuracy: 1.0000 | selected val_f1_macro_present: 1.0000
