2026-08-27 12:19:48 | Starting Dual_D standalone training
2026-08-27 12:19:48 | Run directory: runs/module_c_ablation_60_v5/module_c_20260827_121947/module_c_full_黑天_20260827_121947
2026-08-27 12:19:48 | Device: cuda
2026-08-27 12:19:48 | Source train samples: 992
2026-08-27 12:19:48 | Target train samples: 465
2026-08-27 12:19:48 | Target val samples: 120
2026-08-27 12:19:48 | Classes: 14
2026-08-27 12:19:48 | Data audit: same_dir=False | path_overlap(vis/ir/ais)=0/0/0 | content_overlap(vis/ir/ais)=0/0/0 | ais_index_overlap=0 | stem_mismatch(vis-ir/vis-ais)=578/0
2026-08-27 12:19:48 | source_train classes: present 14/14 | absent 0 | counts [0:120, 1:44, 2:69, 3:45, 4:40, 5:30, 6:64, 7:80, 8:116, 9:68, 10:57, 11:83, 12:48, 13:128]
2026-08-27 12:19:48 | target_train classes: present 8/14 | absent 6 | counts [0:100, 2:11, 3:16, 6:89, 9:162, 10:12, 11:44, 13:31]
2026-08-27 12:19:48 | target_val classes: present 8/14 | absent 6 | counts [0:26, 2:3, 3:5, 6:23, 9:41, 10:3, 11:11, 13:8]
2026-08-27 12:19:48 | Paired training classes: 8/14 | class ids [0, 2, 3, 6, 9, 10, 11, 13]
2026-08-27 12:19:48 | Runtime profile: batch=92 | paired_steps=7 | workers=16 | train_eval_every=5 | raw_eval_every=5 | early_stop=15 after min_epoch=35
2026-08-27 12:19:48 | VIS/IR pairing: class-level-unpaired | count-mismatch classes train/val: 10/0 | AIS alignment: none | AIS rows train/val: 0/0
2026-08-27 12:19:49 | Model parameters: total=17277714 | trainable=17120210
2026-08-27 12:19:56 | Epoch 001/060 | loss 5.2000 | cls 5.1574 | tal 0.1417 | dual_g 0.0000 | dual_d 0.0000 | train_acc 0.1677 | train_full 0.1591 | val_acc 0.1083 | val_f1 0.0785 | adv/moduleC 0.00/0.00 | disc_steps 0 | grad(main/disc) 15.556/0.000 | lr(main/disc) 1.30e-04/3.50e-05 | cuda_peak(alloc/resv) 21.78/28.18GB | phase(train/val/raw/train_eval) 5.0/0.6/0.6/0.9s | 7.1s
2026-08-27 12:19:59 | New best val_f1_macro_present: 0.0785 at epoch 1
2026-08-27 12:20:04 | Epoch 002/060 | loss 3.6476 | cls 3.6470 | tal 0.0020 | dual_g 0.0000 | dual_d 0.0000 | train_acc 0.3742 | train_full n/a | val_acc 0.1250 | val_f1 0.1165 | adv/moduleC 0.00/0.00 | disc_steps 0 | grad(main/disc) 11.265/0.000 | lr(main/disc) 1.30e-04/3.50e-05 | cuda_peak(alloc/resv) 21.78/28.18GB | phase(train/val/raw/train_eval) 3.9/0.6/0.6/0.0s | 5.1s
2026-08-27 12:20:07 | New best val_f1_macro_present: 0.1165 at epoch 2
2026-08-27 12:20:11 | Epoch 003/060 | loss 2.7478 | cls 2.7607 | tal -0.0432 | dual_g 0.0000 | dual_d 0.0000 | train_acc 0.5932 | train_full n/a | val_acc 0.2083 | val_f1 0.1670 | adv/moduleC 0.00/0.00 | disc_steps 0 | grad(main/disc) 9.437/0.000 | lr(main/disc) 1.30e-04/3.50e-05 | cuda_peak(alloc/resv) 21.78/28.18GB | phase(train/val/raw/train_eval) 3.4/0.6/0.6/0.0s | 4.7s
2026-08-27 12:20:14 | New best val_f1_macro_present: 0.1670 at epoch 3
2026-08-27 12:20:19 | Epoch 004/060 | loss 2.4430 | cls 2.2609 | tal -0.0496 | dual_g 0.1970 | dual_d 0.0000 | train_acc 0.6677 | train_full n/a | val_acc 0.3167 | val_f1 0.3246 | adv/moduleC 0.00/0.12 | disc_steps 0 | grad(main/disc) 8.759/0.000 | lr(main/disc) 1.30e-04/3.50e-05 | cuda_peak(alloc/resv) 21.78/28.18GB | phase(train/val/raw/train_eval) 3.7/0.6/0.6/0.0s | 4.9s
2026-08-27 12:20:22 | New best val_f1_macro_present: 0.3246 at epoch 4
2026-08-27 12:20:28 | Epoch 005/060 | loss 2.1835 | cls 1.8577 | tal -0.0431 | dual_g 0.3387 | dual_d 0.0000 | train_acc 0.7733 | train_full 0.4710 | val_acc 0.4333 | val_f1 0.5513 | adv/moduleC 0.00/0.25 | disc_steps 0 | grad(main/disc) 8.645/0.000 | lr(main/disc) 1.30e-04/3.50e-05 | cuda_peak(alloc/resv) 21.78/28.18GB | phase(train/val/raw/train_eval) 3.7/0.6/0.6/0.8s | 5.8s
2026-08-27 12:20:30 | New best val_f1_macro_present: 0.5513 at epoch 5
2026-08-27 12:20:35 | Epoch 006/060 | loss 2.0227 | cls 1.5916 | tal -0.0476 | dual_g 0.4453 | dual_d 0.9027 | train_acc 0.8416 | train_full n/a | val_acc 0.8000 | val_f1 0.7698 | adv/moduleC 0.05/0.38 | disc_steps 7 | grad(main/disc) 8.870/1.737 | lr(main/disc) 1.30e-04/3.50e-05 | cuda_peak(alloc/resv) 21.78/28.18GB | phase(train/val/raw/train_eval) 3.8/0.6/0.6/0.0s | 5.0s
2026-08-27 12:20:38 | New best val_f1_macro_present: 0.7698 at epoch 6
2026-08-27 12:20:43 | Epoch 007/060 | loss 1.9958 | cls 1.4689 | tal -0.0201 | dual_g 0.5329 | dual_d 0.8443 | train_acc 0.8602 | train_full n/a | val_acc 0.7167 | val_f1 0.7283 | adv/moduleC 0.10/0.50 | disc_steps 7 | grad(main/disc) 8.566/1.587 | lr(main/disc) 1.30e-04/3.50e-05 | cuda_peak(alloc/resv) 21.78/28.18GB | phase(train/val/raw/train_eval) 3.8/0.6/0.0/0.0s | 4.5s
2026-08-27 12:20:47 | Epoch 008/060 | loss 1.7919 | cls 1.2237 | tal -0.0266 | dual_g 0.5761 | dual_d 0.8267 | train_acc 0.9037 | train_full n/a | val_acc 0.7583 | val_f1 0.7662 | adv/moduleC 0.15/0.62 | disc_steps 7 | grad(main/disc) 7.140/1.498 | lr(main/disc) 1.30e-04/3.50e-05 | cuda_peak(alloc/resv) 21.78/28.18GB | phase(train/val/raw/train_eval) 3.9/0.6/0.0/0.0s | 4.5s
2026-08-27 12:20:52 | Epoch 009/060 | loss 1.7677 | cls 1.1335 | tal -0.0178 | dual_g 0.6395 | dual_d 0.8034 | train_acc 0.9286 | train_full n/a | val_acc 0.8167 | val_f1 0.7648 | adv/moduleC 0.20/0.75 | disc_steps 7 | grad(main/disc) 7.106/1.432 | lr(main/disc) 1.30e-04/3.50e-05 | cuda_peak(alloc/resv) 21.78/28.18GB | phase(train/val/raw/train_eval) 3.9/0.6/0.0/0.0s | 4.5s
2026-08-27 12:20:57 | Epoch 010/060 | loss 1.7939 | cls 1.0749 | tal -0.0156 | dual_g 0.7237 | dual_d 0.7859 | train_acc 0.9488 | train_full 0.8731 | val_acc 0.8417 | val_f1 0.8217 | adv/moduleC 0.25/0.88 | disc_steps 7 | grad(main/disc) 6.872/1.357 | lr(main/disc) 1.30e-04/3.50e-05 | cuda_peak(alloc/resv) 21.78/28.18GB | phase(train/val/raw/train_eval) 3.6/0.6/0.6/0.9s | 5.7s
2026-08-27 12:21:00 | New best val_f1_macro_present: 0.8217 at epoch 10
2026-08-27 12:21:05 | Epoch 011/060 | loss 1.7680 | cls 1.0099 | tal -0.0721 | dual_g 0.7798 | dual_d 0.7810 | train_acc 0.9488 | train_full n/a | val_acc 0.8833 | val_f1 0.8693 | adv/moduleC 0.30/1.00 | disc_steps 7 | grad(main/disc) 6.717/1.301 | lr(main/disc) 1.30e-04/3.50e-05 | cuda_peak(alloc/resv) 21.78/28.18GB | phase(train/val/raw/train_eval) 3.9/0.6/0.6/0.0s | 5.1s
2026-08-27 12:21:08 | New best val_f1_macro_present: 0.8693 at epoch 11
2026-08-27 12:21:12 | Epoch 012/060 | loss 1.6686 | cls 0.9616 | tal -0.1165 | dual_g 0.7420 | dual_d 0.7928 | train_acc 0.9674 | train_full n/a | val_acc 0.8917 | val_f1 0.8498 | adv/moduleC 0.35/1.00 | disc_steps 7 | grad(main/disc) 6.171/1.300 | lr(main/disc) 1.30e-04/3.50e-05 | cuda_peak(alloc/resv) 21.78/28.18GB | phase(train/val/raw/train_eval) 3.6/0.6/0.0/0.0s | 4.2s
2026-08-27 12:21:17 | Epoch 013/060 | loss 1.6001 | cls 0.9181 | tal -0.1152 | dual_g 0.7166 | dual_d 0.7902 | train_acc 0.9798 | train_full n/a | val_acc 0.9083 | val_f1 0.8743 | adv/moduleC 0.40/1.00 | disc_steps 7 | grad(main/disc) 4.414/1.254 | lr(main/disc) 1.30e-04/3.50e-05 | cuda_peak(alloc/resv) 21.78/28.18GB | phase(train/val/raw/train_eval) 3.9/0.6/0.6/0.0s | 5.1s
2026-08-27 12:21:20 | New best val_f1_macro_present: 0.8743 at epoch 13
2026-08-27 12:21:24 | Epoch 014/060 | loss 1.5433 | cls 0.8719 | tal -0.0386 | dual_g 0.6829 | dual_d 0.8105 | train_acc 0.9891 | train_full n/a | val_acc 0.8917 | val_f1 0.8378 | adv/moduleC 0.45/1.00 | disc_steps 7 | grad(main/disc) 4.181/1.254 | lr(main/disc) 1.30e-04/3.50e-05 | cuda_peak(alloc/resv) 21.78/28.18GB | phase(train/val/raw/train_eval) 3.7/0.6/0.0/0.0s | 4.4s
2026-08-27 12:21:30 | Epoch 015/060 | loss 1.5143 | cls 0.8700 | tal -0.0825 | dual_g 0.6690 | dual_d 0.8468 | train_acc 0.9829 | train_full 0.8796 | val_acc 0.8750 | val_f1 0.8453 | adv/moduleC 0.50/1.00 | disc_steps 7 | grad(main/disc) 3.832/1.262 | lr(main/disc) 1.30e-04/3.50e-05 | cuda_peak(alloc/resv) 21.78/28.18GB | phase(train/val/raw/train_eval) 3.8/0.6/0.6/0.9s | 6.0s
2026-08-27 12:21:36 | Epoch 016/060 | loss 1.4649 | cls 0.8675 | tal -0.1644 | dual_g 0.6468 | dual_d 0.8486 | train_acc 0.9860 | train_full n/a | val_acc 0.9083 | val_f1 0.9027 | adv/moduleC 0.55/1.00 | disc_steps 7 | grad(main/disc) 3.766/1.270 | lr(main/disc) 1.30e-04/3.50e-05 | cuda_peak(alloc/resv) 21.78/28.18GB | phase(train/val/raw/train_eval) 3.9/0.6/0.6/0.0s | 5.2s
2026-08-27 12:21:38 | New best val_f1_macro_present: 0.9027 at epoch 16
2026-08-27 12:21:43 | Epoch 017/060 | loss 1.4368 | cls 0.8471 | tal -0.1601 | dual_g 0.6378 | dual_d 0.9061 | train_acc 0.9922 | train_full n/a | val_acc 0.9500 | val_f1 0.9204 | adv/moduleC 0.60/1.00 | disc_steps 7 | grad(main/disc) 3.443/1.276 | lr(main/disc) 1.30e-04/3.50e-05 | cuda_peak(alloc/resv) 21.78/28.18GB | phase(train/val/raw/train_eval) 3.6/0.6/0.6/0.0s | 4.9s
2026-08-27 12:21:46 | New best val_f1_macro_present: 0.9204 at epoch 17
2026-08-27 12:21:51 | Epoch 018/060 | loss 1.4315 | cls 0.8438 | tal -0.1573 | dual_g 0.6349 | dual_d 0.9067 | train_acc 0.9922 | train_full n/a | val_acc 0.9583 | val_f1 0.9346 | adv/moduleC 0.65/1.00 | disc_steps 7 | grad(main/disc) 3.417/1.246 | lr(main/disc) 1.30e-04/3.50e-05 | cuda_peak(alloc/resv) 21.78/28.18GB | phase(train/val/raw/train_eval) 3.6/0.6/0.6/0.0s | 4.9s
2026-08-27 12:21:54 | New best val_f1_macro_present: 0.9346 at epoch 18
2026-08-27 12:21:58 | Epoch 019/060 | loss 1.4154 | cls 0.8330 | tal -0.1510 | dual_g 0.6277 | dual_d 0.9267 | train_acc 0.9953 | train_full n/a | val_acc 0.8917 | val_f1 0.8676 | adv/moduleC 0.70/1.00 | disc_steps 7 | grad(main/disc) 2.992/1.263 | lr(main/disc) 1.30e-04/3.50e-05 | cuda_peak(alloc/resv) 21.78/28.18GB | phase(train/val/raw/train_eval) 3.6/0.6/0.0/0.0s | 4.3s
2026-08-27 12:22:04 | Epoch 020/060 | loss 1.3926 | cls 0.8198 | tal -0.1451 | dual_g 0.6164 | dual_d 0.9572 | train_acc 0.9953 | train_full 0.9505 | val_acc 0.9333 | val_f1 0.8857 | adv/moduleC 0.75/1.00 | disc_steps 7 | grad(main/disc) 2.359/1.256 | lr(main/disc) 1.30e-04/3.50e-05 | cuda_peak(alloc/resv) 21.78/28.18GB | phase(train/val/raw/train_eval) 3.7/0.6/0.6/0.8s | 5.8s
2026-08-27 12:22:08 | Epoch 021/060 | loss 1.4162 | cls 0.8167 | tal -0.0491 | dual_g 0.6143 | dual_d 0.9585 | train_acc 0.9984 | train_full n/a | val_acc 0.9333 | val_f1 0.8973 | adv/moduleC 0.80/1.00 | disc_steps 7 | grad(main/disc) 2.575/1.234 | lr(main/disc) 1.30e-04/3.50e-05 | cuda_peak(alloc/resv) 21.78/28.18GB | phase(train/val/raw/train_eval) 3.8/0.6/0.0/0.0s | 4.4s
2026-08-27 12:22:13 | Epoch 022/060 | loss 1.3867 | cls 0.8145 | tal -0.0969 | dual_g 0.6013 | dual_d 1.0107 | train_acc 0.9938 | train_full n/a | val_acc 0.9417 | val_f1 0.9019 | adv/moduleC 0.85/1.00 | disc_steps 7 | grad(main/disc) 2.405/1.288 | lr(main/disc) 1.30e-04/3.50e-05 | cuda_peak(alloc/resv) 21.78/28.18GB | phase(train/val/raw/train_eval) 3.8/0.6/0.0/0.0s | 4.5s
2026-08-27 12:22:17 | Epoch 023/060 | loss 1.3833 | cls 0.8147 | tal -0.0843 | dual_g 0.5940 | dual_d 1.0262 | train_acc 0.9969 | train_full n/a | val_acc 0.9500 | val_f1 0.9164 | adv/moduleC 0.90/1.00 | disc_steps 7 | grad(main/disc) 2.303/1.331 | lr(main/disc) 1.30e-04/3.50e-05 | cuda_peak(alloc/resv) 21.78/28.18GB | phase(train/val/raw/train_eval) 3.6/0.6/0.0/0.0s | 4.3s
2026-08-27 12:22:21 | Epoch 024/060 | loss 1.3433 | cls 0.7960 | tal -0.1411 | dual_g 0.5897 | dual_d 1.0698 | train_acc 1.0000 | train_full n/a | val_acc 0.9333 | val_f1 0.8868 | adv/moduleC 0.95/1.00 | disc_steps 7 | grad(main/disc) 1.801/1.324 | lr(main/disc) 1.30e-04/3.50e-05 | cuda_peak(alloc/resv) 21.78/28.18GB | phase(train/val/raw/train_eval) 3.7/0.6/0.0/0.0s | 4.4s
2026-08-27 12:22:27 | Epoch 025/060 | loss 1.3266 | cls 0.7951 | tal -0.1731 | dual_g 0.5834 | dual_d 1.0647 | train_acc 1.0000 | train_full 0.9849 | val_acc 0.9667 | val_f1 0.9557 | adv/moduleC 1.00/1.00 | disc_steps 7 | grad(main/disc) 1.644/1.327 | lr(main/disc) 1.30e-04/3.50e-05 | cuda_peak(alloc/resv) 21.78/28.18GB | phase(train/val/raw/train_eval) 3.9/0.6/0.6/0.9s | 6.0s
2026-08-27 12:22:30 | New best val_f1_macro_present: 0.9557 at epoch 25
2026-08-27 12:22:34 | Epoch 026/060 | loss 1.3416 | cls 0.7956 | tal -0.1302 | dual_g 0.5850 | dual_d 1.0824 | train_acc 0.9984 | train_full n/a | val_acc 0.9250 | val_f1 0.9147 | adv/moduleC 1.00/1.00 | disc_steps 7 | grad(main/disc) 1.980/1.373 | lr(main/disc) 1.30e-04/3.50e-05 | cuda_peak(alloc/resv) 21.78/28.18GB | phase(train/val/raw/train_eval) 3.6/0.6/0.0/0.0s | 4.3s
2026-08-27 12:22:39 | Epoch 027/060 | loss 1.3302 | cls 0.7909 | tal -0.1088 | dual_g 0.5720 | dual_d 1.0662 | train_acc 1.0000 | train_full n/a | val_acc 0.9333 | val_f1 0.9120 | adv/moduleC 1.00/1.00 | disc_steps 7 | grad(main/disc) 1.410/1.318 | lr(main/disc) 1.30e-04/3.50e-05 | cuda_peak(alloc/resv) 21.78/28.18GB | phase(train/val/raw/train_eval) 3.6/0.6/0.0/0.0s | 4.2s
2026-08-27 12:22:43 | Epoch 028/060 | loss 1.3303 | cls 0.7957 | tal -0.1208 | dual_g 0.5708 | dual_d 1.0946 | train_acc 0.9984 | train_full n/a | val_acc 0.9417 | val_f1 0.9074 | adv/moduleC 1.00/1.00 | disc_steps 7 | grad(main/disc) 1.742/1.338 | lr(main/disc) 1.30e-04/3.50e-05 | cuda_peak(alloc/resv) 21.78/28.18GB | phase(train/val/raw/train_eval) 3.8/0.6/0.0/0.0s | 4.4s
2026-08-27 12:22:47 | Epoch 029/060 | loss 1.2950 | cls 0.7795 | tal -0.1736 | dual_g 0.5675 | dual_d 1.0495 | train_acc 0.9984 | train_full n/a | val_acc 0.9667 | val_f1 0.9440 | adv/moduleC 1.00/1.00 | disc_steps 7 | grad(main/disc) 1.440/1.280 | lr(main/disc) 1.30e-04/3.50e-05 | cuda_peak(alloc/resv) 21.78/28.18GB | phase(train/val/raw/train_eval) 3.4/0.6/0.0/0.0s | 4.1s
2026-08-27 12:22:53 | Epoch 030/060 | loss 1.2998 | cls 0.7852 | tal -0.1628 | dual_g 0.5633 | dual_d 1.0568 | train_acc 0.9984 | train_full 0.9763 | val_acc 0.9500 | val_f1 0.9236 | adv/moduleC 1.00/1.00 | disc_steps 7 | grad(main/disc) 1.495/1.284 | lr(main/disc) 1.30e-04/3.50e-05 | cuda_peak(alloc/resv) 21.78/28.18GB | phase(train/val/raw/train_eval) 3.8/0.6/0.6/0.9s | 5.9s
2026-08-27 12:22:58 | Epoch 031/060 | loss 1.2921 | cls 0.7798 | tal -0.1520 | dual_g 0.5580 | dual_d 1.0710 | train_acc 1.0000 | train_full n/a | val_acc 0.9667 | val_f1 0.9466 | adv/moduleC 1.00/1.00 | disc_steps 7 | grad(main/disc) 1.373/1.308 | lr(main/disc) 1.30e-04/3.50e-05 | cuda_peak(alloc/resv) 21.78/28.18GB | phase(train/val/raw/train_eval) 3.9/0.6/0.0/0.0s | 4.5s
2026-08-27 12:23:02 | Epoch 032/060 | loss 1.2891 | cls 0.7809 | tal -0.1600 | dual_g 0.5561 | dual_d 1.0783 | train_acc 0.9984 | train_full n/a | val_acc 0.9583 | val_f1 0.9227 | adv/moduleC 1.00/1.00 | disc_steps 7 | grad(main/disc) 1.443/1.272 | lr(main/disc) 6.50e-05/1.75e-05 | cuda_peak(alloc/resv) 21.78/28.18GB | phase(train/val/raw/train_eval) 3.5/0.6/0.0/0.0s | 4.2s
2026-08-27 12:23:06 | Epoch 033/060 | loss 1.2640 | cls 0.7722 | tal -0.2003 | dual_g 0.5518 | dual_d 1.0466 | train_acc 1.0000 | train_full n/a | val_acc 0.9583 | val_f1 0.9243 | adv/moduleC 1.00/1.00 | disc_steps 7 | grad(main/disc) 1.195/1.231 | lr(main/disc) 6.50e-05/1.75e-05 | cuda_peak(alloc/resv) 21.78/28.18GB | phase(train/val/raw/train_eval) 3.6/0.6/0.0/0.0s | 4.3s
2026-08-27 12:23:10 | Epoch 034/060 | loss 1.2616 | cls 0.7750 | tal -0.2025 | dual_g 0.5474 | dual_d 1.0426 | train_acc 0.9984 | train_full n/a | val_acc 0.9417 | val_f1 0.9314 | adv/moduleC 1.00/1.00 | disc_steps 7 | grad(main/disc) 1.169/1.220 | lr(main/disc) 6.50e-05/1.75e-05 | cuda_peak(alloc/resv) 21.78/28.18GB | phase(train/val/raw/train_eval) 3.9/0.6/0.0/0.0s | 4.5s
2026-08-27 12:23:16 | Epoch 035/060 | loss 1.2635 | cls 0.7757 | tal -0.1989 | dual_g 0.5475 | dual_d 1.0611 | train_acc 1.0000 | train_full 0.9871 | val_acc 0.9667 | val_f1 0.9557 | adv/moduleC 1.00/1.00 | disc_steps 7 | grad(main/disc) 1.234/1.230 | lr(main/disc) 6.50e-05/1.75e-05 | cuda_peak(alloc/resv) 21.78/28.18GB | phase(train/val/raw/train_eval) 3.6/0.6/0.6/0.9s | 5.7s
2026-08-27 12:23:20 | Epoch 036/060 | loss 1.2614 | cls 0.7774 | tal -0.2066 | dual_g 0.5459 | dual_d 1.0601 | train_acc 1.0000 | train_full n/a | val_acc 0.9667 | val_f1 0.9557 | adv/moduleC 1.00/1.00 | disc_steps 7 | grad(main/disc) 1.369/1.255 | lr(main/disc) 6.50e-05/1.75e-05 | cuda_peak(alloc/resv) 21.78/28.18GB | phase(train/val/raw/train_eval) 3.7/0.6/0.0/0.0s | 4.3s
2026-08-27 12:23:25 | Epoch 037/060 | loss 1.2722 | cls 0.7738 | tal -0.1579 | dual_g 0.5458 | dual_d 1.0638 | train_acc 1.0000 | train_full n/a | val_acc 0.9583 | val_f1 0.9243 | adv/moduleC 1.00/1.00 | disc_steps 7 | grad(main/disc) 1.309/1.246 | lr(main/disc) 6.50e-05/1.75e-05 | cuda_peak(alloc/resv) 21.78/28.18GB | phase(train/val/raw/train_eval) 3.5/0.6/0.0/0.0s | 4.1s
2026-08-27 12:23:29 | Epoch 038/060 | loss 1.2685 | cls 0.7725 | tal -0.1492 | dual_g 0.5407 | dual_d 1.0465 | train_acc 1.0000 | train_full n/a | val_acc 0.9583 | val_f1 0.9330 | adv/moduleC 1.00/1.00 | disc_steps 7 | grad(main/disc) 1.274/1.198 | lr(main/disc) 6.50e-05/1.75e-05 | cuda_peak(alloc/resv) 21.78/28.18GB | phase(train/val/raw/train_eval) 3.8/0.6/0.0/0.0s | 4.4s
2026-08-27 12:23:33 | Epoch 039/060 | loss 1.2701 | cls 0.7769 | tal -0.1729 | dual_g 0.5451 | dual_d 1.0496 | train_acc 0.9984 | train_full n/a | val_acc 0.9583 | val_f1 0.9191 | adv/moduleC 1.00/1.00 | disc_steps 7 | grad(main/disc) 1.408/1.210 | lr(main/disc) 3.25e-05/8.75e-06 | cuda_peak(alloc/resv) 21.78/28.18GB | phase(train/val/raw/train_eval) 3.5/0.6/0.0/0.0s | 4.1s
2026-08-27 12:23:39 | Epoch 040/060 | loss 1.2584 | cls 0.7747 | tal -0.1919 | dual_g 0.5413 | dual_d 1.0356 | train_acc 1.0000 | train_full 0.9849 | val_acc 0.9667 | val_f1 0.9395 | adv/moduleC 1.00/1.00 | disc_steps 7 | grad(main/disc) 1.224/1.214 | lr(main/disc) 3.25e-05/8.75e-06 | cuda_peak(alloc/resv) 21.78/28.18GB | phase(train/val/raw/train_eval) 3.9/0.6/0.6/0.9s | 6.0s
2026-08-27 12:23:39 | Early stopping at epoch 40 after 15 epochs without val_f1_macro_present improvement.
2026-08-27 12:23:39 | Training complete. Best validation accuracy: 0.9667 | best val_f1_macro_present: 0.9557
