2026-08-27 12:50:22 | Starting Dual_D standalone training
2026-08-27 12:50:22 | Run directory: runs/module_c_ablation_60_v5/module_c_20260827_121947/module_c_full_雾天_20260827_121947
2026-08-27 12:50:22 | Device: cuda
2026-08-27 12:50:22 | Source train samples: 992
2026-08-27 12:50:22 | Target train samples: 507
2026-08-27 12:50:22 | Target val samples: 132
2026-08-27 12:50:22 | Classes: 14
2026-08-27 12:50:22 | Data audit: same_dir=False | path_overlap(vis/ir/ais)=0/0/0 | content_overlap(vis/ir/ais)=0/0/0 | ais_index_overlap=0 | stem_mismatch(vis-ir/vis-ais)=630/0
2026-08-27 12:50:22 | source_train classes: present 14/14 | absent 0 | counts [0:120, 1:44, 2:69, 3:45, 4:40, 5:30, 6:64, 7:80, 8:116, 9:68, 10:57, 11:83, 12:48, 13:128]
2026-08-27 12:50:22 | target_train classes: present 9/14 | absent 5 | counts [0:35, 1:18, 2:119, 6:110, 8:25, 9:50, 10:48, 12:9, 13:93]
2026-08-27 12:50:22 | target_val classes: present 9/14 | absent 5 | counts [0:9, 1:5, 2:30, 6:28, 8:7, 9:13, 10:13, 12:3, 13:24]
2026-08-27 12:50:22 | Paired training classes: 9/14 | class ids [0, 1, 2, 6, 8, 9, 10, 12, 13]
2026-08-27 12:50:22 | Runtime profile: batch=92 | paired_steps=6 | workers=16 | train_eval_every=5 | raw_eval_every=5 | early_stop=15 after min_epoch=48
2026-08-27 12:50:22 | VIS/IR pairing: class-level-unpaired | count-mismatch classes train/val: 10/2 | AIS alignment: none | AIS rows train/val: 0/0
2026-08-27 12:50:23 | Model parameters: total=17277714 | trainable=17120210
2026-08-27 12:50:29 | Epoch 001/060 | loss 5.0613 | cls 5.1237 | tal -0.2079 | dual_g 0.0000 | dual_d 0.0000 | train_acc 0.1069 | train_full 0.0552 | val_acc 0.0606 | val_f1 0.0453 | adv/moduleC 0.00/0.00 | disc_steps 0 | grad(main/disc) 13.798/0.000 | lr(main/disc) 7.00e-05/3.50e-05 | cuda_peak(alloc/resv) 21.77/28.18GB | phase(train/val/raw/train_eval) 3.9/0.6/0.6/0.9s | 6.1s
2026-08-27 12:50:32 | New best val_f1_macro_present: 0.0453 at epoch 1
2026-08-27 12:50:36 | Epoch 002/060 | loss 4.4148 | cls 4.4052 | tal 0.0321 | dual_g 0.0000 | dual_d 0.0000 | train_acc 0.1721 | train_full n/a | val_acc 0.1894 | val_f1 0.1082 | adv/moduleC 0.00/0.00 | disc_steps 0 | grad(main/disc) 11.316/0.000 | lr(main/disc) 7.00e-05/3.50e-05 | cuda_peak(alloc/resv) 21.77/28.18GB | phase(train/val/raw/train_eval) 3.3/0.6/0.6/0.0s | 4.6s
2026-08-27 12:50:39 | New best val_f1_macro_present: 0.1082 at epoch 2
2026-08-27 12:50:44 | Epoch 003/060 | loss 4.0218 | cls 4.0059 | tal 0.0530 | dual_g 0.0000 | dual_d 0.0000 | train_acc 0.2011 | train_full n/a | val_acc 0.3106 | val_f1 0.2087 | adv/moduleC 0.00/0.00 | disc_steps 0 | grad(main/disc) 9.710/0.000 | lr(main/disc) 7.00e-05/3.50e-05 | cuda_peak(alloc/resv) 21.77/28.18GB | phase(train/val/raw/train_eval) 3.1/0.6/0.7/0.0s | 4.4s
2026-08-27 12:50:47 | New best val_f1_macro_present: 0.2087 at epoch 3
2026-08-27 12:50:51 | Epoch 004/060 | loss 3.7130 | cls 3.7120 | tal 0.0033 | dual_g 0.0000 | dual_d 0.0000 | train_acc 0.2482 | train_full n/a | val_acc 0.3788 | val_f1 0.2449 | adv/moduleC 0.00/0.00 | disc_steps 0 | grad(main/disc) 9.391/0.000 | lr(main/disc) 7.00e-05/3.50e-05 | cuda_peak(alloc/resv) 21.77/28.18GB | phase(train/val/raw/train_eval) 3.2/0.7/0.6/0.0s | 4.4s
2026-08-27 12:50:54 | New best val_f1_macro_present: 0.2449 at epoch 4
2026-08-27 12:50:59 | Epoch 005/060 | loss 3.3595 | cls 3.3705 | tal -0.0366 | dual_g 0.0000 | dual_d 0.0000 | train_acc 0.2953 | train_full 0.5089 | val_acc 0.4470 | val_f1 0.3154 | adv/moduleC 0.00/0.00 | disc_steps 0 | grad(main/disc) 8.919/0.000 | lr(main/disc) 7.00e-05/3.50e-05 | cuda_peak(alloc/resv) 21.77/28.18GB | phase(train/val/raw/train_eval) 3.0/0.6/0.7/0.9s | 5.2s
2026-08-27 12:51:02 | New best val_f1_macro_present: 0.3154 at epoch 5
2026-08-27 12:51:07 | Epoch 006/060 | loss 3.6122 | cls 3.3550 | tal 0.0311 | dual_g 0.2479 | dual_d 0.7313 | train_acc 0.2989 | train_full n/a | val_acc 0.5227 | val_f1 0.4608 | adv/moduleC 0.05/0.10 | disc_steps 3 | grad(main/disc) 9.301/1.408 | lr(main/disc) 7.00e-05/3.50e-05 | cuda_peak(alloc/resv) 21.77/28.18GB | phase(train/val/raw/train_eval) 3.1/0.7/0.7/0.0s | 4.5s
2026-08-27 12:51:10 | New best val_f1_macro_present: 0.4608 at epoch 6
2026-08-27 12:51:14 | Epoch 007/060 | loss 3.5727 | cls 3.1061 | tal -0.0084 | dual_g 0.4691 | dual_d 0.7468 | train_acc 0.3261 | train_full n/a | val_acc 0.6212 | val_f1 0.5359 | adv/moduleC 0.10/0.20 | disc_steps 3 | grad(main/disc) 9.246/1.481 | lr(main/disc) 7.00e-05/3.50e-05 | cuda_peak(alloc/resv) 21.77/28.18GB | phase(train/val/raw/train_eval) 3.1/0.6/0.7/0.0s | 4.4s
2026-08-27 12:51:17 | New best val_f1_macro_present: 0.5359 at epoch 7
2026-08-27 12:51:22 | Epoch 008/060 | loss 3.6320 | cls 2.9848 | tal -0.0279 | dual_g 0.6556 | dual_d 0.7486 | train_acc 0.3804 | train_full n/a | val_acc 0.6591 | val_f1 0.6088 | adv/moduleC 0.15/0.30 | disc_steps 3 | grad(main/disc) 9.436/1.434 | lr(main/disc) 7.00e-05/3.50e-05 | cuda_peak(alloc/resv) 21.77/28.18GB | phase(train/val/raw/train_eval) 3.2/0.6/0.7/0.0s | 4.5s
2026-08-27 12:51:25 | New best val_f1_macro_present: 0.6088 at epoch 8
2026-08-27 12:51:29 | Epoch 009/060 | loss 3.5369 | cls 2.7213 | tal -0.0738 | dual_g 0.8377 | dual_d 0.7400 | train_acc 0.4330 | train_full n/a | val_acc 0.6894 | val_f1 0.6133 | adv/moduleC 0.20/0.40 | disc_steps 3 | grad(main/disc) 9.166/1.409 | lr(main/disc) 7.00e-05/3.50e-05 | cuda_peak(alloc/resv) 21.77/28.18GB | phase(train/val/raw/train_eval) 3.0/0.7/0.7/0.0s | 4.3s
2026-08-27 12:51:32 | New best val_f1_macro_present: 0.6133 at epoch 9
2026-08-27 12:51:37 | Epoch 010/060 | loss 3.6217 | cls 2.6222 | tal -0.0419 | dual_g 1.0120 | dual_d 0.7683 | train_acc 0.4620 | train_full 0.7416 | val_acc 0.7273 | val_f1 0.7365 | adv/moduleC 0.25/0.50 | disc_steps 3 | grad(main/disc) 10.663/1.388 | lr(main/disc) 7.00e-05/3.50e-05 | cuda_peak(alloc/resv) 21.77/28.18GB | phase(train/val/raw/train_eval) 3.2/0.6/0.6/0.9s | 5.4s
2026-08-27 12:51:40 | New best val_f1_macro_present: 0.7365 at epoch 10
2026-08-27 12:51:44 | Epoch 011/060 | loss 3.7041 | cls 2.5697 | tal -0.0362 | dual_g 1.1453 | dual_d 0.7612 | train_acc 0.5181 | train_full n/a | val_acc 0.6894 | val_f1 0.6265 | adv/moduleC 0.30/0.60 | disc_steps 3 | grad(main/disc) 10.287/1.367 | lr(main/disc) 7.00e-05/3.50e-05 | cuda_peak(alloc/resv) 21.77/28.18GB | phase(train/val/raw/train_eval) 3.1/0.6/0.0/0.0s | 3.8s
2026-08-27 12:51:49 | Epoch 012/060 | loss 3.6505 | cls 2.3735 | tal 0.0106 | dual_g 1.2738 | dual_d 0.7296 | train_acc 0.5924 | train_full n/a | val_acc 0.7803 | val_f1 0.7805 | adv/moduleC 0.35/0.70 | disc_steps 3 | grad(main/disc) 11.023/1.296 | lr(main/disc) 7.00e-05/3.50e-05 | cuda_peak(alloc/resv) 21.77/28.18GB | phase(train/val/raw/train_eval) 3.3/0.7/0.7/0.0s | 4.6s
2026-08-27 12:51:52 | New best val_f1_macro_present: 0.7805 at epoch 12
2026-08-27 12:51:56 | Epoch 013/060 | loss 3.7909 | cls 2.3555 | tal -0.0341 | dual_g 1.4456 | dual_d 0.7219 | train_acc 0.5870 | train_full n/a | val_acc 0.8106 | val_f1 0.8126 | adv/moduleC 0.40/0.80 | disc_steps 3 | grad(main/disc) 11.268/1.314 | lr(main/disc) 7.00e-05/3.50e-05 | cuda_peak(alloc/resv) 21.77/28.18GB | phase(train/val/raw/train_eval) 3.1/0.6/0.7/0.0s | 4.4s
2026-08-27 12:51:59 | New best val_f1_macro_present: 0.8126 at epoch 13
2026-08-27 12:52:04 | Epoch 014/060 | loss 3.8209 | cls 2.2477 | tal -0.0305 | dual_g 1.5824 | dual_d 0.7697 | train_acc 0.6322 | train_full n/a | val_acc 0.8485 | val_f1 0.8498 | adv/moduleC 0.45/0.90 | disc_steps 3 | grad(main/disc) 11.544/1.325 | lr(main/disc) 7.00e-05/3.50e-05 | cuda_peak(alloc/resv) 21.77/28.18GB | phase(train/val/raw/train_eval) 3.3/0.6/0.7/0.0s | 4.6s
2026-08-27 12:52:07 | New best val_f1_macro_present: 0.8498 at epoch 14
2026-08-27 12:52:12 | Epoch 015/060 | loss 3.7870 | cls 2.1423 | tal -0.0697 | dual_g 1.6656 | dual_d 0.7324 | train_acc 0.6576 | train_full 0.8383 | val_acc 0.8485 | val_f1 0.8362 | adv/moduleC 0.50/1.00 | disc_steps 3 | grad(main/disc) 10.604/1.261 | lr(main/disc) 7.00e-05/3.50e-05 | cuda_peak(alloc/resv) 21.77/28.18GB | phase(train/val/raw/train_eval) 2.9/0.6/0.7/0.9s | 5.1s
2026-08-27 12:52:16 | Epoch 016/060 | loss 3.7253 | cls 2.1497 | tal -0.0833 | dual_g 1.6006 | dual_d 0.7493 | train_acc 0.6540 | train_full n/a | val_acc 0.8636 | val_f1 0.8335 | adv/moduleC 0.55/1.00 | disc_steps 3 | grad(main/disc) 12.656/1.307 | lr(main/disc) 7.00e-05/3.50e-05 | cuda_peak(alloc/resv) 21.77/28.18GB | phase(train/val/raw/train_eval) 3.3/0.6/0.0/0.0s | 4.0s
2026-08-27 12:52:19 | Epoch 017/060 | loss 3.5549 | cls 2.0171 | tal -0.0888 | dual_g 1.5643 | dual_d 0.7313 | train_acc 0.7337 | train_full n/a | val_acc 0.7727 | val_f1 0.7326 | adv/moduleC 0.60/1.00 | disc_steps 3 | grad(main/disc) 13.239/1.274 | lr(main/disc) 7.00e-05/3.50e-05 | cuda_peak(alloc/resv) 21.77/28.18GB | phase(train/val/raw/train_eval) 3.0/0.6/0.0/0.0s | 3.7s
2026-08-27 12:52:24 | Epoch 018/060 | loss 3.4813 | cls 1.9792 | tal -0.0421 | dual_g 1.5147 | dual_d 0.7526 | train_acc 0.7264 | train_full n/a | val_acc 0.9167 | val_f1 0.9001 | adv/moduleC 0.65/1.00 | disc_steps 3 | grad(main/disc) 17.828/1.209 | lr(main/disc) 7.00e-05/3.50e-05 | cuda_peak(alloc/resv) 21.77/28.18GB | phase(train/val/raw/train_eval) 3.1/0.6/0.6/0.0s | 4.4s
2026-08-27 12:52:27 | New best val_f1_macro_present: 0.9001 at epoch 18
2026-08-27 12:52:31 | Epoch 019/060 | loss 3.3614 | cls 1.9219 | tal -0.0525 | dual_g 1.4553 | dual_d 0.7487 | train_acc 0.7482 | train_full n/a | val_acc 0.8864 | val_f1 0.8659 | adv/moduleC 0.70/1.00 | disc_steps 3 | grad(main/disc) 12.104/1.255 | lr(main/disc) 7.00e-05/3.50e-05 | cuda_peak(alloc/resv) 21.77/28.18GB | phase(train/val/raw/train_eval) 3.2/0.6/0.0/0.0s | 3.9s
2026-08-27 12:52:36 | Epoch 020/060 | loss 3.2710 | cls 1.8390 | tal -0.0315 | dual_g 1.4414 | dual_d 0.7345 | train_acc 0.8025 | train_full 0.8659 | val_acc 0.8636 | val_f1 0.8757 | adv/moduleC 0.75/1.00 | disc_steps 3 | grad(main/disc) 14.248/1.192 | lr(main/disc) 7.00e-05/3.50e-05 | cuda_peak(alloc/resv) 21.77/28.18GB | phase(train/val/raw/train_eval) 3.2/0.6/0.7/0.9s | 5.4s
2026-08-27 12:52:41 | Epoch 021/060 | loss 3.2295 | cls 1.8126 | tal -0.0444 | dual_g 1.4302 | dual_d 0.7553 | train_acc 0.7899 | train_full n/a | val_acc 0.9318 | val_f1 0.9259 | adv/moduleC 0.80/1.00 | disc_steps 3 | grad(main/disc) 13.222/1.236 | lr(main/disc) 7.00e-05/3.50e-05 | cuda_peak(alloc/resv) 21.77/28.18GB | phase(train/val/raw/train_eval) 3.2/0.6/0.6/0.0s | 4.5s
2026-08-27 12:52:44 | New best val_f1_macro_present: 0.9259 at epoch 21
2026-08-27 12:52:48 | Epoch 022/060 | loss 3.1813 | cls 1.7931 | tal 0.0076 | dual_g 1.3859 | dual_d 0.7598 | train_acc 0.7899 | train_full n/a | val_acc 0.9242 | val_f1 0.9286 | adv/moduleC 0.85/1.00 | disc_steps 3 | grad(main/disc) 10.845/1.181 | lr(main/disc) 7.00e-05/3.50e-05 | cuda_peak(alloc/resv) 21.77/28.18GB | phase(train/val/raw/train_eval) 3.3/0.7/0.7/0.0s | 4.6s
2026-08-27 12:52:51 | New best val_f1_macro_present: 0.9286 at epoch 22
2026-08-27 12:52:55 | Epoch 023/060 | loss 3.1155 | cls 1.7554 | tal -0.0027 | dual_g 1.3609 | dual_d 0.7232 | train_acc 0.8261 | train_full n/a | val_acc 0.9242 | val_f1 0.9326 | adv/moduleC 0.90/1.00 | disc_steps 3 | grad(main/disc) 9.201/1.142 | lr(main/disc) 7.00e-05/3.50e-05 | cuda_peak(alloc/resv) 21.77/28.18GB | phase(train/val/raw/train_eval) 3.0/0.7/0.7/0.0s | 4.3s
2026-08-27 12:52:58 | New best val_f1_macro_present: 0.9326 at epoch 23
2026-08-27 12:53:02 | Epoch 024/060 | loss 3.0263 | cls 1.7079 | tal -0.0284 | dual_g 1.3269 | dual_d 0.7579 | train_acc 0.8370 | train_full n/a | val_acc 0.9318 | val_f1 0.9242 | adv/moduleC 0.95/1.00 | disc_steps 3 | grad(main/disc) 10.392/1.234 | lr(main/disc) 7.00e-05/3.50e-05 | cuda_peak(alloc/resv) 21.77/28.18GB | phase(train/val/raw/train_eval) 3.0/0.6/0.0/0.0s | 3.6s
2026-08-27 12:53:07 | Epoch 025/060 | loss 2.9657 | cls 1.6622 | tal -0.0628 | dual_g 1.3223 | dual_d 0.7848 | train_acc 0.8641 | train_full 0.9408 | val_acc 0.9545 | val_f1 0.9447 | adv/moduleC 1.00/1.00 | disc_steps 3 | grad(main/disc) 10.432/1.221 | lr(main/disc) 7.00e-05/3.50e-05 | cuda_peak(alloc/resv) 21.77/28.18GB | phase(train/val/raw/train_eval) 3.0/0.7/0.7/0.9s | 5.2s
2026-08-27 12:53:10 | New best val_f1_macro_present: 0.9447 at epoch 25
2026-08-27 12:53:14 | Epoch 026/060 | loss 2.8574 | cls 1.6028 | tal -0.0769 | dual_g 1.2777 | dual_d 0.7674 | train_acc 0.8931 | train_full n/a | val_acc 0.9242 | val_f1 0.9230 | adv/moduleC 1.00/1.00 | disc_steps 3 | grad(main/disc) 10.906/1.216 | lr(main/disc) 7.00e-05/3.50e-05 | cuda_peak(alloc/resv) 21.77/28.18GB | phase(train/val/raw/train_eval) 3.3/0.6/0.0/0.0s | 4.0s
2026-08-27 12:53:18 | Epoch 027/060 | loss 2.8112 | cls 1.5738 | tal -0.0623 | dual_g 1.2561 | dual_d 0.7811 | train_acc 0.8877 | train_full n/a | val_acc 0.9394 | val_f1 0.9382 | adv/moduleC 1.00/1.00 | disc_steps 3 | grad(main/disc) 10.003/1.182 | lr(main/disc) 7.00e-05/3.50e-05 | cuda_peak(alloc/resv) 21.77/28.18GB | phase(train/val/raw/train_eval) 3.2/0.6/0.0/0.0s | 3.9s
2026-08-27 12:53:22 | Epoch 028/060 | loss 2.8632 | cls 1.6186 | tal -0.0440 | dual_g 1.2578 | dual_d 0.8120 | train_acc 0.8859 | train_full n/a | val_acc 0.9545 | val_f1 0.9428 | adv/moduleC 1.00/1.00 | disc_steps 3 | grad(main/disc) 11.712/1.217 | lr(main/disc) 7.00e-05/3.50e-05 | cuda_peak(alloc/resv) 21.77/28.18GB | phase(train/val/raw/train_eval) 3.4/0.7/0.0/0.0s | 4.0s
2026-08-27 12:53:27 | Epoch 029/060 | loss 2.7625 | cls 1.5632 | tal -0.0898 | dual_g 1.2262 | dual_d 0.7654 | train_acc 0.9004 | train_full n/a | val_acc 0.9545 | val_f1 0.9541 | adv/moduleC 1.00/1.00 | disc_steps 3 | grad(main/disc) 10.721/1.160 | lr(main/disc) 7.00e-05/3.50e-05 | cuda_peak(alloc/resv) 21.77/28.18GB | phase(train/val/raw/train_eval) 3.1/0.6/0.7/0.0s | 4.4s
2026-08-27 12:53:29 | New best val_f1_macro_present: 0.9541 at epoch 29
2026-08-27 12:53:35 | Epoch 030/060 | loss 2.7826 | cls 1.5718 | tal -0.0545 | dual_g 1.2271 | dual_d 0.8049 | train_acc 0.8786 | train_full 0.9566 | val_acc 0.9470 | val_f1 0.9366 | adv/moduleC 1.00/1.00 | disc_steps 3 | grad(main/disc) 11.278/1.198 | lr(main/disc) 7.00e-05/3.50e-05 | cuda_peak(alloc/resv) 21.77/28.18GB | phase(train/val/raw/train_eval) 3.2/0.6/0.7/0.9s | 5.4s
2026-08-27 12:53:39 | Epoch 031/060 | loss 2.6850 | cls 1.5341 | tal -0.0960 | dual_g 1.1797 | dual_d 0.8088 | train_acc 0.9094 | train_full n/a | val_acc 0.9470 | val_f1 0.9448 | adv/moduleC 1.00/1.00 | disc_steps 3 | grad(main/disc) 8.845/1.249 | lr(main/disc) 7.00e-05/3.50e-05 | cuda_peak(alloc/resv) 21.77/28.18GB | phase(train/val/raw/train_eval) 3.3/0.6/0.0/0.0s | 3.9s
2026-08-27 12:53:43 | Epoch 032/060 | loss 2.6521 | cls 1.5082 | tal -0.1339 | dual_g 1.1840 | dual_d 0.8333 | train_acc 0.9257 | train_full n/a | val_acc 0.9621 | val_f1 0.9604 | adv/moduleC 1.00/1.00 | disc_steps 3 | grad(main/disc) 8.803/1.210 | lr(main/disc) 7.00e-05/3.50e-05 | cuda_peak(alloc/resv) 21.77/28.18GB | phase(train/val/raw/train_eval) 3.0/0.6/0.7/0.0s | 4.3s
2026-08-27 12:53:46 | New best val_f1_macro_present: 0.9604 at epoch 32
2026-08-27 12:53:50 | Epoch 033/060 | loss 2.6362 | cls 1.5127 | tal -0.1134 | dual_g 1.1576 | dual_d 0.8418 | train_acc 0.9094 | train_full n/a | val_acc 0.9697 | val_f1 0.9551 | adv/moduleC 1.00/1.00 | disc_steps 3 | grad(main/disc) 9.168/1.233 | lr(main/disc) 7.00e-05/3.50e-05 | cuda_peak(alloc/resv) 21.77/28.18GB | phase(train/val/raw/train_eval) 3.0/0.6/0.0/0.0s | 3.6s
2026-08-27 12:53:53 | Epoch 034/060 | loss 2.5935 | cls 1.4764 | tal -0.0735 | dual_g 1.1391 | dual_d 0.8405 | train_acc 0.9293 | train_full n/a | val_acc 0.9470 | val_f1 0.9372 | adv/moduleC 1.00/1.00 | disc_steps 3 | grad(main/disc) 9.604/1.226 | lr(main/disc) 7.00e-05/3.50e-05 | cuda_peak(alloc/resv) 21.77/28.18GB | phase(train/val/raw/train_eval) 3.2/0.6/0.0/0.0s | 3.8s
2026-08-27 12:53:59 | Epoch 035/060 | loss 2.5926 | cls 1.4705 | tal -0.0540 | dual_g 1.1384 | dual_d 0.8780 | train_acc 0.9348 | train_full 0.9665 | val_acc 0.9773 | val_f1 0.9687 | adv/moduleC 1.00/1.00 | disc_steps 3 | grad(main/disc) 8.291/1.264 | lr(main/disc) 7.00e-05/3.50e-05 | cuda_peak(alloc/resv) 21.77/28.18GB | phase(train/val/raw/train_eval) 3.0/0.6/0.7/0.9s | 5.2s
2026-08-27 12:54:02 | New best val_f1_macro_present: 0.9687 at epoch 35
2026-08-27 12:54:05 | Epoch 036/060 | loss 2.5847 | cls 1.4426 | tal -0.0119 | dual_g 1.1458 | dual_d 0.8473 | train_acc 0.9366 | train_full n/a | val_acc 0.9545 | val_f1 0.9479 | adv/moduleC 1.00/1.00 | disc_steps 3 | grad(main/disc) 9.190/1.214 | lr(main/disc) 7.00e-05/3.50e-05 | cuda_peak(alloc/resv) 21.77/28.18GB | phase(train/val/raw/train_eval) 3.2/0.6/0.0/0.0s | 3.9s
2026-08-27 12:54:09 | Epoch 037/060 | loss 2.5503 | cls 1.4508 | tal -0.0641 | dual_g 1.1187 | dual_d 0.8878 | train_acc 0.9366 | train_full n/a | val_acc 0.9773 | val_f1 0.9625 | adv/moduleC 1.00/1.00 | disc_steps 3 | grad(main/disc) 9.234/1.276 | lr(main/disc) 7.00e-05/3.50e-05 | cuda_peak(alloc/resv) 21.77/28.18GB | phase(train/val/raw/train_eval) 3.1/0.6/0.0/0.0s | 3.8s
2026-08-27 12:54:13 | Epoch 038/060 | loss 2.5897 | cls 1.4630 | tal -0.0127 | dual_g 1.1305 | dual_d 0.8649 | train_acc 0.9420 | train_full n/a | val_acc 0.9697 | val_f1 0.9645 | adv/moduleC 1.00/1.00 | disc_steps 3 | grad(main/disc) 9.831/1.225 | lr(main/disc) 7.00e-05/3.50e-05 | cuda_peak(alloc/resv) 21.77/28.18GB | phase(train/val/raw/train_eval) 3.0/0.6/0.0/0.0s | 3.6s
2026-08-27 12:54:17 | Epoch 039/060 | loss 2.5472 | cls 1.4461 | tal -0.0163 | dual_g 1.1060 | dual_d 0.8352 | train_acc 0.9547 | train_full n/a | val_acc 0.9697 | val_f1 0.9645 | adv/moduleC 1.00/1.00 | disc_steps 3 | grad(main/disc) 9.476/1.165 | lr(main/disc) 7.00e-05/3.50e-05 | cuda_peak(alloc/resv) 21.77/28.18GB | phase(train/val/raw/train_eval) 3.1/0.6/0.0/0.0s | 3.8s
2026-08-27 12:54:22 | Epoch 040/060 | loss 2.5180 | cls 1.4196 | tal -0.0255 | dual_g 1.1061 | dual_d 0.8796 | train_acc 0.9601 | train_full 0.9822 | val_acc 0.9545 | val_f1 0.9552 | adv/moduleC 1.00/1.00 | disc_steps 3 | grad(main/disc) 7.840/1.185 | lr(main/disc) 7.00e-05/3.50e-05 | cuda_peak(alloc/resv) 21.77/28.18GB | phase(train/val/raw/train_eval) 3.2/0.6/0.7/0.9s | 5.4s
2026-08-27 12:54:26 | Epoch 041/060 | loss 2.4768 | cls 1.4002 | tal -0.0246 | dual_g 1.0840 | dual_d 0.8264 | train_acc 0.9601 | train_full n/a | val_acc 0.9545 | val_f1 0.9601 | adv/moduleC 1.00/1.00 | disc_steps 3 | grad(main/disc) 7.858/1.131 | lr(main/disc) 7.00e-05/3.50e-05 | cuda_peak(alloc/resv) 21.77/28.18GB | phase(train/val/raw/train_eval) 3.2/0.7/0.0/0.0s | 3.8s
2026-08-27 12:54:30 | Epoch 042/060 | loss 2.4738 | cls 1.4088 | tal -0.0341 | dual_g 1.0752 | dual_d 0.8640 | train_acc 0.9746 | train_full n/a | val_acc 0.9773 | val_f1 0.9768 | adv/moduleC 1.00/1.00 | disc_steps 3 | grad(main/disc) 6.190/1.155 | lr(main/disc) 7.00e-05/3.50e-05 | cuda_peak(alloc/resv) 21.77/28.18GB | phase(train/val/raw/train_eval) 3.1/0.6/0.6/0.0s | 4.4s
2026-08-27 12:54:33 | New best val_f1_macro_present: 0.9768 at epoch 42
2026-08-27 12:54:37 | Epoch 043/060 | loss 2.4380 | cls 1.3802 | tal -0.0609 | dual_g 1.0760 | dual_d 0.8903 | train_acc 0.9583 | train_full n/a | val_acc 0.9470 | val_f1 0.9355 | adv/moduleC 1.00/1.00 | disc_steps 3 | grad(main/disc) 7.472/1.151 | lr(main/disc) 7.00e-05/3.50e-05 | cuda_peak(alloc/resv) 21.77/28.18GB | phase(train/val/raw/train_eval) 3.2/0.7/0.0/0.0s | 3.8s
2026-08-27 12:54:41 | Epoch 044/060 | loss 2.4285 | cls 1.3861 | tal -0.0605 | dual_g 1.0605 | dual_d 0.8808 | train_acc 0.9547 | train_full n/a | val_acc 0.9697 | val_f1 0.9645 | adv/moduleC 1.00/1.00 | disc_steps 3 | grad(main/disc) 7.004/1.119 | lr(main/disc) 7.00e-05/3.50e-05 | cuda_peak(alloc/resv) 21.77/28.18GB | phase(train/val/raw/train_eval) 3.3/0.7/0.0/0.0s | 3.9s
2026-08-27 12:54:46 | Epoch 045/060 | loss 2.4194 | cls 1.3883 | tal -0.0779 | dual_g 1.0544 | dual_d 0.8892 | train_acc 0.9601 | train_full 0.9803 | val_acc 0.9697 | val_f1 0.9570 | adv/moduleC 1.00/1.00 | disc_steps 3 | grad(main/disc) 6.162/1.130 | lr(main/disc) 7.00e-05/3.50e-05 | cuda_peak(alloc/resv) 21.77/28.18GB | phase(train/val/raw/train_eval) 3.0/0.7/0.7/0.9s | 5.2s
2026-08-27 12:54:50 | Epoch 046/060 | loss 2.4069 | cls 1.3711 | tal -0.0711 | dual_g 1.0572 | dual_d 0.9028 | train_acc 0.9547 | train_full n/a | val_acc 0.9697 | val_f1 0.9571 | adv/moduleC 1.00/1.00 | disc_steps 3 | grad(main/disc) 6.674/1.149 | lr(main/disc) 7.00e-05/3.50e-05 | cuda_peak(alloc/resv) 21.77/28.18GB | phase(train/val/raw/train_eval) 3.2/0.6/0.0/0.0s | 3.8s
2026-08-27 12:54:54 | Epoch 047/060 | loss 2.3979 | cls 1.3547 | tal -0.0251 | dual_g 1.0507 | dual_d 0.9186 | train_acc 0.9783 | train_full n/a | val_acc 0.9697 | val_f1 0.9623 | adv/moduleC 1.00/1.00 | disc_steps 3 | grad(main/disc) 6.546/1.175 | lr(main/disc) 7.00e-05/3.50e-05 | cuda_peak(alloc/resv) 21.77/28.18GB | phase(train/val/raw/train_eval) 3.1/0.6/0.0/0.0s | 3.8s
2026-08-27 12:54:58 | Epoch 048/060 | loss 2.3902 | cls 1.3625 | tal -0.0476 | dual_g 1.0420 | dual_d 0.9403 | train_acc 0.9601 | train_full n/a | val_acc 0.9848 | val_f1 0.9746 | adv/moduleC 1.00/1.00 | disc_steps 3 | grad(main/disc) 5.850/1.180 | lr(main/disc) 7.00e-05/3.50e-05 | cuda_peak(alloc/resv) 21.77/28.18GB | phase(train/val/raw/train_eval) 3.1/0.7/0.0/0.0s | 3.7s
2026-08-27 12:55:02 | Epoch 049/060 | loss 2.3530 | cls 1.3375 | tal -0.0693 | dual_g 1.0364 | dual_d 0.9367 | train_acc 0.9728 | train_full n/a | val_acc 0.9848 | val_f1 0.9832 | adv/moduleC 1.00/1.00 | disc_steps 3 | grad(main/disc) 5.317/1.148 | lr(main/disc) 7.00e-05/3.50e-05 | cuda_peak(alloc/resv) 21.77/28.18GB | phase(train/val/raw/train_eval) 3.3/0.6/0.6/0.0s | 4.6s
2026-08-27 12:55:05 | New best val_f1_macro_present: 0.9832 at epoch 49
2026-08-27 12:55:11 | Epoch 050/060 | loss 2.3216 | cls 1.3201 | tal -0.0556 | dual_g 1.0181 | dual_d 0.9908 | train_acc 0.9855 | train_full 0.9901 | val_acc 0.9621 | val_f1 0.9488 | adv/moduleC 1.00/1.00 | disc_steps 3 | grad(main/disc) 4.789/1.189 | lr(main/disc) 7.00e-05/3.50e-05 | cuda_peak(alloc/resv) 21.77/28.18GB | phase(train/val/raw/train_eval) 3.3/0.7/0.7/0.9s | 5.5s
2026-08-27 12:55:15 | Epoch 051/060 | loss 2.3479 | cls 1.3453 | tal -0.0819 | dual_g 1.0271 | dual_d 0.9842 | train_acc 0.9710 | train_full n/a | val_acc 0.9697 | val_f1 0.9564 | adv/moduleC 1.00/1.00 | disc_steps 3 | grad(main/disc) 5.702/1.160 | lr(main/disc) 7.00e-05/3.50e-05 | cuda_peak(alloc/resv) 21.77/28.18GB | phase(train/val/raw/train_eval) 3.2/0.7/0.0/0.0s | 3.9s
2026-08-27 12:55:18 | Epoch 052/060 | loss 2.2756 | cls 1.3178 | tal -0.1599 | dual_g 1.0057 | dual_d 0.9750 | train_acc 0.9801 | train_full n/a | val_acc 0.9697 | val_f1 0.9642 | adv/moduleC 1.00/1.00 | disc_steps 3 | grad(main/disc) 5.198/1.173 | lr(main/disc) 7.00e-05/3.50e-05 | cuda_peak(alloc/resv) 21.77/28.18GB | phase(train/val/raw/train_eval) 2.9/0.6/0.0/0.0s | 3.6s
2026-08-27 12:55:22 | Epoch 053/060 | loss 2.2626 | cls 1.3131 | tal -0.1517 | dual_g 0.9950 | dual_d 1.0011 | train_acc 0.9891 | train_full n/a | val_acc 0.9697 | val_f1 0.9577 | adv/moduleC 1.00/1.00 | disc_steps 3 | grad(main/disc) 5.793/1.171 | lr(main/disc) 7.00e-05/3.50e-05 | cuda_peak(alloc/resv) 21.77/28.18GB | phase(train/val/raw/train_eval) 3.2/0.7/0.0/0.0s | 3.9s
2026-08-27 12:55:26 | Epoch 054/060 | loss 2.2913 | cls 1.3311 | tal -0.1305 | dual_g 0.9994 | dual_d 0.9943 | train_acc 0.9855 | train_full n/a | val_acc 0.9773 | val_f1 0.9771 | adv/moduleC 1.00/1.00 | disc_steps 3 | grad(main/disc) 4.797/1.163 | lr(main/disc) 7.00e-05/3.50e-05 | cuda_peak(alloc/resv) 21.77/28.18GB | phase(train/val/raw/train_eval) 3.1/0.6/0.0/0.0s | 3.8s
2026-08-27 12:55:31 | Epoch 055/060 | loss 2.2790 | cls 1.3127 | tal -0.1177 | dual_g 1.0016 | dual_d 0.9782 | train_acc 0.9873 | train_full 0.9901 | val_acc 0.9773 | val_f1 0.9687 | adv/moduleC 1.00/1.00 | disc_steps 3 | grad(main/disc) 6.228/1.130 | lr(main/disc) 7.00e-05/3.50e-05 | cuda_peak(alloc/resv) 21.77/28.18GB | phase(train/val/raw/train_eval) 2.9/0.6/0.7/0.9s | 5.1s
2026-08-27 12:55:35 | Epoch 056/060 | loss 2.2715 | cls 1.3108 | tal -0.0930 | dual_g 0.9886 | dual_d 0.9704 | train_acc 0.9801 | train_full n/a | val_acc 0.9848 | val_f1 0.9746 | adv/moduleC 1.00/1.00 | disc_steps 3 | grad(main/disc) 4.325/1.129 | lr(main/disc) 3.50e-05/1.75e-05 | cuda_peak(alloc/resv) 21.77/28.18GB | phase(train/val/raw/train_eval) 3.3/0.6/0.0/0.0s | 4.0s
2026-08-27 12:55:39 | Epoch 057/060 | loss 2.2421 | cls 1.3075 | tal -0.1243 | dual_g 0.9719 | dual_d 0.9963 | train_acc 0.9928 | train_full n/a | val_acc 0.9773 | val_f1 0.9634 | adv/moduleC 1.00/1.00 | disc_steps 3 | grad(main/disc) 3.762/1.157 | lr(main/disc) 3.50e-05/1.75e-05 | cuda_peak(alloc/resv) 21.77/28.18GB | phase(train/val/raw/train_eval) 3.1/0.6/0.0/0.0s | 3.7s
2026-08-27 12:55:42 | Epoch 058/060 | loss 2.2630 | cls 1.3088 | tal -0.0865 | dual_g 0.9801 | dual_d 1.0188 | train_acc 0.9928 | train_full n/a | val_acc 0.9773 | val_f1 0.9768 | adv/moduleC 1.00/1.00 | disc_steps 3 | grad(main/disc) 5.286/1.178 | lr(main/disc) 3.50e-05/1.75e-05 | cuda_peak(alloc/resv) 21.77/28.18GB | phase(train/val/raw/train_eval) 3.1/0.6/0.0/0.0s | 3.8s
2026-08-27 12:55:46 | Epoch 059/060 | loss 2.2409 | cls 1.2883 | tal -0.0781 | dual_g 0.9760 | dual_d 0.9932 | train_acc 0.9855 | train_full n/a | val_acc 0.9848 | val_f1 0.9830 | adv/moduleC 1.00/1.00 | disc_steps 3 | grad(main/disc) 4.214/1.148 | lr(main/disc) 3.50e-05/1.75e-05 | cuda_peak(alloc/resv) 21.77/28.18GB | phase(train/val/raw/train_eval) 3.1/0.6/0.0/0.0s | 3.8s
2026-08-27 12:55:52 | Epoch 060/060 | loss 2.2335 | cls 1.2843 | tal -0.0870 | dual_g 0.9753 | dual_d 0.9908 | train_acc 0.9909 | train_full 0.9901 | val_acc 0.9697 | val_f1 0.9577 | adv/moduleC 1.00/1.00 | disc_steps 3 | grad(main/disc) 3.628/1.147 | lr(main/disc) 3.50e-05/1.75e-05 | cuda_peak(alloc/resv) 21.77/28.18GB | phase(train/val/raw/train_eval) 3.1/0.6/0.7/0.9s | 5.3s
2026-08-27 12:55:52 | Training complete. Best validation accuracy: 0.9848 | best val_f1_macro_present: 0.9832
