2026-08-21 16:49:01 | Starting Dual_D standalone training
2026-08-21 16:49:01 | Run directory: runs/module_c_ablation/module_c_no_identity_雾天_iter02_20260821_123733
2026-08-21 16:49:01 | Device: cuda
2026-08-21 16:49:01 | Source train samples: 992
2026-08-21 16:49:01 | Target train samples: 507
2026-08-21 16:49:01 | Target val samples: 132
2026-08-21 16:49:01 | Classes: 14
2026-08-21 16:49:01 | Data audit: same_dir=False | path_overlap(vis/ir/ais)=0/0/0 | content_overlap(vis/ir/ais)=0/0/0 | ais_index_overlap=0 | stem_mismatch(vis-ir/vis-ais)=630/0
2026-08-21 16:49:01 | source_train classes: present 14/14 | absent 0 | counts [0:120, 1:44, 2:69, 3:45, 4:40, 5:30, 6:64, 7:80, 8:116, 9:68, 10:57, 11:83, 12:48, 13:128]
2026-08-21 16:49:01 | target_train classes: present 9/14 | absent 5 | counts [0:35, 1:18, 2:119, 6:110, 8:25, 9:50, 10:48, 12:9, 13:93]
2026-08-21 16:49:01 | target_val classes: present 9/14 | absent 5 | counts [0:9, 1:5, 2:30, 6:28, 8:7, 9:13, 10:13, 12:3, 13:24]
2026-08-21 16:49:01 | Paired training classes: 9/14 | class ids [0, 1, 2, 6, 8, 9, 10, 12, 13]
2026-08-21 16:49:01 | VIS/IR pairing: class-level-unpaired | count-mismatch classes train/val: 10/2 | AIS alignment: none | AIS rows train/val: 0/0
2026-08-21 16:49:02 | Model parameters: total=17277714 | trainable=17120210
2026-08-21 16:50:23 | Epoch 001/100 | loss 8.9261 | cls 4.6470 | tal -0.2263 | dual_g 4.3471 | dual_d 0.0000 | train_acc 0.1094 | train_full 0.2426 | val_acc 0.2273 | val_f1 0.1251 | grad(main/disc) 26.526/0.000 | lr(main/disc) 7.00e-05/3.50e-05 | 80.4s
2026-08-21 16:50:23 | New best val_f1_macro_present: 0.1251 at epoch 1
2026-08-21 16:51:41 | Epoch 002/100 | loss 7.5280 | cls 3.8465 | tal -0.0695 | dual_g 3.7024 | dual_d 0.0000 | train_acc 0.2031 | train_full 0.4892 | val_acc 0.4470 | val_f1 0.3682 | grad(main/disc) 21.690/0.000 | lr(main/disc) 7.00e-05/3.50e-05 | 78.2s
2026-08-21 16:51:42 | New best val_f1_macro_present: 0.3682 at epoch 2
2026-08-21 16:53:03 | Epoch 003/100 | loss 6.5907 | cls 3.3187 | tal -0.0317 | dual_g 3.2816 | dual_d 0.0000 | train_acc 0.3125 | train_full 0.5917 | val_acc 0.5758 | val_f1 0.5288 | grad(main/disc) 20.001/0.000 | lr(main/disc) 7.00e-05/3.50e-05 | 81.4s
2026-08-21 16:53:03 | New best val_f1_macro_present: 0.5288 at epoch 3
2026-08-21 16:54:24 | Epoch 004/100 | loss 6.1567 | cls 3.0912 | tal 0.0302 | dual_g 3.0564 | dual_d 0.0000 | train_acc 0.3945 | train_full 0.6982 | val_acc 0.6591 | val_f1 0.6014 | grad(main/disc) 20.100/0.000 | lr(main/disc) 7.00e-05/3.50e-05 | 80.7s
2026-08-21 16:54:24 | New best val_f1_macro_present: 0.6014 at epoch 4
2026-08-21 16:55:42 | Epoch 005/100 | loss 5.5870 | cls 2.8161 | tal -0.1181 | dual_g 2.8063 | dual_d 0.0000 | train_acc 0.4219 | train_full 0.6785 | val_acc 0.6439 | val_f1 0.6377 | grad(main/disc) 20.069/0.000 | lr(main/disc) 7.00e-05/3.50e-05 | 78.1s
2026-08-21 16:55:43 | New best val_f1_macro_present: 0.6377 at epoch 5
2026-08-21 16:57:02 | Epoch 006/100 | loss 5.2329 | cls 2.5866 | tal -0.0214 | dual_g 2.6527 | dual_d 0.7821 | train_acc 0.5156 | train_full 0.7515 | val_acc 0.7273 | val_f1 0.7359 | grad(main/disc) 20.137/1.655 | lr(main/disc) 7.00e-05/3.50e-05 | 79.4s
2026-08-21 16:57:03 | New best val_f1_macro_present: 0.7359 at epoch 6
2026-08-21 16:58:25 | Epoch 007/100 | loss 4.9671 | cls 2.4813 | tal -0.0220 | dual_g 2.4924 | dual_d 0.7591 | train_acc 0.5156 | train_full 0.7732 | val_acc 0.7803 | val_f1 0.7617 | grad(main/disc) 20.708/1.611 | lr(main/disc) 7.00e-05/3.50e-05 | 82.0s
2026-08-21 16:58:25 | New best val_f1_macro_present: 0.7617 at epoch 7
2026-08-21 16:59:43 | Epoch 008/100 | loss 4.6085 | cls 2.2628 | tal -0.0059 | dual_g 2.3474 | dual_d 0.7253 | train_acc 0.6875 | train_full 0.8540 | val_acc 0.8182 | val_f1 0.8194 | grad(main/disc) 19.234/1.567 | lr(main/disc) 7.00e-05/3.50e-05 | 78.3s
2026-08-21 16:59:44 | New best val_f1_macro_present: 0.8194 at epoch 8
2026-08-21 17:01:05 | Epoch 009/100 | loss 4.3060 | cls 2.1146 | tal -0.0588 | dual_g 2.2091 | dual_d 0.7101 | train_acc 0.6895 | train_full 0.8540 | val_acc 0.8333 | val_f1 0.8093 | grad(main/disc) 18.261/1.482 | lr(main/disc) 7.00e-05/3.50e-05 | 81.4s
2026-08-21 17:02:25 | Epoch 010/100 | loss 4.1410 | cls 1.9950 | tal -0.0822 | dual_g 2.1707 | dual_d 0.6935 | train_acc 0.7188 | train_full 0.8422 | val_acc 0.8030 | val_f1 0.7984 | grad(main/disc) 18.845/1.457 | lr(main/disc) 7.00e-05/3.50e-05 | 79.9s
2026-08-21 17:03:45 | Epoch 011/100 | loss 4.0571 | cls 1.9737 | tal -0.0424 | dual_g 2.0960 | dual_d 0.6675 | train_acc 0.7539 | train_full 0.8679 | val_acc 0.8485 | val_f1 0.8414 | grad(main/disc) 17.460/1.402 | lr(main/disc) 7.00e-05/3.50e-05 | 80.4s
2026-08-21 17:03:46 | New best val_f1_macro_present: 0.8414 at epoch 11
2026-08-21 17:05:05 | Epoch 012/100 | loss 3.8287 | cls 1.8465 | tal -0.0241 | dual_g 1.9894 | dual_d 0.6845 | train_acc 0.7891 | train_full 0.8895 | val_acc 0.9167 | val_f1 0.9172 | grad(main/disc) 16.723/1.449 | lr(main/disc) 7.00e-05/3.50e-05 | 79.6s
2026-08-21 17:05:06 | New best val_f1_macro_present: 0.9172 at epoch 12
2026-08-21 17:06:27 | Epoch 013/100 | loss 3.7020 | cls 1.7661 | tal 0.0229 | dual_g 1.9290 | dual_d 0.6509 | train_acc 0.8242 | train_full 0.9250 | val_acc 0.9318 | val_f1 0.9374 | grad(main/disc) 16.771/1.341 | lr(main/disc) 7.00e-05/3.50e-05 | 81.1s
2026-08-21 17:06:27 | New best val_f1_macro_present: 0.9374 at epoch 13
2026-08-21 17:07:48 | Epoch 014/100 | loss 3.5749 | cls 1.7302 | tal -0.0221 | dual_g 1.8513 | dual_d 0.6364 | train_acc 0.8262 | train_full 0.9211 | val_acc 0.8939 | val_f1 0.8883 | grad(main/disc) 15.631/1.265 | lr(main/disc) 7.00e-05/3.50e-05 | 81.1s
2026-08-21 17:09:09 | Epoch 015/100 | loss 3.4862 | cls 1.6893 | tal -0.1013 | dual_g 1.8273 | dual_d 0.6400 | train_acc 0.8535 | train_full 0.9606 | val_acc 0.9394 | val_f1 0.9413 | grad(main/disc) 15.544/1.278 | lr(main/disc) 7.00e-05/3.50e-05 | 81.0s
2026-08-21 17:09:09 | New best val_f1_macro_present: 0.9413 at epoch 15
2026-08-21 17:10:27 | Epoch 016/100 | loss 3.3461 | cls 1.6069 | tal -0.1099 | dual_g 1.7722 | dual_d 0.6637 | train_acc 0.8984 | train_full 0.9645 | val_acc 0.9621 | val_f1 0.9544 | grad(main/disc) 14.711/1.335 | lr(main/disc) 7.00e-05/3.50e-05 | 78.0s
2026-08-21 17:10:28 | New best val_f1_macro_present: 0.9544 at epoch 16
2026-08-21 17:11:49 | Epoch 017/100 | loss 3.3078 | cls 1.5954 | tal -0.0653 | dual_g 1.7320 | dual_d 0.6557 | train_acc 0.8906 | train_full 0.9349 | val_acc 0.9470 | val_f1 0.9442 | grad(main/disc) 13.681/1.263 | lr(main/disc) 7.00e-05/3.50e-05 | 80.9s
2026-08-21 17:13:09 | Epoch 018/100 | loss 3.1865 | cls 1.5331 | tal -0.1064 | dual_g 1.6853 | dual_d 0.7204 | train_acc 0.9238 | train_full 0.9586 | val_acc 0.9394 | val_f1 0.9351 | grad(main/disc) 12.314/1.314 | lr(main/disc) 7.00e-05/3.50e-05 | 80.8s
2026-08-21 17:14:27 | Epoch 019/100 | loss 3.1973 | cls 1.5587 | tal -0.1024 | dual_g 1.6693 | dual_d 0.7279 | train_acc 0.9082 | train_full 0.9645 | val_acc 0.9697 | val_f1 0.9717 | grad(main/disc) 12.636/1.345 | lr(main/disc) 7.00e-05/3.50e-05 | 77.3s
2026-08-21 17:14:27 | New best val_f1_macro_present: 0.9717 at epoch 19
2026-08-21 17:15:44 | Epoch 020/100 | loss 3.0799 | cls 1.4967 | tal -0.1135 | dual_g 1.6172 | dual_d 0.7477 | train_acc 0.9395 | train_full 0.9704 | val_acc 0.9470 | val_f1 0.9497 | grad(main/disc) 11.306/1.333 | lr(main/disc) 7.00e-05/3.50e-05 | 77.0s
2026-08-21 17:17:02 | Epoch 021/100 | loss 3.0532 | cls 1.4698 | tal -0.1260 | dual_g 1.6212 | dual_d 0.7817 | train_acc 0.9238 | train_full 0.9744 | val_acc 0.9394 | val_f1 0.9401 | grad(main/disc) 11.683/1.365 | lr(main/disc) 7.00e-05/3.50e-05 | 78.0s
2026-08-21 17:18:22 | Epoch 022/100 | loss 2.9825 | cls 1.4163 | tal -0.0968 | dual_g 1.5953 | dual_d 0.8063 | train_acc 0.9492 | train_full 0.9763 | val_acc 0.9773 | val_f1 0.9768 | grad(main/disc) 10.569/1.442 | lr(main/disc) 7.00e-05/3.50e-05 | 79.8s
2026-08-21 17:18:22 | New best val_f1_macro_present: 0.9768 at epoch 22
2026-08-21 17:19:43 | Epoch 023/100 | loss 2.9358 | cls 1.4147 | tal -0.0951 | dual_g 1.5497 | dual_d 0.7630 | train_acc 0.9707 | train_full 0.9783 | val_acc 0.9621 | val_f1 0.9631 | grad(main/disc) 9.462/1.324 | lr(main/disc) 7.00e-05/3.50e-05 | 81.0s
2026-08-21 17:21:04 | Epoch 024/100 | loss 2.9272 | cls 1.4109 | tal -0.0888 | dual_g 1.5430 | dual_d 0.8190 | train_acc 0.9590 | train_full 0.9901 | val_acc 0.9848 | val_f1 0.9828 | grad(main/disc) 10.257/1.359 | lr(main/disc) 7.00e-05/3.50e-05 | 80.3s
2026-08-21 17:21:04 | New best val_f1_macro_present: 0.9828 at epoch 24
2026-08-21 17:22:24 | Epoch 025/100 | loss 2.8795 | cls 1.4069 | tal -0.0938 | dual_g 1.5008 | dual_d 0.8376 | train_acc 0.9531 | train_full 0.9882 | val_acc 0.9697 | val_f1 0.9707 | grad(main/disc) 9.336/1.377 | lr(main/disc) 7.00e-05/3.50e-05 | 79.7s
2026-08-21 17:23:44 | Epoch 026/100 | loss 2.8342 | cls 1.3777 | tal -0.0849 | dual_g 1.4819 | dual_d 0.8699 | train_acc 0.9648 | train_full 0.9822 | val_acc 0.9697 | val_f1 0.9698 | grad(main/disc) 8.534/1.388 | lr(main/disc) 7.00e-05/3.50e-05 | 80.7s
2026-08-21 17:25:04 | Epoch 027/100 | loss 2.8110 | cls 1.3765 | tal -0.1326 | dual_g 1.4743 | dual_d 0.8904 | train_acc 0.9609 | train_full 0.9921 | val_acc 0.9773 | val_f1 0.9768 | grad(main/disc) 8.785/1.368 | lr(main/disc) 7.00e-05/3.50e-05 | 79.3s
2026-08-21 17:26:22 | Epoch 028/100 | loss 2.8041 | cls 1.3565 | tal -0.0856 | dual_g 1.4733 | dual_d 0.9546 | train_acc 0.9824 | train_full 0.9744 | val_acc 0.9697 | val_f1 0.9711 | grad(main/disc) 8.507/1.424 | lr(main/disc) 7.00e-05/3.50e-05 | 78.8s
2026-08-21 17:27:45 | Epoch 029/100 | loss 2.7298 | cls 1.3342 | tal -0.1253 | dual_g 1.4332 | dual_d 0.9210 | train_acc 0.9805 | train_full 0.9901 | val_acc 0.9773 | val_f1 0.9771 | grad(main/disc) 7.658/1.414 | lr(main/disc) 7.00e-05/3.50e-05 | 82.7s
2026-08-21 17:29:05 | Epoch 030/100 | loss 2.7262 | cls 1.3303 | tal -0.1296 | dual_g 1.4348 | dual_d 0.9583 | train_acc 0.9844 | train_full 0.9822 | val_acc 0.9848 | val_f1 0.9832 | grad(main/disc) 7.567/1.449 | lr(main/disc) 7.00e-05/3.50e-05 | 80.3s
2026-08-21 17:30:25 | Epoch 031/100 | loss 2.7202 | cls 1.3246 | tal -0.1322 | dual_g 1.4353 | dual_d 0.9392 | train_acc 0.9844 | train_full 0.9763 | val_acc 0.9697 | val_f1 0.9673 | grad(main/disc) 8.568/1.388 | lr(main/disc) 7.00e-05/3.50e-05 | 80.0s
2026-08-21 17:31:49 | Epoch 032/100 | loss 2.6896 | cls 1.3279 | tal -0.1707 | dual_g 1.4129 | dual_d 0.9982 | train_acc 0.9766 | train_full 0.9921 | val_acc 0.9848 | val_f1 0.9832 | grad(main/disc) 7.169/1.435 | lr(main/disc) 7.00e-05/3.50e-05 | 83.4s
2026-08-21 17:33:08 | Epoch 033/100 | loss 2.6708 | cls 1.3118 | tal -0.1233 | dual_g 1.3960 | dual_d 0.9855 | train_acc 0.9785 | train_full 0.9921 | val_acc 0.9848 | val_f1 0.9830 | grad(main/disc) 6.713/1.439 | lr(main/disc) 7.00e-05/3.50e-05 | 79.3s
2026-08-21 17:33:08 | Early stopping at epoch 33 after 9 epochs without val_f1_macro_present improvement.
2026-08-21 17:33:08 | Training complete. Best validation accuracy: 0.9848 | best val_f1_macro_present: 0.9828
