2026-08-27 17:30:16 | Starting Dual_D standalone training
2026-08-27 17:30:16 | Run directory: runs/module_c_ablation_60_v5/module_c_20260827_121947/module_c_no_module_c_逆光_20260827_171620
2026-08-27 17:30:16 | Device: cuda
2026-08-27 17:30:16 | Source train samples: 992
2026-08-27 17:30:16 | Target train samples: 132
2026-08-27 17:30:16 | Target val samples: 37
2026-08-27 17:30:16 | Classes: 14
2026-08-27 17:30:16 | Data audit: same_dir=False | path_overlap(vis/ir/ais)=0/0/0 | content_overlap(vis/ir/ais)=0/0/0 | ais_index_overlap=0 | stem_mismatch(vis-ir/vis-ais)=157/0
2026-08-27 17:30:16 | source_train classes: present 14/14 | absent 0 | counts [0:120, 1:44, 2:69, 3:45, 4:40, 5:30, 6:64, 7:80, 8:116, 9:68, 10:57, 11:83, 12:48, 13:128]
2026-08-27 17:30:16 | target_train classes: present 9/14 | absent 5 | counts [0:20, 2:12, 4:12, 5:2, 9:16, 10:16, 11:29, 12:4, 13:21]
2026-08-27 17:30:16 | target_val classes: present 9/14 | absent 5 | counts [0:6, 2:3, 4:4, 5:1, 9:4, 10:4, 11:8, 12:1, 13:6]
2026-08-27 17:30:16 | Paired training classes: 9/14 | class ids [0, 2, 4, 5, 9, 10, 11, 12, 13]
2026-08-27 17:30:16 | Runtime profile: batch=92 | paired_steps=3 | workers=16 | train_eval_every=5 | raw_eval_every=5 | early_stop=15 after min_epoch=25
2026-08-27 17:30:16 | VIS/IR pairing: class-level-unpaired | count-mismatch classes train/val: 10/1 | AIS alignment: none | AIS rows train/val: 0/0
2026-08-27 17:30:17 | Model parameters: total=17277714 | trainable=17120210
2026-08-27 17:30:22 | Epoch 001/060 | loss 5.7760 | cls 5.8030 | tal -0.0900 | dual_g 0.0000 | dual_d 0.0000 | train_acc 0.0580 | train_full 0.0152 | val_acc 0.0000 | val_f1 0.0000 | adv/moduleC 0.00/0.00 | disc_steps 0 | grad(main/disc) 15.858/0.000 | lr(main/disc) 7.00e-05/3.50e-05 | cuda_peak(alloc/resv) 21.77/28.18GB | phase(train/val/raw/train_eval) 3.5/0.5/0.5/0.8s | 5.3s
2026-08-27 17:30:25 | New best val_f1_macro_present: 0.0000 at epoch 1
2026-08-27 17:30:29 | Epoch 002/060 | loss 4.9516 | cls 5.0073 | tal -0.1858 | dual_g 0.0000 | dual_d 0.0000 | train_acc 0.1196 | train_full n/a | val_acc 0.0541 | val_f1 0.0404 | adv/moduleC 0.00/0.00 | disc_steps 0 | grad(main/disc) 14.084/0.000 | lr(main/disc) 7.00e-05/3.50e-05 | cuda_peak(alloc/resv) 21.77/28.18GB | phase(train/val/raw/train_eval) 2.8/0.5/0.5/0.0s | 3.8s
2026-08-27 17:30:31 | New best val_f1_macro_present: 0.0404 at epoch 2
2026-08-27 17:30:35 | Epoch 003/060 | loss 4.4272 | cls 4.4842 | tal -0.1900 | dual_g 0.0000 | dual_d 0.0000 | train_acc 0.2210 | train_full n/a | val_acc 0.1081 | val_f1 0.0620 | adv/moduleC 0.00/0.00 | disc_steps 0 | grad(main/disc) 12.128/0.000 | lr(main/disc) 7.00e-05/3.50e-05 | cuda_peak(alloc/resv) 21.77/28.18GB | phase(train/val/raw/train_eval) 2.8/0.5/0.5/0.0s | 3.8s
2026-08-27 17:30:38 | New best val_f1_macro_present: 0.0620 at epoch 3
2026-08-27 17:30:42 | Epoch 004/060 | loss 4.2164 | cls 4.2556 | tal -0.1308 | dual_g 0.0000 | dual_d 0.0000 | train_acc 0.2971 | train_full n/a | val_acc 0.1892 | val_f1 0.1207 | adv/moduleC 0.00/0.00 | disc_steps 0 | grad(main/disc) 11.062/0.000 | lr(main/disc) 7.00e-05/3.50e-05 | cuda_peak(alloc/resv) 21.77/28.18GB | phase(train/val/raw/train_eval) 3.0/0.5/0.5/0.0s | 4.1s
2026-08-27 17:30:45 | New best val_f1_macro_present: 0.1207 at epoch 4
2026-08-27 17:30:49 | Epoch 005/060 | loss 3.8642 | cls 3.9002 | tal -0.1201 | dual_g 0.0000 | dual_d 0.0000 | train_acc 0.3116 | train_full 0.2348 | val_acc 0.1892 | val_f1 0.1222 | adv/moduleC 0.00/0.00 | disc_steps 0 | grad(main/disc) 10.843/0.000 | lr(main/disc) 7.00e-05/3.50e-05 | cuda_peak(alloc/resv) 21.77/28.18GB | phase(train/val/raw/train_eval) 2.7/0.5/0.5/0.8s | 4.6s
2026-08-27 17:30:52 | New best val_f1_macro_present: 0.1222 at epoch 5
2026-08-27 17:30:56 | Epoch 006/060 | loss 3.5839 | cls 3.6069 | tal -0.0928 | dual_g 0.0047 | dual_d 0.8279 | train_acc 0.3913 | train_full n/a | val_acc 0.3784 | val_f1 0.3414 | adv/moduleC 0.05/0.10 | disc_steps 1 | grad(main/disc) 9.632/1.590 | lr(main/disc) 7.00e-05/3.50e-05 | cuda_peak(alloc/resv) 21.77/28.18GB | phase(train/val/raw/train_eval) 3.1/0.5/0.6/0.0s | 4.2s
2026-08-27 17:30:59 | New best val_f1_macro_present: 0.3414 at epoch 6
2026-08-27 17:31:03 | Epoch 007/060 | loss 3.4218 | cls 3.4611 | tal -0.1612 | dual_g 0.0091 | dual_d 0.8612 | train_acc 0.3188 | train_full n/a | val_acc 0.4595 | val_f1 0.4233 | adv/moduleC 0.10/0.20 | disc_steps 1 | grad(main/disc) 9.806/1.745 | lr(main/disc) 7.00e-05/3.50e-05 | cuda_peak(alloc/resv) 21.77/28.18GB | phase(train/val/raw/train_eval) 2.9/0.5/0.6/0.0s | 4.0s
2026-08-27 17:31:06 | New best val_f1_macro_present: 0.4233 at epoch 7
2026-08-27 17:31:10 | Epoch 008/060 | loss 3.2616 | cls 3.3107 | tal -0.2069 | dual_g 0.0130 | dual_d 0.8349 | train_acc 0.4058 | train_full n/a | val_acc 0.4595 | val_f1 0.4722 | adv/moduleC 0.15/0.30 | disc_steps 1 | grad(main/disc) 9.393/1.656 | lr(main/disc) 7.00e-05/3.50e-05 | cuda_peak(alloc/resv) 21.77/28.18GB | phase(train/val/raw/train_eval) 3.3/0.5/0.6/0.0s | 4.4s
2026-08-27 17:31:13 | New best val_f1_macro_present: 0.4722 at epoch 8
2026-08-27 17:31:17 | Epoch 009/060 | loss 3.1300 | cls 3.1707 | tal -0.1898 | dual_g 0.0162 | dual_d 0.8569 | train_acc 0.4529 | train_full n/a | val_acc 0.5676 | val_f1 0.5667 | adv/moduleC 0.20/0.40 | disc_steps 1 | grad(main/disc) 9.705/1.620 | lr(main/disc) 7.00e-05/3.50e-05 | cuda_peak(alloc/resv) 21.77/28.18GB | phase(train/val/raw/train_eval) 2.8/0.5/0.6/0.0s | 3.9s
2026-08-27 17:31:20 | New best val_f1_macro_present: 0.5667 at epoch 9
2026-08-27 17:31:25 | Epoch 010/060 | loss 2.7874 | cls 2.8388 | tal -0.2411 | dual_g 0.0209 | dual_d 0.8258 | train_acc 0.5181 | train_full 0.6439 | val_acc 0.5676 | val_f1 0.5557 | adv/moduleC 0.25/0.50 | disc_steps 1 | grad(main/disc) 8.575/1.594 | lr(main/disc) 7.00e-05/3.50e-05 | cuda_peak(alloc/resv) 21.77/28.18GB | phase(train/val/raw/train_eval) 3.1/0.5/0.5/0.8s | 5.0s
2026-08-27 17:31:29 | Epoch 011/060 | loss 2.6841 | cls 2.7199 | tal -0.1945 | dual_g 0.0225 | dual_d 0.8579 | train_acc 0.5543 | train_full n/a | val_acc 0.6486 | val_f1 0.7146 | adv/moduleC 0.30/0.60 | disc_steps 1 | grad(main/disc) 8.378/1.639 | lr(main/disc) 7.00e-05/3.50e-05 | cuda_peak(alloc/resv) 21.77/28.18GB | phase(train/val/raw/train_eval) 3.2/0.6/0.6/0.0s | 4.3s
2026-08-27 17:31:32 | New best val_f1_macro_present: 0.7146 at epoch 11
2026-08-27 17:31:36 | Epoch 012/060 | loss 2.6001 | cls 2.6274 | tal -0.1754 | dual_g 0.0253 | dual_d 0.8953 | train_acc 0.5688 | train_full n/a | val_acc 0.7838 | val_f1 0.8135 | adv/moduleC 0.35/0.70 | disc_steps 1 | grad(main/disc) 7.983/1.647 | lr(main/disc) 7.00e-05/3.50e-05 | cuda_peak(alloc/resv) 21.77/28.18GB | phase(train/val/raw/train_eval) 2.7/0.5/0.6/0.0s | 3.8s
2026-08-27 17:31:39 | New best val_f1_macro_present: 0.8135 at epoch 12
2026-08-27 17:31:42 | Epoch 013/060 | loss 2.5197 | cls 2.5507 | tal -0.1926 | dual_g 0.0267 | dual_d 0.8231 | train_acc 0.6123 | train_full n/a | val_acc 0.7568 | val_f1 0.7919 | adv/moduleC 0.40/0.80 | disc_steps 1 | grad(main/disc) 7.962/1.550 | lr(main/disc) 7.00e-05/3.50e-05 | cuda_peak(alloc/resv) 21.77/28.18GB | phase(train/val/raw/train_eval) 2.9/0.5/0.0/0.0s | 3.5s
2026-08-27 17:31:46 | Epoch 014/060 | loss 2.4781 | cls 2.5043 | tal -0.1853 | dual_g 0.0294 | dual_d 0.9072 | train_acc 0.6123 | train_full n/a | val_acc 0.7838 | val_f1 0.8135 | adv/moduleC 0.45/0.90 | disc_steps 1 | grad(main/disc) 8.301/1.549 | lr(main/disc) 7.00e-05/3.50e-05 | cuda_peak(alloc/resv) 21.77/28.18GB | phase(train/val/raw/train_eval) 3.0/0.6/0.0/0.0s | 3.6s
2026-08-27 17:31:51 | Epoch 015/060 | loss 2.3857 | cls 2.3915 | tal -0.1268 | dual_g 0.0322 | dual_d 0.9170 | train_acc 0.6268 | train_full 0.8788 | val_acc 0.7838 | val_f1 0.8135 | adv/moduleC 0.50/1.00 | disc_steps 1 | grad(main/disc) 7.835/1.641 | lr(main/disc) 7.00e-05/3.50e-05 | cuda_peak(alloc/resv) 21.77/28.18GB | phase(train/val/raw/train_eval) 3.1/0.6/0.6/0.8s | 5.0s
2026-08-27 17:31:55 | Epoch 016/060 | loss 2.4002 | cls 2.3917 | tal -0.0805 | dual_g 0.0326 | dual_d 0.9115 | train_acc 0.6268 | train_full n/a | val_acc 0.8378 | val_f1 0.8629 | adv/moduleC 0.55/1.00 | disc_steps 1 | grad(main/disc) 8.246/1.580 | lr(main/disc) 7.00e-05/3.50e-05 | cuda_peak(alloc/resv) 21.77/28.18GB | phase(train/val/raw/train_eval) 3.1/0.6/0.6/0.0s | 4.2s
2026-08-27 17:31:58 | New best val_f1_macro_present: 0.8629 at epoch 16
2026-08-27 17:32:01 | Epoch 017/060 | loss 2.3160 | cls 2.3070 | tal -0.0824 | dual_g 0.0337 | dual_d 0.9054 | train_acc 0.7428 | train_full n/a | val_acc 0.8378 | val_f1 0.8613 | adv/moduleC 0.60/1.00 | disc_steps 1 | grad(main/disc) 8.250/1.587 | lr(main/disc) 7.00e-05/3.50e-05 | cuda_peak(alloc/resv) 21.77/28.18GB | phase(train/val/raw/train_eval) 3.2/0.6/0.0/0.0s | 3.8s
2026-08-27 17:32:05 | Epoch 018/060 | loss 2.2625 | cls 2.2697 | tal -0.1324 | dual_g 0.0326 | dual_d 0.9916 | train_acc 0.6957 | train_full n/a | val_acc 0.8649 | val_f1 0.8867 | adv/moduleC 0.65/1.00 | disc_steps 1 | grad(main/disc) 8.123/1.687 | lr(main/disc) 7.00e-05/3.50e-05 | cuda_peak(alloc/resv) 21.77/28.18GB | phase(train/val/raw/train_eval) 2.8/0.6/0.6/0.0s | 3.9s
2026-08-27 17:32:08 | New best val_f1_macro_present: 0.8867 at epoch 18
2026-08-27 17:32:12 | Epoch 019/060 | loss 2.1878 | cls 2.1805 | tal -0.0916 | dual_g 0.0348 | dual_d 0.9370 | train_acc 0.7065 | train_full n/a | val_acc 0.8649 | val_f1 0.8874 | adv/moduleC 0.70/1.00 | disc_steps 1 | grad(main/disc) 8.415/1.626 | lr(main/disc) 7.00e-05/3.50e-05 | cuda_peak(alloc/resv) 21.77/28.18GB | phase(train/val/raw/train_eval) 2.8/0.6/0.0/0.0s | 3.4s
2026-08-27 17:32:17 | Epoch 020/060 | loss 2.0721 | cls 2.0645 | tal -0.0847 | dual_g 0.0330 | dual_d 1.0093 | train_acc 0.7572 | train_full 0.9167 | val_acc 0.8649 | val_f1 0.8821 | adv/moduleC 0.75/1.00 | disc_steps 1 | grad(main/disc) 7.441/1.740 | lr(main/disc) 7.00e-05/3.50e-05 | cuda_peak(alloc/resv) 21.77/28.18GB | phase(train/val/raw/train_eval) 3.4/0.6/0.6/0.8s | 5.4s
2026-08-27 17:32:21 | Epoch 021/060 | loss 2.1097 | cls 2.0844 | tal -0.0294 | dual_g 0.0340 | dual_d 1.0529 | train_acc 0.7174 | train_full n/a | val_acc 0.8378 | val_f1 0.8696 | adv/moduleC 0.80/1.00 | disc_steps 1 | grad(main/disc) 7.444/1.674 | lr(main/disc) 7.00e-05/3.50e-05 | cuda_peak(alloc/resv) 21.77/28.18GB | phase(train/val/raw/train_eval) 3.1/0.6/0.0/0.0s | 3.7s
2026-08-27 17:32:25 | Epoch 022/060 | loss 1.9947 | cls 1.9735 | tal -0.0560 | dual_g 0.0380 | dual_d 1.0669 | train_acc 0.7935 | train_full n/a | val_acc 0.8919 | val_f1 0.9118 | adv/moduleC 0.85/1.00 | disc_steps 1 | grad(main/disc) 7.043/1.701 | lr(main/disc) 7.00e-05/3.50e-05 | cuda_peak(alloc/resv) 21.77/28.18GB | phase(train/val/raw/train_eval) 2.9/0.6/0.6/0.0s | 4.0s
2026-08-27 17:32:27 | New best val_f1_macro_present: 0.9118 at epoch 22
2026-08-27 17:32:31 | Epoch 023/060 | loss 1.9389 | cls 1.9132 | tal -0.0376 | dual_g 0.0370 | dual_d 1.1046 | train_acc 0.7826 | train_full n/a | val_acc 0.8919 | val_f1 0.9118 | adv/moduleC 0.90/1.00 | disc_steps 1 | grad(main/disc) 6.796/1.813 | lr(main/disc) 7.00e-05/3.50e-05 | cuda_peak(alloc/resv) 21.77/28.18GB | phase(train/val/raw/train_eval) 2.9/0.6/0.0/0.0s | 3.5s
2026-08-27 17:32:34 | Epoch 024/060 | loss 1.8160 | cls 1.8059 | tal -0.0873 | dual_g 0.0363 | dual_d 1.0682 | train_acc 0.8080 | train_full n/a | val_acc 0.8919 | val_f1 0.9118 | adv/moduleC 0.95/1.00 | disc_steps 1 | grad(main/disc) 6.436/1.719 | lr(main/disc) 7.00e-05/3.50e-05 | cuda_peak(alloc/resv) 21.77/28.18GB | phase(train/val/raw/train_eval) 2.9/0.6/0.0/0.0s | 3.4s
2026-08-27 17:32:39 | Epoch 025/060 | loss 1.7764 | cls 1.7552 | tal -0.0463 | dual_g 0.0351 | dual_d 1.1478 | train_acc 0.8696 | train_full 0.9848 | val_acc 0.8919 | val_f1 0.9118 | adv/moduleC 1.00/1.00 | disc_steps 1 | grad(main/disc) 6.355/1.781 | lr(main/disc) 7.00e-05/3.50e-05 | cuda_peak(alloc/resv) 21.77/28.18GB | phase(train/val/raw/train_eval) 3.0/0.6/0.6/0.8s | 5.0s
2026-08-27 17:32:43 | Epoch 026/060 | loss 1.7314 | cls 1.7273 | tal -0.1084 | dual_g 0.0366 | dual_d 1.0999 | train_acc 0.8732 | train_full n/a | val_acc 0.9189 | val_f1 0.9335 | adv/moduleC 1.00/1.00 | disc_steps 1 | grad(main/disc) 6.575/1.722 | lr(main/disc) 7.00e-05/3.50e-05 | cuda_peak(alloc/resv) 21.77/28.18GB | phase(train/val/raw/train_eval) 2.8/0.6/0.6/0.0s | 3.9s
2026-08-27 17:32:46 | New best val_f1_macro_present: 0.9335 at epoch 26
2026-08-27 17:32:50 | Epoch 027/060 | loss 1.7168 | cls 1.7102 | tal -0.0910 | dual_g 0.0339 | dual_d 1.1668 | train_acc 0.8732 | train_full n/a | val_acc 0.9189 | val_f1 0.9335 | adv/moduleC 1.00/1.00 | disc_steps 1 | grad(main/disc) 6.158/1.757 | lr(main/disc) 7.00e-05/3.50e-05 | cuda_peak(alloc/resv) 21.77/28.18GB | phase(train/val/raw/train_eval) 3.3/0.6/0.0/0.0s | 3.9s
2026-08-27 17:32:54 | Epoch 028/060 | loss 1.6578 | cls 1.6459 | tal -0.0678 | dual_g 0.0322 | dual_d 1.2317 | train_acc 0.9130 | train_full n/a | val_acc 0.9459 | val_f1 0.9578 | adv/moduleC 1.00/1.00 | disc_steps 1 | grad(main/disc) 7.662/1.845 | lr(main/disc) 7.00e-05/3.50e-05 | cuda_peak(alloc/resv) 21.77/28.18GB | phase(train/val/raw/train_eval) 2.9/0.6/0.6/0.0s | 4.1s
2026-08-27 17:32:57 | New best val_f1_macro_present: 0.9578 at epoch 28
2026-08-27 17:33:00 | Epoch 029/060 | loss 1.6463 | cls 1.6275 | tal -0.0508 | dual_g 0.0341 | dual_d 1.2226 | train_acc 0.9058 | train_full n/a | val_acc 0.9189 | val_f1 0.9358 | adv/moduleC 1.00/1.00 | disc_steps 1 | grad(main/disc) 6.041/1.877 | lr(main/disc) 7.00e-05/3.50e-05 | cuda_peak(alloc/resv) 21.77/28.18GB | phase(train/val/raw/train_eval) 2.8/0.6/0.0/0.0s | 3.4s
2026-08-27 17:33:05 | Epoch 030/060 | loss 1.6458 | cls 1.6451 | tal -0.0989 | dual_g 0.0304 | dual_d 1.1267 | train_acc 0.9130 | train_full 0.9621 | val_acc 0.9730 | val_f1 0.9776 | adv/moduleC 1.00/1.00 | disc_steps 1 | grad(main/disc) 7.130/1.732 | lr(main/disc) 7.00e-05/3.50e-05 | cuda_peak(alloc/resv) 21.77/28.18GB | phase(train/val/raw/train_eval) 2.9/0.6/0.6/0.8s | 4.8s
2026-08-27 17:33:08 | New best val_f1_macro_present: 0.9776 at epoch 30
2026-08-27 17:33:11 | Epoch 031/060 | loss 1.7017 | cls 1.6895 | tal -0.0544 | dual_g 0.0285 | dual_d 1.2945 | train_acc 0.9058 | train_full n/a | val_acc 0.9730 | val_f1 0.9776 | adv/moduleC 1.00/1.00 | disc_steps 1 | grad(main/disc) 7.320/1.884 | lr(main/disc) 7.00e-05/3.50e-05 | cuda_peak(alloc/resv) 21.77/28.18GB | phase(train/val/raw/train_eval) 2.9/0.6/0.0/0.0s | 3.5s
2026-08-27 17:33:15 | Epoch 032/060 | loss 1.6767 | cls 1.6587 | tal -0.0321 | dual_g 0.0277 | dual_d 1.2115 | train_acc 0.9022 | train_full n/a | val_acc 0.9459 | val_f1 0.9578 | adv/moduleC 1.00/1.00 | disc_steps 1 | grad(main/disc) 6.952/1.796 | lr(main/disc) 7.00e-05/3.50e-05 | cuda_peak(alloc/resv) 21.77/28.18GB | phase(train/val/raw/train_eval) 3.4/0.6/0.0/0.0s | 4.0s
2026-08-27 17:33:19 | Epoch 033/060 | loss 1.6197 | cls 1.6104 | tal -0.0642 | dual_g 0.0286 | dual_d 1.2895 | train_acc 0.9022 | train_full n/a | val_acc 0.9459 | val_f1 0.9578 | adv/moduleC 1.00/1.00 | disc_steps 1 | grad(main/disc) 5.348/1.829 | lr(main/disc) 7.00e-05/3.50e-05 | cuda_peak(alloc/resv) 21.77/28.18GB | phase(train/val/raw/train_eval) 3.2/0.6/0.0/0.0s | 3.8s
2026-08-27 17:33:23 | Epoch 034/060 | loss 1.5518 | cls 1.5632 | tal -0.1262 | dual_g 0.0265 | dual_d 1.1387 | train_acc 0.9239 | train_full n/a | val_acc 0.9459 | val_f1 0.9578 | adv/moduleC 1.00/1.00 | disc_steps 1 | grad(main/disc) 4.822/1.728 | lr(main/disc) 7.00e-05/3.50e-05 | cuda_peak(alloc/resv) 21.77/28.18GB | phase(train/val/raw/train_eval) 2.9/0.6/0.0/0.0s | 3.4s
2026-08-27 17:33:28 | Epoch 035/060 | loss 1.5489 | cls 1.5562 | tal -0.1124 | dual_g 0.0264 | dual_d 1.2862 | train_acc 0.9239 | train_full 0.9848 | val_acc 0.9459 | val_f1 0.9578 | adv/moduleC 1.00/1.00 | disc_steps 1 | grad(main/disc) 6.147/1.837 | lr(main/disc) 7.00e-05/3.50e-05 | cuda_peak(alloc/resv) 21.77/28.18GB | phase(train/val/raw/train_eval) 3.2/0.6/0.6/0.8s | 5.2s
2026-08-27 17:33:31 | Epoch 036/060 | loss 1.5538 | cls 1.5560 | tal -0.0884 | dual_g 0.0244 | dual_d 1.3108 | train_acc 0.9275 | train_full n/a | val_acc 0.9730 | val_f1 0.9776 | adv/moduleC 1.00/1.00 | disc_steps 1 | grad(main/disc) 5.522/1.881 | lr(main/disc) 7.00e-05/3.50e-05 | cuda_peak(alloc/resv) 21.77/28.18GB | phase(train/val/raw/train_eval) 2.7/0.6/0.0/0.0s | 3.2s
2026-08-27 17:33:34 | Epoch 037/060 | loss 1.5282 | cls 1.5371 | tal -0.1116 | dual_g 0.0245 | dual_d 1.2283 | train_acc 0.9529 | train_full n/a | val_acc 0.9459 | val_f1 0.9578 | adv/moduleC 1.00/1.00 | disc_steps 1 | grad(main/disc) 5.800/1.748 | lr(main/disc) 3.50e-05/1.75e-05 | cuda_peak(alloc/resv) 21.77/28.18GB | phase(train/val/raw/train_eval) 2.5/0.6/0.0/0.0s | 3.1s
2026-08-27 17:33:37 | Epoch 038/060 | loss 1.4871 | cls 1.5075 | tal -0.1482 | dual_g 0.0241 | dual_d 1.3104 | train_acc 0.9493 | train_full n/a | val_acc 0.9730 | val_f1 0.9776 | adv/moduleC 1.00/1.00 | disc_steps 1 | grad(main/disc) 5.286/1.865 | lr(main/disc) 3.50e-05/1.75e-05 | cuda_peak(alloc/resv) 21.77/28.18GB | phase(train/val/raw/train_eval) 2.6/0.6/0.0/0.0s | 3.1s
2026-08-27 17:33:41 | Epoch 039/060 | loss 1.4904 | cls 1.5275 | tal -0.2063 | dual_g 0.0247 | dual_d 1.2865 | train_acc 0.9457 | train_full n/a | val_acc 0.9730 | val_f1 0.9776 | adv/moduleC 1.00/1.00 | disc_steps 1 | grad(main/disc) 5.225/1.802 | lr(main/disc) 3.50e-05/1.75e-05 | cuda_peak(alloc/resv) 21.77/28.18GB | phase(train/val/raw/train_eval) 2.9/0.6/0.0/0.0s | 3.4s
2026-08-27 17:33:46 | Epoch 040/060 | loss 1.4441 | cls 1.4847 | tal -0.2119 | dual_g 0.0230 | dual_d 1.2992 | train_acc 0.9493 | train_full 0.9924 | val_acc 0.9730 | val_f1 0.9776 | adv/moduleC 1.00/1.00 | disc_steps 1 | grad(main/disc) 4.794/1.766 | lr(main/disc) 3.50e-05/1.75e-05 | cuda_peak(alloc/resv) 21.77/28.18GB | phase(train/val/raw/train_eval) 3.1/0.6/0.6/0.8s | 5.1s
2026-08-27 17:33:49 | Epoch 041/060 | loss 1.4441 | cls 1.4929 | tal -0.2394 | dual_g 0.0230 | dual_d 1.2138 | train_acc 0.9312 | train_full n/a | val_acc 0.9730 | val_f1 0.9776 | adv/moduleC 1.00/1.00 | disc_steps 1 | grad(main/disc) 5.358/1.732 | lr(main/disc) 3.50e-05/1.75e-05 | cuda_peak(alloc/resv) 21.77/28.18GB | phase(train/val/raw/train_eval) 2.7/0.6/0.0/0.0s | 3.3s
2026-08-27 17:33:52 | Epoch 042/060 | loss 1.4126 | cls 1.4626 | tal -0.2406 | dual_g 0.0222 | dual_d 1.2365 | train_acc 0.9565 | train_full n/a | val_acc 0.9730 | val_f1 0.9776 | adv/moduleC 1.00/1.00 | disc_steps 1 | grad(main/disc) 4.935/1.779 | lr(main/disc) 3.50e-05/1.75e-05 | cuda_peak(alloc/resv) 21.77/28.18GB | phase(train/val/raw/train_eval) 2.6/0.6/0.0/0.0s | 3.2s
2026-08-27 17:33:56 | Epoch 043/060 | loss 1.4399 | cls 1.4907 | tal -0.2455 | dual_g 0.0228 | dual_d 1.2721 | train_acc 0.9529 | train_full n/a | val_acc 0.9459 | val_f1 0.9578 | adv/moduleC 1.00/1.00 | disc_steps 1 | grad(main/disc) 4.876/1.739 | lr(main/disc) 3.50e-05/1.75e-05 | cuda_peak(alloc/resv) 21.77/28.18GB | phase(train/val/raw/train_eval) 2.9/0.6/0.0/0.0s | 3.5s
2026-08-27 17:34:00 | Epoch 044/060 | loss 1.4455 | cls 1.4974 | tal -0.2465 | dual_g 0.0220 | dual_d 1.2186 | train_acc 0.9710 | train_full n/a | val_acc 0.9730 | val_f1 0.9802 | adv/moduleC 1.00/1.00 | disc_steps 1 | grad(main/disc) 5.819/1.762 | lr(main/disc) 3.50e-05/1.75e-05 | cuda_peak(alloc/resv) 21.77/28.18GB | phase(train/val/raw/train_eval) 2.7/0.6/0.6/0.0s | 4.0s
2026-08-27 17:34:02 | New best val_f1_macro_present: 0.9802 at epoch 44
2026-08-27 17:34:08 | Epoch 045/060 | loss 1.3921 | cls 1.4307 | tal -0.2044 | dual_g 0.0227 | dual_d 1.2784 | train_acc 0.9638 | train_full 0.9924 | val_acc 0.9459 | val_f1 0.9578 | adv/moduleC 1.00/1.00 | disc_steps 1 | grad(main/disc) 4.423/1.737 | lr(main/disc) 3.50e-05/1.75e-05 | cuda_peak(alloc/resv) 21.77/28.18GB | phase(train/val/raw/train_eval) 3.2/0.6/0.6/0.8s | 5.1s
2026-08-27 17:34:11 | Epoch 046/060 | loss 1.4250 | cls 1.4610 | tal -0.1960 | dual_g 0.0228 | dual_d 1.3278 | train_acc 0.9638 | train_full n/a | val_acc 0.9459 | val_f1 0.9578 | adv/moduleC 1.00/1.00 | disc_steps 1 | grad(main/disc) 4.440/1.848 | lr(main/disc) 3.50e-05/1.75e-05 | cuda_peak(alloc/resv) 21.77/28.18GB | phase(train/val/raw/train_eval) 3.1/0.6/0.0/0.0s | 3.7s
2026-08-27 17:34:15 | Epoch 047/060 | loss 1.3878 | cls 1.4321 | tal -0.2211 | dual_g 0.0221 | dual_d 1.3764 | train_acc 0.9638 | train_full n/a | val_acc 0.9730 | val_f1 0.9776 | adv/moduleC 1.00/1.00 | disc_steps 1 | grad(main/disc) 4.382/1.862 | lr(main/disc) 3.50e-05/1.75e-05 | cuda_peak(alloc/resv) 21.77/28.18GB | phase(train/val/raw/train_eval) 2.7/0.6/0.0/0.0s | 3.3s
2026-08-27 17:34:18 | Epoch 048/060 | loss 1.4077 | cls 1.4463 | tal -0.2016 | dual_g 0.0219 | dual_d 1.3373 | train_acc 0.9638 | train_full n/a | val_acc 0.9730 | val_f1 0.9776 | adv/moduleC 1.00/1.00 | disc_steps 1 | grad(main/disc) 5.052/1.847 | lr(main/disc) 3.50e-05/1.75e-05 | cuda_peak(alloc/resv) 21.77/28.18GB | phase(train/val/raw/train_eval) 3.1/0.6/0.0/0.0s | 3.6s
2026-08-27 17:34:21 | Epoch 049/060 | loss 1.3921 | cls 1.4240 | tal -0.1790 | dual_g 0.0218 | dual_d 1.3084 | train_acc 0.9674 | train_full n/a | val_acc 0.9730 | val_f1 0.9776 | adv/moduleC 1.00/1.00 | disc_steps 1 | grad(main/disc) 4.078/1.748 | lr(main/disc) 3.50e-05/1.75e-05 | cuda_peak(alloc/resv) 21.77/28.18GB | phase(train/val/raw/train_eval) 2.6/0.6/0.0/0.0s | 3.2s
2026-08-27 17:34:26 | Epoch 050/060 | loss 1.3591 | cls 1.3934 | tal -0.1841 | dual_g 0.0209 | dual_d 1.3165 | train_acc 0.9783 | train_full 0.9924 | val_acc 0.9730 | val_f1 0.9776 | adv/moduleC 1.00/1.00 | disc_steps 1 | grad(main/disc) 3.703/1.728 | lr(main/disc) 3.50e-05/1.75e-05 | cuda_peak(alloc/resv) 21.77/28.18GB | phase(train/val/raw/train_eval) 2.6/0.6/0.6/0.8s | 4.6s
2026-08-27 17:34:29 | Epoch 051/060 | loss 1.3865 | cls 1.4244 | tal -0.1931 | dual_g 0.0200 | dual_d 1.3435 | train_acc 0.9891 | train_full n/a | val_acc 0.9730 | val_f1 0.9776 | adv/moduleC 1.00/1.00 | disc_steps 1 | grad(main/disc) 4.400/1.801 | lr(main/disc) 1.75e-05/8.75e-06 | cuda_peak(alloc/resv) 21.77/28.18GB | phase(train/val/raw/train_eval) 2.7/0.6/0.0/0.0s | 3.3s
2026-08-27 17:34:33 | Epoch 052/060 | loss 1.3893 | cls 1.4207 | tal -0.1826 | dual_g 0.0234 | dual_d 1.3633 | train_acc 0.9783 | train_full n/a | val_acc 0.9730 | val_f1 0.9776 | adv/moduleC 1.00/1.00 | disc_steps 1 | grad(main/disc) 4.724/1.866 | lr(main/disc) 1.75e-05/8.75e-06 | cuda_peak(alloc/resv) 21.77/28.18GB | phase(train/val/raw/train_eval) 3.4/0.6/0.0/0.0s | 3.9s
2026-08-27 17:34:36 | Epoch 053/060 | loss 1.3328 | cls 1.3752 | tal -0.2140 | dual_g 0.0218 | dual_d 1.3321 | train_acc 0.9891 | train_full n/a | val_acc 0.9730 | val_f1 0.9776 | adv/moduleC 1.00/1.00 | disc_steps 1 | grad(main/disc) 3.580/1.792 | lr(main/disc) 1.75e-05/8.75e-06 | cuda_peak(alloc/resv) 21.77/28.18GB | phase(train/val/raw/train_eval) 2.6/0.6/0.0/0.0s | 3.2s
2026-08-27 17:34:40 | Epoch 054/060 | loss 1.3538 | cls 1.4130 | tal -0.2699 | dual_g 0.0218 | dual_d 1.3528 | train_acc 0.9710 | train_full n/a | val_acc 0.9730 | val_f1 0.9776 | adv/moduleC 1.00/1.00 | disc_steps 1 | grad(main/disc) 4.076/1.841 | lr(main/disc) 1.75e-05/8.75e-06 | cuda_peak(alloc/resv) 21.77/28.18GB | phase(train/val/raw/train_eval) 2.9/0.6/0.0/0.0s | 3.5s
2026-08-27 17:34:45 | Epoch 055/060 | loss 1.3377 | cls 1.3860 | tal -0.2333 | dual_g 0.0217 | dual_d 1.3767 | train_acc 0.9746 | train_full 0.9924 | val_acc 0.9730 | val_f1 0.9776 | adv/moduleC 1.00/1.00 | disc_steps 1 | grad(main/disc) 4.091/1.793 | lr(main/disc) 1.75e-05/8.75e-06 | cuda_peak(alloc/resv) 21.77/28.18GB | phase(train/val/raw/train_eval) 3.0/0.5/0.6/0.8s | 5.0s
2026-08-27 17:34:48 | Epoch 056/060 | loss 1.4035 | cls 1.4442 | tal -0.2082 | dual_g 0.0218 | dual_d 1.3574 | train_acc 0.9601 | train_full n/a | val_acc 0.9730 | val_f1 0.9776 | adv/moduleC 1.00/1.00 | disc_steps 1 | grad(main/disc) 4.608/1.813 | lr(main/disc) 1.75e-05/8.75e-06 | cuda_peak(alloc/resv) 21.77/28.18GB | phase(train/val/raw/train_eval) 2.8/0.6/0.0/0.0s | 3.4s
2026-08-27 17:34:52 | Epoch 057/060 | loss 1.3152 | cls 1.3481 | tal -0.1820 | dual_g 0.0217 | dual_d 1.3185 | train_acc 0.9819 | train_full n/a | val_acc 0.9730 | val_f1 0.9776 | adv/moduleC 1.00/1.00 | disc_steps 1 | grad(main/disc) 3.134/1.782 | lr(main/disc) 1.75e-05/8.75e-06 | cuda_peak(alloc/resv) 21.77/28.18GB | phase(train/val/raw/train_eval) 2.9/0.6/0.0/0.0s | 3.4s
2026-08-27 17:34:56 | Epoch 058/060 | loss 1.3716 | cls 1.4213 | tal -0.2333 | dual_g 0.0204 | dual_d 1.3636 | train_acc 0.9783 | train_full n/a | val_acc 1.0000 | val_f1 1.0000 | adv/moduleC 1.00/1.00 | disc_steps 1 | grad(main/disc) 5.107/1.824 | lr(main/disc) 1.75e-05/8.75e-06 | cuda_peak(alloc/resv) 21.77/28.18GB | phase(train/val/raw/train_eval) 2.7/0.6/0.6/0.0s | 3.9s
2026-08-27 17:34:59 | New best val_f1_macro_present: 1.0000 at epoch 58
2026-08-27 17:35:02 | Epoch 059/060 | loss 1.3474 | cls 1.3779 | tal -0.1717 | dual_g 0.0210 | dual_d 1.2841 | train_acc 0.9710 | train_full n/a | val_acc 1.0000 | val_f1 1.0000 | adv/moduleC 1.00/1.00 | disc_steps 1 | grad(main/disc) 3.559/1.750 | lr(main/disc) 1.75e-05/8.75e-06 | cuda_peak(alloc/resv) 21.77/28.18GB | phase(train/val/raw/train_eval) 2.8/0.6/0.0/0.0s | 3.3s
2026-08-27 17:35:07 | Epoch 060/060 | loss 1.3579 | cls 1.3874 | tal -0.1697 | dual_g 0.0214 | dual_d 1.3226 | train_acc 0.9710 | train_full 0.9924 | val_acc 1.0000 | val_f1 1.0000 | adv/moduleC 1.00/1.00 | disc_steps 1 | grad(main/disc) 4.122/1.795 | lr(main/disc) 1.75e-05/8.75e-06 | cuda_peak(alloc/resv) 21.77/28.18GB | phase(train/val/raw/train_eval) 3.0/0.6/0.6/0.8s | 5.0s
2026-08-27 17:35:07 | Training complete. Best validation accuracy: 1.0000 | best val_f1_macro_present: 1.0000
