2026-08-27 17:38:12 | Starting Dual_D standalone training
2026-08-27 17:38:12 | Run directory: runs/module_c_ablation_60_v5/module_c_20260827_121947/module_c_no_module_c_逆光_20260827_171620
2026-08-27 17:38:12 | Device: cuda
2026-08-27 17:38:12 | Source train samples: 992
2026-08-27 17:38:12 | Target train samples: 132
2026-08-27 17:38:12 | Target val samples: 37
2026-08-27 17:38:12 | Classes: 14
2026-08-27 17:38:12 | Data audit: same_dir=False | path_overlap(vis/ir/ais)=0/0/0 | content_overlap(vis/ir/ais)=0/0/0 | ais_index_overlap=0 | stem_mismatch(vis-ir/vis-ais)=157/0
2026-08-27 17:38:12 | source_train classes: present 14/14 | absent 0 | counts [0:120, 1:44, 2:69, 3:45, 4:40, 5:30, 6:64, 7:80, 8:116, 9:68, 10:57, 11:83, 12:48, 13:128]
2026-08-27 17:38:12 | target_train classes: present 9/14 | absent 5 | counts [0:20, 2:12, 4:12, 5:2, 9:16, 10:16, 11:29, 12:4, 13:21]
2026-08-27 17:38:12 | target_val classes: present 9/14 | absent 5 | counts [0:6, 2:3, 4:4, 5:1, 9:4, 10:4, 11:8, 12:1, 13:6]
2026-08-27 17:38:12 | Paired training classes: 9/14 | class ids [0, 2, 4, 5, 9, 10, 11, 12, 13]
2026-08-27 17:38:12 | Runtime profile: batch=92 | paired_steps=3 | workers=16 | train_eval_every=5 | raw_eval_every=5 | early_stop=15 after min_epoch=25
2026-08-27 17:38:12 | VIS/IR pairing: class-level-unpaired | count-mismatch classes train/val: 10/1 | AIS alignment: none | AIS rows train/val: 0/0
2026-08-27 17:38:13 | Model parameters: total=17277714 | trainable=17120210
2026-08-27 17:38:19 | Epoch 001/060 | loss 5.4834 | cls 5.4788 | tal 0.0151 | dual_g 0.0000 | dual_d 0.0000 | train_acc 0.0833 | train_full 0.1288 | val_acc 0.2162 | val_f1 0.0719 | adv/moduleC 0.00/0.00 | disc_steps 0 | grad(main/disc) 15.110/0.000 | lr(main/disc) 7.00e-05/3.50e-05 | cuda_peak(alloc/resv) 21.77/28.18GB | phase(train/val/raw/train_eval) 3.4/0.6/0.6/0.8s | 5.3s
2026-08-27 17:38:21 | New best val_f1_macro_present: 0.0719 at epoch 1
2026-08-27 17:38:25 | Epoch 002/060 | loss 4.9450 | cls 4.9253 | tal 0.0657 | dual_g 0.0000 | dual_d 0.0000 | train_acc 0.1993 | train_full n/a | val_acc 0.1892 | val_f1 0.0641 | adv/moduleC 0.00/0.00 | disc_steps 0 | grad(main/disc) 13.148/0.000 | lr(main/disc) 7.00e-05/3.50e-05 | cuda_peak(alloc/resv) 21.77/28.18GB | phase(train/val/raw/train_eval) 2.7/0.6/0.0/0.0s | 3.3s
2026-08-27 17:38:28 | Epoch 003/060 | loss 4.3229 | cls 4.3060 | tal 0.0563 | dual_g 0.0000 | dual_d 0.0000 | train_acc 0.2355 | train_full n/a | val_acc 0.2162 | val_f1 0.0727 | adv/moduleC 0.00/0.00 | disc_steps 0 | grad(main/disc) 11.093/0.000 | lr(main/disc) 7.00e-05/3.50e-05 | cuda_peak(alloc/resv) 21.77/28.18GB | phase(train/val/raw/train_eval) 3.0/0.6/0.0/0.0s | 3.5s
2026-08-27 17:38:33 | Epoch 004/060 | loss 3.9026 | cls 3.8846 | tal 0.0602 | dual_g 0.0000 | dual_d 0.0000 | train_acc 0.3261 | train_full n/a | val_acc 0.2432 | val_f1 0.0845 | adv/moduleC 0.00/0.00 | disc_steps 0 | grad(main/disc) 10.322/0.000 | lr(main/disc) 7.00e-05/3.50e-05 | cuda_peak(alloc/resv) 21.77/28.18GB | phase(train/val/raw/train_eval) 3.2/0.6/0.6/0.0s | 4.4s
2026-08-27 17:38:35 | New best val_f1_macro_present: 0.0845 at epoch 4
2026-08-27 17:38:40 | Epoch 005/060 | loss 3.7453 | cls 3.7109 | tal 0.1146 | dual_g 0.0000 | dual_d 0.0000 | train_acc 0.3551 | train_full 0.3106 | val_acc 0.3514 | val_f1 0.2571 | adv/moduleC 0.00/0.00 | disc_steps 0 | grad(main/disc) 9.802/0.000 | lr(main/disc) 7.00e-05/3.50e-05 | cuda_peak(alloc/resv) 21.77/28.18GB | phase(train/val/raw/train_eval) 2.7/0.6/0.6/0.8s | 4.7s
2026-08-27 17:38:43 | New best val_f1_macro_present: 0.2571 at epoch 5
2026-08-27 17:38:47 | Epoch 006/060 | loss 3.5955 | cls 3.5862 | tal 0.0221 | dual_g 0.0027 | dual_d 0.8002 | train_acc 0.3551 | train_full n/a | val_acc 0.4324 | val_f1 0.3983 | adv/moduleC 0.05/0.10 | disc_steps 1 | grad(main/disc) 9.236/1.660 | lr(main/disc) 7.00e-05/3.50e-05 | cuda_peak(alloc/resv) 21.77/28.18GB | phase(train/val/raw/train_eval) 2.8/0.6/0.6/0.0s | 4.0s
2026-08-27 17:38:50 | New best val_f1_macro_present: 0.3983 at epoch 6
2026-08-27 17:38:54 | Epoch 007/060 | loss 3.3409 | cls 3.3260 | tal 0.0325 | dual_g 0.0051 | dual_d 0.7897 | train_acc 0.3659 | train_full n/a | val_acc 0.4865 | val_f1 0.4522 | adv/moduleC 0.10/0.20 | disc_steps 1 | grad(main/disc) 9.025/1.553 | lr(main/disc) 7.00e-05/3.50e-05 | cuda_peak(alloc/resv) 21.77/28.18GB | phase(train/val/raw/train_eval) 2.7/0.6/0.6/0.0s | 3.9s
2026-08-27 17:38:57 | New best val_f1_macro_present: 0.4522 at epoch 7
2026-08-27 17:39:01 | Epoch 008/060 | loss 3.1490 | cls 3.1318 | tal 0.0324 | dual_g 0.0075 | dual_d 0.8034 | train_acc 0.4855 | train_full n/a | val_acc 0.5405 | val_f1 0.5520 | adv/moduleC 0.15/0.30 | disc_steps 1 | grad(main/disc) 8.733/1.624 | lr(main/disc) 7.00e-05/3.50e-05 | cuda_peak(alloc/resv) 21.77/28.18GB | phase(train/val/raw/train_eval) 2.9/0.6/0.6/0.0s | 4.0s
2026-08-27 17:39:04 | New best val_f1_macro_present: 0.5520 at epoch 8
2026-08-27 17:39:08 | Epoch 009/060 | loss 3.0731 | cls 3.0543 | tal 0.0319 | dual_g 0.0092 | dual_d 0.8756 | train_acc 0.5109 | train_full n/a | val_acc 0.6757 | val_f1 0.7506 | adv/moduleC 0.20/0.40 | disc_steps 1 | grad(main/disc) 8.709/1.625 | lr(main/disc) 7.00e-05/3.50e-05 | cuda_peak(alloc/resv) 21.77/28.18GB | phase(train/val/raw/train_eval) 2.8/0.6/0.6/0.0s | 3.9s
2026-08-27 17:39:11 | New best val_f1_macro_present: 0.7506 at epoch 9
2026-08-27 17:39:16 | Epoch 010/060 | loss 2.8955 | cls 2.8702 | tal 0.0469 | dual_g 0.0112 | dual_d 0.8563 | train_acc 0.6014 | train_full 0.7727 | val_acc 0.7838 | val_f1 0.8467 | adv/moduleC 0.25/0.50 | disc_steps 1 | grad(main/disc) 8.153/1.624 | lr(main/disc) 7.00e-05/3.50e-05 | cuda_peak(alloc/resv) 21.77/28.18GB | phase(train/val/raw/train_eval) 3.5/0.6/0.6/0.8s | 5.4s
2026-08-27 17:39:19 | New best val_f1_macro_present: 0.8467 at epoch 10
2026-08-27 17:39:23 | Epoch 011/060 | loss 2.8060 | cls 2.7787 | tal 0.0470 | dual_g 0.0132 | dual_d 0.9327 | train_acc 0.5688 | train_full n/a | val_acc 0.8108 | val_f1 0.8595 | adv/moduleC 0.30/0.60 | disc_steps 1 | grad(main/disc) 7.682/1.692 | lr(main/disc) 7.00e-05/3.50e-05 | cuda_peak(alloc/resv) 21.77/28.18GB | phase(train/val/raw/train_eval) 3.1/0.6/0.6/0.0s | 4.2s
2026-08-27 17:39:26 | New best val_f1_macro_present: 0.8595 at epoch 11
2026-08-27 17:39:30 | Epoch 012/060 | loss 2.6021 | cls 2.5800 | tal 0.0220 | dual_g 0.0155 | dual_d 0.8859 | train_acc 0.6341 | train_full n/a | val_acc 0.8378 | val_f1 0.8638 | adv/moduleC 0.35/0.70 | disc_steps 1 | grad(main/disc) 7.959/1.537 | lr(main/disc) 7.00e-05/3.50e-05 | cuda_peak(alloc/resv) 21.77/28.18GB | phase(train/val/raw/train_eval) 3.1/0.6/0.6/0.0s | 4.2s
2026-08-27 17:39:33 | New best val_f1_macro_present: 0.8638 at epoch 12
2026-08-27 17:39:37 | Epoch 013/060 | loss 2.5340 | cls 2.5144 | tal 0.0103 | dual_g 0.0165 | dual_d 1.0087 | train_acc 0.6123 | train_full n/a | val_acc 0.8649 | val_f1 0.8882 | adv/moduleC 0.40/0.80 | disc_steps 1 | grad(main/disc) 7.563/1.756 | lr(main/disc) 7.00e-05/3.50e-05 | cuda_peak(alloc/resv) 21.77/28.18GB | phase(train/val/raw/train_eval) 3.1/0.6/0.6/0.0s | 4.2s
2026-08-27 17:39:40 | New best val_f1_macro_present: 0.8882 at epoch 13
2026-08-27 17:39:44 | Epoch 014/060 | loss 2.4745 | cls 2.4496 | tal 0.0249 | dual_g 0.0175 | dual_d 0.9554 | train_acc 0.6812 | train_full n/a | val_acc 0.8108 | val_f1 0.8212 | adv/moduleC 0.45/0.90 | disc_steps 1 | grad(main/disc) 7.413/1.678 | lr(main/disc) 7.00e-05/3.50e-05 | cuda_peak(alloc/resv) 21.77/28.18GB | phase(train/val/raw/train_eval) 3.4/0.6/0.0/0.0s | 4.0s
2026-08-27 17:39:49 | Epoch 015/060 | loss 2.3821 | cls 2.3703 | tal -0.0239 | dual_g 0.0189 | dual_d 1.0133 | train_acc 0.6812 | train_full 0.9242 | val_acc 0.9189 | val_f1 0.9334 | adv/moduleC 0.50/1.00 | disc_steps 1 | grad(main/disc) 7.435/1.768 | lr(main/disc) 7.00e-05/3.50e-05 | cuda_peak(alloc/resv) 21.77/28.18GB | phase(train/val/raw/train_eval) 3.1/0.6/0.6/0.8s | 5.0s
2026-08-27 17:39:52 | New best val_f1_macro_present: 0.9334 at epoch 15
2026-08-27 17:39:56 | Epoch 016/060 | loss 2.3381 | cls 2.3280 | tal -0.0306 | dual_g 0.0192 | dual_d 0.9255 | train_acc 0.7065 | train_full n/a | val_acc 0.9459 | val_f1 0.9578 | adv/moduleC 0.55/1.00 | disc_steps 1 | grad(main/disc) 7.919/1.605 | lr(main/disc) 7.00e-05/3.50e-05 | cuda_peak(alloc/resv) 21.77/28.18GB | phase(train/val/raw/train_eval) 3.0/0.6/0.6/0.0s | 4.1s
2026-08-27 17:39:59 | New best val_f1_macro_present: 0.9578 at epoch 16
2026-08-27 17:40:04 | Epoch 017/060 | loss 2.1717 | cls 2.1596 | tal -0.0305 | dual_g 0.0213 | dual_d 1.0180 | train_acc 0.7283 | train_full n/a | val_acc 0.9459 | val_f1 0.9637 | adv/moduleC 0.60/1.00 | disc_steps 1 | grad(main/disc) 7.594/1.684 | lr(main/disc) 7.00e-05/3.50e-05 | cuda_peak(alloc/resv) 21.77/28.18GB | phase(train/val/raw/train_eval) 3.1/0.6/0.6/0.0s | 4.2s
2026-08-27 17:40:06 | New best val_f1_macro_present: 0.9637 at epoch 17
2026-08-27 17:40:10 | Epoch 018/060 | loss 2.1587 | cls 2.1431 | tal -0.0216 | dual_g 0.0221 | dual_d 1.0067 | train_acc 0.7101 | train_full n/a | val_acc 0.9189 | val_f1 0.9261 | adv/moduleC 0.65/1.00 | disc_steps 1 | grad(main/disc) 8.541/1.647 | lr(main/disc) 7.00e-05/3.50e-05 | cuda_peak(alloc/resv) 21.77/28.18GB | phase(train/val/raw/train_eval) 3.0/0.6/0.0/0.0s | 3.6s
2026-08-27 17:40:13 | Epoch 019/060 | loss 2.0526 | cls 2.0470 | tal -0.0573 | dual_g 0.0228 | dual_d 1.0633 | train_acc 0.7754 | train_full n/a | val_acc 0.9459 | val_f1 0.9578 | adv/moduleC 0.70/1.00 | disc_steps 1 | grad(main/disc) 7.277/1.702 | lr(main/disc) 7.00e-05/3.50e-05 | cuda_peak(alloc/resv) 21.77/28.18GB | phase(train/val/raw/train_eval) 2.9/0.6/0.0/0.0s | 3.4s
2026-08-27 17:40:18 | Epoch 020/060 | loss 1.9736 | cls 1.9635 | tal -0.0435 | dual_g 0.0232 | dual_d 1.0646 | train_acc 0.7899 | train_full 0.9697 | val_acc 0.9459 | val_f1 0.9578 | adv/moduleC 0.75/1.00 | disc_steps 1 | grad(main/disc) 7.105/1.674 | lr(main/disc) 7.00e-05/3.50e-05 | cuda_peak(alloc/resv) 21.77/28.18GB | phase(train/val/raw/train_eval) 2.8/0.6/0.6/0.8s | 4.8s
2026-08-27 17:40:22 | Epoch 021/060 | loss 1.9787 | cls 1.9605 | tal -0.0173 | dual_g 0.0234 | dual_d 1.0672 | train_acc 0.8188 | train_full n/a | val_acc 0.9459 | val_f1 0.9616 | adv/moduleC 0.80/1.00 | disc_steps 1 | grad(main/disc) 7.555/1.588 | lr(main/disc) 7.00e-05/3.50e-05 | cuda_peak(alloc/resv) 21.77/28.18GB | phase(train/val/raw/train_eval) 3.3/0.6/0.0/0.0s | 3.8s
2026-08-27 17:40:26 | Epoch 022/060 | loss 1.8681 | cls 1.8592 | tal -0.0486 | dual_g 0.0235 | dual_d 1.0409 | train_acc 0.8116 | train_full n/a | val_acc 0.9189 | val_f1 0.9373 | adv/moduleC 0.85/1.00 | disc_steps 1 | grad(main/disc) 7.567/1.643 | lr(main/disc) 7.00e-05/3.50e-05 | cuda_peak(alloc/resv) 21.77/28.18GB | phase(train/val/raw/train_eval) 3.2/0.6/0.0/0.0s | 3.8s
2026-08-27 17:40:29 | Epoch 023/060 | loss 1.9219 | cls 1.9035 | tal -0.0227 | dual_g 0.0252 | dual_d 1.1028 | train_acc 0.8152 | train_full n/a | val_acc 0.9189 | val_f1 0.9335 | adv/moduleC 0.90/1.00 | disc_steps 1 | grad(main/disc) 7.636/1.716 | lr(main/disc) 7.00e-05/3.50e-05 | cuda_peak(alloc/resv) 21.77/28.18GB | phase(train/val/raw/train_eval) 3.1/0.6/0.0/0.0s | 3.7s
2026-08-27 17:40:33 | Epoch 024/060 | loss 1.7881 | cls 1.7876 | tal -0.0750 | dual_g 0.0230 | dual_d 1.1399 | train_acc 0.8623 | train_full n/a | val_acc 0.9459 | val_f1 0.9578 | adv/moduleC 0.95/1.00 | disc_steps 1 | grad(main/disc) 7.002/1.708 | lr(main/disc) 3.50e-05/1.75e-05 | cuda_peak(alloc/resv) 21.77/28.18GB | phase(train/val/raw/train_eval) 3.0/0.6/0.0/0.0s | 3.6s
2026-08-27 17:40:38 | Epoch 025/060 | loss 1.7936 | cls 1.7981 | tal -0.0979 | dual_g 0.0248 | dual_d 1.1466 | train_acc 0.8442 | train_full 0.9773 | val_acc 0.9459 | val_f1 0.9578 | adv/moduleC 1.00/1.00 | disc_steps 1 | grad(main/disc) 9.407/1.633 | lr(main/disc) 3.50e-05/1.75e-05 | cuda_peak(alloc/resv) 21.77/28.18GB | phase(train/val/raw/train_eval) 3.0/0.6/0.6/0.8s | 4.9s
2026-08-27 17:40:41 | Epoch 026/060 | loss 1.7165 | cls 1.6980 | tal -0.0154 | dual_g 0.0231 | dual_d 1.1581 | train_acc 0.9130 | train_full n/a | val_acc 0.9459 | val_f1 0.9578 | adv/moduleC 1.00/1.00 | disc_steps 1 | grad(main/disc) 6.401/1.714 | lr(main/disc) 3.50e-05/1.75e-05 | cuda_peak(alloc/resv) 21.77/28.18GB | phase(train/val/raw/train_eval) 2.9/0.6/0.0/0.0s | 3.5s
2026-08-27 17:40:45 | Epoch 027/060 | loss 1.7996 | cls 1.7746 | tal -0.0001 | dual_g 0.0250 | dual_d 1.1367 | train_acc 0.8732 | train_full n/a | val_acc 0.9459 | val_f1 0.9616 | adv/moduleC 1.00/1.00 | disc_steps 1 | grad(main/disc) 6.524/1.639 | lr(main/disc) 3.50e-05/1.75e-05 | cuda_peak(alloc/resv) 21.77/28.18GB | phase(train/val/raw/train_eval) 3.1/0.6/0.0/0.0s | 3.6s
2026-08-27 17:40:49 | Epoch 028/060 | loss 1.7520 | cls 1.7305 | tal -0.0066 | dual_g 0.0235 | dual_d 1.1578 | train_acc 0.8732 | train_full n/a | val_acc 0.9459 | val_f1 0.9616 | adv/moduleC 1.00/1.00 | disc_steps 1 | grad(main/disc) 7.274/1.639 | lr(main/disc) 3.50e-05/1.75e-05 | cuda_peak(alloc/resv) 21.77/28.18GB | phase(train/val/raw/train_eval) 3.1/0.6/0.0/0.0s | 3.7s
2026-08-27 17:40:53 | Epoch 029/060 | loss 1.7447 | cls 1.7195 | tal 0.0069 | dual_g 0.0232 | dual_d 1.1490 | train_acc 0.8986 | train_full n/a | val_acc 0.9730 | val_f1 0.9840 | adv/moduleC 1.00/1.00 | disc_steps 1 | grad(main/disc) 8.307/1.679 | lr(main/disc) 3.50e-05/1.75e-05 | cuda_peak(alloc/resv) 21.77/28.18GB | phase(train/val/raw/train_eval) 3.3/0.6/0.6/0.0s | 4.4s
2026-08-27 17:40:56 | New best val_f1_macro_present: 0.9840 at epoch 29
2026-08-27 17:41:01 | Epoch 030/060 | loss 1.7216 | cls 1.6972 | tal 0.0065 | dual_g 0.0224 | dual_d 1.2255 | train_acc 0.8478 | train_full 1.0000 | val_acc 0.9730 | val_f1 0.9840 | adv/moduleC 1.00/1.00 | disc_steps 1 | grad(main/disc) 5.650/1.775 | lr(main/disc) 3.50e-05/1.75e-05 | cuda_peak(alloc/resv) 21.77/28.18GB | phase(train/val/raw/train_eval) 3.2/0.6/0.6/0.8s | 5.2s
2026-08-27 17:41:05 | Epoch 031/060 | loss 1.6813 | cls 1.6610 | tal -0.0061 | dual_g 0.0221 | dual_d 1.1786 | train_acc 0.8551 | train_full n/a | val_acc 0.9730 | val_f1 0.9840 | adv/moduleC 1.00/1.00 | disc_steps 1 | grad(main/disc) 7.378/1.689 | lr(main/disc) 3.50e-05/1.75e-05 | cuda_peak(alloc/resv) 21.77/28.18GB | phase(train/val/raw/train_eval) 3.0/0.6/0.0/0.0s | 3.6s
2026-08-27 17:41:08 | Epoch 032/060 | loss 1.6740 | cls 1.6516 | tal 0.0034 | dual_g 0.0214 | dual_d 1.1571 | train_acc 0.8949 | train_full n/a | val_acc 0.9730 | val_f1 0.9802 | adv/moduleC 1.00/1.00 | disc_steps 1 | grad(main/disc) 6.457/1.658 | lr(main/disc) 3.50e-05/1.75e-05 | cuda_peak(alloc/resv) 21.77/28.18GB | phase(train/val/raw/train_eval) 2.8/0.6/0.0/0.0s | 3.4s
2026-08-27 17:41:12 | Epoch 033/060 | loss 1.6109 | cls 1.5878 | tal 0.0027 | dual_g 0.0223 | dual_d 1.1512 | train_acc 0.9420 | train_full n/a | val_acc 0.9730 | val_f1 0.9802 | adv/moduleC 1.00/1.00 | disc_steps 1 | grad(main/disc) 6.449/1.666 | lr(main/disc) 3.50e-05/1.75e-05 | cuda_peak(alloc/resv) 21.77/28.18GB | phase(train/val/raw/train_eval) 3.0/0.6/0.0/0.0s | 3.6s
2026-08-27 17:41:15 | Epoch 034/060 | loss 1.6201 | cls 1.5942 | tal 0.0182 | dual_g 0.0204 | dual_d 1.1569 | train_acc 0.8949 | train_full n/a | val_acc 0.9459 | val_f1 0.9578 | adv/moduleC 1.00/1.00 | disc_steps 1 | grad(main/disc) 6.177/1.667 | lr(main/disc) 3.50e-05/1.75e-05 | cuda_peak(alloc/resv) 21.77/28.18GB | phase(train/val/raw/train_eval) 3.1/0.6/0.0/0.0s | 3.7s
2026-08-27 17:41:21 | Epoch 035/060 | loss 1.6803 | cls 1.6616 | tal -0.0078 | dual_g 0.0211 | dual_d 1.2314 | train_acc 0.9167 | train_full 1.0000 | val_acc 0.9459 | val_f1 0.9578 | adv/moduleC 1.00/1.00 | disc_steps 1 | grad(main/disc) 7.685/1.752 | lr(main/disc) 3.50e-05/1.75e-05 | cuda_peak(alloc/resv) 21.77/28.18GB | phase(train/val/raw/train_eval) 3.2/0.6/0.6/0.8s | 5.2s
2026-08-27 17:41:24 | Epoch 036/060 | loss 1.6245 | cls 1.5991 | tal 0.0127 | dual_g 0.0216 | dual_d 1.2592 | train_acc 0.9384 | train_full n/a | val_acc 0.9459 | val_f1 0.9578 | adv/moduleC 1.00/1.00 | disc_steps 1 | grad(main/disc) 6.360/1.738 | lr(main/disc) 1.75e-05/8.75e-06 | cuda_peak(alloc/resv) 21.77/28.18GB | phase(train/val/raw/train_eval) 3.0/0.6/0.0/0.0s | 3.6s
2026-08-27 17:41:28 | Epoch 037/060 | loss 1.6502 | cls 1.6256 | tal 0.0130 | dual_g 0.0207 | dual_d 1.1596 | train_acc 0.9022 | train_full n/a | val_acc 0.9459 | val_f1 0.9578 | adv/moduleC 1.00/1.00 | disc_steps 1 | grad(main/disc) 6.021/1.623 | lr(main/disc) 1.75e-05/8.75e-06 | cuda_peak(alloc/resv) 21.77/28.18GB | phase(train/val/raw/train_eval) 2.9/0.6/0.0/0.0s | 3.5s
2026-08-27 17:41:32 | Epoch 038/060 | loss 1.5881 | cls 1.5690 | tal 0.0004 | dual_g 0.0190 | dual_d 1.2807 | train_acc 0.9457 | train_full n/a | val_acc 0.9459 | val_f1 0.9578 | adv/moduleC 1.00/1.00 | disc_steps 1 | grad(main/disc) 5.502/1.785 | lr(main/disc) 1.75e-05/8.75e-06 | cuda_peak(alloc/resv) 21.77/28.18GB | phase(train/val/raw/train_eval) 3.5/0.6/0.0/0.0s | 4.1s
2026-08-27 17:41:35 | Epoch 039/060 | loss 1.6093 | cls 1.5940 | tal -0.0153 | dual_g 0.0199 | dual_d 1.2318 | train_acc 0.9022 | train_full n/a | val_acc 0.9459 | val_f1 0.9578 | adv/moduleC 1.00/1.00 | disc_steps 1 | grad(main/disc) 5.661/1.758 | lr(main/disc) 1.75e-05/8.75e-06 | cuda_peak(alloc/resv) 21.77/28.18GB | phase(train/val/raw/train_eval) 3.2/0.6/0.0/0.0s | 3.7s
2026-08-27 17:41:40 | Epoch 040/060 | loss 1.5846 | cls 1.5710 | tal -0.0240 | dual_g 0.0208 | dual_d 1.1671 | train_acc 0.9384 | train_full 0.9924 | val_acc 0.9459 | val_f1 0.9578 | adv/moduleC 1.00/1.00 | disc_steps 1 | grad(main/disc) 5.832/1.647 | lr(main/disc) 1.75e-05/8.75e-06 | cuda_peak(alloc/resv) 21.77/28.18GB | phase(train/val/raw/train_eval) 2.9/0.6/0.7/0.8s | 5.0s
2026-08-27 17:41:44 | Epoch 041/060 | loss 1.5030 | cls 1.4921 | tal -0.0370 | dual_g 0.0220 | dual_d 1.2486 | train_acc 0.9529 | train_full n/a | val_acc 0.9730 | val_f1 0.9802 | adv/moduleC 1.00/1.00 | disc_steps 1 | grad(main/disc) 4.511/1.725 | lr(main/disc) 1.75e-05/8.75e-06 | cuda_peak(alloc/resv) 21.77/28.18GB | phase(train/val/raw/train_eval) 2.9/0.6/0.0/0.0s | 3.5s
2026-08-27 17:41:48 | Epoch 042/060 | loss 1.5376 | cls 1.5274 | tal -0.0307 | dual_g 0.0195 | dual_d 1.2244 | train_acc 0.9565 | train_full n/a | val_acc 0.9459 | val_f1 0.9578 | adv/moduleC 1.00/1.00 | disc_steps 1 | grad(main/disc) 5.897/1.703 | lr(main/disc) 1.75e-05/8.75e-06 | cuda_peak(alloc/resv) 21.77/28.18GB | phase(train/val/raw/train_eval) 3.1/0.6/0.0/0.0s | 3.7s
2026-08-27 17:41:51 | Epoch 043/060 | loss 1.5157 | cls 1.5129 | tal -0.0550 | dual_g 0.0193 | dual_d 1.2844 | train_acc 0.9312 | train_full n/a | val_acc 0.9459 | val_f1 0.9578 | adv/moduleC 1.00/1.00 | disc_steps 1 | grad(main/disc) 5.057/1.765 | lr(main/disc) 8.75e-06/4.37e-06 | cuda_peak(alloc/resv) 21.77/28.18GB | phase(train/val/raw/train_eval) 2.7/0.6/0.0/0.0s | 3.3s
2026-08-27 17:41:54 | Epoch 044/060 | loss 1.5985 | cls 1.5712 | tal 0.0207 | dual_g 0.0211 | dual_d 1.2717 | train_acc 0.9493 | train_full n/a | val_acc 0.9730 | val_f1 0.9802 | adv/moduleC 1.00/1.00 | disc_steps 1 | grad(main/disc) 6.853/1.733 | lr(main/disc) 8.75e-06/4.37e-06 | cuda_peak(alloc/resv) 21.77/28.18GB | phase(train/val/raw/train_eval) 2.8/0.6/0.0/0.0s | 3.3s
2026-08-27 17:41:54 | Early stopping at epoch 44 after 15 epochs without val_f1_macro_present improvement.
2026-08-27 17:41:54 | Training complete. Best validation accuracy: 0.9730 | best val_f1_macro_present: 0.9840
