2026-08-30 03:41:34 | Starting Dual_D standalone training
2026-08-30 03:41:34 | Run directory: runs/module_c_ablation_60_v9/module_c_20260830_023711/module_c_no_paired_contrastive_黑天_20260830_033814
2026-08-30 03:41:34 | Device: cuda
2026-08-30 03:41:34 | Source train samples: 992
2026-08-30 03:41:34 | Target train samples: 465
2026-08-30 03:41:34 | Target val samples: 120
2026-08-30 03:41:34 | Classes: 14
2026-08-30 03:41:34 | Data audit: same_dir=False | path_overlap(vis/ir/ais)=0/0/0 | content_overlap(vis/ir/ais)=0/0/0 | ais_index_overlap=0 | stem_mismatch(vis-ir/vis-ais)=578/0
2026-08-30 03:41:34 | source_train classes: present 14/14 | absent 0 | counts [0:120, 1:44, 2:69, 3:45, 4:40, 5:30, 6:64, 7:80, 8:116, 9:68, 10:57, 11:83, 12:48, 13:128]
2026-08-30 03:41:34 | target_train classes: present 8/14 | absent 6 | counts [0:100, 2:11, 3:16, 6:89, 9:162, 10:12, 11:44, 13:31]
2026-08-30 03:41:34 | target_val classes: present 8/14 | absent 6 | counts [0:26, 2:3, 3:5, 6:23, 9:41, 10:3, 11:11, 13:8]
2026-08-30 03:41:34 | Paired training classes: 8/14 | class ids [0, 2, 3, 6, 9, 10, 11, 13]
2026-08-30 03:41:34 | Runtime profile: batch=16 | paired_steps=30 | workers=16 | train_eval_every=5 | raw_eval_every=5 | stability_window=3 | lr_scheduler_start=24 | early_stop=15 after min_epoch=50
2026-08-30 03:41:34 | Augmentation profile: base=0.500 | visible=0.550 | infrared=0.350 | freeze_frozen_batch_norm_stats=True
2026-08-30 03:41:34 | VIS/IR pairing: class-level-unpaired | count-mismatch classes train/val: 10/0 | AIS alignment: none | AIS rows train/val: 0/0
2026-08-30 03:41:34 | Effective Dual-D loss weights: {"adv_auxiliary": 0.025, "adv_primary": 0.025, "classification": 0.65, "contrastive": 0.0, "cycle": 0.12, "identity": 0.025, "prototype_contrastive": 0.025}
2026-08-30 03:41:34 | Model parameters: total=17277714 | trainable=17120210
2026-08-30 03:41:39 | Epoch 001/060 | loss 4.5891 | cls 4.5722 | tal 0.0563 | dual_g 0.0000 | dual_d 0.0000 | train_acc 0.2458 | train_full 0.1376 | val_acc 0.1500 | val_f1 0.1541 | adv/moduleC 0.00/0.00 | disc_steps 0 | grad(main/disc) 27.396/0.000 | lr(main/disc) 1.00e-04/3.20e-05 | cuda_peak(alloc/resv) 4.09/5.12GB | phase(train/val/raw/train_eval) 3.2/0.4/0.4/0.8s | 4.9s
2026-08-30 03:41:42 | Epoch 002/060 | loss 3.0307 | cls 3.0953 | tal -0.2155 | dual_g 0.0000 | dual_d 0.0000 | train_acc 0.4813 | train_full n/a | val_acc 0.2667 | val_f1 0.2861 | adv/moduleC 0.00/0.00 | disc_steps 0 | grad(main/disc) 21.592/0.000 | lr(main/disc) 1.00e-04/3.20e-05 | cuda_peak(alloc/resv) 4.09/5.12GB | phase(train/val/raw/train_eval) 2.6/0.4/0.0/0.0s | 3.0s
2026-08-30 03:41:45 | Epoch 003/060 | loss 2.4781 | cls 2.4914 | tal -0.0443 | dual_g 0.0000 | dual_d 0.0000 | train_acc 0.6479 | train_full n/a | val_acc 0.5917 | val_f1 0.6403 | adv/moduleC 0.00/0.00 | disc_steps 0 | grad(main/disc) 20.747/0.000 | lr(main/disc) 1.00e-04/3.20e-05 | cuda_peak(alloc/resv) 4.09/5.12GB | phase(train/val/raw/train_eval) 2.6/0.4/0.4/0.0s | 3.4s
2026-08-30 03:41:48 | New best val_f1_macro_present: raw=0.6403 stable_score=0.1541 at epoch 3
2026-08-30 03:41:51 | Epoch 004/060 | loss 2.1703 | cls 1.9479 | tal 0.1077 | dual_g 0.1901 | dual_d 0.0000 | train_acc 0.7792 | train_full n/a | val_acc 0.7750 | val_f1 0.7680 | adv/moduleC 0.00/0.12 | disc_steps 0 | grad(main/disc) 18.879/0.000 | lr(main/disc) 1.00e-04/3.20e-05 | cuda_peak(alloc/resv) 4.09/5.12GB | phase(train/val/raw/train_eval) 2.5/0.4/0.4/0.0s | 3.4s
2026-08-30 03:41:53 | New best val_f1_macro_present: raw=0.7680 stable_score=0.2861 at epoch 4
2026-08-30 03:41:57 | Epoch 005/060 | loss 1.9127 | cls 1.5905 | tal 0.0620 | dual_g 0.3036 | dual_d 0.0000 | train_acc 0.8271 | train_full 0.8452 | val_acc 0.7833 | val_f1 0.7444 | adv/moduleC 0.00/0.25 | disc_steps 0 | grad(main/disc) 16.596/0.000 | lr(main/disc) 1.00e-04/3.20e-05 | cuda_peak(alloc/resv) 4.09/5.12GB | phase(train/val/raw/train_eval) 2.6/0.4/0.4/0.7s | 4.2s
2026-08-30 03:42:00 | New best val_f1_macro_present: raw=0.7444 stable_score=0.6403 at epoch 5
2026-08-30 03:42:03 | Epoch 006/060 | loss 1.7735 | cls 1.3458 | tal 0.1257 | dual_g 0.3899 | dual_d 0.9203 | train_acc 0.8896 | train_full n/a | val_acc 0.8000 | val_f1 0.7828 | adv/moduleC 0.07/0.38 | disc_steps 15 | grad(main/disc) 15.117/2.058 | lr(main/disc) 1.00e-04/3.20e-05 | cuda_peak(alloc/resv) 4.09/5.12GB | phase(train/val/raw/train_eval) 2.7/0.4/0.4/0.0s | 3.5s
2026-08-30 03:42:05 | New best val_f1_macro_present: raw=0.7828 stable_score=0.7444 at epoch 6
2026-08-30 03:42:08 | Epoch 007/060 | loss 1.7661 | cls 1.2291 | tal 0.1923 | dual_g 0.4794 | dual_d 0.8584 | train_acc 0.9250 | train_full n/a | val_acc 0.8250 | val_f1 0.7957 | adv/moduleC 0.13/0.50 | disc_steps 15 | grad(main/disc) 14.423/1.940 | lr(main/disc) 1.00e-04/3.20e-05 | cuda_peak(alloc/resv) 4.09/5.12GB | phase(train/val/raw/train_eval) 2.6/0.4/0.0/0.0s | 3.0s
2026-08-30 03:42:12 | Epoch 008/060 | loss 1.7067 | cls 1.1599 | tal 0.0103 | dual_g 0.5438 | dual_d 0.8702 | train_acc 0.9250 | train_full n/a | val_acc 0.9167 | val_f1 0.8896 | adv/moduleC 0.20/0.62 | disc_steps 15 | grad(main/disc) 14.327/1.936 | lr(main/disc) 1.00e-04/3.20e-05 | cuda_peak(alloc/resv) 4.09/5.12GB | phase(train/val/raw/train_eval) 2.7/0.4/0.4/0.0s | 3.5s
2026-08-30 03:42:14 | New best val_f1_macro_present: raw=0.8896 stable_score=0.7828 at epoch 8
2026-08-30 03:42:18 | Epoch 009/060 | loss 1.6886 | cls 1.0736 | tal -0.0899 | dual_g 0.6420 | dual_d 0.8700 | train_acc 0.9479 | train_full n/a | val_acc 0.9167 | val_f1 0.9035 | adv/moduleC 0.27/0.75 | disc_steps 15 | grad(main/disc) 13.329/1.921 | lr(main/disc) 1.00e-04/3.20e-05 | cuda_peak(alloc/resv) 4.09/5.12GB | phase(train/val/raw/train_eval) 2.8/0.4/0.4/0.0s | 3.6s
2026-08-30 03:42:20 | New best val_f1_macro_present: raw=0.9035 stable_score=0.7957 at epoch 9
2026-08-30 03:42:24 | Epoch 010/060 | loss 1.6527 | cls 0.9820 | tal 0.0027 | dual_g 0.6700 | dual_d 0.8331 | train_acc 0.9688 | train_full 0.9333 | val_acc 0.9000 | val_f1 0.8645 | adv/moduleC 0.33/0.88 | disc_steps 15 | grad(main/disc) 10.912/1.832 | lr(main/disc) 1.00e-04/3.20e-05 | cuda_peak(alloc/resv) 4.09/5.12GB | phase(train/val/raw/train_eval) 2.7/0.4/0.4/0.7s | 4.2s
2026-08-30 03:42:26 | New best val_f1_macro_present: raw=0.8645 stable_score=0.8645 at epoch 10
2026-08-30 03:42:29 | Epoch 011/060 | loss 1.6892 | cls 0.9570 | tal -0.0236 | dual_g 0.7393 | dual_d 0.8235 | train_acc 0.9729 | train_full n/a | val_acc 0.9417 | val_f1 0.9533 | adv/moduleC 0.40/1.00 | disc_steps 15 | grad(main/disc) 10.644/1.819 | lr(main/disc) 1.00e-04/3.20e-05 | cuda_peak(alloc/resv) 4.09/5.12GB | phase(train/val/raw/train_eval) 2.6/0.4/0.0/0.0s | 3.0s
2026-08-30 03:42:32 | Epoch 012/060 | loss 1.6451 | cls 0.9219 | tal 0.0279 | dual_g 0.7149 | dual_d 0.7912 | train_acc 0.9812 | train_full n/a | val_acc 0.9500 | val_f1 0.9333 | adv/moduleC 0.47/1.00 | disc_steps 15 | grad(main/disc) 9.926/1.737 | lr(main/disc) 1.00e-04/3.20e-05 | cuda_peak(alloc/resv) 4.09/5.12GB | phase(train/val/raw/train_eval) 2.7/0.4/0.0/0.0s | 3.2s
2026-08-30 03:42:36 | Epoch 013/060 | loss 1.5792 | cls 0.8849 | tal -0.0142 | dual_g 0.6986 | dual_d 0.8285 | train_acc 0.9875 | train_full n/a | val_acc 0.9500 | val_f1 0.9300 | adv/moduleC 0.53/1.00 | disc_steps 15 | grad(main/disc) 8.137/1.712 | lr(main/disc) 1.00e-04/3.20e-05 | cuda_peak(alloc/resv) 4.09/5.12GB | phase(train/val/raw/train_eval) 2.5/0.4/0.4/0.0s | 3.4s
2026-08-30 03:42:38 | New best val_f1_macro_present: raw=0.9300 stable_score=0.9300 at epoch 13
2026-08-30 03:42:41 | Epoch 014/060 | loss 1.5738 | cls 0.8844 | tal -0.0203 | dual_g 0.6955 | dual_d 0.9082 | train_acc 0.9792 | train_full n/a | val_acc 0.9833 | val_f1 0.9877 | adv/moduleC 0.60/1.00 | disc_steps 15 | grad(main/disc) 8.768/1.817 | lr(main/disc) 1.00e-04/3.20e-05 | cuda_peak(alloc/resv) 4.09/5.12GB | phase(train/val/raw/train_eval) 2.6/0.4/0.0/0.0s | 3.0s
2026-08-30 03:42:45 | Epoch 015/060 | loss 1.5648 | cls 0.9088 | tal -0.1460 | dual_g 0.6997 | dual_d 0.9094 | train_acc 0.9854 | train_full 0.9828 | val_acc 0.9833 | val_f1 0.9775 | adv/moduleC 0.67/1.00 | disc_steps 15 | grad(main/disc) 9.451/1.816 | lr(main/disc) 1.00e-04/3.20e-05 | cuda_peak(alloc/resv) 4.09/5.12GB | phase(train/val/raw/train_eval) 2.5/0.4/0.4/0.7s | 4.1s
2026-08-30 03:42:49 | Epoch 016/060 | loss 1.5177 | cls 0.8590 | tal -0.0809 | dual_g 0.6829 | dual_d 0.9331 | train_acc 0.9875 | train_full n/a | val_acc 0.9833 | val_f1 0.9816 | adv/moduleC 0.73/1.00 | disc_steps 15 | grad(main/disc) 7.605/1.797 | lr(main/disc) 1.00e-04/3.20e-05 | cuda_peak(alloc/resv) 4.09/5.12GB | phase(train/val/raw/train_eval) 2.7/0.4/0.4/0.0s | 3.5s
2026-08-30 03:42:51 | New best val_f1_macro_present: raw=0.9816 stable_score=0.9775 at epoch 16
2026-08-30 03:42:54 | Epoch 017/060 | loss 1.5239 | cls 0.8713 | tal -0.0634 | dual_g 0.6716 | dual_d 0.9109 | train_acc 0.9917 | train_full n/a | val_acc 0.9750 | val_f1 0.9613 | adv/moduleC 0.80/1.00 | disc_steps 15 | grad(main/disc) 7.903/1.771 | lr(main/disc) 1.00e-04/3.20e-05 | cuda_peak(alloc/resv) 4.09/5.12GB | phase(train/val/raw/train_eval) 2.7/0.4/0.0/0.0s | 3.1s
2026-08-30 03:42:57 | Epoch 018/060 | loss 1.5529 | cls 0.8792 | tal -0.0420 | dual_g 0.6863 | dual_d 0.9163 | train_acc 0.9833 | train_full n/a | val_acc 0.9667 | val_f1 0.9712 | adv/moduleC 0.87/1.00 | disc_steps 15 | grad(main/disc) 9.118/1.749 | lr(main/disc) 1.00e-04/3.20e-05 | cuda_peak(alloc/resv) 4.09/5.12GB | phase(train/val/raw/train_eval) 2.7/0.4/0.0/0.0s | 3.1s
2026-08-30 03:43:00 | Epoch 019/060 | loss 1.4785 | cls 0.8515 | tal -0.1162 | dual_g 0.6618 | dual_d 0.9634 | train_acc 0.9854 | train_full n/a | val_acc 0.9750 | val_f1 0.9571 | adv/moduleC 0.93/1.00 | disc_steps 15 | grad(main/disc) 7.149/1.796 | lr(main/disc) 1.00e-04/3.20e-05 | cuda_peak(alloc/resv) 4.09/5.12GB | phase(train/val/raw/train_eval) 2.6/0.4/0.0/0.0s | 3.0s
2026-08-30 03:43:04 | Epoch 020/060 | loss 1.4601 | cls 0.8232 | tal -0.0569 | dual_g 0.6539 | dual_d 0.9415 | train_acc 0.9958 | train_full 0.9785 | val_acc 0.9833 | val_f1 0.9726 | adv/moduleC 1.00/1.00 | disc_steps 15 | grad(main/disc) 5.437/1.728 | lr(main/disc) 1.00e-04/3.20e-05 | cuda_peak(alloc/resv) 4.09/5.12GB | phase(train/val/raw/train_eval) 2.7/0.4/0.4/0.7s | 4.2s
2026-08-30 03:43:07 | Epoch 021/060 | loss 1.4328 | cls 0.8028 | tal -0.0343 | dual_g 0.6403 | dual_d 1.0458 | train_acc 0.9979 | train_full n/a | val_acc 0.9333 | val_f1 0.8953 | adv/moduleC 1.00/1.00 | disc_steps 15 | grad(main/disc) 4.300/1.823 | lr(main/disc) 1.00e-04/3.20e-05 | cuda_peak(alloc/resv) 4.09/5.12GB | phase(train/val/raw/train_eval) 2.7/0.4/0.0/0.0s | 3.1s
2026-08-30 03:43:10 | Epoch 022/060 | loss 1.4377 | cls 0.8128 | tal -0.0302 | dual_g 0.6339 | dual_d 0.9932 | train_acc 0.9938 | train_full n/a | val_acc 0.9917 | val_f1 0.9827 | adv/moduleC 1.00/1.00 | disc_steps 15 | grad(main/disc) 4.909/1.759 | lr(main/disc) 1.00e-04/3.20e-05 | cuda_peak(alloc/resv) 4.09/5.12GB | phase(train/val/raw/train_eval) 2.6/0.4/0.0/0.0s | 3.0s
2026-08-30 03:43:13 | Epoch 023/060 | loss 1.4263 | cls 0.7989 | tal 0.0067 | dual_g 0.6254 | dual_d 1.0303 | train_acc 1.0000 | train_full n/a | val_acc 0.9667 | val_f1 0.9646 | adv/moduleC 1.00/1.00 | disc_steps 15 | grad(main/disc) 4.292/1.760 | lr(main/disc) 1.00e-04/3.20e-05 | cuda_peak(alloc/resv) 4.09/5.12GB | phase(train/val/raw/train_eval) 2.6/0.4/0.0/0.0s | 3.0s
2026-08-30 03:43:17 | Epoch 024/060 | loss 1.4278 | cls 0.7918 | tal 0.0521 | dual_g 0.6204 | dual_d 1.0691 | train_acc 0.9979 | train_full n/a | val_acc 0.9667 | val_f1 0.9443 | adv/moduleC 1.00/1.00 | disc_steps 15 | grad(main/disc) 3.444/1.775 | lr(main/disc) 1.00e-04/3.20e-05 | cuda_peak(alloc/resv) 4.09/5.12GB | phase(train/val/raw/train_eval) 2.7/0.4/0.0/0.0s | 3.1s
2026-08-30 03:43:21 | Epoch 025/060 | loss 1.4068 | cls 0.7865 | tal 0.0250 | dual_g 0.6127 | dual_d 1.0570 | train_acc 1.0000 | train_full 0.9957 | val_acc 0.9833 | val_f1 0.9726 | adv/moduleC 1.00/1.00 | disc_steps 15 | grad(main/disc) 3.364/1.777 | lr(main/disc) 1.00e-04/3.20e-05 | cuda_peak(alloc/resv) 4.09/5.12GB | phase(train/val/raw/train_eval) 2.7/0.4/0.4/0.7s | 4.2s
2026-08-30 03:43:24 | Epoch 026/060 | loss 1.4070 | cls 0.7933 | tal -0.0368 | dual_g 0.6247 | dual_d 1.0224 | train_acc 0.9979 | train_full n/a | val_acc 0.9833 | val_f1 0.9748 | adv/moduleC 1.00/1.00 | disc_steps 15 | grad(main/disc) 4.141/1.752 | lr(main/disc) 1.00e-04/3.20e-05 | cuda_peak(alloc/resv) 4.09/5.12GB | phase(train/val/raw/train_eval) 2.8/0.4/0.0/0.0s | 3.2s
2026-08-30 03:43:27 | Epoch 027/060 | loss 1.3926 | cls 0.7906 | tal -0.0619 | dual_g 0.6205 | dual_d 1.0424 | train_acc 0.9938 | train_full n/a | val_acc 0.9917 | val_f1 0.9827 | adv/moduleC 1.00/1.00 | disc_steps 15 | grad(main/disc) 4.405/1.706 | lr(main/disc) 1.00e-04/3.20e-05 | cuda_peak(alloc/resv) 4.09/5.12GB | phase(train/val/raw/train_eval) 2.7/0.4/0.0/0.0s | 3.1s
2026-08-30 03:43:30 | Epoch 028/060 | loss 1.3666 | cls 0.7868 | tal -0.0988 | dual_g 0.6095 | dual_d 1.0195 | train_acc 1.0000 | train_full n/a | val_acc 0.9833 | val_f1 0.9624 | adv/moduleC 1.00/1.00 | disc_steps 15 | grad(main/disc) 3.888/1.702 | lr(main/disc) 1.00e-04/3.20e-05 | cuda_peak(alloc/resv) 4.09/5.12GB | phase(train/val/raw/train_eval) 2.8/0.4/0.0/0.0s | 3.2s
2026-08-30 03:43:33 | Epoch 029/060 | loss 1.3818 | cls 0.7799 | tal -0.0286 | dual_g 0.6105 | dual_d 0.9643 | train_acc 1.0000 | train_full n/a | val_acc 0.9917 | val_f1 0.9917 | adv/moduleC 1.00/1.00 | disc_steps 15 | grad(main/disc) 3.266/1.635 | lr(main/disc) 1.00e-04/3.20e-05 | cuda_peak(alloc/resv) 4.09/5.12GB | phase(train/val/raw/train_eval) 2.7/0.4/0.0/0.0s | 3.1s
2026-08-30 03:43:38 | Epoch 030/060 | loss 1.3808 | cls 0.7907 | tal -0.0571 | dual_g 0.6072 | dual_d 0.9874 | train_acc 0.9958 | train_full 0.9978 | val_acc 0.9917 | val_f1 0.9827 | adv/moduleC 1.00/1.00 | disc_steps 15 | grad(main/disc) 4.268/1.650 | lr(main/disc) 1.00e-04/3.20e-05 | cuda_peak(alloc/resv) 4.09/5.12GB | phase(train/val/raw/train_eval) 2.7/0.4/0.4/0.7s | 4.2s
2026-08-30 03:43:41 | Epoch 031/060 | loss 1.3212 | cls 0.7753 | tal -0.2056 | dual_g 0.6075 | dual_d 0.9829 | train_acc 0.9958 | train_full n/a | val_acc 0.9917 | val_f1 0.9827 | adv/moduleC 1.00/1.00 | disc_steps 15 | grad(main/disc) 3.406/1.650 | lr(main/disc) 1.00e-04/3.20e-05 | cuda_peak(alloc/resv) 4.09/5.12GB | phase(train/val/raw/train_eval) 2.5/0.4/0.4/0.0s | 3.4s
2026-08-30 03:43:43 | New best val_f1_macro_present: raw=0.9827 stable_score=0.9827 at epoch 31
2026-08-30 03:43:46 | Epoch 032/060 | loss 1.3018 | cls 0.7805 | tal -0.2617 | dual_g 0.5999 | dual_d 0.9826 | train_acc 0.9958 | train_full n/a | val_acc 0.9750 | val_f1 0.9683 | adv/moduleC 1.00/1.00 | disc_steps 15 | grad(main/disc) 3.471/1.624 | lr(main/disc) 1.00e-04/3.20e-05 | cuda_peak(alloc/resv) 4.09/5.12GB | phase(train/val/raw/train_eval) 2.6/0.4/0.0/0.0s | 3.0s
2026-08-30 03:43:49 | Epoch 033/060 | loss 1.2899 | cls 0.7704 | tal -0.2371 | dual_g 0.5906 | dual_d 0.9940 | train_acc 1.0000 | train_full n/a | val_acc 0.9917 | val_f1 0.9917 | adv/moduleC 1.00/1.00 | disc_steps 15 | grad(main/disc) 3.045/1.640 | lr(main/disc) 1.00e-04/3.20e-05 | cuda_peak(alloc/resv) 4.09/5.12GB | phase(train/val/raw/train_eval) 2.6/0.4/0.0/0.0s | 3.0s
2026-08-30 03:43:52 | Epoch 034/060 | loss 1.2980 | cls 0.7725 | tal -0.2419 | dual_g 0.5981 | dual_d 0.9642 | train_acc 1.0000 | train_full n/a | val_acc 0.9917 | val_f1 0.9827 | adv/moduleC 1.00/1.00 | disc_steps 15 | grad(main/disc) 3.442/1.572 | lr(main/disc) 1.00e-04/3.20e-05 | cuda_peak(alloc/resv) 4.09/5.12GB | phase(train/val/raw/train_eval) 2.7/0.4/0.0/0.0s | 3.1s
2026-08-30 03:43:57 | Epoch 035/060 | loss 1.2798 | cls 0.7658 | tal -0.2718 | dual_g 0.5956 | dual_d 0.9516 | train_acc 1.0000 | train_full 1.0000 | val_acc 0.9917 | val_f1 0.9827 | adv/moduleC 1.00/1.00 | disc_steps 15 | grad(main/disc) 2.745/1.527 | lr(main/disc) 1.00e-04/3.20e-05 | cuda_peak(alloc/resv) 4.09/5.12GB | phase(train/val/raw/train_eval) 2.8/0.4/0.4/0.7s | 4.4s
2026-08-30 03:44:00 | Epoch 036/060 | loss 1.2997 | cls 0.7675 | tal -0.2061 | dual_g 0.5941 | dual_d 0.9198 | train_acc 0.9958 | train_full n/a | val_acc 0.9917 | val_f1 0.9827 | adv/moduleC 1.00/1.00 | disc_steps 15 | grad(main/disc) 3.119/1.479 | lr(main/disc) 1.00e-04/3.20e-05 | cuda_peak(alloc/resv) 4.09/5.12GB | phase(train/val/raw/train_eval) 2.7/0.4/0.0/0.0s | 3.1s
2026-08-30 03:44:03 | Epoch 037/060 | loss 1.2799 | cls 0.7649 | tal -0.2387 | dual_g 0.5866 | dual_d 0.9172 | train_acc 0.9979 | train_full n/a | val_acc 0.9917 | val_f1 0.9827 | adv/moduleC 1.00/1.00 | disc_steps 15 | grad(main/disc) 2.998/1.500 | lr(main/disc) 1.00e-04/3.20e-05 | cuda_peak(alloc/resv) 4.09/5.12GB | phase(train/val/raw/train_eval) 2.8/0.4/0.0/0.0s | 3.2s
2026-08-30 03:44:06 | Epoch 038/060 | loss 1.2483 | cls 0.7513 | tal -0.2890 | dual_g 0.5837 | dual_d 0.9365 | train_acc 0.9979 | train_full n/a | val_acc 0.9917 | val_f1 0.9827 | adv/moduleC 1.00/1.00 | disc_steps 15 | grad(main/disc) 2.295/1.474 | lr(main/disc) 5.00e-05/1.60e-05 | cuda_peak(alloc/resv) 4.09/5.12GB | phase(train/val/raw/train_eval) 2.6/0.4/0.0/0.0s | 3.0s
2026-08-30 03:44:09 | Epoch 039/060 | loss 1.2379 | cls 0.7544 | tal -0.3223 | dual_g 0.5802 | dual_d 0.9193 | train_acc 1.0000 | train_full n/a | val_acc 0.9917 | val_f1 0.9827 | adv/moduleC 1.00/1.00 | disc_steps 15 | grad(main/disc) 2.365/1.444 | lr(main/disc) 5.00e-05/1.60e-05 | cuda_peak(alloc/resv) 4.09/5.12GB | phase(train/val/raw/train_eval) 2.7/0.4/0.0/0.0s | 3.1s
2026-08-30 03:44:13 | Epoch 040/060 | loss 1.2387 | cls 0.7493 | tal -0.2990 | dual_g 0.5791 | dual_d 0.9253 | train_acc 1.0000 | train_full 1.0000 | val_acc 0.9917 | val_f1 0.9827 | adv/moduleC 1.00/1.00 | disc_steps 15 | grad(main/disc) 1.973/1.470 | lr(main/disc) 5.00e-05/1.60e-05 | cuda_peak(alloc/resv) 4.09/5.12GB | phase(train/val/raw/train_eval) 2.8/0.4/0.4/0.7s | 4.3s
2026-08-30 03:44:16 | Epoch 041/060 | loss 1.2406 | cls 0.7508 | tal -0.3042 | dual_g 0.5810 | dual_d 0.9117 | train_acc 1.0000 | train_full n/a | val_acc 0.9833 | val_f1 0.9726 | adv/moduleC 1.00/1.00 | disc_steps 15 | grad(main/disc) 2.236/1.426 | lr(main/disc) 5.00e-05/1.60e-05 | cuda_peak(alloc/resv) 4.09/5.12GB | phase(train/val/raw/train_eval) 2.8/0.4/0.0/0.0s | 3.2s
2026-08-30 03:44:20 | Epoch 042/060 | loss 1.2125 | cls 0.7457 | tal -0.3725 | dual_g 0.5786 | dual_d 0.9100 | train_acc 1.0000 | train_full n/a | val_acc 0.9917 | val_f1 0.9827 | adv/moduleC 1.00/1.00 | disc_steps 15 | grad(main/disc) 1.703/1.411 | lr(main/disc) 5.00e-05/1.60e-05 | cuda_peak(alloc/resv) 4.09/5.12GB | phase(train/val/raw/train_eval) 2.7/0.4/0.0/0.0s | 3.1s
2026-08-30 03:44:23 | Epoch 043/060 | loss 1.2144 | cls 0.7442 | tal -0.3600 | dual_g 0.5783 | dual_d 0.9273 | train_acc 1.0000 | train_full n/a | val_acc 0.9917 | val_f1 0.9827 | adv/moduleC 1.00/1.00 | disc_steps 15 | grad(main/disc) 1.921/1.447 | lr(main/disc) 5.00e-05/1.60e-05 | cuda_peak(alloc/resv) 4.09/5.12GB | phase(train/val/raw/train_eval) 2.8/0.4/0.0/0.0s | 3.2s
2026-08-30 03:44:26 | Epoch 044/060 | loss 1.2180 | cls 0.7526 | tal -0.3701 | dual_g 0.5764 | dual_d 0.9172 | train_acc 1.0000 | train_full n/a | val_acc 0.9833 | val_f1 0.9757 | adv/moduleC 1.00/1.00 | disc_steps 15 | grad(main/disc) 2.480/1.446 | lr(main/disc) 5.00e-05/1.60e-05 | cuda_peak(alloc/resv) 4.09/5.12GB | phase(train/val/raw/train_eval) 2.7/0.4/0.0/0.0s | 3.1s
2026-08-30 03:44:30 | Epoch 045/060 | loss 1.2126 | cls 0.7470 | tal -0.3806 | dual_g 0.5797 | dual_d 0.8957 | train_acc 1.0000 | train_full 1.0000 | val_acc 0.9917 | val_f1 0.9827 | adv/moduleC 1.00/1.00 | disc_steps 15 | grad(main/disc) 2.275/1.405 | lr(main/disc) 5.00e-05/1.60e-05 | cuda_peak(alloc/resv) 4.09/5.12GB | phase(train/val/raw/train_eval) 2.6/0.4/0.4/0.7s | 4.2s
2026-08-30 03:44:33 | Epoch 046/060 | loss 1.1986 | cls 0.7420 | tal -0.4030 | dual_g 0.5775 | dual_d 0.9230 | train_acc 1.0000 | train_full n/a | val_acc 0.9917 | val_f1 0.9827 | adv/moduleC 1.00/1.00 | disc_steps 15 | grad(main/disc) 1.872/1.422 | lr(main/disc) 5.00e-05/1.60e-05 | cuda_peak(alloc/resv) 4.09/5.12GB | phase(train/val/raw/train_eval) 2.8/0.4/0.0/0.0s | 3.2s
2026-08-30 03:44:36 | Epoch 047/060 | loss 1.2062 | cls 0.7439 | tal -0.3658 | dual_g 0.5720 | dual_d 0.8882 | train_acc 1.0000 | train_full n/a | val_acc 0.9917 | val_f1 0.9827 | adv/moduleC 1.00/1.00 | disc_steps 15 | grad(main/disc) 1.920/1.383 | lr(main/disc) 2.50e-05/8.00e-06 | cuda_peak(alloc/resv) 4.09/5.12GB | phase(train/val/raw/train_eval) 2.7/0.4/0.0/0.0s | 3.1s
2026-08-30 03:44:40 | Epoch 048/060 | loss 1.2108 | cls 0.7417 | tal -0.3420 | dual_g 0.5716 | dual_d 0.8841 | train_acc 1.0000 | train_full n/a | val_acc 0.9917 | val_f1 0.9827 | adv/moduleC 1.00/1.00 | disc_steps 15 | grad(main/disc) 1.750/1.374 | lr(main/disc) 2.50e-05/8.00e-06 | cuda_peak(alloc/resv) 4.09/5.12GB | phase(train/val/raw/train_eval) 2.8/0.4/0.0/0.0s | 3.2s
2026-08-30 03:44:43 | Epoch 049/060 | loss 1.2111 | cls 0.7479 | tal -0.3570 | dual_g 0.5703 | dual_d 0.9103 | train_acc 1.0000 | train_full n/a | val_acc 0.9833 | val_f1 0.9757 | adv/moduleC 1.00/1.00 | disc_steps 15 | grad(main/disc) 1.981/1.410 | lr(main/disc) 2.50e-05/8.00e-06 | cuda_peak(alloc/resv) 4.09/5.12GB | phase(train/val/raw/train_eval) 2.8/0.4/0.0/0.0s | 3.3s
2026-08-30 03:44:47 | Epoch 050/060 | loss 1.2008 | cls 0.7388 | tal -0.3801 | dual_g 0.5760 | dual_d 0.9044 | train_acc 1.0000 | train_full 1.0000 | val_acc 0.9917 | val_f1 0.9827 | adv/moduleC 1.00/1.00 | disc_steps 15 | grad(main/disc) 1.718/1.421 | lr(main/disc) 2.50e-05/8.00e-06 | cuda_peak(alloc/resv) 4.09/5.12GB | phase(train/val/raw/train_eval) 2.8/0.4/0.4/0.7s | 4.3s
2026-08-30 03:44:47 | Early stopping at epoch 50 after 19 epochs without val_f1_macro_present improvement.
2026-08-30 03:44:47 | Training complete. Peak validation accuracy: 0.9917 | selected val_f1_macro_present: 0.9827
