2026-08-30 03:44:47 | Starting Dual_D standalone training
2026-08-30 03:44:47 | Run directory: runs/module_c_ablation_60_v9/module_c_20260830_023711/module_c_no_paired_contrastive_黑天_20260830_033814
2026-08-30 03:44:47 | Device: cuda
2026-08-30 03:44:47 | Source train samples: 992
2026-08-30 03:44:47 | Target train samples: 465
2026-08-30 03:44:47 | Target val samples: 120
2026-08-30 03:44:47 | Classes: 14
2026-08-30 03:44:47 | Data audit: same_dir=False | path_overlap(vis/ir/ais)=0/0/0 | content_overlap(vis/ir/ais)=0/0/0 | ais_index_overlap=0 | stem_mismatch(vis-ir/vis-ais)=578/0
2026-08-30 03:44:47 | source_train classes: present 14/14 | absent 0 | counts [0:120, 1:44, 2:69, 3:45, 4:40, 5:30, 6:64, 7:80, 8:116, 9:68, 10:57, 11:83, 12:48, 13:128]
2026-08-30 03:44:47 | target_train classes: present 8/14 | absent 6 | counts [0:100, 2:11, 3:16, 6:89, 9:162, 10:12, 11:44, 13:31]
2026-08-30 03:44:47 | target_val classes: present 8/14 | absent 6 | counts [0:26, 2:3, 3:5, 6:23, 9:41, 10:3, 11:11, 13:8]
2026-08-30 03:44:47 | Paired training classes: 8/14 | class ids [0, 2, 3, 6, 9, 10, 11, 13]
2026-08-30 03:44:47 | Runtime profile: batch=16 | paired_steps=30 | workers=16 | train_eval_every=5 | raw_eval_every=5 | stability_window=3 | lr_scheduler_start=24 | early_stop=15 after min_epoch=50
2026-08-30 03:44:47 | Augmentation profile: base=0.500 | visible=0.550 | infrared=0.350 | freeze_frozen_batch_norm_stats=True
2026-08-30 03:44:47 | VIS/IR pairing: class-level-unpaired | count-mismatch classes train/val: 10/0 | AIS alignment: none | AIS rows train/val: 0/0
2026-08-30 03:44:48 | Effective Dual-D loss weights: {"adv_auxiliary": 0.025, "adv_primary": 0.025, "classification": 0.65, "contrastive": 0.0, "cycle": 0.12, "identity": 0.025, "prototype_contrastive": 0.025}
2026-08-30 03:44:48 | Model parameters: total=17277714 | trainable=17120210
2026-08-30 03:44:53 | Epoch 001/060 | loss 4.6158 | cls 4.5605 | tal 0.1844 | dual_g 0.0000 | dual_d 0.0000 | train_acc 0.2250 | train_full 0.1742 | val_acc 0.1667 | val_f1 0.2285 | adv/moduleC 0.00/0.00 | disc_steps 0 | grad(main/disc) 25.522/0.000 | lr(main/disc) 1.00e-04/3.20e-05 | cuda_peak(alloc/resv) 4.09/5.12GB | phase(train/val/raw/train_eval) 2.8/0.4/0.4/0.7s | 4.4s
2026-08-30 03:44:56 | Epoch 002/060 | loss 3.2036 | cls 3.1267 | tal 0.2564 | dual_g 0.0000 | dual_d 0.0000 | train_acc 0.4813 | train_full n/a | val_acc 0.6833 | val_f1 0.6532 | adv/moduleC 0.00/0.00 | disc_steps 0 | grad(main/disc) 20.448/0.000 | lr(main/disc) 1.00e-04/3.20e-05 | cuda_peak(alloc/resv) 4.09/5.12GB | phase(train/val/raw/train_eval) 2.7/0.4/0.0/0.0s | 3.1s
2026-08-30 03:44:59 | Epoch 003/060 | loss 2.4978 | cls 2.4445 | tal 0.1775 | dual_g 0.0000 | dual_d 0.0000 | train_acc 0.6333 | train_full n/a | val_acc 0.5250 | val_f1 0.5945 | adv/moduleC 0.00/0.00 | disc_steps 0 | grad(main/disc) 18.633/0.000 | lr(main/disc) 1.00e-04/3.20e-05 | cuda_peak(alloc/resv) 4.09/5.12GB | phase(train/val/raw/train_eval) 2.6/0.4/0.5/0.0s | 3.5s
2026-08-30 03:45:01 | New best val_f1_macro_present: raw=0.5945 stable_score=0.2285 at epoch 3
2026-08-30 03:45:05 | Epoch 004/060 | loss 2.1653 | cls 1.9456 | tal 0.0916 | dual_g 0.1923 | dual_d 0.0000 | train_acc 0.7667 | train_full n/a | val_acc 0.8250 | val_f1 0.7774 | adv/moduleC 0.00/0.12 | disc_steps 0 | grad(main/disc) 18.106/0.000 | lr(main/disc) 1.00e-04/3.20e-05 | cuda_peak(alloc/resv) 4.09/5.12GB | phase(train/val/raw/train_eval) 2.6/0.4/0.4/0.0s | 3.5s
2026-08-30 03:45:07 | New best val_f1_macro_present: raw=0.7774 stable_score=0.5945 at epoch 4
2026-08-30 03:45:11 | Epoch 005/060 | loss 2.0288 | cls 1.7117 | tal -0.0159 | dual_g 0.3219 | dual_d 0.0000 | train_acc 0.8104 | train_full 0.8882 | val_acc 0.8583 | val_f1 0.8240 | adv/moduleC 0.00/0.25 | disc_steps 0 | grad(main/disc) 16.870/0.000 | lr(main/disc) 1.00e-04/3.20e-05 | cuda_peak(alloc/resv) 4.09/5.12GB | phase(train/val/raw/train_eval) 2.7/0.4/0.4/0.7s | 4.2s
2026-08-30 03:45:15 | Epoch 006/060 | loss 1.7561 | cls 1.3600 | tal -0.0168 | dual_g 0.4011 | dual_d 0.9106 | train_acc 0.9271 | train_full n/a | val_acc 0.8583 | val_f1 0.8175 | adv/moduleC 0.07/0.38 | disc_steps 15 | grad(main/disc) 13.944/1.988 | lr(main/disc) 1.00e-04/3.20e-05 | cuda_peak(alloc/resv) 4.09/5.12GB | phase(train/val/raw/train_eval) 2.7/0.4/0.4/0.0s | 3.5s
2026-08-30 03:45:17 | New best val_f1_macro_present: raw=0.8175 stable_score=0.7774 at epoch 6
2026-08-30 03:45:21 | Epoch 007/060 | loss 1.7797 | cls 1.2885 | tal -0.0029 | dual_g 0.4921 | dual_d 0.8233 | train_acc 0.9333 | train_full n/a | val_acc 0.9333 | val_f1 0.9071 | adv/moduleC 0.13/0.50 | disc_steps 15 | grad(main/disc) 15.554/1.820 | lr(main/disc) 1.00e-04/3.20e-05 | cuda_peak(alloc/resv) 4.09/5.12GB | phase(train/val/raw/train_eval) 2.7/0.4/0.4/0.0s | 3.6s
2026-08-30 03:45:23 | New best val_f1_macro_present: raw=0.9071 stable_score=0.8175 at epoch 7
2026-08-30 03:45:26 | Epoch 008/060 | loss 1.7924 | cls 1.2054 | tal 0.0815 | dual_g 0.5625 | dual_d 0.8236 | train_acc 0.9313 | train_full n/a | val_acc 0.9250 | val_f1 0.9091 | adv/moduleC 0.20/0.62 | disc_steps 15 | grad(main/disc) 13.714/1.817 | lr(main/disc) 1.00e-04/3.20e-05 | cuda_peak(alloc/resv) 4.09/5.12GB | phase(train/val/raw/train_eval) 2.6/0.4/0.0/0.0s | 3.0s
2026-08-30 03:45:29 | Epoch 009/060 | loss 1.6347 | cls 1.0337 | tal 0.0100 | dual_g 0.5980 | dual_d 0.7787 | train_acc 0.9500 | train_full n/a | val_acc 0.9667 | val_f1 0.9456 | adv/moduleC 0.27/0.75 | disc_steps 15 | grad(main/disc) 11.547/1.736 | lr(main/disc) 1.00e-04/3.20e-05 | cuda_peak(alloc/resv) 4.09/5.12GB | phase(train/val/raw/train_eval) 2.6/0.4/0.4/0.0s | 3.5s
2026-08-30 03:45:32 | New best val_f1_macro_present: raw=0.9456 stable_score=0.9071 at epoch 9
2026-08-30 03:45:36 | Epoch 010/060 | loss 1.7309 | cls 1.0233 | tal 0.0649 | dual_g 0.6881 | dual_d 0.7832 | train_acc 0.9646 | train_full 0.9634 | val_acc 0.9333 | val_f1 0.9082 | adv/moduleC 0.33/0.88 | disc_steps 15 | grad(main/disc) 12.015/1.728 | lr(main/disc) 1.00e-04/3.20e-05 | cuda_peak(alloc/resv) 4.09/5.12GB | phase(train/val/raw/train_eval) 2.6/0.4/0.4/0.7s | 4.1s
2026-08-30 03:45:38 | New best val_f1_macro_present: raw=0.9082 stable_score=0.9082 at epoch 10
2026-08-30 03:45:41 | Epoch 011/060 | loss 1.6850 | cls 0.9375 | tal 0.0724 | dual_g 0.7259 | dual_d 0.7738 | train_acc 0.9875 | train_full n/a | val_acc 0.9583 | val_f1 0.9278 | adv/moduleC 0.40/1.00 | disc_steps 15 | grad(main/disc) 10.196/1.709 | lr(main/disc) 1.00e-04/3.20e-05 | cuda_peak(alloc/resv) 4.09/5.12GB | phase(train/val/raw/train_eval) 2.7/0.4/0.0/0.0s | 3.1s
2026-08-30 03:45:44 | Epoch 012/060 | loss 1.7020 | cls 0.9565 | tal 0.0748 | dual_g 0.7231 | dual_d 0.7679 | train_acc 0.9708 | train_full n/a | val_acc 0.9833 | val_f1 0.9714 | adv/moduleC 0.47/1.00 | disc_steps 15 | grad(main/disc) 11.375/1.710 | lr(main/disc) 1.00e-04/3.20e-05 | cuda_peak(alloc/resv) 4.09/5.12GB | phase(train/val/raw/train_eval) 2.7/0.4/0.0/0.0s | 3.2s
2026-08-30 03:45:48 | Epoch 013/060 | loss 1.6383 | cls 0.9163 | tal 0.0426 | dual_g 0.7092 | dual_d 0.7721 | train_acc 0.9854 | train_full n/a | val_acc 0.9750 | val_f1 0.9749 | adv/moduleC 0.53/1.00 | disc_steps 15 | grad(main/disc) 9.804/1.694 | lr(main/disc) 1.00e-04/3.20e-05 | cuda_peak(alloc/resv) 4.09/5.12GB | phase(train/val/raw/train_eval) 2.6/0.4/0.4/0.0s | 3.4s
2026-08-30 03:45:50 | New best val_f1_macro_present: raw=0.9749 stable_score=0.9278 at epoch 13
2026-08-30 03:45:53 | Epoch 014/060 | loss 1.5770 | cls 0.8979 | tal -0.0348 | dual_g 0.6895 | dual_d 0.8158 | train_acc 0.9854 | train_full n/a | val_acc 0.9667 | val_f1 0.9569 | adv/moduleC 0.60/1.00 | disc_steps 15 | grad(main/disc) 10.104/1.701 | lr(main/disc) 1.00e-04/3.20e-05 | cuda_peak(alloc/resv) 4.09/5.12GB | phase(train/val/raw/train_eval) 2.7/0.4/0.4/0.0s | 3.6s
2026-08-30 03:45:56 | New best val_f1_macro_present: raw=0.9569 stable_score=0.9569 at epoch 14
2026-08-30 03:46:00 | Epoch 015/060 | loss 1.6054 | cls 0.9106 | tal 0.0415 | dual_g 0.6823 | dual_d 0.8280 | train_acc 0.9792 | train_full 0.9935 | val_acc 0.9917 | val_f1 0.9917 | adv/moduleC 0.67/1.00 | disc_steps 15 | grad(main/disc) 9.049/1.757 | lr(main/disc) 1.00e-04/3.20e-05 | cuda_peak(alloc/resv) 4.09/5.12GB | phase(train/val/raw/train_eval) 2.6/0.4/0.4/0.7s | 4.1s
2026-08-30 03:46:03 | Epoch 016/060 | loss 1.5686 | cls 0.8762 | tal -0.0229 | dual_g 0.6993 | dual_d 0.8698 | train_acc 0.9917 | train_full n/a | val_acc 0.9833 | val_f1 0.9714 | adv/moduleC 0.73/1.00 | disc_steps 15 | grad(main/disc) 8.866/1.760 | lr(main/disc) 1.00e-04/3.20e-05 | cuda_peak(alloc/resv) 4.09/5.12GB | phase(train/val/raw/train_eval) 2.6/0.4/0.0/0.0s | 3.0s
2026-08-30 03:46:06 | Epoch 017/060 | loss 1.4759 | cls 0.8206 | tal 0.0066 | dual_g 0.6533 | dual_d 0.8122 | train_acc 0.9958 | train_full n/a | val_acc 0.9917 | val_f1 0.9827 | adv/moduleC 0.80/1.00 | disc_steps 15 | grad(main/disc) 5.499/1.676 | lr(main/disc) 1.00e-04/3.20e-05 | cuda_peak(alloc/resv) 4.09/5.12GB | phase(train/val/raw/train_eval) 2.6/0.4/0.4/0.0s | 3.5s
2026-08-30 03:46:08 | New best val_f1_macro_present: raw=0.9827 stable_score=0.9714 at epoch 17
2026-08-30 03:46:11 | Epoch 018/060 | loss 1.5014 | cls 0.8529 | tal -0.0251 | dual_g 0.6561 | dual_d 0.8865 | train_acc 0.9958 | train_full n/a | val_acc 0.9750 | val_f1 0.9554 | adv/moduleC 0.87/1.00 | disc_steps 15 | grad(main/disc) 6.923/1.789 | lr(main/disc) 1.00e-04/3.20e-05 | cuda_peak(alloc/resv) 4.09/5.12GB | phase(train/val/raw/train_eval) 2.6/0.4/0.0/0.0s | 3.0s
2026-08-30 03:46:14 | Epoch 019/060 | loss 1.4448 | cls 0.8210 | tal -0.0475 | dual_g 0.6380 | dual_d 0.8887 | train_acc 0.9958 | train_full n/a | val_acc 0.9750 | val_f1 0.9659 | adv/moduleC 0.93/1.00 | disc_steps 15 | grad(main/disc) 4.832/1.742 | lr(main/disc) 1.00e-04/3.20e-05 | cuda_peak(alloc/resv) 4.09/5.12GB | phase(train/val/raw/train_eval) 2.6/0.4/0.0/0.0s | 3.0s
2026-08-30 03:46:19 | Epoch 020/060 | loss 1.4342 | cls 0.8240 | tal -0.1242 | dual_g 0.6474 | dual_d 0.9765 | train_acc 0.9917 | train_full 0.9935 | val_acc 0.9750 | val_f1 0.9554 | adv/moduleC 1.00/1.00 | disc_steps 15 | grad(main/disc) 5.416/1.870 | lr(main/disc) 1.00e-04/3.20e-05 | cuda_peak(alloc/resv) 4.09/5.12GB | phase(train/val/raw/train_eval) 2.8/0.4/0.4/0.7s | 4.4s
2026-08-30 03:46:22 | Epoch 021/060 | loss 1.3920 | cls 0.8085 | tal -0.1909 | dual_g 0.6407 | dual_d 0.9875 | train_acc 0.9979 | train_full n/a | val_acc 0.9917 | val_f1 0.9917 | adv/moduleC 1.00/1.00 | disc_steps 15 | grad(main/disc) 4.864/1.825 | lr(main/disc) 1.00e-04/3.20e-05 | cuda_peak(alloc/resv) 4.09/5.12GB | phase(train/val/raw/train_eval) 2.7/0.4/0.0/0.0s | 3.1s
2026-08-30 03:46:25 | Epoch 022/060 | loss 1.4155 | cls 0.8237 | tal -0.1585 | dual_g 0.6393 | dual_d 0.9491 | train_acc 0.9979 | train_full n/a | val_acc 0.9833 | val_f1 0.9757 | adv/moduleC 1.00/1.00 | disc_steps 15 | grad(main/disc) 5.534/1.776 | lr(main/disc) 1.00e-04/3.20e-05 | cuda_peak(alloc/resv) 4.09/5.12GB | phase(train/val/raw/train_eval) 2.6/0.4/0.0/0.0s | 3.0s
2026-08-30 03:46:29 | Epoch 023/060 | loss 1.3895 | cls 0.8078 | tal -0.1791 | dual_g 0.6354 | dual_d 0.9494 | train_acc 0.9958 | train_full n/a | val_acc 0.9750 | val_f1 0.9749 | adv/moduleC 1.00/1.00 | disc_steps 15 | grad(main/disc) 4.974/1.751 | lr(main/disc) 1.00e-04/3.20e-05 | cuda_peak(alloc/resv) 4.09/5.12GB | phase(train/val/raw/train_eval) 3.1/0.4/0.4/0.0s | 3.9s
2026-08-30 03:46:31 | New best val_f1_macro_present: raw=0.9749 stable_score=0.9749 at epoch 23
2026-08-30 03:46:34 | Epoch 024/060 | loss 1.3751 | cls 0.8026 | tal -0.2083 | dual_g 0.6350 | dual_d 0.9144 | train_acc 0.9958 | train_full n/a | val_acc 0.9833 | val_f1 0.9748 | adv/moduleC 1.00/1.00 | disc_steps 15 | grad(main/disc) 6.173/1.693 | lr(main/disc) 1.00e-04/3.20e-05 | cuda_peak(alloc/resv) 4.09/5.12GB | phase(train/val/raw/train_eval) 2.8/0.4/0.0/0.0s | 3.2s
2026-08-30 03:46:38 | Epoch 025/060 | loss 1.3590 | cls 0.8016 | tal -0.2457 | dual_g 0.6311 | dual_d 0.8917 | train_acc 0.9917 | train_full 0.9978 | val_acc 0.9833 | val_f1 0.9847 | adv/moduleC 1.00/1.00 | disc_steps 15 | grad(main/disc) 4.740/1.665 | lr(main/disc) 1.00e-04/3.20e-05 | cuda_peak(alloc/resv) 4.09/5.12GB | phase(train/val/raw/train_eval) 2.7/0.4/0.4/0.7s | 4.3s
2026-08-30 03:46:42 | Epoch 026/060 | loss 1.3422 | cls 0.7904 | tal -0.2254 | dual_g 0.6194 | dual_d 0.9014 | train_acc 1.0000 | train_full n/a | val_acc 0.9917 | val_f1 0.9827 | adv/moduleC 1.00/1.00 | disc_steps 15 | grad(main/disc) 4.026/1.665 | lr(main/disc) 1.00e-04/3.20e-05 | cuda_peak(alloc/resv) 4.09/5.12GB | phase(train/val/raw/train_eval) 2.8/0.4/0.0/0.0s | 3.2s
2026-08-30 03:46:45 | Epoch 027/060 | loss 1.3446 | cls 0.7924 | tal -0.2295 | dual_g 0.6210 | dual_d 0.9332 | train_acc 1.0000 | train_full n/a | val_acc 0.9833 | val_f1 0.9819 | adv/moduleC 1.00/1.00 | disc_steps 15 | grad(main/disc) 4.173/1.671 | lr(main/disc) 1.00e-04/3.20e-05 | cuda_peak(alloc/resv) 4.09/5.12GB | phase(train/val/raw/train_eval) 2.7/0.4/0.4/0.0s | 3.5s
2026-08-30 03:46:47 | New best val_f1_macro_present: raw=0.9819 stable_score=0.9819 at epoch 27
2026-08-30 03:46:50 | Epoch 028/060 | loss 1.3234 | cls 0.7772 | tal -0.1953 | dual_g 0.6048 | dual_d 0.9435 | train_acc 0.9979 | train_full n/a | val_acc 0.9833 | val_f1 0.9847 | adv/moduleC 1.00/1.00 | disc_steps 15 | grad(main/disc) 3.007/1.676 | lr(main/disc) 1.00e-04/3.20e-05 | cuda_peak(alloc/resv) 4.09/5.12GB | phase(train/val/raw/train_eval) 2.6/0.4/0.0/0.0s | 3.0s
2026-08-30 03:46:53 | Epoch 029/060 | loss 1.3442 | cls 0.7816 | tal -0.1606 | dual_g 0.6108 | dual_d 0.9220 | train_acc 0.9979 | train_full n/a | val_acc 0.9833 | val_f1 0.9847 | adv/moduleC 1.00/1.00 | disc_steps 15 | grad(main/disc) 3.219/1.650 | lr(main/disc) 1.00e-04/3.20e-05 | cuda_peak(alloc/resv) 4.09/5.12GB | phase(train/val/raw/train_eval) 2.6/0.4/0.0/0.0s | 3.0s
2026-08-30 03:46:57 | Epoch 030/060 | loss 1.3092 | cls 0.7719 | tal -0.2259 | dual_g 0.6051 | dual_d 0.9003 | train_acc 0.9979 | train_full 0.9978 | val_acc 0.9917 | val_f1 0.9917 | adv/moduleC 1.00/1.00 | disc_steps 15 | grad(main/disc) 3.118/1.568 | lr(main/disc) 1.00e-04/3.20e-05 | cuda_peak(alloc/resv) 4.09/5.12GB | phase(train/val/raw/train_eval) 2.5/0.4/0.4/0.7s | 4.1s
2026-08-30 03:47:00 | New best val_f1_macro_present: raw=0.9917 stable_score=0.9847 at epoch 30
2026-08-30 03:47:03 | Epoch 031/060 | loss 1.3026 | cls 0.7724 | tal -0.2511 | dual_g 0.6055 | dual_d 0.9252 | train_acc 0.9958 | train_full n/a | val_acc 0.9833 | val_f1 0.9729 | adv/moduleC 1.00/1.00 | disc_steps 15 | grad(main/disc) 3.511/1.607 | lr(main/disc) 1.00e-04/3.20e-05 | cuda_peak(alloc/resv) 4.09/5.12GB | phase(train/val/raw/train_eval) 2.6/0.4/0.0/0.0s | 3.1s
2026-08-30 03:47:06 | Epoch 032/060 | loss 1.2841 | cls 0.7668 | tal -0.2745 | dual_g 0.5996 | dual_d 0.9007 | train_acc 0.9979 | train_full n/a | val_acc 0.9833 | val_f1 0.9819 | adv/moduleC 1.00/1.00 | disc_steps 15 | grad(main/disc) 3.010/1.569 | lr(main/disc) 1.00e-04/3.20e-05 | cuda_peak(alloc/resv) 4.09/5.12GB | phase(train/val/raw/train_eval) 2.7/0.4/0.0/0.0s | 3.1s
2026-08-30 03:47:09 | Epoch 033/060 | loss 1.3243 | cls 0.7673 | tal -0.1391 | dual_g 0.5988 | dual_d 0.9227 | train_acc 0.9958 | train_full n/a | val_acc 0.9833 | val_f1 0.9847 | adv/moduleC 1.00/1.00 | disc_steps 15 | grad(main/disc) 3.332/1.574 | lr(main/disc) 1.00e-04/3.20e-05 | cuda_peak(alloc/resv) 4.09/5.12GB | phase(train/val/raw/train_eval) 2.6/0.4/0.0/0.0s | 3.0s
2026-08-30 03:47:12 | Epoch 034/060 | loss 1.3448 | cls 0.7667 | tal -0.0817 | dual_g 0.6026 | dual_d 0.9404 | train_acc 0.9979 | train_full n/a | val_acc 0.9917 | val_f1 0.9917 | adv/moduleC 1.00/1.00 | disc_steps 15 | grad(main/disc) 3.114/1.580 | lr(main/disc) 1.00e-04/3.20e-05 | cuda_peak(alloc/resv) 4.09/5.12GB | phase(train/val/raw/train_eval) 2.9/0.4/0.0/0.0s | 3.3s
2026-08-30 03:47:16 | Epoch 035/060 | loss 1.3316 | cls 0.7596 | tal -0.0718 | dual_g 0.5935 | dual_d 0.9080 | train_acc 1.0000 | train_full 1.0000 | val_acc 0.9917 | val_f1 0.9827 | adv/moduleC 1.00/1.00 | disc_steps 15 | grad(main/disc) 2.701/1.587 | lr(main/disc) 1.00e-04/3.20e-05 | cuda_peak(alloc/resv) 4.09/5.12GB | phase(train/val/raw/train_eval) 2.7/0.4/0.4/0.7s | 4.2s
2026-08-30 03:47:19 | Epoch 036/060 | loss 1.3077 | cls 0.7581 | tal -0.1316 | dual_g 0.5891 | dual_d 0.9160 | train_acc 0.9979 | train_full n/a | val_acc 0.9917 | val_f1 0.9917 | adv/moduleC 1.00/1.00 | disc_steps 15 | grad(main/disc) 2.505/1.545 | lr(main/disc) 1.00e-04/3.20e-05 | cuda_peak(alloc/resv) 4.09/5.12GB | phase(train/val/raw/train_eval) 2.7/0.4/0.0/0.0s | 3.1s
2026-08-30 03:47:22 | Epoch 037/060 | loss 1.2932 | cls 0.7621 | tal -0.2161 | dual_g 0.5960 | dual_d 0.9000 | train_acc 1.0000 | train_full n/a | val_acc 0.9833 | val_f1 0.9714 | adv/moduleC 1.00/1.00 | disc_steps 15 | grad(main/disc) 3.008/1.496 | lr(main/disc) 1.00e-04/3.20e-05 | cuda_peak(alloc/resv) 4.09/5.12GB | phase(train/val/raw/train_eval) 2.7/0.4/0.0/0.0s | 3.1s
2026-08-30 03:47:26 | Epoch 038/060 | loss 1.2765 | cls 0.7556 | tal -0.2531 | dual_g 0.5968 | dual_d 0.8841 | train_acc 1.0000 | train_full n/a | val_acc 0.9917 | val_f1 0.9917 | adv/moduleC 1.00/1.00 | disc_steps 15 | grad(main/disc) 2.732/1.440 | lr(main/disc) 1.00e-04/3.20e-05 | cuda_peak(alloc/resv) 4.09/5.12GB | phase(train/val/raw/train_eval) 2.7/0.4/0.0/0.0s | 3.1s
2026-08-30 03:47:29 | Epoch 039/060 | loss 1.2365 | cls 0.7417 | tal -0.3025 | dual_g 0.5856 | dual_d 0.8720 | train_acc 1.0000 | train_full n/a | val_acc 0.9917 | val_f1 0.9827 | adv/moduleC 1.00/1.00 | disc_steps 15 | grad(main/disc) 1.954/1.404 | lr(main/disc) 5.00e-05/1.60e-05 | cuda_peak(alloc/resv) 4.09/5.12GB | phase(train/val/raw/train_eval) 2.6/0.4/0.0/0.0s | 3.0s
2026-08-30 03:47:33 | Epoch 040/060 | loss 1.2767 | cls 0.7571 | tal -0.2139 | dual_g 0.5837 | dual_d 0.8853 | train_acc 1.0000 | train_full 1.0000 | val_acc 0.9917 | val_f1 0.9917 | adv/moduleC 1.00/1.00 | disc_steps 15 | grad(main/disc) 2.295/1.435 | lr(main/disc) 5.00e-05/1.60e-05 | cuda_peak(alloc/resv) 4.09/5.12GB | phase(train/val/raw/train_eval) 2.7/0.4/0.4/0.7s | 4.2s
2026-08-30 03:47:36 | Epoch 041/060 | loss 1.2681 | cls 0.7476 | tal -0.2047 | dual_g 0.5819 | dual_d 0.8577 | train_acc 1.0000 | train_full n/a | val_acc 0.9917 | val_f1 0.9917 | adv/moduleC 1.00/1.00 | disc_steps 15 | grad(main/disc) 2.369/1.403 | lr(main/disc) 5.00e-05/1.60e-05 | cuda_peak(alloc/resv) 4.09/5.12GB | phase(train/val/raw/train_eval) 2.6/0.4/0.0/0.0s | 3.0s
2026-08-30 03:47:39 | Epoch 042/060 | loss 1.2670 | cls 0.7461 | tal -0.2028 | dual_g 0.5817 | dual_d 0.8531 | train_acc 1.0000 | train_full n/a | val_acc 0.9917 | val_f1 0.9917 | adv/moduleC 1.00/1.00 | disc_steps 15 | grad(main/disc) 1.872/1.418 | lr(main/disc) 5.00e-05/1.60e-05 | cuda_peak(alloc/resv) 4.09/5.12GB | phase(train/val/raw/train_eval) 2.7/0.4/0.4/0.0s | 3.5s
2026-08-30 03:47:42 | New best val_f1_macro_present: raw=0.9917 stable_score=0.9917 at epoch 42
2026-08-30 03:47:45 | Epoch 043/060 | loss 1.2498 | cls 0.7586 | tal -0.3273 | dual_g 0.5893 | dual_d 0.8965 | train_acc 0.9979 | train_full n/a | val_acc 0.9917 | val_f1 0.9917 | adv/moduleC 1.00/1.00 | disc_steps 15 | grad(main/disc) 3.316/1.459 | lr(main/disc) 5.00e-05/1.60e-05 | cuda_peak(alloc/resv) 4.09/5.12GB | phase(train/val/raw/train_eval) 2.6/0.4/0.0/0.0s | 3.1s
2026-08-30 03:47:48 | Epoch 044/060 | loss 1.2043 | cls 0.7398 | tal -0.3733 | dual_g 0.5765 | dual_d 0.9177 | train_acc 1.0000 | train_full n/a | val_acc 0.9917 | val_f1 0.9917 | adv/moduleC 1.00/1.00 | disc_steps 15 | grad(main/disc) 1.783/1.481 | lr(main/disc) 5.00e-05/1.60e-05 | cuda_peak(alloc/resv) 4.09/5.12GB | phase(train/val/raw/train_eval) 2.7/0.4/0.0/0.0s | 3.1s
2026-08-30 03:47:52 | Epoch 045/060 | loss 1.2430 | cls 0.7531 | tal -0.3122 | dual_g 0.5835 | dual_d 0.9057 | train_acc 1.0000 | train_full 1.0000 | val_acc 0.9917 | val_f1 0.9917 | adv/moduleC 1.00/1.00 | disc_steps 15 | grad(main/disc) 2.598/1.465 | lr(main/disc) 5.00e-05/1.60e-05 | cuda_peak(alloc/resv) 4.09/5.12GB | phase(train/val/raw/train_eval) 2.6/0.4/0.4/0.7s | 4.2s
2026-08-30 03:47:55 | Epoch 046/060 | loss 1.2491 | cls 0.7469 | tal -0.2675 | dual_g 0.5824 | dual_d 0.8763 | train_acc 0.9979 | train_full n/a | val_acc 0.9917 | val_f1 0.9917 | adv/moduleC 1.00/1.00 | disc_steps 15 | grad(main/disc) 2.415/1.411 | lr(main/disc) 5.00e-05/1.60e-05 | cuda_peak(alloc/resv) 4.09/5.12GB | phase(train/val/raw/train_eval) 2.7/0.4/0.0/0.0s | 3.1s
2026-08-30 03:47:58 | Epoch 047/060 | loss 1.2335 | cls 0.7412 | tal -0.2793 | dual_g 0.5760 | dual_d 0.8870 | train_acc 1.0000 | train_full n/a | val_acc 0.9917 | val_f1 0.9917 | adv/moduleC 1.00/1.00 | disc_steps 15 | grad(main/disc) 1.655/1.404 | lr(main/disc) 5.00e-05/1.60e-05 | cuda_peak(alloc/resv) 4.09/5.12GB | phase(train/val/raw/train_eval) 2.8/0.4/0.0/0.0s | 3.2s
2026-08-30 03:48:01 | Epoch 048/060 | loss 1.2507 | cls 0.7467 | tal -0.2442 | dual_g 0.5772 | dual_d 0.8793 | train_acc 1.0000 | train_full n/a | val_acc 0.9917 | val_f1 0.9917 | adv/moduleC 1.00/1.00 | disc_steps 15 | grad(main/disc) 2.098/1.392 | lr(main/disc) 2.50e-05/8.00e-06 | cuda_peak(alloc/resv) 4.09/5.12GB | phase(train/val/raw/train_eval) 2.7/0.4/0.0/0.0s | 3.1s
2026-08-30 03:48:04 | Epoch 049/060 | loss 1.2435 | cls 0.7457 | tal -0.2491 | dual_g 0.5725 | dual_d 0.8832 | train_acc 1.0000 | train_full n/a | val_acc 0.9917 | val_f1 0.9917 | adv/moduleC 1.00/1.00 | disc_steps 15 | grad(main/disc) 2.171/1.408 | lr(main/disc) 2.50e-05/8.00e-06 | cuda_peak(alloc/resv) 4.09/5.12GB | phase(train/val/raw/train_eval) 2.7/0.4/0.0/0.0s | 3.1s
2026-08-30 03:48:09 | Epoch 050/060 | loss 1.2444 | cls 0.7435 | tal -0.2578 | dual_g 0.5783 | dual_d 0.8756 | train_acc 0.9979 | train_full 1.0000 | val_acc 0.9833 | val_f1 0.9847 | adv/moduleC 1.00/1.00 | disc_steps 15 | grad(main/disc) 2.137/1.384 | lr(main/disc) 2.50e-05/8.00e-06 | cuda_peak(alloc/resv) 4.09/5.12GB | phase(train/val/raw/train_eval) 2.7/0.4/0.4/0.7s | 4.2s
2026-08-30 03:48:12 | Epoch 051/060 | loss 1.2379 | cls 0.7446 | tal -0.2856 | dual_g 0.5790 | dual_d 0.8815 | train_acc 0.9979 | train_full n/a | val_acc 0.9917 | val_f1 0.9917 | adv/moduleC 1.00/1.00 | disc_steps 15 | grad(main/disc) 2.303/1.402 | lr(main/disc) 2.50e-05/8.00e-06 | cuda_peak(alloc/resv) 4.09/5.12GB | phase(train/val/raw/train_eval) 2.7/0.4/0.0/0.0s | 3.1s
2026-08-30 03:48:15 | Epoch 052/060 | loss 1.2258 | cls 0.7378 | tal -0.2787 | dual_g 0.5716 | dual_d 0.8531 | train_acc 1.0000 | train_full n/a | val_acc 0.9917 | val_f1 0.9917 | adv/moduleC 1.00/1.00 | disc_steps 15 | grad(main/disc) 1.579/1.362 | lr(main/disc) 2.50e-05/8.00e-06 | cuda_peak(alloc/resv) 4.09/5.12GB | phase(train/val/raw/train_eval) 2.6/0.4/0.0/0.0s | 3.0s
2026-08-30 03:48:18 | Epoch 053/060 | loss 1.2386 | cls 0.7408 | tal -0.2560 | dual_g 0.5746 | dual_d 0.8916 | train_acc 1.0000 | train_full n/a | val_acc 0.9917 | val_f1 0.9917 | adv/moduleC 1.00/1.00 | disc_steps 15 | grad(main/disc) 2.024/1.408 | lr(main/disc) 2.50e-05/8.00e-06 | cuda_peak(alloc/resv) 4.09/5.12GB | phase(train/val/raw/train_eval) 2.7/0.4/0.0/0.0s | 3.1s
2026-08-30 03:48:21 | Epoch 054/060 | loss 1.2369 | cls 0.7340 | tal -0.2299 | dual_g 0.5718 | dual_d 0.8677 | train_acc 1.0000 | train_full n/a | val_acc 0.9917 | val_f1 0.9917 | adv/moduleC 1.00/1.00 | disc_steps 15 | grad(main/disc) 1.484/1.378 | lr(main/disc) 2.50e-05/8.00e-06 | cuda_peak(alloc/resv) 4.09/5.12GB | phase(train/val/raw/train_eval) 2.8/0.4/0.0/0.0s | 3.3s
2026-08-30 03:48:25 | Epoch 055/060 | loss 1.2570 | cls 0.7370 | tal -0.1742 | dual_g 0.5722 | dual_d 0.8733 | train_acc 1.0000 | train_full 1.0000 | val_acc 0.9917 | val_f1 0.9917 | adv/moduleC 1.00/1.00 | disc_steps 15 | grad(main/disc) 1.690/1.365 | lr(main/disc) 2.50e-05/8.00e-06 | cuda_peak(alloc/resv) 4.09/5.12GB | phase(train/val/raw/train_eval) 2.6/0.4/0.4/0.7s | 4.1s
2026-08-30 03:48:28 | Epoch 056/060 | loss 1.2535 | cls 0.7387 | tal -0.1888 | dual_g 0.5715 | dual_d 0.8931 | train_acc 1.0000 | train_full n/a | val_acc 0.9917 | val_f1 0.9917 | adv/moduleC 1.00/1.00 | disc_steps 15 | grad(main/disc) 1.853/1.410 | lr(main/disc) 2.50e-05/8.00e-06 | cuda_peak(alloc/resv) 4.09/5.12GB | phase(train/val/raw/train_eval) 2.7/0.4/0.0/0.0s | 3.1s
2026-08-30 03:48:31 | Epoch 057/060 | loss 1.2527 | cls 0.7361 | tal -0.1900 | dual_g 0.5736 | dual_d 0.8972 | train_acc 1.0000 | train_full n/a | val_acc 0.9917 | val_f1 0.9917 | adv/moduleC 1.00/1.00 | disc_steps 15 | grad(main/disc) 1.959/1.398 | lr(main/disc) 1.25e-05/4.00e-06 | cuda_peak(alloc/resv) 4.09/5.12GB | phase(train/val/raw/train_eval) 2.6/0.4/0.0/0.0s | 3.0s
2026-08-30 03:48:31 | Early stopping at epoch 57 after 15 epochs without val_f1_macro_present improvement.
2026-08-30 03:48:31 | Training complete. Peak validation accuracy: 0.9917 | selected val_f1_macro_present: 0.9917
