2026-08-27 16:39:14 | Starting Dual_D standalone training
2026-08-27 16:39:14 | Run directory: runs/module_c_ablation_60_v5/module_c_20260827_121947/module_c_no_classification_feedback_逆光_20260827_162556
2026-08-27 16:39:14 | Device: cuda
2026-08-27 16:39:15 | Source train samples: 992
2026-08-27 16:39:15 | Target train samples: 132
2026-08-27 16:39:15 | Target val samples: 37
2026-08-27 16:39:15 | Classes: 14
2026-08-27 16:39:15 | Data audit: same_dir=False | path_overlap(vis/ir/ais)=0/0/0 | content_overlap(vis/ir/ais)=0/0/0 | ais_index_overlap=0 | stem_mismatch(vis-ir/vis-ais)=157/0
2026-08-27 16:39:15 | source_train classes: present 14/14 | absent 0 | counts [0:120, 1:44, 2:69, 3:45, 4:40, 5:30, 6:64, 7:80, 8:116, 9:68, 10:57, 11:83, 12:48, 13:128]
2026-08-27 16:39:15 | target_train classes: present 9/14 | absent 5 | counts [0:20, 2:12, 4:12, 5:2, 9:16, 10:16, 11:29, 12:4, 13:21]
2026-08-27 16:39:15 | target_val classes: present 9/14 | absent 5 | counts [0:6, 2:3, 4:4, 5:1, 9:4, 10:4, 11:8, 12:1, 13:6]
2026-08-27 16:39:15 | Paired training classes: 9/14 | class ids [0, 2, 4, 5, 9, 10, 11, 12, 13]
2026-08-27 16:39:15 | Runtime profile: batch=92 | paired_steps=3 | workers=16 | train_eval_every=5 | raw_eval_every=5 | early_stop=15 after min_epoch=25
2026-08-27 16:39:15 | VIS/IR pairing: class-level-unpaired | count-mismatch classes train/val: 10/1 | AIS alignment: none | AIS rows train/val: 0/0
2026-08-27 16:39:15 | Model parameters: total=17277714 | trainable=17120210
2026-08-27 16:39:20 | Epoch 001/060 | loss 5.7760 | cls 5.8030 | tal -0.0900 | dual_g 0.0000 | dual_d 0.0000 | train_acc 0.0580 | train_full 0.0152 | val_acc 0.0000 | val_f1 0.0000 | adv/moduleC 0.00/0.00 | disc_steps 0 | grad(main/disc) 15.858/0.000 | lr(main/disc) 7.00e-05/3.50e-05 | cuda_peak(alloc/resv) 21.77/28.19GB | phase(train/val/raw/train_eval) 3.5/0.5/0.5/0.8s | 5.2s
2026-08-27 16:39:23 | New best val_f1_macro_present: 0.0000 at epoch 1
2026-08-27 16:39:27 | Epoch 002/060 | loss 4.9516 | cls 5.0073 | tal -0.1858 | dual_g 0.0000 | dual_d 0.0000 | train_acc 0.1196 | train_full n/a | val_acc 0.0541 | val_f1 0.0404 | adv/moduleC 0.00/0.00 | disc_steps 0 | grad(main/disc) 14.084/0.000 | lr(main/disc) 7.00e-05/3.50e-05 | cuda_peak(alloc/resv) 21.77/28.19GB | phase(train/val/raw/train_eval) 2.8/0.5/0.5/0.0s | 3.8s
2026-08-27 16:39:30 | New best val_f1_macro_present: 0.0404 at epoch 2
2026-08-27 16:39:34 | Epoch 003/060 | loss 4.4272 | cls 4.4842 | tal -0.1900 | dual_g 0.0000 | dual_d 0.0000 | train_acc 0.2210 | train_full n/a | val_acc 0.1081 | val_f1 0.0620 | adv/moduleC 0.00/0.00 | disc_steps 0 | grad(main/disc) 12.128/0.000 | lr(main/disc) 7.00e-05/3.50e-05 | cuda_peak(alloc/resv) 21.77/28.19GB | phase(train/val/raw/train_eval) 2.8/0.6/0.6/0.0s | 4.0s
2026-08-27 16:39:37 | New best val_f1_macro_present: 0.0620 at epoch 3
2026-08-27 16:39:41 | Epoch 004/060 | loss 4.2164 | cls 4.2556 | tal -0.1308 | dual_g 0.0000 | dual_d 0.0000 | train_acc 0.2971 | train_full n/a | val_acc 0.1892 | val_f1 0.1207 | adv/moduleC 0.00/0.00 | disc_steps 0 | grad(main/disc) 11.062/0.000 | lr(main/disc) 7.00e-05/3.50e-05 | cuda_peak(alloc/resv) 21.77/28.19GB | phase(train/val/raw/train_eval) 3.0/0.6/0.6/0.0s | 4.1s
2026-08-27 16:39:44 | New best val_f1_macro_present: 0.1207 at epoch 4
2026-08-27 16:39:48 | Epoch 005/060 | loss 3.8642 | cls 3.9002 | tal -0.1201 | dual_g 0.0000 | dual_d 0.0000 | train_acc 0.3116 | train_full 0.2348 | val_acc 0.1892 | val_f1 0.1222 | adv/moduleC 0.00/0.00 | disc_steps 0 | grad(main/disc) 10.843/0.000 | lr(main/disc) 7.00e-05/3.50e-05 | cuda_peak(alloc/resv) 21.77/28.19GB | phase(train/val/raw/train_eval) 2.8/0.6/0.6/0.8s | 4.7s
2026-08-27 16:39:51 | New best val_f1_macro_present: 0.1222 at epoch 5
2026-08-27 16:39:55 | Epoch 006/060 | loss 3.6188 | cls 3.6069 | tal -0.0928 | dual_g 0.0397 | dual_d 0.8268 | train_acc 0.3913 | train_full n/a | val_acc 0.3784 | val_f1 0.3414 | adv/moduleC 0.05/0.10 | disc_steps 1 | grad(main/disc) 9.633/1.589 | lr(main/disc) 7.00e-05/3.50e-05 | cuda_peak(alloc/resv) 21.77/28.19GB | phase(train/val/raw/train_eval) 3.0/0.6/0.6/0.0s | 4.2s
2026-08-27 16:39:58 | New best val_f1_macro_present: 0.3414 at epoch 6
2026-08-27 16:40:02 | Epoch 007/060 | loss 3.4903 | cls 3.4611 | tal -0.1612 | dual_g 0.0775 | dual_d 0.8546 | train_acc 0.3188 | train_full n/a | val_acc 0.4595 | val_f1 0.4233 | adv/moduleC 0.10/0.20 | disc_steps 1 | grad(main/disc) 9.805/1.740 | lr(main/disc) 7.00e-05/3.50e-05 | cuda_peak(alloc/resv) 21.77/28.19GB | phase(train/val/raw/train_eval) 2.9/0.6/0.6/0.0s | 4.1s
2026-08-27 16:40:05 | New best val_f1_macro_present: 0.4233 at epoch 7
2026-08-27 16:40:10 | Epoch 008/060 | loss 3.3623 | cls 3.3101 | tal -0.2069 | dual_g 0.1143 | dual_d 0.8231 | train_acc 0.4058 | train_full n/a | val_acc 0.4595 | val_f1 0.4722 | adv/moduleC 0.15/0.30 | disc_steps 1 | grad(main/disc) 9.383/1.646 | lr(main/disc) 7.00e-05/3.50e-05 | cuda_peak(alloc/resv) 21.77/28.19GB | phase(train/val/raw/train_eval) 3.2/0.6/0.6/0.0s | 4.4s
2026-08-27 16:40:13 | New best val_f1_macro_present: 0.4722 at epoch 8
2026-08-27 16:40:17 | Epoch 009/060 | loss 3.2611 | cls 3.1707 | tal -0.1942 | dual_g 0.1487 | dual_d 0.8334 | train_acc 0.4529 | train_full n/a | val_acc 0.5676 | val_f1 0.5550 | adv/moduleC 0.20/0.40 | disc_steps 1 | grad(main/disc) 9.702/1.604 | lr(main/disc) 7.00e-05/3.50e-05 | cuda_peak(alloc/resv) 21.77/28.19GB | phase(train/val/raw/train_eval) 2.8/0.6/0.6/0.0s | 4.0s
2026-08-27 16:40:20 | New best val_f1_macro_present: 0.5550 at epoch 9
2026-08-27 16:40:25 | Epoch 010/060 | loss 2.9509 | cls 2.8357 | tal -0.2268 | dual_g 0.1833 | dual_d 0.7945 | train_acc 0.5181 | train_full 0.7121 | val_acc 0.6757 | val_f1 0.7318 | adv/moduleC 0.25/0.50 | disc_steps 1 | grad(main/disc) 8.556/1.567 | lr(main/disc) 7.00e-05/3.50e-05 | cuda_peak(alloc/resv) 21.77/28.19GB | phase(train/val/raw/train_eval) 3.1/0.6/0.6/0.8s | 5.0s
2026-08-27 16:40:28 | New best val_f1_macro_present: 0.7318 at epoch 10
2026-08-27 16:40:32 | Epoch 011/060 | loss 2.8523 | cls 2.7114 | tal -0.2426 | dual_g 0.2137 | dual_d 0.8242 | train_acc 0.5688 | train_full n/a | val_acc 0.6757 | val_f1 0.7412 | adv/moduleC 0.30/0.60 | disc_steps 1 | grad(main/disc) 8.305/1.575 | lr(main/disc) 7.00e-05/3.50e-05 | cuda_peak(alloc/resv) 21.77/28.19GB | phase(train/val/raw/train_eval) 3.1/0.6/0.6/0.0s | 4.3s
2026-08-27 16:40:35 | New best val_f1_macro_present: 0.7412 at epoch 11
2026-08-27 16:40:38 | Epoch 012/060 | loss 2.8111 | cls 2.6291 | tal -0.2035 | dual_g 0.2431 | dual_d 0.8445 | train_acc 0.5833 | train_full n/a | val_acc 0.7838 | val_f1 0.8135 | adv/moduleC 0.35/0.70 | disc_steps 1 | grad(main/disc) 7.978/1.599 | lr(main/disc) 7.00e-05/3.50e-05 | cuda_peak(alloc/resv) 21.77/28.19GB | phase(train/val/raw/train_eval) 2.6/0.6/0.6/0.0s | 3.8s
2026-08-27 16:40:41 | New best val_f1_macro_present: 0.8135 at epoch 12
2026-08-27 16:40:45 | Epoch 013/060 | loss 2.7648 | cls 2.5480 | tal -0.1826 | dual_g 0.2716 | dual_d 0.7626 | train_acc 0.6196 | train_full n/a | val_acc 0.7838 | val_f1 0.8135 | adv/moduleC 0.40/0.80 | disc_steps 1 | grad(main/disc) 7.914/1.480 | lr(main/disc) 7.00e-05/3.50e-05 | cuda_peak(alloc/resv) 21.77/28.19GB | phase(train/val/raw/train_eval) 3.0/0.6/0.0/0.0s | 3.5s
2026-08-27 16:40:48 | Epoch 014/060 | loss 2.7429 | cls 2.5053 | tal -0.2038 | dual_g 0.2988 | dual_d 0.8417 | train_acc 0.6196 | train_full n/a | val_acc 0.7838 | val_f1 0.8110 | adv/moduleC 0.45/0.90 | disc_steps 1 | grad(main/disc) 8.390/1.490 | lr(main/disc) 7.00e-05/3.50e-05 | cuda_peak(alloc/resv) 21.77/28.19GB | phase(train/val/raw/train_eval) 3.0/0.6/0.0/0.0s | 3.6s
2026-08-27 16:40:53 | Epoch 015/060 | loss 2.6705 | cls 2.3858 | tal -0.1406 | dual_g 0.3270 | dual_d 0.8396 | train_acc 0.6594 | train_full 0.8864 | val_acc 0.8108 | val_f1 0.8322 | adv/moduleC 0.50/1.00 | disc_steps 1 | grad(main/disc) 7.870/1.546 | lr(main/disc) 7.00e-05/3.50e-05 | cuda_peak(alloc/resv) 21.77/28.19GB | phase(train/val/raw/train_eval) 3.1/0.6/0.6/0.8s | 5.1s
2026-08-27 16:40:56 | New best val_f1_macro_present: 0.8322 at epoch 15
2026-08-27 16:41:00 | Epoch 016/060 | loss 2.6022 | cls 2.3216 | tal -0.1400 | dual_g 0.3226 | dual_d 0.8291 | train_acc 0.6413 | train_full n/a | val_acc 0.8649 | val_f1 0.8842 | adv/moduleC 0.55/1.00 | disc_steps 1 | grad(main/disc) 7.732/1.495 | lr(main/disc) 7.00e-05/3.50e-05 | cuda_peak(alloc/resv) 21.77/28.19GB | phase(train/val/raw/train_eval) 3.1/0.6/0.6/0.0s | 4.3s
2026-08-27 16:41:03 | New best val_f1_macro_present: 0.8842 at epoch 16
2026-08-27 16:41:07 | Epoch 017/060 | loss 2.6058 | cls 2.3083 | tal -0.0775 | dual_g 0.3208 | dual_d 0.8081 | train_acc 0.7138 | train_full n/a | val_acc 0.8378 | val_f1 0.8651 | adv/moduleC 0.60/1.00 | disc_steps 1 | grad(main/disc) 8.426/1.432 | lr(main/disc) 7.00e-05/3.50e-05 | cuda_peak(alloc/resv) 21.77/28.19GB | phase(train/val/raw/train_eval) 3.3/0.6/0.0/0.0s | 3.9s
2026-08-27 16:41:11 | Epoch 018/060 | loss 2.5605 | cls 2.2797 | tal -0.1165 | dual_g 0.3158 | dual_d 0.8789 | train_acc 0.6957 | train_full n/a | val_acc 0.8649 | val_f1 0.8685 | adv/moduleC 0.65/1.00 | disc_steps 1 | grad(main/disc) 8.286/1.565 | lr(main/disc) 7.00e-05/3.50e-05 | cuda_peak(alloc/resv) 21.77/28.19GB | phase(train/val/raw/train_eval) 2.9/0.6/0.0/0.0s | 3.5s
2026-08-27 16:41:15 | Epoch 019/060 | loss 2.4609 | cls 2.1814 | tal -0.1092 | dual_g 0.3123 | dual_d 0.8505 | train_acc 0.7065 | train_full n/a | val_acc 0.8649 | val_f1 0.8934 | adv/moduleC 0.70/1.00 | disc_steps 1 | grad(main/disc) 8.396/1.522 | lr(main/disc) 7.00e-05/3.50e-05 | cuda_peak(alloc/resv) 21.77/28.19GB | phase(train/val/raw/train_eval) 2.8/0.6/0.6/0.0s | 3.9s
2026-08-27 16:41:18 | New best val_f1_macro_present: 0.8934 at epoch 19
2026-08-27 16:41:23 | Epoch 020/060 | loss 2.3442 | cls 2.0638 | tal -0.0839 | dual_g 0.3056 | dual_d 0.8701 | train_acc 0.7536 | train_full 0.9394 | val_acc 0.8919 | val_f1 0.9134 | adv/moduleC 0.75/1.00 | disc_steps 1 | grad(main/disc) 7.476/1.561 | lr(main/disc) 7.00e-05/3.50e-05 | cuda_peak(alloc/resv) 21.77/28.19GB | phase(train/val/raw/train_eval) 3.3/0.6/0.6/0.8s | 5.3s
2026-08-27 16:41:26 | New best val_f1_macro_present: 0.9134 at epoch 20
2026-08-27 16:41:29 | Epoch 021/060 | loss 2.3541 | cls 2.0695 | tal -0.0534 | dual_g 0.3006 | dual_d 0.9381 | train_acc 0.7391 | train_full n/a | val_acc 0.8649 | val_f1 0.8896 | adv/moduleC 0.80/1.00 | disc_steps 1 | grad(main/disc) 7.329/1.587 | lr(main/disc) 7.00e-05/3.50e-05 | cuda_peak(alloc/resv) 21.77/28.19GB | phase(train/val/raw/train_eval) 2.8/0.6/0.0/0.0s | 3.4s
2026-08-27 16:41:32 | Epoch 022/060 | loss 2.2740 | cls 1.9860 | tal -0.0536 | dual_g 0.3041 | dual_d 0.9170 | train_acc 0.7826 | train_full n/a | val_acc 0.8919 | val_f1 0.9118 | adv/moduleC 0.85/1.00 | disc_steps 1 | grad(main/disc) 7.465/1.542 | lr(main/disc) 7.00e-05/3.50e-05 | cuda_peak(alloc/resv) 21.77/28.19GB | phase(train/val/raw/train_eval) 2.7/0.6/0.0/0.0s | 3.3s
2026-08-27 16:41:36 | Epoch 023/060 | loss 2.2184 | cls 1.9273 | tal -0.0250 | dual_g 0.2985 | dual_d 0.9653 | train_acc 0.7971 | train_full n/a | val_acc 0.9189 | val_f1 0.9358 | adv/moduleC 0.90/1.00 | disc_steps 1 | grad(main/disc) 7.086/1.655 | lr(main/disc) 7.00e-05/3.50e-05 | cuda_peak(alloc/resv) 21.77/28.19GB | phase(train/val/raw/train_eval) 2.7/0.6/0.6/0.0s | 3.9s
2026-08-27 16:41:39 | New best val_f1_macro_present: 0.9358 at epoch 23
2026-08-27 16:41:43 | Epoch 024/060 | loss 2.0978 | cls 1.8253 | tal -0.0729 | dual_g 0.2943 | dual_d 0.9545 | train_acc 0.8007 | train_full n/a | val_acc 0.9189 | val_f1 0.9358 | adv/moduleC 0.95/1.00 | disc_steps 1 | grad(main/disc) 6.694/1.620 | lr(main/disc) 7.00e-05/3.50e-05 | cuda_peak(alloc/resv) 21.77/28.19GB | phase(train/val/raw/train_eval) 2.7/0.6/0.0/0.0s | 3.3s
2026-08-27 16:41:47 | Epoch 025/060 | loss 2.0341 | cls 1.7737 | tal -0.0987 | dual_g 0.2900 | dual_d 1.0293 | train_acc 0.8696 | train_full 0.9848 | val_acc 0.9459 | val_f1 0.9578 | adv/moduleC 1.00/1.00 | disc_steps 1 | grad(main/disc) 6.930/1.644 | lr(main/disc) 7.00e-05/3.50e-05 | cuda_peak(alloc/resv) 21.77/28.19GB | phase(train/val/raw/train_eval) 2.9/0.6/0.6/0.8s | 4.9s
2026-08-27 16:41:50 | New best val_f1_macro_present: 0.9578 at epoch 25
2026-08-27 16:41:54 | Epoch 026/060 | loss 1.9622 | cls 1.7211 | tal -0.1446 | dual_g 0.2845 | dual_d 0.9808 | train_acc 0.8768 | train_full n/a | val_acc 0.9459 | val_f1 0.9578 | adv/moduleC 1.00/1.00 | disc_steps 1 | grad(main/disc) 6.339/1.539 | lr(main/disc) 7.00e-05/3.50e-05 | cuda_peak(alloc/resv) 21.77/28.19GB | phase(train/val/raw/train_eval) 2.8/0.6/0.0/0.0s | 3.3s
2026-08-27 16:41:57 | Epoch 027/060 | loss 1.9437 | cls 1.6977 | tal -0.1104 | dual_g 0.2791 | dual_d 1.0529 | train_acc 0.8949 | train_full n/a | val_acc 0.9459 | val_f1 0.9578 | adv/moduleC 1.00/1.00 | disc_steps 1 | grad(main/disc) 5.892/1.660 | lr(main/disc) 7.00e-05/3.50e-05 | cuda_peak(alloc/resv) 21.77/28.19GB | phase(train/val/raw/train_eval) 3.2/0.6/0.0/0.0s | 3.8s
2026-08-27 16:42:01 | Epoch 028/060 | loss 1.9080 | cls 1.6546 | tal -0.0700 | dual_g 0.2744 | dual_d 1.1047 | train_acc 0.9094 | train_full n/a | val_acc 0.9459 | val_f1 0.9578 | adv/moduleC 1.00/1.00 | disc_steps 1 | grad(main/disc) 7.640/1.690 | lr(main/disc) 7.00e-05/3.50e-05 | cuda_peak(alloc/resv) 21.77/28.19GB | phase(train/val/raw/train_eval) 2.9/0.6/0.0/0.0s | 3.5s
2026-08-27 16:42:04 | Epoch 029/060 | loss 1.8816 | cls 1.6351 | tal -0.0846 | dual_g 0.2718 | dual_d 1.0870 | train_acc 0.8949 | train_full n/a | val_acc 0.9459 | val_f1 0.9578 | adv/moduleC 1.00/1.00 | disc_steps 1 | grad(main/disc) 6.170/1.762 | lr(main/disc) 7.00e-05/3.50e-05 | cuda_peak(alloc/resv) 21.77/28.19GB | phase(train/val/raw/train_eval) 2.9/0.6/0.0/0.0s | 3.5s
2026-08-27 16:42:09 | Epoch 030/060 | loss 1.8748 | cls 1.6470 | tal -0.1260 | dual_g 0.2657 | dual_d 0.9793 | train_acc 0.8949 | train_full 0.9545 | val_acc 0.9459 | val_f1 0.9578 | adv/moduleC 1.00/1.00 | disc_steps 1 | grad(main/disc) 6.903/1.551 | lr(main/disc) 7.00e-05/3.50e-05 | cuda_peak(alloc/resv) 21.77/28.19GB | phase(train/val/raw/train_eval) 2.9/0.6/0.6/0.8s | 4.9s
2026-08-27 16:42:13 | Epoch 031/060 | loss 1.8996 | cls 1.6657 | tal -0.0978 | dual_g 0.2633 | dual_d 1.1416 | train_acc 0.9094 | train_full n/a | val_acc 0.9459 | val_f1 0.9578 | adv/moduleC 1.00/1.00 | disc_steps 1 | grad(main/disc) 6.181/1.716 | lr(main/disc) 7.00e-05/3.50e-05 | cuda_peak(alloc/resv) 21.77/28.19GB | phase(train/val/raw/train_eval) 3.0/0.6/0.0/0.0s | 3.6s
2026-08-27 16:42:17 | Epoch 032/060 | loss 1.8617 | cls 1.6333 | tal -0.0976 | dual_g 0.2577 | dual_d 1.0698 | train_acc 0.8913 | train_full n/a | val_acc 0.9459 | val_f1 0.9616 | adv/moduleC 1.00/1.00 | disc_steps 1 | grad(main/disc) 6.393/1.609 | lr(main/disc) 7.00e-05/3.50e-05 | cuda_peak(alloc/resv) 21.77/28.19GB | phase(train/val/raw/train_eval) 3.5/0.6/0.6/0.0s | 4.6s
2026-08-27 16:42:20 | New best val_f1_macro_present: 0.9616 at epoch 32
2026-08-27 16:42:25 | Epoch 033/060 | loss 1.8238 | cls 1.5925 | tal -0.0802 | dual_g 0.2553 | dual_d 1.1632 | train_acc 0.8913 | train_full n/a | val_acc 0.9730 | val_f1 0.9776 | adv/moduleC 1.00/1.00 | disc_steps 1 | grad(main/disc) 5.391/1.710 | lr(main/disc) 7.00e-05/3.50e-05 | cuda_peak(alloc/resv) 21.77/28.19GB | phase(train/val/raw/train_eval) 3.1/0.6/0.6/0.0s | 4.2s
2026-08-27 16:42:28 | New best val_f1_macro_present: 0.9776 at epoch 33
2026-08-27 16:42:31 | Epoch 034/060 | loss 1.7832 | cls 1.5763 | tal -0.1597 | dual_g 0.2548 | dual_d 1.0038 | train_acc 0.9130 | train_full n/a | val_acc 0.9459 | val_f1 0.9578 | adv/moduleC 1.00/1.00 | disc_steps 1 | grad(main/disc) 5.433/1.547 | lr(main/disc) 7.00e-05/3.50e-05 | cuda_peak(alloc/resv) 21.77/28.19GB | phase(train/val/raw/train_eval) 2.9/0.6/0.0/0.0s | 3.5s
2026-08-27 16:42:36 | Epoch 035/060 | loss 1.7675 | cls 1.5476 | tal -0.1109 | dual_g 0.2531 | dual_d 1.1598 | train_acc 0.9312 | train_full 0.9545 | val_acc 0.9459 | val_f1 0.9578 | adv/moduleC 1.00/1.00 | disc_steps 1 | grad(main/disc) 5.877/1.710 | lr(main/disc) 7.00e-05/3.50e-05 | cuda_peak(alloc/resv) 21.77/28.19GB | phase(train/val/raw/train_eval) 3.2/0.6/0.6/0.8s | 5.2s
2026-08-27 16:42:39 | Epoch 036/060 | loss 1.7535 | cls 1.5432 | tal -0.1197 | dual_g 0.2462 | dual_d 1.1555 | train_acc 0.9275 | train_full n/a | val_acc 0.9730 | val_f1 0.9776 | adv/moduleC 1.00/1.00 | disc_steps 1 | grad(main/disc) 5.750/1.713 | lr(main/disc) 7.00e-05/3.50e-05 | cuda_peak(alloc/resv) 21.77/28.19GB | phase(train/val/raw/train_eval) 2.7/0.6/0.0/0.0s | 3.3s
2026-08-27 16:42:43 | Epoch 037/060 | loss 1.7217 | cls 1.5284 | tal -0.1737 | dual_g 0.2454 | dual_d 1.0823 | train_acc 0.9493 | train_full n/a | val_acc 0.9730 | val_f1 0.9776 | adv/moduleC 1.00/1.00 | disc_steps 1 | grad(main/disc) 5.821/1.604 | lr(main/disc) 7.00e-05/3.50e-05 | cuda_peak(alloc/resv) 21.77/28.19GB | phase(train/val/raw/train_eval) 2.5/0.6/0.0/0.0s | 3.1s
2026-08-27 16:42:46 | Epoch 038/060 | loss 1.6889 | cls 1.5092 | tal -0.2105 | dual_g 0.2429 | dual_d 1.1675 | train_acc 0.9529 | train_full n/a | val_acc 0.9730 | val_f1 0.9776 | adv/moduleC 1.00/1.00 | disc_steps 1 | grad(main/disc) 5.671/1.687 | lr(main/disc) 7.00e-05/3.50e-05 | cuda_peak(alloc/resv) 21.77/28.19GB | phase(train/val/raw/train_eval) 2.6/0.6/0.0/0.0s | 3.2s
2026-08-27 16:42:49 | Epoch 039/060 | loss 1.7016 | cls 1.5213 | tal -0.1943 | dual_g 0.2386 | dual_d 1.1627 | train_acc 0.9529 | train_full n/a | val_acc 0.9730 | val_f1 0.9776 | adv/moduleC 1.00/1.00 | disc_steps 1 | grad(main/disc) 5.061/1.679 | lr(main/disc) 7.00e-05/3.50e-05 | cuda_peak(alloc/resv) 21.77/28.19GB | phase(train/val/raw/train_eval) 2.7/0.6/0.0/0.0s | 3.3s
2026-08-27 16:42:54 | Epoch 040/060 | loss 1.6555 | cls 1.4859 | tal -0.2161 | dual_g 0.2344 | dual_d 1.1522 | train_acc 0.9275 | train_full 0.9848 | val_acc 0.9730 | val_f1 0.9776 | adv/moduleC 1.00/1.00 | disc_steps 1 | grad(main/disc) 5.213/1.657 | lr(main/disc) 3.50e-05/1.75e-05 | cuda_peak(alloc/resv) 21.77/28.19GB | phase(train/val/raw/train_eval) 3.0/0.6/0.6/0.8s | 5.0s
2026-08-27 16:42:57 | Epoch 041/060 | loss 1.6541 | cls 1.4909 | tal -0.2294 | dual_g 0.2320 | dual_d 1.1018 | train_acc 0.9348 | train_full n/a | val_acc 0.9730 | val_f1 0.9776 | adv/moduleC 1.00/1.00 | disc_steps 1 | grad(main/disc) 5.827/1.614 | lr(main/disc) 3.50e-05/1.75e-05 | cuda_peak(alloc/resv) 21.77/28.19GB | phase(train/val/raw/train_eval) 2.8/0.6/0.0/0.0s | 3.3s
2026-08-27 16:43:01 | Epoch 042/060 | loss 1.6116 | cls 1.4484 | tal -0.2188 | dual_g 0.2289 | dual_d 1.1156 | train_acc 0.9493 | train_full n/a | val_acc 0.9459 | val_f1 0.9578 | adv/moduleC 1.00/1.00 | disc_steps 1 | grad(main/disc) 4.655/1.661 | lr(main/disc) 3.50e-05/1.75e-05 | cuda_peak(alloc/resv) 21.77/28.19GB | phase(train/val/raw/train_eval) 2.7/0.6/0.0/0.0s | 3.3s
2026-08-27 16:43:04 | Epoch 043/060 | loss 1.6517 | cls 1.4769 | tal -0.1911 | dual_g 0.2321 | dual_d 1.1268 | train_acc 0.9420 | train_full n/a | val_acc 0.9459 | val_f1 0.9578 | adv/moduleC 1.00/1.00 | disc_steps 1 | grad(main/disc) 5.437/1.580 | lr(main/disc) 3.50e-05/1.75e-05 | cuda_peak(alloc/resv) 21.77/28.19GB | phase(train/val/raw/train_eval) 3.0/0.6/0.0/0.0s | 3.6s
2026-08-27 16:43:08 | Epoch 044/060 | loss 1.6219 | cls 1.4679 | tal -0.2418 | dual_g 0.2265 | dual_d 1.0761 | train_acc 0.9638 | train_full n/a | val_acc 0.9459 | val_f1 0.9578 | adv/moduleC 1.00/1.00 | disc_steps 1 | grad(main/disc) 5.535/1.598 | lr(main/disc) 3.50e-05/1.75e-05 | cuda_peak(alloc/resv) 21.77/28.19GB | phase(train/val/raw/train_eval) 2.7/0.6/0.0/0.0s | 3.3s
2026-08-27 16:43:13 | Epoch 045/060 | loss 1.5677 | cls 1.4153 | tal -0.2391 | dual_g 0.2240 | dual_d 1.1470 | train_acc 0.9565 | train_full 1.0000 | val_acc 0.9730 | val_f1 0.9802 | adv/moduleC 1.00/1.00 | disc_steps 1 | grad(main/disc) 4.625/1.587 | lr(main/disc) 3.50e-05/1.75e-05 | cuda_peak(alloc/resv) 21.77/28.19GB | phase(train/val/raw/train_eval) 3.2/0.6/0.6/0.8s | 5.2s
2026-08-27 16:43:16 | New best val_f1_macro_present: 0.9802 at epoch 45
2026-08-27 16:43:20 | Epoch 046/060 | loss 1.6115 | cls 1.4526 | tal -0.2181 | dual_g 0.2244 | dual_d 1.1974 | train_acc 0.9710 | train_full n/a | val_acc 0.9459 | val_f1 0.9578 | adv/moduleC 1.00/1.00 | disc_steps 1 | grad(main/disc) 4.671/1.703 | lr(main/disc) 3.50e-05/1.75e-05 | cuda_peak(alloc/resv) 21.77/28.19GB | phase(train/val/raw/train_eval) 3.2/0.6/0.0/0.0s | 3.8s
2026-08-27 16:43:23 | Epoch 047/060 | loss 1.5648 | cls 1.4140 | tal -0.2295 | dual_g 0.2196 | dual_d 1.2232 | train_acc 0.9674 | train_full n/a | val_acc 0.9730 | val_f1 0.9776 | adv/moduleC 1.00/1.00 | disc_steps 1 | grad(main/disc) 4.340/1.726 | lr(main/disc) 3.50e-05/1.75e-05 | cuda_peak(alloc/resv) 21.77/28.19GB | phase(train/val/raw/train_eval) 2.8/0.6/0.0/0.0s | 3.4s
2026-08-27 16:43:27 | Epoch 048/060 | loss 1.5839 | cls 1.4329 | tal -0.2256 | dual_g 0.2187 | dual_d 1.1667 | train_acc 0.9601 | train_full n/a | val_acc 0.9730 | val_f1 0.9776 | adv/moduleC 1.00/1.00 | disc_steps 1 | grad(main/disc) 4.853/1.681 | lr(main/disc) 3.50e-05/1.75e-05 | cuda_peak(alloc/resv) 21.77/28.19GB | phase(train/val/raw/train_eval) 3.1/0.6/0.0/0.0s | 3.7s
2026-08-27 16:43:30 | Epoch 049/060 | loss 1.5685 | cls 1.4078 | tal -0.1866 | dual_g 0.2167 | dual_d 1.1544 | train_acc 0.9674 | train_full n/a | val_acc 0.9730 | val_f1 0.9776 | adv/moduleC 1.00/1.00 | disc_steps 1 | grad(main/disc) 4.103/1.592 | lr(main/disc) 3.50e-05/1.75e-05 | cuda_peak(alloc/resv) 21.77/28.19GB | phase(train/val/raw/train_eval) 2.6/0.6/0.0/0.0s | 3.2s
2026-08-27 16:43:34 | Epoch 050/060 | loss 1.5447 | cls 1.3853 | tal -0.1867 | dual_g 0.2154 | dual_d 1.1597 | train_acc 0.9783 | train_full 0.9924 | val_acc 0.9730 | val_f1 0.9776 | adv/moduleC 1.00/1.00 | disc_steps 1 | grad(main/disc) 3.747/1.567 | lr(main/disc) 3.50e-05/1.75e-05 | cuda_peak(alloc/resv) 21.77/28.19GB | phase(train/val/raw/train_eval) 2.6/0.6/0.6/0.8s | 4.6s
2026-08-27 16:43:38 | Epoch 051/060 | loss 1.5664 | cls 1.4120 | tal -0.2031 | dual_g 0.2153 | dual_d 1.1738 | train_acc 0.9891 | train_full n/a | val_acc 0.9730 | val_f1 0.9776 | adv/moduleC 1.00/1.00 | disc_steps 1 | grad(main/disc) 4.315/1.644 | lr(main/disc) 3.50e-05/1.75e-05 | cuda_peak(alloc/resv) 21.77/28.19GB | phase(train/val/raw/train_eval) 2.8/0.6/0.0/0.0s | 3.4s
2026-08-27 16:43:42 | Epoch 052/060 | loss 1.5684 | cls 1.4051 | tal -0.1814 | dual_g 0.2177 | dual_d 1.1972 | train_acc 0.9819 | train_full n/a | val_acc 0.9730 | val_f1 0.9776 | adv/moduleC 1.00/1.00 | disc_steps 1 | grad(main/disc) 4.361/1.677 | lr(main/disc) 1.75e-05/8.75e-06 | cuda_peak(alloc/resv) 21.77/28.19GB | phase(train/val/raw/train_eval) 3.4/0.6/0.0/0.0s | 4.0s
2026-08-27 16:43:45 | Epoch 053/060 | loss 1.5199 | cls 1.3655 | tal -0.2024 | dual_g 0.2152 | dual_d 1.1943 | train_acc 0.9891 | train_full n/a | val_acc 0.9730 | val_f1 0.9776 | adv/moduleC 1.00/1.00 | disc_steps 1 | grad(main/disc) 3.492/1.653 | lr(main/disc) 1.75e-05/8.75e-06 | cuda_peak(alloc/resv) 21.77/28.19GB | phase(train/val/raw/train_eval) 2.7/0.6/0.0/0.0s | 3.2s
2026-08-27 16:43:49 | Epoch 054/060 | loss 1.5184 | cls 1.3924 | tal -0.2925 | dual_g 0.2138 | dual_d 1.2022 | train_acc 0.9638 | train_full n/a | val_acc 0.9730 | val_f1 0.9776 | adv/moduleC 1.00/1.00 | disc_steps 1 | grad(main/disc) 3.769/1.699 | lr(main/disc) 1.75e-05/8.75e-06 | cuda_peak(alloc/resv) 21.77/28.19GB | phase(train/val/raw/train_eval) 3.0/0.6/0.0/0.0s | 3.5s
2026-08-27 16:43:54 | Epoch 055/060 | loss 1.5364 | cls 1.3804 | tal -0.1879 | dual_g 0.2123 | dual_d 1.2279 | train_acc 0.9710 | train_full 0.9924 | val_acc 0.9730 | val_f1 0.9776 | adv/moduleC 1.00/1.00 | disc_steps 1 | grad(main/disc) 3.778/1.643 | lr(main/disc) 1.75e-05/8.75e-06 | cuda_peak(alloc/resv) 21.77/28.19GB | phase(train/val/raw/train_eval) 3.0/0.6/0.6/0.8s | 5.0s
2026-08-27 16:43:57 | Epoch 056/060 | loss 1.5755 | cls 1.4301 | tal -0.2199 | dual_g 0.2114 | dual_d 1.2091 | train_acc 0.9529 | train_full n/a | val_acc 0.9730 | val_f1 0.9776 | adv/moduleC 1.00/1.00 | disc_steps 1 | grad(main/disc) 4.493/1.678 | lr(main/disc) 1.75e-05/8.75e-06 | cuda_peak(alloc/resv) 21.77/28.19GB | phase(train/val/raw/train_eval) 2.9/0.6/0.0/0.0s | 3.5s
2026-08-27 16:44:01 | Epoch 057/060 | loss 1.4878 | cls 1.3380 | tal -0.2024 | dual_g 0.2106 | dual_d 1.1747 | train_acc 0.9964 | train_full n/a | val_acc 0.9730 | val_f1 0.9776 | adv/moduleC 1.00/1.00 | disc_steps 1 | grad(main/disc) 2.952/1.630 | lr(main/disc) 1.75e-05/8.75e-06 | cuda_peak(alloc/resv) 21.77/28.19GB | phase(train/val/raw/train_eval) 3.2/0.6/0.0/0.0s | 3.7s
2026-08-27 16:44:04 | Epoch 058/060 | loss 1.5447 | cls 1.4033 | tal -0.2254 | dual_g 0.2090 | dual_d 1.2093 | train_acc 0.9855 | train_full n/a | val_acc 0.9730 | val_f1 0.9776 | adv/moduleC 1.00/1.00 | disc_steps 1 | grad(main/disc) 5.319/1.675 | lr(main/disc) 1.75e-05/8.75e-06 | cuda_peak(alloc/resv) 21.77/28.19GB | phase(train/val/raw/train_eval) 2.8/0.6/0.0/0.0s | 3.3s
2026-08-27 16:44:07 | Epoch 059/060 | loss 1.5141 | cls 1.3671 | tal -0.2014 | dual_g 0.2074 | dual_d 1.1374 | train_acc 0.9855 | train_full n/a | val_acc 0.9730 | val_f1 0.9776 | adv/moduleC 1.00/1.00 | disc_steps 1 | grad(main/disc) 3.585/1.615 | lr(main/disc) 8.75e-06/4.37e-06 | cuda_peak(alloc/resv) 21.77/28.19GB | phase(train/val/raw/train_eval) 2.8/0.6/0.0/0.0s | 3.4s
2026-08-27 16:44:13 | Epoch 060/060 | loss 1.5450 | cls 1.3816 | tal -0.1532 | dual_g 0.2094 | dual_d 1.1732 | train_acc 0.9710 | train_full 1.0000 | val_acc 0.9730 | val_f1 0.9776 | adv/moduleC 1.00/1.00 | disc_steps 1 | grad(main/disc) 4.126/1.636 | lr(main/disc) 8.75e-06/4.37e-06 | cuda_peak(alloc/resv) 21.77/28.19GB | phase(train/val/raw/train_eval) 3.1/0.6/0.6/0.8s | 5.1s
2026-08-27 16:44:13 | Early stopping at epoch 60 after 15 epochs without val_f1_macro_present improvement.
2026-08-27 16:44:13 | Training complete. Best validation accuracy: 0.9730 | best val_f1_macro_present: 0.9802
