2026-08-30 04:41:56 | Starting Dual_D standalone training
2026-08-30 04:41:56 | Run directory: runs/module_c_ablation_60_v9/module_c_20260830_023711/module_c_no_classification_feedback_雨天_20260830_042021
2026-08-30 04:41:56 | Device: cuda
2026-08-30 04:41:56 | Source train samples: 992
2026-08-30 04:41:56 | Target train samples: 96
2026-08-30 04:41:56 | Target val samples: 26
2026-08-30 04:41:56 | Classes: 14
2026-08-30 04:41:56 | Data audit: same_dir=False | path_overlap(vis/ir/ais)=0/0/0 | content_overlap(vis/ir/ais)=0/0/0 | ais_index_overlap=0 | stem_mismatch(vis-ir/vis-ais)=117/0
2026-08-30 04:41:56 | source_train classes: present 14/14 | absent 0 | counts [0:120, 1:44, 2:69, 3:45, 4:40, 5:30, 6:64, 7:80, 8:116, 9:68, 10:57, 11:83, 12:48, 13:128]
2026-08-30 04:41:56 | target_train classes: present 6/14 | absent 8 | counts [0:7, 2:19, 9:32, 10:12, 11:6, 13:20]
2026-08-30 04:41:56 | target_val classes: present 6/14 | absent 8 | counts [0:2, 2:5, 9:8, 10:4, 11:2, 13:5]
2026-08-30 04:41:56 | Paired training classes: 6/14 | class ids [0, 2, 9, 10, 11, 13]
2026-08-30 04:41:56 | Runtime profile: batch=16 | paired_steps=6 | workers=16 | train_eval_every=5 | raw_eval_every=5 | stability_window=3 | lr_scheduler_start=24 | early_stop=12 after min_epoch=35
2026-08-30 04:41:56 | Augmentation profile: base=0.550 | visible=0.600 | infrared=0.400 | freeze_frozen_batch_norm_stats=True
2026-08-30 04:41:56 | VIS/IR pairing: class-level-unpaired | count-mismatch classes train/val: 10/0 | AIS alignment: none | AIS rows train/val: 0/0
2026-08-30 04:41:57 | Effective Dual-D loss weights: {"adv_auxiliary": 0.02, "adv_primary": 0.02, "classification": 0.0, "contrastive": 0.025, "cycle": 0.12, "identity": 0.025, "prototype_contrastive": 0.03}
2026-08-30 04:41:57 | Model parameters: total=17277714 | trainable=17120210
2026-08-30 04:42:00 | Epoch 001/060 | loss 5.8939 | cls 5.9656 | tal -0.2388 | dual_g 0.0000 | dual_d 0.0000 | train_acc 0.1146 | train_full 0.0938 | val_acc 0.1154 | val_f1 0.0751 | adv/moduleC 0.00/0.00 | disc_steps 0 | grad(main/disc) 34.101/0.000 | lr(main/disc) 9.00e-05/2.75e-05 | cuda_peak(alloc/resv) 4.09/5.12GB | phase(train/val/raw/train_eval) 1.2/0.4/0.4/0.4s | 2.4s
2026-08-30 04:42:01 | Epoch 002/060 | loss 4.2337 | cls 4.3865 | tal -0.5094 | dual_g 0.0000 | dual_d 0.0000 | train_acc 0.2708 | train_full n/a | val_acc 0.0769 | val_f1 0.0238 | adv/moduleC 0.00/0.00 | disc_steps 0 | grad(main/disc) 27.487/0.000 | lr(main/disc) 9.00e-05/2.75e-05 | cuda_peak(alloc/resv) 4.09/5.12GB | phase(train/val/raw/train_eval) 0.8/0.4/0.0/0.0s | 1.1s
2026-08-30 04:42:02 | Epoch 003/060 | loss 3.6477 | cls 3.8044 | tal -0.5223 | dual_g 0.0000 | dual_d 0.0000 | train_acc 0.4062 | train_full n/a | val_acc 0.1538 | val_f1 0.1600 | adv/moduleC 0.00/0.00 | disc_steps 0 | grad(main/disc) 23.851/0.000 | lr(main/disc) 9.00e-05/2.75e-05 | cuda_peak(alloc/resv) 4.09/5.12GB | phase(train/val/raw/train_eval) 0.8/0.4/0.4/0.0s | 1.5s
2026-08-30 04:42:04 | New best val_f1_macro_present: raw=0.1600 stable_score=0.0238 at epoch 3
2026-08-30 04:42:06 | Epoch 004/060 | loss 3.1956 | cls 3.3061 | tal -0.4273 | dual_g 0.0177 | dual_d 0.0000 | train_acc 0.3958 | train_full n/a | val_acc 0.3846 | val_f1 0.3754 | adv/moduleC 0.00/0.12 | disc_steps 0 | grad(main/disc) 21.240/0.000 | lr(main/disc) 9.00e-05/2.75e-05 | cuda_peak(alloc/resv) 4.09/5.12GB | phase(train/val/raw/train_eval) 0.9/0.4/0.0/0.0s | 1.3s
2026-08-30 04:42:08 | Epoch 005/060 | loss 3.4994 | cls 3.5676 | tal -0.3385 | dual_g 0.0333 | dual_d 0.0000 | train_acc 0.5000 | train_full 0.2917 | val_acc 0.3846 | val_f1 0.3662 | adv/moduleC 0.00/0.25 | disc_steps 0 | grad(main/disc) 22.029/0.000 | lr(main/disc) 9.00e-05/2.75e-05 | cuda_peak(alloc/resv) 4.09/5.12GB | phase(train/val/raw/train_eval) 0.8/0.4/0.4/0.4s | 2.0s
2026-08-30 04:42:10 | New best val_f1_macro_present: raw=0.3662 stable_score=0.1600 at epoch 5
2026-08-30 04:42:11 | Epoch 006/060 | loss 3.0868 | cls 3.0948 | tal -0.1848 | dual_g 0.0475 | dual_d 0.0000 | train_acc 0.4896 | train_full n/a | val_acc 0.3846 | val_f1 0.3662 | adv/moduleC 0.00/0.38 | disc_steps 0 | grad(main/disc) 20.247/0.000 | lr(main/disc) 9.00e-05/2.75e-05 | cuda_peak(alloc/resv) 4.09/5.12GB | phase(train/val/raw/train_eval) 0.8/0.4/0.4/0.0s | 1.6s
2026-08-30 04:42:14 | New best val_f1_macro_present: raw=0.3662 stable_score=0.3662 at epoch 6
2026-08-30 04:42:15 | Epoch 007/060 | loss 2.9991 | cls 2.9850 | tal -0.1678 | dual_g 0.0644 | dual_d 0.7728 | train_acc 0.6667 | train_full n/a | val_acc 0.4615 | val_f1 0.4459 | adv/moduleC 0.07/0.50 | disc_steps 3 | grad(main/disc) 19.430/2.272 | lr(main/disc) 9.00e-05/2.75e-05 | cuda_peak(alloc/resv) 4.09/5.12GB | phase(train/val/raw/train_eval) 1.1/0.4/0.0/0.0s | 1.4s
2026-08-30 04:42:16 | Epoch 008/060 | loss 2.7311 | cls 2.6954 | tal -0.1547 | dual_g 0.0821 | dual_d 0.7933 | train_acc 0.6771 | train_full n/a | val_acc 0.4231 | val_f1 0.4284 | adv/moduleC 0.13/0.62 | disc_steps 3 | grad(main/disc) 18.792/2.220 | lr(main/disc) 9.00e-05/2.75e-05 | cuda_peak(alloc/resv) 4.09/5.12GB | phase(train/val/raw/train_eval) 0.8/0.4/0.0/0.0s | 1.2s
2026-08-30 04:42:18 | Epoch 009/060 | loss 2.8365 | cls 2.7788 | tal -0.1307 | dual_g 0.0970 | dual_d 0.8118 | train_acc 0.6250 | train_full n/a | val_acc 0.6154 | val_f1 0.6442 | adv/moduleC 0.20/0.75 | disc_steps 3 | grad(main/disc) 19.484/2.197 | lr(main/disc) 9.00e-05/2.75e-05 | cuda_peak(alloc/resv) 4.09/5.12GB | phase(train/val/raw/train_eval) 0.7/0.4/0.4/0.0s | 1.5s
2026-08-30 04:42:20 | New best val_f1_macro_present: raw=0.6442 stable_score=0.4284 at epoch 9
2026-08-30 04:42:22 | Epoch 010/060 | loss 2.3422 | cls 2.2804 | tal -0.1656 | dual_g 0.1115 | dual_d 0.8427 | train_acc 0.7917 | train_full 0.5625 | val_acc 0.5385 | val_f1 0.5646 | adv/moduleC 0.27/0.88 | disc_steps 3 | grad(main/disc) 15.254/2.408 | lr(main/disc) 9.00e-05/2.75e-05 | cuda_peak(alloc/resv) 4.09/5.12GB | phase(train/val/raw/train_eval) 0.7/0.4/0.4/0.4s | 1.9s
2026-08-30 04:42:23 | Epoch 011/060 | loss 2.5053 | cls 2.4363 | tal -0.1897 | dual_g 0.1260 | dual_d 0.8856 | train_acc 0.7292 | train_full n/a | val_acc 0.5000 | val_f1 0.4848 | adv/moduleC 0.33/1.00 | disc_steps 3 | grad(main/disc) 17.155/2.234 | lr(main/disc) 9.00e-05/2.75e-05 | cuda_peak(alloc/resv) 4.09/5.12GB | phase(train/val/raw/train_eval) 0.9/0.4/0.4/0.0s | 1.6s
2026-08-30 04:42:25 | New best val_f1_macro_present: raw=0.4848 stable_score=0.4848 at epoch 11
2026-08-30 04:42:27 | Epoch 012/060 | loss 2.3621 | cls 2.3057 | tal -0.2178 | dual_g 0.1218 | dual_d 0.8678 | train_acc 0.8021 | train_full n/a | val_acc 0.6538 | val_f1 0.6296 | adv/moduleC 0.40/1.00 | disc_steps 3 | grad(main/disc) 16.633/2.367 | lr(main/disc) 9.00e-05/2.75e-05 | cuda_peak(alloc/resv) 4.09/5.12GB | phase(train/val/raw/train_eval) 0.9/0.4/0.0/0.0s | 1.3s
2026-08-30 04:42:28 | Epoch 013/060 | loss 2.2499 | cls 2.1845 | tal -0.1976 | dual_g 0.1247 | dual_d 0.8138 | train_acc 0.8021 | train_full n/a | val_acc 0.6923 | val_f1 0.6944 | adv/moduleC 0.47/1.00 | disc_steps 3 | grad(main/disc) 16.509/2.170 | lr(main/disc) 9.00e-05/2.75e-05 | cuda_peak(alloc/resv) 4.09/5.12GB | phase(train/val/raw/train_eval) 0.8/0.4/0.0/0.0s | 1.2s
2026-08-30 04:42:30 | Epoch 014/060 | loss 2.2963 | cls 2.2209 | tal -0.1627 | dual_g 0.1242 | dual_d 0.8878 | train_acc 0.8333 | train_full n/a | val_acc 0.8077 | val_f1 0.8339 | adv/moduleC 0.53/1.00 | disc_steps 3 | grad(main/disc) 17.078/2.268 | lr(main/disc) 9.00e-05/2.75e-05 | cuda_peak(alloc/resv) 4.09/5.12GB | phase(train/val/raw/train_eval) 1.0/0.4/0.4/0.0s | 1.7s
2026-08-30 04:42:32 | New best val_f1_macro_present: raw=0.8339 stable_score=0.6296 at epoch 14
2026-08-30 04:42:34 | Epoch 015/060 | loss 2.0267 | cls 1.9439 | tal -0.1431 | dual_g 0.1257 | dual_d 0.8430 | train_acc 0.9167 | train_full 0.8542 | val_acc 0.8462 | val_f1 0.8611 | adv/moduleC 0.60/1.00 | disc_steps 3 | grad(main/disc) 13.406/2.174 | lr(main/disc) 9.00e-05/2.75e-05 | cuda_peak(alloc/resv) 4.09/5.12GB | phase(train/val/raw/train_eval) 0.9/0.4/0.4/0.4s | 2.1s
2026-08-30 04:42:36 | New best val_f1_macro_present: raw=0.8611 stable_score=0.6944 at epoch 15
2026-08-30 04:42:37 | Epoch 016/060 | loss 1.8427 | cls 1.7655 | tal -0.1564 | dual_g 0.1242 | dual_d 0.8822 | train_acc 0.9375 | train_full n/a | val_acc 0.6923 | val_f1 0.6944 | adv/moduleC 0.67/1.00 | disc_steps 3 | grad(main/disc) 13.343/2.120 | lr(main/disc) 9.00e-05/2.75e-05 | cuda_peak(alloc/resv) 4.09/5.12GB | phase(train/val/raw/train_eval) 0.8/0.4/0.0/0.0s | 1.2s
2026-08-30 04:42:39 | Epoch 017/060 | loss 1.9139 | cls 1.8638 | tal -0.2387 | dual_g 0.1217 | dual_d 0.9960 | train_acc 0.9375 | train_full n/a | val_acc 0.6538 | val_f1 0.6674 | adv/moduleC 0.73/1.00 | disc_steps 3 | grad(main/disc) 13.456/2.343 | lr(main/disc) 9.00e-05/2.75e-05 | cuda_peak(alloc/resv) 4.09/5.12GB | phase(train/val/raw/train_eval) 1.0/0.4/0.0/0.0s | 1.4s
2026-08-30 04:42:40 | Epoch 018/060 | loss 1.7837 | cls 1.7615 | tal -0.3255 | dual_g 0.1199 | dual_d 1.0112 | train_acc 0.9271 | train_full n/a | val_acc 0.6538 | val_f1 0.6652 | adv/moduleC 0.80/1.00 | disc_steps 3 | grad(main/disc) 12.365/2.354 | lr(main/disc) 9.00e-05/2.75e-05 | cuda_peak(alloc/resv) 4.09/5.12GB | phase(train/val/raw/train_eval) 0.7/0.4/0.0/0.0s | 1.1s
2026-08-30 04:42:41 | Epoch 019/060 | loss 1.8449 | cls 1.8133 | tal -0.2996 | dual_g 0.1215 | dual_d 0.9981 | train_acc 0.8958 | train_full n/a | val_acc 0.6538 | val_f1 0.6608 | adv/moduleC 0.87/1.00 | disc_steps 3 | grad(main/disc) 14.639/2.322 | lr(main/disc) 9.00e-05/2.75e-05 | cuda_peak(alloc/resv) 4.09/5.12GB | phase(train/val/raw/train_eval) 0.9/0.4/0.0/0.0s | 1.3s
2026-08-30 04:42:43 | Epoch 020/060 | loss 1.7709 | cls 1.7151 | tal -0.2133 | dual_g 0.1198 | dual_d 0.9514 | train_acc 0.9896 | train_full 0.7917 | val_acc 0.7308 | val_f1 0.7416 | adv/moduleC 0.93/1.00 | disc_steps 3 | grad(main/disc) 12.990/2.242 | lr(main/disc) 9.00e-05/2.75e-05 | cuda_peak(alloc/resv) 4.09/5.12GB | phase(train/val/raw/train_eval) 0.9/0.4/0.4/0.4s | 2.1s
2026-08-30 04:42:44 | Epoch 021/060 | loss 1.8768 | cls 1.8185 | tal -0.2137 | dual_g 0.1224 | dual_d 1.1170 | train_acc 0.9271 | train_full n/a | val_acc 0.8077 | val_f1 0.8191 | adv/moduleC 1.00/1.00 | disc_steps 3 | grad(main/disc) 14.771/2.474 | lr(main/disc) 9.00e-05/2.75e-05 | cuda_peak(alloc/resv) 4.09/5.12GB | phase(train/val/raw/train_eval) 0.6/0.4/0.0/0.0s | 1.0s
2026-08-30 04:42:45 | Epoch 022/060 | loss 1.8548 | cls 1.7961 | tal -0.1982 | dual_g 0.1181 | dual_d 1.0648 | train_acc 0.8854 | train_full n/a | val_acc 0.6538 | val_f1 0.6674 | adv/moduleC 1.00/1.00 | disc_steps 3 | grad(main/disc) 14.675/2.454 | lr(main/disc) 9.00e-05/2.75e-05 | cuda_peak(alloc/resv) 4.09/5.12GB | phase(train/val/raw/train_eval) 0.8/0.4/0.0/0.0s | 1.3s
2026-08-30 04:42:47 | Epoch 023/060 | loss 1.8197 | cls 1.7549 | tal -0.1651 | dual_g 0.1144 | dual_d 0.9948 | train_acc 0.8958 | train_full n/a | val_acc 0.7308 | val_f1 0.7441 | adv/moduleC 1.00/1.00 | disc_steps 3 | grad(main/disc) 13.935/2.216 | lr(main/disc) 9.00e-05/2.75e-05 | cuda_peak(alloc/resv) 4.09/5.12GB | phase(train/val/raw/train_eval) 0.8/0.4/0.0/0.0s | 1.2s
2026-08-30 04:42:48 | Epoch 024/060 | loss 1.5237 | cls 1.4668 | tal -0.1880 | dual_g 0.1132 | dual_d 1.0704 | train_acc 0.9688 | train_full n/a | val_acc 0.8077 | val_f1 0.8298 | adv/moduleC 1.00/1.00 | disc_steps 3 | grad(main/disc) 9.035/2.477 | lr(main/disc) 9.00e-05/2.75e-05 | cuda_peak(alloc/resv) 4.09/5.12GB | phase(train/val/raw/train_eval) 0.8/0.4/0.0/0.0s | 1.2s
2026-08-30 04:42:50 | Epoch 025/060 | loss 1.6746 | cls 1.6177 | tal -0.1874 | dual_g 0.1131 | dual_d 1.1619 | train_acc 0.9375 | train_full 0.9271 | val_acc 0.8846 | val_f1 0.9004 | adv/moduleC 1.00/1.00 | disc_steps 3 | grad(main/disc) 12.146/2.477 | lr(main/disc) 9.00e-05/2.75e-05 | cuda_peak(alloc/resv) 4.09/5.12GB | phase(train/val/raw/train_eval) 0.7/0.4/0.4/0.4s | 1.9s
2026-08-30 04:42:52 | New best val_f1_macro_present: raw=0.9004 stable_score=0.7441 at epoch 25
2026-08-30 04:42:53 | Epoch 026/060 | loss 1.5223 | cls 1.5056 | tal -0.3077 | dual_g 0.1090 | dual_d 1.1493 | train_acc 0.9583 | train_full n/a | val_acc 0.8846 | val_f1 0.9004 | adv/moduleC 1.00/1.00 | disc_steps 3 | grad(main/disc) 11.312/2.413 | lr(main/disc) 9.00e-05/2.75e-05 | cuda_peak(alloc/resv) 4.09/5.12GB | phase(train/val/raw/train_eval) 0.9/0.4/0.4/0.0s | 1.6s
2026-08-30 04:42:56 | New best val_f1_macro_present: raw=0.9004 stable_score=0.8298 at epoch 26
2026-08-30 04:42:57 | Epoch 027/060 | loss 1.6618 | cls 1.6359 | tal -0.2631 | dual_g 0.1049 | dual_d 1.1275 | train_acc 0.9583 | train_full n/a | val_acc 0.9231 | val_f1 0.9484 | adv/moduleC 1.00/1.00 | disc_steps 3 | grad(main/disc) 13.509/2.445 | lr(main/disc) 9.00e-05/2.75e-05 | cuda_peak(alloc/resv) 4.09/5.12GB | phase(train/val/raw/train_eval) 0.7/0.4/0.4/0.0s | 1.5s
2026-08-30 04:42:59 | New best val_f1_macro_present: raw=0.9484 stable_score=0.9004 at epoch 27
2026-08-30 04:43:00 | Epoch 028/060 | loss 1.6035 | cls 1.5891 | tal -0.3033 | dual_g 0.1054 | dual_d 1.1049 | train_acc 0.9688 | train_full n/a | val_acc 0.9231 | val_f1 0.9429 | adv/moduleC 1.00/1.00 | disc_steps 3 | grad(main/disc) 10.596/2.265 | lr(main/disc) 9.00e-05/2.75e-05 | cuda_peak(alloc/resv) 4.09/5.12GB | phase(train/val/raw/train_eval) 0.7/0.4/0.0/0.0s | 1.1s
2026-08-30 04:43:02 | Epoch 029/060 | loss 1.4201 | cls 1.4141 | tal -0.3250 | dual_g 0.1035 | dual_d 1.0720 | train_acc 0.9792 | train_full n/a | val_acc 1.0000 | val_f1 1.0000 | adv/moduleC 1.00/1.00 | disc_steps 3 | grad(main/disc) 7.731/2.256 | lr(main/disc) 9.00e-05/2.75e-05 | cuda_peak(alloc/resv) 4.09/5.12GB | phase(train/val/raw/train_eval) 0.9/0.4/0.4/0.0s | 1.7s
2026-08-30 04:43:04 | New best val_f1_macro_present: raw=1.0000 stable_score=0.9429 at epoch 29
2026-08-30 04:43:06 | Epoch 030/060 | loss 1.6969 | cls 1.6754 | tal -0.2713 | dual_g 0.1029 | dual_d 1.0345 | train_acc 0.9375 | train_full 0.9375 | val_acc 0.8846 | val_f1 0.8901 | adv/moduleC 1.00/1.00 | disc_steps 3 | grad(main/disc) 13.000/2.218 | lr(main/disc) 9.00e-05/2.75e-05 | cuda_peak(alloc/resv) 4.09/5.12GB | phase(train/val/raw/train_eval) 0.8/0.4/0.4/0.4s | 2.0s
2026-08-30 04:43:07 | Epoch 031/060 | loss 1.4655 | cls 1.4741 | tal -0.3688 | dual_g 0.1020 | dual_d 1.0963 | train_acc 0.9792 | train_full n/a | val_acc 0.9231 | val_f1 0.9206 | adv/moduleC 1.00/1.00 | disc_steps 3 | grad(main/disc) 9.552/2.234 | lr(main/disc) 9.00e-05/2.75e-05 | cuda_peak(alloc/resv) 4.09/5.12GB | phase(train/val/raw/train_eval) 0.8/0.4/0.0/0.0s | 1.2s
2026-08-30 04:43:08 | Epoch 032/060 | loss 1.4673 | cls 1.4437 | tal -0.2604 | dual_g 0.1017 | dual_d 1.1059 | train_acc 0.9688 | train_full n/a | val_acc 0.9231 | val_f1 0.9206 | adv/moduleC 1.00/1.00 | disc_steps 3 | grad(main/disc) 10.234/2.330 | lr(main/disc) 9.00e-05/2.75e-05 | cuda_peak(alloc/resv) 4.09/5.12GB | phase(train/val/raw/train_eval) 0.9/0.4/0.0/0.0s | 1.3s
2026-08-30 04:43:10 | Epoch 033/060 | loss 1.4390 | cls 1.3988 | tal -0.1960 | dual_g 0.0990 | dual_d 1.0819 | train_acc 0.9896 | train_full n/a | val_acc 1.0000 | val_f1 1.0000 | adv/moduleC 1.00/1.00 | disc_steps 3 | grad(main/disc) 7.718/2.216 | lr(main/disc) 9.00e-05/2.75e-05 | cuda_peak(alloc/resv) 4.09/5.12GB | phase(train/val/raw/train_eval) 0.9/0.4/0.0/0.0s | 1.3s
2026-08-30 04:43:11 | Epoch 034/060 | loss 1.4872 | cls 1.4477 | tal -0.2054 | dual_g 0.1010 | dual_d 1.2038 | train_acc 0.9896 | train_full n/a | val_acc 1.0000 | val_f1 1.0000 | adv/moduleC 1.00/1.00 | disc_steps 3 | grad(main/disc) 9.657/2.337 | lr(main/disc) 9.00e-05/2.75e-05 | cuda_peak(alloc/resv) 4.09/5.12GB | phase(train/val/raw/train_eval) 0.6/0.4/0.0/0.0s | 1.0s
2026-08-30 04:43:13 | Epoch 035/060 | loss 1.4441 | cls 1.4150 | tal -0.2370 | dual_g 0.1003 | dual_d 1.1562 | train_acc 1.0000 | train_full 0.9688 | val_acc 0.9615 | val_f1 0.9556 | adv/moduleC 1.00/1.00 | disc_steps 3 | grad(main/disc) 7.944/2.273 | lr(main/disc) 9.00e-05/2.75e-05 | cuda_peak(alloc/resv) 4.09/5.12GB | phase(train/val/raw/train_eval) 0.8/0.4/0.4/0.4s | 2.0s
2026-08-30 04:43:15 | New best val_f1_macro_present: raw=0.9556 stable_score=0.9556 at epoch 35
2026-08-30 04:43:16 | Epoch 036/060 | loss 1.6007 | cls 1.5397 | tal -0.1160 | dual_g 0.0958 | dual_d 1.1511 | train_acc 0.9688 | train_full n/a | val_acc 0.9231 | val_f1 0.9277 | adv/moduleC 1.00/1.00 | disc_steps 3 | grad(main/disc) 10.829/2.260 | lr(main/disc) 9.00e-05/2.75e-05 | cuda_peak(alloc/resv) 4.09/5.12GB | phase(train/val/raw/train_eval) 0.9/0.4/0.0/0.0s | 1.3s
2026-08-30 04:43:17 | Epoch 037/060 | loss 1.4492 | cls 1.3801 | tal -0.0812 | dual_g 0.0935 | dual_d 1.1456 | train_acc 0.9792 | train_full n/a | val_acc 0.8846 | val_f1 0.8908 | adv/moduleC 1.00/1.00 | disc_steps 3 | grad(main/disc) 7.742/2.283 | lr(main/disc) 9.00e-05/2.75e-05 | cuda_peak(alloc/resv) 4.09/5.12GB | phase(train/val/raw/train_eval) 0.7/0.4/0.0/0.0s | 1.1s
2026-08-30 04:43:19 | Epoch 038/060 | loss 1.5024 | cls 1.4484 | tal -0.1314 | dual_g 0.0934 | dual_d 1.1728 | train_acc 0.9896 | train_full n/a | val_acc 0.8462 | val_f1 0.8611 | adv/moduleC 1.00/1.00 | disc_steps 3 | grad(main/disc) 9.495/2.219 | lr(main/disc) 4.50e-05/1.38e-05 | cuda_peak(alloc/resv) 4.09/5.12GB | phase(train/val/raw/train_eval) 0.8/0.4/0.0/0.0s | 1.2s
2026-08-30 04:43:20 | Epoch 039/060 | loss 1.3908 | cls 1.3594 | tal -0.2105 | dual_g 0.0946 | dual_d 1.2029 | train_acc 0.9688 | train_full n/a | val_acc 0.8462 | val_f1 0.8611 | adv/moduleC 1.00/1.00 | disc_steps 3 | grad(main/disc) 6.906/2.356 | lr(main/disc) 4.50e-05/1.38e-05 | cuda_peak(alloc/resv) 4.09/5.12GB | phase(train/val/raw/train_eval) 0.9/0.4/0.0/0.0s | 1.3s
2026-08-30 04:43:22 | Epoch 040/060 | loss 1.4275 | cls 1.4117 | tal -0.2549 | dual_g 0.0923 | dual_d 1.1121 | train_acc 0.9688 | train_full 0.9583 | val_acc 0.8846 | val_f1 0.8901 | adv/moduleC 1.00/1.00 | disc_steps 3 | grad(main/disc) 7.884/2.145 | lr(main/disc) 4.50e-05/1.38e-05 | cuda_peak(alloc/resv) 4.09/5.12GB | phase(train/val/raw/train_eval) 0.6/0.4/0.4/0.4s | 1.8s
2026-08-30 04:43:23 | Epoch 041/060 | loss 1.4261 | cls 1.4047 | tal -0.2357 | dual_g 0.0921 | dual_d 1.1642 | train_acc 0.9792 | train_full n/a | val_acc 0.8846 | val_f1 0.8908 | adv/moduleC 1.00/1.00 | disc_steps 3 | grad(main/disc) 7.919/2.214 | lr(main/disc) 4.50e-05/1.38e-05 | cuda_peak(alloc/resv) 4.09/5.12GB | phase(train/val/raw/train_eval) 0.8/0.4/0.0/0.0s | 1.2s
2026-08-30 04:43:24 | Epoch 042/060 | loss 1.4185 | cls 1.3760 | tal -0.1613 | dual_g 0.0910 | dual_d 1.1655 | train_acc 1.0000 | train_full n/a | val_acc 0.8846 | val_f1 0.8908 | adv/moduleC 1.00/1.00 | disc_steps 3 | grad(main/disc) 7.617/2.286 | lr(main/disc) 4.50e-05/1.38e-05 | cuda_peak(alloc/resv) 4.09/5.12GB | phase(train/val/raw/train_eval) 0.9/0.4/0.0/0.0s | 1.3s
2026-08-30 04:43:25 | Epoch 043/060 | loss 1.4547 | cls 1.4249 | tal -0.1980 | dual_g 0.0892 | dual_d 1.1921 | train_acc 0.9896 | train_full n/a | val_acc 0.8846 | val_f1 0.8908 | adv/moduleC 1.00/1.00 | disc_steps 3 | grad(main/disc) 8.897/2.203 | lr(main/disc) 4.50e-05/1.38e-05 | cuda_peak(alloc/resv) 4.09/5.12GB | phase(train/val/raw/train_eval) 0.8/0.4/0.0/0.0s | 1.2s
2026-08-30 04:43:26 | Epoch 044/060 | loss 1.4448 | cls 1.4141 | tal -0.1987 | dual_g 0.0903 | dual_d 1.1504 | train_acc 0.9792 | train_full n/a | val_acc 0.8846 | val_f1 0.8908 | adv/moduleC 1.00/1.00 | disc_steps 3 | grad(main/disc) 7.861/2.232 | lr(main/disc) 4.50e-05/1.38e-05 | cuda_peak(alloc/resv) 4.09/5.12GB | phase(train/val/raw/train_eval) 0.8/0.4/0.0/0.0s | 1.2s
2026-08-30 04:43:28 | Epoch 045/060 | loss 1.4255 | cls 1.3872 | tal -0.1739 | dual_g 0.0905 | dual_d 1.2417 | train_acc 0.9896 | train_full 0.9896 | val_acc 1.0000 | val_f1 1.0000 | adv/moduleC 1.00/1.00 | disc_steps 3 | grad(main/disc) 7.796/2.446 | lr(main/disc) 4.50e-05/1.38e-05 | cuda_peak(alloc/resv) 4.09/5.12GB | phase(train/val/raw/train_eval) 0.8/0.4/0.4/0.4s | 2.0s
2026-08-30 04:43:30 | Epoch 046/060 | loss 1.4469 | cls 1.4026 | tal -0.1500 | dual_g 0.0893 | dual_d 1.0874 | train_acc 0.9896 | train_full n/a | val_acc 1.0000 | val_f1 1.0000 | adv/moduleC 1.00/1.00 | disc_steps 3 | grad(main/disc) 7.960/2.189 | lr(main/disc) 4.50e-05/1.38e-05 | cuda_peak(alloc/resv) 4.09/5.12GB | phase(train/val/raw/train_eval) 0.8/0.4/0.0/0.0s | 1.1s
2026-08-30 04:43:31 | Epoch 047/060 | loss 1.3616 | cls 1.3422 | tal -0.2319 | dual_g 0.0889 | dual_d 1.1455 | train_acc 0.9896 | train_full n/a | val_acc 1.0000 | val_f1 1.0000 | adv/moduleC 1.00/1.00 | disc_steps 3 | grad(main/disc) 7.590/2.224 | lr(main/disc) 2.25e-05/6.88e-06 | cuda_peak(alloc/resv) 4.09/5.12GB | phase(train/val/raw/train_eval) 0.9/0.4/0.4/0.0s | 1.7s
2026-08-30 04:43:33 | New best val_f1_macro_present: raw=1.0000 stable_score=1.0000 at epoch 47
2026-08-30 04:43:35 | Epoch 048/060 | loss 1.3667 | cls 1.3374 | tal -0.1993 | dual_g 0.0890 | dual_d 1.2522 | train_acc 0.9792 | train_full n/a | val_acc 1.0000 | val_f1 1.0000 | adv/moduleC 1.00/1.00 | disc_steps 3 | grad(main/disc) 6.752/2.273 | lr(main/disc) 2.25e-05/6.88e-06 | cuda_peak(alloc/resv) 4.09/5.12GB | phase(train/val/raw/train_eval) 1.1/0.4/0.0/0.0s | 1.5s
2026-08-30 04:43:36 | Epoch 049/060 | loss 1.3675 | cls 1.3638 | tal -0.2816 | dual_g 0.0882 | dual_d 1.0953 | train_acc 0.9792 | train_full n/a | val_acc 1.0000 | val_f1 1.0000 | adv/moduleC 1.00/1.00 | disc_steps 3 | grad(main/disc) 7.020/2.227 | lr(main/disc) 2.25e-05/6.88e-06 | cuda_peak(alloc/resv) 4.09/5.12GB | phase(train/val/raw/train_eval) 0.7/0.4/0.0/0.0s | 1.0s
2026-08-30 04:43:38 | Epoch 050/060 | loss 1.3240 | cls 1.3220 | tal -0.2824 | dual_g 0.0867 | dual_d 1.1573 | train_acc 1.0000 | train_full 0.9688 | val_acc 1.0000 | val_f1 1.0000 | adv/moduleC 1.00/1.00 | disc_steps 3 | grad(main/disc) 5.770/2.232 | lr(main/disc) 2.25e-05/6.88e-06 | cuda_peak(alloc/resv) 4.09/5.12GB | phase(train/val/raw/train_eval) 0.8/0.4/0.4/0.4s | 2.0s
2026-08-30 04:43:39 | Epoch 051/060 | loss 1.3284 | cls 1.3356 | tal -0.3107 | dual_g 0.0860 | dual_d 1.0759 | train_acc 0.9896 | train_full n/a | val_acc 1.0000 | val_f1 1.0000 | adv/moduleC 1.00/1.00 | disc_steps 3 | grad(main/disc) 6.708/2.126 | lr(main/disc) 2.25e-05/6.88e-06 | cuda_peak(alloc/resv) 4.09/5.12GB | phase(train/val/raw/train_eval) 0.8/0.4/0.0/0.0s | 1.2s
2026-08-30 04:43:40 | Epoch 052/060 | loss 1.3684 | cls 1.3584 | tal -0.2534 | dual_g 0.0860 | dual_d 1.1327 | train_acc 1.0000 | train_full n/a | val_acc 1.0000 | val_f1 1.0000 | adv/moduleC 1.00/1.00 | disc_steps 3 | grad(main/disc) 6.828/2.174 | lr(main/disc) 2.25e-05/6.88e-06 | cuda_peak(alloc/resv) 4.09/5.12GB | phase(train/val/raw/train_eval) 0.7/0.4/0.0/0.0s | 1.1s
2026-08-30 04:43:42 | Epoch 053/060 | loss 1.2934 | cls 1.2978 | tal -0.2981 | dual_g 0.0851 | dual_d 1.2314 | train_acc 1.0000 | train_full n/a | val_acc 1.0000 | val_f1 1.0000 | adv/moduleC 1.00/1.00 | disc_steps 3 | grad(main/disc) 5.074/2.301 | lr(main/disc) 2.25e-05/6.88e-06 | cuda_peak(alloc/resv) 4.09/5.12GB | phase(train/val/raw/train_eval) 0.9/0.4/0.0/0.0s | 1.3s
2026-08-30 04:43:43 | Epoch 054/060 | loss 1.3047 | cls 1.2988 | tal -0.2662 | dual_g 0.0857 | dual_d 1.1232 | train_acc 1.0000 | train_full n/a | val_acc 1.0000 | val_f1 1.0000 | adv/moduleC 1.00/1.00 | disc_steps 3 | grad(main/disc) 4.884/2.217 | lr(main/disc) 2.25e-05/6.88e-06 | cuda_peak(alloc/resv) 4.09/5.12GB | phase(train/val/raw/train_eval) 0.8/0.4/0.0/0.0s | 1.2s
2026-08-30 04:43:45 | Epoch 055/060 | loss 1.2986 | cls 1.2707 | tal -0.1869 | dual_g 0.0840 | dual_d 1.2206 | train_acc 1.0000 | train_full 0.9896 | val_acc 1.0000 | val_f1 1.0000 | adv/moduleC 1.00/1.00 | disc_steps 3 | grad(main/disc) 5.690/2.346 | lr(main/disc) 2.25e-05/6.88e-06 | cuda_peak(alloc/resv) 4.09/5.12GB | phase(train/val/raw/train_eval) 0.9/0.4/0.4/0.4s | 2.1s
2026-08-30 04:43:46 | Epoch 056/060 | loss 1.3519 | cls 1.3535 | tal -0.2825 | dual_g 0.0831 | dual_d 1.1675 | train_acc 0.9583 | train_full n/a | val_acc 1.0000 | val_f1 1.0000 | adv/moduleC 1.00/1.00 | disc_steps 3 | grad(main/disc) 7.283/2.235 | lr(main/disc) 1.13e-05/3.44e-06 | cuda_peak(alloc/resv) 4.09/5.12GB | phase(train/val/raw/train_eval) 0.9/0.4/0.0/0.0s | 1.3s
2026-08-30 04:43:47 | Epoch 057/060 | loss 1.3382 | cls 1.3211 | tal -0.2271 | dual_g 0.0852 | dual_d 1.1610 | train_acc 1.0000 | train_full n/a | val_acc 1.0000 | val_f1 1.0000 | adv/moduleC 1.00/1.00 | disc_steps 3 | grad(main/disc) 5.941/2.188 | lr(main/disc) 1.13e-05/3.44e-06 | cuda_peak(alloc/resv) 4.09/5.12GB | phase(train/val/raw/train_eval) 0.8/0.4/0.0/0.0s | 1.2s
2026-08-30 04:43:49 | Epoch 058/060 | loss 1.3452 | cls 1.3252 | tal -0.2153 | dual_g 0.0846 | dual_d 1.1386 | train_acc 0.9896 | train_full n/a | val_acc 1.0000 | val_f1 1.0000 | adv/moduleC 1.00/1.00 | disc_steps 3 | grad(main/disc) 5.622/2.191 | lr(main/disc) 1.13e-05/3.44e-06 | cuda_peak(alloc/resv) 4.09/5.12GB | phase(train/val/raw/train_eval) 0.8/0.4/0.0/0.0s | 1.2s
2026-08-30 04:43:50 | Epoch 059/060 | loss 1.3341 | cls 1.2992 | tal -0.1664 | dual_g 0.0848 | dual_d 1.2003 | train_acc 1.0000 | train_full n/a | val_acc 1.0000 | val_f1 1.0000 | adv/moduleC 1.00/1.00 | disc_steps 3 | grad(main/disc) 5.404/2.273 | lr(main/disc) 1.13e-05/3.44e-06 | cuda_peak(alloc/resv) 4.09/5.12GB | phase(train/val/raw/train_eval) 0.7/0.4/0.0/0.0s | 1.1s
2026-08-30 04:43:50 | Early stopping at epoch 59 after 12 epochs without val_f1_macro_present improvement.
2026-08-30 04:43:50 | Training complete. Peak validation accuracy: 1.0000 | selected val_f1_macro_present: 1.0000
