2026-08-30 04:40:03 | Starting Dual_D standalone training
2026-08-30 04:40:03 | Run directory: runs/module_c_ablation_60_v9/module_c_20260830_023711/module_c_no_classification_feedback_雨天_20260830_042021
2026-08-30 04:40:03 | Device: cuda
2026-08-30 04:40:03 | Source train samples: 992
2026-08-30 04:40:03 | Target train samples: 96
2026-08-30 04:40:03 | Target val samples: 26
2026-08-30 04:40:03 | Classes: 14
2026-08-30 04:40:04 | Data audit: same_dir=False | path_overlap(vis/ir/ais)=0/0/0 | content_overlap(vis/ir/ais)=0/0/0 | ais_index_overlap=0 | stem_mismatch(vis-ir/vis-ais)=117/0
2026-08-30 04:40:04 | source_train classes: present 14/14 | absent 0 | counts [0:120, 1:44, 2:69, 3:45, 4:40, 5:30, 6:64, 7:80, 8:116, 9:68, 10:57, 11:83, 12:48, 13:128]
2026-08-30 04:40:04 | target_train classes: present 6/14 | absent 8 | counts [0:7, 2:19, 9:32, 10:12, 11:6, 13:20]
2026-08-30 04:40:04 | target_val classes: present 6/14 | absent 8 | counts [0:2, 2:5, 9:8, 10:4, 11:2, 13:5]
2026-08-30 04:40:04 | Paired training classes: 6/14 | class ids [0, 2, 9, 10, 11, 13]
2026-08-30 04:40:04 | Runtime profile: batch=16 | paired_steps=6 | workers=16 | train_eval_every=5 | raw_eval_every=5 | stability_window=3 | lr_scheduler_start=24 | early_stop=12 after min_epoch=35
2026-08-30 04:40:04 | Augmentation profile: base=0.550 | visible=0.600 | infrared=0.400 | freeze_frozen_batch_norm_stats=True
2026-08-30 04:40:04 | VIS/IR pairing: class-level-unpaired | count-mismatch classes train/val: 10/0 | AIS alignment: none | AIS rows train/val: 0/0
2026-08-30 04:40:05 | Effective Dual-D loss weights: {"adv_auxiliary": 0.02, "adv_primary": 0.02, "classification": 0.0, "contrastive": 0.025, "cycle": 0.12, "identity": 0.025, "prototype_contrastive": 0.03}
2026-08-30 04:40:05 | Model parameters: total=17277714 | trainable=17120210
2026-08-30 04:40:07 | Epoch 001/060 | loss 5.7176 | cls 5.7871 | tal -0.2317 | dual_g 0.0000 | dual_d 0.0000 | train_acc 0.0833 | train_full 0.1458 | val_acc 0.2308 | val_f1 0.2077 | adv/moduleC 0.00/0.00 | disc_steps 0 | grad(main/disc) 32.526/0.000 | lr(main/disc) 9.00e-05/2.75e-05 | cuda_peak(alloc/resv) 4.09/5.12GB | phase(train/val/raw/train_eval) 1.1/0.4/0.4/0.4s | 2.2s
2026-08-30 04:40:08 | Epoch 002/060 | loss 4.6905 | cls 4.7458 | tal -0.1843 | dual_g 0.0000 | dual_d 0.0000 | train_acc 0.2396 | train_full n/a | val_acc 0.2692 | val_f1 0.1481 | adv/moduleC 0.00/0.00 | disc_steps 0 | grad(main/disc) 28.120/0.000 | lr(main/disc) 9.00e-05/2.75e-05 | cuda_peak(alloc/resv) 4.09/5.12GB | phase(train/val/raw/train_eval) 0.7/0.4/0.0/0.0s | 1.0s
2026-08-30 04:40:09 | Epoch 003/060 | loss 4.2155 | cls 4.2016 | tal 0.0465 | dual_g 0.0000 | dual_d 0.0000 | train_acc 0.3750 | train_full n/a | val_acc 0.2308 | val_f1 0.1071 | adv/moduleC 0.00/0.00 | disc_steps 0 | grad(main/disc) 24.592/0.000 | lr(main/disc) 9.00e-05/2.75e-05 | cuda_peak(alloc/resv) 4.09/5.12GB | phase(train/val/raw/train_eval) 0.8/0.4/0.4/0.0s | 1.5s
2026-08-30 04:40:11 | New best val_f1_macro_present: raw=0.1071 stable_score=0.1071 at epoch 3
2026-08-30 04:40:13 | Epoch 004/060 | loss 3.6849 | cls 3.6350 | tal 0.1077 | dual_g 0.0176 | dual_d 0.0000 | train_acc 0.4271 | train_full n/a | val_acc 0.1923 | val_f1 0.0641 | adv/moduleC 0.00/0.12 | disc_steps 0 | grad(main/disc) 23.037/0.000 | lr(main/disc) 9.00e-05/2.75e-05 | cuda_peak(alloc/resv) 4.09/5.12GB | phase(train/val/raw/train_eval) 0.8/0.4/0.0/0.0s | 1.2s
2026-08-30 04:40:15 | Epoch 005/060 | loss 3.5707 | cls 3.5253 | tal 0.0377 | dual_g 0.0341 | dual_d 0.0000 | train_acc 0.5104 | train_full 0.3542 | val_acc 0.3462 | val_f1 0.2421 | adv/moduleC 0.00/0.25 | disc_steps 0 | grad(main/disc) 21.425/0.000 | lr(main/disc) 9.00e-05/2.75e-05 | cuda_peak(alloc/resv) 4.09/5.12GB | phase(train/val/raw/train_eval) 0.8/0.4/0.4/0.4s | 2.0s
2026-08-30 04:40:16 | Epoch 006/060 | loss 3.1803 | cls 3.1090 | tal 0.0734 | dual_g 0.0493 | dual_d 0.0000 | train_acc 0.5104 | train_full n/a | val_acc 0.3846 | val_f1 0.3201 | adv/moduleC 0.00/0.38 | disc_steps 0 | grad(main/disc) 21.293/0.000 | lr(main/disc) 9.00e-05/2.75e-05 | cuda_peak(alloc/resv) 4.09/5.12GB | phase(train/val/raw/train_eval) 0.8/0.4/0.0/0.0s | 1.2s
2026-08-30 04:40:18 | Epoch 007/060 | loss 2.9484 | cls 2.8707 | tal 0.0431 | dual_g 0.0647 | dual_d 0.7656 | train_acc 0.5833 | train_full n/a | val_acc 0.5385 | val_f1 0.4923 | adv/moduleC 0.07/0.50 | disc_steps 3 | grad(main/disc) 19.857/2.015 | lr(main/disc) 9.00e-05/2.75e-05 | cuda_peak(alloc/resv) 4.09/5.12GB | phase(train/val/raw/train_eval) 1.0/0.4/0.4/0.0s | 1.7s
2026-08-30 04:40:20 | New best val_f1_macro_present: raw=0.4923 stable_score=0.2421 at epoch 7
2026-08-30 04:40:21 | Epoch 008/060 | loss 3.0216 | cls 2.9255 | tal 0.0513 | dual_g 0.0808 | dual_d 0.7977 | train_acc 0.6562 | train_full n/a | val_acc 0.5769 | val_f1 0.5837 | adv/moduleC 0.13/0.62 | disc_steps 3 | grad(main/disc) 19.460/2.064 | lr(main/disc) 9.00e-05/2.75e-05 | cuda_peak(alloc/resv) 4.09/5.12GB | phase(train/val/raw/train_eval) 0.7/0.4/0.4/0.0s | 1.4s
2026-08-30 04:40:23 | New best val_f1_macro_present: raw=0.5837 stable_score=0.3201 at epoch 8
2026-08-30 04:40:25 | Epoch 009/060 | loss 2.6627 | cls 2.5842 | tal -0.0566 | dual_g 0.0954 | dual_d 0.7393 | train_acc 0.7188 | train_full n/a | val_acc 0.5769 | val_f1 0.5831 | adv/moduleC 0.20/0.75 | disc_steps 3 | grad(main/disc) 18.464/1.835 | lr(main/disc) 9.00e-05/2.75e-05 | cuda_peak(alloc/resv) 4.09/5.12GB | phase(train/val/raw/train_eval) 1.0/0.4/0.4/0.0s | 1.7s
2026-08-30 04:40:27 | New best val_f1_macro_present: raw=0.5831 stable_score=0.4923 at epoch 9
2026-08-30 04:40:29 | Epoch 010/060 | loss 2.5524 | cls 2.4317 | tal 0.0387 | dual_g 0.1091 | dual_d 0.7947 | train_acc 0.7917 | train_full 0.7292 | val_acc 0.6923 | val_f1 0.6432 | adv/moduleC 0.27/0.88 | disc_steps 3 | grad(main/disc) 17.823/1.993 | lr(main/disc) 9.00e-05/2.75e-05 | cuda_peak(alloc/resv) 4.09/5.12GB | phase(train/val/raw/train_eval) 0.9/0.4/0.4/0.4s | 2.1s
2026-08-30 04:40:31 | New best val_f1_macro_present: raw=0.6432 stable_score=0.5831 at epoch 10
2026-08-30 04:40:32 | Epoch 011/060 | loss 2.5195 | cls 2.3996 | tal -0.0142 | dual_g 0.1241 | dual_d 0.9208 | train_acc 0.7500 | train_full n/a | val_acc 0.6154 | val_f1 0.6657 | adv/moduleC 0.33/1.00 | disc_steps 3 | grad(main/disc) 18.891/2.122 | lr(main/disc) 9.00e-05/2.75e-05 | cuda_peak(alloc/resv) 4.09/5.12GB | phase(train/val/raw/train_eval) 0.8/0.4/0.0/0.0s | 1.2s
2026-08-30 04:40:33 | Epoch 012/060 | loss 2.0756 | cls 1.9842 | tal -0.1074 | dual_g 0.1236 | dual_d 0.7845 | train_acc 0.7917 | train_full n/a | val_acc 0.5385 | val_f1 0.5819 | adv/moduleC 0.40/1.00 | disc_steps 3 | grad(main/disc) 14.681/2.066 | lr(main/disc) 9.00e-05/2.75e-05 | cuda_peak(alloc/resv) 4.09/5.12GB | phase(train/val/raw/train_eval) 0.6/0.4/0.0/0.0s | 1.0s
2026-08-30 04:40:35 | Epoch 013/060 | loss 2.2063 | cls 2.1138 | tal -0.1018 | dual_g 0.1231 | dual_d 0.7719 | train_acc 0.8542 | train_full n/a | val_acc 0.5769 | val_f1 0.6026 | adv/moduleC 0.47/1.00 | disc_steps 3 | grad(main/disc) 16.028/1.922 | lr(main/disc) 9.00e-05/2.75e-05 | cuda_peak(alloc/resv) 4.09/5.12GB | phase(train/val/raw/train_eval) 0.8/0.4/0.0/0.0s | 1.2s
2026-08-30 04:40:36 | Epoch 014/060 | loss 2.4126 | cls 2.3044 | tal -0.0449 | dual_g 0.1216 | dual_d 0.8838 | train_acc 0.8438 | train_full n/a | val_acc 0.6154 | val_f1 0.6319 | adv/moduleC 0.53/1.00 | disc_steps 3 | grad(main/disc) 19.268/2.086 | lr(main/disc) 9.00e-05/2.75e-05 | cuda_peak(alloc/resv) 4.09/5.12GB | phase(train/val/raw/train_eval) 0.7/0.4/0.0/0.0s | 1.1s
2026-08-30 04:40:38 | Epoch 015/060 | loss 2.0730 | cls 2.0012 | tal -0.1602 | dual_g 0.1198 | dual_d 0.7642 | train_acc 0.9167 | train_full 0.5938 | val_acc 0.6154 | val_f1 0.6319 | adv/moduleC 0.60/1.00 | disc_steps 3 | grad(main/disc) 16.656/1.964 | lr(main/disc) 9.00e-05/2.75e-05 | cuda_peak(alloc/resv) 4.09/5.12GB | phase(train/val/raw/train_eval) 0.9/0.4/0.4/0.4s | 2.1s
2026-08-30 04:40:40 | New best val_f1_macro_present: raw=0.6319 stable_score=0.6026 at epoch 15
2026-08-30 04:40:41 | Epoch 016/060 | loss 1.9510 | cls 1.8406 | tal -0.0276 | dual_g 0.1188 | dual_d 0.8551 | train_acc 0.9271 | train_full n/a | val_acc 0.6538 | val_f1 0.6928 | adv/moduleC 0.67/1.00 | disc_steps 3 | grad(main/disc) 14.744/2.054 | lr(main/disc) 9.00e-05/2.75e-05 | cuda_peak(alloc/resv) 4.09/5.12GB | phase(train/val/raw/train_eval) 0.8/0.4/0.4/0.0s | 1.5s
2026-08-30 04:40:44 | New best val_f1_macro_present: raw=0.6928 stable_score=0.6319 at epoch 16
2026-08-30 04:40:45 | Epoch 017/060 | loss 2.1981 | cls 2.0568 | tal 0.0727 | dual_g 0.1194 | dual_d 0.8732 | train_acc 0.8958 | train_full n/a | val_acc 0.6538 | val_f1 0.6598 | adv/moduleC 0.73/1.00 | disc_steps 3 | grad(main/disc) 16.271/1.996 | lr(main/disc) 9.00e-05/2.75e-05 | cuda_peak(alloc/resv) 4.09/5.12GB | phase(train/val/raw/train_eval) 0.9/0.4/0.0/0.0s | 1.3s
2026-08-30 04:40:46 | Epoch 018/060 | loss 1.9292 | cls 1.8108 | tal 0.0045 | dual_g 0.1170 | dual_d 0.9473 | train_acc 0.9167 | train_full n/a | val_acc 0.6923 | val_f1 0.7657 | adv/moduleC 0.80/1.00 | disc_steps 3 | grad(main/disc) 14.528/2.172 | lr(main/disc) 9.00e-05/2.75e-05 | cuda_peak(alloc/resv) 4.09/5.12GB | phase(train/val/raw/train_eval) 0.8/0.4/0.4/0.0s | 1.5s
2026-08-30 04:40:49 | New best val_f1_macro_present: raw=0.7657 stable_score=0.6598 at epoch 18
2026-08-30 04:40:50 | Epoch 019/060 | loss 1.9009 | cls 1.7938 | tal -0.0385 | dual_g 0.1186 | dual_d 0.8074 | train_acc 0.8854 | train_full n/a | val_acc 0.8077 | val_f1 0.8704 | adv/moduleC 0.87/1.00 | disc_steps 3 | grad(main/disc) 13.355/2.015 | lr(main/disc) 9.00e-05/2.75e-05 | cuda_peak(alloc/resv) 4.09/5.12GB | phase(train/val/raw/train_eval) 0.7/0.4/0.0/0.0s | 1.1s
2026-08-30 04:40:52 | Epoch 020/060 | loss 1.8917 | cls 1.7761 | tal 0.0036 | dual_g 0.1145 | dual_d 0.9485 | train_acc 0.8854 | train_full 0.8750 | val_acc 0.8462 | val_f1 0.8860 | adv/moduleC 0.93/1.00 | disc_steps 3 | grad(main/disc) 13.903/2.101 | lr(main/disc) 9.00e-05/2.75e-05 | cuda_peak(alloc/resv) 4.09/5.12GB | phase(train/val/raw/train_eval) 0.8/0.4/0.4/0.4s | 2.0s
2026-08-30 04:40:54 | New best val_f1_macro_present: raw=0.8860 stable_score=0.7657 at epoch 20
2026-08-30 04:40:56 | Epoch 021/060 | loss 1.7442 | cls 1.6244 | tal 0.0208 | dual_g 0.1136 | dual_d 0.9553 | train_acc 0.9583 | train_full n/a | val_acc 0.8846 | val_f1 0.9152 | adv/moduleC 1.00/1.00 | disc_steps 3 | grad(main/disc) 12.150/2.092 | lr(main/disc) 9.00e-05/2.75e-05 | cuda_peak(alloc/resv) 4.09/5.12GB | phase(train/val/raw/train_eval) 1.0/0.4/0.4/0.0s | 1.7s
2026-08-30 04:40:58 | New best val_f1_macro_present: raw=0.9152 stable_score=0.8704 at epoch 21
2026-08-30 04:41:00 | Epoch 022/060 | loss 1.8412 | cls 1.7180 | tal 0.0436 | dual_g 0.1101 | dual_d 0.9398 | train_acc 0.9583 | train_full n/a | val_acc 0.8846 | val_f1 0.9152 | adv/moduleC 1.00/1.00 | disc_steps 3 | grad(main/disc) 12.911/2.120 | lr(main/disc) 9.00e-05/2.75e-05 | cuda_peak(alloc/resv) 4.09/5.12GB | phase(train/val/raw/train_eval) 1.2/0.4/0.4/0.0s | 1.9s
2026-08-30 04:41:02 | New best val_f1_macro_present: raw=0.9152 stable_score=0.8860 at epoch 22
2026-08-30 04:41:03 | Epoch 023/060 | loss 1.7279 | cls 1.6036 | tal 0.0507 | dual_g 0.1091 | dual_d 1.0001 | train_acc 0.9375 | train_full n/a | val_acc 0.8846 | val_f1 0.8945 | adv/moduleC 1.00/1.00 | disc_steps 3 | grad(main/disc) 11.838/2.171 | lr(main/disc) 9.00e-05/2.75e-05 | cuda_peak(alloc/resv) 4.09/5.12GB | phase(train/val/raw/train_eval) 0.8/0.4/0.4/0.0s | 1.5s
2026-08-30 04:41:05 | New best val_f1_macro_present: raw=0.8945 stable_score=0.8945 at epoch 23
2026-08-30 04:41:06 | Epoch 024/060 | loss 1.6324 | cls 1.5259 | tal -0.0075 | dual_g 0.1088 | dual_d 0.9971 | train_acc 0.9583 | train_full n/a | val_acc 0.9231 | val_f1 0.9277 | adv/moduleC 1.00/1.00 | disc_steps 3 | grad(main/disc) 9.924/2.113 | lr(main/disc) 9.00e-05/2.75e-05 | cuda_peak(alloc/resv) 4.09/5.12GB | phase(train/val/raw/train_eval) 0.7/0.4/0.0/0.0s | 1.1s
2026-08-30 04:41:08 | Epoch 025/060 | loss 1.6278 | cls 1.5645 | tal -0.1397 | dual_g 0.1053 | dual_d 0.9437 | train_acc 0.9896 | train_full 0.8542 | val_acc 0.8462 | val_f1 0.8968 | adv/moduleC 1.00/1.00 | disc_steps 3 | grad(main/disc) 11.793/2.028 | lr(main/disc) 9.00e-05/2.75e-05 | cuda_peak(alloc/resv) 4.09/5.12GB | phase(train/val/raw/train_eval) 0.8/0.4/0.4/0.4s | 2.0s
2026-08-30 04:41:10 | Epoch 026/060 | loss 1.7869 | cls 1.6931 | tal -0.0327 | dual_g 0.1035 | dual_d 1.0515 | train_acc 0.9688 | train_full n/a | val_acc 0.8462 | val_f1 0.8712 | adv/moduleC 1.00/1.00 | disc_steps 3 | grad(main/disc) 14.055/2.169 | lr(main/disc) 9.00e-05/2.75e-05 | cuda_peak(alloc/resv) 4.09/5.12GB | phase(train/val/raw/train_eval) 0.9/0.4/0.0/0.0s | 1.2s
2026-08-30 04:41:11 | Epoch 027/060 | loss 1.6699 | cls 1.5624 | tal 0.0072 | dual_g 0.1053 | dual_d 1.0619 | train_acc 0.9896 | train_full n/a | val_acc 0.8846 | val_f1 0.8907 | adv/moduleC 1.00/1.00 | disc_steps 3 | grad(main/disc) 11.386/2.082 | lr(main/disc) 9.00e-05/2.75e-05 | cuda_peak(alloc/resv) 4.09/5.12GB | phase(train/val/raw/train_eval) 0.7/0.4/0.0/0.0s | 1.1s
2026-08-30 04:41:12 | Epoch 028/060 | loss 1.6028 | cls 1.5088 | tal -0.0254 | dual_g 0.1017 | dual_d 1.0277 | train_acc 0.9896 | train_full n/a | val_acc 0.9231 | val_f1 0.9484 | adv/moduleC 1.00/1.00 | disc_steps 3 | grad(main/disc) 9.977/2.050 | lr(main/disc) 9.00e-05/2.75e-05 | cuda_peak(alloc/resv) 4.09/5.12GB | phase(train/val/raw/train_eval) 0.8/0.4/0.0/0.0s | 1.2s
2026-08-30 04:41:13 | Epoch 029/060 | loss 1.7418 | cls 1.6678 | tal -0.0868 | dual_g 0.1000 | dual_d 1.0533 | train_acc 0.9479 | train_full n/a | val_acc 1.0000 | val_f1 1.0000 | adv/moduleC 1.00/1.00 | disc_steps 3 | grad(main/disc) 13.554/2.173 | lr(main/disc) 9.00e-05/2.75e-05 | cuda_peak(alloc/resv) 4.09/5.12GB | phase(train/val/raw/train_eval) 0.9/0.4/0.0/0.0s | 1.3s
2026-08-30 04:41:15 | Epoch 030/060 | loss 1.4758 | cls 1.4162 | tal -0.1381 | dual_g 0.1010 | dual_d 1.0410 | train_acc 0.9896 | train_full 0.9375 | val_acc 0.9231 | val_f1 0.9277 | adv/moduleC 1.00/1.00 | disc_steps 3 | grad(main/disc) 8.601/2.132 | lr(main/disc) 9.00e-05/2.75e-05 | cuda_peak(alloc/resv) 4.09/5.12GB | phase(train/val/raw/train_eval) 0.8/0.4/0.4/0.4s | 2.0s
2026-08-30 04:41:17 | New best val_f1_macro_present: raw=0.9277 stable_score=0.9277 at epoch 30
2026-08-30 04:41:18 | Epoch 031/060 | loss 1.4792 | cls 1.4365 | tal -0.1848 | dual_g 0.0981 | dual_d 1.0541 | train_acc 0.9792 | train_full n/a | val_acc 0.9231 | val_f1 0.9277 | adv/moduleC 1.00/1.00 | disc_steps 3 | grad(main/disc) 10.645/2.118 | lr(main/disc) 9.00e-05/2.75e-05 | cuda_peak(alloc/resv) 4.09/5.12GB | phase(train/val/raw/train_eval) 0.7/0.4/0.0/0.0s | 1.1s
2026-08-30 04:41:20 | Epoch 032/060 | loss 1.6240 | cls 1.5431 | tal -0.0485 | dual_g 0.0955 | dual_d 1.0929 | train_acc 0.9479 | train_full n/a | val_acc 1.0000 | val_f1 1.0000 | adv/moduleC 1.00/1.00 | disc_steps 3 | grad(main/disc) 11.296/2.140 | lr(main/disc) 9.00e-05/2.75e-05 | cuda_peak(alloc/resv) 4.09/5.12GB | phase(train/val/raw/train_eval) 0.9/0.4/0.0/0.0s | 1.3s
2026-08-30 04:41:21 | Epoch 033/060 | loss 1.7307 | cls 1.6150 | tal 0.0698 | dual_g 0.0948 | dual_d 0.9591 | train_acc 0.9688 | train_full n/a | val_acc 0.9615 | val_f1 0.9556 | adv/moduleC 1.00/1.00 | disc_steps 3 | grad(main/disc) 11.777/2.008 | lr(main/disc) 9.00e-05/2.75e-05 | cuda_peak(alloc/resv) 4.09/5.12GB | phase(train/val/raw/train_eval) 1.1/0.4/0.0/0.0s | 1.4s
2026-08-30 04:41:22 | Epoch 034/060 | loss 1.5460 | cls 1.4732 | tal -0.0715 | dual_g 0.0942 | dual_d 1.0082 | train_acc 0.9896 | train_full n/a | val_acc 0.9231 | val_f1 0.9277 | adv/moduleC 1.00/1.00 | disc_steps 3 | grad(main/disc) 9.583/2.062 | lr(main/disc) 9.00e-05/2.75e-05 | cuda_peak(alloc/resv) 4.09/5.12GB | phase(train/val/raw/train_eval) 0.8/0.4/0.0/0.0s | 1.2s
2026-08-30 04:41:24 | Epoch 035/060 | loss 1.5918 | cls 1.5105 | tal -0.0391 | dual_g 0.0930 | dual_d 1.0307 | train_acc 0.9896 | train_full 0.9479 | val_acc 0.9231 | val_f1 0.9277 | adv/moduleC 1.00/1.00 | disc_steps 3 | grad(main/disc) 10.230/2.058 | lr(main/disc) 9.00e-05/2.75e-05 | cuda_peak(alloc/resv) 4.09/5.12GB | phase(train/val/raw/train_eval) 0.8/0.4/0.4/0.4s | 2.0s
2026-08-30 04:41:25 | Epoch 036/060 | loss 1.4915 | cls 1.3980 | tal 0.0066 | dual_g 0.0915 | dual_d 0.9923 | train_acc 0.9792 | train_full n/a | val_acc 0.9231 | val_f1 0.9484 | adv/moduleC 1.00/1.00 | disc_steps 3 | grad(main/disc) 10.019/2.108 | lr(main/disc) 9.00e-05/2.75e-05 | cuda_peak(alloc/resv) 4.09/5.12GB | phase(train/val/raw/train_eval) 0.8/0.4/0.0/0.0s | 1.2s
2026-08-30 04:41:26 | Epoch 037/060 | loss 1.6007 | cls 1.4977 | tal 0.0464 | dual_g 0.0890 | dual_d 1.0035 | train_acc 0.9688 | train_full n/a | val_acc 0.9231 | val_f1 0.9277 | adv/moduleC 1.00/1.00 | disc_steps 3 | grad(main/disc) 10.506/2.056 | lr(main/disc) 9.00e-05/2.75e-05 | cuda_peak(alloc/resv) 4.09/5.12GB | phase(train/val/raw/train_eval) 0.7/0.4/0.0/0.0s | 1.0s
2026-08-30 04:41:27 | Epoch 038/060 | loss 1.6542 | cls 1.5346 | tal 0.1005 | dual_g 0.0895 | dual_d 0.9617 | train_acc 0.9896 | train_full n/a | val_acc 0.9615 | val_f1 0.9556 | adv/moduleC 1.00/1.00 | disc_steps 3 | grad(main/disc) 13.866/1.955 | lr(main/disc) 4.50e-05/1.38e-05 | cuda_peak(alloc/resv) 4.09/5.12GB | phase(train/val/raw/train_eval) 0.7/0.4/0.0/0.0s | 1.1s
2026-08-30 04:41:29 | Epoch 039/060 | loss 1.5194 | cls 1.3902 | tal 0.1290 | dual_g 0.0905 | dual_d 1.0354 | train_acc 0.9792 | train_full n/a | val_acc 1.0000 | val_f1 1.0000 | adv/moduleC 1.00/1.00 | disc_steps 3 | grad(main/disc) 7.855/2.079 | lr(main/disc) 4.50e-05/1.38e-05 | cuda_peak(alloc/resv) 4.09/5.12GB | phase(train/val/raw/train_eval) 0.7/0.4/0.0/0.0s | 1.1s
2026-08-30 04:41:31 | Epoch 040/060 | loss 1.5498 | cls 1.4468 | tal 0.0361 | dual_g 0.0921 | dual_d 1.0740 | train_acc 0.9792 | train_full 0.9271 | val_acc 0.9615 | val_f1 0.9556 | adv/moduleC 1.00/1.00 | disc_steps 3 | grad(main/disc) 10.647/2.097 | lr(main/disc) 4.50e-05/1.38e-05 | cuda_peak(alloc/resv) 4.09/5.12GB | phase(train/val/raw/train_eval) 0.9/0.4/0.4/0.4s | 2.0s
2026-08-30 04:41:33 | New best val_f1_macro_present: raw=0.9556 stable_score=0.9556 at epoch 40
2026-08-30 04:41:34 | Epoch 041/060 | loss 1.5722 | cls 1.4693 | tal 0.0356 | dual_g 0.0921 | dual_d 1.0988 | train_acc 0.9688 | train_full n/a | val_acc 0.9615 | val_f1 0.9556 | adv/moduleC 1.00/1.00 | disc_steps 3 | grad(main/disc) 9.999/2.214 | lr(main/disc) 4.50e-05/1.38e-05 | cuda_peak(alloc/resv) 4.09/5.12GB | phase(train/val/raw/train_eval) 0.6/0.4/0.0/0.0s | 1.0s
2026-08-30 04:41:35 | Epoch 042/060 | loss 1.5002 | cls 1.4100 | tal -0.0000 | dual_g 0.0902 | dual_d 1.1190 | train_acc 1.0000 | train_full n/a | val_acc 1.0000 | val_f1 1.0000 | adv/moduleC 1.00/1.00 | disc_steps 3 | grad(main/disc) 9.634/2.269 | lr(main/disc) 4.50e-05/1.38e-05 | cuda_peak(alloc/resv) 4.09/5.12GB | phase(train/val/raw/train_eval) 0.9/0.4/0.0/0.0s | 1.3s
2026-08-30 04:41:36 | Epoch 043/060 | loss 1.4388 | cls 1.3533 | tal -0.0052 | dual_g 0.0871 | dual_d 1.0254 | train_acc 0.9896 | train_full n/a | val_acc 1.0000 | val_f1 1.0000 | adv/moduleC 1.00/1.00 | disc_steps 3 | grad(main/disc) 8.233/2.033 | lr(main/disc) 4.50e-05/1.38e-05 | cuda_peak(alloc/resv) 4.09/5.12GB | phase(train/val/raw/train_eval) 0.8/0.4/0.0/0.0s | 1.2s
2026-08-30 04:41:38 | Epoch 044/060 | loss 1.4751 | cls 1.3768 | tal 0.0439 | dual_g 0.0851 | dual_d 1.1367 | train_acc 0.9896 | train_full n/a | val_acc 1.0000 | val_f1 1.0000 | adv/moduleC 1.00/1.00 | disc_steps 3 | grad(main/disc) 7.861/2.221 | lr(main/disc) 4.50e-05/1.38e-05 | cuda_peak(alloc/resv) 4.09/5.12GB | phase(train/val/raw/train_eval) 1.0/0.4/0.4/0.0s | 1.7s
2026-08-30 04:41:40 | New best val_f1_macro_present: raw=1.0000 stable_score=1.0000 at epoch 44
2026-08-30 04:41:42 | Epoch 045/060 | loss 1.4246 | cls 1.3248 | tal 0.0554 | dual_g 0.0832 | dual_d 1.1019 | train_acc 0.9896 | train_full 0.9688 | val_acc 1.0000 | val_f1 1.0000 | adv/moduleC 1.00/1.00 | disc_steps 3 | grad(main/disc) 6.161/2.182 | lr(main/disc) 4.50e-05/1.38e-05 | cuda_peak(alloc/resv) 4.09/5.12GB | phase(train/val/raw/train_eval) 0.9/0.4/0.4/0.4s | 2.1s
2026-08-30 04:41:43 | Epoch 046/060 | loss 1.5077 | cls 1.4168 | tal 0.0203 | dual_g 0.0848 | dual_d 1.1061 | train_acc 0.9896 | train_full n/a | val_acc 1.0000 | val_f1 1.0000 | adv/moduleC 1.00/1.00 | disc_steps 3 | grad(main/disc) 8.482/2.023 | lr(main/disc) 4.50e-05/1.38e-05 | cuda_peak(alloc/resv) 4.09/5.12GB | phase(train/val/raw/train_eval) 0.9/0.4/0.0/0.0s | 1.3s
2026-08-30 04:41:44 | Epoch 047/060 | loss 1.4364 | cls 1.3373 | tal 0.0455 | dual_g 0.0855 | dual_d 1.0985 | train_acc 0.9896 | train_full n/a | val_acc 1.0000 | val_f1 1.0000 | adv/moduleC 1.00/1.00 | disc_steps 3 | grad(main/disc) 7.038/2.095 | lr(main/disc) 2.25e-05/6.88e-06 | cuda_peak(alloc/resv) 4.09/5.12GB | phase(train/val/raw/train_eval) 0.7/0.4/0.0/0.0s | 1.1s
2026-08-30 04:41:46 | Epoch 048/060 | loss 1.4571 | cls 1.3559 | tal 0.0657 | dual_g 0.0815 | dual_d 1.1141 | train_acc 0.9896 | train_full n/a | val_acc 0.8846 | val_f1 0.9192 | adv/moduleC 1.00/1.00 | disc_steps 3 | grad(main/disc) 7.861/2.156 | lr(main/disc) 2.25e-05/6.88e-06 | cuda_peak(alloc/resv) 4.09/5.12GB | phase(train/val/raw/train_eval) 0.8/0.4/0.0/0.0s | 1.2s
2026-08-30 04:41:47 | Epoch 049/060 | loss 1.3608 | cls 1.2813 | tal -0.0081 | dual_g 0.0819 | dual_d 1.0656 | train_acc 1.0000 | train_full n/a | val_acc 0.9615 | val_f1 0.9737 | adv/moduleC 1.00/1.00 | disc_steps 3 | grad(main/disc) 5.121/2.043 | lr(main/disc) 2.25e-05/6.88e-06 | cuda_peak(alloc/resv) 4.09/5.12GB | phase(train/val/raw/train_eval) 0.8/0.4/0.0/0.0s | 1.2s
2026-08-30 04:41:49 | Epoch 050/060 | loss 1.4275 | cls 1.3387 | tal 0.0160 | dual_g 0.0840 | dual_d 1.1512 | train_acc 0.9896 | train_full 0.9375 | val_acc 0.9231 | val_f1 0.9484 | adv/moduleC 1.00/1.00 | disc_steps 3 | grad(main/disc) 8.087/2.099 | lr(main/disc) 2.25e-05/6.88e-06 | cuda_peak(alloc/resv) 4.09/5.12GB | phase(train/val/raw/train_eval) 0.7/0.4/0.4/0.4s | 1.9s
2026-08-30 04:41:50 | Epoch 051/060 | loss 1.4591 | cls 1.4011 | tal -0.0757 | dual_g 0.0807 | dual_d 1.1436 | train_acc 1.0000 | train_full n/a | val_acc 1.0000 | val_f1 1.0000 | adv/moduleC 1.00/1.00 | disc_steps 3 | grad(main/disc) 8.572/2.163 | lr(main/disc) 2.25e-05/6.88e-06 | cuda_peak(alloc/resv) 4.09/5.12GB | phase(train/val/raw/train_eval) 0.9/0.4/0.0/0.0s | 1.3s
2026-08-30 04:41:51 | Epoch 052/060 | loss 1.4599 | cls 1.3613 | tal 0.0565 | dual_g 0.0817 | dual_d 1.0735 | train_acc 0.9896 | train_full n/a | val_acc 1.0000 | val_f1 1.0000 | adv/moduleC 1.00/1.00 | disc_steps 3 | grad(main/disc) 5.975/2.116 | lr(main/disc) 2.25e-05/6.88e-06 | cuda_peak(alloc/resv) 4.09/5.12GB | phase(train/val/raw/train_eval) 0.8/0.4/0.0/0.0s | 1.1s
2026-08-30 04:41:52 | Epoch 053/060 | loss 1.4692 | cls 1.3598 | tal 0.0974 | dual_g 0.0802 | dual_d 0.9717 | train_acc 0.9896 | train_full n/a | val_acc 1.0000 | val_f1 1.0000 | adv/moduleC 1.00/1.00 | disc_steps 3 | grad(main/disc) 7.847/1.955 | lr(main/disc) 2.25e-05/6.88e-06 | cuda_peak(alloc/resv) 4.09/5.12GB | phase(train/val/raw/train_eval) 0.9/0.4/0.0/0.0s | 1.2s
2026-08-30 04:41:53 | Epoch 054/060 | loss 1.3950 | cls 1.3311 | tal -0.0491 | dual_g 0.0787 | dual_d 1.0221 | train_acc 0.9896 | train_full n/a | val_acc 0.9615 | val_f1 0.9556 | adv/moduleC 1.00/1.00 | disc_steps 3 | grad(main/disc) 7.524/2.008 | lr(main/disc) 2.25e-05/6.88e-06 | cuda_peak(alloc/resv) 4.09/5.12GB | phase(train/val/raw/train_eval) 0.7/0.4/0.0/0.0s | 1.1s
2026-08-30 04:41:55 | Epoch 055/060 | loss 1.3583 | cls 1.2885 | tal -0.0376 | dual_g 0.0811 | dual_d 1.1071 | train_acc 1.0000 | train_full 0.9479 | val_acc 1.0000 | val_f1 1.0000 | adv/moduleC 1.00/1.00 | disc_steps 3 | grad(main/disc) 5.509/2.137 | lr(main/disc) 2.25e-05/6.88e-06 | cuda_peak(alloc/resv) 4.09/5.12GB | phase(train/val/raw/train_eval) 0.7/0.4/0.4/0.4s | 1.9s
2026-08-30 04:41:56 | Epoch 056/060 | loss 1.4192 | cls 1.3576 | tal -0.0700 | dual_g 0.0826 | dual_d 1.0906 | train_acc 1.0000 | train_full n/a | val_acc 0.9615 | val_f1 0.9556 | adv/moduleC 1.00/1.00 | disc_steps 3 | grad(main/disc) 9.803/1.954 | lr(main/disc) 1.13e-05/3.44e-06 | cuda_peak(alloc/resv) 4.09/5.12GB | phase(train/val/raw/train_eval) 0.7/0.4/0.0/0.0s | 1.0s
2026-08-30 04:41:56 | Early stopping at epoch 56 after 12 epochs without val_f1_macro_present improvement.
2026-08-30 04:41:56 | Training complete. Peak validation accuracy: 1.0000 | selected val_f1_macro_present: 1.0000
