2026-08-28 22:05:24 | Starting Dual_D standalone training
2026-08-28 22:05:24 | Run directory: runs/module_c_ablation_60_v6/module_c_20260828_191630/module_c_no_prototype_contrastive_逆光_20260828_214511
2026-08-28 22:05:24 | Device: cuda
2026-08-28 22:05:24 | Source train samples: 992
2026-08-28 22:05:24 | Target train samples: 132
2026-08-28 22:05:24 | Target val samples: 37
2026-08-28 22:05:24 | Classes: 14
2026-08-28 22:05:24 | Data audit: same_dir=False | path_overlap(vis/ir/ais)=0/0/0 | content_overlap(vis/ir/ais)=0/0/0 | ais_index_overlap=0 | stem_mismatch(vis-ir/vis-ais)=157/0
2026-08-28 22:05:24 | source_train classes: present 14/14 | absent 0 | counts [0:120, 1:44, 2:69, 3:45, 4:40, 5:30, 6:64, 7:80, 8:116, 9:68, 10:57, 11:83, 12:48, 13:128]
2026-08-28 22:05:24 | target_train classes: present 9/14 | absent 5 | counts [0:20, 2:12, 4:12, 5:2, 9:16, 10:16, 11:29, 12:4, 13:21]
2026-08-28 22:05:24 | target_val classes: present 9/14 | absent 5 | counts [0:6, 2:3, 4:4, 5:1, 9:4, 10:4, 11:8, 12:1, 13:6]
2026-08-28 22:05:24 | Paired training classes: 9/14 | class ids [0, 2, 4, 5, 9, 10, 11, 12, 13]
2026-08-28 22:05:24 | Runtime profile: batch=92 | paired_steps=2 | workers=16 | train_eval_every=5 | raw_eval_every=5 | stability_window=3 | early_stop=15 after min_epoch=35
2026-08-28 22:05:24 | VIS/IR pairing: class-level-unpaired | count-mismatch classes train/val: 10/1 | AIS alignment: none | AIS rows train/val: 0/0
2026-08-28 22:05:25 | Effective Dual-D loss weights: {"adv_auxiliary": 0.03, "adv_primary": 0.03, "classification": 0.42, "contrastive": 0.015, "cycle": 0.24, "identity": 0.035, "prototype_contrastive": 0.0}
2026-08-28 22:05:25 | Model parameters: total=17277714 | trainable=17120210
2026-08-28 22:05:30 | Epoch 001/060 | loss 5.3407 | cls 5.4356 | tal -0.3161 | dual_g 0.0000 | dual_d 0.0000 | train_acc 0.0109 | train_full 0.1212 | val_acc 0.1351 | val_f1 0.0777 | adv/moduleC 0.00/0.00 | disc_steps 0 | grad(main/disc) 15.555/0.000 | lr(main/disc) 6.00e-05/3.00e-05 | cuda_peak(alloc/resv) 21.77/28.18GB | phase(train/val/raw/train_eval) 3.1/0.5/0.5/0.8s | 4.9s
2026-08-28 22:05:33 | Epoch 002/060 | loss 5.2908 | cls 5.3458 | tal -0.1834 | dual_g 0.0000 | dual_d 0.0000 | train_acc 0.0870 | train_full n/a | val_acc 0.2162 | val_f1 0.1115 | adv/moduleC 0.00/0.00 | disc_steps 0 | grad(main/disc) 14.976/0.000 | lr(main/disc) 6.00e-05/3.00e-05 | cuda_peak(alloc/resv) 21.77/28.18GB | phase(train/val/raw/train_eval) 2.7/0.5/0.0/0.0s | 3.2s
2026-08-28 22:05:37 | Epoch 003/060 | loss 5.0034 | cls 5.0355 | tal -0.1071 | dual_g 0.0000 | dual_d 0.0000 | train_acc 0.1522 | train_full n/a | val_acc 0.1892 | val_f1 0.1055 | adv/moduleC 0.00/0.00 | disc_steps 0 | grad(main/disc) 13.397/0.000 | lr(main/disc) 6.00e-05/3.00e-05 | cuda_peak(alloc/resv) 21.77/28.18GB | phase(train/val/raw/train_eval) 2.1/0.5/0.5/0.0s | 3.1s
2026-08-28 22:05:39 | New best val_f1_macro_present: raw=0.1055 stable_score=0.0777 at epoch 3
2026-08-28 22:05:43 | Epoch 004/060 | loss 4.6009 | cls 4.6262 | tal -0.0843 | dual_g 0.0000 | dual_d 0.0000 | train_acc 0.2011 | train_full n/a | val_acc 0.1351 | val_f1 0.0778 | adv/moduleC 0.00/0.00 | disc_steps 0 | grad(main/disc) 12.693/0.000 | lr(main/disc) 6.00e-05/3.00e-05 | cuda_peak(alloc/resv) 21.77/28.18GB | phase(train/val/raw/train_eval) 2.7/0.5/0.0/0.0s | 3.2s
2026-08-28 22:05:47 | Epoch 005/060 | loss 4.4570 | cls 4.4401 | tal 0.0565 | dual_g 0.0000 | dual_d 0.0000 | train_acc 0.2446 | train_full 0.1667 | val_acc 0.2162 | val_f1 0.1600 | adv/moduleC 0.00/0.00 | disc_steps 0 | grad(main/disc) 12.045/0.000 | lr(main/disc) 6.00e-05/3.00e-05 | cuda_peak(alloc/resv) 21.77/28.18GB | phase(train/val/raw/train_eval) 2.9/0.5/0.5/0.8s | 4.7s
2026-08-28 22:05:50 | Epoch 006/060 | loss 4.1965 | cls 4.1686 | tal 0.0929 | dual_g 0.0000 | dual_d 0.0000 | train_acc 0.2500 | train_full n/a | val_acc 0.2703 | val_f1 0.1936 | adv/moduleC 0.00/0.00 | disc_steps 0 | grad(main/disc) 11.325/0.000 | lr(main/disc) 6.00e-05/3.00e-05 | cuda_peak(alloc/resv) 21.77/28.18GB | phase(train/val/raw/train_eval) 2.7/0.5/0.0/0.0s | 3.2s
2026-08-28 22:05:54 | Epoch 007/060 | loss 4.0927 | cls 4.0525 | tal 0.1340 | dual_g 0.0000 | dual_d 0.0000 | train_acc 0.2989 | train_full n/a | val_acc 0.3243 | val_f1 0.2606 | adv/moduleC 0.00/0.00 | disc_steps 0 | grad(main/disc) 10.940/0.000 | lr(main/disc) 6.00e-05/3.00e-05 | cuda_peak(alloc/resv) 21.77/28.18GB | phase(train/val/raw/train_eval) 2.5/0.5/0.5/0.0s | 3.5s
2026-08-28 22:05:57 | New best val_f1_macro_present: raw=0.2606 stable_score=0.1600 at epoch 7
2026-08-28 22:06:00 | Epoch 008/060 | loss 3.8499 | cls 3.8207 | tal 0.0973 | dual_g 0.0000 | dual_d 0.0000 | train_acc 0.3043 | train_full n/a | val_acc 0.3514 | val_f1 0.2845 | adv/moduleC 0.00/0.00 | disc_steps 0 | grad(main/disc) 10.696/0.000 | lr(main/disc) 6.00e-05/3.00e-05 | cuda_peak(alloc/resv) 21.77/28.18GB | phase(train/val/raw/train_eval) 2.1/0.5/0.5/0.0s | 3.1s
2026-08-28 22:06:03 | New best val_f1_macro_present: raw=0.2845 stable_score=0.1936 at epoch 8
2026-08-28 22:06:06 | Epoch 009/060 | loss 4.0008 | cls 3.7873 | tal 0.1321 | dual_g 0.1739 | dual_d 0.8662 | train_acc 0.3370 | train_full n/a | val_acc 0.3784 | val_f1 0.4189 | adv/moduleC 0.05/0.08 | disc_steps 1 | grad(main/disc) 10.357/1.847 | lr(main/disc) 6.00e-05/3.00e-05 | cuda_peak(alloc/resv) 21.77/28.18GB | phase(train/val/raw/train_eval) 2.6/0.5/0.5/0.0s | 3.6s
2026-08-28 22:06:09 | New best val_f1_macro_present: raw=0.4189 stable_score=0.2606 at epoch 9
2026-08-28 22:06:14 | Epoch 010/060 | loss 4.0387 | cls 3.6596 | tal 0.0852 | dual_g 0.3536 | dual_d 0.8195 | train_acc 0.3152 | train_full 0.3788 | val_acc 0.4865 | val_f1 0.5063 | adv/moduleC 0.10/0.17 | disc_steps 1 | grad(main/disc) 10.310/1.752 | lr(main/disc) 6.00e-05/3.00e-05 | cuda_peak(alloc/resv) 21.77/28.18GB | phase(train/val/raw/train_eval) 2.5/0.5/0.5/0.8s | 4.3s
2026-08-28 22:06:16 | New best val_f1_macro_present: raw=0.5063 stable_score=0.2845 at epoch 10
2026-08-28 22:06:20 | Epoch 011/060 | loss 3.9812 | cls 3.4542 | tal 0.0936 | dual_g 0.4989 | dual_d 0.7855 | train_acc 0.3641 | train_full n/a | val_acc 0.5405 | val_f1 0.6155 | adv/moduleC 0.15/0.25 | disc_steps 1 | grad(main/disc) 10.195/1.811 | lr(main/disc) 6.00e-05/3.00e-05 | cuda_peak(alloc/resv) 21.77/28.18GB | phase(train/val/raw/train_eval) 2.3/0.5/0.5/0.0s | 3.4s
2026-08-28 22:06:23 | New best val_f1_macro_present: raw=0.6155 stable_score=0.4189 at epoch 11
2026-08-28 22:06:26 | Epoch 012/060 | loss 3.9364 | cls 3.2443 | tal 0.2216 | dual_g 0.6256 | dual_d 0.7612 | train_acc 0.4511 | train_full n/a | val_acc 0.5946 | val_f1 0.6496 | adv/moduleC 0.20/0.33 | disc_steps 1 | grad(main/disc) 9.715/1.569 | lr(main/disc) 6.00e-05/3.00e-05 | cuda_peak(alloc/resv) 21.77/28.18GB | phase(train/val/raw/train_eval) 2.4/0.5/0.5/0.0s | 3.4s
2026-08-28 22:06:29 | New best val_f1_macro_present: raw=0.6496 stable_score=0.5063 at epoch 12
2026-08-28 22:06:32 | Epoch 013/060 | loss 4.1406 | cls 3.2853 | tal 0.2101 | dual_g 0.7922 | dual_d 0.7590 | train_acc 0.4891 | train_full n/a | val_acc 0.6486 | val_f1 0.7357 | adv/moduleC 0.25/0.42 | disc_steps 1 | grad(main/disc) 9.749/1.612 | lr(main/disc) 6.00e-05/3.00e-05 | cuda_peak(alloc/resv) 21.77/28.18GB | phase(train/val/raw/train_eval) 2.6/0.5/0.5/0.0s | 3.6s
2026-08-28 22:06:35 | New best val_f1_macro_present: raw=0.7357 stable_score=0.6155 at epoch 13
2026-08-28 22:06:39 | Epoch 014/060 | loss 4.2606 | cls 3.2907 | tal 0.1668 | dual_g 0.9199 | dual_d 0.8539 | train_acc 0.4402 | train_full n/a | val_acc 0.7297 | val_f1 0.7725 | adv/moduleC 0.30/0.50 | disc_steps 1 | grad(main/disc) 9.752/1.738 | lr(main/disc) 6.00e-05/3.00e-05 | cuda_peak(alloc/resv) 21.77/28.18GB | phase(train/val/raw/train_eval) 2.8/0.5/0.5/0.0s | 3.8s
2026-08-28 22:06:42 | New best val_f1_macro_present: raw=0.7725 stable_score=0.6496 at epoch 14
2026-08-28 22:06:46 | Epoch 015/060 | loss 4.2584 | cls 3.1144 | tal 0.2287 | dual_g 1.0753 | dual_d 0.8149 | train_acc 0.4674 | train_full 0.7424 | val_acc 0.8378 | val_f1 0.8409 | adv/moduleC 0.35/0.58 | disc_steps 1 | grad(main/disc) 9.675/1.675 | lr(main/disc) 6.00e-05/3.00e-05 | cuda_peak(alloc/resv) 21.77/28.18GB | phase(train/val/raw/train_eval) 2.5/0.5/0.5/0.8s | 4.3s
2026-08-28 22:06:49 | New best val_f1_macro_present: raw=0.8409 stable_score=0.7357 at epoch 15
2026-08-28 22:06:52 | Epoch 016/060 | loss 4.1981 | cls 2.9868 | tal 0.1421 | dual_g 1.1687 | dual_d 0.7956 | train_acc 0.5326 | train_full n/a | val_acc 0.8378 | val_f1 0.8409 | adv/moduleC 0.40/0.67 | disc_steps 1 | grad(main/disc) 9.575/1.662 | lr(main/disc) 6.00e-05/3.00e-05 | cuda_peak(alloc/resv) 21.77/28.18GB | phase(train/val/raw/train_eval) 2.5/0.5/0.5/0.0s | 3.5s
2026-08-28 22:06:55 | New best val_f1_macro_present: raw=0.8409 stable_score=0.7725 at epoch 16
2026-08-28 22:06:58 | Epoch 017/060 | loss 4.3468 | cls 3.0040 | tal 0.1713 | dual_g 1.2914 | dual_d 0.8205 | train_acc 0.5272 | train_full n/a | val_acc 0.8649 | val_f1 0.8625 | adv/moduleC 0.45/0.75 | disc_steps 1 | grad(main/disc) 9.947/1.689 | lr(main/disc) 6.00e-05/3.00e-05 | cuda_peak(alloc/resv) 21.77/28.18GB | phase(train/val/raw/train_eval) 2.3/0.5/0.5/0.0s | 3.3s
2026-08-28 22:07:01 | New best val_f1_macro_present: raw=0.8625 stable_score=0.8409 at epoch 17
2026-08-28 22:07:04 | Epoch 018/060 | loss 4.5818 | cls 3.0847 | tal 0.2024 | dual_g 1.4364 | dual_d 0.7659 | train_acc 0.4674 | train_full n/a | val_acc 0.9189 | val_f1 0.9161 | adv/moduleC 0.50/0.83 | disc_steps 1 | grad(main/disc) 10.240/1.652 | lr(main/disc) 6.00e-05/3.00e-05 | cuda_peak(alloc/resv) 21.77/28.18GB | phase(train/val/raw/train_eval) 2.5/0.5/0.0/0.0s | 3.0s
2026-08-28 22:07:08 | Epoch 019/060 | loss 4.4264 | cls 2.8561 | tal 0.1937 | dual_g 1.5122 | dual_d 0.6976 | train_acc 0.5217 | train_full n/a | val_acc 0.8919 | val_f1 0.8990 | adv/moduleC 0.55/0.92 | disc_steps 1 | grad(main/disc) 9.695/1.542 | lr(main/disc) 6.00e-05/3.00e-05 | cuda_peak(alloc/resv) 21.77/28.18GB | phase(train/val/raw/train_eval) 2.3/0.5/0.5/0.0s | 3.3s
2026-08-28 22:07:10 | New best val_f1_macro_present: raw=0.8990 stable_score=0.8625 at epoch 19
2026-08-28 22:07:15 | Epoch 020/060 | loss 4.4834 | cls 2.7828 | tal 0.1866 | dual_g 1.6446 | dual_d 0.7852 | train_acc 0.5380 | train_full 0.8712 | val_acc 0.8919 | val_f1 0.8990 | adv/moduleC 0.60/1.00 | disc_steps 1 | grad(main/disc) 10.121/1.648 | lr(main/disc) 6.00e-05/3.00e-05 | cuda_peak(alloc/resv) 21.77/28.18GB | phase(train/val/raw/train_eval) 2.8/0.5/0.5/0.8s | 4.6s
2026-08-28 22:07:18 | New best val_f1_macro_present: raw=0.8990 stable_score=0.8990 at epoch 20
2026-08-28 22:07:21 | Epoch 021/060 | loss 4.6124 | cls 3.0020 | tal 0.1565 | dual_g 1.5635 | dual_d 0.7514 | train_acc 0.5326 | train_full n/a | val_acc 0.9189 | val_f1 0.9161 | adv/moduleC 0.65/1.00 | disc_steps 1 | grad(main/disc) 10.362/1.564 | lr(main/disc) 6.00e-05/3.00e-05 | cuda_peak(alloc/resv) 21.77/28.18GB | phase(train/val/raw/train_eval) 2.6/0.5/0.0/0.0s | 3.1s
2026-08-28 22:07:24 | Epoch 022/060 | loss 4.2917 | cls 2.7455 | tal 0.1444 | dual_g 1.5028 | dual_d 0.7514 | train_acc 0.5815 | train_full n/a | val_acc 0.8649 | val_f1 0.8638 | adv/moduleC 0.70/1.00 | disc_steps 1 | grad(main/disc) 10.345/1.566 | lr(main/disc) 6.00e-05/3.00e-05 | cuda_peak(alloc/resv) 21.77/28.18GB | phase(train/val/raw/train_eval) 2.8/0.5/0.0/0.0s | 3.3s
2026-08-28 22:07:27 | Epoch 023/060 | loss 4.2180 | cls 2.6917 | tal 0.1045 | dual_g 1.4950 | dual_d 0.7978 | train_acc 0.6413 | train_full n/a | val_acc 0.8378 | val_f1 0.8358 | adv/moduleC 0.75/1.00 | disc_steps 1 | grad(main/disc) 10.961/1.624 | lr(main/disc) 6.00e-05/3.00e-05 | cuda_peak(alloc/resv) 21.77/28.18GB | phase(train/val/raw/train_eval) 2.5/0.5/0.0/0.0s | 3.0s
2026-08-28 22:07:30 | Epoch 024/060 | loss 3.9415 | cls 2.4436 | tal 0.0664 | dual_g 1.4780 | dual_d 0.7703 | train_acc 0.6739 | train_full n/a | val_acc 0.8919 | val_f1 0.9141 | adv/moduleC 0.80/1.00 | disc_steps 1 | grad(main/disc) 10.747/1.555 | lr(main/disc) 6.00e-05/3.00e-05 | cuda_peak(alloc/resv) 21.77/28.18GB | phase(train/val/raw/train_eval) 2.5/0.5/0.0/0.0s | 3.1s
2026-08-28 22:07:34 | Epoch 025/060 | loss 3.9646 | cls 2.5320 | tal -0.0169 | dual_g 1.4377 | dual_d 0.7379 | train_acc 0.6196 | train_full 0.9015 | val_acc 0.8919 | val_f1 0.9141 | adv/moduleC 0.85/1.00 | disc_steps 1 | grad(main/disc) 9.571/1.487 | lr(main/disc) 6.00e-05/3.00e-05 | cuda_peak(alloc/resv) 21.77/28.18GB | phase(train/val/raw/train_eval) 2.3/0.5/0.5/0.8s | 4.1s
2026-08-28 22:07:38 | Epoch 026/060 | loss 3.9350 | cls 2.5196 | tal 0.0100 | dual_g 1.4124 | dual_d 0.8046 | train_acc 0.6848 | train_full n/a | val_acc 0.9459 | val_f1 0.9616 | adv/moduleC 0.90/1.00 | disc_steps 1 | grad(main/disc) 9.478/1.593 | lr(main/disc) 6.00e-05/3.00e-05 | cuda_peak(alloc/resv) 21.77/28.18GB | phase(train/val/raw/train_eval) 2.9/0.5/0.5/0.0s | 3.9s
2026-08-28 22:07:41 | New best val_f1_macro_present: raw=0.9616 stable_score=0.9141 at epoch 26
2026-08-28 22:07:44 | Epoch 027/060 | loss 3.8745 | cls 2.4561 | tal -0.0364 | dual_g 1.4293 | dual_d 0.7539 | train_acc 0.7011 | train_full n/a | val_acc 0.9189 | val_f1 0.9299 | adv/moduleC 0.95/1.00 | disc_steps 1 | grad(main/disc) 9.995/1.466 | lr(main/disc) 6.00e-05/3.00e-05 | cuda_peak(alloc/resv) 21.77/28.18GB | phase(train/val/raw/train_eval) 2.4/0.5/0.0/0.0s | 3.0s
2026-08-28 22:07:48 | Epoch 028/060 | loss 3.7859 | cls 2.3520 | tal 0.0928 | dual_g 1.4061 | dual_d 0.7939 | train_acc 0.6848 | train_full n/a | val_acc 0.9189 | val_f1 0.9299 | adv/moduleC 1.00/1.00 | disc_steps 1 | grad(main/disc) 9.806/1.549 | lr(main/disc) 6.00e-05/3.00e-05 | cuda_peak(alloc/resv) 21.77/28.18GB | phase(train/val/raw/train_eval) 2.7/0.5/0.5/0.0s | 3.7s
2026-08-28 22:07:51 | New best val_f1_macro_present: raw=0.9299 stable_score=0.9299 at epoch 28
2026-08-28 22:07:54 | Epoch 029/060 | loss 3.7069 | cls 2.3443 | tal 0.0742 | dual_g 1.3404 | dual_d 0.7503 | train_acc 0.7337 | train_full n/a | val_acc 0.9459 | val_f1 0.9616 | adv/moduleC 1.00/1.00 | disc_steps 1 | grad(main/disc) 9.337/1.422 | lr(main/disc) 6.00e-05/3.00e-05 | cuda_peak(alloc/resv) 21.77/28.18GB | phase(train/val/raw/train_eval) 2.4/0.5/0.0/0.0s | 3.0s
2026-08-28 22:07:58 | Epoch 030/060 | loss 3.8610 | cls 2.4489 | tal 0.0362 | dual_g 1.4012 | dual_d 0.7371 | train_acc 0.7011 | train_full 0.9242 | val_acc 0.9189 | val_f1 0.9161 | adv/moduleC 1.00/1.00 | disc_steps 1 | grad(main/disc) 15.224/1.399 | lr(main/disc) 6.00e-05/3.00e-05 | cuda_peak(alloc/resv) 21.77/28.18GB | phase(train/val/raw/train_eval) 2.2/0.5/0.5/0.8s | 4.0s
2026-08-28 22:08:01 | Epoch 031/060 | loss 3.6465 | cls 2.2800 | tal 0.0996 | dual_g 1.3366 | dual_d 0.7656 | train_acc 0.7663 | train_full n/a | val_acc 0.9189 | val_f1 0.9261 | adv/moduleC 1.00/1.00 | disc_steps 1 | grad(main/disc) 11.034/1.430 | lr(main/disc) 6.00e-05/3.00e-05 | cuda_peak(alloc/resv) 21.77/28.18GB | phase(train/val/raw/train_eval) 3.0/0.5/0.0/0.0s | 3.5s
2026-08-28 22:08:04 | Epoch 032/060 | loss 3.7702 | cls 2.3422 | tal 0.1039 | dual_g 1.3968 | dual_d 0.7537 | train_acc 0.7174 | train_full n/a | val_acc 0.9189 | val_f1 0.9261 | adv/moduleC 1.00/1.00 | disc_steps 1 | grad(main/disc) 10.276/1.437 | lr(main/disc) 6.00e-05/3.00e-05 | cuda_peak(alloc/resv) 21.77/28.18GB | phase(train/val/raw/train_eval) 2.7/0.5/0.0/0.0s | 3.2s
2026-08-28 22:08:08 | Epoch 033/060 | loss 3.6392 | cls 2.2727 | tal 0.2027 | dual_g 1.3057 | dual_d 0.8035 | train_acc 0.7391 | train_full n/a | val_acc 0.9189 | val_f1 0.9261 | adv/moduleC 1.00/1.00 | disc_steps 1 | grad(main/disc) 10.058/1.453 | lr(main/disc) 6.00e-05/3.00e-05 | cuda_peak(alloc/resv) 21.77/28.18GB | phase(train/val/raw/train_eval) 2.9/0.5/0.0/0.0s | 3.4s
2026-08-28 22:08:11 | Epoch 034/060 | loss 3.4765 | cls 2.1518 | tal 0.1691 | dual_g 1.2740 | dual_d 0.7707 | train_acc 0.7935 | train_full n/a | val_acc 0.9459 | val_f1 0.9578 | adv/moduleC 1.00/1.00 | disc_steps 1 | grad(main/disc) 9.024/1.433 | lr(main/disc) 3.00e-05/1.50e-05 | cuda_peak(alloc/resv) 21.77/28.18GB | phase(train/val/raw/train_eval) 2.3/0.5/0.0/0.0s | 2.8s
2026-08-28 22:08:15 | Epoch 035/060 | loss 3.5502 | cls 2.2208 | tal 0.1448 | dual_g 1.2859 | dual_d 0.7469 | train_acc 0.7174 | train_full 0.9773 | val_acc 0.9189 | val_f1 0.9261 | adv/moduleC 1.00/1.00 | disc_steps 1 | grad(main/disc) 9.686/1.429 | lr(main/disc) 3.00e-05/1.50e-05 | cuda_peak(alloc/resv) 21.77/28.18GB | phase(train/val/raw/train_eval) 2.3/0.5/0.5/0.8s | 4.1s
2026-08-28 22:08:18 | Epoch 036/060 | loss 3.3747 | cls 2.0911 | tal 0.1035 | dual_g 1.2526 | dual_d 0.7361 | train_acc 0.8261 | train_full n/a | val_acc 0.9189 | val_f1 0.9261 | adv/moduleC 1.00/1.00 | disc_steps 1 | grad(main/disc) 9.080/1.316 | lr(main/disc) 3.00e-05/1.50e-05 | cuda_peak(alloc/resv) 21.77/28.18GB | phase(train/val/raw/train_eval) 2.5/0.5/0.0/0.0s | 3.0s
2026-08-28 22:08:21 | Epoch 037/060 | loss 3.5442 | cls 2.2091 | tal 0.0682 | dual_g 1.3147 | dual_d 0.7559 | train_acc 0.7826 | train_full n/a | val_acc 0.9189 | val_f1 0.9261 | adv/moduleC 1.00/1.00 | disc_steps 1 | grad(main/disc) 9.758/1.374 | lr(main/disc) 3.00e-05/1.50e-05 | cuda_peak(alloc/resv) 21.77/28.18GB | phase(train/val/raw/train_eval) 2.6/0.5/0.0/0.0s | 3.1s
2026-08-28 22:08:23 | Epoch 038/060 | loss 3.4937 | cls 2.2005 | tal 0.0650 | dual_g 1.2738 | dual_d 0.7529 | train_acc 0.7011 | train_full n/a | val_acc 0.9189 | val_f1 0.9261 | adv/moduleC 1.00/1.00 | disc_steps 1 | grad(main/disc) 10.468/1.342 | lr(main/disc) 3.00e-05/1.50e-05 | cuda_peak(alloc/resv) 21.77/28.18GB | phase(train/val/raw/train_eval) 2.2/0.5/0.0/0.0s | 2.7s
2026-08-28 22:08:26 | Epoch 039/060 | loss 3.3173 | cls 2.0681 | tal 0.0535 | dual_g 1.2332 | dual_d 0.7736 | train_acc 0.8098 | train_full n/a | val_acc 0.9189 | val_f1 0.9261 | adv/moduleC 1.00/1.00 | disc_steps 1 | grad(main/disc) 9.752/1.400 | lr(main/disc) 3.00e-05/1.50e-05 | cuda_peak(alloc/resv) 21.77/28.18GB | phase(train/val/raw/train_eval) 2.3/0.5/0.0/0.0s | 2.8s
2026-08-28 22:08:30 | Epoch 040/060 | loss 3.3210 | cls 2.0448 | tal 0.0407 | dual_g 1.2640 | dual_d 0.7444 | train_acc 0.8098 | train_full 0.9621 | val_acc 0.9189 | val_f1 0.9261 | adv/moduleC 1.00/1.00 | disc_steps 1 | grad(main/disc) 8.565/1.369 | lr(main/disc) 3.00e-05/1.50e-05 | cuda_peak(alloc/resv) 21.77/28.18GB | phase(train/val/raw/train_eval) 2.3/0.5/0.5/0.8s | 4.1s
2026-08-28 22:08:34 | Epoch 041/060 | loss 3.2225 | cls 1.9774 | tal 0.0282 | dual_g 1.2366 | dual_d 0.7518 | train_acc 0.7880 | train_full n/a | val_acc 0.9189 | val_f1 0.9261 | adv/moduleC 1.00/1.00 | disc_steps 1 | grad(main/disc) 8.928/1.375 | lr(main/disc) 3.00e-05/1.50e-05 | cuda_peak(alloc/resv) 21.77/28.18GB | phase(train/val/raw/train_eval) 2.6/0.5/0.0/0.0s | 3.1s
2026-08-28 22:08:36 | Epoch 042/060 | loss 3.3246 | cls 2.0689 | tal -0.0213 | dual_g 1.2621 | dual_d 0.7742 | train_acc 0.7880 | train_full n/a | val_acc 0.9459 | val_f1 0.9578 | adv/moduleC 1.00/1.00 | disc_steps 1 | grad(main/disc) 11.860/1.406 | lr(main/disc) 1.50e-05/7.50e-06 | cuda_peak(alloc/resv) 21.77/28.18GB | phase(train/val/raw/train_eval) 2.3/0.5/0.0/0.0s | 2.8s
2026-08-28 22:08:40 | Epoch 043/060 | loss 3.2689 | cls 2.0408 | tal 0.0148 | dual_g 1.2237 | dual_d 0.7719 | train_acc 0.8478 | train_full n/a | val_acc 0.9459 | val_f1 0.9578 | adv/moduleC 1.00/1.00 | disc_steps 1 | grad(main/disc) 8.416/1.421 | lr(main/disc) 1.50e-05/7.50e-06 | cuda_peak(alloc/resv) 21.77/28.18GB | phase(train/val/raw/train_eval) 2.8/0.5/0.0/0.0s | 3.4s
2026-08-28 22:08:40 | Early stopping at epoch 43 after 15 epochs without val_f1_macro_present improvement.
2026-08-28 22:08:40 | Training complete. Peak validation accuracy: 0.9459 | selected val_f1_macro_present: 0.9299
