2026-08-28 22:01:35 | Starting Dual_D standalone training
2026-08-28 22:01:35 | Run directory: runs/module_c_ablation_60_v6/module_c_20260828_191630/module_c_no_prototype_contrastive_逆光_20260828_214511
2026-08-28 22:01:35 | Device: cuda
2026-08-28 22:01:35 | Source train samples: 992
2026-08-28 22:01:35 | Target train samples: 132
2026-08-28 22:01:35 | Target val samples: 37
2026-08-28 22:01:35 | Classes: 14
2026-08-28 22:01:35 | Data audit: same_dir=False | path_overlap(vis/ir/ais)=0/0/0 | content_overlap(vis/ir/ais)=0/0/0 | ais_index_overlap=0 | stem_mismatch(vis-ir/vis-ais)=157/0
2026-08-28 22:01:35 | source_train classes: present 14/14 | absent 0 | counts [0:120, 1:44, 2:69, 3:45, 4:40, 5:30, 6:64, 7:80, 8:116, 9:68, 10:57, 11:83, 12:48, 13:128]
2026-08-28 22:01:35 | target_train classes: present 9/14 | absent 5 | counts [0:20, 2:12, 4:12, 5:2, 9:16, 10:16, 11:29, 12:4, 13:21]
2026-08-28 22:01:35 | target_val classes: present 9/14 | absent 5 | counts [0:6, 2:3, 4:4, 5:1, 9:4, 10:4, 11:8, 12:1, 13:6]
2026-08-28 22:01:35 | Paired training classes: 9/14 | class ids [0, 2, 4, 5, 9, 10, 11, 12, 13]
2026-08-28 22:01:35 | Runtime profile: batch=92 | paired_steps=2 | workers=16 | train_eval_every=5 | raw_eval_every=5 | stability_window=3 | early_stop=15 after min_epoch=35
2026-08-28 22:01:35 | VIS/IR pairing: class-level-unpaired | count-mismatch classes train/val: 10/1 | AIS alignment: none | AIS rows train/val: 0/0
2026-08-28 22:01:36 | Effective Dual-D loss weights: {"adv_auxiliary": 0.03, "adv_primary": 0.03, "classification": 0.42, "contrastive": 0.015, "cycle": 0.24, "identity": 0.035, "prototype_contrastive": 0.0}
2026-08-28 22:01:36 | Model parameters: total=17277714 | trainable=17120210
2026-08-28 22:01:41 | Epoch 001/060 | loss 5.8884 | cls 5.8978 | tal -0.0312 | dual_g 0.0000 | dual_d 0.0000 | train_acc 0.0598 | train_full 0.0227 | val_acc 0.0000 | val_f1 0.0000 | adv/moduleC 0.00/0.00 | disc_steps 0 | grad(main/disc) 15.918/0.000 | lr(main/disc) 6.00e-05/3.00e-05 | cuda_peak(alloc/resv) 21.77/28.18GB | phase(train/val/raw/train_eval) 3.1/0.5/0.5/0.8s | 4.9s
2026-08-28 22:01:44 | Epoch 002/060 | loss 5.2457 | cls 5.3566 | tal -0.3697 | dual_g 0.0000 | dual_d 0.0000 | train_acc 0.0652 | train_full n/a | val_acc 0.0000 | val_f1 0.0000 | adv/moduleC 0.00/0.00 | disc_steps 0 | grad(main/disc) 14.854/0.000 | lr(main/disc) 6.00e-05/3.00e-05 | cuda_peak(alloc/resv) 21.77/28.18GB | phase(train/val/raw/train_eval) 2.5/0.5/0.0/0.0s | 3.0s
2026-08-28 22:01:48 | Epoch 003/060 | loss 5.0465 | cls 5.1270 | tal -0.2684 | dual_g 0.0000 | dual_d 0.0000 | train_acc 0.0598 | train_full n/a | val_acc 0.0000 | val_f1 0.0000 | adv/moduleC 0.00/0.00 | disc_steps 0 | grad(main/disc) 13.611/0.000 | lr(main/disc) 6.00e-05/3.00e-05 | cuda_peak(alloc/resv) 21.77/28.18GB | phase(train/val/raw/train_eval) 2.5/0.5/0.5/0.0s | 3.5s
2026-08-28 22:01:51 | New best val_f1_macro_present: raw=0.0000 stable_score=0.0000 at epoch 3
2026-08-28 22:01:54 | Epoch 004/060 | loss 4.7479 | cls 4.8073 | tal -0.1981 | dual_g 0.0000 | dual_d 0.0000 | train_acc 0.1087 | train_full n/a | val_acc 0.0811 | val_f1 0.0541 | adv/moduleC 0.00/0.00 | disc_steps 0 | grad(main/disc) 12.695/0.000 | lr(main/disc) 6.00e-05/3.00e-05 | cuda_peak(alloc/resv) 21.77/28.18GB | phase(train/val/raw/train_eval) 2.4/0.5/0.0/0.0s | 2.9s
2026-08-28 22:01:58 | Epoch 005/060 | loss 4.5157 | cls 4.6083 | tal -0.3085 | dual_g 0.0000 | dual_d 0.0000 | train_acc 0.1141 | train_full 0.0758 | val_acc 0.1081 | val_f1 0.0595 | adv/moduleC 0.00/0.00 | disc_steps 0 | grad(main/disc) 11.771/0.000 | lr(main/disc) 6.00e-05/3.00e-05 | cuda_peak(alloc/resv) 21.77/28.18GB | phase(train/val/raw/train_eval) 2.9/0.5/0.5/0.7s | 4.6s
2026-08-28 22:02:02 | Epoch 006/060 | loss 4.2138 | cls 4.2978 | tal -0.2797 | dual_g 0.0000 | dual_d 0.0000 | train_acc 0.1685 | train_full n/a | val_acc 0.1351 | val_f1 0.0940 | adv/moduleC 0.00/0.00 | disc_steps 0 | grad(main/disc) 11.158/0.000 | lr(main/disc) 6.00e-05/3.00e-05 | cuda_peak(alloc/resv) 21.77/28.18GB | phase(train/val/raw/train_eval) 2.6/0.5/0.5/0.0s | 3.6s
2026-08-28 22:02:05 | New best val_f1_macro_present: raw=0.0940 stable_score=0.0541 at epoch 6
2026-08-28 22:02:08 | Epoch 007/060 | loss 4.1179 | cls 4.1965 | tal -0.2620 | dual_g 0.0000 | dual_d 0.0000 | train_acc 0.2174 | train_full n/a | val_acc 0.3514 | val_f1 0.2318 | adv/moduleC 0.00/0.00 | disc_steps 0 | grad(main/disc) 10.565/0.000 | lr(main/disc) 6.00e-05/3.00e-05 | cuda_peak(alloc/resv) 21.77/28.18GB | phase(train/val/raw/train_eval) 2.3/0.5/0.5/0.0s | 3.3s
2026-08-28 22:02:11 | New best val_f1_macro_present: raw=0.2318 stable_score=0.0595 at epoch 7
2026-08-28 22:02:14 | Epoch 008/060 | loss 3.8695 | cls 3.9467 | tal -0.2573 | dual_g 0.0000 | dual_d 0.0000 | train_acc 0.3098 | train_full n/a | val_acc 0.3243 | val_f1 0.2211 | adv/moduleC 0.00/0.00 | disc_steps 0 | grad(main/disc) 10.094/0.000 | lr(main/disc) 6.00e-05/3.00e-05 | cuda_peak(alloc/resv) 21.77/28.18GB | phase(train/val/raw/train_eval) 2.4/0.5/0.5/0.0s | 3.4s
2026-08-28 22:02:17 | New best val_f1_macro_present: raw=0.2211 stable_score=0.0940 at epoch 8
2026-08-28 22:02:20 | Epoch 009/060 | loss 3.9650 | cls 3.8677 | tal -0.2743 | dual_g 0.1796 | dual_d 0.7946 | train_acc 0.2935 | train_full n/a | val_acc 0.3243 | val_f1 0.2165 | adv/moduleC 0.05/0.08 | disc_steps 1 | grad(main/disc) 10.184/1.640 | lr(main/disc) 6.00e-05/3.00e-05 | cuda_peak(alloc/resv) 21.77/28.18GB | phase(train/val/raw/train_eval) 2.2/0.5/0.5/0.0s | 3.3s
2026-08-28 22:02:23 | New best val_f1_macro_present: raw=0.2165 stable_score=0.2165 at epoch 9
2026-08-28 22:02:27 | Epoch 010/060 | loss 3.8954 | cls 3.6475 | tal -0.3281 | dual_g 0.3464 | dual_d 0.8017 | train_acc 0.3152 | train_full 0.4697 | val_acc 0.4595 | val_f1 0.4402 | adv/moduleC 0.10/0.17 | disc_steps 1 | grad(main/disc) 10.093/1.724 | lr(main/disc) 6.00e-05/3.00e-05 | cuda_peak(alloc/resv) 21.77/28.18GB | phase(train/val/raw/train_eval) 2.3/0.5/0.5/0.8s | 4.1s
2026-08-28 22:02:30 | Epoch 011/060 | loss 3.9675 | cls 3.5503 | tal -0.2973 | dual_g 0.5064 | dual_d 0.8048 | train_acc 0.3261 | train_full n/a | val_acc 0.4595 | val_f1 0.4383 | adv/moduleC 0.15/0.25 | disc_steps 1 | grad(main/disc) 9.930/1.704 | lr(main/disc) 6.00e-05/3.00e-05 | cuda_peak(alloc/resv) 21.77/28.18GB | phase(train/val/raw/train_eval) 2.5/0.5/0.0/0.0s | 3.0s
2026-08-28 22:02:33 | Epoch 012/060 | loss 3.9462 | cls 3.4126 | tal -0.3279 | dual_g 0.6319 | dual_d 0.7992 | train_acc 0.4620 | train_full n/a | val_acc 0.4865 | val_f1 0.4604 | adv/moduleC 0.20/0.33 | disc_steps 1 | grad(main/disc) 9.807/1.609 | lr(main/disc) 6.00e-05/3.00e-05 | cuda_peak(alloc/resv) 21.77/28.18GB | phase(train/val/raw/train_eval) 2.3/0.5/0.5/0.0s | 3.3s
2026-08-28 22:02:36 | New best val_f1_macro_present: raw=0.4604 stable_score=0.4383 at epoch 12
2026-08-28 22:02:40 | Epoch 013/060 | loss 4.0485 | cls 3.3410 | tal -0.3068 | dual_g 0.7996 | dual_d 0.7619 | train_acc 0.4891 | train_full n/a | val_acc 0.5676 | val_f1 0.5503 | adv/moduleC 0.25/0.42 | disc_steps 1 | grad(main/disc) 10.070/1.569 | lr(main/disc) 6.00e-05/3.00e-05 | cuda_peak(alloc/resv) 21.77/28.18GB | phase(train/val/raw/train_eval) 2.7/0.5/0.0/0.0s | 3.2s
2026-08-28 22:02:43 | Epoch 014/060 | loss 4.0662 | cls 3.2330 | tal -0.3163 | dual_g 0.9282 | dual_d 0.7514 | train_acc 0.4511 | train_full n/a | val_acc 0.6486 | val_f1 0.6072 | adv/moduleC 0.30/0.50 | disc_steps 1 | grad(main/disc) 9.556/1.556 | lr(main/disc) 6.00e-05/3.00e-05 | cuda_peak(alloc/resv) 21.77/28.18GB | phase(train/val/raw/train_eval) 2.8/0.5/0.5/0.0s | 3.8s
2026-08-28 22:02:46 | New best val_f1_macro_present: raw=0.6072 stable_score=0.4604 at epoch 14
2026-08-28 22:02:51 | Epoch 015/060 | loss 4.1784 | cls 3.1764 | tal -0.3063 | dual_g 1.0939 | dual_d 0.7742 | train_acc 0.4457 | train_full 0.7727 | val_acc 0.6757 | val_f1 0.6390 | adv/moduleC 0.35/0.58 | disc_steps 1 | grad(main/disc) 10.293/1.536 | lr(main/disc) 6.00e-05/3.00e-05 | cuda_peak(alloc/resv) 21.77/28.18GB | phase(train/val/raw/train_eval) 2.7/0.5/0.5/0.7s | 4.5s
2026-08-28 22:02:53 | New best val_f1_macro_present: raw=0.6390 stable_score=0.5503 at epoch 15
2026-08-28 22:02:57 | Epoch 016/060 | loss 4.0438 | cls 2.9606 | tal -0.2551 | dual_g 1.1598 | dual_d 0.7545 | train_acc 0.5000 | train_full n/a | val_acc 0.7568 | val_f1 0.7870 | adv/moduleC 0.40/0.67 | disc_steps 1 | grad(main/disc) 9.575/1.530 | lr(main/disc) 6.00e-05/3.00e-05 | cuda_peak(alloc/resv) 21.77/28.18GB | phase(train/val/raw/train_eval) 2.5/0.5/0.5/0.0s | 3.5s
2026-08-28 22:03:00 | New best val_f1_macro_present: raw=0.7870 stable_score=0.6072 at epoch 16
2026-08-28 22:03:03 | Epoch 017/060 | loss 4.2644 | cls 3.0427 | tal -0.2512 | dual_g 1.2970 | dual_d 0.7160 | train_acc 0.5109 | train_full n/a | val_acc 0.7297 | val_f1 0.7652 | adv/moduleC 0.45/0.75 | disc_steps 1 | grad(main/disc) 9.958/1.471 | lr(main/disc) 6.00e-05/3.00e-05 | cuda_peak(alloc/resv) 21.77/28.18GB | phase(train/val/raw/train_eval) 2.4/0.5/0.5/0.0s | 3.4s
2026-08-28 22:03:06 | New best val_f1_macro_present: raw=0.7652 stable_score=0.6390 at epoch 17
2026-08-28 22:03:10 | Epoch 018/060 | loss 4.4500 | cls 3.0863 | tal -0.1544 | dual_g 1.4100 | dual_d 0.7734 | train_acc 0.5326 | train_full n/a | val_acc 0.7568 | val_f1 0.7919 | adv/moduleC 0.50/0.83 | disc_steps 1 | grad(main/disc) 11.065/1.494 | lr(main/disc) 6.00e-05/3.00e-05 | cuda_peak(alloc/resv) 21.77/28.18GB | phase(train/val/raw/train_eval) 2.4/0.5/0.5/0.0s | 3.4s
2026-08-28 22:03:12 | New best val_f1_macro_present: raw=0.7919 stable_score=0.7652 at epoch 18
2026-08-28 22:03:15 | Epoch 019/060 | loss 4.1527 | cls 2.7653 | tal -0.2483 | dual_g 1.4619 | dual_d 0.7880 | train_acc 0.5761 | train_full n/a | val_acc 0.7838 | val_f1 0.8111 | adv/moduleC 0.55/0.92 | disc_steps 1 | grad(main/disc) 9.474/1.511 | lr(main/disc) 6.00e-05/3.00e-05 | cuda_peak(alloc/resv) 21.77/28.18GB | phase(train/val/raw/train_eval) 2.6/0.5/0.0/0.0s | 3.1s
2026-08-28 22:03:20 | Epoch 020/060 | loss 4.3159 | cls 2.7836 | tal -0.2649 | dual_g 1.6118 | dual_d 0.7292 | train_acc 0.5543 | train_full 0.8030 | val_acc 0.7838 | val_f1 0.8111 | adv/moduleC 0.60/1.00 | disc_steps 1 | grad(main/disc) 9.756/1.467 | lr(main/disc) 6.00e-05/3.00e-05 | cuda_peak(alloc/resv) 21.77/28.18GB | phase(train/val/raw/train_eval) 2.8/0.5/0.5/0.8s | 4.6s
2026-08-28 22:03:23 | New best val_f1_macro_present: raw=0.8111 stable_score=0.7919 at epoch 20
2026-08-28 22:03:26 | Epoch 021/060 | loss 4.1509 | cls 2.6319 | tal -0.2133 | dual_g 1.5830 | dual_d 0.7609 | train_acc 0.6304 | train_full n/a | val_acc 0.8108 | val_f1 0.8393 | adv/moduleC 0.65/1.00 | disc_steps 1 | grad(main/disc) 10.062/1.495 | lr(main/disc) 6.00e-05/3.00e-05 | cuda_peak(alloc/resv) 21.77/28.18GB | phase(train/val/raw/train_eval) 2.6/0.5/0.5/0.0s | 3.6s
2026-08-28 22:03:29 | New best val_f1_macro_present: raw=0.8393 stable_score=0.8111 at epoch 21
2026-08-28 22:03:32 | Epoch 022/060 | loss 4.1430 | cls 2.6414 | tal -0.2967 | dual_g 1.5905 | dual_d 0.8121 | train_acc 0.6304 | train_full n/a | val_acc 0.8108 | val_f1 0.8137 | adv/moduleC 0.70/1.00 | disc_steps 1 | grad(main/disc) 9.896/1.521 | lr(main/disc) 6.00e-05/3.00e-05 | cuda_peak(alloc/resv) 21.77/28.18GB | phase(train/val/raw/train_eval) 2.7/0.5/0.0/0.0s | 3.2s
2026-08-28 22:03:35 | Epoch 023/060 | loss 3.9851 | cls 2.5765 | tal -0.3028 | dual_g 1.4994 | dual_d 0.7789 | train_acc 0.6848 | train_full n/a | val_acc 0.7838 | val_f1 0.7854 | adv/moduleC 0.75/1.00 | disc_steps 1 | grad(main/disc) 9.430/1.459 | lr(main/disc) 6.00e-05/3.00e-05 | cuda_peak(alloc/resv) 21.77/28.18GB | phase(train/val/raw/train_eval) 2.4/0.5/0.0/0.0s | 2.9s
2026-08-28 22:03:38 | Epoch 024/060 | loss 3.8916 | cls 2.4652 | tal -0.2130 | dual_g 1.4903 | dual_d 0.7649 | train_acc 0.6359 | train_full n/a | val_acc 0.8378 | val_f1 0.8303 | adv/moduleC 0.80/1.00 | disc_steps 1 | grad(main/disc) 9.015/1.447 | lr(main/disc) 6.00e-05/3.00e-05 | cuda_peak(alloc/resv) 21.77/28.18GB | phase(train/val/raw/train_eval) 2.6/0.5/0.0/0.0s | 3.1s
2026-08-28 22:03:42 | Epoch 025/060 | loss 3.8874 | cls 2.5069 | tal -0.2095 | dual_g 1.4433 | dual_d 0.7606 | train_acc 0.6739 | train_full 0.8788 | val_acc 0.8919 | val_f1 0.9041 | adv/moduleC 0.85/1.00 | disc_steps 1 | grad(main/disc) 9.599/1.462 | lr(main/disc) 6.00e-05/3.00e-05 | cuda_peak(alloc/resv) 21.77/28.18GB | phase(train/val/raw/train_eval) 2.2/0.5/0.5/0.8s | 4.0s
2026-08-28 22:03:46 | Epoch 026/060 | loss 3.8253 | cls 2.4815 | tal -0.2932 | dual_g 1.4317 | dual_d 0.7415 | train_acc 0.6467 | train_full n/a | val_acc 0.8649 | val_f1 0.8919 | adv/moduleC 0.90/1.00 | disc_steps 1 | grad(main/disc) 9.213/1.405 | lr(main/disc) 6.00e-05/3.00e-05 | cuda_peak(alloc/resv) 21.77/28.18GB | phase(train/val/raw/train_eval) 2.6/0.5/0.5/0.0s | 3.6s
2026-08-28 22:03:49 | New best val_f1_macro_present: raw=0.8919 stable_score=0.8303 at epoch 26
2026-08-28 22:03:52 | Epoch 027/060 | loss 3.7775 | cls 2.4018 | tal -0.2315 | dual_g 1.4452 | dual_d 0.7964 | train_acc 0.6576 | train_full n/a | val_acc 0.9189 | val_f1 0.9335 | adv/moduleC 0.95/1.00 | disc_steps 1 | grad(main/disc) 9.061/1.471 | lr(main/disc) 6.00e-05/3.00e-05 | cuda_peak(alloc/resv) 21.77/28.18GB | phase(train/val/raw/train_eval) 2.3/0.5/0.5/0.0s | 3.4s
2026-08-28 22:03:55 | New best val_f1_macro_present: raw=0.9335 stable_score=0.8919 at epoch 27
2026-08-28 22:03:58 | Epoch 028/060 | loss 3.5988 | cls 2.2723 | tal -0.2057 | dual_g 1.3882 | dual_d 0.7897 | train_acc 0.7228 | train_full n/a | val_acc 0.8919 | val_f1 0.9135 | adv/moduleC 1.00/1.00 | disc_steps 1 | grad(main/disc) 8.451/1.441 | lr(main/disc) 6.00e-05/3.00e-05 | cuda_peak(alloc/resv) 21.77/28.18GB | phase(train/val/raw/train_eval) 2.4/0.5/0.0/0.0s | 3.0s
2026-08-28 22:04:01 | Epoch 029/060 | loss 3.5982 | cls 2.3730 | tal -0.2836 | dual_g 1.3103 | dual_d 0.8037 | train_acc 0.6957 | train_full n/a | val_acc 0.8649 | val_f1 0.8842 | adv/moduleC 1.00/1.00 | disc_steps 1 | grad(main/disc) 9.440/1.417 | lr(main/disc) 6.00e-05/3.00e-05 | cuda_peak(alloc/resv) 21.77/28.18GB | phase(train/val/raw/train_eval) 2.8/0.5/0.0/0.0s | 3.3s
2026-08-28 22:04:06 | Epoch 030/060 | loss 3.4673 | cls 2.2095 | tal -0.2362 | dual_g 1.3287 | dual_d 0.7879 | train_acc 0.7880 | train_full 0.9394 | val_acc 0.8919 | val_f1 0.9042 | adv/moduleC 1.00/1.00 | disc_steps 1 | grad(main/disc) 8.604/1.435 | lr(main/disc) 6.00e-05/3.00e-05 | cuda_peak(alloc/resv) 21.77/28.18GB | phase(train/val/raw/train_eval) 3.0/0.5/0.5/0.8s | 4.8s
2026-08-28 22:04:09 | Epoch 031/060 | loss 3.5727 | cls 2.2984 | tal -0.2571 | dual_g 1.3514 | dual_d 0.7543 | train_acc 0.7717 | train_full n/a | val_acc 0.8919 | val_f1 0.9118 | adv/moduleC 1.00/1.00 | disc_steps 1 | grad(main/disc) 10.726/1.411 | lr(main/disc) 6.00e-05/3.00e-05 | cuda_peak(alloc/resv) 21.77/28.18GB | phase(train/val/raw/train_eval) 2.7/0.5/0.0/0.0s | 3.2s
2026-08-28 22:04:13 | Epoch 032/060 | loss 3.4883 | cls 2.2414 | tal -0.2571 | dual_g 1.3240 | dual_d 0.7516 | train_acc 0.7120 | train_full n/a | val_acc 0.8919 | val_f1 0.9041 | adv/moduleC 1.00/1.00 | disc_steps 1 | grad(main/disc) 10.492/1.367 | lr(main/disc) 6.00e-05/3.00e-05 | cuda_peak(alloc/resv) 21.77/28.18GB | phase(train/val/raw/train_eval) 2.3/0.5/0.5/0.0s | 3.3s
2026-08-28 22:04:15 | New best val_f1_macro_present: raw=0.9041 stable_score=0.9041 at epoch 32
2026-08-28 22:04:18 | Epoch 033/060 | loss 3.4324 | cls 2.1852 | tal -0.2376 | dual_g 1.3185 | dual_d 0.7963 | train_acc 0.7772 | train_full n/a | val_acc 0.9189 | val_f1 0.9261 | adv/moduleC 1.00/1.00 | disc_steps 1 | grad(main/disc) 9.014/1.411 | lr(main/disc) 6.00e-05/3.00e-05 | cuda_peak(alloc/resv) 21.77/28.18GB | phase(train/val/raw/train_eval) 2.6/0.5/0.0/0.0s | 3.1s
2026-08-28 22:04:22 | Epoch 034/060 | loss 3.3062 | cls 2.1395 | tal -0.2539 | dual_g 1.2428 | dual_d 0.8323 | train_acc 0.7826 | train_full n/a | val_acc 0.9459 | val_f1 0.9578 | adv/moduleC 1.00/1.00 | disc_steps 1 | grad(main/disc) 9.157/1.420 | lr(main/disc) 6.00e-05/3.00e-05 | cuda_peak(alloc/resv) 21.77/28.18GB | phase(train/val/raw/train_eval) 2.8/0.5/0.0/0.0s | 3.3s
2026-08-28 22:04:26 | Epoch 035/060 | loss 3.3639 | cls 2.1343 | tal -0.3140 | dual_g 1.3237 | dual_d 0.8280 | train_acc 0.7609 | train_full 0.9394 | val_acc 0.9459 | val_f1 0.9578 | adv/moduleC 1.00/1.00 | disc_steps 1 | grad(main/disc) 9.413/1.414 | lr(main/disc) 6.00e-05/3.00e-05 | cuda_peak(alloc/resv) 21.77/28.18GB | phase(train/val/raw/train_eval) 2.7/0.5/0.5/0.8s | 4.5s
2026-08-28 22:04:29 | New best val_f1_macro_present: raw=0.9578 stable_score=0.9261 at epoch 35
2026-08-28 22:04:32 | Epoch 036/060 | loss 3.4111 | cls 2.2107 | tal -0.3332 | dual_g 1.3004 | dual_d 0.8099 | train_acc 0.8315 | train_full n/a | val_acc 0.9459 | val_f1 0.9578 | adv/moduleC 1.00/1.00 | disc_steps 1 | grad(main/disc) 11.834/1.389 | lr(main/disc) 6.00e-05/3.00e-05 | cuda_peak(alloc/resv) 21.77/28.18GB | phase(train/val/raw/train_eval) 2.6/0.5/0.5/0.0s | 3.6s
2026-08-28 22:04:35 | New best val_f1_macro_present: raw=0.9578 stable_score=0.9578 at epoch 36
2026-08-28 22:04:38 | Epoch 037/060 | loss 3.2049 | cls 2.0571 | tal -0.3040 | dual_g 1.2390 | dual_d 0.8151 | train_acc 0.8261 | train_full n/a | val_acc 0.9459 | val_f1 0.9578 | adv/moduleC 1.00/1.00 | disc_steps 1 | grad(main/disc) 9.067/1.431 | lr(main/disc) 6.00e-05/3.00e-05 | cuda_peak(alloc/resv) 21.77/28.18GB | phase(train/val/raw/train_eval) 2.5/0.5/0.0/0.0s | 3.0s
2026-08-28 22:04:41 | Epoch 038/060 | loss 3.1398 | cls 2.0255 | tal -0.2336 | dual_g 1.1844 | dual_d 0.8159 | train_acc 0.8533 | train_full n/a | val_acc 0.9189 | val_f1 0.9358 | adv/moduleC 1.00/1.00 | disc_steps 1 | grad(main/disc) 9.272/1.375 | lr(main/disc) 6.00e-05/3.00e-05 | cuda_peak(alloc/resv) 21.77/28.18GB | phase(train/val/raw/train_eval) 2.4/0.5/0.0/0.0s | 3.0s
2026-08-28 22:04:44 | Epoch 039/060 | loss 3.1014 | cls 1.9965 | tal -0.2479 | dual_g 1.1794 | dual_d 0.7992 | train_acc 0.7880 | train_full n/a | val_acc 0.8919 | val_f1 0.9041 | adv/moduleC 1.00/1.00 | disc_steps 1 | grad(main/disc) 8.557/1.323 | lr(main/disc) 6.00e-05/3.00e-05 | cuda_peak(alloc/resv) 21.77/28.18GB | phase(train/val/raw/train_eval) 2.5/0.5/0.0/0.0s | 3.1s
2026-08-28 22:04:48 | Epoch 040/060 | loss 3.1368 | cls 2.0084 | tal -0.2125 | dual_g 1.1921 | dual_d 0.8201 | train_acc 0.8315 | train_full 0.9470 | val_acc 0.8919 | val_f1 0.9118 | adv/moduleC 1.00/1.00 | disc_steps 1 | grad(main/disc) 8.797/1.398 | lr(main/disc) 6.00e-05/3.00e-05 | cuda_peak(alloc/resv) 21.77/28.18GB | phase(train/val/raw/train_eval) 2.3/0.5/0.5/0.8s | 4.1s
2026-08-28 22:04:52 | Epoch 041/060 | loss 3.0802 | cls 1.9645 | tal -0.2227 | dual_g 1.1825 | dual_d 0.8312 | train_acc 0.8533 | train_full n/a | val_acc 0.9189 | val_f1 0.9335 | adv/moduleC 1.00/1.00 | disc_steps 1 | grad(main/disc) 8.374/1.360 | lr(main/disc) 6.00e-05/3.00e-05 | cuda_peak(alloc/resv) 21.77/28.18GB | phase(train/val/raw/train_eval) 2.6/0.5/0.0/0.0s | 3.2s
2026-08-28 22:04:55 | Epoch 042/060 | loss 3.0818 | cls 1.9819 | tal -0.2092 | dual_g 1.1626 | dual_d 0.8526 | train_acc 0.8587 | train_full n/a | val_acc 0.9459 | val_f1 0.9578 | adv/moduleC 1.00/1.00 | disc_steps 1 | grad(main/disc) 9.072/1.416 | lr(main/disc) 3.00e-05/1.50e-05 | cuda_peak(alloc/resv) 21.77/28.18GB | phase(train/val/raw/train_eval) 2.4/0.5/0.0/0.0s | 2.9s
2026-08-28 22:04:57 | Epoch 043/060 | loss 2.9888 | cls 1.9112 | tal -0.2505 | dual_g 1.1528 | dual_d 0.8411 | train_acc 0.8750 | train_full n/a | val_acc 0.9459 | val_f1 0.9578 | adv/moduleC 1.00/1.00 | disc_steps 1 | grad(main/disc) 7.861/1.405 | lr(main/disc) 3.00e-05/1.50e-05 | cuda_peak(alloc/resv) 21.77/28.18GB | phase(train/val/raw/train_eval) 2.4/0.5/0.0/0.0s | 2.9s
2026-08-28 22:05:00 | Epoch 044/060 | loss 2.9261 | cls 1.8953 | tal -0.2030 | dual_g 1.0917 | dual_d 0.7828 | train_acc 0.9076 | train_full n/a | val_acc 0.9459 | val_f1 0.9578 | adv/moduleC 1.00/1.00 | disc_steps 1 | grad(main/disc) 7.525/1.319 | lr(main/disc) 3.00e-05/1.50e-05 | cuda_peak(alloc/resv) 21.77/28.18GB | phase(train/val/raw/train_eval) 2.4/0.5/0.0/0.0s | 2.9s
2026-08-28 22:05:05 | Epoch 045/060 | loss 2.8771 | cls 1.8571 | tal -0.2321 | dual_g 1.0896 | dual_d 0.7869 | train_acc 0.8587 | train_full 0.9545 | val_acc 0.9459 | val_f1 0.9578 | adv/moduleC 1.00/1.00 | disc_steps 1 | grad(main/disc) 6.920/1.294 | lr(main/disc) 3.00e-05/1.50e-05 | cuda_peak(alloc/resv) 21.77/28.18GB | phase(train/val/raw/train_eval) 2.5/0.5/0.5/0.8s | 4.3s
2026-08-28 22:05:08 | Epoch 046/060 | loss 2.9907 | cls 1.9043 | tal -0.1668 | dual_g 1.1364 | dual_d 0.8009 | train_acc 0.8207 | train_full n/a | val_acc 0.9189 | val_f1 0.9358 | adv/moduleC 1.00/1.00 | disc_steps 1 | grad(main/disc) 8.239/1.305 | lr(main/disc) 3.00e-05/1.50e-05 | cuda_peak(alloc/resv) 21.77/28.18GB | phase(train/val/raw/train_eval) 2.6/0.5/0.0/0.0s | 3.1s
2026-08-28 22:05:11 | Epoch 047/060 | loss 2.9421 | cls 1.9027 | tal -0.1957 | dual_g 1.0981 | dual_d 0.8172 | train_acc 0.9185 | train_full n/a | val_acc 0.9189 | val_f1 0.9358 | adv/moduleC 1.00/1.00 | disc_steps 1 | grad(main/disc) 7.969/1.352 | lr(main/disc) 3.00e-05/1.50e-05 | cuda_peak(alloc/resv) 21.77/28.18GB | phase(train/val/raw/train_eval) 2.8/0.5/0.0/0.0s | 3.3s
2026-08-28 22:05:14 | Epoch 048/060 | loss 2.8804 | cls 1.8203 | tal -0.1827 | dual_g 1.1149 | dual_d 0.8707 | train_acc 0.8804 | train_full n/a | val_acc 0.9189 | val_f1 0.9358 | adv/moduleC 1.00/1.00 | disc_steps 1 | grad(main/disc) 7.217/1.418 | lr(main/disc) 3.00e-05/1.50e-05 | cuda_peak(alloc/resv) 21.77/28.18GB | phase(train/val/raw/train_eval) 2.6/0.5/0.0/0.0s | 3.1s
2026-08-28 22:05:17 | Epoch 049/060 | loss 2.8245 | cls 1.7898 | tal -0.2165 | dual_g 1.0997 | dual_d 0.8722 | train_acc 0.8804 | train_full n/a | val_acc 0.9189 | val_f1 0.9358 | adv/moduleC 1.00/1.00 | disc_steps 1 | grad(main/disc) 7.428/1.399 | lr(main/disc) 3.00e-05/1.50e-05 | cuda_peak(alloc/resv) 21.77/28.18GB | phase(train/val/raw/train_eval) 2.3/0.5/0.0/0.0s | 2.8s
2026-08-28 22:05:21 | Epoch 050/060 | loss 2.9145 | cls 1.8549 | tal -0.2213 | dual_g 1.1260 | dual_d 0.8561 | train_acc 0.8533 | train_full 0.9697 | val_acc 0.9459 | val_f1 0.9578 | adv/moduleC 1.00/1.00 | disc_steps 1 | grad(main/disc) 8.818/1.316 | lr(main/disc) 1.50e-05/7.50e-06 | cuda_peak(alloc/resv) 21.77/28.18GB | phase(train/val/raw/train_eval) 2.6/0.5/0.5/0.8s | 4.4s
2026-08-28 22:05:24 | Epoch 051/060 | loss 2.9016 | cls 1.8280 | tal -0.1844 | dual_g 1.1290 | dual_d 0.7907 | train_acc 0.9293 | train_full n/a | val_acc 0.9459 | val_f1 0.9578 | adv/moduleC 1.00/1.00 | disc_steps 1 | grad(main/disc) 7.172/1.265 | lr(main/disc) 1.50e-05/7.50e-06 | cuda_peak(alloc/resv) 21.77/28.18GB | phase(train/val/raw/train_eval) 2.3/0.5/0.0/0.0s | 2.8s
2026-08-28 22:05:24 | Early stopping at epoch 51 after 15 epochs without val_f1_macro_present improvement.
2026-08-28 22:05:24 | Training complete. Peak validation accuracy: 0.9459 | selected val_f1_macro_present: 0.9578
