2026-08-29 22:57:14 | Starting Dual_D standalone training
2026-08-29 22:57:14 | Run directory: runs/module_c_ablation_60_v8/module_c_20260829_205331/module_c_no_paired_contrastive_黑天_20260829_225211
2026-08-29 22:57:14 | Device: cuda
2026-08-29 22:57:14 | Source train samples: 992
2026-08-29 22:57:14 | Target train samples: 465
2026-08-29 22:57:14 | Target val samples: 120
2026-08-29 22:57:14 | Classes: 14
2026-08-29 22:57:14 | Data audit: same_dir=False | path_overlap(vis/ir/ais)=0/0/0 | content_overlap(vis/ir/ais)=0/0/0 | ais_index_overlap=0 | stem_mismatch(vis-ir/vis-ais)=578/0
2026-08-29 22:57:14 | source_train classes: present 14/14 | absent 0 | counts [0:120, 1:44, 2:69, 3:45, 4:40, 5:30, 6:64, 7:80, 8:116, 9:68, 10:57, 11:83, 12:48, 13:128]
2026-08-29 22:57:14 | target_train classes: present 8/14 | absent 6 | counts [0:100, 2:11, 3:16, 6:89, 9:162, 10:12, 11:44, 13:31]
2026-08-29 22:57:14 | target_val classes: present 8/14 | absent 6 | counts [0:26, 2:3, 3:5, 6:23, 9:41, 10:3, 11:11, 13:8]
2026-08-29 22:57:14 | Paired training classes: 8/14 | class ids [0, 2, 3, 6, 9, 10, 11, 13]
2026-08-29 22:57:14 | Runtime profile: batch=92 | paired_steps=6 | workers=16 | train_eval_every=5 | raw_eval_every=5 | stability_window=1 | lr_scheduler_start=24 | early_stop=15 after min_epoch=48
2026-08-29 22:57:14 | VIS/IR pairing: class-level-unpaired | count-mismatch classes train/val: 10/0 | AIS alignment: none | AIS rows train/val: 0/0
2026-08-29 22:57:15 | Effective Dual-D loss weights: {"adv_auxiliary": 0.03, "adv_primary": 0.03, "classification": 0.65, "contrastive": 0.0, "cycle": 0.16, "identity": 0.04, "prototype_contrastive": 0.03}
2026-08-29 22:57:15 | Model parameters: total=17277714 | trainable=17120210
2026-08-29 22:57:22 | Epoch 001/060 | loss 6.0125 | cls 5.9495 | tal 0.2100 | dual_g 0.0000 | dual_d 0.0000 | train_acc 0.1051 | train_full 0.0688 | val_acc 0.0250 | val_f1 0.0079 | adv/moduleC 0.00/0.00 | disc_steps 0 | grad(main/disc) 16.883/0.000 | lr(main/disc) 8.50e-05/3.20e-05 | cuda_peak(alloc/resv) 21.77/28.18GB | phase(train/val/raw/train_eval) 4.6/0.6/0.6/0.8s | 6.6s
2026-08-29 22:57:24 | New best val_f1_macro_present: raw=0.0079 stable_score=0.0079 at epoch 1
2026-08-29 22:57:29 | Epoch 002/060 | loss 4.6147 | cls 4.5378 | tal 0.2564 | dual_g 0.0000 | dual_d 0.0000 | train_acc 0.2391 | train_full n/a | val_acc 0.2750 | val_f1 0.1328 | adv/moduleC 0.00/0.00 | disc_steps 0 | grad(main/disc) 12.631/0.000 | lr(main/disc) 8.50e-05/3.20e-05 | cuda_peak(alloc/resv) 21.77/28.18GB | phase(train/val/raw/train_eval) 3.3/0.7/0.6/0.0s | 4.6s
2026-08-29 22:57:32 | New best val_f1_macro_present: raw=0.1328 stable_score=0.1328 at epoch 2
2026-08-29 22:57:36 | Epoch 003/060 | loss 3.9222 | cls 3.8540 | tal 0.2272 | dual_g 0.0000 | dual_d 0.0000 | train_acc 0.3623 | train_full n/a | val_acc 0.0667 | val_f1 0.0898 | adv/moduleC 0.00/0.00 | disc_steps 0 | grad(main/disc) 10.879/0.000 | lr(main/disc) 8.50e-05/3.20e-05 | cuda_peak(alloc/resv) 21.77/28.18GB | phase(train/val/raw/train_eval) 3.4/0.6/0.0/0.0s | 4.0s
2026-08-29 22:57:40 | Epoch 004/060 | loss 3.7254 | cls 3.3676 | tal 0.1091 | dual_g 0.3251 | dual_d 0.0000 | train_acc 0.4529 | train_full n/a | val_acc 0.0583 | val_f1 0.0654 | adv/moduleC 0.00/0.12 | disc_steps 0 | grad(main/disc) 10.106/0.000 | lr(main/disc) 8.50e-05/3.20e-05 | cuda_peak(alloc/resv) 21.77/28.18GB | phase(train/val/raw/train_eval) 3.3/0.6/0.0/0.0s | 3.8s
2026-08-29 22:57:45 | Epoch 005/060 | loss 3.4881 | cls 2.9160 | tal 0.0077 | dual_g 0.5698 | dual_d 0.0000 | train_acc 0.5543 | train_full 0.1699 | val_acc 0.1917 | val_f1 0.2402 | adv/moduleC 0.00/0.25 | disc_steps 0 | grad(main/disc) 10.018/0.000 | lr(main/disc) 8.50e-05/3.20e-05 | cuda_peak(alloc/resv) 21.77/28.18GB | phase(train/val/raw/train_eval) 3.7/0.6/0.6/0.8s | 5.7s
2026-08-29 22:57:48 | New best val_f1_macro_present: raw=0.2402 stable_score=0.2402 at epoch 5
2026-08-29 22:57:53 | Epoch 006/060 | loss 3.4740 | cls 2.6921 | tal 0.0225 | dual_g 0.7752 | dual_d 0.8930 | train_acc 0.6576 | train_full n/a | val_acc 0.5167 | val_f1 0.5030 | adv/moduleC 0.07/0.38 | disc_steps 3 | grad(main/disc) 10.297/1.710 | lr(main/disc) 8.50e-05/3.20e-05 | cuda_peak(alloc/resv) 21.77/28.18GB | phase(train/val/raw/train_eval) 3.5/0.6/0.6/0.0s | 4.7s
2026-08-29 22:57:56 | New best val_f1_macro_present: raw=0.5030 stable_score=0.5030 at epoch 6
2026-08-29 22:58:01 | Epoch 007/060 | loss 3.2338 | cls 2.3326 | tal 0.0059 | dual_g 0.8994 | dual_d 0.9258 | train_acc 0.7717 | train_full n/a | val_acc 0.5750 | val_f1 0.5736 | adv/moduleC 0.13/0.50 | disc_steps 3 | grad(main/disc) 9.673/1.660 | lr(main/disc) 8.50e-05/3.20e-05 | cuda_peak(alloc/resv) 21.77/28.18GB | phase(train/val/raw/train_eval) 3.8/0.6/0.6/0.0s | 4.9s
2026-08-29 22:58:04 | New best val_f1_macro_present: raw=0.5736 stable_score=0.5736 at epoch 7
2026-08-29 22:58:09 | Epoch 008/060 | loss 3.2343 | cls 2.1801 | tal 0.0143 | dual_g 1.0499 | dual_d 0.9336 | train_acc 0.7790 | train_full n/a | val_acc 0.5917 | val_f1 0.6234 | adv/moduleC 0.20/0.62 | disc_steps 3 | grad(main/disc) 10.086/1.608 | lr(main/disc) 8.50e-05/3.20e-05 | cuda_peak(alloc/resv) 21.77/28.18GB | phase(train/val/raw/train_eval) 3.6/0.6/0.6/0.0s | 4.8s
2026-08-29 22:58:11 | New best val_f1_macro_present: raw=0.6234 stable_score=0.6234 at epoch 8
2026-08-29 22:58:16 | Epoch 009/060 | loss 3.1727 | cls 2.0089 | tal -0.0125 | dual_g 1.1676 | dual_d 0.9329 | train_acc 0.8170 | train_full n/a | val_acc 0.7583 | val_f1 0.7199 | adv/moduleC 0.27/0.75 | disc_steps 3 | grad(main/disc) 9.955/1.597 | lr(main/disc) 8.50e-05/3.20e-05 | cuda_peak(alloc/resv) 21.77/28.18GB | phase(train/val/raw/train_eval) 3.3/0.6/0.6/0.0s | 4.4s
2026-08-29 22:58:19 | New best val_f1_macro_present: raw=0.7199 stable_score=0.7199 at epoch 9
2026-08-29 22:58:24 | Epoch 010/060 | loss 3.1551 | cls 1.8921 | tal -0.0100 | dual_g 1.2660 | dual_d 0.8966 | train_acc 0.8478 | train_full 0.7505 | val_acc 0.7583 | val_f1 0.7418 | adv/moduleC 0.33/0.88 | disc_steps 3 | grad(main/disc) 9.973/1.495 | lr(main/disc) 8.50e-05/3.20e-05 | cuda_peak(alloc/resv) 21.77/28.18GB | phase(train/val/raw/train_eval) 3.6/0.6/0.6/0.8s | 5.6s
2026-08-29 22:58:27 | New best val_f1_macro_present: raw=0.7418 stable_score=0.7418 at epoch 10
2026-08-29 22:58:31 | Epoch 011/060 | loss 3.1239 | cls 1.7700 | tal -0.0466 | dual_g 1.3679 | dual_d 0.9625 | train_acc 0.8931 | train_full n/a | val_acc 0.6083 | val_f1 0.6593 | adv/moduleC 0.40/1.00 | disc_steps 3 | grad(main/disc) 11.490/1.515 | lr(main/disc) 8.50e-05/3.20e-05 | cuda_peak(alloc/resv) 21.77/28.18GB | phase(train/val/raw/train_eval) 3.3/0.6/0.0/0.0s | 3.9s
2026-08-29 22:58:35 | Epoch 012/060 | loss 3.0307 | cls 1.7086 | tal 0.0154 | dual_g 1.3175 | dual_d 0.9108 | train_acc 0.8913 | train_full n/a | val_acc 0.7167 | val_f1 0.7406 | adv/moduleC 0.47/1.00 | disc_steps 3 | grad(main/disc) 11.317/1.495 | lr(main/disc) 8.50e-05/3.20e-05 | cuda_peak(alloc/resv) 21.77/28.18GB | phase(train/val/raw/train_eval) 3.6/0.6/0.0/0.0s | 4.2s
2026-08-29 22:58:40 | Epoch 013/060 | loss 2.8736 | cls 1.5930 | tal 0.0183 | dual_g 1.2751 | dual_d 0.9279 | train_acc 0.9149 | train_full n/a | val_acc 0.8250 | val_f1 0.7901 | adv/moduleC 0.53/1.00 | disc_steps 3 | grad(main/disc) 9.795/1.411 | lr(main/disc) 8.50e-05/3.20e-05 | cuda_peak(alloc/resv) 21.77/28.18GB | phase(train/val/raw/train_eval) 3.6/0.6/0.6/0.0s | 4.8s
2026-08-29 22:58:43 | New best val_f1_macro_present: raw=0.7901 stable_score=0.7901 at epoch 13
2026-08-29 22:58:47 | Epoch 014/060 | loss 2.8330 | cls 1.5717 | tal 0.0562 | dual_g 1.2444 | dual_d 0.9099 | train_acc 0.9239 | train_full n/a | val_acc 0.7833 | val_f1 0.7651 | adv/moduleC 0.60/1.00 | disc_steps 3 | grad(main/disc) 10.945/1.432 | lr(main/disc) 8.50e-05/3.20e-05 | cuda_peak(alloc/resv) 21.77/28.18GB | phase(train/val/raw/train_eval) 3.8/0.6/0.0/0.0s | 4.4s
2026-08-29 22:58:53 | Epoch 015/060 | loss 2.7866 | cls 1.5585 | tal 0.0575 | dual_g 1.2108 | dual_d 0.8788 | train_acc 0.9312 | train_full 0.9140 | val_acc 0.8667 | val_f1 0.8308 | adv/moduleC 0.67/1.00 | disc_steps 3 | grad(main/disc) 9.047/1.365 | lr(main/disc) 8.50e-05/3.20e-05 | cuda_peak(alloc/resv) 21.77/28.18GB | phase(train/val/raw/train_eval) 3.8/0.6/0.6/0.8s | 5.9s
2026-08-29 22:58:56 | New best val_f1_macro_present: raw=0.8308 stable_score=0.8308 at epoch 15
2026-08-29 22:59:01 | Epoch 016/060 | loss 2.6682 | cls 1.4965 | tal 0.0473 | dual_g 1.1575 | dual_d 0.8820 | train_acc 0.9438 | train_full n/a | val_acc 0.7750 | val_f1 0.7462 | adv/moduleC 0.73/1.00 | disc_steps 3 | grad(main/disc) 8.749/1.321 | lr(main/disc) 8.50e-05/3.20e-05 | cuda_peak(alloc/resv) 21.77/28.18GB | phase(train/val/raw/train_eval) 3.7/0.6/0.0/0.0s | 4.3s
2026-08-29 22:59:05 | Epoch 017/060 | loss 2.6149 | cls 1.4618 | tal 0.0217 | dual_g 1.1466 | dual_d 0.8978 | train_acc 0.9529 | train_full n/a | val_acc 0.8417 | val_f1 0.8123 | adv/moduleC 0.80/1.00 | disc_steps 3 | grad(main/disc) 7.908/1.326 | lr(main/disc) 8.50e-05/3.20e-05 | cuda_peak(alloc/resv) 21.77/28.18GB | phase(train/val/raw/train_eval) 3.6/0.6/0.0/0.0s | 4.2s
2026-08-29 22:59:09 | Epoch 018/060 | loss 2.5520 | cls 1.4225 | tal 0.0003 | dual_g 1.1294 | dual_d 0.8890 | train_acc 0.9493 | train_full n/a | val_acc 0.8500 | val_f1 0.8187 | adv/moduleC 0.87/1.00 | disc_steps 3 | grad(main/disc) 8.099/1.298 | lr(main/disc) 8.50e-05/3.20e-05 | cuda_peak(alloc/resv) 21.77/28.18GB | phase(train/val/raw/train_eval) 3.3/0.6/0.0/0.0s | 3.9s
2026-08-29 22:59:13 | Epoch 019/060 | loss 2.4781 | cls 1.3891 | tal -0.0241 | dual_g 1.0962 | dual_d 0.9154 | train_acc 0.9620 | train_full n/a | val_acc 0.7250 | val_f1 0.7414 | adv/moduleC 0.93/1.00 | disc_steps 3 | grad(main/disc) 6.954/1.293 | lr(main/disc) 8.50e-05/3.20e-05 | cuda_peak(alloc/resv) 21.77/28.18GB | phase(train/val/raw/train_eval) 3.3/0.6/0.0/0.0s | 3.9s
2026-08-29 22:59:18 | Epoch 020/060 | loss 2.4317 | cls 1.3676 | tal -0.0656 | dual_g 1.0838 | dual_d 0.9157 | train_acc 0.9783 | train_full 0.9161 | val_acc 0.8583 | val_f1 0.8246 | adv/moduleC 1.00/1.00 | disc_steps 3 | grad(main/disc) 6.943/1.313 | lr(main/disc) 8.50e-05/3.20e-05 | cuda_peak(alloc/resv) 21.77/28.18GB | phase(train/val/raw/train_eval) 3.8/0.6/0.6/0.8s | 5.8s
2026-08-29 22:59:23 | Epoch 021/060 | loss 2.4107 | cls 1.3581 | tal -0.0676 | dual_g 1.0729 | dual_d 0.9604 | train_acc 0.9674 | train_full n/a | val_acc 0.9083 | val_f1 0.9027 | adv/moduleC 1.00/1.00 | disc_steps 3 | grad(main/disc) 7.143/1.346 | lr(main/disc) 8.50e-05/3.20e-05 | cuda_peak(alloc/resv) 21.77/28.18GB | phase(train/val/raw/train_eval) 3.4/0.6/0.6/0.0s | 4.6s
2026-08-29 22:59:26 | New best val_f1_macro_present: raw=0.9027 stable_score=0.9027 at epoch 21
2026-08-29 22:59:30 | Epoch 022/060 | loss 2.3797 | cls 1.3396 | tal -0.0631 | dual_g 1.0590 | dual_d 0.9736 | train_acc 0.9710 | train_full n/a | val_acc 0.7333 | val_f1 0.8015 | adv/moduleC 1.00/1.00 | disc_steps 3 | grad(main/disc) 8.306/1.311 | lr(main/disc) 8.50e-05/3.20e-05 | cuda_peak(alloc/resv) 21.77/28.18GB | phase(train/val/raw/train_eval) 3.4/0.6/0.0/0.0s | 4.0s
2026-08-29 22:59:34 | Epoch 023/060 | loss 2.3571 | cls 1.3233 | tal -0.0486 | dual_g 1.0484 | dual_d 0.9842 | train_acc 0.9674 | train_full n/a | val_acc 0.8167 | val_f1 0.8108 | adv/moduleC 1.00/1.00 | disc_steps 3 | grad(main/disc) 6.464/1.349 | lr(main/disc) 8.50e-05/3.20e-05 | cuda_peak(alloc/resv) 21.77/28.18GB | phase(train/val/raw/train_eval) 3.8/0.6/0.0/0.0s | 4.4s
2026-08-29 22:59:39 | Epoch 024/060 | loss 2.3509 | cls 1.3261 | tal -0.0224 | dual_g 1.0314 | dual_d 0.9811 | train_acc 0.9891 | train_full n/a | val_acc 0.8500 | val_f1 0.8374 | adv/moduleC 1.00/1.00 | disc_steps 3 | grad(main/disc) 5.737/1.325 | lr(main/disc) 8.50e-05/3.20e-05 | cuda_peak(alloc/resv) 21.77/28.18GB | phase(train/val/raw/train_eval) 3.8/0.6/0.0/0.0s | 4.4s
2026-08-29 22:59:44 | Epoch 025/060 | loss 2.3765 | cls 1.3319 | tal -0.0402 | dual_g 1.0567 | dual_d 0.9974 | train_acc 0.9746 | train_full 0.9269 | val_acc 0.8333 | val_f1 0.8122 | adv/moduleC 1.00/1.00 | disc_steps 3 | grad(main/disc) 7.015/1.336 | lr(main/disc) 8.50e-05/3.20e-05 | cuda_peak(alloc/resv) 21.77/28.18GB | phase(train/val/raw/train_eval) 3.5/0.6/0.6/0.8s | 5.5s
2026-08-29 22:59:49 | Epoch 026/060 | loss 2.3455 | cls 1.3158 | tal 0.0010 | dual_g 1.0294 | dual_d 1.0090 | train_acc 0.9909 | train_full n/a | val_acc 0.8917 | val_f1 0.8859 | adv/moduleC 1.00/1.00 | disc_steps 3 | grad(main/disc) 5.735/1.325 | lr(main/disc) 8.50e-05/3.20e-05 | cuda_peak(alloc/resv) 21.77/28.18GB | phase(train/val/raw/train_eval) 3.9/0.6/0.0/0.0s | 4.5s
2026-08-29 22:59:53 | Epoch 027/060 | loss 2.3059 | cls 1.2969 | tal -0.0487 | dual_g 1.0236 | dual_d 1.0063 | train_acc 0.9909 | train_full n/a | val_acc 0.8917 | val_f1 0.8975 | adv/moduleC 1.00/1.00 | disc_steps 3 | grad(main/disc) 5.319/1.284 | lr(main/disc) 8.50e-05/3.20e-05 | cuda_peak(alloc/resv) 21.77/28.18GB | phase(train/val/raw/train_eval) 3.4/0.6/0.0/0.0s | 4.0s
2026-08-29 22:59:56 | Epoch 028/060 | loss 2.2805 | cls 1.2802 | tal -0.0257 | dual_g 1.0080 | dual_d 1.0440 | train_acc 0.9928 | train_full n/a | val_acc 0.8917 | val_f1 0.8558 | adv/moduleC 1.00/1.00 | disc_steps 3 | grad(main/disc) 4.294/1.328 | lr(main/disc) 8.50e-05/3.20e-05 | cuda_peak(alloc/resv) 21.77/28.18GB | phase(train/val/raw/train_eval) 3.3/0.6/0.0/0.0s | 3.8s
2026-08-29 23:00:00 | Epoch 029/060 | loss 2.2794 | cls 1.2926 | tal -0.0615 | dual_g 1.0052 | dual_d 1.0363 | train_acc 0.9801 | train_full n/a | val_acc 0.8833 | val_f1 0.8504 | adv/moduleC 1.00/1.00 | disc_steps 3 | grad(main/disc) 4.794/1.307 | lr(main/disc) 8.50e-05/3.20e-05 | cuda_peak(alloc/resv) 21.77/28.18GB | phase(train/val/raw/train_eval) 3.3/0.6/0.0/0.0s | 3.9s
2026-08-29 23:00:06 | Epoch 030/060 | loss 2.2314 | cls 1.2663 | tal -0.0821 | dual_g 0.9896 | dual_d 1.0270 | train_acc 0.9946 | train_full 0.9527 | val_acc 0.9083 | val_f1 0.8900 | adv/moduleC 1.00/1.00 | disc_steps 3 | grad(main/disc) 3.795/1.319 | lr(main/disc) 8.50e-05/3.20e-05 | cuda_peak(alloc/resv) 21.77/28.18GB | phase(train/val/raw/train_eval) 3.6/0.6/0.6/0.8s | 5.7s
2026-08-29 23:00:10 | Epoch 031/060 | loss 2.2242 | cls 1.2572 | tal -0.0743 | dual_g 0.9893 | dual_d 1.0700 | train_acc 0.9891 | train_full n/a | val_acc 0.8667 | val_f1 0.8684 | adv/moduleC 1.00/1.00 | disc_steps 3 | grad(main/disc) 3.646/1.350 | lr(main/disc) 8.50e-05/3.20e-05 | cuda_peak(alloc/resv) 21.77/28.18GB | phase(train/val/raw/train_eval) 3.5/0.6/0.0/0.0s | 4.1s
2026-08-29 23:00:14 | Epoch 032/060 | loss 2.2118 | cls 1.2514 | tal -0.0460 | dual_g 0.9742 | dual_d 1.0542 | train_acc 0.9909 | train_full n/a | val_acc 0.9000 | val_f1 0.8641 | adv/moduleC 1.00/1.00 | disc_steps 3 | grad(main/disc) 3.655/1.374 | lr(main/disc) 8.50e-05/3.20e-05 | cuda_peak(alloc/resv) 21.77/28.18GB | phase(train/val/raw/train_eval) 3.3/0.6/0.0/0.0s | 3.9s
2026-08-29 23:00:18 | Epoch 033/060 | loss 2.2040 | cls 1.2391 | tal -0.0436 | dual_g 0.9780 | dual_d 1.0482 | train_acc 0.9982 | train_full n/a | val_acc 0.9000 | val_f1 0.8735 | adv/moduleC 1.00/1.00 | disc_steps 3 | grad(main/disc) 3.253/1.321 | lr(main/disc) 8.50e-05/3.20e-05 | cuda_peak(alloc/resv) 21.77/28.18GB | phase(train/val/raw/train_eval) 3.2/0.6/0.0/0.0s | 3.8s
2026-08-29 23:00:22 | Epoch 034/060 | loss 2.2060 | cls 1.2465 | tal -0.0336 | dual_g 0.9695 | dual_d 1.0285 | train_acc 0.9928 | train_full n/a | val_acc 0.9000 | val_f1 0.8631 | adv/moduleC 1.00/1.00 | disc_steps 3 | grad(main/disc) 3.494/1.312 | lr(main/disc) 8.50e-05/3.20e-05 | cuda_peak(alloc/resv) 21.77/28.18GB | phase(train/val/raw/train_eval) 3.3/0.6/0.0/0.0s | 3.9s
2026-08-29 23:00:27 | Epoch 035/060 | loss 2.2146 | cls 1.2501 | tal -0.0454 | dual_g 0.9780 | dual_d 1.0537 | train_acc 0.9909 | train_full 0.9677 | val_acc 0.9333 | val_f1 0.9244 | adv/moduleC 1.00/1.00 | disc_steps 3 | grad(main/disc) 3.633/1.306 | lr(main/disc) 8.50e-05/3.20e-05 | cuda_peak(alloc/resv) 21.77/28.18GB | phase(train/val/raw/train_eval) 3.8/0.6/0.6/0.8s | 5.8s
2026-08-29 23:00:30 | New best val_f1_macro_present: raw=0.9244 stable_score=0.9244 at epoch 35
2026-08-29 23:00:34 | Epoch 036/060 | loss 2.2076 | cls 1.2426 | tal -0.0179 | dual_g 0.9704 | dual_d 1.0439 | train_acc 0.9946 | train_full n/a | val_acc 0.9250 | val_f1 0.9202 | adv/moduleC 1.00/1.00 | disc_steps 3 | grad(main/disc) 3.641/1.302 | lr(main/disc) 8.50e-05/3.20e-05 | cuda_peak(alloc/resv) 21.77/28.18GB | phase(train/val/raw/train_eval) 3.4/0.6/0.0/0.0s | 4.0s
2026-08-29 23:00:38 | Epoch 037/060 | loss 2.1842 | cls 1.2326 | tal -0.0503 | dual_g 0.9666 | dual_d 1.0675 | train_acc 0.9946 | train_full n/a | val_acc 0.9333 | val_f1 0.9206 | adv/moduleC 1.00/1.00 | disc_steps 3 | grad(main/disc) 3.960/1.366 | lr(main/disc) 8.50e-05/3.20e-05 | cuda_peak(alloc/resv) 21.77/28.18GB | phase(train/val/raw/train_eval) 3.3/0.6/0.0/0.0s | 3.9s
2026-08-29 23:00:43 | Epoch 038/060 | loss 2.1608 | cls 1.2300 | tal -0.0812 | dual_g 0.9552 | dual_d 1.0633 | train_acc 0.9982 | train_full n/a | val_acc 0.9083 | val_f1 0.9021 | adv/moduleC 1.00/1.00 | disc_steps 3 | grad(main/disc) 2.830/1.301 | lr(main/disc) 8.50e-05/3.20e-05 | cuda_peak(alloc/resv) 21.77/28.18GB | phase(train/val/raw/train_eval) 3.7/0.6/0.0/0.0s | 4.3s
2026-08-29 23:00:47 | Epoch 039/060 | loss 2.1508 | cls 1.2163 | tal -0.0646 | dual_g 0.9538 | dual_d 1.0678 | train_acc 0.9946 | train_full n/a | val_acc 0.9083 | val_f1 0.8869 | adv/moduleC 1.00/1.00 | disc_steps 3 | grad(main/disc) 2.856/1.314 | lr(main/disc) 8.50e-05/3.20e-05 | cuda_peak(alloc/resv) 21.77/28.18GB | phase(train/val/raw/train_eval) 3.7/0.6/0.0/0.0s | 4.3s
2026-08-29 23:00:52 | Epoch 040/060 | loss 2.1422 | cls 1.2095 | tal -0.0492 | dual_g 0.9475 | dual_d 1.0372 | train_acc 0.9964 | train_full 0.9677 | val_acc 0.9000 | val_f1 0.8793 | adv/moduleC 1.00/1.00 | disc_steps 3 | grad(main/disc) 2.558/1.286 | lr(main/disc) 8.50e-05/3.20e-05 | cuda_peak(alloc/resv) 21.77/28.18GB | phase(train/val/raw/train_eval) 3.2/0.6/0.6/0.8s | 5.2s
2026-08-29 23:00:56 | Epoch 041/060 | loss 2.1247 | cls 1.2024 | tal -0.0701 | dual_g 0.9433 | dual_d 1.0362 | train_acc 0.9982 | train_full n/a | val_acc 0.9000 | val_f1 0.8845 | adv/moduleC 1.00/1.00 | disc_steps 3 | grad(main/disc) 2.223/1.272 | lr(main/disc) 8.50e-05/3.20e-05 | cuda_peak(alloc/resv) 21.77/28.18GB | phase(train/val/raw/train_eval) 3.5/0.6/0.0/0.0s | 4.1s
2026-08-29 23:01:00 | Epoch 042/060 | loss 2.1281 | cls 1.2107 | tal -0.0817 | dual_g 0.9419 | dual_d 1.0829 | train_acc 0.9982 | train_full n/a | val_acc 0.9000 | val_f1 0.8852 | adv/moduleC 1.00/1.00 | disc_steps 3 | grad(main/disc) 2.694/1.324 | lr(main/disc) 8.50e-05/3.20e-05 | cuda_peak(alloc/resv) 21.77/28.18GB | phase(train/val/raw/train_eval) 3.1/0.6/0.0/0.0s | 3.7s
2026-08-29 23:01:04 | Epoch 043/060 | loss 2.1287 | cls 1.2139 | tal -0.0775 | dual_g 0.9381 | dual_d 1.0566 | train_acc 0.9982 | train_full n/a | val_acc 0.9250 | val_f1 0.9014 | adv/moduleC 1.00/1.00 | disc_steps 3 | grad(main/disc) 2.696/1.297 | lr(main/disc) 8.50e-05/3.20e-05 | cuda_peak(alloc/resv) 21.77/28.18GB | phase(train/val/raw/train_eval) 3.4/0.6/0.0/0.0s | 4.0s
2026-08-29 23:01:08 | Epoch 044/060 | loss 2.1165 | cls 1.2078 | tal -0.0660 | dual_g 0.9285 | dual_d 1.0653 | train_acc 1.0000 | train_full n/a | val_acc 0.9167 | val_f1 0.8774 | adv/moduleC 1.00/1.00 | disc_steps 3 | grad(main/disc) 2.419/1.288 | lr(main/disc) 4.25e-05/1.60e-05 | cuda_peak(alloc/resv) 21.77/28.18GB | phase(train/val/raw/train_eval) 3.7/0.6/0.0/0.0s | 4.3s
2026-08-29 23:01:13 | Epoch 045/060 | loss 2.1114 | cls 1.1988 | tal -0.0764 | dual_g 0.9355 | dual_d 1.0368 | train_acc 0.9946 | train_full 0.9613 | val_acc 0.9500 | val_f1 0.9459 | adv/moduleC 1.00/1.00 | disc_steps 3 | grad(main/disc) 2.501/1.256 | lr(main/disc) 4.25e-05/1.60e-05 | cuda_peak(alloc/resv) 21.77/28.18GB | phase(train/val/raw/train_eval) 3.4/0.6/0.6/0.8s | 5.4s
2026-08-29 23:01:16 | New best val_f1_macro_present: raw=0.9459 stable_score=0.9459 at epoch 45
2026-08-29 23:01:20 | Epoch 046/060 | loss 2.1086 | cls 1.2031 | tal -0.0859 | dual_g 0.9312 | dual_d 1.0522 | train_acc 1.0000 | train_full n/a | val_acc 0.9000 | val_f1 0.9043 | adv/moduleC 1.00/1.00 | disc_steps 3 | grad(main/disc) 2.085/1.251 | lr(main/disc) 4.25e-05/1.60e-05 | cuda_peak(alloc/resv) 21.77/28.18GB | phase(train/val/raw/train_eval) 3.4/0.6/0.0/0.0s | 4.0s
2026-08-29 23:01:24 | Epoch 047/060 | loss 2.1049 | cls 1.1987 | tal -0.0838 | dual_g 0.9313 | dual_d 1.0980 | train_acc 0.9964 | train_full n/a | val_acc 0.8833 | val_f1 0.8740 | adv/moduleC 1.00/1.00 | disc_steps 3 | grad(main/disc) 2.128/1.331 | lr(main/disc) 4.25e-05/1.60e-05 | cuda_peak(alloc/resv) 21.77/28.18GB | phase(train/val/raw/train_eval) 3.4/0.6/0.0/0.0s | 3.9s
2026-08-29 23:01:28 | Epoch 048/060 | loss 2.1169 | cls 1.2100 | tal -0.0933 | dual_g 0.9348 | dual_d 1.0904 | train_acc 0.9946 | train_full n/a | val_acc 0.9250 | val_f1 0.9023 | adv/moduleC 1.00/1.00 | disc_steps 3 | grad(main/disc) 2.520/1.354 | lr(main/disc) 4.25e-05/1.60e-05 | cuda_peak(alloc/resv) 21.77/28.18GB | phase(train/val/raw/train_eval) 3.5/0.6/0.0/0.0s | 4.1s
2026-08-29 23:01:32 | Epoch 049/060 | loss 2.0786 | cls 1.1909 | tal -0.1338 | dual_g 0.9278 | dual_d 1.0940 | train_acc 0.9982 | train_full n/a | val_acc 0.9333 | val_f1 0.9219 | adv/moduleC 1.00/1.00 | disc_steps 3 | grad(main/disc) 2.190/1.286 | lr(main/disc) 4.25e-05/1.60e-05 | cuda_peak(alloc/resv) 21.77/28.18GB | phase(train/val/raw/train_eval) 3.5/0.6/0.0/0.0s | 4.0s
2026-08-29 23:01:38 | Epoch 050/060 | loss 2.0768 | cls 1.1972 | tal -0.1532 | dual_g 0.9256 | dual_d 1.0425 | train_acc 0.9982 | train_full 0.9849 | val_acc 0.9333 | val_f1 0.9275 | adv/moduleC 1.00/1.00 | disc_steps 3 | grad(main/disc) 2.281/1.260 | lr(main/disc) 4.25e-05/1.60e-05 | cuda_peak(alloc/resv) 21.77/28.18GB | phase(train/val/raw/train_eval) 3.7/0.6/0.6/0.8s | 5.7s
2026-08-29 23:01:42 | Epoch 051/060 | loss 2.0760 | cls 1.1929 | tal -0.1354 | dual_g 0.9237 | dual_d 1.0432 | train_acc 1.0000 | train_full n/a | val_acc 0.9250 | val_f1 0.9080 | adv/moduleC 1.00/1.00 | disc_steps 3 | grad(main/disc) 2.202/1.228 | lr(main/disc) 4.25e-05/1.60e-05 | cuda_peak(alloc/resv) 21.77/28.18GB | phase(train/val/raw/train_eval) 3.7/0.6/0.0/0.0s | 4.3s
2026-08-29 23:01:46 | Epoch 052/060 | loss 2.0814 | cls 1.1961 | tal -0.1162 | dual_g 0.9202 | dual_d 1.0562 | train_acc 0.9964 | train_full n/a | val_acc 0.9083 | val_f1 0.8677 | adv/moduleC 1.00/1.00 | disc_steps 3 | grad(main/disc) 2.114/1.237 | lr(main/disc) 4.25e-05/1.60e-05 | cuda_peak(alloc/resv) 21.77/28.18GB | phase(train/val/raw/train_eval) 3.4/0.6/0.0/0.0s | 4.0s
2026-08-29 23:01:51 | Epoch 053/060 | loss 2.0881 | cls 1.1981 | tal -0.1281 | dual_g 0.9285 | dual_d 1.0853 | train_acc 0.9982 | train_full n/a | val_acc 0.9083 | val_f1 0.9229 | adv/moduleC 1.00/1.00 | disc_steps 3 | grad(main/disc) 2.517/1.243 | lr(main/disc) 4.25e-05/1.60e-05 | cuda_peak(alloc/resv) 21.77/28.18GB | phase(train/val/raw/train_eval) 3.5/0.6/0.0/0.0s | 4.1s
2026-08-29 23:01:55 | Epoch 054/060 | loss 2.0855 | cls 1.2001 | tal -0.1207 | dual_g 0.9216 | dual_d 1.0576 | train_acc 1.0000 | train_full n/a | val_acc 0.9417 | val_f1 0.9432 | adv/moduleC 1.00/1.00 | disc_steps 3 | grad(main/disc) 2.434/1.251 | lr(main/disc) 2.13e-05/8.00e-06 | cuda_peak(alloc/resv) 21.77/28.18GB | phase(train/val/raw/train_eval) 3.7/0.6/0.0/0.0s | 4.3s
2026-08-29 23:02:00 | Epoch 055/060 | loss 2.0840 | cls 1.1952 | tal -0.1134 | dual_g 0.9229 | dual_d 1.0731 | train_acc 1.0000 | train_full 0.9656 | val_acc 0.9250 | val_f1 0.9323 | adv/moduleC 1.00/1.00 | disc_steps 3 | grad(main/disc) 2.054/1.248 | lr(main/disc) 2.13e-05/8.00e-06 | cuda_peak(alloc/resv) 21.77/28.18GB | phase(train/val/raw/train_eval) 3.2/0.6/0.6/0.8s | 5.2s
2026-08-29 23:02:04 | Epoch 056/060 | loss 2.0662 | cls 1.1828 | tal -0.1160 | dual_g 0.9182 | dual_d 1.0712 | train_acc 1.0000 | train_full n/a | val_acc 0.9250 | val_f1 0.9212 | adv/moduleC 1.00/1.00 | disc_steps 3 | grad(main/disc) 1.943/1.239 | lr(main/disc) 2.13e-05/8.00e-06 | cuda_peak(alloc/resv) 21.77/28.18GB | phase(train/val/raw/train_eval) 3.6/0.6/0.0/0.0s | 4.1s
2026-08-29 23:02:09 | Epoch 057/060 | loss 2.0787 | cls 1.1976 | tal -0.1318 | dual_g 0.9207 | dual_d 1.0543 | train_acc 1.0000 | train_full n/a | val_acc 0.9167 | val_f1 0.9119 | adv/moduleC 1.00/1.00 | disc_steps 3 | grad(main/disc) 2.079/1.230 | lr(main/disc) 2.13e-05/8.00e-06 | cuda_peak(alloc/resv) 21.77/28.18GB | phase(train/val/raw/train_eval) 3.8/0.6/0.0/0.0s | 4.4s
2026-08-29 23:02:13 | Epoch 058/060 | loss 2.0567 | cls 1.1800 | tal -0.1282 | dual_g 0.9152 | dual_d 1.0699 | train_acc 1.0000 | train_full n/a | val_acc 0.9250 | val_f1 0.9168 | adv/moduleC 1.00/1.00 | disc_steps 3 | grad(main/disc) 1.909/1.231 | lr(main/disc) 2.13e-05/8.00e-06 | cuda_peak(alloc/resv) 21.77/28.18GB | phase(train/val/raw/train_eval) 3.5/0.6/0.0/0.0s | 4.1s
2026-08-29 23:02:17 | Epoch 059/060 | loss 2.0637 | cls 1.1889 | tal -0.1439 | dual_g 0.9179 | dual_d 1.0628 | train_acc 1.0000 | train_full n/a | val_acc 0.9333 | val_f1 0.9373 | adv/moduleC 1.00/1.00 | disc_steps 3 | grad(main/disc) 2.073/1.218 | lr(main/disc) 2.13e-05/8.00e-06 | cuda_peak(alloc/resv) 21.77/28.18GB | phase(train/val/raw/train_eval) 3.4/0.6/0.0/0.0s | 4.0s
2026-08-29 23:02:22 | Epoch 060/060 | loss 2.0616 | cls 1.1845 | tal -0.1334 | dual_g 0.9171 | dual_d 1.0344 | train_acc 1.0000 | train_full 0.9763 | val_acc 0.9417 | val_f1 0.9424 | adv/moduleC 1.00/1.00 | disc_steps 3 | grad(main/disc) 2.163/1.208 | lr(main/disc) 2.13e-05/8.00e-06 | cuda_peak(alloc/resv) 21.77/28.18GB | phase(train/val/raw/train_eval) 3.5/0.6/0.6/0.8s | 5.5s
2026-08-29 23:02:22 | Early stopping at epoch 60 after 15 epochs without val_f1_macro_present improvement.
2026-08-29 23:02:22 | Training complete. Peak validation accuracy: 0.9500 | selected val_f1_macro_present: 0.9459
