2026-08-30 04:50:59 | Starting Dual_D standalone training
2026-08-30 04:50:59 | Run directory: runs/module_c_ablation_60_v9/module_c_20260830_023711/module_c_no_module_c_黑天_20260830_044351
2026-08-30 04:50:59 | Device: cuda
2026-08-30 04:50:59 | Source train samples: 992
2026-08-30 04:50:59 | Target train samples: 465
2026-08-30 04:50:59 | Target val samples: 120
2026-08-30 04:50:59 | Classes: 14
2026-08-30 04:50:59 | Data audit: same_dir=False | path_overlap(vis/ir/ais)=0/0/0 | content_overlap(vis/ir/ais)=0/0/0 | ais_index_overlap=0 | stem_mismatch(vis-ir/vis-ais)=578/0
2026-08-30 04:50:59 | source_train classes: present 14/14 | absent 0 | counts [0:120, 1:44, 2:69, 3:45, 4:40, 5:30, 6:64, 7:80, 8:116, 9:68, 10:57, 11:83, 12:48, 13:128]
2026-08-30 04:50:59 | target_train classes: present 8/14 | absent 6 | counts [0:100, 2:11, 3:16, 6:89, 9:162, 10:12, 11:44, 13:31]
2026-08-30 04:50:59 | target_val classes: present 8/14 | absent 6 | counts [0:26, 2:3, 3:5, 6:23, 9:41, 10:3, 11:11, 13:8]
2026-08-30 04:50:59 | Paired training classes: 8/14 | class ids [0, 2, 3, 6, 9, 10, 11, 13]
2026-08-30 04:50:59 | Runtime profile: batch=16 | paired_steps=30 | workers=16 | train_eval_every=5 | raw_eval_every=5 | stability_window=3 | lr_scheduler_start=24 | early_stop=15 after min_epoch=50
2026-08-30 04:50:59 | Augmentation profile: base=0.500 | visible=0.550 | infrared=0.350 | freeze_frozen_batch_norm_stats=True
2026-08-30 04:50:59 | VIS/IR pairing: class-level-unpaired | count-mismatch classes train/val: 10/0 | AIS alignment: none | AIS rows train/val: 0/0
2026-08-30 04:51:00 | Effective Dual-D loss weights: {"adv_auxiliary": 0.025, "adv_primary": 0.025, "classification": 0.0, "contrastive": 0.0, "cycle": 0.0, "identity": 0.0, "prototype_contrastive": 0.0}
2026-08-30 04:51:00 | Model parameters: total=17277714 | trainable=17120210
2026-08-30 04:51:04 | Epoch 001/060 | loss 4.6158 | cls 4.5605 | tal 0.1844 | dual_g 0.0000 | dual_d 0.0000 | train_acc 0.2250 | train_full 0.1742 | val_acc 0.1667 | val_f1 0.2285 | adv/moduleC 0.00/0.00 | disc_steps 0 | grad(main/disc) 25.522/0.000 | lr(main/disc) 1.00e-04/3.20e-05 | cuda_peak(alloc/resv) 4.09/5.12GB | phase(train/val/raw/train_eval) 2.8/0.4/0.4/0.7s | 4.4s
2026-08-30 04:51:07 | Epoch 002/060 | loss 3.2036 | cls 3.1267 | tal 0.2564 | dual_g 0.0000 | dual_d 0.0000 | train_acc 0.4813 | train_full n/a | val_acc 0.6833 | val_f1 0.6532 | adv/moduleC 0.00/0.00 | disc_steps 0 | grad(main/disc) 20.448/0.000 | lr(main/disc) 1.00e-04/3.20e-05 | cuda_peak(alloc/resv) 4.09/5.12GB | phase(train/val/raw/train_eval) 2.6/0.4/0.0/0.0s | 3.0s
2026-08-30 04:51:11 | Epoch 003/060 | loss 2.4978 | cls 2.4445 | tal 0.1775 | dual_g 0.0000 | dual_d 0.0000 | train_acc 0.6333 | train_full n/a | val_acc 0.5250 | val_f1 0.5945 | adv/moduleC 0.00/0.00 | disc_steps 0 | grad(main/disc) 18.633/0.000 | lr(main/disc) 1.00e-04/3.20e-05 | cuda_peak(alloc/resv) 4.09/5.12GB | phase(train/val/raw/train_eval) 2.6/0.4/0.4/0.0s | 3.5s
2026-08-30 04:51:13 | New best val_f1_macro_present: raw=0.5945 stable_score=0.2285 at epoch 3
2026-08-30 04:51:17 | Epoch 004/060 | loss 1.9657 | cls 1.9361 | tal 0.0986 | dual_g 0.0000 | dual_d 0.0000 | train_acc 0.7646 | train_full n/a | val_acc 0.8167 | val_f1 0.7709 | adv/moduleC 0.00/0.12 | disc_steps 0 | grad(main/disc) 17.512/0.000 | lr(main/disc) 1.00e-04/3.20e-05 | cuda_peak(alloc/resv) 4.09/5.12GB | phase(train/val/raw/train_eval) 2.7/0.4/0.4/0.0s | 3.5s
2026-08-30 04:51:19 | New best val_f1_macro_present: raw=0.7709 stable_score=0.5945 at epoch 4
2026-08-30 04:51:23 | Epoch 005/060 | loss 1.7073 | cls 1.7125 | tal -0.0176 | dual_g 0.0000 | dual_d 0.0000 | train_acc 0.8021 | train_full 0.9011 | val_acc 0.8500 | val_f1 0.8111 | adv/moduleC 0.00/0.25 | disc_steps 0 | grad(main/disc) 16.102/0.000 | lr(main/disc) 1.00e-04/3.20e-05 | cuda_peak(alloc/resv) 4.09/5.12GB | phase(train/val/raw/train_eval) 2.7/0.4/0.4/0.7s | 4.2s
2026-08-30 04:51:27 | Epoch 006/060 | loss 1.3772 | cls 1.3826 | tal -0.0234 | dual_g 0.0016 | dual_d 1.0746 | train_acc 0.9208 | train_full n/a | val_acc 0.8333 | val_f1 0.7860 | adv/moduleC 0.07/0.38 | disc_steps 15 | grad(main/disc) 13.161/2.196 | lr(main/disc) 1.00e-04/3.20e-05 | cuda_peak(alloc/resv) 4.09/5.12GB | phase(train/val/raw/train_eval) 2.7/0.4/0.5/0.0s | 3.6s
2026-08-30 04:51:29 | New best val_f1_macro_present: raw=0.7860 stable_score=0.7709 at epoch 6
2026-08-30 04:51:32 | Epoch 007/060 | loss 1.3249 | cls 1.3253 | tal -0.0085 | dual_g 0.0022 | dual_d 1.1955 | train_acc 0.9229 | train_full n/a | val_acc 0.9167 | val_f1 0.8932 | adv/moduleC 0.13/0.50 | disc_steps 15 | grad(main/disc) 13.505/2.287 | lr(main/disc) 1.00e-04/3.20e-05 | cuda_peak(alloc/resv) 4.09/5.12GB | phase(train/val/raw/train_eval) 2.6/0.4/0.4/0.0s | 3.5s
2026-08-30 04:51:34 | New best val_f1_macro_present: raw=0.8932 stable_score=0.7860 at epoch 7
2026-08-30 04:51:38 | Epoch 008/060 | loss 1.2687 | cls 1.2343 | tal 0.1055 | dual_g 0.0028 | dual_d 1.2873 | train_acc 0.9250 | train_full n/a | val_acc 0.9000 | val_f1 0.9045 | adv/moduleC 0.20/0.62 | disc_steps 15 | grad(main/disc) 11.937/2.366 | lr(main/disc) 1.00e-04/3.20e-05 | cuda_peak(alloc/resv) 4.09/5.12GB | phase(train/val/raw/train_eval) 2.6/0.4/0.0/0.0s | 3.1s
2026-08-30 04:51:41 | Epoch 009/060 | loss 1.1157 | cls 1.0822 | tal 0.1005 | dual_g 0.0033 | dual_d 1.3163 | train_acc 0.9563 | train_full n/a | val_acc 0.9333 | val_f1 0.9196 | adv/moduleC 0.27/0.75 | disc_steps 15 | grad(main/disc) 10.296/2.327 | lr(main/disc) 1.00e-04/3.20e-05 | cuda_peak(alloc/resv) 4.09/5.12GB | phase(train/val/raw/train_eval) 2.7/0.4/0.4/0.0s | 3.5s
2026-08-30 04:51:43 | New best val_f1_macro_present: raw=0.9196 stable_score=0.8932 at epoch 9
2026-08-30 04:51:47 | Epoch 010/060 | loss 1.0909 | cls 1.0618 | tal 0.0837 | dual_g 0.0041 | dual_d 1.3220 | train_acc 0.9583 | train_full 0.9376 | val_acc 0.9083 | val_f1 0.8807 | adv/moduleC 0.33/0.88 | disc_steps 15 | grad(main/disc) 10.313/2.319 | lr(main/disc) 1.00e-04/3.20e-05 | cuda_peak(alloc/resv) 4.09/5.12GB | phase(train/val/raw/train_eval) 2.6/0.4/0.4/0.7s | 4.1s
2026-08-30 04:51:50 | Epoch 011/060 | loss 1.0051 | cls 0.9837 | tal 0.0552 | dual_g 0.0049 | dual_d 1.3112 | train_acc 0.9792 | train_full n/a | val_acc 0.9583 | val_f1 0.9528 | adv/moduleC 0.40/1.00 | disc_steps 15 | grad(main/disc) 9.159/2.292 | lr(main/disc) 1.00e-04/3.20e-05 | cuda_peak(alloc/resv) 4.09/5.12GB | phase(train/val/raw/train_eval) 2.6/0.4/0.0/0.0s | 3.1s
2026-08-30 04:51:54 | Epoch 012/060 | loss 1.0096 | cls 0.9817 | tal 0.0723 | dual_g 0.0061 | dual_d 1.2944 | train_acc 0.9646 | train_full n/a | val_acc 0.9750 | val_f1 0.9544 | adv/moduleC 0.47/1.00 | disc_steps 15 | grad(main/disc) 9.501/2.266 | lr(main/disc) 1.00e-04/3.20e-05 | cuda_peak(alloc/resv) 4.09/5.12GB | phase(train/val/raw/train_eval) 2.7/0.4/0.0/0.0s | 3.1s
2026-08-30 04:51:57 | Epoch 013/060 | loss 0.9631 | cls 0.9405 | tal 0.0524 | dual_g 0.0069 | dual_d 1.2681 | train_acc 0.9875 | train_full n/a | val_acc 0.9667 | val_f1 0.9593 | adv/moduleC 0.53/1.00 | disc_steps 15 | grad(main/disc) 7.896/2.255 | lr(main/disc) 1.00e-04/3.20e-05 | cuda_peak(alloc/resv) 4.09/5.12GB | phase(train/val/raw/train_eval) 2.5/0.4/0.4/0.0s | 3.4s
2026-08-30 04:51:59 | New best val_f1_macro_present: raw=0.9593 stable_score=0.9528 at epoch 13
2026-08-30 04:52:02 | Epoch 014/060 | loss 0.9611 | cls 0.9245 | tal 0.0961 | dual_g 0.0077 | dual_d 1.2537 | train_acc 0.9875 | train_full n/a | val_acc 0.9500 | val_f1 0.9338 | adv/moduleC 0.60/1.00 | disc_steps 15 | grad(main/disc) 7.581/2.183 | lr(main/disc) 1.00e-04/3.20e-05 | cuda_peak(alloc/resv) 4.09/5.12GB | phase(train/val/raw/train_eval) 2.7/0.4/0.0/0.0s | 3.2s
2026-08-30 04:52:06 | Epoch 015/060 | loss 0.9234 | cls 0.9037 | tal 0.0350 | dual_g 0.0092 | dual_d 1.2425 | train_acc 0.9750 | train_full 0.9957 | val_acc 0.9750 | val_f1 0.9644 | adv/moduleC 0.67/1.00 | disc_steps 15 | grad(main/disc) 6.766/2.226 | lr(main/disc) 1.00e-04/3.20e-05 | cuda_peak(alloc/resv) 4.09/5.12GB | phase(train/val/raw/train_eval) 2.6/0.4/0.4/0.7s | 4.2s
2026-08-30 04:52:10 | Epoch 016/060 | loss 0.9094 | cls 0.8940 | tal 0.0165 | dual_g 0.0104 | dual_d 1.2158 | train_acc 0.9896 | train_full n/a | val_acc 0.9667 | val_f1 0.9569 | adv/moduleC 0.73/1.00 | disc_steps 15 | grad(main/disc) 6.869/2.159 | lr(main/disc) 1.00e-04/3.20e-05 | cuda_peak(alloc/resv) 4.09/5.12GB | phase(train/val/raw/train_eval) 2.6/0.4/0.0/0.0s | 3.0s
2026-08-30 04:52:13 | Epoch 017/060 | loss 0.8492 | cls 0.8357 | tal 0.0081 | dual_g 0.0111 | dual_d 1.1360 | train_acc 0.9958 | train_full n/a | val_acc 0.9750 | val_f1 0.9644 | adv/moduleC 0.80/1.00 | disc_steps 15 | grad(main/disc) 4.724/2.058 | lr(main/disc) 1.00e-04/3.20e-05 | cuda_peak(alloc/resv) 4.09/5.12GB | phase(train/val/raw/train_eval) 2.6/0.4/0.4/0.0s | 3.4s
2026-08-30 04:52:15 | New best val_f1_macro_present: raw=0.9644 stable_score=0.9569 at epoch 17
2026-08-30 04:52:18 | Epoch 018/060 | loss 0.8885 | cls 0.8671 | tal 0.0285 | dual_g 0.0129 | dual_d 1.1852 | train_acc 0.9812 | train_full n/a | val_acc 0.9500 | val_f1 0.9213 | adv/moduleC 0.87/1.00 | disc_steps 15 | grad(main/disc) 5.681/2.119 | lr(main/disc) 1.00e-04/3.20e-05 | cuda_peak(alloc/resv) 4.09/5.12GB | phase(train/val/raw/train_eval) 2.7/0.4/0.0/0.0s | 3.1s
2026-08-30 04:52:21 | Epoch 019/060 | loss 0.8552 | cls 0.8413 | tal -0.0009 | dual_g 0.0142 | dual_d 1.1565 | train_acc 0.9917 | train_full n/a | val_acc 0.9750 | val_f1 0.9554 | adv/moduleC 0.93/1.00 | disc_steps 15 | grad(main/disc) 4.556/2.059 | lr(main/disc) 1.00e-04/3.20e-05 | cuda_peak(alloc/resv) 4.09/5.12GB | phase(train/val/raw/train_eval) 2.6/0.4/0.0/0.0s | 3.0s
2026-08-30 04:52:26 | Epoch 020/060 | loss 0.8023 | cls 0.8377 | tal -0.1691 | dual_g 0.0153 | dual_d 1.1943 | train_acc 0.9896 | train_full 0.9935 | val_acc 0.9583 | val_f1 0.9358 | adv/moduleC 1.00/1.00 | disc_steps 15 | grad(main/disc) 4.699/2.099 | lr(main/disc) 1.00e-04/3.20e-05 | cuda_peak(alloc/resv) 4.09/5.12GB | phase(train/val/raw/train_eval) 2.8/0.4/0.4/0.7s | 4.4s
2026-08-30 04:52:29 | Epoch 021/060 | loss 0.7477 | cls 0.8124 | tal -0.2667 | dual_g 0.0153 | dual_d 1.1841 | train_acc 0.9958 | train_full n/a | val_acc 0.9750 | val_f1 0.9644 | adv/moduleC 1.00/1.00 | disc_steps 15 | grad(main/disc) 3.903/2.053 | lr(main/disc) 1.00e-04/3.20e-05 | cuda_peak(alloc/resv) 4.09/5.12GB | phase(train/val/raw/train_eval) 2.7/0.4/0.0/0.0s | 3.1s
2026-08-30 04:52:32 | Epoch 022/060 | loss 0.8238 | cls 0.8372 | tal -0.0982 | dual_g 0.0161 | dual_d 1.1451 | train_acc 0.9938 | train_full n/a | val_acc 0.9500 | val_f1 0.9231 | adv/moduleC 1.00/1.00 | disc_steps 15 | grad(main/disc) 4.557/2.046 | lr(main/disc) 1.00e-04/3.20e-05 | cuda_peak(alloc/resv) 4.09/5.12GB | phase(train/val/raw/train_eval) 2.7/0.4/0.0/0.0s | 3.1s
2026-08-30 04:52:35 | Epoch 023/060 | loss 0.8059 | cls 0.8235 | tal -0.1141 | dual_g 0.0167 | dual_d 1.1398 | train_acc 0.9938 | train_full n/a | val_acc 0.9750 | val_f1 0.9644 | adv/moduleC 1.00/1.00 | disc_steps 15 | grad(main/disc) 4.526/1.996 | lr(main/disc) 1.00e-04/3.20e-05 | cuda_peak(alloc/resv) 4.09/5.12GB | phase(train/val/raw/train_eval) 3.0/0.4/0.0/0.0s | 3.4s
2026-08-30 04:52:38 | Epoch 024/060 | loss 0.8056 | cls 0.8239 | tal -0.1189 | dual_g 0.0174 | dual_d 1.0570 | train_acc 0.9958 | train_full n/a | val_acc 0.9750 | val_f1 0.9652 | adv/moduleC 1.00/1.00 | disc_steps 15 | grad(main/disc) 4.947/1.882 | lr(main/disc) 1.00e-04/3.20e-05 | cuda_peak(alloc/resv) 4.09/5.12GB | phase(train/val/raw/train_eval) 2.8/0.4/0.0/0.0s | 3.2s
2026-08-30 04:52:43 | Epoch 025/060 | loss 0.7914 | cls 0.8151 | tal -0.1389 | dual_g 0.0180 | dual_d 1.0545 | train_acc 0.9917 | train_full 0.9935 | val_acc 0.9667 | val_f1 0.9684 | adv/moduleC 1.00/1.00 | disc_steps 15 | grad(main/disc) 4.151/1.886 | lr(main/disc) 1.00e-04/3.20e-05 | cuda_peak(alloc/resv) 4.09/5.12GB | phase(train/val/raw/train_eval) 2.7/0.4/0.4/0.7s | 4.3s
2026-08-30 04:52:45 | New best val_f1_macro_present: raw=0.9684 stable_score=0.9644 at epoch 25
2026-08-30 04:52:48 | Epoch 026/060 | loss 0.7870 | cls 0.8068 | tal -0.1261 | dual_g 0.0181 | dual_d 1.0476 | train_acc 0.9979 | train_full n/a | val_acc 0.9750 | val_f1 0.9659 | adv/moduleC 1.00/1.00 | disc_steps 15 | grad(main/disc) 4.081/1.877 | lr(main/disc) 1.00e-04/3.20e-05 | cuda_peak(alloc/resv) 4.09/5.12GB | phase(train/val/raw/train_eval) 2.7/0.4/0.0/0.0s | 3.1s
2026-08-30 04:52:52 | Epoch 027/060 | loss 0.7900 | cls 0.8044 | tal -0.1101 | dual_g 0.0186 | dual_d 1.0631 | train_acc 0.9979 | train_full n/a | val_acc 0.9833 | val_f1 0.9819 | adv/moduleC 1.00/1.00 | disc_steps 15 | grad(main/disc) 3.766/1.830 | lr(main/disc) 1.00e-04/3.20e-05 | cuda_peak(alloc/resv) 4.09/5.12GB | phase(train/val/raw/train_eval) 2.7/0.4/0.4/0.0s | 3.5s
2026-08-30 04:52:54 | New best val_f1_macro_present: raw=0.9819 stable_score=0.9659 at epoch 27
2026-08-30 04:52:57 | Epoch 028/060 | loss 0.7632 | cls 0.7912 | tal -0.1539 | dual_g 0.0182 | dual_d 1.0674 | train_acc 0.9958 | train_full n/a | val_acc 0.9750 | val_f1 0.9652 | adv/moduleC 1.00/1.00 | disc_steps 15 | grad(main/disc) 3.102/1.816 | lr(main/disc) 1.00e-04/3.20e-05 | cuda_peak(alloc/resv) 4.09/5.12GB | phase(train/val/raw/train_eval) 2.6/0.4/0.0/0.0s | 3.0s
2026-08-30 04:53:00 | Epoch 029/060 | loss 0.7376 | cls 0.7951 | tal -0.2547 | dual_g 0.0190 | dual_d 1.0290 | train_acc 0.9958 | train_full n/a | val_acc 0.9917 | val_f1 0.9930 | adv/moduleC 1.00/1.00 | disc_steps 15 | grad(main/disc) 3.617/1.771 | lr(main/disc) 1.00e-04/3.20e-05 | cuda_peak(alloc/resv) 4.09/5.12GB | phase(train/val/raw/train_eval) 2.6/0.4/0.0/0.0s | 3.1s
2026-08-30 04:53:04 | Epoch 030/060 | loss 0.7397 | cls 0.7839 | tal -0.2106 | dual_g 0.0190 | dual_d 1.0100 | train_acc 0.9958 | train_full 1.0000 | val_acc 0.9917 | val_f1 0.9797 | adv/moduleC 1.00/1.00 | disc_steps 15 | grad(main/disc) 3.056/1.741 | lr(main/disc) 1.00e-04/3.20e-05 | cuda_peak(alloc/resv) 4.09/5.12GB | phase(train/val/raw/train_eval) 2.5/0.4/0.4/0.7s | 4.1s
2026-08-30 04:53:07 | Epoch 031/060 | loss 0.7564 | cls 0.7843 | tal -0.1572 | dual_g 0.0193 | dual_d 1.0273 | train_acc 0.9917 | train_full n/a | val_acc 0.9833 | val_f1 0.9819 | adv/moduleC 1.00/1.00 | disc_steps 15 | grad(main/disc) 3.130/1.761 | lr(main/disc) 1.00e-04/3.20e-05 | cuda_peak(alloc/resv) 4.09/5.12GB | phase(train/val/raw/train_eval) 2.6/0.4/0.4/0.0s | 3.5s
2026-08-30 04:53:10 | New best val_f1_macro_present: raw=0.9819 stable_score=0.9797 at epoch 31
2026-08-30 04:53:13 | Epoch 032/060 | loss 0.7373 | cls 0.7766 | tal -0.1979 | dual_g 0.0201 | dual_d 1.0019 | train_acc 0.9979 | train_full n/a | val_acc 0.9833 | val_f1 0.9819 | adv/moduleC 1.00/1.00 | disc_steps 15 | grad(main/disc) 2.598/1.718 | lr(main/disc) 1.00e-04/3.20e-05 | cuda_peak(alloc/resv) 4.09/5.12GB | phase(train/val/raw/train_eval) 2.6/0.4/0.0/0.0s | 3.0s
2026-08-30 04:53:16 | Epoch 033/060 | loss 0.7304 | cls 0.7781 | tal -0.2263 | dual_g 0.0202 | dual_d 1.0099 | train_acc 0.9979 | train_full n/a | val_acc 0.9750 | val_f1 0.9644 | adv/moduleC 1.00/1.00 | disc_steps 15 | grad(main/disc) 2.911/1.681 | lr(main/disc) 1.00e-04/3.20e-05 | cuda_peak(alloc/resv) 4.09/5.12GB | phase(train/val/raw/train_eval) 2.6/0.4/0.0/0.0s | 3.0s
2026-08-30 04:53:19 | Epoch 034/060 | loss 0.6967 | cls 0.7670 | tal -0.3039 | dual_g 0.0208 | dual_d 1.0497 | train_acc 1.0000 | train_full n/a | val_acc 0.9833 | val_f1 0.9847 | adv/moduleC 1.00/1.00 | disc_steps 15 | grad(main/disc) 2.284/1.727 | lr(main/disc) 1.00e-04/3.20e-05 | cuda_peak(alloc/resv) 4.09/5.12GB | phase(train/val/raw/train_eval) 2.9/0.4/0.0/0.0s | 3.4s
2026-08-30 04:53:23 | Epoch 035/060 | loss 0.7044 | cls 0.7686 | tal -0.2823 | dual_g 0.0205 | dual_d 0.9922 | train_acc 1.0000 | train_full 0.9978 | val_acc 0.9833 | val_f1 0.9847 | adv/moduleC 1.00/1.00 | disc_steps 15 | grad(main/disc) 2.650/1.672 | lr(main/disc) 1.00e-04/3.20e-05 | cuda_peak(alloc/resv) 4.09/5.12GB | phase(train/val/raw/train_eval) 2.7/0.4/0.4/0.7s | 4.2s
2026-08-30 04:53:27 | Epoch 036/060 | loss 0.7243 | cls 0.7668 | tal -0.2106 | dual_g 0.0207 | dual_d 1.0156 | train_acc 0.9979 | train_full n/a | val_acc 0.9917 | val_f1 0.9917 | adv/moduleC 1.00/1.00 | disc_steps 15 | grad(main/disc) 2.567/1.678 | lr(main/disc) 1.00e-04/3.20e-05 | cuda_peak(alloc/resv) 4.09/5.12GB | phase(train/val/raw/train_eval) 2.7/0.4/0.4/0.0s | 3.6s
2026-08-30 04:53:29 | New best val_f1_macro_present: raw=0.9917 stable_score=0.9847 at epoch 36
2026-08-30 04:53:32 | Epoch 037/060 | loss 0.7101 | cls 0.7680 | tal -0.2625 | dual_g 0.0209 | dual_d 0.9878 | train_acc 0.9979 | train_full n/a | val_acc 0.9917 | val_f1 0.9797 | adv/moduleC 1.00/1.00 | disc_steps 15 | grad(main/disc) 2.783/1.623 | lr(main/disc) 1.00e-04/3.20e-05 | cuda_peak(alloc/resv) 4.09/5.12GB | phase(train/val/raw/train_eval) 2.7/0.4/0.0/0.0s | 3.1s
2026-08-30 04:53:35 | Epoch 038/060 | loss 0.6855 | cls 0.7658 | tal -0.3401 | dual_g 0.0218 | dual_d 0.9949 | train_acc 0.9979 | train_full n/a | val_acc 0.9833 | val_f1 0.9847 | adv/moduleC 1.00/1.00 | disc_steps 15 | grad(main/disc) 2.385/1.605 | lr(main/disc) 5.00e-05/1.60e-05 | cuda_peak(alloc/resv) 4.09/5.12GB | phase(train/val/raw/train_eval) 2.7/0.4/0.0/0.0s | 3.2s
2026-08-30 04:53:38 | Epoch 039/060 | loss 0.6770 | cls 0.7558 | tal -0.3366 | dual_g 0.0222 | dual_d 0.9597 | train_acc 1.0000 | train_full n/a | val_acc 0.9833 | val_f1 0.9847 | adv/moduleC 1.00/1.00 | disc_steps 15 | grad(main/disc) 2.104/1.548 | lr(main/disc) 5.00e-05/1.60e-05 | cuda_peak(alloc/resv) 4.09/5.12GB | phase(train/val/raw/train_eval) 2.7/0.4/0.0/0.0s | 3.1s
2026-08-30 04:53:43 | Epoch 040/060 | loss 0.6938 | cls 0.7649 | tal -0.3098 | dual_g 0.0218 | dual_d 0.9847 | train_acc 1.0000 | train_full 1.0000 | val_acc 1.0000 | val_f1 1.0000 | adv/moduleC 1.00/1.00 | disc_steps 15 | grad(main/disc) 2.305/1.594 | lr(main/disc) 5.00e-05/1.60e-05 | cuda_peak(alloc/resv) 4.09/5.12GB | phase(train/val/raw/train_eval) 2.7/0.4/0.4/0.7s | 4.3s
2026-08-30 04:53:46 | Epoch 041/060 | loss 0.6787 | cls 0.7589 | tal -0.3436 | dual_g 0.0229 | dual_d 0.9601 | train_acc 0.9979 | train_full n/a | val_acc 0.9917 | val_f1 0.9917 | adv/moduleC 1.00/1.00 | disc_steps 15 | grad(main/disc) 2.118/1.552 | lr(main/disc) 5.00e-05/1.60e-05 | cuda_peak(alloc/resv) 4.09/5.12GB | phase(train/val/raw/train_eval) 2.6/0.4/0.0/0.0s | 3.0s
2026-08-30 04:53:49 | Epoch 042/060 | loss 0.6755 | cls 0.7548 | tal -0.3404 | dual_g 0.0228 | dual_d 0.9468 | train_acc 0.9958 | train_full n/a | val_acc 1.0000 | val_f1 1.0000 | adv/moduleC 1.00/1.00 | disc_steps 15 | grad(main/disc) 1.872/1.523 | lr(main/disc) 5.00e-05/1.60e-05 | cuda_peak(alloc/resv) 4.09/5.12GB | phase(train/val/raw/train_eval) 2.7/0.4/0.4/0.0s | 3.5s
2026-08-30 04:53:52 | New best val_f1_macro_present: raw=1.0000 stable_score=0.9917 at epoch 42
2026-08-30 04:53:55 | Epoch 043/060 | loss 0.6722 | cls 0.7733 | tal -0.4115 | dual_g 0.0223 | dual_d 0.9886 | train_acc 0.9938 | train_full n/a | val_acc 0.9917 | val_f1 0.9917 | adv/moduleC 1.00/1.00 | disc_steps 15 | grad(main/disc) 2.852/1.597 | lr(main/disc) 5.00e-05/1.60e-05 | cuda_peak(alloc/resv) 4.09/5.12GB | phase(train/val/raw/train_eval) 2.6/0.4/0.0/0.0s | 3.1s
2026-08-30 04:53:58 | Epoch 044/060 | loss 0.6502 | cls 0.7477 | tal -0.4017 | dual_g 0.0230 | dual_d 0.9753 | train_acc 1.0000 | train_full n/a | val_acc 0.9917 | val_f1 0.9917 | adv/moduleC 1.00/1.00 | disc_steps 15 | grad(main/disc) 1.757/1.583 | lr(main/disc) 5.00e-05/1.60e-05 | cuda_peak(alloc/resv) 4.09/5.12GB | phase(train/val/raw/train_eval) 2.7/0.4/0.0/0.0s | 3.1s
2026-08-30 04:54:02 | Epoch 045/060 | loss 0.6626 | cls 0.7620 | tal -0.4096 | dual_g 0.0236 | dual_d 0.9754 | train_acc 0.9958 | train_full 1.0000 | val_acc 1.0000 | val_f1 1.0000 | adv/moduleC 1.00/1.00 | disc_steps 15 | grad(main/disc) 2.354/1.566 | lr(main/disc) 5.00e-05/1.60e-05 | cuda_peak(alloc/resv) 4.09/5.12GB | phase(train/val/raw/train_eval) 2.6/0.4/0.4/0.7s | 4.2s
2026-08-30 04:54:05 | Epoch 046/060 | loss 0.6534 | cls 0.7539 | tal -0.4156 | dual_g 0.0242 | dual_d 0.9243 | train_acc 0.9958 | train_full n/a | val_acc 0.9917 | val_f1 0.9917 | adv/moduleC 1.00/1.00 | disc_steps 15 | grad(main/disc) 2.205/1.487 | lr(main/disc) 5.00e-05/1.60e-05 | cuda_peak(alloc/resv) 4.09/5.12GB | phase(train/val/raw/train_eval) 2.8/0.4/0.0/0.0s | 3.2s
2026-08-30 04:54:08 | Epoch 047/060 | loss 0.6455 | cls 0.7474 | tal -0.4187 | dual_g 0.0237 | dual_d 0.9348 | train_acc 1.0000 | train_full n/a | val_acc 0.9917 | val_f1 0.9917 | adv/moduleC 1.00/1.00 | disc_steps 15 | grad(main/disc) 1.543/1.490 | lr(main/disc) 5.00e-05/1.60e-05 | cuda_peak(alloc/resv) 4.09/5.12GB | phase(train/val/raw/train_eval) 2.7/0.4/0.0/0.0s | 3.1s
2026-08-30 04:54:11 | Epoch 048/060 | loss 0.6495 | cls 0.7516 | tal -0.4182 | dual_g 0.0234 | dual_d 0.9285 | train_acc 0.9979 | train_full n/a | val_acc 1.0000 | val_f1 1.0000 | adv/moduleC 1.00/1.00 | disc_steps 15 | grad(main/disc) 1.998/1.473 | lr(main/disc) 5.00e-05/1.60e-05 | cuda_peak(alloc/resv) 4.09/5.12GB | phase(train/val/raw/train_eval) 2.6/0.4/0.0/0.0s | 3.0s
2026-08-30 04:54:14 | Epoch 049/060 | loss 0.6391 | cls 0.7459 | tal -0.4356 | dual_g 0.0239 | dual_d 0.9396 | train_acc 1.0000 | train_full n/a | val_acc 0.9917 | val_f1 0.9917 | adv/moduleC 1.00/1.00 | disc_steps 15 | grad(main/disc) 1.837/1.467 | lr(main/disc) 2.50e-05/8.00e-06 | cuda_peak(alloc/resv) 4.09/5.12GB | phase(train/val/raw/train_eval) 2.7/0.4/0.0/0.0s | 3.1s
2026-08-30 04:54:18 | Epoch 050/060 | loss 0.6544 | cls 0.7486 | tal -0.3940 | dual_g 0.0240 | dual_d 0.9305 | train_acc 1.0000 | train_full 0.9978 | val_acc 0.9833 | val_f1 0.9847 | adv/moduleC 1.00/1.00 | disc_steps 15 | grad(main/disc) 1.954/1.459 | lr(main/disc) 2.50e-05/8.00e-06 | cuda_peak(alloc/resv) 4.09/5.12GB | phase(train/val/raw/train_eval) 2.6/0.4/0.4/0.7s | 4.2s
2026-08-30 04:54:22 | Epoch 051/060 | loss 0.6515 | cls 0.7462 | tal -0.3939 | dual_g 0.0235 | dual_d 0.9351 | train_acc 0.9979 | train_full n/a | val_acc 0.9833 | val_f1 0.9847 | adv/moduleC 1.00/1.00 | disc_steps 15 | grad(main/disc) 1.797/1.470 | lr(main/disc) 2.50e-05/8.00e-06 | cuda_peak(alloc/resv) 4.09/5.12GB | phase(train/val/raw/train_eval) 2.7/0.4/0.0/0.0s | 3.2s
2026-08-30 04:54:25 | Epoch 052/060 | loss 0.6363 | cls 0.7383 | tal -0.4193 | dual_g 0.0237 | dual_d 0.9195 | train_acc 1.0000 | train_full n/a | val_acc 0.9917 | val_f1 0.9917 | adv/moduleC 1.00/1.00 | disc_steps 15 | grad(main/disc) 1.190/1.442 | lr(main/disc) 2.50e-05/8.00e-06 | cuda_peak(alloc/resv) 4.09/5.12GB | phase(train/val/raw/train_eval) 2.6/0.4/0.0/0.0s | 3.0s
2026-08-30 04:54:28 | Epoch 053/060 | loss 0.6448 | cls 0.7458 | tal -0.4144 | dual_g 0.0233 | dual_d 0.9364 | train_acc 1.0000 | train_full n/a | val_acc 0.9833 | val_f1 0.9847 | adv/moduleC 1.00/1.00 | disc_steps 15 | grad(main/disc) 1.859/1.468 | lr(main/disc) 2.50e-05/8.00e-06 | cuda_peak(alloc/resv) 4.09/5.12GB | phase(train/val/raw/train_eval) 2.6/0.4/0.0/0.0s | 3.0s
2026-08-30 04:54:31 | Epoch 054/060 | loss 0.6437 | cls 0.7371 | tal -0.3922 | dual_g 0.0243 | dual_d 0.9303 | train_acc 1.0000 | train_full n/a | val_acc 0.9917 | val_f1 0.9917 | adv/moduleC 1.00/1.00 | disc_steps 15 | grad(main/disc) 1.385/1.462 | lr(main/disc) 2.50e-05/8.00e-06 | cuda_peak(alloc/resv) 4.09/5.12GB | phase(train/val/raw/train_eval) 2.8/0.4/0.0/0.0s | 3.2s
2026-08-30 04:54:35 | Epoch 055/060 | loss 0.6430 | cls 0.7402 | tal -0.4031 | dual_g 0.0237 | dual_d 0.9237 | train_acc 1.0000 | train_full 1.0000 | val_acc 0.9917 | val_f1 0.9917 | adv/moduleC 1.00/1.00 | disc_steps 15 | grad(main/disc) 1.537/1.395 | lr(main/disc) 2.50e-05/8.00e-06 | cuda_peak(alloc/resv) 4.09/5.12GB | phase(train/val/raw/train_eval) 2.6/0.4/0.4/0.7s | 4.2s
2026-08-30 04:54:38 | Epoch 056/060 | loss 0.6556 | cls 0.7437 | tal -0.3739 | dual_g 0.0240 | dual_d 0.9467 | train_acc 0.9979 | train_full n/a | val_acc 0.9917 | val_f1 0.9917 | adv/moduleC 1.00/1.00 | disc_steps 15 | grad(main/disc) 1.674/1.453 | lr(main/disc) 2.50e-05/8.00e-06 | cuda_peak(alloc/resv) 4.09/5.12GB | phase(train/val/raw/train_eval) 2.7/0.4/0.0/0.0s | 3.1s
2026-08-30 04:54:41 | Epoch 057/060 | loss 0.6629 | cls 0.7423 | tal -0.3450 | dual_g 0.0241 | dual_d 0.9322 | train_acc 1.0000 | train_full n/a | val_acc 0.9833 | val_f1 0.9847 | adv/moduleC 1.00/1.00 | disc_steps 15 | grad(main/disc) 1.728/1.434 | lr(main/disc) 2.50e-05/8.00e-06 | cuda_peak(alloc/resv) 4.09/5.12GB | phase(train/val/raw/train_eval) 2.7/0.4/0.0/0.0s | 3.1s
2026-08-30 04:54:41 | Early stopping at epoch 57 after 15 epochs without val_f1_macro_present improvement.
2026-08-30 04:54:41 | Training complete. Peak validation accuracy: 1.0000 | selected val_f1_macro_present: 1.0000
