2026-08-28 20:50:54 | Starting Dual_D standalone training
2026-08-28 20:50:54 | Run directory: runs/module_c_ablation_60_v6/module_c_20260828_191630/module_c_no_identity_逆光_20260828_203202
2026-08-28 20:50:54 | Device: cuda
2026-08-28 20:50:54 | Source train samples: 992
2026-08-28 20:50:54 | Target train samples: 132
2026-08-28 20:50:54 | Target val samples: 37
2026-08-28 20:50:54 | Classes: 14
2026-08-28 20:50:54 | Data audit: same_dir=False | path_overlap(vis/ir/ais)=0/0/0 | content_overlap(vis/ir/ais)=0/0/0 | ais_index_overlap=0 | stem_mismatch(vis-ir/vis-ais)=157/0
2026-08-28 20:50:54 | source_train classes: present 14/14 | absent 0 | counts [0:120, 1:44, 2:69, 3:45, 4:40, 5:30, 6:64, 7:80, 8:116, 9:68, 10:57, 11:83, 12:48, 13:128]
2026-08-28 20:50:54 | target_train classes: present 9/14 | absent 5 | counts [0:20, 2:12, 4:12, 5:2, 9:16, 10:16, 11:29, 12:4, 13:21]
2026-08-28 20:50:54 | target_val classes: present 9/14 | absent 5 | counts [0:6, 2:3, 4:4, 5:1, 9:4, 10:4, 11:8, 12:1, 13:6]
2026-08-28 20:50:54 | Paired training classes: 9/14 | class ids [0, 2, 4, 5, 9, 10, 11, 12, 13]
2026-08-28 20:50:54 | Runtime profile: batch=92 | paired_steps=2 | workers=16 | train_eval_every=5 | raw_eval_every=5 | stability_window=3 | early_stop=15 after min_epoch=35
2026-08-28 20:50:54 | VIS/IR pairing: class-level-unpaired | count-mismatch classes train/val: 10/1 | AIS alignment: none | AIS rows train/val: 0/0
2026-08-28 20:50:55 | Effective Dual-D loss weights: {"adv_auxiliary": 0.03, "adv_primary": 0.03, "classification": 0.42, "contrastive": 0.015, "cycle": 0.24, "identity": 0.0, "prototype_contrastive": 0.05}
2026-08-28 20:50:55 | Model parameters: total=17277714 | trainable=17120210
2026-08-28 20:51:00 | Epoch 001/060 | loss 5.3407 | cls 5.4356 | tal -0.3161 | dual_g 0.0000 | dual_d 0.0000 | train_acc 0.0109 | train_full 0.1212 | val_acc 0.1351 | val_f1 0.0777 | adv/moduleC 0.00/0.00 | disc_steps 0 | grad(main/disc) 15.555/0.000 | lr(main/disc) 6.00e-05/3.00e-05 | cuda_peak(alloc/resv) 21.77/28.18GB | phase(train/val/raw/train_eval) 3.1/0.5/0.5/0.8s | 4.9s
2026-08-28 20:51:03 | Epoch 002/060 | loss 5.2908 | cls 5.3458 | tal -0.1834 | dual_g 0.0000 | dual_d 0.0000 | train_acc 0.0870 | train_full n/a | val_acc 0.2162 | val_f1 0.1115 | adv/moduleC 0.00/0.00 | disc_steps 0 | grad(main/disc) 14.976/0.000 | lr(main/disc) 6.00e-05/3.00e-05 | cuda_peak(alloc/resv) 21.77/28.18GB | phase(train/val/raw/train_eval) 3.0/0.5/0.0/0.0s | 3.5s
2026-08-28 20:51:06 | Epoch 003/060 | loss 5.0034 | cls 5.0355 | tal -0.1071 | dual_g 0.0000 | dual_d 0.0000 | train_acc 0.1522 | train_full n/a | val_acc 0.1892 | val_f1 0.1055 | adv/moduleC 0.00/0.00 | disc_steps 0 | grad(main/disc) 13.397/0.000 | lr(main/disc) 6.00e-05/3.00e-05 | cuda_peak(alloc/resv) 21.77/28.18GB | phase(train/val/raw/train_eval) 2.3/0.5/0.5/0.0s | 3.3s
2026-08-28 20:51:09 | New best val_f1_macro_present: raw=0.1055 stable_score=0.0777 at epoch 3
2026-08-28 20:51:13 | Epoch 004/060 | loss 4.6009 | cls 4.6262 | tal -0.0843 | dual_g 0.0000 | dual_d 0.0000 | train_acc 0.2011 | train_full n/a | val_acc 0.1351 | val_f1 0.0778 | adv/moduleC 0.00/0.00 | disc_steps 0 | grad(main/disc) 12.693/0.000 | lr(main/disc) 6.00e-05/3.00e-05 | cuda_peak(alloc/resv) 21.77/28.18GB | phase(train/val/raw/train_eval) 2.8/0.5/0.0/0.0s | 3.3s
2026-08-28 20:51:17 | Epoch 005/060 | loss 4.4570 | cls 4.4401 | tal 0.0565 | dual_g 0.0000 | dual_d 0.0000 | train_acc 0.2446 | train_full 0.1667 | val_acc 0.2162 | val_f1 0.1600 | adv/moduleC 0.00/0.00 | disc_steps 0 | grad(main/disc) 12.045/0.000 | lr(main/disc) 6.00e-05/3.00e-05 | cuda_peak(alloc/resv) 21.77/28.18GB | phase(train/val/raw/train_eval) 2.9/0.5/0.5/0.8s | 4.7s
2026-08-28 20:51:20 | Epoch 006/060 | loss 4.1965 | cls 4.1686 | tal 0.0929 | dual_g 0.0000 | dual_d 0.0000 | train_acc 0.2500 | train_full n/a | val_acc 0.2703 | val_f1 0.1936 | adv/moduleC 0.00/0.00 | disc_steps 0 | grad(main/disc) 11.325/0.000 | lr(main/disc) 6.00e-05/3.00e-05 | cuda_peak(alloc/resv) 21.77/28.18GB | phase(train/val/raw/train_eval) 2.7/0.5/0.0/0.0s | 3.2s
2026-08-28 20:51:24 | Epoch 007/060 | loss 4.0927 | cls 4.0525 | tal 0.1340 | dual_g 0.0000 | dual_d 0.0000 | train_acc 0.2989 | train_full n/a | val_acc 0.3243 | val_f1 0.2606 | adv/moduleC 0.00/0.00 | disc_steps 0 | grad(main/disc) 10.940/0.000 | lr(main/disc) 6.00e-05/3.00e-05 | cuda_peak(alloc/resv) 21.77/28.18GB | phase(train/val/raw/train_eval) 2.6/0.5/0.5/0.0s | 3.7s
2026-08-28 20:51:27 | New best val_f1_macro_present: raw=0.2606 stable_score=0.1600 at epoch 7
2026-08-28 20:51:30 | Epoch 008/060 | loss 3.8499 | cls 3.8207 | tal 0.0973 | dual_g 0.0000 | dual_d 0.0000 | train_acc 0.3043 | train_full n/a | val_acc 0.3514 | val_f1 0.2845 | adv/moduleC 0.00/0.00 | disc_steps 0 | grad(main/disc) 10.696/0.000 | lr(main/disc) 6.00e-05/3.00e-05 | cuda_peak(alloc/resv) 21.77/28.18GB | phase(train/val/raw/train_eval) 2.1/0.5/0.5/0.0s | 3.2s
2026-08-28 20:51:33 | New best val_f1_macro_present: raw=0.2845 stable_score=0.1936 at epoch 8
2026-08-28 20:51:37 | Epoch 009/060 | loss 4.0088 | cls 3.7873 | tal 0.1321 | dual_g 0.1818 | dual_d 0.8662 | train_acc 0.3370 | train_full n/a | val_acc 0.3784 | val_f1 0.4189 | adv/moduleC 0.05/0.08 | disc_steps 1 | grad(main/disc) 10.358/1.847 | lr(main/disc) 6.00e-05/3.00e-05 | cuda_peak(alloc/resv) 21.77/28.18GB | phase(train/val/raw/train_eval) 2.6/0.5/0.5/0.0s | 3.7s
2026-08-28 20:51:39 | New best val_f1_macro_present: raw=0.4189 stable_score=0.2606 at epoch 9
2026-08-28 20:51:44 | Epoch 010/060 | loss 4.0545 | cls 3.6596 | tal 0.0852 | dual_g 0.3694 | dual_d 0.8195 | train_acc 0.3152 | train_full 0.3788 | val_acc 0.4865 | val_f1 0.5063 | adv/moduleC 0.10/0.17 | disc_steps 1 | grad(main/disc) 10.312/1.752 | lr(main/disc) 6.00e-05/3.00e-05 | cuda_peak(alloc/resv) 21.77/28.18GB | phase(train/val/raw/train_eval) 2.5/0.5/0.5/0.8s | 4.3s
2026-08-28 20:51:47 | New best val_f1_macro_present: raw=0.5063 stable_score=0.2845 at epoch 10
2026-08-28 20:51:50 | Epoch 011/060 | loss 4.0045 | cls 3.4543 | tal 0.0936 | dual_g 0.5221 | dual_d 0.7856 | train_acc 0.3641 | train_full n/a | val_acc 0.5405 | val_f1 0.6155 | adv/moduleC 0.15/0.25 | disc_steps 1 | grad(main/disc) 10.194/1.811 | lr(main/disc) 6.00e-05/3.00e-05 | cuda_peak(alloc/resv) 21.77/28.18GB | phase(train/val/raw/train_eval) 2.4/0.5/0.5/0.0s | 3.4s
2026-08-28 20:51:53 | New best val_f1_macro_present: raw=0.6155 stable_score=0.4189 at epoch 11
2026-08-28 20:51:56 | Epoch 012/060 | loss 3.9674 | cls 3.2446 | tal 0.2216 | dual_g 0.6564 | dual_d 0.7613 | train_acc 0.4511 | train_full n/a | val_acc 0.6216 | val_f1 0.6666 | adv/moduleC 0.20/0.33 | disc_steps 1 | grad(main/disc) 9.712/1.569 | lr(main/disc) 6.00e-05/3.00e-05 | cuda_peak(alloc/resv) 21.77/28.18GB | phase(train/val/raw/train_eval) 2.6/0.5/0.5/0.0s | 3.6s
2026-08-28 20:51:59 | New best val_f1_macro_present: raw=0.6666 stable_score=0.5063 at epoch 12
2026-08-28 20:52:03 | Epoch 013/060 | loss 4.1780 | cls 3.2848 | tal 0.2101 | dual_g 0.8302 | dual_d 0.7591 | train_acc 0.4946 | train_full n/a | val_acc 0.6486 | val_f1 0.7357 | adv/moduleC 0.25/0.42 | disc_steps 1 | grad(main/disc) 9.754/1.611 | lr(main/disc) 6.00e-05/3.00e-05 | cuda_peak(alloc/resv) 21.77/28.18GB | phase(train/val/raw/train_eval) 2.6/0.5/0.5/0.0s | 3.7s
2026-08-28 20:52:06 | New best val_f1_macro_present: raw=0.7357 stable_score=0.6155 at epoch 13
2026-08-28 20:52:10 | Epoch 014/060 | loss 4.3067 | cls 3.2900 | tal 0.1720 | dual_g 0.9651 | dual_d 0.8535 | train_acc 0.4402 | train_full n/a | val_acc 0.7297 | val_f1 0.7725 | adv/moduleC 0.30/0.50 | disc_steps 1 | grad(main/disc) 9.750/1.737 | lr(main/disc) 6.00e-05/3.00e-05 | cuda_peak(alloc/resv) 21.77/28.18GB | phase(train/val/raw/train_eval) 2.8/0.5/0.5/0.0s | 3.8s
2026-08-28 20:52:12 | New best val_f1_macro_present: raw=0.7725 stable_score=0.6666 at epoch 14
2026-08-28 20:52:17 | Epoch 015/060 | loss 4.3098 | cls 3.1141 | tal 0.2256 | dual_g 1.1280 | dual_d 0.8144 | train_acc 0.4728 | train_full 0.7424 | val_acc 0.8378 | val_f1 0.8409 | adv/moduleC 0.35/0.58 | disc_steps 1 | grad(main/disc) 9.689/1.678 | lr(main/disc) 6.00e-05/3.00e-05 | cuda_peak(alloc/resv) 21.77/28.18GB | phase(train/val/raw/train_eval) 2.5/0.5/0.5/0.8s | 4.3s
2026-08-28 20:52:20 | New best val_f1_macro_present: raw=0.8409 stable_score=0.7357 at epoch 15
2026-08-28 20:52:23 | Epoch 016/060 | loss 4.2632 | cls 2.9744 | tal 0.2004 | dual_g 1.2287 | dual_d 0.7660 | train_acc 0.5326 | train_full n/a | val_acc 0.8378 | val_f1 0.8409 | adv/moduleC 0.40/0.67 | disc_steps 1 | grad(main/disc) 9.531/1.605 | lr(main/disc) 6.00e-05/3.00e-05 | cuda_peak(alloc/resv) 21.77/28.18GB | phase(train/val/raw/train_eval) 2.7/0.5/0.5/0.0s | 3.7s
2026-08-28 20:52:26 | New best val_f1_macro_present: raw=0.8409 stable_score=0.7725 at epoch 16
2026-08-28 20:52:29 | Epoch 017/060 | loss 4.4168 | cls 3.0036 | tal 0.1851 | dual_g 1.3577 | dual_d 0.8205 | train_acc 0.5163 | train_full n/a | val_acc 0.8649 | val_f1 0.8625 | adv/moduleC 0.45/0.75 | disc_steps 1 | grad(main/disc) 9.932/1.687 | lr(main/disc) 6.00e-05/3.00e-05 | cuda_peak(alloc/resv) 21.77/28.18GB | phase(train/val/raw/train_eval) 2.3/0.5/0.5/0.0s | 3.3s
2026-08-28 20:52:32 | New best val_f1_macro_present: raw=0.8625 stable_score=0.8409 at epoch 17
2026-08-28 20:52:35 | Epoch 018/060 | loss 4.6535 | cls 3.0849 | tal 0.1886 | dual_g 1.5120 | dual_d 0.7922 | train_acc 0.4674 | train_full n/a | val_acc 0.8919 | val_f1 0.8848 | adv/moduleC 0.50/0.83 | disc_steps 1 | grad(main/disc) 10.352/1.703 | lr(main/disc) 6.00e-05/3.00e-05 | cuda_peak(alloc/resv) 21.77/28.18GB | phase(train/val/raw/train_eval) 2.3/0.5/0.0/0.0s | 2.8s
2026-08-28 20:52:38 | Epoch 019/060 | loss 4.5181 | cls 2.8579 | tal 0.2335 | dual_g 1.5901 | dual_d 0.6972 | train_acc 0.4891 | train_full n/a | val_acc 0.8919 | val_f1 0.8844 | adv/moduleC 0.55/0.92 | disc_steps 1 | grad(main/disc) 9.677/1.537 | lr(main/disc) 6.00e-05/3.00e-05 | cuda_peak(alloc/resv) 21.77/28.18GB | phase(train/val/raw/train_eval) 2.4/0.5/0.5/0.0s | 3.4s
2026-08-28 20:52:41 | New best val_f1_macro_present: raw=0.8844 stable_score=0.8625 at epoch 19
2026-08-28 20:52:46 | Epoch 020/060 | loss 4.5842 | cls 2.7783 | tal 0.2336 | dual_g 1.7358 | dual_d 0.7842 | train_acc 0.5272 | train_full 0.8712 | val_acc 0.8919 | val_f1 0.8990 | adv/moduleC 0.60/1.00 | disc_steps 1 | grad(main/disc) 10.138/1.643 | lr(main/disc) 6.00e-05/3.00e-05 | cuda_peak(alloc/resv) 21.77/28.18GB | phase(train/val/raw/train_eval) 2.5/0.5/0.5/0.8s | 4.3s
2026-08-28 20:52:48 | New best val_f1_macro_present: raw=0.8990 stable_score=0.8844 at epoch 20
2026-08-28 20:52:52 | Epoch 021/060 | loss 4.7146 | cls 3.0090 | tal 0.1677 | dual_g 1.6554 | dual_d 0.7534 | train_acc 0.5163 | train_full n/a | val_acc 0.8919 | val_f1 0.8941 | adv/moduleC 0.65/1.00 | disc_steps 1 | grad(main/disc) 10.402/1.558 | lr(main/disc) 6.00e-05/3.00e-05 | cuda_peak(alloc/resv) 21.77/28.18GB | phase(train/val/raw/train_eval) 2.6/0.5/0.0/0.0s | 3.1s
2026-08-28 20:52:55 | Epoch 022/060 | loss 4.3867 | cls 2.7522 | tal 0.1469 | dual_g 1.5905 | dual_d 0.7522 | train_acc 0.5707 | train_full n/a | val_acc 0.8649 | val_f1 0.8638 | adv/moduleC 0.70/1.00 | disc_steps 1 | grad(main/disc) 10.213/1.567 | lr(main/disc) 6.00e-05/3.00e-05 | cuda_peak(alloc/resv) 21.77/28.18GB | phase(train/val/raw/train_eval) 2.8/0.5/0.0/0.0s | 3.3s
2026-08-28 20:52:58 | Epoch 023/060 | loss 4.3097 | cls 2.6956 | tal 0.1112 | dual_g 1.5808 | dual_d 0.7992 | train_acc 0.6359 | train_full n/a | val_acc 0.8649 | val_f1 0.8500 | adv/moduleC 0.75/1.00 | disc_steps 1 | grad(main/disc) 10.961/1.618 | lr(main/disc) 6.00e-05/3.00e-05 | cuda_peak(alloc/resv) 21.77/28.18GB | phase(train/val/raw/train_eval) 2.6/0.5/0.0/0.0s | 3.1s
2026-08-28 20:53:01 | Epoch 024/060 | loss 4.0422 | cls 2.4535 | tal 0.1072 | dual_g 1.5566 | dual_d 0.7519 | train_acc 0.6685 | train_full n/a | val_acc 0.8919 | val_f1 0.8769 | adv/moduleC 0.80/1.00 | disc_steps 1 | grad(main/disc) 10.443/1.513 | lr(main/disc) 6.00e-05/3.00e-05 | cuda_peak(alloc/resv) 21.77/28.18GB | phase(train/val/raw/train_eval) 2.6/0.5/0.0/0.0s | 3.2s
2026-08-28 20:53:05 | Epoch 025/060 | loss 4.0658 | cls 2.5404 | tal 0.0170 | dual_g 1.5203 | dual_d 0.7166 | train_acc 0.5978 | train_full 0.8939 | val_acc 0.9189 | val_f1 0.9299 | adv/moduleC 0.85/1.00 | disc_steps 1 | grad(main/disc) 9.690/1.437 | lr(main/disc) 6.00e-05/3.00e-05 | cuda_peak(alloc/resv) 21.77/28.18GB | phase(train/val/raw/train_eval) 2.3/0.5/0.5/0.8s | 4.1s
2026-08-28 20:53:08 | Epoch 026/060 | loss 4.0078 | cls 2.5115 | tal 0.0263 | dual_g 1.4884 | dual_d 0.7771 | train_acc 0.6848 | train_full n/a | val_acc 0.9189 | val_f1 0.9299 | adv/moduleC 0.90/1.00 | disc_steps 1 | grad(main/disc) 9.342/1.510 | lr(main/disc) 6.00e-05/3.00e-05 | cuda_peak(alloc/resv) 21.77/28.18GB | phase(train/val/raw/train_eval) 2.6/0.5/0.0/0.0s | 3.1s
2026-08-28 20:53:12 | Epoch 027/060 | loss 4.0073 | cls 2.4638 | tal 0.0355 | dual_g 1.5330 | dual_d 0.7714 | train_acc 0.7065 | train_full n/a | val_acc 0.9189 | val_f1 0.9299 | adv/moduleC 0.95/1.00 | disc_steps 1 | grad(main/disc) 10.020/1.460 | lr(main/disc) 6.00e-05/3.00e-05 | cuda_peak(alloc/resv) 21.77/28.18GB | phase(train/val/raw/train_eval) 2.5/0.5/0.5/0.0s | 3.5s
2026-08-28 20:53:15 | New best val_f1_macro_present: raw=0.9299 stable_score=0.9299 at epoch 27
2026-08-28 20:53:18 | Epoch 028/060 | loss 3.8378 | cls 2.3378 | tal 0.0873 | dual_g 1.4738 | dual_d 0.8021 | train_acc 0.6793 | train_full n/a | val_acc 0.9189 | val_f1 0.9299 | adv/moduleC 1.00/1.00 | disc_steps 1 | grad(main/disc) 9.563/1.559 | lr(main/disc) 6.00e-05/3.00e-05 | cuda_peak(alloc/resv) 21.77/28.18GB | phase(train/val/raw/train_eval) 2.8/0.5/0.0/0.0s | 3.3s
2026-08-28 20:53:21 | Epoch 029/060 | loss 3.7728 | cls 2.3420 | tal 0.0835 | dual_g 1.4057 | dual_d 0.7602 | train_acc 0.7120 | train_full n/a | val_acc 0.9189 | val_f1 0.9299 | adv/moduleC 1.00/1.00 | disc_steps 1 | grad(main/disc) 9.164/1.442 | lr(main/disc) 6.00e-05/3.00e-05 | cuda_peak(alloc/resv) 21.77/28.18GB | phase(train/val/raw/train_eval) 2.5/0.5/0.0/0.0s | 3.0s
2026-08-28 20:53:25 | Epoch 030/060 | loss 3.8904 | cls 2.4212 | tal 0.0417 | dual_g 1.4567 | dual_d 0.7527 | train_acc 0.6902 | train_full 0.9242 | val_acc 0.9459 | val_f1 0.9616 | adv/moduleC 1.00/1.00 | disc_steps 1 | grad(main/disc) 14.468/1.434 | lr(main/disc) 6.00e-05/3.00e-05 | cuda_peak(alloc/resv) 21.77/28.18GB | phase(train/val/raw/train_eval) 2.4/0.5/0.5/0.8s | 4.2s
2026-08-28 20:53:29 | Epoch 031/060 | loss 3.7050 | cls 2.2700 | tal 0.1037 | dual_g 1.4038 | dual_d 0.7701 | train_acc 0.7446 | train_full n/a | val_acc 0.8919 | val_f1 0.8806 | adv/moduleC 1.00/1.00 | disc_steps 1 | grad(main/disc) 10.881/1.436 | lr(main/disc) 6.00e-05/3.00e-05 | cuda_peak(alloc/resv) 21.77/28.18GB | phase(train/val/raw/train_eval) 3.0/0.5/0.0/0.0s | 3.5s
2026-08-28 20:53:32 | Epoch 032/060 | loss 3.8009 | cls 2.3074 | tal 0.1326 | dual_g 1.4538 | dual_d 0.7887 | train_acc 0.7391 | train_full n/a | val_acc 0.9189 | val_f1 0.9261 | adv/moduleC 1.00/1.00 | disc_steps 1 | grad(main/disc) 9.868/1.446 | lr(main/disc) 6.00e-05/3.00e-05 | cuda_peak(alloc/resv) 21.77/28.18GB | phase(train/val/raw/train_eval) 2.7/0.5/0.0/0.0s | 3.2s
2026-08-28 20:53:35 | Epoch 033/060 | loss 3.7042 | cls 2.2651 | tal 0.2071 | dual_g 1.3769 | dual_d 0.8092 | train_acc 0.7337 | train_full n/a | val_acc 0.9189 | val_f1 0.9261 | adv/moduleC 1.00/1.00 | disc_steps 1 | grad(main/disc) 10.379/1.469 | lr(main/disc) 6.00e-05/3.00e-05 | cuda_peak(alloc/resv) 21.77/28.18GB | phase(train/val/raw/train_eval) 2.7/0.5/0.0/0.0s | 3.2s
2026-08-28 20:53:38 | Epoch 034/060 | loss 3.5481 | cls 2.1498 | tal 0.1783 | dual_g 1.3448 | dual_d 0.7730 | train_acc 0.8043 | train_full n/a | val_acc 0.9189 | val_f1 0.9261 | adv/moduleC 1.00/1.00 | disc_steps 1 | grad(main/disc) 9.622/1.434 | lr(main/disc) 6.00e-05/3.00e-05 | cuda_peak(alloc/resv) 21.77/28.18GB | phase(train/val/raw/train_eval) 2.4/0.5/0.0/0.0s | 2.9s
2026-08-28 20:53:42 | Epoch 035/060 | loss 3.6140 | cls 2.2194 | tal 0.1599 | dual_g 1.3467 | dual_d 0.7564 | train_acc 0.7120 | train_full 0.9773 | val_acc 0.9189 | val_f1 0.9261 | adv/moduleC 1.00/1.00 | disc_steps 1 | grad(main/disc) 9.646/1.449 | lr(main/disc) 6.00e-05/3.00e-05 | cuda_peak(alloc/resv) 21.77/28.18GB | phase(train/val/raw/train_eval) 2.6/0.5/0.5/0.8s | 4.4s
2026-08-28 20:53:46 | Epoch 036/060 | loss 3.4288 | cls 2.0989 | tal 0.0172 | dual_g 1.3247 | dual_d 0.7525 | train_acc 0.8261 | train_full n/a | val_acc 0.9189 | val_f1 0.9261 | adv/moduleC 1.00/1.00 | disc_steps 1 | grad(main/disc) 10.309/1.357 | lr(main/disc) 6.00e-05/3.00e-05 | cuda_peak(alloc/resv) 21.77/28.18GB | phase(train/val/raw/train_eval) 2.7/0.5/0.0/0.0s | 3.2s
2026-08-28 20:53:49 | Epoch 037/060 | loss 3.5766 | cls 2.2082 | tal -0.0296 | dual_g 1.3773 | dual_d 0.7750 | train_acc 0.8261 | train_full n/a | val_acc 0.9189 | val_f1 0.9261 | adv/moduleC 1.00/1.00 | disc_steps 1 | grad(main/disc) 10.375/1.399 | lr(main/disc) 6.00e-05/3.00e-05 | cuda_peak(alloc/resv) 21.77/28.18GB | phase(train/val/raw/train_eval) 2.9/0.5/0.0/0.0s | 3.5s
2026-08-28 20:53:52 | Epoch 038/060 | loss 3.5141 | cls 2.1919 | tal -0.0699 | dual_g 1.3431 | dual_d 0.7647 | train_acc 0.7337 | train_full n/a | val_acc 0.9189 | val_f1 0.9261 | adv/moduleC 1.00/1.00 | disc_steps 1 | grad(main/disc) 12.018/1.361 | lr(main/disc) 3.00e-05/1.50e-05 | cuda_peak(alloc/resv) 21.77/28.18GB | phase(train/val/raw/train_eval) 2.4/0.5/0.0/0.0s | 2.9s
2026-08-28 20:53:55 | Epoch 039/060 | loss 3.3332 | cls 2.0533 | tal -0.0098 | dual_g 1.2829 | dual_d 0.7787 | train_acc 0.8261 | train_full n/a | val_acc 0.9189 | val_f1 0.9261 | adv/moduleC 1.00/1.00 | disc_steps 1 | grad(main/disc) 10.491/1.412 | lr(main/disc) 3.00e-05/1.50e-05 | cuda_peak(alloc/resv) 21.77/28.18GB | phase(train/val/raw/train_eval) 2.6/0.5/0.0/0.0s | 3.1s
2026-08-28 20:53:59 | Epoch 040/060 | loss 3.3081 | cls 2.0068 | tal -0.0373 | dual_g 1.3125 | dual_d 0.7623 | train_acc 0.7989 | train_full 0.9773 | val_acc 0.9189 | val_f1 0.9261 | adv/moduleC 1.00/1.00 | disc_steps 1 | grad(main/disc) 8.880/1.373 | lr(main/disc) 3.00e-05/1.50e-05 | cuda_peak(alloc/resv) 21.77/28.18GB | phase(train/val/raw/train_eval) 2.3/0.5/0.5/0.8s | 4.1s
2026-08-28 20:54:02 | Epoch 041/060 | loss 3.2355 | cls 1.9572 | tal 0.0109 | dual_g 1.2750 | dual_d 0.7650 | train_acc 0.8098 | train_full n/a | val_acc 0.9189 | val_f1 0.9261 | adv/moduleC 1.00/1.00 | disc_steps 1 | grad(main/disc) 8.269/1.389 | lr(main/disc) 3.00e-05/1.50e-05 | cuda_peak(alloc/resv) 21.77/28.18GB | phase(train/val/raw/train_eval) 2.7/0.5/0.0/0.0s | 3.2s
2026-08-28 20:54:05 | Epoch 042/060 | loss 3.3189 | cls 2.0241 | tal -0.0585 | dual_g 1.3123 | dual_d 0.7828 | train_acc 0.8207 | train_full n/a | val_acc 0.9459 | val_f1 0.9578 | adv/moduleC 1.00/1.00 | disc_steps 1 | grad(main/disc) 10.550/1.405 | lr(main/disc) 3.00e-05/1.50e-05 | cuda_peak(alloc/resv) 21.77/28.18GB | phase(train/val/raw/train_eval) 2.3/0.5/0.0/0.0s | 2.8s
2026-08-28 20:54:05 | Early stopping at epoch 42 after 15 epochs without val_f1_macro_present improvement.
2026-08-28 20:54:05 | Training complete. Peak validation accuracy: 0.9459 | selected val_f1_macro_present: 0.9299
