2026-08-21 22:11:55 | Starting Dual_D standalone training
2026-08-21 22:11:55 | Run directory: runs/module_c_ablation/module_c_no_paired_contrastive_雾天_iter01_20260821_184954
2026-08-21 22:11:55 | Device: cuda
2026-08-21 22:11:55 | Source train samples: 992
2026-08-21 22:11:55 | Target train samples: 507
2026-08-21 22:11:55 | Target val samples: 132
2026-08-21 22:11:55 | Classes: 14
2026-08-21 22:11:55 | Data audit: same_dir=False | path_overlap(vis/ir/ais)=0/0/0 | content_overlap(vis/ir/ais)=0/0/0 | ais_index_overlap=0 | stem_mismatch(vis-ir/vis-ais)=630/0
2026-08-21 22:11:55 | source_train classes: present 14/14 | absent 0 | counts [0:120, 1:44, 2:69, 3:45, 4:40, 5:30, 6:64, 7:80, 8:116, 9:68, 10:57, 11:83, 12:48, 13:128]
2026-08-21 22:11:55 | target_train classes: present 9/14 | absent 5 | counts [0:35, 1:18, 2:119, 6:110, 8:25, 9:50, 10:48, 12:9, 13:93]
2026-08-21 22:11:55 | target_val classes: present 9/14 | absent 5 | counts [0:9, 1:5, 2:30, 6:28, 8:7, 9:13, 10:13, 12:3, 13:24]
2026-08-21 22:11:55 | Paired training classes: 9/14 | class ids [0, 1, 2, 6, 8, 9, 10, 12, 13]
2026-08-21 22:11:55 | VIS/IR pairing: class-level-unpaired | count-mismatch classes train/val: 10/2 | AIS alignment: none | AIS rows train/val: 0/0
2026-08-21 22:11:55 | Model parameters: total=17277714 | trainable=17120210
2026-08-21 22:13:17 | Epoch 001/100 | loss 8.9897 | cls 4.7855 | tal 0.0087 | dual_g 4.2015 | dual_d 0.0000 | train_acc 0.1367 | train_full 0.2268 | val_acc 0.2045 | val_f1 0.1320 | grad(main/disc) 27.770/0.000 | lr(main/disc) 7.00e-05/3.50e-05 | 81.9s
2026-08-21 22:13:17 | New best val_f1_macro_present: 0.1320 at epoch 1
2026-08-21 22:14:35 | Epoch 002/100 | loss 7.1993 | cls 3.7974 | tal -0.0484 | dual_g 3.4165 | dual_d 0.0000 | train_acc 0.2383 | train_full 0.3886 | val_acc 0.3939 | val_f1 0.3644 | grad(main/disc) 22.416/0.000 | lr(main/disc) 7.00e-05/3.50e-05 | 77.3s
2026-08-21 22:14:35 | New best val_f1_macro_present: 0.3644 at epoch 2
2026-08-21 22:15:55 | Epoch 003/100 | loss 6.5523 | cls 3.4719 | tal -0.0838 | dual_g 3.1056 | dual_d 0.0000 | train_acc 0.2969 | train_full 0.4675 | val_acc 0.4394 | val_f1 0.4736 | grad(main/disc) 20.300/0.000 | lr(main/disc) 7.00e-05/3.50e-05 | 79.7s
2026-08-21 22:15:55 | New best val_f1_macro_present: 0.4736 at epoch 3
2026-08-21 22:17:17 | Epoch 004/100 | loss 6.0619 | cls 3.1878 | tal -0.0964 | dual_g 2.9030 | dual_d 0.0000 | train_acc 0.3613 | train_full 0.6134 | val_acc 0.5682 | val_f1 0.6127 | grad(main/disc) 19.847/0.000 | lr(main/disc) 7.00e-05/3.50e-05 | 82.3s
2026-08-21 22:17:18 | New best val_f1_macro_present: 0.6127 at epoch 4
2026-08-21 22:18:37 | Epoch 005/100 | loss 5.4748 | cls 2.8971 | tal -0.1297 | dual_g 2.6165 | dual_d 0.0000 | train_acc 0.4668 | train_full 0.6706 | val_acc 0.6364 | val_f1 0.6553 | grad(main/disc) 19.134/0.000 | lr(main/disc) 7.00e-05/3.50e-05 | 79.5s
2026-08-21 22:18:38 | New best val_f1_macro_present: 0.6553 at epoch 5
2026-08-21 22:19:56 | Epoch 006/100 | loss 4.9742 | cls 2.5561 | tal -0.1242 | dual_g 2.4553 | dual_d 0.9265 | train_acc 0.5527 | train_full 0.6746 | val_acc 0.6742 | val_f1 0.6946 | grad(main/disc) 19.285/1.989 | lr(main/disc) 7.00e-05/3.50e-05 | 78.6s
2026-08-21 22:19:56 | New best val_f1_macro_present: 0.6946 at epoch 6
2026-08-21 22:21:20 | Epoch 007/100 | loss 4.7216 | cls 2.4763 | tal -0.0950 | dual_g 2.2738 | dual_d 0.9136 | train_acc 0.5703 | train_full 0.8087 | val_acc 0.7652 | val_f1 0.7472 | grad(main/disc) 18.777/1.985 | lr(main/disc) 7.00e-05/3.50e-05 | 83.6s
2026-08-21 22:21:20 | New best val_f1_macro_present: 0.7472 at epoch 7
2026-08-21 22:22:42 | Epoch 008/100 | loss 4.5029 | cls 2.3481 | tal -0.1555 | dual_g 2.2015 | dual_d 0.8319 | train_acc 0.6426 | train_full 0.7673 | val_acc 0.7197 | val_f1 0.7173 | grad(main/disc) 20.075/1.852 | lr(main/disc) 7.00e-05/3.50e-05 | 81.4s
2026-08-21 22:24:06 | Epoch 009/100 | loss 4.1730 | cls 2.1677 | tal -0.1292 | dual_g 2.0441 | dual_d 0.8172 | train_acc 0.6719 | train_full 0.7968 | val_acc 0.7803 | val_f1 0.7865 | grad(main/disc) 18.810/1.789 | lr(main/disc) 7.00e-05/3.50e-05 | 83.7s
2026-08-21 22:24:06 | New best val_f1_macro_present: 0.7865 at epoch 9
2026-08-21 22:25:29 | Epoch 010/100 | loss 3.9606 | cls 2.0601 | tal -0.0825 | dual_g 1.9253 | dual_d 0.7840 | train_acc 0.7305 | train_full 0.8540 | val_acc 0.8258 | val_f1 0.8252 | grad(main/disc) 17.186/1.759 | lr(main/disc) 7.00e-05/3.50e-05 | 82.8s
2026-08-21 22:25:29 | New best val_f1_macro_present: 0.8252 at epoch 10
2026-08-21 22:26:48 | Epoch 011/100 | loss 3.6992 | cls 1.8939 | tal -0.0862 | dual_g 1.8312 | dual_d 0.7516 | train_acc 0.7793 | train_full 0.9132 | val_acc 0.8788 | val_f1 0.8561 | grad(main/disc) 16.600/1.703 | lr(main/disc) 7.00e-05/3.50e-05 | 78.9s
2026-08-21 22:26:48 | New best val_f1_macro_present: 0.8561 at epoch 11
2026-08-21 22:28:13 | Epoch 012/100 | loss 3.5381 | cls 1.7943 | tal -0.0952 | dual_g 1.7724 | dual_d 0.7770 | train_acc 0.8047 | train_full 0.8856 | val_acc 0.8106 | val_f1 0.7957 | grad(main/disc) 16.589/1.652 | lr(main/disc) 7.00e-05/3.50e-05 | 84.3s
2026-08-21 22:29:33 | Epoch 013/100 | loss 3.4013 | cls 1.7454 | tal -0.1115 | dual_g 1.6893 | dual_d 0.7385 | train_acc 0.8281 | train_full 0.9172 | val_acc 0.9091 | val_f1 0.9043 | grad(main/disc) 15.879/1.593 | lr(main/disc) 7.00e-05/3.50e-05 | 80.2s
2026-08-21 22:29:33 | New best val_f1_macro_present: 0.9043 at epoch 13
2026-08-21 22:30:55 | Epoch 014/100 | loss 3.2726 | cls 1.6730 | tal -0.1219 | dual_g 1.6362 | dual_d 0.7545 | train_acc 0.8359 | train_full 0.9152 | val_acc 0.8788 | val_f1 0.8777 | grad(main/disc) 14.886/1.601 | lr(main/disc) 7.00e-05/3.50e-05 | 82.2s
2026-08-21 22:32:18 | Epoch 015/100 | loss 3.1561 | cls 1.6143 | tal -0.1127 | dual_g 1.5756 | dual_d 0.7410 | train_acc 0.8828 | train_full 0.9527 | val_acc 0.9394 | val_f1 0.9316 | grad(main/disc) 14.790/1.567 | lr(main/disc) 7.00e-05/3.50e-05 | 82.8s
2026-08-21 22:32:18 | New best val_f1_macro_present: 0.9316 at epoch 15
2026-08-21 22:33:40 | Epoch 016/100 | loss 3.0296 | cls 1.5311 | tal -0.0977 | dual_g 1.5277 | dual_d 0.7229 | train_acc 0.9062 | train_full 0.9389 | val_acc 0.9167 | val_f1 0.9101 | grad(main/disc) 13.037/1.537 | lr(main/disc) 7.00e-05/3.50e-05 | 81.7s
2026-08-21 22:34:58 | Epoch 017/100 | loss 3.0667 | cls 1.5906 | tal -0.1120 | dual_g 1.5097 | dual_d 0.7611 | train_acc 0.9082 | train_full 0.9744 | val_acc 0.9470 | val_f1 0.9101 | grad(main/disc) 13.727/1.559 | lr(main/disc) 7.00e-05/3.50e-05 | 78.2s
2026-08-21 22:36:21 | Epoch 018/100 | loss 2.9691 | cls 1.5318 | tal -0.1208 | dual_g 1.4735 | dual_d 0.7292 | train_acc 0.9277 | train_full 0.9665 | val_acc 0.9394 | val_f1 0.9238 | grad(main/disc) 13.544/1.477 | lr(main/disc) 7.00e-05/3.50e-05 | 82.9s
2026-08-21 22:37:42 | Epoch 019/100 | loss 2.9120 | cls 1.4892 | tal -0.0807 | dual_g 1.4471 | dual_d 0.7496 | train_acc 0.9355 | train_full 0.9625 | val_acc 0.9621 | val_f1 0.9549 | grad(main/disc) 12.273/1.476 | lr(main/disc) 7.00e-05/3.50e-05 | 80.5s
2026-08-21 22:37:42 | New best val_f1_macro_present: 0.9549 at epoch 19
2026-08-21 22:39:03 | Epoch 020/100 | loss 2.8555 | cls 1.4594 | tal -0.0337 | dual_g 1.4061 | dual_d 0.7884 | train_acc 0.9277 | train_full 0.9645 | val_acc 0.9470 | val_f1 0.9360 | grad(main/disc) 10.607/1.520 | lr(main/disc) 7.00e-05/3.50e-05 | 81.4s
2026-08-21 22:40:22 | Epoch 021/100 | loss 2.8345 | cls 1.4488 | tal -0.0636 | dual_g 1.4048 | dual_d 0.7858 | train_acc 0.9473 | train_full 0.9724 | val_acc 0.9621 | val_f1 0.9483 | grad(main/disc) 11.368/1.504 | lr(main/disc) 7.00e-05/3.50e-05 | 78.7s
2026-08-21 22:41:42 | Epoch 022/100 | loss 2.7783 | cls 1.4262 | tal -0.0787 | dual_g 1.3757 | dual_d 0.8204 | train_acc 0.9473 | train_full 0.9744 | val_acc 0.9621 | val_f1 0.9483 | grad(main/disc) 10.248/1.541 | lr(main/disc) 7.00e-05/3.50e-05 | 80.1s
2026-08-21 22:43:05 | Epoch 023/100 | loss 2.7477 | cls 1.4222 | tal -0.1656 | dual_g 1.3752 | dual_d 0.8320 | train_acc 0.9551 | train_full 0.9783 | val_acc 0.9697 | val_f1 0.9717 | grad(main/disc) 10.153/1.521 | lr(main/disc) 7.00e-05/3.50e-05 | 82.2s
2026-08-21 22:43:05 | New best val_f1_macro_present: 0.9717 at epoch 23
2026-08-21 22:44:25 | Epoch 024/100 | loss 2.6895 | cls 1.3984 | tal -0.1855 | dual_g 1.3468 | dual_d 0.8764 | train_acc 0.9551 | train_full 0.9822 | val_acc 0.9773 | val_f1 0.9735 | grad(main/disc) 10.126/1.532 | lr(main/disc) 7.00e-05/3.50e-05 | 80.1s
2026-08-21 22:44:25 | New best val_f1_macro_present: 0.9735 at epoch 24
2026-08-21 22:45:44 | Epoch 025/100 | loss 2.7024 | cls 1.3803 | tal -0.0810 | dual_g 1.3464 | dual_d 0.8393 | train_acc 0.9668 | train_full 0.9921 | val_acc 0.9773 | val_f1 0.9709 | grad(main/disc) 8.734/1.463 | lr(main/disc) 7.00e-05/3.50e-05 | 78.3s
2026-08-21 22:47:03 | Epoch 026/100 | loss 2.6917 | cls 1.3966 | tal -0.1530 | dual_g 1.3410 | dual_d 0.9079 | train_acc 0.9492 | train_full 0.9842 | val_acc 0.9848 | val_f1 0.9830 | grad(main/disc) 9.890/1.566 | lr(main/disc) 7.00e-05/3.50e-05 | 79.1s
2026-08-21 22:47:03 | New best val_f1_macro_present: 0.9830 at epoch 26
2026-08-21 22:48:22 | Epoch 027/100 | loss 2.6425 | cls 1.3615 | tal -0.1649 | dual_g 1.3305 | dual_d 0.8955 | train_acc 0.9648 | train_full 0.9901 | val_acc 0.9773 | val_f1 0.9685 | grad(main/disc) 8.483/1.498 | lr(main/disc) 7.00e-05/3.50e-05 | 78.7s
2026-08-21 22:49:43 | Epoch 028/100 | loss 2.5714 | cls 1.3328 | tal -0.1501 | dual_g 1.2837 | dual_d 0.9449 | train_acc 0.9746 | train_full 0.9961 | val_acc 0.9924 | val_f1 0.9892 | grad(main/disc) 7.039/1.570 | lr(main/disc) 7.00e-05/3.50e-05 | 81.0s
2026-08-21 22:49:43 | New best val_f1_macro_present: 0.9892 at epoch 28
2026-08-21 22:51:03 | Epoch 029/100 | loss 2.5583 | cls 1.3272 | tal -0.1734 | dual_g 1.2831 | dual_d 1.0029 | train_acc 0.9785 | train_full 0.9882 | val_acc 0.9773 | val_f1 0.9773 | grad(main/disc) 7.715/1.584 | lr(main/disc) 7.00e-05/3.50e-05 | 79.9s
2026-08-21 22:52:25 | Epoch 030/100 | loss 2.5575 | cls 1.3442 | tal -0.2418 | dual_g 1.2859 | dual_d 0.9714 | train_acc 0.9668 | train_full 0.9901 | val_acc 0.9773 | val_f1 0.9709 | grad(main/disc) 8.083/1.549 | lr(main/disc) 7.00e-05/3.50e-05 | 81.5s
2026-08-21 22:53:44 | Epoch 031/100 | loss 2.5444 | cls 1.3206 | tal -0.1648 | dual_g 1.2733 | dual_d 0.9771 | train_acc 0.9824 | train_full 0.9901 | val_acc 0.9848 | val_f1 0.9830 | grad(main/disc) 7.770/1.515 | lr(main/disc) 7.00e-05/3.50e-05 | 79.0s
2026-08-21 22:55:06 | Epoch 032/100 | loss 2.4864 | cls 1.2937 | tal -0.1546 | dual_g 1.2391 | dual_d 1.0319 | train_acc 0.9805 | train_full 0.9980 | val_acc 0.9848 | val_f1 0.9850 | grad(main/disc) 6.116/1.544 | lr(main/disc) 7.00e-05/3.50e-05 | 82.1s
2026-08-21 22:56:30 | Epoch 033/100 | loss 2.5165 | cls 1.3021 | tal -0.1533 | dual_g 1.2604 | dual_d 0.9611 | train_acc 0.9824 | train_full 0.9980 | val_acc 0.9621 | val_f1 0.9610 | grad(main/disc) 6.658/1.466 | lr(main/disc) 7.00e-05/3.50e-05 | 84.1s
2026-08-21 22:57:50 | Epoch 034/100 | loss 2.4595 | cls 1.2919 | tal -0.2080 | dual_g 1.2299 | dual_d 0.9927 | train_acc 0.9824 | train_full 0.9980 | val_acc 0.9848 | val_f1 0.9830 | grad(main/disc) 6.154/1.490 | lr(main/disc) 7.00e-05/3.50e-05 | 80.2s
2026-08-21 22:59:13 | Epoch 035/100 | loss 2.4252 | cls 1.2834 | tal -0.2127 | dual_g 1.2056 | dual_d 1.0498 | train_acc 0.9941 | train_full 0.9961 | val_acc 0.9773 | val_f1 0.9773 | grad(main/disc) 5.828/1.562 | lr(main/disc) 3.50e-05/1.75e-05 | 83.3s
2026-08-21 23:00:33 | Epoch 036/100 | loss 2.3994 | cls 1.2647 | tal -0.2318 | dual_g 1.2043 | dual_d 1.0034 | train_acc 0.9961 | train_full 0.9980 | val_acc 0.9848 | val_f1 0.9832 | grad(main/disc) 5.405/1.501 | lr(main/disc) 3.50e-05/1.75e-05 | 80.1s
2026-08-21 23:01:54 | Epoch 037/100 | loss 2.4473 | cls 1.2847 | tal -0.1691 | dual_g 1.2133 | dual_d 1.0007 | train_acc 0.9824 | train_full 0.9980 | val_acc 0.9697 | val_f1 0.9652 | grad(main/disc) 6.175/1.497 | lr(main/disc) 3.50e-05/1.75e-05 | 80.9s
2026-08-21 23:01:54 | Early stopping at epoch 37 after 9 epochs without val_f1_macro_present improvement.
2026-08-21 23:01:54 | Training complete. Best validation accuracy: 0.9924 | best val_f1_macro_present: 0.9892
