2026-08-27 17:02:02 | Starting Dual_D standalone training
2026-08-27 17:02:02 | Run directory: runs/module_c_ablation_60_v5/module_c_20260827_121947/module_c_no_classification_feedback_雾天_20260827_162556
2026-08-27 17:02:02 | Device: cuda
2026-08-27 17:02:02 | Source train samples: 992
2026-08-27 17:02:02 | Target train samples: 507
2026-08-27 17:02:02 | Target val samples: 132
2026-08-27 17:02:02 | Classes: 14
2026-08-27 17:02:02 | Data audit: same_dir=False | path_overlap(vis/ir/ais)=0/0/0 | content_overlap(vis/ir/ais)=0/0/0 | ais_index_overlap=0 | stem_mismatch(vis-ir/vis-ais)=630/0
2026-08-27 17:02:02 | source_train classes: present 14/14 | absent 0 | counts [0:120, 1:44, 2:69, 3:45, 4:40, 5:30, 6:64, 7:80, 8:116, 9:68, 10:57, 11:83, 12:48, 13:128]
2026-08-27 17:02:02 | target_train classes: present 9/14 | absent 5 | counts [0:35, 1:18, 2:119, 6:110, 8:25, 9:50, 10:48, 12:9, 13:93]
2026-08-27 17:02:02 | target_val classes: present 9/14 | absent 5 | counts [0:9, 1:5, 2:30, 6:28, 8:7, 9:13, 10:13, 12:3, 13:24]
2026-08-27 17:02:02 | Paired training classes: 9/14 | class ids [0, 1, 2, 6, 8, 9, 10, 12, 13]
2026-08-27 17:02:02 | Runtime profile: batch=92 | paired_steps=6 | workers=16 | train_eval_every=5 | raw_eval_every=5 | early_stop=15 after min_epoch=48
2026-08-27 17:02:02 | VIS/IR pairing: class-level-unpaired | count-mismatch classes train/val: 10/2 | AIS alignment: none | AIS rows train/val: 0/0
2026-08-27 17:02:03 | Model parameters: total=17277714 | trainable=17120210
2026-08-27 17:02:09 | Epoch 001/060 | loss 5.4168 | cls 5.4167 | tal 0.0004 | dual_g 0.0000 | dual_d 0.0000 | train_acc 0.0743 | train_full 0.0197 | val_acc 0.0303 | val_f1 0.0199 | adv/moduleC 0.00/0.00 | disc_steps 0 | grad(main/disc) 14.362/0.000 | lr(main/disc) 7.00e-05/3.50e-05 | cuda_peak(alloc/resv) 21.77/28.19GB | phase(train/val/raw/train_eval) 3.6/0.7/0.8/1.0s | 6.1s
2026-08-27 17:02:12 | New best val_f1_macro_present: 0.0199 at epoch 1
2026-08-27 17:02:16 | Epoch 002/060 | loss 4.4359 | cls 4.4398 | tal -0.0131 | dual_g 0.0000 | dual_d 0.0000 | train_acc 0.1522 | train_full n/a | val_acc 0.0758 | val_f1 0.0286 | adv/moduleC 0.00/0.00 | disc_steps 0 | grad(main/disc) 11.431/0.000 | lr(main/disc) 7.00e-05/3.50e-05 | cuda_peak(alloc/resv) 21.77/28.19GB | phase(train/val/raw/train_eval) 3.1/0.7/0.7/0.0s | 4.6s
2026-08-27 17:02:20 | New best val_f1_macro_present: 0.0286 at epoch 2
2026-08-27 17:02:24 | Epoch 003/060 | loss 4.0102 | cls 4.0264 | tal -0.0541 | dual_g 0.0000 | dual_d 0.0000 | train_acc 0.1920 | train_full n/a | val_acc 0.1894 | val_f1 0.1581 | adv/moduleC 0.00/0.00 | disc_steps 0 | grad(main/disc) 9.902/0.000 | lr(main/disc) 7.00e-05/3.50e-05 | cuda_peak(alloc/resv) 21.77/28.19GB | phase(train/val/raw/train_eval) 3.0/0.7/0.7/0.0s | 4.5s
2026-08-27 17:02:27 | New best val_f1_macro_present: 0.1581 at epoch 3
2026-08-27 17:02:32 | Epoch 004/060 | loss 3.6237 | cls 3.6462 | tal -0.0751 | dual_g 0.0000 | dual_d 0.0000 | train_acc 0.2192 | train_full n/a | val_acc 0.2652 | val_f1 0.2070 | adv/moduleC 0.00/0.00 | disc_steps 0 | grad(main/disc) 9.044/0.000 | lr(main/disc) 7.00e-05/3.50e-05 | cuda_peak(alloc/resv) 21.77/28.19GB | phase(train/val/raw/train_eval) 3.3/0.7/0.7/0.0s | 4.8s
2026-08-27 17:02:35 | New best val_f1_macro_present: 0.2070 at epoch 4
2026-08-27 17:02:41 | Epoch 005/060 | loss 3.4200 | cls 3.4494 | tal -0.0977 | dual_g 0.0000 | dual_d 0.0000 | train_acc 0.2609 | train_full 0.4043 | val_acc 0.4318 | val_f1 0.3644 | adv/moduleC 0.00/0.00 | disc_steps 0 | grad(main/disc) 8.694/0.000 | lr(main/disc) 7.00e-05/3.50e-05 | cuda_peak(alloc/resv) 21.77/28.19GB | phase(train/val/raw/train_eval) 3.5/0.7/0.7/1.0s | 5.9s
2026-08-27 17:02:44 | New best val_f1_macro_present: 0.3644 at epoch 5
2026-08-27 17:02:48 | Epoch 006/060 | loss 3.2954 | cls 3.3076 | tal -0.1652 | dual_g 0.0374 | dual_d 0.8374 | train_acc 0.3007 | train_full n/a | val_acc 0.4394 | val_f1 0.3483 | adv/moduleC 0.05/0.10 | disc_steps 3 | grad(main/disc) 8.582/1.723 | lr(main/disc) 7.00e-05/3.50e-05 | cuda_peak(alloc/resv) 21.77/28.19GB | phase(train/val/raw/train_eval) 3.6/0.7/0.0/0.0s | 4.3s
2026-08-27 17:02:53 | Epoch 007/060 | loss 3.1232 | cls 3.0987 | tal -0.1620 | dual_g 0.0731 | dual_d 0.8067 | train_acc 0.3424 | train_full n/a | val_acc 0.4848 | val_f1 0.4673 | adv/moduleC 0.10/0.20 | disc_steps 3 | grad(main/disc) 8.355/1.681 | lr(main/disc) 7.00e-05/3.50e-05 | cuda_peak(alloc/resv) 21.77/28.19GB | phase(train/val/raw/train_eval) 3.1/0.7/0.7/0.0s | 4.5s
2026-08-27 17:02:56 | New best val_f1_macro_present: 0.4673 at epoch 7
2026-08-27 17:03:00 | Epoch 008/060 | loss 3.0331 | cls 2.9784 | tal -0.1678 | dual_g 0.1051 | dual_d 0.8112 | train_acc 0.3750 | train_full n/a | val_acc 0.5985 | val_f1 0.5814 | adv/moduleC 0.15/0.30 | disc_steps 3 | grad(main/disc) 8.105/1.621 | lr(main/disc) 7.00e-05/3.50e-05 | cuda_peak(alloc/resv) 21.77/28.19GB | phase(train/val/raw/train_eval) 3.2/0.7/0.7/0.0s | 4.7s
2026-08-27 17:03:03 | New best val_f1_macro_present: 0.5814 at epoch 8
2026-08-27 17:03:08 | Epoch 009/060 | loss 2.8198 | cls 2.7437 | tal -0.1942 | dual_g 0.1343 | dual_d 0.7997 | train_acc 0.4583 | train_full n/a | val_acc 0.6742 | val_f1 0.6809 | adv/moduleC 0.20/0.40 | disc_steps 3 | grad(main/disc) 8.147/1.604 | lr(main/disc) 7.00e-05/3.50e-05 | cuda_peak(alloc/resv) 21.77/28.19GB | phase(train/val/raw/train_eval) 3.3/0.7/0.7/0.0s | 4.7s
2026-08-27 17:03:11 | New best val_f1_macro_present: 0.6809 at epoch 9
2026-08-27 17:03:17 | Epoch 010/060 | loss 2.8520 | cls 2.7521 | tal -0.2100 | dual_g 0.1629 | dual_d 0.8288 | train_acc 0.4457 | train_full 0.7041 | val_acc 0.6212 | val_f1 0.6348 | adv/moduleC 0.25/0.50 | disc_steps 3 | grad(main/disc) 9.365/1.657 | lr(main/disc) 7.00e-05/3.50e-05 | cuda_peak(alloc/resv) 21.77/28.19GB | phase(train/val/raw/train_eval) 3.2/0.7/0.7/1.0s | 5.7s
2026-08-27 17:03:21 | Epoch 011/060 | loss 2.7054 | cls 2.5845 | tal -0.2275 | dual_g 0.1892 | dual_d 0.8477 | train_acc 0.4601 | train_full n/a | val_acc 0.6742 | val_f1 0.6331 | adv/moduleC 0.30/0.60 | disc_steps 3 | grad(main/disc) 9.844/1.652 | lr(main/disc) 7.00e-05/3.50e-05 | cuda_peak(alloc/resv) 21.77/28.19GB | phase(train/val/raw/train_eval) 3.3/0.7/0.0/0.0s | 4.0s
2026-08-27 17:03:25 | Epoch 012/060 | loss 2.6584 | cls 2.5107 | tal -0.2269 | dual_g 0.2158 | dual_d 0.8687 | train_acc 0.5471 | train_full n/a | val_acc 0.5606 | val_f1 0.5564 | adv/moduleC 0.35/0.70 | disc_steps 3 | grad(main/disc) 8.684/1.690 | lr(main/disc) 7.00e-05/3.50e-05 | cuda_peak(alloc/resv) 21.77/28.19GB | phase(train/val/raw/train_eval) 3.4/0.7/0.0/0.0s | 4.1s
2026-08-27 17:03:29 | Epoch 013/060 | loss 2.5960 | cls 2.4189 | tal -0.2152 | dual_g 0.2416 | dual_d 0.8386 | train_acc 0.5254 | train_full n/a | val_acc 0.6970 | val_f1 0.6729 | adv/moduleC 0.40/0.80 | disc_steps 3 | grad(main/disc) 10.124/1.565 | lr(main/disc) 7.00e-05/3.50e-05 | cuda_peak(alloc/resv) 21.77/28.19GB | phase(train/val/raw/train_eval) 3.2/0.7/0.0/0.0s | 3.9s
2026-08-27 17:03:33 | Epoch 014/060 | loss 2.5094 | cls 2.3053 | tal -0.2037 | dual_g 0.2652 | dual_d 0.8626 | train_acc 0.5942 | train_full n/a | val_acc 0.6288 | val_f1 0.6590 | adv/moduleC 0.45/0.90 | disc_steps 3 | grad(main/disc) 8.741/1.572 | lr(main/disc) 7.00e-05/3.50e-05 | cuda_peak(alloc/resv) 21.77/28.19GB | phase(train/val/raw/train_eval) 3.3/0.7/0.0/0.0s | 4.1s
2026-08-27 17:03:39 | Epoch 015/060 | loss 2.4408 | cls 2.2128 | tal -0.1897 | dual_g 0.2849 | dual_d 0.9026 | train_acc 0.5815 | train_full 0.7337 | val_acc 0.6667 | val_f1 0.6345 | adv/moduleC 0.50/1.00 | disc_steps 3 | grad(main/disc) 8.661/1.620 | lr(main/disc) 7.00e-05/3.50e-05 | cuda_peak(alloc/resv) 21.77/28.19GB | phase(train/val/raw/train_eval) 3.4/0.7/0.7/1.0s | 5.7s
2026-08-27 17:03:43 | Epoch 016/060 | loss 2.3533 | cls 2.1394 | tal -0.2197 | dual_g 0.2798 | dual_d 0.8975 | train_acc 0.6576 | train_full n/a | val_acc 0.8182 | val_f1 0.8008 | adv/moduleC 0.55/1.00 | disc_steps 3 | grad(main/disc) 9.125/1.612 | lr(main/disc) 7.00e-05/3.50e-05 | cuda_peak(alloc/resv) 21.77/28.19GB | phase(train/val/raw/train_eval) 3.2/0.7/0.7/0.0s | 4.7s
2026-08-27 17:03:46 | New best val_f1_macro_present: 0.8008 at epoch 16
2026-08-27 17:03:51 | Epoch 017/060 | loss 2.2757 | cls 2.0782 | tal -0.2659 | dual_g 0.2773 | dual_d 0.8828 | train_acc 0.7210 | train_full n/a | val_acc 0.8333 | val_f1 0.8147 | adv/moduleC 0.60/1.00 | disc_steps 3 | grad(main/disc) 9.049/1.609 | lr(main/disc) 7.00e-05/3.50e-05 | cuda_peak(alloc/resv) 21.77/28.19GB | phase(train/val/raw/train_eval) 3.3/0.7/0.7/0.0s | 4.8s
2026-08-27 17:03:54 | New best val_f1_macro_present: 0.8147 at epoch 17
2026-08-27 17:03:58 | Epoch 018/060 | loss 2.1378 | cls 1.9335 | tal -0.2250 | dual_g 0.2718 | dual_d 0.9260 | train_acc 0.7572 | train_full n/a | val_acc 0.8030 | val_f1 0.7752 | adv/moduleC 0.65/1.00 | disc_steps 3 | grad(main/disc) 8.989/1.560 | lr(main/disc) 7.00e-05/3.50e-05 | cuda_peak(alloc/resv) 21.77/28.19GB | phase(train/val/raw/train_eval) 3.1/0.7/0.0/0.0s | 3.8s
2026-08-27 17:04:02 | Epoch 019/060 | loss 2.1522 | cls 1.9265 | tal -0.1471 | dual_g 0.2699 | dual_d 0.8951 | train_acc 0.7283 | train_full n/a | val_acc 0.8106 | val_f1 0.7914 | adv/moduleC 0.70/1.00 | disc_steps 3 | grad(main/disc) 9.412/1.565 | lr(main/disc) 7.00e-05/3.50e-05 | cuda_peak(alloc/resv) 21.77/28.19GB | phase(train/val/raw/train_eval) 3.2/0.7/0.0/0.0s | 3.9s
2026-08-27 17:04:08 | Epoch 020/060 | loss 2.0957 | cls 1.8659 | tal -0.1211 | dual_g 0.2662 | dual_d 0.9208 | train_acc 0.7754 | train_full 0.8679 | val_acc 0.8409 | val_f1 0.8263 | adv/moduleC 0.75/1.00 | disc_steps 3 | grad(main/disc) 8.780/1.513 | lr(main/disc) 7.00e-05/3.50e-05 | cuda_peak(alloc/resv) 21.77/28.19GB | phase(train/val/raw/train_eval) 3.2/0.7/0.7/1.0s | 5.6s
2026-08-27 17:04:11 | New best val_f1_macro_present: 0.8263 at epoch 20
2026-08-27 17:04:15 | Epoch 021/060 | loss 2.0377 | cls 1.8022 | tal -0.0900 | dual_g 0.2624 | dual_d 0.9316 | train_acc 0.7862 | train_full n/a | val_acc 0.8333 | val_f1 0.8179 | adv/moduleC 0.80/1.00 | disc_steps 3 | grad(main/disc) 8.863/1.604 | lr(main/disc) 7.00e-05/3.50e-05 | cuda_peak(alloc/resv) 21.77/28.19GB | phase(train/val/raw/train_eval) 3.4/0.7/0.0/0.0s | 4.1s
2026-08-27 17:04:19 | Epoch 022/060 | loss 2.0369 | cls 1.7902 | tal -0.0424 | dual_g 0.2594 | dual_d 0.9709 | train_acc 0.7844 | train_full n/a | val_acc 0.8258 | val_f1 0.8171 | adv/moduleC 0.85/1.00 | disc_steps 3 | grad(main/disc) 9.196/1.591 | lr(main/disc) 7.00e-05/3.50e-05 | cuda_peak(alloc/resv) 21.77/28.19GB | phase(train/val/raw/train_eval) 3.1/0.7/0.0/0.0s | 3.9s
2026-08-27 17:04:23 | Epoch 023/060 | loss 2.0005 | cls 1.7673 | tal -0.0843 | dual_g 0.2585 | dual_d 0.9733 | train_acc 0.8261 | train_full n/a | val_acc 0.8485 | val_f1 0.8381 | adv/moduleC 0.90/1.00 | disc_steps 3 | grad(main/disc) 7.997/1.535 | lr(main/disc) 7.00e-05/3.50e-05 | cuda_peak(alloc/resv) 21.77/28.19GB | phase(train/val/raw/train_eval) 3.2/0.7/0.7/0.0s | 4.6s
2026-08-27 17:04:26 | New best val_f1_macro_present: 0.8381 at epoch 23
2026-08-27 17:04:31 | Epoch 024/060 | loss 1.9532 | cls 1.7284 | tal -0.1054 | dual_g 0.2564 | dual_d 0.9912 | train_acc 0.8261 | train_full n/a | val_acc 0.8712 | val_f1 0.8651 | adv/moduleC 0.95/1.00 | disc_steps 3 | grad(main/disc) 9.456/1.554 | lr(main/disc) 7.00e-05/3.50e-05 | cuda_peak(alloc/resv) 21.77/28.19GB | phase(train/val/raw/train_eval) 3.1/0.7/0.7/0.0s | 4.6s
2026-08-27 17:04:34 | New best val_f1_macro_present: 0.8651 at epoch 24
2026-08-27 17:04:40 | Epoch 025/060 | loss 1.9579 | cls 1.7398 | tal -0.1113 | dual_g 0.2514 | dual_d 1.0611 | train_acc 0.8098 | train_full 0.9329 | val_acc 0.8561 | val_f1 0.8367 | adv/moduleC 1.00/1.00 | disc_steps 3 | grad(main/disc) 8.903/1.602 | lr(main/disc) 7.00e-05/3.50e-05 | cuda_peak(alloc/resv) 21.77/28.19GB | phase(train/val/raw/train_eval) 3.3/0.7/0.7/1.0s | 5.7s
2026-08-27 17:04:43 | Epoch 026/060 | loss 1.9691 | cls 1.7430 | tal -0.0753 | dual_g 0.2487 | dual_d 1.0238 | train_acc 0.8243 | train_full n/a | val_acc 0.8636 | val_f1 0.8493 | adv/moduleC 1.00/1.00 | disc_steps 3 | grad(main/disc) 10.141/1.511 | lr(main/disc) 7.00e-05/3.50e-05 | cuda_peak(alloc/resv) 21.77/28.19GB | phase(train/val/raw/train_eval) 3.0/0.7/0.0/0.0s | 3.7s
2026-08-27 17:04:48 | Epoch 027/060 | loss 1.8928 | cls 1.6497 | tal -0.0092 | dual_g 0.2459 | dual_d 1.0319 | train_acc 0.8460 | train_full n/a | val_acc 0.8864 | val_f1 0.8817 | adv/moduleC 1.00/1.00 | disc_steps 3 | grad(main/disc) 7.091/1.530 | lr(main/disc) 7.00e-05/3.50e-05 | cuda_peak(alloc/resv) 21.77/28.19GB | phase(train/val/raw/train_eval) 3.2/0.7/0.7/0.0s | 4.6s
2026-08-27 17:04:51 | New best val_f1_macro_present: 0.8817 at epoch 27
2026-08-27 17:04:56 | Epoch 028/060 | loss 1.8953 | cls 1.6594 | tal -0.0211 | dual_g 0.2423 | dual_d 1.0386 | train_acc 0.8152 | train_full n/a | val_acc 0.8939 | val_f1 0.8865 | adv/moduleC 1.00/1.00 | disc_steps 3 | grad(main/disc) 8.113/1.524 | lr(main/disc) 7.00e-05/3.50e-05 | cuda_peak(alloc/resv) 21.77/28.19GB | phase(train/val/raw/train_eval) 3.4/0.7/0.7/0.0s | 4.8s
2026-08-27 17:04:59 | New best val_f1_macro_present: 0.8865 at epoch 28
2026-08-27 17:05:03 | Epoch 029/060 | loss 1.8151 | cls 1.6049 | tal -0.0869 | dual_g 0.2363 | dual_d 1.0169 | train_acc 0.8750 | train_full n/a | val_acc 0.8864 | val_f1 0.8717 | adv/moduleC 1.00/1.00 | disc_steps 3 | grad(main/disc) 7.879/1.456 | lr(main/disc) 7.00e-05/3.50e-05 | cuda_peak(alloc/resv) 21.77/28.19GB | phase(train/val/raw/train_eval) 3.0/0.7/0.0/0.0s | 3.8s
2026-08-27 17:05:08 | Epoch 030/060 | loss 1.7758 | cls 1.5652 | tal -0.0711 | dual_g 0.2319 | dual_d 1.0137 | train_acc 0.8750 | train_full 0.9566 | val_acc 0.9015 | val_f1 0.8869 | adv/moduleC 1.00/1.00 | disc_steps 3 | grad(main/disc) 7.267/1.472 | lr(main/disc) 7.00e-05/3.50e-05 | cuda_peak(alloc/resv) 21.77/28.19GB | phase(train/val/raw/train_eval) 3.1/0.7/0.7/1.0s | 5.5s
2026-08-27 17:05:13 | Epoch 031/060 | loss 1.7442 | cls 1.5270 | tal -0.0353 | dual_g 0.2277 | dual_d 1.0549 | train_acc 0.8913 | train_full n/a | val_acc 0.9242 | val_f1 0.9115 | adv/moduleC 1.00/1.00 | disc_steps 3 | grad(main/disc) 6.040/1.483 | lr(main/disc) 7.00e-05/3.50e-05 | cuda_peak(alloc/resv) 21.77/28.19GB | phase(train/val/raw/train_eval) 3.2/0.7/0.7/0.0s | 4.6s
2026-08-27 17:05:16 | New best val_f1_macro_present: 0.9115 at epoch 31
2026-08-27 17:05:21 | Epoch 032/060 | loss 1.7732 | cls 1.5482 | tal -0.0086 | dual_g 0.2275 | dual_d 1.0388 | train_acc 0.8913 | train_full n/a | val_acc 0.9394 | val_f1 0.9488 | adv/moduleC 1.00/1.00 | disc_steps 3 | grad(main/disc) 8.175/1.473 | lr(main/disc) 7.00e-05/3.50e-05 | cuda_peak(alloc/resv) 21.77/28.19GB | phase(train/val/raw/train_eval) 3.0/0.7/0.7/0.0s | 4.4s
2026-08-27 17:05:24 | New best val_f1_macro_present: 0.9488 at epoch 32
2026-08-27 17:05:27 | Epoch 033/060 | loss 1.6992 | cls 1.4864 | tal -0.0267 | dual_g 0.2208 | dual_d 1.0819 | train_acc 0.9257 | train_full n/a | val_acc 0.9318 | val_f1 0.9387 | adv/moduleC 1.00/1.00 | disc_steps 3 | grad(main/disc) 6.316/1.512 | lr(main/disc) 7.00e-05/3.50e-05 | cuda_peak(alloc/resv) 21.77/28.19GB | phase(train/val/raw/train_eval) 3.1/0.7/0.0/0.0s | 3.8s
2026-08-27 17:05:31 | Epoch 034/060 | loss 1.6706 | cls 1.4645 | tal -0.0347 | dual_g 0.2165 | dual_d 1.0931 | train_acc 0.9384 | train_full n/a | val_acc 0.9015 | val_f1 0.8937 | adv/moduleC 1.00/1.00 | disc_steps 3 | grad(main/disc) 6.525/1.467 | lr(main/disc) 7.00e-05/3.50e-05 | cuda_peak(alloc/resv) 21.77/28.19GB | phase(train/val/raw/train_eval) 3.3/0.7/0.0/0.0s | 4.0s
2026-08-27 17:05:37 | Epoch 035/060 | loss 1.6854 | cls 1.4871 | tal -0.0583 | dual_g 0.2158 | dual_d 1.0445 | train_acc 0.9330 | train_full 0.9408 | val_acc 0.9015 | val_f1 0.9169 | adv/moduleC 1.00/1.00 | disc_steps 3 | grad(main/disc) 7.284/1.461 | lr(main/disc) 7.00e-05/3.50e-05 | cuda_peak(alloc/resv) 21.77/28.19GB | phase(train/val/raw/train_eval) 3.1/0.7/0.7/1.0s | 5.5s
2026-08-27 17:05:41 | Epoch 036/060 | loss 1.6343 | cls 1.4389 | tal -0.0529 | dual_g 0.2112 | dual_d 1.0684 | train_acc 0.9457 | train_full n/a | val_acc 0.9318 | val_f1 0.9387 | adv/moduleC 1.00/1.00 | disc_steps 3 | grad(main/disc) 5.715/1.428 | lr(main/disc) 7.00e-05/3.50e-05 | cuda_peak(alloc/resv) 21.77/28.19GB | phase(train/val/raw/train_eval) 3.5/0.7/0.0/0.0s | 4.2s
2026-08-27 17:05:45 | Epoch 037/060 | loss 1.6160 | cls 1.4290 | tal -0.0732 | dual_g 0.2090 | dual_d 1.1033 | train_acc 0.9384 | train_full n/a | val_acc 0.9242 | val_f1 0.9095 | adv/moduleC 1.00/1.00 | disc_steps 3 | grad(main/disc) 4.994/1.463 | lr(main/disc) 7.00e-05/3.50e-05 | cuda_peak(alloc/resv) 21.77/28.19GB | phase(train/val/raw/train_eval) 3.6/0.7/0.0/0.0s | 4.3s
2026-08-27 17:05:49 | Epoch 038/060 | loss 1.6085 | cls 1.4351 | tal -0.0995 | dual_g 0.2032 | dual_d 1.0578 | train_acc 0.9384 | train_full n/a | val_acc 0.9167 | val_f1 0.9073 | adv/moduleC 1.00/1.00 | disc_steps 3 | grad(main/disc) 5.198/1.431 | lr(main/disc) 7.00e-05/3.50e-05 | cuda_peak(alloc/resv) 21.77/28.19GB | phase(train/val/raw/train_eval) 3.2/0.7/0.0/0.0s | 3.9s
2026-08-27 17:05:53 | Epoch 039/060 | loss 1.5895 | cls 1.4309 | tal -0.1442 | dual_g 0.2019 | dual_d 1.0866 | train_acc 0.9420 | train_full n/a | val_acc 0.9015 | val_f1 0.9107 | adv/moduleC 1.00/1.00 | disc_steps 3 | grad(main/disc) 5.213/1.429 | lr(main/disc) 3.50e-05/1.75e-05 | cuda_peak(alloc/resv) 21.77/28.19GB | phase(train/val/raw/train_eval) 3.4/0.7/0.0/0.0s | 4.1s
2026-08-27 17:05:59 | Epoch 040/060 | loss 1.5709 | cls 1.3973 | tal -0.0839 | dual_g 0.1987 | dual_d 1.0735 | train_acc 0.9547 | train_full 0.9487 | val_acc 0.8788 | val_f1 0.8833 | adv/moduleC 1.00/1.00 | disc_steps 3 | grad(main/disc) 5.087/1.411 | lr(main/disc) 3.50e-05/1.75e-05 | cuda_peak(alloc/resv) 21.77/28.19GB | phase(train/val/raw/train_eval) 3.1/0.7/0.7/1.0s | 5.5s
2026-08-27 17:06:03 | Epoch 041/060 | loss 1.5842 | cls 1.4119 | tal -0.0816 | dual_g 0.1967 | dual_d 1.0936 | train_acc 0.9638 | train_full n/a | val_acc 0.9318 | val_f1 0.9431 | adv/moduleC 1.00/1.00 | disc_steps 3 | grad(main/disc) 5.243/1.414 | lr(main/disc) 3.50e-05/1.75e-05 | cuda_peak(alloc/resv) 21.77/28.19GB | phase(train/val/raw/train_eval) 3.2/0.7/0.0/0.0s | 3.9s
2026-08-27 17:06:07 | Epoch 042/060 | loss 1.5614 | cls 1.3902 | tal -0.0838 | dual_g 0.1964 | dual_d 1.0464 | train_acc 0.9475 | train_full n/a | val_acc 0.9091 | val_f1 0.9039 | adv/moduleC 1.00/1.00 | disc_steps 3 | grad(main/disc) 4.677/1.396 | lr(main/disc) 3.50e-05/1.75e-05 | cuda_peak(alloc/resv) 21.77/28.19GB | phase(train/val/raw/train_eval) 3.5/0.7/0.0/0.0s | 4.2s
2026-08-27 17:06:11 | Epoch 043/060 | loss 1.5678 | cls 1.4024 | tal -0.1033 | dual_g 0.1963 | dual_d 1.0479 | train_acc 0.9601 | train_full n/a | val_acc 0.9394 | val_f1 0.9259 | adv/moduleC 1.00/1.00 | disc_steps 3 | grad(main/disc) 4.841/1.393 | lr(main/disc) 3.50e-05/1.75e-05 | cuda_peak(alloc/resv) 21.77/28.19GB | phase(train/val/raw/train_eval) 3.2/0.7/0.0/0.0s | 3.9s
2026-08-27 17:06:15 | Epoch 044/060 | loss 1.5575 | cls 1.3876 | tal -0.0785 | dual_g 0.1935 | dual_d 1.0607 | train_acc 0.9511 | train_full n/a | val_acc 0.9394 | val_f1 0.9374 | adv/moduleC 1.00/1.00 | disc_steps 3 | grad(main/disc) 5.212/1.434 | lr(main/disc) 3.50e-05/1.75e-05 | cuda_peak(alloc/resv) 21.77/28.19GB | phase(train/val/raw/train_eval) 3.2/0.7/0.0/0.0s | 3.9s
2026-08-27 17:06:21 | Epoch 045/060 | loss 1.5617 | cls 1.3960 | tal -0.0873 | dual_g 0.1919 | dual_d 1.0510 | train_acc 0.9583 | train_full 0.9744 | val_acc 0.9318 | val_f1 0.9475 | adv/moduleC 1.00/1.00 | disc_steps 3 | grad(main/disc) 5.168/1.370 | lr(main/disc) 3.50e-05/1.75e-05 | cuda_peak(alloc/resv) 21.77/28.19GB | phase(train/val/raw/train_eval) 3.6/0.7/0.7/1.0s | 6.0s
2026-08-27 17:06:25 | Epoch 046/060 | loss 1.5362 | cls 1.3763 | tal -0.1041 | dual_g 0.1911 | dual_d 1.0577 | train_acc 0.9638 | train_full n/a | val_acc 0.9318 | val_f1 0.9345 | adv/moduleC 1.00/1.00 | disc_steps 3 | grad(main/disc) 5.038/1.448 | lr(main/disc) 1.75e-05/8.75e-06 | cuda_peak(alloc/resv) 21.77/28.19GB | phase(train/val/raw/train_eval) 3.2/0.7/0.0/0.0s | 3.9s
2026-08-27 17:06:29 | Epoch 047/060 | loss 1.5361 | cls 1.3706 | tal -0.0878 | dual_g 0.1918 | dual_d 1.0868 | train_acc 0.9692 | train_full n/a | val_acc 0.9318 | val_f1 0.9448 | adv/moduleC 1.00/1.00 | disc_steps 3 | grad(main/disc) 4.633/1.426 | lr(main/disc) 1.75e-05/8.75e-06 | cuda_peak(alloc/resv) 21.77/28.19GB | phase(train/val/raw/train_eval) 3.1/0.7/0.0/0.0s | 3.8s
2026-08-27 17:06:33 | Epoch 048/060 | loss 1.5300 | cls 1.3684 | tal -0.0967 | dual_g 0.1906 | dual_d 1.0492 | train_acc 0.9620 | train_full n/a | val_acc 0.9318 | val_f1 0.9448 | adv/moduleC 1.00/1.00 | disc_steps 3 | grad(main/disc) 5.025/1.403 | lr(main/disc) 1.75e-05/8.75e-06 | cuda_peak(alloc/resv) 21.77/28.19GB | phase(train/val/raw/train_eval) 3.3/0.7/0.0/0.0s | 4.0s
2026-08-27 17:06:33 | Early stopping at epoch 48 after 16 epochs without val_f1_macro_present improvement.
2026-08-27 17:06:33 | Training complete. Best validation accuracy: 0.9394 | best val_f1_macro_present: 0.9488
