2026-08-27 16:56:33 | Starting Dual_D standalone training
2026-08-27 16:56:33 | Run directory: runs/module_c_ablation_60_v5/module_c_20260827_121947/module_c_no_classification_feedback_雾天_20260827_162556
2026-08-27 16:56:33 | Device: cuda
2026-08-27 16:56:33 | Source train samples: 992
2026-08-27 16:56:33 | Target train samples: 507
2026-08-27 16:56:33 | Target val samples: 132
2026-08-27 16:56:33 | Classes: 14
2026-08-27 16:56:33 | Data audit: same_dir=False | path_overlap(vis/ir/ais)=0/0/0 | content_overlap(vis/ir/ais)=0/0/0 | ais_index_overlap=0 | stem_mismatch(vis-ir/vis-ais)=630/0
2026-08-27 16:56:33 | source_train classes: present 14/14 | absent 0 | counts [0:120, 1:44, 2:69, 3:45, 4:40, 5:30, 6:64, 7:80, 8:116, 9:68, 10:57, 11:83, 12:48, 13:128]
2026-08-27 16:56:33 | target_train classes: present 9/14 | absent 5 | counts [0:35, 1:18, 2:119, 6:110, 8:25, 9:50, 10:48, 12:9, 13:93]
2026-08-27 16:56:33 | target_val classes: present 9/14 | absent 5 | counts [0:9, 1:5, 2:30, 6:28, 8:7, 9:13, 10:13, 12:3, 13:24]
2026-08-27 16:56:33 | Paired training classes: 9/14 | class ids [0, 1, 2, 6, 8, 9, 10, 12, 13]
2026-08-27 16:56:33 | Runtime profile: batch=92 | paired_steps=6 | workers=16 | train_eval_every=5 | raw_eval_every=5 | early_stop=15 after min_epoch=48
2026-08-27 16:56:33 | VIS/IR pairing: class-level-unpaired | count-mismatch classes train/val: 10/2 | AIS alignment: none | AIS rows train/val: 0/0
2026-08-27 16:56:34 | Model parameters: total=17277714 | trainable=17120210
2026-08-27 16:56:40 | Epoch 001/060 | loss 5.0613 | cls 5.1237 | tal -0.2079 | dual_g 0.0000 | dual_d 0.0000 | train_acc 0.1069 | train_full 0.0552 | val_acc 0.0606 | val_f1 0.0453 | adv/moduleC 0.00/0.00 | disc_steps 0 | grad(main/disc) 13.798/0.000 | lr(main/disc) 7.00e-05/3.50e-05 | cuda_peak(alloc/resv) 21.77/28.19GB | phase(train/val/raw/train_eval) 4.0/0.7/0.7/1.0s | 6.5s
2026-08-27 16:56:43 | New best val_f1_macro_present: 0.0453 at epoch 1
2026-08-27 16:56:48 | Epoch 002/060 | loss 4.4148 | cls 4.4052 | tal 0.0321 | dual_g 0.0000 | dual_d 0.0000 | train_acc 0.1721 | train_full n/a | val_acc 0.1894 | val_f1 0.1082 | adv/moduleC 0.00/0.00 | disc_steps 0 | grad(main/disc) 11.316/0.000 | lr(main/disc) 7.00e-05/3.50e-05 | cuda_peak(alloc/resv) 21.77/28.19GB | phase(train/val/raw/train_eval) 3.4/0.7/0.7/0.0s | 4.9s
2026-08-27 16:56:51 | New best val_f1_macro_present: 0.1082 at epoch 2
2026-08-27 16:56:56 | Epoch 003/060 | loss 4.0218 | cls 4.0059 | tal 0.0530 | dual_g 0.0000 | dual_d 0.0000 | train_acc 0.2011 | train_full n/a | val_acc 0.3106 | val_f1 0.2087 | adv/moduleC 0.00/0.00 | disc_steps 0 | grad(main/disc) 9.710/0.000 | lr(main/disc) 7.00e-05/3.50e-05 | cuda_peak(alloc/resv) 21.77/28.19GB | phase(train/val/raw/train_eval) 3.1/0.7/0.7/0.0s | 4.6s
2026-08-27 16:56:59 | New best val_f1_macro_present: 0.2087 at epoch 3
2026-08-27 16:57:04 | Epoch 004/060 | loss 3.7130 | cls 3.7120 | tal 0.0033 | dual_g 0.0000 | dual_d 0.0000 | train_acc 0.2482 | train_full n/a | val_acc 0.3788 | val_f1 0.2449 | adv/moduleC 0.00/0.00 | disc_steps 0 | grad(main/disc) 9.391/0.000 | lr(main/disc) 7.00e-05/3.50e-05 | cuda_peak(alloc/resv) 21.77/28.19GB | phase(train/val/raw/train_eval) 3.2/0.7/0.7/0.0s | 4.7s
2026-08-27 16:57:07 | New best val_f1_macro_present: 0.2449 at epoch 4
2026-08-27 16:57:12 | Epoch 005/060 | loss 3.3595 | cls 3.3705 | tal -0.0366 | dual_g 0.0000 | dual_d 0.0000 | train_acc 0.2953 | train_full 0.5089 | val_acc 0.4470 | val_f1 0.3154 | adv/moduleC 0.00/0.00 | disc_steps 0 | grad(main/disc) 8.919/0.000 | lr(main/disc) 7.00e-05/3.50e-05 | cuda_peak(alloc/resv) 21.77/28.19GB | phase(train/val/raw/train_eval) 3.1/0.7/0.7/1.0s | 5.5s
2026-08-27 16:57:15 | New best val_f1_macro_present: 0.3154 at epoch 5
2026-08-27 16:57:20 | Epoch 006/060 | loss 3.4017 | cls 3.3567 | tal 0.0302 | dual_g 0.0359 | dual_d 0.7338 | train_acc 0.2971 | train_full n/a | val_acc 0.5076 | val_f1 0.4515 | adv/moduleC 0.05/0.10 | disc_steps 3 | grad(main/disc) 9.196/1.411 | lr(main/disc) 7.00e-05/3.50e-05 | cuda_peak(alloc/resv) 21.77/28.19GB | phase(train/val/raw/train_eval) 3.2/0.7/0.7/0.0s | 4.6s
2026-08-27 16:57:23 | New best val_f1_macro_present: 0.4515 at epoch 6
2026-08-27 16:57:27 | Epoch 007/060 | loss 3.1795 | cls 3.1118 | tal -0.0071 | dual_g 0.0699 | dual_d 0.7597 | train_acc 0.3261 | train_full n/a | val_acc 0.6212 | val_f1 0.5416 | adv/moduleC 0.10/0.20 | disc_steps 3 | grad(main/disc) 8.983/1.505 | lr(main/disc) 7.00e-05/3.50e-05 | cuda_peak(alloc/resv) 21.77/28.19GB | phase(train/val/raw/train_eval) 3.2/0.7/0.7/0.0s | 4.6s
2026-08-27 16:57:31 | New best val_f1_macro_present: 0.5416 at epoch 7
2026-08-27 16:57:35 | Epoch 008/060 | loss 3.0917 | cls 2.9958 | tal -0.0181 | dual_g 0.1014 | dual_d 0.7724 | train_acc 0.3768 | train_full n/a | val_acc 0.6364 | val_f1 0.5971 | adv/moduleC 0.15/0.30 | disc_steps 3 | grad(main/disc) 9.007/1.479 | lr(main/disc) 7.00e-05/3.50e-05 | cuda_peak(alloc/resv) 21.77/28.19GB | phase(train/val/raw/train_eval) 3.4/0.7/0.7/0.0s | 4.8s
2026-08-27 16:57:38 | New best val_f1_macro_present: 0.5971 at epoch 8
2026-08-27 16:57:43 | Epoch 009/060 | loss 2.8527 | cls 2.7385 | tal -0.0551 | dual_g 0.1307 | dual_d 0.7612 | train_acc 0.4257 | train_full n/a | val_acc 0.6667 | val_f1 0.6272 | adv/moduleC 0.20/0.40 | disc_steps 3 | grad(main/disc) 8.442/1.421 | lr(main/disc) 7.00e-05/3.50e-05 | cuda_peak(alloc/resv) 21.77/28.19GB | phase(train/val/raw/train_eval) 3.1/0.7/0.8/0.0s | 4.5s
2026-08-27 16:57:46 | New best val_f1_macro_present: 0.6272 at epoch 9
2026-08-27 16:57:52 | Epoch 010/060 | loss 2.7792 | cls 2.6437 | tal -0.0746 | dual_g 0.1579 | dual_d 0.7984 | train_acc 0.4728 | train_full 0.6844 | val_acc 0.6136 | val_f1 0.5938 | adv/moduleC 0.25/0.50 | disc_steps 3 | grad(main/disc) 9.061/1.433 | lr(main/disc) 7.00e-05/3.50e-05 | cuda_peak(alloc/resv) 21.77/28.19GB | phase(train/val/raw/train_eval) 3.2/0.7/0.7/1.0s | 5.7s
2026-08-27 16:57:56 | Epoch 011/060 | loss 2.7870 | cls 2.6054 | tal -0.0111 | dual_g 0.1849 | dual_d 0.8161 | train_acc 0.4964 | train_full n/a | val_acc 0.6667 | val_f1 0.5776 | adv/moduleC 0.30/0.60 | disc_steps 3 | grad(main/disc) 8.993/1.455 | lr(main/disc) 7.00e-05/3.50e-05 | cuda_peak(alloc/resv) 21.77/28.19GB | phase(train/val/raw/train_eval) 3.1/0.7/0.0/0.0s | 3.8s
2026-08-27 16:58:00 | Epoch 012/060 | loss 2.6485 | cls 2.4470 | tal -0.0266 | dual_g 0.2095 | dual_d 0.8161 | train_acc 0.5525 | train_full n/a | val_acc 0.7652 | val_f1 0.7730 | adv/moduleC 0.35/0.70 | disc_steps 3 | grad(main/disc) 9.373/1.444 | lr(main/disc) 7.00e-05/3.50e-05 | cuda_peak(alloc/resv) 21.77/28.19GB | phase(train/val/raw/train_eval) 3.4/0.7/0.7/0.0s | 4.8s
2026-08-27 16:58:04 | New best val_f1_macro_present: 0.7730 at epoch 12
2026-08-27 16:58:07 | Epoch 013/060 | loss 2.6363 | cls 2.4044 | tal -0.0056 | dual_g 0.2337 | dual_d 0.8164 | train_acc 0.5507 | train_full n/a | val_acc 0.7652 | val_f1 0.7665 | adv/moduleC 0.40/0.80 | disc_steps 3 | grad(main/disc) 9.224/1.465 | lr(main/disc) 7.00e-05/3.50e-05 | cuda_peak(alloc/resv) 21.77/28.19GB | phase(train/val/raw/train_eval) 3.2/0.7/0.0/0.0s | 3.9s
2026-08-27 16:58:12 | Epoch 014/060 | loss 2.5206 | cls 2.2815 | tal -0.0616 | dual_g 0.2575 | dual_d 0.8762 | train_acc 0.6014 | train_full n/a | val_acc 0.7879 | val_f1 0.8116 | adv/moduleC 0.45/0.90 | disc_steps 3 | grad(main/disc) 9.238/1.483 | lr(main/disc) 7.00e-05/3.50e-05 | cuda_peak(alloc/resv) 21.77/28.19GB | phase(train/val/raw/train_eval) 3.3/0.7/0.7/0.0s | 4.8s
2026-08-27 16:58:15 | New best val_f1_macro_present: 0.8116 at epoch 14
2026-08-27 16:58:21 | Epoch 015/060 | loss 2.4443 | cls 2.1839 | tal -0.0578 | dual_g 0.2777 | dual_d 0.8538 | train_acc 0.6232 | train_full 0.7574 | val_acc 0.7955 | val_f1 0.7954 | adv/moduleC 0.50/1.00 | disc_steps 3 | grad(main/disc) 8.473/1.497 | lr(main/disc) 7.00e-05/3.50e-05 | cuda_peak(alloc/resv) 21.77/28.19GB | phase(train/val/raw/train_eval) 2.9/0.7/0.7/1.0s | 5.4s
2026-08-27 16:58:25 | Epoch 016/060 | loss 2.4435 | cls 2.1853 | tal -0.0550 | dual_g 0.2747 | dual_d 0.8897 | train_acc 0.6232 | train_full n/a | val_acc 0.7576 | val_f1 0.7639 | adv/moduleC 0.55/1.00 | disc_steps 3 | grad(main/disc) 9.240/1.508 | lr(main/disc) 7.00e-05/3.50e-05 | cuda_peak(alloc/resv) 21.77/28.19GB | phase(train/val/raw/train_eval) 3.4/0.7/0.0/0.0s | 4.2s
2026-08-27 16:58:29 | Epoch 017/060 | loss 2.3033 | cls 2.0632 | tal -0.1017 | dual_g 0.2706 | dual_d 0.8905 | train_acc 0.7174 | train_full n/a | val_acc 0.8030 | val_f1 0.8087 | adv/moduleC 0.60/1.00 | disc_steps 3 | grad(main/disc) 8.641/1.521 | lr(main/disc) 7.00e-05/3.50e-05 | cuda_peak(alloc/resv) 21.77/28.19GB | phase(train/val/raw/train_eval) 3.1/0.7/0.0/0.0s | 3.8s
2026-08-27 16:58:33 | Epoch 018/060 | loss 2.2829 | cls 2.0350 | tal -0.0635 | dual_g 0.2669 | dual_d 0.9035 | train_acc 0.6975 | train_full n/a | val_acc 0.8409 | val_f1 0.8470 | adv/moduleC 0.65/1.00 | disc_steps 3 | grad(main/disc) 8.305/1.461 | lr(main/disc) 7.00e-05/3.50e-05 | cuda_peak(alloc/resv) 21.77/28.19GB | phase(train/val/raw/train_eval) 3.2/0.7/0.7/0.0s | 4.6s
2026-08-27 16:58:37 | New best val_f1_macro_present: 0.8470 at epoch 18
2026-08-27 16:58:41 | Epoch 019/060 | loss 2.1960 | cls 1.9520 | tal -0.0597 | dual_g 0.2619 | dual_d 0.9089 | train_acc 0.7156 | train_full n/a | val_acc 0.7727 | val_f1 0.8042 | adv/moduleC 0.70/1.00 | disc_steps 3 | grad(main/disc) 8.390/1.515 | lr(main/disc) 7.00e-05/3.50e-05 | cuda_peak(alloc/resv) 21.77/28.19GB | phase(train/val/raw/train_eval) 3.3/0.7/0.0/0.0s | 4.1s
2026-08-27 16:58:46 | Epoch 020/060 | loss 2.1211 | cls 1.8828 | tal -0.0746 | dual_g 0.2608 | dual_d 0.9100 | train_acc 0.7736 | train_full 0.8146 | val_acc 0.8030 | val_f1 0.8305 | adv/moduleC 0.75/1.00 | disc_steps 3 | grad(main/disc) 8.987/1.452 | lr(main/disc) 7.00e-05/3.50e-05 | cuda_peak(alloc/resv) 21.77/28.19GB | phase(train/val/raw/train_eval) 3.3/0.7/0.7/1.0s | 5.7s
2026-08-27 16:58:50 | Epoch 021/060 | loss 2.0609 | cls 1.8281 | tal -0.0799 | dual_g 0.2567 | dual_d 0.9386 | train_acc 0.7862 | train_full n/a | val_acc 0.8030 | val_f1 0.8015 | adv/moduleC 0.80/1.00 | disc_steps 3 | grad(main/disc) 8.993/1.493 | lr(main/disc) 7.00e-05/3.50e-05 | cuda_peak(alloc/resv) 21.77/28.19GB | phase(train/val/raw/train_eval) 3.3/0.8/0.0/0.0s | 4.1s
2026-08-27 16:58:55 | Epoch 022/060 | loss 2.0714 | cls 1.8282 | tal -0.0403 | dual_g 0.2553 | dual_d 0.9349 | train_acc 0.7554 | train_full n/a | val_acc 0.8864 | val_f1 0.8903 | adv/moduleC 0.85/1.00 | disc_steps 3 | grad(main/disc) 8.616/1.447 | lr(main/disc) 7.00e-05/3.50e-05 | cuda_peak(alloc/resv) 21.77/28.19GB | phase(train/val/raw/train_eval) 3.3/0.7/0.7/0.0s | 4.8s
2026-08-27 16:58:58 | New best val_f1_macro_present: 0.8903 at epoch 22
2026-08-27 16:59:02 | Epoch 023/060 | loss 2.0191 | cls 1.7777 | tal -0.0380 | dual_g 0.2528 | dual_d 0.9115 | train_acc 0.8098 | train_full n/a | val_acc 0.8788 | val_f1 0.8797 | adv/moduleC 0.90/1.00 | disc_steps 3 | grad(main/disc) 7.839/1.426 | lr(main/disc) 7.00e-05/3.50e-05 | cuda_peak(alloc/resv) 21.77/28.19GB | phase(train/val/raw/train_eval) 3.1/0.7/0.0/0.0s | 3.8s
2026-08-27 16:59:06 | Epoch 024/060 | loss 1.9779 | cls 1.7427 | tal -0.0569 | dual_g 0.2522 | dual_d 0.9614 | train_acc 0.8062 | train_full n/a | val_acc 0.8864 | val_f1 0.8858 | adv/moduleC 0.95/1.00 | disc_steps 3 | grad(main/disc) 8.093/1.518 | lr(main/disc) 7.00e-05/3.50e-05 | cuda_peak(alloc/resv) 21.77/28.19GB | phase(train/val/raw/train_eval) 3.1/0.7/0.0/0.0s | 3.8s
2026-08-27 16:59:11 | Epoch 025/060 | loss 1.9291 | cls 1.6942 | tal -0.0426 | dual_g 0.2477 | dual_d 0.9978 | train_acc 0.8388 | train_full 0.8955 | val_acc 0.9242 | val_f1 0.9117 | adv/moduleC 1.00/1.00 | disc_steps 3 | grad(main/disc) 7.833/1.515 | lr(main/disc) 7.00e-05/3.50e-05 | cuda_peak(alloc/resv) 21.77/28.19GB | phase(train/val/raw/train_eval) 3.2/0.7/0.7/1.0s | 5.6s
2026-08-27 16:59:14 | New best val_f1_macro_present: 0.9117 at epoch 25
2026-08-27 16:59:18 | Epoch 026/060 | loss 1.8741 | cls 1.6486 | tal -0.0607 | dual_g 0.2437 | dual_d 0.9865 | train_acc 0.8732 | train_full n/a | val_acc 0.8864 | val_f1 0.8860 | adv/moduleC 1.00/1.00 | disc_steps 3 | grad(main/disc) 7.956/1.496 | lr(main/disc) 7.00e-05/3.50e-05 | cuda_peak(alloc/resv) 21.77/28.19GB | phase(train/val/raw/train_eval) 3.4/0.7/0.0/0.0s | 4.1s
2026-08-27 16:59:22 | Epoch 027/060 | loss 1.8625 | cls 1.6290 | tal -0.0229 | dual_g 0.2404 | dual_d 0.9921 | train_acc 0.8714 | train_full n/a | val_acc 0.8409 | val_f1 0.8282 | adv/moduleC 1.00/1.00 | disc_steps 3 | grad(main/disc) 9.997/1.406 | lr(main/disc) 7.00e-05/3.50e-05 | cuda_peak(alloc/resv) 21.77/28.19GB | phase(train/val/raw/train_eval) 3.4/0.7/0.0/0.0s | 4.1s
2026-08-27 16:59:27 | Epoch 028/060 | loss 1.8865 | cls 1.6641 | tal -0.0547 | dual_g 0.2388 | dual_d 1.0123 | train_acc 0.8678 | train_full n/a | val_acc 0.8409 | val_f1 0.8239 | adv/moduleC 1.00/1.00 | disc_steps 3 | grad(main/disc) 8.599/1.450 | lr(main/disc) 7.00e-05/3.50e-05 | cuda_peak(alloc/resv) 21.77/28.19GB | phase(train/val/raw/train_eval) 3.5/0.7/0.0/0.0s | 4.2s
2026-08-27 16:59:31 | Epoch 029/060 | loss 1.8301 | cls 1.6153 | tal -0.0614 | dual_g 0.2332 | dual_d 0.9661 | train_acc 0.8732 | train_full n/a | val_acc 0.9167 | val_f1 0.9083 | adv/moduleC 1.00/1.00 | disc_steps 3 | grad(main/disc) 7.392/1.433 | lr(main/disc) 7.00e-05/3.50e-05 | cuda_peak(alloc/resv) 21.77/28.19GB | phase(train/val/raw/train_eval) 3.2/0.7/0.0/0.0s | 3.9s
2026-08-27 16:59:36 | Epoch 030/060 | loss 1.8150 | cls 1.6011 | tal -0.0545 | dual_g 0.2303 | dual_d 1.0300 | train_acc 0.8605 | train_full 0.9053 | val_acc 0.9394 | val_f1 0.9255 | adv/moduleC 1.00/1.00 | disc_steps 3 | grad(main/disc) 6.673/1.495 | lr(main/disc) 7.00e-05/3.50e-05 | cuda_peak(alloc/resv) 21.77/28.19GB | phase(train/val/raw/train_eval) 3.1/0.7/0.7/1.0s | 5.5s
2026-08-27 16:59:39 | New best val_f1_macro_present: 0.9255 at epoch 30
2026-08-27 16:59:43 | Epoch 031/060 | loss 1.7646 | cls 1.5674 | tal -0.0838 | dual_g 0.2224 | dual_d 1.0206 | train_acc 0.8895 | train_full n/a | val_acc 0.9091 | val_f1 0.8934 | adv/moduleC 1.00/1.00 | disc_steps 3 | grad(main/disc) 6.695/1.504 | lr(main/disc) 7.00e-05/3.50e-05 | cuda_peak(alloc/resv) 21.77/28.19GB | phase(train/val/raw/train_eval) 3.4/0.7/0.0/0.0s | 4.1s
2026-08-27 16:59:47 | Epoch 032/060 | loss 1.7427 | cls 1.5472 | tal -0.0840 | dual_g 0.2207 | dual_d 1.0535 | train_acc 0.9058 | train_full n/a | val_acc 0.9318 | val_f1 0.8998 | adv/moduleC 1.00/1.00 | disc_steps 3 | grad(main/disc) 7.066/1.479 | lr(main/disc) 7.00e-05/3.50e-05 | cuda_peak(alloc/resv) 21.77/28.19GB | phase(train/val/raw/train_eval) 3.1/0.7/0.0/0.0s | 3.8s
2026-08-27 16:59:51 | Epoch 033/060 | loss 1.7342 | cls 1.5408 | tal -0.0802 | dual_g 0.2175 | dual_d 1.0468 | train_acc 0.8895 | train_full n/a | val_acc 0.9242 | val_f1 0.9050 | adv/moduleC 1.00/1.00 | disc_steps 3 | grad(main/disc) 6.483/1.475 | lr(main/disc) 7.00e-05/3.50e-05 | cuda_peak(alloc/resv) 21.77/28.19GB | phase(train/val/raw/train_eval) 3.0/0.7/0.0/0.0s | 3.7s
2026-08-27 16:59:55 | Epoch 034/060 | loss 1.7086 | cls 1.5069 | tal -0.0406 | dual_g 0.2139 | dual_d 1.0513 | train_acc 0.9130 | train_full n/a | val_acc 0.8788 | val_f1 0.8571 | adv/moduleC 1.00/1.00 | disc_steps 3 | grad(main/disc) 8.162/1.492 | lr(main/disc) 7.00e-05/3.50e-05 | cuda_peak(alloc/resv) 21.77/28.19GB | phase(train/val/raw/train_eval) 3.3/0.7/0.0/0.0s | 4.0s
2026-08-27 17:00:00 | Epoch 035/060 | loss 1.7106 | cls 1.4990 | tal -0.0093 | dual_g 0.2144 | dual_d 1.0834 | train_acc 0.9239 | train_full 0.8895 | val_acc 0.8864 | val_f1 0.8727 | adv/moduleC 1.00/1.00 | disc_steps 3 | grad(main/disc) 7.674/1.501 | lr(main/disc) 7.00e-05/3.50e-05 | cuda_peak(alloc/resv) 21.77/28.19GB | phase(train/val/raw/train_eval) 3.0/0.7/0.7/1.0s | 5.4s
2026-08-27 17:00:04 | Epoch 036/060 | loss 1.7243 | cls 1.4932 | tal 0.0637 | dual_g 0.2119 | dual_d 1.0364 | train_acc 0.9312 | train_full n/a | val_acc 0.9015 | val_f1 0.8804 | adv/moduleC 1.00/1.00 | disc_steps 3 | grad(main/disc) 8.521/1.449 | lr(main/disc) 7.00e-05/3.50e-05 | cuda_peak(alloc/resv) 21.77/28.19GB | phase(train/val/raw/train_eval) 3.3/0.7/0.0/0.0s | 4.0s
2026-08-27 17:00:09 | Epoch 037/060 | loss 1.7036 | cls 1.4986 | tal -0.0159 | dual_g 0.2098 | dual_d 1.0581 | train_acc 0.9221 | train_full n/a | val_acc 0.9697 | val_f1 0.9551 | adv/moduleC 1.00/1.00 | disc_steps 3 | grad(main/disc) 8.058/1.506 | lr(main/disc) 7.00e-05/3.50e-05 | cuda_peak(alloc/resv) 21.77/28.19GB | phase(train/val/raw/train_eval) 3.2/0.7/0.7/0.0s | 4.7s
2026-08-27 17:00:12 | New best val_f1_macro_present: 0.9551 at epoch 37
2026-08-27 17:00:16 | Epoch 038/060 | loss 1.7008 | cls 1.4897 | tal 0.0058 | dual_g 0.2093 | dual_d 1.0221 | train_acc 0.9348 | train_full n/a | val_acc 0.9242 | val_f1 0.9204 | adv/moduleC 1.00/1.00 | disc_steps 3 | grad(main/disc) 6.257/1.443 | lr(main/disc) 7.00e-05/3.50e-05 | cuda_peak(alloc/resv) 21.77/28.19GB | phase(train/val/raw/train_eval) 3.1/0.7/0.0/0.0s | 3.8s
2026-08-27 17:00:20 | Epoch 039/060 | loss 1.6570 | cls 1.4541 | tal -0.0150 | dual_g 0.2074 | dual_d 0.9928 | train_acc 0.9475 | train_full n/a | val_acc 0.9242 | val_f1 0.9223 | adv/moduleC 1.00/1.00 | disc_steps 3 | grad(main/disc) 5.941/1.364 | lr(main/disc) 7.00e-05/3.50e-05 | cuda_peak(alloc/resv) 21.77/28.19GB | phase(train/val/raw/train_eval) 3.2/0.7/0.0/0.0s | 3.9s
2026-08-27 17:00:25 | Epoch 040/060 | loss 1.6541 | cls 1.4495 | tal 0.0050 | dual_g 0.2031 | dual_d 1.0275 | train_acc 0.9457 | train_full 0.9507 | val_acc 0.9545 | val_f1 0.9375 | adv/moduleC 1.00/1.00 | disc_steps 3 | grad(main/disc) 6.274/1.396 | lr(main/disc) 7.00e-05/3.50e-05 | cuda_peak(alloc/resv) 21.77/28.19GB | phase(train/val/raw/train_eval) 3.3/0.7/0.7/1.0s | 5.7s
2026-08-27 17:00:29 | Epoch 041/060 | loss 1.6271 | cls 1.4164 | tal 0.0276 | dual_g 0.2024 | dual_d 0.9961 | train_acc 0.9620 | train_full n/a | val_acc 0.9394 | val_f1 0.9322 | adv/moduleC 1.00/1.00 | disc_steps 3 | grad(main/disc) 5.588/1.355 | lr(main/disc) 7.00e-05/3.50e-05 | cuda_peak(alloc/resv) 21.77/28.19GB | phase(train/val/raw/train_eval) 3.2/0.7/0.0/0.0s | 4.0s
2026-08-27 17:00:33 | Epoch 042/060 | loss 1.6237 | cls 1.4258 | tal -0.0101 | dual_g 0.2009 | dual_d 1.0230 | train_acc 0.9601 | train_full n/a | val_acc 0.9545 | val_f1 0.9429 | adv/moduleC 1.00/1.00 | disc_steps 3 | grad(main/disc) 5.450/1.377 | lr(main/disc) 7.00e-05/3.50e-05 | cuda_peak(alloc/resv) 21.77/28.19GB | phase(train/val/raw/train_eval) 3.1/0.7/0.0/0.0s | 3.9s
2026-08-27 17:00:37 | Epoch 043/060 | loss 1.5836 | cls 1.3919 | tal -0.0154 | dual_g 0.1963 | dual_d 1.0421 | train_acc 0.9601 | train_full n/a | val_acc 0.9394 | val_f1 0.9224 | adv/moduleC 1.00/1.00 | disc_steps 3 | grad(main/disc) 5.595/1.344 | lr(main/disc) 7.00e-05/3.50e-05 | cuda_peak(alloc/resv) 21.77/28.19GB | phase(train/val/raw/train_eval) 3.2/0.7/0.0/0.0s | 4.0s
2026-08-27 17:00:42 | Epoch 044/060 | loss 1.5749 | cls 1.3974 | tal -0.0585 | dual_g 0.1951 | dual_d 1.0129 | train_acc 0.9475 | train_full n/a | val_acc 0.9621 | val_f1 0.9580 | adv/moduleC 1.00/1.00 | disc_steps 3 | grad(main/disc) 5.518/1.302 | lr(main/disc) 7.00e-05/3.50e-05 | cuda_peak(alloc/resv) 21.77/28.19GB | phase(train/val/raw/train_eval) 3.3/0.7/0.7/0.0s | 4.7s
2026-08-27 17:00:45 | New best val_f1_macro_present: 0.9580 at epoch 44
2026-08-27 17:00:50 | Epoch 045/060 | loss 1.5828 | cls 1.3994 | tal -0.0256 | dual_g 0.1911 | dual_d 1.0337 | train_acc 0.9656 | train_full 0.9586 | val_acc 0.9394 | val_f1 0.9257 | adv/moduleC 1.00/1.00 | disc_steps 3 | grad(main/disc) 4.456/1.336 | lr(main/disc) 7.00e-05/3.50e-05 | cuda_peak(alloc/resv) 21.77/28.19GB | phase(train/val/raw/train_eval) 3.0/0.7/0.7/1.0s | 5.5s
2026-08-27 17:00:54 | Epoch 046/060 | loss 1.5714 | cls 1.3888 | tal -0.0165 | dual_g 0.1876 | dual_d 1.0299 | train_acc 0.9565 | train_full n/a | val_acc 0.9621 | val_f1 0.9444 | adv/moduleC 1.00/1.00 | disc_steps 3 | grad(main/disc) 6.105/1.335 | lr(main/disc) 7.00e-05/3.50e-05 | cuda_peak(alloc/resv) 21.77/28.19GB | phase(train/val/raw/train_eval) 3.3/0.7/0.0/0.0s | 4.0s
2026-08-27 17:00:59 | Epoch 047/060 | loss 1.5453 | cls 1.3645 | tal -0.0179 | dual_g 0.1861 | dual_d 1.0448 | train_acc 0.9710 | train_full n/a | val_acc 0.9697 | val_f1 0.9626 | adv/moduleC 1.00/1.00 | disc_steps 3 | grad(main/disc) 4.928/1.355 | lr(main/disc) 7.00e-05/3.50e-05 | cuda_peak(alloc/resv) 21.77/28.19GB | phase(train/val/raw/train_eval) 3.3/0.7/0.7/0.0s | 4.7s
2026-08-27 17:01:02 | New best val_f1_macro_present: 0.9626 at epoch 47
2026-08-27 17:01:06 | Epoch 048/060 | loss 1.5527 | cls 1.3782 | tal -0.0360 | dual_g 0.1852 | dual_d 1.0634 | train_acc 0.9493 | train_full n/a | val_acc 0.9545 | val_f1 0.9386 | adv/moduleC 1.00/1.00 | disc_steps 3 | grad(main/disc) 4.218/1.360 | lr(main/disc) 7.00e-05/3.50e-05 | cuda_peak(alloc/resv) 21.77/28.19GB | phase(train/val/raw/train_eval) 3.2/0.7/0.0/0.0s | 3.9s
2026-08-27 17:01:10 | Epoch 049/060 | loss 1.5240 | cls 1.3549 | tal -0.0462 | dual_g 0.1830 | dual_d 1.0526 | train_acc 0.9601 | train_full n/a | val_acc 0.9545 | val_f1 0.9376 | adv/moduleC 1.00/1.00 | disc_steps 3 | grad(main/disc) 4.205/1.326 | lr(main/disc) 7.00e-05/3.50e-05 | cuda_peak(alloc/resv) 21.77/28.19GB | phase(train/val/raw/train_eval) 3.4/0.7/0.0/0.0s | 4.1s
2026-08-27 17:01:16 | Epoch 050/060 | loss 1.4988 | cls 1.3396 | tal -0.0644 | dual_g 0.1786 | dual_d 1.0817 | train_acc 0.9837 | train_full 0.9704 | val_acc 0.9697 | val_f1 0.9603 | adv/moduleC 1.00/1.00 | disc_steps 3 | grad(main/disc) 3.876/1.341 | lr(main/disc) 7.00e-05/3.50e-05 | cuda_peak(alloc/resv) 21.77/28.19GB | phase(train/val/raw/train_eval) 3.5/0.7/0.7/1.0s | 5.9s
2026-08-27 17:01:20 | Epoch 051/060 | loss 1.5246 | cls 1.3575 | tal -0.0352 | dual_g 0.1777 | dual_d 1.0713 | train_acc 0.9620 | train_full n/a | val_acc 0.9697 | val_f1 0.9564 | adv/moduleC 1.00/1.00 | disc_steps 3 | grad(main/disc) 4.232/1.334 | lr(main/disc) 7.00e-05/3.50e-05 | cuda_peak(alloc/resv) 21.77/28.19GB | phase(train/val/raw/train_eval) 3.3/0.7/0.0/0.0s | 4.0s
2026-08-27 17:01:24 | Epoch 052/060 | loss 1.4950 | cls 1.3451 | tal -0.0789 | dual_g 0.1735 | dual_d 1.0722 | train_acc 0.9710 | train_full n/a | val_acc 0.9773 | val_f1 0.9685 | adv/moduleC 1.00/1.00 | disc_steps 3 | grad(main/disc) 4.736/1.345 | lr(main/disc) 7.00e-05/3.50e-05 | cuda_peak(alloc/resv) 21.77/28.19GB | phase(train/val/raw/train_eval) 3.0/0.7/0.7/0.0s | 4.4s
2026-08-27 17:01:28 | New best val_f1_macro_present: 0.9685 at epoch 52
2026-08-27 17:01:32 | Epoch 053/060 | loss 1.4765 | cls 1.3280 | tal -0.0697 | dual_g 0.1694 | dual_d 1.0594 | train_acc 0.9783 | train_full n/a | val_acc 0.9773 | val_f1 0.9552 | adv/moduleC 1.00/1.00 | disc_steps 3 | grad(main/disc) 3.797/1.296 | lr(main/disc) 7.00e-05/3.50e-05 | cuda_peak(alloc/resv) 21.77/28.19GB | phase(train/val/raw/train_eval) 3.3/0.7/0.0/0.0s | 4.0s
2026-08-27 17:01:35 | Epoch 054/060 | loss 1.4985 | cls 1.3483 | tal -0.0652 | dual_g 0.1697 | dual_d 1.0572 | train_acc 0.9746 | train_full n/a | val_acc 0.9242 | val_f1 0.8989 | adv/moduleC 1.00/1.00 | disc_steps 3 | grad(main/disc) 4.227/1.294 | lr(main/disc) 7.00e-05/3.50e-05 | cuda_peak(alloc/resv) 21.77/28.19GB | phase(train/val/raw/train_eval) 3.2/0.8/0.0/0.0s | 3.9s
2026-08-27 17:01:41 | Epoch 055/060 | loss 1.4988 | cls 1.3312 | tal -0.0104 | dual_g 0.1707 | dual_d 1.0468 | train_acc 0.9728 | train_full 0.9586 | val_acc 0.9470 | val_f1 0.9328 | adv/moduleC 1.00/1.00 | disc_steps 3 | grad(main/disc) 4.425/1.304 | lr(main/disc) 7.00e-05/3.50e-05 | cuda_peak(alloc/resv) 21.77/28.19GB | phase(train/val/raw/train_eval) 3.0/0.7/0.7/1.0s | 5.4s
2026-08-27 17:01:45 | Epoch 056/060 | loss 1.4876 | cls 1.3231 | tal -0.0030 | dual_g 0.1654 | dual_d 1.0084 | train_acc 0.9728 | train_full n/a | val_acc 0.9621 | val_f1 0.9505 | adv/moduleC 1.00/1.00 | disc_steps 3 | grad(main/disc) 3.584/1.253 | lr(main/disc) 7.00e-05/3.50e-05 | cuda_peak(alloc/resv) 21.77/28.19GB | phase(train/val/raw/train_eval) 3.4/0.7/0.0/0.0s | 4.1s
2026-08-27 17:01:49 | Epoch 057/060 | loss 1.4949 | cls 1.3284 | tal 0.0075 | dual_g 0.1643 | dual_d 1.0483 | train_acc 0.9801 | train_full n/a | val_acc 0.9773 | val_f1 0.9685 | adv/moduleC 1.00/1.00 | disc_steps 3 | grad(main/disc) 3.593/1.275 | lr(main/disc) 7.00e-05/3.50e-05 | cuda_peak(alloc/resv) 21.77/28.19GB | phase(train/val/raw/train_eval) 3.1/0.7/0.0/0.0s | 3.8s
2026-08-27 17:01:53 | Epoch 058/060 | loss 1.4926 | cls 1.3302 | tal -0.0080 | dual_g 0.1648 | dual_d 1.0722 | train_acc 0.9873 | train_full n/a | val_acc 0.9697 | val_f1 0.9564 | adv/moduleC 1.00/1.00 | disc_steps 3 | grad(main/disc) 4.441/1.299 | lr(main/disc) 7.00e-05/3.50e-05 | cuda_peak(alloc/resv) 21.77/28.19GB | phase(train/val/raw/train_eval) 3.2/0.7/0.0/0.0s | 3.9s
2026-08-27 17:01:57 | Epoch 059/060 | loss 1.4806 | cls 1.3055 | tal 0.0384 | dual_g 0.1637 | dual_d 1.0249 | train_acc 0.9746 | train_full n/a | val_acc 0.9545 | val_f1 0.9310 | adv/moduleC 1.00/1.00 | disc_steps 3 | grad(main/disc) 3.615/1.243 | lr(main/disc) 3.50e-05/1.75e-05 | cuda_peak(alloc/resv) 21.77/28.19GB | phase(train/val/raw/train_eval) 3.2/0.7/0.0/0.0s | 4.0s
2026-08-27 17:02:02 | Epoch 060/060 | loss 1.4629 | cls 1.2978 | tal 0.0101 | dual_g 0.1620 | dual_d 1.0196 | train_acc 0.9891 | train_full 0.9822 | val_acc 0.9697 | val_f1 0.9564 | adv/moduleC 1.00/1.00 | disc_steps 3 | grad(main/disc) 3.562/1.264 | lr(main/disc) 3.50e-05/1.75e-05 | cuda_peak(alloc/resv) 21.77/28.19GB | phase(train/val/raw/train_eval) 3.2/0.7/0.7/1.0s | 5.6s
2026-08-27 17:02:02 | Training complete. Best validation accuracy: 0.9773 | best val_f1_macro_present: 0.9685
