2026-08-18 19:47:06 | Starting Dual_D standalone training
2026-08-18 19:47:06 | Run directory: runs/dual_d_逆光_iter03_20260818_161547
2026-08-18 19:47:06 | Device: cuda
2026-08-18 19:47:06 | Source train samples: 992
2026-08-18 19:47:06 | Target train samples: 132
2026-08-18 19:47:06 | Target val samples: 37
2026-08-18 19:47:06 | Classes: 14
2026-08-18 19:47:06 | Data audit: same_dir=False | path_overlap(vis/ir/ais)=0/0/0 | content_overlap(vis/ir/ais)=0/0/0 | ais_index_overlap=0 | stem_mismatch(vis-ir/vis-ais)=157/0
2026-08-18 19:47:06 | source_train classes: present 14/14 | absent 0 | counts [0:120, 1:44, 2:69, 3:45, 4:40, 5:30, 6:64, 7:80, 8:116, 9:68, 10:57, 11:83, 12:48, 13:128]
2026-08-18 19:47:06 | target_train classes: present 9/14 | absent 5 | counts [0:20, 2:12, 4:12, 5:2, 9:16, 10:16, 11:29, 12:4, 13:21]
2026-08-18 19:47:06 | target_val classes: present 9/14 | absent 5 | counts [0:6, 2:3, 4:4, 5:1, 9:4, 10:4, 11:8, 12:1, 13:6]
2026-08-18 19:47:06 | Paired training classes: 9/14 | class ids [0, 2, 4, 5, 9, 10, 11, 12, 13]
2026-08-18 19:47:06 | VIS/IR pairing: class-level-unpaired | count-mismatch classes train/val: 10/1 | AIS alignment: none | AIS rows train/val: 0/0
2026-08-18 19:47:06 | Model parameters: total=17517458 | trainable=17359954
2026-08-18 19:47:50 | Epoch 001/100 | loss 12.7892 | cls 6.0799 | tal -0.0291 | dual_g 6.7180 | dual_d 0.0000 | train_acc 0.0781 | train_full 0.1591 | val_acc 0.1622 | val_f1 0.1179 | grad(main/disc) 38.900/0.000 | lr(main/disc) 1.00e-04/5.00e-05 | 43.6s
2026-08-18 19:47:50 | New best val_acc: 0.1622 at epoch 1
2026-08-18 19:48:34 | Epoch 002/100 | loss 9.6360 | cls 4.4791 | tal 0.0173 | dual_g 5.1517 | dual_d 0.0000 | train_acc 0.3164 | train_full 0.4167 | val_acc 0.3243 | val_f1 0.2153 | grad(main/disc) 28.332/0.000 | lr(main/disc) 1.00e-04/5.00e-05 | 43.6s
2026-08-18 19:48:34 | New best val_acc: 0.3243 at epoch 2
2026-08-18 19:49:17 | Epoch 003/100 | loss 8.2682 | cls 3.6760 | tal 0.0572 | dual_g 4.5751 | dual_d 0.0000 | train_acc 0.5195 | train_full 0.6742 | val_acc 0.7027 | val_f1 0.6150 | grad(main/disc) 24.487/0.000 | lr(main/disc) 1.00e-04/5.00e-05 | 43.0s
2026-08-18 19:49:18 | New best val_acc: 0.7027 at epoch 3
2026-08-18 19:50:00 | Epoch 004/100 | loss 6.8833 | cls 3.0208 | tal 0.0033 | dual_g 3.8615 | dual_d 0.0000 | train_acc 0.6836 | train_full 0.8939 | val_acc 0.8378 | val_f1 0.7940 | grad(main/disc) 23.618/0.000 | lr(main/disc) 1.00e-04/5.00e-05 | 42.3s
2026-08-18 19:50:01 | New best val_acc: 0.8378 at epoch 4
2026-08-18 19:50:43 | Epoch 005/100 | loss 6.1544 | cls 2.7156 | tal -0.0845 | dual_g 3.4642 | dual_d 0.0000 | train_acc 0.7266 | train_full 0.8939 | val_acc 0.8919 | val_f1 0.8844 | grad(main/disc) 21.519/0.000 | lr(main/disc) 1.00e-04/5.00e-05 | 42.7s
2026-08-18 19:50:44 | New best val_acc: 0.8919 at epoch 5
2026-08-18 19:51:27 | Epoch 006/100 | loss 5.4434 | cls 2.3861 | tal -0.1342 | dual_g 3.0976 | dual_d 0.0000 | train_acc 0.8047 | train_full 0.9545 | val_acc 0.9730 | val_f1 0.9802 | grad(main/disc) 19.887/0.000 | lr(main/disc) 1.00e-04/5.00e-05 | 43.4s
2026-08-18 19:51:28 | New best val_acc: 0.9730 at epoch 6
2026-08-18 19:52:11 | Epoch 007/100 | loss 4.9462 | cls 2.1566 | tal -0.0895 | dual_g 2.8164 | dual_d 0.0000 | train_acc 0.8516 | train_full 0.9848 | val_acc 1.0000 | val_f1 1.0000 | grad(main/disc) 19.369/0.000 | lr(main/disc) 1.00e-04/5.00e-05 | 43.0s
2026-08-18 19:52:12 | New best val_acc: 1.0000 at epoch 7
2026-08-18 19:52:55 | Epoch 008/100 | loss 4.5265 | cls 1.9765 | tal -0.1489 | dual_g 2.5946 | dual_d 0.0000 | train_acc 0.9062 | train_full 0.9545 | val_acc 1.0000 | val_f1 1.0000 | grad(main/disc) 18.029/0.000 | lr(main/disc) 1.00e-04/5.00e-05 | 43.3s
2026-08-18 19:53:39 | Epoch 009/100 | loss 4.4530 | cls 1.9184 | tal -0.1196 | dual_g 2.5705 | dual_d 0.0000 | train_acc 0.9141 | train_full 0.9773 | val_acc 1.0000 | val_f1 1.0000 | grad(main/disc) 18.916/0.000 | lr(main/disc) 1.00e-04/5.00e-05 | 44.0s
2026-08-18 19:54:22 | Epoch 010/100 | loss 4.2251 | cls 1.8315 | tal -0.1473 | dual_g 2.4378 | dual_d 0.0000 | train_acc 0.9062 | train_full 0.9848 | val_acc 1.0000 | val_f1 1.0000 | grad(main/disc) 15.982/0.000 | lr(main/disc) 1.00e-04/5.00e-05 | 42.8s
2026-08-18 19:55:06 | Epoch 011/100 | loss 3.8266 | cls 1.6706 | tal -0.1551 | dual_g 2.2026 | dual_d 0.9390 | train_acc 0.9492 | train_full 0.9924 | val_acc 1.0000 | val_f1 1.0000 | grad(main/disc) 13.407/2.539 | lr(main/disc) 1.00e-04/5.00e-05 | 43.9s
2026-08-18 19:55:50 | Epoch 012/100 | loss 3.8008 | cls 1.6068 | tal -0.0216 | dual_g 2.2005 | dual_d 0.8785 | train_acc 0.9570 | train_full 1.0000 | val_acc 1.0000 | val_f1 1.0000 | grad(main/disc) 14.546/2.298 | lr(main/disc) 1.00e-04/5.00e-05 | 43.7s
2026-08-18 19:56:34 | Epoch 013/100 | loss 3.6731 | cls 1.5432 | tal -0.0726 | dual_g 2.1517 | dual_d 0.9121 | train_acc 0.9844 | train_full 0.9924 | val_acc 1.0000 | val_f1 1.0000 | grad(main/disc) 13.062/2.309 | lr(main/disc) 1.00e-04/5.00e-05 | 44.2s
2026-08-18 19:57:18 | Epoch 014/100 | loss 3.5917 | cls 1.5375 | tal -0.0671 | dual_g 2.0744 | dual_d 0.8298 | train_acc 0.9766 | train_full 1.0000 | val_acc 1.0000 | val_f1 1.0000 | grad(main/disc) 13.132/2.228 | lr(main/disc) 5.00e-05/2.50e-05 | 43.7s
2026-08-18 19:58:01 | Epoch 015/100 | loss 3.4277 | cls 1.4510 | tal -0.0942 | dual_g 2.0050 | dual_d 0.8498 | train_acc 0.9922 | train_full 1.0000 | val_acc 1.0000 | val_f1 1.0000 | grad(main/disc) 10.218/2.136 | lr(main/disc) 5.00e-05/2.50e-05 | 42.6s
2026-08-18 19:58:45 | Epoch 016/100 | loss 3.4205 | cls 1.4257 | tal -0.1034 | dual_g 2.0258 | dual_d 0.8317 | train_acc 0.9883 | train_full 1.0000 | val_acc 1.0000 | val_f1 1.0000 | grad(main/disc) 10.140/2.121 | lr(main/disc) 5.00e-05/2.50e-05 | 43.6s
2026-08-18 19:59:28 | Epoch 017/100 | loss 3.3987 | cls 1.4164 | tal -0.1259 | dual_g 2.0201 | dual_d 0.8007 | train_acc 0.9922 | train_full 1.0000 | val_acc 1.0000 | val_f1 1.0000 | grad(main/disc) 9.661/2.066 | lr(main/disc) 5.00e-05/2.50e-05 | 42.9s
2026-08-18 20:00:10 | Epoch 018/100 | loss 3.4867 | cls 1.4605 | tal -0.0655 | dual_g 2.0458 | dual_d 0.7704 | train_acc 0.9883 | train_full 1.0000 | val_acc 1.0000 | val_f1 1.0000 | grad(main/disc) 11.362/2.039 | lr(main/disc) 5.00e-05/2.50e-05 | 42.0s
2026-08-18 20:00:53 | Epoch 019/100 | loss 3.3898 | cls 1.4198 | tal -0.0680 | dual_g 1.9904 | dual_d 0.7789 | train_acc 0.9844 | train_full 1.0000 | val_acc 1.0000 | val_f1 1.0000 | grad(main/disc) 9.876/1.975 | lr(main/disc) 5.00e-05/2.50e-05 | 42.9s
2026-08-18 20:01:36 | Epoch 020/100 | loss 3.3515 | cls 1.4003 | tal -0.0725 | dual_g 1.9729 | dual_d 0.8186 | train_acc 0.9883 | train_full 1.0000 | val_acc 1.0000 | val_f1 1.0000 | grad(main/disc) 9.945/2.002 | lr(main/disc) 5.00e-05/2.50e-05 | 43.4s
2026-08-18 20:02:18 | Epoch 021/100 | loss 3.3216 | cls 1.3928 | tal -0.0827 | dual_g 1.9535 | dual_d 0.8629 | train_acc 0.9961 | train_full 1.0000 | val_acc 1.0000 | val_f1 1.0000 | grad(main/disc) 9.088/2.027 | lr(main/disc) 2.50e-05/1.25e-05 | 41.3s
2026-08-18 20:03:01 | Epoch 022/100 | loss 3.3206 | cls 1.4034 | tal -0.0624 | dual_g 1.9359 | dual_d 0.8156 | train_acc 0.9922 | train_full 1.0000 | val_acc 1.0000 | val_f1 1.0000 | grad(main/disc) 8.854/1.952 | lr(main/disc) 2.50e-05/1.25e-05 | 43.0s
2026-08-18 20:03:45 | Epoch 023/100 | loss 3.3150 | cls 1.4050 | tal -0.0966 | dual_g 1.9390 | dual_d 0.8694 | train_acc 0.9922 | train_full 1.0000 | val_acc 1.0000 | val_f1 1.0000 | grad(main/disc) 9.075/2.134 | lr(main/disc) 2.50e-05/1.25e-05 | 43.4s
2026-08-18 20:04:28 | Epoch 024/100 | loss 3.2383 | cls 1.3606 | tal -0.1442 | dual_g 1.9209 | dual_d 0.8609 | train_acc 0.9922 | train_full 1.0000 | val_acc 1.0000 | val_f1 1.0000 | grad(main/disc) 7.764/2.069 | lr(main/disc) 2.50e-05/1.25e-05 | 43.8s
2026-08-18 20:05:12 | Epoch 025/100 | loss 3.2312 | cls 1.3575 | tal -0.1126 | dual_g 1.9075 | dual_d 0.8553 | train_acc 0.9961 | train_full 1.0000 | val_acc 1.0000 | val_f1 1.0000 | grad(main/disc) 7.821/2.042 | lr(main/disc) 2.50e-05/1.25e-05 | 43.2s
2026-08-18 20:05:12 | Early stopping at epoch 25 after 18 epochs without val_acc improvement.
2026-08-18 20:05:12 | Training complete. Best validation accuracy: 1.0000 | best val_acc: 1.0000
