2026-08-11 17:52:10 | Starting Dual_D standalone training
2026-08-11 17:52:10 | Run directory: runs/dual_d_逆光_iter01_20260811_173313
2026-08-11 17:52:10 | Device: cuda
2026-08-11 17:52:10 | Source train samples: 760
2026-08-11 17:52:10 | Target train samples: 128
2026-08-11 17:52:10 | Target val samples: 36
2026-08-11 17:52:10 | Classes: 14
2026-08-11 17:52:10 | Data audit: same_dir=False | path_overlap(vis/ir/ais)=0/0/0 | content_overlap(vis/ir/ais)=0/0/0 | stem_mismatch(vis-ir/vis-ais)=111/0
2026-08-11 17:52:10 | source_train classes: present 14/14 | absent 0 | counts [0:120, 1:43, 2:47, 3:40, 4:40, 5:30, 6:52, 7:52, 8:58, 9:53, 10:53, 11:83, 12:44, 13:45]
2026-08-11 17:52:10 | target_train classes: present 9/14 | absent 5 | counts [0:20, 2:12, 4:12, 5:2, 9:15, 10:16, 11:29, 12:4, 13:18]
2026-08-11 17:52:10 | target_val classes: present 9/14 | absent 5 | counts [0:6, 2:3, 4:4, 5:1, 9:4, 10:4, 11:8, 12:1, 13:5]
2026-08-11 17:52:10 | Paired training classes: 9/14 | class ids [0, 2, 4, 5, 9, 10, 11, 12, 13]
2026-08-11 17:52:11 | Model parameters: total=17517458 | trainable=17517458
2026-08-11 17:52:15 | Epoch 001/100 | loss 12.1455 | cls 5.8494 | tal 0.0799 | dual_g 6.2722 | dual_d 0.0000 | train_acc 0.1719 | train_full 0.1094 | val_acc 0.1667 | val_f1 0.0611 | grad(main/disc) 44.727/0.000 | lr(main/disc) 5.00e-04/5.00e-04 | 4.8s
2026-08-11 17:52:16 | New best val_f1_macro_present: 0.0611 at epoch 1
2026-08-11 17:52:20 | Epoch 002/100 | loss 9.0115 | cls 4.2249 | tal -0.1343 | dual_g 4.8269 | dual_d 0.0000 | train_acc 0.3438 | train_full 0.1406 | val_acc 0.1389 | val_f1 0.0271 | grad(main/disc) 28.611/0.000 | lr(main/disc) 5.00e-04/5.00e-04 | 4.7s
2026-08-11 17:52:25 | Epoch 003/100 | loss 7.8591 | cls 3.6929 | tal -0.4326 | dual_g 4.2960 | dual_d 0.0000 | train_acc 0.3750 | train_full 0.1797 | val_acc 0.1667 | val_f1 0.0600 | grad(main/disc) 24.912/0.000 | lr(main/disc) 5.00e-04/5.00e-04 | 4.9s
2026-08-11 17:52:30 | Epoch 004/100 | loss 7.2325 | cls 3.3316 | tal -0.5403 | dual_g 4.0630 | dual_d 0.0000 | train_acc 0.6172 | train_full 0.3281 | val_acc 0.3889 | val_f1 0.1933 | grad(main/disc) 23.662/0.000 | lr(main/disc) 5.00e-04/5.00e-04 | 4.9s
2026-08-11 17:52:31 | New best val_f1_macro_present: 0.1933 at epoch 4
2026-08-11 17:52:35 | Epoch 005/100 | loss 6.7677 | cls 3.1113 | tal -0.5046 | dual_g 3.8078 | dual_d 0.0000 | train_acc 0.6484 | train_full 0.2891 | val_acc 0.3611 | val_f1 0.2671 | grad(main/disc) 19.472/0.000 | lr(main/disc) 5.00e-04/5.00e-04 | 4.7s
2026-08-11 17:52:36 | New best val_f1_macro_present: 0.2671 at epoch 5
2026-08-11 17:52:40 | Epoch 006/100 | loss 6.5953 | cls 3.0855 | tal -0.3956 | dual_g 3.6284 | dual_d 0.7672 | train_acc 0.6562 | train_full 0.3125 | val_acc 0.3333 | val_f1 0.3350 | grad(main/disc) 21.064/2.982 | lr(main/disc) 5.00e-04/5.00e-04 | 4.7s
2026-08-11 17:52:41 | New best val_f1_macro_present: 0.3350 at epoch 6
2026-08-11 17:52:45 | Epoch 007/100 | loss 6.0157 | cls 2.7520 | tal -0.3821 | dual_g 3.3782 | dual_d 0.3482 | train_acc 0.6719 | train_full 0.7969 | val_acc 0.6944 | val_f1 0.6802 | grad(main/disc) 19.303/1.529 | lr(main/disc) 5.00e-04/5.00e-04 | 4.6s
2026-08-11 17:52:45 | New best val_f1_macro_present: 0.6802 at epoch 7
2026-08-11 17:52:50 | Epoch 008/100 | loss 6.0197 | cls 2.7469 | tal -0.3128 | dual_g 3.3666 | dual_d 0.2395 | train_acc 0.6875 | train_full 0.7969 | val_acc 0.7500 | val_f1 0.7591 | grad(main/disc) 19.079/1.057 | lr(main/disc) 5.00e-04/5.00e-04 | 4.8s
2026-08-11 17:52:51 | New best val_f1_macro_present: 0.7591 at epoch 8
2026-08-11 17:52:55 | Epoch 009/100 | loss 6.1922 | cls 2.9088 | tal -0.3291 | dual_g 3.3822 | dual_d 0.1660 | train_acc 0.6016 | train_full 0.4922 | val_acc 0.5833 | val_f1 0.6252 | grad(main/disc) 21.428/0.744 | lr(main/disc) 5.00e-04/5.00e-04 | 4.5s
2026-08-11 17:53:00 | Epoch 010/100 | loss 5.9002 | cls 2.6211 | tal -0.2128 | dual_g 3.3430 | dual_d 0.1244 | train_acc 0.7266 | train_full 0.6406 | val_acc 0.6944 | val_f1 0.6873 | grad(main/disc) 20.776/0.568 | lr(main/disc) 5.00e-04/5.00e-04 | 4.9s
2026-08-11 17:53:06 | Epoch 011/100 | loss 5.6003 | cls 2.3989 | tal -0.3120 | dual_g 3.2950 | dual_d 0.1093 | train_acc 0.7500 | train_full 0.6719 | val_acc 0.6667 | val_f1 0.6153 | grad(main/disc) 17.597/0.527 | lr(main/disc) 5.00e-04/5.00e-04 | 5.4s
2026-08-11 17:53:11 | Epoch 012/100 | loss 5.6952 | cls 2.5156 | tal -0.2401 | dual_g 3.2516 | dual_d 0.1038 | train_acc 0.7422 | train_full 0.6875 | val_acc 0.7500 | val_f1 0.7573 | grad(main/disc) 22.418/0.531 | lr(main/disc) 5.00e-04/5.00e-04 | 4.9s
2026-08-11 17:53:15 | Epoch 013/100 | loss 5.6934 | cls 2.4994 | tal -0.1753 | dual_g 3.2466 | dual_d 0.1588 | train_acc 0.7266 | train_full 0.6562 | val_acc 0.6389 | val_f1 0.6263 | grad(main/disc) 19.405/0.794 | lr(main/disc) 5.00e-04/5.00e-04 | 4.4s
2026-08-11 17:53:20 | Epoch 014/100 | loss 5.4098 | cls 2.4000 | tal -0.4263 | dual_g 3.1377 | dual_d 0.2373 | train_acc 0.7734 | train_full 0.7578 | val_acc 0.8056 | val_f1 0.8103 | grad(main/disc) 17.754/1.110 | lr(main/disc) 5.00e-04/5.00e-04 | 4.6s
2026-08-11 17:53:20 | New best val_f1_macro_present: 0.8103 at epoch 14
2026-08-11 17:53:25 | Epoch 015/100 | loss 5.0924 | cls 2.2452 | tal -0.5094 | dual_g 3.0000 | dual_d 0.5180 | train_acc 0.7969 | train_full 0.7344 | val_acc 0.6944 | val_f1 0.6936 | grad(main/disc) 15.982/1.958 | lr(main/disc) 5.00e-04/5.00e-04 | 4.6s
2026-08-11 17:53:30 | Epoch 016/100 | loss 5.1195 | cls 2.3225 | tal -0.4145 | dual_g 2.9213 | dual_d 1.2724 | train_acc 0.7578 | train_full 0.8516 | val_acc 0.8056 | val_f1 0.8247 | grad(main/disc) 18.548/3.311 | lr(main/disc) 5.00e-04/5.00e-04 | 4.9s
2026-08-11 17:53:30 | New best val_f1_macro_present: 0.8247 at epoch 16
2026-08-11 17:53:35 | Epoch 017/100 | loss 4.8353 | cls 2.1598 | tal -0.2872 | dual_g 2.7617 | dual_d 1.7014 | train_acc 0.7891 | train_full 0.8906 | val_acc 0.8611 | val_f1 0.8829 | grad(main/disc) 20.151/3.853 | lr(main/disc) 5.00e-04/5.00e-04 | 4.8s
2026-08-11 17:53:35 | New best val_f1_macro_present: 0.8829 at epoch 17
2026-08-11 17:53:40 | Epoch 018/100 | loss 4.7202 | cls 2.0318 | tal -0.0722 | dual_g 2.7101 | dual_d 1.8784 | train_acc 0.8594 | train_full 0.7422 | val_acc 0.7222 | val_f1 0.7316 | grad(main/disc) 17.114/4.109 | lr(main/disc) 5.00e-04/5.00e-04 | 4.7s
2026-08-11 17:53:45 | Epoch 019/100 | loss 4.8179 | cls 2.0843 | tal 0.1803 | dual_g 2.6795 | dual_d 1.8173 | train_acc 0.8750 | train_full 0.9062 | val_acc 0.8333 | val_f1 0.8546 | grad(main/disc) 16.144/4.038 | lr(main/disc) 5.00e-04/5.00e-04 | 5.2s
2026-08-11 17:53:50 | Epoch 020/100 | loss 4.7748 | cls 2.0424 | tal 0.2329 | dual_g 2.6626 | dual_d 1.5774 | train_acc 0.8750 | train_full 0.9453 | val_acc 0.8889 | val_f1 0.9051 | grad(main/disc) 18.435/3.675 | lr(main/disc) 5.00e-04/5.00e-04 | 4.6s
2026-08-11 17:53:50 | New best val_f1_macro_present: 0.9051 at epoch 20
2026-08-11 17:53:55 | Epoch 021/100 | loss 4.4107 | cls 1.8760 | tal 0.2225 | dual_g 2.4679 | dual_d 1.5240 | train_acc 0.8438 | train_full 0.8594 | val_acc 0.8056 | val_f1 0.7836 | grad(main/disc) 17.161/3.656 | lr(main/disc) 5.00e-04/5.00e-04 | 4.8s
2026-08-11 17:54:00 | Epoch 022/100 | loss 4.9031 | cls 2.1556 | tal 0.1229 | dual_g 2.7106 | dual_d 1.4337 | train_acc 0.7891 | train_full 0.8594 | val_acc 0.8056 | val_f1 0.7923 | grad(main/disc) 21.042/3.401 | lr(main/disc) 5.00e-04/5.00e-04 | 4.9s
2026-08-11 17:54:05 | Epoch 023/100 | loss 4.2745 | cls 1.8999 | tal 0.0701 | dual_g 2.3537 | dual_d 1.3957 | train_acc 0.8828 | train_full 0.8359 | val_acc 0.8889 | val_f1 0.9017 | grad(main/disc) 13.291/3.224 | lr(main/disc) 5.00e-04/5.00e-04 | 4.9s
2026-08-11 17:54:10 | Epoch 024/100 | loss 4.2524 | cls 1.7865 | tal -0.0510 | dual_g 2.4812 | dual_d 1.2794 | train_acc 0.8906 | train_full 0.8672 | val_acc 0.9444 | val_f1 0.9543 | grad(main/disc) 18.379/3.133 | lr(main/disc) 5.00e-04/5.00e-04 | 4.8s
2026-08-11 17:54:11 | New best val_f1_macro_present: 0.9543 at epoch 24
2026-08-11 17:54:15 | Epoch 025/100 | loss 4.1842 | cls 1.8079 | tal -0.1379 | dual_g 2.4177 | dual_d 1.2523 | train_acc 0.9219 | train_full 0.8984 | val_acc 0.9167 | val_f1 0.9302 | grad(main/disc) 15.744/2.947 | lr(main/disc) 5.00e-04/5.00e-04 | 4.9s
2026-08-11 17:54:20 | Epoch 026/100 | loss 3.8672 | cls 1.6794 | tal -0.2299 | dual_g 2.2568 | dual_d 1.3277 | train_acc 0.9297 | train_full 0.9688 | val_acc 0.9167 | val_f1 0.9302 | grad(main/disc) 14.434/3.032 | lr(main/disc) 5.00e-04/5.00e-04 | 4.6s
2026-08-11 17:54:25 | Epoch 027/100 | loss 4.0975 | cls 1.7490 | tal -0.1943 | dual_g 2.4068 | dual_d 1.4944 | train_acc 0.9219 | train_full 0.9141 | val_acc 0.8611 | val_f1 0.8756 | grad(main/disc) 17.414/3.142 | lr(main/disc) 5.00e-04/5.00e-04 | 4.6s
2026-08-11 17:54:30 | Epoch 028/100 | loss 3.9075 | cls 1.7022 | tal -0.2879 | dual_g 2.2917 | dual_d 1.5392 | train_acc 0.9062 | train_full 0.9219 | val_acc 0.8889 | val_f1 0.9051 | grad(main/disc) 17.064/3.217 | lr(main/disc) 5.00e-04/5.00e-04 | 5.0s
2026-08-11 17:54:35 | Epoch 029/100 | loss 3.9922 | cls 1.7774 | tal -0.4050 | dual_g 2.3364 | dual_d 1.4455 | train_acc 0.9453 | train_full 0.9297 | val_acc 0.8889 | val_f1 0.9103 | grad(main/disc) 19.676/3.094 | lr(main/disc) 5.00e-04/5.00e-04 | 4.5s
2026-08-11 17:54:40 | Epoch 030/100 | loss 3.8873 | cls 1.7671 | tal -0.5343 | dual_g 2.2805 | dual_d 1.3959 | train_acc 0.9531 | train_full 0.8828 | val_acc 0.8056 | val_f1 0.7509 | grad(main/disc) 15.114/2.928 | lr(main/disc) 5.00e-04/5.00e-04 | 5.0s
2026-08-11 17:54:45 | Epoch 031/100 | loss 3.7105 | cls 1.5891 | tal -0.3340 | dual_g 2.2216 | dual_d 1.3398 | train_acc 0.9453 | train_full 0.9531 | val_acc 0.8889 | val_f1 0.9056 | grad(main/disc) 15.954/2.929 | lr(main/disc) 5.00e-04/5.00e-04 | 5.1s
2026-08-11 17:54:50 | Epoch 032/100 | loss 3.7574 | cls 1.6512 | tal -0.3161 | dual_g 2.2010 | dual_d 1.3087 | train_acc 0.9297 | train_full 0.9844 | val_acc 0.8889 | val_f1 0.9056 | grad(main/disc) 15.334/2.766 | lr(main/disc) 5.00e-04/5.00e-04 | 5.2s
2026-08-11 17:54:56 | Epoch 033/100 | loss 3.8323 | cls 1.6858 | tal -0.2735 | dual_g 2.2285 | dual_d 1.3389 | train_acc 0.9453 | train_full 0.9062 | val_acc 0.8889 | val_f1 0.8847 | grad(main/disc) 15.342/2.749 | lr(main/disc) 5.00e-04/5.00e-04 | 5.0s
2026-08-11 17:55:00 | Epoch 034/100 | loss 3.6748 | cls 1.5852 | tal -0.1744 | dual_g 2.1419 | dual_d 1.3196 | train_acc 0.9531 | train_full 0.9609 | val_acc 0.9167 | val_f1 0.9302 | grad(main/disc) 13.960/2.599 | lr(main/disc) 5.00e-04/5.00e-04 | 4.6s
2026-08-11 17:55:05 | Epoch 035/100 | loss 3.7527 | cls 1.6624 | tal -0.1401 | dual_g 2.1324 | dual_d 1.3400 | train_acc 0.9453 | train_full 0.9844 | val_acc 0.9167 | val_f1 0.9302 | grad(main/disc) 14.296/2.642 | lr(main/disc) 2.50e-04/2.50e-04 | 4.9s
2026-08-11 17:55:10 | Epoch 036/100 | loss 3.5505 | cls 1.5553 | tal -0.0598 | dual_g 2.0131 | dual_d 1.2038 | train_acc 0.9609 | train_full 0.9609 | val_acc 0.9444 | val_f1 0.9556 | grad(main/disc) 13.519/2.384 | lr(main/disc) 2.50e-04/2.50e-04 | 4.7s
2026-08-11 17:55:11 | New best val_f1_macro_present: 0.9556 at epoch 36
2026-08-11 17:55:15 | Epoch 037/100 | loss 3.6210 | cls 1.5850 | tal -0.0119 | dual_g 2.0395 | dual_d 1.2521 | train_acc 0.9609 | train_full 0.9141 | val_acc 0.8889 | val_f1 0.8847 | grad(main/disc) 14.840/2.402 | lr(main/disc) 2.50e-04/2.50e-04 | 4.7s
2026-08-11 17:55:20 | Epoch 038/100 | loss 3.8408 | cls 1.6247 | tal 0.1503 | dual_g 2.1710 | dual_d 1.1348 | train_acc 0.9844 | train_full 0.9609 | val_acc 0.9167 | val_f1 0.9302 | grad(main/disc) 12.805/2.183 | lr(main/disc) 2.50e-04/2.50e-04 | 4.6s
2026-08-11 17:55:25 | Epoch 039/100 | loss 3.6157 | cls 1.5508 | tal 0.1473 | dual_g 2.0208 | dual_d 1.2241 | train_acc 0.9844 | train_full 0.9609 | val_acc 0.9167 | val_f1 0.9302 | grad(main/disc) 13.153/2.275 | lr(main/disc) 2.50e-04/2.50e-04 | 4.5s
2026-08-11 17:55:30 | Epoch 040/100 | loss 3.5522 | cls 1.4808 | tal 0.1129 | dual_g 2.0375 | dual_d 1.1742 | train_acc 0.9844 | train_full 0.9453 | val_acc 0.9167 | val_f1 0.9302 | grad(main/disc) 10.984/2.182 | lr(main/disc) 2.50e-04/2.50e-04 | 5.1s
2026-08-11 17:55:35 | Epoch 041/100 | loss 3.7925 | cls 1.5897 | tal 0.1478 | dual_g 2.1584 | dual_d 1.1152 | train_acc 0.9219 | train_full 0.9844 | val_acc 0.9167 | val_f1 0.9302 | grad(main/disc) 15.626/2.102 | lr(main/disc) 2.50e-04/2.50e-04 | 5.1s
2026-08-11 17:55:40 | Epoch 042/100 | loss 3.3841 | cls 1.4251 | tal 0.2568 | dual_g 1.8819 | dual_d 1.2146 | train_acc 0.9766 | train_full 0.9844 | val_acc 0.9722 | val_f1 0.9802 | grad(main/disc) 11.164/2.159 | lr(main/disc) 2.50e-04/2.50e-04 | 4.5s
2026-08-11 17:55:40 | New best val_f1_macro_present: 0.9802 at epoch 42
2026-08-11 17:55:45 | Epoch 043/100 | loss 3.5011 | cls 1.4466 | tal 0.1906 | dual_g 1.9974 | dual_d 1.2583 | train_acc 0.9766 | train_full 0.9609 | val_acc 0.9444 | val_f1 0.9556 | grad(main/disc) 13.753/2.278 | lr(main/disc) 2.50e-04/2.50e-04 | 4.8s
2026-08-11 17:55:50 | Epoch 044/100 | loss 3.4391 | cls 1.4519 | tal 0.1994 | dual_g 1.9273 | dual_d 1.1992 | train_acc 0.9844 | train_full 0.9531 | val_acc 0.9444 | val_f1 0.9556 | grad(main/disc) 12.944/2.100 | lr(main/disc) 2.50e-04/2.50e-04 | 5.0s
2026-08-11 17:55:55 | Epoch 045/100 | loss 3.3819 | cls 1.4194 | tal 0.2339 | dual_g 1.8924 | dual_d 1.1821 | train_acc 0.9766 | train_full 0.9766 | val_acc 0.9444 | val_f1 0.9556 | grad(main/disc) 11.617/2.048 | lr(main/disc) 2.50e-04/2.50e-04 | 4.9s
2026-08-11 17:56:00 | Epoch 046/100 | loss 3.6338 | cls 1.5261 | tal 0.2994 | dual_g 2.0178 | dual_d 1.1509 | train_acc 0.9844 | train_full 0.9844 | val_acc 0.9444 | val_f1 0.9556 | grad(main/disc) 13.814/1.966 | lr(main/disc) 2.50e-04/2.50e-04 | 5.0s
2026-08-11 17:56:05 | Epoch 047/100 | loss 3.5480 | cls 1.4950 | tal 0.2050 | dual_g 1.9915 | dual_d 1.0666 | train_acc 0.9688 | train_full 0.9531 | val_acc 0.9444 | val_f1 0.9556 | grad(main/disc) 15.287/1.907 | lr(main/disc) 2.50e-04/2.50e-04 | 5.0s
2026-08-11 17:56:10 | Epoch 048/100 | loss 3.4174 | cls 1.4113 | tal 0.2252 | dual_g 1.9386 | dual_d 0.9755 | train_acc 0.9688 | train_full 0.9531 | val_acc 0.9722 | val_f1 0.9802 | grad(main/disc) 11.461/1.703 | lr(main/disc) 2.50e-04/2.50e-04 | 4.6s
2026-08-11 17:56:15 | Epoch 049/100 | loss 3.5027 | cls 1.4635 | tal 0.3150 | dual_g 1.9447 | dual_d 0.9697 | train_acc 0.9609 | train_full 0.9844 | val_acc 0.9444 | val_f1 0.9556 | grad(main/disc) 13.191/1.695 | lr(main/disc) 2.50e-04/2.50e-04 | 4.8s
2026-08-11 17:56:20 | Epoch 050/100 | loss 3.5366 | cls 1.4300 | tal 0.2937 | dual_g 2.0185 | dual_d 0.9694 | train_acc 0.9688 | train_full 0.9922 | val_acc 0.9444 | val_f1 0.9556 | grad(main/disc) 15.213/1.739 | lr(main/disc) 2.50e-04/2.50e-04 | 4.9s
2026-08-11 17:56:25 | Epoch 051/100 | loss 3.5294 | cls 1.4648 | tal 0.3106 | dual_g 1.9714 | dual_d 0.9018 | train_acc 0.9922 | train_full 0.9844 | val_acc 0.9444 | val_f1 0.9556 | grad(main/disc) 10.874/1.546 | lr(main/disc) 2.50e-04/2.50e-04 | 5.0s
2026-08-11 17:56:30 | Epoch 052/100 | loss 3.3316 | cls 1.3759 | tal 0.2692 | dual_g 1.8749 | dual_d 0.9206 | train_acc 0.9844 | train_full 0.9766 | val_acc 0.9167 | val_f1 0.9302 | grad(main/disc) 10.018/1.535 | lr(main/disc) 2.50e-04/2.50e-04 | 4.9s
2026-08-11 17:56:35 | Epoch 053/100 | loss 3.7877 | cls 1.6114 | tal 0.2782 | dual_g 2.0929 | dual_d 0.8938 | train_acc 0.9688 | train_full 0.9688 | val_acc 0.9167 | val_f1 0.9302 | grad(main/disc) 14.937/1.519 | lr(main/disc) 1.25e-04/1.25e-04 | 4.8s
2026-08-11 17:56:40 | Epoch 054/100 | loss 3.4373 | cls 1.4486 | tal 0.2591 | dual_g 1.9110 | dual_d 0.8649 | train_acc 0.9766 | train_full 0.9844 | val_acc 0.9167 | val_f1 0.9302 | grad(main/disc) 16.244/1.437 | lr(main/disc) 1.25e-04/1.25e-04 | 4.8s
2026-08-11 17:56:45 | Epoch 055/100 | loss 3.3654 | cls 1.3889 | tal 0.2432 | dual_g 1.9036 | dual_d 0.8539 | train_acc 0.9688 | train_full 0.9688 | val_acc 0.9167 | val_f1 0.9302 | grad(main/disc) 11.809/1.443 | lr(main/disc) 1.25e-04/1.25e-04 | 4.7s
2026-08-11 17:56:50 | Epoch 056/100 | loss 3.3445 | cls 1.3934 | tal 0.1794 | dual_g 1.8973 | dual_d 0.8470 | train_acc 0.9766 | train_full 0.9531 | val_acc 0.9167 | val_f1 0.9302 | grad(main/disc) 10.242/1.365 | lr(main/disc) 1.25e-04/1.25e-04 | 4.9s
2026-08-11 17:56:55 | Epoch 057/100 | loss 3.2424 | cls 1.3604 | tal 0.1401 | dual_g 1.8399 | dual_d 0.8311 | train_acc 0.9844 | train_full 0.9844 | val_acc 0.9167 | val_f1 0.9302 | grad(main/disc) 9.274/1.321 | lr(main/disc) 1.25e-04/1.25e-04 | 4.6s
2026-08-11 17:57:00 | Epoch 058/100 | loss 3.2264 | cls 1.3445 | tal 0.0668 | dual_g 1.8619 | dual_d 0.8705 | train_acc 0.9844 | train_full 0.9922 | val_acc 0.9167 | val_f1 0.9302 | grad(main/disc) 8.835/1.394 | lr(main/disc) 1.25e-04/1.25e-04 | 5.1s
2026-08-11 17:57:05 | Epoch 059/100 | loss 3.3330 | cls 1.3934 | tal 0.1285 | dual_g 1.9011 | dual_d 0.8710 | train_acc 0.9688 | train_full 1.0000 | val_acc 0.9167 | val_f1 0.9302 | grad(main/disc) 13.845/1.375 | lr(main/disc) 1.25e-04/1.25e-04 | 4.9s
2026-08-11 17:57:11 | Epoch 060/100 | loss 3.1787 | cls 1.3453 | tal 0.0159 | dual_g 1.8286 | dual_d 0.8405 | train_acc 0.9844 | train_full 1.0000 | val_acc 0.9444 | val_f1 0.9556 | grad(main/disc) 11.345/1.388 | lr(main/disc) 1.25e-04/1.25e-04 | 5.4s
2026-08-11 17:57:16 | Epoch 061/100 | loss 3.1021 | cls 1.2839 | tal 0.0136 | dual_g 1.8142 | dual_d 0.8758 | train_acc 0.9922 | train_full 0.9922 | val_acc 0.9444 | val_f1 0.9556 | grad(main/disc) 8.198/1.373 | lr(main/disc) 1.25e-04/1.25e-04 | 5.0s
2026-08-11 17:57:21 | Epoch 062/100 | loss 3.1883 | cls 1.3642 | tal -0.0462 | dual_g 1.8380 | dual_d 0.8863 | train_acc 0.9844 | train_full 0.9922 | val_acc 0.9444 | val_f1 0.9556 | grad(main/disc) 11.657/1.362 | lr(main/disc) 1.25e-04/1.25e-04 | 4.8s
2026-08-11 17:57:26 | Epoch 063/100 | loss 3.2734 | cls 1.4136 | tal -0.1108 | dual_g 1.8930 | dual_d 0.8493 | train_acc 0.9922 | train_full 1.0000 | val_acc 0.9444 | val_f1 0.9556 | grad(main/disc) 15.034/1.314 | lr(main/disc) 1.25e-04/1.25e-04 | 4.8s
2026-08-11 17:57:31 | Epoch 064/100 | loss 3.1169 | cls 1.3554 | tal -0.1237 | dual_g 1.7986 | dual_d 0.8437 | train_acc 1.0000 | train_full 0.9922 | val_acc 0.9444 | val_f1 0.9556 | grad(main/disc) 9.497/1.286 | lr(main/disc) 6.25e-05/6.25e-05 | 4.5s
2026-08-11 17:57:36 | Epoch 065/100 | loss 3.0844 | cls 1.3371 | tal -0.1373 | dual_g 1.7885 | dual_d 0.8654 | train_acc 1.0000 | train_full 1.0000 | val_acc 0.9444 | val_f1 0.9556 | grad(main/disc) 8.391/1.311 | lr(main/disc) 6.25e-05/6.25e-05 | 4.9s
2026-08-11 17:57:41 | Epoch 066/100 | loss 3.0810 | cls 1.3071 | tal -0.0816 | dual_g 1.7984 | dual_d 0.8206 | train_acc 1.0000 | train_full 1.0000 | val_acc 0.9444 | val_f1 0.9556 | grad(main/disc) 8.310/1.247 | lr(main/disc) 6.25e-05/6.25e-05 | 4.9s
2026-08-11 17:57:46 | Epoch 067/100 | loss 3.1698 | cls 1.3853 | tal -0.1016 | dual_g 1.8149 | dual_d 0.8277 | train_acc 0.9766 | train_full 1.0000 | val_acc 0.9444 | val_f1 0.9556 | grad(main/disc) 10.821/1.279 | lr(main/disc) 6.25e-05/6.25e-05 | 4.9s
2026-08-11 17:57:50 | Epoch 068/100 | loss 2.9907 | cls 1.2773 | tal -0.1481 | dual_g 1.7578 | dual_d 0.8762 | train_acc 1.0000 | train_full 1.0000 | val_acc 0.9444 | val_f1 0.9556 | grad(main/disc) 5.874/1.335 | lr(main/disc) 6.25e-05/6.25e-05 | 4.6s
2026-08-11 17:57:55 | Epoch 069/100 | loss 3.0439 | cls 1.3350 | tal -0.2578 | dual_g 1.7862 | dual_d 0.8319 | train_acc 0.9922 | train_full 1.0000 | val_acc 0.9444 | val_f1 0.9556 | grad(main/disc) 9.141/1.258 | lr(main/disc) 6.25e-05/6.25e-05 | 4.8s
2026-08-11 17:58:01 | Epoch 070/100 | loss 3.0359 | cls 1.3151 | tal -0.1631 | dual_g 1.7698 | dual_d 0.8632 | train_acc 1.0000 | train_full 1.0000 | val_acc 0.9444 | val_f1 0.9556 | grad(main/disc) 8.889/1.261 | lr(main/disc) 6.25e-05/6.25e-05 | 5.1s
2026-08-11 17:58:05 | Epoch 071/100 | loss 3.0681 | cls 1.3052 | tal -0.2115 | dual_g 1.8263 | dual_d 0.8499 | train_acc 1.0000 | train_full 1.0000 | val_acc 0.9167 | val_f1 0.9302 | grad(main/disc) 10.100/1.294 | lr(main/disc) 6.25e-05/6.25e-05 | 4.5s
2026-08-11 17:58:11 | Epoch 072/100 | loss 2.9806 | cls 1.3105 | tal -0.2841 | dual_g 1.7553 | dual_d 0.8667 | train_acc 1.0000 | train_full 0.9922 | val_acc 0.9444 | val_f1 0.9556 | grad(main/disc) 9.574/1.254 | lr(main/disc) 6.25e-05/6.25e-05 | 5.1s
2026-08-11 17:58:15 | Epoch 073/100 | loss 2.9326 | cls 1.2837 | tal -0.3022 | dual_g 1.7396 | dual_d 0.8443 | train_acc 1.0000 | train_full 0.9922 | val_acc 0.9167 | val_f1 0.9302 | grad(main/disc) 7.079/1.254 | lr(main/disc) 6.25e-05/6.25e-05 | 4.8s
2026-08-11 17:58:21 | Epoch 074/100 | loss 3.0562 | cls 1.3233 | tal -0.0966 | dual_g 1.7619 | dual_d 0.8876 | train_acc 0.9766 | train_full 1.0000 | val_acc 0.9444 | val_f1 0.9556 | grad(main/disc) 9.813/1.286 | lr(main/disc) 6.25e-05/6.25e-05 | 4.9s
2026-08-11 17:58:26 | Epoch 075/100 | loss 2.9796 | cls 1.2943 | tal -0.1901 | dual_g 1.7423 | dual_d 0.8745 | train_acc 0.9922 | train_full 1.0000 | val_acc 0.9444 | val_f1 0.9556 | grad(main/disc) 8.868/1.240 | lr(main/disc) 3.13e-05/3.13e-05 | 5.0s
2026-08-11 17:58:26 | Early stopping at epoch 75 after 33 epochs without val_f1_macro_present improvement.
2026-08-11 17:58:26 | Training complete. Best validation accuracy: 0.9722 | best val_f1_macro_present: 0.9802
