2026-08-29 17:17:38 | Starting Dual_D standalone training
2026-08-29 17:17:38 | Run directory: runs/module_c_ablation_60_v7/module_c_20260829_145907/module_c_no_paired_contrastive_逆光_20260829_170127
2026-08-29 17:17:38 | Device: cuda
2026-08-29 17:17:38 | Source train samples: 992
2026-08-29 17:17:38 | Target train samples: 132
2026-08-29 17:17:38 | Target val samples: 37
2026-08-29 17:17:38 | Classes: 14
2026-08-29 17:17:38 | Data audit: same_dir=False | path_overlap(vis/ir/ais)=0/0/0 | content_overlap(vis/ir/ais)=0/0/0 | ais_index_overlap=0 | stem_mismatch(vis-ir/vis-ais)=157/0
2026-08-29 17:17:38 | source_train classes: present 14/14 | absent 0 | counts [0:120, 1:44, 2:69, 3:45, 4:40, 5:30, 6:64, 7:80, 8:116, 9:68, 10:57, 11:83, 12:48, 13:128]
2026-08-29 17:17:38 | target_train classes: present 9/14 | absent 5 | counts [0:20, 2:12, 4:12, 5:2, 9:16, 10:16, 11:29, 12:4, 13:21]
2026-08-29 17:17:38 | target_val classes: present 9/14 | absent 5 | counts [0:6, 2:3, 4:4, 5:1, 9:4, 10:4, 11:8, 12:1, 13:6]
2026-08-29 17:17:38 | Paired training classes: 9/14 | class ids [0, 2, 4, 5, 9, 10, 11, 12, 13]
2026-08-29 17:17:38 | Runtime profile: batch=92 | paired_steps=4 | workers=16 | train_eval_every=5 | raw_eval_every=5 | stability_window=3 | lr_scheduler_start=24 | early_stop=18 after min_epoch=45
2026-08-29 17:17:38 | VIS/IR pairing: class-level-unpaired | count-mismatch classes train/val: 10/1 | AIS alignment: none | AIS rows train/val: 0/0
2026-08-29 17:17:39 | Effective Dual-D loss weights: {"adv_auxiliary": 0.025, "adv_primary": 0.025, "classification": 0.15, "contrastive": 0.0, "cycle": 0.12, "identity": 0.03, "prototype_contrastive": 0.06}
2026-08-29 17:17:39 | Model parameters: total=17277714 | trainable=17120210
2026-08-29 17:17:45 | Epoch 001/060 | loss 6.0719 | cls 6.1325 | tal -0.2023 | dual_g 0.0000 | dual_d 0.0000 | train_acc 0.0652 | train_full 0.0000 | val_acc 0.0000 | val_f1 0.0000 | adv/moduleC 0.00/0.00 | disc_steps 0 | grad(main/disc) 16.949/0.000 | lr(main/disc) 6.50e-05/2.75e-05 | cuda_peak(alloc/resv) 21.77/28.18GB | phase(train/val/raw/train_eval) 3.9/0.5/0.5/0.8s | 5.6s
2026-08-29 17:17:48 | Epoch 002/060 | loss 4.9763 | cls 5.0494 | tal -0.2436 | dual_g 0.0000 | dual_d 0.0000 | train_acc 0.1576 | train_full n/a | val_acc 0.1351 | val_f1 0.0668 | adv/moduleC 0.00/0.00 | disc_steps 0 | grad(main/disc) 14.044/0.000 | lr(main/disc) 6.50e-05/2.75e-05 | cuda_peak(alloc/resv) 21.77/28.18GB | phase(train/val/raw/train_eval) 3.0/0.5/0.0/0.0s | 3.5s
2026-08-29 17:17:52 | Epoch 003/060 | loss 4.2785 | cls 4.3360 | tal -0.1917 | dual_g 0.0000 | dual_d 0.0000 | train_acc 0.2935 | train_full n/a | val_acc 0.2432 | val_f1 0.1515 | adv/moduleC 0.00/0.00 | disc_steps 0 | grad(main/disc) 12.029/0.000 | lr(main/disc) 6.50e-05/2.75e-05 | cuda_peak(alloc/resv) 21.77/28.18GB | phase(train/val/raw/train_eval) 3.3/0.5/0.5/0.0s | 4.3s
2026-08-29 17:17:55 | New best val_f1_macro_present: raw=0.1515 stable_score=0.0000 at epoch 3
2026-08-29 17:17:59 | Epoch 004/060 | loss 3.8530 | cls 3.9085 | tal -0.1849 | dual_g 0.0000 | dual_d 0.0000 | train_acc 0.3424 | train_full n/a | val_acc 0.3243 | val_f1 0.2134 | adv/moduleC 0.00/0.00 | disc_steps 0 | grad(main/disc) 10.961/0.000 | lr(main/disc) 6.50e-05/2.75e-05 | cuda_peak(alloc/resv) 21.77/28.18GB | phase(train/val/raw/train_eval) 3.4/0.5/0.5/0.0s | 4.4s
2026-08-29 17:18:02 | New best val_f1_macro_present: raw=0.2134 stable_score=0.0668 at epoch 4
2026-08-29 17:18:08 | Epoch 005/060 | loss 3.7019 | cls 3.6757 | tal -0.2416 | dual_g 0.0986 | dual_d 0.0000 | train_acc 0.4429 | train_full 0.5000 | val_acc 0.4865 | val_f1 0.4623 | adv/moduleC 0.00/0.12 | disc_steps 0 | grad(main/disc) 10.427/0.000 | lr(main/disc) 6.50e-05/2.75e-05 | cuda_peak(alloc/resv) 21.77/28.18GB | phase(train/val/raw/train_eval) 3.5/0.5/0.5/0.8s | 5.3s
2026-08-29 17:18:10 | New best val_f1_macro_present: raw=0.4623 stable_score=0.1515 at epoch 5
2026-08-29 17:18:14 | Epoch 006/060 | loss 3.4482 | cls 3.3393 | tal -0.2580 | dual_g 0.1863 | dual_d 0.0000 | train_acc 0.4728 | train_full n/a | val_acc 0.6216 | val_f1 0.6067 | adv/moduleC 0.00/0.25 | disc_steps 0 | grad(main/disc) 9.784/0.000 | lr(main/disc) 6.50e-05/2.75e-05 | cuda_peak(alloc/resv) 21.77/28.18GB | phase(train/val/raw/train_eval) 2.9/0.5/0.5/0.0s | 3.9s
2026-08-29 17:18:17 | New best val_f1_macro_present: raw=0.6067 stable_score=0.2134 at epoch 6
2026-08-29 17:18:21 | Epoch 007/060 | loss 3.2457 | cls 3.0621 | tal -0.2803 | dual_g 0.2677 | dual_d 0.7906 | train_acc 0.5897 | train_full n/a | val_acc 0.7297 | val_f1 0.6677 | adv/moduleC 0.07/0.38 | disc_steps 2 | grad(main/disc) 9.198/1.565 | lr(main/disc) 6.50e-05/2.75e-05 | cuda_peak(alloc/resv) 21.77/28.18GB | phase(train/val/raw/train_eval) 3.2/0.5/0.5/0.0s | 4.3s
2026-08-29 17:18:24 | New best val_f1_macro_present: raw=0.6677 stable_score=0.4623 at epoch 7
2026-08-29 17:18:29 | Epoch 008/060 | loss 3.0954 | cls 2.8348 | tal -0.2669 | dual_g 0.3407 | dual_d 0.8034 | train_acc 0.6250 | train_full n/a | val_acc 0.8649 | val_f1 0.8831 | adv/moduleC 0.14/0.50 | disc_steps 2 | grad(main/disc) 8.841/1.527 | lr(main/disc) 6.50e-05/2.75e-05 | cuda_peak(alloc/resv) 21.77/28.18GB | phase(train/val/raw/train_eval) 3.3/0.5/0.5/0.0s | 4.3s
2026-08-29 17:18:31 | New best val_f1_macro_present: raw=0.8831 stable_score=0.6067 at epoch 8
2026-08-29 17:18:35 | Epoch 009/060 | loss 3.0109 | cls 2.6938 | tal -0.2987 | dual_g 0.4068 | dual_d 0.8081 | train_acc 0.6223 | train_full n/a | val_acc 0.8649 | val_f1 0.8831 | adv/moduleC 0.21/0.62 | disc_steps 2 | grad(main/disc) 9.299/1.574 | lr(main/disc) 6.50e-05/2.75e-05 | cuda_peak(alloc/resv) 21.77/28.18GB | phase(train/val/raw/train_eval) 2.9/0.5/0.5/0.0s | 3.9s
2026-08-29 17:18:38 | New best val_f1_macro_present: raw=0.8831 stable_score=0.6677 at epoch 9
2026-08-29 17:18:43 | Epoch 010/060 | loss 2.9040 | cls 2.5248 | tal -0.2725 | dual_g 0.4610 | dual_d 0.7937 | train_acc 0.6766 | train_full 0.8636 | val_acc 0.8108 | val_f1 0.8443 | adv/moduleC 0.29/0.75 | disc_steps 2 | grad(main/disc) 9.251/1.573 | lr(main/disc) 6.50e-05/2.75e-05 | cuda_peak(alloc/resv) 21.77/28.18GB | phase(train/val/raw/train_eval) 3.3/0.5/0.5/0.8s | 5.1s
2026-08-29 17:18:46 | New best val_f1_macro_present: raw=0.8443 stable_score=0.8443 at epoch 10
2026-08-29 17:18:50 | Epoch 011/060 | loss 2.8962 | cls 2.4434 | tal -0.2354 | dual_g 0.5234 | dual_d 0.8347 | train_acc 0.7418 | train_full n/a | val_acc 0.8919 | val_f1 0.9042 | adv/moduleC 0.36/0.88 | disc_steps 2 | grad(main/disc) 9.226/1.543 | lr(main/disc) 6.50e-05/2.75e-05 | cuda_peak(alloc/resv) 21.77/28.18GB | phase(train/val/raw/train_eval) 3.3/0.5/0.0/0.0s | 3.8s
2026-08-29 17:18:53 | Epoch 012/060 | loss 2.7956 | cls 2.2830 | tal -0.1943 | dual_g 0.5709 | dual_d 0.7891 | train_acc 0.7582 | train_full n/a | val_acc 0.9459 | val_f1 0.9558 | adv/moduleC 0.43/1.00 | disc_steps 2 | grad(main/disc) 8.974/1.519 | lr(main/disc) 6.50e-05/2.75e-05 | cuda_peak(alloc/resv) 21.77/28.18GB | phase(train/val/raw/train_eval) 3.1/0.5/0.0/0.0s | 3.6s
2026-08-29 17:18:57 | Epoch 013/060 | loss 2.6452 | cls 2.1482 | tal -0.1832 | dual_g 0.5520 | dual_d 0.8104 | train_acc 0.7554 | train_full n/a | val_acc 0.9189 | val_f1 0.9335 | adv/moduleC 0.50/1.00 | disc_steps 2 | grad(main/disc) 8.220/1.501 | lr(main/disc) 6.50e-05/2.75e-05 | cuda_peak(alloc/resv) 21.77/28.18GB | phase(train/val/raw/train_eval) 3.1/0.5/0.5/0.0s | 4.1s
2026-08-29 17:19:00 | New best val_f1_macro_present: raw=0.9335 stable_score=0.9042 at epoch 13
2026-08-29 17:19:04 | Epoch 014/060 | loss 2.6150 | cls 2.0994 | tal -0.1023 | dual_g 0.5462 | dual_d 0.7698 | train_acc 0.8043 | train_full n/a | val_acc 0.9459 | val_f1 0.9331 | adv/moduleC 0.57/1.00 | disc_steps 2 | grad(main/disc) 8.238/1.429 | lr(main/disc) 6.50e-05/2.75e-05 | cuda_peak(alloc/resv) 21.77/28.18GB | phase(train/val/raw/train_eval) 3.4/0.5/0.5/0.0s | 4.4s
2026-08-29 17:19:07 | New best val_f1_macro_present: raw=0.9331 stable_score=0.9331 at epoch 14
2026-08-29 17:19:12 | Epoch 015/060 | loss 2.5341 | cls 2.0408 | tal -0.1162 | dual_g 0.5281 | dual_d 0.7898 | train_acc 0.8179 | train_full 0.9394 | val_acc 0.9459 | val_f1 0.9556 | adv/moduleC 0.64/1.00 | disc_steps 2 | grad(main/disc) 8.631/1.404 | lr(main/disc) 6.50e-05/2.75e-05 | cuda_peak(alloc/resv) 21.77/28.18GB | phase(train/val/raw/train_eval) 3.2/0.5/0.5/0.8s | 5.0s
2026-08-29 17:19:16 | Epoch 016/060 | loss 2.3911 | cls 1.9278 | tal -0.1480 | dual_g 0.5077 | dual_d 0.8085 | train_acc 0.8478 | train_full n/a | val_acc 0.9459 | val_f1 0.9556 | adv/moduleC 0.71/1.00 | disc_steps 2 | grad(main/disc) 7.683/1.404 | lr(main/disc) 6.50e-05/2.75e-05 | cuda_peak(alloc/resv) 21.77/28.18GB | phase(train/val/raw/train_eval) 3.4/0.5/0.0/0.0s | 3.9s
2026-08-29 17:19:20 | Epoch 017/060 | loss 2.2915 | cls 1.8341 | tal -0.1425 | dual_g 0.5001 | dual_d 0.8026 | train_acc 0.8995 | train_full n/a | val_acc 0.9459 | val_f1 0.9556 | adv/moduleC 0.79/1.00 | disc_steps 2 | grad(main/disc) 8.292/1.349 | lr(main/disc) 6.50e-05/2.75e-05 | cuda_peak(alloc/resv) 21.77/28.18GB | phase(train/val/raw/train_eval) 3.1/0.5/0.5/0.0s | 4.1s
2026-08-29 17:19:23 | New best val_f1_macro_present: raw=0.9556 stable_score=0.9556 at epoch 17
2026-08-29 17:19:27 | Epoch 018/060 | loss 2.2408 | cls 1.7967 | tal -0.1536 | dual_g 0.4902 | dual_d 0.7482 | train_acc 0.9103 | train_full n/a | val_acc 0.9459 | val_f1 0.9458 | adv/moduleC 0.86/1.00 | disc_steps 2 | grad(main/disc) 9.642/1.344 | lr(main/disc) 6.50e-05/2.75e-05 | cuda_peak(alloc/resv) 21.77/28.18GB | phase(train/val/raw/train_eval) 3.5/0.5/0.0/0.0s | 4.0s
2026-08-29 17:19:31 | Epoch 019/060 | loss 2.1494 | cls 1.7088 | tal -0.1347 | dual_g 0.4810 | dual_d 0.7766 | train_acc 0.8995 | train_full n/a | val_acc 0.9459 | val_f1 0.9578 | adv/moduleC 0.93/1.00 | disc_steps 2 | grad(main/disc) 7.482/1.340 | lr(main/disc) 6.50e-05/2.75e-05 | cuda_peak(alloc/resv) 21.77/28.18GB | phase(train/val/raw/train_eval) 3.0/0.5/0.0/0.0s | 3.5s
2026-08-29 17:19:36 | Epoch 020/060 | loss 2.2132 | cls 1.7560 | tal -0.0996 | dual_g 0.4871 | dual_d 0.8127 | train_acc 0.8234 | train_full 0.9773 | val_acc 0.9730 | val_f1 0.9802 | adv/moduleC 1.00/1.00 | disc_steps 2 | grad(main/disc) 10.539/1.410 | lr(main/disc) 6.50e-05/2.75e-05 | cuda_peak(alloc/resv) 21.77/28.18GB | phase(train/val/raw/train_eval) 3.0/0.5/0.5/0.8s | 4.8s
2026-08-29 17:19:40 | Epoch 021/060 | loss 2.0250 | cls 1.5889 | tal -0.0548 | dual_g 0.4526 | dual_d 0.8456 | train_acc 0.9130 | train_full n/a | val_acc 0.9730 | val_f1 0.9776 | adv/moduleC 1.00/1.00 | disc_steps 2 | grad(main/disc) 7.564/1.364 | lr(main/disc) 6.50e-05/2.75e-05 | cuda_peak(alloc/resv) 21.77/28.18GB | phase(train/val/raw/train_eval) 3.4/0.5/0.5/0.0s | 4.4s
2026-08-29 17:19:43 | New best val_f1_macro_present: raw=0.9776 stable_score=0.9578 at epoch 21
2026-08-29 17:19:47 | Epoch 022/060 | loss 2.0669 | cls 1.6280 | tal -0.0586 | dual_g 0.4565 | dual_d 0.8289 | train_acc 0.9348 | train_full n/a | val_acc 0.9730 | val_f1 0.9776 | adv/moduleC 1.00/1.00 | disc_steps 2 | grad(main/disc) 8.842/1.350 | lr(main/disc) 6.50e-05/2.75e-05 | cuda_peak(alloc/resv) 21.77/28.18GB | phase(train/val/raw/train_eval) 2.9/0.5/0.5/0.0s | 4.0s
2026-08-29 17:19:50 | New best val_f1_macro_present: raw=0.9776 stable_score=0.9776 at epoch 22
2026-08-29 17:19:53 | Epoch 023/060 | loss 1.9322 | cls 1.5205 | tal -0.0780 | dual_g 0.4350 | dual_d 0.8350 | train_acc 0.9429 | train_full n/a | val_acc 0.9459 | val_f1 0.9578 | adv/moduleC 1.00/1.00 | disc_steps 2 | grad(main/disc) 6.500/1.330 | lr(main/disc) 6.50e-05/2.75e-05 | cuda_peak(alloc/resv) 21.77/28.18GB | phase(train/val/raw/train_eval) 3.3/0.5/0.0/0.0s | 3.8s
2026-08-29 17:19:57 | Epoch 024/060 | loss 1.9208 | cls 1.5029 | tal -0.0228 | dual_g 0.4247 | dual_d 0.8728 | train_acc 0.9538 | train_full n/a | val_acc 0.9730 | val_f1 0.9776 | adv/moduleC 1.00/1.00 | disc_steps 2 | grad(main/disc) 7.177/1.390 | lr(main/disc) 6.50e-05/2.75e-05 | cuda_peak(alloc/resv) 21.77/28.18GB | phase(train/val/raw/train_eval) 3.1/0.5/0.0/0.0s | 3.6s
2026-08-29 17:20:02 | Epoch 025/060 | loss 1.8668 | cls 1.4761 | tal -0.0568 | dual_g 0.4078 | dual_d 0.9056 | train_acc 0.9402 | train_full 0.9848 | val_acc 0.9730 | val_f1 0.9802 | adv/moduleC 1.00/1.00 | disc_steps 2 | grad(main/disc) 6.183/1.377 | lr(main/disc) 6.50e-05/2.75e-05 | cuda_peak(alloc/resv) 21.77/28.18GB | phase(train/val/raw/train_eval) 3.5/0.5/0.5/0.8s | 5.3s
2026-08-29 17:20:06 | Epoch 026/060 | loss 1.8820 | cls 1.4833 | tal -0.0303 | dual_g 0.4078 | dual_d 0.9202 | train_acc 0.9484 | train_full n/a | val_acc 0.9459 | val_f1 0.9578 | adv/moduleC 1.00/1.00 | disc_steps 2 | grad(main/disc) 6.247/1.470 | lr(main/disc) 6.50e-05/2.75e-05 | cuda_peak(alloc/resv) 21.77/28.18GB | phase(train/val/raw/train_eval) 3.1/0.5/0.0/0.0s | 3.6s
2026-08-29 17:20:09 | Epoch 027/060 | loss 1.8351 | cls 1.4464 | tal -0.0607 | dual_g 0.4069 | dual_d 0.9274 | train_acc 0.9755 | train_full n/a | val_acc 0.9730 | val_f1 0.9802 | adv/moduleC 1.00/1.00 | disc_steps 2 | grad(main/disc) 6.030/1.407 | lr(main/disc) 6.50e-05/2.75e-05 | cuda_peak(alloc/resv) 21.77/28.18GB | phase(train/val/raw/train_eval) 3.2/0.5/0.0/0.0s | 3.7s
2026-08-29 17:20:13 | Epoch 028/060 | loss 1.7679 | cls 1.3957 | tal -0.0516 | dual_g 0.3876 | dual_d 0.9390 | train_acc 0.9728 | train_full n/a | val_acc 0.9730 | val_f1 0.9802 | adv/moduleC 1.00/1.00 | disc_steps 2 | grad(main/disc) 6.287/1.471 | lr(main/disc) 6.50e-05/2.75e-05 | cuda_peak(alloc/resv) 21.77/28.18GB | phase(train/val/raw/train_eval) 3.4/0.5/0.0/0.0s | 3.9s
2026-08-29 17:20:18 | Epoch 029/060 | loss 1.7780 | cls 1.4251 | tal -0.1288 | dual_g 0.3915 | dual_d 0.9239 | train_acc 0.9620 | train_full n/a | val_acc 0.9730 | val_f1 0.9840 | adv/moduleC 1.00/1.00 | disc_steps 2 | grad(main/disc) 6.700/1.416 | lr(main/disc) 6.50e-05/2.75e-05 | cuda_peak(alloc/resv) 21.77/28.18GB | phase(train/val/raw/train_eval) 3.2/0.5/0.5/0.0s | 4.2s
2026-08-29 17:20:20 | New best val_f1_macro_present: raw=0.9840 stable_score=0.9802 at epoch 29
2026-08-29 17:20:26 | Epoch 030/060 | loss 1.7947 | cls 1.4114 | tal -0.0183 | dual_g 0.3888 | dual_d 0.9698 | train_acc 0.9647 | train_full 1.0000 | val_acc 1.0000 | val_f1 1.0000 | adv/moduleC 1.00/1.00 | disc_steps 2 | grad(main/disc) 6.077/1.438 | lr(main/disc) 6.50e-05/2.75e-05 | cuda_peak(alloc/resv) 21.77/28.18GB | phase(train/val/raw/train_eval) 3.4/0.5/0.5/0.8s | 5.2s
2026-08-29 17:20:29 | Epoch 031/060 | loss 1.6810 | cls 1.3561 | tal -0.1945 | dual_g 0.3832 | dual_d 0.9374 | train_acc 0.9755 | train_full n/a | val_acc 0.9730 | val_f1 0.9802 | adv/moduleC 1.00/1.00 | disc_steps 2 | grad(main/disc) 7.059/1.401 | lr(main/disc) 6.50e-05/2.75e-05 | cuda_peak(alloc/resv) 21.77/28.18GB | phase(train/val/raw/train_eval) 3.1/0.5/0.0/0.0s | 3.6s
2026-08-29 17:20:33 | Epoch 032/060 | loss 1.7088 | cls 1.3731 | tal -0.1521 | dual_g 0.3813 | dual_d 0.8744 | train_acc 0.9728 | train_full n/a | val_acc 0.9730 | val_f1 0.9802 | adv/moduleC 1.00/1.00 | disc_steps 2 | grad(main/disc) 5.463/1.322 | lr(main/disc) 6.50e-05/2.75e-05 | cuda_peak(alloc/resv) 21.77/28.18GB | phase(train/val/raw/train_eval) 3.4/0.5/0.0/0.0s | 3.9s
2026-08-29 17:20:37 | Epoch 033/060 | loss 1.7205 | cls 1.3765 | tal -0.1252 | dual_g 0.3816 | dual_d 0.9795 | train_acc 0.9728 | train_full n/a | val_acc 0.9730 | val_f1 0.9776 | adv/moduleC 1.00/1.00 | disc_steps 2 | grad(main/disc) 5.839/1.445 | lr(main/disc) 6.50e-05/2.75e-05 | cuda_peak(alloc/resv) 21.77/28.18GB | phase(train/val/raw/train_eval) 3.2/0.5/0.0/0.0s | 3.7s
2026-08-29 17:20:41 | Epoch 034/060 | loss 1.6754 | cls 1.3323 | tal -0.1070 | dual_g 0.3752 | dual_d 0.9642 | train_acc 0.9783 | train_full n/a | val_acc 1.0000 | val_f1 1.0000 | adv/moduleC 1.00/1.00 | disc_steps 2 | grad(main/disc) 5.831/1.388 | lr(main/disc) 6.50e-05/2.75e-05 | cuda_peak(alloc/resv) 21.77/28.18GB | phase(train/val/raw/train_eval) 3.2/0.5/0.0/0.0s | 3.7s
2026-08-29 17:20:45 | Epoch 035/060 | loss 1.6234 | cls 1.2986 | tal -0.1461 | dual_g 0.3685 | dual_d 0.9750 | train_acc 0.9918 | train_full 1.0000 | val_acc 1.0000 | val_f1 1.0000 | adv/moduleC 1.00/1.00 | disc_steps 2 | grad(main/disc) 4.566/1.414 | lr(main/disc) 6.50e-05/2.75e-05 | cuda_peak(alloc/resv) 21.77/28.18GB | phase(train/val/raw/train_eval) 3.0/0.5/0.5/0.8s | 4.8s
2026-08-29 17:20:50 | Epoch 036/060 | loss 1.6118 | cls 1.2897 | tal -0.1417 | dual_g 0.3646 | dual_d 0.9810 | train_acc 0.9946 | train_full n/a | val_acc 1.0000 | val_f1 1.0000 | adv/moduleC 1.00/1.00 | disc_steps 2 | grad(main/disc) 4.435/1.411 | lr(main/disc) 6.50e-05/2.75e-05 | cuda_peak(alloc/resv) 21.77/28.18GB | phase(train/val/raw/train_eval) 3.3/0.5/0.5/0.0s | 4.3s
2026-08-29 17:20:52 | New best val_f1_macro_present: raw=1.0000 stable_score=1.0000 at epoch 36
2026-08-29 17:20:56 | Epoch 037/060 | loss 1.6381 | cls 1.3077 | tal -0.1145 | dual_g 0.3647 | dual_d 1.0067 | train_acc 0.9946 | train_full n/a | val_acc 0.9730 | val_f1 0.9802 | adv/moduleC 1.00/1.00 | disc_steps 2 | grad(main/disc) 4.986/1.456 | lr(main/disc) 6.50e-05/2.75e-05 | cuda_peak(alloc/resv) 21.77/28.18GB | phase(train/val/raw/train_eval) 3.4/0.5/0.0/0.0s | 3.9s
2026-08-29 17:21:00 | Epoch 038/060 | loss 1.5848 | cls 1.2845 | tal -0.1772 | dual_g 0.3534 | dual_d 0.9634 | train_acc 0.9891 | train_full n/a | val_acc 0.9730 | val_f1 0.9776 | adv/moduleC 1.00/1.00 | disc_steps 2 | grad(main/disc) 5.083/1.388 | lr(main/disc) 6.50e-05/2.75e-05 | cuda_peak(alloc/resv) 21.77/28.18GB | phase(train/val/raw/train_eval) 3.3/0.5/0.0/0.0s | 3.8s
2026-08-29 17:21:04 | Epoch 039/060 | loss 1.6570 | cls 1.3214 | tal -0.0829 | dual_g 0.3604 | dual_d 1.0615 | train_acc 0.9891 | train_full n/a | val_acc 1.0000 | val_f1 1.0000 | adv/moduleC 1.00/1.00 | disc_steps 2 | grad(main/disc) 5.876/1.470 | lr(main/disc) 6.50e-05/2.75e-05 | cuda_peak(alloc/resv) 21.77/28.18GB | phase(train/val/raw/train_eval) 3.5/0.5/0.0/0.0s | 4.0s
2026-08-29 17:21:09 | Epoch 040/060 | loss 1.5905 | cls 1.2971 | tal -0.1907 | dual_g 0.3506 | dual_d 0.9662 | train_acc 0.9837 | train_full 1.0000 | val_acc 1.0000 | val_f1 1.0000 | adv/moduleC 1.00/1.00 | disc_steps 2 | grad(main/disc) 4.118/1.366 | lr(main/disc) 6.50e-05/2.75e-05 | cuda_peak(alloc/resv) 21.77/28.18GB | phase(train/val/raw/train_eval) 3.1/0.5/0.5/0.8s | 4.9s
2026-08-29 17:21:13 | Epoch 041/060 | loss 1.5717 | cls 1.2854 | tal -0.2008 | dual_g 0.3465 | dual_d 1.0606 | train_acc 0.9973 | train_full n/a | val_acc 1.0000 | val_f1 1.0000 | adv/moduleC 1.00/1.00 | disc_steps 2 | grad(main/disc) 4.378/1.457 | lr(main/disc) 3.25e-05/1.38e-05 | cuda_peak(alloc/resv) 21.77/28.18GB | phase(train/val/raw/train_eval) 3.3/0.5/0.0/0.0s | 3.8s
2026-08-29 17:21:16 | Epoch 042/060 | loss 1.5442 | cls 1.2575 | tal -0.1960 | dual_g 0.3455 | dual_d 1.0607 | train_acc 0.9918 | train_full n/a | val_acc 1.0000 | val_f1 1.0000 | adv/moduleC 1.00/1.00 | disc_steps 2 | grad(main/disc) 3.589/1.460 | lr(main/disc) 3.25e-05/1.38e-05 | cuda_peak(alloc/resv) 21.77/28.18GB | phase(train/val/raw/train_eval) 3.0/0.5/0.0/0.0s | 3.5s
2026-08-29 17:21:20 | Epoch 043/060 | loss 1.5572 | cls 1.2715 | tal -0.1725 | dual_g 0.3375 | dual_d 1.0345 | train_acc 0.9891 | train_full n/a | val_acc 1.0000 | val_f1 1.0000 | adv/moduleC 1.00/1.00 | disc_steps 2 | grad(main/disc) 4.081/1.426 | lr(main/disc) 3.25e-05/1.38e-05 | cuda_peak(alloc/resv) 21.77/28.18GB | phase(train/val/raw/train_eval) 3.4/0.5/0.0/0.0s | 3.9s
2026-08-29 17:21:24 | Epoch 044/060 | loss 1.5557 | cls 1.2639 | tal -0.1561 | dual_g 0.3387 | dual_d 1.0425 | train_acc 0.9946 | train_full n/a | val_acc 1.0000 | val_f1 1.0000 | adv/moduleC 1.00/1.00 | disc_steps 2 | grad(main/disc) 3.912/1.426 | lr(main/disc) 3.25e-05/1.38e-05 | cuda_peak(alloc/resv) 21.77/28.18GB | phase(train/val/raw/train_eval) 3.1/0.5/0.0/0.0s | 3.6s
2026-08-29 17:21:29 | Epoch 045/060 | loss 1.5426 | cls 1.2517 | tal -0.1658 | dual_g 0.3406 | dual_d 1.0930 | train_acc 0.9918 | train_full 1.0000 | val_acc 1.0000 | val_f1 1.0000 | adv/moduleC 1.00/1.00 | disc_steps 2 | grad(main/disc) 3.802/1.471 | lr(main/disc) 3.25e-05/1.38e-05 | cuda_peak(alloc/resv) 21.77/28.18GB | phase(train/val/raw/train_eval) 3.3/0.5/0.5/0.8s | 5.1s
2026-08-29 17:21:33 | Epoch 046/060 | loss 1.5558 | cls 1.2685 | tal -0.1652 | dual_g 0.3369 | dual_d 1.0427 | train_acc 0.9918 | train_full n/a | val_acc 1.0000 | val_f1 1.0000 | adv/moduleC 1.00/1.00 | disc_steps 2 | grad(main/disc) 3.693/1.411 | lr(main/disc) 3.25e-05/1.38e-05 | cuda_peak(alloc/resv) 21.77/28.18GB | phase(train/val/raw/train_eval) 3.4/0.5/0.0/0.0s | 3.9s
2026-08-29 17:21:37 | Epoch 047/060 | loss 1.5345 | cls 1.2468 | tal -0.1717 | dual_g 0.3392 | dual_d 1.0361 | train_acc 0.9918 | train_full n/a | val_acc 1.0000 | val_f1 1.0000 | adv/moduleC 1.00/1.00 | disc_steps 2 | grad(main/disc) 3.345/1.408 | lr(main/disc) 3.25e-05/1.38e-05 | cuda_peak(alloc/resv) 21.77/28.18GB | phase(train/val/raw/train_eval) 3.3/0.5/0.0/0.0s | 3.8s
2026-08-29 17:21:40 | Epoch 048/060 | loss 1.5182 | cls 1.2421 | tal -0.1962 | dual_g 0.3350 | dual_d 1.0391 | train_acc 0.9946 | train_full n/a | val_acc 1.0000 | val_f1 1.0000 | adv/moduleC 1.00/1.00 | disc_steps 2 | grad(main/disc) 3.120/1.400 | lr(main/disc) 3.25e-05/1.38e-05 | cuda_peak(alloc/resv) 21.77/28.18GB | phase(train/val/raw/train_eval) 3.3/0.5/0.0/0.0s | 3.8s
2026-08-29 17:21:44 | Epoch 049/060 | loss 1.5041 | cls 1.2355 | tal -0.2268 | dual_g 0.3367 | dual_d 1.0517 | train_acc 0.9891 | train_full n/a | val_acc 1.0000 | val_f1 1.0000 | adv/moduleC 1.00/1.00 | disc_steps 2 | grad(main/disc) 3.340/1.407 | lr(main/disc) 3.25e-05/1.38e-05 | cuda_peak(alloc/resv) 21.77/28.18GB | phase(train/val/raw/train_eval) 3.1/0.5/0.0/0.0s | 3.7s
2026-08-29 17:21:49 | Epoch 050/060 | loss 1.4984 | cls 1.2453 | tal -0.2551 | dual_g 0.3296 | dual_d 1.0604 | train_acc 0.9891 | train_full 1.0000 | val_acc 1.0000 | val_f1 1.0000 | adv/moduleC 1.00/1.00 | disc_steps 2 | grad(main/disc) 3.387/1.455 | lr(main/disc) 3.25e-05/1.38e-05 | cuda_peak(alloc/resv) 21.77/28.18GB | phase(train/val/raw/train_eval) 3.4/0.5/0.5/0.8s | 5.2s
2026-08-29 17:21:53 | Epoch 051/060 | loss 1.5326 | cls 1.2569 | tal -0.1970 | dual_g 0.3348 | dual_d 1.0666 | train_acc 0.9918 | train_full n/a | val_acc 1.0000 | val_f1 1.0000 | adv/moduleC 1.00/1.00 | disc_steps 2 | grad(main/disc) 4.203/1.444 | lr(main/disc) 3.25e-05/1.38e-05 | cuda_peak(alloc/resv) 21.77/28.18GB | phase(train/val/raw/train_eval) 3.1/0.5/0.0/0.0s | 3.6s
2026-08-29 17:21:57 | Epoch 052/060 | loss 1.5201 | cls 1.2472 | tal -0.1771 | dual_g 0.3260 | dual_d 1.0466 | train_acc 0.9946 | train_full n/a | val_acc 1.0000 | val_f1 1.0000 | adv/moduleC 1.00/1.00 | disc_steps 2 | grad(main/disc) 3.219/1.429 | lr(main/disc) 1.62e-05/6.88e-06 | cuda_peak(alloc/resv) 21.77/28.18GB | phase(train/val/raw/train_eval) 3.2/0.5/0.0/0.0s | 3.7s
2026-08-29 17:22:00 | Epoch 053/060 | loss 1.5146 | cls 1.2484 | tal -0.1970 | dual_g 0.3253 | dual_d 1.0603 | train_acc 1.0000 | train_full n/a | val_acc 1.0000 | val_f1 1.0000 | adv/moduleC 1.00/1.00 | disc_steps 2 | grad(main/disc) 3.396/1.424 | lr(main/disc) 1.62e-05/6.88e-06 | cuda_peak(alloc/resv) 21.77/28.18GB | phase(train/val/raw/train_eval) 3.3/0.5/0.0/0.0s | 3.8s
2026-08-29 17:22:04 | Epoch 054/060 | loss 1.4978 | cls 1.2251 | tal -0.1844 | dual_g 0.3281 | dual_d 1.0463 | train_acc 1.0000 | train_full n/a | val_acc 1.0000 | val_f1 1.0000 | adv/moduleC 1.00/1.00 | disc_steps 2 | grad(main/disc) 2.898/1.410 | lr(main/disc) 1.62e-05/6.88e-06 | cuda_peak(alloc/resv) 21.77/28.18GB | phase(train/val/raw/train_eval) 3.4/0.5/0.0/0.0s | 3.9s
2026-08-29 17:22:04 | Early stopping at epoch 54 after 18 epochs without val_f1_macro_present improvement.
2026-08-29 17:22:04 | Training complete. Peak validation accuracy: 1.0000 | selected val_f1_macro_present: 1.0000
