2026-08-29 23:11:42 | Starting Dual_D standalone training
2026-08-29 23:11:42 | Run directory: runs/module_c_ablation_60_v8/module_c_20260829_205331/module_c_no_paired_contrastive_逆光_20260829_225211
2026-08-29 23:11:42 | Device: cuda
2026-08-29 23:11:42 | Source train samples: 992
2026-08-29 23:11:42 | Target train samples: 132
2026-08-29 23:11:42 | Target val samples: 37
2026-08-29 23:11:42 | Classes: 14
2026-08-29 23:11:42 | Data audit: same_dir=False | path_overlap(vis/ir/ais)=0/0/0 | content_overlap(vis/ir/ais)=0/0/0 | ais_index_overlap=0 | stem_mismatch(vis-ir/vis-ais)=157/0
2026-08-29 23:11:42 | source_train classes: present 14/14 | absent 0 | counts [0:120, 1:44, 2:69, 3:45, 4:40, 5:30, 6:64, 7:80, 8:116, 9:68, 10:57, 11:83, 12:48, 13:128]
2026-08-29 23:11:42 | target_train classes: present 9/14 | absent 5 | counts [0:20, 2:12, 4:12, 5:2, 9:16, 10:16, 11:29, 12:4, 13:21]
2026-08-29 23:11:42 | target_val classes: present 9/14 | absent 5 | counts [0:6, 2:3, 4:4, 5:1, 9:4, 10:4, 11:8, 12:1, 13:6]
2026-08-29 23:11:42 | Paired training classes: 9/14 | class ids [0, 2, 4, 5, 9, 10, 11, 12, 13]
2026-08-29 23:11:42 | Runtime profile: batch=92 | paired_steps=4 | workers=16 | train_eval_every=5 | raw_eval_every=5 | stability_window=3 | lr_scheduler_start=28 | early_stop=18 after min_epoch=45
2026-08-29 23:11:42 | VIS/IR pairing: class-level-unpaired | count-mismatch classes train/val: 10/1 | AIS alignment: none | AIS rows train/val: 0/0
2026-08-29 23:11:43 | Effective Dual-D loss weights: {"adv_auxiliary": 0.025, "adv_primary": 0.025, "classification": 0.2, "contrastive": 0.0, "cycle": 0.12, "identity": 0.045, "prototype_contrastive": 0.06}
2026-08-29 23:11:43 | Model parameters: total=17277714 | trainable=17120210
2026-08-29 23:11:48 | Epoch 001/060 | loss 5.8524 | cls 5.9163 | tal -0.2129 | dual_g 0.0000 | dual_d 0.0000 | train_acc 0.0516 | train_full 0.1212 | val_acc 0.2162 | val_f1 0.1115 | adv/moduleC 0.00/0.00 | disc_steps 0 | grad(main/disc) 16.786/0.000 | lr(main/disc) 5.50e-05/2.40e-05 | cuda_peak(alloc/resv) 21.77/28.18GB | phase(train/val/raw/train_eval) 3.8/0.5/0.5/0.8s | 5.5s
2026-08-29 23:11:52 | Epoch 002/060 | loss 5.1042 | cls 5.0945 | tal 0.0324 | dual_g 0.0000 | dual_d 0.0000 | train_acc 0.1712 | train_full n/a | val_acc 0.1622 | val_f1 0.0971 | adv/moduleC 0.00/0.00 | disc_steps 0 | grad(main/disc) 14.129/0.000 | lr(main/disc) 5.50e-05/2.40e-05 | cuda_peak(alloc/resv) 21.77/28.18GB | phase(train/val/raw/train_eval) 3.4/0.5/0.0/0.0s | 3.9s
2026-08-29 23:11:57 | Epoch 003/060 | loss 4.7459 | cls 4.7299 | tal 0.0535 | dual_g 0.0000 | dual_d 0.0000 | train_acc 0.1984 | train_full n/a | val_acc 0.2162 | val_f1 0.1117 | adv/moduleC 0.00/0.00 | disc_steps 0 | grad(main/disc) 13.045/0.000 | lr(main/disc) 5.50e-05/2.40e-05 | cuda_peak(alloc/resv) 21.77/28.18GB | phase(train/val/raw/train_eval) 3.4/0.5/0.5/0.0s | 4.4s
2026-08-29 23:11:59 | New best val_f1_macro_present: raw=0.1117 stable_score=0.0971 at epoch 3
2026-08-29 23:12:03 | Epoch 004/060 | loss 4.1326 | cls 4.1105 | tal 0.0736 | dual_g 0.0000 | dual_d 0.0000 | train_acc 0.3533 | train_full n/a | val_acc 0.3514 | val_f1 0.2868 | adv/moduleC 0.00/0.00 | disc_steps 0 | grad(main/disc) 11.382/0.000 | lr(main/disc) 5.50e-05/2.40e-05 | cuda_peak(alloc/resv) 21.77/28.18GB | phase(train/val/raw/train_eval) 3.3/0.5/0.0/0.0s | 3.8s
2026-08-29 23:12:08 | Epoch 005/060 | loss 4.0910 | cls 4.0551 | tal 0.1197 | dual_g 0.0000 | dual_d 0.0000 | train_acc 0.3315 | train_full 0.3939 | val_acc 0.4865 | val_f1 0.6227 | adv/moduleC 0.00/0.00 | disc_steps 0 | grad(main/disc) 11.256/0.000 | lr(main/disc) 5.50e-05/2.40e-05 | cuda_peak(alloc/resv) 21.77/28.18GB | phase(train/val/raw/train_eval) 3.0/0.5/0.5/0.7s | 4.7s
2026-08-29 23:12:11 | New best val_f1_macro_present: raw=0.6227 stable_score=0.1117 at epoch 5
2026-08-29 23:12:15 | Epoch 006/060 | loss 3.9209 | cls 3.7889 | tal 0.1048 | dual_g 0.1005 | dual_d 0.0000 | train_acc 0.4185 | train_full n/a | val_acc 0.6757 | val_f1 0.7192 | adv/moduleC 0.00/0.10 | disc_steps 0 | grad(main/disc) 10.847/0.000 | lr(main/disc) 5.50e-05/2.40e-05 | cuda_peak(alloc/resv) 21.77/28.18GB | phase(train/val/raw/train_eval) 3.2/0.5/0.5/0.0s | 4.2s
2026-08-29 23:12:18 | New best val_f1_macro_present: raw=0.7192 stable_score=0.2868 at epoch 6
2026-08-29 23:12:22 | Epoch 007/060 | loss 3.7747 | cls 3.5482 | tal 0.1171 | dual_g 0.1914 | dual_d 0.0000 | train_acc 0.4728 | train_full n/a | val_acc 0.7568 | val_f1 0.8188 | adv/moduleC 0.00/0.20 | disc_steps 0 | grad(main/disc) 10.200/0.000 | lr(main/disc) 5.50e-05/2.40e-05 | cuda_peak(alloc/resv) 21.77/28.18GB | phase(train/val/raw/train_eval) 3.3/0.5/0.5/0.0s | 4.3s
2026-08-29 23:12:25 | New best val_f1_macro_present: raw=0.8188 stable_score=0.6227 at epoch 7
2026-08-29 23:12:29 | Epoch 008/060 | loss 3.6439 | cls 3.3229 | tal 0.1316 | dual_g 0.2815 | dual_d 0.8465 | train_acc 0.5299 | train_full n/a | val_acc 0.8649 | val_f1 0.8877 | adv/moduleC 0.07/0.30 | disc_steps 2 | grad(main/disc) 9.954/1.743 | lr(main/disc) 5.50e-05/2.40e-05 | cuda_peak(alloc/resv) 21.77/28.18GB | phase(train/val/raw/train_eval) 3.5/0.5/0.5/0.0s | 4.4s
2026-08-29 23:12:32 | New best val_f1_macro_present: raw=0.8877 stable_score=0.7192 at epoch 8
2026-08-29 23:12:36 | Epoch 009/060 | loss 3.5066 | cls 3.1145 | tal 0.0939 | dual_g 0.3640 | dual_d 0.8231 | train_acc 0.5625 | train_full n/a | val_acc 0.8919 | val_f1 0.9084 | adv/moduleC 0.13/0.40 | disc_steps 2 | grad(main/disc) 9.545/1.646 | lr(main/disc) 5.50e-05/2.40e-05 | cuda_peak(alloc/resv) 21.77/28.18GB | phase(train/val/raw/train_eval) 3.2/0.5/0.5/0.0s | 4.2s
2026-08-29 23:12:39 | New best val_f1_macro_present: raw=0.9084 stable_score=0.8188 at epoch 9
2026-08-29 23:12:44 | Epoch 010/060 | loss 3.4679 | cls 2.9914 | tal 0.1208 | dual_g 0.4403 | dual_d 0.8478 | train_acc 0.5924 | train_full 0.8939 | val_acc 0.9459 | val_f1 0.9616 | adv/moduleC 0.20/0.50 | disc_steps 2 | grad(main/disc) 9.662/1.664 | lr(main/disc) 5.50e-05/2.40e-05 | cuda_peak(alloc/resv) 21.77/28.18GB | phase(train/val/raw/train_eval) 3.4/0.5/0.5/0.7s | 5.1s
2026-08-29 23:12:47 | New best val_f1_macro_present: raw=0.9616 stable_score=0.8877 at epoch 10
2026-08-29 23:12:51 | Epoch 011/060 | loss 3.3993 | cls 2.8654 | tal 0.0818 | dual_g 0.5094 | dual_d 0.8304 | train_acc 0.6413 | train_full n/a | val_acc 0.9459 | val_f1 0.9556 | adv/moduleC 0.27/0.60 | disc_steps 2 | grad(main/disc) 9.971/1.634 | lr(main/disc) 5.50e-05/2.40e-05 | cuda_peak(alloc/resv) 21.77/28.18GB | phase(train/val/raw/train_eval) 3.3/0.5/0.5/0.0s | 4.2s
2026-08-29 23:12:54 | New best val_f1_macro_present: raw=0.9556 stable_score=0.9084 at epoch 11
2026-08-29 23:12:58 | Epoch 012/060 | loss 3.3591 | cls 2.7720 | tal 0.0734 | dual_g 0.5651 | dual_d 0.8194 | train_acc 0.6603 | train_full n/a | val_acc 0.9189 | val_f1 0.9396 | adv/moduleC 0.33/0.70 | disc_steps 2 | grad(main/disc) 9.255/1.580 | lr(main/disc) 5.50e-05/2.40e-05 | cuda_peak(alloc/resv) 21.77/28.18GB | phase(train/val/raw/train_eval) 3.6/0.5/0.5/0.0s | 4.6s
2026-08-29 23:13:01 | New best val_f1_macro_present: raw=0.9396 stable_score=0.9396 at epoch 12
2026-08-29 23:13:05 | Epoch 013/060 | loss 3.2193 | cls 2.5910 | tal 0.0487 | dual_g 0.6137 | dual_d 0.8435 | train_acc 0.6739 | train_full n/a | val_acc 0.9189 | val_f1 0.9396 | adv/moduleC 0.40/0.80 | disc_steps 2 | grad(main/disc) 9.213/1.586 | lr(main/disc) 5.50e-05/2.40e-05 | cuda_peak(alloc/resv) 21.77/28.18GB | phase(train/val/raw/train_eval) 3.2/0.5/0.0/0.0s | 3.7s
2026-08-29 23:13:09 | Epoch 014/060 | loss 3.1957 | cls 2.5256 | tal -0.0101 | dual_g 0.6731 | dual_d 0.8294 | train_acc 0.7283 | train_full n/a | val_acc 0.8919 | val_f1 0.8842 | adv/moduleC 0.47/0.90 | disc_steps 2 | grad(main/disc) 8.945/1.635 | lr(main/disc) 5.50e-05/2.40e-05 | cuda_peak(alloc/resv) 21.77/28.18GB | phase(train/val/raw/train_eval) 3.6/0.5/0.0/0.0s | 4.1s
2026-08-29 23:13:14 | Epoch 015/060 | loss 3.1356 | cls 2.4095 | tal 0.0190 | dual_g 0.7204 | dual_d 0.8624 | train_acc 0.7609 | train_full 0.9394 | val_acc 0.9189 | val_f1 0.9303 | adv/moduleC 0.53/1.00 | disc_steps 2 | grad(main/disc) 9.614/1.632 | lr(main/disc) 5.50e-05/2.40e-05 | cuda_peak(alloc/resv) 21.77/28.18GB | phase(train/val/raw/train_eval) 3.5/0.5/0.5/0.8s | 5.2s
2026-08-29 23:13:18 | Epoch 016/060 | loss 3.0670 | cls 2.3694 | tal 0.0116 | dual_g 0.6941 | dual_d 0.8403 | train_acc 0.7582 | train_full n/a | val_acc 0.9189 | val_f1 0.9261 | adv/moduleC 0.60/1.00 | disc_steps 2 | grad(main/disc) 9.109/1.576 | lr(main/disc) 5.50e-05/2.40e-05 | cuda_peak(alloc/resv) 21.77/28.18GB | phase(train/val/raw/train_eval) 3.3/0.5/0.0/0.0s | 3.8s
2026-08-29 23:13:22 | Epoch 017/060 | loss 2.9621 | cls 2.2676 | tal 0.0071 | dual_g 0.6924 | dual_d 0.8213 | train_acc 0.7663 | train_full n/a | val_acc 0.9730 | val_f1 0.9802 | adv/moduleC 0.67/1.00 | disc_steps 2 | grad(main/disc) 9.943/1.529 | lr(main/disc) 5.50e-05/2.40e-05 | cuda_peak(alloc/resv) 21.77/28.18GB | phase(train/val/raw/train_eval) 3.3/0.5/0.0/0.0s | 3.8s
2026-08-29 23:13:26 | Epoch 018/060 | loss 2.8781 | cls 2.2012 | tal 0.0378 | dual_g 0.6655 | dual_d 0.8075 | train_acc 0.8043 | train_full n/a | val_acc 0.9459 | val_f1 0.9458 | adv/moduleC 0.73/1.00 | disc_steps 2 | grad(main/disc) 9.187/1.459 | lr(main/disc) 5.50e-05/2.40e-05 | cuda_peak(alloc/resv) 21.77/28.18GB | phase(train/val/raw/train_eval) 3.2/0.5/0.0/0.0s | 3.6s
2026-08-29 23:13:30 | Epoch 019/060 | loss 2.8372 | cls 2.1518 | tal 0.0537 | dual_g 0.6693 | dual_d 0.8531 | train_acc 0.8098 | train_full n/a | val_acc 0.9730 | val_f1 0.9776 | adv/moduleC 0.80/1.00 | disc_steps 2 | grad(main/disc) 9.277/1.594 | lr(main/disc) 5.50e-05/2.40e-05 | cuda_peak(alloc/resv) 21.77/28.18GB | phase(train/val/raw/train_eval) 3.4/0.5/0.5/0.0s | 4.3s
2026-08-29 23:13:33 | New best val_f1_macro_present: raw=0.9776 stable_score=0.9458 at epoch 19
2026-08-29 23:13:38 | Epoch 020/060 | loss 2.8073 | cls 2.1031 | tal 0.0566 | dual_g 0.6873 | dual_d 0.7746 | train_acc 0.8424 | train_full 0.9394 | val_acc 0.9730 | val_f1 0.9471 | adv/moduleC 0.87/1.00 | disc_steps 2 | grad(main/disc) 9.036/1.435 | lr(main/disc) 5.50e-05/2.40e-05 | cuda_peak(alloc/resv) 21.77/28.18GB | phase(train/val/raw/train_eval) 3.8/0.5/0.5/0.7s | 5.5s
2026-08-29 23:13:43 | Epoch 021/060 | loss 2.7606 | cls 2.0749 | tal 0.0635 | dual_g 0.6666 | dual_d 0.7944 | train_acc 0.8560 | train_full n/a | val_acc 0.9459 | val_f1 0.9523 | adv/moduleC 0.93/1.00 | disc_steps 2 | grad(main/disc) 9.404/1.473 | lr(main/disc) 5.50e-05/2.40e-05 | cuda_peak(alloc/resv) 21.77/28.18GB | phase(train/val/raw/train_eval) 3.3/0.5/0.5/0.0s | 4.3s
2026-08-29 23:13:45 | New best val_f1_macro_present: raw=0.9523 stable_score=0.9471 at epoch 21
2026-08-29 23:13:49 | Epoch 022/060 | loss 2.6640 | cls 2.0265 | tal 0.0259 | dual_g 0.6297 | dual_d 0.7829 | train_acc 0.8370 | train_full n/a | val_acc 0.9730 | val_f1 0.9840 | adv/moduleC 1.00/1.00 | disc_steps 2 | grad(main/disc) 7.737/1.415 | lr(main/disc) 5.50e-05/2.40e-05 | cuda_peak(alloc/resv) 21.77/28.18GB | phase(train/val/raw/train_eval) 3.5/0.5/0.0/0.0s | 4.0s
2026-08-29 23:13:54 | Epoch 023/060 | loss 2.6161 | cls 1.9847 | tal 0.0190 | dual_g 0.6257 | dual_d 0.8688 | train_acc 0.8641 | train_full n/a | val_acc 0.9730 | val_f1 0.9802 | adv/moduleC 1.00/1.00 | disc_steps 2 | grad(main/disc) 9.653/1.497 | lr(main/disc) 5.50e-05/2.40e-05 | cuda_peak(alloc/resv) 21.77/28.18GB | phase(train/val/raw/train_eval) 3.6/0.5/0.5/0.0s | 4.6s
2026-08-29 23:13:57 | New best val_f1_macro_present: raw=0.9802 stable_score=0.9523 at epoch 23
2026-08-29 23:14:01 | Epoch 024/060 | loss 2.5491 | cls 1.9130 | tal 0.0773 | dual_g 0.6129 | dual_d 0.7873 | train_acc 0.8832 | train_full n/a | val_acc 0.9730 | val_f1 0.9802 | adv/moduleC 1.00/1.00 | disc_steps 2 | grad(main/disc) 8.737/1.377 | lr(main/disc) 5.50e-05/2.40e-05 | cuda_peak(alloc/resv) 21.77/28.18GB | phase(train/val/raw/train_eval) 3.2/0.5/0.5/0.0s | 4.2s
2026-08-29 23:14:04 | New best val_f1_macro_present: raw=0.9802 stable_score=0.9802 at epoch 24
2026-08-29 23:14:09 | Epoch 025/060 | loss 2.4747 | cls 1.8526 | tal 0.0324 | dual_g 0.6124 | dual_d 0.8502 | train_acc 0.9103 | train_full 0.9848 | val_acc 0.9730 | val_f1 0.9802 | adv/moduleC 1.00/1.00 | disc_steps 2 | grad(main/disc) 7.624/1.427 | lr(main/disc) 5.50e-05/2.40e-05 | cuda_peak(alloc/resv) 21.77/28.18GB | phase(train/val/raw/train_eval) 3.5/0.5/0.5/0.7s | 5.2s
2026-08-29 23:14:13 | Epoch 026/060 | loss 2.5090 | cls 1.8934 | tal 0.0697 | dual_g 0.5947 | dual_d 0.8344 | train_acc 0.9049 | train_full n/a | val_acc 0.9730 | val_f1 0.9802 | adv/moduleC 1.00/1.00 | disc_steps 2 | grad(main/disc) 8.528/1.393 | lr(main/disc) 5.50e-05/2.40e-05 | cuda_peak(alloc/resv) 21.77/28.18GB | phase(train/val/raw/train_eval) 3.5/0.5/0.0/0.0s | 4.0s
2026-08-29 23:14:16 | Epoch 027/060 | loss 2.3394 | cls 1.7587 | tal 0.0231 | dual_g 0.5738 | dual_d 0.8435 | train_acc 0.9185 | train_full n/a | val_acc 0.9730 | val_f1 0.9802 | adv/moduleC 1.00/1.00 | disc_steps 2 | grad(main/disc) 7.244/1.383 | lr(main/disc) 5.50e-05/2.40e-05 | cuda_peak(alloc/resv) 21.77/28.18GB | phase(train/val/raw/train_eval) 3.1/0.5/0.0/0.0s | 3.6s
2026-08-29 23:14:20 | Epoch 028/060 | loss 2.3428 | cls 1.7598 | tal 0.0453 | dual_g 0.5694 | dual_d 0.8557 | train_acc 0.9321 | train_full n/a | val_acc 0.9730 | val_f1 0.9802 | adv/moduleC 1.00/1.00 | disc_steps 2 | grad(main/disc) 8.257/1.355 | lr(main/disc) 5.50e-05/2.40e-05 | cuda_peak(alloc/resv) 21.77/28.18GB | phase(train/val/raw/train_eval) 3.4/0.5/0.0/0.0s | 3.9s
2026-08-29 23:14:24 | Epoch 029/060 | loss 2.2822 | cls 1.7191 | tal 0.0133 | dual_g 0.5591 | dual_d 0.8432 | train_acc 0.9348 | train_full n/a | val_acc 0.9730 | val_f1 0.9802 | adv/moduleC 1.00/1.00 | disc_steps 2 | grad(main/disc) 7.590/1.349 | lr(main/disc) 5.50e-05/2.40e-05 | cuda_peak(alloc/resv) 21.77/28.18GB | phase(train/val/raw/train_eval) 3.4/0.5/0.0/0.0s | 3.9s
2026-08-29 23:14:30 | Epoch 030/060 | loss 2.2544 | cls 1.6998 | tal -0.0162 | dual_g 0.5594 | dual_d 0.8521 | train_acc 0.9620 | train_full 0.9924 | val_acc 0.9730 | val_f1 0.9802 | adv/moduleC 1.00/1.00 | disc_steps 2 | grad(main/disc) 7.690/1.372 | lr(main/disc) 5.50e-05/2.40e-05 | cuda_peak(alloc/resv) 21.77/28.18GB | phase(train/val/raw/train_eval) 3.6/0.5/0.5/0.7s | 5.3s
2026-08-29 23:14:34 | Epoch 031/060 | loss 2.2464 | cls 1.6923 | tal 0.0104 | dual_g 0.5510 | dual_d 0.8733 | train_acc 0.9266 | train_full n/a | val_acc 1.0000 | val_f1 1.0000 | adv/moduleC 1.00/1.00 | disc_steps 2 | grad(main/disc) 7.868/1.417 | lr(main/disc) 5.50e-05/2.40e-05 | cuda_peak(alloc/resv) 21.77/28.18GB | phase(train/val/raw/train_eval) 3.7/0.5/0.0/0.0s | 4.2s
2026-08-29 23:14:38 | Epoch 032/060 | loss 2.2425 | cls 1.6917 | tal 0.0319 | dual_g 0.5413 | dual_d 0.8803 | train_acc 0.9293 | train_full n/a | val_acc 0.9730 | val_f1 0.9802 | adv/moduleC 1.00/1.00 | disc_steps 2 | grad(main/disc) 8.042/1.320 | lr(main/disc) 5.50e-05/2.40e-05 | cuda_peak(alloc/resv) 21.77/28.18GB | phase(train/val/raw/train_eval) 3.3/0.6/0.0/0.0s | 3.9s
2026-08-29 23:14:42 | Epoch 033/060 | loss 2.1555 | cls 1.6224 | tal 0.0178 | dual_g 0.5277 | dual_d 0.8641 | train_acc 0.9538 | train_full n/a | val_acc 0.9730 | val_f1 0.9802 | adv/moduleC 1.00/1.00 | disc_steps 2 | grad(main/disc) 6.795/1.360 | lr(main/disc) 5.50e-05/2.40e-05 | cuda_peak(alloc/resv) 21.77/28.18GB | phase(train/val/raw/train_eval) 3.7/0.5/0.0/0.0s | 4.2s
2026-08-29 23:14:46 | Epoch 034/060 | loss 2.1520 | cls 1.6140 | tal 0.0376 | dual_g 0.5267 | dual_d 0.9129 | train_acc 0.9484 | train_full n/a | val_acc 0.9730 | val_f1 0.9802 | adv/moduleC 1.00/1.00 | disc_steps 2 | grad(main/disc) 6.536/1.374 | lr(main/disc) 5.50e-05/2.40e-05 | cuda_peak(alloc/resv) 21.77/28.18GB | phase(train/val/raw/train_eval) 3.7/0.5/0.0/0.0s | 4.2s
2026-08-29 23:14:51 | Epoch 035/060 | loss 2.1112 | cls 1.5934 | tal 0.0037 | dual_g 0.5167 | dual_d 0.8854 | train_acc 0.9429 | train_full 1.0000 | val_acc 0.9730 | val_f1 0.9802 | adv/moduleC 1.00/1.00 | disc_steps 2 | grad(main/disc) 5.749/1.341 | lr(main/disc) 5.50e-05/2.40e-05 | cuda_peak(alloc/resv) 21.77/28.18GB | phase(train/val/raw/train_eval) 3.5/0.5/0.5/0.7s | 5.2s
2026-08-29 23:14:56 | Epoch 036/060 | loss 2.1096 | cls 1.5847 | tal 0.0517 | dual_g 0.5093 | dual_d 0.9081 | train_acc 0.9701 | train_full n/a | val_acc 0.9730 | val_f1 0.9802 | adv/moduleC 1.00/1.00 | disc_steps 2 | grad(main/disc) 6.734/1.364 | lr(main/disc) 5.50e-05/2.40e-05 | cuda_peak(alloc/resv) 21.77/28.18GB | phase(train/val/raw/train_eval) 3.9/0.5/0.0/0.0s | 4.4s
2026-08-29 23:15:00 | Epoch 037/060 | loss 2.1041 | cls 1.5775 | tal 0.0307 | dual_g 0.5175 | dual_d 0.9007 | train_acc 0.9565 | train_full n/a | val_acc 0.9730 | val_f1 0.9802 | adv/moduleC 1.00/1.00 | disc_steps 2 | grad(main/disc) 6.814/1.329 | lr(main/disc) 5.50e-05/2.40e-05 | cuda_peak(alloc/resv) 21.77/28.18GB | phase(train/val/raw/train_eval) 3.4/0.5/0.0/0.0s | 3.9s
2026-08-29 23:15:03 | Epoch 038/060 | loss 2.1318 | cls 1.6106 | tal 0.0354 | dual_g 0.5106 | dual_d 0.9005 | train_acc 0.9457 | train_full n/a | val_acc 0.9730 | val_f1 0.9802 | adv/moduleC 1.00/1.00 | disc_steps 2 | grad(main/disc) 7.324/1.325 | lr(main/disc) 5.50e-05/2.40e-05 | cuda_peak(alloc/resv) 21.77/28.18GB | phase(train/val/raw/train_eval) 3.2/0.5/0.0/0.0s | 3.7s
2026-08-29 23:15:07 | Epoch 039/060 | loss 2.0869 | cls 1.5746 | tal 0.0032 | dual_g 0.5113 | dual_d 0.8827 | train_acc 0.9783 | train_full n/a | val_acc 0.9730 | val_f1 0.9802 | adv/moduleC 1.00/1.00 | disc_steps 2 | grad(main/disc) 7.202/1.293 | lr(main/disc) 5.50e-05/2.40e-05 | cuda_peak(alloc/resv) 21.77/28.18GB | phase(train/val/raw/train_eval) 3.3/0.5/0.0/0.0s | 3.8s
2026-08-29 23:15:12 | Epoch 040/060 | loss 2.0377 | cls 1.5586 | tal -0.0563 | dual_g 0.4961 | dual_d 0.9151 | train_acc 0.9837 | train_full 1.0000 | val_acc 0.9730 | val_f1 0.9802 | adv/moduleC 1.00/1.00 | disc_steps 2 | grad(main/disc) 6.025/1.328 | lr(main/disc) 5.50e-05/2.40e-05 | cuda_peak(alloc/resv) 21.77/28.18GB | phase(train/val/raw/train_eval) 3.3/0.5/0.5/0.7s | 5.0s
2026-08-29 23:15:16 | Epoch 041/060 | loss 2.0367 | cls 1.5472 | tal -0.0351 | dual_g 0.5001 | dual_d 0.9566 | train_acc 0.9783 | train_full n/a | val_acc 0.9730 | val_f1 0.9802 | adv/moduleC 1.00/1.00 | disc_steps 2 | grad(main/disc) 5.765/1.374 | lr(main/disc) 5.50e-05/2.40e-05 | cuda_peak(alloc/resv) 21.77/28.18GB | phase(train/val/raw/train_eval) 3.9/0.5/0.0/0.0s | 4.4s
2026-08-29 23:15:20 | Epoch 042/060 | loss 1.9934 | cls 1.5219 | tal -0.0618 | dual_g 0.4901 | dual_d 0.9264 | train_acc 0.9810 | train_full n/a | val_acc 0.9730 | val_f1 0.9802 | adv/moduleC 1.00/1.00 | disc_steps 2 | grad(main/disc) 6.777/1.314 | lr(main/disc) 2.75e-05/1.20e-05 | cuda_peak(alloc/resv) 21.77/28.18GB | phase(train/val/raw/train_eval) 3.2/0.5/0.0/0.0s | 3.7s
2026-08-29 23:15:24 | Epoch 043/060 | loss 1.9802 | cls 1.5062 | tal -0.0218 | dual_g 0.4805 | dual_d 0.9388 | train_acc 0.9837 | train_full n/a | val_acc 0.9730 | val_f1 0.9802 | adv/moduleC 1.00/1.00 | disc_steps 2 | grad(main/disc) 4.876/1.304 | lr(main/disc) 2.75e-05/1.20e-05 | cuda_peak(alloc/resv) 21.77/28.18GB | phase(train/val/raw/train_eval) 3.5/0.5/0.0/0.0s | 4.0s
2026-08-29 23:15:28 | Epoch 044/060 | loss 1.9749 | cls 1.5034 | tal -0.0229 | dual_g 0.4784 | dual_d 0.9156 | train_acc 0.9891 | train_full n/a | val_acc 0.9730 | val_f1 0.9802 | adv/moduleC 1.00/1.00 | disc_steps 2 | grad(main/disc) 4.898/1.289 | lr(main/disc) 2.75e-05/1.20e-05 | cuda_peak(alloc/resv) 21.77/28.18GB | phase(train/val/raw/train_eval) 3.6/0.5/0.0/0.0s | 4.1s
2026-08-29 23:15:34 | Epoch 045/060 | loss 2.0013 | cls 1.5272 | tal -0.0384 | dual_g 0.4856 | dual_d 0.9185 | train_acc 0.9810 | train_full 1.0000 | val_acc 0.9730 | val_f1 0.9802 | adv/moduleC 1.00/1.00 | disc_steps 2 | grad(main/disc) 5.309/1.311 | lr(main/disc) 2.75e-05/1.20e-05 | cuda_peak(alloc/resv) 21.77/28.18GB | phase(train/val/raw/train_eval) 3.8/0.5/0.5/0.7s | 5.5s
2026-08-29 23:15:34 | Early stopping at epoch 45 after 21 epochs without val_f1_macro_present improvement.
2026-08-29 23:15:34 | Training complete. Peak validation accuracy: 1.0000 | selected val_f1_macro_present: 0.9802
