2026-08-29 16:40:34 | Starting Dual_D standalone training
2026-08-29 16:40:34 | Run directory: runs/module_c_ablation_60_v7/module_c_20260829_145907/module_c_no_identity_逆光_20260829_162018
2026-08-29 16:40:34 | Device: cuda
2026-08-29 16:40:34 | Source train samples: 992
2026-08-29 16:40:34 | Target train samples: 132
2026-08-29 16:40:34 | Target val samples: 37
2026-08-29 16:40:34 | Classes: 14
2026-08-29 16:40:34 | Data audit: same_dir=False | path_overlap(vis/ir/ais)=0/0/0 | content_overlap(vis/ir/ais)=0/0/0 | ais_index_overlap=0 | stem_mismatch(vis-ir/vis-ais)=157/0
2026-08-29 16:40:34 | source_train classes: present 14/14 | absent 0 | counts [0:120, 1:44, 2:69, 3:45, 4:40, 5:30, 6:64, 7:80, 8:116, 9:68, 10:57, 11:83, 12:48, 13:128]
2026-08-29 16:40:34 | target_train classes: present 9/14 | absent 5 | counts [0:20, 2:12, 4:12, 5:2, 9:16, 10:16, 11:29, 12:4, 13:21]
2026-08-29 16:40:34 | target_val classes: present 9/14 | absent 5 | counts [0:6, 2:3, 4:4, 5:1, 9:4, 10:4, 11:8, 12:1, 13:6]
2026-08-29 16:40:34 | Paired training classes: 9/14 | class ids [0, 2, 4, 5, 9, 10, 11, 12, 13]
2026-08-29 16:40:34 | Runtime profile: batch=92 | paired_steps=4 | workers=16 | train_eval_every=5 | raw_eval_every=5 | stability_window=3 | lr_scheduler_start=24 | early_stop=18 after min_epoch=45
2026-08-29 16:40:34 | VIS/IR pairing: class-level-unpaired | count-mismatch classes train/val: 10/1 | AIS alignment: none | AIS rows train/val: 0/0
2026-08-29 16:40:35 | Effective Dual-D loss weights: {"adv_auxiliary": 0.025, "adv_primary": 0.025, "classification": 0.15, "contrastive": 0.035, "cycle": 0.12, "identity": 0.0, "prototype_contrastive": 0.06}
2026-08-29 16:40:35 | Model parameters: total=17277714 | trainable=17120210
2026-08-29 16:40:41 | Epoch 001/060 | loss 5.7087 | cls 5.7818 | tal -0.2438 | dual_g 0.0000 | dual_d 0.0000 | train_acc 0.0652 | train_full 0.1212 | val_acc 0.2162 | val_f1 0.1115 | adv/moduleC 0.00/0.00 | disc_steps 0 | grad(main/disc) 16.765/0.000 | lr(main/disc) 6.50e-05/2.75e-05 | cuda_peak(alloc/resv) 21.77/28.18GB | phase(train/val/raw/train_eval) 4.0/0.5/0.5/0.8s | 5.8s
2026-08-29 16:40:45 | Epoch 002/060 | loss 4.8175 | cls 4.8077 | tal 0.0325 | dual_g 0.0000 | dual_d 0.0000 | train_acc 0.1984 | train_full n/a | val_acc 0.1892 | val_f1 0.1162 | adv/moduleC 0.00/0.00 | disc_steps 0 | grad(main/disc) 13.557/0.000 | lr(main/disc) 6.50e-05/2.75e-05 | cuda_peak(alloc/resv) 21.77/28.18GB | phase(train/val/raw/train_eval) 3.1/0.5/0.0/0.0s | 3.6s
2026-08-29 16:40:49 | Epoch 003/060 | loss 4.4427 | cls 4.4201 | tal 0.0753 | dual_g 0.0000 | dual_d 0.0000 | train_acc 0.2310 | train_full n/a | val_acc 0.2703 | val_f1 0.1734 | adv/moduleC 0.00/0.00 | disc_steps 0 | grad(main/disc) 12.461/0.000 | lr(main/disc) 6.50e-05/2.75e-05 | cuda_peak(alloc/resv) 21.77/28.18GB | phase(train/val/raw/train_eval) 3.4/0.5/0.5/0.0s | 4.4s
2026-08-29 16:40:52 | New best val_f1_macro_present: raw=0.1734 stable_score=0.1115 at epoch 3
2026-08-29 16:40:56 | Epoch 004/060 | loss 3.7910 | cls 3.7753 | tal 0.0522 | dual_g 0.0000 | dual_d 0.0000 | train_acc 0.4103 | train_full n/a | val_acc 0.3514 | val_f1 0.2868 | adv/moduleC 0.00/0.00 | disc_steps 0 | grad(main/disc) 10.869/0.000 | lr(main/disc) 6.50e-05/2.75e-05 | cuda_peak(alloc/resv) 21.77/28.18GB | phase(train/val/raw/train_eval) 3.2/0.5/0.5/0.0s | 4.2s
2026-08-29 16:40:59 | New best val_f1_macro_present: raw=0.2868 stable_score=0.1162 at epoch 4
2026-08-29 16:41:03 | Epoch 005/060 | loss 3.8177 | cls 3.6726 | tal 0.1320 | dual_g 0.1055 | dual_d 0.0000 | train_acc 0.4022 | train_full 0.3636 | val_acc 0.4865 | val_f1 0.5888 | adv/moduleC 0.00/0.12 | disc_steps 0 | grad(main/disc) 10.657/0.000 | lr(main/disc) 6.50e-05/2.75e-05 | cuda_peak(alloc/resv) 21.77/28.18GB | phase(train/val/raw/train_eval) 3.1/0.5/0.5/0.7s | 4.8s
2026-08-29 16:41:06 | New best val_f1_macro_present: raw=0.5888 stable_score=0.1734 at epoch 5
2026-08-29 16:41:10 | Epoch 006/060 | loss 3.5577 | cls 3.3157 | tal 0.1565 | dual_g 0.1951 | dual_d 0.0000 | train_acc 0.5000 | train_full n/a | val_acc 0.7027 | val_f1 0.7760 | adv/moduleC 0.00/0.25 | disc_steps 0 | grad(main/disc) 10.043/0.000 | lr(main/disc) 6.50e-05/2.75e-05 | cuda_peak(alloc/resv) 21.77/28.18GB | phase(train/val/raw/train_eval) 3.3/0.5/0.5/0.0s | 4.3s
2026-08-29 16:41:13 | New best val_f1_macro_present: raw=0.7760 stable_score=0.2868 at epoch 6
2026-08-29 16:41:17 | Epoch 007/060 | loss 3.3954 | cls 3.0653 | tal 0.1606 | dual_g 0.2820 | dual_d 0.7758 | train_acc 0.5679 | train_full n/a | val_acc 0.8919 | val_f1 0.8855 | adv/moduleC 0.07/0.38 | disc_steps 2 | grad(main/disc) 9.677/1.664 | lr(main/disc) 6.50e-05/2.75e-05 | cuda_peak(alloc/resv) 21.77/28.18GB | phase(train/val/raw/train_eval) 3.2/0.5/0.5/0.0s | 4.3s
2026-08-29 16:41:20 | New best val_f1_macro_present: raw=0.8855 stable_score=0.5888 at epoch 7
2026-08-29 16:41:25 | Epoch 008/060 | loss 3.2828 | cls 2.8764 | tal 0.1500 | dual_g 0.3615 | dual_d 0.8112 | train_acc 0.5951 | train_full n/a | val_acc 0.9189 | val_f1 0.9310 | adv/moduleC 0.14/0.50 | disc_steps 2 | grad(main/disc) 9.292/1.700 | lr(main/disc) 6.50e-05/2.75e-05 | cuda_peak(alloc/resv) 21.77/28.18GB | phase(train/val/raw/train_eval) 3.4/0.5/0.5/0.0s | 4.5s
2026-08-29 16:41:27 | New best val_f1_macro_present: raw=0.9310 stable_score=0.7760 at epoch 8
2026-08-29 16:41:32 | Epoch 009/060 | loss 3.1240 | cls 2.6596 | tal 0.1155 | dual_g 0.4298 | dual_d 0.7539 | train_acc 0.6902 | train_full n/a | val_acc 0.9459 | val_f1 0.9616 | adv/moduleC 0.21/0.62 | disc_steps 2 | grad(main/disc) 8.986/1.552 | lr(main/disc) 6.50e-05/2.75e-05 | cuda_peak(alloc/resv) 21.77/28.18GB | phase(train/val/raw/train_eval) 3.2/0.5/0.5/0.0s | 4.2s
2026-08-29 16:41:34 | New best val_f1_macro_present: raw=0.9616 stable_score=0.8855 at epoch 9
2026-08-29 16:41:39 | Epoch 010/060 | loss 3.0758 | cls 2.5309 | tal 0.1216 | dual_g 0.5084 | dual_d 0.7606 | train_acc 0.6984 | train_full 0.9242 | val_acc 0.9459 | val_f1 0.9578 | adv/moduleC 0.29/0.75 | disc_steps 2 | grad(main/disc) 9.048/1.577 | lr(main/disc) 6.50e-05/2.75e-05 | cuda_peak(alloc/resv) 21.77/28.18GB | phase(train/val/raw/train_eval) 3.2/0.5/0.5/0.8s | 5.0s
2026-08-29 16:41:42 | New best val_f1_macro_present: raw=0.9578 stable_score=0.9310 at epoch 10
2026-08-29 16:41:46 | Epoch 011/060 | loss 2.9759 | cls 2.3824 | tal 0.0945 | dual_g 0.5652 | dual_d 0.7729 | train_acc 0.7418 | train_full n/a | val_acc 0.9459 | val_f1 0.9616 | adv/moduleC 0.36/0.88 | disc_steps 2 | grad(main/disc) 9.468/1.545 | lr(main/disc) 6.50e-05/2.75e-05 | cuda_peak(alloc/resv) 21.77/28.18GB | phase(train/val/raw/train_eval) 3.1/0.5/0.5/0.0s | 4.1s
2026-08-29 16:41:49 | New best val_f1_macro_present: raw=0.9616 stable_score=0.9578 at epoch 11
2026-08-29 16:41:53 | Epoch 012/060 | loss 2.8976 | cls 2.2531 | tal 0.1039 | dual_g 0.6133 | dual_d 0.7740 | train_acc 0.7527 | train_full n/a | val_acc 0.9459 | val_f1 0.9458 | adv/moduleC 0.43/1.00 | disc_steps 2 | grad(main/disc) 8.930/1.613 | lr(main/disc) 6.50e-05/2.75e-05 | cuda_peak(alloc/resv) 21.77/28.18GB | phase(train/val/raw/train_eval) 3.6/0.5/0.0/0.0s | 4.1s
2026-08-29 16:41:57 | Epoch 013/060 | loss 2.6720 | cls 2.0573 | tal 0.0284 | dual_g 0.6062 | dual_d 0.7827 | train_acc 0.8098 | train_full n/a | val_acc 0.9459 | val_f1 0.9578 | adv/moduleC 0.50/1.00 | disc_steps 2 | grad(main/disc) 8.338/1.544 | lr(main/disc) 6.50e-05/2.75e-05 | cuda_peak(alloc/resv) 21.77/28.18GB | phase(train/val/raw/train_eval) 3.2/0.5/0.0/0.0s | 3.7s
2026-08-29 16:42:01 | Epoch 014/060 | loss 2.6274 | cls 2.0458 | tal -0.0211 | dual_g 0.5879 | dual_d 0.8150 | train_acc 0.8261 | train_full n/a | val_acc 0.9459 | val_f1 0.9578 | adv/moduleC 0.57/1.00 | disc_steps 2 | grad(main/disc) 8.372/1.603 | lr(main/disc) 6.50e-05/2.75e-05 | cuda_peak(alloc/resv) 21.77/28.18GB | phase(train/val/raw/train_eval) 3.7/0.5/0.0/0.0s | 4.2s
2026-08-29 16:42:06 | Epoch 015/060 | loss 2.5947 | cls 2.0001 | tal 0.0742 | dual_g 0.5723 | dual_d 0.7727 | train_acc 0.7962 | train_full 0.9697 | val_acc 0.9189 | val_f1 0.9261 | adv/moduleC 0.64/1.00 | disc_steps 2 | grad(main/disc) 9.085/1.505 | lr(main/disc) 6.50e-05/2.75e-05 | cuda_peak(alloc/resv) 21.77/28.18GB | phase(train/val/raw/train_eval) 3.4/0.5/0.5/0.8s | 5.2s
2026-08-29 16:42:10 | Epoch 016/060 | loss 2.5390 | cls 1.9688 | tal 0.0513 | dual_g 0.5548 | dual_d 0.7988 | train_acc 0.8478 | train_full n/a | val_acc 0.9189 | val_f1 0.9270 | adv/moduleC 0.71/1.00 | disc_steps 2 | grad(main/disc) 9.048/1.525 | lr(main/disc) 6.50e-05/2.75e-05 | cuda_peak(alloc/resv) 21.77/28.18GB | phase(train/val/raw/train_eval) 3.3/0.5/0.0/0.0s | 3.8s
2026-08-29 16:42:14 | Epoch 017/060 | loss 2.4065 | cls 1.8617 | tal 0.0258 | dual_g 0.5370 | dual_d 0.8096 | train_acc 0.8668 | train_full n/a | val_acc 1.0000 | val_f1 1.0000 | adv/moduleC 0.79/1.00 | disc_steps 2 | grad(main/disc) 7.790/1.483 | lr(main/disc) 6.50e-05/2.75e-05 | cuda_peak(alloc/resv) 21.77/28.18GB | phase(train/val/raw/train_eval) 3.1/0.5/0.0/0.0s | 3.6s
2026-08-29 16:42:17 | Epoch 018/060 | loss 2.3398 | cls 1.7875 | tal 0.0418 | dual_g 0.5398 | dual_d 0.8289 | train_acc 0.8587 | train_full n/a | val_acc 0.9730 | val_f1 0.9683 | adv/moduleC 0.86/1.00 | disc_steps 2 | grad(main/disc) 8.491/1.461 | lr(main/disc) 6.50e-05/2.75e-05 | cuda_peak(alloc/resv) 21.77/28.18GB | phase(train/val/raw/train_eval) 3.1/0.5/0.0/0.0s | 3.6s
2026-08-29 16:42:22 | Epoch 019/060 | loss 2.2706 | cls 1.7382 | tal -0.0353 | dual_g 0.5430 | dual_d 0.8163 | train_acc 0.9049 | train_full n/a | val_acc 0.9730 | val_f1 0.9683 | adv/moduleC 0.93/1.00 | disc_steps 2 | grad(main/disc) 9.277/1.446 | lr(main/disc) 6.50e-05/2.75e-05 | cuda_peak(alloc/resv) 21.77/28.18GB | phase(train/val/raw/train_eval) 3.4/0.5/0.5/0.0s | 4.4s
2026-08-29 16:42:25 | New best val_f1_macro_present: raw=0.9683 stable_score=0.9683 at epoch 19
2026-08-29 16:42:30 | Epoch 020/060 | loss 2.2063 | cls 1.7214 | tal -0.1068 | dual_g 0.5169 | dual_d 0.7645 | train_acc 0.8940 | train_full 0.9773 | val_acc 0.9459 | val_f1 0.9523 | adv/moduleC 1.00/1.00 | disc_steps 2 | grad(main/disc) 8.528/1.319 | lr(main/disc) 6.50e-05/2.75e-05 | cuda_peak(alloc/resv) 21.77/28.18GB | phase(train/val/raw/train_eval) 3.7/0.5/0.5/0.7s | 5.5s
2026-08-29 16:42:34 | Epoch 021/060 | loss 2.1262 | cls 1.6393 | tal -0.0822 | dual_g 0.5115 | dual_d 0.8406 | train_acc 0.8995 | train_full n/a | val_acc 0.9730 | val_f1 0.9802 | adv/moduleC 1.00/1.00 | disc_steps 2 | grad(main/disc) 7.771/1.451 | lr(main/disc) 6.50e-05/2.75e-05 | cuda_peak(alloc/resv) 21.77/28.18GB | phase(train/val/raw/train_eval) 3.4/0.5/0.0/0.0s | 3.9s
2026-08-29 16:42:38 | Epoch 022/060 | loss 2.0597 | cls 1.5929 | tal -0.1159 | dual_g 0.5015 | dual_d 0.8479 | train_acc 0.9402 | train_full n/a | val_acc 0.9730 | val_f1 0.9802 | adv/moduleC 1.00/1.00 | disc_steps 2 | grad(main/disc) 7.208/1.392 | lr(main/disc) 6.50e-05/2.75e-05 | cuda_peak(alloc/resv) 21.77/28.18GB | phase(train/val/raw/train_eval) 3.5/0.5/0.0/0.0s | 4.0s
2026-08-29 16:42:43 | Epoch 023/060 | loss 2.0745 | cls 1.6021 | tal -0.0624 | dual_g 0.4911 | dual_d 0.8049 | train_acc 0.8940 | train_full n/a | val_acc 1.0000 | val_f1 1.0000 | adv/moduleC 1.00/1.00 | disc_steps 2 | grad(main/disc) 7.289/1.355 | lr(main/disc) 6.50e-05/2.75e-05 | cuda_peak(alloc/resv) 21.77/28.18GB | phase(train/val/raw/train_eval) 3.6/0.5/0.5/0.0s | 4.6s
2026-08-29 16:42:45 | New best val_f1_macro_present: raw=1.0000 stable_score=0.9802 at epoch 23
2026-08-29 16:42:49 | Epoch 024/060 | loss 1.9901 | cls 1.5363 | tal -0.0890 | dual_g 0.4806 | dual_d 0.8386 | train_acc 0.9185 | train_full n/a | val_acc 0.9730 | val_f1 0.9802 | adv/moduleC 1.00/1.00 | disc_steps 2 | grad(main/disc) 7.362/1.339 | lr(main/disc) 6.50e-05/2.75e-05 | cuda_peak(alloc/resv) 21.77/28.18GB | phase(train/val/raw/train_eval) 3.0/0.5/0.0/0.0s | 3.5s
2026-08-29 16:42:54 | Epoch 025/060 | loss 1.9540 | cls 1.5218 | tal -0.1184 | dual_g 0.4677 | dual_d 0.8789 | train_acc 0.9511 | train_full 1.0000 | val_acc 0.9730 | val_f1 0.9802 | adv/moduleC 1.00/1.00 | disc_steps 2 | grad(main/disc) 6.886/1.371 | lr(main/disc) 6.50e-05/2.75e-05 | cuda_peak(alloc/resv) 21.77/28.18GB | phase(train/val/raw/train_eval) 3.5/0.5/0.5/0.8s | 5.2s
2026-08-29 16:42:58 | Epoch 026/060 | loss 1.9776 | cls 1.5343 | tal -0.0587 | dual_g 0.4609 | dual_d 0.8605 | train_acc 0.9429 | train_full n/a | val_acc 0.9730 | val_f1 0.9802 | adv/moduleC 1.00/1.00 | disc_steps 2 | grad(main/disc) 7.859/1.352 | lr(main/disc) 6.50e-05/2.75e-05 | cuda_peak(alloc/resv) 21.77/28.18GB | phase(train/val/raw/train_eval) 3.5/0.5/0.0/0.0s | 4.0s
2026-08-29 16:43:02 | Epoch 027/060 | loss 1.8907 | cls 1.4645 | tal -0.0823 | dual_g 0.4509 | dual_d 0.8861 | train_acc 0.9728 | train_full n/a | val_acc 0.9730 | val_f1 0.9802 | adv/moduleC 1.00/1.00 | disc_steps 2 | grad(main/disc) 7.834/1.408 | lr(main/disc) 6.50e-05/2.75e-05 | cuda_peak(alloc/resv) 21.77/28.18GB | phase(train/val/raw/train_eval) 3.1/0.5/0.0/0.0s | 3.6s
2026-08-29 16:43:06 | Epoch 028/060 | loss 1.8736 | cls 1.4534 | tal -0.0442 | dual_g 0.4335 | dual_d 0.8617 | train_acc 0.9511 | train_full n/a | val_acc 0.9730 | val_f1 0.9802 | adv/moduleC 1.00/1.00 | disc_steps 2 | grad(main/disc) 7.175/1.371 | lr(main/disc) 6.50e-05/2.75e-05 | cuda_peak(alloc/resv) 21.77/28.18GB | phase(train/val/raw/train_eval) 3.5/0.5/0.0/0.0s | 4.0s
2026-08-29 16:43:10 | Epoch 029/060 | loss 1.8108 | cls 1.4017 | tal -0.0981 | dual_g 0.4385 | dual_d 0.8852 | train_acc 0.9565 | train_full n/a | val_acc 0.9730 | val_f1 0.9802 | adv/moduleC 1.00/1.00 | disc_steps 2 | grad(main/disc) 6.381/1.413 | lr(main/disc) 6.50e-05/2.75e-05 | cuda_peak(alloc/resv) 21.77/28.18GB | phase(train/val/raw/train_eval) 3.4/0.5/0.0/0.0s | 3.9s
2026-08-29 16:43:15 | Epoch 030/060 | loss 1.7711 | cls 1.3771 | tal -0.1058 | dual_g 0.4257 | dual_d 0.9312 | train_acc 0.9755 | train_full 1.0000 | val_acc 0.9730 | val_f1 0.9802 | adv/moduleC 1.00/1.00 | disc_steps 2 | grad(main/disc) 6.512/1.395 | lr(main/disc) 6.50e-05/2.75e-05 | cuda_peak(alloc/resv) 21.77/28.18GB | phase(train/val/raw/train_eval) 3.3/0.5/0.5/0.8s | 5.1s
2026-08-29 16:43:19 | Epoch 031/060 | loss 1.7363 | cls 1.3416 | tal -0.0818 | dual_g 0.4192 | dual_d 0.8825 | train_acc 0.9946 | train_full n/a | val_acc 0.9730 | val_f1 0.9802 | adv/moduleC 1.00/1.00 | disc_steps 2 | grad(main/disc) 5.380/1.357 | lr(main/disc) 6.50e-05/2.75e-05 | cuda_peak(alloc/resv) 21.77/28.18GB | phase(train/val/raw/train_eval) 3.7/0.5/0.0/0.0s | 4.2s
2026-08-29 16:43:23 | Epoch 032/060 | loss 1.7258 | cls 1.3457 | tal -0.1257 | dual_g 0.4178 | dual_d 0.8927 | train_acc 0.9755 | train_full n/a | val_acc 0.9730 | val_f1 0.9802 | adv/moduleC 1.00/1.00 | disc_steps 2 | grad(main/disc) 5.673/1.320 | lr(main/disc) 6.50e-05/2.75e-05 | cuda_peak(alloc/resv) 21.77/28.18GB | phase(train/val/raw/train_eval) 3.3/0.5/0.0/0.0s | 3.8s
2026-08-29 16:43:27 | Epoch 033/060 | loss 1.6819 | cls 1.3152 | tal -0.1371 | dual_g 0.4078 | dual_d 0.9494 | train_acc 0.9755 | train_full n/a | val_acc 0.9730 | val_f1 0.9802 | adv/moduleC 1.00/1.00 | disc_steps 2 | grad(main/disc) 4.785/1.406 | lr(main/disc) 6.50e-05/2.75e-05 | cuda_peak(alloc/resv) 21.77/28.18GB | phase(train/val/raw/train_eval) 3.8/0.5/0.0/0.0s | 4.3s
2026-08-29 16:43:31 | Epoch 034/060 | loss 1.7239 | cls 1.3525 | tal -0.1275 | dual_g 0.4096 | dual_d 0.9568 | train_acc 0.9755 | train_full n/a | val_acc 0.9730 | val_f1 0.9802 | adv/moduleC 1.00/1.00 | disc_steps 2 | grad(main/disc) 6.051/1.409 | lr(main/disc) 6.50e-05/2.75e-05 | cuda_peak(alloc/resv) 21.77/28.18GB | phase(train/val/raw/train_eval) 3.8/0.5/0.0/0.0s | 4.3s
2026-08-29 16:43:36 | Epoch 035/060 | loss 1.7138 | cls 1.3542 | tal -0.1383 | dual_g 0.4011 | dual_d 0.9977 | train_acc 0.9755 | train_full 1.0000 | val_acc 0.9730 | val_f1 0.9802 | adv/moduleC 1.00/1.00 | disc_steps 2 | grad(main/disc) 6.045/1.403 | lr(main/disc) 3.25e-05/1.38e-05 | cuda_peak(alloc/resv) 21.77/28.18GB | phase(train/val/raw/train_eval) 3.3/0.5/0.5/0.8s | 5.1s
2026-08-29 16:43:41 | Epoch 036/060 | loss 1.7054 | cls 1.3305 | tal -0.0665 | dual_g 0.3949 | dual_d 1.0009 | train_acc 0.9647 | train_full n/a | val_acc 0.9730 | val_f1 0.9802 | adv/moduleC 1.00/1.00 | disc_steps 2 | grad(main/disc) 5.573/1.413 | lr(main/disc) 3.25e-05/1.38e-05 | cuda_peak(alloc/resv) 21.77/28.18GB | phase(train/val/raw/train_eval) 3.8/0.5/0.0/0.0s | 4.3s
2026-08-29 16:43:44 | Epoch 037/060 | loss 1.6694 | cls 1.3030 | tal -0.0728 | dual_g 0.3882 | dual_d 0.9807 | train_acc 0.9864 | train_full n/a | val_acc 0.9730 | val_f1 0.9802 | adv/moduleC 1.00/1.00 | disc_steps 2 | grad(main/disc) 4.508/1.379 | lr(main/disc) 3.25e-05/1.38e-05 | cuda_peak(alloc/resv) 21.77/28.18GB | phase(train/val/raw/train_eval) 3.2/0.5/0.0/0.0s | 3.7s
2026-08-29 16:43:48 | Epoch 038/060 | loss 1.6443 | cls 1.2891 | tal -0.1038 | dual_g 0.3863 | dual_d 0.9617 | train_acc 0.9891 | train_full n/a | val_acc 0.9730 | val_f1 0.9802 | adv/moduleC 1.00/1.00 | disc_steps 2 | grad(main/disc) 4.305/1.342 | lr(main/disc) 3.25e-05/1.38e-05 | cuda_peak(alloc/resv) 21.77/28.18GB | phase(train/val/raw/train_eval) 3.1/0.5/0.0/0.0s | 3.6s
2026-08-29 16:43:52 | Epoch 039/060 | loss 1.6651 | cls 1.3007 | tal -0.0685 | dual_g 0.3849 | dual_d 0.9780 | train_acc 0.9783 | train_full n/a | val_acc 0.9730 | val_f1 0.9802 | adv/moduleC 1.00/1.00 | disc_steps 2 | grad(main/disc) 5.063/1.364 | lr(main/disc) 3.25e-05/1.38e-05 | cuda_peak(alloc/resv) 21.77/28.18GB | phase(train/val/raw/train_eval) 3.3/0.5/0.0/0.0s | 3.8s
2026-08-29 16:43:57 | Epoch 040/060 | loss 1.6764 | cls 1.3100 | tal -0.0540 | dual_g 0.3825 | dual_d 0.9967 | train_acc 0.9946 | train_full 1.0000 | val_acc 1.0000 | val_f1 1.0000 | adv/moduleC 1.00/1.00 | disc_steps 2 | grad(main/disc) 4.628/1.378 | lr(main/disc) 3.25e-05/1.38e-05 | cuda_peak(alloc/resv) 21.77/28.18GB | phase(train/val/raw/train_eval) 3.3/0.5/0.5/0.8s | 5.1s
2026-08-29 16:44:01 | Epoch 041/060 | loss 1.6579 | cls 1.3012 | tal -0.0885 | dual_g 0.3832 | dual_d 1.0165 | train_acc 0.9837 | train_full n/a | val_acc 1.0000 | val_f1 1.0000 | adv/moduleC 1.00/1.00 | disc_steps 2 | grad(main/disc) 4.886/1.388 | lr(main/disc) 3.25e-05/1.38e-05 | cuda_peak(alloc/resv) 21.77/28.18GB | phase(train/val/raw/train_eval) 3.4/0.5/0.0/0.0s | 3.9s
2026-08-29 16:44:04 | Epoch 042/060 | loss 1.6053 | cls 1.2816 | tal -0.1712 | dual_g 0.3751 | dual_d 1.0442 | train_acc 0.9891 | train_full n/a | val_acc 0.9730 | val_f1 0.9802 | adv/moduleC 1.00/1.00 | disc_steps 2 | grad(main/disc) 4.358/1.425 | lr(main/disc) 3.25e-05/1.38e-05 | cuda_peak(alloc/resv) 21.77/28.18GB | phase(train/val/raw/train_eval) 3.2/0.5/0.0/0.0s | 3.7s
2026-08-29 16:44:08 | Epoch 043/060 | loss 1.5901 | cls 1.2734 | tal -0.1900 | dual_g 0.3737 | dual_d 1.0003 | train_acc 0.9864 | train_full n/a | val_acc 0.9730 | val_f1 0.9802 | adv/moduleC 1.00/1.00 | disc_steps 2 | grad(main/disc) 4.606/1.397 | lr(main/disc) 3.25e-05/1.38e-05 | cuda_peak(alloc/resv) 21.77/28.18GB | phase(train/val/raw/train_eval) 3.5/0.5/0.0/0.0s | 4.0s
2026-08-29 16:44:13 | Epoch 044/060 | loss 1.5970 | cls 1.2660 | tal -0.1418 | dual_g 0.3735 | dual_d 0.9427 | train_acc 0.9891 | train_full n/a | val_acc 0.9730 | val_f1 0.9802 | adv/moduleC 1.00/1.00 | disc_steps 2 | grad(main/disc) 4.223/1.332 | lr(main/disc) 3.25e-05/1.38e-05 | cuda_peak(alloc/resv) 21.77/28.18GB | phase(train/val/raw/train_eval) 3.6/0.5/0.0/0.0s | 4.1s
2026-08-29 16:44:18 | Epoch 045/060 | loss 1.6098 | cls 1.2759 | tal -0.1293 | dual_g 0.3727 | dual_d 0.9900 | train_acc 0.9891 | train_full 1.0000 | val_acc 1.0000 | val_f1 1.0000 | adv/moduleC 1.00/1.00 | disc_steps 2 | grad(main/disc) 4.269/1.310 | lr(main/disc) 3.25e-05/1.38e-05 | cuda_peak(alloc/resv) 21.77/28.18GB | phase(train/val/raw/train_eval) 3.3/0.5/0.5/0.8s | 5.1s
2026-08-29 16:44:18 | Early stopping at epoch 45 after 22 epochs without val_f1_macro_present improvement.
2026-08-29 16:44:18 | Training complete. Peak validation accuracy: 1.0000 | selected val_f1_macro_present: 1.0000
