2026-08-21 02:36:13 | Starting Dual_D standalone training
2026-08-21 02:36:13 | Run directory: runs/module_c_ablation/module_c_full_逆光_iter03_20260820_204237
2026-08-21 02:36:13 | Device: cuda
2026-08-21 02:36:13 | Source train samples: 992
2026-08-21 02:36:13 | Target train samples: 132
2026-08-21 02:36:13 | Target val samples: 37
2026-08-21 02:36:13 | Classes: 14
2026-08-21 02:36:13 | Data audit: same_dir=False | path_overlap(vis/ir/ais)=0/0/0 | content_overlap(vis/ir/ais)=0/0/0 | ais_index_overlap=0 | stem_mismatch(vis-ir/vis-ais)=157/0
2026-08-21 02:36:13 | source_train classes: present 14/14 | absent 0 | counts [0:120, 1:44, 2:69, 3:45, 4:40, 5:30, 6:64, 7:80, 8:116, 9:68, 10:57, 11:83, 12:48, 13:128]
2026-08-21 02:36:13 | target_train classes: present 9/14 | absent 5 | counts [0:20, 2:12, 4:12, 5:2, 9:16, 10:16, 11:29, 12:4, 13:21]
2026-08-21 02:36:13 | target_val classes: present 9/14 | absent 5 | counts [0:6, 2:3, 4:4, 5:1, 9:4, 10:4, 11:8, 12:1, 13:6]
2026-08-21 02:36:13 | Paired training classes: 9/14 | class ids [0, 2, 4, 5, 9, 10, 11, 12, 13]
2026-08-21 02:36:13 | VIS/IR pairing: class-level-unpaired | count-mismatch classes train/val: 10/1 | AIS alignment: none | AIS rows train/val: 0/0
2026-08-21 02:36:13 | Model parameters: total=17277714 | trainable=17120210
2026-08-21 02:36:39 | Epoch 001/100 | loss 10.0506 | cls 5.3482 | tal -0.0016 | dual_g 4.7028 | dual_d 0.0000 | train_acc 0.1375 | train_full 0.1364 | val_acc 0.1892 | val_f1 0.0634 | grad(main/disc) 30.153/0.000 | lr(main/disc) 7.00e-05/3.50e-05 | 25.9s
2026-08-21 02:36:40 | New best val_f1_macro_present: 0.0634 at epoch 1
2026-08-21 02:37:06 | Epoch 002/100 | loss 8.8079 | cls 4.5874 | tal 0.1814 | dual_g 4.1660 | dual_d 0.0000 | train_acc 0.1750 | train_full 0.2348 | val_acc 0.2703 | val_f1 0.1428 | grad(main/disc) 25.223/0.000 | lr(main/disc) 7.00e-05/3.50e-05 | 26.2s
2026-08-21 02:37:06 | New best val_f1_macro_present: 0.1428 at epoch 2
2026-08-21 02:37:33 | Epoch 003/100 | loss 7.9113 | cls 4.0232 | tal 0.0906 | dual_g 3.8609 | dual_d 0.0000 | train_acc 0.3063 | train_full 0.1894 | val_acc 0.2703 | val_f1 0.1058 | grad(main/disc) 22.715/0.000 | lr(main/disc) 7.00e-05/3.50e-05 | 26.7s
2026-08-21 02:37:59 | Epoch 004/100 | loss 7.0383 | cls 3.7031 | tal 0.0222 | dual_g 3.3285 | dual_d 0.0000 | train_acc 0.3563 | train_full 0.2955 | val_acc 0.4054 | val_f1 0.3504 | grad(main/disc) 21.288/0.000 | lr(main/disc) 7.00e-05/3.50e-05 | 26.3s
2026-08-21 02:37:59 | New best val_f1_macro_present: 0.3504 at epoch 4
2026-08-21 02:38:26 | Epoch 005/100 | loss 6.7420 | cls 3.4698 | tal 0.0047 | dual_g 3.2708 | dual_d 0.0000 | train_acc 0.4250 | train_full 0.5152 | val_acc 0.5135 | val_f1 0.4177 | grad(main/disc) 20.086/0.000 | lr(main/disc) 7.00e-05/3.50e-05 | 26.9s
2026-08-21 02:38:27 | New best val_f1_macro_present: 0.4177 at epoch 5
2026-08-21 02:38:54 | Epoch 006/100 | loss 6.6841 | cls 3.4463 | tal 0.0401 | dual_g 3.2258 | dual_d 0.8654 | train_acc 0.4313 | train_full 0.7727 | val_acc 0.7838 | val_f1 0.7754 | grad(main/disc) 19.894/1.935 | lr(main/disc) 7.00e-05/3.50e-05 | 27.0s
2026-08-21 02:38:54 | New best val_f1_macro_present: 0.7754 at epoch 6
2026-08-21 02:39:20 | Epoch 007/100 | loss 5.9483 | cls 2.9856 | tal 0.0053 | dual_g 2.9611 | dual_d 0.8137 | train_acc 0.4938 | train_full 0.8485 | val_acc 0.8108 | val_f1 0.8149 | grad(main/disc) 18.279/1.822 | lr(main/disc) 7.00e-05/3.50e-05 | 26.6s
2026-08-21 02:39:21 | New best val_f1_macro_present: 0.8149 at epoch 7
2026-08-21 02:39:48 | Epoch 008/100 | loss 5.8280 | cls 2.9222 | tal 0.0598 | dual_g 2.8878 | dual_d 0.8055 | train_acc 0.5062 | train_full 0.8561 | val_acc 0.8378 | val_f1 0.8653 | grad(main/disc) 18.178/1.791 | lr(main/disc) 7.00e-05/3.50e-05 | 27.3s
2026-08-21 02:39:48 | New best val_f1_macro_present: 0.8653 at epoch 8
2026-08-21 02:40:15 | Epoch 009/100 | loss 5.5662 | cls 2.8774 | tal -0.0057 | dual_g 2.6904 | dual_d 0.8056 | train_acc 0.5875 | train_full 0.9015 | val_acc 0.8649 | val_f1 0.8857 | grad(main/disc) 18.138/1.857 | lr(main/disc) 7.00e-05/3.50e-05 | 26.5s
2026-08-21 02:40:15 | New best val_f1_macro_present: 0.8857 at epoch 9
2026-08-21 02:40:41 | Epoch 010/100 | loss 5.3303 | cls 2.6546 | tal -0.0210 | dual_g 2.6821 | dual_d 0.7704 | train_acc 0.5687 | train_full 0.8864 | val_acc 0.9189 | val_f1 0.9331 | grad(main/disc) 17.957/1.663 | lr(main/disc) 7.00e-05/3.50e-05 | 26.1s
2026-08-21 02:40:42 | New best val_f1_macro_present: 0.9331 at epoch 10
2026-08-21 02:41:08 | Epoch 011/100 | loss 5.0557 | cls 2.5543 | tal -0.0481 | dual_g 2.5158 | dual_d 0.7969 | train_acc 0.6625 | train_full 0.8864 | val_acc 0.8919 | val_f1 0.8941 | grad(main/disc) 17.714/1.741 | lr(main/disc) 7.00e-05/3.50e-05 | 26.7s
2026-08-21 02:41:35 | Epoch 012/100 | loss 4.9298 | cls 2.4252 | tal -0.0735 | dual_g 2.5266 | dual_d 0.7132 | train_acc 0.6875 | train_full 0.8788 | val_acc 0.8919 | val_f1 0.8844 | grad(main/disc) 18.208/1.609 | lr(main/disc) 7.00e-05/3.50e-05 | 26.8s
2026-08-21 02:42:02 | Epoch 013/100 | loss 4.6621 | cls 2.3446 | tal -0.1211 | dual_g 2.3538 | dual_d 0.7036 | train_acc 0.7625 | train_full 0.9697 | val_acc 0.9189 | val_f1 0.9393 | grad(main/disc) 18.169/1.560 | lr(main/disc) 7.00e-05/3.50e-05 | 26.5s
2026-08-21 02:42:02 | New best val_f1_macro_present: 0.9393 at epoch 13
2026-08-21 02:42:28 | Epoch 014/100 | loss 4.4326 | cls 2.2280 | tal -0.1236 | dual_g 2.2417 | dual_d 0.7402 | train_acc 0.7438 | train_full 0.9621 | val_acc 0.9189 | val_f1 0.9373 | grad(main/disc) 17.313/1.677 | lr(main/disc) 7.00e-05/3.50e-05 | 25.8s
2026-08-21 02:42:55 | Epoch 015/100 | loss 4.1800 | cls 2.0431 | tal -0.1791 | dual_g 2.1906 | dual_d 0.7256 | train_acc 0.8500 | train_full 0.9697 | val_acc 0.9189 | val_f1 0.9299 | grad(main/disc) 16.918/1.596 | lr(main/disc) 7.00e-05/3.50e-05 | 26.9s
2026-08-21 02:43:21 | Epoch 016/100 | loss 4.1245 | cls 2.0751 | tal -0.1517 | dual_g 2.0949 | dual_d 0.7775 | train_acc 0.7625 | train_full 0.9545 | val_acc 0.8919 | val_f1 0.9167 | grad(main/disc) 17.711/1.622 | lr(main/disc) 7.00e-05/3.50e-05 | 26.7s
2026-08-21 02:43:48 | Epoch 017/100 | loss 4.2789 | cls 2.1700 | tal -0.1281 | dual_g 2.1474 | dual_d 0.7748 | train_acc 0.8250 | train_full 0.9697 | val_acc 0.9459 | val_f1 0.9616 | grad(main/disc) 19.085/1.620 | lr(main/disc) 7.00e-05/3.50e-05 | 26.8s
2026-08-21 02:43:48 | New best val_f1_macro_present: 0.9616 at epoch 17
2026-08-21 02:44:12 | Epoch 018/100 | loss 3.8630 | cls 1.8763 | tal -0.1690 | dual_g 2.0374 | dual_d 0.7099 | train_acc 0.8438 | train_full 0.9545 | val_acc 0.9459 | val_f1 0.9616 | grad(main/disc) 15.087/1.493 | lr(main/disc) 7.00e-05/3.50e-05 | 24.1s
2026-08-21 02:44:38 | Epoch 019/100 | loss 3.8136 | cls 1.9181 | tal -0.1453 | dual_g 1.9391 | dual_d 0.7645 | train_acc 0.8500 | train_full 0.9545 | val_acc 0.9189 | val_f1 0.9087 | grad(main/disc) 15.166/1.637 | lr(main/disc) 7.00e-05/3.50e-05 | 26.0s
2026-08-21 02:45:05 | Epoch 020/100 | loss 3.7356 | cls 1.7990 | tal -0.1613 | dual_g 1.9850 | dual_d 0.7616 | train_acc 0.8688 | train_full 0.9697 | val_acc 0.9189 | val_f1 0.9396 | grad(main/disc) 15.294/1.550 | lr(main/disc) 7.00e-05/3.50e-05 | 26.3s
2026-08-21 02:45:31 | Epoch 021/100 | loss 3.6897 | cls 1.7910 | tal -0.1422 | dual_g 1.9414 | dual_d 0.7714 | train_acc 0.8875 | train_full 0.9848 | val_acc 0.9189 | val_f1 0.9396 | grad(main/disc) 13.651/1.574 | lr(main/disc) 7.00e-05/3.50e-05 | 26.6s
2026-08-21 02:45:59 | Epoch 022/100 | loss 3.5351 | cls 1.6966 | tal -0.1784 | dual_g 1.8921 | dual_d 0.8185 | train_acc 0.8812 | train_full 0.9924 | val_acc 0.9189 | val_f1 0.9396 | grad(main/disc) 14.659/1.538 | lr(main/disc) 7.00e-05/3.50e-05 | 27.9s
2026-08-21 02:46:25 | Epoch 023/100 | loss 3.5213 | cls 1.7379 | tal -0.1566 | dual_g 1.8303 | dual_d 0.7753 | train_acc 0.8875 | train_full 0.9773 | val_acc 0.9459 | val_f1 0.9556 | grad(main/disc) 14.629/1.487 | lr(main/disc) 7.00e-05/3.50e-05 | 26.2s
2026-08-21 02:46:52 | Epoch 024/100 | loss 3.5062 | cls 1.6819 | tal -0.1181 | dual_g 1.8598 | dual_d 0.7920 | train_acc 0.9000 | train_full 0.9848 | val_acc 0.9730 | val_f1 0.9802 | grad(main/disc) 15.670/1.588 | lr(main/disc) 7.00e-05/3.50e-05 | 26.5s
2026-08-21 02:46:52 | New best val_f1_macro_present: 0.9802 at epoch 24
2026-08-21 02:47:19 | Epoch 025/100 | loss 3.4184 | cls 1.6347 | tal -0.1463 | dual_g 1.8276 | dual_d 0.7510 | train_acc 0.8875 | train_full 0.9924 | val_acc 0.9459 | val_f1 0.9616 | grad(main/disc) 12.731/1.569 | lr(main/disc) 7.00e-05/3.50e-05 | 26.7s
2026-08-21 02:47:45 | Epoch 026/100 | loss 3.2401 | cls 1.5401 | tal -0.1486 | dual_g 1.7446 | dual_d 0.8472 | train_acc 0.9125 | train_full 0.9773 | val_acc 0.9730 | val_f1 0.9840 | grad(main/disc) 12.615/1.553 | lr(main/disc) 7.00e-05/3.50e-05 | 25.7s
2026-08-21 02:47:45 | New best val_f1_macro_present: 0.9840 at epoch 26
2026-08-21 02:48:12 | Epoch 027/100 | loss 3.4038 | cls 1.6473 | tal -0.1677 | dual_g 1.8069 | dual_d 0.7868 | train_acc 0.8812 | train_full 0.9924 | val_acc 0.9459 | val_f1 0.9556 | grad(main/disc) 14.298/1.471 | lr(main/disc) 7.00e-05/3.50e-05 | 27.0s
2026-08-21 02:48:38 | Epoch 028/100 | loss 3.3432 | cls 1.5995 | tal -0.1706 | dual_g 1.7948 | dual_d 0.8447 | train_acc 0.9313 | train_full 0.9848 | val_acc 0.9459 | val_f1 0.9556 | grad(main/disc) 17.489/1.556 | lr(main/disc) 7.00e-05/3.50e-05 | 26.2s
2026-08-21 02:49:05 | Epoch 029/100 | loss 3.2197 | cls 1.5449 | tal -0.1538 | dual_g 1.7209 | dual_d 0.8421 | train_acc 0.9563 | train_full 0.9924 | val_acc 0.9730 | val_f1 0.9776 | grad(main/disc) 12.747/1.641 | lr(main/disc) 7.00e-05/3.50e-05 | 26.4s
2026-08-21 02:49:31 | Epoch 030/100 | loss 3.2696 | cls 1.5692 | tal -0.0945 | dual_g 1.7288 | dual_d 0.8517 | train_acc 0.9563 | train_full 1.0000 | val_acc 0.9730 | val_f1 0.9802 | grad(main/disc) 14.018/1.591 | lr(main/disc) 7.00e-05/3.50e-05 | 26.2s
2026-08-21 02:49:58 | Epoch 031/100 | loss 3.1535 | cls 1.5292 | tal -0.1426 | dual_g 1.6670 | dual_d 0.8779 | train_acc 0.9563 | train_full 1.0000 | val_acc 0.9730 | val_f1 0.9802 | grad(main/disc) 13.907/1.694 | lr(main/disc) 7.00e-05/3.50e-05 | 26.9s
2026-08-21 02:50:24 | Epoch 032/100 | loss 3.2593 | cls 1.6014 | tal -0.1088 | dual_g 1.6905 | dual_d 0.9274 | train_acc 0.9313 | train_full 0.9924 | val_acc 0.9730 | val_f1 0.9840 | grad(main/disc) 13.439/1.568 | lr(main/disc) 7.00e-05/3.50e-05 | 26.2s
2026-08-21 02:50:51 | Epoch 033/100 | loss 3.1515 | cls 1.5253 | tal -0.1472 | dual_g 1.6704 | dual_d 0.8334 | train_acc 0.9437 | train_full 1.0000 | val_acc 0.9459 | val_f1 0.9616 | grad(main/disc) 12.161/1.597 | lr(main/disc) 3.50e-05/1.75e-05 | 26.8s
2026-08-21 02:51:16 | Epoch 034/100 | loss 3.1688 | cls 1.5554 | tal -0.2102 | dual_g 1.6764 | dual_d 0.8446 | train_acc 0.9437 | train_full 1.0000 | val_acc 1.0000 | val_f1 1.0000 | grad(main/disc) 13.317/1.550 | lr(main/disc) 3.50e-05/1.75e-05 | 25.8s
2026-08-21 02:51:17 | New best val_f1_macro_present: 1.0000 at epoch 34
2026-08-21 02:51:43 | Epoch 035/100 | loss 3.0937 | cls 1.5019 | tal -0.1898 | dual_g 1.6488 | dual_d 0.8846 | train_acc 0.9625 | train_full 1.0000 | val_acc 0.9730 | val_f1 0.9840 | grad(main/disc) 13.621/1.605 | lr(main/disc) 3.50e-05/1.75e-05 | 26.6s
2026-08-21 02:52:10 | Epoch 036/100 | loss 3.1061 | cls 1.5344 | tal -0.2182 | dual_g 1.6372 | dual_d 0.8263 | train_acc 0.9500 | train_full 1.0000 | val_acc 0.9730 | val_f1 0.9840 | grad(main/disc) 12.155/1.504 | lr(main/disc) 3.50e-05/1.75e-05 | 26.5s
2026-08-21 02:52:36 | Epoch 037/100 | loss 2.9801 | cls 1.4668 | tal -0.2450 | dual_g 1.5868 | dual_d 0.8802 | train_acc 0.9812 | train_full 0.9924 | val_acc 0.9730 | val_f1 0.9840 | grad(main/disc) 11.488/1.516 | lr(main/disc) 3.50e-05/1.75e-05 | 26.3s
2026-08-21 02:53:03 | Epoch 038/100 | loss 3.0870 | cls 1.5249 | tal -0.1930 | dual_g 1.6200 | dual_d 0.8741 | train_acc 0.9062 | train_full 0.9924 | val_acc 0.9730 | val_f1 0.9840 | grad(main/disc) 11.284/1.548 | lr(main/disc) 3.50e-05/1.75e-05 | 26.7s
2026-08-21 02:53:29 | Epoch 039/100 | loss 3.1180 | cls 1.5096 | tal -0.1884 | dual_g 1.6649 | dual_d 0.9162 | train_acc 0.9563 | train_full 1.0000 | val_acc 1.0000 | val_f1 1.0000 | grad(main/disc) 12.496/1.582 | lr(main/disc) 3.50e-05/1.75e-05 | 25.9s
2026-08-21 02:53:55 | Epoch 040/100 | loss 3.1605 | cls 1.5091 | tal -0.2027 | dual_g 1.7122 | dual_d 0.9303 | train_acc 0.9500 | train_full 1.0000 | val_acc 1.0000 | val_f1 1.0000 | grad(main/disc) 13.475/1.570 | lr(main/disc) 3.50e-05/1.75e-05 | 26.3s
2026-08-21 02:54:22 | Epoch 041/100 | loss 2.9684 | cls 1.4521 | tal -0.1912 | dual_g 1.5737 | dual_d 0.9377 | train_acc 0.9250 | train_full 1.0000 | val_acc 1.0000 | val_f1 1.0000 | grad(main/disc) 11.838/1.578 | lr(main/disc) 1.75e-05/8.75e-06 | 26.9s
2026-08-21 02:54:49 | Epoch 042/100 | loss 2.9836 | cls 1.4752 | tal -0.2072 | dual_g 1.5706 | dual_d 0.8588 | train_acc 0.9625 | train_full 1.0000 | val_acc 1.0000 | val_f1 1.0000 | grad(main/disc) 10.982/1.494 | lr(main/disc) 1.75e-05/8.75e-06 | 26.8s
2026-08-21 02:55:16 | Epoch 043/100 | loss 2.8996 | cls 1.4232 | tal -0.2570 | dual_g 1.5534 | dual_d 0.9270 | train_acc 0.9812 | train_full 1.0000 | val_acc 1.0000 | val_f1 1.0000 | grad(main/disc) 8.746/1.533 | lr(main/disc) 1.75e-05/8.75e-06 | 27.4s
2026-08-21 02:55:16 | Early stopping at epoch 43 after 9 epochs without val_f1_macro_present improvement.
2026-08-21 02:55:16 | Training complete. Best validation accuracy: 1.0000 | best val_f1_macro_present: 1.0000
