2026-08-18 23:08:51 | Starting Dual_D standalone training
2026-08-18 23:08:51 | Run directory: runs/dual_d_雨天_iter02_20260818_161547
2026-08-18 23:08:51 | Device: cuda
2026-08-18 23:08:51 | Source train samples: 992
2026-08-18 23:08:51 | Target train samples: 96
2026-08-18 23:08:51 | Target val samples: 26
2026-08-18 23:08:51 | Classes: 14
2026-08-18 23:08:51 | Data audit: same_dir=False | path_overlap(vis/ir/ais)=0/0/0 | content_overlap(vis/ir/ais)=0/0/0 | ais_index_overlap=0 | stem_mismatch(vis-ir/vis-ais)=117/0
2026-08-18 23:08:51 | source_train classes: present 14/14 | absent 0 | counts [0:120, 1:44, 2:69, 3:45, 4:40, 5:30, 6:64, 7:80, 8:116, 9:68, 10:57, 11:83, 12:48, 13:128]
2026-08-18 23:08:51 | target_train classes: present 6/14 | absent 8 | counts [0:7, 2:19, 9:32, 10:12, 11:6, 13:20]
2026-08-18 23:08:51 | target_val classes: present 6/14 | absent 8 | counts [0:2, 2:5, 9:8, 10:4, 11:2, 13:5]
2026-08-18 23:08:51 | Paired training classes: 6/14 | class ids [0, 2, 9, 10, 11, 13]
2026-08-18 23:08:51 | VIS/IR pairing: class-level-unpaired | count-mismatch classes train/val: 10/0 | AIS alignment: none | AIS rows train/val: 0/0
2026-08-18 23:08:52 | Model parameters: total=17517458 | trainable=17359954
2026-08-18 23:09:35 | Epoch 001/100 | loss 11.2607 | cls 5.2971 | tal 0.0494 | dual_g 5.9488 | dual_d 0.0000 | train_acc 0.1406 | train_full 0.2188 | val_acc 0.2308 | val_f1 0.2100 | grad(main/disc) 36.696/0.000 | lr(main/disc) 1.00e-04/5.00e-05 | 43.1s
2026-08-18 23:09:36 | New best val_acc: 0.2308 at epoch 1
2026-08-18 23:10:20 | Epoch 002/100 | loss 7.9096 | cls 3.6008 | tal -0.0146 | dual_g 4.3132 | dual_d 0.0000 | train_acc 0.4375 | train_full 0.2917 | val_acc 0.2308 | val_f1 0.1804 | grad(main/disc) 27.331/0.000 | lr(main/disc) 1.00e-04/5.00e-05 | 43.9s
2026-08-18 23:11:02 | Epoch 003/100 | loss 6.2801 | cls 2.8464 | tal -0.0672 | dual_g 3.4539 | dual_d 0.0000 | train_acc 0.6875 | train_full 0.3333 | val_acc 0.3846 | val_f1 0.2980 | grad(main/disc) 23.314/0.000 | lr(main/disc) 1.00e-04/5.00e-05 | 42.0s
2026-08-18 23:11:02 | New best val_acc: 0.3846 at epoch 3
2026-08-18 23:11:45 | Epoch 004/100 | loss 5.3228 | cls 2.2943 | tal -0.0433 | dual_g 3.0415 | dual_d 0.0000 | train_acc 0.8008 | train_full 0.4792 | val_acc 0.4615 | val_f1 0.3623 | grad(main/disc) 20.391/0.000 | lr(main/disc) 1.00e-04/5.00e-05 | 43.2s
2026-08-18 23:11:46 | New best val_acc: 0.4615 at epoch 4
2026-08-18 23:12:29 | Epoch 005/100 | loss 4.8260 | cls 2.1242 | tal -0.1301 | dual_g 2.7409 | dual_d 0.0000 | train_acc 0.8359 | train_full 0.8333 | val_acc 0.6538 | val_f1 0.6727 | grad(main/disc) 21.342/0.000 | lr(main/disc) 1.00e-04/5.00e-05 | 43.1s
2026-08-18 23:12:30 | New best val_acc: 0.6538 at epoch 5
2026-08-18 23:13:12 | Epoch 006/100 | loss 4.5146 | cls 1.9091 | tal -0.1288 | dual_g 2.6442 | dual_d 0.0000 | train_acc 0.8906 | train_full 0.7396 | val_acc 0.6538 | val_f1 0.6962 | grad(main/disc) 18.526/0.000 | lr(main/disc) 1.00e-04/5.00e-05 | 42.4s
2026-08-18 23:13:55 | Epoch 007/100 | loss 3.8758 | cls 1.6364 | tal -0.1411 | dual_g 2.2818 | dual_d 0.0000 | train_acc 0.9648 | train_full 0.9375 | val_acc 0.8462 | val_f1 0.8612 | grad(main/disc) 14.554/0.000 | lr(main/disc) 1.00e-04/5.00e-05 | 42.9s
2026-08-18 23:13:56 | New best val_acc: 0.8462 at epoch 7
2026-08-18 23:14:40 | Epoch 008/100 | loss 3.7652 | cls 1.5852 | tal -0.1135 | dual_g 2.2141 | dual_d 0.0000 | train_acc 0.9727 | train_full 0.9271 | val_acc 0.8462 | val_f1 0.8642 | grad(main/disc) 14.220/0.000 | lr(main/disc) 1.00e-04/5.00e-05 | 44.1s
2026-08-18 23:15:23 | Epoch 009/100 | loss 3.6568 | cls 1.5336 | tal -0.1022 | dual_g 2.1539 | dual_d 0.0000 | train_acc 0.9844 | train_full 0.8646 | val_acc 0.8077 | val_f1 0.8370 | grad(main/disc) 13.887/0.000 | lr(main/disc) 1.00e-04/5.00e-05 | 43.0s
2026-08-18 23:16:07 | Epoch 010/100 | loss 3.5105 | cls 1.4654 | tal -0.1024 | dual_g 2.0758 | dual_d 0.0000 | train_acc 0.9844 | train_full 0.9479 | val_acc 0.9231 | val_f1 0.9219 | grad(main/disc) 11.513/0.000 | lr(main/disc) 1.00e-04/5.00e-05 | 43.3s
2026-08-18 23:16:07 | New best val_acc: 0.9231 at epoch 10
2026-08-18 23:16:51 | Epoch 011/100 | loss 3.4927 | cls 1.4714 | tal -0.0880 | dual_g 2.0477 | dual_d 0.8510 | train_acc 0.9922 | train_full 0.9688 | val_acc 0.9231 | val_f1 0.9185 | grad(main/disc) 11.035/2.343 | lr(main/disc) 1.00e-04/5.00e-05 | 43.9s
2026-08-18 23:17:34 | Epoch 012/100 | loss 3.5159 | cls 1.4721 | tal -0.0516 | dual_g 2.0593 | dual_d 0.7979 | train_acc 0.9766 | train_full 0.9167 | val_acc 0.8846 | val_f1 0.9092 | grad(main/disc) 11.210/2.126 | lr(main/disc) 1.00e-04/5.00e-05 | 42.4s
2026-08-18 23:18:19 | Epoch 013/100 | loss 3.3429 | cls 1.3884 | tal -0.0053 | dual_g 1.9561 | dual_d 0.7863 | train_acc 0.9883 | train_full 0.9688 | val_acc 1.0000 | val_f1 1.0000 | grad(main/disc) 9.760/2.186 | lr(main/disc) 1.00e-04/5.00e-05 | 45.1s
2026-08-18 23:18:19 | New best val_acc: 1.0000 at epoch 13
2026-08-18 23:19:03 | Epoch 014/100 | loss 3.3725 | cls 1.4283 | tal -0.0608 | dual_g 1.9625 | dual_d 0.7322 | train_acc 0.9961 | train_full 0.9583 | val_acc 0.9615 | val_f1 0.9630 | grad(main/disc) 9.116/2.001 | lr(main/disc) 1.00e-04/5.00e-05 | 44.0s
2026-08-18 23:19:47 | Epoch 015/100 | loss 3.2652 | cls 1.3653 | tal -0.0013 | dual_g 1.9002 | dual_d 0.7186 | train_acc 1.0000 | train_full 0.9688 | val_acc 0.9615 | val_f1 0.9663 | grad(main/disc) 7.810/1.877 | lr(main/disc) 1.00e-04/5.00e-05 | 43.2s
2026-08-18 23:20:30 | Epoch 016/100 | loss 3.2658 | cls 1.3714 | tal -0.0490 | dual_g 1.9090 | dual_d 0.6682 | train_acc 0.9922 | train_full 0.9688 | val_acc 1.0000 | val_f1 1.0000 | grad(main/disc) 7.209/1.810 | lr(main/disc) 1.00e-04/5.00e-05 | 42.9s
2026-08-18 23:21:13 | Epoch 017/100 | loss 3.1765 | cls 1.3226 | tal -0.0400 | dual_g 1.8659 | dual_d 0.7460 | train_acc 1.0000 | train_full 0.9479 | val_acc 0.9615 | val_f1 0.9663 | grad(main/disc) 6.879/1.958 | lr(main/disc) 1.00e-04/5.00e-05 | 42.7s
2026-08-18 23:21:55 | Epoch 018/100 | loss 3.1820 | cls 1.3601 | tal -0.0733 | dual_g 1.8438 | dual_d 0.7399 | train_acc 0.9922 | train_full 0.9688 | val_acc 1.0000 | val_f1 1.0000 | grad(main/disc) 7.145/1.873 | lr(main/disc) 1.00e-04/5.00e-05 | 41.8s
2026-08-18 23:22:36 | Epoch 019/100 | loss 3.1079 | cls 1.3256 | tal -0.0980 | dual_g 1.8116 | dual_d 0.7350 | train_acc 1.0000 | train_full 0.9896 | val_acc 1.0000 | val_f1 1.0000 | grad(main/disc) 6.303/1.773 | lr(main/disc) 1.00e-04/5.00e-05 | 41.5s
2026-08-18 23:23:21 | Epoch 020/100 | loss 3.1686 | cls 1.3502 | tal -0.0139 | dual_g 1.8225 | dual_d 0.7739 | train_acc 0.9922 | train_full 0.9792 | val_acc 0.9615 | val_f1 0.9663 | grad(main/disc) 7.652/1.833 | lr(main/disc) 5.00e-05/2.50e-05 | 44.4s
2026-08-18 23:24:04 | Epoch 021/100 | loss 3.1214 | cls 1.3252 | tal -0.0427 | dual_g 1.8090 | dual_d 0.8317 | train_acc 1.0000 | train_full 0.9896 | val_acc 0.9615 | val_f1 0.9663 | grad(main/disc) 6.599/1.953 | lr(main/disc) 5.00e-05/2.50e-05 | 43.3s
2026-08-18 23:24:44 | Epoch 022/100 | loss 3.0434 | cls 1.2941 | tal -0.0511 | dual_g 1.7646 | dual_d 0.7682 | train_acc 1.0000 | train_full 0.9479 | val_acc 0.9615 | val_f1 0.9663 | grad(main/disc) 4.753/1.819 | lr(main/disc) 5.00e-05/2.50e-05 | 39.6s
2026-08-18 23:25:27 | Epoch 023/100 | loss 3.0241 | cls 1.2788 | tal -0.0347 | dual_g 1.7557 | dual_d 0.7578 | train_acc 1.0000 | train_full 0.9792 | val_acc 0.9615 | val_f1 0.9663 | grad(main/disc) 3.904/1.804 | lr(main/disc) 5.00e-05/2.50e-05 | 42.7s
2026-08-18 23:26:09 | Epoch 024/100 | loss 3.0474 | cls 1.2912 | tal -0.0201 | dual_g 1.7622 | dual_d 0.8007 | train_acc 1.0000 | train_full 0.9792 | val_acc 0.9615 | val_f1 0.9663 | grad(main/disc) 5.281/1.922 | lr(main/disc) 5.00e-05/2.50e-05 | 41.8s
2026-08-18 23:26:54 | Epoch 025/100 | loss 3.0190 | cls 1.2803 | tal -0.0179 | dual_g 1.7441 | dual_d 0.7988 | train_acc 1.0000 | train_full 0.9792 | val_acc 0.9615 | val_f1 0.9663 | grad(main/disc) 4.747/1.834 | lr(main/disc) 5.00e-05/2.50e-05 | 44.6s
2026-08-18 23:27:37 | Epoch 026/100 | loss 3.0218 | cls 1.2892 | tal -0.0474 | dual_g 1.7468 | dual_d 0.8911 | train_acc 1.0000 | train_full 0.9896 | val_acc 0.9615 | val_f1 0.9663 | grad(main/disc) 4.787/1.874 | lr(main/disc) 5.00e-05/2.50e-05 | 42.9s
2026-08-18 23:28:20 | Epoch 027/100 | loss 3.0176 | cls 1.2854 | tal -0.0526 | dual_g 1.7480 | dual_d 0.8367 | train_acc 0.9961 | train_full 0.9896 | val_acc 1.0000 | val_f1 1.0000 | grad(main/disc) 5.463/1.872 | lr(main/disc) 2.50e-05/1.25e-05 | 42.9s
2026-08-18 23:29:04 | Epoch 028/100 | loss 2.9831 | cls 1.2802 | tal -0.0338 | dual_g 1.7131 | dual_d 0.8916 | train_acc 1.0000 | train_full 0.9896 | val_acc 0.9615 | val_f1 0.9663 | grad(main/disc) 4.439/2.011 | lr(main/disc) 2.50e-05/1.25e-05 | 44.4s
2026-08-18 23:29:04 | Early stopping at epoch 28 after 15 epochs without val_acc improvement.
2026-08-18 23:29:04 | Training complete. Best validation accuracy: 1.0000 | best val_acc: 1.0000
