2026-08-29 19:25:50 | Starting Dual_D standalone training
2026-08-29 19:25:50 | Run directory: runs/module_c_ablation_60_v7/module_c_20260829_145907/module_c_no_module_c_逆光_20260829_190447
2026-08-29 19:25:50 | Device: cuda
2026-08-29 19:25:50 | Source train samples: 992
2026-08-29 19:25:50 | Target train samples: 132
2026-08-29 19:25:50 | Target val samples: 37
2026-08-29 19:25:50 | Classes: 14
2026-08-29 19:25:50 | Data audit: same_dir=False | path_overlap(vis/ir/ais)=0/0/0 | content_overlap(vis/ir/ais)=0/0/0 | ais_index_overlap=0 | stem_mismatch(vis-ir/vis-ais)=157/0
2026-08-29 19:25:50 | source_train classes: present 14/14 | absent 0 | counts [0:120, 1:44, 2:69, 3:45, 4:40, 5:30, 6:64, 7:80, 8:116, 9:68, 10:57, 11:83, 12:48, 13:128]
2026-08-29 19:25:50 | target_train classes: present 9/14 | absent 5 | counts [0:20, 2:12, 4:12, 5:2, 9:16, 10:16, 11:29, 12:4, 13:21]
2026-08-29 19:25:50 | target_val classes: present 9/14 | absent 5 | counts [0:6, 2:3, 4:4, 5:1, 9:4, 10:4, 11:8, 12:1, 13:6]
2026-08-29 19:25:50 | Paired training classes: 9/14 | class ids [0, 2, 4, 5, 9, 10, 11, 12, 13]
2026-08-29 19:25:50 | Runtime profile: batch=92 | paired_steps=4 | workers=16 | train_eval_every=5 | raw_eval_every=5 | stability_window=3 | lr_scheduler_start=24 | early_stop=18 after min_epoch=45
2026-08-29 19:25:50 | VIS/IR pairing: class-level-unpaired | count-mismatch classes train/val: 10/1 | AIS alignment: none | AIS rows train/val: 0/0
2026-08-29 19:25:51 | Effective Dual-D loss weights: {"adv_auxiliary": 0.025, "adv_primary": 0.025, "classification": 0.0, "contrastive": 0.0, "cycle": 0.0, "identity": 0.0, "prototype_contrastive": 0.0}
2026-08-29 19:25:51 | Model parameters: total=17277714 | trainable=17120210
2026-08-29 19:25:57 | Epoch 001/060 | loss 5.7087 | cls 5.7818 | tal -0.2438 | dual_g 0.0000 | dual_d 0.0000 | train_acc 0.0652 | train_full 0.1212 | val_acc 0.2162 | val_f1 0.1115 | adv/moduleC 0.00/0.00 | disc_steps 0 | grad(main/disc) 16.765/0.000 | lr(main/disc) 6.50e-05/2.75e-05 | cuda_peak(alloc/resv) 21.77/28.18GB | phase(train/val/raw/train_eval) 4.0/0.5/0.5/0.8s | 5.9s
2026-08-29 19:26:01 | Epoch 002/060 | loss 4.8175 | cls 4.8077 | tal 0.0325 | dual_g 0.0000 | dual_d 0.0000 | train_acc 0.1984 | train_full n/a | val_acc 0.1892 | val_f1 0.1162 | adv/moduleC 0.00/0.00 | disc_steps 0 | grad(main/disc) 13.557/0.000 | lr(main/disc) 6.50e-05/2.75e-05 | cuda_peak(alloc/resv) 21.77/28.18GB | phase(train/val/raw/train_eval) 3.2/0.5/0.0/0.0s | 3.8s
2026-08-29 19:26:06 | Epoch 003/060 | loss 4.4427 | cls 4.4201 | tal 0.0753 | dual_g 0.0000 | dual_d 0.0000 | train_acc 0.2310 | train_full n/a | val_acc 0.2703 | val_f1 0.1734 | adv/moduleC 0.00/0.00 | disc_steps 0 | grad(main/disc) 12.461/0.000 | lr(main/disc) 6.50e-05/2.75e-05 | cuda_peak(alloc/resv) 21.77/28.18GB | phase(train/val/raw/train_eval) 3.6/0.5/0.5/0.0s | 4.7s
2026-08-29 19:26:08 | New best val_f1_macro_present: raw=0.1734 stable_score=0.1115 at epoch 3
2026-08-29 19:26:13 | Epoch 004/060 | loss 3.7910 | cls 3.7753 | tal 0.0522 | dual_g 0.0000 | dual_d 0.0000 | train_acc 0.4103 | train_full n/a | val_acc 0.3514 | val_f1 0.2868 | adv/moduleC 0.00/0.00 | disc_steps 0 | grad(main/disc) 10.869/0.000 | lr(main/disc) 6.50e-05/2.75e-05 | cuda_peak(alloc/resv) 21.77/28.18GB | phase(train/val/raw/train_eval) 3.3/0.5/0.5/0.0s | 4.4s
2026-08-29 19:26:16 | New best val_f1_macro_present: raw=0.2868 stable_score=0.1162 at epoch 4
2026-08-29 19:26:21 | Epoch 005/060 | loss 3.7126 | cls 3.6730 | tal 0.1320 | dual_g 0.0000 | dual_d 0.0000 | train_acc 0.4022 | train_full 0.3561 | val_acc 0.4595 | val_f1 0.5709 | adv/moduleC 0.00/0.12 | disc_steps 0 | grad(main/disc) 10.609/0.000 | lr(main/disc) 6.50e-05/2.75e-05 | cuda_peak(alloc/resv) 21.77/28.18GB | phase(train/val/raw/train_eval) 3.2/0.5/0.5/0.8s | 5.0s
2026-08-29 19:26:23 | New best val_f1_macro_present: raw=0.5709 stable_score=0.1734 at epoch 5
2026-08-29 19:26:28 | Epoch 006/060 | loss 3.3628 | cls 3.3205 | tal 0.1410 | dual_g 0.0000 | dual_d 0.0000 | train_acc 0.5000 | train_full n/a | val_acc 0.7027 | val_f1 0.7760 | adv/moduleC 0.00/0.25 | disc_steps 0 | grad(main/disc) 9.934/0.000 | lr(main/disc) 6.50e-05/2.75e-05 | cuda_peak(alloc/resv) 21.77/28.18GB | phase(train/val/raw/train_eval) 3.3/0.5/0.5/0.0s | 4.4s
2026-08-29 19:26:31 | New best val_f1_macro_present: raw=0.7760 stable_score=0.2868 at epoch 6
2026-08-29 19:26:35 | Epoch 007/060 | loss 3.1215 | cls 3.0662 | tal 0.1696 | dual_g 0.0044 | dual_d 0.7792 | train_acc 0.5652 | train_full n/a | val_acc 0.8649 | val_f1 0.8625 | adv/moduleC 0.07/0.38 | disc_steps 2 | grad(main/disc) 9.588/1.665 | lr(main/disc) 6.50e-05/2.75e-05 | cuda_peak(alloc/resv) 21.77/28.18GB | phase(train/val/raw/train_eval) 3.4/0.5/0.5/0.0s | 4.5s
2026-08-29 19:26:38 | New best val_f1_macro_present: raw=0.8625 stable_score=0.5709 at epoch 7
2026-08-29 19:26:43 | Epoch 008/060 | loss 2.9364 | cls 2.8839 | tal 0.1461 | dual_g 0.0086 | dual_d 0.8286 | train_acc 0.5842 | train_full n/a | val_acc 0.9189 | val_f1 0.9396 | adv/moduleC 0.14/0.50 | disc_steps 2 | grad(main/disc) 9.122/1.718 | lr(main/disc) 6.50e-05/2.75e-05 | cuda_peak(alloc/resv) 21.77/28.18GB | phase(train/val/raw/train_eval) 3.6/0.5/0.5/0.0s | 4.6s
2026-08-29 19:26:46 | New best val_f1_macro_present: raw=0.9396 stable_score=0.7760 at epoch 8
2026-08-29 19:26:50 | Epoch 009/060 | loss 2.7171 | cls 2.6739 | tal 0.1036 | dual_g 0.0121 | dual_d 0.7857 | train_acc 0.6821 | train_full n/a | val_acc 0.9189 | val_f1 0.9396 | adv/moduleC 0.21/0.62 | disc_steps 2 | grad(main/disc) 8.792/1.594 | lr(main/disc) 6.50e-05/2.75e-05 | cuda_peak(alloc/resv) 21.77/28.18GB | phase(train/val/raw/train_eval) 3.4/0.5/0.5/0.0s | 4.4s
2026-08-29 19:26:53 | New best val_f1_macro_present: raw=0.9396 stable_score=0.8625 at epoch 9
2026-08-29 19:26:58 | Epoch 010/060 | loss 2.6020 | cls 2.5554 | tal 0.1051 | dual_g 0.0151 | dual_d 0.8052 | train_acc 0.6984 | train_full 0.9242 | val_acc 0.9459 | val_f1 0.9578 | adv/moduleC 0.29/0.75 | disc_steps 2 | grad(main/disc) 8.805/1.627 | lr(main/disc) 6.50e-05/2.75e-05 | cuda_peak(alloc/resv) 21.77/28.18GB | phase(train/val/raw/train_eval) 3.5/0.5/0.5/0.8s | 5.3s
2026-08-29 19:27:01 | New best val_f1_macro_present: raw=0.9578 stable_score=0.9396 at epoch 10
2026-08-29 19:27:05 | Epoch 011/060 | loss 2.4537 | cls 2.4103 | tal 0.0835 | dual_g 0.0183 | dual_d 0.8405 | train_acc 0.7201 | train_full n/a | val_acc 0.9459 | val_f1 0.9616 | adv/moduleC 0.36/0.88 | disc_steps 2 | grad(main/disc) 9.016/1.603 | lr(main/disc) 6.50e-05/2.75e-05 | cuda_peak(alloc/resv) 21.77/28.18GB | phase(train/val/raw/train_eval) 3.4/0.5/0.0/0.0s | 4.0s
2026-08-29 19:27:10 | Epoch 012/060 | loss 2.3163 | cls 2.2704 | tal 0.0838 | dual_g 0.0208 | dual_d 0.8586 | train_acc 0.7527 | train_full n/a | val_acc 0.9459 | val_f1 0.9458 | adv/moduleC 0.43/1.00 | disc_steps 2 | grad(main/disc) 8.422/1.713 | lr(main/disc) 6.50e-05/2.75e-05 | cuda_peak(alloc/resv) 21.77/28.18GB | phase(train/val/raw/train_eval) 3.7/0.5/0.5/0.0s | 4.7s
2026-08-29 19:27:13 | New best val_f1_macro_present: raw=0.9458 stable_score=0.9458 at epoch 12
2026-08-29 19:27:16 | Epoch 013/060 | loss 2.0938 | cls 2.0666 | tal 0.0103 | dual_g 0.0241 | dual_d 0.8883 | train_acc 0.8016 | train_full n/a | val_acc 0.9459 | val_f1 0.9616 | adv/moduleC 0.50/1.00 | disc_steps 2 | grad(main/disc) 7.612/1.666 | lr(main/disc) 6.50e-05/2.75e-05 | cuda_peak(alloc/resv) 21.77/28.18GB | phase(train/val/raw/train_eval) 3.3/0.5/0.0/0.0s | 3.8s
2026-08-29 19:27:21 | Epoch 014/060 | loss 2.0977 | cls 2.0692 | tal 0.0133 | dual_g 0.0244 | dual_d 0.9490 | train_acc 0.8207 | train_full n/a | val_acc 1.0000 | val_f1 1.0000 | adv/moduleC 0.57/1.00 | disc_steps 2 | grad(main/disc) 7.855/1.734 | lr(main/disc) 6.50e-05/2.75e-05 | cuda_peak(alloc/resv) 21.77/28.18GB | phase(train/val/raw/train_eval) 3.7/0.5/0.0/0.0s | 4.2s
2026-08-29 19:27:26 | Epoch 015/060 | loss 2.0699 | cls 2.0278 | tal 0.0552 | dual_g 0.0255 | dual_d 0.9117 | train_acc 0.8071 | train_full 0.9697 | val_acc 0.9730 | val_f1 0.9802 | adv/moduleC 0.64/1.00 | disc_steps 2 | grad(main/disc) 8.263/1.663 | lr(main/disc) 6.50e-05/2.75e-05 | cuda_peak(alloc/resv) 21.77/28.18GB | phase(train/val/raw/train_eval) 3.6/0.5/0.5/0.8s | 5.4s
2026-08-29 19:27:29 | New best val_f1_macro_present: raw=0.9802 stable_score=0.9616 at epoch 15
2026-08-29 19:27:33 | Epoch 016/060 | loss 2.0351 | cls 1.9932 | tal 0.0458 | dual_g 0.0282 | dual_d 0.9729 | train_acc 0.8424 | train_full n/a | val_acc 0.9730 | val_f1 0.9802 | adv/moduleC 0.71/1.00 | disc_steps 2 | grad(main/disc) 8.274/1.757 | lr(main/disc) 6.50e-05/2.75e-05 | cuda_peak(alloc/resv) 21.77/28.18GB | phase(train/val/raw/train_eval) 3.4/0.5/0.5/0.0s | 4.5s
2026-08-29 19:27:36 | New best val_f1_macro_present: raw=0.9802 stable_score=0.9802 at epoch 16
2026-08-29 19:27:40 | Epoch 017/060 | loss 1.9295 | cls 1.8845 | tal 0.0534 | dual_g 0.0290 | dual_d 0.9955 | train_acc 0.8696 | train_full n/a | val_acc 0.9730 | val_f1 0.9802 | adv/moduleC 0.79/1.00 | disc_steps 2 | grad(main/disc) 7.388/1.742 | lr(main/disc) 6.50e-05/2.75e-05 | cuda_peak(alloc/resv) 21.77/28.18GB | phase(train/val/raw/train_eval) 3.5/0.5/0.0/0.0s | 4.0s
2026-08-29 19:27:44 | Epoch 018/060 | loss 1.8529 | cls 1.8051 | tal 0.0560 | dual_g 0.0310 | dual_d 1.0139 | train_acc 0.8614 | train_full n/a | val_acc 1.0000 | val_f1 1.0000 | adv/moduleC 0.86/1.00 | disc_steps 2 | grad(main/disc) 7.902/1.693 | lr(main/disc) 6.50e-05/2.75e-05 | cuda_peak(alloc/resv) 21.77/28.18GB | phase(train/val/raw/train_eval) 3.3/0.5/0.0/0.0s | 3.8s
2026-08-29 19:27:48 | Epoch 019/060 | loss 1.8000 | cls 1.7827 | tal -0.0471 | dual_g 0.0315 | dual_d 1.0158 | train_acc 0.8967 | train_full n/a | val_acc 0.9459 | val_f1 0.9153 | adv/moduleC 0.93/1.00 | disc_steps 2 | grad(main/disc) 8.630/1.740 | lr(main/disc) 6.50e-05/2.75e-05 | cuda_peak(alloc/resv) 21.77/28.18GB | phase(train/val/raw/train_eval) 3.5/0.6/0.0/0.0s | 4.0s
2026-08-29 19:27:54 | Epoch 020/060 | loss 1.7715 | cls 1.7677 | tal -0.0943 | dual_g 0.0321 | dual_d 0.9743 | train_acc 0.8777 | train_full 0.9773 | val_acc 0.9459 | val_f1 0.9485 | adv/moduleC 1.00/1.00 | disc_steps 2 | grad(main/disc) 7.750/1.611 | lr(main/disc) 6.50e-05/2.75e-05 | cuda_peak(alloc/resv) 21.77/28.18GB | phase(train/val/raw/train_eval) 3.8/0.5/0.5/0.8s | 5.7s
2026-08-29 19:27:58 | Epoch 021/060 | loss 1.6711 | cls 1.6606 | tal -0.0608 | dual_g 0.0288 | dual_d 1.0975 | train_acc 0.8940 | train_full n/a | val_acc 0.9730 | val_f1 0.9802 | adv/moduleC 1.00/1.00 | disc_steps 2 | grad(main/disc) 7.207/1.765 | lr(main/disc) 6.50e-05/2.75e-05 | cuda_peak(alloc/resv) 21.77/28.18GB | phase(train/val/raw/train_eval) 3.5/0.5/0.0/0.0s | 4.0s
2026-08-29 19:28:02 | Epoch 022/060 | loss 1.6289 | cls 1.6310 | tal -0.0987 | dual_g 0.0275 | dual_d 1.1068 | train_acc 0.9293 | train_full n/a | val_acc 0.9730 | val_f1 0.9802 | adv/moduleC 1.00/1.00 | disc_steps 2 | grad(main/disc) 7.189/1.713 | lr(main/disc) 6.50e-05/2.75e-05 | cuda_peak(alloc/resv) 21.77/28.18GB | phase(train/val/raw/train_eval) 3.6/0.5/0.0/0.0s | 4.1s
2026-08-29 19:28:06 | Epoch 023/060 | loss 1.6612 | cls 1.6450 | tal -0.0351 | dual_g 0.0268 | dual_d 1.0715 | train_acc 0.8913 | train_full n/a | val_acc 0.9730 | val_f1 0.9802 | adv/moduleC 1.00/1.00 | disc_steps 2 | grad(main/disc) 7.185/1.716 | lr(main/disc) 6.50e-05/2.75e-05 | cuda_peak(alloc/resv) 21.77/28.18GB | phase(train/val/raw/train_eval) 3.7/0.5/0.0/0.0s | 4.2s
2026-08-29 19:28:10 | Epoch 024/060 | loss 1.5878 | cls 1.5766 | tal -0.0493 | dual_g 0.0260 | dual_d 1.0892 | train_acc 0.9158 | train_full n/a | val_acc 0.9730 | val_f1 0.9802 | adv/moduleC 1.00/1.00 | disc_steps 2 | grad(main/disc) 7.025/1.666 | lr(main/disc) 6.50e-05/2.75e-05 | cuda_peak(alloc/resv) 21.77/28.18GB | phase(train/val/raw/train_eval) 3.3/0.5/0.0/0.0s | 3.8s
2026-08-29 19:28:15 | Epoch 025/060 | loss 1.5647 | cls 1.5565 | tal -0.0535 | dual_g 0.0242 | dual_d 1.1447 | train_acc 0.9375 | train_full 0.9924 | val_acc 0.9730 | val_f1 0.9802 | adv/moduleC 1.00/1.00 | disc_steps 2 | grad(main/disc) 6.472/1.699 | lr(main/disc) 6.50e-05/2.75e-05 | cuda_peak(alloc/resv) 21.77/28.18GB | phase(train/val/raw/train_eval) 3.6/0.5/0.5/0.8s | 5.4s
2026-08-29 19:28:19 | Epoch 026/060 | loss 1.6012 | cls 1.5693 | tal 0.0301 | dual_g 0.0228 | dual_d 1.1232 | train_acc 0.9348 | train_full n/a | val_acc 0.9730 | val_f1 0.9802 | adv/moduleC 1.00/1.00 | disc_steps 2 | grad(main/disc) 7.377/1.686 | lr(main/disc) 6.50e-05/2.75e-05 | cuda_peak(alloc/resv) 21.77/28.18GB | phase(train/val/raw/train_eval) 3.6/0.5/0.0/0.0s | 4.1s
2026-08-29 19:28:23 | Epoch 027/060 | loss 1.5067 | cls 1.4883 | tal -0.0170 | dual_g 0.0235 | dual_d 1.1774 | train_acc 0.9620 | train_full n/a | val_acc 0.9730 | val_f1 0.9802 | adv/moduleC 1.00/1.00 | disc_steps 2 | grad(main/disc) 6.980/1.782 | lr(main/disc) 6.50e-05/2.75e-05 | cuda_peak(alloc/resv) 21.77/28.18GB | phase(train/val/raw/train_eval) 3.2/0.5/0.0/0.0s | 3.8s
2026-08-29 19:28:27 | Epoch 028/060 | loss 1.5021 | cls 1.4718 | tal 0.0265 | dual_g 0.0224 | dual_d 1.1600 | train_acc 0.9429 | train_full n/a | val_acc 0.9730 | val_f1 0.9802 | adv/moduleC 1.00/1.00 | disc_steps 2 | grad(main/disc) 6.924/1.780 | lr(main/disc) 6.50e-05/2.75e-05 | cuda_peak(alloc/resv) 21.77/28.18GB | phase(train/val/raw/train_eval) 3.5/0.5/0.0/0.0s | 4.0s
2026-08-29 19:28:31 | Epoch 029/060 | loss 1.4317 | cls 1.4187 | tal -0.0302 | dual_g 0.0221 | dual_d 1.1603 | train_acc 0.9565 | train_full n/a | val_acc 0.9730 | val_f1 0.9802 | adv/moduleC 1.00/1.00 | disc_steps 2 | grad(main/disc) 5.696/1.737 | lr(main/disc) 6.50e-05/2.75e-05 | cuda_peak(alloc/resv) 21.77/28.18GB | phase(train/val/raw/train_eval) 3.5/0.5/0.0/0.0s | 4.0s
2026-08-29 19:28:37 | Epoch 030/060 | loss 1.4049 | cls 1.3991 | tal -0.0491 | dual_g 0.0205 | dual_d 1.2097 | train_acc 0.9701 | train_full 1.0000 | val_acc 0.9730 | val_f1 0.9802 | adv/moduleC 1.00/1.00 | disc_steps 2 | grad(main/disc) 6.076/1.739 | lr(main/disc) 6.50e-05/2.75e-05 | cuda_peak(alloc/resv) 21.77/28.18GB | phase(train/val/raw/train_eval) 3.5/0.5/0.5/0.8s | 5.3s
2026-08-29 19:28:41 | Epoch 031/060 | loss 1.3775 | cls 1.3665 | tal -0.0337 | dual_g 0.0211 | dual_d 1.1519 | train_acc 0.9918 | train_full n/a | val_acc 1.0000 | val_f1 1.0000 | adv/moduleC 1.00/1.00 | disc_steps 2 | grad(main/disc) 5.062/1.699 | lr(main/disc) 6.50e-05/2.75e-05 | cuda_peak(alloc/resv) 21.77/28.18GB | phase(train/val/raw/train_eval) 3.8/0.5/0.0/0.0s | 4.3s
2026-08-29 19:28:45 | Epoch 032/060 | loss 1.3666 | cls 1.3711 | tal -0.0838 | dual_g 0.0207 | dual_d 1.1945 | train_acc 0.9674 | train_full n/a | val_acc 0.9730 | val_f1 0.9802 | adv/moduleC 1.00/1.00 | disc_steps 2 | grad(main/disc) 5.875/1.763 | lr(main/disc) 6.50e-05/2.75e-05 | cuda_peak(alloc/resv) 21.77/28.18GB | phase(train/val/raw/train_eval) 3.4/0.5/0.0/0.0s | 3.9s
2026-08-29 19:28:49 | Epoch 033/060 | loss 1.3594 | cls 1.3450 | tal -0.0197 | dual_g 0.0203 | dual_d 1.2252 | train_acc 0.9674 | train_full n/a | val_acc 0.9730 | val_f1 0.9802 | adv/moduleC 1.00/1.00 | disc_steps 2 | grad(main/disc) 5.007/1.754 | lr(main/disc) 6.50e-05/2.75e-05 | cuda_peak(alloc/resv) 21.77/28.18GB | phase(train/val/raw/train_eval) 3.9/0.5/0.0/0.0s | 4.4s
2026-08-29 19:28:54 | Epoch 034/060 | loss 1.3920 | cls 1.3856 | tal -0.0424 | dual_g 0.0191 | dual_d 1.2411 | train_acc 0.9755 | train_full n/a | val_acc 0.9730 | val_f1 0.9802 | adv/moduleC 1.00/1.00 | disc_steps 2 | grad(main/disc) 6.316/1.800 | lr(main/disc) 6.50e-05/2.75e-05 | cuda_peak(alloc/resv) 21.77/28.18GB | phase(train/val/raw/train_eval) 3.8/0.5/0.0/0.0s | 4.3s
2026-08-29 19:28:59 | Epoch 035/060 | loss 1.3529 | cls 1.3781 | tal -0.1468 | dual_g 0.0188 | dual_d 1.2706 | train_acc 0.9755 | train_full 1.0000 | val_acc 0.9730 | val_f1 0.9802 | adv/moduleC 1.00/1.00 | disc_steps 2 | grad(main/disc) 5.718/1.757 | lr(main/disc) 6.50e-05/2.75e-05 | cuda_peak(alloc/resv) 21.77/28.18GB | phase(train/val/raw/train_eval) 3.6/0.5/0.5/0.8s | 5.5s
2026-08-29 19:29:04 | Epoch 036/060 | loss 1.3621 | cls 1.3565 | tal -0.0410 | dual_g 0.0178 | dual_d 1.2863 | train_acc 0.9620 | train_full n/a | val_acc 0.9730 | val_f1 0.9802 | adv/moduleC 1.00/1.00 | disc_steps 2 | grad(main/disc) 5.293/1.769 | lr(main/disc) 6.50e-05/2.75e-05 | cuda_peak(alloc/resv) 21.77/28.18GB | phase(train/val/raw/train_eval) 4.0/0.5/0.0/0.0s | 4.6s
2026-08-29 19:29:08 | Epoch 037/060 | loss 1.3248 | cls 1.3200 | tal -0.0435 | dual_g 0.0178 | dual_d 1.2443 | train_acc 0.9783 | train_full n/a | val_acc 0.9730 | val_f1 0.9802 | adv/moduleC 1.00/1.00 | disc_steps 2 | grad(main/disc) 4.344/1.715 | lr(main/disc) 6.50e-05/2.75e-05 | cuda_peak(alloc/resv) 21.77/28.18GB | phase(train/val/raw/train_eval) 3.5/0.5/0.0/0.0s | 4.0s
2026-08-29 19:29:11 | Epoch 038/060 | loss 1.3244 | cls 1.3193 | tal -0.0475 | dual_g 0.0194 | dual_d 1.2169 | train_acc 0.9918 | train_full n/a | val_acc 1.0000 | val_f1 1.0000 | adv/moduleC 1.00/1.00 | disc_steps 2 | grad(main/disc) 4.446/1.718 | lr(main/disc) 6.50e-05/2.75e-05 | cuda_peak(alloc/resv) 21.77/28.18GB | phase(train/val/raw/train_eval) 3.3/0.5/0.0/0.0s | 3.8s
2026-08-29 19:29:15 | Epoch 039/060 | loss 1.3208 | cls 1.3241 | tal -0.0666 | dual_g 0.0167 | dual_d 1.2387 | train_acc 0.9728 | train_full n/a | val_acc 1.0000 | val_f1 1.0000 | adv/moduleC 1.00/1.00 | disc_steps 2 | grad(main/disc) 5.554/1.725 | lr(main/disc) 6.50e-05/2.75e-05 | cuda_peak(alloc/resv) 21.77/28.18GB | phase(train/val/raw/train_eval) 3.5/0.5/0.0/0.0s | 4.0s
2026-08-29 19:29:21 | Epoch 040/060 | loss 1.3235 | cls 1.3341 | tal -0.0924 | dual_g 0.0172 | dual_d 1.2092 | train_acc 0.9918 | train_full 1.0000 | val_acc 0.9730 | val_f1 0.9802 | adv/moduleC 1.00/1.00 | disc_steps 2 | grad(main/disc) 4.797/1.689 | lr(main/disc) 6.50e-05/2.75e-05 | cuda_peak(alloc/resv) 21.77/28.18GB | phase(train/val/raw/train_eval) 3.3/0.5/0.5/0.8s | 5.2s
2026-08-29 19:29:25 | Epoch 041/060 | loss 1.3089 | cls 1.3112 | tal -0.0635 | dual_g 0.0168 | dual_d 1.2725 | train_acc 0.9810 | train_full n/a | val_acc 0.9730 | val_f1 0.9802 | adv/moduleC 1.00/1.00 | disc_steps 2 | grad(main/disc) 4.451/1.713 | lr(main/disc) 6.50e-05/2.75e-05 | cuda_peak(alloc/resv) 21.77/28.18GB | phase(train/val/raw/train_eval) 3.7/0.5/0.0/0.0s | 4.2s
2026-08-29 19:29:29 | Epoch 042/060 | loss 1.2994 | cls 1.3000 | tal -0.0629 | dual_g 0.0182 | dual_d 1.2528 | train_acc 0.9891 | train_full n/a | val_acc 0.9730 | val_f1 0.9802 | adv/moduleC 1.00/1.00 | disc_steps 2 | grad(main/disc) 4.853/1.711 | lr(main/disc) 3.25e-05/1.38e-05 | cuda_peak(alloc/resv) 21.77/28.18GB | phase(train/val/raw/train_eval) 3.4/0.5/0.0/0.0s | 3.9s
2026-08-29 19:29:33 | Epoch 043/060 | loss 1.2771 | cls 1.2859 | tal -0.0884 | dual_g 0.0178 | dual_d 1.2208 | train_acc 0.9864 | train_full n/a | val_acc 0.9730 | val_f1 0.9802 | adv/moduleC 1.00/1.00 | disc_steps 2 | grad(main/disc) 3.972/1.734 | lr(main/disc) 3.25e-05/1.38e-05 | cuda_peak(alloc/resv) 21.77/28.18GB | phase(train/val/raw/train_eval) 3.6/0.5/0.0/0.0s | 4.1s
2026-08-29 19:29:37 | Epoch 044/060 | loss 1.2712 | cls 1.2718 | tal -0.0591 | dual_g 0.0171 | dual_d 1.2320 | train_acc 0.9837 | train_full n/a | val_acc 0.9730 | val_f1 0.9802 | adv/moduleC 1.00/1.00 | disc_steps 2 | grad(main/disc) 3.702/1.697 | lr(main/disc) 3.25e-05/1.38e-05 | cuda_peak(alloc/resv) 21.77/28.18GB | phase(train/val/raw/train_eval) 3.7/0.5/0.0/0.0s | 4.3s
2026-08-29 19:29:43 | Epoch 045/060 | loss 1.2949 | cls 1.2999 | tal -0.0725 | dual_g 0.0167 | dual_d 1.2253 | train_acc 0.9864 | train_full 1.0000 | val_acc 0.9730 | val_f1 0.9802 | adv/moduleC 1.00/1.00 | disc_steps 2 | grad(main/disc) 4.454/1.661 | lr(main/disc) 3.25e-05/1.38e-05 | cuda_peak(alloc/resv) 21.77/28.18GB | phase(train/val/raw/train_eval) 3.7/0.5/0.5/0.8s | 5.5s
2026-08-29 19:29:43 | Early stopping at epoch 45 after 29 epochs without val_f1_macro_present improvement.
2026-08-29 19:29:43 | Training complete. Peak validation accuracy: 1.0000 | selected val_f1_macro_present: 0.9802
