2026-08-29 19:29:43 | Starting Dual_D standalone training
2026-08-29 19:29:43 | Run directory: runs/module_c_ablation_60_v7/module_c_20260829_145907/module_c_no_module_c_逆光_20260829_190447
2026-08-29 19:29:43 | Device: cuda
2026-08-29 19:29:43 | Source train samples: 992
2026-08-29 19:29:43 | Target train samples: 132
2026-08-29 19:29:43 | Target val samples: 37
2026-08-29 19:29:43 | Classes: 14
2026-08-29 19:29:43 | Data audit: same_dir=False | path_overlap(vis/ir/ais)=0/0/0 | content_overlap(vis/ir/ais)=0/0/0 | ais_index_overlap=0 | stem_mismatch(vis-ir/vis-ais)=157/0
2026-08-29 19:29:43 | source_train classes: present 14/14 | absent 0 | counts [0:120, 1:44, 2:69, 3:45, 4:40, 5:30, 6:64, 7:80, 8:116, 9:68, 10:57, 11:83, 12:48, 13:128]
2026-08-29 19:29:43 | target_train classes: present 9/14 | absent 5 | counts [0:20, 2:12, 4:12, 5:2, 9:16, 10:16, 11:29, 12:4, 13:21]
2026-08-29 19:29:43 | target_val classes: present 9/14 | absent 5 | counts [0:6, 2:3, 4:4, 5:1, 9:4, 10:4, 11:8, 12:1, 13:6]
2026-08-29 19:29:43 | Paired training classes: 9/14 | class ids [0, 2, 4, 5, 9, 10, 11, 12, 13]
2026-08-29 19:29:43 | Runtime profile: batch=92 | paired_steps=4 | workers=16 | train_eval_every=5 | raw_eval_every=5 | stability_window=3 | lr_scheduler_start=24 | early_stop=18 after min_epoch=45
2026-08-29 19:29:43 | VIS/IR pairing: class-level-unpaired | count-mismatch classes train/val: 10/1 | AIS alignment: none | AIS rows train/val: 0/0
2026-08-29 19:29:44 | Effective Dual-D loss weights: {"adv_auxiliary": 0.025, "adv_primary": 0.025, "classification": 0.0, "contrastive": 0.0, "cycle": 0.0, "identity": 0.0, "prototype_contrastive": 0.0}
2026-08-29 19:29:44 | Model parameters: total=17277714 | trainable=17120210
2026-08-29 19:29:50 | Epoch 001/060 | loss 5.8960 | cls 5.8811 | tal 0.0497 | dual_g 0.0000 | dual_d 0.0000 | train_acc 0.0978 | train_full 0.1288 | val_acc 0.2162 | val_f1 0.0718 | adv/moduleC 0.00/0.00 | disc_steps 0 | grad(main/disc) 16.203/0.000 | lr(main/disc) 6.50e-05/2.75e-05 | cuda_peak(alloc/resv) 21.77/28.18GB | phase(train/val/raw/train_eval) 3.9/0.5/0.5/0.8s | 5.8s
2026-08-29 19:29:54 | Epoch 002/060 | loss 5.0125 | cls 5.0033 | tal 0.0309 | dual_g 0.0000 | dual_d 0.0000 | train_acc 0.1902 | train_full n/a | val_acc 0.2432 | val_f1 0.0807 | adv/moduleC 0.00/0.00 | disc_steps 0 | grad(main/disc) 13.402/0.000 | lr(main/disc) 6.50e-05/2.75e-05 | cuda_peak(alloc/resv) 21.77/28.18GB | phase(train/val/raw/train_eval) 3.7/0.5/0.0/0.0s | 4.2s
2026-08-29 19:29:59 | Epoch 003/060 | loss 4.2710 | cls 4.2692 | tal 0.0060 | dual_g 0.0000 | dual_d 0.0000 | train_acc 0.3016 | train_full n/a | val_acc 0.2973 | val_f1 0.2301 | adv/moduleC 0.00/0.00 | disc_steps 0 | grad(main/disc) 11.735/0.000 | lr(main/disc) 6.50e-05/2.75e-05 | cuda_peak(alloc/resv) 21.77/28.18GB | phase(train/val/raw/train_eval) 3.6/0.5/0.5/0.0s | 4.7s
2026-08-29 19:30:01 | New best val_f1_macro_present: raw=0.2301 stable_score=0.0718 at epoch 3
2026-08-29 19:30:06 | Epoch 004/060 | loss 3.8669 | cls 3.8620 | tal 0.0162 | dual_g 0.0000 | dual_d 0.0000 | train_acc 0.3533 | train_full n/a | val_acc 0.4324 | val_f1 0.4042 | adv/moduleC 0.00/0.00 | disc_steps 0 | grad(main/disc) 10.704/0.000 | lr(main/disc) 6.50e-05/2.75e-05 | cuda_peak(alloc/resv) 21.77/28.18GB | phase(train/val/raw/train_eval) 3.7/0.5/0.5/0.0s | 4.8s
2026-08-29 19:30:09 | New best val_f1_macro_present: raw=0.4042 stable_score=0.0807 at epoch 4
2026-08-29 19:30:15 | Epoch 005/060 | loss 3.6071 | cls 3.5956 | tal 0.0383 | dual_g 0.0000 | dual_d 0.0000 | train_acc 0.4402 | train_full 0.5303 | val_acc 0.4865 | val_f1 0.4709 | adv/moduleC 0.00/0.12 | disc_steps 0 | grad(main/disc) 9.824/0.000 | lr(main/disc) 6.50e-05/2.75e-05 | cuda_peak(alloc/resv) 21.77/28.18GB | phase(train/val/raw/train_eval) 3.6/0.5/0.5/0.8s | 5.5s
2026-08-29 19:30:17 | New best val_f1_macro_present: raw=0.4709 stable_score=0.2301 at epoch 5
2026-08-29 19:30:22 | Epoch 006/060 | loss 3.2780 | cls 3.2453 | tal 0.1087 | dual_g 0.0000 | dual_d 0.0000 | train_acc 0.5109 | train_full n/a | val_acc 0.7297 | val_f1 0.6815 | adv/moduleC 0.00/0.25 | disc_steps 0 | grad(main/disc) 9.568/0.000 | lr(main/disc) 6.50e-05/2.75e-05 | cuda_peak(alloc/resv) 21.77/28.18GB | phase(train/val/raw/train_eval) 3.6/0.5/0.5/0.0s | 4.7s
2026-08-29 19:30:25 | New best val_f1_macro_present: raw=0.6815 stable_score=0.4042 at epoch 6
2026-08-29 19:30:29 | Epoch 007/060 | loss 3.1238 | cls 3.1051 | tal 0.0538 | dual_g 0.0026 | dual_d 0.8580 | train_acc 0.5326 | train_full n/a | val_acc 0.8378 | val_f1 0.8595 | adv/moduleC 0.07/0.38 | disc_steps 2 | grad(main/disc) 9.020/1.651 | lr(main/disc) 6.50e-05/2.75e-05 | cuda_peak(alloc/resv) 21.77/28.18GB | phase(train/val/raw/train_eval) 3.5/0.5/0.5/0.0s | 4.6s
2026-08-29 19:30:32 | New best val_f1_macro_present: raw=0.8595 stable_score=0.4709 at epoch 7
2026-08-29 19:30:37 | Epoch 008/060 | loss 2.9343 | cls 2.9173 | tal 0.0401 | dual_g 0.0050 | dual_d 0.8656 | train_acc 0.5788 | train_full n/a | val_acc 0.8378 | val_f1 0.8595 | adv/moduleC 0.14/0.50 | disc_steps 2 | grad(main/disc) 8.696/1.642 | lr(main/disc) 6.50e-05/2.75e-05 | cuda_peak(alloc/resv) 21.77/28.18GB | phase(train/val/raw/train_eval) 3.4/0.5/0.5/0.0s | 4.4s
2026-08-29 19:30:40 | New best val_f1_macro_present: raw=0.8595 stable_score=0.6815 at epoch 8
2026-08-29 19:30:45 | Epoch 009/060 | loss 2.7618 | cls 2.7396 | tal 0.0511 | dual_g 0.0069 | dual_d 0.8708 | train_acc 0.6522 | train_full n/a | val_acc 0.9189 | val_f1 0.9430 | adv/moduleC 0.21/0.62 | disc_steps 2 | grad(main/disc) 8.528/1.630 | lr(main/disc) 6.50e-05/2.75e-05 | cuda_peak(alloc/resv) 21.77/28.18GB | phase(train/val/raw/train_eval) 3.8/0.5/0.5/0.0s | 4.9s
2026-08-29 19:30:48 | New best val_f1_macro_present: raw=0.9430 stable_score=0.8595 at epoch 9
2026-08-29 19:30:53 | Epoch 010/060 | loss 2.6897 | cls 2.6699 | tal 0.0351 | dual_g 0.0092 | dual_d 0.8853 | train_acc 0.6522 | train_full 0.9621 | val_acc 0.9730 | val_f1 0.9840 | adv/moduleC 0.29/0.75 | disc_steps 2 | grad(main/disc) 8.876/1.632 | lr(main/disc) 6.50e-05/2.75e-05 | cuda_peak(alloc/resv) 21.77/28.18GB | phase(train/val/raw/train_eval) 3.6/0.5/0.5/0.8s | 5.4s
2026-08-29 19:30:57 | Epoch 011/060 | loss 2.4804 | cls 2.4655 | tal 0.0124 | dual_g 0.0112 | dual_d 0.8858 | train_acc 0.7228 | train_full n/a | val_acc 0.9459 | val_f1 0.9675 | adv/moduleC 0.36/0.88 | disc_steps 2 | grad(main/disc) 8.703/1.597 | lr(main/disc) 6.50e-05/2.75e-05 | cuda_peak(alloc/resv) 21.77/28.18GB | phase(train/val/raw/train_eval) 3.5/0.5/0.5/0.0s | 4.5s
2026-08-29 19:31:00 | New best val_f1_macro_present: raw=0.9675 stable_score=0.9430 at epoch 11
2026-08-29 19:31:04 | Epoch 012/060 | loss 2.3071 | cls 2.2970 | tal -0.0105 | dual_g 0.0133 | dual_d 0.8895 | train_acc 0.7228 | train_full n/a | val_acc 0.9189 | val_f1 0.9299 | adv/moduleC 0.43/1.00 | disc_steps 2 | grad(main/disc) 7.944/1.590 | lr(main/disc) 6.50e-05/2.75e-05 | cuda_peak(alloc/resv) 21.77/28.18GB | phase(train/val/raw/train_eval) 3.3/0.5/0.0/0.0s | 3.9s
2026-08-29 19:31:08 | Epoch 013/060 | loss 2.1792 | cls 2.1849 | tal -0.0662 | dual_g 0.0141 | dual_d 0.9097 | train_acc 0.7853 | train_full n/a | val_acc 0.9459 | val_f1 0.9616 | adv/moduleC 0.50/1.00 | disc_steps 2 | grad(main/disc) 8.265/1.558 | lr(main/disc) 6.50e-05/2.75e-05 | cuda_peak(alloc/resv) 21.77/28.18GB | phase(train/val/raw/train_eval) 3.4/0.5/0.0/0.0s | 3.9s
2026-08-29 19:31:12 | Epoch 014/060 | loss 2.0955 | cls 2.0973 | tal -0.0569 | dual_g 0.0152 | dual_d 0.9098 | train_acc 0.7908 | train_full n/a | val_acc 0.9189 | val_f1 0.9396 | adv/moduleC 0.57/1.00 | disc_steps 2 | grad(main/disc) 7.813/1.586 | lr(main/disc) 6.50e-05/2.75e-05 | cuda_peak(alloc/resv) 21.77/28.18GB | phase(train/val/raw/train_eval) 3.7/0.5/0.0/0.0s | 4.2s
2026-08-29 19:31:18 | Epoch 015/060 | loss 1.9205 | cls 1.9303 | tal -0.0858 | dual_g 0.0160 | dual_d 0.9699 | train_acc 0.8614 | train_full 0.9848 | val_acc 0.9459 | val_f1 0.9578 | adv/moduleC 0.64/1.00 | disc_steps 2 | grad(main/disc) 7.425/1.593 | lr(main/disc) 6.50e-05/2.75e-05 | cuda_peak(alloc/resv) 21.77/28.18GB | phase(train/val/raw/train_eval) 3.4/0.5/0.5/0.8s | 5.2s
2026-08-29 19:31:22 | Epoch 016/060 | loss 1.8733 | cls 1.8941 | tal -0.1253 | dual_g 0.0168 | dual_d 0.9630 | train_acc 0.8505 | train_full n/a | val_acc 0.9459 | val_f1 0.9578 | adv/moduleC 0.71/1.00 | disc_steps 2 | grad(main/disc) 7.617/1.589 | lr(main/disc) 6.50e-05/2.75e-05 | cuda_peak(alloc/resv) 21.77/28.18GB | phase(train/val/raw/train_eval) 3.6/0.5/0.0/0.0s | 4.1s
2026-08-29 19:31:26 | Epoch 017/060 | loss 1.7794 | cls 1.8058 | tal -0.1438 | dual_g 0.0167 | dual_d 0.9927 | train_acc 0.8478 | train_full n/a | val_acc 0.9459 | val_f1 0.9616 | adv/moduleC 0.79/1.00 | disc_steps 2 | grad(main/disc) 7.261/1.620 | lr(main/disc) 6.50e-05/2.75e-05 | cuda_peak(alloc/resv) 21.77/28.18GB | phase(train/val/raw/train_eval) 3.5/0.5/0.5/0.0s | 4.6s
2026-08-29 19:31:29 | New best val_f1_macro_present: raw=0.9616 stable_score=0.9578 at epoch 17
2026-08-29 19:31:33 | Epoch 018/060 | loss 1.7239 | cls 1.7527 | tal -0.1603 | dual_g 0.0193 | dual_d 1.0349 | train_acc 0.8913 | train_full n/a | val_acc 0.9459 | val_f1 0.9616 | adv/moduleC 0.86/1.00 | disc_steps 2 | grad(main/disc) 6.947/1.660 | lr(main/disc) 6.50e-05/2.75e-05 | cuda_peak(alloc/resv) 21.77/28.18GB | phase(train/val/raw/train_eval) 3.5/0.5/0.0/0.0s | 4.1s
2026-08-29 19:31:38 | Epoch 019/060 | loss 1.6610 | cls 1.6916 | tal -0.1647 | dual_g 0.0188 | dual_d 1.0770 | train_acc 0.9212 | train_full n/a | val_acc 0.9459 | val_f1 0.9578 | adv/moduleC 0.93/1.00 | disc_steps 2 | grad(main/disc) 7.919/1.675 | lr(main/disc) 6.50e-05/2.75e-05 | cuda_peak(alloc/resv) 21.77/28.18GB | phase(train/val/raw/train_eval) 3.6/0.5/0.0/0.0s | 4.1s
2026-08-29 19:31:43 | Epoch 020/060 | loss 1.6182 | cls 1.6554 | tal -0.1885 | dual_g 0.0194 | dual_d 1.1179 | train_acc 0.9076 | train_full 1.0000 | val_acc 0.9730 | val_f1 0.9776 | adv/moduleC 1.00/1.00 | disc_steps 2 | grad(main/disc) 7.355/1.737 | lr(main/disc) 6.50e-05/2.75e-05 | cuda_peak(alloc/resv) 21.77/28.18GB | phase(train/val/raw/train_eval) 3.7/0.5/0.5/0.8s | 5.5s
2026-08-29 19:31:47 | Epoch 021/060 | loss 1.5854 | cls 1.6228 | tal -0.1888 | dual_g 0.0193 | dual_d 1.0994 | train_acc 0.9321 | train_full n/a | val_acc 0.9459 | val_f1 0.9616 | adv/moduleC 1.00/1.00 | disc_steps 2 | grad(main/disc) 7.798/1.716 | lr(main/disc) 6.50e-05/2.75e-05 | cuda_peak(alloc/resv) 21.77/28.18GB | phase(train/val/raw/train_eval) 3.1/0.5/0.0/0.0s | 3.7s
2026-08-29 19:31:51 | Epoch 022/060 | loss 1.5522 | cls 1.5773 | tal -0.1429 | dual_g 0.0178 | dual_d 1.1850 | train_acc 0.9321 | train_full n/a | val_acc 0.9730 | val_f1 0.9802 | adv/moduleC 1.00/1.00 | disc_steps 2 | grad(main/disc) 7.810/1.759 | lr(main/disc) 6.50e-05/2.75e-05 | cuda_peak(alloc/resv) 21.77/28.18GB | phase(train/val/raw/train_eval) 3.4/0.5/0.5/0.0s | 4.5s
2026-08-29 19:31:54 | New best val_f1_macro_present: raw=0.9802 stable_score=0.9616 at epoch 22
2026-08-29 19:31:58 | Epoch 023/060 | loss 1.5460 | cls 1.5729 | tal -0.1469 | dual_g 0.0172 | dual_d 1.2170 | train_acc 0.9239 | train_full n/a | val_acc 0.9459 | val_f1 0.9578 | adv/moduleC 1.00/1.00 | disc_steps 2 | grad(main/disc) 8.476/1.752 | lr(main/disc) 6.50e-05/2.75e-05 | cuda_peak(alloc/resv) 21.77/28.18GB | phase(train/val/raw/train_eval) 3.2/0.5/0.0/0.0s | 3.8s
2026-08-29 19:32:02 | Epoch 024/060 | loss 1.4750 | cls 1.5177 | tal -0.1961 | dual_g 0.0162 | dual_d 1.1603 | train_acc 0.9457 | train_full n/a | val_acc 1.0000 | val_f1 1.0000 | adv/moduleC 1.00/1.00 | disc_steps 2 | grad(main/disc) 7.440/1.657 | lr(main/disc) 6.50e-05/2.75e-05 | cuda_peak(alloc/resv) 21.77/28.18GB | phase(train/val/raw/train_eval) 3.4/0.5/0.0/0.0s | 3.9s
2026-08-29 19:32:07 | Epoch 025/060 | loss 1.4519 | cls 1.4989 | tal -0.2070 | dual_g 0.0151 | dual_d 1.2133 | train_acc 0.9484 | train_full 1.0000 | val_acc 0.9730 | val_f1 0.9802 | adv/moduleC 1.00/1.00 | disc_steps 2 | grad(main/disc) 7.924/1.770 | lr(main/disc) 6.50e-05/2.75e-05 | cuda_peak(alloc/resv) 21.77/28.18GB | phase(train/val/raw/train_eval) 3.4/0.5/0.6/0.8s | 5.3s
2026-08-29 19:32:12 | Epoch 026/060 | loss 1.4174 | cls 1.4598 | tal -0.1922 | dual_g 0.0152 | dual_d 1.2316 | train_acc 0.9592 | train_full n/a | val_acc 0.9730 | val_f1 0.9840 | adv/moduleC 1.00/1.00 | disc_steps 2 | grad(main/disc) 6.191/1.766 | lr(main/disc) 6.50e-05/2.75e-05 | cuda_peak(alloc/resv) 21.77/28.18GB | phase(train/val/raw/train_eval) 3.9/0.5/0.5/0.0s | 4.9s
2026-08-29 19:32:15 | New best val_f1_macro_present: raw=0.9840 stable_score=0.9802 at epoch 26
2026-08-29 19:32:19 | Epoch 027/060 | loss 1.4122 | cls 1.4497 | tal -0.1795 | dual_g 0.0164 | dual_d 1.2465 | train_acc 0.9674 | train_full n/a | val_acc 0.9730 | val_f1 0.9802 | adv/moduleC 1.00/1.00 | disc_steps 2 | grad(main/disc) 6.538/1.772 | lr(main/disc) 6.50e-05/2.75e-05 | cuda_peak(alloc/resv) 21.77/28.18GB | phase(train/val/raw/train_eval) 3.6/0.5/0.0/0.0s | 4.1s
2026-08-29 19:32:23 | Epoch 028/060 | loss 1.4530 | cls 1.4877 | tal -0.1652 | dual_g 0.0148 | dual_d 1.2116 | train_acc 0.9565 | train_full n/a | val_acc 0.9730 | val_f1 0.9802 | adv/moduleC 1.00/1.00 | disc_steps 2 | grad(main/disc) 6.337/1.753 | lr(main/disc) 6.50e-05/2.75e-05 | cuda_peak(alloc/resv) 21.77/28.18GB | phase(train/val/raw/train_eval) 3.3/0.5/0.0/0.0s | 3.8s
2026-08-29 19:32:27 | Epoch 029/060 | loss 1.3931 | cls 1.4362 | tal -0.1922 | dual_g 0.0146 | dual_d 1.2502 | train_acc 0.9511 | train_full n/a | val_acc 0.9730 | val_f1 0.9802 | adv/moduleC 1.00/1.00 | disc_steps 2 | grad(main/disc) 5.978/1.769 | lr(main/disc) 6.50e-05/2.75e-05 | cuda_peak(alloc/resv) 21.77/28.18GB | phase(train/val/raw/train_eval) 4.0/0.5/0.0/0.0s | 4.5s
2026-08-29 19:32:33 | Epoch 030/060 | loss 1.3891 | cls 1.4168 | tal -0.1406 | dual_g 0.0145 | dual_d 1.2711 | train_acc 0.9674 | train_full 1.0000 | val_acc 0.9730 | val_f1 0.9840 | adv/moduleC 1.00/1.00 | disc_steps 2 | grad(main/disc) 5.600/1.764 | lr(main/disc) 6.50e-05/2.75e-05 | cuda_peak(alloc/resv) 21.77/28.18GB | phase(train/val/raw/train_eval) 3.5/0.5/0.5/0.8s | 5.4s
2026-08-29 19:32:37 | Epoch 031/060 | loss 1.3393 | cls 1.3639 | tal -0.1290 | dual_g 0.0140 | dual_d 1.2355 | train_acc 0.9891 | train_full n/a | val_acc 0.9730 | val_f1 0.9776 | adv/moduleC 1.00/1.00 | disc_steps 2 | grad(main/disc) 5.149/1.735 | lr(main/disc) 6.50e-05/2.75e-05 | cuda_peak(alloc/resv) 21.77/28.18GB | phase(train/val/raw/train_eval) 3.6/0.5/0.0/0.0s | 4.1s
2026-08-29 19:32:41 | Epoch 032/060 | loss 1.3389 | cls 1.3717 | tal -0.1561 | dual_g 0.0141 | dual_d 1.2314 | train_acc 0.9728 | train_full n/a | val_acc 1.0000 | val_f1 1.0000 | adv/moduleC 1.00/1.00 | disc_steps 2 | grad(main/disc) 5.970/1.707 | lr(main/disc) 6.50e-05/2.75e-05 | cuda_peak(alloc/resv) 21.77/28.18GB | phase(train/val/raw/train_eval) 3.4/0.5/0.0/0.0s | 3.9s
2026-08-29 19:32:45 | Epoch 033/060 | loss 1.2626 | cls 1.3060 | tal -0.1901 | dual_g 0.0137 | dual_d 1.2208 | train_acc 0.9837 | train_full n/a | val_acc 0.9730 | val_f1 0.9802 | adv/moduleC 1.00/1.00 | disc_steps 2 | grad(main/disc) 4.209/1.676 | lr(main/disc) 6.50e-05/2.75e-05 | cuda_peak(alloc/resv) 21.77/28.18GB | phase(train/val/raw/train_eval) 3.6/0.5/0.0/0.0s | 4.1s
2026-08-29 19:32:48 | Epoch 034/060 | loss 1.2906 | cls 1.3280 | tal -0.1702 | dual_g 0.0136 | dual_d 1.2975 | train_acc 0.9891 | train_full n/a | val_acc 0.9730 | val_f1 0.9802 | adv/moduleC 1.00/1.00 | disc_steps 2 | grad(main/disc) 5.366/1.779 | lr(main/disc) 6.50e-05/2.75e-05 | cuda_peak(alloc/resv) 21.77/28.18GB | phase(train/val/raw/train_eval) 3.2/0.5/0.0/0.0s | 3.7s
2026-08-29 19:32:54 | Epoch 035/060 | loss 1.3517 | cls 1.3789 | tal -0.1350 | dual_g 0.0133 | dual_d 1.2188 | train_acc 0.9755 | train_full 1.0000 | val_acc 0.9730 | val_f1 0.9802 | adv/moduleC 1.00/1.00 | disc_steps 2 | grad(main/disc) 6.382/1.660 | lr(main/disc) 3.25e-05/1.38e-05 | cuda_peak(alloc/resv) 21.77/28.18GB | phase(train/val/raw/train_eval) 3.6/0.5/0.5/0.8s | 5.5s
2026-08-29 19:32:58 | Epoch 036/060 | loss 1.3011 | cls 1.3061 | tal -0.0599 | dual_g 0.0129 | dual_d 1.2349 | train_acc 0.9783 | train_full n/a | val_acc 0.9730 | val_f1 0.9802 | adv/moduleC 1.00/1.00 | disc_steps 2 | grad(main/disc) 5.359/1.689 | lr(main/disc) 3.25e-05/1.38e-05 | cuda_peak(alloc/resv) 21.77/28.18GB | phase(train/val/raw/train_eval) 3.4/0.5/0.0/0.0s | 3.9s
2026-08-29 19:33:02 | Epoch 037/060 | loss 1.2739 | cls 1.3075 | tal -0.1569 | dual_g 0.0135 | dual_d 1.2845 | train_acc 0.9783 | train_full n/a | val_acc 1.0000 | val_f1 1.0000 | adv/moduleC 1.00/1.00 | disc_steps 2 | grad(main/disc) 4.436/1.745 | lr(main/disc) 3.25e-05/1.38e-05 | cuda_peak(alloc/resv) 21.77/28.18GB | phase(train/val/raw/train_eval) 3.4/0.5/0.0/0.0s | 3.9s
2026-08-29 19:33:06 | Epoch 038/060 | loss 1.2498 | cls 1.2822 | tal -0.1538 | dual_g 0.0137 | dual_d 1.2570 | train_acc 0.9918 | train_full n/a | val_acc 1.0000 | val_f1 1.0000 | adv/moduleC 1.00/1.00 | disc_steps 2 | grad(main/disc) 4.805/1.716 | lr(main/disc) 3.25e-05/1.38e-05 | cuda_peak(alloc/resv) 21.77/28.18GB | phase(train/val/raw/train_eval) 3.4/0.5/0.0/0.0s | 3.9s
2026-08-29 19:33:10 | Epoch 039/060 | loss 1.2813 | cls 1.3107 | tal -0.1391 | dual_g 0.0123 | dual_d 1.2755 | train_acc 0.9837 | train_full n/a | val_acc 1.0000 | val_f1 1.0000 | adv/moduleC 1.00/1.00 | disc_steps 2 | grad(main/disc) 4.491/1.730 | lr(main/disc) 3.25e-05/1.38e-05 | cuda_peak(alloc/resv) 21.77/28.18GB | phase(train/val/raw/train_eval) 3.7/0.5/0.6/0.0s | 4.7s
2026-08-29 19:33:13 | New best val_f1_macro_present: raw=1.0000 stable_score=1.0000 at epoch 39
2026-08-29 19:33:19 | Epoch 040/060 | loss 1.2353 | cls 1.2652 | tal -0.1442 | dual_g 0.0134 | dual_d 1.2780 | train_acc 0.9891 | train_full 1.0000 | val_acc 1.0000 | val_f1 1.0000 | adv/moduleC 1.00/1.00 | disc_steps 2 | grad(main/disc) 3.588/1.729 | lr(main/disc) 3.25e-05/1.38e-05 | cuda_peak(alloc/resv) 21.77/28.18GB | phase(train/val/raw/train_eval) 3.6/0.5/0.5/0.8s | 5.5s
2026-08-29 19:33:23 | Epoch 041/060 | loss 1.2323 | cls 1.2685 | tal -0.1629 | dual_g 0.0127 | dual_d 1.2895 | train_acc 0.9918 | train_full n/a | val_acc 1.0000 | val_f1 1.0000 | adv/moduleC 1.00/1.00 | disc_steps 2 | grad(main/disc) 4.582/1.741 | lr(main/disc) 3.25e-05/1.38e-05 | cuda_peak(alloc/resv) 21.77/28.18GB | phase(train/val/raw/train_eval) 3.9/0.5/0.0/0.0s | 4.4s
2026-08-29 19:33:27 | Epoch 042/060 | loss 1.2658 | cls 1.3037 | tal -0.1701 | dual_g 0.0132 | dual_d 1.2812 | train_acc 0.9810 | train_full n/a | val_acc 1.0000 | val_f1 1.0000 | adv/moduleC 1.00/1.00 | disc_steps 2 | grad(main/disc) 4.942/1.688 | lr(main/disc) 3.25e-05/1.38e-05 | cuda_peak(alloc/resv) 21.77/28.18GB | phase(train/val/raw/train_eval) 3.8/0.5/0.0/0.0s | 4.3s
2026-08-29 19:33:32 | Epoch 043/060 | loss 1.2280 | cls 1.2734 | tal -0.1925 | dual_g 0.0124 | dual_d 1.3070 | train_acc 0.9946 | train_full n/a | val_acc 0.9730 | val_f1 0.9840 | adv/moduleC 1.00/1.00 | disc_steps 2 | grad(main/disc) 3.911/1.758 | lr(main/disc) 3.25e-05/1.38e-05 | cuda_peak(alloc/resv) 21.77/28.18GB | phase(train/val/raw/train_eval) 3.8/0.5/0.0/0.0s | 4.3s
2026-08-29 19:33:36 | Epoch 044/060 | loss 1.2260 | cls 1.2799 | tal -0.2218 | dual_g 0.0126 | dual_d 1.2876 | train_acc 0.9918 | train_full n/a | val_acc 1.0000 | val_f1 1.0000 | adv/moduleC 1.00/1.00 | disc_steps 2 | grad(main/disc) 5.068/1.680 | lr(main/disc) 3.25e-05/1.38e-05 | cuda_peak(alloc/resv) 21.77/28.18GB | phase(train/val/raw/train_eval) 3.6/0.5/0.0/0.0s | 4.1s
2026-08-29 19:33:41 | Epoch 045/060 | loss 1.2265 | cls 1.2782 | tal -0.2136 | dual_g 0.0124 | dual_d 1.2886 | train_acc 0.9864 | train_full 1.0000 | val_acc 1.0000 | val_f1 1.0000 | adv/moduleC 1.00/1.00 | disc_steps 2 | grad(main/disc) 4.762/1.702 | lr(main/disc) 3.25e-05/1.38e-05 | cuda_peak(alloc/resv) 21.77/28.18GB | phase(train/val/raw/train_eval) 3.6/0.5/0.5/0.8s | 5.5s
2026-08-29 19:33:46 | Epoch 046/060 | loss 1.2482 | cls 1.2916 | tal -0.1845 | dual_g 0.0120 | dual_d 1.2779 | train_acc 0.9891 | train_full n/a | val_acc 1.0000 | val_f1 1.0000 | adv/moduleC 1.00/1.00 | disc_steps 2 | grad(main/disc) 4.607/1.703 | lr(main/disc) 1.62e-05/6.88e-06 | cuda_peak(alloc/resv) 21.77/28.18GB | phase(train/val/raw/train_eval) 4.0/0.5/0.0/0.0s | 4.5s
2026-08-29 19:33:50 | Epoch 047/060 | loss 1.2296 | cls 1.2859 | tal -0.2284 | dual_g 0.0123 | dual_d 1.3238 | train_acc 0.9783 | train_full n/a | val_acc 1.0000 | val_f1 1.0000 | adv/moduleC 1.00/1.00 | disc_steps 2 | grad(main/disc) 5.199/1.711 | lr(main/disc) 1.62e-05/6.88e-06 | cuda_peak(alloc/resv) 21.77/28.18GB | phase(train/val/raw/train_eval) 3.5/0.5/0.0/0.0s | 4.0s
2026-08-29 19:33:53 | Epoch 048/060 | loss 1.1941 | cls 1.2461 | tal -0.2157 | dual_g 0.0127 | dual_d 1.3533 | train_acc 0.9946 | train_full n/a | val_acc 1.0000 | val_f1 1.0000 | adv/moduleC 1.00/1.00 | disc_steps 2 | grad(main/disc) 4.013/1.748 | lr(main/disc) 1.62e-05/6.88e-06 | cuda_peak(alloc/resv) 21.77/28.18GB | phase(train/val/raw/train_eval) 3.0/0.5/0.0/0.0s | 3.5s
2026-08-29 19:33:57 | Epoch 049/060 | loss 1.2187 | cls 1.2635 | tal -0.1901 | dual_g 0.0123 | dual_d 1.3146 | train_acc 0.9837 | train_full n/a | val_acc 1.0000 | val_f1 1.0000 | adv/moduleC 1.00/1.00 | disc_steps 2 | grad(main/disc) 3.535/1.714 | lr(main/disc) 1.62e-05/6.88e-06 | cuda_peak(alloc/resv) 21.77/28.18GB | phase(train/val/raw/train_eval) 3.2/0.5/0.0/0.0s | 3.8s
2026-08-29 19:34:03 | Epoch 050/060 | loss 1.2279 | cls 1.2740 | tal -0.1939 | dual_g 0.0120 | dual_d 1.2644 | train_acc 0.9918 | train_full 1.0000 | val_acc 1.0000 | val_f1 1.0000 | adv/moduleC 1.00/1.00 | disc_steps 2 | grad(main/disc) 4.219/1.742 | lr(main/disc) 1.62e-05/6.88e-06 | cuda_peak(alloc/resv) 21.77/28.18GB | phase(train/val/raw/train_eval) 3.7/0.5/0.5/0.8s | 5.6s
2026-08-29 19:34:06 | Epoch 051/060 | loss 1.2022 | cls 1.2550 | tal -0.2186 | dual_g 0.0128 | dual_d 1.3189 | train_acc 0.9946 | train_full n/a | val_acc 1.0000 | val_f1 1.0000 | adv/moduleC 1.00/1.00 | disc_steps 2 | grad(main/disc) 3.604/1.727 | lr(main/disc) 1.62e-05/6.88e-06 | cuda_peak(alloc/resv) 21.77/28.18GB | phase(train/val/raw/train_eval) 3.3/0.5/0.0/0.0s | 3.9s
2026-08-29 19:34:10 | Epoch 052/060 | loss 1.1903 | cls 1.2403 | tal -0.2099 | dual_g 0.0130 | dual_d 1.3318 | train_acc 0.9918 | train_full n/a | val_acc 1.0000 | val_f1 1.0000 | adv/moduleC 1.00/1.00 | disc_steps 2 | grad(main/disc) 3.284/1.755 | lr(main/disc) 1.62e-05/6.88e-06 | cuda_peak(alloc/resv) 21.77/28.18GB | phase(train/val/raw/train_eval) 3.3/0.5/0.0/0.0s | 3.8s
2026-08-29 19:34:14 | Epoch 053/060 | loss 1.2058 | cls 1.2589 | tal -0.2174 | dual_g 0.0121 | dual_d 1.3428 | train_acc 1.0000 | train_full n/a | val_acc 1.0000 | val_f1 1.0000 | adv/moduleC 1.00/1.00 | disc_steps 2 | grad(main/disc) 3.591/1.749 | lr(main/disc) 1.62e-05/6.88e-06 | cuda_peak(alloc/resv) 21.77/28.18GB | phase(train/val/raw/train_eval) 3.6/0.5/0.0/0.0s | 4.1s
2026-08-29 19:34:19 | Epoch 054/060 | loss 1.2277 | cls 1.2676 | tal -0.1733 | dual_g 0.0121 | dual_d 1.3165 | train_acc 0.9891 | train_full n/a | val_acc 1.0000 | val_f1 1.0000 | adv/moduleC 1.00/1.00 | disc_steps 2 | grad(main/disc) 5.215/1.699 | lr(main/disc) 1.62e-05/6.88e-06 | cuda_peak(alloc/resv) 21.77/28.18GB | phase(train/val/raw/train_eval) 3.7/0.5/0.0/0.0s | 4.3s
2026-08-29 19:34:24 | Epoch 055/060 | loss 1.2019 | cls 1.2523 | tal -0.2089 | dual_g 0.0123 | dual_d 1.3112 | train_acc 0.9946 | train_full 1.0000 | val_acc 1.0000 | val_f1 1.0000 | adv/moduleC 1.00/1.00 | disc_steps 2 | grad(main/disc) 4.061/1.725 | lr(main/disc) 1.62e-05/6.88e-06 | cuda_peak(alloc/resv) 21.77/28.18GB | phase(train/val/raw/train_eval) 3.6/0.5/0.5/0.8s | 5.4s
2026-08-29 19:34:28 | Epoch 056/060 | loss 1.1854 | cls 1.2393 | tal -0.2185 | dual_g 0.0116 | dual_d 1.2677 | train_acc 0.9918 | train_full n/a | val_acc 1.0000 | val_f1 1.0000 | adv/moduleC 1.00/1.00 | disc_steps 2 | grad(main/disc) 3.417/1.690 | lr(main/disc) 1.62e-05/6.88e-06 | cuda_peak(alloc/resv) 21.77/28.18GB | phase(train/val/raw/train_eval) 3.4/0.5/0.0/0.0s | 3.9s
2026-08-29 19:34:32 | Epoch 057/060 | loss 1.2021 | cls 1.2663 | tal -0.2517 | dual_g 0.0113 | dual_d 1.3125 | train_acc 0.9918 | train_full n/a | val_acc 1.0000 | val_f1 1.0000 | adv/moduleC 1.00/1.00 | disc_steps 2 | grad(main/disc) 4.478/1.714 | lr(main/disc) 8.12e-06/3.44e-06 | cuda_peak(alloc/resv) 21.77/28.18GB | phase(train/val/raw/train_eval) 3.5/0.5/0.0/0.0s | 4.0s
2026-08-29 19:34:32 | Early stopping at epoch 57 after 18 epochs without val_f1_macro_present improvement.
2026-08-29 19:34:32 | Training complete. Peak validation accuracy: 1.0000 | selected val_f1_macro_present: 1.0000
