2026-08-29 21:55:34 | Starting Dual_D standalone training
2026-08-29 21:55:34 | Run directory: runs/module_c_ablation_60_v8/module_c_20260829_205331/module_c_no_cycle_逆光_20260829_213218
2026-08-29 21:55:34 | Device: cuda
2026-08-29 21:55:34 | Source train samples: 992
2026-08-29 21:55:34 | Target train samples: 132
2026-08-29 21:55:34 | Target val samples: 37
2026-08-29 21:55:34 | Classes: 14
2026-08-29 21:55:34 | Data audit: same_dir=False | path_overlap(vis/ir/ais)=0/0/0 | content_overlap(vis/ir/ais)=0/0/0 | ais_index_overlap=0 | stem_mismatch(vis-ir/vis-ais)=157/0
2026-08-29 21:55:34 | source_train classes: present 14/14 | absent 0 | counts [0:120, 1:44, 2:69, 3:45, 4:40, 5:30, 6:64, 7:80, 8:116, 9:68, 10:57, 11:83, 12:48, 13:128]
2026-08-29 21:55:34 | target_train classes: present 9/14 | absent 5 | counts [0:20, 2:12, 4:12, 5:2, 9:16, 10:16, 11:29, 12:4, 13:21]
2026-08-29 21:55:34 | target_val classes: present 9/14 | absent 5 | counts [0:6, 2:3, 4:4, 5:1, 9:4, 10:4, 11:8, 12:1, 13:6]
2026-08-29 21:55:34 | Paired training classes: 9/14 | class ids [0, 2, 4, 5, 9, 10, 11, 12, 13]
2026-08-29 21:55:34 | Runtime profile: batch=92 | paired_steps=4 | workers=16 | train_eval_every=5 | raw_eval_every=5 | stability_window=3 | lr_scheduler_start=28 | early_stop=18 after min_epoch=45
2026-08-29 21:55:34 | VIS/IR pairing: class-level-unpaired | count-mismatch classes train/val: 10/1 | AIS alignment: none | AIS rows train/val: 0/0
2026-08-29 21:55:35 | Effective Dual-D loss weights: {"adv_auxiliary": 0.025, "adv_primary": 0.025, "classification": 0.2, "contrastive": 0.04, "cycle": 0.0, "identity": 0.045, "prototype_contrastive": 0.06}
2026-08-29 21:55:35 | Model parameters: total=17277714 | trainable=17120210
2026-08-29 21:55:40 | Epoch 001/060 | loss 6.0087 | cls 5.9965 | tal 0.0405 | dual_g 0.0000 | dual_d 0.0000 | train_acc 0.0870 | train_full 0.1288 | val_acc 0.2162 | val_f1 0.0718 | adv/moduleC 0.00/0.00 | disc_steps 0 | grad(main/disc) 16.112/0.000 | lr(main/disc) 5.50e-05/2.40e-05 | cuda_peak(alloc/resv) 21.77/28.18GB | phase(train/val/raw/train_eval) 3.7/0.5/0.5/0.7s | 5.4s
2026-08-29 21:55:44 | Epoch 002/060 | loss 5.2289 | cls 5.2179 | tal 0.0365 | dual_g 0.0000 | dual_d 0.0000 | train_acc 0.1495 | train_full n/a | val_acc 0.2432 | val_f1 0.0792 | adv/moduleC 0.00/0.00 | disc_steps 0 | grad(main/disc) 13.614/0.000 | lr(main/disc) 5.50e-05/2.40e-05 | cuda_peak(alloc/resv) 21.77/28.18GB | phase(train/val/raw/train_eval) 3.5/0.5/0.0/0.0s | 4.0s
2026-08-29 21:55:49 | Epoch 003/060 | loss 4.6395 | cls 4.6202 | tal 0.0646 | dual_g 0.0000 | dual_d 0.0000 | train_acc 0.2391 | train_full n/a | val_acc 0.1892 | val_f1 0.0611 | adv/moduleC 0.00/0.00 | disc_steps 0 | grad(main/disc) 12.112/0.000 | lr(main/disc) 5.50e-05/2.40e-05 | cuda_peak(alloc/resv) 21.77/28.18GB | phase(train/val/raw/train_eval) 3.5/0.5/0.5/0.0s | 4.4s
2026-08-29 21:55:51 | New best val_f1_macro_present: raw=0.0611 stable_score=0.0611 at epoch 3
2026-08-29 21:55:56 | Epoch 004/060 | loss 4.2484 | cls 4.2282 | tal 0.0672 | dual_g 0.0000 | dual_d 0.0000 | train_acc 0.2962 | train_full n/a | val_acc 0.2973 | val_f1 0.2564 | adv/moduleC 0.00/0.00 | disc_steps 0 | grad(main/disc) 11.127/0.000 | lr(main/disc) 5.50e-05/2.40e-05 | cuda_peak(alloc/resv) 21.77/28.18GB | phase(train/val/raw/train_eval) 3.6/0.5/0.0/0.0s | 4.0s
2026-08-29 21:56:01 | Epoch 005/060 | loss 4.0350 | cls 4.0109 | tal 0.0804 | dual_g 0.0000 | dual_d 0.0000 | train_acc 0.3560 | train_full 0.4621 | val_acc 0.3784 | val_f1 0.4016 | adv/moduleC 0.00/0.00 | disc_steps 0 | grad(main/disc) 10.484/0.000 | lr(main/disc) 5.50e-05/2.40e-05 | cuda_peak(alloc/resv) 21.77/28.18GB | phase(train/val/raw/train_eval) 3.5/0.5/0.5/0.7s | 5.2s
2026-08-29 21:56:05 | Epoch 006/060 | loss 3.7072 | cls 3.5832 | tal 0.0768 | dual_g 0.1010 | dual_d 0.0000 | train_acc 0.4375 | train_full n/a | val_acc 0.5946 | val_f1 0.6029 | adv/moduleC 0.00/0.10 | disc_steps 0 | grad(main/disc) 9.967/0.000 | lr(main/disc) 5.50e-05/2.40e-05 | cuda_peak(alloc/resv) 21.77/28.18GB | phase(train/val/raw/train_eval) 3.5/0.5/0.5/0.0s | 4.4s
2026-08-29 21:56:08 | New best val_f1_macro_present: raw=0.6029 stable_score=0.2564 at epoch 6
2026-08-29 21:56:12 | Epoch 007/060 | loss 3.5846 | cls 3.3652 | tal 0.0769 | dual_g 0.1964 | dual_d 0.0000 | train_acc 0.5027 | train_full n/a | val_acc 0.7297 | val_f1 0.7894 | adv/moduleC 0.00/0.20 | disc_steps 0 | grad(main/disc) 9.234/0.000 | lr(main/disc) 5.50e-05/2.40e-05 | cuda_peak(alloc/resv) 21.77/28.18GB | phase(train/val/raw/train_eval) 3.4/0.5/0.5/0.0s | 4.4s
2026-08-29 21:56:15 | New best val_f1_macro_present: raw=0.7894 stable_score=0.4016 at epoch 7
2026-08-29 21:56:19 | Epoch 008/060 | loss 3.7488 | cls 3.4161 | tal 0.1246 | dual_g 0.2953 | dual_d 0.8257 | train_acc 0.4755 | train_full n/a | val_acc 0.8378 | val_f1 0.8766 | adv/moduleC 0.07/0.30 | disc_steps 2 | grad(main/disc) 9.803/1.603 | lr(main/disc) 5.50e-05/2.40e-05 | cuda_peak(alloc/resv) 21.77/28.18GB | phase(train/val/raw/train_eval) 3.3/0.5/0.5/0.0s | 4.3s
2026-08-29 21:56:22 | New best val_f1_macro_present: raw=0.8766 stable_score=0.6029 at epoch 8
2026-08-29 21:56:27 | Epoch 009/060 | loss 3.5859 | cls 3.1771 | tal 0.0927 | dual_g 0.3810 | dual_d 0.8245 | train_acc 0.5815 | train_full n/a | val_acc 0.8919 | val_f1 0.9173 | adv/moduleC 0.13/0.40 | disc_steps 2 | grad(main/disc) 9.228/1.598 | lr(main/disc) 5.50e-05/2.40e-05 | cuda_peak(alloc/resv) 21.77/28.18GB | phase(train/val/raw/train_eval) 3.6/0.5/0.5/0.0s | 4.6s
2026-08-29 21:56:29 | New best val_f1_macro_present: raw=0.9173 stable_score=0.7894 at epoch 9
2026-08-29 21:56:35 | Epoch 010/060 | loss 3.4766 | cls 3.0041 | tal 0.0728 | dual_g 0.4506 | dual_d 0.8563 | train_acc 0.5978 | train_full 0.9318 | val_acc 0.8919 | val_f1 0.9173 | adv/moduleC 0.20/0.50 | disc_steps 2 | grad(main/disc) 9.222/1.603 | lr(main/disc) 5.50e-05/2.40e-05 | cuda_peak(alloc/resv) 21.77/28.18GB | phase(train/val/raw/train_eval) 3.6/0.5/0.5/0.7s | 5.3s
2026-08-29 21:56:37 | New best val_f1_macro_present: raw=0.9173 stable_score=0.8766 at epoch 10
2026-08-29 21:56:42 | Epoch 011/060 | loss 3.4720 | cls 2.9319 | tal 0.0669 | dual_g 0.5201 | dual_d 0.8023 | train_acc 0.6087 | train_full n/a | val_acc 0.9189 | val_f1 0.9371 | adv/moduleC 0.27/0.60 | disc_steps 2 | grad(main/disc) 9.221/1.561 | lr(main/disc) 5.50e-05/2.40e-05 | cuda_peak(alloc/resv) 21.77/28.18GB | phase(train/val/raw/train_eval) 3.3/0.5/0.5/0.0s | 4.2s
2026-08-29 21:56:44 | New best val_f1_macro_present: raw=0.9371 stable_score=0.9173 at epoch 11
2026-08-29 21:56:48 | Epoch 012/060 | loss 3.2929 | cls 2.6926 | tal 0.0900 | dual_g 0.5732 | dual_d 0.8160 | train_acc 0.6549 | train_full n/a | val_acc 0.8919 | val_f1 0.9058 | adv/moduleC 0.33/0.70 | disc_steps 2 | grad(main/disc) 8.950/1.563 | lr(main/disc) 5.50e-05/2.40e-05 | cuda_peak(alloc/resv) 21.77/28.18GB | phase(train/val/raw/train_eval) 3.2/0.5/0.0/0.0s | 3.7s
2026-08-29 21:56:52 | Epoch 013/060 | loss 3.1607 | cls 2.5324 | tal 0.0604 | dual_g 0.6102 | dual_d 0.8187 | train_acc 0.7364 | train_full n/a | val_acc 0.8919 | val_f1 0.9058 | adv/moduleC 0.40/0.80 | disc_steps 2 | grad(main/disc) 9.447/1.536 | lr(main/disc) 5.50e-05/2.40e-05 | cuda_peak(alloc/resv) 21.77/28.18GB | phase(train/val/raw/train_eval) 3.2/0.5/0.0/0.0s | 3.7s
2026-08-29 21:56:56 | Epoch 014/060 | loss 3.1973 | cls 2.4819 | tal 0.0730 | dual_g 0.6935 | dual_d 0.7926 | train_acc 0.7201 | train_full n/a | val_acc 0.8919 | val_f1 0.9058 | adv/moduleC 0.47/0.90 | disc_steps 2 | grad(main/disc) 8.985/1.478 | lr(main/disc) 5.50e-05/2.40e-05 | cuda_peak(alloc/resv) 21.77/28.18GB | phase(train/val/raw/train_eval) 3.5/0.5/0.0/0.0s | 3.9s
2026-08-29 21:57:01 | Epoch 015/060 | loss 3.1081 | cls 2.3575 | tal 0.0484 | dual_g 0.7360 | dual_d 0.8014 | train_acc 0.7310 | train_full 0.9394 | val_acc 0.9189 | val_f1 0.9358 | adv/moduleC 0.53/1.00 | disc_steps 2 | grad(main/disc) 8.404/1.441 | lr(main/disc) 5.50e-05/2.40e-05 | cuda_peak(alloc/resv) 21.77/28.18GB | phase(train/val/raw/train_eval) 3.2/0.5/0.5/0.7s | 4.9s
2026-08-29 21:57:05 | Epoch 016/060 | loss 3.0856 | cls 2.3409 | tal 0.0503 | dual_g 0.7297 | dual_d 0.7763 | train_acc 0.7717 | train_full n/a | val_acc 0.8919 | val_f1 0.9079 | adv/moduleC 0.60/1.00 | disc_steps 2 | grad(main/disc) 9.224/1.427 | lr(main/disc) 5.50e-05/2.40e-05 | cuda_peak(alloc/resv) 21.77/28.18GB | phase(train/val/raw/train_eval) 3.5/0.5/0.0/0.0s | 3.9s
2026-08-29 21:57:09 | Epoch 017/060 | loss 2.8955 | cls 2.2035 | tal 0.0167 | dual_g 0.6870 | dual_d 0.7974 | train_acc 0.8179 | train_full n/a | val_acc 0.9189 | val_f1 0.9396 | adv/moduleC 0.67/1.00 | disc_steps 2 | grad(main/disc) 8.526/1.416 | lr(main/disc) 5.50e-05/2.40e-05 | cuda_peak(alloc/resv) 21.77/28.18GB | phase(train/val/raw/train_eval) 3.5/0.5/0.0/0.0s | 3.9s
2026-08-29 21:57:12 | Epoch 018/060 | loss 2.8107 | cls 2.1314 | tal -0.0014 | dual_g 0.6797 | dual_d 0.7996 | train_acc 0.8288 | train_full n/a | val_acc 0.9189 | val_f1 0.9396 | adv/moduleC 0.73/1.00 | disc_steps 2 | grad(main/disc) 9.904/1.422 | lr(main/disc) 5.50e-05/2.40e-05 | cuda_peak(alloc/resv) 21.77/28.18GB | phase(train/val/raw/train_eval) 3.4/0.5/0.0/0.0s | 3.9s
2026-08-29 21:57:17 | Epoch 019/060 | loss 2.7865 | cls 2.1170 | tal 0.0169 | dual_g 0.6644 | dual_d 0.8529 | train_acc 0.8179 | train_full n/a | val_acc 0.9189 | val_f1 0.9358 | adv/moduleC 0.80/1.00 | disc_steps 2 | grad(main/disc) 11.954/1.442 | lr(main/disc) 5.50e-05/2.40e-05 | cuda_peak(alloc/resv) 21.77/28.18GB | phase(train/val/raw/train_eval) 3.5/0.5/0.5/0.0s | 4.5s
2026-08-29 21:57:20 | New best val_f1_macro_present: raw=0.9358 stable_score=0.9358 at epoch 19
2026-08-29 21:57:25 | Epoch 020/060 | loss 2.6013 | cls 1.9651 | tal 0.0097 | dual_g 0.6333 | dual_d 0.8184 | train_acc 0.8696 | train_full 0.9621 | val_acc 0.8649 | val_f1 0.8850 | adv/moduleC 0.87/1.00 | disc_steps 2 | grad(main/disc) 8.010/1.381 | lr(main/disc) 5.50e-05/2.40e-05 | cuda_peak(alloc/resv) 21.77/28.18GB | phase(train/val/raw/train_eval) 3.7/0.5/0.5/0.7s | 5.4s
2026-08-29 21:57:28 | Epoch 021/060 | loss 2.6478 | cls 1.9950 | tal 0.0130 | dual_g 0.6488 | dual_d 0.8577 | train_acc 0.8560 | train_full n/a | val_acc 0.9459 | val_f1 0.9578 | adv/moduleC 0.93/1.00 | disc_steps 2 | grad(main/disc) 9.882/1.441 | lr(main/disc) 5.50e-05/2.40e-05 | cuda_peak(alloc/resv) 21.77/28.18GB | phase(train/val/raw/train_eval) 2.9/0.5/0.0/0.0s | 3.4s
2026-08-29 21:57:32 | Epoch 022/060 | loss 2.5667 | cls 1.9389 | tal 0.0358 | dual_g 0.6171 | dual_d 0.8495 | train_acc 0.8859 | train_full n/a | val_acc 0.9459 | val_f1 0.9578 | adv/moduleC 1.00/1.00 | disc_steps 2 | grad(main/disc) 9.045/1.406 | lr(main/disc) 5.50e-05/2.40e-05 | cuda_peak(alloc/resv) 21.77/28.18GB | phase(train/val/raw/train_eval) 3.1/0.5/0.0/0.0s | 3.5s
2026-08-29 21:57:36 | Epoch 023/060 | loss 2.5197 | cls 1.8978 | tal 0.0346 | dual_g 0.6115 | dual_d 0.8660 | train_acc 0.8832 | train_full n/a | val_acc 0.9459 | val_f1 0.9616 | adv/moduleC 1.00/1.00 | disc_steps 2 | grad(main/disc) 9.734/1.460 | lr(main/disc) 5.50e-05/2.40e-05 | cuda_peak(alloc/resv) 21.77/28.18GB | phase(train/val/raw/train_eval) 3.3/0.5/0.5/0.0s | 4.2s
2026-08-29 21:57:39 | New best val_f1_macro_present: raw=0.9616 stable_score=0.9578 at epoch 23
2026-08-29 21:57:42 | Epoch 024/060 | loss 2.4578 | cls 1.8498 | tal 0.0146 | dual_g 0.6037 | dual_d 0.8647 | train_acc 0.8967 | train_full n/a | val_acc 0.9459 | val_f1 0.9616 | adv/moduleC 1.00/1.00 | disc_steps 2 | grad(main/disc) 10.381/1.387 | lr(main/disc) 5.50e-05/2.40e-05 | cuda_peak(alloc/resv) 21.77/28.18GB | phase(train/val/raw/train_eval) 3.1/0.5/0.0/0.0s | 3.6s
2026-08-29 21:57:47 | Epoch 025/060 | loss 2.4029 | cls 1.8250 | tal -0.0457 | dual_g 0.5917 | dual_d 0.8823 | train_acc 0.8940 | train_full 0.9924 | val_acc 0.9730 | val_f1 0.9840 | adv/moduleC 1.00/1.00 | disc_steps 2 | grad(main/disc) 9.882/1.432 | lr(main/disc) 5.50e-05/2.40e-05 | cuda_peak(alloc/resv) 21.77/28.18GB | phase(train/val/raw/train_eval) 3.2/0.5/0.5/0.7s | 4.9s
2026-08-29 21:57:50 | New best val_f1_macro_present: raw=0.9840 stable_score=0.9616 at epoch 25
2026-08-29 21:57:55 | Epoch 026/060 | loss 2.3218 | cls 1.7672 | tal -0.0870 | dual_g 0.5807 | dual_d 0.9218 | train_acc 0.9212 | train_full n/a | val_acc 0.9459 | val_f1 0.9616 | adv/moduleC 1.00/1.00 | disc_steps 2 | grad(main/disc) 8.933/1.462 | lr(main/disc) 5.50e-05/2.40e-05 | cuda_peak(alloc/resv) 21.77/28.18GB | phase(train/val/raw/train_eval) 4.0/0.5/0.0/0.0s | 4.4s
2026-08-29 21:57:58 | Epoch 027/060 | loss 2.2665 | cls 1.7223 | tal -0.0959 | dual_g 0.5729 | dual_d 0.8578 | train_acc 0.9484 | train_full n/a | val_acc 0.9459 | val_f1 0.9616 | adv/moduleC 1.00/1.00 | disc_steps 2 | grad(main/disc) 11.248/1.371 | lr(main/disc) 5.50e-05/2.40e-05 | cuda_peak(alloc/resv) 21.77/28.18GB | phase(train/val/raw/train_eval) 3.4/0.5/0.0/0.0s | 3.9s
2026-08-29 21:58:02 | Epoch 028/060 | loss 2.2707 | cls 1.7343 | tal -0.0870 | dual_g 0.5625 | dual_d 0.8958 | train_acc 0.9429 | train_full n/a | val_acc 0.9459 | val_f1 0.9578 | adv/moduleC 1.00/1.00 | disc_steps 2 | grad(main/disc) 9.231/1.385 | lr(main/disc) 5.50e-05/2.40e-05 | cuda_peak(alloc/resv) 21.77/28.18GB | phase(train/val/raw/train_eval) 3.2/0.5/0.0/0.0s | 3.6s
2026-08-29 21:58:06 | Epoch 029/060 | loss 2.2030 | cls 1.6787 | tal -0.1019 | dual_g 0.5549 | dual_d 0.9284 | train_acc 0.9402 | train_full n/a | val_acc 0.9459 | val_f1 0.9578 | adv/moduleC 1.00/1.00 | disc_steps 2 | grad(main/disc) 8.402/1.404 | lr(main/disc) 5.50e-05/2.40e-05 | cuda_peak(alloc/resv) 21.77/28.18GB | phase(train/val/raw/train_eval) 3.9/0.5/0.0/0.0s | 4.4s
2026-08-29 21:58:12 | Epoch 030/060 | loss 2.1822 | cls 1.6675 | tal -0.0889 | dual_g 0.5415 | dual_d 0.9262 | train_acc 0.9592 | train_full 1.0000 | val_acc 1.0000 | val_f1 1.0000 | adv/moduleC 1.00/1.00 | disc_steps 2 | grad(main/disc) 8.084/1.405 | lr(main/disc) 5.50e-05/2.40e-05 | cuda_peak(alloc/resv) 21.77/28.18GB | phase(train/val/raw/train_eval) 3.4/0.5/0.5/0.7s | 5.1s
2026-08-29 21:58:15 | Epoch 031/060 | loss 2.1949 | cls 1.6820 | tal -0.0570 | dual_g 0.5300 | dual_d 0.9232 | train_acc 0.9538 | train_full n/a | val_acc 0.9730 | val_f1 0.9840 | adv/moduleC 1.00/1.00 | disc_steps 2 | grad(main/disc) 8.973/1.418 | lr(main/disc) 5.50e-05/2.40e-05 | cuda_peak(alloc/resv) 21.77/28.18GB | phase(train/val/raw/train_eval) 3.3/0.5/0.0/0.0s | 3.8s
2026-08-29 21:58:19 | Epoch 032/060 | loss 2.2009 | cls 1.6825 | tal -0.0664 | dual_g 0.5383 | dual_d 0.9253 | train_acc 0.9457 | train_full n/a | val_acc 0.9459 | val_f1 0.9578 | adv/moduleC 1.00/1.00 | disc_steps 2 | grad(main/disc) 10.556/1.340 | lr(main/disc) 5.50e-05/2.40e-05 | cuda_peak(alloc/resv) 21.77/28.18GB | phase(train/val/raw/train_eval) 3.2/0.5/0.0/0.0s | 3.7s
2026-08-29 21:58:23 | Epoch 033/060 | loss 2.1432 | cls 1.6334 | tal -0.0827 | dual_g 0.5346 | dual_d 0.9272 | train_acc 0.9457 | train_full n/a | val_acc 0.9730 | val_f1 0.9802 | adv/moduleC 1.00/1.00 | disc_steps 2 | grad(main/disc) 7.530/1.360 | lr(main/disc) 5.50e-05/2.40e-05 | cuda_peak(alloc/resv) 21.77/28.18GB | phase(train/val/raw/train_eval) 3.4/0.5/0.0/0.0s | 3.9s
2026-08-29 21:58:26 | Epoch 034/060 | loss 2.1131 | cls 1.6052 | tal -0.0205 | dual_g 0.5141 | dual_d 0.9092 | train_acc 0.9701 | train_full n/a | val_acc 0.9730 | val_f1 0.9802 | adv/moduleC 1.00/1.00 | disc_steps 2 | grad(main/disc) 7.416/1.325 | lr(main/disc) 5.50e-05/2.40e-05 | cuda_peak(alloc/resv) 21.77/28.18GB | phase(train/val/raw/train_eval) 3.1/0.5/0.0/0.0s | 3.6s
2026-08-29 21:58:32 | Epoch 035/060 | loss 2.1765 | cls 1.6670 | tal -0.0280 | dual_g 0.5179 | dual_d 0.9242 | train_acc 0.9511 | train_full 1.0000 | val_acc 0.9730 | val_f1 0.9840 | adv/moduleC 1.00/1.00 | disc_steps 2 | grad(main/disc) 8.631/1.365 | lr(main/disc) 5.50e-05/2.40e-05 | cuda_peak(alloc/resv) 21.77/28.18GB | phase(train/val/raw/train_eval) 3.5/0.5/0.5/0.7s | 5.2s
2026-08-29 21:58:34 | New best val_f1_macro_present: raw=0.9840 stable_score=0.9802 at epoch 35
2026-08-29 21:58:38 | Epoch 036/060 | loss 2.0629 | cls 1.5579 | tal -0.0129 | dual_g 0.5089 | dual_d 0.9362 | train_acc 0.9701 | train_full n/a | val_acc 0.9730 | val_f1 0.9840 | adv/moduleC 1.00/1.00 | disc_steps 2 | grad(main/disc) 6.749/1.326 | lr(main/disc) 5.50e-05/2.40e-05 | cuda_peak(alloc/resv) 21.77/28.18GB | phase(train/val/raw/train_eval) 3.3/0.5/0.0/0.0s | 3.7s
2026-08-29 21:58:42 | Epoch 037/060 | loss 2.0495 | cls 1.5579 | tal -0.0245 | dual_g 0.4990 | dual_d 0.9400 | train_acc 0.9864 | train_full n/a | val_acc 1.0000 | val_f1 1.0000 | adv/moduleC 1.00/1.00 | disc_steps 2 | grad(main/disc) 7.441/1.347 | lr(main/disc) 5.50e-05/2.40e-05 | cuda_peak(alloc/resv) 21.77/28.18GB | phase(train/val/raw/train_eval) 3.4/0.5/0.5/0.0s | 4.3s
2026-08-29 21:58:45 | New best val_f1_macro_present: raw=1.0000 stable_score=0.9840 at epoch 37
2026-08-29 21:58:49 | Epoch 038/060 | loss 2.1045 | cls 1.6059 | tal -0.0168 | dual_g 0.5037 | dual_d 0.9728 | train_acc 0.9674 | train_full n/a | val_acc 0.9459 | val_f1 0.9616 | adv/moduleC 1.00/1.00 | disc_steps 2 | grad(main/disc) 7.583/1.379 | lr(main/disc) 5.50e-05/2.40e-05 | cuda_peak(alloc/resv) 21.77/28.18GB | phase(train/val/raw/train_eval) 3.2/0.5/0.0/0.0s | 3.7s
2026-08-29 21:58:53 | Epoch 039/060 | loss 2.0801 | cls 1.5956 | tal -0.0826 | dual_g 0.5093 | dual_d 0.9251 | train_acc 0.9728 | train_full n/a | val_acc 0.9730 | val_f1 0.9802 | adv/moduleC 1.00/1.00 | disc_steps 2 | grad(main/disc) 8.045/1.298 | lr(main/disc) 5.50e-05/2.40e-05 | cuda_peak(alloc/resv) 21.77/28.18GB | phase(train/val/raw/train_eval) 3.5/0.5/0.0/0.0s | 4.0s
2026-08-29 21:58:58 | Epoch 040/060 | loss 1.9709 | cls 1.5114 | tal -0.0824 | dual_g 0.4842 | dual_d 0.9538 | train_acc 0.9810 | train_full 1.0000 | val_acc 1.0000 | val_f1 1.0000 | adv/moduleC 1.00/1.00 | disc_steps 2 | grad(main/disc) 5.602/1.300 | lr(main/disc) 5.50e-05/2.40e-05 | cuda_peak(alloc/resv) 21.77/28.18GB | phase(train/val/raw/train_eval) 3.5/0.5/0.5/0.7s | 5.2s
2026-08-29 21:59:02 | Epoch 041/060 | loss 2.0319 | cls 1.5665 | tal -0.0905 | dual_g 0.4926 | dual_d 0.9163 | train_acc 0.9674 | train_full n/a | val_acc 1.0000 | val_f1 1.0000 | adv/moduleC 1.00/1.00 | disc_steps 2 | grad(main/disc) 7.859/1.279 | lr(main/disc) 2.75e-05/1.20e-05 | cuda_peak(alloc/resv) 21.77/28.18GB | phase(train/val/raw/train_eval) 3.6/0.5/0.0/0.0s | 4.1s
2026-08-29 21:59:07 | Epoch 042/060 | loss 1.9629 | cls 1.5047 | tal -0.0891 | dual_g 0.4849 | dual_d 0.9417 | train_acc 0.9864 | train_full n/a | val_acc 1.0000 | val_f1 1.0000 | adv/moduleC 1.00/1.00 | disc_steps 2 | grad(main/disc) 6.363/1.306 | lr(main/disc) 2.75e-05/1.20e-05 | cuda_peak(alloc/resv) 21.77/28.18GB | phase(train/val/raw/train_eval) 3.6/0.5/0.5/0.0s | 4.6s
2026-08-29 21:59:10 | New best val_f1_macro_present: raw=1.0000 stable_score=1.0000 at epoch 42
2026-08-29 21:59:14 | Epoch 043/060 | loss 1.9542 | cls 1.5081 | tal -0.1059 | dual_g 0.4779 | dual_d 0.9514 | train_acc 0.9728 | train_full n/a | val_acc 0.9730 | val_f1 0.9840 | adv/moduleC 1.00/1.00 | disc_steps 2 | grad(main/disc) 6.143/1.355 | lr(main/disc) 2.75e-05/1.20e-05 | cuda_peak(alloc/resv) 21.77/28.18GB | phase(train/val/raw/train_eval) 3.6/0.5/0.0/0.0s | 4.1s
2026-08-29 21:59:18 | Epoch 044/060 | loss 1.9523 | cls 1.5156 | tal -0.1333 | dual_g 0.4767 | dual_d 0.9106 | train_acc 0.9783 | train_full n/a | val_acc 1.0000 | val_f1 1.0000 | adv/moduleC 1.00/1.00 | disc_steps 2 | grad(main/disc) 6.039/1.244 | lr(main/disc) 2.75e-05/1.20e-05 | cuda_peak(alloc/resv) 21.77/28.18GB | phase(train/val/raw/train_eval) 3.4/0.5/0.0/0.0s | 3.9s
2026-08-29 21:59:23 | Epoch 045/060 | loss 1.9751 | cls 1.5357 | tal -0.1273 | dual_g 0.4776 | dual_d 0.9411 | train_acc 0.9728 | train_full 1.0000 | val_acc 1.0000 | val_f1 1.0000 | adv/moduleC 1.00/1.00 | disc_steps 2 | grad(main/disc) 6.739/1.331 | lr(main/disc) 2.75e-05/1.20e-05 | cuda_peak(alloc/resv) 21.77/28.18GB | phase(train/val/raw/train_eval) 3.5/0.5/0.5/0.7s | 5.2s
2026-08-29 21:59:27 | Epoch 046/060 | loss 1.9748 | cls 1.5282 | tal -0.1051 | dual_g 0.4782 | dual_d 0.9011 | train_acc 0.9810 | train_full n/a | val_acc 1.0000 | val_f1 1.0000 | adv/moduleC 1.00/1.00 | disc_steps 2 | grad(main/disc) 6.986/1.212 | lr(main/disc) 2.75e-05/1.20e-05 | cuda_peak(alloc/resv) 21.77/28.18GB | phase(train/val/raw/train_eval) 3.8/0.5/0.0/0.0s | 4.3s
2026-08-29 21:59:31 | Epoch 047/060 | loss 1.9438 | cls 1.5206 | tal -0.1755 | dual_g 0.4758 | dual_d 0.9744 | train_acc 0.9810 | train_full n/a | val_acc 1.0000 | val_f1 1.0000 | adv/moduleC 1.00/1.00 | disc_steps 2 | grad(main/disc) 6.656/1.363 | lr(main/disc) 2.75e-05/1.20e-05 | cuda_peak(alloc/resv) 21.77/28.18GB | phase(train/val/raw/train_eval) 3.3/0.5/0.0/0.0s | 3.8s
2026-08-29 21:59:34 | Epoch 048/060 | loss 1.9375 | cls 1.5046 | tal -0.1506 | dual_g 0.4781 | dual_d 0.9468 | train_acc 0.9837 | train_full n/a | val_acc 0.9730 | val_f1 0.9802 | adv/moduleC 1.00/1.00 | disc_steps 2 | grad(main/disc) 6.141/1.279 | lr(main/disc) 2.75e-05/1.20e-05 | cuda_peak(alloc/resv) 21.77/28.18GB | phase(train/val/raw/train_eval) 2.8/0.5/0.0/0.0s | 3.2s
2026-08-29 21:59:38 | Epoch 049/060 | loss 1.9010 | cls 1.4808 | tal -0.1480 | dual_g 0.4646 | dual_d 0.9691 | train_acc 0.9755 | train_full n/a | val_acc 1.0000 | val_f1 1.0000 | adv/moduleC 1.00/1.00 | disc_steps 2 | grad(main/disc) 5.228/1.331 | lr(main/disc) 2.75e-05/1.20e-05 | cuda_peak(alloc/resv) 21.77/28.18GB | phase(train/val/raw/train_eval) 3.2/0.5/0.0/0.0s | 3.7s
2026-08-29 21:59:43 | Epoch 050/060 | loss 1.9421 | cls 1.5168 | tal -0.1236 | dual_g 0.4623 | dual_d 0.9991 | train_acc 0.9837 | train_full 1.0000 | val_acc 1.0000 | val_f1 1.0000 | adv/moduleC 1.00/1.00 | disc_steps 2 | grad(main/disc) 9.521/1.346 | lr(main/disc) 2.75e-05/1.20e-05 | cuda_peak(alloc/resv) 21.77/28.18GB | phase(train/val/raw/train_eval) 3.5/0.5/0.5/0.7s | 5.2s
2026-08-29 21:59:47 | Epoch 051/060 | loss 1.9154 | cls 1.4837 | tal -0.1173 | dual_g 0.4669 | dual_d 1.0126 | train_acc 0.9891 | train_full n/a | val_acc 1.0000 | val_f1 1.0000 | adv/moduleC 1.00/1.00 | disc_steps 2 | grad(main/disc) 5.279/1.338 | lr(main/disc) 2.75e-05/1.20e-05 | cuda_peak(alloc/resv) 21.77/28.18GB | phase(train/val/raw/train_eval) 3.3/0.5/0.0/0.0s | 3.7s
2026-08-29 21:59:50 | Epoch 052/060 | loss 1.9385 | cls 1.5116 | tal -0.1226 | dual_g 0.4637 | dual_d 0.9990 | train_acc 0.9864 | train_full n/a | val_acc 1.0000 | val_f1 1.0000 | adv/moduleC 1.00/1.00 | disc_steps 2 | grad(main/disc) 7.115/1.351 | lr(main/disc) 1.38e-05/6.00e-06 | cuda_peak(alloc/resv) 21.77/28.18GB | phase(train/val/raw/train_eval) 3.2/0.5/0.0/0.0s | 3.7s
2026-08-29 21:59:54 | Epoch 053/060 | loss 1.8825 | cls 1.4764 | tal -0.1456 | dual_g 0.4498 | dual_d 0.9114 | train_acc 0.9810 | train_full n/a | val_acc 1.0000 | val_f1 1.0000 | adv/moduleC 1.00/1.00 | disc_steps 2 | grad(main/disc) 4.943/1.230 | lr(main/disc) 1.38e-05/6.00e-06 | cuda_peak(alloc/resv) 21.77/28.18GB | phase(train/val/raw/train_eval) 3.4/0.5/0.0/0.0s | 3.9s
2026-08-29 21:59:58 | Epoch 054/060 | loss 1.8991 | cls 1.4862 | tal -0.1420 | dual_g 0.4555 | dual_d 1.0161 | train_acc 0.9946 | train_full n/a | val_acc 1.0000 | val_f1 1.0000 | adv/moduleC 1.00/1.00 | disc_steps 2 | grad(main/disc) 5.367/1.330 | lr(main/disc) 1.38e-05/6.00e-06 | cuda_peak(alloc/resv) 21.77/28.18GB | phase(train/val/raw/train_eval) 3.5/0.5/0.0/0.0s | 4.0s
2026-08-29 22:00:03 | Epoch 055/060 | loss 1.8505 | cls 1.4563 | tal -0.1896 | dual_g 0.4510 | dual_d 0.9982 | train_acc 0.9810 | train_full 1.0000 | val_acc 1.0000 | val_f1 1.0000 | adv/moduleC 1.00/1.00 | disc_steps 2 | grad(main/disc) 4.195/1.322 | lr(main/disc) 1.38e-05/6.00e-06 | cuda_peak(alloc/resv) 21.77/28.18GB | phase(train/val/raw/train_eval) 3.3/0.5/0.5/0.7s | 5.1s
2026-08-29 22:00:07 | Epoch 056/060 | loss 1.8709 | cls 1.4606 | tal -0.1403 | dual_g 0.4525 | dual_d 1.0176 | train_acc 0.9891 | train_full n/a | val_acc 1.0000 | val_f1 1.0000 | adv/moduleC 1.00/1.00 | disc_steps 2 | grad(main/disc) 5.217/1.342 | lr(main/disc) 1.38e-05/6.00e-06 | cuda_peak(alloc/resv) 21.77/28.18GB | phase(train/val/raw/train_eval) 3.2/0.5/0.0/0.0s | 3.6s
2026-08-29 22:00:11 | Epoch 057/060 | loss 1.8713 | cls 1.4611 | tal -0.1553 | dual_g 0.4567 | dual_d 0.9745 | train_acc 0.9946 | train_full n/a | val_acc 1.0000 | val_f1 1.0000 | adv/moduleC 1.00/1.00 | disc_steps 2 | grad(main/disc) 5.235/1.276 | lr(main/disc) 1.38e-05/6.00e-06 | cuda_peak(alloc/resv) 21.77/28.18GB | phase(train/val/raw/train_eval) 3.3/0.5/0.0/0.0s | 3.7s
2026-08-29 22:00:14 | Epoch 058/060 | loss 1.8707 | cls 1.4490 | tal -0.1308 | dual_g 0.4610 | dual_d 1.0032 | train_acc 0.9946 | train_full n/a | val_acc 1.0000 | val_f1 1.0000 | adv/moduleC 1.00/1.00 | disc_steps 2 | grad(main/disc) 5.937/1.364 | lr(main/disc) 1.38e-05/6.00e-06 | cuda_peak(alloc/resv) 21.77/28.18GB | phase(train/val/raw/train_eval) 3.1/0.5/0.0/0.0s | 3.5s
2026-08-29 22:00:18 | Epoch 059/060 | loss 1.8866 | cls 1.4718 | tal -0.1227 | dual_g 0.4516 | dual_d 0.9768 | train_acc 0.9837 | train_full n/a | val_acc 1.0000 | val_f1 1.0000 | adv/moduleC 1.00/1.00 | disc_steps 2 | grad(main/disc) 4.830/1.272 | lr(main/disc) 1.38e-05/6.00e-06 | cuda_peak(alloc/resv) 21.77/28.18GB | phase(train/val/raw/train_eval) 3.1/0.5/0.0/0.0s | 3.5s
2026-08-29 22:00:23 | Epoch 060/060 | loss 1.8776 | cls 1.4650 | tal -0.1280 | dual_g 0.4510 | dual_d 1.0116 | train_acc 0.9864 | train_full 1.0000 | val_acc 1.0000 | val_f1 1.0000 | adv/moduleC 1.00/1.00 | disc_steps 2 | grad(main/disc) 5.272/1.348 | lr(main/disc) 1.38e-05/6.00e-06 | cuda_peak(alloc/resv) 21.77/28.18GB | phase(train/val/raw/train_eval) 3.8/0.5/0.5/0.7s | 5.4s
2026-08-29 22:00:23 | Early stopping at epoch 60 after 18 epochs without val_f1_macro_present improvement.
2026-08-29 22:00:23 | Training complete. Peak validation accuracy: 1.0000 | selected val_f1_macro_present: 1.0000
