2026-08-29 21:47:37 | Starting Dual_D standalone training
2026-08-29 21:47:37 | Run directory: runs/module_c_ablation_60_v8/module_c_20260829_205331/module_c_no_cycle_逆光_20260829_213218
2026-08-29 21:47:37 | Device: cuda
2026-08-29 21:47:37 | Source train samples: 992
2026-08-29 21:47:37 | Target train samples: 132
2026-08-29 21:47:37 | Target val samples: 37
2026-08-29 21:47:37 | Classes: 14
2026-08-29 21:47:37 | Data audit: same_dir=False | path_overlap(vis/ir/ais)=0/0/0 | content_overlap(vis/ir/ais)=0/0/0 | ais_index_overlap=0 | stem_mismatch(vis-ir/vis-ais)=157/0
2026-08-29 21:47:37 | source_train classes: present 14/14 | absent 0 | counts [0:120, 1:44, 2:69, 3:45, 4:40, 5:30, 6:64, 7:80, 8:116, 9:68, 10:57, 11:83, 12:48, 13:128]
2026-08-29 21:47:37 | target_train classes: present 9/14 | absent 5 | counts [0:20, 2:12, 4:12, 5:2, 9:16, 10:16, 11:29, 12:4, 13:21]
2026-08-29 21:47:37 | target_val classes: present 9/14 | absent 5 | counts [0:6, 2:3, 4:4, 5:1, 9:4, 10:4, 11:8, 12:1, 13:6]
2026-08-29 21:47:37 | Paired training classes: 9/14 | class ids [0, 2, 4, 5, 9, 10, 11, 12, 13]
2026-08-29 21:47:37 | Runtime profile: batch=92 | paired_steps=4 | workers=16 | train_eval_every=5 | raw_eval_every=5 | stability_window=3 | lr_scheduler_start=28 | early_stop=18 after min_epoch=45
2026-08-29 21:47:37 | VIS/IR pairing: class-level-unpaired | count-mismatch classes train/val: 10/1 | AIS alignment: none | AIS rows train/val: 0/0
2026-08-29 21:47:38 | Effective Dual-D loss weights: {"adv_auxiliary": 0.025, "adv_primary": 0.025, "classification": 0.2, "contrastive": 0.04, "cycle": 0.0, "identity": 0.045, "prototype_contrastive": 0.06}
2026-08-29 21:47:38 | Model parameters: total=17277714 | trainable=17120210
2026-08-29 21:47:43 | Epoch 001/060 | loss 6.1941 | cls 6.2475 | tal -0.1781 | dual_g 0.0000 | dual_d 0.0000 | train_acc 0.0543 | train_full 0.0152 | val_acc 0.0000 | val_f1 0.0000 | adv/moduleC 0.00/0.00 | disc_steps 0 | grad(main/disc) 16.991/0.000 | lr(main/disc) 5.50e-05/2.40e-05 | cuda_peak(alloc/resv) 21.77/28.18GB | phase(train/val/raw/train_eval) 3.8/0.5/0.5/0.7s | 5.4s
2026-08-29 21:47:46 | Epoch 002/060 | loss 5.2852 | cls 5.3111 | tal -0.0862 | dual_g 0.0000 | dual_d 0.0000 | train_acc 0.1033 | train_full n/a | val_acc 0.1081 | val_f1 0.0638 | adv/moduleC 0.00/0.00 | disc_steps 0 | grad(main/disc) 14.702/0.000 | lr(main/disc) 5.50e-05/2.40e-05 | cuda_peak(alloc/resv) 21.77/28.18GB | phase(train/val/raw/train_eval) 3.0/0.5/0.0/0.0s | 3.4s
2026-08-29 21:47:51 | Epoch 003/060 | loss 4.6546 | cls 4.6939 | tal -0.1308 | dual_g 0.0000 | dual_d 0.0000 | train_acc 0.2418 | train_full n/a | val_acc 0.2162 | val_f1 0.1241 | adv/moduleC 0.00/0.00 | disc_steps 0 | grad(main/disc) 12.524/0.000 | lr(main/disc) 5.50e-05/2.40e-05 | cuda_peak(alloc/resv) 21.77/28.18GB | phase(train/val/raw/train_eval) 3.3/0.5/0.5/0.0s | 4.2s
2026-08-29 21:47:53 | New best val_f1_macro_present: raw=0.1241 stable_score=0.0000 at epoch 3
2026-08-29 21:47:58 | Epoch 004/060 | loss 4.1762 | cls 4.2346 | tal -0.1949 | dual_g 0.0000 | dual_d 0.0000 | train_acc 0.2962 | train_full n/a | val_acc 0.3243 | val_f1 0.2224 | adv/moduleC 0.00/0.00 | disc_steps 0 | grad(main/disc) 11.609/0.000 | lr(main/disc) 5.50e-05/2.40e-05 | cuda_peak(alloc/resv) 21.77/28.18GB | phase(train/val/raw/train_eval) 3.4/0.5/0.5/0.0s | 4.3s
2026-08-29 21:48:00 | New best val_f1_macro_present: raw=0.2224 stable_score=0.0638 at epoch 4
2026-08-29 21:48:06 | Epoch 005/060 | loss 3.9555 | cls 4.0161 | tal -0.2018 | dual_g 0.0000 | dual_d 0.0000 | train_acc 0.3587 | train_full 0.4773 | val_acc 0.5405 | val_f1 0.4952 | adv/moduleC 0.00/0.00 | disc_steps 0 | grad(main/disc) 11.018/0.000 | lr(main/disc) 5.50e-05/2.40e-05 | cuda_peak(alloc/resv) 21.77/28.18GB | phase(train/val/raw/train_eval) 3.5/0.5/0.5/0.7s | 5.2s
2026-08-29 21:48:08 | New best val_f1_macro_present: raw=0.4952 stable_score=0.1241 at epoch 5
2026-08-29 21:48:12 | Epoch 006/060 | loss 3.7959 | cls 3.7571 | tal -0.2273 | dual_g 0.1071 | dual_d 0.0000 | train_acc 0.4158 | train_full n/a | val_acc 0.5946 | val_f1 0.5816 | adv/moduleC 0.00/0.10 | disc_steps 0 | grad(main/disc) 10.471/0.000 | lr(main/disc) 5.50e-05/2.40e-05 | cuda_peak(alloc/resv) 21.77/28.18GB | phase(train/val/raw/train_eval) 2.8/0.5/0.5/0.0s | 3.8s
2026-08-29 21:48:15 | New best val_f1_macro_present: raw=0.5816 stable_score=0.2224 at epoch 6
2026-08-29 21:48:19 | Epoch 007/060 | loss 3.6298 | cls 3.5015 | tal -0.2432 | dual_g 0.2013 | dual_d 0.0000 | train_acc 0.4321 | train_full n/a | val_acc 0.6216 | val_f1 0.5842 | adv/moduleC 0.00/0.20 | disc_steps 0 | grad(main/disc) 9.960/0.000 | lr(main/disc) 5.50e-05/2.40e-05 | cuda_peak(alloc/resv) 21.77/28.18GB | phase(train/val/raw/train_eval) 3.2/0.5/0.5/0.0s | 4.1s
2026-08-29 21:48:22 | New best val_f1_macro_present: raw=0.5842 stable_score=0.4952 at epoch 7
2026-08-29 21:48:26 | Epoch 008/060 | loss 3.5000 | cls 3.2919 | tal -0.2747 | dual_g 0.2906 | dual_d 0.7905 | train_acc 0.5054 | train_full n/a | val_acc 0.7838 | val_f1 0.8170 | adv/moduleC 0.07/0.30 | disc_steps 2 | grad(main/disc) 9.828/1.556 | lr(main/disc) 5.50e-05/2.40e-05 | cuda_peak(alloc/resv) 21.77/28.18GB | phase(train/val/raw/train_eval) 3.3/0.5/0.5/0.0s | 4.2s
2026-08-29 21:48:29 | New best val_f1_macro_present: raw=0.8170 stable_score=0.5816 at epoch 8
2026-08-29 21:48:33 | Epoch 009/060 | loss 3.4706 | cls 3.1729 | tal -0.2811 | dual_g 0.3821 | dual_d 0.7927 | train_acc 0.5217 | train_full n/a | val_acc 0.7838 | val_f1 0.8111 | adv/moduleC 0.13/0.40 | disc_steps 2 | grad(main/disc) 10.030/1.578 | lr(main/disc) 5.50e-05/2.40e-05 | cuda_peak(alloc/resv) 21.77/28.18GB | phase(train/val/raw/train_eval) 3.0/0.5/0.5/0.0s | 4.0s
2026-08-29 21:48:36 | New best val_f1_macro_present: raw=0.8111 stable_score=0.5842 at epoch 9
2026-08-29 21:48:41 | Epoch 010/060 | loss 3.3740 | cls 2.9893 | tal -0.2312 | dual_g 0.4541 | dual_d 0.7789 | train_acc 0.5679 | train_full 0.8561 | val_acc 0.8378 | val_f1 0.8532 | adv/moduleC 0.20/0.50 | disc_steps 2 | grad(main/disc) 9.905/1.555 | lr(main/disc) 5.50e-05/2.40e-05 | cuda_peak(alloc/resv) 21.77/28.18GB | phase(train/val/raw/train_eval) 3.3/0.5/0.5/0.7s | 4.9s
2026-08-29 21:48:43 | New best val_f1_macro_present: raw=0.8532 stable_score=0.8111 at epoch 10
2026-08-29 21:48:47 | Epoch 011/060 | loss 3.3723 | cls 2.8996 | tal -0.2159 | dual_g 0.5375 | dual_d 0.7698 | train_acc 0.6033 | train_full n/a | val_acc 0.8378 | val_f1 0.8532 | adv/moduleC 0.27/0.60 | disc_steps 2 | grad(main/disc) 9.490/1.498 | lr(main/disc) 5.50e-05/2.40e-05 | cuda_peak(alloc/resv) 21.77/28.18GB | phase(train/val/raw/train_eval) 3.4/0.5/0.0/0.0s | 3.8s
2026-08-29 21:48:51 | Epoch 012/060 | loss 3.3045 | cls 2.7926 | tal -0.2081 | dual_g 0.5744 | dual_d 0.7862 | train_acc 0.6902 | train_full n/a | val_acc 0.8919 | val_f1 0.9042 | adv/moduleC 0.33/0.70 | disc_steps 2 | grad(main/disc) 9.755/1.508 | lr(main/disc) 5.50e-05/2.40e-05 | cuda_peak(alloc/resv) 21.77/28.18GB | phase(train/val/raw/train_eval) 3.1/0.5/0.5/0.0s | 4.1s
2026-08-29 21:48:54 | New best val_f1_macro_present: raw=0.9042 stable_score=0.8532 at epoch 12
2026-08-29 21:48:57 | Epoch 013/060 | loss 3.1400 | cls 2.5748 | tal -0.2191 | dual_g 0.6309 | dual_d 0.8053 | train_acc 0.6957 | train_full n/a | val_acc 0.8919 | val_f1 0.9118 | adv/moduleC 0.40/0.80 | disc_steps 2 | grad(main/disc) 9.369/1.449 | lr(main/disc) 5.50e-05/2.40e-05 | cuda_peak(alloc/resv) 21.77/28.18GB | phase(train/val/raw/train_eval) 3.1/0.5/0.0/0.0s | 3.6s
2026-08-29 21:49:02 | Epoch 014/060 | loss 3.1386 | cls 2.5018 | tal -0.1841 | dual_g 0.6920 | dual_d 0.8176 | train_acc 0.7391 | train_full n/a | val_acc 0.8649 | val_f1 0.8674 | adv/moduleC 0.47/0.90 | disc_steps 2 | grad(main/disc) 9.037/1.493 | lr(main/disc) 5.50e-05/2.40e-05 | cuda_peak(alloc/resv) 21.77/28.18GB | phase(train/val/raw/train_eval) 3.4/0.5/0.5/0.0s | 4.3s
2026-08-29 21:49:05 | New best val_f1_macro_present: raw=0.8674 stable_score=0.8674 at epoch 14
2026-08-29 21:49:09 | Epoch 015/060 | loss 3.1360 | cls 2.4416 | tal -0.2337 | dual_g 0.7645 | dual_d 0.8092 | train_acc 0.7228 | train_full 0.8712 | val_acc 0.9189 | val_f1 0.9327 | adv/moduleC 0.53/1.00 | disc_steps 2 | grad(main/disc) 9.384/1.466 | lr(main/disc) 5.50e-05/2.40e-05 | cuda_peak(alloc/resv) 21.77/28.18GB | phase(train/val/raw/train_eval) 3.2/0.5/0.5/0.7s | 4.8s
2026-08-29 21:49:13 | Epoch 016/060 | loss 2.9150 | cls 2.2653 | tal -0.2640 | dual_g 0.7290 | dual_d 0.8093 | train_acc 0.7745 | train_full n/a | val_acc 0.8919 | val_f1 0.9129 | adv/moduleC 0.60/1.00 | disc_steps 2 | grad(main/disc) 8.450/1.427 | lr(main/disc) 5.50e-05/2.40e-05 | cuda_peak(alloc/resv) 21.77/28.18GB | phase(train/val/raw/train_eval) 3.4/0.5/0.0/0.0s | 3.8s
2026-08-29 21:49:17 | Epoch 017/060 | loss 2.8182 | cls 2.1941 | tal -0.2852 | dual_g 0.7097 | dual_d 0.8326 | train_acc 0.8043 | train_full n/a | val_acc 0.9189 | val_f1 0.9358 | adv/moduleC 0.67/1.00 | disc_steps 2 | grad(main/disc) 8.614/1.430 | lr(main/disc) 5.50e-05/2.40e-05 | cuda_peak(alloc/resv) 21.77/28.18GB | phase(train/val/raw/train_eval) 3.2/0.5/0.5/0.0s | 4.1s
2026-08-29 21:49:20 | New best val_f1_macro_present: raw=0.9358 stable_score=0.9129 at epoch 17
2026-08-29 21:49:24 | Epoch 018/060 | loss 2.9052 | cls 2.2567 | tal -0.2506 | dual_g 0.7237 | dual_d 0.8520 | train_acc 0.8016 | train_full n/a | val_acc 0.9730 | val_f1 0.9776 | adv/moduleC 0.73/1.00 | disc_steps 2 | grad(main/disc) 10.544/1.494 | lr(main/disc) 5.50e-05/2.40e-05 | cuda_peak(alloc/resv) 21.77/28.18GB | phase(train/val/raw/train_eval) 3.5/0.5/0.0/0.0s | 4.0s
2026-08-29 21:49:28 | Epoch 019/060 | loss 2.7727 | cls 2.1317 | tal -0.2134 | dual_g 0.7050 | dual_d 0.8770 | train_acc 0.8207 | train_full n/a | val_acc 0.9730 | val_f1 0.9802 | adv/moduleC 0.80/1.00 | disc_steps 2 | grad(main/disc) 8.595/1.510 | lr(main/disc) 5.50e-05/2.40e-05 | cuda_peak(alloc/resv) 21.77/28.18GB | phase(train/val/raw/train_eval) 3.1/0.5/0.5/0.0s | 4.0s
2026-08-29 21:49:31 | New best val_f1_macro_present: raw=0.9802 stable_score=0.9358 at epoch 19
2026-08-29 21:49:36 | Epoch 020/060 | loss 2.6826 | cls 2.0651 | tal -0.1804 | dual_g 0.6716 | dual_d 0.8315 | train_acc 0.8397 | train_full 0.9697 | val_acc 0.9730 | val_f1 0.9802 | adv/moduleC 0.87/1.00 | disc_steps 2 | grad(main/disc) 9.577/1.408 | lr(main/disc) 5.50e-05/2.40e-05 | cuda_peak(alloc/resv) 21.77/28.18GB | phase(train/val/raw/train_eval) 3.0/0.5/0.5/0.7s | 4.7s
2026-08-29 21:49:38 | New best val_f1_macro_present: raw=0.9802 stable_score=0.9776 at epoch 20
2026-08-29 21:49:42 | Epoch 021/060 | loss 2.6104 | cls 1.9943 | tal -0.1696 | dual_g 0.6669 | dual_d 0.8315 | train_acc 0.8750 | train_full n/a | val_acc 0.9459 | val_f1 0.9578 | adv/moduleC 0.93/1.00 | disc_steps 2 | grad(main/disc) 7.731/1.391 | lr(main/disc) 5.50e-05/2.40e-05 | cuda_peak(alloc/resv) 21.77/28.18GB | phase(train/val/raw/train_eval) 3.4/0.5/0.0/0.0s | 3.9s
2026-08-29 21:49:46 | Epoch 022/060 | loss 2.5812 | cls 1.9643 | tal -0.1447 | dual_g 0.6602 | dual_d 0.8544 | train_acc 0.8913 | train_full n/a | val_acc 0.9730 | val_f1 0.9776 | adv/moduleC 1.00/1.00 | disc_steps 2 | grad(main/disc) 8.133/1.398 | lr(main/disc) 5.50e-05/2.40e-05 | cuda_peak(alloc/resv) 21.77/28.18GB | phase(train/val/raw/train_eval) 3.1/0.5/0.0/0.0s | 3.6s
2026-08-29 21:49:50 | Epoch 023/060 | loss 2.5005 | cls 1.9064 | tal -0.1414 | dual_g 0.6365 | dual_d 0.8162 | train_acc 0.9185 | train_full n/a | val_acc 0.9459 | val_f1 0.9578 | adv/moduleC 1.00/1.00 | disc_steps 2 | grad(main/disc) 7.672/1.394 | lr(main/disc) 5.50e-05/2.40e-05 | cuda_peak(alloc/resv) 21.77/28.18GB | phase(train/val/raw/train_eval) 3.4/0.5/0.0/0.0s | 3.9s
2026-08-29 21:49:53 | Epoch 024/060 | loss 2.4902 | cls 1.8916 | tal -0.1313 | dual_g 0.6380 | dual_d 0.8426 | train_acc 0.8859 | train_full n/a | val_acc 0.9459 | val_f1 0.9578 | adv/moduleC 1.00/1.00 | disc_steps 2 | grad(main/disc) 8.794/1.428 | lr(main/disc) 5.50e-05/2.40e-05 | cuda_peak(alloc/resv) 21.77/28.18GB | phase(train/val/raw/train_eval) 3.1/0.5/0.0/0.0s | 3.5s
2026-08-29 21:49:58 | Epoch 025/060 | loss 2.3346 | cls 1.7924 | tal -0.1986 | dual_g 0.6017 | dual_d 0.8918 | train_acc 0.9130 | train_full 0.9621 | val_acc 0.9459 | val_f1 0.9578 | adv/moduleC 1.00/1.00 | disc_steps 2 | grad(main/disc) 7.628/1.410 | lr(main/disc) 5.50e-05/2.40e-05 | cuda_peak(alloc/resv) 21.77/28.18GB | phase(train/val/raw/train_eval) 3.4/0.5/0.5/0.7s | 5.1s
2026-08-29 21:50:02 | Epoch 026/060 | loss 2.3460 | cls 1.8005 | tal -0.2013 | dual_g 0.6059 | dual_d 0.9062 | train_acc 0.9185 | train_full n/a | val_acc 0.9459 | val_f1 0.9578 | adv/moduleC 1.00/1.00 | disc_steps 2 | grad(main/disc) 7.814/1.422 | lr(main/disc) 5.50e-05/2.40e-05 | cuda_peak(alloc/resv) 21.77/28.18GB | phase(train/val/raw/train_eval) 3.1/0.5/0.0/0.0s | 3.6s
2026-08-29 21:50:05 | Epoch 027/060 | loss 2.3035 | cls 1.7393 | tal -0.1145 | dual_g 0.5986 | dual_d 0.9098 | train_acc 0.9293 | train_full n/a | val_acc 0.9459 | val_f1 0.9578 | adv/moduleC 1.00/1.00 | disc_steps 2 | grad(main/disc) 7.822/1.401 | lr(main/disc) 5.50e-05/2.40e-05 | cuda_peak(alloc/resv) 21.77/28.18GB | phase(train/val/raw/train_eval) 3.2/0.5/0.0/0.0s | 3.6s
2026-08-29 21:50:09 | Epoch 028/060 | loss 2.2631 | cls 1.7007 | tal -0.0488 | dual_g 0.5771 | dual_d 0.8920 | train_acc 0.9511 | train_full n/a | val_acc 0.9459 | val_f1 0.9578 | adv/moduleC 1.00/1.00 | disc_steps 2 | grad(main/disc) 7.683/1.399 | lr(main/disc) 5.50e-05/2.40e-05 | cuda_peak(alloc/resv) 21.77/28.18GB | phase(train/val/raw/train_eval) 3.5/0.5/0.0/0.0s | 4.0s
2026-08-29 21:50:13 | Epoch 029/060 | loss 2.2775 | cls 1.7224 | tal -0.0852 | dual_g 0.5806 | dual_d 0.8767 | train_acc 0.9293 | train_full n/a | val_acc 0.9730 | val_f1 0.9802 | adv/moduleC 1.00/1.00 | disc_steps 2 | grad(main/disc) 7.929/1.345 | lr(main/disc) 5.50e-05/2.40e-05 | cuda_peak(alloc/resv) 21.77/28.18GB | phase(train/val/raw/train_eval) 3.2/0.5/0.0/0.0s | 3.7s
2026-08-29 21:50:18 | Epoch 030/060 | loss 2.2456 | cls 1.6878 | tal -0.0431 | dual_g 0.5707 | dual_d 0.8723 | train_acc 0.9266 | train_full 1.0000 | val_acc 1.0000 | val_f1 1.0000 | adv/moduleC 1.00/1.00 | disc_steps 2 | grad(main/disc) 7.081/1.314 | lr(main/disc) 5.50e-05/2.40e-05 | cuda_peak(alloc/resv) 21.77/28.18GB | phase(train/val/raw/train_eval) 3.4/0.5/0.5/0.7s | 5.1s
2026-08-29 21:50:22 | Epoch 031/060 | loss 2.1897 | cls 1.6735 | tal -0.1596 | dual_g 0.5641 | dual_d 0.9296 | train_acc 0.9266 | train_full n/a | val_acc 1.0000 | val_f1 1.0000 | adv/moduleC 1.00/1.00 | disc_steps 2 | grad(main/disc) 7.900/1.420 | lr(main/disc) 5.50e-05/2.40e-05 | cuda_peak(alloc/resv) 21.77/28.18GB | phase(train/val/raw/train_eval) 3.2/0.5/0.5/0.0s | 4.1s
2026-08-29 21:50:25 | New best val_f1_macro_present: raw=1.0000 stable_score=0.9802 at epoch 31
2026-08-29 21:50:29 | Epoch 032/060 | loss 2.1646 | cls 1.6539 | tal -0.1285 | dual_g 0.5492 | dual_d 0.8502 | train_acc 0.9565 | train_full n/a | val_acc 1.0000 | val_f1 1.0000 | adv/moduleC 1.00/1.00 | disc_steps 2 | grad(main/disc) 8.172/1.310 | lr(main/disc) 5.50e-05/2.40e-05 | cuda_peak(alloc/resv) 21.77/28.18GB | phase(train/val/raw/train_eval) 3.4/0.5/0.5/0.0s | 4.3s
2026-08-29 21:50:32 | New best val_f1_macro_present: raw=1.0000 stable_score=1.0000 at epoch 32
2026-08-29 21:50:36 | Epoch 033/060 | loss 2.1772 | cls 1.6748 | tal -0.1476 | dual_g 0.5467 | dual_d 0.8913 | train_acc 0.9375 | train_full n/a | val_acc 0.9730 | val_f1 0.9776 | adv/moduleC 1.00/1.00 | disc_steps 2 | grad(main/disc) 8.544/1.357 | lr(main/disc) 5.50e-05/2.40e-05 | cuda_peak(alloc/resv) 21.77/28.18GB | phase(train/val/raw/train_eval) 3.1/0.5/0.0/0.0s | 3.6s
2026-08-29 21:50:39 | Epoch 034/060 | loss 2.1080 | cls 1.6184 | tal -0.1854 | dual_g 0.5452 | dual_d 0.9661 | train_acc 0.9511 | train_full n/a | val_acc 0.9730 | val_f1 0.9776 | adv/moduleC 1.00/1.00 | disc_steps 2 | grad(main/disc) 6.577/1.401 | lr(main/disc) 5.50e-05/2.40e-05 | cuda_peak(alloc/resv) 21.77/28.18GB | phase(train/val/raw/train_eval) 3.2/0.5/0.0/0.0s | 3.7s
2026-08-29 21:50:44 | Epoch 035/060 | loss 2.1185 | cls 1.6522 | tal -0.2633 | dual_g 0.5452 | dual_d 0.9422 | train_acc 0.9375 | train_full 0.9848 | val_acc 0.9459 | val_f1 0.9578 | adv/moduleC 1.00/1.00 | disc_steps 2 | grad(main/disc) 7.550/1.409 | lr(main/disc) 5.50e-05/2.40e-05 | cuda_peak(alloc/resv) 21.77/28.18GB | phase(train/val/raw/train_eval) 3.0/0.5/0.5/0.7s | 4.7s
2026-08-29 21:50:48 | Epoch 036/060 | loss 2.0411 | cls 1.5796 | tal -0.2383 | dual_g 0.5330 | dual_d 0.9299 | train_acc 0.9565 | train_full n/a | val_acc 0.9730 | val_f1 0.9840 | adv/moduleC 1.00/1.00 | disc_steps 2 | grad(main/disc) 5.958/1.355 | lr(main/disc) 5.50e-05/2.40e-05 | cuda_peak(alloc/resv) 21.77/28.18GB | phase(train/val/raw/train_eval) 3.3/0.5/0.0/0.0s | 3.8s
2026-08-29 21:50:52 | Epoch 037/060 | loss 2.1092 | cls 1.6573 | tal -0.2699 | dual_g 0.5329 | dual_d 0.9461 | train_acc 0.9429 | train_full n/a | val_acc 0.9730 | val_f1 0.9776 | adv/moduleC 1.00/1.00 | disc_steps 2 | grad(main/disc) 8.032/1.404 | lr(main/disc) 5.50e-05/2.40e-05 | cuda_peak(alloc/resv) 21.77/28.18GB | phase(train/val/raw/train_eval) 3.4/0.5/0.0/0.0s | 3.8s
2026-08-29 21:50:55 | Epoch 038/060 | loss 2.0078 | cls 1.5715 | tal -0.2734 | dual_g 0.5182 | dual_d 0.9055 | train_acc 0.9620 | train_full n/a | val_acc 1.0000 | val_f1 1.0000 | adv/moduleC 1.00/1.00 | disc_steps 2 | grad(main/disc) 6.217/1.331 | lr(main/disc) 5.50e-05/2.40e-05 | cuda_peak(alloc/resv) 21.77/28.18GB | phase(train/val/raw/train_eval) 3.4/0.5/0.0/0.0s | 3.8s
2026-08-29 21:50:59 | Epoch 039/060 | loss 2.0370 | cls 1.5865 | tal -0.2263 | dual_g 0.5183 | dual_d 0.9827 | train_acc 0.9565 | train_full n/a | val_acc 0.9730 | val_f1 0.9776 | adv/moduleC 1.00/1.00 | disc_steps 2 | grad(main/disc) 7.597/1.398 | lr(main/disc) 5.50e-05/2.40e-05 | cuda_peak(alloc/resv) 21.77/28.18GB | phase(train/val/raw/train_eval) 3.5/0.5/0.0/0.0s | 4.0s
2026-08-29 21:51:04 | Epoch 040/060 | loss 1.9549 | cls 1.5419 | tal -0.3204 | dual_g 0.5091 | dual_d 0.9404 | train_acc 0.9728 | train_full 0.9924 | val_acc 0.9730 | val_f1 0.9776 | adv/moduleC 1.00/1.00 | disc_steps 2 | grad(main/disc) 6.540/1.324 | lr(main/disc) 5.50e-05/2.40e-05 | cuda_peak(alloc/resv) 21.77/28.18GB | phase(train/val/raw/train_eval) 3.2/0.5/0.5/0.7s | 4.9s
2026-08-29 21:51:08 | Epoch 041/060 | loss 1.9892 | cls 1.5565 | tal -0.2652 | dual_g 0.5122 | dual_d 0.9610 | train_acc 0.9728 | train_full n/a | val_acc 1.0000 | val_f1 1.0000 | adv/moduleC 1.00/1.00 | disc_steps 2 | grad(main/disc) 6.614/1.372 | lr(main/disc) 2.75e-05/1.20e-05 | cuda_peak(alloc/resv) 21.77/28.18GB | phase(train/val/raw/train_eval) 3.4/0.5/0.0/0.0s | 3.8s
2026-08-29 21:51:12 | Epoch 042/060 | loss 1.9812 | cls 1.5430 | tal -0.2184 | dual_g 0.5037 | dual_d 0.9232 | train_acc 0.9783 | train_full n/a | val_acc 0.9730 | val_f1 0.9802 | adv/moduleC 1.00/1.00 | disc_steps 2 | grad(main/disc) 6.576/1.296 | lr(main/disc) 2.75e-05/1.20e-05 | cuda_peak(alloc/resv) 21.77/28.18GB | phase(train/val/raw/train_eval) 3.0/0.5/0.0/0.0s | 3.5s
2026-08-29 21:51:16 | Epoch 043/060 | loss 1.9312 | cls 1.5139 | tal -0.2400 | dual_g 0.4893 | dual_d 0.9482 | train_acc 0.9837 | train_full n/a | val_acc 0.9730 | val_f1 0.9802 | adv/moduleC 1.00/1.00 | disc_steps 2 | grad(main/disc) 5.301/1.313 | lr(main/disc) 2.75e-05/1.20e-05 | cuda_peak(alloc/resv) 21.77/28.18GB | phase(train/val/raw/train_eval) 3.5/0.5/0.0/0.0s | 4.0s
2026-08-29 21:51:19 | Epoch 044/060 | loss 1.9576 | cls 1.5231 | tal -0.2222 | dual_g 0.5012 | dual_d 0.9574 | train_acc 0.9755 | train_full n/a | val_acc 1.0000 | val_f1 1.0000 | adv/moduleC 1.00/1.00 | disc_steps 2 | grad(main/disc) 5.783/1.322 | lr(main/disc) 2.75e-05/1.20e-05 | cuda_peak(alloc/resv) 21.77/28.18GB | phase(train/val/raw/train_eval) 3.1/0.5/0.0/0.0s | 3.6s
2026-08-29 21:51:24 | Epoch 045/060 | loss 1.9481 | cls 1.5300 | tal -0.2526 | dual_g 0.4939 | dual_d 0.9918 | train_acc 0.9701 | train_full 1.0000 | val_acc 1.0000 | val_f1 1.0000 | adv/moduleC 1.00/1.00 | disc_steps 2 | grad(main/disc) 5.595/1.342 | lr(main/disc) 2.75e-05/1.20e-05 | cuda_peak(alloc/resv) 21.77/28.18GB | phase(train/val/raw/train_eval) 3.3/0.5/0.5/0.7s | 5.0s
2026-08-29 21:51:28 | Epoch 046/060 | loss 1.9530 | cls 1.5217 | tal -0.2174 | dual_g 0.4964 | dual_d 0.9812 | train_acc 0.9755 | train_full n/a | val_acc 1.0000 | val_f1 1.0000 | adv/moduleC 1.00/1.00 | disc_steps 2 | grad(main/disc) 5.386/1.349 | lr(main/disc) 2.75e-05/1.20e-05 | cuda_peak(alloc/resv) 21.77/28.18GB | phase(train/val/raw/train_eval) 3.4/0.5/0.0/0.0s | 3.8s
2026-08-29 21:51:32 | Epoch 047/060 | loss 1.9615 | cls 1.5467 | tal -0.2415 | dual_g 0.4872 | dual_d 0.9807 | train_acc 0.9728 | train_full n/a | val_acc 0.9730 | val_f1 0.9802 | adv/moduleC 1.00/1.00 | disc_steps 2 | grad(main/disc) 5.741/1.343 | lr(main/disc) 2.75e-05/1.20e-05 | cuda_peak(alloc/resv) 21.77/28.18GB | phase(train/val/raw/train_eval) 3.3/0.5/0.0/0.0s | 3.8s
2026-08-29 21:51:36 | Epoch 048/060 | loss 1.9177 | cls 1.4909 | tal -0.2076 | dual_g 0.4892 | dual_d 0.9842 | train_acc 0.9946 | train_full n/a | val_acc 1.0000 | val_f1 1.0000 | adv/moduleC 1.00/1.00 | disc_steps 2 | grad(main/disc) 4.913/1.325 | lr(main/disc) 2.75e-05/1.20e-05 | cuda_peak(alloc/resv) 21.77/28.18GB | phase(train/val/raw/train_eval) 3.5/0.5/0.0/0.0s | 4.0s
2026-08-29 21:51:39 | Epoch 049/060 | loss 1.8692 | cls 1.4831 | tal -0.3201 | dual_g 0.4821 | dual_d 1.0035 | train_acc 0.9918 | train_full n/a | val_acc 1.0000 | val_f1 1.0000 | adv/moduleC 1.00/1.00 | disc_steps 2 | grad(main/disc) 4.330/1.368 | lr(main/disc) 2.75e-05/1.20e-05 | cuda_peak(alloc/resv) 21.77/28.18GB | phase(train/val/raw/train_eval) 3.1/0.5/0.0/0.0s | 3.6s
2026-08-29 21:51:44 | Epoch 050/060 | loss 1.8978 | cls 1.4882 | tal -0.2495 | dual_g 0.4844 | dual_d 0.9951 | train_acc 0.9918 | train_full 1.0000 | val_acc 1.0000 | val_f1 1.0000 | adv/moduleC 1.00/1.00 | disc_steps 2 | grad(main/disc) 5.511/1.346 | lr(main/disc) 2.75e-05/1.20e-05 | cuda_peak(alloc/resv) 21.77/28.18GB | phase(train/val/raw/train_eval) 3.4/0.5/0.5/0.7s | 5.1s
2026-08-29 21:51:44 | Early stopping at epoch 50 after 18 epochs without val_f1_macro_present improvement.
2026-08-29 21:51:44 | Training complete. Peak validation accuracy: 1.0000 | selected val_f1_macro_present: 1.0000
