2026-08-29 21:51:45 | Starting Dual_D standalone training
2026-08-29 21:51:45 | Run directory: runs/module_c_ablation_60_v8/module_c_20260829_205331/module_c_no_cycle_逆光_20260829_213218
2026-08-29 21:51:45 | Device: cuda
2026-08-29 21:51:45 | Source train samples: 992
2026-08-29 21:51:45 | Target train samples: 132
2026-08-29 21:51:45 | Target val samples: 37
2026-08-29 21:51:45 | Classes: 14
2026-08-29 21:51:45 | Data audit: same_dir=False | path_overlap(vis/ir/ais)=0/0/0 | content_overlap(vis/ir/ais)=0/0/0 | ais_index_overlap=0 | stem_mismatch(vis-ir/vis-ais)=157/0
2026-08-29 21:51:45 | source_train classes: present 14/14 | absent 0 | counts [0:120, 1:44, 2:69, 3:45, 4:40, 5:30, 6:64, 7:80, 8:116, 9:68, 10:57, 11:83, 12:48, 13:128]
2026-08-29 21:51:45 | target_train classes: present 9/14 | absent 5 | counts [0:20, 2:12, 4:12, 5:2, 9:16, 10:16, 11:29, 12:4, 13:21]
2026-08-29 21:51:45 | target_val classes: present 9/14 | absent 5 | counts [0:6, 2:3, 4:4, 5:1, 9:4, 10:4, 11:8, 12:1, 13:6]
2026-08-29 21:51:45 | Paired training classes: 9/14 | class ids [0, 2, 4, 5, 9, 10, 11, 12, 13]
2026-08-29 21:51:45 | Runtime profile: batch=92 | paired_steps=4 | workers=16 | train_eval_every=5 | raw_eval_every=5 | stability_window=3 | lr_scheduler_start=28 | early_stop=18 after min_epoch=45
2026-08-29 21:51:45 | VIS/IR pairing: class-level-unpaired | count-mismatch classes train/val: 10/1 | AIS alignment: none | AIS rows train/val: 0/0
2026-08-29 21:51:46 | Effective Dual-D loss weights: {"adv_auxiliary": 0.025, "adv_primary": 0.025, "classification": 0.2, "contrastive": 0.04, "cycle": 0.0, "identity": 0.045, "prototype_contrastive": 0.06}
2026-08-29 21:51:46 | Model parameters: total=17277714 | trainable=17120210
2026-08-29 21:51:51 | Epoch 001/060 | loss 5.8524 | cls 5.9163 | tal -0.2129 | dual_g 0.0000 | dual_d 0.0000 | train_acc 0.0516 | train_full 0.1212 | val_acc 0.2162 | val_f1 0.1115 | adv/moduleC 0.00/0.00 | disc_steps 0 | grad(main/disc) 16.786/0.000 | lr(main/disc) 5.50e-05/2.40e-05 | cuda_peak(alloc/resv) 21.77/28.18GB | phase(train/val/raw/train_eval) 4.0/0.5/0.5/0.7s | 5.6s
2026-08-29 21:51:55 | Epoch 002/060 | loss 5.1042 | cls 5.0945 | tal 0.0324 | dual_g 0.0000 | dual_d 0.0000 | train_acc 0.1712 | train_full n/a | val_acc 0.1622 | val_f1 0.0971 | adv/moduleC 0.00/0.00 | disc_steps 0 | grad(main/disc) 14.129/0.000 | lr(main/disc) 5.50e-05/2.40e-05 | cuda_peak(alloc/resv) 21.77/28.18GB | phase(train/val/raw/train_eval) 3.0/0.5/0.0/0.0s | 3.4s
2026-08-29 21:51:59 | Epoch 003/060 | loss 4.7459 | cls 4.7299 | tal 0.0535 | dual_g 0.0000 | dual_d 0.0000 | train_acc 0.1984 | train_full n/a | val_acc 0.2162 | val_f1 0.1117 | adv/moduleC 0.00/0.00 | disc_steps 0 | grad(main/disc) 13.045/0.000 | lr(main/disc) 5.50e-05/2.40e-05 | cuda_peak(alloc/resv) 21.77/28.18GB | phase(train/val/raw/train_eval) 3.3/0.5/0.5/0.0s | 4.3s
2026-08-29 21:52:02 | New best val_f1_macro_present: raw=0.1117 stable_score=0.0971 at epoch 3
2026-08-29 21:52:05 | Epoch 004/060 | loss 4.1326 | cls 4.1105 | tal 0.0736 | dual_g 0.0000 | dual_d 0.0000 | train_acc 0.3533 | train_full n/a | val_acc 0.3514 | val_f1 0.2868 | adv/moduleC 0.00/0.00 | disc_steps 0 | grad(main/disc) 11.382/0.000 | lr(main/disc) 5.50e-05/2.40e-05 | cuda_peak(alloc/resv) 21.77/28.18GB | phase(train/val/raw/train_eval) 3.2/0.5/0.0/0.0s | 3.6s
2026-08-29 21:52:10 | Epoch 005/060 | loss 4.0910 | cls 4.0551 | tal 0.1197 | dual_g 0.0000 | dual_d 0.0000 | train_acc 0.3315 | train_full 0.3939 | val_acc 0.4865 | val_f1 0.6227 | adv/moduleC 0.00/0.00 | disc_steps 0 | grad(main/disc) 11.256/0.000 | lr(main/disc) 5.50e-05/2.40e-05 | cuda_peak(alloc/resv) 21.77/28.18GB | phase(train/val/raw/train_eval) 2.9/0.5/0.5/0.7s | 4.6s
2026-08-29 21:52:13 | New best val_f1_macro_present: raw=0.6227 stable_score=0.1117 at epoch 5
2026-08-29 21:52:17 | Epoch 006/060 | loss 3.9246 | cls 3.7889 | tal 0.1048 | dual_g 0.1043 | dual_d 0.0000 | train_acc 0.4185 | train_full n/a | val_acc 0.6757 | val_f1 0.7192 | adv/moduleC 0.00/0.10 | disc_steps 0 | grad(main/disc) 10.846/0.000 | lr(main/disc) 5.50e-05/2.40e-05 | cuda_peak(alloc/resv) 21.77/28.18GB | phase(train/val/raw/train_eval) 3.1/0.5/0.5/0.0s | 4.1s
2026-08-29 21:52:19 | New best val_f1_macro_present: raw=0.7192 stable_score=0.2868 at epoch 6
2026-08-29 21:52:23 | Epoch 007/060 | loss 3.7821 | cls 3.5481 | tal 0.1171 | dual_g 0.1988 | dual_d 0.0000 | train_acc 0.4728 | train_full n/a | val_acc 0.7568 | val_f1 0.8188 | adv/moduleC 0.00/0.20 | disc_steps 0 | grad(main/disc) 10.203/0.000 | lr(main/disc) 5.50e-05/2.40e-05 | cuda_peak(alloc/resv) 21.77/28.18GB | phase(train/val/raw/train_eval) 3.2/0.5/0.5/0.0s | 4.1s
2026-08-29 21:52:26 | New best val_f1_macro_present: raw=0.8188 stable_score=0.6227 at epoch 7
2026-08-29 21:52:31 | Epoch 008/060 | loss 3.6552 | cls 3.3226 | tal 0.1331 | dual_g 0.2927 | dual_d 0.8465 | train_acc 0.5299 | train_full n/a | val_acc 0.8649 | val_f1 0.8877 | adv/moduleC 0.07/0.30 | disc_steps 2 | grad(main/disc) 9.960/1.742 | lr(main/disc) 5.50e-05/2.40e-05 | cuda_peak(alloc/resv) 21.77/28.18GB | phase(train/val/raw/train_eval) 3.3/0.5/0.5/0.0s | 4.3s
2026-08-29 21:52:33 | New best val_f1_macro_present: raw=0.8877 stable_score=0.7192 at epoch 8
2026-08-29 21:52:37 | Epoch 009/060 | loss 3.5203 | cls 3.1140 | tal 0.0938 | dual_g 0.3782 | dual_d 0.8232 | train_acc 0.5625 | train_full n/a | val_acc 0.8919 | val_f1 0.9084 | adv/moduleC 0.13/0.40 | disc_steps 2 | grad(main/disc) 9.561/1.646 | lr(main/disc) 5.50e-05/2.40e-05 | cuda_peak(alloc/resv) 21.77/28.18GB | phase(train/val/raw/train_eval) 3.2/0.5/0.5/0.0s | 4.1s
2026-08-29 21:52:40 | New best val_f1_macro_present: raw=0.9084 stable_score=0.8188 at epoch 9
2026-08-29 21:52:45 | Epoch 010/060 | loss 3.4860 | cls 2.9903 | tal 0.1265 | dual_g 0.4578 | dual_d 0.8477 | train_acc 0.5978 | train_full 0.9015 | val_acc 0.9459 | val_f1 0.9616 | adv/moduleC 0.20/0.50 | disc_steps 2 | grad(main/disc) 9.665/1.663 | lr(main/disc) 5.50e-05/2.40e-05 | cuda_peak(alloc/resv) 21.77/28.18GB | phase(train/val/raw/train_eval) 3.2/0.5/0.5/0.7s | 4.9s
2026-08-29 21:52:48 | New best val_f1_macro_present: raw=0.9616 stable_score=0.8877 at epoch 10
2026-08-29 21:52:52 | Epoch 011/060 | loss 3.4216 | cls 2.8669 | tal 0.0841 | dual_g 0.5294 | dual_d 0.8289 | train_acc 0.6304 | train_full n/a | val_acc 0.9459 | val_f1 0.9556 | adv/moduleC 0.27/0.60 | disc_steps 2 | grad(main/disc) 10.033/1.632 | lr(main/disc) 5.50e-05/2.40e-05 | cuda_peak(alloc/resv) 21.77/28.18GB | phase(train/val/raw/train_eval) 3.3/0.5/0.5/0.0s | 4.2s
2026-08-29 21:52:55 | New best val_f1_macro_present: raw=0.9556 stable_score=0.9084 at epoch 11
2026-08-29 21:52:59 | Epoch 012/060 | loss 3.3829 | cls 2.7728 | tal 0.0703 | dual_g 0.5891 | dual_d 0.8209 | train_acc 0.6576 | train_full n/a | val_acc 0.9189 | val_f1 0.9396 | adv/moduleC 0.33/0.70 | disc_steps 2 | grad(main/disc) 9.290/1.575 | lr(main/disc) 5.50e-05/2.40e-05 | cuda_peak(alloc/resv) 21.77/28.18GB | phase(train/val/raw/train_eval) 3.4/0.5/0.5/0.0s | 4.4s
2026-08-29 21:53:02 | New best val_f1_macro_present: raw=0.9396 stable_score=0.9396 at epoch 12
2026-08-29 21:53:06 | Epoch 013/060 | loss 3.2445 | cls 2.5908 | tal 0.0446 | dual_g 0.6403 | dual_d 0.8438 | train_acc 0.6739 | train_full n/a | val_acc 0.9189 | val_f1 0.9396 | adv/moduleC 0.40/0.80 | disc_steps 2 | grad(main/disc) 9.247/1.589 | lr(main/disc) 5.50e-05/2.40e-05 | cuda_peak(alloc/resv) 21.77/28.18GB | phase(train/val/raw/train_eval) 3.1/0.5/0.0/0.0s | 3.5s
2026-08-29 21:53:10 | Epoch 014/060 | loss 3.2235 | cls 2.5261 | tal -0.0218 | dual_g 0.7039 | dual_d 0.8285 | train_acc 0.7228 | train_full n/a | val_acc 0.9189 | val_f1 0.9087 | adv/moduleC 0.47/0.90 | disc_steps 2 | grad(main/disc) 8.946/1.634 | lr(main/disc) 5.50e-05/2.40e-05 | cuda_peak(alloc/resv) 21.77/28.18GB | phase(train/val/raw/train_eval) 3.5/0.5/0.0/0.0s | 4.0s
2026-08-29 21:53:15 | Epoch 015/060 | loss 3.1618 | cls 2.4081 | tal 0.0042 | dual_g 0.7524 | dual_d 0.8614 | train_acc 0.7527 | train_full 0.9318 | val_acc 0.9189 | val_f1 0.9303 | adv/moduleC 0.53/1.00 | disc_steps 2 | grad(main/disc) 9.668/1.628 | lr(main/disc) 5.50e-05/2.40e-05 | cuda_peak(alloc/resv) 21.77/28.18GB | phase(train/val/raw/train_eval) 3.3/0.5/0.5/0.7s | 5.0s
2026-08-29 21:53:18 | Epoch 016/060 | loss 3.0968 | cls 2.3715 | tal 0.0003 | dual_g 0.7253 | dual_d 0.8398 | train_acc 0.7554 | train_full n/a | val_acc 0.9189 | val_f1 0.9261 | adv/moduleC 0.60/1.00 | disc_steps 2 | grad(main/disc) 9.268/1.579 | lr(main/disc) 5.50e-05/2.40e-05 | cuda_peak(alloc/resv) 21.77/28.18GB | phase(train/val/raw/train_eval) 3.2/0.5/0.0/0.0s | 3.7s
2026-08-29 21:53:22 | Epoch 017/060 | loss 3.0111 | cls 2.2817 | tal 0.0133 | dual_g 0.7253 | dual_d 0.8189 | train_acc 0.7582 | train_full n/a | val_acc 0.9730 | val_f1 0.9802 | adv/moduleC 0.67/1.00 | disc_steps 2 | grad(main/disc) 10.086/1.520 | lr(main/disc) 5.50e-05/2.40e-05 | cuda_peak(alloc/resv) 21.77/28.18GB | phase(train/val/raw/train_eval) 3.6/0.5/0.0/0.0s | 4.1s
2026-08-29 21:53:26 | Epoch 018/060 | loss 2.9073 | cls 2.1995 | tal 0.0472 | dual_g 0.6936 | dual_d 0.8154 | train_acc 0.7989 | train_full n/a | val_acc 0.9459 | val_f1 0.9458 | adv/moduleC 0.73/1.00 | disc_steps 2 | grad(main/disc) 9.365/1.463 | lr(main/disc) 5.50e-05/2.40e-05 | cuda_peak(alloc/resv) 21.77/28.18GB | phase(train/val/raw/train_eval) 3.1/0.5/0.0/0.0s | 3.6s
2026-08-29 21:53:30 | Epoch 019/060 | loss 2.8754 | cls 2.1606 | tal 0.0435 | dual_g 0.7018 | dual_d 0.8588 | train_acc 0.8016 | train_full n/a | val_acc 0.9730 | val_f1 0.9776 | adv/moduleC 0.80/1.00 | disc_steps 2 | grad(main/disc) 9.134/1.575 | lr(main/disc) 5.50e-05/2.40e-05 | cuda_peak(alloc/resv) 21.77/28.18GB | phase(train/val/raw/train_eval) 3.3/0.5/0.5/0.0s | 4.2s
2026-08-29 21:53:33 | New best val_f1_macro_present: raw=0.9776 stable_score=0.9458 at epoch 19
2026-08-29 21:53:38 | Epoch 020/060 | loss 2.8376 | cls 2.1088 | tal 0.0496 | dual_g 0.7140 | dual_d 0.7745 | train_acc 0.8370 | train_full 0.9394 | val_acc 0.9730 | val_f1 0.9471 | adv/moduleC 0.87/1.00 | disc_steps 2 | grad(main/disc) 9.301/1.425 | lr(main/disc) 5.50e-05/2.40e-05 | cuda_peak(alloc/resv) 21.77/28.18GB | phase(train/val/raw/train_eval) 3.6/0.5/0.5/0.7s | 5.3s
2026-08-29 21:53:42 | Epoch 021/060 | loss 2.7766 | cls 2.0690 | tal 0.0536 | dual_g 0.6914 | dual_d 0.8000 | train_acc 0.8478 | train_full n/a | val_acc 0.9459 | val_f1 0.9523 | adv/moduleC 0.93/1.00 | disc_steps 2 | grad(main/disc) 9.551/1.481 | lr(main/disc) 5.50e-05/2.40e-05 | cuda_peak(alloc/resv) 21.77/28.18GB | phase(train/val/raw/train_eval) 3.3/0.5/0.5/0.0s | 4.2s
2026-08-29 21:53:45 | New best val_f1_macro_present: raw=0.9523 stable_score=0.9471 at epoch 21
2026-08-29 21:53:49 | Epoch 022/060 | loss 2.6883 | cls 2.0294 | tal 0.0007 | dual_g 0.6586 | dual_d 0.7852 | train_acc 0.8424 | train_full n/a | val_acc 0.9459 | val_f1 0.9616 | adv/moduleC 1.00/1.00 | disc_steps 2 | grad(main/disc) 7.722/1.411 | lr(main/disc) 5.50e-05/2.40e-05 | cuda_peak(alloc/resv) 21.77/28.18GB | phase(train/val/raw/train_eval) 3.8/0.5/0.0/0.0s | 4.2s
2026-08-29 21:53:54 | Epoch 023/060 | loss 2.6472 | cls 1.9897 | tal 0.0153 | dual_g 0.6529 | dual_d 0.8741 | train_acc 0.8587 | train_full n/a | val_acc 0.9730 | val_f1 0.9802 | adv/moduleC 1.00/1.00 | disc_steps 2 | grad(main/disc) 9.734/1.493 | lr(main/disc) 5.50e-05/2.40e-05 | cuda_peak(alloc/resv) 21.77/28.18GB | phase(train/val/raw/train_eval) 3.5/0.5/0.5/0.0s | 4.4s
2026-08-29 21:53:57 | New best val_f1_macro_present: raw=0.9802 stable_score=0.9523 at epoch 23
2026-08-29 21:54:01 | Epoch 024/060 | loss 2.5600 | cls 1.9103 | tal 0.0373 | dual_g 0.6385 | dual_d 0.7916 | train_acc 0.8832 | train_full n/a | val_acc 0.9730 | val_f1 0.9802 | adv/moduleC 1.00/1.00 | disc_steps 2 | grad(main/disc) 8.839/1.382 | lr(main/disc) 5.50e-05/2.40e-05 | cuda_peak(alloc/resv) 21.77/28.18GB | phase(train/val/raw/train_eval) 3.1/0.5/0.5/0.0s | 4.1s
2026-08-29 21:54:03 | New best val_f1_macro_present: raw=0.9802 stable_score=0.9616 at epoch 24
2026-08-29 21:54:09 | Epoch 025/060 | loss 2.5020 | cls 1.8576 | tal 0.0232 | dual_g 0.6375 | dual_d 0.8509 | train_acc 0.9103 | train_full 0.9924 | val_acc 0.9730 | val_f1 0.9802 | adv/moduleC 1.00/1.00 | disc_steps 2 | grad(main/disc) 7.776/1.427 | lr(main/disc) 5.50e-05/2.40e-05 | cuda_peak(alloc/resv) 21.77/28.18GB | phase(train/val/raw/train_eval) 3.3/0.5/0.5/0.7s | 5.0s
2026-08-29 21:54:11 | New best val_f1_macro_present: raw=0.9802 stable_score=0.9802 at epoch 25
2026-08-29 21:54:15 | Epoch 026/060 | loss 2.5193 | cls 1.8920 | tal 0.0386 | dual_g 0.6158 | dual_d 0.8436 | train_acc 0.9130 | train_full n/a | val_acc 0.9730 | val_f1 0.9802 | adv/moduleC 1.00/1.00 | disc_steps 2 | grad(main/disc) 8.352/1.406 | lr(main/disc) 5.50e-05/2.40e-05 | cuda_peak(alloc/resv) 21.77/28.18GB | phase(train/val/raw/train_eval) 3.4/0.5/0.0/0.0s | 3.8s
2026-08-29 21:54:19 | Epoch 027/060 | loss 2.3589 | cls 1.7646 | tal -0.0030 | dual_g 0.5953 | dual_d 0.8471 | train_acc 0.9212 | train_full n/a | val_acc 0.9730 | val_f1 0.9802 | adv/moduleC 1.00/1.00 | disc_steps 2 | grad(main/disc) 7.534/1.375 | lr(main/disc) 5.50e-05/2.40e-05 | cuda_peak(alloc/resv) 21.77/28.18GB | phase(train/val/raw/train_eval) 3.1/0.5/0.0/0.0s | 3.5s
2026-08-29 21:54:22 | Epoch 028/060 | loss 2.3522 | cls 1.7636 | tal -0.0176 | dual_g 0.5939 | dual_d 0.8582 | train_acc 0.9266 | train_full n/a | val_acc 0.9730 | val_f1 0.9802 | adv/moduleC 1.00/1.00 | disc_steps 2 | grad(main/disc) 7.949/1.349 | lr(main/disc) 5.50e-05/2.40e-05 | cuda_peak(alloc/resv) 21.77/28.18GB | phase(train/val/raw/train_eval) 3.3/0.5/0.0/0.0s | 3.8s
2026-08-29 21:54:26 | Epoch 029/060 | loss 2.2973 | cls 1.7234 | tal -0.0221 | dual_g 0.5806 | dual_d 0.8485 | train_acc 0.9321 | train_full n/a | val_acc 0.9730 | val_f1 0.9802 | adv/moduleC 1.00/1.00 | disc_steps 2 | grad(main/disc) 7.920/1.347 | lr(main/disc) 5.50e-05/2.40e-05 | cuda_peak(alloc/resv) 21.77/28.18GB | phase(train/val/raw/train_eval) 3.3/0.5/0.0/0.0s | 3.8s
2026-08-29 21:54:32 | Epoch 030/060 | loss 2.2680 | cls 1.7032 | tal -0.0527 | dual_g 0.5806 | dual_d 0.8571 | train_acc 0.9565 | train_full 0.9924 | val_acc 0.9730 | val_f1 0.9802 | adv/moduleC 1.00/1.00 | disc_steps 2 | grad(main/disc) 7.865/1.377 | lr(main/disc) 5.50e-05/2.40e-05 | cuda_peak(alloc/resv) 21.77/28.18GB | phase(train/val/raw/train_eval) 3.6/0.5/0.5/0.7s | 5.2s
2026-08-29 21:54:36 | Epoch 031/060 | loss 2.2630 | cls 1.6959 | tal -0.0186 | dual_g 0.5727 | dual_d 0.8774 | train_acc 0.9266 | train_full n/a | val_acc 0.9730 | val_f1 0.9802 | adv/moduleC 1.00/1.00 | disc_steps 2 | grad(main/disc) 8.039/1.414 | lr(main/disc) 5.50e-05/2.40e-05 | cuda_peak(alloc/resv) 21.77/28.18GB | phase(train/val/raw/train_eval) 3.6/0.5/0.0/0.0s | 4.0s
2026-08-29 21:54:39 | Epoch 032/060 | loss 2.2481 | cls 1.6887 | tal 0.0038 | dual_g 0.5582 | dual_d 0.8855 | train_acc 0.9266 | train_full n/a | val_acc 0.9730 | val_f1 0.9802 | adv/moduleC 1.00/1.00 | disc_steps 2 | grad(main/disc) 8.085/1.315 | lr(main/disc) 5.50e-05/2.40e-05 | cuda_peak(alloc/resv) 21.77/28.18GB | phase(train/val/raw/train_eval) 3.3/0.5/0.0/0.0s | 3.8s
2026-08-29 21:54:43 | Epoch 033/060 | loss 2.1611 | cls 1.6223 | tal -0.0178 | dual_g 0.5441 | dual_d 0.8746 | train_acc 0.9429 | train_full n/a | val_acc 0.9730 | val_f1 0.9802 | adv/moduleC 1.00/1.00 | disc_steps 2 | grad(main/disc) 6.338/1.355 | lr(main/disc) 5.50e-05/2.40e-05 | cuda_peak(alloc/resv) 21.77/28.18GB | phase(train/val/raw/train_eval) 3.6/0.5/0.0/0.0s | 4.1s
2026-08-29 21:54:47 | Epoch 034/060 | loss 2.1651 | cls 1.6199 | tal -0.0005 | dual_g 0.5454 | dual_d 0.9159 | train_acc 0.9565 | train_full n/a | val_acc 0.9730 | val_f1 0.9802 | adv/moduleC 1.00/1.00 | disc_steps 2 | grad(main/disc) 6.621/1.379 | lr(main/disc) 5.50e-05/2.40e-05 | cuda_peak(alloc/resv) 21.77/28.18GB | phase(train/val/raw/train_eval) 3.6/0.5/0.0/0.0s | 4.1s
2026-08-29 21:54:53 | Epoch 035/060 | loss 2.1271 | cls 1.6043 | tal -0.0426 | dual_g 0.5356 | dual_d 0.8969 | train_acc 0.9402 | train_full 1.0000 | val_acc 0.9730 | val_f1 0.9802 | adv/moduleC 1.00/1.00 | disc_steps 2 | grad(main/disc) 6.128/1.343 | lr(main/disc) 5.50e-05/2.40e-05 | cuda_peak(alloc/resv) 21.77/28.18GB | phase(train/val/raw/train_eval) 3.7/0.5/0.5/0.7s | 5.4s
2026-08-29 21:54:57 | Epoch 036/060 | loss 2.1192 | cls 1.5834 | tal 0.0396 | dual_g 0.5239 | dual_d 0.9186 | train_acc 0.9701 | train_full n/a | val_acc 0.9730 | val_f1 0.9802 | adv/moduleC 1.00/1.00 | disc_steps 2 | grad(main/disc) 6.337/1.356 | lr(main/disc) 5.50e-05/2.40e-05 | cuda_peak(alloc/resv) 21.77/28.18GB | phase(train/val/raw/train_eval) 3.8/0.5/0.0/0.0s | 4.3s
2026-08-29 21:55:01 | Epoch 037/060 | loss 2.1122 | cls 1.5706 | tal 0.0346 | dual_g 0.5313 | dual_d 0.9053 | train_acc 0.9674 | train_full n/a | val_acc 0.9730 | val_f1 0.9802 | adv/moduleC 1.00/1.00 | disc_steps 2 | grad(main/disc) 6.153/1.332 | lr(main/disc) 5.50e-05/2.40e-05 | cuda_peak(alloc/resv) 21.77/28.18GB | phase(train/val/raw/train_eval) 3.3/0.5/0.0/0.0s | 3.8s
2026-08-29 21:55:04 | Epoch 038/060 | loss 2.1473 | cls 1.6196 | tal 0.0054 | dual_g 0.5261 | dual_d 0.9224 | train_acc 0.9402 | train_full n/a | val_acc 0.9730 | val_f1 0.9802 | adv/moduleC 1.00/1.00 | disc_steps 2 | grad(main/disc) 7.848/1.354 | lr(main/disc) 5.50e-05/2.40e-05 | cuda_peak(alloc/resv) 21.77/28.18GB | phase(train/val/raw/train_eval) 3.1/0.5/0.0/0.0s | 3.5s
2026-08-29 21:55:08 | Epoch 039/060 | loss 2.0938 | cls 1.5774 | tal -0.0297 | dual_g 0.5254 | dual_d 0.9008 | train_acc 0.9755 | train_full n/a | val_acc 0.9730 | val_f1 0.9802 | adv/moduleC 1.00/1.00 | disc_steps 2 | grad(main/disc) 7.289/1.297 | lr(main/disc) 2.75e-05/1.20e-05 | cuda_peak(alloc/resv) 21.77/28.18GB | phase(train/val/raw/train_eval) 3.2/0.5/0.0/0.0s | 3.7s
2026-08-29 21:55:13 | Epoch 040/060 | loss 2.0573 | cls 1.5611 | tal -0.0389 | dual_g 0.5078 | dual_d 0.9249 | train_acc 0.9783 | train_full 1.0000 | val_acc 0.9730 | val_f1 0.9802 | adv/moduleC 1.00/1.00 | disc_steps 2 | grad(main/disc) 6.135/1.316 | lr(main/disc) 2.75e-05/1.20e-05 | cuda_peak(alloc/resv) 21.77/28.18GB | phase(train/val/raw/train_eval) 3.2/0.5/0.5/0.7s | 4.8s
2026-08-29 21:55:17 | Epoch 041/060 | loss 2.0653 | cls 1.5526 | tal 0.0000 | dual_g 0.5126 | dual_d 0.9650 | train_acc 0.9755 | train_full n/a | val_acc 0.9730 | val_f1 0.9802 | adv/moduleC 1.00/1.00 | disc_steps 2 | grad(main/disc) 5.978/1.371 | lr(main/disc) 2.75e-05/1.20e-05 | cuda_peak(alloc/resv) 21.77/28.18GB | phase(train/val/raw/train_eval) 3.8/0.5/0.0/0.0s | 4.2s
2026-08-29 21:55:21 | Epoch 042/060 | loss 2.0075 | cls 1.5155 | tal -0.0372 | dual_g 0.5031 | dual_d 0.9273 | train_acc 0.9783 | train_full n/a | val_acc 0.9730 | val_f1 0.9802 | adv/moduleC 1.00/1.00 | disc_steps 2 | grad(main/disc) 5.964/1.307 | lr(main/disc) 2.75e-05/1.20e-05 | cuda_peak(alloc/resv) 21.77/28.18GB | phase(train/val/raw/train_eval) 3.1/0.5/0.0/0.0s | 3.6s
2026-08-29 21:55:25 | Epoch 043/060 | loss 1.9937 | cls 1.5108 | tal -0.0359 | dual_g 0.4937 | dual_d 0.9435 | train_acc 0.9783 | train_full n/a | val_acc 0.9730 | val_f1 0.9802 | adv/moduleC 1.00/1.00 | disc_steps 2 | grad(main/disc) 5.186/1.306 | lr(main/disc) 2.75e-05/1.20e-05 | cuda_peak(alloc/resv) 21.77/28.18GB | phase(train/val/raw/train_eval) 3.4/0.5/0.0/0.0s | 3.8s
2026-08-29 21:55:29 | Epoch 044/060 | loss 1.9802 | cls 1.5063 | tal -0.0467 | dual_g 0.4880 | dual_d 0.9148 | train_acc 0.9891 | train_full n/a | val_acc 0.9730 | val_f1 0.9802 | adv/moduleC 1.00/1.00 | disc_steps 2 | grad(main/disc) 4.519/1.287 | lr(main/disc) 2.75e-05/1.20e-05 | cuda_peak(alloc/resv) 21.77/28.18GB | phase(train/val/raw/train_eval) 3.5/0.5/0.0/0.0s | 4.0s
2026-08-29 21:55:34 | Epoch 045/060 | loss 2.0129 | cls 1.5244 | tal -0.0286 | dual_g 0.4971 | dual_d 0.9294 | train_acc 0.9755 | train_full 1.0000 | val_acc 0.9730 | val_f1 0.9802 | adv/moduleC 1.00/1.00 | disc_steps 2 | grad(main/disc) 5.509/1.305 | lr(main/disc) 2.75e-05/1.20e-05 | cuda_peak(alloc/resv) 21.77/28.18GB | phase(train/val/raw/train_eval) 3.7/0.5/0.5/0.7s | 5.4s
2026-08-29 21:55:34 | Early stopping at epoch 45 after 20 epochs without val_f1_macro_present improvement.
2026-08-29 21:55:34 | Training complete. Peak validation accuracy: 0.9730 | selected val_f1_macro_present: 0.9802
