2026-08-22 13:47:35 | Starting Dual_D standalone training
2026-08-22 13:47:35 | Run directory: runs/module_c_ablation/module_c_no_classification_feedback_雾天_iter03_20260822_082835
2026-08-22 13:47:35 | Device: cuda
2026-08-22 13:47:35 | Source train samples: 992
2026-08-22 13:47:35 | Target train samples: 507
2026-08-22 13:47:35 | Target val samples: 132
2026-08-22 13:47:35 | Classes: 14
2026-08-22 13:47:35 | Data audit: same_dir=False | path_overlap(vis/ir/ais)=0/0/0 | content_overlap(vis/ir/ais)=0/0/0 | ais_index_overlap=0 | stem_mismatch(vis-ir/vis-ais)=630/0
2026-08-22 13:47:35 | source_train classes: present 14/14 | absent 0 | counts [0:120, 1:44, 2:69, 3:45, 4:40, 5:30, 6:64, 7:80, 8:116, 9:68, 10:57, 11:83, 12:48, 13:128]
2026-08-22 13:47:35 | target_train classes: present 9/14 | absent 5 | counts [0:35, 1:18, 2:119, 6:110, 8:25, 9:50, 10:48, 12:9, 13:93]
2026-08-22 13:47:35 | target_val classes: present 9/14 | absent 5 | counts [0:9, 1:5, 2:30, 6:28, 8:7, 9:13, 10:13, 12:3, 13:24]
2026-08-22 13:47:35 | Paired training classes: 9/14 | class ids [0, 1, 2, 6, 8, 9, 10, 12, 13]
2026-08-22 13:47:35 | VIS/IR pairing: class-level-unpaired | count-mismatch classes train/val: 10/2 | AIS alignment: none | AIS rows train/val: 0/0
2026-08-22 13:47:36 | Model parameters: total=17277714 | trainable=17120210
2026-08-22 13:49:06 | Epoch 001/100 | loss 5.4948 | cls 4.9294 | tal -0.1910 | dual_g 0.6226 | dual_d 0.0000 | train_acc 0.1133 | train_full 0.0671 | val_acc 0.0682 | val_f1 0.0156 | grad(main/disc) 19.889/0.000 | lr(main/disc) 7.00e-05/3.50e-05 | 89.9s
2026-08-22 13:49:06 | New best val_f1_macro_present: 0.0156 at epoch 1
2026-08-22 13:50:37 | Epoch 002/100 | loss 4.5950 | cls 4.0217 | tal -0.0829 | dual_g 0.5982 | dual_d 0.0000 | train_acc 0.2148 | train_full 0.2604 | val_acc 0.2500 | val_f1 0.2354 | grad(main/disc) 15.784/0.000 | lr(main/disc) 7.00e-05/3.50e-05 | 90.6s
2026-08-22 13:50:37 | New best val_f1_macro_present: 0.2354 at epoch 2
2026-08-22 13:52:08 | Epoch 003/100 | loss 4.1345 | cls 3.6331 | tal -0.2652 | dual_g 0.5809 | dual_d 0.0000 | train_acc 0.2266 | train_full 0.2525 | val_acc 0.2500 | val_f1 0.2301 | grad(main/disc) 14.406/0.000 | lr(main/disc) 7.00e-05/3.50e-05 | 91.2s
2026-08-22 13:53:38 | Epoch 004/100 | loss 3.7606 | cls 3.2756 | tal -0.2694 | dual_g 0.5658 | dual_d 0.0000 | train_acc 0.3145 | train_full 0.3984 | val_acc 0.3636 | val_f1 0.3601 | grad(main/disc) 13.509/0.000 | lr(main/disc) 7.00e-05/3.50e-05 | 89.9s
2026-08-22 13:53:39 | New best val_f1_macro_present: 0.3601 at epoch 4
2026-08-22 13:55:09 | Epoch 005/100 | loss 3.5868 | cls 3.1126 | tal -0.2531 | dual_g 0.5502 | dual_d 0.0000 | train_acc 0.3164 | train_full 0.4004 | val_acc 0.3485 | val_f1 0.3716 | grad(main/disc) 13.669/0.000 | lr(main/disc) 7.00e-05/3.50e-05 | 89.9s
2026-08-22 13:55:09 | New best val_f1_macro_present: 0.3716 at epoch 5
2026-08-22 13:56:39 | Epoch 006/100 | loss 3.3546 | cls 2.8638 | tal -0.1751 | dual_g 0.5433 | dual_d 0.8278 | train_acc 0.4121 | train_full 0.6627 | val_acc 0.5909 | val_f1 0.5441 | grad(main/disc) 13.399/1.892 | lr(main/disc) 7.00e-05/3.50e-05 | 90.2s
2026-08-22 13:56:40 | New best val_f1_macro_present: 0.5441 at epoch 6
2026-08-22 13:58:09 | Epoch 007/100 | loss 3.1939 | cls 2.6888 | tal -0.1049 | dual_g 0.5365 | dual_d 0.7660 | train_acc 0.4355 | train_full 0.6982 | val_acc 0.6439 | val_f1 0.5589 | grad(main/disc) 13.665/1.787 | lr(main/disc) 7.00e-05/3.50e-05 | 89.7s
2026-08-22 13:58:10 | New best val_f1_macro_present: 0.5589 at epoch 7
2026-08-22 13:59:34 | Epoch 008/100 | loss 2.9616 | cls 2.4945 | tal -0.1943 | dual_g 0.5254 | dual_d 0.7645 | train_acc 0.5195 | train_full 0.6489 | val_acc 0.6136 | val_f1 0.6248 | grad(main/disc) 13.010/1.716 | lr(main/disc) 7.00e-05/3.50e-05 | 84.6s
2026-08-22 13:59:35 | New best val_f1_macro_present: 0.6248 at epoch 8
2026-08-22 14:00:53 | Epoch 009/100 | loss 2.8640 | cls 2.4151 | tal -0.2336 | dual_g 0.5190 | dual_d 0.7519 | train_acc 0.5488 | train_full 0.6706 | val_acc 0.6136 | val_f1 0.6651 | grad(main/disc) 13.911/1.691 | lr(main/disc) 7.00e-05/3.50e-05 | 78.5s
2026-08-22 14:00:53 | New best val_f1_macro_present: 0.6651 at epoch 9
2026-08-22 14:02:14 | Epoch 010/100 | loss 2.6974 | cls 2.2628 | tal -0.2551 | dual_g 0.5111 | dual_d 0.7609 | train_acc 0.6543 | train_full 0.7673 | val_acc 0.7273 | val_f1 0.7423 | grad(main/disc) 13.109/1.623 | lr(main/disc) 7.00e-05/3.50e-05 | 80.4s
2026-08-22 14:02:14 | New best val_f1_macro_present: 0.7423 at epoch 10
2026-08-22 14:03:34 | Epoch 011/100 | loss 2.5865 | cls 2.1492 | tal -0.2264 | dual_g 0.5052 | dual_d 0.7806 | train_acc 0.6758 | train_full 0.8126 | val_acc 0.7576 | val_f1 0.7674 | grad(main/disc) 12.838/1.668 | lr(main/disc) 7.00e-05/3.50e-05 | 80.2s
2026-08-22 14:03:35 | New best val_f1_macro_present: 0.7674 at epoch 11
2026-08-22 14:04:51 | Epoch 012/100 | loss 2.4320 | cls 1.9691 | tal -0.1251 | dual_g 0.5004 | dual_d 0.7963 | train_acc 0.7461 | train_full 0.8028 | val_acc 0.7273 | val_f1 0.7276 | grad(main/disc) 11.992/1.700 | lr(main/disc) 7.00e-05/3.50e-05 | 76.1s
2026-08-22 14:06:11 | Epoch 013/100 | loss 2.4102 | cls 1.9679 | tal -0.1840 | dual_g 0.4975 | dual_d 0.8002 | train_acc 0.7344 | train_full 0.9152 | val_acc 0.8485 | val_f1 0.8567 | grad(main/disc) 12.715/1.631 | lr(main/disc) 7.00e-05/3.50e-05 | 80.2s
2026-08-22 14:06:11 | New best val_f1_macro_present: 0.8567 at epoch 13
2026-08-22 14:07:32 | Epoch 014/100 | loss 2.2699 | cls 1.8303 | tal -0.1480 | dual_g 0.4840 | dual_d 0.7998 | train_acc 0.7773 | train_full 0.9112 | val_acc 0.8788 | val_f1 0.8729 | grad(main/disc) 11.562/1.578 | lr(main/disc) 7.00e-05/3.50e-05 | 80.7s
2026-08-22 14:07:32 | New best val_f1_macro_present: 0.8729 at epoch 14
2026-08-22 14:08:49 | Epoch 015/100 | loss 2.2118 | cls 1.7871 | tal -0.1741 | dual_g 0.4770 | dual_d 0.8234 | train_acc 0.8027 | train_full 0.9112 | val_acc 0.8636 | val_f1 0.8559 | grad(main/disc) 11.239/1.542 | lr(main/disc) 7.00e-05/3.50e-05 | 76.1s
2026-08-22 14:10:07 | Epoch 016/100 | loss 2.1658 | cls 1.7507 | tal -0.1715 | dual_g 0.4665 | dual_d 0.8683 | train_acc 0.8086 | train_full 0.9408 | val_acc 0.8864 | val_f1 0.8966 | grad(main/disc) 10.894/1.607 | lr(main/disc) 7.00e-05/3.50e-05 | 78.5s
2026-08-22 14:10:07 | New best val_f1_macro_present: 0.8966 at epoch 16
2026-08-22 14:11:28 | Epoch 017/100 | loss 2.1015 | cls 1.6778 | tal -0.1169 | dual_g 0.4588 | dual_d 0.8391 | train_acc 0.8359 | train_full 0.9211 | val_acc 0.8485 | val_f1 0.8352 | grad(main/disc) 10.676/1.505 | lr(main/disc) 7.00e-05/3.50e-05 | 80.5s
2026-08-22 14:12:45 | Epoch 018/100 | loss 2.0475 | cls 1.6358 | tal -0.1259 | dual_g 0.4495 | dual_d 0.8722 | train_acc 0.8633 | train_full 0.9586 | val_acc 0.9091 | val_f1 0.9151 | grad(main/disc) 10.536/1.512 | lr(main/disc) 7.00e-05/3.50e-05 | 77.4s
2026-08-22 14:12:46 | New best val_f1_macro_present: 0.9151 at epoch 18
2026-08-22 14:14:04 | Epoch 019/100 | loss 2.0197 | cls 1.6144 | tal -0.1143 | dual_g 0.4396 | dual_d 0.8930 | train_acc 0.8594 | train_full 0.9191 | val_acc 0.8864 | val_f1 0.8922 | grad(main/disc) 9.794/1.534 | lr(main/disc) 7.00e-05/3.50e-05 | 78.8s
2026-08-22 14:15:20 | Epoch 020/100 | loss 1.9666 | cls 1.5580 | tal -0.0821 | dual_g 0.4332 | dual_d 0.8936 | train_acc 0.8730 | train_full 0.9290 | val_acc 0.8636 | val_f1 0.8614 | grad(main/disc) 8.945/1.500 | lr(main/disc) 7.00e-05/3.50e-05 | 75.5s
2026-08-22 14:16:37 | Epoch 021/100 | loss 1.8925 | cls 1.4976 | tal -0.0778 | dual_g 0.4182 | dual_d 0.8852 | train_acc 0.9238 | train_full 0.9487 | val_acc 0.8939 | val_f1 0.8843 | grad(main/disc) 8.180/1.461 | lr(main/disc) 7.00e-05/3.50e-05 | 76.6s
2026-08-22 14:17:56 | Epoch 022/100 | loss 1.9369 | cls 1.5325 | tal -0.0479 | dual_g 0.4188 | dual_d 0.9289 | train_acc 0.9160 | train_full 0.9645 | val_acc 0.9167 | val_f1 0.9105 | grad(main/disc) 9.474/1.458 | lr(main/disc) 7.00e-05/3.50e-05 | 79.2s
2026-08-22 14:19:13 | Epoch 023/100 | loss 1.9128 | cls 1.5000 | tal -0.0024 | dual_g 0.4136 | dual_d 0.9623 | train_acc 0.9355 | train_full 0.9507 | val_acc 0.8864 | val_f1 0.8848 | grad(main/disc) 8.263/1.492 | lr(main/disc) 7.00e-05/3.50e-05 | 76.9s
2026-08-22 14:20:33 | Epoch 024/100 | loss 1.8414 | cls 1.4661 | tal -0.0902 | dual_g 0.4023 | dual_d 0.9465 | train_acc 0.9258 | train_full 0.9625 | val_acc 0.9242 | val_f1 0.9331 | grad(main/disc) 7.876/1.427 | lr(main/disc) 7.00e-05/3.50e-05 | 80.7s
2026-08-22 14:20:34 | New best val_f1_macro_present: 0.9331 at epoch 24
2026-08-22 14:21:49 | Epoch 025/100 | loss 1.8177 | cls 1.4400 | tal -0.0863 | dual_g 0.4036 | dual_d 0.9874 | train_acc 0.9453 | train_full 0.9704 | val_acc 0.9318 | val_f1 0.9316 | grad(main/disc) 7.124/1.495 | lr(main/disc) 7.00e-05/3.50e-05 | 75.0s
2026-08-22 14:23:08 | Epoch 026/100 | loss 1.7799 | cls 1.4224 | tal -0.0983 | dual_g 0.3871 | dual_d 1.0185 | train_acc 0.9395 | train_full 0.9566 | val_acc 0.9242 | val_f1 0.9221 | grad(main/disc) 6.917/1.467 | lr(main/disc) 7.00e-05/3.50e-05 | 79.6s
2026-08-22 14:24:24 | Epoch 027/100 | loss 1.7471 | cls 1.4015 | tal -0.1477 | dual_g 0.3899 | dual_d 1.0069 | train_acc 0.9609 | train_full 0.9882 | val_acc 0.9394 | val_f1 0.9473 | grad(main/disc) 6.848/1.460 | lr(main/disc) 7.00e-05/3.50e-05 | 75.6s
2026-08-22 14:24:24 | New best val_f1_macro_present: 0.9473 at epoch 27
2026-08-22 14:25:43 | Epoch 028/100 | loss 1.7988 | cls 1.4425 | tal -0.0920 | dual_g 0.3838 | dual_d 0.9486 | train_acc 0.9531 | train_full 0.9724 | val_acc 0.9394 | val_f1 0.9460 | grad(main/disc) 7.637/1.445 | lr(main/disc) 7.00e-05/3.50e-05 | 79.2s
2026-08-22 14:27:05 | Epoch 029/100 | loss 1.7371 | cls 1.3848 | tal -0.0754 | dual_g 0.3749 | dual_d 0.9762 | train_acc 0.9785 | train_full 0.9842 | val_acc 0.9545 | val_f1 0.9587 | grad(main/disc) 6.550/1.381 | lr(main/disc) 7.00e-05/3.50e-05 | 81.1s
2026-08-22 14:27:05 | New best val_f1_macro_present: 0.9587 at epoch 29
2026-08-22 14:28:20 | Epoch 030/100 | loss 1.7099 | cls 1.3711 | tal -0.1054 | dual_g 0.3704 | dual_d 1.0348 | train_acc 0.9629 | train_full 0.9645 | val_acc 0.9318 | val_f1 0.9355 | grad(main/disc) 6.286/1.505 | lr(main/disc) 7.00e-05/3.50e-05 | 75.3s
2026-08-22 14:29:38 | Epoch 031/100 | loss 1.7184 | cls 1.4004 | tal -0.1303 | dual_g 0.3571 | dual_d 1.0078 | train_acc 0.9590 | train_full 0.9744 | val_acc 0.9318 | val_f1 0.9145 | grad(main/disc) 6.741/1.419 | lr(main/disc) 7.00e-05/3.50e-05 | 77.9s
2026-08-22 14:30:55 | Epoch 032/100 | loss 1.6444 | cls 1.3414 | tal -0.1541 | dual_g 0.3492 | dual_d 1.0091 | train_acc 0.9707 | train_full 0.9862 | val_acc 0.9545 | val_f1 0.9465 | grad(main/disc) 5.322/1.401 | lr(main/disc) 7.00e-05/3.50e-05 | 76.6s
2026-08-22 14:32:12 | Epoch 033/100 | loss 1.6542 | cls 1.3536 | tal -0.1459 | dual_g 0.3444 | dual_d 0.9888 | train_acc 0.9648 | train_full 0.9704 | val_acc 0.9242 | val_f1 0.9304 | grad(main/disc) 5.300/1.382 | lr(main/disc) 7.00e-05/3.50e-05 | 77.4s
2026-08-22 14:33:30 | Epoch 034/100 | loss 1.6244 | cls 1.3310 | tal -0.1396 | dual_g 0.3352 | dual_d 1.0094 | train_acc 0.9668 | train_full 0.9862 | val_acc 0.9318 | val_f1 0.9282 | grad(main/disc) 5.252/1.386 | lr(main/disc) 7.00e-05/3.50e-05 | 77.7s
2026-08-22 14:34:48 | Epoch 035/100 | loss 1.6330 | cls 1.3470 | tal -0.1469 | dual_g 0.3301 | dual_d 0.9959 | train_acc 0.9668 | train_full 0.9882 | val_acc 0.9621 | val_f1 0.9648 | grad(main/disc) 5.654/1.351 | lr(main/disc) 7.00e-05/3.50e-05 | 78.5s
2026-08-22 14:34:49 | New best val_f1_macro_present: 0.9648 at epoch 35
2026-08-22 14:36:08 | Epoch 036/100 | loss 1.5913 | cls 1.3158 | tal -0.1658 | dual_g 0.3253 | dual_d 0.9979 | train_acc 0.9766 | train_full 0.9921 | val_acc 0.9470 | val_f1 0.9463 | grad(main/disc) 4.667/1.338 | lr(main/disc) 7.00e-05/3.50e-05 | 79.9s
2026-08-22 14:37:29 | Epoch 037/100 | loss 1.5825 | cls 1.3009 | tal -0.1297 | dual_g 0.3205 | dual_d 0.9898 | train_acc 0.9922 | train_full 0.9901 | val_acc 0.9621 | val_f1 0.9670 | grad(main/disc) 4.386/1.320 | lr(main/disc) 7.00e-05/3.50e-05 | 80.2s
2026-08-22 14:37:29 | New best val_f1_macro_present: 0.9670 at epoch 37
2026-08-22 14:38:47 | Epoch 038/100 | loss 1.5480 | cls 1.2886 | tal -0.1812 | dual_g 0.3137 | dual_d 0.9824 | train_acc 0.9766 | train_full 0.9961 | val_acc 0.9545 | val_f1 0.9521 | grad(main/disc) 3.674/1.326 | lr(main/disc) 7.00e-05/3.50e-05 | 78.5s
2026-08-22 14:40:06 | Epoch 039/100 | loss 1.5795 | cls 1.3132 | tal -0.1661 | dual_g 0.3162 | dual_d 0.9350 | train_acc 0.9727 | train_full 0.9961 | val_acc 0.9545 | val_f1 0.9610 | grad(main/disc) 4.687/1.272 | lr(main/disc) 7.00e-05/3.50e-05 | 78.4s
2026-08-22 14:41:23 | Epoch 040/100 | loss 1.5690 | cls 1.3058 | tal -0.1630 | dual_g 0.3121 | dual_d 0.9566 | train_acc 0.9785 | train_full 0.9961 | val_acc 0.9621 | val_f1 0.9668 | grad(main/disc) 4.552/1.271 | lr(main/disc) 7.00e-05/3.50e-05 | 77.1s
2026-08-22 14:42:42 | Epoch 041/100 | loss 1.5089 | cls 1.2769 | tal -0.2379 | dual_g 0.3034 | dual_d 0.9452 | train_acc 0.9941 | train_full 0.9842 | val_acc 0.9470 | val_f1 0.9452 | grad(main/disc) 3.531/1.249 | lr(main/disc) 7.00e-05/3.50e-05 | 79.1s
2026-08-22 14:44:01 | Epoch 042/100 | loss 1.5310 | cls 1.2865 | tal -0.1687 | dual_g 0.2950 | dual_d 0.9635 | train_acc 0.9824 | train_full 0.9803 | val_acc 0.9470 | val_f1 0.9282 | grad(main/disc) 4.155/1.273 | lr(main/disc) 7.00e-05/3.50e-05 | 78.8s
2026-08-22 14:45:22 | Epoch 043/100 | loss 1.5278 | cls 1.2827 | tal -0.1719 | dual_g 0.2967 | dual_d 0.9493 | train_acc 0.9863 | train_full 0.9901 | val_acc 0.9545 | val_f1 0.9521 | grad(main/disc) 4.086/1.256 | lr(main/disc) 7.00e-05/3.50e-05 | 81.2s
2026-08-22 14:46:50 | Epoch 044/100 | loss 1.5100 | cls 1.2669 | tal -0.1831 | dual_g 0.2981 | dual_d 0.9693 | train_acc 0.9922 | train_full 0.9961 | val_acc 0.9470 | val_f1 0.9423 | grad(main/disc) 3.570/1.293 | lr(main/disc) 3.50e-05/1.75e-05 | 87.5s
2026-08-22 14:48:12 | Epoch 045/100 | loss 1.4766 | cls 1.2632 | tal -0.2860 | dual_g 0.2992 | dual_d 0.9444 | train_acc 0.9863 | train_full 0.9961 | val_acc 0.9697 | val_f1 0.9728 | grad(main/disc) 3.788/1.248 | lr(main/disc) 3.50e-05/1.75e-05 | 82.4s
2026-08-22 14:48:12 | New best val_f1_macro_present: 0.9728 at epoch 45
2026-08-22 14:49:39 | Epoch 046/100 | loss 1.4741 | cls 1.2611 | tal -0.2799 | dual_g 0.2970 | dual_d 0.9117 | train_acc 0.9902 | train_full 0.9980 | val_acc 0.9621 | val_f1 0.9673 | grad(main/disc) 3.731/1.203 | lr(main/disc) 3.50e-05/1.75e-05 | 86.1s
2026-08-22 14:51:05 | Epoch 047/100 | loss 1.4691 | cls 1.2554 | tal -0.2467 | dual_g 0.2877 | dual_d 0.9371 | train_acc 0.9844 | train_full 1.0000 | val_acc 0.9621 | val_f1 0.9643 | grad(main/disc) 3.239/1.223 | lr(main/disc) 3.50e-05/1.75e-05 | 86.8s
2026-08-22 14:52:27 | Epoch 048/100 | loss 1.4856 | cls 1.2530 | tal -0.1792 | dual_g 0.2863 | dual_d 0.9478 | train_acc 0.9941 | train_full 1.0000 | val_acc 0.9621 | val_f1 0.9590 | grad(main/disc) 3.227/1.216 | lr(main/disc) 3.50e-05/1.75e-05 | 81.2s
2026-08-22 14:53:45 | Epoch 049/100 | loss 1.4878 | cls 1.2553 | tal -0.1726 | dual_g 0.2843 | dual_d 0.9533 | train_acc 0.9883 | train_full 1.0000 | val_acc 0.9621 | val_f1 0.9642 | grad(main/disc) 3.490/1.239 | lr(main/disc) 3.50e-05/1.75e-05 | 78.7s
2026-08-22 14:55:06 | Epoch 050/100 | loss 1.4696 | cls 1.2592 | tal -0.2421 | dual_g 0.2830 | dual_d 0.9238 | train_acc 0.9961 | train_full 1.0000 | val_acc 0.9697 | val_f1 0.9725 | grad(main/disc) 3.388/1.175 | lr(main/disc) 3.50e-05/1.75e-05 | 81.2s
2026-08-22 14:56:26 | Epoch 051/100 | loss 1.4750 | cls 1.2525 | tal -0.1997 | dual_g 0.2824 | dual_d 0.9369 | train_acc 0.9883 | train_full 1.0000 | val_acc 0.9773 | val_f1 0.9771 | grad(main/disc) 3.196/1.195 | lr(main/disc) 3.50e-05/1.75e-05 | 79.4s
2026-08-22 14:56:26 | New best val_f1_macro_present: 0.9771 at epoch 51
2026-08-22 14:57:42 | Epoch 052/100 | loss 1.4874 | cls 1.2571 | tal -0.1655 | dual_g 0.2800 | dual_d 0.9177 | train_acc 0.9941 | train_full 1.0000 | val_acc 0.9773 | val_f1 0.9771 | grad(main/disc) 3.618/1.150 | lr(main/disc) 3.50e-05/1.75e-05 | 75.8s
2026-08-22 14:59:03 | Epoch 053/100 | loss 1.4600 | cls 1.2418 | tal -0.1900 | dual_g 0.2752 | dual_d 0.9039 | train_acc 0.9980 | train_full 1.0000 | val_acc 0.9773 | val_f1 0.9768 | grad(main/disc) 3.069/1.132 | lr(main/disc) 3.50e-05/1.75e-05 | 80.9s
2026-08-22 15:00:24 | Epoch 054/100 | loss 1.4661 | cls 1.2443 | tal -0.2070 | dual_g 0.2840 | dual_d 0.9193 | train_acc 0.9961 | train_full 1.0000 | val_acc 0.9545 | val_f1 0.9522 | grad(main/disc) 3.086/1.145 | lr(main/disc) 3.50e-05/1.75e-05 | 81.1s
2026-08-22 15:01:45 | Epoch 055/100 | loss 1.4823 | cls 1.2497 | tal -0.1795 | dual_g 0.2864 | dual_d 0.9211 | train_acc 0.9883 | train_full 1.0000 | val_acc 0.9621 | val_f1 0.9610 | grad(main/disc) 3.353/1.154 | lr(main/disc) 3.50e-05/1.75e-05 | 80.9s
2026-08-22 15:03:03 | Epoch 056/100 | loss 1.4689 | cls 1.2361 | tal -0.1714 | dual_g 0.2842 | dual_d 0.9173 | train_acc 0.9961 | train_full 1.0000 | val_acc 0.9621 | val_f1 0.9610 | grad(main/disc) 2.911/1.150 | lr(main/disc) 3.50e-05/1.75e-05 | 77.6s
2026-08-22 15:04:22 | Epoch 057/100 | loss 1.4675 | cls 1.2328 | tal -0.1522 | dual_g 0.2804 | dual_d 0.9272 | train_acc 0.9941 | train_full 1.0000 | val_acc 0.9697 | val_f1 0.9670 | grad(main/disc) 2.977/1.162 | lr(main/disc) 3.50e-05/1.75e-05 | 79.4s
2026-08-22 15:05:40 | Epoch 058/100 | loss 1.4835 | cls 1.2444 | tal -0.1560 | dual_g 0.2859 | dual_d 0.9046 | train_acc 0.9961 | train_full 1.0000 | val_acc 0.9773 | val_f1 0.9771 | grad(main/disc) 3.215/1.112 | lr(main/disc) 1.75e-05/8.75e-06 | 78.6s
2026-08-22 15:07:00 | Epoch 059/100 | loss 1.4773 | cls 1.2593 | tal -0.2274 | dual_g 0.2862 | dual_d 0.8603 | train_acc 0.9961 | train_full 1.0000 | val_acc 0.9773 | val_f1 0.9745 | grad(main/disc) 3.452/1.109 | lr(main/disc) 1.75e-05/8.75e-06 | 79.9s
2026-08-22 15:08:22 | Epoch 060/100 | loss 1.4520 | cls 1.2347 | tal -0.2163 | dual_g 0.2821 | dual_d 0.8787 | train_acc 0.9922 | train_full 1.0000 | val_acc 0.9848 | val_f1 0.9830 | grad(main/disc) 3.150/1.104 | lr(main/disc) 1.75e-05/8.75e-06 | 81.4s
2026-08-22 15:08:22 | New best val_f1_macro_present: 0.9830 at epoch 60
2026-08-22 15:09:41 | Epoch 061/100 | loss 1.4675 | cls 1.2454 | tal -0.1845 | dual_g 0.2775 | dual_d 0.9208 | train_acc 0.9941 | train_full 1.0000 | val_acc 0.9773 | val_f1 0.9788 | grad(main/disc) 3.337/1.119 | lr(main/disc) 1.75e-05/8.75e-06 | 79.2s
2026-08-22 15:11:00 | Epoch 062/100 | loss 1.4385 | cls 1.2297 | tal -0.2162 | dual_g 0.2737 | dual_d 0.9118 | train_acc 0.9941 | train_full 1.0000 | val_acc 0.9621 | val_f1 0.9651 | grad(main/disc) 2.759/1.165 | lr(main/disc) 1.75e-05/8.75e-06 | 79.1s
2026-08-22 15:12:18 | Epoch 063/100 | loss 1.4224 | cls 1.2198 | tal -0.2328 | dual_g 0.2724 | dual_d 0.8882 | train_acc 0.9980 | train_full 0.9980 | val_acc 0.9621 | val_f1 0.9673 | grad(main/disc) 2.606/1.094 | lr(main/disc) 1.75e-05/8.75e-06 | 77.3s
2026-08-22 15:13:38 | Epoch 064/100 | loss 1.4250 | cls 1.2253 | tal -0.2302 | dual_g 0.2687 | dual_d 0.9044 | train_acc 0.9941 | train_full 1.0000 | val_acc 0.9697 | val_f1 0.9728 | grad(main/disc) 2.776/1.115 | lr(main/disc) 1.75e-05/8.75e-06 | 80.4s
2026-08-22 15:14:58 | Epoch 065/100 | loss 1.4148 | cls 1.2272 | tal -0.2782 | dual_g 0.2711 | dual_d 0.9020 | train_acc 0.9961 | train_full 1.0000 | val_acc 0.9621 | val_f1 0.9673 | grad(main/disc) 3.169/1.108 | lr(main/disc) 1.75e-05/8.75e-06 | 80.0s
2026-08-22 15:16:18 | Epoch 066/100 | loss 1.4449 | cls 1.2330 | tal -0.2022 | dual_g 0.2726 | dual_d 0.9156 | train_acc 0.9941 | train_full 1.0000 | val_acc 0.9621 | val_f1 0.9643 | grad(main/disc) 3.109/1.115 | lr(main/disc) 1.75e-05/8.75e-06 | 79.5s
2026-08-22 15:17:35 | Epoch 067/100 | loss 1.4268 | cls 1.2178 | tal -0.2145 | dual_g 0.2734 | dual_d 0.8974 | train_acc 1.0000 | train_full 1.0000 | val_acc 0.9697 | val_f1 0.9686 | grad(main/disc) 2.625/1.090 | lr(main/disc) 8.75e-06/4.37e-06 | 77.3s
2026-08-22 15:18:54 | Epoch 068/100 | loss 1.4452 | cls 1.2352 | tal -0.2054 | dual_g 0.2716 | dual_d 0.9182 | train_acc 0.9922 | train_full 1.0000 | val_acc 0.9697 | val_f1 0.9728 | grad(main/disc) 2.947/1.133 | lr(main/disc) 8.75e-06/4.37e-06 | 79.0s
2026-08-22 15:20:11 | Epoch 069/100 | loss 1.4373 | cls 1.2310 | tal -0.2212 | dual_g 0.2726 | dual_d 0.8821 | train_acc 0.9980 | train_full 1.0000 | val_acc 0.9697 | val_f1 0.9728 | grad(main/disc) 2.893/1.118 | lr(main/disc) 8.75e-06/4.37e-06 | 76.8s
2026-08-22 15:20:11 | Early stopping at epoch 69 after 9 epochs without val_f1_macro_present improvement.
2026-08-22 15:20:11 | Training complete. Best validation accuracy: 0.9848 | best val_f1_macro_present: 0.9830
