2026-08-11 17:33:13 | Starting Dual_D standalone training
2026-08-11 17:33:13 | Run directory: runs/dual_d_黑天_iter01_20260811_173313
2026-08-11 17:33:13 | Device: cuda
2026-08-11 17:33:13 | Source train samples: 760
2026-08-11 17:33:13 | Target train samples: 465
2026-08-11 17:33:13 | Target val samples: 120
2026-08-11 17:33:13 | Classes: 14
2026-08-11 17:33:14 | Data audit: same_dir=False | path_overlap(vis/ir/ais)=0/0/0 | content_overlap(vis/ir/ais)=0/0/0 | stem_mismatch(vis-ir/vis-ais)=493/0
2026-08-11 17:33:14 | source_train classes: present 14/14 | absent 0 | counts [0:120, 1:43, 2:47, 3:40, 4:40, 5:30, 6:52, 7:52, 8:58, 9:53, 10:53, 11:83, 12:44, 13:45]
2026-08-11 17:33:14 | target_train classes: present 8/14 | absent 6 | counts [0:100, 2:11, 3:16, 6:89, 9:162, 10:12, 11:44, 13:31]
2026-08-11 17:33:14 | target_val classes: present 8/14 | absent 6 | counts [0:26, 2:3, 3:5, 6:23, 9:41, 10:3, 11:11, 13:8]
2026-08-11 17:33:14 | Paired training classes: 8/14 | class ids [0, 2, 3, 6, 9, 10, 11, 13]
2026-08-11 17:33:14 | Model parameters: total=17517458 | trainable=17517458
2026-08-11 17:34:17 | Epoch 001/100 | loss 9.4060 | cls 4.4213 | tal -0.2327 | dual_g 5.0546 | dual_d 0.0000 | train_acc 0.3460 | train_full 0.0237 | val_acc 0.0250 | val_f1 0.0061 | grad(main/disc) 27.265/0.000 | lr(main/disc) 5.00e-04/5.00e-04 | 63.1s
2026-08-11 17:34:17 | New best val_f1_macro_present: 0.0061 at epoch 1
2026-08-11 17:34:28 | Epoch 002/100 | loss 6.5395 | cls 2.9620 | tal -0.2296 | dual_g 3.6464 | dual_d 0.0000 | train_acc 0.6763 | train_full 0.3118 | val_acc 0.3583 | val_f1 0.4072 | grad(main/disc) 19.076/0.000 | lr(main/disc) 5.00e-04/5.00e-04 | 10.9s
2026-08-11 17:34:28 | New best val_f1_macro_present: 0.4072 at epoch 2
2026-08-11 17:34:39 | Epoch 003/100 | loss 5.5615 | cls 2.5328 | tal -0.1905 | dual_g 3.0859 | dual_d 0.0000 | train_acc 0.7634 | train_full 0.6516 | val_acc 0.6250 | val_f1 0.6082 | grad(main/disc) 17.666/0.000 | lr(main/disc) 5.00e-04/5.00e-04 | 10.9s
2026-08-11 17:34:39 | New best val_f1_macro_present: 0.6082 at epoch 3
2026-08-11 17:34:50 | Epoch 004/100 | loss 4.9714 | cls 2.2420 | tal -0.1126 | dual_g 2.7632 | dual_d 0.0000 | train_acc 0.8371 | train_full 0.6366 | val_acc 0.6583 | val_f1 0.6421 | grad(main/disc) 18.074/0.000 | lr(main/disc) 5.00e-04/5.00e-04 | 10.8s
2026-08-11 17:34:51 | New best val_f1_macro_present: 0.6421 at epoch 4
2026-08-11 17:35:02 | Epoch 005/100 | loss 4.5611 | cls 2.0258 | tal -0.1108 | dual_g 2.5685 | dual_d 0.0000 | train_acc 0.8371 | train_full 0.5677 | val_acc 0.5750 | val_f1 0.4998 | grad(main/disc) 15.738/0.000 | lr(main/disc) 5.00e-04/5.00e-04 | 11.2s
2026-08-11 17:35:14 | Epoch 006/100 | loss 4.2870 | cls 1.9279 | tal -0.1875 | dual_g 2.4153 | dual_d 0.4313 | train_acc 0.8750 | train_full 0.6860 | val_acc 0.6333 | val_f1 0.5543 | grad(main/disc) 16.321/1.315 | lr(main/disc) 5.00e-04/5.00e-04 | 11.6s
2026-08-11 17:35:25 | Epoch 007/100 | loss 4.2775 | cls 1.9040 | tal -0.2581 | dual_g 2.4509 | dual_d 0.1744 | train_acc 0.8616 | train_full 0.6559 | val_acc 0.6333 | val_f1 0.5979 | grad(main/disc) 18.101/0.661 | lr(main/disc) 5.00e-04/5.00e-04 | 10.9s
2026-08-11 17:35:35 | Epoch 008/100 | loss 4.0937 | cls 1.7871 | tal -0.1108 | dual_g 2.3398 | dual_d 0.2104 | train_acc 0.9129 | train_full 0.6172 | val_acc 0.6250 | val_f1 0.5256 | grad(main/disc) 15.776/0.831 | lr(main/disc) 5.00e-04/5.00e-04 | 10.1s
2026-08-11 17:35:46 | Epoch 009/100 | loss 4.1901 | cls 1.8603 | tal -0.0622 | dual_g 2.3485 | dual_d 0.6638 | train_acc 0.8906 | train_full 0.6968 | val_acc 0.7083 | val_f1 0.6173 | grad(main/disc) 16.046/1.921 | lr(main/disc) 5.00e-04/5.00e-04 | 10.8s
2026-08-11 17:35:58 | Epoch 010/100 | loss 3.8407 | cls 1.7234 | tal -0.1787 | dual_g 2.1708 | dual_d 1.3494 | train_acc 0.9241 | train_full 0.6989 | val_acc 0.6583 | val_f1 0.6463 | grad(main/disc) 14.436/3.214 | lr(main/disc) 5.00e-04/5.00e-04 | 12.3s
2026-08-11 17:35:59 | New best val_f1_macro_present: 0.6463 at epoch 10
2026-08-11 17:36:11 | Epoch 011/100 | loss 3.6945 | cls 1.6672 | tal -0.2757 | dual_g 2.1100 | dual_d 1.3247 | train_acc 0.9420 | train_full 0.7419 | val_acc 0.7583 | val_f1 0.7193 | grad(main/disc) 14.509/3.022 | lr(main/disc) 5.00e-04/5.00e-04 | 12.3s
2026-08-11 17:36:11 | New best val_f1_macro_present: 0.7193 at epoch 11
2026-08-11 17:36:23 | Epoch 012/100 | loss 3.6094 | cls 1.6420 | tal -0.4247 | dual_g 2.0948 | dual_d 0.9928 | train_acc 0.9308 | train_full 0.7247 | val_acc 0.7083 | val_f1 0.6974 | grad(main/disc) 16.841/2.504 | lr(main/disc) 5.00e-04/5.00e-04 | 12.2s
2026-08-11 17:36:36 | Epoch 013/100 | loss 3.5467 | cls 1.5829 | tal -0.4269 | dual_g 2.0918 | dual_d 0.8969 | train_acc 0.9509 | train_full 0.7677 | val_acc 0.7417 | val_f1 0.7153 | grad(main/disc) 15.937/2.264 | lr(main/disc) 5.00e-04/5.00e-04 | 12.0s
2026-08-11 17:36:48 | Epoch 014/100 | loss 3.3557 | cls 1.5043 | tal -0.3791 | dual_g 1.9651 | dual_d 1.3144 | train_acc 0.9621 | train_full 0.8151 | val_acc 0.8083 | val_f1 0.7889 | grad(main/disc) 13.155/2.804 | lr(main/disc) 5.00e-04/5.00e-04 | 12.2s
2026-08-11 17:36:48 | New best val_f1_macro_present: 0.7889 at epoch 14
2026-08-11 17:37:01 | Epoch 015/100 | loss 3.3863 | cls 1.5280 | tal -0.3368 | dual_g 1.9593 | dual_d 1.1737 | train_acc 0.9688 | train_full 0.8280 | val_acc 0.8417 | val_f1 0.8309 | grad(main/disc) 12.656/2.434 | lr(main/disc) 5.00e-04/5.00e-04 | 12.7s
2026-08-11 17:37:01 | New best val_f1_macro_present: 0.8309 at epoch 15
2026-08-11 17:37:14 | Epoch 016/100 | loss 3.3594 | cls 1.5019 | tal -0.3915 | dual_g 1.9749 | dual_d 1.1469 | train_acc 0.9442 | train_full 0.7613 | val_acc 0.7500 | val_f1 0.6562 | grad(main/disc) 12.963/2.221 | lr(main/disc) 5.00e-04/5.00e-04 | 12.8s
2026-08-11 17:37:27 | Epoch 017/100 | loss 3.2226 | cls 1.4313 | tal -0.4213 | dual_g 1.9176 | dual_d 1.0966 | train_acc 0.9799 | train_full 0.8129 | val_acc 0.8000 | val_f1 0.7582 | grad(main/disc) 11.682/2.066 | lr(main/disc) 5.00e-04/5.00e-04 | 12.6s
2026-08-11 17:37:39 | Epoch 018/100 | loss 3.3094 | cls 1.4662 | tal -0.3893 | dual_g 1.9600 | dual_d 1.0708 | train_acc 0.9464 | train_full 0.8022 | val_acc 0.8167 | val_f1 0.7598 | grad(main/disc) 14.180/1.853 | lr(main/disc) 5.00e-04/5.00e-04 | 12.1s
2026-08-11 17:37:51 | Epoch 019/100 | loss 3.1836 | cls 1.3984 | tal -0.2914 | dual_g 1.8726 | dual_d 0.9351 | train_acc 0.9665 | train_full 0.8258 | val_acc 0.8000 | val_f1 0.7607 | grad(main/disc) 12.417/1.575 | lr(main/disc) 5.00e-04/5.00e-04 | 11.6s
2026-08-11 17:38:03 | Epoch 020/100 | loss 3.2163 | cls 1.3967 | tal -0.1800 | dual_g 1.8735 | dual_d 0.8591 | train_acc 0.9665 | train_full 0.7011 | val_acc 0.7000 | val_f1 0.6249 | grad(main/disc) 12.749/1.401 | lr(main/disc) 5.00e-04/5.00e-04 | 11.8s
2026-08-11 17:38:15 | Epoch 021/100 | loss 3.2966 | cls 1.4006 | tal 0.0679 | dual_g 1.8756 | dual_d 0.8726 | train_acc 0.9576 | train_full 0.8258 | val_acc 0.7833 | val_f1 0.7014 | grad(main/disc) 13.192/1.338 | lr(main/disc) 5.00e-04/5.00e-04 | 12.2s
2026-08-11 17:38:28 | Epoch 022/100 | loss 3.1728 | cls 1.3651 | tal -0.1300 | dual_g 1.8467 | dual_d 0.8371 | train_acc 0.9732 | train_full 0.8538 | val_acc 0.8250 | val_f1 0.7757 | grad(main/disc) 11.377/1.257 | lr(main/disc) 5.00e-04/5.00e-04 | 12.3s
2026-08-11 17:38:39 | Epoch 023/100 | loss 3.0585 | cls 1.3687 | tal -0.4217 | dual_g 1.8164 | dual_d 0.8249 | train_acc 0.9665 | train_full 0.8301 | val_acc 0.8083 | val_f1 0.7808 | grad(main/disc) 12.619/1.149 | lr(main/disc) 5.00e-04/5.00e-04 | 11.5s
2026-08-11 17:38:52 | Epoch 024/100 | loss 3.0113 | cls 1.3272 | tal -0.4184 | dual_g 1.8096 | dual_d 0.8291 | train_acc 0.9777 | train_full 0.8581 | val_acc 0.8417 | val_f1 0.8440 | grad(main/disc) 11.325/1.115 | lr(main/disc) 5.00e-04/5.00e-04 | 12.2s
2026-08-11 17:38:52 | New best val_f1_macro_present: 0.8440 at epoch 24
2026-08-11 17:39:03 | Epoch 025/100 | loss 3.2165 | cls 1.4407 | tal -0.4882 | dual_g 1.9223 | dual_d 0.7941 | train_acc 0.9754 | train_full 0.8237 | val_acc 0.8167 | val_f1 0.7989 | grad(main/disc) 17.401/1.047 | lr(main/disc) 5.00e-04/5.00e-04 | 11.2s
2026-08-11 17:39:15 | Epoch 026/100 | loss 3.0756 | cls 1.3718 | tal -0.5901 | dual_g 1.8809 | dual_d 0.7300 | train_acc 0.9710 | train_full 0.8301 | val_acc 0.8333 | val_f1 0.7748 | grad(main/disc) 14.247/0.956 | lr(main/disc) 5.00e-04/5.00e-04 | 11.9s
2026-08-11 17:39:27 | Epoch 027/100 | loss 2.9080 | cls 1.3083 | tal -0.6508 | dual_g 1.7950 | dual_d 0.7651 | train_acc 0.9888 | train_full 0.8366 | val_acc 0.8250 | val_f1 0.7435 | grad(main/disc) 11.714/0.990 | lr(main/disc) 5.00e-04/5.00e-04 | 12.1s
2026-08-11 17:39:39 | Epoch 028/100 | loss 2.9001 | cls 1.3142 | tal -0.6299 | dual_g 1.7749 | dual_d 0.8186 | train_acc 0.9799 | train_full 0.8516 | val_acc 0.8333 | val_f1 0.7872 | grad(main/disc) 12.879/1.066 | lr(main/disc) 5.00e-04/5.00e-04 | 11.8s
2026-08-11 17:39:51 | Epoch 029/100 | loss 2.8252 | cls 1.2879 | tal -0.6196 | dual_g 1.7232 | dual_d 0.7811 | train_acc 0.9821 | train_full 0.8495 | val_acc 0.8333 | val_f1 0.7861 | grad(main/disc) 10.744/0.952 | lr(main/disc) 5.00e-04/5.00e-04 | 11.6s
2026-08-11 17:40:03 | Epoch 030/100 | loss 2.9218 | cls 1.3156 | tal -0.4754 | dual_g 1.7488 | dual_d 0.8413 | train_acc 0.9777 | train_full 0.6903 | val_acc 0.6333 | val_f1 0.6024 | grad(main/disc) 12.777/0.986 | lr(main/disc) 5.00e-04/5.00e-04 | 12.0s
2026-08-11 17:40:16 | Epoch 031/100 | loss 2.8743 | cls 1.2896 | tal -0.5146 | dual_g 1.7391 | dual_d 0.8636 | train_acc 0.9844 | train_full 0.8323 | val_acc 0.8083 | val_f1 0.7865 | grad(main/disc) 12.074/0.947 | lr(main/disc) 5.00e-04/5.00e-04 | 12.2s
2026-08-11 17:40:28 | Epoch 032/100 | loss 2.9255 | cls 1.3157 | tal -0.4657 | dual_g 1.7495 | dual_d 0.8460 | train_acc 0.9844 | train_full 0.8258 | val_acc 0.8167 | val_f1 0.8028 | grad(main/disc) 10.927/0.864 | lr(main/disc) 5.00e-04/5.00e-04 | 12.0s
2026-08-11 17:40:40 | Epoch 033/100 | loss 2.9096 | cls 1.2877 | tal -0.2954 | dual_g 1.7105 | dual_d 0.8269 | train_acc 0.9799 | train_full 0.8323 | val_acc 0.8500 | val_f1 0.8367 | grad(main/disc) 10.360/0.799 | lr(main/disc) 5.00e-04/5.00e-04 | 12.0s
2026-08-11 17:40:52 | Epoch 034/100 | loss 2.9059 | cls 1.2766 | tal -0.2317 | dual_g 1.6988 | dual_d 0.8060 | train_acc 0.9888 | train_full 0.8559 | val_acc 0.8500 | val_f1 0.8411 | grad(main/disc) 11.532/0.755 | lr(main/disc) 5.00e-04/5.00e-04 | 11.8s
2026-08-11 17:41:05 | Epoch 035/100 | loss 2.8400 | cls 1.2419 | tal -0.2178 | dual_g 1.6634 | dual_d 0.7622 | train_acc 0.9866 | train_full 0.8516 | val_acc 0.8500 | val_f1 0.8388 | grad(main/disc) 9.471/0.626 | lr(main/disc) 2.50e-04/2.50e-04 | 12.4s
2026-08-11 17:41:17 | Epoch 036/100 | loss 2.8163 | cls 1.2560 | tal -0.3280 | dual_g 1.6587 | dual_d 0.7413 | train_acc 0.9866 | train_full 0.8624 | val_acc 0.8500 | val_f1 0.8242 | grad(main/disc) 9.776/0.611 | lr(main/disc) 2.50e-04/2.50e-04 | 12.4s
2026-08-11 17:41:30 | Epoch 037/100 | loss 2.7349 | cls 1.2300 | tal -0.4094 | dual_g 1.6278 | dual_d 0.7535 | train_acc 0.9866 | train_full 0.8194 | val_acc 0.8167 | val_f1 0.6679 | grad(main/disc) 9.559/0.605 | lr(main/disc) 2.50e-04/2.50e-04 | 12.4s
2026-08-11 17:41:42 | Epoch 038/100 | loss 2.7048 | cls 1.2217 | tal -0.4132 | dual_g 1.6071 | dual_d 0.7590 | train_acc 0.9888 | train_full 0.8710 | val_acc 0.8250 | val_f1 0.8402 | grad(main/disc) 8.197/0.593 | lr(main/disc) 2.50e-04/2.50e-04 | 12.0s
2026-08-11 17:41:54 | Epoch 039/100 | loss 2.6561 | cls 1.1980 | tal -0.4494 | dual_g 1.5930 | dual_d 0.7617 | train_acc 0.9955 | train_full 0.8731 | val_acc 0.8667 | val_f1 0.8468 | grad(main/disc) 6.917/0.598 | lr(main/disc) 2.50e-04/2.50e-04 | 11.9s
2026-08-11 17:41:54 | New best val_f1_macro_present: 0.8468 at epoch 39
2026-08-11 17:42:07 | Epoch 040/100 | loss 2.6385 | cls 1.1958 | tal -0.4589 | dual_g 1.5803 | dual_d 0.7421 | train_acc 0.9978 | train_full 0.8731 | val_acc 0.8583 | val_f1 0.7976 | grad(main/disc) 7.192/0.543 | lr(main/disc) 2.50e-04/2.50e-04 | 12.7s
2026-08-11 17:42:19 | Epoch 041/100 | loss 2.6452 | cls 1.2019 | tal -0.4769 | dual_g 1.5864 | dual_d 0.7447 | train_acc 0.9933 | train_full 0.8925 | val_acc 0.8583 | val_f1 0.8402 | grad(main/disc) 7.963/0.548 | lr(main/disc) 2.50e-04/2.50e-04 | 12.3s
2026-08-11 17:42:31 | Epoch 042/100 | loss 2.6335 | cls 1.2018 | tal -0.5379 | dual_g 1.5931 | dual_d 0.7461 | train_acc 0.9888 | train_full 0.8559 | val_acc 0.8333 | val_f1 0.7623 | grad(main/disc) 8.329/0.531 | lr(main/disc) 2.50e-04/2.50e-04 | 11.9s
2026-08-11 17:42:43 | Epoch 043/100 | loss 2.6437 | cls 1.2151 | tal -0.5386 | dual_g 1.5901 | dual_d 0.7216 | train_acc 0.9933 | train_full 0.8667 | val_acc 0.8417 | val_f1 0.8280 | grad(main/disc) 10.166/0.499 | lr(main/disc) 2.50e-04/2.50e-04 | 11.7s
2026-08-11 17:42:55 | Epoch 044/100 | loss 2.5866 | cls 1.1885 | tal -0.5729 | dual_g 1.5699 | dual_d 0.7121 | train_acc 1.0000 | train_full 0.8559 | val_acc 0.8250 | val_f1 0.7674 | grad(main/disc) 6.579/0.454 | lr(main/disc) 2.50e-04/2.50e-04 | 11.6s
2026-08-11 17:43:07 | Epoch 045/100 | loss 2.5993 | cls 1.1981 | tal -0.5838 | dual_g 1.5764 | dual_d 0.6954 | train_acc 0.9955 | train_full 0.8430 | val_acc 0.8167 | val_f1 0.6933 | grad(main/disc) 7.142/0.423 | lr(main/disc) 2.50e-04/2.50e-04 | 11.4s
2026-08-11 17:43:17 | Epoch 046/100 | loss 2.5818 | cls 1.1944 | tal -0.6256 | dual_g 1.5752 | dual_d 0.6922 | train_acc 0.9978 | train_full 0.8430 | val_acc 0.8333 | val_f1 0.7208 | grad(main/disc) 7.343/0.427 | lr(main/disc) 2.50e-04/2.50e-04 | 10.1s
2026-08-11 17:43:29 | Epoch 047/100 | loss 2.5482 | cls 1.1814 | tal -0.6122 | dual_g 1.5505 | dual_d 0.7038 | train_acc 1.0000 | train_full 0.9011 | val_acc 0.8750 | val_f1 0.8569 | grad(main/disc) 7.346/0.412 | lr(main/disc) 2.50e-04/2.50e-04 | 12.4s
2026-08-11 17:43:30 | New best val_f1_macro_present: 0.8569 at epoch 47
2026-08-11 17:43:42 | Epoch 048/100 | loss 2.5595 | cls 1.1937 | tal -0.6213 | dual_g 1.5522 | dual_d 0.7132 | train_acc 0.9955 | train_full 0.8108 | val_acc 0.7750 | val_f1 0.6803 | grad(main/disc) 7.316/0.396 | lr(main/disc) 2.50e-04/2.50e-04 | 12.3s
2026-08-11 17:43:55 | Epoch 049/100 | loss 2.6156 | cls 1.2045 | tal -0.5989 | dual_g 1.5908 | dual_d 0.7177 | train_acc 0.9844 | train_full 0.9204 | val_acc 0.9083 | val_f1 0.8667 | grad(main/disc) 9.332/0.403 | lr(main/disc) 2.50e-04/2.50e-04 | 12.7s
2026-08-11 17:43:55 | New best val_f1_macro_present: 0.8667 at epoch 49
2026-08-11 17:44:08 | Epoch 050/100 | loss 2.6176 | cls 1.2021 | tal -0.5448 | dual_g 1.5790 | dual_d 0.6838 | train_acc 0.9933 | train_full 0.8602 | val_acc 0.8333 | val_f1 0.8213 | grad(main/disc) 9.082/0.389 | lr(main/disc) 2.50e-04/2.50e-04 | 12.8s
2026-08-11 17:44:21 | Epoch 051/100 | loss 2.5996 | cls 1.1962 | tal -0.5186 | dual_g 1.5589 | dual_d 0.7030 | train_acc 0.9888 | train_full 0.8774 | val_acc 0.8500 | val_f1 0.8379 | grad(main/disc) 8.106/0.387 | lr(main/disc) 2.50e-04/2.50e-04 | 12.8s
2026-08-11 17:44:34 | Epoch 052/100 | loss 2.5402 | cls 1.1769 | tal -0.5807 | dual_g 1.5375 | dual_d 0.6970 | train_acc 0.9978 | train_full 0.8946 | val_acc 0.8667 | val_f1 0.8513 | grad(main/disc) 6.797/0.361 | lr(main/disc) 2.50e-04/2.50e-04 | 12.4s
2026-08-11 17:44:46 | Epoch 053/100 | loss 2.5393 | cls 1.1807 | tal -0.6035 | dual_g 1.5396 | dual_d 0.6945 | train_acc 0.9911 | train_full 0.8688 | val_acc 0.8583 | val_f1 0.8298 | grad(main/disc) 9.681/0.365 | lr(main/disc) 2.50e-04/2.50e-04 | 11.9s
2026-08-11 17:44:58 | Epoch 054/100 | loss 2.5415 | cls 1.1865 | tal -0.5958 | dual_g 1.5337 | dual_d 0.7002 | train_acc 0.9933 | train_full 0.8882 | val_acc 0.8833 | val_f1 0.8606 | grad(main/disc) 9.961/0.362 | lr(main/disc) 2.50e-04/2.50e-04 | 12.0s
2026-08-11 17:45:11 | Epoch 055/100 | loss 2.4996 | cls 1.1651 | tal -0.6267 | dual_g 1.5225 | dual_d 0.6893 | train_acc 0.9978 | train_full 0.8796 | val_acc 0.8583 | val_f1 0.8453 | grad(main/disc) 5.164/0.356 | lr(main/disc) 2.50e-04/2.50e-04 | 12.9s
2026-08-11 17:45:23 | Epoch 056/100 | loss 2.5263 | cls 1.1750 | tal -0.5666 | dual_g 1.5213 | dual_d 0.6982 | train_acc 0.9978 | train_full 0.8710 | val_acc 0.8500 | val_f1 0.8133 | grad(main/disc) 7.300/0.357 | lr(main/disc) 2.50e-04/2.50e-04 | 11.8s
2026-08-11 17:45:35 | Epoch 057/100 | loss 2.5617 | cls 1.1853 | tal -0.5187 | dual_g 1.5320 | dual_d 0.6934 | train_acc 0.9978 | train_full 0.8946 | val_acc 0.8667 | val_f1 0.8534 | grad(main/disc) 8.274/0.352 | lr(main/disc) 2.50e-04/2.50e-04 | 12.0s
2026-08-11 17:45:47 | Epoch 058/100 | loss 2.4968 | cls 1.1639 | tal -0.6008 | dual_g 1.5131 | dual_d 0.6937 | train_acc 1.0000 | train_full 0.8796 | val_acc 0.8833 | val_f1 0.8788 | grad(main/disc) 6.103/0.343 | lr(main/disc) 2.50e-04/2.50e-04 | 11.9s
2026-08-11 17:45:47 | New best val_f1_macro_present: 0.8788 at epoch 58
2026-08-11 17:45:59 | Epoch 059/100 | loss 2.5743 | cls 1.1947 | tal -0.5696 | dual_g 1.5505 | dual_d 0.7014 | train_acc 0.9978 | train_full 0.8710 | val_acc 0.8583 | val_f1 0.8228 | grad(main/disc) 9.823/0.351 | lr(main/disc) 2.50e-04/2.50e-04 | 12.1s
2026-08-11 17:46:11 | Epoch 060/100 | loss 2.5058 | cls 1.1735 | tal -0.6070 | dual_g 1.5144 | dual_d 0.6872 | train_acc 1.0000 | train_full 0.8774 | val_acc 0.8667 | val_f1 0.8368 | grad(main/disc) 6.087/0.346 | lr(main/disc) 2.50e-04/2.50e-04 | 11.8s
2026-08-11 17:46:23 | Epoch 061/100 | loss 2.5460 | cls 1.1613 | tal -0.3699 | dual_g 1.4957 | dual_d 0.7016 | train_acc 1.0000 | train_full 0.8882 | val_acc 0.8833 | val_f1 0.8612 | grad(main/disc) 5.256/0.340 | lr(main/disc) 2.50e-04/2.50e-04 | 11.8s
2026-08-11 17:46:36 | Epoch 062/100 | loss 2.5419 | cls 1.1676 | tal -0.4356 | dual_g 1.5050 | dual_d 0.6984 | train_acc 1.0000 | train_full 0.8624 | val_acc 0.8583 | val_f1 0.8106 | grad(main/disc) 6.208/0.353 | lr(main/disc) 2.50e-04/2.50e-04 | 12.6s
2026-08-11 17:46:48 | Epoch 063/100 | loss 2.5474 | cls 1.1744 | tal -0.4606 | dual_g 1.5112 | dual_d 0.6979 | train_acc 1.0000 | train_full 0.8129 | val_acc 0.8000 | val_f1 0.7376 | grad(main/disc) 8.728/0.362 | lr(main/disc) 2.50e-04/2.50e-04 | 12.0s
2026-08-11 17:47:02 | Epoch 064/100 | loss 2.5148 | cls 1.1623 | tal -0.4923 | dual_g 1.5001 | dual_d 0.6992 | train_acc 0.9955 | train_full 0.8903 | val_acc 0.8750 | val_f1 0.7992 | grad(main/disc) 7.072/0.359 | lr(main/disc) 2.50e-04/2.50e-04 | 13.3s
2026-08-11 17:47:14 | Epoch 065/100 | loss 2.5194 | cls 1.1741 | tal -0.5332 | dual_g 1.5052 | dual_d 0.6877 | train_acc 0.9955 | train_full 0.8774 | val_acc 0.8583 | val_f1 0.8386 | grad(main/disc) 7.634/0.353 | lr(main/disc) 2.50e-04/2.50e-04 | 12.2s
2026-08-11 17:47:26 | Epoch 066/100 | loss 2.5160 | cls 1.1768 | tal -0.5540 | dual_g 1.5054 | dual_d 0.6892 | train_acc 0.9911 | train_full 0.8839 | val_acc 0.8917 | val_f1 0.8805 | grad(main/disc) 8.152/0.349 | lr(main/disc) 2.50e-04/2.50e-04 | 12.4s
2026-08-11 17:47:27 | New best val_f1_macro_present: 0.8805 at epoch 66
2026-08-11 17:47:39 | Epoch 067/100 | loss 2.4977 | cls 1.1662 | tal -0.5728 | dual_g 1.5033 | dual_d 0.6926 | train_acc 1.0000 | train_full 0.8710 | val_acc 0.8583 | val_f1 0.8329 | grad(main/disc) 6.795/0.353 | lr(main/disc) 2.50e-04/2.50e-04 | 12.2s
2026-08-11 17:47:51 | Epoch 068/100 | loss 2.5332 | cls 1.1610 | tal -0.3771 | dual_g 1.4854 | dual_d 0.6924 | train_acc 0.9955 | train_full 0.8667 | val_acc 0.8583 | val_f1 0.8461 | grad(main/disc) 6.458/0.333 | lr(main/disc) 2.50e-04/2.50e-04 | 12.3s
2026-08-11 17:48:04 | Epoch 069/100 | loss 2.5459 | cls 1.1671 | tal -0.4252 | dual_g 1.5064 | dual_d 0.6930 | train_acc 0.9933 | train_full 0.8581 | val_acc 0.8500 | val_f1 0.8383 | grad(main/disc) 7.511/0.345 | lr(main/disc) 2.50e-04/2.50e-04 | 12.1s
2026-08-11 17:48:15 | Epoch 070/100 | loss 2.5795 | cls 1.1824 | tal -0.3582 | dual_g 1.5046 | dual_d 0.6932 | train_acc 0.9933 | train_full 0.8796 | val_acc 0.8667 | val_f1 0.8305 | grad(main/disc) 8.445/0.358 | lr(main/disc) 2.50e-04/2.50e-04 | 11.5s
2026-08-11 17:48:27 | Epoch 071/100 | loss 2.5347 | cls 1.1699 | tal -0.4798 | dual_g 1.5088 | dual_d 0.6903 | train_acc 0.9978 | train_full 0.8559 | val_acc 0.8333 | val_f1 0.8191 | grad(main/disc) 7.252/0.354 | lr(main/disc) 2.50e-04/2.50e-04 | 11.9s
2026-08-11 17:48:39 | Epoch 072/100 | loss 2.4976 | cls 1.1576 | tal -0.4610 | dual_g 1.4783 | dual_d 0.6909 | train_acc 0.9978 | train_full 0.8860 | val_acc 0.8750 | val_f1 0.8487 | grad(main/disc) 7.484/0.334 | lr(main/disc) 2.50e-04/2.50e-04 | 11.7s
2026-08-11 17:48:52 | Epoch 073/100 | loss 2.4636 | cls 1.1530 | tal -0.5460 | dual_g 1.4744 | dual_d 0.7040 | train_acc 0.9978 | train_full 0.8796 | val_acc 0.8750 | val_f1 0.8466 | grad(main/disc) 5.809/0.334 | lr(main/disc) 2.50e-04/2.50e-04 | 12.7s
2026-08-11 17:49:05 | Epoch 074/100 | loss 2.5276 | cls 1.1697 | tal -0.4529 | dual_g 1.4938 | dual_d 0.7056 | train_acc 0.9955 | train_full 0.9183 | val_acc 0.9083 | val_f1 0.9014 | grad(main/disc) 8.570/0.357 | lr(main/disc) 2.50e-04/2.50e-04 | 12.8s
2026-08-11 17:49:05 | New best val_f1_macro_present: 0.9014 at epoch 74
2026-08-11 17:49:18 | Epoch 075/100 | loss 2.5011 | cls 1.1566 | tal -0.4440 | dual_g 1.4777 | dual_d 0.6978 | train_acc 0.9955 | train_full 0.8559 | val_acc 0.8500 | val_f1 0.7934 | grad(main/disc) 7.453/0.358 | lr(main/disc) 2.50e-04/2.50e-04 | 12.2s
2026-08-11 17:49:30 | Epoch 076/100 | loss 2.5216 | cls 1.1595 | tal -0.3699 | dual_g 1.4731 | dual_d 0.6991 | train_acc 0.9978 | train_full 0.8774 | val_acc 0.8917 | val_f1 0.8824 | grad(main/disc) 6.878/0.344 | lr(main/disc) 2.50e-04/2.50e-04 | 12.5s
2026-08-11 17:49:43 | Epoch 077/100 | loss 2.5112 | cls 1.1533 | tal -0.3876 | dual_g 1.4742 | dual_d 0.6977 | train_acc 1.0000 | train_full 0.8882 | val_acc 0.8833 | val_f1 0.8618 | grad(main/disc) 6.322/0.349 | lr(main/disc) 2.50e-04/2.50e-04 | 12.2s
2026-08-11 17:49:55 | Epoch 078/100 | loss 2.4908 | cls 1.1546 | tal -0.4414 | dual_g 1.4686 | dual_d 0.6946 | train_acc 1.0000 | train_full 0.8753 | val_acc 0.8500 | val_f1 0.8327 | grad(main/disc) 7.631/0.345 | lr(main/disc) 2.50e-04/2.50e-04 | 12.3s
2026-08-11 17:50:07 | Epoch 079/100 | loss 2.5088 | cls 1.1589 | tal -0.4388 | dual_g 1.4816 | dual_d 0.7034 | train_acc 0.9955 | train_full 0.8710 | val_acc 0.8500 | val_f1 0.8320 | grad(main/disc) 8.830/0.350 | lr(main/disc) 2.50e-04/2.50e-04 | 11.6s
2026-08-11 17:50:20 | Epoch 080/100 | loss 2.5138 | cls 1.1520 | tal -0.3744 | dual_g 1.4741 | dual_d 0.7006 | train_acc 1.0000 | train_full 0.8645 | val_acc 0.8750 | val_f1 0.8454 | grad(main/disc) 7.038/0.333 | lr(main/disc) 2.50e-04/2.50e-04 | 12.9s
2026-08-11 17:50:31 | Epoch 081/100 | loss 2.5103 | cls 1.1490 | tal -0.3275 | dual_g 1.4595 | dual_d 0.6970 | train_acc 0.9978 | train_full 0.8538 | val_acc 0.8583 | val_f1 0.8300 | grad(main/disc) 5.548/0.361 | lr(main/disc) 2.50e-04/2.50e-04 | 11.5s
2026-08-11 17:50:44 | Epoch 082/100 | loss 2.4425 | cls 1.1469 | tal -0.5453 | dual_g 1.4591 | dual_d 0.7089 | train_acc 0.9978 | train_full 0.8989 | val_acc 0.8833 | val_f1 0.8818 | grad(main/disc) 5.999/0.362 | lr(main/disc) 2.50e-04/2.50e-04 | 12.3s
2026-08-11 17:50:56 | Epoch 083/100 | loss 2.4777 | cls 1.1470 | tal -0.3955 | dual_g 1.4494 | dual_d 0.6958 | train_acc 1.0000 | train_full 0.8753 | val_acc 0.8583 | val_f1 0.8604 | grad(main/disc) 4.575/0.362 | lr(main/disc) 2.50e-04/2.50e-04 | 12.3s
2026-08-11 17:51:09 | Epoch 084/100 | loss 2.4918 | cls 1.1474 | tal -0.3626 | dual_g 1.4532 | dual_d 0.7072 | train_acc 0.9978 | train_full 0.8903 | val_acc 0.9000 | val_f1 0.8958 | grad(main/disc) 6.535/0.362 | lr(main/disc) 2.50e-04/2.50e-04 | 12.6s
2026-08-11 17:51:21 | Epoch 085/100 | loss 2.5043 | cls 1.1468 | tal -0.3368 | dual_g 1.4585 | dual_d 0.7096 | train_acc 0.9978 | train_full 0.8989 | val_acc 0.9083 | val_f1 0.8955 | grad(main/disc) 5.565/0.350 | lr(main/disc) 1.25e-04/1.25e-04 | 11.9s
2026-08-11 17:51:33 | Epoch 086/100 | loss 2.5102 | cls 1.1469 | tal -0.2970 | dual_g 1.4524 | dual_d 0.7006 | train_acc 0.9955 | train_full 0.8903 | val_acc 0.8917 | val_f1 0.8702 | grad(main/disc) 6.890/0.339 | lr(main/disc) 1.25e-04/1.25e-04 | 11.9s
2026-08-11 17:51:45 | Epoch 087/100 | loss 2.5162 | cls 1.1546 | tal -0.3373 | dual_g 1.4628 | dual_d 0.6994 | train_acc 1.0000 | train_full 0.8860 | val_acc 0.8750 | val_f1 0.8352 | grad(main/disc) 7.977/0.329 | lr(main/disc) 1.25e-04/1.25e-04 | 12.1s
2026-08-11 17:51:58 | Epoch 088/100 | loss 2.4758 | cls 1.1363 | tal -0.3106 | dual_g 1.4327 | dual_d 0.7070 | train_acc 1.0000 | train_full 0.8903 | val_acc 0.9000 | val_f1 0.8998 | grad(main/disc) 4.659/0.357 | lr(main/disc) 1.25e-04/1.25e-04 | 11.9s
2026-08-11 17:52:10 | Epoch 089/100 | loss 2.4922 | cls 1.1352 | tal -0.2677 | dual_g 1.4372 | dual_d 0.7062 | train_acc 1.0000 | train_full 0.8753 | val_acc 0.8750 | val_f1 0.8733 | grad(main/disc) 3.979/0.343 | lr(main/disc) 1.25e-04/1.25e-04 | 12.4s
2026-08-11 17:52:10 | Early stopping at epoch 89 after 15 epochs without val_f1_macro_present improvement.
2026-08-11 17:52:10 | Training complete. Best validation accuracy: 0.9083 | best val_f1_macro_present: 0.9014
