2026-08-26 16:52:47 | Starting Dual_D standalone training
2026-08-26 16:52:47 | Run directory: runs/module_c_ablation_60_v4/module_c_20260826_164328/module_c_full_黑天_20260826_164329
2026-08-26 16:52:47 | Device: cuda
2026-08-26 16:52:47 | Source train samples: 992
2026-08-26 16:52:47 | Target train samples: 465
2026-08-26 16:52:47 | Target val samples: 120
2026-08-26 16:52:47 | Classes: 14
2026-08-26 16:52:47 | Data audit: same_dir=False | path_overlap(vis/ir/ais)=0/0/0 | content_overlap(vis/ir/ais)=0/0/0 | ais_index_overlap=0 | stem_mismatch(vis-ir/vis-ais)=578/0
2026-08-26 16:52:47 | source_train classes: present 14/14 | absent 0 | counts [0:120, 1:44, 2:69, 3:45, 4:40, 5:30, 6:64, 7:80, 8:116, 9:68, 10:57, 11:83, 12:48, 13:128]
2026-08-26 16:52:47 | target_train classes: present 8/14 | absent 6 | counts [0:100, 2:11, 3:16, 6:89, 9:162, 10:12, 11:44, 13:31]
2026-08-26 16:52:47 | target_val classes: present 8/14 | absent 6 | counts [0:26, 2:3, 3:5, 6:23, 9:41, 10:3, 11:11, 13:8]
2026-08-26 16:52:47 | Paired training classes: 8/14 | class ids [0, 2, 3, 6, 9, 10, 11, 13]
2026-08-26 16:52:47 | Runtime profile: batch=80 | paired_steps=6 | workers=16 | train_eval_every=5 | raw_eval_every=5 | early_stop=15 after min_epoch=40
2026-08-26 16:52:47 | VIS/IR pairing: class-level-unpaired | count-mismatch classes train/val: 10/0 | AIS alignment: none | AIS rows train/val: 0/0
2026-08-26 16:52:48 | Model parameters: total=17277714 | trainable=17120210
2026-08-26 16:52:53 | Epoch 001/060 | loss 5.6597 | cls 5.5707 | tal 0.2967 | dual_g 0.0000 | dual_d 0.0000 | train_acc 0.0750 | train_full 0.1247 | val_acc 0.1833 | val_f1 0.0985 | adv/moduleC 0.00/0.00 | disc_steps 0 | grad(main/disc) 16.503/0.000 | lr(main/disc) 1.00e-04/3.50e-05 | cuda_peak(alloc/resv) 18.96/24.42GB | phase(train/val/raw/train_eval) 3.7/0.6/0.6/0.8s | 5.7s
2026-08-26 16:52:57 | New best val_f1_macro_present: 0.0985 at epoch 1
2026-08-26 16:53:01 | Epoch 002/060 | loss 4.4188 | cls 4.3477 | tal 0.2370 | dual_g 0.0000 | dual_d 0.0000 | train_acc 0.2188 | train_full n/a | val_acc 0.0917 | val_f1 0.0500 | adv/moduleC 0.00/0.00 | disc_steps 0 | grad(main/disc) 12.270/0.000 | lr(main/disc) 1.00e-04/3.50e-05 | cuda_peak(alloc/resv) 18.96/24.42GB | phase(train/val/raw/train_eval) 3.1/0.6/0.0/0.0s | 3.7s
2026-08-26 16:53:05 | Epoch 003/060 | loss 3.6797 | cls 3.6416 | tal 0.1270 | dual_g 0.0000 | dual_d 0.0000 | train_acc 0.3167 | train_full n/a | val_acc 0.1000 | val_f1 0.0694 | adv/moduleC 0.00/0.00 | disc_steps 0 | grad(main/disc) 10.607/0.000 | lr(main/disc) 1.00e-04/3.50e-05 | cuda_peak(alloc/resv) 18.96/24.42GB | phase(train/val/raw/train_eval) 3.3/0.6/0.0/0.0s | 3.9s
2026-08-26 16:53:09 | Epoch 004/060 | loss 3.4620 | cls 3.2351 | tal 0.0153 | dual_g 0.2222 | dual_d 0.0000 | train_acc 0.4437 | train_full n/a | val_acc 0.2083 | val_f1 0.1746 | adv/moduleC 0.00/0.10 | disc_steps 0 | grad(main/disc) 10.352/0.000 | lr(main/disc) 1.00e-04/3.50e-05 | cuda_peak(alloc/resv) 18.96/24.42GB | phase(train/val/raw/train_eval) 3.1/0.6/0.6/0.0s | 4.2s
2026-08-26 16:53:13 | New best val_f1_macro_present: 0.1746 at epoch 4
2026-08-26 16:53:18 | Epoch 005/060 | loss 3.2898 | cls 2.8623 | tal 0.0140 | dual_g 0.4232 | dual_d 0.0000 | train_acc 0.5417 | train_full 0.2645 | val_acc 0.2667 | val_f1 0.4124 | adv/moduleC 0.00/0.20 | disc_steps 0 | grad(main/disc) 9.709/0.000 | lr(main/disc) 1.00e-04/3.50e-05 | cuda_peak(alloc/resv) 18.96/24.42GB | phase(train/val/raw/train_eval) 3.1/0.6/0.6/0.8s | 5.1s
2026-08-26 16:53:22 | New best val_f1_macro_present: 0.4124 at epoch 5
2026-08-26 16:53:26 | Epoch 006/060 | loss 3.0027 | cls 2.4662 | tal -0.0189 | dual_g 0.5422 | dual_d 0.9387 | train_acc 0.6458 | train_full n/a | val_acc 0.5167 | val_f1 0.5878 | adv/moduleC 0.05/0.30 | disc_steps 6 | grad(main/disc) 9.415/1.664 | lr(main/disc) 1.00e-04/3.50e-05 | cuda_peak(alloc/resv) 18.96/24.42GB | phase(train/val/raw/train_eval) 3.0/0.6/0.6/0.0s | 4.2s
2026-08-26 16:53:30 | New best val_f1_macro_present: 0.5878 at epoch 6
2026-08-26 16:53:34 | Epoch 007/060 | loss 2.9749 | cls 2.2966 | tal -0.0001 | dual_g 0.6783 | dual_d 0.8950 | train_acc 0.7000 | train_full n/a | val_acc 0.5250 | val_f1 0.6353 | adv/moduleC 0.10/0.40 | disc_steps 6 | grad(main/disc) 9.622/1.607 | lr(main/disc) 1.00e-04/3.50e-05 | cuda_peak(alloc/resv) 18.96/24.42GB | phase(train/val/raw/train_eval) 3.0/0.6/0.6/0.0s | 4.1s
2026-08-26 16:53:38 | New best val_f1_macro_present: 0.6353 at epoch 7
2026-08-26 16:53:42 | Epoch 008/060 | loss 2.8990 | cls 2.1259 | tal 0.0122 | dual_g 0.7694 | dual_d 0.8427 | train_acc 0.7083 | train_full n/a | val_acc 0.6083 | val_f1 0.5992 | adv/moduleC 0.15/0.50 | disc_steps 6 | grad(main/disc) 9.437/1.458 | lr(main/disc) 1.00e-04/3.50e-05 | cuda_peak(alloc/resv) 18.96/24.42GB | phase(train/val/raw/train_eval) 3.0/0.6/0.0/0.0s | 3.6s
2026-08-26 16:53:46 | Epoch 009/060 | loss 2.8115 | cls 1.9544 | tal 0.0298 | dual_g 0.8481 | dual_d 0.8210 | train_acc 0.7750 | train_full n/a | val_acc 0.7833 | val_f1 0.7421 | adv/moduleC 0.20/0.60 | disc_steps 6 | grad(main/disc) 10.307/1.405 | lr(main/disc) 1.00e-04/3.50e-05 | cuda_peak(alloc/resv) 18.96/24.42GB | phase(train/val/raw/train_eval) 2.9/0.6/0.6/0.0s | 4.1s
2026-08-26 16:53:50 | New best val_f1_macro_present: 0.7421 at epoch 9
2026-08-26 16:53:55 | Epoch 010/060 | loss 2.7920 | cls 1.8305 | tal 0.0246 | dual_g 0.9542 | dual_d 0.7638 | train_acc 0.7833 | train_full 0.8753 | val_acc 0.8750 | val_f1 0.8486 | adv/moduleC 0.25/0.70 | disc_steps 6 | grad(main/disc) 10.113/1.314 | lr(main/disc) 1.00e-04/3.50e-05 | cuda_peak(alloc/resv) 18.96/24.42GB | phase(train/val/raw/train_eval) 3.0/0.6/0.6/0.8s | 5.0s
2026-08-26 16:53:59 | New best val_f1_macro_present: 0.8486 at epoch 10
2026-08-26 16:54:02 | Epoch 011/060 | loss 2.7371 | cls 1.6943 | tal 0.0276 | dual_g 1.0345 | dual_d 0.7730 | train_acc 0.8083 | train_full n/a | val_acc 0.8250 | val_f1 0.7961 | adv/moduleC 0.30/0.80 | disc_steps 6 | grad(main/disc) 10.450/1.293 | lr(main/disc) 1.00e-04/3.50e-05 | cuda_peak(alloc/resv) 18.96/24.42GB | phase(train/val/raw/train_eval) 2.9/0.6/0.0/0.0s | 3.5s
2026-08-26 16:54:06 | Epoch 012/060 | loss 2.6685 | cls 1.5788 | tal -0.0081 | dual_g 1.0921 | dual_d 0.7514 | train_acc 0.8562 | train_full n/a | val_acc 0.8250 | val_f1 0.7809 | adv/moduleC 0.35/0.90 | disc_steps 6 | grad(main/disc) 10.591/1.217 | lr(main/disc) 1.00e-04/3.50e-05 | cuda_peak(alloc/resv) 18.96/24.42GB | phase(train/val/raw/train_eval) 3.0/0.6/0.0/0.0s | 3.6s
2026-08-26 16:54:10 | Epoch 013/060 | loss 2.5821 | cls 1.4891 | tal -0.0361 | dual_g 1.1038 | dual_d 0.7312 | train_acc 0.8938 | train_full n/a | val_acc 0.8167 | val_f1 0.7661 | adv/moduleC 0.40/1.00 | disc_steps 6 | grad(main/disc) 9.141/1.165 | lr(main/disc) 1.00e-04/3.50e-05 | cuda_peak(alloc/resv) 18.96/24.42GB | phase(train/val/raw/train_eval) 3.2/0.6/0.0/0.0s | 3.8s
2026-08-26 16:54:13 | Epoch 014/060 | loss 2.5628 | cls 1.4597 | tal -0.0013 | dual_g 1.1035 | dual_d 0.7232 | train_acc 0.8604 | train_full n/a | val_acc 0.8500 | val_f1 0.8359 | adv/moduleC 0.45/1.00 | disc_steps 6 | grad(main/disc) 8.458/1.141 | lr(main/disc) 1.00e-04/3.50e-05 | cuda_peak(alloc/resv) 18.96/24.42GB | phase(train/val/raw/train_eval) 3.2/0.6/0.0/0.0s | 3.8s
2026-08-26 16:54:19 | Epoch 015/060 | loss 2.5077 | cls 1.3917 | tal 0.0476 | dual_g 1.1016 | dual_d 0.6968 | train_acc 0.9021 | train_full 0.9226 | val_acc 0.8833 | val_f1 0.8566 | adv/moduleC 0.50/1.00 | disc_steps 6 | grad(main/disc) 8.412/1.131 | lr(main/disc) 1.00e-04/3.50e-05 | cuda_peak(alloc/resv) 18.96/24.42GB | phase(train/val/raw/train_eval) 3.2/0.6/0.6/0.8s | 5.2s
2026-08-26 16:54:23 | New best val_f1_macro_present: 0.8566 at epoch 15
2026-08-26 16:54:27 | Epoch 016/060 | loss 2.3672 | cls 1.3170 | tal 0.0502 | dual_g 1.0352 | dual_d 0.7008 | train_acc 0.9354 | train_full n/a | val_acc 0.9000 | val_f1 0.8740 | adv/moduleC 0.55/1.00 | disc_steps 6 | grad(main/disc) 7.741/1.088 | lr(main/disc) 1.00e-04/3.50e-05 | cuda_peak(alloc/resv) 18.96/24.42GB | phase(train/val/raw/train_eval) 3.2/0.6/0.6/0.0s | 4.4s
2026-08-26 16:54:31 | New best val_f1_macro_present: 0.8740 at epoch 16
2026-08-26 16:54:35 | Epoch 017/060 | loss 2.2627 | cls 1.2661 | tal 0.0050 | dual_g 0.9951 | dual_d 0.7135 | train_acc 0.9292 | train_full n/a | val_acc 0.8833 | val_f1 0.8566 | adv/moduleC 0.60/1.00 | disc_steps 6 | grad(main/disc) 7.689/1.100 | lr(main/disc) 1.00e-04/3.50e-05 | cuda_peak(alloc/resv) 18.96/24.42GB | phase(train/val/raw/train_eval) 3.1/0.6/0.0/0.0s | 3.6s
2026-08-26 16:54:39 | Epoch 018/060 | loss 2.1367 | cls 1.2016 | tal -0.0067 | dual_g 0.9371 | dual_d 0.7054 | train_acc 0.9646 | train_full n/a | val_acc 0.9083 | val_f1 0.8859 | adv/moduleC 0.65/1.00 | disc_steps 6 | grad(main/disc) 6.267/1.066 | lr(main/disc) 1.00e-04/3.50e-05 | cuda_peak(alloc/resv) 18.96/24.42GB | phase(train/val/raw/train_eval) 2.9/0.6/0.6/0.0s | 4.1s
2026-08-26 16:54:42 | New best val_f1_macro_present: 0.8859 at epoch 18
2026-08-26 16:54:47 | Epoch 019/060 | loss 2.1453 | cls 1.2146 | tal -0.0527 | dual_g 0.9464 | dual_d 0.6875 | train_acc 0.9417 | train_full n/a | val_acc 0.9333 | val_f1 0.9077 | adv/moduleC 0.70/1.00 | disc_steps 6 | grad(main/disc) 7.039/1.047 | lr(main/disc) 1.00e-04/3.50e-05 | cuda_peak(alloc/resv) 18.96/24.42GB | phase(train/val/raw/train_eval) 3.2/0.6/0.6/0.0s | 4.4s
2026-08-26 16:54:51 | New best val_f1_macro_present: 0.9077 at epoch 19
2026-08-26 16:54:56 | Epoch 020/060 | loss 2.0302 | cls 1.1404 | tal -0.0510 | dual_g 0.9051 | dual_d 0.7409 | train_acc 0.9625 | train_full 0.9290 | val_acc 0.8750 | val_f1 0.8530 | adv/moduleC 0.75/1.00 | disc_steps 6 | grad(main/disc) 5.496/1.087 | lr(main/disc) 1.00e-04/3.50e-05 | cuda_peak(alloc/resv) 18.96/24.42GB | phase(train/val/raw/train_eval) 3.3/0.6/0.6/0.9s | 5.4s
2026-08-26 16:55:00 | Epoch 021/060 | loss 2.0172 | cls 1.1372 | tal -0.0661 | dual_g 0.8999 | dual_d 0.7148 | train_acc 0.9667 | train_full n/a | val_acc 0.9000 | val_f1 0.8794 | adv/moduleC 0.80/1.00 | disc_steps 6 | grad(main/disc) 5.860/1.026 | lr(main/disc) 1.00e-04/3.50e-05 | cuda_peak(alloc/resv) 18.96/24.42GB | phase(train/val/raw/train_eval) 2.9/0.6/0.0/0.0s | 3.5s
2026-08-26 16:55:03 | Epoch 022/060 | loss 1.9541 | cls 1.1291 | tal -0.1456 | dual_g 0.8686 | dual_d 0.7474 | train_acc 0.9542 | train_full n/a | val_acc 0.8917 | val_f1 0.8601 | adv/moduleC 0.85/1.00 | disc_steps 6 | grad(main/disc) 5.815/1.040 | lr(main/disc) 1.00e-04/3.50e-05 | cuda_peak(alloc/resv) 18.96/24.42GB | phase(train/val/raw/train_eval) 2.9/0.6/0.0/0.0s | 3.5s
2026-08-26 16:55:07 | Epoch 023/060 | loss 1.9191 | cls 1.0917 | tal -0.1585 | dual_g 0.8750 | dual_d 0.7748 | train_acc 0.9750 | train_full n/a | val_acc 0.9250 | val_f1 0.8952 | adv/moduleC 0.90/1.00 | disc_steps 6 | grad(main/disc) 5.350/1.084 | lr(main/disc) 1.00e-04/3.50e-05 | cuda_peak(alloc/resv) 18.96/24.42GB | phase(train/val/raw/train_eval) 3.2/0.6/0.0/0.0s | 3.7s
2026-08-26 16:55:11 | Epoch 024/060 | loss 1.9120 | cls 1.0999 | tal -0.1375 | dual_g 0.8534 | dual_d 0.7582 | train_acc 0.9792 | train_full n/a | val_acc 0.9500 | val_f1 0.9265 | adv/moduleC 0.95/1.00 | disc_steps 6 | grad(main/disc) 5.306/1.035 | lr(main/disc) 1.00e-04/3.50e-05 | cuda_peak(alloc/resv) 18.96/24.42GB | phase(train/val/raw/train_eval) 2.9/0.6/0.6/0.0s | 4.1s
2026-08-26 16:55:15 | New best val_f1_macro_present: 0.9265 at epoch 24
2026-08-26 16:55:20 | Epoch 025/060 | loss 1.8869 | cls 1.0826 | tal -0.1157 | dual_g 0.8389 | dual_d 0.8012 | train_acc 0.9896 | train_full 0.9849 | val_acc 0.9500 | val_f1 0.9478 | adv/moduleC 1.00/1.00 | disc_steps 6 | grad(main/disc) 5.003/1.073 | lr(main/disc) 1.00e-04/3.50e-05 | cuda_peak(alloc/resv) 18.96/24.42GB | phase(train/val/raw/train_eval) 3.0/0.6/0.6/0.8s | 5.0s
2026-08-26 16:55:24 | New best val_f1_macro_present: 0.9478 at epoch 25
2026-08-26 16:55:27 | Epoch 026/060 | loss 1.8389 | cls 1.0651 | tal -0.1639 | dual_g 0.8229 | dual_d 0.8095 | train_acc 0.9896 | train_full n/a | val_acc 0.9250 | val_f1 0.9069 | adv/moduleC 1.00/1.00 | disc_steps 6 | grad(main/disc) 4.608/1.081 | lr(main/disc) 1.00e-04/3.50e-05 | cuda_peak(alloc/resv) 18.96/24.42GB | phase(train/val/raw/train_eval) 3.2/0.6/0.0/0.0s | 3.8s
2026-08-26 16:55:31 | Epoch 027/060 | loss 1.8400 | cls 1.0692 | tal -0.1745 | dual_g 0.8232 | dual_d 0.8116 | train_acc 0.9896 | train_full n/a | val_acc 0.9417 | val_f1 0.9044 | adv/moduleC 1.00/1.00 | disc_steps 6 | grad(main/disc) 4.360/1.083 | lr(main/disc) 1.00e-04/3.50e-05 | cuda_peak(alloc/resv) 18.96/24.42GB | phase(train/val/raw/train_eval) 3.1/0.6/0.0/0.0s | 3.7s
2026-08-26 16:55:35 | Epoch 028/060 | loss 1.8211 | cls 1.0435 | tal -0.1106 | dual_g 0.8108 | dual_d 0.8432 | train_acc 0.9917 | train_full n/a | val_acc 0.9417 | val_f1 0.9358 | adv/moduleC 1.00/1.00 | disc_steps 6 | grad(main/disc) 4.290/1.117 | lr(main/disc) 1.00e-04/3.50e-05 | cuda_peak(alloc/resv) 18.96/24.42GB | phase(train/val/raw/train_eval) 3.0/0.6/0.0/0.0s | 3.6s
2026-08-26 16:55:38 | Epoch 029/060 | loss 1.8040 | cls 1.0614 | tal -0.1963 | dual_g 0.8015 | dual_d 0.8424 | train_acc 0.9896 | train_full n/a | val_acc 0.9500 | val_f1 0.9281 | adv/moduleC 1.00/1.00 | disc_steps 6 | grad(main/disc) 4.150/1.076 | lr(main/disc) 1.00e-04/3.50e-05 | cuda_peak(alloc/resv) 18.96/24.42GB | phase(train/val/raw/train_eval) 3.2/0.6/0.0/0.0s | 3.8s
2026-08-26 16:55:44 | Epoch 030/060 | loss 1.7669 | cls 1.0425 | tal -0.2121 | dual_g 0.7880 | dual_d 0.8198 | train_acc 0.9938 | train_full 0.9763 | val_acc 0.9583 | val_f1 0.9346 | adv/moduleC 1.00/1.00 | disc_steps 6 | grad(main/disc) 3.614/1.047 | lr(main/disc) 1.00e-04/3.50e-05 | cuda_peak(alloc/resv) 18.96/24.42GB | phase(train/val/raw/train_eval) 3.3/0.6/0.6/0.8s | 5.4s
2026-08-26 16:55:47 | Epoch 031/060 | loss 1.7566 | cls 1.0343 | tal -0.1961 | dual_g 0.7811 | dual_d 0.8598 | train_acc 0.9938 | train_full n/a | val_acc 0.9583 | val_f1 0.9464 | adv/moduleC 1.00/1.00 | disc_steps 6 | grad(main/disc) 3.571/1.053 | lr(main/disc) 1.00e-04/3.50e-05 | cuda_peak(alloc/resv) 18.96/24.42GB | phase(train/val/raw/train_eval) 3.0/0.6/0.0/0.0s | 3.5s
2026-08-26 16:55:51 | Epoch 032/060 | loss 1.7171 | cls 1.0143 | tal -0.2028 | dual_g 0.7636 | dual_d 0.8739 | train_acc 0.9938 | train_full n/a | val_acc 0.9417 | val_f1 0.9270 | adv/moduleC 1.00/1.00 | disc_steps 6 | grad(main/disc) 2.872/1.060 | lr(main/disc) 5.00e-05/1.75e-05 | cuda_peak(alloc/resv) 18.96/24.42GB | phase(train/val/raw/train_eval) 3.2/0.6/0.0/0.0s | 3.8s
2026-08-26 16:55:55 | Epoch 033/060 | loss 1.7018 | cls 1.0127 | tal -0.2348 | dual_g 0.7595 | dual_d 0.8926 | train_acc 0.9958 | train_full n/a | val_acc 0.9417 | val_f1 0.9153 | adv/moduleC 1.00/1.00 | disc_steps 6 | grad(main/disc) 2.640/1.083 | lr(main/disc) 5.00e-05/1.75e-05 | cuda_peak(alloc/resv) 18.96/24.42GB | phase(train/val/raw/train_eval) 3.0/0.6/0.0/0.0s | 3.6s
2026-08-26 16:55:59 | Epoch 034/060 | loss 1.7092 | cls 1.0058 | tal -0.2111 | dual_g 0.7667 | dual_d 0.8970 | train_acc 0.9896 | train_full n/a | val_acc 0.9667 | val_f1 0.9466 | adv/moduleC 1.00/1.00 | disc_steps 6 | grad(main/disc) 2.886/1.083 | lr(main/disc) 5.00e-05/1.75e-05 | cuda_peak(alloc/resv) 18.96/24.42GB | phase(train/val/raw/train_eval) 3.3/0.6/0.0/0.0s | 3.8s
2026-08-26 16:56:04 | Epoch 035/060 | loss 1.6876 | cls 1.0085 | tal -0.2244 | dual_g 0.7465 | dual_d 0.8727 | train_acc 0.9938 | train_full 0.9849 | val_acc 0.9750 | val_f1 0.9644 | adv/moduleC 1.00/1.00 | disc_steps 6 | grad(main/disc) 3.816/1.056 | lr(main/disc) 5.00e-05/1.75e-05 | cuda_peak(alloc/resv) 18.96/24.42GB | phase(train/val/raw/train_eval) 3.1/0.6/0.6/0.8s | 5.1s
2026-08-26 16:56:08 | New best val_f1_macro_present: 0.9644 at epoch 35
2026-08-26 16:56:11 | Epoch 036/060 | loss 1.6783 | cls 0.9924 | tal -0.1971 | dual_g 0.7450 | dual_d 0.8877 | train_acc 0.9979 | train_full n/a | val_acc 0.9667 | val_f1 0.9515 | adv/moduleC 1.00/1.00 | disc_steps 6 | grad(main/disc) 2.030/1.044 | lr(main/disc) 5.00e-05/1.75e-05 | cuda_peak(alloc/resv) 18.96/24.42GB | phase(train/val/raw/train_eval) 3.1/0.6/0.0/0.0s | 3.7s
2026-08-26 16:56:15 | Epoch 037/060 | loss 1.6947 | cls 1.0069 | tal -0.2058 | dual_g 0.7496 | dual_d 0.9055 | train_acc 0.9896 | train_full n/a | val_acc 0.9583 | val_f1 0.9346 | adv/moduleC 1.00/1.00 | disc_steps 6 | grad(main/disc) 2.783/1.062 | lr(main/disc) 5.00e-05/1.75e-05 | cuda_peak(alloc/resv) 18.96/24.42GB | phase(train/val/raw/train_eval) 3.1/0.6/0.0/0.0s | 3.7s
2026-08-26 16:56:19 | Epoch 038/060 | loss 1.6523 | cls 0.9832 | tal -0.2179 | dual_g 0.7345 | dual_d 0.9005 | train_acc 1.0000 | train_full n/a | val_acc 0.9667 | val_f1 0.9505 | adv/moduleC 1.00/1.00 | disc_steps 6 | grad(main/disc) 2.101/1.075 | lr(main/disc) 5.00e-05/1.75e-05 | cuda_peak(alloc/resv) 18.96/24.42GB | phase(train/val/raw/train_eval) 3.2/0.6/0.0/0.0s | 3.7s
2026-08-26 16:56:22 | Epoch 039/060 | loss 1.6603 | cls 0.9903 | tal -0.2182 | dual_g 0.7355 | dual_d 0.9300 | train_acc 0.9979 | train_full n/a | val_acc 0.9500 | val_f1 0.9390 | adv/moduleC 1.00/1.00 | disc_steps 6 | grad(main/disc) 2.113/1.086 | lr(main/disc) 5.00e-05/1.75e-05 | cuda_peak(alloc/resv) 18.96/24.42GB | phase(train/val/raw/train_eval) 3.0/0.6/0.0/0.0s | 3.6s
2026-08-26 16:56:27 | Epoch 040/060 | loss 1.6486 | cls 0.9931 | tal -0.2472 | dual_g 0.7296 | dual_d 0.9185 | train_acc 0.9958 | train_full 0.9892 | val_acc 0.9750 | val_f1 0.9644 | adv/moduleC 1.00/1.00 | disc_steps 6 | grad(main/disc) 2.394/1.061 | lr(main/disc) 5.00e-05/1.75e-05 | cuda_peak(alloc/resv) 18.96/24.42GB | phase(train/val/raw/train_eval) 3.2/0.6/0.6/0.9s | 5.2s
2026-08-26 16:56:31 | Epoch 041/060 | loss 1.6501 | cls 0.9918 | tal -0.2496 | dual_g 0.7331 | dual_d 0.9415 | train_acc 1.0000 | train_full n/a | val_acc 0.9750 | val_f1 0.9644 | adv/moduleC 1.00/1.00 | disc_steps 6 | grad(main/disc) 1.982/1.093 | lr(main/disc) 5.00e-05/1.75e-05 | cuda_peak(alloc/resv) 18.96/24.42GB | phase(train/val/raw/train_eval) 3.0/0.6/0.0/0.0s | 3.6s
2026-08-26 16:56:35 | Epoch 042/060 | loss 1.6283 | cls 0.9804 | tal -0.2581 | dual_g 0.7253 | dual_d 0.9475 | train_acc 1.0000 | train_full n/a | val_acc 0.9667 | val_f1 0.9594 | adv/moduleC 1.00/1.00 | disc_steps 6 | grad(main/disc) 1.918/1.085 | lr(main/disc) 2.50e-05/8.75e-06 | cuda_peak(alloc/resv) 18.96/24.42GB | phase(train/val/raw/train_eval) 3.2/0.6/0.0/0.0s | 3.7s
2026-08-26 16:56:38 | Epoch 043/060 | loss 1.6581 | cls 0.9928 | tal -0.2261 | dual_g 0.7331 | dual_d 0.9562 | train_acc 0.9979 | train_full n/a | val_acc 0.9750 | val_f1 0.9644 | adv/moduleC 1.00/1.00 | disc_steps 6 | grad(main/disc) 2.749/1.071 | lr(main/disc) 2.50e-05/8.75e-06 | cuda_peak(alloc/resv) 18.96/24.42GB | phase(train/val/raw/train_eval) 3.1/0.6/0.0/0.0s | 3.7s
2026-08-26 16:56:42 | Epoch 044/060 | loss 1.6357 | cls 0.9891 | tal -0.2598 | dual_g 0.7246 | dual_d 0.9588 | train_acc 0.9979 | train_full n/a | val_acc 0.9750 | val_f1 0.9644 | adv/moduleC 1.00/1.00 | disc_steps 6 | grad(main/disc) 2.006/1.064 | lr(main/disc) 2.50e-05/8.75e-06 | cuda_peak(alloc/resv) 18.96/24.42GB | phase(train/val/raw/train_eval) 3.1/0.6/0.0/0.0s | 3.7s
2026-08-26 16:56:47 | Epoch 045/060 | loss 1.6270 | cls 0.9841 | tal -0.2529 | dual_g 0.7188 | dual_d 0.9500 | train_acc 0.9979 | train_full 0.9914 | val_acc 0.9667 | val_f1 0.9466 | adv/moduleC 1.00/1.00 | disc_steps 6 | grad(main/disc) 1.934/1.070 | lr(main/disc) 2.50e-05/8.75e-06 | cuda_peak(alloc/resv) 18.96/24.42GB | phase(train/val/raw/train_eval) 3.1/0.6/0.6/0.8s | 5.1s
2026-08-26 16:56:51 | Epoch 046/060 | loss 1.6518 | cls 0.9911 | tal -0.2225 | dual_g 0.7274 | dual_d 0.9426 | train_acc 0.9979 | train_full n/a | val_acc 0.9750 | val_f1 0.9644 | adv/moduleC 1.00/1.00 | disc_steps 6 | grad(main/disc) 2.170/1.074 | lr(main/disc) 2.50e-05/8.75e-06 | cuda_peak(alloc/resv) 18.96/24.42GB | phase(train/val/raw/train_eval) 3.0/0.6/0.0/0.0s | 3.5s
2026-08-26 16:56:55 | Epoch 047/060 | loss 1.6240 | cls 0.9895 | tal -0.2821 | dual_g 0.7192 | dual_d 0.9416 | train_acc 0.9979 | train_full n/a | val_acc 0.9750 | val_f1 0.9644 | adv/moduleC 1.00/1.00 | disc_steps 6 | grad(main/disc) 2.067/1.084 | lr(main/disc) 2.50e-05/8.75e-06 | cuda_peak(alloc/resv) 18.96/24.42GB | phase(train/val/raw/train_eval) 3.2/0.6/0.0/0.0s | 3.7s
2026-08-26 16:56:58 | Epoch 048/060 | loss 1.6378 | cls 0.9832 | tal -0.2097 | dual_g 0.7175 | dual_d 0.9622 | train_acc 0.9958 | train_full n/a | val_acc 0.9750 | val_f1 0.9644 | adv/moduleC 1.00/1.00 | disc_steps 6 | grad(main/disc) 2.121/1.081 | lr(main/disc) 2.50e-05/8.75e-06 | cuda_peak(alloc/resv) 18.96/24.42GB | phase(train/val/raw/train_eval) 2.8/0.6/0.0/0.0s | 3.4s
2026-08-26 16:57:02 | Epoch 049/060 | loss 1.6328 | cls 0.9919 | tal -0.2539 | dual_g 0.7171 | dual_d 0.9316 | train_acc 0.9938 | train_full n/a | val_acc 0.9750 | val_f1 0.9644 | adv/moduleC 1.00/1.00 | disc_steps 6 | grad(main/disc) 2.130/1.032 | lr(main/disc) 1.25e-05/4.37e-06 | cuda_peak(alloc/resv) 18.96/24.42GB | phase(train/val/raw/train_eval) 3.4/0.6/0.0/0.0s | 3.9s
2026-08-26 16:57:07 | Epoch 050/060 | loss 1.6239 | cls 0.9824 | tal -0.2520 | dual_g 0.7171 | dual_d 0.9501 | train_acc 0.9979 | train_full 0.9914 | val_acc 0.9750 | val_f1 0.9644 | adv/moduleC 1.00/1.00 | disc_steps 6 | grad(main/disc) 1.978/1.022 | lr(main/disc) 1.25e-05/4.37e-06 | cuda_peak(alloc/resv) 18.96/24.42GB | phase(train/val/raw/train_eval) 3.1/0.6/0.6/0.8s | 5.1s
2026-08-26 16:57:07 | Early stopping at epoch 50 after 15 epochs without val_f1_macro_present improvement.
2026-08-26 16:57:07 | Training complete. Best validation accuracy: 0.9750 | best val_f1_macro_present: 0.9644
