2026-08-26 19:49:21 | Starting Dual_D standalone training
2026-08-26 19:49:21 | Run directory: runs/module_c_ablation_60_v4/module_c_20260826_164328/module_c_no_paired_contrastive_雾天_20260826_192723
2026-08-26 19:49:21 | Device: cuda
2026-08-26 19:49:21 | Source train samples: 992
2026-08-26 19:49:21 | Target train samples: 507
2026-08-26 19:49:21 | Target val samples: 132
2026-08-26 19:49:21 | Classes: 14
2026-08-26 19:49:21 | Data audit: same_dir=False | path_overlap(vis/ir/ais)=0/0/0 | content_overlap(vis/ir/ais)=0/0/0 | ais_index_overlap=0 | stem_mismatch(vis-ir/vis-ais)=630/0
2026-08-26 19:49:21 | source_train classes: present 14/14 | absent 0 | counts [0:120, 1:44, 2:69, 3:45, 4:40, 5:30, 6:64, 7:80, 8:116, 9:68, 10:57, 11:83, 12:48, 13:128]
2026-08-26 19:49:21 | target_train classes: present 9/14 | absent 5 | counts [0:35, 1:18, 2:119, 6:110, 8:25, 9:50, 10:48, 12:9, 13:93]
2026-08-26 19:49:21 | target_val classes: present 9/14 | absent 5 | counts [0:9, 1:5, 2:30, 6:28, 8:7, 9:13, 10:13, 12:3, 13:24]
2026-08-26 19:49:21 | Paired training classes: 9/14 | class ids [0, 1, 2, 6, 8, 9, 10, 12, 13]
2026-08-26 19:49:21 | Runtime profile: batch=80 | paired_steps=7 | workers=16 | train_eval_every=5 | raw_eval_every=5 | early_stop=15 after min_epoch=48
2026-08-26 19:49:21 | VIS/IR pairing: class-level-unpaired | count-mismatch classes train/val: 10/2 | AIS alignment: none | AIS rows train/val: 0/0
2026-08-26 19:49:22 | Model parameters: total=17277714 | trainable=17120210
2026-08-26 19:49:28 | Epoch 001/060 | loss 5.2781 | cls 5.2688 | tal 0.0310 | dual_g 0.0000 | dual_d 0.0000 | train_acc 0.0857 | train_full 0.1144 | val_acc 0.1364 | val_f1 0.0396 | adv/moduleC 0.00/0.00 | disc_steps 0 | grad(main/disc) 15.280/0.000 | lr(main/disc) 7.00e-05/3.50e-05 | cuda_peak(alloc/resv) 18.96/24.42GB | phase(train/val/raw/train_eval) 3.6/0.7/0.7/0.9s | 5.8s
2026-08-26 19:49:32 | New best val_f1_macro_present: 0.0396 at epoch 1
2026-08-26 19:49:37 | Epoch 002/060 | loss 4.2860 | cls 4.2800 | tal 0.0200 | dual_g 0.0000 | dual_d 0.0000 | train_acc 0.1554 | train_full n/a | val_acc 0.1970 | val_f1 0.0841 | adv/moduleC 0.00/0.00 | disc_steps 0 | grad(main/disc) 12.100/0.000 | lr(main/disc) 7.00e-05/3.50e-05 | cuda_peak(alloc/resv) 18.96/24.42GB | phase(train/val/raw/train_eval) 3.0/0.7/0.7/0.0s | 4.4s
2026-08-26 19:49:41 | New best val_f1_macro_present: 0.0841 at epoch 2
2026-08-26 19:49:45 | Epoch 003/060 | loss 3.9281 | cls 3.9128 | tal 0.0508 | dual_g 0.0000 | dual_d 0.0000 | train_acc 0.2357 | train_full n/a | val_acc 0.3258 | val_f1 0.2515 | adv/moduleC 0.00/0.00 | disc_steps 0 | grad(main/disc) 10.750/0.000 | lr(main/disc) 7.00e-05/3.50e-05 | cuda_peak(alloc/resv) 18.96/24.42GB | phase(train/val/raw/train_eval) 3.1/0.7/0.7/0.0s | 4.4s
2026-08-26 19:49:49 | New best val_f1_macro_present: 0.2515 at epoch 3
2026-08-26 19:49:53 | Epoch 004/060 | loss 3.6101 | cls 3.6197 | tal -0.0318 | dual_g 0.0000 | dual_d 0.0000 | train_acc 0.2661 | train_full n/a | val_acc 0.3939 | val_f1 0.3430 | adv/moduleC 0.00/0.00 | disc_steps 0 | grad(main/disc) 9.886/0.000 | lr(main/disc) 7.00e-05/3.50e-05 | cuda_peak(alloc/resv) 18.96/24.42GB | phase(train/val/raw/train_eval) 3.2/0.7/0.7/0.0s | 4.5s
2026-08-26 19:49:57 | New best val_f1_macro_present: 0.3430 at epoch 4
2026-08-26 19:50:03 | Epoch 005/060 | loss 3.3091 | cls 3.3345 | tal -0.0846 | dual_g 0.0000 | dual_d 0.0000 | train_acc 0.2893 | train_full 0.4694 | val_acc 0.4394 | val_f1 0.3680 | adv/moduleC 0.00/0.00 | disc_steps 0 | grad(main/disc) 9.521/0.000 | lr(main/disc) 7.00e-05/3.50e-05 | cuda_peak(alloc/resv) 18.96/24.42GB | phase(train/val/raw/train_eval) 3.1/0.7/0.7/0.9s | 5.4s
2026-08-26 19:50:07 | New best val_f1_macro_present: 0.3680 at epoch 5
2026-08-26 19:50:11 | Epoch 006/060 | loss 3.5037 | cls 3.2644 | tal -0.0006 | dual_g 0.2394 | dual_d 0.9921 | train_acc 0.3214 | train_full n/a | val_acc 0.4167 | val_f1 0.3913 | adv/moduleC 0.05/0.10 | disc_steps 3 | grad(main/disc) 9.519/1.943 | lr(main/disc) 7.00e-05/3.50e-05 | cuda_peak(alloc/resv) 18.96/24.42GB | phase(train/val/raw/train_eval) 3.2/0.7/0.7/0.0s | 4.5s
2026-08-26 19:50:15 | New best val_f1_macro_present: 0.3913 at epoch 6
2026-08-26 19:50:20 | Epoch 007/060 | loss 3.5005 | cls 3.0542 | tal -0.0341 | dual_g 0.4565 | dual_d 0.9615 | train_acc 0.3607 | train_full n/a | val_acc 0.4621 | val_f1 0.4364 | adv/moduleC 0.10/0.20 | disc_steps 3 | grad(main/disc) 9.515/1.900 | lr(main/disc) 7.00e-05/3.50e-05 | cuda_peak(alloc/resv) 18.96/24.42GB | phase(train/val/raw/train_eval) 3.3/0.7/0.7/0.0s | 4.6s
2026-08-26 19:50:24 | New best val_f1_macro_present: 0.4364 at epoch 7
2026-08-26 19:50:28 | Epoch 008/060 | loss 3.5566 | cls 2.9201 | tal -0.0896 | dual_g 0.6634 | dual_d 0.9654 | train_acc 0.4286 | train_full n/a | val_acc 0.5379 | val_f1 0.5335 | adv/moduleC 0.15/0.30 | disc_steps 3 | grad(main/disc) 9.825/1.901 | lr(main/disc) 7.00e-05/3.50e-05 | cuda_peak(alloc/resv) 18.96/24.42GB | phase(train/val/raw/train_eval) 3.1/0.7/0.7/0.0s | 4.5s
2026-08-26 19:50:32 | New best val_f1_macro_present: 0.5335 at epoch 8
2026-08-26 19:50:37 | Epoch 009/060 | loss 3.5308 | cls 2.7296 | tal -0.1110 | dual_g 0.8345 | dual_d 0.9116 | train_acc 0.4339 | train_full n/a | val_acc 0.6818 | val_f1 0.6534 | adv/moduleC 0.20/0.40 | disc_steps 3 | grad(main/disc) 10.135/1.853 | lr(main/disc) 7.00e-05/3.50e-05 | cuda_peak(alloc/resv) 18.96/24.42GB | phase(train/val/raw/train_eval) 2.9/0.7/0.7/0.0s | 4.2s
2026-08-26 19:50:41 | New best val_f1_macro_present: 0.6534 at epoch 9
2026-08-26 19:50:46 | Epoch 010/060 | loss 3.5816 | cls 2.6316 | tal -0.1316 | dual_g 0.9894 | dual_d 0.8738 | train_acc 0.5000 | train_full 0.6923 | val_acc 0.6742 | val_f1 0.6290 | adv/moduleC 0.25/0.50 | disc_steps 3 | grad(main/disc) 10.645/1.768 | lr(main/disc) 7.00e-05/3.50e-05 | cuda_peak(alloc/resv) 18.96/24.42GB | phase(train/val/raw/train_eval) 3.4/0.7/0.7/0.9s | 5.6s
2026-08-26 19:50:51 | Epoch 011/060 | loss 3.6036 | cls 2.4885 | tal -0.1027 | dual_g 1.1459 | dual_d 0.9147 | train_acc 0.5446 | train_full n/a | val_acc 0.7348 | val_f1 0.7257 | adv/moduleC 0.30/0.60 | disc_steps 3 | grad(main/disc) 11.054/1.756 | lr(main/disc) 7.00e-05/3.50e-05 | cuda_peak(alloc/resv) 18.96/24.42GB | phase(train/val/raw/train_eval) 3.2/0.7/0.7/0.0s | 4.5s
2026-08-26 19:50:55 | New best val_f1_macro_present: 0.7257 at epoch 11
2026-08-26 19:50:59 | Epoch 012/060 | loss 3.5566 | cls 2.3410 | tal -0.0928 | dual_g 1.2435 | dual_d 0.9038 | train_acc 0.6357 | train_full n/a | val_acc 0.7955 | val_f1 0.8017 | adv/moduleC 0.35/0.70 | disc_steps 3 | grad(main/disc) 10.323/1.705 | lr(main/disc) 7.00e-05/3.50e-05 | cuda_peak(alloc/resv) 18.96/24.42GB | phase(train/val/raw/train_eval) 3.1/0.7/0.7/0.0s | 4.4s
2026-08-26 19:51:03 | New best val_f1_macro_present: 0.8017 at epoch 12
2026-08-26 19:51:07 | Epoch 013/060 | loss 3.5655 | cls 2.2143 | tal -0.1127 | dual_g 1.3850 | dual_d 0.8746 | train_acc 0.6482 | train_full n/a | val_acc 0.7273 | val_f1 0.7445 | adv/moduleC 0.40/0.80 | disc_steps 3 | grad(main/disc) 11.104/1.658 | lr(main/disc) 7.00e-05/3.50e-05 | cuda_peak(alloc/resv) 18.96/24.42GB | phase(train/val/raw/train_eval) 3.2/0.7/0.0/0.0s | 3.9s
2026-08-26 19:51:11 | Epoch 014/060 | loss 3.6113 | cls 2.1648 | tal -0.1680 | dual_g 1.4969 | dual_d 0.8954 | train_acc 0.6482 | train_full n/a | val_acc 0.7955 | val_f1 0.7920 | adv/moduleC 0.45/0.90 | disc_steps 3 | grad(main/disc) 12.115/1.689 | lr(main/disc) 7.00e-05/3.50e-05 | cuda_peak(alloc/resv) 18.96/24.42GB | phase(train/val/raw/train_eval) 3.0/0.7/0.0/0.0s | 3.7s
2026-08-26 19:51:16 | Epoch 015/060 | loss 3.5741 | cls 2.0278 | tal -0.1454 | dual_g 1.5899 | dual_d 0.8910 | train_acc 0.6982 | train_full 0.8028 | val_acc 0.8106 | val_f1 0.7964 | adv/moduleC 0.50/1.00 | disc_steps 3 | grad(main/disc) 11.235/1.652 | lr(main/disc) 7.00e-05/3.50e-05 | cuda_peak(alloc/resv) 18.96/24.42GB | phase(train/val/raw/train_eval) 3.0/0.7/0.7/0.9s | 5.3s
2026-08-26 19:51:20 | Epoch 016/060 | loss 3.5136 | cls 1.9836 | tal -0.1188 | dual_g 1.5657 | dual_d 0.8666 | train_acc 0.7107 | train_full n/a | val_acc 0.8258 | val_f1 0.7991 | adv/moduleC 0.55/1.00 | disc_steps 3 | grad(main/disc) 12.004/1.589 | lr(main/disc) 7.00e-05/3.50e-05 | cuda_peak(alloc/resv) 18.96/24.42GB | phase(train/val/raw/train_eval) 3.0/0.7/0.0/0.0s | 3.7s
2026-08-26 19:51:24 | Epoch 017/060 | loss 3.4459 | cls 1.9609 | tal -0.0838 | dual_g 1.5102 | dual_d 0.8724 | train_acc 0.7518 | train_full n/a | val_acc 0.8258 | val_f1 0.7932 | adv/moduleC 0.60/1.00 | disc_steps 3 | grad(main/disc) 12.269/1.588 | lr(main/disc) 7.00e-05/3.50e-05 | cuda_peak(alloc/resv) 18.96/24.42GB | phase(train/val/raw/train_eval) 3.1/0.7/0.0/0.0s | 3.8s
2026-08-26 19:51:28 | Epoch 018/060 | loss 3.2792 | cls 1.8557 | tal -0.1005 | dual_g 1.4536 | dual_d 0.8293 | train_acc 0.8018 | train_full n/a | val_acc 0.9091 | val_f1 0.8794 | adv/moduleC 0.65/1.00 | disc_steps 3 | grad(main/disc) 11.641/1.572 | lr(main/disc) 7.00e-05/3.50e-05 | cuda_peak(alloc/resv) 18.96/24.42GB | phase(train/val/raw/train_eval) 2.9/0.7/0.7/0.0s | 4.3s
2026-08-26 19:51:32 | New best val_f1_macro_present: 0.8794 at epoch 18
2026-08-26 19:51:36 | Epoch 019/060 | loss 3.2294 | cls 1.8048 | tal -0.1249 | dual_g 1.4620 | dual_d 0.8434 | train_acc 0.8036 | train_full n/a | val_acc 0.8333 | val_f1 0.8293 | adv/moduleC 0.70/1.00 | disc_steps 3 | grad(main/disc) 14.106/1.516 | lr(main/disc) 7.00e-05/3.50e-05 | cuda_peak(alloc/resv) 18.96/24.42GB | phase(train/val/raw/train_eval) 3.0/0.7/0.0/0.0s | 3.7s
2026-08-26 19:51:41 | Epoch 020/060 | loss 3.1565 | cls 1.7932 | tal -0.1050 | dual_g 1.3948 | dual_d 0.8197 | train_acc 0.8125 | train_full 0.8619 | val_acc 0.8485 | val_f1 0.8395 | adv/moduleC 0.75/1.00 | disc_steps 3 | grad(main/disc) 13.806/1.493 | lr(main/disc) 7.00e-05/3.50e-05 | cuda_peak(alloc/resv) 18.96/24.42GB | phase(train/val/raw/train_eval) 3.2/0.7/0.7/0.9s | 5.5s
2026-08-26 19:51:45 | Epoch 021/060 | loss 3.0883 | cls 1.7473 | tal -0.1503 | dual_g 1.3861 | dual_d 0.8502 | train_acc 0.8232 | train_full n/a | val_acc 0.9091 | val_f1 0.8779 | adv/moduleC 0.80/1.00 | disc_steps 3 | grad(main/disc) 13.396/1.506 | lr(main/disc) 7.00e-05/3.50e-05 | cuda_peak(alloc/resv) 18.96/24.42GB | phase(train/val/raw/train_eval) 3.2/0.7/0.0/0.0s | 3.9s
2026-08-26 19:51:49 | Epoch 022/060 | loss 2.9686 | cls 1.6924 | tal -0.1629 | dual_g 1.3251 | dual_d 0.8523 | train_acc 0.8518 | train_full n/a | val_acc 0.9470 | val_f1 0.9482 | adv/moduleC 0.85/1.00 | disc_steps 3 | grad(main/disc) 11.938/1.492 | lr(main/disc) 7.00e-05/3.50e-05 | cuda_peak(alloc/resv) 18.96/24.42GB | phase(train/val/raw/train_eval) 3.1/0.7/0.7/0.0s | 4.5s
2026-08-26 19:51:53 | New best val_f1_macro_present: 0.9482 at epoch 22
2026-08-26 19:51:57 | Epoch 023/060 | loss 2.9530 | cls 1.6865 | tal -0.1297 | dual_g 1.3054 | dual_d 0.8538 | train_acc 0.8589 | train_full n/a | val_acc 0.9318 | val_f1 0.9239 | adv/moduleC 0.90/1.00 | disc_steps 3 | grad(main/disc) 11.726/1.469 | lr(main/disc) 7.00e-05/3.50e-05 | cuda_peak(alloc/resv) 18.96/24.42GB | phase(train/val/raw/train_eval) 3.2/0.7/0.0/0.0s | 3.9s
2026-08-26 19:52:01 | Epoch 024/060 | loss 2.8958 | cls 1.6344 | tal -0.1487 | dual_g 1.3060 | dual_d 0.9275 | train_acc 0.8679 | train_full n/a | val_acc 0.9167 | val_f1 0.9188 | adv/moduleC 0.95/1.00 | disc_steps 3 | grad(main/disc) 11.697/1.502 | lr(main/disc) 7.00e-05/3.50e-05 | cuda_peak(alloc/resv) 18.96/24.42GB | phase(train/val/raw/train_eval) 3.1/0.7/0.0/0.0s | 3.7s
2026-08-26 19:52:06 | Epoch 025/060 | loss 2.8307 | cls 1.5952 | tal -0.1241 | dual_g 1.2728 | dual_d 0.8874 | train_acc 0.9125 | train_full 0.9191 | val_acc 0.8939 | val_f1 0.8657 | adv/moduleC 1.00/1.00 | disc_steps 3 | grad(main/disc) 13.494/1.449 | lr(main/disc) 7.00e-05/3.50e-05 | cuda_peak(alloc/resv) 18.96/24.42GB | phase(train/val/raw/train_eval) 3.0/0.7/0.7/0.9s | 5.3s
2026-08-26 19:52:10 | Epoch 026/060 | loss 2.7626 | cls 1.5688 | tal -0.1530 | dual_g 1.2397 | dual_d 0.9288 | train_acc 0.8964 | train_full n/a | val_acc 0.9318 | val_f1 0.9158 | adv/moduleC 1.00/1.00 | disc_steps 3 | grad(main/disc) 9.727/1.454 | lr(main/disc) 7.00e-05/3.50e-05 | cuda_peak(alloc/resv) 18.96/24.42GB | phase(train/val/raw/train_eval) 3.0/0.7/0.0/0.0s | 3.7s
2026-08-26 19:52:13 | Epoch 027/060 | loss 2.6722 | cls 1.5328 | tal -0.1675 | dual_g 1.1896 | dual_d 0.9411 | train_acc 0.8946 | train_full n/a | val_acc 0.8561 | val_f1 0.8185 | adv/moduleC 1.00/1.00 | disc_steps 3 | grad(main/disc) 9.281/1.474 | lr(main/disc) 7.00e-05/3.50e-05 | cuda_peak(alloc/resv) 18.96/24.42GB | phase(train/val/raw/train_eval) 2.9/0.7/0.0/0.0s | 3.5s
2026-08-26 19:52:18 | Epoch 028/060 | loss 2.6709 | cls 1.5343 | tal -0.1606 | dual_g 1.1848 | dual_d 0.9893 | train_acc 0.8964 | train_full n/a | val_acc 0.9621 | val_f1 0.9564 | adv/moduleC 1.00/1.00 | disc_steps 3 | grad(main/disc) 10.263/1.487 | lr(main/disc) 7.00e-05/3.50e-05 | cuda_peak(alloc/resv) 18.96/24.42GB | phase(train/val/raw/train_eval) 3.0/0.7/0.7/0.0s | 4.3s
2026-08-26 19:52:22 | New best val_f1_macro_present: 0.9564 at epoch 28
2026-08-26 19:52:26 | Epoch 029/060 | loss 2.6618 | cls 1.5274 | tal -0.1201 | dual_g 1.1704 | dual_d 0.9803 | train_acc 0.9125 | train_full n/a | val_acc 0.9621 | val_f1 0.9662 | adv/moduleC 1.00/1.00 | disc_steps 3 | grad(main/disc) 9.468/1.530 | lr(main/disc) 7.00e-05/3.50e-05 | cuda_peak(alloc/resv) 18.96/24.42GB | phase(train/val/raw/train_eval) 3.0/0.7/0.7/0.0s | 4.3s
2026-08-26 19:52:30 | New best val_f1_macro_present: 0.9662 at epoch 29
2026-08-26 19:52:36 | Epoch 030/060 | loss 2.6549 | cls 1.5160 | tal -0.1057 | dual_g 1.1706 | dual_d 0.9928 | train_acc 0.9107 | train_full 0.9527 | val_acc 0.9470 | val_f1 0.9277 | adv/moduleC 1.00/1.00 | disc_steps 3 | grad(main/disc) 9.109/1.523 | lr(main/disc) 7.00e-05/3.50e-05 | cuda_peak(alloc/resv) 18.96/24.42GB | phase(train/val/raw/train_eval) 3.4/0.7/0.7/0.9s | 5.7s
2026-08-26 19:52:40 | Epoch 031/060 | loss 2.5943 | cls 1.4748 | tal -0.1085 | dual_g 1.1521 | dual_d 0.9773 | train_acc 0.9268 | train_full n/a | val_acc 0.9621 | val_f1 0.9542 | adv/moduleC 1.00/1.00 | disc_steps 3 | grad(main/disc) 9.037/1.453 | lr(main/disc) 7.00e-05/3.50e-05 | cuda_peak(alloc/resv) 18.96/24.42GB | phase(train/val/raw/train_eval) 3.2/0.7/0.0/0.0s | 3.9s
2026-08-26 19:52:43 | Epoch 032/060 | loss 2.5876 | cls 1.4744 | tal -0.1286 | dual_g 1.1518 | dual_d 1.0111 | train_acc 0.9357 | train_full n/a | val_acc 0.9621 | val_f1 0.9486 | adv/moduleC 1.00/1.00 | disc_steps 3 | grad(main/disc) 8.762/1.443 | lr(main/disc) 7.00e-05/3.50e-05 | cuda_peak(alloc/resv) 18.96/24.42GB | phase(train/val/raw/train_eval) 3.1/0.7/0.0/0.0s | 3.7s
2026-08-26 19:52:47 | Epoch 033/060 | loss 2.5606 | cls 1.4776 | tal -0.1329 | dual_g 1.1229 | dual_d 1.0105 | train_acc 0.9357 | train_full n/a | val_acc 0.9015 | val_f1 0.8905 | adv/moduleC 1.00/1.00 | disc_steps 3 | grad(main/disc) 9.219/1.431 | lr(main/disc) 7.00e-05/3.50e-05 | cuda_peak(alloc/resv) 18.96/24.42GB | phase(train/val/raw/train_eval) 3.1/0.7/0.0/0.0s | 3.8s
2026-08-26 19:52:51 | Epoch 034/060 | loss 2.4890 | cls 1.4113 | tal -0.1103 | dual_g 1.1107 | dual_d 0.9780 | train_acc 0.9482 | train_full n/a | val_acc 0.9621 | val_f1 0.9653 | adv/moduleC 1.00/1.00 | disc_steps 3 | grad(main/disc) 8.207/1.392 | lr(main/disc) 7.00e-05/3.50e-05 | cuda_peak(alloc/resv) 18.96/24.42GB | phase(train/val/raw/train_eval) 3.1/0.7/0.0/0.0s | 3.7s
2026-08-26 19:52:56 | Epoch 035/060 | loss 2.5158 | cls 1.4316 | tal -0.1050 | dual_g 1.1157 | dual_d 0.9985 | train_acc 0.9321 | train_full 0.9645 | val_acc 0.9470 | val_f1 0.9289 | adv/moduleC 1.00/1.00 | disc_steps 3 | grad(main/disc) 8.150/1.359 | lr(main/disc) 7.00e-05/3.50e-05 | cuda_peak(alloc/resv) 18.96/24.42GB | phase(train/val/raw/train_eval) 3.1/0.7/0.7/0.9s | 5.4s
2026-08-26 19:53:01 | Epoch 036/060 | loss 2.4892 | cls 1.4118 | tal -0.0759 | dual_g 1.1002 | dual_d 0.9871 | train_acc 0.9446 | train_full n/a | val_acc 0.9773 | val_f1 0.9708 | adv/moduleC 1.00/1.00 | disc_steps 3 | grad(main/disc) 7.769/1.374 | lr(main/disc) 7.00e-05/3.50e-05 | cuda_peak(alloc/resv) 18.96/24.42GB | phase(train/val/raw/train_eval) 3.2/0.7/0.7/0.0s | 4.6s
2026-08-26 19:53:05 | New best val_f1_macro_present: 0.9708 at epoch 36
2026-08-26 19:53:09 | Epoch 037/060 | loss 2.4694 | cls 1.4065 | tal -0.0502 | dual_g 1.0780 | dual_d 1.0041 | train_acc 0.9446 | train_full n/a | val_acc 0.9697 | val_f1 0.9461 | adv/moduleC 1.00/1.00 | disc_steps 3 | grad(main/disc) 7.522/1.346 | lr(main/disc) 7.00e-05/3.50e-05 | cuda_peak(alloc/resv) 18.96/24.42GB | phase(train/val/raw/train_eval) 3.2/0.7/0.0/0.0s | 3.9s
2026-08-26 19:53:12 | Epoch 038/060 | loss 2.4298 | cls 1.3860 | tal -0.0592 | dual_g 1.0615 | dual_d 1.0679 | train_acc 0.9500 | train_full n/a | val_acc 0.9470 | val_f1 0.9566 | adv/moduleC 1.00/1.00 | disc_steps 3 | grad(main/disc) 6.756/1.404 | lr(main/disc) 7.00e-05/3.50e-05 | cuda_peak(alloc/resv) 18.96/24.42GB | phase(train/val/raw/train_eval) 2.9/0.7/0.0/0.0s | 3.5s
2026-08-26 19:53:16 | Epoch 039/060 | loss 2.4072 | cls 1.3825 | tal -0.1099 | dual_g 1.0577 | dual_d 1.0424 | train_acc 0.9554 | train_full n/a | val_acc 0.9697 | val_f1 0.9698 | adv/moduleC 1.00/1.00 | disc_steps 3 | grad(main/disc) 6.276/1.379 | lr(main/disc) 7.00e-05/3.50e-05 | cuda_peak(alloc/resv) 18.96/24.42GB | phase(train/val/raw/train_eval) 3.1/0.7/0.0/0.0s | 3.7s
2026-08-26 19:53:21 | Epoch 040/060 | loss 2.3690 | cls 1.3551 | tal -0.0999 | dual_g 1.0438 | dual_d 1.0413 | train_acc 0.9768 | train_full 0.9744 | val_acc 0.9697 | val_f1 0.9551 | adv/moduleC 1.00/1.00 | disc_steps 3 | grad(main/disc) 6.010/1.408 | lr(main/disc) 7.00e-05/3.50e-05 | cuda_peak(alloc/resv) 18.96/24.42GB | phase(train/val/raw/train_eval) 3.2/0.7/0.7/0.9s | 5.4s
2026-08-26 19:53:25 | Epoch 041/060 | loss 2.3593 | cls 1.3558 | tal -0.1019 | dual_g 1.0341 | dual_d 1.0358 | train_acc 0.9821 | train_full n/a | val_acc 0.9697 | val_f1 0.9666 | adv/moduleC 1.00/1.00 | disc_steps 3 | grad(main/disc) 5.790/1.396 | lr(main/disc) 7.00e-05/3.50e-05 | cuda_peak(alloc/resv) 18.96/24.42GB | phase(train/val/raw/train_eval) 3.2/0.7/0.0/0.0s | 3.9s
2026-08-26 19:53:29 | Epoch 042/060 | loss 2.3549 | cls 1.3528 | tal -0.0882 | dual_g 1.0285 | dual_d 1.0562 | train_acc 0.9696 | train_full n/a | val_acc 0.9697 | val_f1 0.9528 | adv/moduleC 1.00/1.00 | disc_steps 3 | grad(main/disc) 6.143/1.346 | lr(main/disc) 7.00e-05/3.50e-05 | cuda_peak(alloc/resv) 18.96/24.42GB | phase(train/val/raw/train_eval) 3.2/0.7/0.0/0.0s | 3.9s
2026-08-26 19:53:33 | Epoch 043/060 | loss 2.3268 | cls 1.3418 | tal -0.1209 | dual_g 1.0213 | dual_d 1.0474 | train_acc 0.9696 | train_full n/a | val_acc 0.9697 | val_f1 0.9645 | adv/moduleC 1.00/1.00 | disc_steps 3 | grad(main/disc) 6.492/1.356 | lr(main/disc) 3.50e-05/1.75e-05 | cuda_peak(alloc/resv) 18.96/24.42GB | phase(train/val/raw/train_eval) 3.4/0.7/0.0/0.0s | 4.1s
2026-08-26 19:53:37 | Epoch 044/060 | loss 2.3278 | cls 1.3410 | tal -0.1422 | dual_g 1.0294 | dual_d 1.1160 | train_acc 0.9857 | train_full n/a | val_acc 0.9697 | val_f1 0.9687 | adv/moduleC 1.00/1.00 | disc_steps 3 | grad(main/disc) 6.185/1.418 | lr(main/disc) 3.50e-05/1.75e-05 | cuda_peak(alloc/resv) 18.96/24.42GB | phase(train/val/raw/train_eval) 3.0/0.7/0.0/0.0s | 3.7s
2026-08-26 19:53:42 | Epoch 045/060 | loss 2.3136 | cls 1.3391 | tal -0.0974 | dual_g 1.0037 | dual_d 1.0791 | train_acc 0.9714 | train_full 0.9961 | val_acc 0.9697 | val_f1 0.9688 | adv/moduleC 1.00/1.00 | disc_steps 3 | grad(main/disc) 5.317/1.360 | lr(main/disc) 3.50e-05/1.75e-05 | cuda_peak(alloc/resv) 18.96/24.42GB | phase(train/val/raw/train_eval) 3.2/0.7/0.7/0.9s | 5.5s
2026-08-26 19:53:46 | Epoch 046/060 | loss 2.2574 | cls 1.3186 | tal -0.1814 | dual_g 0.9932 | dual_d 1.0953 | train_acc 0.9839 | train_full n/a | val_acc 0.9621 | val_f1 0.9604 | adv/moduleC 1.00/1.00 | disc_steps 3 | grad(main/disc) 4.412/1.416 | lr(main/disc) 3.50e-05/1.75e-05 | cuda_peak(alloc/resv) 18.96/24.42GB | phase(train/val/raw/train_eval) 3.1/0.7/0.0/0.0s | 3.8s
2026-08-26 19:53:51 | Epoch 047/060 | loss 2.2813 | cls 1.3190 | tal -0.1411 | dual_g 1.0046 | dual_d 1.1177 | train_acc 0.9875 | train_full n/a | val_acc 0.9848 | val_f1 0.9830 | adv/moduleC 1.00/1.00 | disc_steps 3 | grad(main/disc) 4.447/1.398 | lr(main/disc) 3.50e-05/1.75e-05 | cuda_peak(alloc/resv) 18.96/24.42GB | phase(train/val/raw/train_eval) 3.0/0.7/0.7/0.0s | 4.3s
2026-08-26 19:53:55 | New best val_f1_macro_present: 0.9830 at epoch 47
2026-08-26 19:53:58 | Epoch 048/060 | loss 2.2542 | cls 1.3097 | tal -0.1624 | dual_g 0.9932 | dual_d 1.0673 | train_acc 0.9768 | train_full n/a | val_acc 0.9697 | val_f1 0.9688 | adv/moduleC 1.00/1.00 | disc_steps 3 | grad(main/disc) 5.261/1.360 | lr(main/disc) 3.50e-05/1.75e-05 | cuda_peak(alloc/resv) 18.96/24.42GB | phase(train/val/raw/train_eval) 3.1/0.7/0.0/0.0s | 3.8s
2026-08-26 19:54:02 | Epoch 049/060 | loss 2.2382 | cls 1.3051 | tal -0.1462 | dual_g 0.9769 | dual_d 1.0829 | train_acc 0.9893 | train_full n/a | val_acc 0.9848 | val_f1 0.9832 | adv/moduleC 1.00/1.00 | disc_steps 3 | grad(main/disc) 4.425/1.379 | lr(main/disc) 3.50e-05/1.75e-05 | cuda_peak(alloc/resv) 18.96/24.42GB | phase(train/val/raw/train_eval) 3.1/0.7/0.0/0.0s | 3.7s
2026-08-26 19:54:07 | Epoch 050/060 | loss 2.2689 | cls 1.3291 | tal -0.1577 | dual_g 0.9871 | dual_d 1.0839 | train_acc 0.9750 | train_full 0.9941 | val_acc 0.9697 | val_f1 0.9705 | adv/moduleC 1.00/1.00 | disc_steps 3 | grad(main/disc) 4.970/1.379 | lr(main/disc) 3.50e-05/1.75e-05 | cuda_peak(alloc/resv) 18.96/24.42GB | phase(train/val/raw/train_eval) 3.0/0.7/0.7/0.9s | 5.3s
2026-08-26 19:54:11 | Epoch 051/060 | loss 2.2301 | cls 1.3110 | tal -0.2123 | dual_g 0.9828 | dual_d 1.0988 | train_acc 0.9732 | train_full n/a | val_acc 0.9773 | val_f1 0.9768 | adv/moduleC 1.00/1.00 | disc_steps 3 | grad(main/disc) 4.666/1.389 | lr(main/disc) 3.50e-05/1.75e-05 | cuda_peak(alloc/resv) 18.96/24.42GB | phase(train/val/raw/train_eval) 3.1/0.7/0.0/0.0s | 3.8s
2026-08-26 19:54:15 | Epoch 052/060 | loss 2.2318 | cls 1.3028 | tal -0.1550 | dual_g 0.9755 | dual_d 1.1267 | train_acc 0.9893 | train_full n/a | val_acc 0.9621 | val_f1 0.9648 | adv/moduleC 1.00/1.00 | disc_steps 3 | grad(main/disc) 4.460/1.410 | lr(main/disc) 3.50e-05/1.75e-05 | cuda_peak(alloc/resv) 18.96/24.42GB | phase(train/val/raw/train_eval) 3.3/0.7/0.0/0.0s | 3.9s
2026-08-26 19:54:19 | Epoch 053/060 | loss 2.2175 | cls 1.2933 | tal -0.1716 | dual_g 0.9757 | dual_d 1.0771 | train_acc 0.9893 | train_full n/a | val_acc 0.9773 | val_f1 0.9773 | adv/moduleC 1.00/1.00 | disc_steps 3 | grad(main/disc) 4.778/1.333 | lr(main/disc) 3.50e-05/1.75e-05 | cuda_peak(alloc/resv) 18.96/24.42GB | phase(train/val/raw/train_eval) 2.9/0.7/0.0/0.0s | 3.5s
2026-08-26 19:54:22 | Epoch 054/060 | loss 2.2186 | cls 1.2946 | tal -0.1658 | dual_g 0.9738 | dual_d 1.0986 | train_acc 0.9911 | train_full n/a | val_acc 0.9773 | val_f1 0.9773 | adv/moduleC 1.00/1.00 | disc_steps 3 | grad(main/disc) 4.015/1.371 | lr(main/disc) 3.50e-05/1.75e-05 | cuda_peak(alloc/resv) 18.96/24.42GB | phase(train/val/raw/train_eval) 3.1/0.7/0.0/0.0s | 3.8s
2026-08-26 19:54:28 | Epoch 055/060 | loss 2.2083 | cls 1.2858 | tal -0.1537 | dual_g 0.9686 | dual_d 1.1135 | train_acc 0.9804 | train_full 1.0000 | val_acc 0.9848 | val_f1 0.9772 | adv/moduleC 1.00/1.00 | disc_steps 3 | grad(main/disc) 4.072/1.368 | lr(main/disc) 3.50e-05/1.75e-05 | cuda_peak(alloc/resv) 18.96/24.42GB | phase(train/val/raw/train_eval) 3.1/0.7/0.7/0.9s | 5.4s
2026-08-26 19:54:32 | Epoch 056/060 | loss 2.2216 | cls 1.2945 | tal -0.1474 | dual_g 0.9713 | dual_d 1.1091 | train_acc 0.9964 | train_full n/a | val_acc 0.9697 | val_f1 0.9749 | adv/moduleC 1.00/1.00 | disc_steps 3 | grad(main/disc) 4.601/1.361 | lr(main/disc) 1.75e-05/8.75e-06 | cuda_peak(alloc/resv) 18.96/24.42GB | phase(train/val/raw/train_eval) 3.1/0.7/0.0/0.0s | 3.8s
2026-08-26 19:54:35 | Epoch 057/060 | loss 2.2203 | cls 1.2950 | tal -0.1704 | dual_g 0.9764 | dual_d 1.0258 | train_acc 0.9821 | train_full n/a | val_acc 0.9848 | val_f1 0.9830 | adv/moduleC 1.00/1.00 | disc_steps 3 | grad(main/disc) 4.719/1.301 | lr(main/disc) 1.75e-05/8.75e-06 | cuda_peak(alloc/resv) 18.96/24.42GB | phase(train/val/raw/train_eval) 3.0/0.7/0.0/0.0s | 3.7s
2026-08-26 19:54:39 | Epoch 058/060 | loss 2.1854 | cls 1.2852 | tal -0.1898 | dual_g 0.9572 | dual_d 1.0858 | train_acc 0.9929 | train_full n/a | val_acc 0.9773 | val_f1 0.9773 | adv/moduleC 1.00/1.00 | disc_steps 3 | grad(main/disc) 3.567/1.347 | lr(main/disc) 1.75e-05/8.75e-06 | cuda_peak(alloc/resv) 18.96/24.42GB | phase(train/val/raw/train_eval) 3.1/0.7/0.0/0.0s | 3.8s
2026-08-26 19:54:43 | Epoch 059/060 | loss 2.1962 | cls 1.2840 | tal -0.1562 | dual_g 0.9591 | dual_d 1.0883 | train_acc 0.9893 | train_full n/a | val_acc 0.9697 | val_f1 0.9582 | adv/moduleC 1.00/1.00 | disc_steps 3 | grad(main/disc) 3.844/1.338 | lr(main/disc) 1.75e-05/8.75e-06 | cuda_peak(alloc/resv) 18.96/24.42GB | phase(train/val/raw/train_eval) 3.3/0.7/0.0/0.0s | 4.0s
2026-08-26 19:54:48 | Epoch 060/060 | loss 2.1898 | cls 1.2850 | tal -0.1909 | dual_g 0.9621 | dual_d 1.0895 | train_acc 0.9911 | train_full 0.9921 | val_acc 0.9773 | val_f1 0.9773 | adv/moduleC 1.00/1.00 | disc_steps 3 | grad(main/disc) 3.920/1.313 | lr(main/disc) 1.75e-05/8.75e-06 | cuda_peak(alloc/resv) 18.96/24.42GB | phase(train/val/raw/train_eval) 3.1/0.7/0.7/0.9s | 5.4s
2026-08-26 19:54:48 | Training complete. Best validation accuracy: 0.9848 | best val_f1_macro_present: 0.9830
