2026-08-22 01:20:08 | Starting Dual_D standalone training
2026-08-22 01:20:08 | Run directory: runs/module_c_ablation/module_c_no_paired_contrastive_雨天_iter03_20260821_184954
2026-08-22 01:20:08 | Device: cuda
2026-08-22 01:20:08 | Source train samples: 992
2026-08-22 01:20:08 | Target train samples: 96
2026-08-22 01:20:08 | Target val samples: 26
2026-08-22 01:20:08 | Classes: 14
2026-08-22 01:20:08 | Data audit: same_dir=False | path_overlap(vis/ir/ais)=0/0/0 | content_overlap(vis/ir/ais)=0/0/0 | ais_index_overlap=0 | stem_mismatch(vis-ir/vis-ais)=117/0
2026-08-22 01:20:08 | source_train classes: present 14/14 | absent 0 | counts [0:120, 1:44, 2:69, 3:45, 4:40, 5:30, 6:64, 7:80, 8:116, 9:68, 10:57, 11:83, 12:48, 13:128]
2026-08-22 01:20:08 | target_train classes: present 6/14 | absent 8 | counts [0:7, 2:19, 9:32, 10:12, 11:6, 13:20]
2026-08-22 01:20:08 | target_val classes: present 6/14 | absent 8 | counts [0:2, 2:5, 9:8, 10:4, 11:2, 13:5]
2026-08-22 01:20:08 | Paired training classes: 6/14 | class ids [0, 2, 9, 10, 11, 13]
2026-08-22 01:20:08 | VIS/IR pairing: class-level-unpaired | count-mismatch classes train/val: 10/0 | AIS alignment: none | AIS rows train/val: 0/0
2026-08-22 01:20:09 | Model parameters: total=17277714 | trainable=17120210
2026-08-22 01:20:31 | Epoch 001/100 | loss 9.0041 | cls 4.8258 | tal 0.0733 | dual_g 4.1563 | dual_d 0.0000 | train_acc 0.0938 | train_full 0.0625 | val_acc 0.0385 | val_f1 0.0196 | grad(main/disc) 30.914/0.000 | lr(main/disc) 7.00e-05/3.50e-05 | 22.4s
2026-08-22 01:20:31 | New best val_f1_macro_present: 0.0196 at epoch 1
2026-08-22 01:20:50 | Epoch 002/100 | loss 7.5919 | cls 4.0658 | tal -0.0285 | dual_g 3.5346 | dual_d 0.0000 | train_acc 0.2109 | train_full 0.1771 | val_acc 0.1538 | val_f1 0.0952 | grad(main/disc) 26.330/0.000 | lr(main/disc) 7.00e-05/3.50e-05 | 18.9s
2026-08-22 01:20:50 | New best val_f1_macro_present: 0.0952 at epoch 2
2026-08-22 01:21:11 | Epoch 003/100 | loss 6.9896 | cls 3.6944 | tal 0.0331 | dual_g 3.2853 | dual_d 0.0000 | train_acc 0.3203 | train_full 0.2083 | val_acc 0.1923 | val_f1 0.1250 | grad(main/disc) 25.093/0.000 | lr(main/disc) 7.00e-05/3.50e-05 | 20.7s
2026-08-22 01:21:11 | New best val_f1_macro_present: 0.1250 at epoch 3
2026-08-22 01:21:34 | Epoch 004/100 | loss 6.3807 | cls 3.3074 | tal 0.0612 | dual_g 3.0549 | dual_d 0.0000 | train_acc 0.4297 | train_full 0.1042 | val_acc 0.0769 | val_f1 0.0513 | grad(main/disc) 21.804/0.000 | lr(main/disc) 7.00e-05/3.50e-05 | 22.7s
2026-08-22 01:21:56 | Epoch 005/100 | loss 5.9928 | cls 3.1675 | tal 0.0376 | dual_g 2.8140 | dual_d 0.0000 | train_acc 0.4297 | train_full 0.2396 | val_acc 0.3077 | val_f1 0.2230 | grad(main/disc) 20.907/0.000 | lr(main/disc) 7.00e-05/3.50e-05 | 22.3s
2026-08-22 01:21:57 | New best val_f1_macro_present: 0.2230 at epoch 5
2026-08-22 01:22:18 | Epoch 006/100 | loss 5.2331 | cls 2.7003 | tal 0.0226 | dual_g 2.5260 | dual_d 0.9399 | train_acc 0.5703 | train_full 0.1667 | val_acc 0.2308 | val_f1 0.1667 | grad(main/disc) 18.336/2.141 | lr(main/disc) 7.00e-05/3.50e-05 | 21.6s
2026-08-22 01:22:39 | Epoch 007/100 | loss 5.2462 | cls 2.8583 | tal 0.0383 | dual_g 2.3764 | dual_d 0.8682 | train_acc 0.6094 | train_full 0.1979 | val_acc 0.3077 | val_f1 0.2118 | grad(main/disc) 19.737/2.106 | lr(main/disc) 7.00e-05/3.50e-05 | 21.2s
2026-08-22 01:23:01 | Epoch 008/100 | loss 5.0084 | cls 2.6906 | tal 0.1260 | dual_g 2.2801 | dual_d 0.9430 | train_acc 0.6719 | train_full 0.2604 | val_acc 0.3077 | val_f1 0.2118 | grad(main/disc) 18.291/2.114 | lr(main/disc) 7.00e-05/3.50e-05 | 21.8s
2026-08-22 01:23:24 | Epoch 009/100 | loss 5.0872 | cls 2.7259 | tal 0.1216 | dual_g 2.3248 | dual_d 0.8231 | train_acc 0.6484 | train_full 0.2812 | val_acc 0.2692 | val_f1 0.1761 | grad(main/disc) 19.506/2.021 | lr(main/disc) 7.00e-05/3.50e-05 | 23.1s
2026-08-22 01:23:46 | Epoch 010/100 | loss 4.5130 | cls 2.2848 | tal 0.1357 | dual_g 2.1875 | dual_d 0.8160 | train_acc 0.7422 | train_full 0.3750 | val_acc 0.3846 | val_f1 0.3907 | grad(main/disc) 17.056/1.987 | lr(main/disc) 7.00e-05/3.50e-05 | 21.7s
2026-08-22 01:23:46 | New best val_f1_macro_present: 0.3907 at epoch 10
2026-08-22 01:24:07 | Epoch 011/100 | loss 4.3108 | cls 2.2045 | tal 0.1111 | dual_g 2.0729 | dual_d 0.8522 | train_acc 0.7266 | train_full 0.5104 | val_acc 0.5000 | val_f1 0.4550 | grad(main/disc) 17.630/1.963 | lr(main/disc) 7.00e-05/3.50e-05 | 20.5s
2026-08-22 01:24:07 | New best val_f1_macro_present: 0.4550 at epoch 11
2026-08-22 01:24:29 | Epoch 012/100 | loss 4.2220 | cls 2.1387 | tal 0.0571 | dual_g 2.0661 | dual_d 0.8303 | train_acc 0.7500 | train_full 0.5312 | val_acc 0.5000 | val_f1 0.4076 | grad(main/disc) 19.262/1.863 | lr(main/disc) 7.00e-05/3.50e-05 | 21.6s
2026-08-22 01:24:50 | Epoch 013/100 | loss 3.9290 | cls 1.9829 | tal 0.0473 | dual_g 1.9319 | dual_d 0.8258 | train_acc 0.8047 | train_full 0.4375 | val_acc 0.4231 | val_f1 0.3319 | grad(main/disc) 15.829/1.986 | lr(main/disc) 7.00e-05/3.50e-05 | 21.9s
2026-08-22 01:25:11 | Epoch 014/100 | loss 3.7629 | cls 1.9317 | tal 0.0664 | dual_g 1.8112 | dual_d 0.8824 | train_acc 0.8203 | train_full 0.4583 | val_acc 0.4615 | val_f1 0.4494 | grad(main/disc) 17.431/1.995 | lr(main/disc) 7.00e-05/3.50e-05 | 20.3s
2026-08-22 01:25:33 | Epoch 015/100 | loss 3.6682 | cls 1.8635 | tal 0.0105 | dual_g 1.8015 | dual_d 0.8430 | train_acc 0.7969 | train_full 0.5208 | val_acc 0.5385 | val_f1 0.5294 | grad(main/disc) 14.367/1.803 | lr(main/disc) 7.00e-05/3.50e-05 | 21.7s
2026-08-22 01:25:33 | New best val_f1_macro_present: 0.5294 at epoch 15
2026-08-22 01:25:53 | Epoch 016/100 | loss 3.6739 | cls 1.9107 | tal 0.0428 | dual_g 1.7503 | dual_d 0.8785 | train_acc 0.8359 | train_full 0.7604 | val_acc 0.5769 | val_f1 0.6164 | grad(main/disc) 16.563/1.902 | lr(main/disc) 7.00e-05/3.50e-05 | 20.5s
2026-08-22 01:25:53 | New best val_f1_macro_present: 0.6164 at epoch 16
2026-08-22 01:26:15 | Epoch 017/100 | loss 3.4065 | cls 1.6731 | tal -0.0348 | dual_g 1.7439 | dual_d 0.7458 | train_acc 0.8672 | train_full 0.7604 | val_acc 0.5769 | val_f1 0.6164 | grad(main/disc) 15.120/1.692 | lr(main/disc) 7.00e-05/3.50e-05 | 21.5s
2026-08-22 01:26:36 | Epoch 018/100 | loss 3.3301 | cls 1.7040 | tal -0.0539 | dual_g 1.6423 | dual_d 0.7637 | train_acc 0.8672 | train_full 0.8125 | val_acc 0.6154 | val_f1 0.6505 | grad(main/disc) 15.710/1.653 | lr(main/disc) 7.00e-05/3.50e-05 | 20.8s
2026-08-22 01:26:36 | New best val_f1_macro_present: 0.6505 at epoch 18
2026-08-22 01:26:56 | Epoch 019/100 | loss 3.2636 | cls 1.6481 | tal -0.0370 | dual_g 1.6266 | dual_d 0.7426 | train_acc 0.8984 | train_full 0.7604 | val_acc 0.5769 | val_f1 0.5975 | grad(main/disc) 12.594/1.675 | lr(main/disc) 7.00e-05/3.50e-05 | 20.5s
2026-08-22 01:27:17 | Epoch 020/100 | loss 3.3136 | cls 1.7098 | tal -0.0409 | dual_g 1.6160 | dual_d 0.8254 | train_acc 0.8359 | train_full 0.7292 | val_acc 0.5769 | val_f1 0.6123 | grad(main/disc) 16.835/1.831 | lr(main/disc) 7.00e-05/3.50e-05 | 20.3s
2026-08-22 01:27:40 | Epoch 021/100 | loss 3.1485 | cls 1.6397 | tal -0.0582 | dual_g 1.5263 | dual_d 0.8368 | train_acc 0.8750 | train_full 0.7604 | val_acc 0.6923 | val_f1 0.7319 | grad(main/disc) 14.158/1.760 | lr(main/disc) 7.00e-05/3.50e-05 | 22.8s
2026-08-22 01:27:40 | New best val_f1_macro_present: 0.7319 at epoch 21
2026-08-22 01:28:01 | Epoch 022/100 | loss 3.0639 | cls 1.5586 | tal -0.0262 | dual_g 1.5131 | dual_d 0.8008 | train_acc 0.9453 | train_full 0.8021 | val_acc 0.6923 | val_f1 0.7310 | grad(main/disc) 12.692/1.765 | lr(main/disc) 7.00e-05/3.50e-05 | 21.0s
2026-08-22 01:28:22 | Epoch 023/100 | loss 3.1744 | cls 1.6187 | tal -0.0399 | dual_g 1.5676 | dual_d 0.7826 | train_acc 0.8906 | train_full 0.7500 | val_acc 0.6154 | val_f1 0.6557 | grad(main/disc) 13.215/1.699 | lr(main/disc) 7.00e-05/3.50e-05 | 21.5s
2026-08-22 01:28:44 | Epoch 024/100 | loss 3.0943 | cls 1.5593 | tal 0.0169 | dual_g 1.5299 | dual_d 0.7506 | train_acc 0.9453 | train_full 0.8542 | val_acc 0.7692 | val_f1 0.7835 | grad(main/disc) 16.542/1.662 | lr(main/disc) 7.00e-05/3.50e-05 | 22.0s
2026-08-22 01:28:45 | New best val_f1_macro_present: 0.7835 at epoch 24
2026-08-22 01:29:05 | Epoch 025/100 | loss 2.9955 | cls 1.4853 | tal -0.0726 | dual_g 1.5320 | dual_d 0.7323 | train_acc 0.9609 | train_full 0.7604 | val_acc 0.5769 | val_f1 0.5975 | grad(main/disc) 14.645/1.616 | lr(main/disc) 7.00e-05/3.50e-05 | 20.5s
2026-08-22 01:29:27 | Epoch 026/100 | loss 3.1082 | cls 1.5781 | tal -0.0676 | dual_g 1.5504 | dual_d 0.8111 | train_acc 0.9375 | train_full 0.8021 | val_acc 0.7308 | val_f1 0.7700 | grad(main/disc) 17.508/1.783 | lr(main/disc) 7.00e-05/3.50e-05 | 21.6s
2026-08-22 01:29:48 | Epoch 027/100 | loss 3.0268 | cls 1.5702 | tal -0.0315 | dual_g 1.4661 | dual_d 0.7858 | train_acc 0.9062 | train_full 0.8333 | val_acc 0.6538 | val_f1 0.6669 | grad(main/disc) 14.289/1.683 | lr(main/disc) 7.00e-05/3.50e-05 | 20.8s
2026-08-22 01:30:10 | Epoch 028/100 | loss 3.1911 | cls 1.6520 | tal -0.0530 | dual_g 1.5551 | dual_d 0.7485 | train_acc 0.8828 | train_full 0.8021 | val_acc 0.7308 | val_f1 0.7398 | grad(main/disc) 17.040/1.647 | lr(main/disc) 7.00e-05/3.50e-05 | 22.0s
2026-08-22 01:30:32 | Epoch 029/100 | loss 2.9337 | cls 1.4638 | tal -0.0204 | dual_g 1.4760 | dual_d 0.7360 | train_acc 0.9531 | train_full 0.8854 | val_acc 0.8077 | val_f1 0.8241 | grad(main/disc) 16.437/1.608 | lr(main/disc) 7.00e-05/3.50e-05 | 22.7s
2026-08-22 01:30:33 | New best val_f1_macro_present: 0.8241 at epoch 29
2026-08-22 01:30:53 | Epoch 030/100 | loss 2.9022 | cls 1.5044 | tal -0.0632 | dual_g 1.4168 | dual_d 0.8231 | train_acc 0.9844 | train_full 0.9271 | val_acc 0.7692 | val_f1 0.7859 | grad(main/disc) 13.456/1.730 | lr(main/disc) 7.00e-05/3.50e-05 | 20.8s
2026-08-22 01:31:16 | Epoch 031/100 | loss 2.8159 | cls 1.3954 | tal -0.0181 | dual_g 1.4259 | dual_d 0.7747 | train_acc 0.9844 | train_full 0.9583 | val_acc 0.9231 | val_f1 0.9370 | grad(main/disc) 10.740/1.682 | lr(main/disc) 7.00e-05/3.50e-05 | 22.4s
2026-08-22 01:31:16 | New best val_f1_macro_present: 0.9370 at epoch 31
2026-08-22 01:31:37 | Epoch 032/100 | loss 2.9879 | cls 1.5300 | tal -0.0478 | dual_g 1.4722 | dual_d 0.8026 | train_acc 0.9453 | train_full 0.9479 | val_acc 0.9615 | val_f1 0.9630 | grad(main/disc) 14.098/1.631 | lr(main/disc) 7.00e-05/3.50e-05 | 21.3s
2026-08-22 01:31:38 | New best val_f1_macro_present: 0.9630 at epoch 32
2026-08-22 01:31:59 | Epoch 033/100 | loss 2.8635 | cls 1.4344 | tal -0.1134 | dual_g 1.4632 | dual_d 0.8245 | train_acc 0.9688 | train_full 0.9479 | val_acc 0.9615 | val_f1 0.9630 | grad(main/disc) 13.903/1.772 | lr(main/disc) 7.00e-05/3.50e-05 | 21.8s
2026-08-22 01:32:21 | Epoch 034/100 | loss 2.8190 | cls 1.4468 | tal -0.0626 | dual_g 1.3910 | dual_d 0.8322 | train_acc 0.9766 | train_full 0.9479 | val_acc 0.9231 | val_f1 0.8923 | grad(main/disc) 10.352/1.690 | lr(main/disc) 7.00e-05/3.50e-05 | 21.1s
2026-08-22 01:32:43 | Epoch 035/100 | loss 2.8502 | cls 1.4647 | tal -0.1557 | dual_g 1.4322 | dual_d 0.8136 | train_acc 0.9766 | train_full 0.9479 | val_acc 0.9615 | val_f1 0.9630 | grad(main/disc) 10.446/1.610 | lr(main/disc) 7.00e-05/3.50e-05 | 22.4s
2026-08-22 01:33:06 | Epoch 036/100 | loss 2.7820 | cls 1.4004 | tal -0.1092 | dual_g 1.4143 | dual_d 0.7951 | train_acc 0.9922 | train_full 0.9479 | val_acc 0.8846 | val_f1 0.8831 | grad(main/disc) 8.825/1.625 | lr(main/disc) 7.00e-05/3.50e-05 | 22.9s
2026-08-22 01:33:27 | Epoch 037/100 | loss 2.6960 | cls 1.3901 | tal -0.1976 | dual_g 1.3651 | dual_d 0.8434 | train_acc 0.9844 | train_full 0.9479 | val_acc 0.9615 | val_f1 0.9630 | grad(main/disc) 8.250/1.743 | lr(main/disc) 7.00e-05/3.50e-05 | 21.3s
2026-08-22 01:33:48 | Epoch 038/100 | loss 2.6296 | cls 1.3248 | tal -0.1826 | dual_g 1.3595 | dual_d 0.8633 | train_acc 0.9922 | train_full 0.9479 | val_acc 0.9615 | val_f1 0.9630 | grad(main/disc) 6.773/1.671 | lr(main/disc) 7.00e-05/3.50e-05 | 21.1s
2026-08-22 01:34:09 | Epoch 039/100 | loss 2.6986 | cls 1.3796 | tal -0.1448 | dual_g 1.3625 | dual_d 0.8486 | train_acc 0.9688 | train_full 0.9792 | val_acc 0.9615 | val_f1 0.9630 | grad(main/disc) 8.935/1.684 | lr(main/disc) 3.50e-05/1.75e-05 | 20.9s
2026-08-22 01:34:29 | Epoch 040/100 | loss 2.7336 | cls 1.4104 | tal -0.1649 | dual_g 1.3727 | dual_d 0.8297 | train_acc 0.9844 | train_full 0.9583 | val_acc 0.9231 | val_f1 0.9250 | grad(main/disc) 10.083/1.715 | lr(main/disc) 3.50e-05/1.75e-05 | 20.2s
2026-08-22 01:34:51 | Epoch 041/100 | loss 2.6065 | cls 1.3666 | tal -0.2489 | dual_g 1.3147 | dual_d 0.9557 | train_acc 0.9766 | train_full 0.9271 | val_acc 0.8846 | val_f1 0.8831 | grad(main/disc) 8.081/1.776 | lr(main/disc) 3.50e-05/1.75e-05 | 21.1s
2026-08-22 01:34:51 | Early stopping at epoch 41 after 9 epochs without val_f1_macro_present improvement.
2026-08-22 01:34:51 | Training complete. Best validation accuracy: 0.9615 | best val_f1_macro_present: 0.9630
