2026-08-29 18:39:20 | Starting Dual_D standalone training
2026-08-29 18:39:20 | Run directory: runs/module_c_ablation_60_v7/module_c_20260829_145907/module_c_no_classification_feedback_逆光_20260829_182253
2026-08-29 18:39:20 | Device: cuda
2026-08-29 18:39:20 | Source train samples: 992
2026-08-29 18:39:20 | Target train samples: 132
2026-08-29 18:39:20 | Target val samples: 37
2026-08-29 18:39:20 | Classes: 14
2026-08-29 18:39:20 | Data audit: same_dir=False | path_overlap(vis/ir/ais)=0/0/0 | content_overlap(vis/ir/ais)=0/0/0 | ais_index_overlap=0 | stem_mismatch(vis-ir/vis-ais)=157/0
2026-08-29 18:39:20 | source_train classes: present 14/14 | absent 0 | counts [0:120, 1:44, 2:69, 3:45, 4:40, 5:30, 6:64, 7:80, 8:116, 9:68, 10:57, 11:83, 12:48, 13:128]
2026-08-29 18:39:20 | target_train classes: present 9/14 | absent 5 | counts [0:20, 2:12, 4:12, 5:2, 9:16, 10:16, 11:29, 12:4, 13:21]
2026-08-29 18:39:20 | target_val classes: present 9/14 | absent 5 | counts [0:6, 2:3, 4:4, 5:1, 9:4, 10:4, 11:8, 12:1, 13:6]
2026-08-29 18:39:20 | Paired training classes: 9/14 | class ids [0, 2, 4, 5, 9, 10, 11, 12, 13]
2026-08-29 18:39:20 | Runtime profile: batch=92 | paired_steps=4 | workers=16 | train_eval_every=5 | raw_eval_every=5 | stability_window=3 | lr_scheduler_start=24 | early_stop=18 after min_epoch=45
2026-08-29 18:39:20 | VIS/IR pairing: class-level-unpaired | count-mismatch classes train/val: 10/1 | AIS alignment: none | AIS rows train/val: 0/0
2026-08-29 18:39:21 | Effective Dual-D loss weights: {"adv_auxiliary": 0.025, "adv_primary": 0.025, "classification": 0.0, "contrastive": 0.035, "cycle": 0.12, "identity": 0.03, "prototype_contrastive": 0.06}
2026-08-29 18:39:21 | Model parameters: total=17277714 | trainable=17120210
2026-08-29 18:39:26 | Epoch 001/060 | loss 6.0719 | cls 6.1325 | tal -0.2023 | dual_g 0.0000 | dual_d 0.0000 | train_acc 0.0652 | train_full 0.0000 | val_acc 0.0000 | val_f1 0.0000 | adv/moduleC 0.00/0.00 | disc_steps 0 | grad(main/disc) 16.949/0.000 | lr(main/disc) 6.50e-05/2.75e-05 | cuda_peak(alloc/resv) 21.77/28.18GB | phase(train/val/raw/train_eval) 3.9/0.6/0.6/0.8s | 5.9s
2026-08-29 18:39:30 | Epoch 002/060 | loss 4.9763 | cls 5.0494 | tal -0.2436 | dual_g 0.0000 | dual_d 0.0000 | train_acc 0.1576 | train_full n/a | val_acc 0.1351 | val_f1 0.0668 | adv/moduleC 0.00/0.00 | disc_steps 0 | grad(main/disc) 14.044/0.000 | lr(main/disc) 6.50e-05/2.75e-05 | cuda_peak(alloc/resv) 21.77/28.18GB | phase(train/val/raw/train_eval) 3.1/0.6/0.0/0.0s | 3.7s
2026-08-29 18:39:34 | Epoch 003/060 | loss 4.2785 | cls 4.3360 | tal -0.1917 | dual_g 0.0000 | dual_d 0.0000 | train_acc 0.2935 | train_full n/a | val_acc 0.2432 | val_f1 0.1515 | adv/moduleC 0.00/0.00 | disc_steps 0 | grad(main/disc) 12.029/0.000 | lr(main/disc) 6.50e-05/2.75e-05 | cuda_peak(alloc/resv) 21.77/28.18GB | phase(train/val/raw/train_eval) 3.1/0.6/0.6/0.0s | 4.3s
2026-08-29 18:39:37 | New best val_f1_macro_present: raw=0.1515 stable_score=0.0000 at epoch 3
2026-08-29 18:39:42 | Epoch 004/060 | loss 3.8530 | cls 3.9085 | tal -0.1849 | dual_g 0.0000 | dual_d 0.0000 | train_acc 0.3424 | train_full n/a | val_acc 0.3243 | val_f1 0.2134 | adv/moduleC 0.00/0.00 | disc_steps 0 | grad(main/disc) 10.961/0.000 | lr(main/disc) 6.50e-05/2.75e-05 | cuda_peak(alloc/resv) 21.77/28.18GB | phase(train/val/raw/train_eval) 3.6/0.6/0.6/0.0s | 4.8s
2026-08-29 18:39:45 | New best val_f1_macro_present: raw=0.2134 stable_score=0.0668 at epoch 4
2026-08-29 18:39:50 | Epoch 005/060 | loss 3.6355 | cls 3.6763 | tal -0.2423 | dual_g 0.0318 | dual_d 0.0000 | train_acc 0.4429 | train_full 0.5076 | val_acc 0.4865 | val_f1 0.4631 | adv/moduleC 0.00/0.12 | disc_steps 0 | grad(main/disc) 10.378/0.000 | lr(main/disc) 6.50e-05/2.75e-05 | cuda_peak(alloc/resv) 21.77/28.18GB | phase(train/val/raw/train_eval) 3.7/0.6/0.6/0.8s | 5.6s
2026-08-29 18:39:53 | New best val_f1_macro_present: raw=0.4631 stable_score=0.1515 at epoch 5
2026-08-29 18:39:58 | Epoch 006/060 | loss 3.3272 | cls 3.3417 | tal -0.2541 | dual_g 0.0617 | dual_d 0.0000 | train_acc 0.4701 | train_full n/a | val_acc 0.6216 | val_f1 0.6061 | adv/moduleC 0.00/0.25 | disc_steps 0 | grad(main/disc) 9.685/0.000 | lr(main/disc) 6.50e-05/2.75e-05 | cuda_peak(alloc/resv) 21.77/28.18GB | phase(train/val/raw/train_eval) 3.0/0.6/0.6/0.0s | 4.1s
2026-08-29 18:40:00 | New best val_f1_macro_present: raw=0.6061 stable_score=0.2134 at epoch 6
2026-08-29 18:40:05 | Epoch 007/060 | loss 3.0769 | cls 3.0655 | tal -0.2803 | dual_g 0.0955 | dual_d 0.7909 | train_acc 0.5815 | train_full n/a | val_acc 0.7027 | val_f1 0.6531 | adv/moduleC 0.07/0.38 | disc_steps 2 | grad(main/disc) 9.045/1.566 | lr(main/disc) 6.50e-05/2.75e-05 | cuda_peak(alloc/resv) 21.77/28.18GB | phase(train/val/raw/train_eval) 3.3/0.6/0.6/0.0s | 4.5s
2026-08-29 18:40:08 | New best val_f1_macro_present: raw=0.6531 stable_score=0.4631 at epoch 7
2026-08-29 18:40:13 | Epoch 008/060 | loss 2.8878 | cls 2.8420 | tal -0.2728 | dual_g 0.1277 | dual_d 0.8074 | train_acc 0.6304 | train_full n/a | val_acc 0.8649 | val_f1 0.8831 | adv/moduleC 0.14/0.50 | disc_steps 2 | grad(main/disc) 8.645/1.533 | lr(main/disc) 6.50e-05/2.75e-05 | cuda_peak(alloc/resv) 21.77/28.18GB | phase(train/val/raw/train_eval) 3.5/0.6/0.6/0.0s | 4.6s
2026-08-29 18:40:15 | New best val_f1_macro_present: raw=0.8831 stable_score=0.6061 at epoch 8
2026-08-29 18:40:20 | Epoch 009/060 | loss 2.7699 | cls 2.7055 | tal -0.3072 | dual_g 0.1566 | dual_d 0.8071 | train_acc 0.6196 | train_full n/a | val_acc 0.8649 | val_f1 0.8831 | adv/moduleC 0.21/0.62 | disc_steps 2 | grad(main/disc) 9.077/1.581 | lr(main/disc) 6.50e-05/2.75e-05 | cuda_peak(alloc/resv) 21.77/28.18GB | phase(train/val/raw/train_eval) 3.0/0.6/0.6/0.0s | 4.1s
2026-08-29 18:40:23 | New best val_f1_macro_present: raw=0.8831 stable_score=0.6531 at epoch 9
2026-08-29 18:40:28 | Epoch 010/060 | loss 2.6415 | cls 2.5470 | tal -0.3018 | dual_g 0.1850 | dual_d 0.8004 | train_acc 0.6848 | train_full 0.8636 | val_acc 0.8108 | val_f1 0.8418 | adv/moduleC 0.29/0.75 | disc_steps 2 | grad(main/disc) 8.880/1.578 | lr(main/disc) 6.50e-05/2.75e-05 | cuda_peak(alloc/resv) 21.77/28.18GB | phase(train/val/raw/train_eval) 3.4/0.6/0.6/0.8s | 5.4s
2026-08-29 18:40:31 | New best val_f1_macro_present: raw=0.8418 stable_score=0.8418 at epoch 10
2026-08-29 18:40:35 | Epoch 011/060 | loss 2.5584 | cls 2.4200 | tal -0.2522 | dual_g 0.2141 | dual_d 0.8380 | train_acc 0.7310 | train_full n/a | val_acc 0.8378 | val_f1 0.8602 | adv/moduleC 0.36/0.88 | disc_steps 2 | grad(main/disc) 8.547/1.557 | lr(main/disc) 6.50e-05/2.75e-05 | cuda_peak(alloc/resv) 21.77/28.18GB | phase(train/val/raw/train_eval) 3.5/0.6/0.0/0.0s | 4.1s
2026-08-29 18:40:39 | Epoch 012/060 | loss 2.4554 | cls 2.2771 | tal -0.2079 | dual_g 0.2407 | dual_d 0.8116 | train_acc 0.7582 | train_full n/a | val_acc 0.9189 | val_f1 0.9263 | adv/moduleC 0.43/1.00 | disc_steps 2 | grad(main/disc) 8.437/1.525 | lr(main/disc) 6.50e-05/2.75e-05 | cuda_peak(alloc/resv) 21.77/28.18GB | phase(train/val/raw/train_eval) 3.2/0.6/0.0/0.0s | 3.8s
2026-08-29 18:40:43 | Epoch 013/060 | loss 2.3873 | cls 2.2014 | tal -0.1722 | dual_g 0.2376 | dual_d 0.8542 | train_acc 0.7310 | train_full n/a | val_acc 0.9189 | val_f1 0.9261 | adv/moduleC 0.50/1.00 | disc_steps 2 | grad(main/disc) 8.097/1.545 | lr(main/disc) 6.50e-05/2.75e-05 | cuda_peak(alloc/resv) 21.77/28.18GB | phase(train/val/raw/train_eval) 3.2/0.6/0.6/0.0s | 4.4s
2026-08-29 18:40:46 | New best val_f1_macro_present: raw=0.9261 stable_score=0.8602 at epoch 13
2026-08-29 18:40:51 | Epoch 014/060 | loss 2.3286 | cls 2.1143 | tal -0.0825 | dual_g 0.2391 | dual_d 0.8010 | train_acc 0.7880 | train_full n/a | val_acc 0.9459 | val_f1 0.9331 | adv/moduleC 0.57/1.00 | disc_steps 2 | grad(main/disc) 7.797/1.466 | lr(main/disc) 6.50e-05/2.75e-05 | cuda_peak(alloc/resv) 21.77/28.18GB | phase(train/val/raw/train_eval) 3.6/0.6/0.6/0.0s | 4.8s
2026-08-29 18:40:54 | New best val_f1_macro_present: raw=0.9331 stable_score=0.9261 at epoch 14
2026-08-29 18:40:59 | Epoch 015/060 | loss 2.2505 | cls 2.0520 | tal -0.1207 | dual_g 0.2347 | dual_d 0.8537 | train_acc 0.8098 | train_full 0.9318 | val_acc 0.9189 | val_f1 0.9253 | adv/moduleC 0.64/1.00 | disc_steps 2 | grad(main/disc) 7.981/1.450 | lr(main/disc) 6.50e-05/2.75e-05 | cuda_peak(alloc/resv) 21.77/28.18GB | phase(train/val/raw/train_eval) 3.2/0.6/0.6/0.8s | 5.1s
2026-08-29 18:41:03 | Epoch 016/060 | loss 2.1273 | cls 1.9230 | tal -0.0939 | dual_g 0.2325 | dual_d 0.8733 | train_acc 0.8342 | train_full n/a | val_acc 0.8919 | val_f1 0.9055 | adv/moduleC 0.71/1.00 | disc_steps 2 | grad(main/disc) 7.352/1.486 | lr(main/disc) 6.50e-05/2.75e-05 | cuda_peak(alloc/resv) 21.77/28.18GB | phase(train/val/raw/train_eval) 3.4/0.6/0.0/0.0s | 3.9s
2026-08-29 18:41:06 | Epoch 017/060 | loss 2.0844 | cls 1.8756 | tal -0.0824 | dual_g 0.2335 | dual_d 0.8887 | train_acc 0.8886 | train_full n/a | val_acc 0.9189 | val_f1 0.9358 | adv/moduleC 0.79/1.00 | disc_steps 2 | grad(main/disc) 7.626/1.440 | lr(main/disc) 6.50e-05/2.75e-05 | cuda_peak(alloc/resv) 21.77/28.18GB | phase(train/val/raw/train_eval) 3.2/0.6/0.0/0.0s | 3.7s
2026-08-29 18:41:10 | Epoch 018/060 | loss 2.0144 | cls 1.8115 | tal -0.0862 | dual_g 0.2288 | dual_d 0.8370 | train_acc 0.8995 | train_full n/a | val_acc 0.9730 | val_f1 0.9776 | adv/moduleC 0.86/1.00 | disc_steps 2 | grad(main/disc) 8.107/1.435 | lr(main/disc) 6.50e-05/2.75e-05 | cuda_peak(alloc/resv) 21.77/28.18GB | phase(train/val/raw/train_eval) 3.5/0.6/0.0/0.0s | 4.1s
2026-08-29 18:41:15 | Epoch 019/060 | loss 1.9551 | cls 1.7581 | tal -0.0942 | dual_g 0.2252 | dual_d 0.9141 | train_acc 0.8832 | train_full n/a | val_acc 0.9459 | val_f1 0.9578 | adv/moduleC 0.93/1.00 | disc_steps 2 | grad(main/disc) 7.186/1.511 | lr(main/disc) 6.50e-05/2.75e-05 | cuda_peak(alloc/resv) 21.77/28.18GB | phase(train/val/raw/train_eval) 3.1/0.6/0.6/0.0s | 4.2s
2026-08-29 18:41:18 | New best val_f1_macro_present: raw=0.9578 stable_score=0.9358 at epoch 19
2026-08-29 18:41:23 | Epoch 020/060 | loss 1.9494 | cls 1.7483 | tal -0.0743 | dual_g 0.2233 | dual_d 0.9216 | train_acc 0.8804 | train_full 0.9621 | val_acc 0.9459 | val_f1 0.9578 | adv/moduleC 1.00/1.00 | disc_steps 2 | grad(main/disc) 9.038/1.513 | lr(main/disc) 6.50e-05/2.75e-05 | cuda_peak(alloc/resv) 21.77/28.18GB | phase(train/val/raw/train_eval) 3.0/0.6/0.6/0.8s | 5.0s
2026-08-29 18:41:25 | New best val_f1_macro_present: raw=0.9578 stable_score=0.9578 at epoch 20
2026-08-29 18:41:29 | Epoch 021/060 | loss 1.8352 | cls 1.6298 | tal -0.0475 | dual_g 0.2197 | dual_d 0.9608 | train_acc 0.9076 | train_full n/a | val_acc 0.9459 | val_f1 0.9578 | adv/moduleC 1.00/1.00 | disc_steps 2 | grad(main/disc) 6.458/1.536 | lr(main/disc) 6.50e-05/2.75e-05 | cuda_peak(alloc/resv) 21.77/28.18GB | phase(train/val/raw/train_eval) 3.4/0.6/0.0/0.0s | 4.0s
2026-08-29 18:41:33 | Epoch 022/060 | loss 1.8358 | cls 1.6514 | tal -0.1036 | dual_g 0.2154 | dual_d 0.9609 | train_acc 0.9212 | train_full n/a | val_acc 0.9459 | val_f1 0.9578 | adv/moduleC 1.00/1.00 | disc_steps 2 | grad(main/disc) 7.894/1.502 | lr(main/disc) 6.50e-05/2.75e-05 | cuda_peak(alloc/resv) 21.77/28.18GB | phase(train/val/raw/train_eval) 2.9/0.6/0.0/0.0s | 3.5s
2026-08-29 18:41:37 | Epoch 023/060 | loss 1.7300 | cls 1.5493 | tal -0.0924 | dual_g 0.2085 | dual_d 0.9493 | train_acc 0.9402 | train_full n/a | val_acc 0.9459 | val_f1 0.9578 | adv/moduleC 1.00/1.00 | disc_steps 2 | grad(main/disc) 6.016/1.486 | lr(main/disc) 6.50e-05/2.75e-05 | cuda_peak(alloc/resv) 21.77/28.18GB | phase(train/val/raw/train_eval) 3.1/0.6/0.0/0.0s | 3.7s
2026-08-29 18:41:40 | Epoch 024/060 | loss 1.7030 | cls 1.5333 | tal -0.1256 | dual_g 0.2074 | dual_d 0.9745 | train_acc 0.9375 | train_full n/a | val_acc 0.9459 | val_f1 0.9578 | adv/moduleC 1.00/1.00 | disc_steps 2 | grad(main/disc) 7.152/1.506 | lr(main/disc) 6.50e-05/2.75e-05 | cuda_peak(alloc/resv) 21.77/28.18GB | phase(train/val/raw/train_eval) 3.1/0.6/0.0/0.0s | 3.6s
2026-08-29 18:41:46 | Epoch 025/060 | loss 1.6646 | cls 1.5027 | tal -0.1264 | dual_g 0.1998 | dual_d 1.0301 | train_acc 0.9293 | train_full 0.9924 | val_acc 0.9459 | val_f1 0.9578 | adv/moduleC 1.00/1.00 | disc_steps 2 | grad(main/disc) 6.279/1.528 | lr(main/disc) 6.50e-05/2.75e-05 | cuda_peak(alloc/resv) 21.77/28.18GB | phase(train/val/raw/train_eval) 3.4/0.6/0.6/0.9s | 5.5s
2026-08-29 18:41:49 | Epoch 026/060 | loss 1.6692 | cls 1.5242 | tal -0.1771 | dual_g 0.1981 | dual_d 1.0419 | train_acc 0.9266 | train_full n/a | val_acc 0.9459 | val_f1 0.9578 | adv/moduleC 1.00/1.00 | disc_steps 2 | grad(main/disc) 6.637/1.599 | lr(main/disc) 6.50e-05/2.75e-05 | cuda_peak(alloc/resv) 21.77/28.18GB | phase(train/val/raw/train_eval) 3.1/0.6/0.0/0.0s | 3.7s
2026-08-29 18:41:53 | Epoch 027/060 | loss 1.5951 | cls 1.4629 | tal -0.2084 | dual_g 0.1947 | dual_d 1.0560 | train_acc 0.9647 | train_full n/a | val_acc 0.9459 | val_f1 0.9578 | adv/moduleC 1.00/1.00 | disc_steps 2 | grad(main/disc) 5.905/1.547 | lr(main/disc) 6.50e-05/2.75e-05 | cuda_peak(alloc/resv) 21.77/28.18GB | phase(train/val/raw/train_eval) 3.2/0.6/0.0/0.0s | 3.7s
2026-08-29 18:41:57 | Epoch 028/060 | loss 1.5677 | cls 1.4164 | tal -0.1330 | dual_g 0.1912 | dual_d 1.0485 | train_acc 0.9674 | train_full n/a | val_acc 1.0000 | val_f1 1.0000 | adv/moduleC 1.00/1.00 | disc_steps 2 | grad(main/disc) 5.632/1.602 | lr(main/disc) 6.50e-05/2.75e-05 | cuda_peak(alloc/resv) 21.77/28.18GB | phase(train/val/raw/train_eval) 3.3/0.6/0.0/0.0s | 3.8s
2026-08-29 18:42:01 | Epoch 029/060 | loss 1.5918 | cls 1.4451 | tal -0.1350 | dual_g 0.1872 | dual_d 1.0583 | train_acc 0.9565 | train_full n/a | val_acc 0.9459 | val_f1 0.9616 | adv/moduleC 1.00/1.00 | disc_steps 2 | grad(main/disc) 5.978/1.571 | lr(main/disc) 6.50e-05/2.75e-05 | cuda_peak(alloc/resv) 21.77/28.18GB | phase(train/val/raw/train_eval) 3.2/0.6/0.0/0.0s | 3.8s
2026-08-29 18:42:06 | Epoch 030/060 | loss 1.5779 | cls 1.4133 | tal -0.0638 | dual_g 0.1837 | dual_d 1.1030 | train_acc 0.9538 | train_full 0.9924 | val_acc 1.0000 | val_f1 1.0000 | adv/moduleC 1.00/1.00 | disc_steps 2 | grad(main/disc) 5.848/1.557 | lr(main/disc) 6.50e-05/2.75e-05 | cuda_peak(alloc/resv) 21.77/28.18GB | phase(train/val/raw/train_eval) 3.4/0.6/0.6/0.8s | 5.4s
2026-08-29 18:42:09 | New best val_f1_macro_present: raw=1.0000 stable_score=0.9616 at epoch 30
2026-08-29 18:42:13 | Epoch 031/060 | loss 1.4878 | cls 1.3601 | tal -0.1879 | dual_g 0.1841 | dual_d 1.0756 | train_acc 0.9674 | train_full n/a | val_acc 0.9459 | val_f1 0.9603 | adv/moduleC 1.00/1.00 | disc_steps 2 | grad(main/disc) 6.204/1.524 | lr(main/disc) 6.50e-05/2.75e-05 | cuda_peak(alloc/resv) 21.77/28.18GB | phase(train/val/raw/train_eval) 3.1/0.6/0.0/0.0s | 3.7s
2026-08-29 18:42:17 | Epoch 032/060 | loss 1.5352 | cls 1.3988 | tal -0.1469 | dual_g 0.1804 | dual_d 0.9880 | train_acc 0.9783 | train_full n/a | val_acc 0.9730 | val_f1 0.9802 | adv/moduleC 1.00/1.00 | disc_steps 2 | grad(main/disc) 5.347/1.432 | lr(main/disc) 6.50e-05/2.75e-05 | cuda_peak(alloc/resv) 21.77/28.18GB | phase(train/val/raw/train_eval) 3.6/0.6/0.0/0.0s | 4.1s
2026-08-29 18:42:21 | Epoch 033/060 | loss 1.5541 | cls 1.3993 | tal -0.0867 | dual_g 0.1808 | dual_d 1.1034 | train_acc 0.9674 | train_full n/a | val_acc 0.9730 | val_f1 0.9776 | adv/moduleC 1.00/1.00 | disc_steps 2 | grad(main/disc) 5.727/1.564 | lr(main/disc) 6.50e-05/2.75e-05 | cuda_peak(alloc/resv) 21.77/28.18GB | phase(train/val/raw/train_eval) 3.3/0.6/0.0/0.0s | 3.9s
2026-08-29 18:42:25 | Epoch 034/060 | loss 1.5113 | cls 1.3561 | tal -0.0715 | dual_g 0.1766 | dual_d 1.0729 | train_acc 0.9728 | train_full n/a | val_acc 0.9730 | val_f1 0.9776 | adv/moduleC 1.00/1.00 | disc_steps 2 | grad(main/disc) 5.517/1.488 | lr(main/disc) 6.50e-05/2.75e-05 | cuda_peak(alloc/resv) 21.77/28.18GB | phase(train/val/raw/train_eval) 3.3/0.6/0.6/0.0s | 4.5s
2026-08-29 18:42:28 | New best val_f1_macro_present: raw=0.9776 stable_score=0.9776 at epoch 34
2026-08-29 18:42:33 | Epoch 035/060 | loss 1.4594 | cls 1.3227 | tal -0.1235 | dual_g 0.1738 | dual_d 1.0796 | train_acc 0.9783 | train_full 1.0000 | val_acc 1.0000 | val_f1 1.0000 | adv/moduleC 1.00/1.00 | disc_steps 2 | grad(main/disc) 4.711/1.482 | lr(main/disc) 6.50e-05/2.75e-05 | cuda_peak(alloc/resv) 21.77/28.18GB | phase(train/val/raw/train_eval) 3.1/0.6/0.6/0.8s | 5.1s
2026-08-29 18:42:37 | Epoch 036/060 | loss 1.4313 | cls 1.3060 | tal -0.1538 | dual_g 0.1715 | dual_d 1.0894 | train_acc 0.9891 | train_full n/a | val_acc 1.0000 | val_f1 1.0000 | adv/moduleC 1.00/1.00 | disc_steps 2 | grad(main/disc) 4.059/1.508 | lr(main/disc) 6.50e-05/2.75e-05 | cuda_peak(alloc/resv) 21.77/28.18GB | phase(train/val/raw/train_eval) 3.5/0.6/0.0/0.0s | 4.0s
2026-08-29 18:42:42 | Epoch 037/060 | loss 1.4483 | cls 1.3187 | tal -0.1309 | dual_g 0.1689 | dual_d 1.1196 | train_acc 0.9891 | train_full n/a | val_acc 1.0000 | val_f1 1.0000 | adv/moduleC 1.00/1.00 | disc_steps 2 | grad(main/disc) 4.621/1.541 | lr(main/disc) 6.50e-05/2.75e-05 | cuda_peak(alloc/resv) 21.77/28.18GB | phase(train/val/raw/train_eval) 3.4/0.6/0.6/0.0s | 4.6s
2026-08-29 18:42:45 | New best val_f1_macro_present: raw=1.0000 stable_score=1.0000 at epoch 37
2026-08-29 18:42:49 | Epoch 038/060 | loss 1.4052 | cls 1.2942 | tal -0.1752 | dual_g 0.1635 | dual_d 1.0681 | train_acc 0.9864 | train_full n/a | val_acc 0.9730 | val_f1 0.9776 | adv/moduleC 1.00/1.00 | disc_steps 2 | grad(main/disc) 4.388/1.480 | lr(main/disc) 6.50e-05/2.75e-05 | cuda_peak(alloc/resv) 21.77/28.18GB | phase(train/val/raw/train_eval) 3.5/0.6/0.0/0.0s | 4.1s
2026-08-29 18:42:53 | Epoch 039/060 | loss 1.4586 | cls 1.3272 | tal -0.1074 | dual_g 0.1636 | dual_d 1.1713 | train_acc 0.9837 | train_full n/a | val_acc 1.0000 | val_f1 1.0000 | adv/moduleC 1.00/1.00 | disc_steps 2 | grad(main/disc) 5.349/1.541 | lr(main/disc) 3.25e-05/1.38e-05 | cuda_peak(alloc/resv) 21.77/28.18GB | phase(train/val/raw/train_eval) 3.6/0.6/0.0/0.0s | 4.2s
2026-08-29 18:42:58 | Epoch 040/060 | loss 1.4184 | cls 1.3116 | tal -0.1779 | dual_g 0.1602 | dual_d 1.0656 | train_acc 0.9864 | train_full 1.0000 | val_acc 1.0000 | val_f1 1.0000 | adv/moduleC 1.00/1.00 | disc_steps 2 | grad(main/disc) 3.792/1.430 | lr(main/disc) 3.25e-05/1.38e-05 | cuda_peak(alloc/resv) 21.77/28.18GB | phase(train/val/raw/train_eval) 3.2/0.6/0.6/0.8s | 5.2s
2026-08-29 18:43:02 | Epoch 041/060 | loss 1.4038 | cls 1.2960 | tal -0.1593 | dual_g 0.1555 | dual_d 1.1534 | train_acc 0.9973 | train_full n/a | val_acc 1.0000 | val_f1 1.0000 | adv/moduleC 1.00/1.00 | disc_steps 2 | grad(main/disc) 3.903/1.504 | lr(main/disc) 3.25e-05/1.38e-05 | cuda_peak(alloc/resv) 21.77/28.18GB | phase(train/val/raw/train_eval) 3.5/0.6/0.0/0.0s | 4.1s
2026-08-29 18:43:06 | Epoch 042/060 | loss 1.3662 | cls 1.2720 | tal -0.2095 | dual_g 0.1571 | dual_d 1.1586 | train_acc 0.9918 | train_full n/a | val_acc 0.9730 | val_f1 0.9776 | adv/moduleC 1.00/1.00 | disc_steps 2 | grad(main/disc) 3.747/1.509 | lr(main/disc) 3.25e-05/1.38e-05 | cuda_peak(alloc/resv) 21.77/28.18GB | phase(train/val/raw/train_eval) 3.2/0.6/0.0/0.0s | 3.7s
2026-08-29 18:43:10 | Epoch 043/060 | loss 1.3743 | cls 1.2782 | tal -0.1894 | dual_g 0.1529 | dual_d 1.1382 | train_acc 0.9891 | train_full n/a | val_acc 1.0000 | val_f1 1.0000 | adv/moduleC 1.00/1.00 | disc_steps 2 | grad(main/disc) 4.339/1.499 | lr(main/disc) 3.25e-05/1.38e-05 | cuda_peak(alloc/resv) 21.77/28.18GB | phase(train/val/raw/train_eval) 3.2/0.6/0.0/0.0s | 3.8s
2026-08-29 18:43:14 | Epoch 044/060 | loss 1.3937 | cls 1.2867 | tal -0.1484 | dual_g 0.1516 | dual_d 1.1438 | train_acc 0.9864 | train_full n/a | val_acc 1.0000 | val_f1 1.0000 | adv/moduleC 1.00/1.00 | disc_steps 2 | grad(main/disc) 4.252/1.497 | lr(main/disc) 3.25e-05/1.38e-05 | cuda_peak(alloc/resv) 21.77/28.18GB | phase(train/val/raw/train_eval) 3.2/0.6/0.0/0.0s | 3.8s
2026-08-29 18:43:19 | Epoch 045/060 | loss 1.3592 | cls 1.2700 | tal -0.2031 | dual_g 0.1501 | dual_d 1.1884 | train_acc 0.9918 | train_full 0.9924 | val_acc 1.0000 | val_f1 1.0000 | adv/moduleC 1.00/1.00 | disc_steps 2 | grad(main/disc) 3.815/1.528 | lr(main/disc) 3.25e-05/1.38e-05 | cuda_peak(alloc/resv) 21.77/28.18GB | phase(train/val/raw/train_eval) 3.5/0.6/0.6/0.8s | 5.5s
2026-08-29 18:43:23 | Epoch 046/060 | loss 1.3782 | cls 1.2886 | tal -0.1995 | dual_g 0.1495 | dual_d 1.1309 | train_acc 0.9918 | train_full n/a | val_acc 1.0000 | val_f1 1.0000 | adv/moduleC 1.00/1.00 | disc_steps 2 | grad(main/disc) 4.106/1.477 | lr(main/disc) 3.25e-05/1.38e-05 | cuda_peak(alloc/resv) 21.77/28.18GB | phase(train/val/raw/train_eval) 3.5/0.6/0.0/0.0s | 4.1s
2026-08-29 18:43:27 | Epoch 047/060 | loss 1.3419 | cls 1.2604 | tal -0.2229 | dual_g 0.1484 | dual_d 1.1199 | train_acc 0.9918 | train_full n/a | val_acc 1.0000 | val_f1 1.0000 | adv/moduleC 1.00/1.00 | disc_steps 2 | grad(main/disc) 3.502/1.459 | lr(main/disc) 3.25e-05/1.38e-05 | cuda_peak(alloc/resv) 21.77/28.18GB | phase(train/val/raw/train_eval) 3.5/0.6/0.0/0.0s | 4.0s
2026-08-29 18:43:31 | Epoch 048/060 | loss 1.3388 | cls 1.2587 | tal -0.2275 | dual_g 0.1483 | dual_d 1.1259 | train_acc 0.9918 | train_full n/a | val_acc 1.0000 | val_f1 1.0000 | adv/moduleC 1.00/1.00 | disc_steps 2 | grad(main/disc) 3.579/1.454 | lr(main/disc) 3.25e-05/1.38e-05 | cuda_peak(alloc/resv) 21.77/28.18GB | phase(train/val/raw/train_eval) 3.4/0.6/0.0/0.0s | 4.0s
2026-08-29 18:43:35 | Epoch 049/060 | loss 1.3099 | cls 1.2505 | tal -0.2894 | dual_g 0.1462 | dual_d 1.1401 | train_acc 0.9891 | train_full n/a | val_acc 1.0000 | val_f1 1.0000 | adv/moduleC 1.00/1.00 | disc_steps 2 | grad(main/disc) 3.505/1.453 | lr(main/disc) 3.25e-05/1.38e-05 | cuda_peak(alloc/resv) 21.77/28.18GB | phase(train/val/raw/train_eval) 3.3/0.6/0.0/0.0s | 3.8s
2026-08-29 18:43:40 | Epoch 050/060 | loss 1.3304 | cls 1.2622 | tal -0.2560 | dual_g 0.1450 | dual_d 1.1360 | train_acc 0.9864 | train_full 1.0000 | val_acc 1.0000 | val_f1 1.0000 | adv/moduleC 1.00/1.00 | disc_steps 2 | grad(main/disc) 3.573/1.502 | lr(main/disc) 1.62e-05/6.88e-06 | cuda_peak(alloc/resv) 21.77/28.18GB | phase(train/val/raw/train_eval) 3.4/0.6/0.6/0.8s | 5.4s
2026-08-29 18:43:44 | Epoch 051/060 | loss 1.3513 | cls 1.2714 | tal -0.2199 | dual_g 0.1459 | dual_d 1.1482 | train_acc 0.9891 | train_full n/a | val_acc 1.0000 | val_f1 1.0000 | adv/moduleC 1.00/1.00 | disc_steps 2 | grad(main/disc) 4.111/1.481 | lr(main/disc) 1.62e-05/6.88e-06 | cuda_peak(alloc/resv) 21.77/28.18GB | phase(train/val/raw/train_eval) 3.0/0.6/0.0/0.0s | 3.6s
2026-08-29 18:43:48 | Epoch 052/060 | loss 1.3371 | cls 1.2537 | tal -0.2015 | dual_g 0.1438 | dual_d 1.1308 | train_acc 0.9918 | train_full n/a | val_acc 1.0000 | val_f1 1.0000 | adv/moduleC 1.00/1.00 | disc_steps 2 | grad(main/disc) 3.462/1.493 | lr(main/disc) 1.62e-05/6.88e-06 | cuda_peak(alloc/resv) 21.77/28.18GB | phase(train/val/raw/train_eval) 3.2/0.6/0.0/0.0s | 3.7s
2026-08-29 18:43:52 | Epoch 053/060 | loss 1.3361 | cls 1.2607 | tal -0.2268 | dual_g 0.1435 | dual_d 1.1449 | train_acc 0.9973 | train_full n/a | val_acc 1.0000 | val_f1 1.0000 | adv/moduleC 1.00/1.00 | disc_steps 2 | grad(main/disc) 3.278/1.470 | lr(main/disc) 1.62e-05/6.88e-06 | cuda_peak(alloc/resv) 21.77/28.18GB | phase(train/val/raw/train_eval) 3.2/0.6/0.0/0.0s | 3.8s
2026-08-29 18:43:55 | Epoch 054/060 | loss 1.2990 | cls 1.2398 | tal -0.2797 | dual_g 0.1432 | dual_d 1.1395 | train_acc 0.9973 | train_full n/a | val_acc 1.0000 | val_f1 1.0000 | adv/moduleC 1.00/1.00 | disc_steps 2 | grad(main/disc) 3.177/1.445 | lr(main/disc) 1.62e-05/6.88e-06 | cuda_peak(alloc/resv) 21.77/28.18GB | phase(train/val/raw/train_eval) 3.3/0.6/0.0/0.0s | 3.9s
2026-08-29 18:44:01 | Epoch 055/060 | loss 1.3005 | cls 1.2407 | tal -0.2758 | dual_g 0.1426 | dual_d 1.1684 | train_acc 0.9973 | train_full 1.0000 | val_acc 1.0000 | val_f1 1.0000 | adv/moduleC 1.00/1.00 | disc_steps 2 | grad(main/disc) 2.898/1.469 | lr(main/disc) 1.62e-05/6.88e-06 | cuda_peak(alloc/resv) 21.77/28.18GB | phase(train/val/raw/train_eval) 3.4/0.6/0.6/0.8s | 5.4s
2026-08-29 18:44:01 | Early stopping at epoch 55 after 18 epochs without val_f1_macro_present improvement.
2026-08-29 18:44:01 | Training complete. Peak validation accuracy: 1.0000 | selected val_f1_macro_present: 1.0000
