2026-08-27 17:53:11 | Starting Dual_D standalone training
2026-08-27 17:53:11 | Run directory: runs/module_c_ablation_60_v5/module_c_20260827_121947/module_c_no_module_c_雾天_20260827_171620
2026-08-27 17:53:11 | Device: cuda
2026-08-27 17:53:11 | Source train samples: 992
2026-08-27 17:53:11 | Target train samples: 507
2026-08-27 17:53:11 | Target val samples: 132
2026-08-27 17:53:11 | Classes: 14
2026-08-27 17:53:11 | Data audit: same_dir=False | path_overlap(vis/ir/ais)=0/0/0 | content_overlap(vis/ir/ais)=0/0/0 | ais_index_overlap=0 | stem_mismatch(vis-ir/vis-ais)=630/0
2026-08-27 17:53:11 | source_train classes: present 14/14 | absent 0 | counts [0:120, 1:44, 2:69, 3:45, 4:40, 5:30, 6:64, 7:80, 8:116, 9:68, 10:57, 11:83, 12:48, 13:128]
2026-08-27 17:53:11 | target_train classes: present 9/14 | absent 5 | counts [0:35, 1:18, 2:119, 6:110, 8:25, 9:50, 10:48, 12:9, 13:93]
2026-08-27 17:53:11 | target_val classes: present 9/14 | absent 5 | counts [0:9, 1:5, 2:30, 6:28, 8:7, 9:13, 10:13, 12:3, 13:24]
2026-08-27 17:53:11 | Paired training classes: 9/14 | class ids [0, 1, 2, 6, 8, 9, 10, 12, 13]
2026-08-27 17:53:11 | Runtime profile: batch=92 | paired_steps=6 | workers=16 | train_eval_every=5 | raw_eval_every=5 | early_stop=15 after min_epoch=48
2026-08-27 17:53:11 | VIS/IR pairing: class-level-unpaired | count-mismatch classes train/val: 10/2 | AIS alignment: none | AIS rows train/val: 0/0
2026-08-27 17:53:13 | Model parameters: total=17277714 | trainable=17120210
2026-08-27 17:53:18 | Epoch 001/060 | loss 5.4168 | cls 5.4167 | tal 0.0004 | dual_g 0.0000 | dual_d 0.0000 | train_acc 0.0743 | train_full 0.0197 | val_acc 0.0303 | val_f1 0.0199 | adv/moduleC 0.00/0.00 | disc_steps 0 | grad(main/disc) 14.362/0.000 | lr(main/disc) 7.00e-05/3.50e-05 | cuda_peak(alloc/resv) 21.77/28.18GB | phase(train/val/raw/train_eval) 3.6/0.7/0.7/1.0s | 6.0s
2026-08-27 17:53:22 | New best val_f1_macro_present: 0.0199 at epoch 1
2026-08-27 17:53:26 | Epoch 002/060 | loss 4.4359 | cls 4.4398 | tal -0.0131 | dual_g 0.0000 | dual_d 0.0000 | train_acc 0.1522 | train_full n/a | val_acc 0.0758 | val_f1 0.0286 | adv/moduleC 0.00/0.00 | disc_steps 0 | grad(main/disc) 11.431/0.000 | lr(main/disc) 7.00e-05/3.50e-05 | cuda_peak(alloc/resv) 21.77/28.18GB | phase(train/val/raw/train_eval) 3.0/0.7/0.7/0.0s | 4.4s
2026-08-27 17:53:29 | New best val_f1_macro_present: 0.0286 at epoch 2
2026-08-27 17:53:33 | Epoch 003/060 | loss 4.0102 | cls 4.0264 | tal -0.0541 | dual_g 0.0000 | dual_d 0.0000 | train_acc 0.1920 | train_full n/a | val_acc 0.1894 | val_f1 0.1581 | adv/moduleC 0.00/0.00 | disc_steps 0 | grad(main/disc) 9.902/0.000 | lr(main/disc) 7.00e-05/3.50e-05 | cuda_peak(alloc/resv) 21.77/28.18GB | phase(train/val/raw/train_eval) 3.0/0.7/0.7/0.0s | 4.4s
2026-08-27 17:53:36 | New best val_f1_macro_present: 0.1581 at epoch 3
2026-08-27 17:53:41 | Epoch 004/060 | loss 3.6237 | cls 3.6462 | tal -0.0751 | dual_g 0.0000 | dual_d 0.0000 | train_acc 0.2192 | train_full n/a | val_acc 0.2652 | val_f1 0.2070 | adv/moduleC 0.00/0.00 | disc_steps 0 | grad(main/disc) 9.044/0.000 | lr(main/disc) 7.00e-05/3.50e-05 | cuda_peak(alloc/resv) 21.77/28.18GB | phase(train/val/raw/train_eval) 3.2/0.7/0.7/0.0s | 4.6s
2026-08-27 17:53:44 | New best val_f1_macro_present: 0.2070 at epoch 4
2026-08-27 17:53:50 | Epoch 005/060 | loss 3.4200 | cls 3.4494 | tal -0.0977 | dual_g 0.0000 | dual_d 0.0000 | train_acc 0.2609 | train_full 0.4043 | val_acc 0.4318 | val_f1 0.3644 | adv/moduleC 0.00/0.00 | disc_steps 0 | grad(main/disc) 8.694/0.000 | lr(main/disc) 7.00e-05/3.50e-05 | cuda_peak(alloc/resv) 21.77/28.18GB | phase(train/val/raw/train_eval) 3.3/0.7/0.7/1.0s | 5.7s
2026-08-27 17:53:53 | New best val_f1_macro_present: 0.3644 at epoch 5
2026-08-27 17:53:57 | Epoch 006/060 | loss 3.2614 | cls 3.3076 | tal -0.1651 | dual_g 0.0034 | dual_d 0.8435 | train_acc 0.3007 | train_full n/a | val_acc 0.4394 | val_f1 0.3502 | adv/moduleC 0.05/0.10 | disc_steps 3 | grad(main/disc) 8.581/1.732 | lr(main/disc) 7.00e-05/3.50e-05 | cuda_peak(alloc/resv) 21.77/28.18GB | phase(train/val/raw/train_eval) 3.4/0.7/0.0/0.0s | 4.1s
2026-08-27 17:54:01 | Epoch 007/060 | loss 3.0570 | cls 3.0990 | tal -0.1629 | dual_g 0.0069 | dual_d 0.8301 | train_acc 0.3406 | train_full n/a | val_acc 0.5000 | val_f1 0.4883 | adv/moduleC 0.10/0.20 | disc_steps 3 | grad(main/disc) 8.336/1.709 | lr(main/disc) 7.00e-05/3.50e-05 | cuda_peak(alloc/resv) 21.77/28.18GB | phase(train/val/raw/train_eval) 3.2/0.7/0.7/0.0s | 4.6s
2026-08-27 17:54:05 | New best val_f1_macro_present: 0.4883 at epoch 7
2026-08-27 17:54:09 | Epoch 008/060 | loss 2.9365 | cls 2.9788 | tal -0.1711 | dual_g 0.0090 | dual_d 0.8526 | train_acc 0.3696 | train_full n/a | val_acc 0.5682 | val_f1 0.5684 | adv/moduleC 0.15/0.30 | disc_steps 3 | grad(main/disc) 8.092/1.665 | lr(main/disc) 7.00e-05/3.50e-05 | cuda_peak(alloc/resv) 21.77/28.18GB | phase(train/val/raw/train_eval) 3.1/0.7/0.7/0.0s | 4.5s
2026-08-27 17:54:12 | New best val_f1_macro_present: 0.5684 at epoch 8
2026-08-27 17:54:17 | Epoch 009/060 | loss 2.6978 | cls 2.7427 | tal -0.1843 | dual_g 0.0105 | dual_d 0.8674 | train_acc 0.4601 | train_full n/a | val_acc 0.6364 | val_f1 0.6154 | adv/moduleC 0.20/0.40 | disc_steps 3 | grad(main/disc) 8.131/1.683 | lr(main/disc) 7.00e-05/3.50e-05 | cuda_peak(alloc/resv) 21.77/28.18GB | phase(train/val/raw/train_eval) 3.3/0.7/0.7/0.0s | 4.7s
2026-08-27 17:54:20 | New best val_f1_macro_present: 0.6154 at epoch 9
2026-08-27 17:54:26 | Epoch 010/060 | loss 2.7269 | cls 2.7743 | tal -0.1960 | dual_g 0.0113 | dual_d 0.9317 | train_acc 0.4185 | train_full 0.6864 | val_acc 0.6212 | val_f1 0.5985 | adv/moduleC 0.25/0.50 | disc_steps 3 | grad(main/disc) 9.367/1.745 | lr(main/disc) 7.00e-05/3.50e-05 | cuda_peak(alloc/resv) 21.77/28.18GB | phase(train/val/raw/train_eval) 3.2/0.7/0.7/1.0s | 5.6s
2026-08-27 17:54:29 | Epoch 011/060 | loss 2.5244 | cls 2.5873 | tal -0.2499 | dual_g 0.0121 | dual_d 0.9501 | train_acc 0.4638 | train_full n/a | val_acc 0.5379 | val_f1 0.4610 | adv/moduleC 0.30/0.60 | disc_steps 3 | grad(main/disc) 9.698/1.732 | lr(main/disc) 7.00e-05/3.50e-05 | cuda_peak(alloc/resv) 21.77/28.18GB | phase(train/val/raw/train_eval) 3.2/0.7/0.0/0.0s | 3.9s
2026-08-27 17:54:33 | Epoch 012/060 | loss 2.4611 | cls 2.5201 | tal -0.2409 | dual_g 0.0133 | dual_d 0.9941 | train_acc 0.5507 | train_full n/a | val_acc 0.5682 | val_f1 0.5520 | adv/moduleC 0.35/0.70 | disc_steps 3 | grad(main/disc) 8.414/1.790 | lr(main/disc) 7.00e-05/3.50e-05 | cuda_peak(alloc/resv) 21.77/28.18GB | phase(train/val/raw/train_eval) 3.2/0.7/0.0/0.0s | 3.9s
2026-08-27 17:54:38 | Epoch 013/060 | loss 2.3861 | cls 2.4506 | tal -0.2630 | dual_g 0.0144 | dual_d 0.9915 | train_acc 0.5181 | train_full n/a | val_acc 0.7500 | val_f1 0.6870 | adv/moduleC 0.40/0.80 | disc_steps 3 | grad(main/disc) 10.500/1.688 | lr(main/disc) 7.00e-05/3.50e-05 | cuda_peak(alloc/resv) 21.77/28.18GB | phase(train/val/raw/train_eval) 3.1/0.7/0.7/0.0s | 4.5s
2026-08-27 17:54:41 | New best val_f1_macro_present: 0.6870 at epoch 13
2026-08-27 17:54:46 | Epoch 014/060 | loss 2.2688 | cls 2.3050 | tal -0.1711 | dual_g 0.0151 | dual_d 1.0126 | train_acc 0.5815 | train_full n/a | val_acc 0.7121 | val_f1 0.7384 | adv/moduleC 0.45/0.90 | disc_steps 3 | grad(main/disc) 8.670/1.680 | lr(main/disc) 7.00e-05/3.50e-05 | cuda_peak(alloc/resv) 21.77/28.18GB | phase(train/val/raw/train_eval) 3.3/0.7/0.7/0.0s | 4.7s
2026-08-27 17:54:49 | New best val_f1_macro_present: 0.7384 at epoch 14
2026-08-27 17:54:54 | Epoch 015/060 | loss 2.1645 | cls 2.1993 | tal -0.1694 | dual_g 0.0161 | dual_d 1.0697 | train_acc 0.5797 | train_full 0.8126 | val_acc 0.7348 | val_f1 0.7172 | adv/moduleC 0.50/1.00 | disc_steps 3 | grad(main/disc) 8.586/1.733 | lr(main/disc) 7.00e-05/3.50e-05 | cuda_peak(alloc/resv) 21.77/28.18GB | phase(train/val/raw/train_eval) 3.3/0.7/0.8/1.0s | 5.7s
2026-08-27 17:54:58 | Epoch 016/060 | loss 2.0594 | cls 2.1106 | tal -0.2281 | dual_g 0.0172 | dual_d 1.0691 | train_acc 0.6703 | train_full n/a | val_acc 0.7879 | val_f1 0.7039 | adv/moduleC 0.55/1.00 | disc_steps 3 | grad(main/disc) 8.558/1.729 | lr(main/disc) 7.00e-05/3.50e-05 | cuda_peak(alloc/resv) 21.77/28.18GB | phase(train/val/raw/train_eval) 3.1/0.7/0.0/0.0s | 3.8s
2026-08-27 17:55:03 | Epoch 017/060 | loss 2.0037 | cls 2.0686 | tal -0.2750 | dual_g 0.0176 | dual_d 1.0571 | train_acc 0.7138 | train_full n/a | val_acc 0.8485 | val_f1 0.7973 | adv/moduleC 0.60/1.00 | disc_steps 3 | grad(main/disc) 8.734/1.734 | lr(main/disc) 7.00e-05/3.50e-05 | cuda_peak(alloc/resv) 21.77/28.18GB | phase(train/val/raw/train_eval) 3.2/0.7/0.7/0.0s | 4.7s
2026-08-27 17:55:06 | New best val_f1_macro_present: 0.7973 at epoch 17
2026-08-27 17:55:10 | Epoch 018/060 | loss 1.8707 | cls 1.9175 | tal -0.2196 | dual_g 0.0191 | dual_d 1.0997 | train_acc 0.7591 | train_full n/a | val_acc 0.8258 | val_f1 0.8022 | adv/moduleC 0.65/1.00 | disc_steps 3 | grad(main/disc) 9.036/1.660 | lr(main/disc) 7.00e-05/3.50e-05 | cuda_peak(alloc/resv) 21.77/28.18GB | phase(train/val/raw/train_eval) 3.1/0.7/0.7/0.0s | 4.5s
2026-08-27 17:55:13 | New best val_f1_macro_present: 0.8022 at epoch 18
2026-08-27 17:55:17 | Epoch 019/060 | loss 1.8981 | cls 1.9354 | tal -0.1914 | dual_g 0.0201 | dual_d 1.0826 | train_acc 0.7409 | train_full n/a | val_acc 0.8182 | val_f1 0.7756 | adv/moduleC 0.70/1.00 | disc_steps 3 | grad(main/disc) 9.610/1.701 | lr(main/disc) 7.00e-05/3.50e-05 | cuda_peak(alloc/resv) 21.77/28.18GB | phase(train/val/raw/train_eval) 3.0/0.7/0.0/0.0s | 3.8s
2026-08-27 17:55:23 | Epoch 020/060 | loss 1.8484 | cls 1.8744 | tal -0.1564 | dual_g 0.0209 | dual_d 1.0949 | train_acc 0.7663 | train_full 0.8915 | val_acc 0.8561 | val_f1 0.8299 | adv/moduleC 0.75/1.00 | disc_steps 3 | grad(main/disc) 8.765/1.635 | lr(main/disc) 7.00e-05/3.50e-05 | cuda_peak(alloc/resv) 21.77/28.18GB | phase(train/val/raw/train_eval) 3.1/0.7/0.7/1.0s | 5.5s
2026-08-27 17:55:26 | New best val_f1_macro_present: 0.8299 at epoch 20
2026-08-27 17:55:30 | Epoch 021/060 | loss 1.7939 | cls 1.8048 | tal -0.1093 | dual_g 0.0219 | dual_d 1.1231 | train_acc 0.7935 | train_full n/a | val_acc 0.8561 | val_f1 0.8143 | adv/moduleC 0.80/1.00 | disc_steps 3 | grad(main/disc) 8.656/1.730 | lr(main/disc) 7.00e-05/3.50e-05 | cuda_peak(alloc/resv) 21.77/28.18GB | phase(train/val/raw/train_eval) 3.3/0.7/0.0/0.0s | 4.0s
2026-08-27 17:55:34 | Epoch 022/060 | loss 1.7829 | cls 1.7989 | tal -0.1224 | dual_g 0.0207 | dual_d 1.1735 | train_acc 0.7826 | train_full n/a | val_acc 0.8106 | val_f1 0.7212 | adv/moduleC 0.85/1.00 | disc_steps 3 | grad(main/disc) 9.068/1.749 | lr(main/disc) 7.00e-05/3.50e-05 | cuda_peak(alloc/resv) 21.77/28.18GB | phase(train/val/raw/train_eval) 3.1/0.7/0.0/0.0s | 3.8s
2026-08-27 17:55:38 | Epoch 023/060 | loss 1.7744 | cls 1.7832 | tal -0.1032 | dual_g 0.0222 | dual_d 1.1444 | train_acc 0.8207 | train_full n/a | val_acc 0.8864 | val_f1 0.8538 | adv/moduleC 0.90/1.00 | disc_steps 3 | grad(main/disc) 8.893/1.685 | lr(main/disc) 7.00e-05/3.50e-05 | cuda_peak(alloc/resv) 21.77/28.18GB | phase(train/val/raw/train_eval) 3.0/0.7/0.7/0.0s | 4.4s
2026-08-27 17:55:41 | New best val_f1_macro_present: 0.8538 at epoch 23
2026-08-27 17:55:45 | Epoch 024/060 | loss 1.7228 | cls 1.7434 | tal -0.1440 | dual_g 0.0226 | dual_d 1.1731 | train_acc 0.8207 | train_full n/a | val_acc 0.8409 | val_f1 0.7857 | adv/moduleC 0.95/1.00 | disc_steps 3 | grad(main/disc) 9.098/1.670 | lr(main/disc) 7.00e-05/3.50e-05 | cuda_peak(alloc/resv) 21.77/28.18GB | phase(train/val/raw/train_eval) 3.1/0.7/0.0/0.0s | 3.8s
2026-08-27 17:55:50 | Epoch 025/060 | loss 1.6853 | cls 1.7175 | tal -0.1843 | dual_g 0.0231 | dual_d 1.2068 | train_acc 0.8188 | train_full 0.9073 | val_acc 0.8333 | val_f1 0.7689 | adv/moduleC 1.00/1.00 | disc_steps 3 | grad(main/disc) 7.898/1.689 | lr(main/disc) 7.00e-05/3.50e-05 | cuda_peak(alloc/resv) 21.77/28.18GB | phase(train/val/raw/train_eval) 3.2/0.7/0.7/0.9s | 5.6s
2026-08-27 17:55:54 | Epoch 026/060 | loss 1.7487 | cls 1.7539 | tal -0.0919 | dual_g 0.0223 | dual_d 1.1853 | train_acc 0.7953 | train_full n/a | val_acc 0.8258 | val_f1 0.8190 | adv/moduleC 1.00/1.00 | disc_steps 3 | grad(main/disc) 10.486/1.650 | lr(main/disc) 7.00e-05/3.50e-05 | cuda_peak(alloc/resv) 21.77/28.18GB | phase(train/val/raw/train_eval) 3.0/0.7/0.0/0.0s | 3.7s
2026-08-27 17:55:58 | Epoch 027/060 | loss 1.6775 | cls 1.6635 | tal -0.0325 | dual_g 0.0238 | dual_d 1.1577 | train_acc 0.8460 | train_full n/a | val_acc 0.8939 | val_f1 0.8358 | adv/moduleC 1.00/1.00 | disc_steps 3 | grad(main/disc) 6.979/1.625 | lr(main/disc) 7.00e-05/3.50e-05 | cuda_peak(alloc/resv) 21.77/28.18GB | phase(train/val/raw/train_eval) 3.1/0.7/0.0/0.0s | 3.9s
2026-08-27 17:56:03 | Epoch 028/060 | loss 1.6436 | cls 1.6479 | tal -0.0881 | dual_g 0.0221 | dual_d 1.1908 | train_acc 0.8225 | train_full n/a | val_acc 0.8939 | val_f1 0.8552 | adv/moduleC 1.00/1.00 | disc_steps 3 | grad(main/disc) 7.612/1.647 | lr(main/disc) 7.00e-05/3.50e-05 | cuda_peak(alloc/resv) 21.77/28.18GB | phase(train/val/raw/train_eval) 3.4/0.7/0.7/0.0s | 4.8s
2026-08-27 17:56:06 | New best val_f1_macro_present: 0.8552 at epoch 28
2026-08-27 17:56:10 | Epoch 029/060 | loss 1.5718 | cls 1.6089 | tal -0.1988 | dual_g 0.0225 | dual_d 1.1623 | train_acc 0.8696 | train_full n/a | val_acc 0.9167 | val_f1 0.8756 | adv/moduleC 1.00/1.00 | disc_steps 3 | grad(main/disc) 7.193/1.590 | lr(main/disc) 7.00e-05/3.50e-05 | cuda_peak(alloc/resv) 21.77/28.18GB | phase(train/val/raw/train_eval) 3.0/0.7/0.7/0.0s | 4.4s
2026-08-27 17:56:13 | New best val_f1_macro_present: 0.8756 at epoch 29
2026-08-27 17:56:19 | Epoch 030/060 | loss 1.5279 | cls 1.5671 | tal -0.2050 | dual_g 0.0223 | dual_d 1.1733 | train_acc 0.8931 | train_full 0.9546 | val_acc 0.8864 | val_f1 0.8551 | adv/moduleC 1.00/1.00 | disc_steps 3 | grad(main/disc) 7.130/1.624 | lr(main/disc) 7.00e-05/3.50e-05 | cuda_peak(alloc/resv) 21.77/28.18GB | phase(train/val/raw/train_eval) 3.1/0.7/0.7/1.0s | 5.5s
2026-08-27 17:56:23 | Epoch 031/060 | loss 1.5116 | cls 1.5282 | tal -0.1285 | dual_g 0.0220 | dual_d 1.2041 | train_acc 0.8931 | train_full n/a | val_acc 0.9167 | val_f1 0.8644 | adv/moduleC 1.00/1.00 | disc_steps 3 | grad(main/disc) 5.853/1.600 | lr(main/disc) 7.00e-05/3.50e-05 | cuda_peak(alloc/resv) 21.77/28.18GB | phase(train/val/raw/train_eval) 3.2/0.7/0.0/0.0s | 3.9s
2026-08-27 17:56:27 | Epoch 032/060 | loss 1.5450 | cls 1.5489 | tal -0.0894 | dual_g 0.0229 | dual_d 1.1875 | train_acc 0.8841 | train_full n/a | val_acc 0.9167 | val_f1 0.8796 | adv/moduleC 1.00/1.00 | disc_steps 3 | grad(main/disc) 7.084/1.615 | lr(main/disc) 7.00e-05/3.50e-05 | cuda_peak(alloc/resv) 21.77/28.18GB | phase(train/val/raw/train_eval) 3.0/0.7/0.7/0.0s | 4.4s
2026-08-27 17:56:30 | New best val_f1_macro_present: 0.8796 at epoch 32
2026-08-27 17:56:35 | Epoch 033/060 | loss 1.4938 | cls 1.4908 | tal -0.0604 | dual_g 0.0212 | dual_d 1.2190 | train_acc 0.9239 | train_full n/a | val_acc 0.9242 | val_f1 0.9273 | adv/moduleC 1.00/1.00 | disc_steps 3 | grad(main/disc) 6.007/1.642 | lr(main/disc) 7.00e-05/3.50e-05 | cuda_peak(alloc/resv) 21.77/28.18GB | phase(train/val/raw/train_eval) 3.1/0.7/0.7/0.0s | 4.5s
2026-08-27 17:56:38 | New best val_f1_macro_present: 0.9273 at epoch 33
2026-08-27 17:56:42 | Epoch 034/060 | loss 1.4671 | cls 1.4660 | tal -0.0659 | dual_g 0.0209 | dual_d 1.2216 | train_acc 0.9384 | train_full n/a | val_acc 0.8788 | val_f1 0.8621 | adv/moduleC 1.00/1.00 | disc_steps 3 | grad(main/disc) 5.955/1.593 | lr(main/disc) 7.00e-05/3.50e-05 | cuda_peak(alloc/resv) 21.77/28.18GB | phase(train/val/raw/train_eval) 3.1/0.7/0.0/0.0s | 3.8s
2026-08-27 17:56:47 | Epoch 035/060 | loss 1.4752 | cls 1.4862 | tal -0.1101 | dual_g 0.0220 | dual_d 1.1828 | train_acc 0.9366 | train_full 0.9546 | val_acc 0.9091 | val_f1 0.9226 | adv/moduleC 1.00/1.00 | disc_steps 3 | grad(main/disc) 5.872/1.593 | lr(main/disc) 7.00e-05/3.50e-05 | cuda_peak(alloc/resv) 21.77/28.18GB | phase(train/val/raw/train_eval) 3.0/0.7/0.7/1.0s | 5.4s
2026-08-27 17:56:51 | Epoch 036/060 | loss 1.4381 | cls 1.4445 | tal -0.0921 | dual_g 0.0213 | dual_d 1.1924 | train_acc 0.9420 | train_full n/a | val_acc 0.9318 | val_f1 0.9123 | adv/moduleC 1.00/1.00 | disc_steps 3 | grad(main/disc) 6.202/1.568 | lr(main/disc) 7.00e-05/3.50e-05 | cuda_peak(alloc/resv) 21.77/28.18GB | phase(train/val/raw/train_eval) 3.3/0.7/0.0/0.0s | 4.0s
2026-08-27 17:56:55 | Epoch 037/060 | loss 1.4353 | cls 1.4546 | tal -0.1376 | dual_g 0.0220 | dual_d 1.2116 | train_acc 0.9275 | train_full n/a | val_acc 0.9470 | val_f1 0.9246 | adv/moduleC 1.00/1.00 | disc_steps 3 | grad(main/disc) 5.446/1.594 | lr(main/disc) 7.00e-05/3.50e-05 | cuda_peak(alloc/resv) 21.77/28.18GB | phase(train/val/raw/train_eval) 3.4/0.7/0.0/0.0s | 4.1s
2026-08-27 17:56:59 | Epoch 038/060 | loss 1.4290 | cls 1.4499 | tal -0.1387 | dual_g 0.0208 | dual_d 1.1710 | train_acc 0.9384 | train_full n/a | val_acc 0.9167 | val_f1 0.8797 | adv/moduleC 1.00/1.00 | disc_steps 3 | grad(main/disc) 5.116/1.557 | lr(main/disc) 7.00e-05/3.50e-05 | cuda_peak(alloc/resv) 21.77/28.18GB | phase(train/val/raw/train_eval) 3.1/0.7/0.0/0.0s | 3.8s
2026-08-27 17:57:03 | Epoch 039/060 | loss 1.4144 | cls 1.4524 | tal -0.2036 | dual_g 0.0230 | dual_d 1.1978 | train_acc 0.9475 | train_full n/a | val_acc 0.9091 | val_f1 0.8784 | adv/moduleC 1.00/1.00 | disc_steps 3 | grad(main/disc) 5.311/1.562 | lr(main/disc) 7.00e-05/3.50e-05 | cuda_peak(alloc/resv) 21.77/28.18GB | phase(train/val/raw/train_eval) 3.3/0.7/0.0/0.0s | 4.0s
2026-08-27 17:57:08 | Epoch 040/060 | loss 1.3778 | cls 1.4040 | tal -0.1624 | dual_g 0.0225 | dual_d 1.1799 | train_acc 0.9583 | train_full 0.9684 | val_acc 0.9167 | val_f1 0.9307 | adv/moduleC 1.00/1.00 | disc_steps 3 | grad(main/disc) 4.867/1.549 | lr(main/disc) 7.00e-05/3.50e-05 | cuda_peak(alloc/resv) 21.77/28.18GB | phase(train/val/raw/train_eval) 3.0/0.7/0.7/0.9s | 5.4s
2026-08-27 17:57:11 | New best val_f1_macro_present: 0.9307 at epoch 40
2026-08-27 17:57:16 | Epoch 041/060 | loss 1.3874 | cls 1.4083 | tal -0.1433 | dual_g 0.0221 | dual_d 1.2099 | train_acc 0.9638 | train_full n/a | val_acc 0.9242 | val_f1 0.9394 | adv/moduleC 1.00/1.00 | disc_steps 3 | grad(main/disc) 5.091/1.547 | lr(main/disc) 7.00e-05/3.50e-05 | cuda_peak(alloc/resv) 21.77/28.18GB | phase(train/val/raw/train_eval) 3.1/0.7/0.7/0.0s | 4.5s
2026-08-27 17:57:19 | New best val_f1_macro_present: 0.9394 at epoch 41
2026-08-27 17:57:23 | Epoch 042/060 | loss 1.3911 | cls 1.4013 | tal -0.1096 | dual_g 0.0227 | dual_d 1.1530 | train_acc 0.9438 | train_full n/a | val_acc 0.9167 | val_f1 0.9115 | adv/moduleC 1.00/1.00 | disc_steps 3 | grad(main/disc) 4.683/1.529 | lr(main/disc) 7.00e-05/3.50e-05 | cuda_peak(alloc/resv) 21.77/28.18GB | phase(train/val/raw/train_eval) 3.3/0.7/0.0/0.0s | 4.0s
2026-08-27 17:57:27 | Epoch 043/060 | loss 1.3814 | cls 1.3998 | tal -0.1373 | dual_g 0.0228 | dual_d 1.1742 | train_acc 0.9620 | train_full n/a | val_acc 0.8864 | val_f1 0.8506 | adv/moduleC 1.00/1.00 | disc_steps 3 | grad(main/disc) 5.011/1.543 | lr(main/disc) 7.00e-05/3.50e-05 | cuda_peak(alloc/resv) 21.77/28.18GB | phase(train/val/raw/train_eval) 3.2/0.7/0.0/0.0s | 3.9s
2026-08-27 17:57:31 | Epoch 044/060 | loss 1.3845 | cls 1.3948 | tal -0.1082 | dual_g 0.0221 | dual_d 1.1710 | train_acc 0.9601 | train_full n/a | val_acc 0.9470 | val_f1 0.9409 | adv/moduleC 1.00/1.00 | disc_steps 3 | grad(main/disc) 5.419/1.584 | lr(main/disc) 7.00e-05/3.50e-05 | cuda_peak(alloc/resv) 21.77/28.18GB | phase(train/val/raw/train_eval) 3.0/0.7/0.7/0.0s | 4.5s
2026-08-27 17:57:35 | New best val_f1_macro_present: 0.9409 at epoch 44
2026-08-27 17:57:40 | Epoch 045/060 | loss 1.3780 | cls 1.3889 | tal -0.1095 | dual_g 0.0220 | dual_d 1.1703 | train_acc 0.9547 | train_full 0.9862 | val_acc 0.9167 | val_f1 0.8850 | adv/moduleC 1.00/1.00 | disc_steps 3 | grad(main/disc) 4.332/1.527 | lr(main/disc) 7.00e-05/3.50e-05 | cuda_peak(alloc/resv) 21.77/28.18GB | phase(train/val/raw/train_eval) 3.4/0.7/0.7/1.0s | 5.8s
2026-08-27 17:57:44 | Epoch 046/060 | loss 1.3500 | cls 1.3705 | tal -0.1404 | dual_g 0.0215 | dual_d 1.1730 | train_acc 0.9674 | train_full n/a | val_acc 0.9167 | val_f1 0.8843 | adv/moduleC 1.00/1.00 | disc_steps 3 | grad(main/disc) 4.333/1.578 | lr(main/disc) 7.00e-05/3.50e-05 | cuda_peak(alloc/resv) 21.77/28.18GB | phase(train/val/raw/train_eval) 3.1/0.7/0.0/0.0s | 3.8s
2026-08-27 17:57:48 | Epoch 047/060 | loss 1.3374 | cls 1.3690 | tal -0.1812 | dual_g 0.0227 | dual_d 1.1887 | train_acc 0.9638 | train_full n/a | val_acc 0.8788 | val_f1 0.8506 | adv/moduleC 1.00/1.00 | disc_steps 3 | grad(main/disc) 4.407/1.556 | lr(main/disc) 7.00e-05/3.50e-05 | cuda_peak(alloc/resv) 21.77/28.18GB | phase(train/val/raw/train_eval) 3.0/0.7/0.0/0.0s | 3.7s
2026-08-27 17:57:52 | Epoch 048/060 | loss 1.3290 | cls 1.3584 | tal -0.1724 | dual_g 0.0223 | dual_d 1.1266 | train_acc 0.9601 | train_full n/a | val_acc 0.9242 | val_f1 0.8891 | adv/moduleC 1.00/1.00 | disc_steps 3 | grad(main/disc) 4.416/1.511 | lr(main/disc) 7.00e-05/3.50e-05 | cuda_peak(alloc/resv) 21.77/28.18GB | phase(train/val/raw/train_eval) 3.2/0.7/0.0/0.0s | 3.9s
2026-08-27 17:57:56 | Epoch 049/060 | loss 1.3291 | cls 1.3460 | tal -0.1276 | dual_g 0.0215 | dual_d 1.1773 | train_acc 0.9674 | train_full n/a | val_acc 0.9318 | val_f1 0.8967 | adv/moduleC 1.00/1.00 | disc_steps 3 | grad(main/disc) 4.105/1.536 | lr(main/disc) 7.00e-05/3.50e-05 | cuda_peak(alloc/resv) 21.77/28.18GB | phase(train/val/raw/train_eval) 3.4/0.7/0.0/0.0s | 4.1s
2026-08-27 17:58:02 | Epoch 050/060 | loss 1.3375 | cls 1.3515 | tal -0.1178 | dual_g 0.0214 | dual_d 1.1964 | train_acc 0.9746 | train_full 0.9921 | val_acc 0.9167 | val_f1 0.9090 | adv/moduleC 1.00/1.00 | disc_steps 3 | grad(main/disc) 4.515/1.539 | lr(main/disc) 7.00e-05/3.50e-05 | cuda_peak(alloc/resv) 21.77/28.18GB | phase(train/val/raw/train_eval) 3.3/0.7/0.7/1.0s | 5.7s
2026-08-27 17:58:06 | Epoch 051/060 | loss 1.3405 | cls 1.3521 | tal -0.1132 | dual_g 0.0223 | dual_d 1.1893 | train_acc 0.9837 | train_full n/a | val_acc 0.9545 | val_f1 0.9418 | adv/moduleC 1.00/1.00 | disc_steps 3 | grad(main/disc) 4.340/1.515 | lr(main/disc) 7.00e-05/3.50e-05 | cuda_peak(alloc/resv) 21.77/28.18GB | phase(train/val/raw/train_eval) 3.3/0.7/0.0/0.0s | 4.0s
2026-08-27 17:58:10 | Epoch 052/060 | loss 1.3175 | cls 1.3323 | tal -0.1212 | dual_g 0.0216 | dual_d 1.1311 | train_acc 0.9728 | train_full n/a | val_acc 0.9470 | val_f1 0.9454 | adv/moduleC 1.00/1.00 | disc_steps 3 | grad(main/disc) 3.764/1.498 | lr(main/disc) 7.00e-05/3.50e-05 | cuda_peak(alloc/resv) 21.77/28.18GB | phase(train/val/raw/train_eval) 3.1/0.7/0.7/0.0s | 4.5s
2026-08-27 17:58:13 | New best val_f1_macro_present: 0.9454 at epoch 52
2026-08-27 17:58:17 | Epoch 053/060 | loss 1.3323 | cls 1.3348 | tal -0.0838 | dual_g 0.0226 | dual_d 1.1464 | train_acc 0.9801 | train_full n/a | val_acc 0.9091 | val_f1 0.8767 | adv/moduleC 1.00/1.00 | disc_steps 3 | grad(main/disc) 3.866/1.493 | lr(main/disc) 7.00e-05/3.50e-05 | cuda_peak(alloc/resv) 21.77/28.18GB | phase(train/val/raw/train_eval) 3.1/0.7/0.0/0.0s | 3.8s
2026-08-27 17:58:21 | Epoch 054/060 | loss 1.3548 | cls 1.3444 | tal -0.0377 | dual_g 0.0218 | dual_d 1.1305 | train_acc 0.9783 | train_full n/a | val_acc 0.9167 | val_f1 0.8822 | adv/moduleC 1.00/1.00 | disc_steps 3 | grad(main/disc) 3.762/1.435 | lr(main/disc) 7.00e-05/3.50e-05 | cuda_peak(alloc/resv) 21.77/28.18GB | phase(train/val/raw/train_eval) 3.2/0.7/0.0/0.0s | 3.9s
2026-08-27 17:58:26 | Epoch 055/060 | loss 1.3253 | cls 1.3258 | tal -0.0790 | dual_g 0.0232 | dual_d 1.1645 | train_acc 0.9764 | train_full 0.9803 | val_acc 0.9394 | val_f1 0.9488 | adv/moduleC 1.00/1.00 | disc_steps 3 | grad(main/disc) 3.788/1.447 | lr(main/disc) 7.00e-05/3.50e-05 | cuda_peak(alloc/resv) 21.77/28.18GB | phase(train/val/raw/train_eval) 3.1/0.7/0.7/0.9s | 5.4s
2026-08-27 17:58:29 | New best val_f1_macro_present: 0.9488 at epoch 55
2026-08-27 17:58:33 | Epoch 056/060 | loss 1.3218 | cls 1.3268 | tal -0.0927 | dual_g 0.0228 | dual_d 1.1262 | train_acc 0.9855 | train_full n/a | val_acc 0.9394 | val_f1 0.9473 | adv/moduleC 1.00/1.00 | disc_steps 3 | grad(main/disc) 3.507/1.445 | lr(main/disc) 7.00e-05/3.50e-05 | cuda_peak(alloc/resv) 21.77/28.18GB | phase(train/val/raw/train_eval) 3.1/0.7/0.0/0.0s | 3.8s
2026-08-27 17:58:38 | Epoch 057/060 | loss 1.3148 | cls 1.3126 | tal -0.0710 | dual_g 0.0235 | dual_d 1.1240 | train_acc 0.9819 | train_full n/a | val_acc 0.9470 | val_f1 0.9530 | adv/moduleC 1.00/1.00 | disc_steps 3 | grad(main/disc) 3.760/1.401 | lr(main/disc) 7.00e-05/3.50e-05 | cuda_peak(alloc/resv) 21.77/28.18GB | phase(train/val/raw/train_eval) 3.1/0.7/0.7/0.0s | 4.5s
2026-08-27 17:58:41 | New best val_f1_macro_present: 0.9530 at epoch 57
2026-08-27 17:58:45 | Epoch 058/060 | loss 1.3179 | cls 1.3264 | tal -0.1044 | dual_g 0.0228 | dual_d 1.1068 | train_acc 0.9783 | train_full n/a | val_acc 0.9318 | val_f1 0.9420 | adv/moduleC 1.00/1.00 | disc_steps 3 | grad(main/disc) 3.930/1.404 | lr(main/disc) 7.00e-05/3.50e-05 | cuda_peak(alloc/resv) 21.77/28.18GB | phase(train/val/raw/train_eval) 3.1/0.7/0.0/0.0s | 3.8s
2026-08-27 17:58:48 | Epoch 059/060 | loss 1.3223 | cls 1.3263 | tal -0.0910 | dual_g 0.0233 | dual_d 1.0866 | train_acc 0.9764 | train_full n/a | val_acc 0.9394 | val_f1 0.8948 | adv/moduleC 1.00/1.00 | disc_steps 3 | grad(main/disc) 3.727/1.367 | lr(main/disc) 7.00e-05/3.50e-05 | cuda_peak(alloc/resv) 21.77/28.18GB | phase(train/val/raw/train_eval) 3.1/0.7/0.0/0.0s | 3.8s
2026-08-27 17:58:54 | Epoch 060/060 | loss 1.3158 | cls 1.3073 | tal -0.0521 | dual_g 0.0241 | dual_d 1.0990 | train_acc 0.9710 | train_full 0.9921 | val_acc 0.9621 | val_f1 0.9656 | adv/moduleC 1.00/1.00 | disc_steps 3 | grad(main/disc) 3.292/1.349 | lr(main/disc) 7.00e-05/3.50e-05 | cuda_peak(alloc/resv) 21.77/28.18GB | phase(train/val/raw/train_eval) 3.3/0.7/0.7/1.0s | 5.7s
2026-08-27 17:58:57 | New best val_f1_macro_present: 0.9656 at epoch 60
2026-08-27 17:58:57 | Training complete. Best validation accuracy: 0.9621 | best val_f1_macro_present: 0.9656
