2026-08-27 17:41:54 | Starting Dual_D standalone training
2026-08-27 17:41:54 | Run directory: runs/module_c_ablation_60_v5/module_c_20260827_121947/module_c_no_module_c_雾天_20260827_171620
2026-08-27 17:41:54 | Device: cuda
2026-08-27 17:41:54 | Source train samples: 992
2026-08-27 17:41:54 | Target train samples: 507
2026-08-27 17:41:54 | Target val samples: 132
2026-08-27 17:41:54 | Classes: 14
2026-08-27 17:41:54 | Data audit: same_dir=False | path_overlap(vis/ir/ais)=0/0/0 | content_overlap(vis/ir/ais)=0/0/0 | ais_index_overlap=0 | stem_mismatch(vis-ir/vis-ais)=630/0
2026-08-27 17:41:54 | source_train classes: present 14/14 | absent 0 | counts [0:120, 1:44, 2:69, 3:45, 4:40, 5:30, 6:64, 7:80, 8:116, 9:68, 10:57, 11:83, 12:48, 13:128]
2026-08-27 17:41:54 | target_train classes: present 9/14 | absent 5 | counts [0:35, 1:18, 2:119, 6:110, 8:25, 9:50, 10:48, 12:9, 13:93]
2026-08-27 17:41:54 | target_val classes: present 9/14 | absent 5 | counts [0:9, 1:5, 2:30, 6:28, 8:7, 9:13, 10:13, 12:3, 13:24]
2026-08-27 17:41:54 | Paired training classes: 9/14 | class ids [0, 1, 2, 6, 8, 9, 10, 12, 13]
2026-08-27 17:41:54 | Runtime profile: batch=92 | paired_steps=6 | workers=16 | train_eval_every=5 | raw_eval_every=5 | early_stop=15 after min_epoch=48
2026-08-27 17:41:54 | VIS/IR pairing: class-level-unpaired | count-mismatch classes train/val: 10/2 | AIS alignment: none | AIS rows train/val: 0/0
2026-08-27 17:41:55 | Model parameters: total=17277714 | trainable=17120210
2026-08-27 17:42:01 | Epoch 001/060 | loss 5.2848 | cls 5.2858 | tal -0.0032 | dual_g 0.0000 | dual_d 0.0000 | train_acc 0.0978 | train_full 0.1144 | val_acc 0.1364 | val_f1 0.0381 | adv/moduleC 0.00/0.00 | disc_steps 0 | grad(main/disc) 14.629/0.000 | lr(main/disc) 7.00e-05/3.50e-05 | cuda_peak(alloc/resv) 21.77/28.18GB | phase(train/val/raw/train_eval) 3.7/0.7/0.7/0.9s | 6.0s
2026-08-27 17:42:04 | New best val_f1_macro_present: 0.0381 at epoch 1
2026-08-27 17:42:08 | Epoch 002/060 | loss 4.3192 | cls 4.3321 | tal -0.0430 | dual_g 0.0000 | dual_d 0.0000 | train_acc 0.1449 | train_full n/a | val_acc 0.1515 | val_f1 0.0800 | adv/moduleC 0.00/0.00 | disc_steps 0 | grad(main/disc) 11.816/0.000 | lr(main/disc) 7.00e-05/3.50e-05 | cuda_peak(alloc/resv) 21.77/28.18GB | phase(train/val/raw/train_eval) 3.1/0.7/0.7/0.0s | 4.5s
2026-08-27 17:42:11 | New best val_f1_macro_present: 0.0800 at epoch 2
2026-08-27 17:42:16 | Epoch 003/060 | loss 3.9594 | cls 3.9806 | tal -0.0705 | dual_g 0.0000 | dual_d 0.0000 | train_acc 0.1902 | train_full n/a | val_acc 0.2045 | val_f1 0.1377 | adv/moduleC 0.00/0.00 | disc_steps 0 | grad(main/disc) 10.365/0.000 | lr(main/disc) 7.00e-05/3.50e-05 | cuda_peak(alloc/resv) 21.77/28.18GB | phase(train/val/raw/train_eval) 3.1/0.7/0.7/0.0s | 4.5s
2026-08-27 17:42:19 | New best val_f1_macro_present: 0.1377 at epoch 3
2026-08-27 17:42:23 | Epoch 004/060 | loss 3.6649 | cls 3.6815 | tal -0.0554 | dual_g 0.0000 | dual_d 0.0000 | train_acc 0.2609 | train_full n/a | val_acc 0.3182 | val_f1 0.2104 | adv/moduleC 0.00/0.00 | disc_steps 0 | grad(main/disc) 9.522/0.000 | lr(main/disc) 7.00e-05/3.50e-05 | cuda_peak(alloc/resv) 21.77/28.18GB | phase(train/val/raw/train_eval) 3.3/0.7/0.7/0.0s | 4.7s
2026-08-27 17:42:27 | New best val_f1_macro_present: 0.2104 at epoch 4
2026-08-27 17:42:32 | Epoch 005/060 | loss 3.4157 | cls 3.4400 | tal -0.0810 | dual_g 0.0000 | dual_d 0.0000 | train_acc 0.2754 | train_full 0.4359 | val_acc 0.3712 | val_f1 0.3409 | adv/moduleC 0.00/0.00 | disc_steps 0 | grad(main/disc) 8.843/0.000 | lr(main/disc) 7.00e-05/3.50e-05 | cuda_peak(alloc/resv) 21.77/28.18GB | phase(train/val/raw/train_eval) 3.2/0.7/0.7/1.0s | 5.6s
2026-08-27 17:42:35 | New best val_f1_macro_present: 0.3409 at epoch 5
2026-08-27 17:42:40 | Epoch 006/060 | loss 3.2141 | cls 3.2285 | tal -0.0637 | dual_g 0.0048 | dual_d 0.9758 | train_acc 0.3551 | train_full n/a | val_acc 0.4394 | val_f1 0.4604 | adv/moduleC 0.05/0.10 | disc_steps 3 | grad(main/disc) 8.526/1.907 | lr(main/disc) 7.00e-05/3.50e-05 | cuda_peak(alloc/resv) 21.77/28.18GB | phase(train/val/raw/train_eval) 3.0/0.7/0.7/0.0s | 4.4s
2026-08-27 17:42:42 | New best val_f1_macro_present: 0.4604 at epoch 6
2026-08-27 17:42:47 | Epoch 007/060 | loss 3.0890 | cls 3.1037 | tal -0.0786 | dual_g 0.0089 | dual_d 0.9807 | train_acc 0.3986 | train_full n/a | val_acc 0.4848 | val_f1 0.5127 | adv/moduleC 0.10/0.20 | disc_steps 3 | grad(main/disc) 8.651/1.872 | lr(main/disc) 7.00e-05/3.50e-05 | cuda_peak(alloc/resv) 21.77/28.18GB | phase(train/val/raw/train_eval) 3.1/0.7/0.7/0.0s | 4.6s
2026-08-27 17:42:50 | New best val_f1_macro_present: 0.5127 at epoch 7
2026-08-27 17:42:55 | Epoch 008/060 | loss 2.8928 | cls 2.9021 | tal -0.0733 | dual_g 0.0127 | dual_d 1.0015 | train_acc 0.4058 | train_full n/a | val_acc 0.5530 | val_f1 0.6140 | adv/moduleC 0.15/0.30 | disc_steps 3 | grad(main/disc) 8.591/1.902 | lr(main/disc) 7.00e-05/3.50e-05 | cuda_peak(alloc/resv) 21.77/28.18GB | phase(train/val/raw/train_eval) 3.4/0.7/0.7/0.0s | 4.8s
2026-08-27 17:42:58 | New best val_f1_macro_present: 0.6140 at epoch 8
2026-08-27 17:43:02 | Epoch 009/060 | loss 2.7986 | cls 2.8268 | tal -0.1449 | dual_g 0.0153 | dual_d 1.0363 | train_acc 0.4475 | train_full n/a | val_acc 0.5758 | val_f1 0.6061 | adv/moduleC 0.20/0.40 | disc_steps 3 | grad(main/disc) 8.840/1.890 | lr(main/disc) 7.00e-05/3.50e-05 | cuda_peak(alloc/resv) 21.77/28.18GB | phase(train/val/raw/train_eval) 3.3/0.7/0.0/0.0s | 4.0s
2026-08-27 17:43:07 | Epoch 010/060 | loss 2.7259 | cls 2.7386 | tal -0.1005 | dual_g 0.0174 | dual_d 1.0426 | train_acc 0.4638 | train_full 0.6489 | val_acc 0.6212 | val_f1 0.6741 | adv/moduleC 0.25/0.50 | disc_steps 3 | grad(main/disc) 9.447/1.888 | lr(main/disc) 7.00e-05/3.50e-05 | cuda_peak(alloc/resv) 21.77/28.18GB | phase(train/val/raw/train_eval) 3.3/0.7/0.7/1.0s | 5.7s
2026-08-27 17:43:10 | New best val_f1_macro_present: 0.6741 at epoch 10
2026-08-27 17:43:14 | Epoch 011/060 | loss 2.6148 | cls 2.6259 | tal -0.1023 | dual_g 0.0196 | dual_d 1.0826 | train_acc 0.5109 | train_full n/a | val_acc 0.5985 | val_f1 0.6523 | adv/moduleC 0.30/0.60 | disc_steps 3 | grad(main/disc) 9.191/1.908 | lr(main/disc) 7.00e-05/3.50e-05 | cuda_peak(alloc/resv) 21.77/28.18GB | phase(train/val/raw/train_eval) 3.0/0.7/0.0/0.0s | 3.7s
2026-08-27 17:43:19 | Epoch 012/060 | loss 2.4538 | cls 2.4598 | tal -0.0880 | dual_g 0.0204 | dual_d 1.0287 | train_acc 0.5598 | train_full n/a | val_acc 0.6970 | val_f1 0.7211 | adv/moduleC 0.35/0.70 | disc_steps 3 | grad(main/disc) 8.530/1.850 | lr(main/disc) 7.00e-05/3.50e-05 | cuda_peak(alloc/resv) 21.77/28.18GB | phase(train/val/raw/train_eval) 3.3/0.7/0.8/0.0s | 4.8s
2026-08-27 17:43:22 | New best val_f1_macro_present: 0.7211 at epoch 12
2026-08-27 17:43:26 | Epoch 013/060 | loss 2.3570 | cls 2.3635 | tal -0.0942 | dual_g 0.0218 | dual_d 1.1136 | train_acc 0.6322 | train_full n/a | val_acc 0.6894 | val_f1 0.7175 | adv/moduleC 0.40/0.80 | disc_steps 3 | grad(main/disc) 9.556/1.928 | lr(main/disc) 7.00e-05/3.50e-05 | cuda_peak(alloc/resv) 21.77/28.18GB | phase(train/val/raw/train_eval) 3.3/0.7/0.0/0.0s | 4.0s
2026-08-27 17:43:31 | Epoch 014/060 | loss 2.3099 | cls 2.3080 | tal -0.0697 | dual_g 0.0228 | dual_d 1.1520 | train_acc 0.6413 | train_full n/a | val_acc 0.7424 | val_f1 0.7558 | adv/moduleC 0.45/0.90 | disc_steps 3 | grad(main/disc) 8.307/1.950 | lr(main/disc) 7.00e-05/3.50e-05 | cuda_peak(alloc/resv) 21.77/28.18GB | phase(train/val/raw/train_eval) 3.3/0.7/0.7/0.0s | 4.7s
2026-08-27 17:43:34 | New best val_f1_macro_present: 0.7558 at epoch 14
2026-08-27 17:43:40 | Epoch 015/060 | loss 2.1926 | cls 2.1937 | tal -0.0792 | dual_g 0.0227 | dual_d 1.1393 | train_acc 0.6739 | train_full 0.7653 | val_acc 0.7879 | val_f1 0.7788 | adv/moduleC 0.50/1.00 | disc_steps 3 | grad(main/disc) 8.912/1.938 | lr(main/disc) 7.00e-05/3.50e-05 | cuda_peak(alloc/resv) 21.77/28.18GB | phase(train/val/raw/train_eval) 3.5/0.7/0.7/1.0s | 5.9s
2026-08-27 17:43:43 | New best val_f1_macro_present: 0.7788 at epoch 15
2026-08-27 17:43:47 | Epoch 016/060 | loss 2.1494 | cls 2.1515 | tal -0.0862 | dual_g 0.0238 | dual_d 1.1677 | train_acc 0.6304 | train_full n/a | val_acc 0.6667 | val_f1 0.7127 | adv/moduleC 0.55/1.00 | disc_steps 3 | grad(main/disc) 10.447/1.927 | lr(main/disc) 7.00e-05/3.50e-05 | cuda_peak(alloc/resv) 21.77/28.18GB | phase(train/val/raw/train_eval) 3.3/0.7/0.0/0.0s | 4.0s
2026-08-27 17:43:51 | Epoch 017/060 | loss 2.0925 | cls 2.0998 | tal -0.1025 | dual_g 0.0235 | dual_d 1.2074 | train_acc 0.6721 | train_full n/a | val_acc 0.6894 | val_f1 0.7080 | adv/moduleC 0.60/1.00 | disc_steps 3 | grad(main/disc) 8.658/1.900 | lr(main/disc) 7.00e-05/3.50e-05 | cuda_peak(alloc/resv) 21.77/28.18GB | phase(train/val/raw/train_eval) 3.3/0.7/0.0/0.0s | 4.0s
2026-08-27 17:43:54 | Epoch 018/060 | loss 2.0467 | cls 2.0500 | tal -0.0952 | dual_g 0.0253 | dual_d 1.1862 | train_acc 0.6866 | train_full n/a | val_acc 0.7803 | val_f1 0.7720 | adv/moduleC 0.65/1.00 | disc_steps 3 | grad(main/disc) 8.344/1.876 | lr(main/disc) 7.00e-05/3.50e-05 | cuda_peak(alloc/resv) 21.77/28.18GB | phase(train/val/raw/train_eval) 3.1/0.7/0.0/0.0s | 3.8s
2026-08-27 17:43:59 | Epoch 019/060 | loss 2.0141 | cls 2.0157 | tal -0.0900 | dual_g 0.0254 | dual_d 1.2066 | train_acc 0.7301 | train_full n/a | val_acc 0.7348 | val_f1 0.7629 | adv/moduleC 0.70/1.00 | disc_steps 3 | grad(main/disc) 8.735/1.874 | lr(main/disc) 7.00e-05/3.50e-05 | cuda_peak(alloc/resv) 21.77/28.18GB | phase(train/val/raw/train_eval) 3.4/0.7/0.0/0.0s | 4.1s
2026-08-27 17:44:04 | Epoch 020/060 | loss 1.8848 | cls 1.8836 | tal -0.0854 | dual_g 0.0268 | dual_d 1.1863 | train_acc 0.7681 | train_full 0.8560 | val_acc 0.8106 | val_f1 0.7963 | adv/moduleC 0.75/1.00 | disc_steps 3 | grad(main/disc) 8.301/1.806 | lr(main/disc) 7.00e-05/3.50e-05 | cuda_peak(alloc/resv) 21.77/28.18GB | phase(train/val/raw/train_eval) 3.2/0.7/0.7/1.0s | 5.6s
2026-08-27 17:44:07 | New best val_f1_macro_present: 0.7963 at epoch 20
2026-08-27 17:44:12 | Epoch 021/060 | loss 1.8946 | cls 1.8850 | tal -0.0586 | dual_g 0.0273 | dual_d 1.2408 | train_acc 0.7681 | train_full n/a | val_acc 0.8333 | val_f1 0.8152 | adv/moduleC 0.80/1.00 | disc_steps 3 | grad(main/disc) 10.147/1.857 | lr(main/disc) 7.00e-05/3.50e-05 | cuda_peak(alloc/resv) 21.77/28.18GB | phase(train/val/raw/train_eval) 3.3/0.7/0.7/0.0s | 4.7s
2026-08-27 17:44:15 | New best val_f1_macro_present: 0.8152 at epoch 21
2026-08-27 17:44:19 | Epoch 022/060 | loss 1.8455 | cls 1.8322 | tal -0.0474 | dual_g 0.0275 | dual_d 1.2436 | train_acc 0.7627 | train_full n/a | val_acc 0.8712 | val_f1 0.8782 | adv/moduleC 0.85/1.00 | disc_steps 3 | grad(main/disc) 8.944/1.836 | lr(main/disc) 7.00e-05/3.50e-05 | cuda_peak(alloc/resv) 21.77/28.18GB | phase(train/val/raw/train_eval) 3.3/0.7/0.7/0.0s | 4.7s
2026-08-27 17:44:23 | New best val_f1_macro_present: 0.8782 at epoch 22
2026-08-27 17:44:27 | Epoch 023/060 | loss 1.7441 | cls 1.7465 | tal -0.1046 | dual_g 0.0290 | dual_d 1.2416 | train_acc 0.8134 | train_full n/a | val_acc 0.8864 | val_f1 0.8799 | adv/moduleC 0.90/1.00 | disc_steps 3 | grad(main/disc) 7.569/1.822 | lr(main/disc) 7.00e-05/3.50e-05 | cuda_peak(alloc/resv) 21.77/28.18GB | phase(train/val/raw/train_eval) 3.2/0.7/0.7/0.0s | 4.6s
2026-08-27 17:44:30 | New best val_f1_macro_present: 0.8799 at epoch 23
2026-08-27 17:44:35 | Epoch 024/060 | loss 1.7055 | cls 1.7370 | tal -0.2079 | dual_g 0.0309 | dual_d 1.2849 | train_acc 0.8442 | train_full n/a | val_acc 0.9318 | val_f1 0.9211 | adv/moduleC 0.95/1.00 | disc_steps 3 | grad(main/disc) 7.096/1.864 | lr(main/disc) 7.00e-05/3.50e-05 | cuda_peak(alloc/resv) 21.77/28.18GB | phase(train/val/raw/train_eval) 3.2/0.7/0.7/0.0s | 4.6s
2026-08-27 17:44:38 | New best val_f1_macro_present: 0.9211 at epoch 24
2026-08-27 17:44:43 | Epoch 025/060 | loss 1.6459 | cls 1.6796 | tal -0.2085 | dual_g 0.0289 | dual_d 1.3109 | train_acc 0.8370 | train_full 0.8757 | val_acc 0.8636 | val_f1 0.8482 | adv/moduleC 1.00/1.00 | disc_steps 3 | grad(main/disc) 7.120/1.864 | lr(main/disc) 7.00e-05/3.50e-05 | cuda_peak(alloc/resv) 21.77/28.18GB | phase(train/val/raw/train_eval) 2.9/0.7/0.7/1.0s | 5.3s
2026-08-27 17:44:48 | Epoch 026/060 | loss 1.6241 | cls 1.6359 | tal -0.1342 | dual_g 0.0284 | dual_d 1.2887 | train_acc 0.8496 | train_full n/a | val_acc 0.9318 | val_f1 0.9229 | adv/moduleC 1.00/1.00 | disc_steps 3 | grad(main/disc) 6.515/1.792 | lr(main/disc) 7.00e-05/3.50e-05 | cuda_peak(alloc/resv) 21.77/28.18GB | phase(train/val/raw/train_eval) 3.5/0.7/0.7/0.0s | 5.0s
2026-08-27 17:44:51 | New best val_f1_macro_present: 0.9229 at epoch 26
2026-08-27 17:44:56 | Epoch 027/060 | loss 1.5945 | cls 1.6142 | tal -0.1598 | dual_g 0.0282 | dual_d 1.2927 | train_acc 0.8533 | train_full n/a | val_acc 0.9394 | val_f1 0.9397 | adv/moduleC 1.00/1.00 | disc_steps 3 | grad(main/disc) 7.114/1.777 | lr(main/disc) 7.00e-05/3.50e-05 | cuda_peak(alloc/resv) 21.77/28.18GB | phase(train/val/raw/train_eval) 3.1/0.7/0.7/0.0s | 4.5s
2026-08-27 17:44:59 | New best val_f1_macro_present: 0.9397 at epoch 27
2026-08-27 17:45:03 | Epoch 028/060 | loss 1.5941 | cls 1.6296 | tal -0.2072 | dual_g 0.0266 | dual_d 1.3239 | train_acc 0.8641 | train_full n/a | val_acc 0.9242 | val_f1 0.9144 | adv/moduleC 1.00/1.00 | disc_steps 3 | grad(main/disc) 8.045/1.804 | lr(main/disc) 7.00e-05/3.50e-05 | cuda_peak(alloc/resv) 21.77/28.18GB | phase(train/val/raw/train_eval) 3.4/0.7/0.0/0.0s | 4.1s
2026-08-27 17:45:07 | Epoch 029/060 | loss 1.5931 | cls 1.6207 | tal -0.1753 | dual_g 0.0250 | dual_d 1.2622 | train_acc 0.8822 | train_full n/a | val_acc 0.9167 | val_f1 0.9021 | adv/moduleC 1.00/1.00 | disc_steps 3 | grad(main/disc) 7.506/1.757 | lr(main/disc) 7.00e-05/3.50e-05 | cuda_peak(alloc/resv) 21.77/28.18GB | phase(train/val/raw/train_eval) 3.3/0.7/0.0/0.0s | 4.0s
2026-08-27 17:45:13 | Epoch 030/060 | loss 1.5209 | cls 1.5434 | tal -0.1604 | dual_g 0.0256 | dual_d 1.2711 | train_acc 0.8949 | train_full 0.9310 | val_acc 0.9318 | val_f1 0.9435 | adv/moduleC 1.00/1.00 | disc_steps 3 | grad(main/disc) 6.701/1.767 | lr(main/disc) 7.00e-05/3.50e-05 | cuda_peak(alloc/resv) 21.77/28.18GB | phase(train/val/raw/train_eval) 3.3/0.7/0.7/1.0s | 5.6s
2026-08-27 17:45:16 | New best val_f1_macro_present: 0.9435 at epoch 30
2026-08-27 17:45:20 | Epoch 031/060 | loss 1.5087 | cls 1.5319 | tal -0.1642 | dual_g 0.0260 | dual_d 1.2778 | train_acc 0.9040 | train_full n/a | val_acc 0.9318 | val_f1 0.9271 | adv/moduleC 1.00/1.00 | disc_steps 3 | grad(main/disc) 6.780/1.709 | lr(main/disc) 7.00e-05/3.50e-05 | cuda_peak(alloc/resv) 21.77/28.18GB | phase(train/val/raw/train_eval) 3.1/0.7/0.0/0.0s | 3.8s
2026-08-27 17:45:24 | Epoch 032/060 | loss 1.4929 | cls 1.5021 | tal -0.1183 | dual_g 0.0263 | dual_d 1.2903 | train_acc 0.8986 | train_full n/a | val_acc 0.9470 | val_f1 0.9539 | adv/moduleC 1.00/1.00 | disc_steps 3 | grad(main/disc) 7.005/1.759 | lr(main/disc) 7.00e-05/3.50e-05 | cuda_peak(alloc/resv) 21.77/28.18GB | phase(train/val/raw/train_eval) 2.9/0.7/0.7/0.0s | 4.4s
2026-08-27 17:45:27 | New best val_f1_macro_present: 0.9539 at epoch 32
2026-08-27 17:45:31 | Epoch 033/060 | loss 1.4991 | cls 1.4941 | tal -0.0692 | dual_g 0.0258 | dual_d 1.3019 | train_acc 0.9167 | train_full n/a | val_acc 0.9470 | val_f1 0.9467 | adv/moduleC 1.00/1.00 | disc_steps 3 | grad(main/disc) 6.317/1.707 | lr(main/disc) 7.00e-05/3.50e-05 | cuda_peak(alloc/resv) 21.77/28.18GB | phase(train/val/raw/train_eval) 3.4/0.8/0.0/0.0s | 4.2s
2026-08-27 17:45:35 | Epoch 034/060 | loss 1.4832 | cls 1.4945 | tal -0.1276 | dual_g 0.0270 | dual_d 1.2703 | train_acc 0.9293 | train_full n/a | val_acc 0.9015 | val_f1 0.9005 | adv/moduleC 1.00/1.00 | disc_steps 3 | grad(main/disc) 6.706/1.708 | lr(main/disc) 7.00e-05/3.50e-05 | cuda_peak(alloc/resv) 21.77/28.18GB | phase(train/val/raw/train_eval) 3.1/0.7/0.0/0.0s | 3.8s
2026-08-27 17:45:41 | Epoch 035/060 | loss 1.4717 | cls 1.4883 | tal -0.1429 | dual_g 0.0264 | dual_d 1.2934 | train_acc 0.9185 | train_full 0.9191 | val_acc 0.9242 | val_f1 0.9212 | adv/moduleC 1.00/1.00 | disc_steps 3 | grad(main/disc) 6.095/1.753 | lr(main/disc) 7.00e-05/3.50e-05 | cuda_peak(alloc/resv) 21.77/28.18GB | phase(train/val/raw/train_eval) 3.2/0.7/0.7/1.0s | 5.6s
2026-08-27 17:45:44 | Epoch 036/060 | loss 1.4787 | cls 1.4991 | tal -0.1517 | dual_g 0.0252 | dual_d 1.2295 | train_acc 0.9094 | train_full n/a | val_acc 0.9318 | val_f1 0.9081 | adv/moduleC 1.00/1.00 | disc_steps 3 | grad(main/disc) 6.357/1.641 | lr(main/disc) 7.00e-05/3.50e-05 | cuda_peak(alloc/resv) 21.77/28.18GB | phase(train/val/raw/train_eval) 3.2/0.7/0.0/0.0s | 3.9s
2026-08-27 17:45:49 | Epoch 037/060 | loss 1.4306 | cls 1.4552 | tal -0.1687 | dual_g 0.0260 | dual_d 1.2603 | train_acc 0.9438 | train_full n/a | val_acc 0.9545 | val_f1 0.9624 | adv/moduleC 1.00/1.00 | disc_steps 3 | grad(main/disc) 5.442/1.644 | lr(main/disc) 7.00e-05/3.50e-05 | cuda_peak(alloc/resv) 21.77/28.18GB | phase(train/val/raw/train_eval) 3.2/0.7/0.7/0.0s | 4.6s
2026-08-27 17:45:52 | New best val_f1_macro_present: 0.9624 at epoch 37
2026-08-27 17:45:56 | Epoch 038/060 | loss 1.4098 | cls 1.4227 | tal -0.1252 | dual_g 0.0247 | dual_d 1.2608 | train_acc 0.9293 | train_full n/a | val_acc 0.9242 | val_f1 0.9222 | adv/moduleC 1.00/1.00 | disc_steps 3 | grad(main/disc) 5.822/1.657 | lr(main/disc) 7.00e-05/3.50e-05 | cuda_peak(alloc/resv) 21.77/28.18GB | phase(train/val/raw/train_eval) 3.2/0.7/0.0/0.0s | 3.9s
2026-08-27 17:46:00 | Epoch 039/060 | loss 1.4164 | cls 1.4250 | tal -0.1161 | dual_g 0.0262 | dual_d 1.2943 | train_acc 0.9257 | train_full n/a | val_acc 0.9545 | val_f1 0.9621 | adv/moduleC 1.00/1.00 | disc_steps 3 | grad(main/disc) 4.909/1.666 | lr(main/disc) 7.00e-05/3.50e-05 | cuda_peak(alloc/resv) 21.77/28.18GB | phase(train/val/raw/train_eval) 3.2/0.7/0.0/0.0s | 4.0s
2026-08-27 17:46:06 | Epoch 040/060 | loss 1.4369 | cls 1.4336 | tal -0.0760 | dual_g 0.0261 | dual_d 1.2913 | train_acc 0.9330 | train_full 0.9389 | val_acc 0.9167 | val_f1 0.9078 | adv/moduleC 1.00/1.00 | disc_steps 3 | grad(main/disc) 6.157/1.665 | lr(main/disc) 7.00e-05/3.50e-05 | cuda_peak(alloc/resv) 21.77/28.18GB | phase(train/val/raw/train_eval) 3.3/0.7/0.8/1.0s | 5.8s
2026-08-27 17:46:10 | Epoch 041/060 | loss 1.3997 | cls 1.4032 | tal -0.0980 | dual_g 0.0259 | dual_d 1.2752 | train_acc 0.9475 | train_full n/a | val_acc 0.9167 | val_f1 0.9088 | adv/moduleC 1.00/1.00 | disc_steps 3 | grad(main/disc) 4.818/1.671 | lr(main/disc) 7.00e-05/3.50e-05 | cuda_peak(alloc/resv) 21.77/28.18GB | phase(train/val/raw/train_eval) 3.2/0.7/0.0/0.0s | 3.9s
2026-08-27 17:46:14 | Epoch 042/060 | loss 1.3826 | cls 1.3984 | tal -0.1376 | dual_g 0.0254 | dual_d 1.2566 | train_acc 0.9638 | train_full n/a | val_acc 0.9470 | val_f1 0.9494 | adv/moduleC 1.00/1.00 | disc_steps 3 | grad(main/disc) 4.506/1.604 | lr(main/disc) 7.00e-05/3.50e-05 | cuda_peak(alloc/resv) 21.77/28.18GB | phase(train/val/raw/train_eval) 3.4/0.7/0.0/0.0s | 4.1s
2026-08-27 17:46:18 | Epoch 043/060 | loss 1.3819 | cls 1.4240 | tal -0.2237 | dual_g 0.0249 | dual_d 1.2505 | train_acc 0.9384 | train_full n/a | val_acc 0.9621 | val_f1 0.9666 | adv/moduleC 1.00/1.00 | disc_steps 3 | grad(main/disc) 5.467/1.633 | lr(main/disc) 7.00e-05/3.50e-05 | cuda_peak(alloc/resv) 21.77/28.18GB | phase(train/val/raw/train_eval) 3.2/0.7/0.7/0.0s | 4.6s
2026-08-27 17:46:21 | New best val_f1_macro_present: 0.9666 at epoch 43
2026-08-27 17:46:25 | Epoch 044/060 | loss 1.3807 | cls 1.4023 | tal -0.1595 | dual_g 0.0262 | dual_d 1.2453 | train_acc 0.9457 | train_full n/a | val_acc 0.9167 | val_f1 0.8999 | adv/moduleC 1.00/1.00 | disc_steps 3 | grad(main/disc) 4.953/1.607 | lr(main/disc) 7.00e-05/3.50e-05 | cuda_peak(alloc/resv) 21.77/28.18GB | phase(train/val/raw/train_eval) 3.1/0.7/0.0/0.0s | 3.8s
2026-08-27 17:46:31 | Epoch 045/060 | loss 1.3814 | cls 1.3917 | tal -0.1198 | dual_g 0.0256 | dual_d 1.2289 | train_acc 0.9565 | train_full 0.9842 | val_acc 0.9621 | val_f1 0.9662 | adv/moduleC 1.00/1.00 | disc_steps 3 | grad(main/disc) 5.110/1.582 | lr(main/disc) 7.00e-05/3.50e-05 | cuda_peak(alloc/resv) 21.77/28.18GB | phase(train/val/raw/train_eval) 3.3/0.7/0.7/1.0s | 5.7s
2026-08-27 17:46:35 | Epoch 046/060 | loss 1.3536 | cls 1.3628 | tal -0.1174 | dual_g 0.0261 | dual_d 1.2418 | train_acc 0.9638 | train_full n/a | val_acc 0.9621 | val_f1 0.9545 | adv/moduleC 1.00/1.00 | disc_steps 3 | grad(main/disc) 4.030/1.558 | lr(main/disc) 7.00e-05/3.50e-05 | cuda_peak(alloc/resv) 21.77/28.18GB | phase(train/val/raw/train_eval) 3.2/0.7/0.0/0.0s | 3.9s
2026-08-27 17:46:39 | Epoch 047/060 | loss 1.3667 | cls 1.3735 | tal -0.1072 | dual_g 0.0254 | dual_d 1.2764 | train_acc 0.9547 | train_full n/a | val_acc 0.9621 | val_f1 0.9491 | adv/moduleC 1.00/1.00 | disc_steps 3 | grad(main/disc) 5.144/1.653 | lr(main/disc) 7.00e-05/3.50e-05 | cuda_peak(alloc/resv) 21.77/28.18GB | phase(train/val/raw/train_eval) 3.3/0.7/0.0/0.0s | 4.0s
2026-08-27 17:46:43 | Epoch 048/060 | loss 1.3995 | cls 1.4004 | tal -0.0878 | dual_g 0.0254 | dual_d 1.2399 | train_acc 0.9601 | train_full n/a | val_acc 0.9545 | val_f1 0.9508 | adv/moduleC 1.00/1.00 | disc_steps 3 | grad(main/disc) 4.987/1.582 | lr(main/disc) 7.00e-05/3.50e-05 | cuda_peak(alloc/resv) 21.77/28.18GB | phase(train/val/raw/train_eval) 3.6/0.7/0.0/0.0s | 4.3s
2026-08-27 17:46:47 | Epoch 049/060 | loss 1.3360 | cls 1.3319 | tal -0.0682 | dual_g 0.0246 | dual_d 1.2796 | train_acc 0.9710 | train_full n/a | val_acc 0.9394 | val_f1 0.9291 | adv/moduleC 1.00/1.00 | disc_steps 3 | grad(main/disc) 3.747/1.608 | lr(main/disc) 7.00e-05/3.50e-05 | cuda_peak(alloc/resv) 21.77/28.18GB | phase(train/val/raw/train_eval) 3.4/0.7/0.0/0.0s | 4.1s
2026-08-27 17:46:53 | Epoch 050/060 | loss 1.3450 | cls 1.3460 | tal -0.0842 | dual_g 0.0243 | dual_d 1.2716 | train_acc 0.9728 | train_full 0.9606 | val_acc 0.9091 | val_f1 0.9014 | adv/moduleC 1.00/1.00 | disc_steps 3 | grad(main/disc) 4.088/1.606 | lr(main/disc) 3.50e-05/1.75e-05 | cuda_peak(alloc/resv) 21.77/28.18GB | phase(train/val/raw/train_eval) 3.2/0.7/0.7/1.0s | 5.6s
2026-08-27 17:46:57 | Epoch 051/060 | loss 1.3665 | cls 1.3606 | tal -0.0648 | dual_g 0.0254 | dual_d 1.2402 | train_acc 0.9547 | train_full n/a | val_acc 0.9470 | val_f1 0.9510 | adv/moduleC 1.00/1.00 | disc_steps 3 | grad(main/disc) 4.161/1.586 | lr(main/disc) 3.50e-05/1.75e-05 | cuda_peak(alloc/resv) 21.77/28.18GB | phase(train/val/raw/train_eval) 3.3/0.7/0.0/0.0s | 4.0s
2026-08-27 17:47:01 | Epoch 052/060 | loss 1.3635 | cls 1.3558 | tal -0.0594 | dual_g 0.0255 | dual_d 1.2433 | train_acc 0.9583 | train_full n/a | val_acc 0.9697 | val_f1 0.9551 | adv/moduleC 1.00/1.00 | disc_steps 3 | grad(main/disc) 3.736/1.577 | lr(main/disc) 3.50e-05/1.75e-05 | cuda_peak(alloc/resv) 21.77/28.18GB | phase(train/val/raw/train_eval) 3.4/0.7/0.0/0.0s | 4.1s
2026-08-27 17:47:05 | Epoch 053/060 | loss 1.3343 | cls 1.3407 | tal -0.1039 | dual_g 0.0248 | dual_d 1.2652 | train_acc 0.9746 | train_full n/a | val_acc 0.9848 | val_f1 0.9789 | adv/moduleC 1.00/1.00 | disc_steps 3 | grad(main/disc) 3.586/1.579 | lr(main/disc) 3.50e-05/1.75e-05 | cuda_peak(alloc/resv) 21.77/28.18GB | phase(train/val/raw/train_eval) 3.2/0.7/0.7/0.0s | 4.7s
2026-08-27 17:47:08 | New best val_f1_macro_present: 0.9789 at epoch 53
2026-08-27 17:47:12 | Epoch 054/060 | loss 1.3527 | cls 1.3462 | tal -0.0645 | dual_g 0.0259 | dual_d 1.2662 | train_acc 0.9656 | train_full n/a | val_acc 0.9621 | val_f1 0.9635 | adv/moduleC 1.00/1.00 | disc_steps 3 | grad(main/disc) 3.545/1.602 | lr(main/disc) 3.50e-05/1.75e-05 | cuda_peak(alloc/resv) 21.77/28.18GB | phase(train/val/raw/train_eval) 3.3/0.8/0.0/0.0s | 4.1s
2026-08-27 17:47:18 | Epoch 055/060 | loss 1.3398 | cls 1.3263 | tal -0.0399 | dual_g 0.0255 | dual_d 1.2471 | train_acc 0.9728 | train_full 0.9783 | val_acc 0.9470 | val_f1 0.9469 | adv/moduleC 1.00/1.00 | disc_steps 3 | grad(main/disc) 3.620/1.583 | lr(main/disc) 3.50e-05/1.75e-05 | cuda_peak(alloc/resv) 21.77/28.18GB | phase(train/val/raw/train_eval) 3.2/0.7/0.7/1.0s | 5.6s
2026-08-27 17:47:22 | Epoch 056/060 | loss 1.3027 | cls 1.3051 | tal -0.0909 | dual_g 0.0249 | dual_d 1.2701 | train_acc 0.9783 | train_full n/a | val_acc 0.9394 | val_f1 0.9412 | adv/moduleC 1.00/1.00 | disc_steps 3 | grad(main/disc) 2.885/1.600 | lr(main/disc) 3.50e-05/1.75e-05 | cuda_peak(alloc/resv) 21.77/28.18GB | phase(train/val/raw/train_eval) 3.3/0.7/0.0/0.0s | 4.0s
2026-08-27 17:47:26 | Epoch 057/060 | loss 1.3057 | cls 1.3051 | tal -0.0793 | dual_g 0.0244 | dual_d 1.2899 | train_acc 0.9873 | train_full n/a | val_acc 0.9470 | val_f1 0.9531 | adv/moduleC 1.00/1.00 | disc_steps 3 | grad(main/disc) 3.072/1.602 | lr(main/disc) 3.50e-05/1.75e-05 | cuda_peak(alloc/resv) 21.77/28.18GB | phase(train/val/raw/train_eval) 3.4/0.7/0.0/0.0s | 4.1s
2026-08-27 17:47:30 | Epoch 058/060 | loss 1.3058 | cls 1.3134 | tal -0.1072 | dual_g 0.0245 | dual_d 1.2797 | train_acc 0.9728 | train_full n/a | val_acc 0.9621 | val_f1 0.9686 | adv/moduleC 1.00/1.00 | disc_steps 3 | grad(main/disc) 3.172/1.602 | lr(main/disc) 3.50e-05/1.75e-05 | cuda_peak(alloc/resv) 21.77/28.18GB | phase(train/val/raw/train_eval) 3.2/0.7/0.0/0.0s | 3.9s
2026-08-27 17:47:34 | Epoch 059/060 | loss 1.3035 | cls 1.3197 | tal -0.1392 | dual_g 0.0256 | dual_d 1.2568 | train_acc 0.9819 | train_full n/a | val_acc 0.9545 | val_f1 0.9594 | adv/moduleC 1.00/1.00 | disc_steps 3 | grad(main/disc) 3.344/1.577 | lr(main/disc) 3.50e-05/1.75e-05 | cuda_peak(alloc/resv) 21.77/28.18GB | phase(train/val/raw/train_eval) 2.9/0.7/0.0/0.0s | 3.6s
2026-08-27 17:47:39 | Epoch 060/060 | loss 1.3303 | cls 1.3340 | tal -0.0991 | dual_g 0.0260 | dual_d 1.2691 | train_acc 0.9728 | train_full 0.9882 | val_acc 0.9470 | val_f1 0.9237 | adv/moduleC 1.00/1.00 | disc_steps 3 | grad(main/disc) 3.572/1.597 | lr(main/disc) 1.75e-05/8.75e-06 | cuda_peak(alloc/resv) 21.77/28.18GB | phase(train/val/raw/train_eval) 3.0/0.7/0.7/1.0s | 5.3s
2026-08-27 17:47:39 | Training complete. Best validation accuracy: 0.9848 | best val_f1_macro_present: 0.9789
