2026-08-29 16:57:11 | Starting Dual_D standalone training
2026-08-29 16:57:11 | Run directory: runs/module_c_ablation_60_v7/module_c_20260829_145907/module_c_no_identity_雨天_20260829_162018
2026-08-29 16:57:11 | Device: cuda
2026-08-29 16:57:11 | Source train samples: 992
2026-08-29 16:57:11 | Target train samples: 96
2026-08-29 16:57:11 | Target val samples: 26
2026-08-29 16:57:11 | Classes: 14
2026-08-29 16:57:11 | Data audit: same_dir=False | path_overlap(vis/ir/ais)=0/0/0 | content_overlap(vis/ir/ais)=0/0/0 | ais_index_overlap=0 | stem_mismatch(vis-ir/vis-ais)=117/0
2026-08-29 16:57:11 | source_train classes: present 14/14 | absent 0 | counts [0:120, 1:44, 2:69, 3:45, 4:40, 5:30, 6:64, 7:80, 8:116, 9:68, 10:57, 11:83, 12:48, 13:128]
2026-08-29 16:57:11 | target_train classes: present 6/14 | absent 8 | counts [0:7, 2:19, 9:32, 10:12, 11:6, 13:20]
2026-08-29 16:57:11 | target_val classes: present 6/14 | absent 8 | counts [0:2, 2:5, 9:8, 10:4, 11:2, 13:5]
2026-08-29 16:57:11 | Paired training classes: 6/14 | class ids [0, 2, 9, 10, 11, 13]
2026-08-29 16:57:11 | Runtime profile: batch=92 | paired_steps=4 | workers=16 | train_eval_every=5 | raw_eval_every=5 | stability_window=3 | lr_scheduler_start=24 | early_stop=20 after min_epoch=50
2026-08-29 16:57:11 | VIS/IR pairing: class-level-unpaired | count-mismatch classes train/val: 10/0 | AIS alignment: none | AIS rows train/val: 0/0
2026-08-29 16:57:12 | Effective Dual-D loss weights: {"adv_auxiliary": 0.02, "adv_primary": 0.02, "classification": 0.6, "contrastive": 0.015, "cycle": 0.1, "identity": 0.0, "prototype_contrastive": 0.02}
2026-08-29 16:57:12 | Model parameters: total=17277714 | trainable=17120210
2026-08-29 16:57:17 | Epoch 001/060 | loss 6.0171 | cls 6.0485 | tal -0.1046 | dual_g 0.0000 | dual_d 0.0000 | train_acc 0.1168 | train_full 0.0833 | val_acc 0.1538 | val_f1 0.1310 | adv/moduleC 0.00/0.00 | disc_steps 0 | grad(main/disc) 18.724/0.000 | lr(main/disc) 1.00e-04/3.00e-05 | cuda_peak(alloc/resv) 21.77/28.18GB | phase(train/val/raw/train_eval) 3.4/0.4/0.4/0.6s | 4.8s
2026-08-29 16:57:20 | Epoch 002/060 | loss 4.0414 | cls 4.1317 | tal -0.3009 | dual_g 0.0000 | dual_d 0.0000 | train_acc 0.3071 | train_full n/a | val_acc 0.0769 | val_f1 0.0278 | adv/moduleC 0.00/0.00 | disc_steps 0 | grad(main/disc) 13.130/0.000 | lr(main/disc) 1.00e-04/3.00e-05 | cuda_peak(alloc/resv) 21.77/28.18GB | phase(train/val/raw/train_eval) 3.0/0.4/0.0/0.0s | 3.4s
2026-08-29 16:57:24 | Epoch 003/060 | loss 3.1707 | cls 3.3271 | tal -0.5212 | dual_g 0.0000 | dual_d 0.0000 | train_acc 0.4239 | train_full n/a | val_acc 0.1154 | val_f1 0.0914 | adv/moduleC 0.00/0.00 | disc_steps 0 | grad(main/disc) 10.527/0.000 | lr(main/disc) 1.00e-04/3.00e-05 | cuda_peak(alloc/resv) 21.77/28.18GB | phase(train/val/raw/train_eval) 2.8/0.4/0.4/0.0s | 3.6s
2026-08-29 16:57:27 | New best val_f1_macro_present: raw=0.0914 stable_score=0.0278 at epoch 3
2026-08-29 16:57:31 | Epoch 004/060 | loss 2.9668 | cls 2.8509 | tal -0.5460 | dual_g 0.2797 | dual_d 0.0000 | train_acc 0.5815 | train_full n/a | val_acc 0.0769 | val_f1 0.0278 | adv/moduleC 0.00/0.14 | disc_steps 0 | grad(main/disc) 9.453/0.000 | lr(main/disc) 1.00e-04/3.00e-05 | cuda_peak(alloc/resv) 21.77/28.18GB | phase(train/val/raw/train_eval) 4.0/0.4/0.0/0.0s | 4.4s
2026-08-29 16:57:36 | Epoch 005/060 | loss 2.6948 | cls 2.3890 | tal -0.5208 | dual_g 0.4620 | dual_d 0.0000 | train_acc 0.7038 | train_full 0.0729 | val_acc 0.0769 | val_f1 0.0370 | adv/moduleC 0.00/0.29 | disc_steps 0 | grad(main/disc) 8.405/0.000 | lr(main/disc) 1.00e-04/3.00e-05 | cuda_peak(alloc/resv) 21.77/28.18GB | phase(train/val/raw/train_eval) 3.3/0.4/0.4/0.6s | 4.7s
2026-08-29 16:57:39 | Epoch 006/060 | loss 2.5863 | cls 2.0790 | tal -0.4422 | dual_g 0.6400 | dual_d 0.7945 | train_acc 0.7799 | train_full n/a | val_acc 0.2308 | val_f1 0.1442 | adv/moduleC 0.07/0.43 | disc_steps 2 | grad(main/disc) 8.437/1.636 | lr(main/disc) 1.00e-04/3.00e-05 | cuda_peak(alloc/resv) 21.77/28.18GB | phase(train/val/raw/train_eval) 3.3/0.4/0.0/0.0s | 3.7s
2026-08-29 16:57:43 | Epoch 007/060 | loss 2.5033 | cls 1.8698 | tal -0.3993 | dual_g 0.7533 | dual_d 0.7850 | train_acc 0.8424 | train_full n/a | val_acc 0.2308 | val_f1 0.1556 | adv/moduleC 0.13/0.57 | disc_steps 2 | grad(main/disc) 7.815/1.587 | lr(main/disc) 1.00e-04/3.00e-05 | cuda_peak(alloc/resv) 21.77/28.18GB | phase(train/val/raw/train_eval) 3.1/0.4/0.4/0.0s | 3.9s
2026-08-29 16:57:46 | New best val_f1_macro_present: raw=0.1556 stable_score=0.0370 at epoch 7
2026-08-29 16:57:50 | Epoch 008/060 | loss 2.4180 | cls 1.7008 | tal -0.4144 | dual_g 0.8416 | dual_d 0.7998 | train_acc 0.8696 | train_full n/a | val_acc 0.3077 | val_f1 0.2442 | adv/moduleC 0.20/0.71 | disc_steps 2 | grad(main/disc) 8.480/1.497 | lr(main/disc) 1.00e-04/3.00e-05 | cuda_peak(alloc/resv) 21.77/28.18GB | phase(train/val/raw/train_eval) 3.4/0.4/0.4/0.0s | 4.3s
2026-08-29 16:57:53 | New best val_f1_macro_present: raw=0.2442 stable_score=0.1442 at epoch 8
2026-08-29 16:57:57 | Epoch 009/060 | loss 2.4144 | cls 1.5813 | tal -0.3531 | dual_g 0.9390 | dual_d 0.7982 | train_acc 0.8995 | train_full n/a | val_acc 0.3077 | val_f1 0.2491 | adv/moduleC 0.27/0.86 | disc_steps 2 | grad(main/disc) 9.058/1.513 | lr(main/disc) 1.00e-04/3.00e-05 | cuda_peak(alloc/resv) 21.77/28.18GB | phase(train/val/raw/train_eval) 2.9/0.4/0.4/0.0s | 3.7s
2026-08-29 16:58:00 | New best val_f1_macro_present: raw=0.2491 stable_score=0.1556 at epoch 9
2026-08-29 16:58:04 | Epoch 010/060 | loss 2.3966 | cls 1.4664 | tal -0.3123 | dual_g 1.0238 | dual_d 0.7692 | train_acc 0.9484 | train_full 0.5000 | val_acc 0.3846 | val_f1 0.3069 | adv/moduleC 0.33/1.00 | disc_steps 2 | grad(main/disc) 10.483/1.498 | lr(main/disc) 1.00e-04/3.00e-05 | cuda_peak(alloc/resv) 21.77/28.18GB | phase(train/val/raw/train_eval) 3.3/0.4/0.4/0.6s | 4.7s
2026-08-29 16:58:07 | New best val_f1_macro_present: raw=0.3069 stable_score=0.2442 at epoch 10
2026-08-29 16:58:12 | Epoch 011/060 | loss 2.3044 | cls 1.4078 | tal -0.2512 | dual_g 0.9719 | dual_d 0.7872 | train_acc 0.9484 | train_full n/a | val_acc 0.6538 | val_f1 0.7031 | adv/moduleC 0.40/1.00 | disc_steps 2 | grad(main/disc) 8.395/1.477 | lr(main/disc) 1.00e-04/3.00e-05 | cuda_peak(alloc/resv) 21.77/28.18GB | phase(train/val/raw/train_eval) 3.6/0.4/0.4/0.0s | 4.4s
2026-08-29 16:58:14 | New best val_f1_macro_present: raw=0.7031 stable_score=0.2491 at epoch 11
2026-08-29 16:58:18 | Epoch 012/060 | loss 2.2075 | cls 1.3260 | tal -0.1940 | dual_g 0.9397 | dual_d 0.7952 | train_acc 0.9755 | train_full n/a | val_acc 0.6923 | val_f1 0.7493 | adv/moduleC 0.47/1.00 | disc_steps 2 | grad(main/disc) 8.420/1.427 | lr(main/disc) 1.00e-04/3.00e-05 | cuda_peak(alloc/resv) 21.77/28.18GB | phase(train/val/raw/train_eval) 2.8/0.4/0.4/0.0s | 3.6s
2026-08-29 16:58:21 | New best val_f1_macro_present: raw=0.7493 stable_score=0.3069 at epoch 12
2026-08-29 16:58:24 | Epoch 013/060 | loss 2.0880 | cls 1.2557 | tal -0.1757 | dual_g 0.8851 | dual_d 0.7859 | train_acc 0.9810 | train_full n/a | val_acc 0.6154 | val_f1 0.6338 | adv/moduleC 0.53/1.00 | disc_steps 2 | grad(main/disc) 7.187/1.473 | lr(main/disc) 1.00e-04/3.00e-05 | cuda_peak(alloc/resv) 21.77/28.18GB | phase(train/val/raw/train_eval) 2.9/0.4/0.4/0.0s | 3.8s
2026-08-29 16:58:27 | New best val_f1_macro_present: raw=0.6338 stable_score=0.6338 at epoch 13
2026-08-29 16:58:30 | Epoch 014/060 | loss 2.0121 | cls 1.2056 | tal -0.2049 | dual_g 0.8679 | dual_d 0.7926 | train_acc 0.9891 | train_full n/a | val_acc 0.7692 | val_f1 0.7992 | adv/moduleC 0.60/1.00 | disc_steps 2 | grad(main/disc) 7.154/1.406 | lr(main/disc) 1.00e-04/3.00e-05 | cuda_peak(alloc/resv) 21.77/28.18GB | phase(train/val/raw/train_eval) 2.9/0.4/0.0/0.0s | 3.3s
2026-08-29 16:58:35 | Epoch 015/060 | loss 1.9918 | cls 1.2028 | tal -0.1802 | dual_g 0.8431 | dual_d 0.7734 | train_acc 0.9837 | train_full 0.8125 | val_acc 0.8077 | val_f1 0.8541 | adv/moduleC 0.67/1.00 | disc_steps 2 | grad(main/disc) 6.908/1.330 | lr(main/disc) 1.00e-04/3.00e-05 | cuda_peak(alloc/resv) 21.77/28.18GB | phase(train/val/raw/train_eval) 3.1/0.4/0.4/0.6s | 4.5s
2026-08-29 16:58:39 | Epoch 016/060 | loss 1.9350 | cls 1.1514 | tal -0.1927 | dual_g 0.8415 | dual_d 0.7974 | train_acc 0.9864 | train_full n/a | val_acc 0.9231 | val_f1 0.9206 | adv/moduleC 0.73/1.00 | disc_steps 2 | grad(main/disc) 6.591/1.400 | lr(main/disc) 1.00e-04/3.00e-05 | cuda_peak(alloc/resv) 21.77/28.18GB | phase(train/val/raw/train_eval) 3.5/0.4/0.4/0.0s | 4.3s
2026-08-29 16:58:42 | New best val_f1_macro_present: raw=0.9206 stable_score=0.7992 at epoch 16
2026-08-29 16:58:46 | Epoch 017/060 | loss 1.8972 | cls 1.1445 | tal -0.2011 | dual_g 0.8130 | dual_d 0.7859 | train_acc 0.9918 | train_full n/a | val_acc 0.9231 | val_f1 0.9243 | adv/moduleC 0.80/1.00 | disc_steps 2 | grad(main/disc) 7.511/1.393 | lr(main/disc) 1.00e-04/3.00e-05 | cuda_peak(alloc/resv) 21.77/28.18GB | phase(train/val/raw/train_eval) 3.2/0.4/0.4/0.0s | 4.0s
2026-08-29 16:58:49 | New best val_f1_macro_present: raw=0.9243 stable_score=0.8541 at epoch 17
2026-08-29 16:58:53 | Epoch 018/060 | loss 1.8700 | cls 1.1212 | tal -0.2086 | dual_g 0.8114 | dual_d 0.8177 | train_acc 0.9891 | train_full n/a | val_acc 0.9231 | val_f1 0.9367 | adv/moduleC 0.87/1.00 | disc_steps 2 | grad(main/disc) 5.191/1.399 | lr(main/disc) 1.00e-04/3.00e-05 | cuda_peak(alloc/resv) 21.77/28.18GB | phase(train/val/raw/train_eval) 3.7/0.4/0.4/0.0s | 4.5s
2026-08-29 16:58:56 | New best val_f1_macro_present: raw=0.9367 stable_score=0.9206 at epoch 18
2026-08-29 16:59:00 | Epoch 019/060 | loss 1.8801 | cls 1.1433 | tal -0.1909 | dual_g 0.7941 | dual_d 0.8451 | train_acc 0.9973 | train_full n/a | val_acc 0.9615 | val_f1 0.9556 | adv/moduleC 0.93/1.00 | disc_steps 2 | grad(main/disc) 5.833/1.400 | lr(main/disc) 1.00e-04/3.00e-05 | cuda_peak(alloc/resv) 21.77/28.18GB | phase(train/val/raw/train_eval) 3.3/0.4/0.4/0.0s | 4.2s
2026-08-29 16:59:03 | New best val_f1_macro_present: raw=0.9556 stable_score=0.9243 at epoch 19
2026-08-29 16:59:07 | Epoch 020/060 | loss 1.8827 | cls 1.1198 | tal -0.1249 | dual_g 0.8003 | dual_d 0.8383 | train_acc 0.9918 | train_full 0.9271 | val_acc 0.8846 | val_f1 0.9092 | adv/moduleC 1.00/1.00 | disc_steps 2 | grad(main/disc) 7.508/1.420 | lr(main/disc) 1.00e-04/3.00e-05 | cuda_peak(alloc/resv) 21.77/28.18GB | phase(train/val/raw/train_eval) 3.3/0.4/0.4/0.6s | 4.7s
2026-08-29 16:59:11 | Epoch 021/060 | loss 1.8521 | cls 1.1085 | tal -0.1200 | dual_g 0.7796 | dual_d 0.8440 | train_acc 0.9946 | train_full n/a | val_acc 0.8846 | val_f1 0.9092 | adv/moduleC 1.00/1.00 | disc_steps 2 | grad(main/disc) 4.643/1.427 | lr(main/disc) 1.00e-04/3.00e-05 | cuda_peak(alloc/resv) 21.77/28.18GB | phase(train/val/raw/train_eval) 3.1/0.4/0.0/0.0s | 3.5s
2026-08-29 16:59:15 | Epoch 022/060 | loss 1.8035 | cls 1.0692 | tal -0.1650 | dual_g 0.7838 | dual_d 0.8865 | train_acc 1.0000 | train_full n/a | val_acc 0.9231 | val_f1 0.9429 | adv/moduleC 1.00/1.00 | disc_steps 2 | grad(main/disc) 3.836/1.418 | lr(main/disc) 1.00e-04/3.00e-05 | cuda_peak(alloc/resv) 21.77/28.18GB | phase(train/val/raw/train_eval) 3.3/0.4/0.0/0.0s | 3.7s
2026-08-29 16:59:18 | Epoch 023/060 | loss 1.7798 | cls 1.0716 | tal -0.1936 | dual_g 0.7662 | dual_d 0.8801 | train_acc 1.0000 | train_full n/a | val_acc 1.0000 | val_f1 1.0000 | adv/moduleC 1.00/1.00 | disc_steps 2 | grad(main/disc) 3.900/1.460 | lr(main/disc) 1.00e-04/3.00e-05 | cuda_peak(alloc/resv) 21.77/28.18GB | phase(train/val/raw/train_eval) 3.5/0.4/0.0/0.0s | 3.9s
2026-08-29 16:59:22 | Epoch 024/060 | loss 1.7720 | cls 1.0566 | tal -0.1392 | dual_g 0.7571 | dual_d 0.9414 | train_acc 0.9973 | train_full n/a | val_acc 1.0000 | val_f1 1.0000 | adv/moduleC 1.00/1.00 | disc_steps 2 | grad(main/disc) 3.219/1.496 | lr(main/disc) 1.00e-04/3.00e-05 | cuda_peak(alloc/resv) 21.77/28.18GB | phase(train/val/raw/train_eval) 2.8/0.4/0.4/0.0s | 3.6s
2026-08-29 16:59:25 | New best val_f1_macro_present: raw=1.0000 stable_score=0.9429 at epoch 24
2026-08-29 16:59:29 | Epoch 025/060 | loss 1.7841 | cls 1.0689 | tal -0.1451 | dual_g 0.7588 | dual_d 0.9696 | train_acc 0.9973 | train_full 0.9583 | val_acc 0.9231 | val_f1 0.9429 | adv/moduleC 1.00/1.00 | disc_steps 2 | grad(main/disc) 3.599/1.530 | lr(main/disc) 1.00e-04/3.00e-05 | cuda_peak(alloc/resv) 21.77/28.18GB | phase(train/val/raw/train_eval) 3.1/0.4/0.4/0.6s | 4.5s
2026-08-29 16:59:33 | Epoch 026/060 | loss 1.7742 | cls 1.0584 | tal -0.1220 | dual_g 0.7524 | dual_d 0.9432 | train_acc 0.9973 | train_full n/a | val_acc 1.0000 | val_f1 1.0000 | adv/moduleC 1.00/1.00 | disc_steps 2 | grad(main/disc) 4.017/1.523 | lr(main/disc) 1.00e-04/3.00e-05 | cuda_peak(alloc/resv) 21.77/28.18GB | phase(train/val/raw/train_eval) 3.0/0.4/0.0/0.0s | 3.4s
2026-08-29 16:59:36 | Epoch 027/060 | loss 1.7737 | cls 1.0597 | tal -0.1116 | dual_g 0.7475 | dual_d 0.9665 | train_acc 0.9973 | train_full n/a | val_acc 1.0000 | val_f1 1.0000 | adv/moduleC 1.00/1.00 | disc_steps 2 | grad(main/disc) 3.922/1.489 | lr(main/disc) 1.00e-04/3.00e-05 | cuda_peak(alloc/resv) 21.77/28.18GB | phase(train/val/raw/train_eval) 3.2/0.4/0.0/0.0s | 3.6s
2026-08-29 16:59:40 | Epoch 028/060 | loss 1.7539 | cls 1.0550 | tal -0.1497 | dual_g 0.7438 | dual_d 0.9496 | train_acc 1.0000 | train_full n/a | val_acc 0.9231 | val_f1 0.9426 | adv/moduleC 1.00/1.00 | disc_steps 2 | grad(main/disc) 3.302/1.433 | lr(main/disc) 1.00e-04/3.00e-05 | cuda_peak(alloc/resv) 21.77/28.18GB | phase(train/val/raw/train_eval) 3.3/0.4/0.0/0.0s | 3.7s
2026-08-29 16:59:44 | Epoch 029/060 | loss 1.7455 | cls 1.0533 | tal -0.1228 | dual_g 0.7290 | dual_d 1.0022 | train_acc 0.9891 | train_full n/a | val_acc 0.9615 | val_f1 0.9663 | adv/moduleC 1.00/1.00 | disc_steps 2 | grad(main/disc) 4.319/1.523 | lr(main/disc) 1.00e-04/3.00e-05 | cuda_peak(alloc/resv) 21.77/28.18GB | phase(train/val/raw/train_eval) 3.6/0.4/0.0/0.0s | 4.0s
2026-08-29 16:59:49 | Epoch 030/060 | loss 1.7307 | cls 1.0443 | tal -0.1631 | dual_g 0.7353 | dual_d 1.0080 | train_acc 1.0000 | train_full 0.9896 | val_acc 0.9615 | val_f1 0.9704 | adv/moduleC 1.00/1.00 | disc_steps 2 | grad(main/disc) 2.880/1.517 | lr(main/disc) 1.00e-04/3.00e-05 | cuda_peak(alloc/resv) 21.77/28.18GB | phase(train/val/raw/train_eval) 3.2/0.4/0.4/0.6s | 4.7s
2026-08-29 16:59:53 | Epoch 031/060 | loss 1.7193 | cls 1.0308 | tal -0.1697 | dual_g 0.7394 | dual_d 0.9852 | train_acc 0.9973 | train_full n/a | val_acc 1.0000 | val_f1 1.0000 | adv/moduleC 1.00/1.00 | disc_steps 2 | grad(main/disc) 2.804/1.471 | lr(main/disc) 1.00e-04/3.00e-05 | cuda_peak(alloc/resv) 21.77/28.18GB | phase(train/val/raw/train_eval) 3.3/0.4/0.4/0.0s | 4.1s
2026-08-29 16:59:56 | New best val_f1_macro_present: raw=1.0000 stable_score=0.9663 at epoch 31
2026-08-29 16:59:59 | Epoch 032/060 | loss 1.7090 | cls 1.0339 | tal -0.1749 | dual_g 0.7276 | dual_d 1.0200 | train_acc 1.0000 | train_full n/a | val_acc 1.0000 | val_f1 1.0000 | adv/moduleC 1.00/1.00 | disc_steps 2 | grad(main/disc) 2.665/1.538 | lr(main/disc) 1.00e-04/3.00e-05 | cuda_peak(alloc/resv) 21.77/28.18GB | phase(train/val/raw/train_eval) 3.1/0.4/0.4/0.0s | 3.9s
2026-08-29 17:00:02 | New best val_f1_macro_present: raw=1.0000 stable_score=0.9704 at epoch 32
2026-08-29 17:00:06 | Epoch 033/060 | loss 1.7449 | cls 1.0577 | tal -0.1708 | dual_g 0.7384 | dual_d 1.0382 | train_acc 1.0000 | train_full n/a | val_acc 1.0000 | val_f1 1.0000 | adv/moduleC 1.00/1.00 | disc_steps 2 | grad(main/disc) 5.477/1.492 | lr(main/disc) 1.00e-04/3.00e-05 | cuda_peak(alloc/resv) 21.77/28.18GB | phase(train/val/raw/train_eval) 3.4/0.4/0.4/0.0s | 4.3s
2026-08-29 17:00:09 | New best val_f1_macro_present: raw=1.0000 stable_score=1.0000 at epoch 33
2026-08-29 17:00:13 | Epoch 034/060 | loss 1.7065 | cls 1.0216 | tal -0.1535 | dual_g 0.7309 | dual_d 1.0254 | train_acc 1.0000 | train_full n/a | val_acc 1.0000 | val_f1 1.0000 | adv/moduleC 1.00/1.00 | disc_steps 2 | grad(main/disc) 2.236/1.460 | lr(main/disc) 1.00e-04/3.00e-05 | cuda_peak(alloc/resv) 21.77/28.18GB | phase(train/val/raw/train_eval) 3.4/0.4/0.0/0.0s | 3.8s
2026-08-29 17:00:18 | Epoch 035/060 | loss 1.6981 | cls 1.0206 | tal -0.1616 | dual_g 0.7260 | dual_d 0.9904 | train_acc 0.9946 | train_full 0.9896 | val_acc 0.9615 | val_f1 0.9704 | adv/moduleC 1.00/1.00 | disc_steps 2 | grad(main/disc) 3.751/1.460 | lr(main/disc) 1.00e-04/3.00e-05 | cuda_peak(alloc/resv) 21.77/28.18GB | phase(train/val/raw/train_eval) 3.4/0.4/0.4/0.6s | 4.8s
2026-08-29 17:00:22 | Epoch 036/060 | loss 1.6878 | cls 1.0265 | tal -0.1873 | dual_g 0.7175 | dual_d 1.0557 | train_acc 1.0000 | train_full n/a | val_acc 1.0000 | val_f1 1.0000 | adv/moduleC 1.00/1.00 | disc_steps 2 | grad(main/disc) 2.338/1.501 | lr(main/disc) 1.00e-04/3.00e-05 | cuda_peak(alloc/resv) 21.77/28.18GB | phase(train/val/raw/train_eval) 3.5/0.4/0.0/0.0s | 3.9s
2026-08-29 17:00:25 | Epoch 037/060 | loss 1.6870 | cls 1.0247 | tal -0.1645 | dual_g 0.7116 | dual_d 1.0075 | train_acc 1.0000 | train_full n/a | val_acc 1.0000 | val_f1 1.0000 | adv/moduleC 1.00/1.00 | disc_steps 2 | grad(main/disc) 2.527/1.489 | lr(main/disc) 5.00e-05/1.50e-05 | cuda_peak(alloc/resv) 21.77/28.18GB | phase(train/val/raw/train_eval) 3.3/0.4/0.0/0.0s | 3.7s
2026-08-29 17:00:29 | Epoch 038/060 | loss 1.6774 | cls 1.0180 | tal -0.1497 | dual_g 0.7043 | dual_d 1.0493 | train_acc 1.0000 | train_full n/a | val_acc 1.0000 | val_f1 1.0000 | adv/moduleC 1.00/1.00 | disc_steps 2 | grad(main/disc) 1.921/1.535 | lr(main/disc) 5.00e-05/1.50e-05 | cuda_peak(alloc/resv) 21.77/28.18GB | phase(train/val/raw/train_eval) 3.2/0.4/0.0/0.0s | 3.6s
2026-08-29 17:00:33 | Epoch 039/060 | loss 1.6843 | cls 1.0180 | tal -0.1338 | dual_g 0.7064 | dual_d 1.0188 | train_acc 1.0000 | train_full n/a | val_acc 1.0000 | val_f1 1.0000 | adv/moduleC 1.00/1.00 | disc_steps 2 | grad(main/disc) 2.000/1.500 | lr(main/disc) 5.00e-05/1.50e-05 | cuda_peak(alloc/resv) 21.77/28.18GB | phase(train/val/raw/train_eval) 3.9/0.4/0.0/0.0s | 4.3s
2026-08-29 17:00:38 | Epoch 040/060 | loss 1.6755 | cls 1.0092 | tal -0.1277 | dual_g 0.7046 | dual_d 1.0299 | train_acc 1.0000 | train_full 0.9896 | val_acc 0.9615 | val_f1 0.9704 | adv/moduleC 1.00/1.00 | disc_steps 2 | grad(main/disc) 1.575/1.478 | lr(main/disc) 5.00e-05/1.50e-05 | cuda_peak(alloc/resv) 21.77/28.18GB | phase(train/val/raw/train_eval) 3.0/0.4/0.4/0.6s | 4.4s
2026-08-29 17:00:42 | Epoch 041/060 | loss 1.6610 | cls 1.0073 | tal -0.1789 | dual_g 0.7073 | dual_d 1.0655 | train_acc 1.0000 | train_full n/a | val_acc 1.0000 | val_f1 1.0000 | adv/moduleC 1.00/1.00 | disc_steps 2 | grad(main/disc) 1.617/1.528 | lr(main/disc) 5.00e-05/1.50e-05 | cuda_peak(alloc/resv) 21.77/28.18GB | phase(train/val/raw/train_eval) 3.5/0.4/0.0/0.0s | 3.9s
2026-08-29 17:00:45 | Epoch 042/060 | loss 1.6562 | cls 1.0011 | tal -0.1582 | dual_g 0.7026 | dual_d 1.0822 | train_acc 1.0000 | train_full n/a | val_acc 1.0000 | val_f1 1.0000 | adv/moduleC 1.00/1.00 | disc_steps 2 | grad(main/disc) 1.522/1.508 | lr(main/disc) 5.00e-05/1.50e-05 | cuda_peak(alloc/resv) 21.77/28.18GB | phase(train/val/raw/train_eval) 2.8/0.4/0.0/0.0s | 3.2s
2026-08-29 17:00:48 | Epoch 043/060 | loss 1.6665 | cls 1.0112 | tal -0.1458 | dual_g 0.6991 | dual_d 1.0496 | train_acc 0.9973 | train_full n/a | val_acc 1.0000 | val_f1 1.0000 | adv/moduleC 1.00/1.00 | disc_steps 2 | grad(main/disc) 1.673/1.468 | lr(main/disc) 5.00e-05/1.50e-05 | cuda_peak(alloc/resv) 21.77/28.18GB | phase(train/val/raw/train_eval) 3.1/0.4/0.0/0.0s | 3.5s
2026-08-29 17:00:52 | Epoch 044/060 | loss 1.6608 | cls 1.0109 | tal -0.1812 | dual_g 0.7042 | dual_d 1.0631 | train_acc 0.9973 | train_full n/a | val_acc 1.0000 | val_f1 1.0000 | adv/moduleC 1.00/1.00 | disc_steps 2 | grad(main/disc) 1.893/1.449 | lr(main/disc) 5.00e-05/1.50e-05 | cuda_peak(alloc/resv) 21.77/28.18GB | phase(train/val/raw/train_eval) 3.1/0.4/0.0/0.0s | 3.5s
2026-08-29 17:00:56 | Epoch 045/060 | loss 1.6574 | cls 1.0054 | tal -0.1589 | dual_g 0.6996 | dual_d 1.0300 | train_acc 1.0000 | train_full 1.0000 | val_acc 1.0000 | val_f1 1.0000 | adv/moduleC 1.00/1.00 | disc_steps 2 | grad(main/disc) 1.563/1.442 | lr(main/disc) 5.00e-05/1.50e-05 | cuda_peak(alloc/resv) 21.77/28.18GB | phase(train/val/raw/train_eval) 3.0/0.4/0.4/0.6s | 4.4s
2026-08-29 17:00:59 | Epoch 046/060 | loss 1.6722 | cls 1.0146 | tal -0.1373 | dual_g 0.6988 | dual_d 1.0250 | train_acc 0.9973 | train_full n/a | val_acc 1.0000 | val_f1 1.0000 | adv/moduleC 1.00/1.00 | disc_steps 2 | grad(main/disc) 1.569/1.424 | lr(main/disc) 5.00e-05/1.50e-05 | cuda_peak(alloc/resv) 21.77/28.18GB | phase(train/val/raw/train_eval) 2.8/0.4/0.0/0.0s | 3.2s
2026-08-29 17:01:03 | Epoch 047/060 | loss 1.6541 | cls 1.0049 | tal -0.1765 | dual_g 0.7022 | dual_d 1.0751 | train_acc 1.0000 | train_full n/a | val_acc 1.0000 | val_f1 1.0000 | adv/moduleC 1.00/1.00 | disc_steps 2 | grad(main/disc) 1.796/1.467 | lr(main/disc) 5.00e-05/1.50e-05 | cuda_peak(alloc/resv) 21.77/28.18GB | phase(train/val/raw/train_eval) 3.3/0.4/0.0/0.0s | 3.7s
2026-08-29 17:01:07 | Epoch 048/060 | loss 1.6469 | cls 0.9978 | tal -0.1674 | dual_g 0.6994 | dual_d 1.0718 | train_acc 1.0000 | train_full n/a | val_acc 0.9615 | val_f1 0.9663 | adv/moduleC 1.00/1.00 | disc_steps 2 | grad(main/disc) 1.751/1.514 | lr(main/disc) 5.00e-05/1.50e-05 | cuda_peak(alloc/resv) 21.77/28.18GB | phase(train/val/raw/train_eval) 3.2/0.4/0.0/0.0s | 3.6s
2026-08-29 17:01:10 | Epoch 049/060 | loss 1.6713 | cls 1.0093 | tal -0.1482 | dual_g 0.7065 | dual_d 1.0762 | train_acc 1.0000 | train_full n/a | val_acc 0.9615 | val_f1 0.9663 | adv/moduleC 1.00/1.00 | disc_steps 2 | grad(main/disc) 2.033/1.516 | lr(main/disc) 5.00e-05/1.50e-05 | cuda_peak(alloc/resv) 21.77/28.18GB | phase(train/val/raw/train_eval) 2.8/0.4/0.0/0.0s | 3.2s
2026-08-29 17:01:15 | Epoch 050/060 | loss 1.6714 | cls 1.0020 | tal -0.1110 | dual_g 0.7027 | dual_d 1.0447 | train_acc 1.0000 | train_full 1.0000 | val_acc 1.0000 | val_f1 1.0000 | adv/moduleC 1.00/1.00 | disc_steps 2 | grad(main/disc) 1.664/1.451 | lr(main/disc) 2.50e-05/7.50e-06 | cuda_peak(alloc/resv) 21.77/28.18GB | phase(train/val/raw/train_eval) 3.4/0.4/0.4/0.6s | 4.8s
2026-08-29 17:01:18 | Epoch 051/060 | loss 1.6397 | cls 0.9999 | tal -0.1709 | dual_g 0.6911 | dual_d 1.0457 | train_acc 1.0000 | train_full n/a | val_acc 1.0000 | val_f1 1.0000 | adv/moduleC 1.00/1.00 | disc_steps 2 | grad(main/disc) 1.976/1.463 | lr(main/disc) 2.50e-05/7.50e-06 | cuda_peak(alloc/resv) 21.77/28.18GB | phase(train/val/raw/train_eval) 3.3/0.4/0.0/0.0s | 3.7s
2026-08-29 17:01:22 | Epoch 052/060 | loss 1.6584 | cls 1.0099 | tal -0.1606 | dual_g 0.6968 | dual_d 1.0627 | train_acc 1.0000 | train_full n/a | val_acc 1.0000 | val_f1 1.0000 | adv/moduleC 1.00/1.00 | disc_steps 2 | grad(main/disc) 1.919/1.450 | lr(main/disc) 2.50e-05/7.50e-06 | cuda_peak(alloc/resv) 21.77/28.18GB | phase(train/val/raw/train_eval) 3.1/0.4/0.0/0.0s | 3.5s
2026-08-29 17:01:25 | Epoch 053/060 | loss 1.6613 | cls 1.0077 | tal -0.1639 | dual_g 0.7027 | dual_d 1.1035 | train_acc 1.0000 | train_full n/a | val_acc 1.0000 | val_f1 1.0000 | adv/moduleC 1.00/1.00 | disc_steps 2 | grad(main/disc) 1.863/1.524 | lr(main/disc) 2.50e-05/7.50e-06 | cuda_peak(alloc/resv) 21.77/28.18GB | phase(train/val/raw/train_eval) 3.0/0.4/0.0/0.0s | 3.4s
2026-08-29 17:01:25 | Early stopping at epoch 53 after 20 epochs without val_f1_macro_present improvement.
2026-08-29 17:01:25 | Training complete. Peak validation accuracy: 1.0000 | selected val_f1_macro_present: 1.0000
