2026-08-29 16:49:14 | Starting Dual_D standalone training
2026-08-29 16:49:14 | Run directory: runs/module_c_ablation_60_v7/module_c_20260829_145907/module_c_no_identity_雨天_20260829_162018
2026-08-29 16:49:14 | Device: cuda
2026-08-29 16:49:14 | Source train samples: 992
2026-08-29 16:49:14 | Target train samples: 96
2026-08-29 16:49:14 | Target val samples: 26
2026-08-29 16:49:14 | Classes: 14
2026-08-29 16:49:14 | Data audit: same_dir=False | path_overlap(vis/ir/ais)=0/0/0 | content_overlap(vis/ir/ais)=0/0/0 | ais_index_overlap=0 | stem_mismatch(vis-ir/vis-ais)=117/0
2026-08-29 16:49:14 | source_train classes: present 14/14 | absent 0 | counts [0:120, 1:44, 2:69, 3:45, 4:40, 5:30, 6:64, 7:80, 8:116, 9:68, 10:57, 11:83, 12:48, 13:128]
2026-08-29 16:49:14 | target_train classes: present 6/14 | absent 8 | counts [0:7, 2:19, 9:32, 10:12, 11:6, 13:20]
2026-08-29 16:49:14 | target_val classes: present 6/14 | absent 8 | counts [0:2, 2:5, 9:8, 10:4, 11:2, 13:5]
2026-08-29 16:49:14 | Paired training classes: 6/14 | class ids [0, 2, 9, 10, 11, 13]
2026-08-29 16:49:14 | Runtime profile: batch=92 | paired_steps=4 | workers=16 | train_eval_every=5 | raw_eval_every=5 | stability_window=3 | lr_scheduler_start=24 | early_stop=20 after min_epoch=50
2026-08-29 16:49:14 | VIS/IR pairing: class-level-unpaired | count-mismatch classes train/val: 10/0 | AIS alignment: none | AIS rows train/val: 0/0
2026-08-29 16:49:15 | Effective Dual-D loss weights: {"adv_auxiliary": 0.02, "adv_primary": 0.02, "classification": 0.6, "contrastive": 0.015, "cycle": 0.1, "identity": 0.0, "prototype_contrastive": 0.02}
2026-08-29 16:49:15 | Model parameters: total=17277714 | trainable=17120210
2026-08-29 16:49:20 | Epoch 001/060 | loss 5.8783 | cls 5.8893 | tal -0.0366 | dual_g 0.0000 | dual_d 0.0000 | train_acc 0.1087 | train_full 0.1458 | val_acc 0.0385 | val_f1 0.0159 | adv/moduleC 0.00/0.00 | disc_steps 0 | grad(main/disc) 18.815/0.000 | lr(main/disc) 1.00e-04/3.00e-05 | cuda_peak(alloc/resv) 21.77/28.18GB | phase(train/val/raw/train_eval) 3.4/0.4/0.4/0.6s | 4.8s
2026-08-29 16:49:23 | Epoch 002/060 | loss 4.2370 | cls 4.2666 | tal -0.0986 | dual_g 0.0000 | dual_d 0.0000 | train_acc 0.2799 | train_full n/a | val_acc 0.1154 | val_f1 0.0812 | adv/moduleC 0.00/0.00 | disc_steps 0 | grad(main/disc) 14.104/0.000 | lr(main/disc) 1.00e-04/3.00e-05 | cuda_peak(alloc/resv) 21.77/28.18GB | phase(train/val/raw/train_eval) 2.7/0.4/0.0/0.0s | 3.1s
2026-08-29 16:49:27 | Epoch 003/060 | loss 3.3735 | cls 3.3873 | tal -0.0457 | dual_g 0.0000 | dual_d 0.0000 | train_acc 0.4973 | train_full n/a | val_acc 0.1154 | val_f1 0.0972 | adv/moduleC 0.00/0.00 | disc_steps 0 | grad(main/disc) 10.979/0.000 | lr(main/disc) 1.00e-04/3.00e-05 | cuda_peak(alloc/resv) 21.77/28.18GB | phase(train/val/raw/train_eval) 3.0/0.4/0.4/0.0s | 3.8s
2026-08-29 16:49:30 | New best val_f1_macro_present: raw=0.0972 stable_score=0.0159 at epoch 3
2026-08-29 16:49:33 | Epoch 004/060 | loss 3.1105 | cls 2.8421 | tal -0.0716 | dual_g 0.2899 | dual_d 0.0000 | train_acc 0.6033 | train_full n/a | val_acc 0.1154 | val_f1 0.1000 | adv/moduleC 0.00/0.14 | disc_steps 0 | grad(main/disc) 10.359/0.000 | lr(main/disc) 1.00e-04/3.00e-05 | cuda_peak(alloc/resv) 21.77/28.18GB | phase(train/val/raw/train_eval) 2.9/0.4/0.4/0.0s | 3.8s
2026-08-29 16:49:36 | New best val_f1_macro_present: raw=0.1000 stable_score=0.0812 at epoch 4
2026-08-29 16:49:41 | Epoch 005/060 | loss 2.9635 | cls 2.4800 | tal -0.0595 | dual_g 0.5014 | dual_d 0.0000 | train_acc 0.7364 | train_full 0.0833 | val_acc 0.1538 | val_f1 0.1092 | adv/moduleC 0.00/0.29 | disc_steps 0 | grad(main/disc) 9.489/0.000 | lr(main/disc) 1.00e-04/3.00e-05 | cuda_peak(alloc/resv) 21.77/28.18GB | phase(train/val/raw/train_eval) 3.0/0.4/0.4/0.6s | 4.4s
2026-08-29 16:49:43 | New best val_f1_macro_present: raw=0.1092 stable_score=0.0972 at epoch 5
2026-08-29 16:49:47 | Epoch 006/060 | loss 2.7547 | cls 2.1429 | tal -0.0739 | dual_g 0.6339 | dual_d 1.0148 | train_acc 0.7717 | train_full n/a | val_acc 0.2308 | val_f1 0.1688 | adv/moduleC 0.07/0.43 | disc_steps 2 | grad(main/disc) 8.729/1.965 | lr(main/disc) 1.00e-04/3.00e-05 | cuda_peak(alloc/resv) 21.77/28.18GB | phase(train/val/raw/train_eval) 2.9/0.4/0.4/0.0s | 3.7s
2026-08-29 16:49:50 | New best val_f1_macro_present: raw=0.1688 stable_score=0.1000 at epoch 6
2026-08-29 16:49:54 | Epoch 007/060 | loss 2.5932 | cls 1.8563 | tal -0.0794 | dual_g 0.7607 | dual_d 1.0072 | train_acc 0.8424 | train_full n/a | val_acc 0.2692 | val_f1 0.1888 | adv/moduleC 0.13/0.57 | disc_steps 2 | grad(main/disc) 8.684/1.925 | lr(main/disc) 1.00e-04/3.00e-05 | cuda_peak(alloc/resv) 21.77/28.18GB | phase(train/val/raw/train_eval) 3.1/0.4/0.4/0.0s | 3.9s
2026-08-29 16:49:56 | New best val_f1_macro_present: raw=0.1888 stable_score=0.1092 at epoch 7
2026-08-29 16:50:00 | Epoch 008/060 | loss 2.5682 | cls 1.7465 | tal -0.1196 | dual_g 0.8576 | dual_d 0.9829 | train_acc 0.8859 | train_full n/a | val_acc 0.2692 | val_f1 0.2275 | adv/moduleC 0.20/0.71 | disc_steps 2 | grad(main/disc) 9.032/1.901 | lr(main/disc) 1.00e-04/3.00e-05 | cuda_peak(alloc/resv) 21.77/28.18GB | phase(train/val/raw/train_eval) 2.7/0.4/0.4/0.0s | 3.5s
2026-08-29 16:50:02 | New best val_f1_macro_present: raw=0.2275 stable_score=0.1688 at epoch 8
2026-08-29 16:50:06 | Epoch 009/060 | loss 2.4985 | cls 1.5624 | tal -0.0807 | dual_g 0.9603 | dual_d 0.9588 | train_acc 0.9429 | train_full n/a | val_acc 0.5000 | val_f1 0.5075 | adv/moduleC 0.27/0.86 | disc_steps 2 | grad(main/disc) 8.624/1.876 | lr(main/disc) 1.00e-04/3.00e-05 | cuda_peak(alloc/resv) 21.77/28.18GB | phase(train/val/raw/train_eval) 3.0/0.4/0.4/0.0s | 3.8s
2026-08-29 16:50:09 | New best val_f1_macro_present: raw=0.5075 stable_score=0.1888 at epoch 9
2026-08-29 16:50:13 | Epoch 010/060 | loss 2.4692 | cls 1.4560 | tal -0.0940 | dual_g 1.0414 | dual_d 0.9609 | train_acc 0.9484 | train_full 0.4271 | val_acc 0.4231 | val_f1 0.4541 | adv/moduleC 0.33/1.00 | disc_steps 2 | grad(main/disc) 9.323/1.818 | lr(main/disc) 1.00e-04/3.00e-05 | cuda_peak(alloc/resv) 21.77/28.18GB | phase(train/val/raw/train_eval) 3.0/0.4/0.4/0.6s | 4.4s
2026-08-29 16:50:16 | New best val_f1_macro_present: raw=0.4541 stable_score=0.2275 at epoch 10
2026-08-29 16:50:20 | Epoch 011/060 | loss 2.2822 | cls 1.3549 | tal -0.1626 | dual_g 0.9761 | dual_d 0.9536 | train_acc 0.9538 | train_full n/a | val_acc 0.5385 | val_f1 0.5678 | adv/moduleC 0.40/1.00 | disc_steps 2 | grad(main/disc) 7.608/1.834 | lr(main/disc) 1.00e-04/3.00e-05 | cuda_peak(alloc/resv) 21.77/28.18GB | phase(train/val/raw/train_eval) 2.8/0.4/0.4/0.0s | 3.6s
2026-08-29 16:50:22 | New best val_f1_macro_present: raw=0.5678 stable_score=0.4541 at epoch 11
2026-08-29 16:50:26 | Epoch 012/060 | loss 2.1339 | cls 1.2773 | tal -0.1810 | dual_g 0.9109 | dual_d 0.9672 | train_acc 0.9864 | train_full n/a | val_acc 0.5769 | val_f1 0.6228 | adv/moduleC 0.47/1.00 | disc_steps 2 | grad(main/disc) 7.200/1.766 | lr(main/disc) 1.00e-04/3.00e-05 | cuda_peak(alloc/resv) 21.77/28.18GB | phase(train/val/raw/train_eval) 3.2/0.4/0.0/0.0s | 3.6s
2026-08-29 16:50:30 | Epoch 013/060 | loss 2.0664 | cls 1.2207 | tal -0.1461 | dual_g 0.8895 | dual_d 0.9043 | train_acc 0.9864 | train_full n/a | val_acc 0.8077 | val_f1 0.8150 | adv/moduleC 0.53/1.00 | disc_steps 2 | grad(main/disc) 8.948/1.692 | lr(main/disc) 1.00e-04/3.00e-05 | cuda_peak(alloc/resv) 21.77/28.18GB | phase(train/val/raw/train_eval) 3.1/0.4/0.4/0.0s | 3.9s
2026-08-29 16:50:32 | New best val_f1_macro_present: raw=0.8150 stable_score=0.5678 at epoch 13
2026-08-29 16:50:36 | Epoch 014/060 | loss 2.0230 | cls 1.1970 | tal -0.1106 | dual_g 0.8592 | dual_d 0.9114 | train_acc 0.9918 | train_full n/a | val_acc 0.6923 | val_f1 0.7278 | adv/moduleC 0.60/1.00 | disc_steps 2 | grad(main/disc) 7.602/1.713 | lr(main/disc) 1.00e-04/3.00e-05 | cuda_peak(alloc/resv) 21.77/28.18GB | phase(train/val/raw/train_eval) 2.8/0.4/0.4/0.0s | 3.6s
2026-08-29 16:50:39 | New best val_f1_macro_present: raw=0.7278 stable_score=0.6228 at epoch 14
2026-08-29 16:50:43 | Epoch 015/060 | loss 2.0200 | cls 1.2151 | tal -0.1442 | dual_g 0.8482 | dual_d 0.8692 | train_acc 0.9864 | train_full 0.8125 | val_acc 0.9231 | val_f1 0.9367 | adv/moduleC 0.67/1.00 | disc_steps 2 | grad(main/disc) 10.448/1.632 | lr(main/disc) 1.00e-04/3.00e-05 | cuda_peak(alloc/resv) 21.77/28.18GB | phase(train/val/raw/train_eval) 3.0/0.4/0.4/0.6s | 4.4s
2026-08-29 16:50:46 | New best val_f1_macro_present: raw=0.9367 stable_score=0.7278 at epoch 15
2026-08-29 16:50:49 | Epoch 016/060 | loss 1.9382 | cls 1.1510 | tal -0.1599 | dual_g 0.8351 | dual_d 0.8931 | train_acc 0.9946 | train_full n/a | val_acc 0.9231 | val_f1 0.9185 | adv/moduleC 0.73/1.00 | disc_steps 2 | grad(main/disc) 6.850/1.595 | lr(main/disc) 1.00e-04/3.00e-05 | cuda_peak(alloc/resv) 21.77/28.18GB | phase(train/val/raw/train_eval) 2.6/0.4/0.0/0.0s | 3.0s
2026-08-29 16:50:53 | Epoch 017/060 | loss 1.9092 | cls 1.1415 | tal -0.1762 | dual_g 0.8206 | dual_d 0.9038 | train_acc 0.9891 | train_full n/a | val_acc 0.8846 | val_f1 0.8852 | adv/moduleC 0.80/1.00 | disc_steps 2 | grad(main/disc) 6.056/1.629 | lr(main/disc) 1.00e-04/3.00e-05 | cuda_peak(alloc/resv) 21.77/28.18GB | phase(train/val/raw/train_eval) 3.3/0.4/0.4/0.0s | 4.2s
2026-08-29 16:50:55 | New best val_f1_macro_present: raw=0.8852 stable_score=0.8852 at epoch 17
2026-08-29 16:50:59 | Epoch 018/060 | loss 1.8667 | cls 1.0951 | tal -0.1286 | dual_g 0.8101 | dual_d 0.9291 | train_acc 0.9946 | train_full n/a | val_acc 0.9231 | val_f1 0.9370 | adv/moduleC 0.87/1.00 | disc_steps 2 | grad(main/disc) 5.302/1.641 | lr(main/disc) 1.00e-04/3.00e-05 | cuda_peak(alloc/resv) 21.77/28.18GB | phase(train/val/raw/train_eval) 3.1/0.4/0.0/0.0s | 3.5s
2026-08-29 16:51:02 | Epoch 019/060 | loss 1.8574 | cls 1.1070 | tal -0.1589 | dual_g 0.7981 | dual_d 0.9222 | train_acc 0.9946 | train_full n/a | val_acc 0.9615 | val_f1 0.9704 | adv/moduleC 0.93/1.00 | disc_steps 2 | grad(main/disc) 4.967/1.596 | lr(main/disc) 1.00e-04/3.00e-05 | cuda_peak(alloc/resv) 21.77/28.18GB | phase(train/val/raw/train_eval) 3.0/0.4/0.0/0.0s | 3.4s
2026-08-29 16:51:07 | Epoch 020/060 | loss 1.8448 | cls 1.0824 | tal -0.1065 | dual_g 0.7943 | dual_d 1.0067 | train_acc 1.0000 | train_full 0.9479 | val_acc 0.9615 | val_f1 0.9704 | adv/moduleC 1.00/1.00 | disc_steps 2 | grad(main/disc) 4.639/1.608 | lr(main/disc) 1.00e-04/3.00e-05 | cuda_peak(alloc/resv) 21.77/28.18GB | phase(train/val/raw/train_eval) 2.8/0.4/0.4/0.6s | 4.2s
2026-08-29 16:51:09 | New best val_f1_macro_present: raw=0.9704 stable_score=0.9370 at epoch 20
2026-08-29 16:51:13 | Epoch 021/060 | loss 1.8234 | cls 1.0756 | tal -0.1439 | dual_g 0.7909 | dual_d 0.9859 | train_acc 1.0000 | train_full n/a | val_acc 1.0000 | val_f1 1.0000 | adv/moduleC 1.00/1.00 | disc_steps 2 | grad(main/disc) 5.075/1.653 | lr(main/disc) 1.00e-04/3.00e-05 | cuda_peak(alloc/resv) 21.77/28.18GB | phase(train/val/raw/train_eval) 2.9/0.4/0.4/0.0s | 3.7s
2026-08-29 16:51:15 | New best val_f1_macro_present: raw=1.0000 stable_score=0.9704 at epoch 21
2026-08-29 16:51:19 | Epoch 022/060 | loss 1.7835 | cls 1.0667 | tal -0.1717 | dual_g 0.7683 | dual_d 0.9787 | train_acc 0.9973 | train_full n/a | val_acc 0.8846 | val_f1 0.9018 | adv/moduleC 1.00/1.00 | disc_steps 2 | grad(main/disc) 4.326/1.594 | lr(main/disc) 1.00e-04/3.00e-05 | cuda_peak(alloc/resv) 21.77/28.18GB | phase(train/val/raw/train_eval) 2.8/0.4/0.0/0.0s | 3.2s
2026-08-29 16:51:22 | Epoch 023/060 | loss 1.7720 | cls 1.0502 | tal -0.1525 | dual_g 0.7675 | dual_d 1.0347 | train_acc 1.0000 | train_full n/a | val_acc 0.9231 | val_f1 0.9370 | adv/moduleC 1.00/1.00 | disc_steps 2 | grad(main/disc) 3.990/1.587 | lr(main/disc) 1.00e-04/3.00e-05 | cuda_peak(alloc/resv) 21.77/28.18GB | phase(train/val/raw/train_eval) 3.0/0.4/0.0/0.0s | 3.4s
2026-08-29 16:51:25 | Epoch 024/060 | loss 1.7976 | cls 1.0601 | tal -0.1276 | dual_g 0.7758 | dual_d 1.0441 | train_acc 0.9918 | train_full n/a | val_acc 1.0000 | val_f1 1.0000 | adv/moduleC 1.00/1.00 | disc_steps 2 | grad(main/disc) 4.500/1.679 | lr(main/disc) 1.00e-04/3.00e-05 | cuda_peak(alloc/resv) 21.77/28.18GB | phase(train/val/raw/train_eval) 2.9/0.4/0.0/0.0s | 3.3s
2026-08-29 16:51:30 | Epoch 025/060 | loss 1.7500 | cls 1.0491 | tal -0.1801 | dual_g 0.7549 | dual_d 1.0472 | train_acc 0.9946 | train_full 0.9375 | val_acc 0.8846 | val_f1 0.8910 | adv/moduleC 1.00/1.00 | disc_steps 2 | grad(main/disc) 4.307/1.630 | lr(main/disc) 1.00e-04/3.00e-05 | cuda_peak(alloc/resv) 21.77/28.18GB | phase(train/val/raw/train_eval) 2.9/0.4/0.4/0.6s | 4.3s
2026-08-29 16:51:33 | Epoch 026/060 | loss 1.7549 | cls 1.0582 | tal -0.2197 | dual_g 0.7627 | dual_d 1.1014 | train_acc 0.9973 | train_full n/a | val_acc 0.9231 | val_f1 0.9370 | adv/moduleC 1.00/1.00 | disc_steps 2 | grad(main/disc) 5.018/1.626 | lr(main/disc) 1.00e-04/3.00e-05 | cuda_peak(alloc/resv) 21.77/28.18GB | phase(train/val/raw/train_eval) 3.2/0.4/0.0/0.0s | 3.6s
2026-08-29 16:51:36 | Epoch 027/060 | loss 1.7226 | cls 1.0411 | tal -0.1960 | dual_g 0.7403 | dual_d 1.1412 | train_acc 1.0000 | train_full n/a | val_acc 1.0000 | val_f1 1.0000 | adv/moduleC 1.00/1.00 | disc_steps 2 | grad(main/disc) 2.939/1.624 | lr(main/disc) 1.00e-04/3.00e-05 | cuda_peak(alloc/resv) 21.77/28.18GB | phase(train/val/raw/train_eval) 2.8/0.4/0.0/0.0s | 3.2s
2026-08-29 16:51:40 | Epoch 028/060 | loss 1.7163 | cls 1.0308 | tal -0.1870 | dual_g 0.7416 | dual_d 1.1469 | train_acc 1.0000 | train_full n/a | val_acc 1.0000 | val_f1 1.0000 | adv/moduleC 1.00/1.00 | disc_steps 2 | grad(main/disc) 2.885/1.644 | lr(main/disc) 1.00e-04/3.00e-05 | cuda_peak(alloc/resv) 21.77/28.18GB | phase(train/val/raw/train_eval) 3.0/0.4/0.0/0.0s | 3.4s
2026-08-29 16:51:43 | Epoch 029/060 | loss 1.7224 | cls 1.0408 | tal -0.1745 | dual_g 0.7340 | dual_d 1.1074 | train_acc 1.0000 | train_full n/a | val_acc 0.9615 | val_f1 0.9663 | adv/moduleC 1.00/1.00 | disc_steps 2 | grad(main/disc) 2.828/1.640 | lr(main/disc) 1.00e-04/3.00e-05 | cuda_peak(alloc/resv) 21.77/28.18GB | phase(train/val/raw/train_eval) 2.8/0.4/0.0/0.0s | 3.2s
2026-08-29 16:51:47 | Epoch 030/060 | loss 1.7240 | cls 1.0366 | tal -0.1848 | dual_g 0.7428 | dual_d 1.1939 | train_acc 1.0000 | train_full 0.9792 | val_acc 0.9615 | val_f1 0.9663 | adv/moduleC 1.00/1.00 | disc_steps 2 | grad(main/disc) 3.245/1.694 | lr(main/disc) 1.00e-04/3.00e-05 | cuda_peak(alloc/resv) 21.77/28.18GB | phase(train/val/raw/train_eval) 3.1/0.4/0.4/0.6s | 4.5s
2026-08-29 16:51:51 | Epoch 031/060 | loss 1.6873 | cls 1.0224 | tal -0.2203 | dual_g 0.7310 | dual_d 1.1825 | train_acc 1.0000 | train_full n/a | val_acc 1.0000 | val_f1 1.0000 | adv/moduleC 1.00/1.00 | disc_steps 2 | grad(main/disc) 2.444/1.678 | lr(main/disc) 1.00e-04/3.00e-05 | cuda_peak(alloc/resv) 21.77/28.18GB | phase(train/val/raw/train_eval) 2.7/0.4/0.0/0.0s | 3.1s
2026-08-29 16:51:54 | Epoch 032/060 | loss 1.6806 | cls 1.0233 | tal -0.2357 | dual_g 0.7280 | dual_d 1.2067 | train_acc 1.0000 | train_full n/a | val_acc 1.0000 | val_f1 1.0000 | adv/moduleC 1.00/1.00 | disc_steps 2 | grad(main/disc) 2.798/1.674 | lr(main/disc) 1.00e-04/3.00e-05 | cuda_peak(alloc/resv) 21.77/28.18GB | phase(train/val/raw/train_eval) 2.7/0.4/0.0/0.0s | 3.1s
2026-08-29 16:51:57 | Epoch 033/060 | loss 1.6655 | cls 1.0154 | tal -0.2421 | dual_g 0.7227 | dual_d 1.1983 | train_acc 1.0000 | train_full n/a | val_acc 0.9615 | val_f1 0.9630 | adv/moduleC 1.00/1.00 | disc_steps 2 | grad(main/disc) 2.197/1.691 | lr(main/disc) 1.00e-04/3.00e-05 | cuda_peak(alloc/resv) 21.77/28.18GB | phase(train/val/raw/train_eval) 3.1/0.4/0.0/0.0s | 3.5s
2026-08-29 16:52:00 | Epoch 034/060 | loss 1.6609 | cls 1.0160 | tal -0.2429 | dual_g 0.7178 | dual_d 1.2093 | train_acc 1.0000 | train_full n/a | val_acc 0.9615 | val_f1 0.9630 | adv/moduleC 1.00/1.00 | disc_steps 2 | grad(main/disc) 1.809/1.662 | lr(main/disc) 1.00e-04/3.00e-05 | cuda_peak(alloc/resv) 21.77/28.18GB | phase(train/val/raw/train_eval) 2.6/0.4/0.0/0.0s | 3.0s
2026-08-29 16:52:05 | Epoch 035/060 | loss 1.6528 | cls 1.0220 | tal -0.2746 | dual_g 0.7132 | dual_d 1.1854 | train_acc 1.0000 | train_full 0.9688 | val_acc 0.9615 | val_f1 0.9630 | adv/moduleC 1.00/1.00 | disc_steps 2 | grad(main/disc) 2.627/1.667 | lr(main/disc) 1.00e-04/3.00e-05 | cuda_peak(alloc/resv) 21.77/28.18GB | phase(train/val/raw/train_eval) 3.1/0.4/0.4/0.6s | 4.5s
2026-08-29 16:52:08 | Epoch 036/060 | loss 1.6615 | cls 1.0229 | tal -0.2790 | dual_g 0.7223 | dual_d 1.2362 | train_acc 1.0000 | train_full n/a | val_acc 0.9615 | val_f1 0.9630 | adv/moduleC 1.00/1.00 | disc_steps 2 | grad(main/disc) 2.626/1.673 | lr(main/disc) 1.00e-04/3.00e-05 | cuda_peak(alloc/resv) 21.77/28.18GB | phase(train/val/raw/train_eval) 2.8/0.4/0.0/0.0s | 3.2s
2026-08-29 16:52:11 | Epoch 037/060 | loss 1.6314 | cls 1.0045 | tal -0.2761 | dual_g 0.7097 | dual_d 1.1451 | train_acc 1.0000 | train_full n/a | val_acc 1.0000 | val_f1 1.0000 | adv/moduleC 1.00/1.00 | disc_steps 2 | grad(main/disc) 1.929/1.581 | lr(main/disc) 5.00e-05/1.50e-05 | cuda_peak(alloc/resv) 21.77/28.18GB | phase(train/val/raw/train_eval) 3.1/0.4/0.0/0.0s | 3.5s
2026-08-29 16:52:15 | Epoch 038/060 | loss 1.6305 | cls 1.0088 | tal -0.2812 | dual_g 0.7061 | dual_d 1.1857 | train_acc 1.0000 | train_full n/a | val_acc 1.0000 | val_f1 1.0000 | adv/moduleC 1.00/1.00 | disc_steps 2 | grad(main/disc) 1.941/1.616 | lr(main/disc) 5.00e-05/1.50e-05 | cuda_peak(alloc/resv) 21.77/28.18GB | phase(train/val/raw/train_eval) 3.0/0.4/0.0/0.0s | 3.4s
2026-08-29 16:52:18 | Epoch 039/060 | loss 1.6285 | cls 1.0108 | tal -0.3078 | dual_g 0.7100 | dual_d 1.1627 | train_acc 1.0000 | train_full n/a | val_acc 1.0000 | val_f1 1.0000 | adv/moduleC 1.00/1.00 | disc_steps 2 | grad(main/disc) 1.727/1.609 | lr(main/disc) 5.00e-05/1.50e-05 | cuda_peak(alloc/resv) 21.77/28.18GB | phase(train/val/raw/train_eval) 2.8/0.4/0.4/0.0s | 3.6s
2026-08-29 16:52:21 | New best val_f1_macro_present: raw=1.0000 stable_score=1.0000 at epoch 39
2026-08-29 16:52:25 | Epoch 040/060 | loss 1.6284 | cls 1.0036 | tal -0.2839 | dual_g 0.7100 | dual_d 1.1442 | train_acc 1.0000 | train_full 1.0000 | val_acc 0.9615 | val_f1 0.9630 | adv/moduleC 1.00/1.00 | disc_steps 2 | grad(main/disc) 1.582/1.570 | lr(main/disc) 5.00e-05/1.50e-05 | cuda_peak(alloc/resv) 21.77/28.18GB | phase(train/val/raw/train_eval) 2.9/0.4/0.4/0.6s | 4.3s
2026-08-29 16:52:29 | Epoch 041/060 | loss 1.6171 | cls 1.0013 | tal -0.2898 | dual_g 0.7027 | dual_d 1.1391 | train_acc 1.0000 | train_full n/a | val_acc 0.9615 | val_f1 0.9630 | adv/moduleC 1.00/1.00 | disc_steps 2 | grad(main/disc) 1.427/1.536 | lr(main/disc) 5.00e-05/1.50e-05 | cuda_peak(alloc/resv) 21.77/28.18GB | phase(train/val/raw/train_eval) 2.8/0.4/0.0/0.0s | 3.2s
2026-08-29 16:52:32 | Epoch 042/060 | loss 1.6142 | cls 1.0086 | tal -0.3289 | dual_g 0.7043 | dual_d 1.1456 | train_acc 1.0000 | train_full n/a | val_acc 0.9615 | val_f1 0.9630 | adv/moduleC 1.00/1.00 | disc_steps 2 | grad(main/disc) 1.520/1.576 | lr(main/disc) 5.00e-05/1.50e-05 | cuda_peak(alloc/resv) 21.77/28.18GB | phase(train/val/raw/train_eval) 2.9/0.4/0.0/0.0s | 3.3s
2026-08-29 16:52:35 | Epoch 043/060 | loss 1.6014 | cls 1.0056 | tal -0.3473 | dual_g 0.7000 | dual_d 1.1829 | train_acc 0.9973 | train_full n/a | val_acc 0.9615 | val_f1 0.9630 | adv/moduleC 1.00/1.00 | disc_steps 2 | grad(main/disc) 1.618/1.595 | lr(main/disc) 5.00e-05/1.50e-05 | cuda_peak(alloc/resv) 21.77/28.18GB | phase(train/val/raw/train_eval) 2.7/0.4/0.0/0.0s | 3.1s
2026-08-29 16:52:38 | Epoch 044/060 | loss 1.6110 | cls 1.0061 | tal -0.3133 | dual_g 0.6989 | dual_d 1.2602 | train_acc 0.9973 | train_full n/a | val_acc 0.9231 | val_f1 0.9250 | adv/moduleC 1.00/1.00 | disc_steps 2 | grad(main/disc) 1.734/1.701 | lr(main/disc) 5.00e-05/1.50e-05 | cuda_peak(alloc/resv) 21.77/28.18GB | phase(train/val/raw/train_eval) 2.8/0.4/0.0/0.0s | 3.2s
2026-08-29 16:52:43 | Epoch 045/060 | loss 1.5930 | cls 0.9992 | tal -0.3600 | dual_g 0.7018 | dual_d 1.1808 | train_acc 1.0000 | train_full 0.9688 | val_acc 0.9231 | val_f1 0.9250 | adv/moduleC 1.00/1.00 | disc_steps 2 | grad(main/disc) 1.555/1.614 | lr(main/disc) 5.00e-05/1.50e-05 | cuda_peak(alloc/resv) 21.77/28.18GB | phase(train/val/raw/train_eval) 3.1/0.4/0.4/0.6s | 4.5s
2026-08-29 16:52:46 | Epoch 046/060 | loss 1.6088 | cls 1.0089 | tal -0.3490 | dual_g 0.7046 | dual_d 1.1896 | train_acc 1.0000 | train_full n/a | val_acc 0.9615 | val_f1 0.9630 | adv/moduleC 1.00/1.00 | disc_steps 2 | grad(main/disc) 2.178/1.610 | lr(main/disc) 5.00e-05/1.50e-05 | cuda_peak(alloc/resv) 21.77/28.18GB | phase(train/val/raw/train_eval) 3.1/0.4/0.0/0.0s | 3.5s
2026-08-29 16:52:50 | Epoch 047/060 | loss 1.5901 | cls 0.9963 | tal -0.3541 | dual_g 0.7001 | dual_d 1.1985 | train_acc 1.0000 | train_full n/a | val_acc 0.9615 | val_f1 0.9663 | adv/moduleC 1.00/1.00 | disc_steps 2 | grad(main/disc) 1.685/1.596 | lr(main/disc) 5.00e-05/1.50e-05 | cuda_peak(alloc/resv) 21.77/28.18GB | phase(train/val/raw/train_eval) 3.0/0.4/0.0/0.0s | 3.5s
2026-08-29 16:52:53 | Epoch 048/060 | loss 1.5982 | cls 1.0036 | tal -0.3272 | dual_g 0.6928 | dual_d 1.1594 | train_acc 1.0000 | train_full n/a | val_acc 1.0000 | val_f1 1.0000 | adv/moduleC 1.00/1.00 | disc_steps 2 | grad(main/disc) 1.773/1.558 | lr(main/disc) 5.00e-05/1.50e-05 | cuda_peak(alloc/resv) 21.77/28.18GB | phase(train/val/raw/train_eval) 3.2/0.4/0.0/0.0s | 3.6s
2026-08-29 16:52:57 | Epoch 049/060 | loss 1.6029 | cls 1.0027 | tal -0.3252 | dual_g 0.6977 | dual_d 1.2136 | train_acc 1.0000 | train_full n/a | val_acc 1.0000 | val_f1 1.0000 | adv/moduleC 1.00/1.00 | disc_steps 2 | grad(main/disc) 1.882/1.628 | lr(main/disc) 5.00e-05/1.50e-05 | cuda_peak(alloc/resv) 21.77/28.18GB | phase(train/val/raw/train_eval) 3.0/0.4/0.0/0.0s | 3.4s
2026-08-29 16:53:01 | Epoch 050/060 | loss 1.5881 | cls 0.9910 | tal -0.3422 | dual_g 0.6998 | dual_d 1.2096 | train_acc 1.0000 | train_full 0.9896 | val_acc 0.9615 | val_f1 0.9630 | adv/moduleC 1.00/1.00 | disc_steps 2 | grad(main/disc) 1.754/1.622 | lr(main/disc) 2.50e-05/7.50e-06 | cuda_peak(alloc/resv) 21.77/28.18GB | phase(train/val/raw/train_eval) 2.9/0.4/0.4/0.6s | 4.3s
2026-08-29 16:53:05 | Epoch 051/060 | loss 1.5893 | cls 1.0055 | tal -0.3773 | dual_g 0.6971 | dual_d 1.1912 | train_acc 1.0000 | train_full n/a | val_acc 0.9615 | val_f1 0.9630 | adv/moduleC 1.00/1.00 | disc_steps 2 | grad(main/disc) 1.995/1.590 | lr(main/disc) 2.50e-05/7.50e-06 | cuda_peak(alloc/resv) 21.77/28.18GB | phase(train/val/raw/train_eval) 3.1/0.4/0.0/0.0s | 3.5s
2026-08-29 16:53:08 | Epoch 052/060 | loss 1.5845 | cls 0.9953 | tal -0.3534 | dual_g 0.6953 | dual_d 1.1788 | train_acc 1.0000 | train_full n/a | val_acc 0.9615 | val_f1 0.9630 | adv/moduleC 1.00/1.00 | disc_steps 2 | grad(main/disc) 1.560/1.577 | lr(main/disc) 2.50e-05/7.50e-06 | cuda_peak(alloc/resv) 21.77/28.18GB | phase(train/val/raw/train_eval) 2.9/0.4/0.0/0.0s | 3.3s
2026-08-29 16:53:11 | Epoch 053/060 | loss 1.5790 | cls 1.0010 | tal -0.3752 | dual_g 0.6905 | dual_d 1.2499 | train_acc 1.0000 | train_full n/a | val_acc 0.9615 | val_f1 0.9630 | adv/moduleC 1.00/1.00 | disc_steps 2 | grad(main/disc) 1.668/1.647 | lr(main/disc) 2.50e-05/7.50e-06 | cuda_peak(alloc/resv) 21.77/28.18GB | phase(train/val/raw/train_eval) 2.9/0.4/0.0/0.0s | 3.3s
2026-08-29 16:53:15 | Epoch 054/060 | loss 1.5780 | cls 0.9885 | tal -0.3547 | dual_g 0.6960 | dual_d 1.1831 | train_acc 1.0000 | train_full n/a | val_acc 0.9615 | val_f1 0.9630 | adv/moduleC 1.00/1.00 | disc_steps 2 | grad(main/disc) 1.628/1.557 | lr(main/disc) 2.50e-05/7.50e-06 | cuda_peak(alloc/resv) 21.77/28.18GB | phase(train/val/raw/train_eval) 2.8/0.4/0.0/0.0s | 3.2s
2026-08-29 16:53:19 | Epoch 055/060 | loss 1.5737 | cls 0.9953 | tal -0.3723 | dual_g 0.6901 | dual_d 1.1904 | train_acc 1.0000 | train_full 0.9896 | val_acc 0.9615 | val_f1 0.9630 | adv/moduleC 1.00/1.00 | disc_steps 2 | grad(main/disc) 1.416/1.550 | lr(main/disc) 2.50e-05/7.50e-06 | cuda_peak(alloc/resv) 21.77/28.18GB | phase(train/val/raw/train_eval) 3.0/0.4/0.4/0.6s | 4.5s
2026-08-29 16:53:23 | Epoch 056/060 | loss 1.5920 | cls 0.9938 | tal -0.3131 | dual_g 0.6921 | dual_d 1.1823 | train_acc 1.0000 | train_full n/a | val_acc 1.0000 | val_f1 1.0000 | adv/moduleC 1.00/1.00 | disc_steps 2 | grad(main/disc) 2.277/1.583 | lr(main/disc) 2.50e-05/7.50e-06 | cuda_peak(alloc/resv) 21.77/28.18GB | phase(train/val/raw/train_eval) 3.4/0.4/0.0/0.0s | 3.8s
2026-08-29 16:53:26 | Epoch 057/060 | loss 1.5658 | cls 0.9904 | tal -0.3813 | dual_g 0.6897 | dual_d 1.1694 | train_acc 1.0000 | train_full n/a | val_acc 0.9615 | val_f1 0.9630 | adv/moduleC 1.00/1.00 | disc_steps 2 | grad(main/disc) 1.334/1.573 | lr(main/disc) 2.50e-05/7.50e-06 | cuda_peak(alloc/resv) 21.77/28.18GB | phase(train/val/raw/train_eval) 3.2/0.4/0.0/0.0s | 3.6s
2026-08-29 16:53:29 | Epoch 058/060 | loss 1.5709 | cls 0.9939 | tal -0.3737 | dual_g 0.6891 | dual_d 1.2198 | train_acc 1.0000 | train_full n/a | val_acc 0.9615 | val_f1 0.9630 | adv/moduleC 1.00/1.00 | disc_steps 2 | grad(main/disc) 1.743/1.621 | lr(main/disc) 2.50e-05/7.50e-06 | cuda_peak(alloc/resv) 21.77/28.18GB | phase(train/val/raw/train_eval) 2.4/0.4/0.0/0.0s | 2.8s
2026-08-29 16:53:33 | Epoch 059/060 | loss 1.5797 | cls 0.9947 | tal -0.3632 | dual_g 0.6940 | dual_d 1.1969 | train_acc 1.0000 | train_full n/a | val_acc 0.9615 | val_f1 0.9630 | adv/moduleC 1.00/1.00 | disc_steps 2 | grad(main/disc) 1.575/1.540 | lr(main/disc) 2.50e-05/7.50e-06 | cuda_peak(alloc/resv) 21.77/28.18GB | phase(train/val/raw/train_eval) 3.0/0.4/0.0/0.0s | 3.4s
2026-08-29 16:53:33 | Early stopping at epoch 59 after 20 epochs without val_f1_macro_present improvement.
2026-08-29 16:53:33 | Training complete. Peak validation accuracy: 1.0000 | selected val_f1_macro_present: 1.0000
