2026-08-20 19:42:05 | Starting Dual_D standalone training
2026-08-20 19:42:05 | Run directory: runs/module_c_ablation/module_c_no_cycle_逆光_iter03_20260820_185148
2026-08-20 19:42:05 | Device: cuda
2026-08-20 19:42:05 | Source train samples: 992
2026-08-20 19:42:05 | Target train samples: 132
2026-08-20 19:42:05 | Target val samples: 37
2026-08-20 19:42:05 | Classes: 14
2026-08-20 19:42:05 | Data audit: same_dir=False | path_overlap(vis/ir/ais)=0/0/0 | content_overlap(vis/ir/ais)=0/0/0 | ais_index_overlap=0 | stem_mismatch(vis-ir/vis-ais)=157/0
2026-08-20 19:42:05 | source_train classes: present 14/14 | absent 0 | counts [0:120, 1:44, 2:69, 3:45, 4:40, 5:30, 6:64, 7:80, 8:116, 9:68, 10:57, 11:83, 12:48, 13:128]
2026-08-20 19:42:05 | target_train classes: present 9/14 | absent 5 | counts [0:20, 2:12, 4:12, 5:2, 9:16, 10:16, 11:29, 12:4, 13:21]
2026-08-20 19:42:05 | target_val classes: present 9/14 | absent 5 | counts [0:6, 2:3, 4:4, 5:1, 9:4, 10:4, 11:8, 12:1, 13:6]
2026-08-20 19:42:05 | Paired training classes: 9/14 | class ids [0, 2, 4, 5, 9, 10, 11, 12, 13]
2026-08-20 19:42:05 | VIS/IR pairing: class-level-unpaired | count-mismatch classes train/val: 10/1 | AIS alignment: none | AIS rows train/val: 0/0
2026-08-20 19:42:06 | Model parameters: total=17277714 | trainable=17120210
2026-08-20 19:42:54 | Epoch 001/100 | loss 9.5374 | cls 5.0617 | tal 0.2484 | dual_g 4.4012 | dual_d 0.0000 | train_acc 0.1250 | train_full 0.1818 | val_acc 0.1892 | val_f1 0.1237 | grad(main/disc) 28.397/0.000 | lr(main/disc) 7.00e-05/3.50e-05 | 48.1s
2026-08-20 19:42:54 | New best val_f1_macro_present: 0.1237 at epoch 1
2026-08-20 19:43:44 | Epoch 002/100 | loss 8.1627 | cls 4.2600 | tal 0.1466 | dual_g 3.8587 | dual_d 0.0000 | train_acc 0.1938 | train_full 0.2197 | val_acc 0.2432 | val_f1 0.1819 | grad(main/disc) 24.270/0.000 | lr(main/disc) 7.00e-05/3.50e-05 | 49.3s
2026-08-20 19:43:44 | New best val_f1_macro_present: 0.1819 at epoch 2
2026-08-20 19:44:33 | Epoch 003/100 | loss 7.5557 | cls 3.8749 | tal 0.0917 | dual_g 3.6533 | dual_d 0.0000 | train_acc 0.2812 | train_full 0.2955 | val_acc 0.3243 | val_f1 0.3218 | grad(main/disc) 22.274/0.000 | lr(main/disc) 7.00e-05/3.50e-05 | 49.3s
2026-08-20 19:44:33 | New best val_f1_macro_present: 0.3218 at epoch 3
2026-08-20 19:45:21 | Epoch 004/100 | loss 6.8991 | cls 3.5796 | tal -0.0092 | dual_g 3.3223 | dual_d 0.0000 | train_acc 0.3750 | train_full 0.4091 | val_acc 0.4595 | val_f1 0.4301 | grad(main/disc) 21.010/0.000 | lr(main/disc) 7.00e-05/3.50e-05 | 48.0s
2026-08-20 19:45:21 | New best val_f1_macro_present: 0.4301 at epoch 4
2026-08-20 19:46:10 | Epoch 005/100 | loss 6.6165 | cls 3.4294 | tal -0.0117 | dual_g 3.1906 | dual_d 0.0000 | train_acc 0.4313 | train_full 0.6894 | val_acc 0.7027 | val_f1 0.6772 | grad(main/disc) 20.277/0.000 | lr(main/disc) 7.00e-05/3.50e-05 | 48.9s
2026-08-20 19:46:10 | New best val_f1_macro_present: 0.6772 at epoch 5
2026-08-20 19:46:58 | Epoch 006/100 | loss 6.1244 | cls 3.1482 | tal -0.0704 | dual_g 2.9973 | dual_d 0.8997 | train_acc 0.4688 | train_full 0.8636 | val_acc 0.8108 | val_f1 0.7405 | grad(main/disc) 19.847/1.963 | lr(main/disc) 7.00e-05/3.50e-05 | 47.9s
2026-08-20 19:46:58 | New best val_f1_macro_present: 0.7405 at epoch 6
2026-08-20 19:47:47 | Epoch 007/100 | loss 5.8984 | cls 2.9882 | tal -0.0131 | dual_g 2.9142 | dual_d 0.8389 | train_acc 0.4562 | train_full 0.9242 | val_acc 0.8649 | val_f1 0.8898 | grad(main/disc) 19.384/1.877 | lr(main/disc) 7.00e-05/3.50e-05 | 48.9s
2026-08-20 19:47:47 | New best val_f1_macro_present: 0.8898 at epoch 7
2026-08-20 19:48:35 | Epoch 008/100 | loss 5.6876 | cls 2.8870 | tal -0.1209 | dual_g 2.8369 | dual_d 0.8334 | train_acc 0.5250 | train_full 0.9470 | val_acc 0.8649 | val_f1 0.8898 | grad(main/disc) 19.510/1.804 | lr(main/disc) 7.00e-05/3.50e-05 | 48.3s
2026-08-20 19:49:24 | Epoch 009/100 | loss 5.4759 | cls 2.8008 | tal -0.0985 | dual_g 2.7047 | dual_d 0.8282 | train_acc 0.5500 | train_full 0.9394 | val_acc 0.9189 | val_f1 0.9377 | grad(main/disc) 19.394/1.747 | lr(main/disc) 7.00e-05/3.50e-05 | 49.4s
2026-08-20 19:49:24 | New best val_f1_macro_present: 0.9377 at epoch 9
2026-08-20 19:50:11 | Epoch 010/100 | loss 5.0643 | cls 2.6253 | tal -0.1082 | dual_g 2.4714 | dual_d 0.7582 | train_acc 0.6562 | train_full 0.9318 | val_acc 0.9459 | val_f1 0.9537 | grad(main/disc) 18.254/1.641 | lr(main/disc) 7.00e-05/3.50e-05 | 46.3s
2026-08-20 19:50:11 | New best val_f1_macro_present: 0.9537 at epoch 10
2026-08-20 19:51:00 | Epoch 011/100 | loss 4.9270 | cls 2.4686 | tal -0.0867 | dual_g 2.4844 | dual_d 0.7344 | train_acc 0.6625 | train_full 0.9545 | val_acc 0.9189 | val_f1 0.9438 | grad(main/disc) 18.732/1.563 | lr(main/disc) 7.00e-05/3.50e-05 | 49.0s
2026-08-20 19:51:47 | Epoch 012/100 | loss 4.5891 | cls 2.2918 | tal -0.0823 | dual_g 2.3220 | dual_d 0.8604 | train_acc 0.7125 | train_full 0.9470 | val_acc 0.9189 | val_f1 0.9438 | grad(main/disc) 19.457/1.788 | lr(main/disc) 7.00e-05/3.50e-05 | 47.6s
2026-08-20 19:52:36 | Epoch 013/100 | loss 4.3297 | cls 2.1684 | tal -0.0660 | dual_g 2.1811 | dual_d 0.8271 | train_acc 0.6937 | train_full 0.9773 | val_acc 0.9189 | val_f1 0.9373 | grad(main/disc) 16.705/1.681 | lr(main/disc) 7.00e-05/3.50e-05 | 48.9s
2026-08-20 19:53:25 | Epoch 014/100 | loss 4.4205 | cls 2.3018 | tal -0.1206 | dual_g 2.1548 | dual_d 0.7564 | train_acc 0.6875 | train_full 0.9394 | val_acc 0.9459 | val_f1 0.9533 | grad(main/disc) 18.019/1.564 | lr(main/disc) 7.00e-05/3.50e-05 | 48.6s
2026-08-20 19:54:14 | Epoch 015/100 | loss 4.3567 | cls 2.2600 | tal -0.1169 | dual_g 2.1317 | dual_d 0.8096 | train_acc 0.7750 | train_full 0.9545 | val_acc 0.9730 | val_f1 0.9756 | grad(main/disc) 17.733/1.585 | lr(main/disc) 7.00e-05/3.50e-05 | 49.1s
2026-08-20 19:54:14 | New best val_f1_macro_present: 0.9756 at epoch 15
2026-08-20 19:55:02 | Epoch 016/100 | loss 4.1309 | cls 2.0515 | tal -0.0866 | dual_g 2.1054 | dual_d 0.7465 | train_acc 0.8187 | train_full 0.9848 | val_acc 0.9459 | val_f1 0.9558 | grad(main/disc) 16.308/1.506 | lr(main/disc) 7.00e-05/3.50e-05 | 48.3s
2026-08-20 19:55:51 | Epoch 017/100 | loss 3.9815 | cls 2.0351 | tal -0.0946 | dual_g 1.9747 | dual_d 0.7721 | train_acc 0.7625 | train_full 0.9848 | val_acc 0.9189 | val_f1 0.9388 | grad(main/disc) 16.394/1.530 | lr(main/disc) 7.00e-05/3.50e-05 | 49.3s
2026-08-20 19:56:40 | Epoch 018/100 | loss 3.7590 | cls 1.9133 | tal -0.1444 | dual_g 1.8890 | dual_d 0.7850 | train_acc 0.8562 | train_full 0.9848 | val_acc 0.9459 | val_f1 0.9632 | grad(main/disc) 14.722/1.534 | lr(main/disc) 7.00e-05/3.50e-05 | 48.7s
2026-08-20 19:57:27 | Epoch 019/100 | loss 3.7650 | cls 1.8666 | tal -0.1375 | dual_g 1.9396 | dual_d 0.7592 | train_acc 0.8187 | train_full 0.9621 | val_acc 0.9730 | val_f1 0.9840 | grad(main/disc) 15.512/1.491 | lr(main/disc) 7.00e-05/3.50e-05 | 46.8s
2026-08-20 19:57:27 | New best val_f1_macro_present: 0.9840 at epoch 19
2026-08-20 19:58:15 | Epoch 020/100 | loss 3.6609 | cls 1.8054 | tal -0.1615 | dual_g 1.9040 | dual_d 0.8321 | train_acc 0.8375 | train_full 0.9924 | val_acc 0.9730 | val_f1 0.9756 | grad(main/disc) 15.996/1.598 | lr(main/disc) 7.00e-05/3.50e-05 | 48.1s
2026-08-20 19:59:03 | Epoch 021/100 | loss 3.6626 | cls 1.8697 | tal -0.1306 | dual_g 1.8321 | dual_d 0.8464 | train_acc 0.8562 | train_full 0.9924 | val_acc 0.9459 | val_f1 0.9558 | grad(main/disc) 15.828/1.667 | lr(main/disc) 7.00e-05/3.50e-05 | 48.2s
2026-08-20 19:59:53 | Epoch 022/100 | loss 3.6518 | cls 1.8428 | tal -0.0648 | dual_g 1.8283 | dual_d 0.7575 | train_acc 0.8812 | train_full 0.9848 | val_acc 1.0000 | val_f1 1.0000 | grad(main/disc) 16.815/1.489 | lr(main/disc) 7.00e-05/3.50e-05 | 49.5s
2026-08-20 19:59:53 | New best val_f1_macro_present: 1.0000 at epoch 22
2026-08-20 20:00:40 | Epoch 023/100 | loss 3.6053 | cls 1.8001 | tal -0.1094 | dual_g 1.8380 | dual_d 0.8370 | train_acc 0.8063 | train_full 0.9924 | val_acc 1.0000 | val_f1 1.0000 | grad(main/disc) 16.752/1.647 | lr(main/disc) 7.00e-05/3.50e-05 | 47.7s
2026-08-20 20:01:29 | Epoch 024/100 | loss 3.4207 | cls 1.6835 | tal -0.1011 | dual_g 1.7675 | dual_d 0.8783 | train_acc 0.9062 | train_full 0.9545 | val_acc 0.9730 | val_f1 0.9802 | grad(main/disc) 16.515/1.666 | lr(main/disc) 7.00e-05/3.50e-05 | 48.5s
2026-08-20 20:02:19 | Epoch 025/100 | loss 3.4566 | cls 1.7169 | tal -0.1037 | dual_g 1.7708 | dual_d 0.7974 | train_acc 0.9187 | train_full 0.9545 | val_acc 0.9459 | val_f1 0.9632 | grad(main/disc) 15.306/1.472 | lr(main/disc) 7.00e-05/3.50e-05 | 50.0s
2026-08-20 20:03:08 | Epoch 026/100 | loss 3.2909 | cls 1.6253 | tal -0.1127 | dual_g 1.6995 | dual_d 0.7930 | train_acc 0.8875 | train_full 1.0000 | val_acc 1.0000 | val_f1 1.0000 | grad(main/disc) 12.188/1.536 | lr(main/disc) 7.00e-05/3.50e-05 | 49.3s
2026-08-20 20:03:56 | Epoch 027/100 | loss 3.4009 | cls 1.6590 | tal -0.0971 | dual_g 1.7711 | dual_d 0.7137 | train_acc 0.8875 | train_full 1.0000 | val_acc 1.0000 | val_f1 1.0000 | grad(main/disc) 14.627/1.377 | lr(main/disc) 7.00e-05/3.50e-05 | 48.1s
2026-08-20 20:04:45 | Epoch 028/100 | loss 3.4756 | cls 1.7043 | tal -0.0963 | dual_g 1.8002 | dual_d 0.8026 | train_acc 0.9062 | train_full 1.0000 | val_acc 0.9730 | val_f1 0.9802 | grad(main/disc) 16.681/1.489 | lr(main/disc) 7.00e-05/3.50e-05 | 48.4s
2026-08-20 20:05:33 | Epoch 029/100 | loss 3.3507 | cls 1.6177 | tal -0.1681 | dual_g 1.7834 | dual_d 0.8468 | train_acc 0.9437 | train_full 1.0000 | val_acc 0.9730 | val_f1 0.8824 | grad(main/disc) 16.480/1.630 | lr(main/disc) 3.50e-05/1.75e-05 | 48.7s
2026-08-20 20:06:23 | Epoch 030/100 | loss 3.1774 | cls 1.5939 | tal -0.1535 | dual_g 1.6296 | dual_d 0.8403 | train_acc 0.9500 | train_full 1.0000 | val_acc 1.0000 | val_f1 1.0000 | grad(main/disc) 15.596/1.495 | lr(main/disc) 3.50e-05/1.75e-05 | 49.3s
2026-08-20 20:07:11 | Epoch 031/100 | loss 3.1555 | cls 1.5840 | tal -0.1744 | dual_g 1.6238 | dual_d 0.7713 | train_acc 0.9437 | train_full 1.0000 | val_acc 1.0000 | val_f1 1.0000 | grad(main/disc) 11.539/1.448 | lr(main/disc) 3.50e-05/1.75e-05 | 48.0s
2026-08-20 20:07:11 | Early stopping at epoch 31 after 9 epochs without val_f1_macro_present improvement.
2026-08-20 20:07:11 | Training complete. Best validation accuracy: 1.0000 | best val_f1_macro_present: 1.0000
