2026-08-24 22:52:01 | Starting Dual_D standalone training
2026-08-24 22:52:01 | Run directory: runs/module_c_ablation/module_c_20260824_171004/module_c_full_雾天_iter01_20260824_171005
2026-08-24 22:52:01 | Device: cuda
2026-08-24 22:52:01 | Source train samples: 992
2026-08-24 22:52:01 | Target train samples: 507
2026-08-24 22:52:01 | Target val samples: 132
2026-08-24 22:52:01 | Classes: 14
2026-08-24 22:52:01 | Data audit: same_dir=False | path_overlap(vis/ir/ais)=0/0/0 | content_overlap(vis/ir/ais)=0/0/0 | ais_index_overlap=0 | stem_mismatch(vis-ir/vis-ais)=630/0
2026-08-24 22:52:01 | source_train classes: present 14/14 | absent 0 | counts [0:120, 1:44, 2:69, 3:45, 4:40, 5:30, 6:64, 7:80, 8:116, 9:68, 10:57, 11:83, 12:48, 13:128]
2026-08-24 22:52:01 | target_train classes: present 9/14 | absent 5 | counts [0:35, 1:18, 2:119, 6:110, 8:25, 9:50, 10:48, 12:9, 13:93]
2026-08-24 22:52:01 | target_val classes: present 9/14 | absent 5 | counts [0:9, 1:5, 2:30, 6:28, 8:7, 9:13, 10:13, 12:3, 13:24]
2026-08-24 22:52:01 | Paired training classes: 9/14 | class ids [0, 1, 2, 6, 8, 9, 10, 12, 13]
2026-08-24 22:52:01 | VIS/IR pairing: class-level-unpaired | count-mismatch classes train/val: 10/2 | AIS alignment: none | AIS rows train/val: 0/0
2026-08-24 22:52:02 | Model parameters: total=17277714 | trainable=17120210
2026-08-24 22:53:48 | Epoch 001/100 | loss 5.1256 | cls 5.1464 | tal -0.0692 | dual_g 0.0000 | dual_d 0.0000 | train_acc 0.0918 | train_full 0.1164 | val_acc 0.1515 | val_f1 0.0495 | grad(main/disc) 16.074/0.000 | lr(main/disc) 7.00e-05/3.50e-05 | 106.1s
2026-08-24 22:53:51 | New best val_f1_macro_present: 0.0495 at epoch 1
2026-08-24 22:55:31 | Epoch 002/100 | loss 4.2290 | cls 4.2604 | tal -0.1047 | dual_g 0.0000 | dual_d 0.0000 | train_acc 0.1660 | train_full 0.2051 | val_acc 0.1970 | val_f1 0.0860 | grad(main/disc) 13.124/0.000 | lr(main/disc) 7.00e-05/3.50e-05 | 100.3s
2026-08-24 22:55:35 | New best val_f1_macro_present: 0.0860 at epoch 2
2026-08-24 22:57:16 | Epoch 003/100 | loss 3.7947 | cls 3.8508 | tal -0.1869 | dual_g 0.0000 | dual_d 0.0000 | train_acc 0.2266 | train_full 0.3254 | val_acc 0.3636 | val_f1 0.2228 | grad(main/disc) 11.609/0.000 | lr(main/disc) 7.00e-05/3.50e-05 | 101.8s
2026-08-24 22:57:20 | New best val_f1_macro_present: 0.2228 at epoch 3
2026-08-24 22:59:02 | Epoch 004/100 | loss 3.4988 | cls 3.5660 | tal -0.2239 | dual_g 0.0000 | dual_d 0.0000 | train_acc 0.2793 | train_full 0.4280 | val_acc 0.3788 | val_f1 0.3629 | grad(main/disc) 10.703/0.000 | lr(main/disc) 7.00e-05/3.50e-05 | 102.4s
2026-08-24 22:59:05 | New best val_f1_macro_present: 0.3629 at epoch 4
2026-08-24 23:00:52 | Epoch 005/100 | loss 3.2921 | cls 3.3429 | tal -0.1693 | dual_g 0.0000 | dual_d 0.0000 | train_acc 0.3223 | train_full 0.4320 | val_acc 0.3712 | val_f1 0.3745 | grad(main/disc) 10.452/0.000 | lr(main/disc) 7.00e-05/3.50e-05 | 106.2s
2026-08-24 23:00:55 | New best val_f1_macro_present: 0.3745 at epoch 5
2026-08-24 23:02:40 | Epoch 006/100 | loss 3.3828 | cls 3.1878 | tal -0.1745 | dual_g 0.2473 | dual_d 0.9576 | train_acc 0.3633 | train_full 0.5069 | val_acc 0.4773 | val_f1 0.5087 | grad(main/disc) 10.603/1.933 | lr(main/disc) 7.00e-05/3.50e-05 | 105.6s
2026-08-24 23:02:44 | New best val_f1_macro_present: 0.5087 at epoch 6
2026-08-24 23:04:30 | Epoch 007/100 | loss 3.3918 | cls 2.9638 | tal -0.1464 | dual_g 0.4719 | dual_d 0.9499 | train_acc 0.4180 | train_full 0.5523 | val_acc 0.5227 | val_f1 0.5762 | grad(main/disc) 10.222/1.882 | lr(main/disc) 7.00e-05/3.50e-05 | 106.5s
2026-08-24 23:04:33 | New best val_f1_macro_present: 0.5762 at epoch 7
2026-08-24 23:06:22 | Epoch 008/100 | loss 3.3636 | cls 2.7518 | tal -0.1416 | dual_g 0.6543 | dual_d 0.9052 | train_acc 0.4941 | train_full 0.5799 | val_acc 0.5455 | val_f1 0.5911 | grad(main/disc) 10.651/1.826 | lr(main/disc) 7.00e-05/3.50e-05 | 108.6s
2026-08-24 23:06:25 | New best val_f1_macro_present: 0.5911 at epoch 8
2026-08-24 23:08:06 | Epoch 009/100 | loss 3.4522 | cls 2.6502 | tal -0.1597 | dual_g 0.8499 | dual_d 0.8988 | train_acc 0.5020 | train_full 0.6272 | val_acc 0.6591 | val_f1 0.6785 | grad(main/disc) 11.182/1.808 | lr(main/disc) 7.00e-05/3.50e-05 | 101.0s
2026-08-24 23:08:09 | New best val_f1_macro_present: 0.6785 at epoch 9
2026-08-24 23:09:58 | Epoch 010/100 | loss 3.4664 | cls 2.5267 | tal -0.1625 | dual_g 0.9884 | dual_d 0.8983 | train_acc 0.5352 | train_full 0.6805 | val_acc 0.7045 | val_f1 0.7191 | grad(main/disc) 10.854/1.774 | lr(main/disc) 7.00e-05/3.50e-05 | 108.4s
2026-08-24 23:10:01 | New best val_f1_macro_present: 0.7191 at epoch 10
2026-08-24 23:11:45 | Epoch 011/100 | loss 3.5148 | cls 2.4174 | tal -0.1685 | dual_g 1.1479 | dual_d 0.8510 | train_acc 0.5625 | train_full 0.6824 | val_acc 0.6818 | val_f1 0.6973 | grad(main/disc) 11.389/1.695 | lr(main/disc) 7.00e-05/3.50e-05 | 104.2s
2026-08-24 23:13:40 | Epoch 012/100 | loss 3.5841 | cls 2.3334 | tal -0.1668 | dual_g 1.3007 | dual_d 0.8506 | train_acc 0.5820 | train_full 0.8028 | val_acc 0.7879 | val_f1 0.7891 | grad(main/disc) 11.662/1.660 | lr(main/disc) 7.00e-05/3.50e-05 | 114.9s
2026-08-24 23:13:44 | New best val_f1_macro_present: 0.7891 at epoch 12
2026-08-24 23:16:13 | Epoch 013/100 | loss 3.4817 | cls 2.1474 | tal -0.1931 | dual_g 1.3922 | dual_d 0.8162 | train_acc 0.6953 | train_full 0.7633 | val_acc 0.7197 | val_f1 0.7133 | grad(main/disc) 11.587/1.613 | lr(main/disc) 7.00e-05/3.50e-05 | 149.2s
2026-08-24 23:18:35 | Epoch 014/100 | loss 3.6542 | cls 2.1745 | tal -0.1776 | dual_g 1.5330 | dual_d 0.8277 | train_acc 0.6602 | train_full 0.7436 | val_acc 0.7121 | val_f1 0.7044 | grad(main/disc) 13.018/1.654 | lr(main/disc) 7.00e-05/3.50e-05 | 141.9s
2026-08-24 23:21:04 | Epoch 015/100 | loss 3.5315 | cls 1.9871 | tal -0.1883 | dual_g 1.6009 | dual_d 0.8042 | train_acc 0.7344 | train_full 0.8107 | val_acc 0.7652 | val_f1 0.7864 | grad(main/disc) 11.528/1.549 | lr(main/disc) 7.00e-05/3.50e-05 | 149.0s
2026-08-24 23:23:34 | Epoch 016/100 | loss 3.4651 | cls 1.9515 | tal -0.1160 | dual_g 1.5484 | dual_d 0.8056 | train_acc 0.7480 | train_full 0.7968 | val_acc 0.7652 | val_f1 0.7690 | grad(main/disc) 12.822/1.562 | lr(main/disc) 7.00e-05/3.50e-05 | 150.6s
2026-08-24 23:26:03 | Epoch 017/100 | loss 3.4249 | cls 1.9388 | tal -0.1520 | dual_g 1.5318 | dual_d 0.8241 | train_acc 0.7695 | train_full 0.8481 | val_acc 0.8182 | val_f1 0.8096 | grad(main/disc) 12.227/1.513 | lr(main/disc) 7.00e-05/3.50e-05 | 149.0s
2026-08-24 23:26:07 | New best val_f1_macro_present: 0.8096 at epoch 17
2026-08-24 23:28:37 | Epoch 018/100 | loss 3.2160 | cls 1.8164 | tal -0.1531 | dual_g 1.4455 | dual_d 0.7850 | train_acc 0.8047 | train_full 0.8777 | val_acc 0.8485 | val_f1 0.8430 | grad(main/disc) 11.770/1.484 | lr(main/disc) 7.00e-05/3.50e-05 | 149.9s
2026-08-24 23:28:40 | New best val_f1_macro_present: 0.8430 at epoch 18
2026-08-24 23:31:09 | Epoch 019/100 | loss 3.1617 | cls 1.7727 | tal -0.1125 | dual_g 1.4227 | dual_d 0.8401 | train_acc 0.8066 | train_full 0.9132 | val_acc 0.9242 | val_f1 0.9375 | grad(main/disc) 11.606/1.504 | lr(main/disc) 7.00e-05/3.50e-05 | 149.2s
2026-08-24 23:31:13 | New best val_f1_macro_present: 0.9375 at epoch 19
2026-08-24 23:33:42 | Epoch 020/100 | loss 3.0827 | cls 1.7148 | tal -0.0932 | dual_g 1.3959 | dual_d 0.8511 | train_acc 0.8340 | train_full 0.9073 | val_acc 0.9091 | val_f1 0.9044 | grad(main/disc) 11.453/1.483 | lr(main/disc) 7.00e-05/3.50e-05 | 148.9s
2026-08-24 23:36:11 | Epoch 021/100 | loss 3.0201 | cls 1.6710 | tal -0.0975 | dual_g 1.3783 | dual_d 0.8117 | train_acc 0.8457 | train_full 0.9172 | val_acc 0.8864 | val_f1 0.8665 | grad(main/disc) 10.838/1.433 | lr(main/disc) 7.00e-05/3.50e-05 | 149.6s
2026-08-24 23:38:41 | Epoch 022/100 | loss 2.9150 | cls 1.6259 | tal -0.1206 | dual_g 1.3253 | dual_d 0.7909 | train_acc 0.8555 | train_full 0.9369 | val_acc 0.9242 | val_f1 0.9270 | grad(main/disc) 11.297/1.382 | lr(main/disc) 7.00e-05/3.50e-05 | 149.9s
2026-08-24 23:40:54 | Epoch 023/100 | loss 2.9410 | cls 1.6229 | tal -0.0906 | dual_g 1.3453 | dual_d 0.8054 | train_acc 0.8555 | train_full 0.9250 | val_acc 0.9091 | val_f1 0.9087 | grad(main/disc) 10.214/1.347 | lr(main/disc) 7.00e-05/3.50e-05 | 132.5s
2026-08-24 23:42:38 | Epoch 024/100 | loss 2.8906 | cls 1.6197 | tal -0.1426 | dual_g 1.3136 | dual_d 0.8504 | train_acc 0.8730 | train_full 0.9093 | val_acc 0.8788 | val_f1 0.8367 | grad(main/disc) 12.453/1.421 | lr(main/disc) 7.00e-05/3.50e-05 | 103.9s
2026-08-24 23:44:33 | Epoch 025/100 | loss 2.7942 | cls 1.5645 | tal -0.1608 | dual_g 1.2779 | dual_d 0.8482 | train_acc 0.8926 | train_full 0.9606 | val_acc 0.9470 | val_f1 0.9409 | grad(main/disc) 10.919/1.392 | lr(main/disc) 7.00e-05/3.50e-05 | 115.6s
2026-08-24 23:44:37 | New best val_f1_macro_present: 0.9409 at epoch 25
2026-08-24 23:47:07 | Epoch 026/100 | loss 2.7470 | cls 1.5315 | tal -0.1845 | dual_g 1.2708 | dual_d 0.8077 | train_acc 0.9043 | train_full 0.9665 | val_acc 0.9318 | val_f1 0.9416 | grad(main/disc) 9.941/1.324 | lr(main/disc) 7.00e-05/3.50e-05 | 150.4s
2026-08-24 23:49:42 | Epoch 027/100 | loss 2.6688 | cls 1.4906 | tal -0.1753 | dual_g 1.2308 | dual_d 0.8768 | train_acc 0.9219 | train_full 0.9704 | val_acc 0.9470 | val_f1 0.9384 | grad(main/disc) 8.401/1.332 | lr(main/disc) 7.00e-05/3.50e-05 | 154.6s
2026-08-24 23:52:48 | Epoch 028/100 | loss 2.6801 | cls 1.5027 | tal -0.1431 | dual_g 1.2204 | dual_d 0.8515 | train_acc 0.9102 | train_full 0.9665 | val_acc 0.9394 | val_f1 0.9276 | grad(main/disc) 10.383/1.319 | lr(main/disc) 7.00e-05/3.50e-05 | 186.5s
2026-08-24 23:55:51 | Epoch 029/100 | loss 2.5703 | cls 1.4394 | tal -0.1163 | dual_g 1.1657 | dual_d 0.8892 | train_acc 0.9551 | train_full 0.9645 | val_acc 0.9318 | val_f1 0.9236 | grad(main/disc) 7.879/1.380 | lr(main/disc) 7.00e-05/3.50e-05 | 183.3s
2026-08-24 23:58:24 | Epoch 030/100 | loss 2.5689 | cls 1.4412 | tal -0.1536 | dual_g 1.1738 | dual_d 0.9395 | train_acc 0.9199 | train_full 0.9684 | val_acc 0.9394 | val_f1 0.9232 | grad(main/disc) 8.831/1.385 | lr(main/disc) 7.00e-05/3.50e-05 | 152.8s
2026-08-25 00:01:02 | Epoch 031/100 | loss 2.5428 | cls 1.4398 | tal -0.1360 | dual_g 1.1438 | dual_d 0.9236 | train_acc 0.9355 | train_full 0.9803 | val_acc 0.9697 | val_f1 0.9670 | grad(main/disc) 8.102/1.379 | lr(main/disc) 7.00e-05/3.50e-05 | 157.6s
2026-08-25 00:01:05 | New best val_f1_macro_present: 0.9670 at epoch 31
2026-08-25 00:03:45 | Epoch 032/100 | loss 2.5523 | cls 1.4327 | tal -0.1190 | dual_g 1.1553 | dual_d 0.9430 | train_acc 0.9453 | train_full 0.9862 | val_acc 0.9545 | val_f1 0.9587 | grad(main/disc) 9.132/1.395 | lr(main/disc) 7.00e-05/3.50e-05 | 159.5s
2026-08-25 00:06:28 | Epoch 033/100 | loss 2.4958 | cls 1.3928 | tal -0.1193 | dual_g 1.1388 | dual_d 0.9529 | train_acc 0.9590 | train_full 0.9862 | val_acc 0.9848 | val_f1 0.9830 | grad(main/disc) 8.146/1.337 | lr(main/disc) 7.00e-05/3.50e-05 | 163.4s
2026-08-25 00:06:32 | New best val_f1_macro_present: 0.9830 at epoch 33
2026-08-25 00:09:37 | Epoch 034/100 | loss 2.5157 | cls 1.4211 | tal -0.1014 | dual_g 1.1250 | dual_d 0.9210 | train_acc 0.9434 | train_full 0.9901 | val_acc 0.9924 | val_f1 0.9892 | grad(main/disc) 7.599/1.308 | lr(main/disc) 7.00e-05/3.50e-05 | 185.5s
2026-08-25 00:09:41 | New best val_f1_macro_present: 0.9892 at epoch 34
2026-08-25 00:13:11 | Epoch 035/100 | loss 2.4600 | cls 1.3918 | tal -0.1127 | dual_g 1.1020 | dual_d 0.9429 | train_acc 0.9609 | train_full 0.9822 | val_acc 0.9697 | val_f1 0.9576 | grad(main/disc) 7.723/1.336 | lr(main/disc) 7.00e-05/3.50e-05 | 210.5s
2026-08-25 00:15:57 | Epoch 036/100 | loss 2.4221 | cls 1.3760 | tal -0.1405 | dual_g 1.0882 | dual_d 0.9338 | train_acc 0.9668 | train_full 0.9724 | val_acc 0.9394 | val_f1 0.9260 | grad(main/disc) 7.604/1.292 | lr(main/disc) 7.00e-05/3.50e-05 | 165.6s
2026-08-25 00:18:37 | Epoch 037/100 | loss 2.4082 | cls 1.3704 | tal -0.1719 | dual_g 1.0894 | dual_d 0.9724 | train_acc 0.9609 | train_full 0.9921 | val_acc 0.9621 | val_f1 0.9380 | grad(main/disc) 7.091/1.309 | lr(main/disc) 7.00e-05/3.50e-05 | 160.3s
2026-08-25 00:21:19 | Epoch 038/100 | loss 2.3954 | cls 1.3598 | tal -0.1623 | dual_g 1.0843 | dual_d 0.9925 | train_acc 0.9648 | train_full 0.9941 | val_acc 0.9848 | val_f1 0.9830 | grad(main/disc) 6.995/1.274 | lr(main/disc) 7.00e-05/3.50e-05 | 161.6s
2026-08-25 00:23:57 | Epoch 039/100 | loss 2.4072 | cls 1.3649 | tal -0.1555 | dual_g 1.0890 | dual_d 0.9631 | train_acc 0.9727 | train_full 0.9822 | val_acc 0.9924 | val_f1 0.9892 | grad(main/disc) 7.202/1.283 | lr(main/disc) 7.00e-05/3.50e-05 | 158.8s
2026-08-25 00:26:38 | Epoch 040/100 | loss 2.3754 | cls 1.3547 | tal -0.1634 | dual_g 1.0696 | dual_d 0.9895 | train_acc 0.9766 | train_full 0.9882 | val_acc 0.9848 | val_f1 0.9830 | grad(main/disc) 6.817/1.283 | lr(main/disc) 7.00e-05/3.50e-05 | 160.3s
2026-08-25 00:29:16 | Epoch 041/100 | loss 2.3699 | cls 1.3450 | tal -0.0694 | dual_g 1.0458 | dual_d 1.0256 | train_acc 0.9805 | train_full 0.9763 | val_acc 0.9621 | val_f1 0.9600 | grad(main/disc) 5.772/1.331 | lr(main/disc) 3.50e-05/1.75e-05 | 158.4s
2026-08-25 00:31:56 | Epoch 042/100 | loss 2.3479 | cls 1.3293 | tal -0.0821 | dual_g 1.0432 | dual_d 1.0544 | train_acc 0.9824 | train_full 1.0000 | val_acc 0.9848 | val_f1 0.9828 | grad(main/disc) 5.415/1.370 | lr(main/disc) 3.50e-05/1.75e-05 | 159.4s
2026-08-25 00:35:53 | Epoch 043/100 | loss 2.3365 | cls 1.3214 | tal -0.0985 | dual_g 1.0447 | dual_d 1.0235 | train_acc 0.9805 | train_full 1.0000 | val_acc 0.9773 | val_f1 0.9767 | grad(main/disc) 5.187/1.320 | lr(main/disc) 3.50e-05/1.75e-05 | 237.4s
2026-08-25 00:35:53 | Early stopping at epoch 43 after 9 epochs without val_f1_macro_present improvement.
2026-08-25 00:35:53 | Training complete. Best validation accuracy: 0.9924 | best val_f1_macro_present: 0.9892
