2026-08-22 03:28:33 | Starting Dual_D standalone training
2026-08-22 03:28:33 | Run directory: runs/module_c_ablation/module_c_no_prototype_contrastive_黑天_iter03_20260822_013452
2026-08-22 03:28:33 | Device: cuda
2026-08-22 03:28:33 | Source train samples: 992
2026-08-22 03:28:33 | Target train samples: 465
2026-08-22 03:28:33 | Target val samples: 120
2026-08-22 03:28:33 | Classes: 14
2026-08-22 03:28:33 | Data audit: same_dir=False | path_overlap(vis/ir/ais)=0/0/0 | content_overlap(vis/ir/ais)=0/0/0 | ais_index_overlap=0 | stem_mismatch(vis-ir/vis-ais)=578/0
2026-08-22 03:28:33 | source_train classes: present 14/14 | absent 0 | counts [0:120, 1:44, 2:69, 3:45, 4:40, 5:30, 6:64, 7:80, 8:116, 9:68, 10:57, 11:83, 12:48, 13:128]
2026-08-22 03:28:33 | target_train classes: present 8/14 | absent 6 | counts [0:100, 2:11, 3:16, 6:89, 9:162, 10:12, 11:44, 13:31]
2026-08-22 03:28:33 | target_val classes: present 8/14 | absent 6 | counts [0:26, 2:3, 3:5, 6:23, 9:41, 10:3, 11:11, 13:8]
2026-08-22 03:28:33 | Paired training classes: 8/14 | class ids [0, 2, 3, 6, 9, 10, 11, 13]
2026-08-22 03:28:33 | VIS/IR pairing: class-level-unpaired | count-mismatch classes train/val: 10/0 | AIS alignment: none | AIS rows train/val: 0/0
2026-08-22 03:28:34 | Model parameters: total=17277714 | trainable=17120210
2026-08-22 03:29:51 | Epoch 001/100 | loss 8.8331 | cls 4.6027 | tal 0.2294 | dual_g 4.1616 | dual_d 0.0000 | train_acc 0.1437 | train_full 0.0989 | val_acc 0.1167 | val_f1 0.0656 | grad(main/disc) 26.682/0.000 | lr(main/disc) 7.00e-05/3.50e-05 | 76.4s
2026-08-22 03:29:51 | New best val_f1_macro_present: 0.0656 at epoch 1
2026-08-22 03:31:08 | Epoch 002/100 | loss 7.0612 | cls 3.6733 | tal -0.0185 | dual_g 3.3935 | dual_d 0.0000 | train_acc 0.2792 | train_full 0.2903 | val_acc 0.2583 | val_f1 0.3091 | grad(main/disc) 21.786/0.000 | lr(main/disc) 7.00e-05/3.50e-05 | 77.2s
2026-08-22 03:31:08 | New best val_f1_macro_present: 0.3091 at epoch 2
2026-08-22 03:32:22 | Epoch 003/100 | loss 5.7323 | cls 2.9894 | tal -0.0096 | dual_g 2.7458 | dual_d 0.0000 | train_acc 0.5083 | train_full 0.3376 | val_acc 0.3667 | val_f1 0.4614 | grad(main/disc) 19.076/0.000 | lr(main/disc) 7.00e-05/3.50e-05 | 73.7s
2026-08-22 03:32:22 | New best val_f1_macro_present: 0.4614 at epoch 3
2026-08-22 03:33:40 | Epoch 004/100 | loss 5.0582 | cls 2.5893 | tal 0.0271 | dual_g 2.4608 | dual_d 0.0000 | train_acc 0.6188 | train_full 0.5763 | val_acc 0.5833 | val_f1 0.6029 | grad(main/disc) 19.150/0.000 | lr(main/disc) 7.00e-05/3.50e-05 | 77.4s
2026-08-22 03:33:40 | New best val_f1_macro_present: 0.6029 at epoch 4
2026-08-22 03:34:57 | Epoch 005/100 | loss 4.5862 | cls 2.3130 | tal 0.0405 | dual_g 2.2610 | dual_d 0.0000 | train_acc 0.6896 | train_full 0.7097 | val_acc 0.6917 | val_f1 0.6521 | grad(main/disc) 18.794/0.000 | lr(main/disc) 7.00e-05/3.50e-05 | 76.5s
2026-08-22 03:34:57 | New best val_f1_macro_present: 0.6521 at epoch 5
2026-08-22 03:36:12 | Epoch 006/100 | loss 4.2111 | cls 2.1337 | tal 0.0498 | dual_g 2.0624 | dual_d 0.8677 | train_acc 0.7312 | train_full 0.7591 | val_acc 0.7833 | val_f1 0.7644 | grad(main/disc) 17.931/1.774 | lr(main/disc) 7.00e-05/3.50e-05 | 74.7s
2026-08-22 03:36:12 | New best val_f1_macro_present: 0.7644 at epoch 6
2026-08-22 03:37:28 | Epoch 007/100 | loss 3.9470 | cls 1.9741 | tal 0.0220 | dual_g 1.9663 | dual_d 0.7960 | train_acc 0.7958 | train_full 0.7183 | val_acc 0.7000 | val_f1 0.6902 | grad(main/disc) 17.256/1.662 | lr(main/disc) 7.00e-05/3.50e-05 | 76.6s
2026-08-22 03:38:44 | Epoch 008/100 | loss 3.7732 | cls 1.8940 | tal 0.0201 | dual_g 1.8731 | dual_d 0.8232 | train_acc 0.8354 | train_full 0.7785 | val_acc 0.7833 | val_f1 0.7658 | grad(main/disc) 16.811/1.668 | lr(main/disc) 7.00e-05/3.50e-05 | 75.7s
2026-08-22 03:38:44 | New best val_f1_macro_present: 0.7658 at epoch 8
2026-08-22 03:40:01 | Epoch 009/100 | loss 3.6144 | cls 1.8419 | tal -0.0142 | dual_g 1.7768 | dual_d 0.7897 | train_acc 0.8271 | train_full 0.8903 | val_acc 0.8833 | val_f1 0.8481 | grad(main/disc) 14.926/1.580 | lr(main/disc) 7.00e-05/3.50e-05 | 76.7s
2026-08-22 03:40:01 | New best val_f1_macro_present: 0.8481 at epoch 9
2026-08-22 03:41:22 | Epoch 010/100 | loss 3.3079 | cls 1.6440 | tal -0.0426 | dual_g 1.6767 | dual_d 0.7959 | train_acc 0.8958 | train_full 0.9118 | val_acc 0.8583 | val_f1 0.8168 | grad(main/disc) 13.530/1.572 | lr(main/disc) 7.00e-05/3.50e-05 | 80.5s
2026-08-22 03:42:38 | Epoch 011/100 | loss 3.2254 | cls 1.6106 | tal -0.0497 | dual_g 1.6297 | dual_d 0.7567 | train_acc 0.8625 | train_full 0.8774 | val_acc 0.8333 | val_f1 0.8032 | grad(main/disc) 13.093/1.483 | lr(main/disc) 7.00e-05/3.50e-05 | 76.2s
2026-08-22 03:43:58 | Epoch 012/100 | loss 3.1953 | cls 1.5925 | tal -0.0183 | dual_g 1.6083 | dual_d 0.7170 | train_acc 0.8979 | train_full 0.8925 | val_acc 0.8667 | val_f1 0.8254 | grad(main/disc) 13.305/1.424 | lr(main/disc) 7.00e-05/3.50e-05 | 79.5s
2026-08-22 03:45:14 | Epoch 013/100 | loss 3.1034 | cls 1.5454 | tal 0.0042 | dual_g 1.5567 | dual_d 0.7720 | train_acc 0.9396 | train_full 0.9312 | val_acc 0.9000 | val_f1 0.8741 | grad(main/disc) 12.168/1.450 | lr(main/disc) 7.00e-05/3.50e-05 | 76.0s
2026-08-22 03:45:14 | New best val_f1_macro_present: 0.8741 at epoch 13
2026-08-22 03:46:30 | Epoch 014/100 | loss 3.0250 | cls 1.4916 | tal -0.0126 | dual_g 1.5371 | dual_d 0.7431 | train_acc 0.9500 | train_full 0.9527 | val_acc 0.9167 | val_f1 0.8821 | grad(main/disc) 11.962/1.384 | lr(main/disc) 7.00e-05/3.50e-05 | 76.4s
2026-08-22 03:46:31 | New best val_f1_macro_present: 0.8821 at epoch 14
2026-08-22 03:47:47 | Epoch 015/100 | loss 2.9579 | cls 1.4546 | tal -0.0382 | dual_g 1.5147 | dual_d 0.7196 | train_acc 0.9583 | train_full 0.8925 | val_acc 0.8917 | val_f1 0.8565 | grad(main/disc) 11.680/1.336 | lr(main/disc) 7.00e-05/3.50e-05 | 75.9s
2026-08-22 03:49:04 | Epoch 016/100 | loss 2.7986 | cls 1.3778 | tal -0.1172 | dual_g 1.4560 | dual_d 0.7339 | train_acc 0.9688 | train_full 0.9806 | val_acc 0.9500 | val_f1 0.9333 | grad(main/disc) 9.469/1.356 | lr(main/disc) 7.00e-05/3.50e-05 | 77.5s
2026-08-22 03:49:04 | New best val_f1_macro_present: 0.9333 at epoch 16
2026-08-22 03:50:21 | Epoch 017/100 | loss 2.8439 | cls 1.4395 | tal -0.1636 | dual_g 1.4535 | dual_d 0.7431 | train_acc 0.9563 | train_full 0.9247 | val_acc 0.9333 | val_f1 0.9213 | grad(main/disc) 12.184/1.361 | lr(main/disc) 7.00e-05/3.50e-05 | 76.6s
2026-08-22 03:51:38 | Epoch 018/100 | loss 2.7965 | cls 1.3809 | tal -0.1270 | dual_g 1.4537 | dual_d 0.7433 | train_acc 0.9750 | train_full 0.9656 | val_acc 0.9333 | val_f1 0.9047 | grad(main/disc) 10.055/1.328 | lr(main/disc) 7.00e-05/3.50e-05 | 76.8s
2026-08-22 03:52:52 | Epoch 019/100 | loss 2.8110 | cls 1.4007 | tal -0.1033 | dual_g 1.4412 | dual_d 0.7401 | train_acc 0.9667 | train_full 0.9656 | val_acc 0.9333 | val_f1 0.9045 | grad(main/disc) 9.211/1.300 | lr(main/disc) 7.00e-05/3.50e-05 | 74.4s
2026-08-22 03:54:08 | Epoch 020/100 | loss 2.7543 | cls 1.3756 | tal -0.1596 | dual_g 1.4266 | dual_d 0.7429 | train_acc 0.9625 | train_full 0.9634 | val_acc 0.9583 | val_f1 0.9272 | grad(main/disc) 8.707/1.312 | lr(main/disc) 7.00e-05/3.50e-05 | 75.6s
2026-08-22 03:55:25 | Epoch 021/100 | loss 2.7186 | cls 1.3660 | tal -0.1712 | dual_g 1.4039 | dual_d 0.7876 | train_acc 0.9812 | train_full 0.9828 | val_acc 0.9667 | val_f1 0.9593 | grad(main/disc) 8.247/1.349 | lr(main/disc) 7.00e-05/3.50e-05 | 77.6s
2026-08-22 03:55:26 | New best val_f1_macro_present: 0.9593 at epoch 21
2026-08-22 03:56:44 | Epoch 022/100 | loss 2.7075 | cls 1.3527 | tal -0.1982 | dual_g 1.4142 | dual_d 0.7861 | train_acc 0.9792 | train_full 0.9613 | val_acc 0.9250 | val_f1 0.8884 | grad(main/disc) 7.916/1.360 | lr(main/disc) 7.00e-05/3.50e-05 | 78.5s
2026-08-22 03:58:00 | Epoch 023/100 | loss 2.6702 | cls 1.3435 | tal -0.1907 | dual_g 1.3839 | dual_d 0.8200 | train_acc 0.9875 | train_full 0.9935 | val_acc 0.9583 | val_f1 0.9519 | grad(main/disc) 7.504/1.431 | lr(main/disc) 7.00e-05/3.50e-05 | 75.8s
2026-08-22 03:59:19 | Epoch 024/100 | loss 2.6441 | cls 1.3213 | tal -0.2009 | dual_g 1.3831 | dual_d 0.8277 | train_acc 0.9896 | train_full 0.9699 | val_acc 0.9583 | val_f1 0.9290 | grad(main/disc) 7.113/1.424 | lr(main/disc) 7.00e-05/3.50e-05 | 78.9s
2026-08-22 04:00:36 | Epoch 025/100 | loss 2.6275 | cls 1.3080 | tal -0.2081 | dual_g 1.3819 | dual_d 0.8545 | train_acc 0.9917 | train_full 0.9785 | val_acc 0.9583 | val_f1 0.9440 | grad(main/disc) 6.719/1.411 | lr(main/disc) 7.00e-05/3.50e-05 | 77.3s
2026-08-22 04:01:52 | Epoch 026/100 | loss 2.5766 | cls 1.2927 | tal -0.2293 | dual_g 1.3526 | dual_d 0.8899 | train_acc 0.9875 | train_full 0.9763 | val_acc 0.9500 | val_f1 0.9192 | grad(main/disc) 6.246/1.431 | lr(main/disc) 7.00e-05/3.50e-05 | 76.2s
2026-08-22 04:03:09 | Epoch 027/100 | loss 2.5790 | cls 1.2956 | tal -0.1908 | dual_g 1.3406 | dual_d 0.8635 | train_acc 0.9875 | train_full 0.9849 | val_acc 0.9667 | val_f1 0.9576 | grad(main/disc) 6.312/1.398 | lr(main/disc) 7.00e-05/3.50e-05 | 77.0s
2026-08-22 04:04:27 | Epoch 028/100 | loss 2.5381 | cls 1.2758 | tal -0.2031 | dual_g 1.3232 | dual_d 0.9169 | train_acc 1.0000 | train_full 0.9763 | val_acc 0.9583 | val_f1 0.9464 | grad(main/disc) 4.850/1.417 | lr(main/disc) 3.50e-05/1.75e-05 | 78.0s
2026-08-22 04:05:45 | Epoch 029/100 | loss 2.5291 | cls 1.2772 | tal -0.2115 | dual_g 1.3154 | dual_d 0.9672 | train_acc 0.9875 | train_full 0.9914 | val_acc 0.9750 | val_f1 0.9634 | grad(main/disc) 4.846/1.457 | lr(main/disc) 3.50e-05/1.75e-05 | 77.7s
2026-08-22 04:05:45 | New best val_f1_macro_present: 0.9634 at epoch 29
2026-08-22 04:07:01 | Epoch 030/100 | loss 2.5250 | cls 1.2760 | tal -0.1808 | dual_g 1.3032 | dual_d 0.9159 | train_acc 0.9979 | train_full 0.9892 | val_acc 0.9583 | val_f1 0.9405 | grad(main/disc) 4.762/1.408 | lr(main/disc) 3.50e-05/1.75e-05 | 75.2s
2026-08-22 04:08:17 | Epoch 031/100 | loss 2.5269 | cls 1.2679 | tal -0.1773 | dual_g 1.3122 | dual_d 0.9460 | train_acc 0.9979 | train_full 0.9828 | val_acc 0.9583 | val_f1 0.9374 | grad(main/disc) 5.313/1.449 | lr(main/disc) 3.50e-05/1.75e-05 | 76.8s
2026-08-22 04:09:35 | Epoch 032/100 | loss 2.4975 | cls 1.2611 | tal -0.2087 | dual_g 1.2990 | dual_d 0.9807 | train_acc 0.9896 | train_full 0.9871 | val_acc 0.9583 | val_f1 0.9415 | grad(main/disc) 5.068/1.469 | lr(main/disc) 3.50e-05/1.75e-05 | 77.6s
2026-08-22 04:10:56 | Epoch 033/100 | loss 2.4780 | cls 1.2565 | tal -0.2252 | dual_g 1.2890 | dual_d 0.9508 | train_acc 0.9958 | train_full 0.9871 | val_acc 0.9667 | val_f1 0.9594 | grad(main/disc) 4.494/1.449 | lr(main/disc) 3.50e-05/1.75e-05 | 80.7s
2026-08-22 04:12:11 | Epoch 034/100 | loss 2.4866 | cls 1.2586 | tal -0.2133 | dual_g 1.2920 | dual_d 0.9675 | train_acc 0.9917 | train_full 0.9871 | val_acc 0.9667 | val_f1 0.9594 | grad(main/disc) 4.547/1.428 | lr(main/disc) 3.50e-05/1.75e-05 | 75.5s
2026-08-22 04:13:26 | Epoch 035/100 | loss 2.4600 | cls 1.2533 | tal -0.2312 | dual_g 1.2761 | dual_d 0.9775 | train_acc 0.9958 | train_full 0.9785 | val_acc 0.9667 | val_f1 0.9594 | grad(main/disc) 4.259/1.442 | lr(main/disc) 3.50e-05/1.75e-05 | 75.2s
2026-08-22 04:14:40 | Epoch 036/100 | loss 2.4690 | cls 1.2535 | tal -0.2092 | dual_g 1.2782 | dual_d 0.9759 | train_acc 0.9917 | train_full 0.9892 | val_acc 0.9667 | val_f1 0.9368 | grad(main/disc) 4.450/1.445 | lr(main/disc) 1.75e-05/8.75e-06 | 73.4s
2026-08-22 04:15:58 | Epoch 037/100 | loss 2.4753 | cls 1.2414 | tal -0.2042 | dual_g 1.2951 | dual_d 1.0114 | train_acc 1.0000 | train_full 0.9957 | val_acc 0.9750 | val_f1 0.9663 | grad(main/disc) 4.273/1.500 | lr(main/disc) 1.75e-05/8.75e-06 | 77.9s
2026-08-22 04:15:58 | New best val_f1_macro_present: 0.9663 at epoch 37
2026-08-22 04:17:14 | Epoch 038/100 | loss 2.4512 | cls 1.2434 | tal -0.2188 | dual_g 1.2734 | dual_d 0.9807 | train_acc 0.9979 | train_full 0.9785 | val_acc 0.9667 | val_f1 0.9594 | grad(main/disc) 4.114/1.454 | lr(main/disc) 1.75e-05/8.75e-06 | 75.9s
2026-08-22 04:18:27 | Epoch 039/100 | loss 2.4314 | cls 1.2376 | tal -0.2535 | dual_g 1.2698 | dual_d 0.9971 | train_acc 0.9958 | train_full 0.9849 | val_acc 0.9667 | val_f1 0.9594 | grad(main/disc) 3.948/1.453 | lr(main/disc) 1.75e-05/8.75e-06 | 73.4s
2026-08-22 04:19:47 | Epoch 040/100 | loss 2.4332 | cls 1.2440 | tal -0.2626 | dual_g 1.2679 | dual_d 0.9584 | train_acc 0.9896 | train_full 0.9914 | val_acc 0.9667 | val_f1 0.9594 | grad(main/disc) 4.148/1.421 | lr(main/disc) 1.75e-05/8.75e-06 | 79.5s
2026-08-22 04:21:05 | Epoch 041/100 | loss 2.4229 | cls 1.2340 | tal -0.2341 | dual_g 1.2591 | dual_d 1.0133 | train_acc 0.9917 | train_full 0.9935 | val_acc 0.9750 | val_f1 0.9644 | grad(main/disc) 3.875/1.423 | lr(main/disc) 1.75e-05/8.75e-06 | 78.6s
2026-08-22 04:22:22 | Epoch 042/100 | loss 2.4260 | cls 1.2306 | tal -0.2217 | dual_g 1.2619 | dual_d 0.9678 | train_acc 0.9917 | train_full 0.9914 | val_acc 0.9750 | val_f1 0.9663 | grad(main/disc) 3.922/1.416 | lr(main/disc) 1.75e-05/8.75e-06 | 76.6s
2026-08-22 04:23:39 | Epoch 043/100 | loss 2.4356 | cls 1.2417 | tal -0.2172 | dual_g 1.2591 | dual_d 0.9779 | train_acc 0.9958 | train_full 0.9785 | val_acc 0.9750 | val_f1 0.9644 | grad(main/disc) 3.804/1.383 | lr(main/disc) 1.75e-05/8.75e-06 | 77.4s
2026-08-22 04:24:54 | Epoch 044/100 | loss 2.4155 | cls 1.2335 | tal -0.2558 | dual_g 1.2588 | dual_d 0.9861 | train_acc 0.9979 | train_full 0.9914 | val_acc 0.9667 | val_f1 0.9594 | grad(main/disc) 3.669/1.447 | lr(main/disc) 8.75e-06/4.37e-06 | 74.5s
2026-08-22 04:26:10 | Epoch 045/100 | loss 2.4033 | cls 1.2216 | tal -0.2472 | dual_g 1.2558 | dual_d 0.9988 | train_acc 1.0000 | train_full 0.9892 | val_acc 0.9667 | val_f1 0.9594 | grad(main/disc) 3.177/1.423 | lr(main/disc) 8.75e-06/4.37e-06 | 75.6s
2026-08-22 04:27:27 | Epoch 046/100 | loss 2.4079 | cls 1.2343 | tal -0.2477 | dual_g 1.2479 | dual_d 1.0018 | train_acc 0.9875 | train_full 0.9892 | val_acc 0.9667 | val_f1 0.9594 | grad(main/disc) 3.542/1.419 | lr(main/disc) 8.75e-06/4.37e-06 | 77.9s
2026-08-22 04:27:27 | Early stopping at epoch 46 after 9 epochs without val_f1_macro_present improvement.
2026-08-22 04:27:27 | Training complete. Best validation accuracy: 0.9750 | best val_f1_macro_present: 0.9663
