2026-08-28 21:05:39 | Starting Dual_D standalone training
2026-08-28 21:05:39 | Run directory: runs/module_c_ablation_60_v6/module_c_20260828_191630/module_c_no_identity_雨天_20260828_203202
2026-08-28 21:05:39 | Device: cuda
2026-08-28 21:05:39 | Source train samples: 992
2026-08-28 21:05:39 | Target train samples: 96
2026-08-28 21:05:39 | Target val samples: 26
2026-08-28 21:05:39 | Classes: 14
2026-08-28 21:05:39 | Data audit: same_dir=False | path_overlap(vis/ir/ais)=0/0/0 | content_overlap(vis/ir/ais)=0/0/0 | ais_index_overlap=0 | stem_mismatch(vis-ir/vis-ais)=117/0
2026-08-28 21:05:39 | source_train classes: present 14/14 | absent 0 | counts [0:120, 1:44, 2:69, 3:45, 4:40, 5:30, 6:64, 7:80, 8:116, 9:68, 10:57, 11:83, 12:48, 13:128]
2026-08-28 21:05:39 | target_train classes: present 6/14 | absent 8 | counts [0:7, 2:19, 9:32, 10:12, 11:6, 13:20]
2026-08-28 21:05:39 | target_val classes: present 6/14 | absent 8 | counts [0:2, 2:5, 9:8, 10:4, 11:2, 13:5]
2026-08-28 21:05:39 | Paired training classes: 6/14 | class ids [0, 2, 9, 10, 11, 13]
2026-08-28 21:05:39 | Runtime profile: batch=92 | paired_steps=2 | workers=16 | train_eval_every=5 | raw_eval_every=5 | stability_window=5 | early_stop=15 after min_epoch=30
2026-08-28 21:05:39 | VIS/IR pairing: class-level-unpaired | count-mismatch classes train/val: 10/0 | AIS alignment: none | AIS rows train/val: 0/0
2026-08-28 21:05:40 | Effective Dual-D loss weights: {"adv_auxiliary": 0.03, "adv_primary": 0.03, "classification": 0.65, "contrastive": 0.025, "cycle": 0.28, "identity": 0.0, "prototype_contrastive": 0.05}
2026-08-28 21:05:40 | Model parameters: total=17277714 | trainable=17120210
2026-08-28 21:05:44 | Epoch 001/060 | loss 5.8778 | cls 5.8479 | tal 0.0997 | dual_g 0.0000 | dual_d 0.0000 | train_acc 0.1196 | train_full 0.0104 | val_acc 0.0385 | val_f1 0.0333 | adv/moduleC 0.00/0.00 | disc_steps 0 | grad(main/disc) 16.966/0.000 | lr(main/disc) 9.00e-05/3.50e-05 | cuda_peak(alloc/resv) 21.77/28.18GB | phase(train/val/raw/train_eval) 2.7/0.4/0.4/0.6s | 4.2s
2026-08-28 21:05:47 | Epoch 002/060 | loss 5.0610 | cls 5.0945 | tal -0.1117 | dual_g 0.0000 | dual_d 0.0000 | train_acc 0.1250 | train_full n/a | val_acc 0.0769 | val_f1 0.0513 | adv/moduleC 0.00/0.00 | disc_steps 0 | grad(main/disc) 15.495/0.000 | lr(main/disc) 9.00e-05/3.50e-05 | cuda_peak(alloc/resv) 21.77/28.18GB | phase(train/val/raw/train_eval) 2.7/0.4/0.0/0.0s | 3.1s
2026-08-28 21:05:50 | Epoch 003/060 | loss 4.4528 | cls 4.4751 | tal -0.0744 | dual_g 0.0000 | dual_d 0.0000 | train_acc 0.2228 | train_full n/a | val_acc 0.1538 | val_f1 0.1157 | adv/moduleC 0.00/0.00 | disc_steps 0 | grad(main/disc) 13.621/0.000 | lr(main/disc) 9.00e-05/3.50e-05 | cuda_peak(alloc/resv) 21.77/28.18GB | phase(train/val/raw/train_eval) 2.6/0.4/0.0/0.0s | 3.0s
2026-08-28 21:05:53 | Epoch 004/060 | loss 3.8945 | cls 3.9220 | tal -0.0915 | dual_g 0.0000 | dual_d 0.0000 | train_acc 0.2663 | train_full n/a | val_acc 0.1538 | val_f1 0.0929 | adv/moduleC 0.00/0.00 | disc_steps 0 | grad(main/disc) 11.449/0.000 | lr(main/disc) 9.00e-05/3.50e-05 | cuda_peak(alloc/resv) 21.77/28.18GB | phase(train/val/raw/train_eval) 2.3/0.4/0.0/0.0s | 2.8s
2026-08-28 21:05:56 | Epoch 005/060 | loss 3.5912 | cls 3.5986 | tal -0.0247 | dual_g 0.0000 | dual_d 0.0000 | train_acc 0.3261 | train_full 0.1250 | val_acc 0.1538 | val_f1 0.0957 | adv/moduleC 0.00/0.00 | disc_steps 0 | grad(main/disc) 10.559/0.000 | lr(main/disc) 9.00e-05/3.50e-05 | cuda_peak(alloc/resv) 21.77/28.18GB | phase(train/val/raw/train_eval) 2.1/0.4/0.4/0.6s | 3.5s
2026-08-28 21:05:59 | New best val_f1_macro_present: raw=0.0957 stable_score=0.0333 at epoch 5
2026-08-28 21:06:02 | Epoch 006/060 | loss 3.2955 | cls 3.3665 | tal -0.2366 | dual_g 0.0000 | dual_d 0.0000 | train_acc 0.3370 | train_full n/a | val_acc 0.0769 | val_f1 0.0267 | adv/moduleC 0.00/0.00 | disc_steps 0 | grad(main/disc) 9.763/0.000 | lr(main/disc) 9.00e-05/3.50e-05 | cuda_peak(alloc/resv) 21.77/28.18GB | phase(train/val/raw/train_eval) 2.5/0.4/0.0/0.0s | 3.0s
2026-08-28 21:06:05 | Epoch 007/060 | loss 3.2631 | cls 3.1445 | tal -0.3694 | dual_g 0.2295 | dual_d 0.0000 | train_acc 0.4239 | train_full n/a | val_acc 0.1154 | val_f1 0.0636 | adv/moduleC 0.00/0.08 | disc_steps 0 | grad(main/disc) 9.227/0.000 | lr(main/disc) 9.00e-05/3.50e-05 | cuda_peak(alloc/resv) 21.77/28.18GB | phase(train/val/raw/train_eval) 2.5/0.4/0.0/0.0s | 2.9s
2026-08-28 21:06:07 | Epoch 008/060 | loss 3.3859 | cls 3.0292 | tal -0.3124 | dual_g 0.4504 | dual_d 0.0000 | train_acc 0.4239 | train_full n/a | val_acc 0.1154 | val_f1 0.0595 | adv/moduleC 0.00/0.17 | disc_steps 0 | grad(main/disc) 9.158/0.000 | lr(main/disc) 9.00e-05/3.50e-05 | cuda_peak(alloc/resv) 21.77/28.18GB | phase(train/val/raw/train_eval) 2.1/0.4/0.0/0.0s | 2.5s
2026-08-28 21:06:10 | Epoch 009/060 | loss 3.4685 | cls 2.9482 | tal -0.3677 | dual_g 0.6306 | dual_d 0.8520 | train_acc 0.4728 | train_full n/a | val_acc 0.0769 | val_f1 0.0290 | adv/moduleC 0.05/0.25 | disc_steps 1 | grad(main/disc) 8.725/1.805 | lr(main/disc) 9.00e-05/3.50e-05 | cuda_peak(alloc/resv) 21.77/28.18GB | phase(train/val/raw/train_eval) 2.4/0.4/0.0/0.0s | 2.9s
2026-08-28 21:06:14 | Epoch 010/060 | loss 3.2748 | cls 2.5596 | tal -0.3783 | dual_g 0.8287 | dual_d 0.8229 | train_acc 0.5707 | train_full 0.0938 | val_acc 0.0769 | val_f1 0.0317 | adv/moduleC 0.10/0.33 | disc_steps 1 | grad(main/disc) 7.827/1.719 | lr(main/disc) 9.00e-05/3.50e-05 | cuda_peak(alloc/resv) 21.77/28.18GB | phase(train/val/raw/train_eval) 2.8/0.4/0.4/0.6s | 4.2s
2026-08-28 21:06:17 | Epoch 011/060 | loss 3.5438 | cls 2.6625 | tal -0.3661 | dual_g 0.9911 | dual_d 0.7763 | train_acc 0.5870 | train_full n/a | val_acc 0.1154 | val_f1 0.0847 | adv/moduleC 0.15/0.42 | disc_steps 1 | grad(main/disc) 8.649/1.623 | lr(main/disc) 4.50e-05/1.75e-05 | cuda_peak(alloc/resv) 21.77/28.18GB | phase(train/val/raw/train_eval) 2.3/0.4/0.0/0.0s | 2.7s
2026-08-28 21:06:20 | Epoch 012/060 | loss 3.4527 | cls 2.4574 | tal -0.4280 | dual_g 1.1237 | dual_d 0.8118 | train_acc 0.5978 | train_full n/a | val_acc 0.2308 | val_f1 0.1528 | adv/moduleC 0.20/0.50 | disc_steps 1 | grad(main/disc) 8.684/1.647 | lr(main/disc) 4.50e-05/1.75e-05 | cuda_peak(alloc/resv) 21.77/28.18GB | phase(train/val/raw/train_eval) 2.5/0.4/0.0/0.0s | 2.9s
2026-08-28 21:06:23 | Epoch 013/060 | loss 3.7975 | cls 2.5723 | tal -0.4118 | dual_g 1.3487 | dual_d 0.7732 | train_acc 0.6196 | train_full n/a | val_acc 0.2308 | val_f1 0.1528 | adv/moduleC 0.25/0.58 | disc_steps 1 | grad(main/disc) 9.289/1.602 | lr(main/disc) 4.50e-05/1.75e-05 | cuda_peak(alloc/resv) 21.77/28.18GB | phase(train/val/raw/train_eval) 2.6/0.4/0.0/0.0s | 3.0s
2026-08-28 21:06:26 | Epoch 014/060 | loss 3.6965 | cls 2.3927 | tal -0.3705 | dual_g 1.4150 | dual_d 0.7862 | train_acc 0.6739 | train_full n/a | val_acc 0.2308 | val_f1 0.1442 | adv/moduleC 0.30/0.67 | disc_steps 1 | grad(main/disc) 8.860/1.601 | lr(main/disc) 4.50e-05/1.75e-05 | cuda_peak(alloc/resv) 21.77/28.18GB | phase(train/val/raw/train_eval) 2.7/0.4/0.0/0.0s | 3.1s
2026-08-28 21:06:30 | Epoch 015/060 | loss 3.8289 | cls 2.3791 | tal -0.3280 | dual_g 1.5482 | dual_d 0.8327 | train_acc 0.6196 | train_full 0.1979 | val_acc 0.2308 | val_f1 0.1261 | adv/moduleC 0.35/0.75 | disc_steps 1 | grad(main/disc) 9.040/1.512 | lr(main/disc) 4.50e-05/1.75e-05 | cuda_peak(alloc/resv) 21.77/28.18GB | phase(train/val/raw/train_eval) 2.8/0.4/0.4/0.6s | 4.3s
2026-08-28 21:06:33 | New best val_f1_macro_present: raw=0.1261 stable_score=0.0847 at epoch 15
2026-08-28 21:06:36 | Epoch 016/060 | loss 4.0939 | cls 2.3996 | tal -0.2659 | dual_g 1.7741 | dual_d 0.7405 | train_acc 0.6739 | train_full n/a | val_acc 0.2308 | val_f1 0.1278 | adv/moduleC 0.40/0.83 | disc_steps 1 | grad(main/disc) 9.186/1.504 | lr(main/disc) 4.50e-05/1.75e-05 | cuda_peak(alloc/resv) 21.77/28.18GB | phase(train/val/raw/train_eval) 2.2/0.4/0.4/0.0s | 3.0s
2026-08-28 21:06:39 | New best val_f1_macro_present: raw=0.1278 stable_score=0.1261 at epoch 16
2026-08-28 21:06:42 | Epoch 017/060 | loss 3.9961 | cls 2.1875 | tal -0.3062 | dual_g 1.9005 | dual_d 0.8097 | train_acc 0.6848 | train_full n/a | val_acc 0.3846 | val_f1 0.4009 | adv/moduleC 0.45/0.92 | disc_steps 1 | grad(main/disc) 8.914/1.665 | lr(main/disc) 4.50e-05/1.75e-05 | cuda_peak(alloc/resv) 21.77/28.18GB | phase(train/val/raw/train_eval) 2.3/0.4/0.0/0.0s | 2.7s
2026-08-28 21:06:44 | Epoch 018/060 | loss 4.0949 | cls 2.2066 | tal -0.3216 | dual_g 1.9848 | dual_d 0.7867 | train_acc 0.7174 | train_full n/a | val_acc 0.3846 | val_f1 0.3776 | adv/moduleC 0.50/1.00 | disc_steps 1 | grad(main/disc) 9.649/1.606 | lr(main/disc) 4.50e-05/1.75e-05 | cuda_peak(alloc/resv) 21.77/28.18GB | phase(train/val/raw/train_eval) 2.0/0.4/0.0/0.0s | 2.4s
2026-08-28 21:06:47 | Epoch 019/060 | loss 3.8998 | cls 2.1122 | tal -0.3363 | dual_g 1.8885 | dual_d 0.7722 | train_acc 0.7446 | train_full n/a | val_acc 0.4615 | val_f1 0.4810 | adv/moduleC 0.55/1.00 | disc_steps 1 | grad(main/disc) 9.406/1.588 | lr(main/disc) 4.50e-05/1.75e-05 | cuda_peak(alloc/resv) 21.77/28.18GB | phase(train/val/raw/train_eval) 2.4/0.4/0.0/0.0s | 2.8s
2026-08-28 21:06:51 | Epoch 020/060 | loss 3.8486 | cls 2.0498 | tal -0.3110 | dual_g 1.8921 | dual_d 0.8093 | train_acc 0.7446 | train_full 0.4271 | val_acc 0.5000 | val_f1 0.5415 | adv/moduleC 0.60/1.00 | disc_steps 1 | grad(main/disc) 10.091/1.625 | lr(main/disc) 4.50e-05/1.75e-05 | cuda_peak(alloc/resv) 21.77/28.18GB | phase(train/val/raw/train_eval) 2.4/0.4/0.4/0.6s | 3.8s
2026-08-28 21:06:53 | New best val_f1_macro_present: raw=0.5415 stable_score=0.1278 at epoch 20
2026-08-28 21:06:56 | Epoch 021/060 | loss 3.9499 | cls 2.1606 | tal -0.3363 | dual_g 1.8902 | dual_d 0.7816 | train_acc 0.7174 | train_full n/a | val_acc 0.4231 | val_f1 0.4626 | adv/moduleC 0.65/1.00 | disc_steps 1 | grad(main/disc) 10.014/1.548 | lr(main/disc) 4.50e-05/1.75e-05 | cuda_peak(alloc/resv) 21.77/28.18GB | phase(train/val/raw/train_eval) 2.1/0.4/0.4/0.0s | 3.0s
2026-08-28 21:06:59 | New best val_f1_macro_present: raw=0.4626 stable_score=0.3776 at epoch 21
2026-08-28 21:07:02 | Epoch 022/060 | loss 3.8931 | cls 2.0982 | tal -0.3272 | dual_g 1.8930 | dual_d 0.7779 | train_acc 0.7283 | train_full n/a | val_acc 0.3462 | val_f1 0.3537 | adv/moduleC 0.70/1.00 | disc_steps 1 | grad(main/disc) 9.927/1.450 | lr(main/disc) 4.50e-05/1.75e-05 | cuda_peak(alloc/resv) 21.77/28.18GB | phase(train/val/raw/train_eval) 2.7/0.4/0.0/0.0s | 3.1s
2026-08-28 21:07:05 | Epoch 023/060 | loss 3.6108 | cls 1.8998 | tal -0.2923 | dual_g 1.7986 | dual_d 0.7470 | train_acc 0.7826 | train_full n/a | val_acc 0.3846 | val_f1 0.4167 | adv/moduleC 0.75/1.00 | disc_steps 1 | grad(main/disc) 8.791/1.450 | lr(main/disc) 4.50e-05/1.75e-05 | cuda_peak(alloc/resv) 21.77/28.18GB | phase(train/val/raw/train_eval) 2.3/0.4/0.0/0.0s | 2.7s
2026-08-28 21:07:08 | Epoch 024/060 | loss 3.5106 | cls 1.8440 | tal -0.2453 | dual_g 1.7402 | dual_d 0.8176 | train_acc 0.8533 | train_full n/a | val_acc 0.3462 | val_f1 0.3537 | adv/moduleC 0.80/1.00 | disc_steps 1 | grad(main/disc) 9.011/1.501 | lr(main/disc) 4.50e-05/1.75e-05 | cuda_peak(alloc/resv) 21.77/28.18GB | phase(train/val/raw/train_eval) 2.2/0.4/0.0/0.0s | 2.6s
2026-08-28 21:07:11 | Epoch 025/060 | loss 3.5843 | cls 1.8554 | tal -0.2458 | dual_g 1.8026 | dual_d 0.7806 | train_acc 0.8315 | train_full 0.4583 | val_acc 0.3846 | val_f1 0.3944 | adv/moduleC 0.85/1.00 | disc_steps 1 | grad(main/disc) 10.961/1.486 | lr(main/disc) 4.50e-05/1.75e-05 | cuda_peak(alloc/resv) 21.77/28.18GB | phase(train/val/raw/train_eval) 2.3/0.4/0.4/0.6s | 3.7s
2026-08-28 21:07:14 | Epoch 026/060 | loss 3.4254 | cls 1.7739 | tal -0.2351 | dual_g 1.7221 | dual_d 0.7757 | train_acc 0.8315 | train_full n/a | val_acc 0.4231 | val_f1 0.4460 | adv/moduleC 0.90/1.00 | disc_steps 1 | grad(main/disc) 8.890/1.501 | lr(main/disc) 4.50e-05/1.75e-05 | cuda_peak(alloc/resv) 21.77/28.18GB | phase(train/val/raw/train_eval) 2.6/0.4/0.0/0.0s | 3.0s
2026-08-28 21:07:17 | Epoch 027/060 | loss 3.3409 | cls 1.7795 | tal -0.2375 | dual_g 1.6327 | dual_d 0.7969 | train_acc 0.8533 | train_full n/a | val_acc 0.5000 | val_f1 0.5091 | adv/moduleC 0.95/1.00 | disc_steps 1 | grad(main/disc) 10.370/1.460 | lr(main/disc) 4.50e-05/1.75e-05 | cuda_peak(alloc/resv) 21.77/28.18GB | phase(train/val/raw/train_eval) 2.6/0.4/0.0/0.0s | 3.0s
2026-08-28 21:07:20 | Epoch 028/060 | loss 3.4115 | cls 1.8195 | tal -0.2488 | dual_g 1.6666 | dual_d 0.8003 | train_acc 0.8370 | train_full n/a | val_acc 0.5000 | val_f1 0.5091 | adv/moduleC 1.00/1.00 | disc_steps 1 | grad(main/disc) 9.499/1.494 | lr(main/disc) 2.25e-05/8.75e-06 | cuda_peak(alloc/resv) 21.77/28.18GB | phase(train/val/raw/train_eval) 2.5/0.4/0.0/0.0s | 2.9s
2026-08-28 21:07:23 | Epoch 029/060 | loss 3.3730 | cls 1.7886 | tal -0.2840 | dual_g 1.6696 | dual_d 0.7962 | train_acc 0.8696 | train_full n/a | val_acc 0.3846 | val_f1 0.3900 | adv/moduleC 1.00/1.00 | disc_steps 1 | grad(main/disc) 9.546/1.502 | lr(main/disc) 2.25e-05/8.75e-06 | cuda_peak(alloc/resv) 21.77/28.18GB | phase(train/val/raw/train_eval) 2.5/0.4/0.4/0.0s | 3.3s
2026-08-28 21:07:26 | New best val_f1_macro_present: raw=0.3900 stable_score=0.3900 at epoch 29
2026-08-28 21:07:30 | Epoch 030/060 | loss 3.5340 | cls 1.8425 | tal -0.1561 | dual_g 1.7383 | dual_d 0.7594 | train_acc 0.8478 | train_full 0.6042 | val_acc 0.5000 | val_f1 0.5104 | adv/moduleC 1.00/1.00 | disc_steps 1 | grad(main/disc) 11.224/1.431 | lr(main/disc) 2.25e-05/8.75e-06 | cuda_peak(alloc/resv) 21.77/28.18GB | phase(train/val/raw/train_eval) 2.0/0.4/0.4/0.6s | 3.5s
2026-08-28 21:07:33 | Epoch 031/060 | loss 3.3332 | cls 1.7804 | tal -0.2952 | dual_g 1.6413 | dual_d 0.8135 | train_acc 0.8261 | train_full n/a | val_acc 0.5385 | val_f1 0.5674 | adv/moduleC 1.00/1.00 | disc_steps 1 | grad(main/disc) 8.950/1.502 | lr(main/disc) 2.25e-05/8.75e-06 | cuda_peak(alloc/resv) 21.77/28.18GB | phase(train/val/raw/train_eval) 2.5/0.4/0.0/0.0s | 2.9s
2026-08-28 21:07:36 | Epoch 032/060 | loss 3.3063 | cls 1.7722 | tal -0.2736 | dual_g 1.6162 | dual_d 0.8251 | train_acc 0.8750 | train_full n/a | val_acc 0.5385 | val_f1 0.5460 | adv/moduleC 1.00/1.00 | disc_steps 1 | grad(main/disc) 9.331/1.490 | lr(main/disc) 2.25e-05/8.75e-06 | cuda_peak(alloc/resv) 21.77/28.18GB | phase(train/val/raw/train_eval) 2.5/0.4/0.0/0.0s | 2.9s
2026-08-28 21:07:38 | Epoch 033/060 | loss 3.2365 | cls 1.6787 | tal -0.2962 | dual_g 1.6467 | dual_d 0.7725 | train_acc 0.9076 | train_full n/a | val_acc 0.5769 | val_f1 0.5831 | adv/moduleC 1.00/1.00 | disc_steps 1 | grad(main/disc) 9.053/1.442 | lr(main/disc) 2.25e-05/8.75e-06 | cuda_peak(alloc/resv) 21.77/28.18GB | phase(train/val/raw/train_eval) 2.3/0.4/0.0/0.0s | 2.8s
2026-08-28 21:07:42 | Epoch 034/060 | loss 3.1500 | cls 1.5921 | tal -0.2427 | dual_g 1.6307 | dual_d 0.8218 | train_acc 0.9076 | train_full n/a | val_acc 0.5769 | val_f1 0.5759 | adv/moduleC 1.00/1.00 | disc_steps 1 | grad(main/disc) 8.879/1.554 | lr(main/disc) 2.25e-05/8.75e-06 | cuda_peak(alloc/resv) 21.77/28.18GB | phase(train/val/raw/train_eval) 2.4/0.4/0.4/0.0s | 3.2s
2026-08-28 21:07:44 | New best val_f1_macro_present: raw=0.5759 stable_score=0.5104 at epoch 34
2026-08-28 21:07:48 | Epoch 035/060 | loss 3.1450 | cls 1.6441 | tal -0.2353 | dual_g 1.5715 | dual_d 0.8165 | train_acc 0.9076 | train_full 0.7292 | val_acc 0.5769 | val_f1 0.6045 | adv/moduleC 1.00/1.00 | disc_steps 1 | grad(main/disc) 11.340/1.532 | lr(main/disc) 2.25e-05/8.75e-06 | cuda_peak(alloc/resv) 21.77/28.18GB | phase(train/val/raw/train_eval) 2.4/0.4/0.4/0.6s | 3.8s
2026-08-28 21:07:51 | New best val_f1_macro_present: raw=0.6045 stable_score=0.5460 at epoch 35
2026-08-28 21:07:54 | Epoch 036/060 | loss 3.0932 | cls 1.6175 | tal -0.3342 | dual_g 1.5761 | dual_d 0.7952 | train_acc 0.9239 | train_full n/a | val_acc 0.5385 | val_f1 0.5798 | adv/moduleC 1.00/1.00 | disc_steps 1 | grad(main/disc) 10.524/1.490 | lr(main/disc) 2.25e-05/8.75e-06 | cuda_peak(alloc/resv) 21.77/28.18GB | phase(train/val/raw/train_eval) 2.6/0.4/0.0/0.0s | 3.0s
2026-08-28 21:07:57 | Epoch 037/060 | loss 3.1240 | cls 1.6629 | tal -0.2111 | dual_g 1.5244 | dual_d 0.8002 | train_acc 0.8696 | train_full n/a | val_acc 0.5385 | val_f1 0.5798 | adv/moduleC 1.00/1.00 | disc_steps 1 | grad(main/disc) 8.754/1.463 | lr(main/disc) 2.25e-05/8.75e-06 | cuda_peak(alloc/resv) 21.77/28.18GB | phase(train/val/raw/train_eval) 2.6/0.4/0.4/0.0s | 3.4s
2026-08-28 21:08:00 | New best val_f1_macro_present: raw=0.5798 stable_score=0.5759 at epoch 37
2026-08-28 21:08:03 | Epoch 038/060 | loss 3.1682 | cls 1.6603 | tal -0.2522 | dual_g 1.5835 | dual_d 0.7603 | train_acc 0.9076 | train_full n/a | val_acc 0.5385 | val_f1 0.5798 | adv/moduleC 1.00/1.00 | disc_steps 1 | grad(main/disc) 8.130/1.435 | lr(main/disc) 2.25e-05/8.75e-06 | cuda_peak(alloc/resv) 21.77/28.18GB | phase(train/val/raw/train_eval) 2.5/0.4/0.0/0.0s | 3.0s
2026-08-28 21:08:06 | Epoch 039/060 | loss 3.1133 | cls 1.6539 | tal -0.2294 | dual_g 1.5282 | dual_d 0.8201 | train_acc 0.8696 | train_full n/a | val_acc 0.5769 | val_f1 0.6026 | adv/moduleC 1.00/1.00 | disc_steps 1 | grad(main/disc) 10.121/1.455 | lr(main/disc) 2.25e-05/8.75e-06 | cuda_peak(alloc/resv) 21.77/28.18GB | phase(train/val/raw/train_eval) 2.2/0.4/0.4/0.0s | 3.0s
2026-08-28 21:08:09 | New best val_f1_macro_present: raw=0.6026 stable_score=0.5798 at epoch 39
2026-08-28 21:08:12 | Epoch 040/060 | loss 3.1655 | cls 1.6508 | tal -0.2023 | dual_g 1.5754 | dual_d 0.8400 | train_acc 0.9130 | train_full 0.6875 | val_acc 0.5385 | val_f1 0.5823 | adv/moduleC 1.00/1.00 | disc_steps 1 | grad(main/disc) 10.546/1.575 | lr(main/disc) 2.25e-05/8.75e-06 | cuda_peak(alloc/resv) 21.77/28.18GB | phase(train/val/raw/train_eval) 2.1/0.4/0.4/0.6s | 3.6s
2026-08-28 21:08:15 | Epoch 041/060 | loss 3.0923 | cls 1.6345 | tal -0.2411 | dual_g 1.5302 | dual_d 0.8687 | train_acc 0.9130 | train_full n/a | val_acc 0.5769 | val_f1 0.6228 | adv/moduleC 1.00/1.00 | disc_steps 1 | grad(main/disc) 10.104/1.527 | lr(main/disc) 2.25e-05/8.75e-06 | cuda_peak(alloc/resv) 21.77/28.18GB | phase(train/val/raw/train_eval) 2.4/0.4/0.0/0.0s | 2.8s
2026-08-28 21:08:18 | Epoch 042/060 | loss 3.0493 | cls 1.6313 | tal -0.2368 | dual_g 1.4891 | dual_d 0.7819 | train_acc 0.9130 | train_full n/a | val_acc 0.5385 | val_f1 0.5728 | adv/moduleC 1.00/1.00 | disc_steps 1 | grad(main/disc) 9.906/1.416 | lr(main/disc) 2.25e-05/8.75e-06 | cuda_peak(alloc/resv) 21.77/28.18GB | phase(train/val/raw/train_eval) 2.2/0.4/0.0/0.0s | 2.6s
2026-08-28 21:08:20 | Epoch 043/060 | loss 3.0486 | cls 1.5990 | tal -0.2702 | dual_g 1.5307 | dual_d 0.7577 | train_acc 0.9185 | train_full n/a | val_acc 0.5000 | val_f1 0.5051 | adv/moduleC 1.00/1.00 | disc_steps 1 | grad(main/disc) 8.479/1.386 | lr(main/disc) 2.25e-05/8.75e-06 | cuda_peak(alloc/resv) 21.77/28.18GB | phase(train/val/raw/train_eval) 2.3/0.4/0.0/0.0s | 2.7s
2026-08-28 21:08:23 | Epoch 044/060 | loss 3.0259 | cls 1.6131 | tal -0.2099 | dual_g 1.4757 | dual_d 0.8374 | train_acc 0.9185 | train_full n/a | val_acc 0.5000 | val_f1 0.5058 | adv/moduleC 1.00/1.00 | disc_steps 1 | grad(main/disc) 8.962/1.501 | lr(main/disc) 2.25e-05/8.75e-06 | cuda_peak(alloc/resv) 21.77/28.18GB | phase(train/val/raw/train_eval) 2.5/0.4/0.0/0.0s | 2.9s
2026-08-28 21:08:27 | Epoch 045/060 | loss 2.9789 | cls 1.5895 | tal -0.2220 | dual_g 1.4560 | dual_d 0.8481 | train_acc 0.9402 | train_full 0.5833 | val_acc 0.4615 | val_f1 0.4687 | adv/moduleC 1.00/1.00 | disc_steps 1 | grad(main/disc) 7.421/1.526 | lr(main/disc) 2.25e-05/8.75e-06 | cuda_peak(alloc/resv) 21.77/28.18GB | phase(train/val/raw/train_eval) 2.6/0.4/0.4/0.6s | 4.0s
2026-08-28 21:08:30 | Epoch 046/060 | loss 3.1000 | cls 1.6595 | tal -0.1963 | dual_g 1.4994 | dual_d 0.8295 | train_acc 0.9239 | train_full n/a | val_acc 0.5385 | val_f1 0.5674 | adv/moduleC 1.00/1.00 | disc_steps 1 | grad(main/disc) 11.294/1.519 | lr(main/disc) 2.25e-05/8.75e-06 | cuda_peak(alloc/resv) 21.77/28.18GB | phase(train/val/raw/train_eval) 2.0/0.4/0.0/0.0s | 2.4s
2026-08-28 21:08:33 | Epoch 047/060 | loss 2.9595 | cls 1.5552 | tal -0.1558 | dual_g 1.4510 | dual_d 0.8275 | train_acc 0.9348 | train_full n/a | val_acc 0.5769 | val_f1 0.6035 | adv/moduleC 1.00/1.00 | disc_steps 1 | grad(main/disc) 8.949/1.492 | lr(main/disc) 2.25e-05/8.75e-06 | cuda_peak(alloc/resv) 21.77/28.18GB | phase(train/val/raw/train_eval) 2.6/0.4/0.0/0.0s | 3.0s
2026-08-28 21:08:36 | Epoch 048/060 | loss 2.9348 | cls 1.5821 | tal -0.1928 | dual_g 1.4105 | dual_d 0.7971 | train_acc 0.9348 | train_full n/a | val_acc 0.6154 | val_f1 0.6545 | adv/moduleC 1.00/1.00 | disc_steps 1 | grad(main/disc) 8.585/1.425 | lr(main/disc) 2.25e-05/8.75e-06 | cuda_peak(alloc/resv) 21.77/28.18GB | phase(train/val/raw/train_eval) 2.4/0.4/0.0/0.0s | 2.9s
2026-08-28 21:08:38 | Epoch 049/060 | loss 2.9585 | cls 1.5566 | tal -0.1813 | dual_g 1.4563 | dual_d 0.7910 | train_acc 0.9511 | train_full n/a | val_acc 0.6538 | val_f1 0.7037 | adv/moduleC 1.00/1.00 | disc_steps 1 | grad(main/disc) 8.173/1.449 | lr(main/disc) 2.25e-05/8.75e-06 | cuda_peak(alloc/resv) 21.77/28.18GB | phase(train/val/raw/train_eval) 2.2/0.4/0.0/0.0s | 2.6s
2026-08-28 21:08:42 | Epoch 050/060 | loss 3.0360 | cls 1.6135 | tal -0.1580 | dual_g 1.4700 | dual_d 0.7905 | train_acc 0.9239 | train_full 0.7396 | val_acc 0.6154 | val_f1 0.6545 | adv/moduleC 1.00/1.00 | disc_steps 1 | grad(main/disc) 9.659/1.489 | lr(main/disc) 2.25e-05/8.75e-06 | cuda_peak(alloc/resv) 21.77/28.18GB | phase(train/val/raw/train_eval) 2.4/0.4/0.4/0.6s | 3.9s
2026-08-28 21:08:45 | Epoch 051/060 | loss 2.9410 | cls 1.5560 | tal -0.1803 | dual_g 1.4390 | dual_d 0.7814 | train_acc 0.9674 | train_full n/a | val_acc 0.5385 | val_f1 0.5667 | adv/moduleC 1.00/1.00 | disc_steps 1 | grad(main/disc) 8.948/1.436 | lr(main/disc) 2.25e-05/8.75e-06 | cuda_peak(alloc/resv) 21.77/28.18GB | phase(train/val/raw/train_eval) 2.2/0.4/0.0/0.0s | 2.6s
2026-08-28 21:08:48 | Epoch 052/060 | loss 2.9014 | cls 1.5195 | tal -0.1910 | dual_g 1.4392 | dual_d 0.7901 | train_acc 0.9728 | train_full n/a | val_acc 0.5385 | val_f1 0.5655 | adv/moduleC 1.00/1.00 | disc_steps 1 | grad(main/disc) 8.770/1.475 | lr(main/disc) 2.25e-05/8.75e-06 | cuda_peak(alloc/resv) 21.77/28.18GB | phase(train/val/raw/train_eval) 2.6/0.4/0.0/0.0s | 3.0s
2026-08-28 21:08:50 | Epoch 053/060 | loss 2.9575 | cls 1.5959 | tal -0.1474 | dual_g 1.4058 | dual_d 0.8366 | train_acc 0.9022 | train_full n/a | val_acc 0.6154 | val_f1 0.6471 | adv/moduleC 1.00/1.00 | disc_steps 1 | grad(main/disc) 10.538/1.521 | lr(main/disc) 2.25e-05/8.75e-06 | cuda_peak(alloc/resv) 21.77/28.18GB | phase(train/val/raw/train_eval) 2.2/0.4/0.0/0.0s | 2.6s
2026-08-28 21:08:53 | Epoch 054/060 | loss 2.8323 | cls 1.4978 | tal -0.1344 | dual_g 1.3749 | dual_d 0.8496 | train_acc 0.9674 | train_full n/a | val_acc 0.5385 | val_f1 0.5667 | adv/moduleC 1.00/1.00 | disc_steps 1 | grad(main/disc) 10.719/1.464 | lr(main/disc) 2.25e-05/8.75e-06 | cuda_peak(alloc/resv) 21.77/28.18GB | phase(train/val/raw/train_eval) 2.2/0.4/0.0/0.0s | 2.6s
2026-08-28 21:08:53 | Early stopping at epoch 54 after 15 epochs without val_f1_macro_present improvement.
2026-08-28 21:08:53 | Training complete. Peak validation accuracy: 0.6538 | selected val_f1_macro_present: 0.6026
