2026-08-30 17:14:32 | Starting Dual_D standalone training
2026-08-30 17:14:32 | Run directory: runs/module_c_v11_ablation_60/module_c_20260830_155840/module_c_no_paired_contrastive_逆光_20260830_170041
2026-08-30 17:14:32 | Device: cuda
2026-08-30 17:14:32 | Source train samples: 992
2026-08-30 17:14:32 | Target train samples: 132
2026-08-30 17:14:32 | Target val samples: 37
2026-08-30 17:14:32 | Classes: 14
2026-08-30 17:14:32 | Data audit: same_dir=False | path_overlap(vis/ir/ais)=0/0/0 | content_overlap(vis/ir/ais)=0/0/0 | ais_index_overlap=0 | stem_mismatch(vis-ir/vis-ais)=157/0
2026-08-30 17:14:32 | source_train classes: present 14/14 | absent 0 | counts [0:120, 1:44, 2:69, 3:45, 4:40, 5:30, 6:64, 7:80, 8:116, 9:68, 10:57, 11:83, 12:48, 13:128]
2026-08-30 17:14:32 | target_train classes: present 9/14 | absent 5 | counts [0:20, 2:12, 4:12, 5:2, 9:16, 10:16, 11:29, 12:4, 13:21]
2026-08-30 17:14:32 | target_val classes: present 9/14 | absent 5 | counts [0:6, 2:3, 4:4, 5:1, 9:4, 10:4, 11:8, 12:1, 13:6]
2026-08-30 17:14:32 | Paired training classes: 9/14 | class ids [0, 2, 4, 5, 9, 10, 11, 12, 13]
2026-08-30 17:14:32 | Runtime profile: batch=16 | paired_steps=9 | workers=16 | train_eval_every=5 | raw_eval_every=5 | stability_window=3 | lr_scheduler_start=24 | early_stop=12 after min_epoch=35
2026-08-30 17:14:32 | Augmentation profile: base=0.650 | visible=0.700 | infrared=0.400 | freeze_frozen_batch_norm_stats=True
2026-08-30 17:14:32 | VIS/IR pairing: class-level-unpaired | count-mismatch classes train/val: 10/1 | AIS alignment: none | AIS rows train/val: 0/0
2026-08-30 17:14:33 | Effective Dual-D loss weights: {"adv_auxiliary": 0.025, "adv_primary": 0.025, "classification": 0.15, "contrastive": 0.0, "cycle": 0.12, "identity": 0.03, "prototype_contrastive": 0.06}
2026-08-30 17:14:33 | Model parameters: total=17277714 | trainable=17120210
2026-08-30 17:14:36 | Epoch 001/060 | loss 5.5505 | cls 5.5506 | tal -0.0003 | dual_g 0.0000 | dual_d 0.0000 | train_acc 0.0764 | train_full 0.0985 | val_acc 0.2162 | val_f1 0.0753 | adv/moduleC 0.00/0.00 | disc_steps 0 | grad(main/disc) 28.447/0.000 | lr(main/disc) 7.00e-05/2.75e-05 | cuda_peak(alloc/resv) 4.09/5.12GB | phase(train/val/raw/train_eval) 1.4/0.4/0.4/0.5s | 2.8s
2026-08-30 17:14:37 | Epoch 002/060 | loss 4.5969 | cls 4.5876 | tal 0.0308 | dual_g 0.0000 | dual_d 0.0000 | train_acc 0.1667 | train_full n/a | val_acc 0.2703 | val_f1 0.1636 | adv/moduleC 0.00/0.00 | disc_steps 0 | grad(main/disc) 24.939/0.000 | lr(main/disc) 7.00e-05/2.75e-05 | cuda_peak(alloc/resv) 4.09/5.12GB | phase(train/val/raw/train_eval) 1.1/0.5/0.0/0.0s | 1.6s
2026-08-30 17:14:39 | Epoch 003/060 | loss 4.0881 | cls 4.0682 | tal 0.0662 | dual_g 0.0000 | dual_d 0.0000 | train_acc 0.2639 | train_full n/a | val_acc 0.5135 | val_f1 0.4902 | adv/moduleC 0.00/0.00 | disc_steps 0 | grad(main/disc) 22.707/0.000 | lr(main/disc) 7.00e-05/2.75e-05 | cuda_peak(alloc/resv) 4.09/5.12GB | phase(train/val/raw/train_eval) 1.2/0.4/0.4/0.0s | 2.1s
2026-08-30 17:14:41 | New best val_f1_macro_present: raw=0.4902 stable_score=0.0753 at epoch 3
2026-08-30 17:14:43 | Epoch 004/060 | loss 3.8176 | cls 3.8090 | tal 0.0288 | dual_g 0.0000 | dual_d 0.0000 | train_acc 0.3333 | train_full n/a | val_acc 0.6486 | val_f1 0.6073 | adv/moduleC 0.00/0.00 | disc_steps 0 | grad(main/disc) 21.317/0.000 | lr(main/disc) 7.00e-05/2.75e-05 | cuda_peak(alloc/resv) 4.09/5.12GB | phase(train/val/raw/train_eval) 1.1/0.4/0.4/0.0s | 2.0s
2026-08-30 17:14:46 | New best val_f1_macro_present: raw=0.6073 stable_score=0.1636 at epoch 4
2026-08-30 17:14:48 | Epoch 005/060 | loss 3.7051 | cls 3.6339 | tal -0.0292 | dual_g 0.0800 | dual_d 0.0000 | train_acc 0.3681 | train_full 0.6591 | val_acc 0.6216 | val_f1 0.6323 | adv/moduleC 0.00/0.10 | disc_steps 0 | grad(main/disc) 20.849/0.000 | lr(main/disc) 7.00e-05/2.75e-05 | cuda_peak(alloc/resv) 4.09/5.12GB | phase(train/val/raw/train_eval) 1.2/0.4/0.4/0.5s | 2.5s
2026-08-30 17:14:50 | New best val_f1_macro_present: raw=0.6323 stable_score=0.4902 at epoch 5
2026-08-30 17:14:52 | Epoch 006/060 | loss 3.4112 | cls 3.2862 | tal -0.0947 | dual_g 0.1534 | dual_d 0.0000 | train_acc 0.4583 | train_full n/a | val_acc 0.8108 | val_f1 0.8424 | adv/moduleC 0.00/0.20 | disc_steps 0 | grad(main/disc) 20.139/0.000 | lr(main/disc) 7.00e-05/2.75e-05 | cuda_peak(alloc/resv) 4.09/5.12GB | phase(train/val/raw/train_eval) 1.1/0.4/0.4/0.0s | 2.0s
2026-08-30 17:14:55 | New best val_f1_macro_present: raw=0.8424 stable_score=0.6073 at epoch 6
2026-08-30 17:14:56 | Epoch 007/060 | loss 3.3294 | cls 3.1278 | tal -0.0814 | dual_g 0.2260 | dual_d 0.9513 | train_acc 0.4861 | train_full n/a | val_acc 0.8649 | val_f1 0.8739 | adv/moduleC 0.07/0.30 | disc_steps 4 | grad(main/disc) 19.653/2.361 | lr(main/disc) 7.00e-05/2.75e-05 | cuda_peak(alloc/resv) 4.09/5.12GB | phase(train/val/raw/train_eval) 1.1/0.4/0.4/0.0s | 1.9s
2026-08-30 17:14:59 | New best val_f1_macro_present: raw=0.8739 stable_score=0.6323 at epoch 7
2026-08-30 17:15:01 | Epoch 008/060 | loss 3.3184 | cls 3.0604 | tal -0.0870 | dual_g 0.2841 | dual_d 0.8686 | train_acc 0.5000 | train_full n/a | val_acc 0.9459 | val_f1 0.9596 | adv/moduleC 0.14/0.40 | disc_steps 4 | grad(main/disc) 20.148/2.306 | lr(main/disc) 7.00e-05/2.75e-05 | cuda_peak(alloc/resv) 4.09/5.12GB | phase(train/val/raw/train_eval) 1.2/0.4/0.4/0.0s | 2.1s
2026-08-30 17:15:03 | New best val_f1_macro_present: raw=0.9596 stable_score=0.8424 at epoch 8
2026-08-30 17:15:05 | Epoch 009/060 | loss 3.1922 | cls 2.8690 | tal -0.0672 | dual_g 0.3433 | dual_d 0.8256 | train_acc 0.5764 | train_full n/a | val_acc 0.9459 | val_f1 0.9458 | adv/moduleC 0.21/0.50 | disc_steps 4 | grad(main/disc) 19.886/2.181 | lr(main/disc) 7.00e-05/2.75e-05 | cuda_peak(alloc/resv) 4.09/5.12GB | phase(train/val/raw/train_eval) 1.1/0.4/0.4/0.0s | 1.9s
2026-08-30 17:15:07 | New best val_f1_macro_present: raw=0.9458 stable_score=0.8739 at epoch 9
2026-08-30 17:15:10 | Epoch 010/060 | loss 3.1212 | cls 2.7501 | tal -0.0661 | dual_g 0.3910 | dual_d 0.8445 | train_acc 0.5347 | train_full 0.8258 | val_acc 0.7838 | val_f1 0.7893 | adv/moduleC 0.29/0.60 | disc_steps 4 | grad(main/disc) 19.557/2.109 | lr(main/disc) 7.00e-05/2.75e-05 | cuda_peak(alloc/resv) 4.09/5.12GB | phase(train/val/raw/train_eval) 1.1/0.4/0.5/0.6s | 2.5s
2026-08-30 17:15:11 | Epoch 011/060 | loss 3.0607 | cls 2.6419 | tal -0.0330 | dual_g 0.4287 | dual_d 0.8304 | train_acc 0.5972 | train_full n/a | val_acc 0.8378 | val_f1 0.8485 | adv/moduleC 0.36/0.70 | disc_steps 4 | grad(main/disc) 20.571/2.131 | lr(main/disc) 7.00e-05/2.75e-05 | cuda_peak(alloc/resv) 4.09/5.12GB | phase(train/val/raw/train_eval) 1.0/0.4/0.0/0.0s | 1.5s
2026-08-30 17:15:13 | Epoch 012/060 | loss 2.9412 | cls 2.4943 | tal -0.1081 | dual_g 0.4793 | dual_d 0.7862 | train_acc 0.6319 | train_full n/a | val_acc 0.8649 | val_f1 0.8770 | adv/moduleC 0.43/0.80 | disc_steps 4 | grad(main/disc) 19.665/2.012 | lr(main/disc) 7.00e-05/2.75e-05 | cuda_peak(alloc/resv) 4.09/5.12GB | phase(train/val/raw/train_eval) 1.2/0.4/0.0/0.0s | 1.6s
2026-08-30 17:15:14 | Epoch 013/060 | loss 2.8189 | cls 2.3111 | tal -0.0346 | dual_g 0.5182 | dual_d 0.7683 | train_acc 0.6944 | train_full n/a | val_acc 0.8919 | val_f1 0.9167 | adv/moduleC 0.50/0.90 | disc_steps 4 | grad(main/disc) 18.695/1.906 | lr(main/disc) 7.00e-05/2.75e-05 | cuda_peak(alloc/resv) 4.09/5.12GB | phase(train/val/raw/train_eval) 1.1/0.4/0.0/0.0s | 1.5s
2026-08-30 17:15:16 | Epoch 014/060 | loss 2.7213 | cls 2.1623 | tal -0.0688 | dual_g 0.5797 | dual_d 0.8099 | train_acc 0.7292 | train_full n/a | val_acc 0.9459 | val_f1 0.9556 | adv/moduleC 0.57/1.00 | disc_steps 4 | grad(main/disc) 17.519/2.049 | lr(main/disc) 7.00e-05/2.75e-05 | cuda_peak(alloc/resv) 4.09/5.12GB | phase(train/val/raw/train_eval) 1.2/0.4/0.5/0.0s | 2.1s
2026-08-30 17:15:18 | New best val_f1_macro_present: raw=0.9556 stable_score=0.8770 at epoch 14
2026-08-30 17:15:21 | Epoch 015/060 | loss 2.8400 | cls 2.3186 | tal -0.0794 | dual_g 0.5452 | dual_d 0.7402 | train_acc 0.6806 | train_full 0.9470 | val_acc 0.9730 | val_f1 0.9776 | adv/moduleC 0.64/1.00 | disc_steps 4 | grad(main/disc) 18.729/1.933 | lr(main/disc) 7.00e-05/2.75e-05 | cuda_peak(alloc/resv) 4.09/5.12GB | phase(train/val/raw/train_eval) 1.0/0.4/0.4/0.5s | 2.4s
2026-08-30 17:15:23 | New best val_f1_macro_present: raw=0.9776 stable_score=0.9167 at epoch 15
2026-08-30 17:15:25 | Epoch 016/060 | loss 2.5962 | cls 2.1265 | tal -0.1055 | dual_g 0.5013 | dual_d 0.7740 | train_acc 0.6806 | train_full n/a | val_acc 0.9730 | val_f1 0.9776 | adv/moduleC 0.71/1.00 | disc_steps 4 | grad(main/disc) 17.096/2.005 | lr(main/disc) 7.00e-05/2.75e-05 | cuda_peak(alloc/resv) 4.09/5.12GB | phase(train/val/raw/train_eval) 1.1/0.4/0.4/0.0s | 1.9s
2026-08-30 17:15:27 | New best val_f1_macro_present: raw=0.9776 stable_score=0.9556 at epoch 16
2026-08-30 17:15:29 | Epoch 017/060 | loss 2.4331 | cls 1.9333 | tal -0.0829 | dual_g 0.5246 | dual_d 0.7965 | train_acc 0.8333 | train_full n/a | val_acc 0.9189 | val_f1 0.9396 | adv/moduleC 0.79/1.00 | disc_steps 4 | grad(main/disc) 16.297/1.961 | lr(main/disc) 7.00e-05/2.75e-05 | cuda_peak(alloc/resv) 4.09/5.12GB | phase(train/val/raw/train_eval) 1.3/0.4/0.0/0.0s | 1.7s
2026-08-30 17:15:30 | Epoch 018/060 | loss 2.5023 | cls 2.0229 | tal -0.0944 | dual_g 0.5077 | dual_d 0.7645 | train_acc 0.7708 | train_full n/a | val_acc 0.9459 | val_f1 0.9556 | adv/moduleC 0.86/1.00 | disc_steps 4 | grad(main/disc) 17.759/1.983 | lr(main/disc) 7.00e-05/2.75e-05 | cuda_peak(alloc/resv) 4.09/5.12GB | phase(train/val/raw/train_eval) 1.1/0.4/0.0/0.0s | 1.5s
2026-08-30 17:15:32 | Epoch 019/060 | loss 2.2186 | cls 1.7591 | tal -0.1003 | dual_g 0.4896 | dual_d 0.8436 | train_acc 0.8403 | train_full n/a | val_acc 0.9459 | val_f1 0.9616 | adv/moduleC 0.93/1.00 | disc_steps 4 | grad(main/disc) 15.108/1.991 | lr(main/disc) 7.00e-05/2.75e-05 | cuda_peak(alloc/resv) 4.09/5.12GB | phase(train/val/raw/train_eval) 1.4/0.4/0.0/0.0s | 1.8s
2026-08-30 17:15:35 | Epoch 020/060 | loss 2.3904 | cls 1.9257 | tal -0.1415 | dual_g 0.5071 | dual_d 0.8262 | train_acc 0.7986 | train_full 0.9848 | val_acc 0.9459 | val_f1 0.9616 | adv/moduleC 1.00/1.00 | disc_steps 4 | grad(main/disc) 17.688/2.026 | lr(main/disc) 7.00e-05/2.75e-05 | cuda_peak(alloc/resv) 4.09/5.12GB | phase(train/val/raw/train_eval) 1.1/0.4/0.4/0.5s | 2.5s
2026-08-30 17:15:37 | Epoch 021/060 | loss 2.3355 | cls 1.8707 | tal -0.1222 | dual_g 0.5014 | dual_d 0.8647 | train_acc 0.8056 | train_full n/a | val_acc 0.9730 | val_f1 0.9802 | adv/moduleC 1.00/1.00 | disc_steps 4 | grad(main/disc) 17.791/2.141 | lr(main/disc) 7.00e-05/2.75e-05 | cuda_peak(alloc/resv) 4.09/5.12GB | phase(train/val/raw/train_eval) 1.2/0.4/0.4/0.0s | 2.0s
2026-08-30 17:15:39 | New best val_f1_macro_present: raw=0.9802 stable_score=0.9616 at epoch 21
2026-08-30 17:15:40 | Epoch 022/060 | loss 2.2664 | cls 1.8402 | tal -0.1377 | dual_g 0.4675 | dual_d 0.8655 | train_acc 0.8264 | train_full n/a | val_acc 0.9730 | val_f1 0.9802 | adv/moduleC 1.00/1.00 | disc_steps 4 | grad(main/disc) 18.094/2.011 | lr(main/disc) 7.00e-05/2.75e-05 | cuda_peak(alloc/resv) 4.09/5.12GB | phase(train/val/raw/train_eval) 0.9/0.4/0.0/0.0s | 1.3s
2026-08-30 17:15:42 | Epoch 023/060 | loss 2.1430 | cls 1.7145 | tal -0.1170 | dual_g 0.4635 | dual_d 0.8734 | train_acc 0.8542 | train_full n/a | val_acc 0.9459 | val_f1 0.9616 | adv/moduleC 1.00/1.00 | disc_steps 4 | grad(main/disc) 15.514/2.005 | lr(main/disc) 7.00e-05/2.75e-05 | cuda_peak(alloc/resv) 4.09/5.12GB | phase(train/val/raw/train_eval) 1.1/0.4/0.0/0.0s | 1.6s
2026-08-30 17:15:43 | Epoch 024/060 | loss 2.0966 | cls 1.6882 | tal -0.1076 | dual_g 0.4407 | dual_d 0.8917 | train_acc 0.8056 | train_full n/a | val_acc 0.9730 | val_f1 0.9776 | adv/moduleC 1.00/1.00 | disc_steps 4 | grad(main/disc) 14.648/2.083 | lr(main/disc) 7.00e-05/2.75e-05 | cuda_peak(alloc/resv) 4.09/5.12GB | phase(train/val/raw/train_eval) 1.3/0.4/0.0/0.0s | 1.7s
2026-08-30 17:15:46 | Epoch 025/060 | loss 2.0738 | cls 1.6796 | tal -0.1792 | dual_g 0.4480 | dual_d 0.8519 | train_acc 0.8333 | train_full 0.9773 | val_acc 0.9459 | val_f1 0.9616 | adv/moduleC 1.00/1.00 | disc_steps 4 | grad(main/disc) 15.640/1.928 | lr(main/disc) 7.00e-05/2.75e-05 | cuda_peak(alloc/resv) 4.09/5.12GB | phase(train/val/raw/train_eval) 1.2/0.4/0.4/0.5s | 2.5s
2026-08-30 17:15:48 | Epoch 026/060 | loss 1.8916 | cls 1.4922 | tal -0.1257 | dual_g 0.4372 | dual_d 0.8195 | train_acc 0.8819 | train_full n/a | val_acc 1.0000 | val_f1 1.0000 | adv/moduleC 1.00/1.00 | disc_steps 4 | grad(main/disc) 13.113/1.866 | lr(main/disc) 7.00e-05/2.75e-05 | cuda_peak(alloc/resv) 4.09/5.12GB | phase(train/val/raw/train_eval) 1.1/0.4/0.0/0.0s | 1.6s
2026-08-30 17:15:49 | Epoch 027/060 | loss 1.9810 | cls 1.6104 | tal -0.1843 | dual_g 0.4259 | dual_d 0.8825 | train_acc 0.8889 | train_full n/a | val_acc 0.9730 | val_f1 0.9840 | adv/moduleC 1.00/1.00 | disc_steps 4 | grad(main/disc) 13.858/1.961 | lr(main/disc) 7.00e-05/2.75e-05 | cuda_peak(alloc/resv) 4.09/5.12GB | phase(train/val/raw/train_eval) 1.1/0.4/0.0/0.0s | 1.5s
2026-08-30 17:15:51 | Epoch 028/060 | loss 2.1262 | cls 1.7321 | tal -0.1958 | dual_g 0.4529 | dual_d 0.8965 | train_acc 0.8750 | train_full n/a | val_acc 1.0000 | val_f1 1.0000 | adv/moduleC 1.00/1.00 | disc_steps 4 | grad(main/disc) 17.442/1.998 | lr(main/disc) 7.00e-05/2.75e-05 | cuda_peak(alloc/resv) 4.09/5.12GB | phase(train/val/raw/train_eval) 1.2/0.4/0.5/0.0s | 2.1s
2026-08-30 17:15:53 | New best val_f1_macro_present: raw=1.0000 stable_score=0.9840 at epoch 28
2026-08-30 17:15:55 | Epoch 029/060 | loss 1.8897 | cls 1.5196 | tal -0.1800 | dual_g 0.4241 | dual_d 0.8878 | train_acc 0.9167 | train_full n/a | val_acc 0.9459 | val_f1 0.9558 | adv/moduleC 1.00/1.00 | disc_steps 4 | grad(main/disc) 15.191/1.972 | lr(main/disc) 7.00e-05/2.75e-05 | cuda_peak(alloc/resv) 4.09/5.12GB | phase(train/val/raw/train_eval) 1.0/0.4/0.0/0.0s | 1.4s
2026-08-30 17:15:57 | Epoch 030/060 | loss 1.8966 | cls 1.5414 | tal -0.1716 | dual_g 0.4067 | dual_d 0.8589 | train_acc 0.8542 | train_full 0.9924 | val_acc 0.9730 | val_f1 0.9776 | adv/moduleC 1.00/1.00 | disc_steps 4 | grad(main/disc) 14.310/1.973 | lr(main/disc) 7.00e-05/2.75e-05 | cuda_peak(alloc/resv) 4.09/5.12GB | phase(train/val/raw/train_eval) 1.1/0.4/0.4/0.5s | 2.5s
2026-08-30 17:15:59 | Epoch 031/060 | loss 1.9201 | cls 1.5589 | tal -0.1691 | dual_g 0.4119 | dual_d 0.9240 | train_acc 0.9375 | train_full n/a | val_acc 0.9730 | val_f1 0.9776 | adv/moduleC 1.00/1.00 | disc_steps 4 | grad(main/disc) 12.869/2.029 | lr(main/disc) 7.00e-05/2.75e-05 | cuda_peak(alloc/resv) 4.09/5.12GB | phase(train/val/raw/train_eval) 1.1/0.4/0.0/0.0s | 1.5s
2026-08-30 17:16:00 | Epoch 032/060 | loss 1.7821 | cls 1.4136 | tal -0.1440 | dual_g 0.4118 | dual_d 0.8791 | train_acc 0.9514 | train_full n/a | val_acc 1.0000 | val_f1 1.0000 | adv/moduleC 1.00/1.00 | disc_steps 4 | grad(main/disc) 11.074/1.988 | lr(main/disc) 7.00e-05/2.75e-05 | cuda_peak(alloc/resv) 4.09/5.12GB | phase(train/val/raw/train_eval) 1.2/0.4/0.0/0.0s | 1.7s
2026-08-30 17:16:02 | Epoch 033/060 | loss 1.8060 | cls 1.4602 | tal -0.1855 | dual_g 0.4015 | dual_d 0.8370 | train_acc 0.9444 | train_full n/a | val_acc 1.0000 | val_f1 1.0000 | adv/moduleC 1.00/1.00 | disc_steps 4 | grad(main/disc) 12.236/1.990 | lr(main/disc) 7.00e-05/2.75e-05 | cuda_peak(alloc/resv) 4.09/5.12GB | phase(train/val/raw/train_eval) 1.1/0.4/0.0/0.0s | 1.5s
2026-08-30 17:16:04 | Epoch 034/060 | loss 1.8105 | cls 1.4630 | tal -0.1586 | dual_g 0.3951 | dual_d 0.9034 | train_acc 0.9514 | train_full n/a | val_acc 1.0000 | val_f1 1.0000 | adv/moduleC 1.00/1.00 | disc_steps 4 | grad(main/disc) 11.648/1.984 | lr(main/disc) 7.00e-05/2.75e-05 | cuda_peak(alloc/resv) 4.09/5.12GB | phase(train/val/raw/train_eval) 1.0/0.4/0.4/0.0s | 1.9s
2026-08-30 17:16:06 | New best val_f1_macro_present: raw=1.0000 stable_score=1.0000 at epoch 34
2026-08-30 17:16:08 | Epoch 035/060 | loss 1.8009 | cls 1.4478 | tal -0.1459 | dual_g 0.3969 | dual_d 0.9997 | train_acc 0.9792 | train_full 1.0000 | val_acc 1.0000 | val_f1 1.0000 | adv/moduleC 1.00/1.00 | disc_steps 4 | grad(main/disc) 13.041/2.138 | lr(main/disc) 3.50e-05/1.38e-05 | cuda_peak(alloc/resv) 4.09/5.12GB | phase(train/val/raw/train_eval) 1.0/0.4/0.4/0.5s | 2.4s
2026-08-30 17:16:10 | Epoch 036/060 | loss 1.7798 | cls 1.4253 | tal -0.0898 | dual_g 0.3814 | dual_d 0.8707 | train_acc 0.9444 | train_full n/a | val_acc 1.0000 | val_f1 1.0000 | adv/moduleC 1.00/1.00 | disc_steps 4 | grad(main/disc) 11.299/1.895 | lr(main/disc) 3.50e-05/1.38e-05 | cuda_peak(alloc/resv) 4.09/5.12GB | phase(train/val/raw/train_eval) 1.0/0.4/0.0/0.0s | 1.5s
2026-08-30 17:16:11 | Epoch 037/060 | loss 1.7634 | cls 1.4136 | tal -0.1388 | dual_g 0.3914 | dual_d 0.9582 | train_acc 0.9653 | train_full n/a | val_acc 1.0000 | val_f1 1.0000 | adv/moduleC 1.00/1.00 | disc_steps 4 | grad(main/disc) 12.023/2.091 | lr(main/disc) 3.50e-05/1.38e-05 | cuda_peak(alloc/resv) 4.09/5.12GB | phase(train/val/raw/train_eval) 1.0/0.4/0.0/0.0s | 1.4s
2026-08-30 17:16:13 | Epoch 038/060 | loss 1.6246 | cls 1.2967 | tal -0.1681 | dual_g 0.3784 | dual_d 0.8851 | train_acc 0.9653 | train_full n/a | val_acc 1.0000 | val_f1 1.0000 | adv/moduleC 1.00/1.00 | disc_steps 4 | grad(main/disc) 9.128/1.932 | lr(main/disc) 3.50e-05/1.38e-05 | cuda_peak(alloc/resv) 4.09/5.12GB | phase(train/val/raw/train_eval) 1.2/0.4/0.0/0.0s | 1.6s
2026-08-30 17:16:15 | Epoch 039/060 | loss 1.5963 | cls 1.3017 | tal -0.2193 | dual_g 0.3604 | dual_d 0.9578 | train_acc 0.9792 | train_full n/a | val_acc 1.0000 | val_f1 1.0000 | adv/moduleC 1.00/1.00 | disc_steps 4 | grad(main/disc) 8.734/1.901 | lr(main/disc) 3.50e-05/1.38e-05 | cuda_peak(alloc/resv) 4.09/5.12GB | phase(train/val/raw/train_eval) 1.3/0.4/0.0/0.0s | 1.7s
2026-08-30 17:16:17 | Epoch 040/060 | loss 1.7022 | cls 1.3693 | tal -0.1166 | dual_g 0.3679 | dual_d 0.9455 | train_acc 0.9514 | train_full 0.9924 | val_acc 1.0000 | val_f1 1.0000 | adv/moduleC 1.00/1.00 | disc_steps 4 | grad(main/disc) 11.505/1.999 | lr(main/disc) 3.50e-05/1.38e-05 | cuda_peak(alloc/resv) 4.09/5.12GB | phase(train/val/raw/train_eval) 1.0/0.4/0.4/0.5s | 2.4s
2026-08-30 17:16:19 | Epoch 041/060 | loss 1.6778 | cls 1.3606 | tal -0.1544 | dual_g 0.3635 | dual_d 1.0113 | train_acc 0.9375 | train_full n/a | val_acc 1.0000 | val_f1 1.0000 | adv/moduleC 1.00/1.00 | disc_steps 4 | grad(main/disc) 9.808/2.083 | lr(main/disc) 3.50e-05/1.38e-05 | cuda_peak(alloc/resv) 4.09/5.12GB | phase(train/val/raw/train_eval) 1.1/0.4/0.0/0.0s | 1.6s
2026-08-30 17:16:20 | Epoch 042/060 | loss 1.5907 | cls 1.2765 | tal -0.1571 | dual_g 0.3613 | dual_d 0.9423 | train_acc 0.9653 | train_full n/a | val_acc 1.0000 | val_f1 1.0000 | adv/moduleC 1.00/1.00 | disc_steps 4 | grad(main/disc) 9.189/1.940 | lr(main/disc) 3.50e-05/1.38e-05 | cuda_peak(alloc/resv) 4.09/5.12GB | phase(train/val/raw/train_eval) 1.2/0.4/0.0/0.0s | 1.7s
2026-08-30 17:16:22 | Epoch 043/060 | loss 1.6731 | cls 1.3428 | tal -0.1118 | dual_g 0.3638 | dual_d 0.9410 | train_acc 0.9444 | train_full n/a | val_acc 1.0000 | val_f1 1.0000 | adv/moduleC 1.00/1.00 | disc_steps 4 | grad(main/disc) 10.554/1.976 | lr(main/disc) 3.50e-05/1.38e-05 | cuda_peak(alloc/resv) 4.09/5.12GB | phase(train/val/raw/train_eval) 1.0/0.4/0.0/0.0s | 1.5s
2026-08-30 17:16:23 | Epoch 044/060 | loss 1.5853 | cls 1.2701 | tal -0.1689 | dual_g 0.3658 | dual_d 0.9483 | train_acc 0.9653 | train_full n/a | val_acc 1.0000 | val_f1 1.0000 | adv/moduleC 1.00/1.00 | disc_steps 4 | grad(main/disc) 9.049/1.997 | lr(main/disc) 1.75e-05/6.88e-06 | cuda_peak(alloc/resv) 4.09/5.12GB | phase(train/val/raw/train_eval) 1.2/0.4/0.0/0.0s | 1.7s
2026-08-30 17:16:26 | Epoch 045/060 | loss 1.5793 | cls 1.2841 | tal -0.1642 | dual_g 0.3445 | dual_d 0.9881 | train_acc 0.9653 | train_full 1.0000 | val_acc 1.0000 | val_f1 1.0000 | adv/moduleC 1.00/1.00 | disc_steps 4 | grad(main/disc) 8.349/2.002 | lr(main/disc) 1.75e-05/6.88e-06 | cuda_peak(alloc/resv) 4.09/5.12GB | phase(train/val/raw/train_eval) 1.1/0.4/0.4/0.5s | 2.4s
2026-08-30 17:16:27 | Epoch 046/060 | loss 1.5302 | cls 1.2281 | tal -0.1413 | dual_g 0.3444 | dual_d 0.9671 | train_acc 0.9792 | train_full n/a | val_acc 1.0000 | val_f1 1.0000 | adv/moduleC 1.00/1.00 | disc_steps 4 | grad(main/disc) 6.760/1.977 | lr(main/disc) 1.75e-05/6.88e-06 | cuda_peak(alloc/resv) 4.09/5.12GB | phase(train/val/raw/train_eval) 1.0/0.4/0.0/0.0s | 1.4s
2026-08-30 17:16:27 | Early stopping at epoch 46 after 12 epochs without val_f1_macro_present improvement.
2026-08-30 17:16:27 | Training complete. Peak validation accuracy: 1.0000 | selected val_f1_macro_present: 1.0000
