2026-08-29 16:20:18 | Starting Dual_D standalone training
2026-08-29 16:20:18 | Run directory: runs/module_c_ablation_60_v7/module_c_20260829_145907/module_c_no_identity_黑天_20260829_162018
2026-08-29 16:20:18 | Device: cuda
2026-08-29 16:20:18 | Source train samples: 992
2026-08-29 16:20:18 | Target train samples: 465
2026-08-29 16:20:18 | Target val samples: 120
2026-08-29 16:20:18 | Classes: 14
2026-08-29 16:20:18 | Data audit: same_dir=False | path_overlap(vis/ir/ais)=0/0/0 | content_overlap(vis/ir/ais)=0/0/0 | ais_index_overlap=0 | stem_mismatch(vis-ir/vis-ais)=578/0
2026-08-29 16:20:18 | source_train classes: present 14/14 | absent 0 | counts [0:120, 1:44, 2:69, 3:45, 4:40, 5:30, 6:64, 7:80, 8:116, 9:68, 10:57, 11:83, 12:48, 13:128]
2026-08-29 16:20:18 | target_train classes: present 8/14 | absent 6 | counts [0:100, 2:11, 3:16, 6:89, 9:162, 10:12, 11:44, 13:31]
2026-08-29 16:20:18 | target_val classes: present 8/14 | absent 6 | counts [0:26, 2:3, 3:5, 6:23, 9:41, 10:3, 11:11, 13:8]
2026-08-29 16:20:18 | Paired training classes: 8/14 | class ids [0, 2, 3, 6, 9, 10, 11, 13]
2026-08-29 16:20:18 | Runtime profile: batch=92 | paired_steps=6 | workers=16 | train_eval_every=5 | raw_eval_every=5 | stability_window=1 | lr_scheduler_start=24 | early_stop=15 after min_epoch=48
2026-08-29 16:20:18 | VIS/IR pairing: class-level-unpaired | count-mismatch classes train/val: 10/0 | AIS alignment: none | AIS rows train/val: 0/0
2026-08-29 16:20:19 | Effective Dual-D loss weights: {"adv_auxiliary": 0.03, "adv_primary": 0.03, "classification": 0.6, "contrastive": 0.05, "cycle": 0.22, "identity": 0.0, "prototype_contrastive": 0.025}
2026-08-29 16:20:19 | Model parameters: total=17277714 | trainable=17120210
2026-08-29 16:20:26 | Epoch 001/060 | loss 5.5814 | cls 5.5275 | tal 0.1797 | dual_g 0.0000 | dual_d 0.0000 | train_acc 0.0906 | train_full 0.0989 | val_acc 0.0667 | val_f1 0.0288 | adv/moduleC 0.00/0.00 | disc_steps 0 | grad(main/disc) 16.325/0.000 | lr(main/disc) 7.50e-05/3.00e-05 | cuda_peak(alloc/resv) 21.78/28.18GB | phase(train/val/raw/train_eval) 4.6/0.6/0.6/0.8s | 6.5s
2026-08-29 16:20:29 | New best val_f1_macro_present: raw=0.0288 stable_score=0.0288 at epoch 1
2026-08-29 16:20:33 | Epoch 002/060 | loss 4.4662 | cls 4.4389 | tal 0.0908 | dual_g 0.0000 | dual_d 0.0000 | train_acc 0.2264 | train_full n/a | val_acc 0.2167 | val_f1 0.1521 | adv/moduleC 0.00/0.00 | disc_steps 0 | grad(main/disc) 12.575/0.000 | lr(main/disc) 7.50e-05/3.00e-05 | cuda_peak(alloc/resv) 21.78/28.18GB | phase(train/val/raw/train_eval) 3.2/0.6/0.6/0.0s | 4.4s
2026-08-29 16:20:36 | New best val_f1_macro_present: raw=0.1521 stable_score=0.1521 at epoch 2
2026-08-29 16:20:40 | Epoch 003/060 | loss 3.6377 | cls 3.6321 | tal 0.0184 | dual_g 0.0000 | dual_d 0.0000 | train_acc 0.3406 | train_full n/a | val_acc 0.1833 | val_f1 0.1275 | adv/moduleC 0.00/0.00 | disc_steps 0 | grad(main/disc) 10.828/0.000 | lr(main/disc) 7.50e-05/3.00e-05 | cuda_peak(alloc/resv) 21.78/28.18GB | phase(train/val/raw/train_eval) 3.4/0.6/0.0/0.0s | 4.0s
2026-08-29 16:20:44 | Epoch 004/060 | loss 3.5397 | cls 3.2342 | tal -0.0010 | dual_g 0.3058 | dual_d 0.0000 | train_acc 0.5054 | train_full n/a | val_acc 0.2250 | val_f1 0.1539 | adv/moduleC 0.00/0.12 | disc_steps 0 | grad(main/disc) 10.226/0.000 | lr(main/disc) 7.50e-05/3.00e-05 | cuda_peak(alloc/resv) 21.78/28.18GB | phase(train/val/raw/train_eval) 3.4/0.6/0.6/0.0s | 4.6s
2026-08-29 16:20:47 | New best val_f1_macro_present: raw=0.1539 stable_score=0.1539 at epoch 4
2026-08-29 16:20:52 | Epoch 005/060 | loss 3.4375 | cls 2.9070 | tal -0.0614 | dual_g 0.5489 | dual_d 0.0000 | train_acc 0.5670 | train_full 0.3011 | val_acc 0.2833 | val_f1 0.2556 | adv/moduleC 0.00/0.25 | disc_steps 0 | grad(main/disc) 9.949/0.000 | lr(main/disc) 7.50e-05/3.00e-05 | cuda_peak(alloc/resv) 21.78/28.18GB | phase(train/val/raw/train_eval) 3.4/0.6/0.6/0.8s | 5.4s
2026-08-29 16:20:55 | New best val_f1_macro_present: raw=0.2556 stable_score=0.2556 at epoch 5
2026-08-29 16:21:00 | Epoch 006/060 | loss 3.3823 | cls 2.6201 | tal 0.0184 | dual_g 0.7567 | dual_d 0.9531 | train_acc 0.6159 | train_full n/a | val_acc 0.4417 | val_f1 0.4998 | adv/moduleC 0.07/0.38 | disc_steps 3 | grad(main/disc) 9.914/1.935 | lr(main/disc) 7.50e-05/3.00e-05 | cuda_peak(alloc/resv) 21.78/28.18GB | phase(train/val/raw/train_eval) 3.7/0.6/0.6/0.0s | 4.9s
2026-08-29 16:21:03 | New best val_f1_macro_present: raw=0.4998 stable_score=0.4998 at epoch 6
2026-08-29 16:21:07 | Epoch 007/060 | loss 3.3999 | cls 2.4519 | tal 0.0281 | dual_g 0.9396 | dual_d 0.8905 | train_acc 0.6812 | train_full n/a | val_acc 0.6500 | val_f1 0.6486 | adv/moduleC 0.13/0.50 | disc_steps 3 | grad(main/disc) 9.830/1.806 | lr(main/disc) 7.50e-05/3.00e-05 | cuda_peak(alloc/resv) 21.78/28.18GB | phase(train/val/raw/train_eval) 3.5/0.6/0.6/0.0s | 4.7s
2026-08-29 16:21:10 | New best val_f1_macro_present: raw=0.6486 stable_score=0.6486 at epoch 7
2026-08-29 16:21:15 | Epoch 008/060 | loss 3.4043 | cls 2.2864 | tal 0.0775 | dual_g 1.0946 | dual_d 0.9184 | train_acc 0.6975 | train_full n/a | val_acc 0.6000 | val_f1 0.6499 | adv/moduleC 0.20/0.62 | disc_steps 3 | grad(main/disc) 9.957/1.791 | lr(main/disc) 7.50e-05/3.00e-05 | cuda_peak(alloc/resv) 21.78/28.18GB | phase(train/val/raw/train_eval) 3.7/0.6/0.6/0.0s | 4.9s
2026-08-29 16:21:18 | New best val_f1_macro_present: raw=0.6499 stable_score=0.6499 at epoch 8
2026-08-29 16:21:22 | Epoch 009/060 | loss 3.2074 | cls 2.0254 | tal 0.0204 | dual_g 1.1759 | dual_d 0.9054 | train_acc 0.7645 | train_full n/a | val_acc 0.6583 | val_f1 0.6955 | adv/moduleC 0.27/0.75 | disc_steps 3 | grad(main/disc) 9.635/1.765 | lr(main/disc) 7.50e-05/3.00e-05 | cuda_peak(alloc/resv) 21.78/28.18GB | phase(train/val/raw/train_eval) 3.3/0.6/0.6/0.0s | 4.4s
2026-08-29 16:21:25 | New best val_f1_macro_present: raw=0.6955 stable_score=0.6955 at epoch 9
2026-08-29 16:21:31 | Epoch 010/060 | loss 3.2474 | cls 1.9318 | tal 0.0444 | dual_g 1.3023 | dual_d 0.8553 | train_acc 0.8007 | train_full 0.7398 | val_acc 0.7083 | val_f1 0.6843 | adv/moduleC 0.33/0.88 | disc_steps 3 | grad(main/disc) 11.475/1.679 | lr(main/disc) 7.50e-05/3.00e-05 | cuda_peak(alloc/resv) 21.78/28.18GB | phase(train/val/raw/train_eval) 3.5/0.6/0.6/0.8s | 5.6s
2026-08-29 16:21:36 | Epoch 011/060 | loss 3.1810 | cls 1.7695 | tal 0.0321 | dual_g 1.4019 | dual_d 0.8332 | train_acc 0.8261 | train_full n/a | val_acc 0.7750 | val_f1 0.7446 | adv/moduleC 0.40/1.00 | disc_steps 3 | grad(main/disc) 10.293/1.598 | lr(main/disc) 7.50e-05/3.00e-05 | cuda_peak(alloc/resv) 21.78/28.18GB | phase(train/val/raw/train_eval) 3.6/0.6/0.6/0.0s | 4.7s
2026-08-29 16:21:38 | New best val_f1_macro_present: raw=0.7446 stable_score=0.7446 at epoch 11
2026-08-29 16:21:43 | Epoch 012/060 | loss 3.0141 | cls 1.6817 | tal -0.0077 | dual_g 1.3347 | dual_d 0.8823 | train_acc 0.8533 | train_full n/a | val_acc 0.8333 | val_f1 0.7951 | adv/moduleC 0.47/1.00 | disc_steps 3 | grad(main/disc) 10.714/1.622 | lr(main/disc) 7.50e-05/3.00e-05 | cuda_peak(alloc/resv) 21.78/28.18GB | phase(train/val/raw/train_eval) 3.7/0.6/0.6/0.0s | 4.9s
2026-08-29 16:21:46 | New best val_f1_macro_present: raw=0.7951 stable_score=0.7951 at epoch 12
2026-08-29 16:21:50 | Epoch 013/060 | loss 2.9019 | cls 1.6327 | tal -0.0359 | dual_g 1.2799 | dual_d 0.8532 | train_acc 0.8732 | train_full n/a | val_acc 0.7667 | val_f1 0.7370 | adv/moduleC 0.53/1.00 | disc_steps 3 | grad(main/disc) 9.455/1.522 | lr(main/disc) 7.50e-05/3.00e-05 | cuda_peak(alloc/resv) 21.78/28.18GB | phase(train/val/raw/train_eval) 3.4/0.6/0.0/0.0s | 4.0s
2026-08-29 16:21:55 | Epoch 014/060 | loss 2.7820 | cls 1.5513 | tal -0.0403 | dual_g 1.2428 | dual_d 0.8287 | train_acc 0.8931 | train_full n/a | val_acc 0.8417 | val_f1 0.8028 | adv/moduleC 0.60/1.00 | disc_steps 3 | grad(main/disc) 8.580/1.555 | lr(main/disc) 7.50e-05/3.00e-05 | cuda_peak(alloc/resv) 21.78/28.18GB | phase(train/val/raw/train_eval) 3.4/0.6/0.6/0.0s | 4.6s
2026-08-29 16:21:57 | New best val_f1_macro_present: raw=0.8028 stable_score=0.8028 at epoch 14
2026-08-29 16:22:03 | Epoch 015/060 | loss 2.7266 | cls 1.5467 | tal -0.0589 | dual_g 1.1975 | dual_d 0.8380 | train_acc 0.9004 | train_full 0.8731 | val_acc 0.8500 | val_f1 0.8347 | adv/moduleC 0.67/1.00 | disc_steps 3 | grad(main/disc) 9.790/1.487 | lr(main/disc) 7.50e-05/3.00e-05 | cuda_peak(alloc/resv) 21.78/28.18GB | phase(train/val/raw/train_eval) 3.4/0.6/0.6/0.8s | 5.4s
2026-08-29 16:22:06 | New best val_f1_macro_present: raw=0.8347 stable_score=0.8347 at epoch 15
2026-08-29 16:22:10 | Epoch 016/060 | loss 2.6786 | cls 1.5115 | tal -0.0408 | dual_g 1.1793 | dual_d 0.8881 | train_acc 0.9058 | train_full n/a | val_acc 0.7667 | val_f1 0.7305 | adv/moduleC 0.73/1.00 | disc_steps 3 | grad(main/disc) 9.382/1.497 | lr(main/disc) 7.50e-05/3.00e-05 | cuda_peak(alloc/resv) 21.78/28.18GB | phase(train/val/raw/train_eval) 3.4/0.6/0.0/0.0s | 4.0s
2026-08-29 16:22:14 | Epoch 017/060 | loss 2.6086 | cls 1.4576 | tal -0.0746 | dual_g 1.1734 | dual_d 0.9133 | train_acc 0.9167 | train_full n/a | val_acc 0.8750 | val_f1 0.8530 | adv/moduleC 0.80/1.00 | disc_steps 3 | grad(main/disc) 8.434/1.474 | lr(main/disc) 7.50e-05/3.00e-05 | cuda_peak(alloc/resv) 21.78/28.18GB | phase(train/val/raw/train_eval) 3.5/0.6/0.6/0.0s | 4.6s
2026-08-29 16:22:17 | New best val_f1_macro_present: raw=0.8530 stable_score=0.8530 at epoch 17
2026-08-29 16:22:21 | Epoch 018/060 | loss 2.5278 | cls 1.4100 | tal -0.0359 | dual_g 1.1285 | dual_d 0.8867 | train_acc 0.9438 | train_full n/a | val_acc 0.9000 | val_f1 0.8710 | adv/moduleC 0.87/1.00 | disc_steps 3 | grad(main/disc) 7.608/1.486 | lr(main/disc) 7.50e-05/3.00e-05 | cuda_peak(alloc/resv) 21.78/28.18GB | phase(train/val/raw/train_eval) 3.2/0.6/0.6/0.0s | 4.4s
2026-08-29 16:22:24 | New best val_f1_macro_present: raw=0.8710 stable_score=0.8710 at epoch 18
2026-08-29 16:22:29 | Epoch 019/060 | loss 2.4907 | cls 1.3771 | tal -0.0336 | dual_g 1.1237 | dual_d 0.9249 | train_acc 0.9656 | train_full n/a | val_acc 0.9083 | val_f1 0.8807 | adv/moduleC 0.93/1.00 | disc_steps 3 | grad(main/disc) 7.537/1.507 | lr(main/disc) 7.50e-05/3.00e-05 | cuda_peak(alloc/resv) 21.78/28.18GB | phase(train/val/raw/train_eval) 3.5/0.6/0.6/0.0s | 4.7s
2026-08-29 16:22:32 | New best val_f1_macro_present: raw=0.8807 stable_score=0.8807 at epoch 19
2026-08-29 16:22:37 | Epoch 020/060 | loss 2.4502 | cls 1.3527 | tal -0.0323 | dual_g 1.1072 | dual_d 0.9471 | train_acc 0.9583 | train_full 0.9183 | val_acc 0.9000 | val_f1 0.8599 | adv/moduleC 1.00/1.00 | disc_steps 3 | grad(main/disc) 7.945/1.527 | lr(main/disc) 7.50e-05/3.00e-05 | cuda_peak(alloc/resv) 21.78/28.18GB | phase(train/val/raw/train_eval) 3.4/0.6/0.6/0.9s | 5.4s
2026-08-29 16:22:41 | Epoch 021/060 | loss 2.3998 | cls 1.3422 | tal -0.0386 | dual_g 1.0692 | dual_d 0.9095 | train_acc 0.9656 | train_full n/a | val_acc 0.9167 | val_f1 0.8771 | adv/moduleC 1.00/1.00 | disc_steps 3 | grad(main/disc) 6.335/1.457 | lr(main/disc) 7.50e-05/3.00e-05 | cuda_peak(alloc/resv) 21.78/28.18GB | phase(train/val/raw/train_eval) 3.1/0.6/0.0/0.0s | 3.7s
2026-08-29 16:22:45 | Epoch 022/060 | loss 2.3984 | cls 1.3518 | tal -0.0392 | dual_g 1.0583 | dual_d 0.9298 | train_acc 0.9620 | train_full n/a | val_acc 0.9250 | val_f1 0.9017 | adv/moduleC 1.00/1.00 | disc_steps 3 | grad(main/disc) 7.616/1.461 | lr(main/disc) 7.50e-05/3.00e-05 | cuda_peak(alloc/resv) 21.78/28.18GB | phase(train/val/raw/train_eval) 3.2/0.6/0.6/0.0s | 4.4s
2026-08-29 16:22:48 | New best val_f1_macro_present: raw=0.9017 stable_score=0.9017 at epoch 22
2026-08-29 16:22:52 | Epoch 023/060 | loss 2.3635 | cls 1.3233 | tal -0.0416 | dual_g 1.0527 | dual_d 0.9388 | train_acc 0.9710 | train_full n/a | val_acc 0.9000 | val_f1 0.8764 | adv/moduleC 1.00/1.00 | disc_steps 3 | grad(main/disc) 6.546/1.464 | lr(main/disc) 7.50e-05/3.00e-05 | cuda_peak(alloc/resv) 21.78/28.18GB | phase(train/val/raw/train_eval) 3.4/0.6/0.0/0.0s | 4.0s
2026-08-29 16:22:56 | Epoch 024/060 | loss 2.3157 | cls 1.3029 | tal -0.0665 | dual_g 1.0327 | dual_d 0.9775 | train_acc 0.9746 | train_full n/a | val_acc 0.9333 | val_f1 0.9492 | adv/moduleC 1.00/1.00 | disc_steps 3 | grad(main/disc) 5.930/1.511 | lr(main/disc) 7.50e-05/3.00e-05 | cuda_peak(alloc/resv) 21.78/28.18GB | phase(train/val/raw/train_eval) 3.2/0.6/0.6/0.0s | 4.4s
2026-08-29 16:22:59 | New best val_f1_macro_present: raw=0.9492 stable_score=0.9492 at epoch 24
2026-08-29 16:23:05 | Epoch 025/060 | loss 2.3177 | cls 1.3046 | tal -0.0177 | dual_g 1.0184 | dual_d 0.9640 | train_acc 0.9728 | train_full 0.9527 | val_acc 0.9250 | val_f1 0.9125 | adv/moduleC 1.00/1.00 | disc_steps 3 | grad(main/disc) 5.686/1.457 | lr(main/disc) 7.50e-05/3.00e-05 | cuda_peak(alloc/resv) 21.78/28.18GB | phase(train/val/raw/train_eval) 3.4/0.6/0.6/0.8s | 5.4s
2026-08-29 16:23:09 | Epoch 026/060 | loss 2.2550 | cls 1.2772 | tal -0.0751 | dual_g 1.0003 | dual_d 1.0306 | train_acc 0.9801 | train_full n/a | val_acc 0.9000 | val_f1 0.8740 | adv/moduleC 1.00/1.00 | disc_steps 3 | grad(main/disc) 5.490/1.550 | lr(main/disc) 7.50e-05/3.00e-05 | cuda_peak(alloc/resv) 21.78/28.18GB | phase(train/val/raw/train_eval) 3.3/0.6/0.0/0.0s | 3.9s
2026-08-29 16:23:12 | Epoch 027/060 | loss 2.2726 | cls 1.2818 | tal -0.0323 | dual_g 1.0005 | dual_d 0.9938 | train_acc 0.9710 | train_full n/a | val_acc 0.9333 | val_f1 0.9167 | adv/moduleC 1.00/1.00 | disc_steps 3 | grad(main/disc) 6.283/1.485 | lr(main/disc) 7.50e-05/3.00e-05 | cuda_peak(alloc/resv) 21.78/28.18GB | phase(train/val/raw/train_eval) 3.3/0.6/0.0/0.0s | 3.9s
2026-08-29 16:23:16 | Epoch 028/060 | loss 2.2236 | cls 1.2481 | tal -0.0573 | dual_g 0.9927 | dual_d 1.0339 | train_acc 0.9873 | train_full n/a | val_acc 0.9167 | val_f1 0.8929 | adv/moduleC 1.00/1.00 | disc_steps 3 | grad(main/disc) 5.470/1.550 | lr(main/disc) 7.50e-05/3.00e-05 | cuda_peak(alloc/resv) 21.78/28.18GB | phase(train/val/raw/train_eval) 3.3/0.6/0.0/0.0s | 3.9s
2026-08-29 16:23:20 | Epoch 029/060 | loss 2.2166 | cls 1.2516 | tal -0.0321 | dual_g 0.9745 | dual_d 1.0483 | train_acc 0.9783 | train_full n/a | val_acc 0.9000 | val_f1 0.8616 | adv/moduleC 1.00/1.00 | disc_steps 3 | grad(main/disc) 4.465/1.540 | lr(main/disc) 7.50e-05/3.00e-05 | cuda_peak(alloc/resv) 21.78/28.18GB | phase(train/val/raw/train_eval) 3.3/0.6/0.0/0.0s | 3.9s
2026-08-29 16:23:26 | Epoch 030/060 | loss 2.2035 | cls 1.2386 | tal -0.0450 | dual_g 0.9785 | dual_d 1.0145 | train_acc 0.9855 | train_full 0.9527 | val_acc 0.9167 | val_f1 0.9334 | adv/moduleC 1.00/1.00 | disc_steps 3 | grad(main/disc) 4.269/1.461 | lr(main/disc) 7.50e-05/3.00e-05 | cuda_peak(alloc/resv) 21.78/28.18GB | phase(train/val/raw/train_eval) 3.6/0.6/0.6/0.8s | 5.6s
2026-08-29 16:23:30 | Epoch 031/060 | loss 2.1496 | cls 1.2108 | tal -0.0783 | dual_g 0.9622 | dual_d 1.0558 | train_acc 0.9964 | train_full n/a | val_acc 0.9250 | val_f1 0.9139 | adv/moduleC 1.00/1.00 | disc_steps 3 | grad(main/disc) 3.715/1.501 | lr(main/disc) 7.50e-05/3.00e-05 | cuda_peak(alloc/resv) 21.78/28.18GB | phase(train/val/raw/train_eval) 3.1/0.6/0.0/0.0s | 3.7s
2026-08-29 16:23:33 | Epoch 032/060 | loss 2.1410 | cls 1.2136 | tal -0.0841 | dual_g 0.9526 | dual_d 1.0703 | train_acc 0.9909 | train_full n/a | val_acc 0.9167 | val_f1 0.9010 | adv/moduleC 1.00/1.00 | disc_steps 3 | grad(main/disc) 4.306/1.502 | lr(main/disc) 7.50e-05/3.00e-05 | cuda_peak(alloc/resv) 21.78/28.18GB | phase(train/val/raw/train_eval) 3.3/0.6/0.0/0.0s | 3.9s
2026-08-29 16:23:37 | Epoch 033/060 | loss 2.1543 | cls 1.2232 | tal -0.0635 | dual_g 0.9501 | dual_d 1.0633 | train_acc 0.9873 | train_full n/a | val_acc 0.9250 | val_f1 0.9088 | adv/moduleC 1.00/1.00 | disc_steps 3 | grad(main/disc) 3.520/1.439 | lr(main/disc) 3.75e-05/1.50e-05 | cuda_peak(alloc/resv) 21.78/28.18GB | phase(train/val/raw/train_eval) 3.2/0.6/0.0/0.0s | 3.8s
2026-08-29 16:23:41 | Epoch 034/060 | loss 2.1351 | cls 1.2039 | tal -0.0553 | dual_g 0.9477 | dual_d 1.0576 | train_acc 0.9928 | train_full n/a | val_acc 0.9333 | val_f1 0.9170 | adv/moduleC 1.00/1.00 | disc_steps 3 | grad(main/disc) 3.386/1.414 | lr(main/disc) 3.75e-05/1.50e-05 | cuda_peak(alloc/resv) 21.78/28.18GB | phase(train/val/raw/train_eval) 3.5/0.6/0.0/0.0s | 4.1s
2026-08-29 16:23:47 | Epoch 035/060 | loss 2.1210 | cls 1.2047 | tal -0.0953 | dual_g 0.9449 | dual_d 1.1063 | train_acc 0.9964 | train_full 0.9290 | val_acc 0.9083 | val_f1 0.8746 | adv/moduleC 1.00/1.00 | disc_steps 3 | grad(main/disc) 3.841/1.491 | lr(main/disc) 3.75e-05/1.50e-05 | cuda_peak(alloc/resv) 21.78/28.18GB | phase(train/val/raw/train_eval) 3.4/0.6/0.6/0.8s | 5.4s
2026-08-29 16:23:51 | Epoch 036/060 | loss 2.1460 | cls 1.2136 | tal -0.0534 | dual_g 0.9484 | dual_d 1.1049 | train_acc 0.9855 | train_full n/a | val_acc 0.9667 | val_f1 0.9368 | adv/moduleC 1.00/1.00 | disc_steps 3 | grad(main/disc) 3.863/1.501 | lr(main/disc) 3.75e-05/1.50e-05 | cuda_peak(alloc/resv) 21.78/28.18GB | phase(train/val/raw/train_eval) 3.3/0.6/0.0/0.0s | 3.9s
2026-08-29 16:23:55 | Epoch 037/060 | loss 2.0820 | cls 1.1915 | tal -0.1072 | dual_g 0.9227 | dual_d 1.1138 | train_acc 0.9928 | train_full n/a | val_acc 0.9667 | val_f1 0.9557 | adv/moduleC 1.00/1.00 | disc_steps 3 | grad(main/disc) 2.643/1.505 | lr(main/disc) 3.75e-05/1.50e-05 | cuda_peak(alloc/resv) 21.78/28.18GB | phase(train/val/raw/train_eval) 3.2/0.6/0.6/0.0s | 4.4s
2026-08-29 16:23:58 | New best val_f1_macro_present: raw=0.9557 stable_score=0.9557 at epoch 37
2026-08-29 16:24:02 | Epoch 038/060 | loss 2.0841 | cls 1.1981 | tal -0.1142 | dual_g 0.9203 | dual_d 1.0948 | train_acc 0.9928 | train_full n/a | val_acc 0.9583 | val_f1 0.9492 | adv/moduleC 1.00/1.00 | disc_steps 3 | grad(main/disc) 3.183/1.471 | lr(main/disc) 3.75e-05/1.50e-05 | cuda_peak(alloc/resv) 21.78/28.18GB | phase(train/val/raw/train_eval) 3.7/0.6/0.0/0.0s | 4.3s
2026-08-29 16:24:06 | Epoch 039/060 | loss 2.0711 | cls 1.1824 | tal -0.1006 | dual_g 0.9188 | dual_d 1.1011 | train_acc 0.9946 | train_full n/a | val_acc 0.9500 | val_f1 0.9431 | adv/moduleC 1.00/1.00 | disc_steps 3 | grad(main/disc) 2.538/1.518 | lr(main/disc) 3.75e-05/1.50e-05 | cuda_peak(alloc/resv) 21.78/28.18GB | phase(train/val/raw/train_eval) 3.5/0.6/0.0/0.0s | 4.1s
2026-08-29 16:24:11 | Epoch 040/060 | loss 2.0900 | cls 1.1916 | tal -0.0976 | dual_g 0.9277 | dual_d 1.1396 | train_acc 0.9928 | train_full 0.9656 | val_acc 0.9500 | val_f1 0.9431 | adv/moduleC 1.00/1.00 | disc_steps 3 | grad(main/disc) 3.183/1.551 | lr(main/disc) 3.75e-05/1.50e-05 | cuda_peak(alloc/resv) 21.78/28.18GB | phase(train/val/raw/train_eval) 3.2/0.6/0.6/0.8s | 5.3s
2026-08-29 16:24:15 | Epoch 041/060 | loss 2.0758 | cls 1.1864 | tal -0.1120 | dual_g 0.9230 | dual_d 1.0807 | train_acc 0.9982 | train_full n/a | val_acc 0.9417 | val_f1 0.9177 | adv/moduleC 1.00/1.00 | disc_steps 3 | grad(main/disc) 3.116/1.418 | lr(main/disc) 3.75e-05/1.50e-05 | cuda_peak(alloc/resv) 21.78/28.18GB | phase(train/val/raw/train_eval) 3.4/0.6/0.0/0.0s | 4.0s
2026-08-29 16:24:19 | Epoch 042/060 | loss 2.0779 | cls 1.1907 | tal -0.0838 | dual_g 0.9124 | dual_d 1.1251 | train_acc 0.9982 | train_full n/a | val_acc 0.9333 | val_f1 0.9120 | adv/moduleC 1.00/1.00 | disc_steps 3 | grad(main/disc) 3.074/1.487 | lr(main/disc) 3.75e-05/1.50e-05 | cuda_peak(alloc/resv) 21.78/28.18GB | phase(train/val/raw/train_eval) 3.4/0.6/0.0/0.0s | 4.0s
2026-08-29 16:24:23 | Epoch 043/060 | loss 2.0701 | cls 1.1808 | tal -0.0838 | dual_g 0.9144 | dual_d 1.1041 | train_acc 0.9964 | train_full n/a | val_acc 0.9333 | val_f1 0.9193 | adv/moduleC 1.00/1.00 | disc_steps 3 | grad(main/disc) 2.804/1.431 | lr(main/disc) 3.75e-05/1.50e-05 | cuda_peak(alloc/resv) 21.78/28.18GB | phase(train/val/raw/train_eval) 3.2/0.6/0.0/0.0s | 3.8s
2026-08-29 16:24:27 | Epoch 044/060 | loss 2.0776 | cls 1.1842 | tal -0.1048 | dual_g 0.9249 | dual_d 1.1652 | train_acc 0.9982 | train_full n/a | val_acc 0.9417 | val_f1 0.9140 | adv/moduleC 1.00/1.00 | disc_steps 3 | grad(main/disc) 3.441/1.542 | lr(main/disc) 3.75e-05/1.50e-05 | cuda_peak(alloc/resv) 21.78/28.18GB | phase(train/val/raw/train_eval) 3.5/0.6/0.0/0.0s | 4.1s
2026-08-29 16:24:33 | Epoch 045/060 | loss 2.0796 | cls 1.1866 | tal -0.0911 | dual_g 0.9204 | dual_d 1.1179 | train_acc 0.9982 | train_full 0.9634 | val_acc 0.9583 | val_f1 0.9507 | adv/moduleC 1.00/1.00 | disc_steps 3 | grad(main/disc) 3.064/1.485 | lr(main/disc) 3.75e-05/1.50e-05 | cuda_peak(alloc/resv) 21.78/28.18GB | phase(train/val/raw/train_eval) 3.4/0.6/0.6/0.8s | 5.4s
2026-08-29 16:24:37 | Epoch 046/060 | loss 2.0655 | cls 1.1762 | tal -0.0854 | dual_g 0.9149 | dual_d 1.1658 | train_acc 0.9946 | train_full n/a | val_acc 0.9583 | val_f1 0.9397 | adv/moduleC 1.00/1.00 | disc_steps 3 | grad(main/disc) 2.779/1.541 | lr(main/disc) 1.87e-05/7.50e-06 | cuda_peak(alloc/resv) 21.78/28.18GB | phase(train/val/raw/train_eval) 3.3/0.6/0.0/0.0s | 3.9s
2026-08-29 16:24:41 | Epoch 047/060 | loss 2.0726 | cls 1.1704 | tal -0.0475 | dual_g 0.9164 | dual_d 1.1352 | train_acc 0.9982 | train_full n/a | val_acc 0.9583 | val_f1 0.9372 | adv/moduleC 1.00/1.00 | disc_steps 3 | grad(main/disc) 2.730/1.467 | lr(main/disc) 1.87e-05/7.50e-06 | cuda_peak(alloc/resv) 21.78/28.18GB | phase(train/val/raw/train_eval) 3.5/0.6/0.0/0.0s | 4.1s
2026-08-29 16:24:45 | Epoch 048/060 | loss 2.0597 | cls 1.1758 | tal -0.0837 | dual_g 0.9090 | dual_d 1.1324 | train_acc 0.9964 | train_full n/a | val_acc 0.9583 | val_f1 0.9300 | adv/moduleC 1.00/1.00 | disc_steps 3 | grad(main/disc) 2.411/1.491 | lr(main/disc) 1.87e-05/7.50e-06 | cuda_peak(alloc/resv) 21.78/28.18GB | phase(train/val/raw/train_eval) 3.7/0.6/0.0/0.0s | 4.3s
2026-08-29 16:24:49 | Epoch 049/060 | loss 2.0641 | cls 1.1825 | tal -0.0846 | dual_g 0.9069 | dual_d 1.1538 | train_acc 0.9982 | train_full n/a | val_acc 0.9583 | val_f1 0.9372 | adv/moduleC 1.00/1.00 | disc_steps 3 | grad(main/disc) 2.470/1.478 | lr(main/disc) 1.87e-05/7.50e-06 | cuda_peak(alloc/resv) 21.78/28.18GB | phase(train/val/raw/train_eval) 3.2/0.6/0.0/0.0s | 3.8s
2026-08-29 16:24:55 | Epoch 050/060 | loss 2.0463 | cls 1.1799 | tal -0.0922 | dual_g 0.8941 | dual_d 1.1336 | train_acc 0.9946 | train_full 0.9634 | val_acc 0.9500 | val_f1 0.9431 | adv/moduleC 1.00/1.00 | disc_steps 3 | grad(main/disc) 2.459/1.479 | lr(main/disc) 1.87e-05/7.50e-06 | cuda_peak(alloc/resv) 21.78/28.18GB | phase(train/val/raw/train_eval) 3.6/0.6/0.6/0.8s | 5.7s
2026-08-29 16:24:59 | Epoch 051/060 | loss 2.0589 | cls 1.1756 | tal -0.0773 | dual_g 0.9064 | dual_d 1.1407 | train_acc 0.9982 | train_full n/a | val_acc 0.9417 | val_f1 0.9374 | adv/moduleC 1.00/1.00 | disc_steps 3 | grad(main/disc) 2.363/1.456 | lr(main/disc) 1.87e-05/7.50e-06 | cuda_peak(alloc/resv) 21.78/28.18GB | phase(train/val/raw/train_eval) 3.4/0.6/0.0/0.0s | 4.0s
2026-08-29 16:25:02 | Epoch 052/060 | loss 2.0580 | cls 1.1748 | tal -0.0830 | dual_g 0.9081 | dual_d 1.1423 | train_acc 0.9964 | train_full n/a | val_acc 0.9417 | val_f1 0.9374 | adv/moduleC 1.00/1.00 | disc_steps 3 | grad(main/disc) 2.520/1.504 | lr(main/disc) 1.87e-05/7.50e-06 | cuda_peak(alloc/resv) 21.78/28.18GB | phase(train/val/raw/train_eval) 3.2/0.6/0.0/0.0s | 3.8s
2026-08-29 16:25:02 | Early stopping at epoch 52 after 15 epochs without val_f1_macro_present improvement.
2026-08-29 16:25:02 | Training complete. Peak validation accuracy: 0.9667 | selected val_f1_macro_present: 0.9557
