2026-08-29 19:34:32 | Starting Dual_D standalone training
2026-08-29 19:34:32 | Run directory: runs/module_c_ablation_60_v7/module_c_20260829_145907/module_c_no_module_c_雨天_20260829_190447
2026-08-29 19:34:32 | Device: cuda
2026-08-29 19:34:32 | Source train samples: 992
2026-08-29 19:34:32 | Target train samples: 96
2026-08-29 19:34:32 | Target val samples: 26
2026-08-29 19:34:32 | Classes: 14
2026-08-29 19:34:32 | Data audit: same_dir=False | path_overlap(vis/ir/ais)=0/0/0 | content_overlap(vis/ir/ais)=0/0/0 | ais_index_overlap=0 | stem_mismatch(vis-ir/vis-ais)=117/0
2026-08-29 19:34:32 | source_train classes: present 14/14 | absent 0 | counts [0:120, 1:44, 2:69, 3:45, 4:40, 5:30, 6:64, 7:80, 8:116, 9:68, 10:57, 11:83, 12:48, 13:128]
2026-08-29 19:34:32 | target_train classes: present 6/14 | absent 8 | counts [0:7, 2:19, 9:32, 10:12, 11:6, 13:20]
2026-08-29 19:34:32 | target_val classes: present 6/14 | absent 8 | counts [0:2, 2:5, 9:8, 10:4, 11:2, 13:5]
2026-08-29 19:34:32 | Paired training classes: 6/14 | class ids [0, 2, 9, 10, 11, 13]
2026-08-29 19:34:32 | Runtime profile: batch=92 | paired_steps=4 | workers=16 | train_eval_every=5 | raw_eval_every=5 | stability_window=3 | lr_scheduler_start=24 | early_stop=20 after min_epoch=50
2026-08-29 19:34:32 | VIS/IR pairing: class-level-unpaired | count-mismatch classes train/val: 10/0 | AIS alignment: none | AIS rows train/val: 0/0
2026-08-29 19:34:33 | Effective Dual-D loss weights: {"adv_auxiliary": 0.02, "adv_primary": 0.02, "classification": 0.0, "contrastive": 0.0, "cycle": 0.0, "identity": 0.0, "prototype_contrastive": 0.0}
2026-08-29 19:34:33 | Model parameters: total=17277714 | trainable=17120210
2026-08-29 19:34:38 | Epoch 001/060 | loss 5.8783 | cls 5.8893 | tal -0.0366 | dual_g 0.0000 | dual_d 0.0000 | train_acc 0.1087 | train_full 0.1458 | val_acc 0.0385 | val_f1 0.0159 | adv/moduleC 0.00/0.00 | disc_steps 0 | grad(main/disc) 18.815/0.000 | lr(main/disc) 1.00e-04/3.00e-05 | cuda_peak(alloc/resv) 21.77/28.18GB | phase(train/val/raw/train_eval) 3.6/0.4/0.4/0.6s | 5.1s
2026-08-29 19:34:42 | Epoch 002/060 | loss 4.2370 | cls 4.2666 | tal -0.0986 | dual_g 0.0000 | dual_d 0.0000 | train_acc 0.2799 | train_full n/a | val_acc 0.1154 | val_f1 0.0812 | adv/moduleC 0.00/0.00 | disc_steps 0 | grad(main/disc) 14.104/0.000 | lr(main/disc) 1.00e-04/3.00e-05 | cuda_peak(alloc/resv) 21.77/28.18GB | phase(train/val/raw/train_eval) 3.0/0.4/0.0/0.0s | 3.4s
2026-08-29 19:34:46 | Epoch 003/060 | loss 3.3735 | cls 3.3873 | tal -0.0457 | dual_g 0.0000 | dual_d 0.0000 | train_acc 0.4973 | train_full n/a | val_acc 0.1154 | val_f1 0.0972 | adv/moduleC 0.00/0.00 | disc_steps 0 | grad(main/disc) 10.979/0.000 | lr(main/disc) 1.00e-04/3.00e-05 | cuda_peak(alloc/resv) 21.77/28.18GB | phase(train/val/raw/train_eval) 3.1/0.4/0.4/0.0s | 4.0s
2026-08-29 19:34:48 | New best val_f1_macro_present: raw=0.0972 stable_score=0.0159 at epoch 3
2026-08-29 19:34:52 | Epoch 004/060 | loss 2.8265 | cls 2.8478 | tal -0.0710 | dual_g 0.0000 | dual_d 0.0000 | train_acc 0.6033 | train_full n/a | val_acc 0.1154 | val_f1 0.1000 | adv/moduleC 0.00/0.14 | disc_steps 0 | grad(main/disc) 10.108/0.000 | lr(main/disc) 1.00e-04/3.00e-05 | cuda_peak(alloc/resv) 21.77/28.18GB | phase(train/val/raw/train_eval) 3.1/0.4/0.4/0.0s | 4.0s
2026-08-29 19:34:55 | New best val_f1_macro_present: raw=0.1000 stable_score=0.0812 at epoch 4
2026-08-29 19:35:00 | Epoch 005/060 | loss 2.4742 | cls 2.4926 | tal -0.0613 | dual_g 0.0000 | dual_d 0.0000 | train_acc 0.7364 | train_full 0.0938 | val_acc 0.1923 | val_f1 0.1351 | adv/moduleC 0.00/0.29 | disc_steps 0 | grad(main/disc) 8.919/0.000 | lr(main/disc) 1.00e-04/3.00e-05 | cuda_peak(alloc/resv) 21.77/28.18GB | phase(train/val/raw/train_eval) 3.3/0.4/0.4/0.6s | 4.8s
2026-08-29 19:35:03 | New best val_f1_macro_present: raw=0.1351 stable_score=0.0972 at epoch 5
2026-08-29 19:35:07 | Epoch 006/060 | loss 2.1645 | cls 2.1824 | tal -0.0729 | dual_g 0.0039 | dual_d 1.0276 | train_acc 0.7745 | train_full n/a | val_acc 0.2308 | val_f1 0.1624 | adv/moduleC 0.07/0.43 | disc_steps 2 | grad(main/disc) 8.040/1.968 | lr(main/disc) 1.00e-04/3.00e-05 | cuda_peak(alloc/resv) 21.77/28.18GB | phase(train/val/raw/train_eval) 3.1/0.4/0.4/0.0s | 4.0s
2026-08-29 19:35:09 | New best val_f1_macro_present: raw=0.1624 stable_score=0.1000 at epoch 6
2026-08-29 19:35:14 | Epoch 007/060 | loss 1.8768 | cls 1.8918 | tal -0.0751 | dual_g 0.0075 | dual_d 1.0330 | train_acc 0.8397 | train_full n/a | val_acc 0.2692 | val_f1 0.1803 | adv/moduleC 0.13/0.57 | disc_steps 2 | grad(main/disc) 7.636/1.931 | lr(main/disc) 1.00e-04/3.00e-05 | cuda_peak(alloc/resv) 21.77/28.18GB | phase(train/val/raw/train_eval) 3.3/0.4/0.4/0.0s | 4.2s
2026-08-29 19:35:16 | New best val_f1_macro_present: raw=0.1803 stable_score=0.1351 at epoch 7
2026-08-29 19:35:20 | Epoch 008/060 | loss 1.7718 | cls 1.7990 | tal -0.1261 | dual_g 0.0106 | dual_d 1.0261 | train_acc 0.8641 | train_full n/a | val_acc 0.2692 | val_f1 0.2212 | adv/moduleC 0.20/0.71 | disc_steps 2 | grad(main/disc) 7.694/1.943 | lr(main/disc) 1.00e-04/3.00e-05 | cuda_peak(alloc/resv) 21.77/28.18GB | phase(train/val/raw/train_eval) 2.8/0.4/0.4/0.0s | 3.7s
2026-08-29 19:35:23 | New best val_f1_macro_present: raw=0.2212 stable_score=0.1624 at epoch 8
2026-08-29 19:35:27 | Epoch 009/060 | loss 1.6226 | cls 1.6247 | tal -0.0516 | dual_g 0.0134 | dual_d 1.0182 | train_acc 0.9266 | train_full n/a | val_acc 0.4615 | val_f1 0.4745 | adv/moduleC 0.27/0.86 | disc_steps 2 | grad(main/disc) 7.232/1.941 | lr(main/disc) 1.00e-04/3.00e-05 | cuda_peak(alloc/resv) 21.77/28.18GB | phase(train/val/raw/train_eval) 3.2/0.4/0.4/0.0s | 4.0s
2026-08-29 19:35:30 | New best val_f1_macro_present: raw=0.4745 stable_score=0.1803 at epoch 9
2026-08-29 19:35:34 | Epoch 010/060 | loss 1.4857 | cls 1.5146 | tal -0.1454 | dual_g 0.0148 | dual_d 1.0616 | train_acc 0.9293 | train_full 0.5208 | val_acc 0.5000 | val_f1 0.5361 | adv/moduleC 0.33/1.00 | disc_steps 2 | grad(main/disc) 6.773/1.922 | lr(main/disc) 1.00e-04/3.00e-05 | cuda_peak(alloc/resv) 21.77/28.18GB | phase(train/val/raw/train_eval) 3.1/0.4/0.4/0.6s | 4.6s
2026-08-29 19:35:37 | New best val_f1_macro_present: raw=0.5361 stable_score=0.2212 at epoch 10
2026-08-29 19:35:41 | Epoch 011/060 | loss 1.3652 | cls 1.3981 | tal -0.1671 | dual_g 0.0173 | dual_d 1.0945 | train_acc 0.9484 | train_full n/a | val_acc 0.5769 | val_f1 0.6091 | adv/moduleC 0.40/1.00 | disc_steps 2 | grad(main/disc) 5.683/1.926 | lr(main/disc) 1.00e-04/3.00e-05 | cuda_peak(alloc/resv) 21.77/28.18GB | phase(train/val/raw/train_eval) 2.9/0.4/0.4/0.0s | 3.7s
2026-08-29 19:35:43 | New best val_f1_macro_present: raw=0.6091 stable_score=0.4745 at epoch 11
2026-08-29 19:35:48 | Epoch 012/060 | loss 1.2817 | cls 1.3124 | tal -0.1675 | dual_g 0.0196 | dual_d 1.1455 | train_acc 0.9891 | train_full n/a | val_acc 0.5385 | val_f1 0.5758 | adv/moduleC 0.47/1.00 | disc_steps 2 | grad(main/disc) 5.168/1.945 | lr(main/disc) 1.00e-04/3.00e-05 | cuda_peak(alloc/resv) 21.77/28.18GB | phase(train/val/raw/train_eval) 3.3/0.4/0.4/0.0s | 4.2s
2026-08-29 19:35:50 | New best val_f1_macro_present: raw=0.5758 stable_score=0.5361 at epoch 12
2026-08-29 19:35:54 | Epoch 013/060 | loss 1.2365 | cls 1.2569 | tal -0.1318 | dual_g 0.0191 | dual_d 1.1055 | train_acc 0.9891 | train_full n/a | val_acc 0.6538 | val_f1 0.7024 | adv/moduleC 0.53/1.00 | disc_steps 2 | grad(main/disc) 5.955/1.890 | lr(main/disc) 1.00e-04/3.00e-05 | cuda_peak(alloc/resv) 21.77/28.18GB | phase(train/val/raw/train_eval) 3.3/0.4/0.4/0.0s | 4.1s
2026-08-29 19:35:57 | New best val_f1_macro_present: raw=0.7024 stable_score=0.5758 at epoch 13
2026-08-29 19:36:01 | Epoch 014/060 | loss 1.2041 | cls 1.2188 | tal -0.1174 | dual_g 0.0205 | dual_d 1.1590 | train_acc 0.9864 | train_full n/a | val_acc 0.6923 | val_f1 0.7654 | adv/moduleC 0.60/1.00 | disc_steps 2 | grad(main/disc) 5.848/1.962 | lr(main/disc) 1.00e-04/3.00e-05 | cuda_peak(alloc/resv) 21.77/28.18GB | phase(train/val/raw/train_eval) 3.0/0.4/0.0/0.0s | 3.4s
2026-08-29 19:36:05 | Epoch 015/060 | loss 1.2575 | cls 1.2704 | tal -0.1110 | dual_g 0.0204 | dual_d 1.1419 | train_acc 0.9864 | train_full 0.7604 | val_acc 0.8077 | val_f1 0.8481 | adv/moduleC 0.67/1.00 | disc_steps 2 | grad(main/disc) 7.502/1.876 | lr(main/disc) 1.00e-04/3.00e-05 | cuda_peak(alloc/resv) 21.77/28.18GB | phase(train/val/raw/train_eval) 3.3/0.4/0.4/0.6s | 4.8s
2026-08-29 19:36:08 | New best val_f1_macro_present: raw=0.8481 stable_score=0.7024 at epoch 15
2026-08-29 19:36:12 | Epoch 016/060 | loss 1.1573 | cls 1.1727 | tal -0.1227 | dual_g 0.0215 | dual_d 1.2245 | train_acc 0.9918 | train_full n/a | val_acc 0.8846 | val_f1 0.8945 | adv/moduleC 0.73/1.00 | disc_steps 2 | grad(main/disc) 4.733/1.949 | lr(main/disc) 1.00e-04/3.00e-05 | cuda_peak(alloc/resv) 21.77/28.18GB | phase(train/val/raw/train_eval) 2.9/0.4/0.4/0.0s | 3.7s
2026-08-29 19:36:15 | New best val_f1_macro_present: raw=0.8945 stable_score=0.7654 at epoch 16
2026-08-29 19:36:19 | Epoch 017/060 | loss 1.1418 | cls 1.1517 | tal -0.1054 | dual_g 0.0217 | dual_d 1.2142 | train_acc 0.9918 | train_full n/a | val_acc 0.9615 | val_f1 0.9630 | adv/moduleC 0.80/1.00 | disc_steps 2 | grad(main/disc) 4.128/1.932 | lr(main/disc) 1.00e-04/3.00e-05 | cuda_peak(alloc/resv) 21.77/28.18GB | phase(train/val/raw/train_eval) 3.5/0.4/0.4/0.0s | 4.3s
2026-08-29 19:36:22 | New best val_f1_macro_present: raw=0.9630 stable_score=0.8481 at epoch 17
2026-08-29 19:36:25 | Epoch 018/060 | loss 1.1069 | cls 1.1158 | tal -0.0986 | dual_g 0.0206 | dual_d 1.2489 | train_acc 0.9891 | train_full n/a | val_acc 0.8077 | val_f1 0.7942 | adv/moduleC 0.87/1.00 | disc_steps 2 | grad(main/disc) 4.465/1.942 | lr(main/disc) 1.00e-04/3.00e-05 | cuda_peak(alloc/resv) 21.77/28.18GB | phase(train/val/raw/train_eval) 3.2/0.4/0.0/0.0s | 3.6s
2026-08-29 19:36:29 | Epoch 019/060 | loss 1.1037 | cls 1.1110 | tal -0.0942 | dual_g 0.0209 | dual_d 1.2587 | train_acc 0.9946 | train_full n/a | val_acc 0.8462 | val_f1 0.8398 | adv/moduleC 0.93/1.00 | disc_steps 2 | grad(main/disc) 3.712/1.926 | lr(main/disc) 1.00e-04/3.00e-05 | cuda_peak(alloc/resv) 21.77/28.18GB | phase(train/val/raw/train_eval) 3.2/0.4/0.0/0.0s | 3.6s
2026-08-29 19:36:34 | Epoch 020/060 | loss 1.0878 | cls 1.1005 | tal -0.1124 | dual_g 0.0209 | dual_d 1.3315 | train_acc 0.9973 | train_full 0.8438 | val_acc 0.8077 | val_f1 0.7942 | adv/moduleC 1.00/1.00 | disc_steps 2 | grad(main/disc) 4.017/1.891 | lr(main/disc) 1.00e-04/3.00e-05 | cuda_peak(alloc/resv) 21.77/28.18GB | phase(train/val/raw/train_eval) 3.0/0.4/0.4/0.6s | 4.5s
2026-08-29 19:36:37 | Epoch 021/060 | loss 1.1004 | cls 1.1014 | tal -0.0700 | dual_g 0.0200 | dual_d 1.3443 | train_acc 0.9973 | train_full n/a | val_acc 0.9615 | val_f1 0.9481 | adv/moduleC 1.00/1.00 | disc_steps 2 | grad(main/disc) 4.293/1.964 | lr(main/disc) 1.00e-04/3.00e-05 | cuda_peak(alloc/resv) 21.77/28.18GB | phase(train/val/raw/train_eval) 3.1/0.4/0.0/0.0s | 3.5s
2026-08-29 19:36:40 | Epoch 022/060 | loss 1.0812 | cls 1.0894 | tal -0.0933 | dual_g 0.0197 | dual_d 1.3181 | train_acc 0.9918 | train_full n/a | val_acc 0.9231 | val_f1 0.9370 | adv/moduleC 1.00/1.00 | disc_steps 2 | grad(main/disc) 3.498/1.906 | lr(main/disc) 1.00e-04/3.00e-05 | cuda_peak(alloc/resv) 21.77/28.18GB | phase(train/val/raw/train_eval) 3.0/0.4/0.0/0.0s | 3.4s
2026-08-29 19:36:44 | Epoch 023/060 | loss 1.0609 | cls 1.0723 | tal -0.0971 | dual_g 0.0178 | dual_d 1.3682 | train_acc 1.0000 | train_full n/a | val_acc 0.8077 | val_f1 0.8045 | adv/moduleC 1.00/1.00 | disc_steps 2 | grad(main/disc) 3.018/1.899 | lr(main/disc) 1.00e-04/3.00e-05 | cuda_peak(alloc/resv) 21.77/28.18GB | phase(train/val/raw/train_eval) 3.2/0.4/0.0/0.0s | 3.6s
2026-08-29 19:36:48 | Epoch 024/060 | loss 1.0553 | cls 1.0707 | tal -0.1103 | dual_g 0.0178 | dual_d 1.3838 | train_acc 0.9918 | train_full n/a | val_acc 0.8846 | val_f1 0.8657 | adv/moduleC 1.00/1.00 | disc_steps 2 | grad(main/disc) 2.944/2.006 | lr(main/disc) 1.00e-04/3.00e-05 | cuda_peak(alloc/resv) 21.77/28.18GB | phase(train/val/raw/train_eval) 3.0/0.4/0.0/0.0s | 3.5s
2026-08-29 19:36:52 | Epoch 025/060 | loss 1.0353 | cls 1.0581 | tal -0.1280 | dual_g 0.0156 | dual_d 1.3470 | train_acc 0.9973 | train_full 0.8958 | val_acc 0.8846 | val_f1 0.8657 | adv/moduleC 1.00/1.00 | disc_steps 2 | grad(main/disc) 2.599/1.935 | lr(main/disc) 1.00e-04/3.00e-05 | cuda_peak(alloc/resv) 21.77/28.18GB | phase(train/val/raw/train_eval) 3.0/0.4/0.4/0.7s | 4.6s
2026-08-29 19:36:56 | Epoch 026/060 | loss 1.0262 | cls 1.0566 | tal -0.1537 | dual_g 0.0157 | dual_d 1.4362 | train_acc 1.0000 | train_full n/a | val_acc 0.9231 | val_f1 0.9370 | adv/moduleC 1.00/1.00 | disc_steps 2 | grad(main/disc) 2.654/1.953 | lr(main/disc) 1.00e-04/3.00e-05 | cuda_peak(alloc/resv) 21.77/28.18GB | phase(train/val/raw/train_eval) 3.4/0.4/0.4/0.0s | 4.3s
2026-08-29 19:36:59 | New best val_f1_macro_present: raw=0.9370 stable_score=0.8657 at epoch 26
2026-08-29 19:37:03 | Epoch 027/060 | loss 1.0384 | cls 1.0512 | tal -0.0935 | dual_g 0.0153 | dual_d 1.4276 | train_acc 1.0000 | train_full n/a | val_acc 0.9231 | val_f1 0.9370 | adv/moduleC 1.00/1.00 | disc_steps 2 | grad(main/disc) 2.110/1.914 | lr(main/disc) 1.00e-04/3.00e-05 | cuda_peak(alloc/resv) 21.77/28.18GB | phase(train/val/raw/train_eval) 3.0/0.4/0.0/0.0s | 3.4s
2026-08-29 19:37:07 | Epoch 028/060 | loss 1.0078 | cls 1.0356 | tal -0.1430 | dual_g 0.0151 | dual_d 1.4369 | train_acc 1.0000 | train_full n/a | val_acc 1.0000 | val_f1 1.0000 | adv/moduleC 1.00/1.00 | disc_steps 2 | grad(main/disc) 2.196/1.909 | lr(main/disc) 1.00e-04/3.00e-05 | cuda_peak(alloc/resv) 21.77/28.18GB | phase(train/val/raw/train_eval) 3.1/0.4/0.4/0.0s | 4.0s
2026-08-29 19:37:09 | New best val_f1_macro_present: raw=1.0000 stable_score=0.9370 at epoch 28
2026-08-29 19:37:13 | Epoch 029/060 | loss 1.0092 | cls 1.0510 | tal -0.1884 | dual_g 0.0147 | dual_d 1.4006 | train_acc 0.9973 | train_full n/a | val_acc 0.9615 | val_f1 0.9481 | adv/moduleC 1.00/1.00 | disc_steps 2 | grad(main/disc) 2.286/1.946 | lr(main/disc) 1.00e-04/3.00e-05 | cuda_peak(alloc/resv) 21.77/28.18GB | phase(train/val/raw/train_eval) 3.0/0.4/0.0/0.0s | 3.4s
2026-08-29 19:37:18 | Epoch 030/060 | loss 1.0022 | cls 1.0536 | tal -0.2219 | dual_g 0.0152 | dual_d 1.4761 | train_acc 0.9918 | train_full 0.9375 | val_acc 1.0000 | val_f1 1.0000 | adv/moduleC 1.00/1.00 | disc_steps 2 | grad(main/disc) 3.720/1.951 | lr(main/disc) 1.00e-04/3.00e-05 | cuda_peak(alloc/resv) 21.77/28.18GB | phase(train/val/raw/train_eval) 3.1/0.4/0.4/0.6s | 4.6s
2026-08-29 19:37:20 | New best val_f1_macro_present: raw=1.0000 stable_score=0.9481 at epoch 30
2026-08-29 19:37:24 | Epoch 031/060 | loss 0.9789 | cls 1.0318 | tal -0.2259 | dual_g 0.0149 | dual_d 1.4646 | train_acc 1.0000 | train_full n/a | val_acc 0.9615 | val_f1 0.9630 | adv/moduleC 1.00/1.00 | disc_steps 2 | grad(main/disc) 2.632/1.926 | lr(main/disc) 1.00e-04/3.00e-05 | cuda_peak(alloc/resv) 21.77/28.18GB | phase(train/val/raw/train_eval) 2.9/0.4/0.0/0.0s | 3.4s
2026-08-29 19:37:27 | Epoch 032/060 | loss 0.9895 | cls 1.0384 | tal -0.2116 | dual_g 0.0146 | dual_d 1.4683 | train_acc 1.0000 | train_full n/a | val_acc 0.9615 | val_f1 0.9630 | adv/moduleC 1.00/1.00 | disc_steps 2 | grad(main/disc) 2.333/1.912 | lr(main/disc) 1.00e-04/3.00e-05 | cuda_peak(alloc/resv) 21.77/28.18GB | phase(train/val/raw/train_eval) 2.9/0.4/0.4/0.0s | 3.7s
2026-08-29 19:37:30 | New best val_f1_macro_present: raw=0.9630 stable_score=0.9630 at epoch 32
2026-08-29 19:37:34 | Epoch 033/060 | loss 0.9759 | cls 1.0330 | tal -0.2362 | dual_g 0.0138 | dual_d 1.4470 | train_acc 0.9973 | train_full n/a | val_acc 0.9615 | val_f1 0.9630 | adv/moduleC 1.00/1.00 | disc_steps 2 | grad(main/disc) 2.679/1.923 | lr(main/disc) 1.00e-04/3.00e-05 | cuda_peak(alloc/resv) 21.77/28.18GB | phase(train/val/raw/train_eval) 3.3/0.4/0.0/0.0s | 3.7s
2026-08-29 19:37:37 | Epoch 034/060 | loss 0.9740 | cls 1.0283 | tal -0.2298 | dual_g 0.0147 | dual_d 1.4558 | train_acc 1.0000 | train_full n/a | val_acc 0.9615 | val_f1 0.9630 | adv/moduleC 1.00/1.00 | disc_steps 2 | grad(main/disc) 1.809/1.898 | lr(main/disc) 1.00e-04/3.00e-05 | cuda_peak(alloc/resv) 21.77/28.18GB | phase(train/val/raw/train_eval) 2.9/0.4/0.0/0.0s | 3.3s
2026-08-29 19:37:42 | Epoch 035/060 | loss 0.9631 | cls 1.0291 | tal -0.2671 | dual_g 0.0142 | dual_d 1.4425 | train_acc 1.0000 | train_full 0.9583 | val_acc 0.9615 | val_f1 0.9630 | adv/moduleC 1.00/1.00 | disc_steps 2 | grad(main/disc) 2.112/1.895 | lr(main/disc) 1.00e-04/3.00e-05 | cuda_peak(alloc/resv) 21.77/28.18GB | phase(train/val/raw/train_eval) 3.4/0.4/0.4/0.6s | 4.9s
2026-08-29 19:37:46 | Epoch 036/060 | loss 0.9683 | cls 1.0361 | tal -0.2728 | dual_g 0.0140 | dual_d 1.5108 | train_acc 0.9973 | train_full n/a | val_acc 0.9615 | val_f1 0.9630 | adv/moduleC 1.00/1.00 | disc_steps 2 | grad(main/disc) 2.272/1.914 | lr(main/disc) 1.00e-04/3.00e-05 | cuda_peak(alloc/resv) 21.77/28.18GB | phase(train/val/raw/train_eval) 3.0/0.4/0.0/0.0s | 3.5s
2026-08-29 19:37:49 | Epoch 037/060 | loss 0.9420 | cls 1.0178 | tal -0.2940 | dual_g 0.0125 | dual_d 1.4090 | train_acc 1.0000 | train_full n/a | val_acc 0.9615 | val_f1 0.9630 | adv/moduleC 1.00/1.00 | disc_steps 2 | grad(main/disc) 1.715/1.834 | lr(main/disc) 1.00e-04/3.00e-05 | cuda_peak(alloc/resv) 21.77/28.18GB | phase(train/val/raw/train_eval) 3.3/0.4/0.0/0.0s | 3.7s
2026-08-29 19:37:53 | Epoch 038/060 | loss 0.9485 | cls 1.0200 | tal -0.2816 | dual_g 0.0130 | dual_d 1.4408 | train_acc 1.0000 | train_full n/a | val_acc 0.9615 | val_f1 0.9630 | adv/moduleC 1.00/1.00 | disc_steps 2 | grad(main/disc) 1.906/1.878 | lr(main/disc) 1.00e-04/3.00e-05 | cuda_peak(alloc/resv) 21.77/28.18GB | phase(train/val/raw/train_eval) 3.5/0.4/0.0/0.0s | 3.9s
2026-08-29 19:37:57 | Epoch 039/060 | loss 0.9488 | cls 1.0197 | tal -0.2813 | dual_g 0.0135 | dual_d 1.4168 | train_acc 1.0000 | train_full n/a | val_acc 0.9615 | val_f1 0.9630 | adv/moduleC 1.00/1.00 | disc_steps 2 | grad(main/disc) 1.838/1.824 | lr(main/disc) 1.00e-04/3.00e-05 | cuda_peak(alloc/resv) 21.77/28.18GB | phase(train/val/raw/train_eval) 3.0/0.4/0.0/0.0s | 3.4s
2026-08-29 19:38:01 | Epoch 040/060 | loss 0.9399 | cls 1.0207 | tal -0.3107 | dual_g 0.0124 | dual_d 1.3908 | train_acc 1.0000 | train_full 0.9792 | val_acc 0.9615 | val_f1 0.9630 | adv/moduleC 1.00/1.00 | disc_steps 2 | grad(main/disc) 1.901/1.831 | lr(main/disc) 1.00e-04/3.00e-05 | cuda_peak(alloc/resv) 21.77/28.18GB | phase(train/val/raw/train_eval) 3.1/0.4/0.5/0.6s | 4.6s
2026-08-29 19:38:05 | Epoch 041/060 | loss 0.9305 | cls 1.0125 | tal -0.3147 | dual_g 0.0124 | dual_d 1.3925 | train_acc 1.0000 | train_full n/a | val_acc 0.9615 | val_f1 0.9630 | adv/moduleC 1.00/1.00 | disc_steps 2 | grad(main/disc) 1.664/1.797 | lr(main/disc) 5.00e-05/1.50e-05 | cuda_peak(alloc/resv) 21.77/28.18GB | phase(train/val/raw/train_eval) 3.0/0.4/0.0/0.0s | 3.5s
2026-08-29 19:38:08 | Epoch 042/060 | loss 0.9270 | cls 1.0196 | tal -0.3541 | dual_g 0.0136 | dual_d 1.3886 | train_acc 1.0000 | train_full n/a | val_acc 0.9615 | val_f1 0.9630 | adv/moduleC 1.00/1.00 | disc_steps 2 | grad(main/disc) 1.528/1.789 | lr(main/disc) 5.00e-05/1.50e-05 | cuda_peak(alloc/resv) 21.77/28.18GB | phase(train/val/raw/train_eval) 3.1/0.4/0.0/0.0s | 3.5s
2026-08-29 19:38:12 | Epoch 043/060 | loss 0.9276 | cls 1.0244 | tal -0.3648 | dual_g 0.0126 | dual_d 1.4443 | train_acc 1.0000 | train_full n/a | val_acc 0.9231 | val_f1 0.9250 | adv/moduleC 1.00/1.00 | disc_steps 2 | grad(main/disc) 1.945/1.875 | lr(main/disc) 5.00e-05/1.50e-05 | cuda_peak(alloc/resv) 21.77/28.18GB | phase(train/val/raw/train_eval) 3.0/0.4/0.0/0.0s | 3.4s
2026-08-29 19:38:15 | Epoch 044/060 | loss 0.9222 | cls 1.0161 | tal -0.3523 | dual_g 0.0118 | dual_d 1.5019 | train_acc 0.9973 | train_full n/a | val_acc 0.9231 | val_f1 0.9250 | adv/moduleC 1.00/1.00 | disc_steps 2 | grad(main/disc) 1.490/1.893 | lr(main/disc) 5.00e-05/1.50e-05 | cuda_peak(alloc/resv) 21.77/28.18GB | phase(train/val/raw/train_eval) 3.0/0.4/0.0/0.0s | 3.4s
2026-08-29 19:38:20 | Epoch 045/060 | loss 0.9042 | cls 1.0065 | tal -0.3804 | dual_g 0.0119 | dual_d 1.4231 | train_acc 1.0000 | train_full 0.9583 | val_acc 0.9231 | val_f1 0.9250 | adv/moduleC 1.00/1.00 | disc_steps 2 | grad(main/disc) 1.333/1.863 | lr(main/disc) 5.00e-05/1.50e-05 | cuda_peak(alloc/resv) 21.77/28.18GB | phase(train/val/raw/train_eval) 3.3/0.4/0.4/0.6s | 4.8s
2026-08-29 19:38:24 | Epoch 046/060 | loss 0.9218 | cls 1.0157 | tal -0.3530 | dual_g 0.0121 | dual_d 1.4204 | train_acc 1.0000 | train_full n/a | val_acc 0.9231 | val_f1 0.9250 | adv/moduleC 1.00/1.00 | disc_steps 2 | grad(main/disc) 1.865/1.851 | lr(main/disc) 5.00e-05/1.50e-05 | cuda_peak(alloc/resv) 21.77/28.18GB | phase(train/val/raw/train_eval) 3.3/0.4/0.0/0.0s | 3.7s
2026-08-29 19:38:27 | Epoch 047/060 | loss 0.9098 | cls 1.0029 | tal -0.3497 | dual_g 0.0118 | dual_d 1.4453 | train_acc 1.0000 | train_full n/a | val_acc 0.9615 | val_f1 0.9630 | adv/moduleC 1.00/1.00 | disc_steps 2 | grad(main/disc) 1.560/1.827 | lr(main/disc) 5.00e-05/1.50e-05 | cuda_peak(alloc/resv) 21.77/28.18GB | phase(train/val/raw/train_eval) 3.3/0.4/0.0/0.0s | 3.7s
2026-08-29 19:38:31 | Epoch 048/060 | loss 0.9144 | cls 1.0107 | tal -0.3586 | dual_g 0.0113 | dual_d 1.4264 | train_acc 1.0000 | train_full n/a | val_acc 0.9615 | val_f1 0.9630 | adv/moduleC 1.00/1.00 | disc_steps 2 | grad(main/disc) 1.498/1.868 | lr(main/disc) 5.00e-05/1.50e-05 | cuda_peak(alloc/resv) 21.77/28.18GB | phase(train/val/raw/train_eval) 3.4/0.4/0.0/0.0s | 3.8s
2026-08-29 19:38:35 | Epoch 049/060 | loss 0.9207 | cls 1.0122 | tal -0.3446 | dual_g 0.0119 | dual_d 1.4631 | train_acc 1.0000 | train_full n/a | val_acc 0.9615 | val_f1 0.9630 | adv/moduleC 1.00/1.00 | disc_steps 2 | grad(main/disc) 1.658/1.895 | lr(main/disc) 5.00e-05/1.50e-05 | cuda_peak(alloc/resv) 21.77/28.18GB | phase(train/val/raw/train_eval) 3.1/0.4/0.0/0.0s | 3.5s
2026-08-29 19:38:39 | Epoch 050/060 | loss 0.9059 | cls 0.9994 | tal -0.3524 | dual_g 0.0123 | dual_d 1.4423 | train_acc 1.0000 | train_full 0.9792 | val_acc 0.9615 | val_f1 0.9630 | adv/moduleC 1.00/1.00 | disc_steps 2 | grad(main/disc) 1.416/1.846 | lr(main/disc) 5.00e-05/1.50e-05 | cuda_peak(alloc/resv) 21.77/28.18GB | phase(train/val/raw/train_eval) 3.1/0.4/0.4/0.6s | 4.5s
2026-08-29 19:38:43 | Epoch 051/060 | loss 0.9143 | cls 1.0128 | tal -0.3680 | dual_g 0.0119 | dual_d 1.3948 | train_acc 1.0000 | train_full n/a | val_acc 0.9615 | val_f1 0.9630 | adv/moduleC 1.00/1.00 | disc_steps 2 | grad(main/disc) 1.652/1.769 | lr(main/disc) 5.00e-05/1.50e-05 | cuda_peak(alloc/resv) 21.77/28.18GB | phase(train/val/raw/train_eval) 3.3/0.4/0.0/0.0s | 3.7s
2026-08-29 19:38:47 | Epoch 052/060 | loss 0.9059 | cls 1.0023 | tal -0.3581 | dual_g 0.0110 | dual_d 1.4034 | train_acc 1.0000 | train_full n/a | val_acc 0.9231 | val_f1 0.9250 | adv/moduleC 1.00/1.00 | disc_steps 2 | grad(main/disc) 1.269/1.841 | lr(main/disc) 5.00e-05/1.50e-05 | cuda_peak(alloc/resv) 21.77/28.18GB | phase(train/val/raw/train_eval) 3.1/0.4/0.0/0.0s | 3.5s
2026-08-29 19:38:47 | Early stopping at epoch 52 after 20 epochs without val_f1_macro_present improvement.
2026-08-29 19:38:47 | Training complete. Peak validation accuracy: 1.0000 | selected val_f1_macro_present: 0.9630
