2026-08-29 19:38:47 | Starting Dual_D standalone training
2026-08-29 19:38:47 | Run directory: runs/module_c_ablation_60_v7/module_c_20260829_145907/module_c_no_module_c_雨天_20260829_190447
2026-08-29 19:38:47 | Device: cuda
2026-08-29 19:38:47 | Source train samples: 992
2026-08-29 19:38:47 | Target train samples: 96
2026-08-29 19:38:47 | Target val samples: 26
2026-08-29 19:38:47 | Classes: 14
2026-08-29 19:38:47 | Data audit: same_dir=False | path_overlap(vis/ir/ais)=0/0/0 | content_overlap(vis/ir/ais)=0/0/0 | ais_index_overlap=0 | stem_mismatch(vis-ir/vis-ais)=117/0
2026-08-29 19:38:47 | source_train classes: present 14/14 | absent 0 | counts [0:120, 1:44, 2:69, 3:45, 4:40, 5:30, 6:64, 7:80, 8:116, 9:68, 10:57, 11:83, 12:48, 13:128]
2026-08-29 19:38:47 | target_train classes: present 6/14 | absent 8 | counts [0:7, 2:19, 9:32, 10:12, 11:6, 13:20]
2026-08-29 19:38:47 | target_val classes: present 6/14 | absent 8 | counts [0:2, 2:5, 9:8, 10:4, 11:2, 13:5]
2026-08-29 19:38:47 | Paired training classes: 6/14 | class ids [0, 2, 9, 10, 11, 13]
2026-08-29 19:38:47 | Runtime profile: batch=92 | paired_steps=4 | workers=16 | train_eval_every=5 | raw_eval_every=5 | stability_window=3 | lr_scheduler_start=24 | early_stop=20 after min_epoch=50
2026-08-29 19:38:47 | VIS/IR pairing: class-level-unpaired | count-mismatch classes train/val: 10/0 | AIS alignment: none | AIS rows train/val: 0/0
2026-08-29 19:38:48 | Effective Dual-D loss weights: {"adv_auxiliary": 0.02, "adv_primary": 0.02, "classification": 0.0, "contrastive": 0.0, "cycle": 0.0, "identity": 0.0, "prototype_contrastive": 0.0}
2026-08-29 19:38:48 | Model parameters: total=17277714 | trainable=17120210
2026-08-29 19:38:53 | Epoch 001/060 | loss 5.3755 | cls 5.4691 | tal -0.3120 | dual_g 0.0000 | dual_d 0.0000 | train_acc 0.1522 | train_full 0.0938 | val_acc 0.1538 | val_f1 0.1667 | adv/moduleC 0.00/0.00 | disc_steps 0 | grad(main/disc) 17.022/0.000 | lr(main/disc) 1.00e-04/3.00e-05 | cuda_peak(alloc/resv) 21.77/28.18GB | phase(train/val/raw/train_eval) 3.9/0.4/0.4/0.8s | 5.5s
2026-08-29 19:38:57 | Epoch 002/060 | loss 4.0107 | cls 4.0555 | tal -0.1493 | dual_g 0.0000 | dual_d 0.0000 | train_acc 0.3261 | train_full n/a | val_acc 0.2308 | val_f1 0.1201 | adv/moduleC 0.00/0.00 | disc_steps 0 | grad(main/disc) 12.934/0.000 | lr(main/disc) 1.00e-04/3.00e-05 | cuda_peak(alloc/resv) 21.77/28.18GB | phase(train/val/raw/train_eval) 3.1/0.4/0.0/0.0s | 3.6s
2026-08-29 19:39:01 | Epoch 003/060 | loss 3.2246 | cls 3.2625 | tal -0.1264 | dual_g 0.0000 | dual_d 0.0000 | train_acc 0.5598 | train_full n/a | val_acc 0.1923 | val_f1 0.0538 | adv/moduleC 0.00/0.00 | disc_steps 0 | grad(main/disc) 10.950/0.000 | lr(main/disc) 1.00e-04/3.00e-05 | cuda_peak(alloc/resv) 21.77/28.18GB | phase(train/val/raw/train_eval) 3.5/0.4/0.4/0.0s | 4.4s
2026-08-29 19:39:04 | New best val_f1_macro_present: raw=0.0538 stable_score=0.0538 at epoch 3
2026-08-29 19:39:07 | Epoch 004/060 | loss 2.7767 | cls 2.8337 | tal -0.1899 | dual_g 0.0000 | dual_d 0.0000 | train_acc 0.6549 | train_full n/a | val_acc 0.1923 | val_f1 0.0538 | adv/moduleC 0.00/0.14 | disc_steps 0 | grad(main/disc) 9.858/0.000 | lr(main/disc) 1.00e-04/3.00e-05 | cuda_peak(alloc/resv) 21.77/28.18GB | phase(train/val/raw/train_eval) 3.0/0.4/0.0/0.0s | 3.4s
2026-08-29 19:39:12 | Epoch 005/060 | loss 2.2564 | cls 2.3174 | tal -0.2035 | dual_g 0.0000 | dual_d 0.0000 | train_acc 0.7364 | train_full 0.2812 | val_acc 0.3077 | val_f1 0.2476 | adv/moduleC 0.00/0.29 | disc_steps 0 | grad(main/disc) 8.415/0.000 | lr(main/disc) 1.00e-04/3.00e-05 | cuda_peak(alloc/resv) 21.77/28.18GB | phase(train/val/raw/train_eval) 3.2/0.4/0.4/0.6s | 4.7s
2026-08-29 19:39:16 | Epoch 006/060 | loss 2.1117 | cls 2.1548 | tal -0.1501 | dual_g 0.0019 | dual_d 0.8178 | train_acc 0.7609 | train_full n/a | val_acc 0.3077 | val_f1 0.2444 | adv/moduleC 0.07/0.43 | disc_steps 2 | grad(main/disc) 7.778/1.574 | lr(main/disc) 1.00e-04/3.00e-05 | cuda_peak(alloc/resv) 21.77/28.18GB | phase(train/val/raw/train_eval) 3.3/0.4/0.0/0.0s | 3.7s
2026-08-29 19:39:20 | Epoch 007/060 | loss 1.9089 | cls 1.9322 | tal -0.0895 | dual_g 0.0036 | dual_d 0.8473 | train_acc 0.8505 | train_full n/a | val_acc 0.3846 | val_f1 0.3048 | adv/moduleC 0.13/0.57 | disc_steps 2 | grad(main/disc) 7.313/1.579 | lr(main/disc) 1.00e-04/3.00e-05 | cuda_peak(alloc/resv) 21.77/28.18GB | phase(train/val/raw/train_eval) 3.0/0.4/0.4/0.0s | 3.9s
2026-08-29 19:39:23 | New best val_f1_macro_present: raw=0.3048 stable_score=0.2444 at epoch 7
2026-08-29 19:39:26 | Epoch 008/060 | loss 1.6623 | cls 1.6807 | tal -0.0778 | dual_g 0.0050 | dual_d 0.8782 | train_acc 0.9103 | train_full n/a | val_acc 0.4231 | val_f1 0.3571 | adv/moduleC 0.20/0.71 | disc_steps 2 | grad(main/disc) 6.712/1.628 | lr(main/disc) 1.00e-04/3.00e-05 | cuda_peak(alloc/resv) 21.77/28.18GB | phase(train/val/raw/train_eval) 3.0/0.4/0.0/0.0s | 3.5s
2026-08-29 19:39:30 | Epoch 009/060 | loss 1.5722 | cls 1.5968 | tal -0.1013 | dual_g 0.0058 | dual_d 0.9676 | train_acc 0.9212 | train_full n/a | val_acc 0.4615 | val_f1 0.4092 | adv/moduleC 0.27/0.86 | disc_steps 2 | grad(main/disc) 7.412/1.704 | lr(main/disc) 1.00e-04/3.00e-05 | cuda_peak(alloc/resv) 21.77/28.18GB | phase(train/val/raw/train_eval) 3.4/0.4/0.4/0.0s | 4.2s
2026-08-29 19:39:33 | New best val_f1_macro_present: raw=0.4092 stable_score=0.3048 at epoch 9
2026-08-29 19:39:38 | Epoch 010/060 | loss 1.4551 | cls 1.4836 | tal -0.1192 | dual_g 0.0072 | dual_d 0.9078 | train_acc 0.9429 | train_full 0.6979 | val_acc 0.5769 | val_f1 0.5424 | adv/moduleC 0.33/1.00 | disc_steps 2 | grad(main/disc) 6.746/1.619 | lr(main/disc) 1.00e-04/3.00e-05 | cuda_peak(alloc/resv) 21.77/28.18GB | phase(train/val/raw/train_eval) 3.0/0.4/0.4/0.6s | 4.5s
2026-08-29 19:39:40 | New best val_f1_macro_present: raw=0.5424 stable_score=0.3571 at epoch 10
2026-08-29 19:39:44 | Epoch 011/060 | loss 1.3525 | cls 1.3673 | tal -0.0762 | dual_g 0.0081 | dual_d 1.0130 | train_acc 0.9592 | train_full n/a | val_acc 0.6154 | val_f1 0.5843 | adv/moduleC 0.40/1.00 | disc_steps 2 | grad(main/disc) 5.856/1.708 | lr(main/disc) 1.00e-04/3.00e-05 | cuda_peak(alloc/resv) 21.77/28.18GB | phase(train/val/raw/train_eval) 3.2/0.4/0.4/0.0s | 4.0s
2026-08-29 19:39:47 | New best val_f1_macro_present: raw=0.5843 stable_score=0.4092 at epoch 11
2026-08-29 19:39:51 | Epoch 012/060 | loss 1.3077 | cls 1.3287 | tal -0.0972 | dual_g 0.0081 | dual_d 1.0524 | train_acc 0.9728 | train_full n/a | val_acc 0.7692 | val_f1 0.8316 | adv/moduleC 0.47/1.00 | disc_steps 2 | grad(main/disc) 5.250/1.669 | lr(main/disc) 1.00e-04/3.00e-05 | cuda_peak(alloc/resv) 21.77/28.18GB | phase(train/val/raw/train_eval) 3.3/0.4/0.4/0.0s | 4.1s
2026-08-29 19:39:54 | New best val_f1_macro_present: raw=0.8316 stable_score=0.5424 at epoch 12
2026-08-29 19:39:58 | Epoch 013/060 | loss 1.2503 | cls 1.2611 | tal -0.0640 | dual_g 0.0084 | dual_d 1.1037 | train_acc 0.9891 | train_full n/a | val_acc 0.7308 | val_f1 0.7926 | adv/moduleC 0.53/1.00 | disc_steps 2 | grad(main/disc) 5.691/1.732 | lr(main/disc) 1.00e-04/3.00e-05 | cuda_peak(alloc/resv) 21.77/28.18GB | phase(train/val/raw/train_eval) 3.3/0.4/0.4/0.0s | 4.2s
2026-08-29 19:40:01 | New best val_f1_macro_present: raw=0.7926 stable_score=0.5843 at epoch 13
2026-08-29 19:40:05 | Epoch 014/060 | loss 1.2193 | cls 1.2210 | tal -0.0351 | dual_g 0.0088 | dual_d 1.0781 | train_acc 0.9864 | train_full n/a | val_acc 0.8077 | val_f1 0.8319 | adv/moduleC 0.60/1.00 | disc_steps 2 | grad(main/disc) 5.507/1.674 | lr(main/disc) 1.00e-04/3.00e-05 | cuda_peak(alloc/resv) 21.77/28.18GB | phase(train/val/raw/train_eval) 3.2/0.4/0.4/0.0s | 4.1s
2026-08-29 19:40:08 | New best val_f1_macro_present: raw=0.8319 stable_score=0.7926 at epoch 14
2026-08-29 19:40:13 | Epoch 015/060 | loss 1.1791 | cls 1.1836 | tal -0.0450 | dual_g 0.0091 | dual_d 1.1123 | train_acc 0.9918 | train_full 0.8646 | val_acc 0.8077 | val_f1 0.8704 | adv/moduleC 0.67/1.00 | disc_steps 2 | grad(main/disc) 3.876/1.673 | lr(main/disc) 1.00e-04/3.00e-05 | cuda_peak(alloc/resv) 21.77/28.18GB | phase(train/val/raw/train_eval) 3.6/0.4/0.4/0.6s | 5.1s
2026-08-29 19:40:17 | Epoch 016/060 | loss 1.1887 | cls 1.1992 | tal -0.0668 | dual_g 0.0096 | dual_d 1.1705 | train_acc 0.9810 | train_full n/a | val_acc 0.8462 | val_f1 0.8954 | adv/moduleC 0.73/1.00 | disc_steps 2 | grad(main/disc) 4.674/1.744 | lr(main/disc) 1.00e-04/3.00e-05 | cuda_peak(alloc/resv) 21.77/28.18GB | phase(train/val/raw/train_eval) 3.1/0.4/0.4/0.0s | 4.0s
2026-08-29 19:40:20 | New best val_f1_macro_present: raw=0.8954 stable_score=0.8319 at epoch 16
2026-08-29 19:40:23 | Epoch 017/060 | loss 1.1660 | cls 1.1688 | tal -0.0399 | dual_g 0.0092 | dual_d 1.1514 | train_acc 0.9946 | train_full n/a | val_acc 0.8077 | val_f1 0.8079 | adv/moduleC 0.80/1.00 | disc_steps 2 | grad(main/disc) 4.362/1.668 | lr(main/disc) 1.00e-04/3.00e-05 | cuda_peak(alloc/resv) 21.77/28.18GB | phase(train/val/raw/train_eval) 3.1/0.4/0.0/0.0s | 3.5s
2026-08-29 19:40:27 | Epoch 018/060 | loss 1.1529 | cls 1.1526 | tal -0.0324 | dual_g 0.0101 | dual_d 1.2066 | train_acc 0.9810 | train_full n/a | val_acc 0.9615 | val_f1 0.9737 | adv/moduleC 0.87/1.00 | disc_steps 2 | grad(main/disc) 4.094/1.762 | lr(main/disc) 1.00e-04/3.00e-05 | cuda_peak(alloc/resv) 21.77/28.18GB | phase(train/val/raw/train_eval) 3.0/0.4/0.0/0.0s | 3.4s
2026-08-29 19:40:30 | Epoch 019/060 | loss 1.1356 | cls 1.1209 | tal 0.0141 | dual_g 0.0105 | dual_d 1.2061 | train_acc 0.9946 | train_full n/a | val_acc 0.8462 | val_f1 0.8862 | adv/moduleC 0.93/1.00 | disc_steps 2 | grad(main/disc) 3.559/1.777 | lr(main/disc) 1.00e-04/3.00e-05 | cuda_peak(alloc/resv) 21.77/28.18GB | phase(train/val/raw/train_eval) 3.1/0.4/0.0/0.0s | 3.6s
2026-08-29 19:40:35 | Epoch 020/060 | loss 1.0974 | cls 1.0955 | tal -0.0310 | dual_g 0.0112 | dual_d 1.2599 | train_acc 0.9946 | train_full 0.8750 | val_acc 0.8846 | val_f1 0.9192 | adv/moduleC 1.00/1.00 | disc_steps 2 | grad(main/disc) 2.934/1.756 | lr(main/disc) 1.00e-04/3.00e-05 | cuda_peak(alloc/resv) 21.77/28.18GB | phase(train/val/raw/train_eval) 3.0/0.4/0.4/0.6s | 4.5s
2026-08-29 19:40:38 | New best val_f1_macro_present: raw=0.9192 stable_score=0.8862 at epoch 20
2026-08-29 19:40:41 | Epoch 021/060 | loss 1.0863 | cls 1.0899 | tal -0.0463 | dual_g 0.0103 | dual_d 1.2912 | train_acc 1.0000 | train_full n/a | val_acc 0.8846 | val_f1 0.9231 | adv/moduleC 1.00/1.00 | disc_steps 2 | grad(main/disc) 3.337/1.801 | lr(main/disc) 1.00e-04/3.00e-05 | cuda_peak(alloc/resv) 21.77/28.18GB | phase(train/val/raw/train_eval) 3.1/0.4/0.0/0.0s | 3.5s
2026-08-29 19:40:45 | Epoch 022/060 | loss 1.0862 | cls 1.0830 | tal -0.0201 | dual_g 0.0093 | dual_d 1.2427 | train_acc 1.0000 | train_full n/a | val_acc 0.9231 | val_f1 0.9277 | adv/moduleC 1.00/1.00 | disc_steps 2 | grad(main/disc) 2.857/1.752 | lr(main/disc) 1.00e-04/3.00e-05 | cuda_peak(alloc/resv) 21.77/28.18GB | phase(train/val/raw/train_eval) 3.3/0.4/0.4/0.0s | 4.2s
2026-08-29 19:40:48 | New best val_f1_macro_present: raw=0.9277 stable_score=0.9192 at epoch 22
2026-08-29 19:40:52 | Epoch 023/060 | loss 1.1119 | cls 1.1088 | tal -0.0230 | dual_g 0.0100 | dual_d 1.3184 | train_acc 0.9891 | train_full n/a | val_acc 0.8846 | val_f1 0.9004 | adv/moduleC 1.00/1.00 | disc_steps 2 | grad(main/disc) 4.098/1.856 | lr(main/disc) 1.00e-04/3.00e-05 | cuda_peak(alloc/resv) 21.77/28.18GB | phase(train/val/raw/train_eval) 3.3/0.4/0.0/0.0s | 3.8s
2026-08-29 19:40:56 | Epoch 024/060 | loss 1.1123 | cls 1.0873 | tal 0.0535 | dual_g 0.0090 | dual_d 1.2966 | train_acc 0.9973 | train_full n/a | val_acc 0.9615 | val_f1 0.9556 | adv/moduleC 1.00/1.00 | disc_steps 2 | grad(main/disc) 3.440/1.769 | lr(main/disc) 1.00e-04/3.00e-05 | cuda_peak(alloc/resv) 21.77/28.18GB | phase(train/val/raw/train_eval) 3.1/0.4/0.0/0.0s | 3.6s
2026-08-29 19:41:00 | Epoch 025/060 | loss 1.0877 | cls 1.0700 | tal 0.0274 | dual_g 0.0094 | dual_d 1.2822 | train_acc 1.0000 | train_full 0.9167 | val_acc 1.0000 | val_f1 1.0000 | adv/moduleC 1.00/1.00 | disc_steps 2 | grad(main/disc) 2.875/1.775 | lr(main/disc) 1.00e-04/3.00e-05 | cuda_peak(alloc/resv) 21.77/28.18GB | phase(train/val/raw/train_eval) 3.3/0.4/0.4/0.6s | 4.8s
2026-08-29 19:41:04 | Epoch 026/060 | loss 1.0779 | cls 1.0539 | tal 0.0506 | dual_g 0.0088 | dual_d 1.3515 | train_acc 1.0000 | train_full n/a | val_acc 1.0000 | val_f1 1.0000 | adv/moduleC 1.00/1.00 | disc_steps 2 | grad(main/disc) 2.328/1.881 | lr(main/disc) 1.00e-04/3.00e-05 | cuda_peak(alloc/resv) 21.77/28.18GB | phase(train/val/raw/train_eval) 3.2/0.4/0.4/0.0s | 4.1s
2026-08-29 19:41:07 | New best val_f1_macro_present: raw=1.0000 stable_score=0.9556 at epoch 26
2026-08-29 19:41:11 | Epoch 027/060 | loss 1.0806 | cls 1.0694 | tal 0.0065 | dual_g 0.0092 | dual_d 1.3779 | train_acc 1.0000 | train_full n/a | val_acc 1.0000 | val_f1 1.0000 | adv/moduleC 1.00/1.00 | disc_steps 2 | grad(main/disc) 3.526/1.843 | lr(main/disc) 1.00e-04/3.00e-05 | cuda_peak(alloc/resv) 21.77/28.18GB | phase(train/val/raw/train_eval) 3.1/0.4/0.4/0.0s | 4.0s
2026-08-29 19:41:14 | New best val_f1_macro_present: raw=1.0000 stable_score=1.0000 at epoch 27
2026-08-29 19:41:18 | Epoch 028/060 | loss 1.0480 | cls 1.0523 | tal -0.0433 | dual_g 0.0087 | dual_d 1.3810 | train_acc 1.0000 | train_full n/a | val_acc 1.0000 | val_f1 1.0000 | adv/moduleC 1.00/1.00 | disc_steps 2 | grad(main/disc) 2.531/1.926 | lr(main/disc) 1.00e-04/3.00e-05 | cuda_peak(alloc/resv) 21.77/28.18GB | phase(train/val/raw/train_eval) 3.2/0.4/0.0/0.0s | 3.6s
2026-08-29 19:41:21 | Epoch 029/060 | loss 1.0617 | cls 1.0513 | tal 0.0085 | dual_g 0.0079 | dual_d 1.3643 | train_acc 1.0000 | train_full n/a | val_acc 1.0000 | val_f1 1.0000 | adv/moduleC 1.00/1.00 | disc_steps 2 | grad(main/disc) 2.595/1.853 | lr(main/disc) 1.00e-04/3.00e-05 | cuda_peak(alloc/resv) 21.77/28.18GB | phase(train/val/raw/train_eval) 3.1/0.4/0.0/0.0s | 3.5s
2026-08-29 19:41:26 | Epoch 030/060 | loss 1.0629 | cls 1.0649 | tal -0.0349 | dual_g 0.0085 | dual_d 1.4143 | train_acc 1.0000 | train_full 1.0000 | val_acc 1.0000 | val_f1 1.0000 | adv/moduleC 1.00/1.00 | disc_steps 2 | grad(main/disc) 3.188/1.851 | lr(main/disc) 1.00e-04/3.00e-05 | cuda_peak(alloc/resv) 21.77/28.18GB | phase(train/val/raw/train_eval) 3.4/0.4/0.4/0.6s | 4.9s
2026-08-29 19:41:30 | Epoch 031/060 | loss 1.0558 | cls 1.0459 | tal 0.0068 | dual_g 0.0079 | dual_d 1.3879 | train_acc 1.0000 | train_full n/a | val_acc 1.0000 | val_f1 1.0000 | adv/moduleC 1.00/1.00 | disc_steps 2 | grad(main/disc) 2.610/1.857 | lr(main/disc) 1.00e-04/3.00e-05 | cuda_peak(alloc/resv) 21.77/28.18GB | phase(train/val/raw/train_eval) 3.2/0.4/0.0/0.0s | 3.6s
2026-08-29 19:41:33 | Epoch 032/060 | loss 1.0369 | cls 1.0445 | tal -0.0528 | dual_g 0.0083 | dual_d 1.3286 | train_acc 0.9973 | train_full n/a | val_acc 1.0000 | val_f1 1.0000 | adv/moduleC 1.00/1.00 | disc_steps 2 | grad(main/disc) 2.082/1.834 | lr(main/disc) 1.00e-04/3.00e-05 | cuda_peak(alloc/resv) 21.77/28.18GB | phase(train/val/raw/train_eval) 3.3/0.4/0.0/0.0s | 3.7s
2026-08-29 19:41:37 | Epoch 033/060 | loss 1.0584 | cls 1.0588 | tal -0.0254 | dual_g 0.0072 | dual_d 1.3417 | train_acc 0.9973 | train_full n/a | val_acc 1.0000 | val_f1 1.0000 | adv/moduleC 1.00/1.00 | disc_steps 2 | grad(main/disc) 2.766/1.822 | lr(main/disc) 1.00e-04/3.00e-05 | cuda_peak(alloc/resv) 21.77/28.18GB | phase(train/val/raw/train_eval) 3.0/0.4/0.0/0.0s | 3.5s
2026-08-29 19:41:41 | Epoch 034/060 | loss 1.0521 | cls 1.0482 | tal -0.0143 | dual_g 0.0081 | dual_d 1.3450 | train_acc 1.0000 | train_full n/a | val_acc 1.0000 | val_f1 1.0000 | adv/moduleC 1.00/1.00 | disc_steps 2 | grad(main/disc) 2.279/1.823 | lr(main/disc) 1.00e-04/3.00e-05 | cuda_peak(alloc/resv) 21.77/28.18GB | phase(train/val/raw/train_eval) 3.4/0.4/0.0/0.0s | 3.9s
2026-08-29 19:41:45 | Epoch 035/060 | loss 1.0640 | cls 1.0472 | tal 0.0289 | dual_g 0.0082 | dual_d 1.3846 | train_acc 1.0000 | train_full 0.9479 | val_acc 1.0000 | val_f1 1.0000 | adv/moduleC 1.00/1.00 | disc_steps 2 | grad(main/disc) 2.203/1.865 | lr(main/disc) 1.00e-04/3.00e-05 | cuda_peak(alloc/resv) 21.77/28.18GB | phase(train/val/raw/train_eval) 3.0/0.4/0.4/0.6s | 4.5s
2026-08-29 19:41:49 | Epoch 036/060 | loss 1.0405 | cls 1.0240 | tal 0.0264 | dual_g 0.0086 | dual_d 1.3393 | train_acc 1.0000 | train_full n/a | val_acc 1.0000 | val_f1 1.0000 | adv/moduleC 1.00/1.00 | disc_steps 2 | grad(main/disc) 1.812/1.757 | lr(main/disc) 1.00e-04/3.00e-05 | cuda_peak(alloc/resv) 21.77/28.18GB | phase(train/val/raw/train_eval) 3.4/0.4/0.0/0.0s | 3.9s
2026-08-29 19:41:53 | Epoch 037/060 | loss 1.0445 | cls 1.0228 | tal 0.0454 | dual_g 0.0081 | dual_d 1.3410 | train_acc 1.0000 | train_full n/a | val_acc 1.0000 | val_f1 1.0000 | adv/moduleC 1.00/1.00 | disc_steps 2 | grad(main/disc) 1.582/1.824 | lr(main/disc) 1.00e-04/3.00e-05 | cuda_peak(alloc/resv) 21.77/28.18GB | phase(train/val/raw/train_eval) 3.4/0.4/0.0/0.0s | 3.8s
2026-08-29 19:41:57 | Epoch 038/060 | loss 1.0649 | cls 1.0277 | tal 0.0961 | dual_g 0.0083 | dual_d 1.3498 | train_acc 1.0000 | train_full n/a | val_acc 1.0000 | val_f1 1.0000 | adv/moduleC 1.00/1.00 | disc_steps 2 | grad(main/disc) 1.842/1.825 | lr(main/disc) 5.00e-05/1.50e-05 | cuda_peak(alloc/resv) 21.77/28.18GB | phase(train/val/raw/train_eval) 3.3/0.4/0.0/0.0s | 3.8s
2026-08-29 19:42:00 | Epoch 039/060 | loss 1.0669 | cls 1.0270 | tal 0.1044 | dual_g 0.0086 | dual_d 1.3316 | train_acc 1.0000 | train_full n/a | val_acc 1.0000 | val_f1 1.0000 | adv/moduleC 1.00/1.00 | disc_steps 2 | grad(main/disc) 1.847/1.788 | lr(main/disc) 5.00e-05/1.50e-05 | cuda_peak(alloc/resv) 21.77/28.18GB | phase(train/val/raw/train_eval) 3.2/0.4/0.0/0.0s | 3.6s
2026-08-29 19:42:05 | Epoch 040/060 | loss 1.0551 | cls 1.0195 | tal 0.0897 | dual_g 0.0088 | dual_d 1.3993 | train_acc 1.0000 | train_full 0.9583 | val_acc 1.0000 | val_f1 1.0000 | adv/moduleC 1.00/1.00 | disc_steps 2 | grad(main/disc) 1.774/1.852 | lr(main/disc) 5.00e-05/1.50e-05 | cuda_peak(alloc/resv) 21.77/28.18GB | phase(train/val/raw/train_eval) 3.4/0.4/0.4/0.6s | 5.0s
2026-08-29 19:42:09 | Epoch 041/060 | loss 1.0405 | cls 1.0160 | tal 0.0550 | dual_g 0.0080 | dual_d 1.3601 | train_acc 1.0000 | train_full n/a | val_acc 1.0000 | val_f1 1.0000 | adv/moduleC 1.00/1.00 | disc_steps 2 | grad(main/disc) 1.380/1.787 | lr(main/disc) 5.00e-05/1.50e-05 | cuda_peak(alloc/resv) 21.77/28.18GB | phase(train/val/raw/train_eval) 3.0/0.4/0.0/0.0s | 3.4s
2026-08-29 19:42:12 | Epoch 042/060 | loss 1.0488 | cls 1.0192 | tal 0.0722 | dual_g 0.0079 | dual_d 1.3698 | train_acc 1.0000 | train_full n/a | val_acc 1.0000 | val_f1 1.0000 | adv/moduleC 1.00/1.00 | disc_steps 2 | grad(main/disc) 1.440/1.794 | lr(main/disc) 5.00e-05/1.50e-05 | cuda_peak(alloc/resv) 21.77/28.18GB | phase(train/val/raw/train_eval) 3.1/0.4/0.0/0.0s | 3.6s
2026-08-29 19:42:16 | Epoch 043/060 | loss 1.0384 | cls 1.0173 | tal 0.0436 | dual_g 0.0081 | dual_d 1.3674 | train_acc 1.0000 | train_full n/a | val_acc 1.0000 | val_f1 1.0000 | adv/moduleC 1.00/1.00 | disc_steps 2 | grad(main/disc) 1.455/1.836 | lr(main/disc) 5.00e-05/1.50e-05 | cuda_peak(alloc/resv) 21.77/28.18GB | phase(train/val/raw/train_eval) 3.1/0.4/0.0/0.0s | 3.5s
2026-08-29 19:42:19 | Epoch 044/060 | loss 1.0452 | cls 1.0102 | tal 0.0890 | dual_g 0.0083 | dual_d 1.3571 | train_acc 1.0000 | train_full n/a | val_acc 1.0000 | val_f1 1.0000 | adv/moduleC 1.00/1.00 | disc_steps 2 | grad(main/disc) 1.342/1.785 | lr(main/disc) 5.00e-05/1.50e-05 | cuda_peak(alloc/resv) 21.77/28.18GB | phase(train/val/raw/train_eval) 3.0/0.4/0.0/0.0s | 3.4s
2026-08-29 19:42:24 | Epoch 045/060 | loss 1.0427 | cls 1.0183 | tal 0.0539 | dual_g 0.0082 | dual_d 1.3796 | train_acc 1.0000 | train_full 0.9792 | val_acc 1.0000 | val_f1 1.0000 | adv/moduleC 1.00/1.00 | disc_steps 2 | grad(main/disc) 1.448/1.810 | lr(main/disc) 5.00e-05/1.50e-05 | cuda_peak(alloc/resv) 21.77/28.18GB | phase(train/val/raw/train_eval) 3.3/0.4/0.4/0.6s | 4.8s
2026-08-29 19:42:27 | Epoch 046/060 | loss 1.0533 | cls 1.0190 | tal 0.0860 | dual_g 0.0084 | dual_d 1.3516 | train_acc 1.0000 | train_full n/a | val_acc 1.0000 | val_f1 1.0000 | adv/moduleC 1.00/1.00 | disc_steps 2 | grad(main/disc) 1.784/1.808 | lr(main/disc) 5.00e-05/1.50e-05 | cuda_peak(alloc/resv) 21.77/28.18GB | phase(train/val/raw/train_eval) 3.0/0.4/0.0/0.0s | 3.4s
2026-08-29 19:42:31 | Epoch 047/060 | loss 1.0454 | cls 1.0144 | tal 0.0761 | dual_g 0.0081 | dual_d 1.4087 | train_acc 1.0000 | train_full n/a | val_acc 1.0000 | val_f1 1.0000 | adv/moduleC 1.00/1.00 | disc_steps 2 | grad(main/disc) 1.350/1.850 | lr(main/disc) 5.00e-05/1.50e-05 | cuda_peak(alloc/resv) 21.77/28.18GB | phase(train/val/raw/train_eval) 3.1/0.4/0.0/0.0s | 3.5s
2026-08-29 19:42:34 | Epoch 048/060 | loss 1.0489 | cls 1.0193 | tal 0.0723 | dual_g 0.0079 | dual_d 1.3302 | train_acc 1.0000 | train_full n/a | val_acc 1.0000 | val_f1 1.0000 | adv/moduleC 1.00/1.00 | disc_steps 2 | grad(main/disc) 1.498/1.801 | lr(main/disc) 5.00e-05/1.50e-05 | cuda_peak(alloc/resv) 21.77/28.18GB | phase(train/val/raw/train_eval) 3.1/0.4/0.0/0.0s | 3.5s
2026-08-29 19:42:38 | Epoch 049/060 | loss 1.0401 | cls 1.0115 | tal 0.0685 | dual_g 0.0080 | dual_d 1.3976 | train_acc 1.0000 | train_full n/a | val_acc 1.0000 | val_f1 1.0000 | adv/moduleC 1.00/1.00 | disc_steps 2 | grad(main/disc) 1.332/1.782 | lr(main/disc) 5.00e-05/1.50e-05 | cuda_peak(alloc/resv) 21.77/28.18GB | phase(train/val/raw/train_eval) 3.4/0.4/0.0/0.0s | 3.8s
2026-08-29 19:42:43 | Epoch 050/060 | loss 1.0457 | cls 1.0164 | tal 0.0719 | dual_g 0.0077 | dual_d 1.3381 | train_acc 1.0000 | train_full 1.0000 | val_acc 1.0000 | val_f1 1.0000 | adv/moduleC 1.00/1.00 | disc_steps 2 | grad(main/disc) 1.450/1.759 | lr(main/disc) 5.00e-05/1.50e-05 | cuda_peak(alloc/resv) 21.77/28.18GB | phase(train/val/raw/train_eval) 3.0/0.4/0.4/0.6s | 4.5s
2026-08-29 19:42:43 | Early stopping at epoch 50 after 23 epochs without val_f1_macro_present improvement.
2026-08-29 19:42:43 | Training complete. Peak validation accuracy: 1.0000 | selected val_f1_macro_present: 1.0000
