2026-08-22 04:27:27 | Starting Dual_D standalone training
2026-08-22 04:27:27 | Run directory: runs/module_c_ablation/module_c_no_prototype_contrastive_逆光_iter01_20260822_013452
2026-08-22 04:27:27 | Device: cuda
2026-08-22 04:27:27 | Source train samples: 992
2026-08-22 04:27:27 | Target train samples: 132
2026-08-22 04:27:27 | Target val samples: 37
2026-08-22 04:27:27 | Classes: 14
2026-08-22 04:27:27 | Data audit: same_dir=False | path_overlap(vis/ir/ais)=0/0/0 | content_overlap(vis/ir/ais)=0/0/0 | ais_index_overlap=0 | stem_mismatch(vis-ir/vis-ais)=157/0
2026-08-22 04:27:27 | source_train classes: present 14/14 | absent 0 | counts [0:120, 1:44, 2:69, 3:45, 4:40, 5:30, 6:64, 7:80, 8:116, 9:68, 10:57, 11:83, 12:48, 13:128]
2026-08-22 04:27:27 | target_train classes: present 9/14 | absent 5 | counts [0:20, 2:12, 4:12, 5:2, 9:16, 10:16, 11:29, 12:4, 13:21]
2026-08-22 04:27:27 | target_val classes: present 9/14 | absent 5 | counts [0:6, 2:3, 4:4, 5:1, 9:4, 10:4, 11:8, 12:1, 13:6]
2026-08-22 04:27:27 | Paired training classes: 9/14 | class ids [0, 2, 4, 5, 9, 10, 11, 12, 13]
2026-08-22 04:27:27 | VIS/IR pairing: class-level-unpaired | count-mismatch classes train/val: 10/1 | AIS alignment: none | AIS rows train/val: 0/0
2026-08-22 04:27:28 | Model parameters: total=17277714 | trainable=17120210
2026-08-22 04:27:55 | Epoch 001/100 | loss 10.4163 | cls 5.6264 | tal -0.2279 | dual_g 4.8582 | dual_d 0.0000 | train_acc 0.0500 | train_full 0.0152 | val_acc 0.0000 | val_f1 0.0000 | grad(main/disc) 32.693/0.000 | lr(main/disc) 7.00e-05/3.50e-05 | 26.9s
2026-08-22 04:27:55 | New best val_f1_macro_present: 0.0000 at epoch 1
2026-08-22 04:28:22 | Epoch 002/100 | loss 8.8549 | cls 4.8133 | tal -0.3377 | dual_g 4.1429 | dual_d 0.0000 | train_acc 0.1250 | train_full 0.2045 | val_acc 0.2432 | val_f1 0.1624 | grad(main/disc) 27.525/0.000 | lr(main/disc) 7.00e-05/3.50e-05 | 26.3s
2026-08-22 04:28:22 | New best val_f1_macro_present: 0.1624 at epoch 2
2026-08-22 04:28:49 | Epoch 003/100 | loss 7.7171 | cls 4.0344 | tal -0.2050 | dual_g 3.7441 | dual_d 0.0000 | train_acc 0.2000 | train_full 0.2803 | val_acc 0.3514 | val_f1 0.2589 | grad(main/disc) 23.683/0.000 | lr(main/disc) 7.00e-05/3.50e-05 | 27.3s
2026-08-22 04:28:50 | New best val_f1_macro_present: 0.2589 at epoch 3
2026-08-22 04:29:17 | Epoch 004/100 | loss 7.1458 | cls 3.7734 | tal -0.2297 | dual_g 3.4413 | dual_d 0.0000 | train_acc 0.3438 | train_full 0.4773 | val_acc 0.5135 | val_f1 0.4265 | grad(main/disc) 22.456/0.000 | lr(main/disc) 7.00e-05/3.50e-05 | 27.0s
2026-08-22 04:29:17 | New best val_f1_macro_present: 0.4265 at epoch 4
2026-08-22 04:29:44 | Epoch 005/100 | loss 6.5919 | cls 3.5171 | tal -0.3171 | dual_g 3.1699 | dual_d 0.0000 | train_acc 0.3688 | train_full 0.6439 | val_acc 0.5405 | val_f1 0.5402 | grad(main/disc) 21.028/0.000 | lr(main/disc) 7.00e-05/3.50e-05 | 26.5s
2026-08-22 04:29:44 | New best val_f1_macro_present: 0.5402 at epoch 5
2026-08-22 04:30:11 | Epoch 006/100 | loss 6.2354 | cls 3.3534 | tal -0.2871 | dual_g 2.9681 | dual_d 0.7535 | train_acc 0.4500 | train_full 0.7500 | val_acc 0.6486 | val_f1 0.6885 | grad(main/disc) 20.537/1.740 | lr(main/disc) 7.00e-05/3.50e-05 | 26.7s
2026-08-22 04:30:11 | New best val_f1_macro_present: 0.6885 at epoch 6
2026-08-22 04:30:37 | Epoch 007/100 | loss 5.7015 | cls 2.9841 | tal -0.3164 | dual_g 2.8124 | dual_d 0.7378 | train_acc 0.4688 | train_full 0.8030 | val_acc 0.7838 | val_f1 0.7616 | grad(main/disc) 19.593/1.754 | lr(main/disc) 7.00e-05/3.50e-05 | 26.3s
2026-08-22 04:30:37 | New best val_f1_macro_present: 0.7616 at epoch 7
2026-08-22 04:31:04 | Epoch 008/100 | loss 5.6500 | cls 2.9924 | tal -0.2110 | dual_g 2.7209 | dual_d 0.7785 | train_acc 0.4875 | train_full 0.8106 | val_acc 0.7568 | val_f1 0.7546 | grad(main/disc) 21.061/1.845 | lr(main/disc) 7.00e-05/3.50e-05 | 26.3s
2026-08-22 04:31:30 | Epoch 009/100 | loss 5.4012 | cls 2.7561 | tal -0.1515 | dual_g 2.6906 | dual_d 0.7211 | train_acc 0.6125 | train_full 0.8258 | val_acc 0.7838 | val_f1 0.7996 | grad(main/disc) 19.610/1.688 | lr(main/disc) 7.00e-05/3.50e-05 | 26.6s
2026-08-22 04:31:31 | New best val_f1_macro_present: 0.7996 at epoch 9
2026-08-22 04:31:57 | Epoch 010/100 | loss 5.2799 | cls 2.7453 | tal -0.1115 | dual_g 2.5681 | dual_d 0.8046 | train_acc 0.5813 | train_full 0.7803 | val_acc 0.7838 | val_f1 0.8010 | grad(main/disc) 19.889/1.679 | lr(main/disc) 7.00e-05/3.50e-05 | 26.8s
2026-08-22 04:31:58 | New best val_f1_macro_present: 0.8010 at epoch 10
2026-08-22 04:32:25 | Epoch 011/100 | loss 5.1179 | cls 2.5805 | tal -0.1235 | dual_g 2.5744 | dual_d 0.7682 | train_acc 0.5687 | train_full 0.7576 | val_acc 0.8108 | val_f1 0.8062 | grad(main/disc) 19.785/1.740 | lr(main/disc) 7.00e-05/3.50e-05 | 26.8s
2026-08-22 04:32:25 | New best val_f1_macro_present: 0.8062 at epoch 11
2026-08-22 04:32:52 | Epoch 012/100 | loss 4.7770 | cls 2.4922 | tal -0.1691 | dual_g 2.3356 | dual_d 0.7436 | train_acc 0.6625 | train_full 0.8561 | val_acc 0.8649 | val_f1 0.8523 | grad(main/disc) 17.639/1.680 | lr(main/disc) 7.00e-05/3.50e-05 | 26.9s
2026-08-22 04:32:52 | New best val_f1_macro_present: 0.8523 at epoch 12
2026-08-22 04:33:19 | Epoch 013/100 | loss 4.5747 | cls 2.3455 | tal -0.1628 | dual_g 2.2781 | dual_d 0.7802 | train_acc 0.6813 | train_full 0.8939 | val_acc 0.8378 | val_f1 0.8629 | grad(main/disc) 17.215/1.678 | lr(main/disc) 7.00e-05/3.50e-05 | 27.1s
2026-08-22 04:33:19 | New best val_f1_macro_present: 0.8629 at epoch 13
2026-08-22 04:33:46 | Epoch 014/100 | loss 4.5293 | cls 2.3284 | tal -0.1940 | dual_g 2.2591 | dual_d 0.7901 | train_acc 0.6937 | train_full 0.8788 | val_acc 0.8649 | val_f1 0.8829 | grad(main/disc) 17.057/1.687 | lr(main/disc) 7.00e-05/3.50e-05 | 26.7s
2026-08-22 04:33:46 | New best val_f1_macro_present: 0.8829 at epoch 14
2026-08-22 04:34:14 | Epoch 015/100 | loss 4.1975 | cls 2.1655 | tal -0.2188 | dual_g 2.0977 | dual_d 0.7857 | train_acc 0.7750 | train_full 0.9167 | val_acc 0.8649 | val_f1 0.8829 | grad(main/disc) 16.592/1.699 | lr(main/disc) 7.00e-05/3.50e-05 | 27.1s
2026-08-22 04:34:41 | Epoch 016/100 | loss 4.2988 | cls 2.2477 | tal -0.2092 | dual_g 2.1138 | dual_d 0.7809 | train_acc 0.7812 | train_full 0.9242 | val_acc 0.8919 | val_f1 0.9041 | grad(main/disc) 17.879/1.667 | lr(main/disc) 7.00e-05/3.50e-05 | 27.8s
2026-08-22 04:34:42 | New best val_f1_macro_present: 0.9041 at epoch 16
2026-08-22 04:35:08 | Epoch 017/100 | loss 3.9168 | cls 1.9864 | tal -0.2661 | dual_g 2.0103 | dual_d 0.7819 | train_acc 0.7812 | train_full 0.9697 | val_acc 0.8919 | val_f1 0.9041 | grad(main/disc) 15.061/1.591 | lr(main/disc) 7.00e-05/3.50e-05 | 26.8s
2026-08-22 04:35:35 | Epoch 018/100 | loss 3.7644 | cls 1.8972 | tal -0.2177 | dual_g 1.9325 | dual_d 0.7243 | train_acc 0.8187 | train_full 0.9621 | val_acc 0.9459 | val_f1 0.9578 | grad(main/disc) 14.553/1.522 | lr(main/disc) 7.00e-05/3.50e-05 | 26.8s
2026-08-22 04:35:36 | New best val_f1_macro_present: 0.9578 at epoch 18
2026-08-22 04:36:03 | Epoch 019/100 | loss 3.7323 | cls 1.8721 | tal -0.2854 | dual_g 1.9458 | dual_d 0.7888 | train_acc 0.8187 | train_full 0.9318 | val_acc 0.9459 | val_f1 0.9578 | grad(main/disc) 14.905/1.565 | lr(main/disc) 7.00e-05/3.50e-05 | 27.6s
2026-08-22 04:36:30 | Epoch 020/100 | loss 3.8308 | cls 1.9073 | tal -0.2685 | dual_g 2.0041 | dual_d 0.8242 | train_acc 0.8625 | train_full 0.9015 | val_acc 0.9730 | val_f1 0.9776 | grad(main/disc) 16.137/1.637 | lr(main/disc) 7.00e-05/3.50e-05 | 27.3s
2026-08-22 04:36:31 | New best val_f1_macro_present: 0.9776 at epoch 20
2026-08-22 04:36:56 | Epoch 021/100 | loss 3.4810 | cls 1.7943 | tal -0.3415 | dual_g 1.7891 | dual_d 0.7736 | train_acc 0.8688 | train_full 0.9621 | val_acc 0.9730 | val_f1 0.9840 | grad(main/disc) 13.642/1.551 | lr(main/disc) 7.00e-05/3.50e-05 | 25.7s
2026-08-22 04:36:57 | New best val_f1_macro_present: 0.9840 at epoch 21
2026-08-22 04:37:22 | Epoch 022/100 | loss 3.7309 | cls 1.9013 | tal -0.2858 | dual_g 1.9154 | dual_d 0.7689 | train_acc 0.8375 | train_full 0.9545 | val_acc 0.9189 | val_f1 0.9238 | grad(main/disc) 15.359/1.539 | lr(main/disc) 7.00e-05/3.50e-05 | 25.6s
2026-08-22 04:37:49 | Epoch 023/100 | loss 3.7606 | cls 1.9443 | tal -0.3047 | dual_g 1.9077 | dual_d 0.7534 | train_acc 0.8500 | train_full 0.9773 | val_acc 0.9459 | val_f1 0.9578 | grad(main/disc) 16.846/1.514 | lr(main/disc) 7.00e-05/3.50e-05 | 26.3s
2026-08-22 04:38:15 | Epoch 024/100 | loss 3.5411 | cls 1.7963 | tal -0.1832 | dual_g 1.7998 | dual_d 0.8173 | train_acc 0.8875 | train_full 0.9848 | val_acc 0.9459 | val_f1 0.9578 | grad(main/disc) 14.697/1.546 | lr(main/disc) 7.00e-05/3.50e-05 | 26.6s
2026-08-22 04:38:42 | Epoch 025/100 | loss 3.4151 | cls 1.6799 | tal -0.2721 | dual_g 1.8168 | dual_d 0.7711 | train_acc 0.9187 | train_full 0.9773 | val_acc 1.0000 | val_f1 1.0000 | grad(main/disc) 13.651/1.576 | lr(main/disc) 7.00e-05/3.50e-05 | 26.8s
2026-08-22 04:38:42 | New best val_f1_macro_present: 1.0000 at epoch 25
2026-08-22 04:39:07 | Epoch 026/100 | loss 3.2907 | cls 1.6494 | tal -0.2512 | dual_g 1.7167 | dual_d 0.7327 | train_acc 0.9187 | train_full 0.9773 | val_acc 1.0000 | val_f1 1.0000 | grad(main/disc) 12.669/1.516 | lr(main/disc) 7.00e-05/3.50e-05 | 25.0s
2026-08-22 04:39:35 | Epoch 027/100 | loss 3.4370 | cls 1.7386 | tal -0.2290 | dual_g 1.7671 | dual_d 0.7783 | train_acc 0.8688 | train_full 0.9621 | val_acc 0.9459 | val_f1 0.9578 | grad(main/disc) 14.365/1.603 | lr(main/disc) 7.00e-05/3.50e-05 | 27.8s
2026-08-22 04:40:02 | Epoch 028/100 | loss 3.3899 | cls 1.7089 | tal -0.1489 | dual_g 1.7256 | dual_d 0.7393 | train_acc 0.8938 | train_full 0.9848 | val_acc 0.9459 | val_f1 0.9578 | grad(main/disc) 13.045/1.473 | lr(main/disc) 7.00e-05/3.50e-05 | 26.8s
2026-08-22 04:40:30 | Epoch 029/100 | loss 3.2363 | cls 1.5922 | tal -0.2027 | dual_g 1.7049 | dual_d 0.7915 | train_acc 0.9375 | train_full 0.9924 | val_acc 0.9189 | val_f1 0.9358 | grad(main/disc) 12.239/1.560 | lr(main/disc) 7.00e-05/3.50e-05 | 27.5s
2026-08-22 04:40:57 | Epoch 030/100 | loss 3.1752 | cls 1.5839 | tal -0.1853 | dual_g 1.6469 | dual_d 0.7368 | train_acc 0.9500 | train_full 0.9924 | val_acc 0.9189 | val_f1 0.9358 | grad(main/disc) 12.037/1.419 | lr(main/disc) 7.00e-05/3.50e-05 | 27.6s
2026-08-22 04:41:23 | Epoch 031/100 | loss 3.1886 | cls 1.5756 | tal -0.1493 | dual_g 1.6578 | dual_d 0.8443 | train_acc 0.9313 | train_full 0.9848 | val_acc 0.9730 | val_f1 0.9776 | grad(main/disc) 12.634/1.599 | lr(main/disc) 7.00e-05/3.50e-05 | 26.0s
2026-08-22 04:41:48 | Epoch 032/100 | loss 3.1154 | cls 1.5406 | tal -0.1301 | dual_g 1.6138 | dual_d 0.8122 | train_acc 0.9313 | train_full 0.9924 | val_acc 0.9459 | val_f1 0.9578 | grad(main/disc) 11.070/1.523 | lr(main/disc) 3.50e-05/1.75e-05 | 25.1s
2026-08-22 04:42:16 | Epoch 033/100 | loss 3.1312 | cls 1.5791 | tal -0.1279 | dual_g 1.5905 | dual_d 0.7279 | train_acc 0.9125 | train_full 0.9924 | val_acc 0.9730 | val_f1 0.9776 | grad(main/disc) 12.281/1.408 | lr(main/disc) 3.50e-05/1.75e-05 | 27.4s
2026-08-22 04:42:43 | Epoch 034/100 | loss 3.0125 | cls 1.4656 | tal -0.1344 | dual_g 1.5872 | dual_d 0.7956 | train_acc 0.9563 | train_full 0.9924 | val_acc 0.9730 | val_f1 0.9776 | grad(main/disc) 10.313/1.572 | lr(main/disc) 3.50e-05/1.75e-05 | 27.1s
2026-08-22 04:42:43 | Early stopping at epoch 34 after 9 epochs without val_f1_macro_present improvement.
2026-08-22 04:42:43 | Training complete. Best validation accuracy: 1.0000 | best val_f1_macro_present: 1.0000
