2026-08-28 19:49:44 | Starting Dual_D standalone training
2026-08-28 19:49:44 | Run directory: runs/module_c_ablation_60_v6/module_c_20260828_191630/module_c_full_雨天_20260828_191632
2026-08-28 19:49:44 | Device: cuda
2026-08-28 19:49:44 | Source train samples: 992
2026-08-28 19:49:44 | Target train samples: 96
2026-08-28 19:49:44 | Target val samples: 26
2026-08-28 19:49:44 | Classes: 14
2026-08-28 19:49:44 | Data audit: same_dir=False | path_overlap(vis/ir/ais)=0/0/0 | content_overlap(vis/ir/ais)=0/0/0 | ais_index_overlap=0 | stem_mismatch(vis-ir/vis-ais)=117/0
2026-08-28 19:49:44 | source_train classes: present 14/14 | absent 0 | counts [0:120, 1:44, 2:69, 3:45, 4:40, 5:30, 6:64, 7:80, 8:116, 9:68, 10:57, 11:83, 12:48, 13:128]
2026-08-28 19:49:44 | target_train classes: present 6/14 | absent 8 | counts [0:7, 2:19, 9:32, 10:12, 11:6, 13:20]
2026-08-28 19:49:44 | target_val classes: present 6/14 | absent 8 | counts [0:2, 2:5, 9:8, 10:4, 11:2, 13:5]
2026-08-28 19:49:44 | Paired training classes: 6/14 | class ids [0, 2, 9, 10, 11, 13]
2026-08-28 19:49:44 | Runtime profile: batch=92 | paired_steps=2 | workers=16 | train_eval_every=5 | raw_eval_every=5 | stability_window=5 | early_stop=15 after min_epoch=30
2026-08-28 19:49:44 | VIS/IR pairing: class-level-unpaired | count-mismatch classes train/val: 10/0 | AIS alignment: none | AIS rows train/val: 0/0
2026-08-28 19:49:45 | Effective Dual-D loss weights: {"adv_auxiliary": 0.03, "adv_primary": 0.03, "classification": 0.65, "contrastive": 0.025, "cycle": 0.28, "identity": 0.04, "prototype_contrastive": 0.05}
2026-08-28 19:49:45 | Model parameters: total=17277714 | trainable=17120210
2026-08-28 19:49:49 | Epoch 001/060 | loss 5.8778 | cls 5.8479 | tal 0.0997 | dual_g 0.0000 | dual_d 0.0000 | train_acc 0.1196 | train_full 0.0104 | val_acc 0.0385 | val_f1 0.0333 | adv/moduleC 0.00/0.00 | disc_steps 0 | grad(main/disc) 16.966/0.000 | lr(main/disc) 9.00e-05/3.50e-05 | cuda_peak(alloc/resv) 21.77/28.18GB | phase(train/val/raw/train_eval) 2.7/0.4/0.4/0.6s | 4.1s
2026-08-28 19:49:52 | Epoch 002/060 | loss 5.0610 | cls 5.0945 | tal -0.1117 | dual_g 0.0000 | dual_d 0.0000 | train_acc 0.1250 | train_full n/a | val_acc 0.0769 | val_f1 0.0513 | adv/moduleC 0.00/0.00 | disc_steps 0 | grad(main/disc) 15.495/0.000 | lr(main/disc) 9.00e-05/3.50e-05 | cuda_peak(alloc/resv) 21.77/28.18GB | phase(train/val/raw/train_eval) 2.5/0.4/0.0/0.0s | 2.9s
2026-08-28 19:49:54 | Epoch 003/060 | loss 4.4528 | cls 4.4751 | tal -0.0744 | dual_g 0.0000 | dual_d 0.0000 | train_acc 0.2228 | train_full n/a | val_acc 0.1538 | val_f1 0.1157 | adv/moduleC 0.00/0.00 | disc_steps 0 | grad(main/disc) 13.621/0.000 | lr(main/disc) 9.00e-05/3.50e-05 | cuda_peak(alloc/resv) 21.77/28.18GB | phase(train/val/raw/train_eval) 2.2/0.4/0.0/0.0s | 2.6s
2026-08-28 19:49:57 | Epoch 004/060 | loss 3.8945 | cls 3.9220 | tal -0.0915 | dual_g 0.0000 | dual_d 0.0000 | train_acc 0.2663 | train_full n/a | val_acc 0.1538 | val_f1 0.0929 | adv/moduleC 0.00/0.00 | disc_steps 0 | grad(main/disc) 11.449/0.000 | lr(main/disc) 9.00e-05/3.50e-05 | cuda_peak(alloc/resv) 21.77/28.18GB | phase(train/val/raw/train_eval) 2.1/0.4/0.0/0.0s | 2.5s
2026-08-28 19:50:00 | Epoch 005/060 | loss 3.5912 | cls 3.5986 | tal -0.0247 | dual_g 0.0000 | dual_d 0.0000 | train_acc 0.3261 | train_full 0.1250 | val_acc 0.1538 | val_f1 0.0957 | adv/moduleC 0.00/0.00 | disc_steps 0 | grad(main/disc) 10.559/0.000 | lr(main/disc) 9.00e-05/3.50e-05 | cuda_peak(alloc/resv) 21.77/28.18GB | phase(train/val/raw/train_eval) 2.0/0.4/0.4/0.6s | 3.4s
2026-08-28 19:50:03 | New best val_f1_macro_present: raw=0.0957 stable_score=0.0333 at epoch 5
2026-08-28 19:50:05 | Epoch 006/060 | loss 3.2955 | cls 3.3665 | tal -0.2366 | dual_g 0.0000 | dual_d 0.0000 | train_acc 0.3370 | train_full n/a | val_acc 0.0769 | val_f1 0.0267 | adv/moduleC 0.00/0.00 | disc_steps 0 | grad(main/disc) 9.763/0.000 | lr(main/disc) 9.00e-05/3.50e-05 | cuda_peak(alloc/resv) 21.77/28.18GB | phase(train/val/raw/train_eval) 2.4/0.4/0.0/0.0s | 2.8s
2026-08-28 19:50:08 | Epoch 007/060 | loss 3.2640 | cls 3.1445 | tal -0.3694 | dual_g 0.2303 | dual_d 0.0000 | train_acc 0.4239 | train_full n/a | val_acc 0.1154 | val_f1 0.0636 | adv/moduleC 0.00/0.08 | disc_steps 0 | grad(main/disc) 9.227/0.000 | lr(main/disc) 9.00e-05/3.50e-05 | cuda_peak(alloc/resv) 21.77/28.18GB | phase(train/val/raw/train_eval) 2.2/0.4/0.0/0.0s | 2.6s
2026-08-28 19:50:10 | Epoch 008/060 | loss 3.3877 | cls 3.0292 | tal -0.3124 | dual_g 0.4522 | dual_d 0.0000 | train_acc 0.4239 | train_full n/a | val_acc 0.1154 | val_f1 0.0595 | adv/moduleC 0.00/0.17 | disc_steps 0 | grad(main/disc) 9.158/0.000 | lr(main/disc) 9.00e-05/3.50e-05 | cuda_peak(alloc/resv) 21.77/28.18GB | phase(train/val/raw/train_eval) 2.1/0.4/0.0/0.0s | 2.5s
2026-08-28 19:50:13 | Epoch 009/060 | loss 3.4711 | cls 2.9482 | tal -0.3677 | dual_g 0.6332 | dual_d 0.8522 | train_acc 0.4728 | train_full n/a | val_acc 0.0769 | val_f1 0.0290 | adv/moduleC 0.05/0.25 | disc_steps 1 | grad(main/disc) 8.718/1.805 | lr(main/disc) 9.00e-05/3.50e-05 | cuda_peak(alloc/resv) 21.77/28.18GB | phase(train/val/raw/train_eval) 2.3/0.4/0.0/0.0s | 2.7s
2026-08-28 19:50:17 | Epoch 010/060 | loss 3.2784 | cls 2.5596 | tal -0.3783 | dual_g 0.8323 | dual_d 0.8229 | train_acc 0.5761 | train_full 0.0938 | val_acc 0.0769 | val_f1 0.0317 | adv/moduleC 0.10/0.33 | disc_steps 1 | grad(main/disc) 7.828/1.716 | lr(main/disc) 9.00e-05/3.50e-05 | cuda_peak(alloc/resv) 21.77/28.18GB | phase(train/val/raw/train_eval) 2.5/0.4/0.4/0.6s | 3.9s
2026-08-28 19:50:20 | Epoch 011/060 | loss 3.5479 | cls 2.6622 | tal -0.3660 | dual_g 0.9956 | dual_d 0.7764 | train_acc 0.5924 | train_full n/a | val_acc 0.1154 | val_f1 0.0847 | adv/moduleC 0.15/0.42 | disc_steps 1 | grad(main/disc) 8.639/1.622 | lr(main/disc) 4.50e-05/1.75e-05 | cuda_peak(alloc/resv) 21.77/28.18GB | phase(train/val/raw/train_eval) 2.2/0.4/0.0/0.0s | 2.6s
2026-08-28 19:50:22 | Epoch 012/060 | loss 3.4581 | cls 2.4577 | tal -0.4281 | dual_g 1.1288 | dual_d 0.8121 | train_acc 0.5924 | train_full n/a | val_acc 0.2308 | val_f1 0.1528 | adv/moduleC 0.20/0.50 | disc_steps 1 | grad(main/disc) 8.680/1.647 | lr(main/disc) 4.50e-05/1.75e-05 | cuda_peak(alloc/resv) 21.77/28.18GB | phase(train/val/raw/train_eval) 2.2/0.4/0.0/0.0s | 2.6s
2026-08-28 19:50:25 | Epoch 013/060 | loss 3.8034 | cls 2.5721 | tal -0.4118 | dual_g 1.3549 | dual_d 0.7726 | train_acc 0.6141 | train_full n/a | val_acc 0.2308 | val_f1 0.1528 | adv/moduleC 0.25/0.58 | disc_steps 1 | grad(main/disc) 9.294/1.599 | lr(main/disc) 4.50e-05/1.75e-05 | cuda_peak(alloc/resv) 21.77/28.18GB | phase(train/val/raw/train_eval) 2.5/0.4/0.0/0.0s | 2.9s
2026-08-28 19:50:28 | Epoch 014/060 | loss 3.6816 | cls 2.3760 | tal -0.3706 | dual_g 1.4168 | dual_d 0.7911 | train_acc 0.6739 | train_full n/a | val_acc 0.2308 | val_f1 0.1261 | adv/moduleC 0.30/0.67 | disc_steps 1 | grad(main/disc) 8.815/1.600 | lr(main/disc) 4.50e-05/1.75e-05 | cuda_peak(alloc/resv) 21.77/28.18GB | phase(train/val/raw/train_eval) 2.6/0.4/0.0/0.0s | 3.0s
2026-08-28 19:50:32 | Epoch 015/060 | loss 3.8455 | cls 2.3787 | tal -0.3316 | dual_g 1.5663 | dual_d 0.8321 | train_acc 0.6087 | train_full 0.2083 | val_acc 0.2308 | val_f1 0.1261 | adv/moduleC 0.35/0.75 | disc_steps 1 | grad(main/disc) 9.020/1.511 | lr(main/disc) 4.50e-05/1.75e-05 | cuda_peak(alloc/resv) 21.77/28.18GB | phase(train/val/raw/train_eval) 2.7/0.4/0.4/0.6s | 4.0s
2026-08-28 19:50:35 | New best val_f1_macro_present: raw=0.1261 stable_score=0.0847 at epoch 15
2026-08-28 19:50:38 | Epoch 016/060 | loss 4.1235 | cls 2.4083 | tal -0.2694 | dual_g 1.7959 | dual_d 0.7410 | train_acc 0.6630 | train_full n/a | val_acc 0.2308 | val_f1 0.1444 | adv/moduleC 0.40/0.83 | disc_steps 1 | grad(main/disc) 9.252/1.497 | lr(main/disc) 4.50e-05/1.75e-05 | cuda_peak(alloc/resv) 21.77/28.18GB | phase(train/val/raw/train_eval) 2.2/0.4/0.4/0.0s | 3.0s
2026-08-28 19:50:41 | New best val_f1_macro_present: raw=0.1444 stable_score=0.1261 at epoch 16
2026-08-28 19:50:43 | Epoch 017/060 | loss 4.0011 | cls 2.1962 | tal -0.3046 | dual_g 1.8963 | dual_d 0.7876 | train_acc 0.6957 | train_full n/a | val_acc 0.3846 | val_f1 0.3951 | adv/moduleC 0.45/0.92 | disc_steps 1 | grad(main/disc) 8.814/1.624 | lr(main/disc) 4.50e-05/1.75e-05 | cuda_peak(alloc/resv) 21.77/28.18GB | phase(train/val/raw/train_eval) 2.3/0.4/0.0/0.0s | 2.7s
2026-08-28 19:50:46 | Epoch 018/060 | loss 4.1062 | cls 2.2084 | tal -0.3248 | dual_g 1.9952 | dual_d 0.7856 | train_acc 0.7283 | train_full n/a | val_acc 0.3462 | val_f1 0.3335 | adv/moduleC 0.50/1.00 | disc_steps 1 | grad(main/disc) 9.723/1.609 | lr(main/disc) 4.50e-05/1.75e-05 | cuda_peak(alloc/resv) 21.77/28.18GB | phase(train/val/raw/train_eval) 1.9/0.4/0.0/0.0s | 2.3s
2026-08-28 19:50:48 | Epoch 019/060 | loss 3.9058 | cls 2.1104 | tal -0.3441 | dual_g 1.8986 | dual_d 0.7724 | train_acc 0.7446 | train_full n/a | val_acc 0.4615 | val_f1 0.4810 | adv/moduleC 0.55/1.00 | disc_steps 1 | grad(main/disc) 9.430/1.583 | lr(main/disc) 4.50e-05/1.75e-05 | cuda_peak(alloc/resv) 21.77/28.18GB | phase(train/val/raw/train_eval) 2.1/0.4/0.0/0.0s | 2.5s
2026-08-28 19:50:52 | Epoch 020/060 | loss 3.8521 | cls 2.0526 | tal -0.3374 | dual_g 1.9007 | dual_d 0.8072 | train_acc 0.7500 | train_full 0.4167 | val_acc 0.5000 | val_f1 0.5451 | adv/moduleC 0.60/1.00 | disc_steps 1 | grad(main/disc) 10.298/1.622 | lr(main/disc) 4.50e-05/1.75e-05 | cuda_peak(alloc/resv) 21.77/28.18GB | phase(train/val/raw/train_eval) 2.4/0.4/0.4/0.6s | 3.8s
2026-08-28 19:50:55 | New best val_f1_macro_present: raw=0.5451 stable_score=0.1444 at epoch 20
2026-08-28 19:50:58 | Epoch 021/060 | loss 3.9926 | cls 2.1689 | tal -0.3403 | dual_g 1.9257 | dual_d 0.8018 | train_acc 0.7174 | train_full n/a | val_acc 0.5000 | val_f1 0.5278 | adv/moduleC 0.65/1.00 | disc_steps 1 | grad(main/disc) 10.185/1.573 | lr(main/disc) 4.50e-05/1.75e-05 | cuda_peak(alloc/resv) 21.77/28.18GB | phase(train/val/raw/train_eval) 2.1/0.4/0.4/0.0s | 2.9s
2026-08-28 19:51:00 | New best val_f1_macro_present: raw=0.5278 stable_score=0.3335 at epoch 21
2026-08-28 19:51:03 | Epoch 022/060 | loss 3.9096 | cls 2.1144 | tal -0.3503 | dual_g 1.9002 | dual_d 0.8034 | train_acc 0.7554 | train_full n/a | val_acc 0.4615 | val_f1 0.4917 | adv/moduleC 0.70/1.00 | disc_steps 1 | grad(main/disc) 10.912/1.477 | lr(main/disc) 4.50e-05/1.75e-05 | cuda_peak(alloc/resv) 21.77/28.18GB | phase(train/val/raw/train_eval) 2.4/0.4/0.0/0.0s | 2.8s
2026-08-28 19:51:06 | Epoch 023/060 | loss 3.6273 | cls 1.9152 | tal -0.3125 | dual_g 1.8059 | dual_d 0.7592 | train_acc 0.7772 | train_full n/a | val_acc 0.4615 | val_f1 0.4917 | adv/moduleC 0.75/1.00 | disc_steps 1 | grad(main/disc) 8.952/1.456 | lr(main/disc) 4.50e-05/1.75e-05 | cuda_peak(alloc/resv) 21.77/28.18GB | phase(train/val/raw/train_eval) 2.4/0.4/0.4/0.0s | 3.2s
2026-08-28 19:51:09 | New best val_f1_macro_present: raw=0.4917 stable_score=0.4810 at epoch 23
2026-08-28 19:51:12 | Epoch 024/060 | loss 3.4996 | cls 1.8438 | tal -0.2653 | dual_g 1.7354 | dual_d 0.8277 | train_acc 0.8424 | train_full n/a | val_acc 0.4615 | val_f1 0.5000 | adv/moduleC 0.80/1.00 | disc_steps 1 | grad(main/disc) 8.417/1.502 | lr(main/disc) 4.50e-05/1.75e-05 | cuda_peak(alloc/resv) 21.77/28.18GB | phase(train/val/raw/train_eval) 2.1/0.4/0.4/0.0s | 2.9s
2026-08-28 19:51:15 | New best val_f1_macro_present: raw=0.5000 stable_score=0.4917 at epoch 24
2026-08-28 19:51:18 | Epoch 025/060 | loss 3.5408 | cls 1.8319 | tal -0.2821 | dual_g 1.7935 | dual_d 0.7598 | train_acc 0.8424 | train_full 0.3750 | val_acc 0.3077 | val_f1 0.3162 | adv/moduleC 0.85/1.00 | disc_steps 1 | grad(main/disc) 10.023/1.468 | lr(main/disc) 4.50e-05/1.75e-05 | cuda_peak(alloc/resv) 21.77/28.18GB | phase(train/val/raw/train_eval) 2.2/0.4/0.4/0.6s | 3.5s
2026-08-28 19:51:21 | Epoch 026/060 | loss 3.4139 | cls 1.7747 | tal -0.2692 | dual_g 1.7200 | dual_d 0.7497 | train_acc 0.8533 | train_full n/a | val_acc 0.3077 | val_f1 0.3000 | adv/moduleC 0.90/1.00 | disc_steps 1 | grad(main/disc) 8.880/1.470 | lr(main/disc) 4.50e-05/1.75e-05 | cuda_peak(alloc/resv) 21.77/28.18GB | phase(train/val/raw/train_eval) 2.5/0.4/0.0/0.0s | 2.9s
2026-08-28 19:51:24 | Epoch 027/060 | loss 3.3639 | cls 1.7753 | tal -0.2279 | dual_g 1.6569 | dual_d 0.7769 | train_acc 0.8641 | train_full n/a | val_acc 0.4615 | val_f1 0.4734 | adv/moduleC 0.95/1.00 | disc_steps 1 | grad(main/disc) 9.717/1.453 | lr(main/disc) 4.50e-05/1.75e-05 | cuda_peak(alloc/resv) 21.77/28.18GB | phase(train/val/raw/train_eval) 2.5/0.4/0.0/0.0s | 2.9s
2026-08-28 19:51:27 | Epoch 028/060 | loss 3.4159 | cls 1.8281 | tal -0.2670 | dual_g 1.6679 | dual_d 0.7899 | train_acc 0.8370 | train_full n/a | val_acc 0.4231 | val_f1 0.4345 | adv/moduleC 1.00/1.00 | disc_steps 1 | grad(main/disc) 10.467/1.487 | lr(main/disc) 2.25e-05/8.75e-06 | cuda_peak(alloc/resv) 21.77/28.18GB | phase(train/val/raw/train_eval) 2.4/0.4/0.0/0.0s | 2.8s
2026-08-28 19:51:29 | Epoch 029/060 | loss 3.4142 | cls 1.8026 | tal -0.2661 | dual_g 1.6914 | dual_d 0.8249 | train_acc 0.8641 | train_full n/a | val_acc 0.5000 | val_f1 0.5104 | adv/moduleC 1.00/1.00 | disc_steps 1 | grad(main/disc) 9.903/1.551 | lr(main/disc) 2.25e-05/8.75e-06 | cuda_peak(alloc/resv) 21.77/28.18GB | phase(train/val/raw/train_eval) 2.0/0.4/0.0/0.0s | 2.4s
2026-08-28 19:51:32 | Epoch 030/060 | loss 3.5277 | cls 1.8404 | tal -0.2015 | dual_g 1.7478 | dual_d 0.7597 | train_acc 0.8315 | train_full 0.5625 | val_acc 0.4615 | val_f1 0.4776 | adv/moduleC 1.00/1.00 | disc_steps 1 | grad(main/disc) 11.755/1.431 | lr(main/disc) 2.25e-05/8.75e-06 | cuda_peak(alloc/resv) 21.77/28.18GB | phase(train/val/raw/train_eval) 2.0/0.4/0.4/0.6s | 3.4s
2026-08-28 19:51:35 | Epoch 031/060 | loss 3.3467 | cls 1.7853 | tal -0.3093 | dual_g 1.6542 | dual_d 0.8193 | train_acc 0.8261 | train_full n/a | val_acc 0.5000 | val_f1 0.5450 | adv/moduleC 1.00/1.00 | disc_steps 1 | grad(main/disc) 9.331/1.506 | lr(main/disc) 2.25e-05/8.75e-06 | cuda_peak(alloc/resv) 21.77/28.18GB | phase(train/val/raw/train_eval) 2.2/0.4/0.0/0.0s | 2.6s
2026-08-28 19:51:38 | Epoch 032/060 | loss 3.3168 | cls 1.7729 | tal -0.2937 | dual_g 1.6320 | dual_d 0.8308 | train_acc 0.8696 | train_full n/a | val_acc 0.5385 | val_f1 0.5732 | adv/moduleC 1.00/1.00 | disc_steps 1 | grad(main/disc) 9.338/1.499 | lr(main/disc) 2.25e-05/8.75e-06 | cuda_peak(alloc/resv) 21.77/28.18GB | phase(train/val/raw/train_eval) 2.4/0.4/0.0/0.0s | 2.8s
2026-08-28 19:51:41 | Epoch 033/060 | loss 3.2517 | cls 1.6834 | tal -0.3023 | dual_g 1.6590 | dual_d 0.7790 | train_acc 0.9130 | train_full n/a | val_acc 0.5385 | val_f1 0.5526 | adv/moduleC 1.00/1.00 | disc_steps 1 | grad(main/disc) 9.722/1.458 | lr(main/disc) 2.25e-05/8.75e-06 | cuda_peak(alloc/resv) 21.77/28.18GB | phase(train/val/raw/train_eval) 2.2/0.4/0.0/0.0s | 2.6s
2026-08-28 19:51:43 | Epoch 034/060 | loss 3.1522 | cls 1.5936 | tal -0.2879 | dual_g 1.6449 | dual_d 0.8289 | train_acc 0.8859 | train_full n/a | val_acc 0.5385 | val_f1 0.5435 | adv/moduleC 1.00/1.00 | disc_steps 1 | grad(main/disc) 9.179/1.567 | lr(main/disc) 2.25e-05/8.75e-06 | cuda_peak(alloc/resv) 21.77/28.18GB | phase(train/val/raw/train_eval) 2.3/0.4/0.0/0.0s | 2.7s
2026-08-28 19:51:47 | Epoch 035/060 | loss 3.1402 | cls 1.6417 | tal -0.2755 | dual_g 1.5811 | dual_d 0.8197 | train_acc 0.9185 | train_full 0.7292 | val_acc 0.6538 | val_f1 0.6783 | adv/moduleC 1.00/1.00 | disc_steps 1 | grad(main/disc) 11.649/1.536 | lr(main/disc) 2.25e-05/8.75e-06 | cuda_peak(alloc/resv) 21.77/28.18GB | phase(train/val/raw/train_eval) 2.3/0.4/0.4/0.6s | 3.7s
2026-08-28 19:51:50 | New best val_f1_macro_present: raw=0.6783 stable_score=0.5435 at epoch 35
2026-08-28 19:51:52 | Epoch 036/060 | loss 3.1035 | cls 1.6202 | tal -0.3456 | dual_g 1.5870 | dual_d 0.7987 | train_acc 0.9293 | train_full n/a | val_acc 0.5385 | val_f1 0.5745 | adv/moduleC 1.00/1.00 | disc_steps 1 | grad(main/disc) 11.241/1.503 | lr(main/disc) 2.25e-05/8.75e-06 | cuda_peak(alloc/resv) 21.77/28.18GB | phase(train/val/raw/train_eval) 2.2/0.4/0.0/0.0s | 2.6s
2026-08-28 19:51:55 | Epoch 037/060 | loss 3.1505 | cls 1.6701 | tal -0.2028 | dual_g 1.5412 | dual_d 0.8015 | train_acc 0.8641 | train_full n/a | val_acc 0.5385 | val_f1 0.5798 | adv/moduleC 1.00/1.00 | disc_steps 1 | grad(main/disc) 9.598/1.464 | lr(main/disc) 2.25e-05/8.75e-06 | cuda_peak(alloc/resv) 21.77/28.18GB | phase(train/val/raw/train_eval) 2.5/0.4/0.0/0.0s | 2.9s
2026-08-28 19:51:58 | Epoch 038/060 | loss 3.1759 | cls 1.6654 | tal -0.2900 | dual_g 1.5975 | dual_d 0.7593 | train_acc 0.8913 | train_full n/a | val_acc 0.5385 | val_f1 0.5720 | adv/moduleC 1.00/1.00 | disc_steps 1 | grad(main/disc) 8.185/1.435 | lr(main/disc) 2.25e-05/8.75e-06 | cuda_peak(alloc/resv) 21.77/28.18GB | phase(train/val/raw/train_eval) 2.5/0.4/0.0/0.0s | 2.9s
2026-08-28 19:52:01 | Epoch 039/060 | loss 3.1061 | cls 1.6480 | tal -0.2682 | dual_g 1.5386 | dual_d 0.8060 | train_acc 0.8913 | train_full n/a | val_acc 0.5769 | val_f1 0.6026 | adv/moduleC 1.00/1.00 | disc_steps 1 | grad(main/disc) 10.882/1.448 | lr(main/disc) 2.25e-05/8.75e-06 | cuda_peak(alloc/resv) 21.77/28.18GB | phase(train/val/raw/train_eval) 2.1/0.4/0.4/0.0s | 2.9s
2026-08-28 19:52:04 | New best val_f1_macro_present: raw=0.6026 stable_score=0.5720 at epoch 39
2026-08-28 19:52:07 | Epoch 040/060 | loss 3.1970 | cls 1.6652 | tal -0.2207 | dual_g 1.5980 | dual_d 0.8407 | train_acc 0.9022 | train_full 0.6875 | val_acc 0.5385 | val_f1 0.5708 | adv/moduleC 1.00/1.00 | disc_steps 1 | grad(main/disc) 12.806/1.582 | lr(main/disc) 2.25e-05/8.75e-06 | cuda_peak(alloc/resv) 21.77/28.18GB | phase(train/val/raw/train_eval) 2.1/0.4/0.4/0.6s | 3.5s
2026-08-28 19:52:10 | Epoch 041/060 | loss 3.1017 | cls 1.6376 | tal -0.2614 | dual_g 1.5425 | dual_d 0.8707 | train_acc 0.9076 | train_full n/a | val_acc 0.5769 | val_f1 0.6228 | adv/moduleC 1.00/1.00 | disc_steps 1 | grad(main/disc) 9.693/1.541 | lr(main/disc) 2.25e-05/8.75e-06 | cuda_peak(alloc/resv) 21.77/28.18GB | phase(train/val/raw/train_eval) 2.3/0.4/0.0/0.0s | 2.7s
2026-08-28 19:52:12 | Epoch 042/060 | loss 3.0626 | cls 1.6364 | tal -0.2563 | dual_g 1.5031 | dual_d 0.7836 | train_acc 0.9130 | train_full n/a | val_acc 0.5385 | val_f1 0.5823 | adv/moduleC 1.00/1.00 | disc_steps 1 | grad(main/disc) 10.518/1.416 | lr(main/disc) 2.25e-05/8.75e-06 | cuda_peak(alloc/resv) 21.77/28.18GB | phase(train/val/raw/train_eval) 2.2/0.4/0.0/0.0s | 2.6s
2026-08-28 19:52:15 | Epoch 043/060 | loss 3.0685 | cls 1.6003 | tal -0.2592 | dual_g 1.5459 | dual_d 0.7618 | train_acc 0.9239 | train_full n/a | val_acc 0.5000 | val_f1 0.5051 | adv/moduleC 1.00/1.00 | disc_steps 1 | grad(main/disc) 8.700/1.390 | lr(main/disc) 1.13e-05/4.37e-06 | cuda_peak(alloc/resv) 21.77/28.18GB | phase(train/val/raw/train_eval) 2.3/0.4/0.0/0.0s | 2.7s
2026-08-28 19:52:18 | Epoch 044/060 | loss 3.0354 | cls 1.6136 | tal -0.2215 | dual_g 1.4882 | dual_d 0.8386 | train_acc 0.9185 | train_full n/a | val_acc 0.5000 | val_f1 0.5051 | adv/moduleC 1.00/1.00 | disc_steps 1 | grad(main/disc) 8.591/1.510 | lr(main/disc) 1.13e-05/4.37e-06 | cuda_peak(alloc/resv) 21.77/28.18GB | phase(train/val/raw/train_eval) 2.4/0.4/0.0/0.0s | 2.8s
2026-08-28 19:52:22 | Epoch 045/060 | loss 3.0052 | cls 1.6020 | tal -0.2338 | dual_g 1.4733 | dual_d 0.8477 | train_acc 0.9402 | train_full 0.5938 | val_acc 0.5000 | val_f1 0.5058 | adv/moduleC 1.00/1.00 | disc_steps 1 | grad(main/disc) 7.778/1.528 | lr(main/disc) 1.13e-05/4.37e-06 | cuda_peak(alloc/resv) 21.77/28.18GB | phase(train/val/raw/train_eval) 2.3/0.4/0.4/0.6s | 3.8s
2026-08-28 19:52:24 | Epoch 046/060 | loss 3.1053 | cls 1.6585 | tal -0.2235 | dual_g 1.5138 | dual_d 0.8299 | train_acc 0.9185 | train_full n/a | val_acc 0.5000 | val_f1 0.5058 | adv/moduleC 1.00/1.00 | disc_steps 1 | grad(main/disc) 9.392/1.515 | lr(main/disc) 1.13e-05/4.37e-06 | cuda_peak(alloc/resv) 21.77/28.18GB | phase(train/val/raw/train_eval) 1.9/0.4/0.0/0.0s | 2.3s
2026-08-28 19:52:27 | Epoch 047/060 | loss 2.9831 | cls 1.5686 | tal -0.1766 | dual_g 1.4675 | dual_d 0.8233 | train_acc 0.9239 | train_full n/a | val_acc 0.5385 | val_f1 0.5674 | adv/moduleC 1.00/1.00 | disc_steps 1 | grad(main/disc) 8.369/1.489 | lr(main/disc) 1.13e-05/4.37e-06 | cuda_peak(alloc/resv) 21.77/28.18GB | phase(train/val/raw/train_eval) 2.6/0.4/0.0/0.0s | 3.0s
2026-08-28 19:52:29 | Epoch 048/060 | loss 2.9646 | cls 1.5982 | tal -0.2206 | dual_g 1.4325 | dual_d 0.7939 | train_acc 0.9348 | train_full n/a | val_acc 0.5385 | val_f1 0.5667 | adv/moduleC 1.00/1.00 | disc_steps 1 | grad(main/disc) 8.712/1.425 | lr(main/disc) 1.13e-05/4.37e-06 | cuda_peak(alloc/resv) 21.77/28.18GB | phase(train/val/raw/train_eval) 2.1/0.4/0.0/0.0s | 2.5s
2026-08-28 19:52:32 | Epoch 049/060 | loss 2.9897 | cls 1.5666 | tal -0.2073 | dual_g 1.4853 | dual_d 0.7866 | train_acc 0.9620 | train_full n/a | val_acc 0.5385 | val_f1 0.5767 | adv/moduleC 1.00/1.00 | disc_steps 1 | grad(main/disc) 8.434/1.457 | lr(main/disc) 1.13e-05/4.37e-06 | cuda_peak(alloc/resv) 21.77/28.18GB | phase(train/val/raw/train_eval) 2.1/0.4/0.0/0.0s | 2.5s
2026-08-28 19:52:36 | Epoch 050/060 | loss 3.0693 | cls 1.6268 | tal -0.2029 | dual_g 1.5034 | dual_d 0.7846 | train_acc 0.8913 | train_full 0.6979 | val_acc 0.5769 | val_f1 0.6140 | adv/moduleC 1.00/1.00 | disc_steps 1 | grad(main/disc) 10.147/1.477 | lr(main/disc) 1.13e-05/4.37e-06 | cuda_peak(alloc/resv) 21.77/28.18GB | phase(train/val/raw/train_eval) 2.4/0.4/0.4/0.6s | 3.8s
2026-08-28 19:52:38 | Epoch 051/060 | loss 2.9879 | cls 1.5792 | tal -0.1928 | dual_g 1.4666 | dual_d 0.7605 | train_acc 0.9348 | train_full n/a | val_acc 0.5385 | val_f1 0.5699 | adv/moduleC 1.00/1.00 | disc_steps 1 | grad(main/disc) 8.411/1.397 | lr(main/disc) 5.63e-06/2.19e-06 | cuda_peak(alloc/resv) 21.77/28.18GB | phase(train/val/raw/train_eval) 2.0/0.4/0.0/0.0s | 2.4s
2026-08-28 19:52:41 | Epoch 052/060 | loss 2.9340 | cls 1.5332 | tal -0.2094 | dual_g 1.4636 | dual_d 0.7854 | train_acc 0.9674 | train_full n/a | val_acc 0.5385 | val_f1 0.5699 | adv/moduleC 1.00/1.00 | disc_steps 1 | grad(main/disc) 9.133/1.482 | lr(main/disc) 5.63e-06/2.19e-06 | cuda_peak(alloc/resv) 21.77/28.18GB | phase(train/val/raw/train_eval) 2.2/0.4/0.0/0.0s | 2.6s
2026-08-28 19:52:43 | Epoch 053/060 | loss 3.0209 | cls 1.6174 | tal -0.1228 | dual_g 1.4403 | dual_d 0.8354 | train_acc 0.8967 | train_full n/a | val_acc 0.5385 | val_f1 0.5699 | adv/moduleC 1.00/1.00 | disc_steps 1 | grad(main/disc) 9.943/1.532 | lr(main/disc) 5.63e-06/2.19e-06 | cuda_peak(alloc/resv) 21.77/28.18GB | phase(train/val/raw/train_eval) 1.9/0.4/0.0/0.0s | 2.3s
2026-08-28 19:52:46 | Epoch 054/060 | loss 2.8796 | cls 1.5076 | tal -0.1349 | dual_g 1.4125 | dual_d 0.8245 | train_acc 0.9565 | train_full n/a | val_acc 0.5385 | val_f1 0.5667 | adv/moduleC 1.00/1.00 | disc_steps 1 | grad(main/disc) 9.181/1.488 | lr(main/disc) 5.63e-06/2.19e-06 | cuda_peak(alloc/resv) 21.77/28.18GB | phase(train/val/raw/train_eval) 2.2/0.4/0.0/0.0s | 2.6s
2026-08-28 19:52:46 | Early stopping at epoch 54 after 15 epochs without val_f1_macro_present improvement.
2026-08-28 19:52:46 | Training complete. Peak validation accuracy: 0.6538 | selected val_f1_macro_present: 0.6026
