2026-08-30 03:20:56 | Starting Dual_D standalone training
2026-08-30 03:20:56 | Run directory: runs/module_c_ablation_60_v9/module_c_20260830_023711/module_c_no_identity_黑天_20260830_031740
2026-08-30 03:20:56 | Device: cuda
2026-08-30 03:20:56 | Source train samples: 992
2026-08-30 03:20:56 | Target train samples: 465
2026-08-30 03:20:56 | Target val samples: 120
2026-08-30 03:20:56 | Classes: 14
2026-08-30 03:20:56 | Data audit: same_dir=False | path_overlap(vis/ir/ais)=0/0/0 | content_overlap(vis/ir/ais)=0/0/0 | ais_index_overlap=0 | stem_mismatch(vis-ir/vis-ais)=578/0
2026-08-30 03:20:56 | source_train classes: present 14/14 | absent 0 | counts [0:120, 1:44, 2:69, 3:45, 4:40, 5:30, 6:64, 7:80, 8:116, 9:68, 10:57, 11:83, 12:48, 13:128]
2026-08-30 03:20:56 | target_train classes: present 8/14 | absent 6 | counts [0:100, 2:11, 3:16, 6:89, 9:162, 10:12, 11:44, 13:31]
2026-08-30 03:20:56 | target_val classes: present 8/14 | absent 6 | counts [0:26, 2:3, 3:5, 6:23, 9:41, 10:3, 11:11, 13:8]
2026-08-30 03:20:56 | Paired training classes: 8/14 | class ids [0, 2, 3, 6, 9, 10, 11, 13]
2026-08-30 03:20:56 | Runtime profile: batch=16 | paired_steps=30 | workers=16 | train_eval_every=5 | raw_eval_every=5 | stability_window=3 | lr_scheduler_start=24 | early_stop=15 after min_epoch=50
2026-08-30 03:20:56 | Augmentation profile: base=0.500 | visible=0.550 | infrared=0.350 | freeze_frozen_batch_norm_stats=True
2026-08-30 03:20:56 | VIS/IR pairing: class-level-unpaired | count-mismatch classes train/val: 10/0 | AIS alignment: none | AIS rows train/val: 0/0
2026-08-30 03:20:57 | Effective Dual-D loss weights: {"adv_auxiliary": 0.025, "adv_primary": 0.025, "classification": 0.65, "contrastive": 0.055, "cycle": 0.12, "identity": 0.0, "prototype_contrastive": 0.025}
2026-08-30 03:20:57 | Model parameters: total=17277714 | trainable=17120210
2026-08-30 03:21:01 | Epoch 001/060 | loss 4.5891 | cls 4.5722 | tal 0.0563 | dual_g 0.0000 | dual_d 0.0000 | train_acc 0.2458 | train_full 0.1376 | val_acc 0.1500 | val_f1 0.1541 | adv/moduleC 0.00/0.00 | disc_steps 0 | grad(main/disc) 27.396/0.000 | lr(main/disc) 1.00e-04/3.20e-05 | cuda_peak(alloc/resv) 4.09/5.12GB | phase(train/val/raw/train_eval) 3.1/0.4/0.4/0.7s | 4.7s
2026-08-30 03:21:04 | Epoch 002/060 | loss 3.0307 | cls 3.0953 | tal -0.2155 | dual_g 0.0000 | dual_d 0.0000 | train_acc 0.4813 | train_full n/a | val_acc 0.2667 | val_f1 0.2861 | adv/moduleC 0.00/0.00 | disc_steps 0 | grad(main/disc) 21.592/0.000 | lr(main/disc) 1.00e-04/3.20e-05 | cuda_peak(alloc/resv) 4.09/5.12GB | phase(train/val/raw/train_eval) 2.5/0.4/0.0/0.0s | 2.9s
2026-08-30 03:21:08 | Epoch 003/060 | loss 2.4781 | cls 2.4914 | tal -0.0443 | dual_g 0.0000 | dual_d 0.0000 | train_acc 0.6479 | train_full n/a | val_acc 0.5917 | val_f1 0.6403 | adv/moduleC 0.00/0.00 | disc_steps 0 | grad(main/disc) 20.747/0.000 | lr(main/disc) 1.00e-04/3.20e-05 | cuda_peak(alloc/resv) 4.09/5.12GB | phase(train/val/raw/train_eval) 2.5/0.4/0.4/0.0s | 3.4s
2026-08-30 03:21:10 | New best val_f1_macro_present: raw=0.6403 stable_score=0.1541 at epoch 3
2026-08-30 03:21:13 | Epoch 004/060 | loss 2.1716 | cls 1.9434 | tal 0.0940 | dual_g 0.2001 | dual_d 0.0000 | train_acc 0.7792 | train_full n/a | val_acc 0.7917 | val_f1 0.7791 | adv/moduleC 0.00/0.12 | disc_steps 0 | grad(main/disc) 18.820/0.000 | lr(main/disc) 1.00e-04/3.20e-05 | cuda_peak(alloc/resv) 4.09/5.12GB | phase(train/val/raw/train_eval) 2.5/0.4/0.4/0.0s | 3.3s
2026-08-30 03:21:15 | New best val_f1_macro_present: raw=0.7791 stable_score=0.2861 at epoch 4
2026-08-30 03:21:19 | Epoch 005/060 | loss 1.9294 | cls 1.5863 | tal 0.0713 | dual_g 0.3217 | dual_d 0.0000 | train_acc 0.8167 | train_full 0.8409 | val_acc 0.7833 | val_f1 0.7659 | adv/moduleC 0.00/0.25 | disc_steps 0 | grad(main/disc) 16.420/0.000 | lr(main/disc) 1.00e-04/3.20e-05 | cuda_peak(alloc/resv) 4.09/5.12GB | phase(train/val/raw/train_eval) 2.6/0.4/0.4/0.7s | 4.2s
2026-08-30 03:21:22 | New best val_f1_macro_present: raw=0.7659 stable_score=0.6403 at epoch 5
2026-08-30 03:21:25 | Epoch 006/060 | loss 1.8170 | cls 1.3519 | tal 0.1497 | dual_g 0.4202 | dual_d 0.9362 | train_acc 0.8896 | train_full n/a | val_acc 0.8000 | val_f1 0.7958 | adv/moduleC 0.07/0.38 | disc_steps 15 | grad(main/disc) 15.374/2.082 | lr(main/disc) 1.00e-04/3.20e-05 | cuda_peak(alloc/resv) 4.09/5.12GB | phase(train/val/raw/train_eval) 2.6/0.4/0.4/0.0s | 3.4s
2026-08-30 03:21:27 | New best val_f1_macro_present: raw=0.7958 stable_score=0.7659 at epoch 6
2026-08-30 03:21:30 | Epoch 007/060 | loss 1.7804 | cls 1.2349 | tal 0.1039 | dual_g 0.5143 | dual_d 0.8755 | train_acc 0.9250 | train_full n/a | val_acc 0.8000 | val_f1 0.7695 | adv/moduleC 0.13/0.50 | disc_steps 15 | grad(main/disc) 14.678/1.967 | lr(main/disc) 1.00e-04/3.20e-05 | cuda_peak(alloc/resv) 4.09/5.12GB | phase(train/val/raw/train_eval) 2.6/0.4/0.0/0.0s | 3.0s
2026-08-30 03:21:34 | Epoch 008/060 | loss 1.7364 | cls 1.1592 | tal -0.0297 | dual_g 0.5861 | dual_d 0.8790 | train_acc 0.9271 | train_full n/a | val_acc 0.8667 | val_f1 0.8292 | adv/moduleC 0.20/0.62 | disc_steps 15 | grad(main/disc) 14.671/1.925 | lr(main/disc) 1.00e-04/3.20e-05 | cuda_peak(alloc/resv) 4.09/5.12GB | phase(train/val/raw/train_eval) 2.7/0.4/0.4/0.0s | 3.5s
2026-08-30 03:21:36 | New best val_f1_macro_present: raw=0.8292 stable_score=0.7695 at epoch 8
2026-08-30 03:21:39 | Epoch 009/060 | loss 1.7481 | cls 1.0794 | tal -0.0374 | dual_g 0.6800 | dual_d 0.9215 | train_acc 0.9437 | train_full n/a | val_acc 0.8917 | val_f1 0.8813 | adv/moduleC 0.27/0.75 | disc_steps 15 | grad(main/disc) 13.668/1.942 | lr(main/disc) 1.00e-04/3.20e-05 | cuda_peak(alloc/resv) 4.09/5.12GB | phase(train/val/raw/train_eval) 2.7/0.4/0.0/0.0s | 3.1s
2026-08-30 03:21:43 | Epoch 010/060 | loss 1.7115 | cls 0.9938 | tal 0.0365 | dual_g 0.7068 | dual_d 0.8478 | train_acc 0.9667 | train_full 0.9527 | val_acc 0.9250 | val_f1 0.8897 | adv/moduleC 0.33/0.88 | disc_steps 15 | grad(main/disc) 11.081/1.831 | lr(main/disc) 1.00e-04/3.20e-05 | cuda_peak(alloc/resv) 4.09/5.12GB | phase(train/val/raw/train_eval) 2.6/0.4/0.4/0.7s | 4.2s
2026-08-30 03:21:45 | New best val_f1_macro_present: raw=0.8897 stable_score=0.8292 at epoch 10
2026-08-30 03:21:49 | Epoch 011/060 | loss 1.7320 | cls 0.9612 | tal -0.0405 | dual_g 0.7829 | dual_d 0.8196 | train_acc 0.9750 | train_full n/a | val_acc 0.9417 | val_f1 0.9519 | adv/moduleC 0.40/1.00 | disc_steps 15 | grad(main/disc) 10.865/1.789 | lr(main/disc) 1.00e-04/3.20e-05 | cuda_peak(alloc/resv) 4.09/5.12GB | phase(train/val/raw/train_eval) 2.6/0.4/0.4/0.0s | 3.4s
2026-08-30 03:21:51 | New best val_f1_macro_present: raw=0.9519 stable_score=0.8813 at epoch 11
2026-08-30 03:21:54 | Epoch 012/060 | loss 1.6618 | cls 0.9205 | tal -0.0386 | dual_g 0.7528 | dual_d 0.8108 | train_acc 0.9750 | train_full n/a | val_acc 0.9583 | val_f1 0.9500 | adv/moduleC 0.47/1.00 | disc_steps 15 | grad(main/disc) 9.687/1.738 | lr(main/disc) 1.00e-04/3.20e-05 | cuda_peak(alloc/resv) 4.09/5.12GB | phase(train/val/raw/train_eval) 2.6/0.4/0.4/0.0s | 3.5s
2026-08-30 03:21:57 | New best val_f1_macro_present: raw=0.9500 stable_score=0.8897 at epoch 12
2026-08-30 03:22:00 | Epoch 013/060 | loss 1.6099 | cls 0.8976 | tal -0.0553 | dual_g 0.7288 | dual_d 0.8495 | train_acc 0.9875 | train_full n/a | val_acc 0.9250 | val_f1 0.9070 | adv/moduleC 0.53/1.00 | disc_steps 15 | grad(main/disc) 8.600/1.729 | lr(main/disc) 1.00e-04/3.20e-05 | cuda_peak(alloc/resv) 4.09/5.12GB | phase(train/val/raw/train_eval) 2.5/0.4/0.4/0.0s | 3.4s
2026-08-30 03:22:02 | New best val_f1_macro_present: raw=0.9070 stable_score=0.9070 at epoch 13
2026-08-30 03:22:05 | Epoch 014/060 | loss 1.6006 | cls 0.8855 | tal -0.0274 | dual_g 0.7233 | dual_d 0.9162 | train_acc 0.9792 | train_full n/a | val_acc 0.9833 | val_f1 0.9877 | adv/moduleC 0.60/1.00 | disc_steps 15 | grad(main/disc) 9.232/1.806 | lr(main/disc) 1.00e-04/3.20e-05 | cuda_peak(alloc/resv) 4.09/5.12GB | phase(train/val/raw/train_eval) 2.6/0.4/0.0/0.0s | 3.1s
2026-08-30 03:22:09 | Epoch 015/060 | loss 1.5764 | cls 0.8894 | tal -0.1123 | dual_g 0.7207 | dual_d 0.9230 | train_acc 0.9875 | train_full 0.9806 | val_acc 0.9750 | val_f1 0.9581 | adv/moduleC 0.67/1.00 | disc_steps 15 | grad(main/disc) 8.805/1.791 | lr(main/disc) 1.00e-04/3.20e-05 | cuda_peak(alloc/resv) 4.09/5.12GB | phase(train/val/raw/train_eval) 2.6/0.4/0.4/0.7s | 4.1s
2026-08-30 03:22:13 | Epoch 016/060 | loss 1.5456 | cls 0.8570 | tal -0.0650 | dual_g 0.7081 | dual_d 0.9410 | train_acc 0.9875 | train_full n/a | val_acc 0.9833 | val_f1 0.9816 | adv/moduleC 0.73/1.00 | disc_steps 15 | grad(main/disc) 7.732/1.754 | lr(main/disc) 1.00e-04/3.20e-05 | cuda_peak(alloc/resv) 4.09/5.12GB | phase(train/val/raw/train_eval) 2.7/0.4/0.4/0.0s | 3.5s
2026-08-30 03:22:15 | New best val_f1_macro_present: raw=0.9816 stable_score=0.9581 at epoch 16
2026-08-30 03:22:18 | Epoch 017/060 | loss 1.5329 | cls 0.8574 | tal -0.0645 | dual_g 0.6949 | dual_d 0.9233 | train_acc 0.9917 | train_full n/a | val_acc 0.9833 | val_f1 0.9714 | adv/moduleC 0.80/1.00 | disc_steps 15 | grad(main/disc) 7.356/1.713 | lr(main/disc) 1.00e-04/3.20e-05 | cuda_peak(alloc/resv) 4.09/5.12GB | phase(train/val/raw/train_eval) 2.7/0.4/0.0/0.0s | 3.2s
2026-08-30 03:22:21 | Epoch 018/060 | loss 1.5540 | cls 0.8699 | tal -0.0573 | dual_g 0.7012 | dual_d 0.9469 | train_acc 0.9875 | train_full n/a | val_acc 0.9500 | val_f1 0.9439 | adv/moduleC 0.87/1.00 | disc_steps 15 | grad(main/disc) 8.778/1.748 | lr(main/disc) 1.00e-04/3.20e-05 | cuda_peak(alloc/resv) 4.09/5.12GB | phase(train/val/raw/train_eval) 2.7/0.4/0.0/0.0s | 3.1s
2026-08-30 03:22:24 | Epoch 019/060 | loss 1.4915 | cls 0.8413 | tal -0.1048 | dual_g 0.6816 | dual_d 0.9759 | train_acc 0.9854 | train_full n/a | val_acc 0.9667 | val_f1 0.9502 | adv/moduleC 0.93/1.00 | disc_steps 15 | grad(main/disc) 7.139/1.798 | lr(main/disc) 1.00e-04/3.20e-05 | cuda_peak(alloc/resv) 4.09/5.12GB | phase(train/val/raw/train_eval) 2.6/0.4/0.0/0.0s | 3.0s
2026-08-30 03:22:29 | Epoch 020/060 | loss 1.4560 | cls 0.8286 | tal -0.1372 | dual_g 0.6686 | dual_d 0.9579 | train_acc 0.9958 | train_full 0.9871 | val_acc 0.9917 | val_f1 0.9827 | adv/moduleC 1.00/1.00 | disc_steps 15 | grad(main/disc) 5.958/1.737 | lr(main/disc) 1.00e-04/3.20e-05 | cuda_peak(alloc/resv) 4.09/5.12GB | phase(train/val/raw/train_eval) 2.7/0.4/0.4/0.7s | 4.2s
2026-08-30 03:22:32 | Epoch 021/060 | loss 1.4181 | cls 0.8021 | tal -0.1508 | dual_g 0.6612 | dual_d 1.0357 | train_acc 0.9979 | train_full n/a | val_acc 0.9417 | val_f1 0.9445 | adv/moduleC 1.00/1.00 | disc_steps 15 | grad(main/disc) 4.382/1.772 | lr(main/disc) 1.00e-04/3.20e-05 | cuda_peak(alloc/resv) 4.09/5.12GB | phase(train/val/raw/train_eval) 2.7/0.4/0.0/0.0s | 3.1s
2026-08-30 03:22:35 | Epoch 022/060 | loss 1.4101 | cls 0.8075 | tal -0.1527 | dual_g 0.6483 | dual_d 0.9759 | train_acc 0.9938 | train_full n/a | val_acc 0.9917 | val_f1 0.9827 | adv/moduleC 1.00/1.00 | disc_steps 15 | grad(main/disc) 4.558/1.702 | lr(main/disc) 1.00e-04/3.20e-05 | cuda_peak(alloc/resv) 4.09/5.12GB | phase(train/val/raw/train_eval) 2.6/0.4/0.0/0.0s | 3.0s
2026-08-30 03:22:38 | Epoch 023/060 | loss 1.3958 | cls 0.8000 | tal -0.1648 | dual_g 0.6452 | dual_d 1.0157 | train_acc 1.0000 | train_full n/a | val_acc 0.9750 | val_f1 0.9686 | adv/moduleC 1.00/1.00 | disc_steps 15 | grad(main/disc) 4.447/1.730 | lr(main/disc) 1.00e-04/3.20e-05 | cuda_peak(alloc/resv) 4.09/5.12GB | phase(train/val/raw/train_eval) 2.6/0.4/0.0/0.0s | 3.0s
2026-08-30 03:22:41 | Epoch 024/060 | loss 1.3823 | cls 0.7937 | tal -0.1684 | dual_g 0.6392 | dual_d 1.0608 | train_acc 0.9979 | train_full n/a | val_acc 0.9500 | val_f1 0.9317 | adv/moduleC 1.00/1.00 | disc_steps 15 | grad(main/disc) 3.741/1.751 | lr(main/disc) 1.00e-04/3.20e-05 | cuda_peak(alloc/resv) 4.09/5.12GB | phase(train/val/raw/train_eval) 2.7/0.4/0.0/0.0s | 3.1s
2026-08-30 03:22:45 | Epoch 025/060 | loss 1.3683 | cls 0.7850 | tal -0.1693 | dual_g 0.6341 | dual_d 1.0362 | train_acc 1.0000 | train_full 0.9978 | val_acc 0.9750 | val_f1 0.9746 | adv/moduleC 1.00/1.00 | disc_steps 15 | grad(main/disc) 3.403/1.733 | lr(main/disc) 1.00e-04/3.20e-05 | cuda_peak(alloc/resv) 4.09/5.12GB | phase(train/val/raw/train_eval) 2.8/0.4/0.4/0.7s | 4.3s
2026-08-30 03:22:48 | Epoch 026/060 | loss 1.3949 | cls 0.7985 | tal -0.1566 | dual_g 0.6435 | dual_d 1.0291 | train_acc 0.9979 | train_full n/a | val_acc 0.9833 | val_f1 0.9847 | adv/moduleC 1.00/1.00 | disc_steps 15 | grad(main/disc) 4.444/1.728 | lr(main/disc) 1.00e-04/3.20e-05 | cuda_peak(alloc/resv) 4.09/5.12GB | phase(train/val/raw/train_eval) 2.8/0.4/0.0/0.0s | 3.2s
2026-08-30 03:22:52 | Epoch 027/060 | loss 1.4036 | cls 0.7957 | tal -0.1205 | dual_g 0.6441 | dual_d 1.0431 | train_acc 0.9938 | train_full n/a | val_acc 0.9917 | val_f1 0.9827 | adv/moduleC 1.00/1.00 | disc_steps 15 | grad(main/disc) 4.724/1.699 | lr(main/disc) 1.00e-04/3.20e-05 | cuda_peak(alloc/resv) 4.09/5.12GB | phase(train/val/raw/train_eval) 2.6/0.4/0.4/0.0s | 3.5s
2026-08-30 03:22:54 | New best val_f1_macro_present: raw=0.9827 stable_score=0.9746 at epoch 27
2026-08-30 03:22:57 | Epoch 028/060 | loss 1.3587 | cls 0.7939 | tal -0.2133 | dual_g 0.6288 | dual_d 1.0255 | train_acc 1.0000 | train_full n/a | val_acc 0.9833 | val_f1 0.9726 | adv/moduleC 1.00/1.00 | disc_steps 15 | grad(main/disc) 4.288/1.676 | lr(main/disc) 1.00e-04/3.20e-05 | cuda_peak(alloc/resv) 4.09/5.12GB | phase(train/val/raw/train_eval) 2.7/0.4/0.0/0.0s | 3.2s
2026-08-30 03:23:00 | Epoch 029/060 | loss 1.3505 | cls 0.7773 | tal -0.1814 | dual_g 0.6276 | dual_d 0.9726 | train_acc 1.0000 | train_full n/a | val_acc 0.9833 | val_f1 0.9624 | adv/moduleC 1.00/1.00 | disc_steps 15 | grad(main/disc) 3.147/1.614 | lr(main/disc) 1.00e-04/3.20e-05 | cuda_peak(alloc/resv) 4.09/5.12GB | phase(train/val/raw/train_eval) 2.7/0.4/0.0/0.0s | 3.1s
2026-08-30 03:23:04 | Epoch 030/060 | loss 1.3561 | cls 0.7938 | tal -0.2122 | dual_g 0.6260 | dual_d 1.0056 | train_acc 0.9917 | train_full 0.9978 | val_acc 0.9917 | val_f1 0.9827 | adv/moduleC 1.00/1.00 | disc_steps 15 | grad(main/disc) 4.350/1.643 | lr(main/disc) 1.00e-04/3.20e-05 | cuda_peak(alloc/resv) 4.09/5.12GB | phase(train/val/raw/train_eval) 2.7/0.4/0.4/0.7s | 4.2s
2026-08-30 03:23:07 | Epoch 031/060 | loss 1.3168 | cls 0.7712 | tal -0.2593 | dual_g 0.6234 | dual_d 0.9931 | train_acc 0.9958 | train_full n/a | val_acc 0.9833 | val_f1 0.9726 | adv/moduleC 1.00/1.00 | disc_steps 15 | grad(main/disc) 3.218/1.635 | lr(main/disc) 1.00e-04/3.20e-05 | cuda_peak(alloc/resv) 4.09/5.12GB | phase(train/val/raw/train_eval) 2.5/0.4/0.0/0.0s | 2.9s
2026-08-30 03:23:10 | Epoch 032/060 | loss 1.3153 | cls 0.7832 | tal -0.2728 | dual_g 0.6139 | dual_d 1.0093 | train_acc 0.9958 | train_full n/a | val_acc 0.9917 | val_f1 0.9827 | adv/moduleC 1.00/1.00 | disc_steps 15 | grad(main/disc) 3.820/1.619 | lr(main/disc) 1.00e-04/3.20e-05 | cuda_peak(alloc/resv) 4.09/5.12GB | phase(train/val/raw/train_eval) 2.5/0.4/0.0/0.0s | 3.0s
2026-08-30 03:23:13 | Epoch 033/060 | loss 1.3151 | cls 0.7666 | tal -0.1991 | dual_g 0.6082 | dual_d 1.0023 | train_acc 1.0000 | train_full n/a | val_acc 0.9917 | val_f1 0.9917 | adv/moduleC 1.00/1.00 | disc_steps 15 | grad(main/disc) 3.118/1.623 | lr(main/disc) 1.00e-04/3.20e-05 | cuda_peak(alloc/resv) 4.09/5.12GB | phase(train/val/raw/train_eval) 2.7/0.4/0.0/0.0s | 3.1s
2026-08-30 03:23:17 | Epoch 034/060 | loss 1.3145 | cls 0.7673 | tal -0.2152 | dual_g 0.6118 | dual_d 0.9629 | train_acc 1.0000 | train_full n/a | val_acc 0.9917 | val_f1 0.9827 | adv/moduleC 1.00/1.00 | disc_steps 15 | grad(main/disc) 3.296/1.541 | lr(main/disc) 1.00e-04/3.20e-05 | cuda_peak(alloc/resv) 4.09/5.12GB | phase(train/val/raw/train_eval) 2.6/0.4/0.4/0.0s | 3.5s
2026-08-30 03:23:19 | New best val_f1_macro_present: raw=0.9827 stable_score=0.9827 at epoch 34
2026-08-30 03:23:23 | Epoch 035/060 | loss 1.2838 | cls 0.7619 | tal -0.2865 | dual_g 0.6078 | dual_d 0.9563 | train_acc 1.0000 | train_full 1.0000 | val_acc 0.9917 | val_f1 0.9827 | adv/moduleC 1.00/1.00 | disc_steps 15 | grad(main/disc) 2.587/1.503 | lr(main/disc) 1.00e-04/3.20e-05 | cuda_peak(alloc/resv) 4.09/5.12GB | phase(train/val/raw/train_eval) 2.7/0.4/0.4/0.7s | 4.3s
2026-08-30 03:23:26 | Epoch 036/060 | loss 1.3022 | cls 0.7635 | tal -0.2121 | dual_g 0.6024 | dual_d 0.9428 | train_acc 0.9958 | train_full n/a | val_acc 0.9917 | val_f1 0.9827 | adv/moduleC 1.00/1.00 | disc_steps 15 | grad(main/disc) 3.136/1.486 | lr(main/disc) 1.00e-04/3.20e-05 | cuda_peak(alloc/resv) 4.09/5.12GB | phase(train/val/raw/train_eval) 2.6/0.4/0.0/0.0s | 3.0s
2026-08-30 03:23:29 | Epoch 037/060 | loss 1.2687 | cls 0.7588 | tal -0.2849 | dual_g 0.5954 | dual_d 0.9298 | train_acc 0.9979 | train_full n/a | val_acc 0.9917 | val_f1 0.9827 | adv/moduleC 1.00/1.00 | disc_steps 15 | grad(main/disc) 2.659/1.479 | lr(main/disc) 1.00e-04/3.20e-05 | cuda_peak(alloc/resv) 4.09/5.12GB | phase(train/val/raw/train_eval) 2.7/0.4/0.0/0.0s | 3.1s
2026-08-30 03:23:33 | Epoch 038/060 | loss 1.2624 | cls 0.7482 | tal -0.2636 | dual_g 0.5932 | dual_d 0.9446 | train_acc 0.9979 | train_full n/a | val_acc 0.9833 | val_f1 0.9816 | adv/moduleC 1.00/1.00 | disc_steps 15 | grad(main/disc) 2.103/1.459 | lr(main/disc) 1.00e-04/3.20e-05 | cuda_peak(alloc/resv) 4.09/5.12GB | phase(train/val/raw/train_eval) 2.7/0.4/0.0/0.0s | 3.1s
2026-08-30 03:23:36 | Epoch 039/060 | loss 1.2473 | cls 0.7542 | tal -0.3237 | dual_g 0.5903 | dual_d 0.9364 | train_acc 1.0000 | train_full n/a | val_acc 0.9833 | val_f1 0.9726 | adv/moduleC 1.00/1.00 | disc_steps 15 | grad(main/disc) 2.526/1.448 | lr(main/disc) 1.00e-04/3.20e-05 | cuda_peak(alloc/resv) 4.09/5.12GB | phase(train/val/raw/train_eval) 2.7/0.4/0.0/0.0s | 3.2s
2026-08-30 03:23:40 | Epoch 040/060 | loss 1.2376 | cls 0.7475 | tal -0.3254 | dual_g 0.5877 | dual_d 0.9283 | train_acc 1.0000 | train_full 0.9978 | val_acc 0.9750 | val_f1 0.9656 | adv/moduleC 1.00/1.00 | disc_steps 15 | grad(main/disc) 1.982/1.438 | lr(main/disc) 1.00e-04/3.20e-05 | cuda_peak(alloc/resv) 4.09/5.12GB | phase(train/val/raw/train_eval) 2.8/0.4/0.4/0.7s | 4.4s
2026-08-30 03:23:43 | Epoch 041/060 | loss 1.2390 | cls 0.7506 | tal -0.3361 | dual_g 0.5892 | dual_d 0.9057 | train_acc 1.0000 | train_full n/a | val_acc 0.9833 | val_f1 0.9726 | adv/moduleC 1.00/1.00 | disc_steps 15 | grad(main/disc) 2.294/1.387 | lr(main/disc) 1.00e-04/3.20e-05 | cuda_peak(alloc/resv) 4.09/5.12GB | phase(train/val/raw/train_eval) 2.8/0.4/0.0/0.0s | 3.2s
2026-08-30 03:23:46 | Epoch 042/060 | loss 1.2146 | cls 0.7439 | tal -0.3904 | dual_g 0.5878 | dual_d 0.8792 | train_acc 1.0000 | train_full n/a | val_acc 0.9833 | val_f1 0.9624 | adv/moduleC 1.00/1.00 | disc_steps 15 | grad(main/disc) 1.972/1.342 | lr(main/disc) 5.00e-05/1.60e-05 | cuda_peak(alloc/resv) 4.09/5.12GB | phase(train/val/raw/train_eval) 2.7/0.4/0.0/0.0s | 3.1s
2026-08-30 03:23:50 | Epoch 043/060 | loss 1.2024 | cls 0.7388 | tal -0.4029 | dual_g 0.5845 | dual_d 0.8903 | train_acc 1.0000 | train_full n/a | val_acc 0.9917 | val_f1 0.9827 | adv/moduleC 1.00/1.00 | disc_steps 15 | grad(main/disc) 1.763/1.367 | lr(main/disc) 5.00e-05/1.60e-05 | cuda_peak(alloc/resv) 4.09/5.12GB | phase(train/val/raw/train_eval) 2.8/0.4/0.0/0.0s | 3.2s
2026-08-30 03:23:53 | Epoch 044/060 | loss 1.2037 | cls 0.7437 | tal -0.3958 | dual_g 0.5787 | dual_d 0.9112 | train_acc 1.0000 | train_full n/a | val_acc 0.9833 | val_f1 0.9757 | adv/moduleC 1.00/1.00 | disc_steps 15 | grad(main/disc) 2.011/1.393 | lr(main/disc) 5.00e-05/1.60e-05 | cuda_peak(alloc/resv) 4.09/5.12GB | phase(train/val/raw/train_eval) 2.7/0.4/0.0/0.0s | 3.1s
2026-08-30 03:23:57 | Epoch 045/060 | loss 1.2014 | cls 0.7432 | tal -0.4166 | dual_g 0.5832 | dual_d 0.8899 | train_acc 1.0000 | train_full 1.0000 | val_acc 0.9917 | val_f1 0.9827 | adv/moduleC 1.00/1.00 | disc_steps 15 | grad(main/disc) 2.094/1.349 | lr(main/disc) 5.00e-05/1.60e-05 | cuda_peak(alloc/resv) 4.09/5.12GB | phase(train/val/raw/train_eval) 2.6/0.4/0.4/0.7s | 4.1s
2026-08-30 03:24:00 | Epoch 046/060 | loss 1.1888 | cls 0.7351 | tal -0.4212 | dual_g 0.5801 | dual_d 0.9266 | train_acc 1.0000 | train_full n/a | val_acc 0.9917 | val_f1 0.9827 | adv/moduleC 1.00/1.00 | disc_steps 15 | grad(main/disc) 1.540/1.371 | lr(main/disc) 5.00e-05/1.60e-05 | cuda_peak(alloc/resv) 4.09/5.12GB | phase(train/val/raw/train_eval) 2.7/0.4/0.0/0.0s | 3.1s
2026-08-30 03:24:03 | Epoch 047/060 | loss 1.1930 | cls 0.7388 | tal -0.4115 | dual_g 0.5776 | dual_d 0.8832 | train_acc 1.0000 | train_full n/a | val_acc 0.9917 | val_f1 0.9827 | adv/moduleC 1.00/1.00 | disc_steps 15 | grad(main/disc) 1.797/1.333 | lr(main/disc) 5.00e-05/1.60e-05 | cuda_peak(alloc/resv) 4.09/5.12GB | phase(train/val/raw/train_eval) 2.7/0.4/0.0/0.0s | 3.2s
2026-08-30 03:24:06 | Epoch 048/060 | loss 1.2053 | cls 0.7383 | tal -0.3592 | dual_g 0.5748 | dual_d 0.8855 | train_acc 1.0000 | train_full n/a | val_acc 0.9917 | val_f1 0.9827 | adv/moduleC 1.00/1.00 | disc_steps 15 | grad(main/disc) 1.632/1.315 | lr(main/disc) 5.00e-05/1.60e-05 | cuda_peak(alloc/resv) 4.09/5.12GB | phase(train/val/raw/train_eval) 2.7/0.4/0.0/0.0s | 3.1s
2026-08-30 03:24:09 | Epoch 049/060 | loss 1.2055 | cls 0.7408 | tal -0.3688 | dual_g 0.5753 | dual_d 0.8889 | train_acc 1.0000 | train_full n/a | val_acc 0.9833 | val_f1 0.9757 | adv/moduleC 1.00/1.00 | disc_steps 15 | grad(main/disc) 1.803/1.341 | lr(main/disc) 5.00e-05/1.60e-05 | cuda_peak(alloc/resv) 4.09/5.12GB | phase(train/val/raw/train_eval) 2.7/0.4/0.0/0.0s | 3.1s
2026-08-30 03:24:14 | Epoch 050/060 | loss 1.2110 | cls 0.7355 | tal -0.3472 | dual_g 0.5797 | dual_d 0.8890 | train_acc 1.0000 | train_full 1.0000 | val_acc 0.9917 | val_f1 0.9827 | adv/moduleC 1.00/1.00 | disc_steps 15 | grad(main/disc) 1.757/1.338 | lr(main/disc) 5.00e-05/1.60e-05 | cuda_peak(alloc/resv) 4.09/5.12GB | phase(train/val/raw/train_eval) 2.8/0.4/0.4/0.7s | 4.3s
2026-08-30 03:24:14 | Early stopping at epoch 50 after 16 epochs without val_f1_macro_present improvement.
2026-08-30 03:24:14 | Training complete. Peak validation accuracy: 0.9917 | selected val_f1_macro_present: 0.9827
