2026-08-29 21:25:04 | Starting Dual_D standalone training
2026-08-29 21:25:04 | Run directory: runs/module_c_ablation_60_v8/module_c_20260829_205331/module_c_full_雨天_20260829_205332
2026-08-29 21:25:04 | Device: cuda
2026-08-29 21:25:04 | Source train samples: 992
2026-08-29 21:25:04 | Target train samples: 96
2026-08-29 21:25:04 | Target val samples: 26
2026-08-29 21:25:04 | Classes: 14
2026-08-29 21:25:04 | Data audit: same_dir=False | path_overlap(vis/ir/ais)=0/0/0 | content_overlap(vis/ir/ais)=0/0/0 | ais_index_overlap=0 | stem_mismatch(vis-ir/vis-ais)=117/0
2026-08-29 21:25:04 | source_train classes: present 14/14 | absent 0 | counts [0:120, 1:44, 2:69, 3:45, 4:40, 5:30, 6:64, 7:80, 8:116, 9:68, 10:57, 11:83, 12:48, 13:128]
2026-08-29 21:25:04 | target_train classes: present 6/14 | absent 8 | counts [0:7, 2:19, 9:32, 10:12, 11:6, 13:20]
2026-08-29 21:25:04 | target_val classes: present 6/14 | absent 8 | counts [0:2, 2:5, 9:8, 10:4, 11:2, 13:5]
2026-08-29 21:25:04 | Paired training classes: 6/14 | class ids [0, 2, 9, 10, 11, 13]
2026-08-29 21:25:04 | Runtime profile: batch=92 | paired_steps=4 | workers=16 | train_eval_every=5 | raw_eval_every=5 | stability_window=3 | lr_scheduler_start=28 | early_stop=20 after min_epoch=50
2026-08-29 21:25:04 | VIS/IR pairing: class-level-unpaired | count-mismatch classes train/val: 10/0 | AIS alignment: none | AIS rows train/val: 0/0
2026-08-29 21:25:05 | Effective Dual-D loss weights: {"adv_auxiliary": 0.02, "adv_primary": 0.02, "classification": 0.6, "contrastive": 0.025, "cycle": 0.12, "identity": 0.025, "prototype_contrastive": 0.03}
2026-08-29 21:25:05 | Model parameters: total=17277714 | trainable=17120210
2026-08-29 21:25:09 | Epoch 001/060 | loss 5.5973 | cls 5.6846 | tal -0.2912 | dual_g 0.0000 | dual_d 0.0000 | train_acc 0.1277 | train_full 0.0938 | val_acc 0.1154 | val_f1 0.1378 | adv/moduleC 0.00/0.00 | disc_steps 0 | grad(main/disc) 16.943/0.000 | lr(main/disc) 8.50e-05/2.75e-05 | cuda_peak(alloc/resv) 21.77/28.18GB | phase(train/val/raw/train_eval) 3.6/0.3/0.4/0.5s | 4.8s
2026-08-29 21:25:13 | Epoch 002/060 | loss 4.4404 | cls 4.4849 | tal -0.1484 | dual_g 0.0000 | dual_d 0.0000 | train_acc 0.2636 | train_full n/a | val_acc 0.2308 | val_f1 0.1241 | adv/moduleC 0.00/0.00 | disc_steps 0 | grad(main/disc) 13.706/0.000 | lr(main/disc) 8.50e-05/2.75e-05 | cuda_peak(alloc/resv) 21.77/28.18GB | phase(train/val/raw/train_eval) 2.8/0.3/0.0/0.0s | 3.2s
2026-08-29 21:25:17 | Epoch 003/060 | loss 3.6500 | cls 3.6664 | tal -0.0548 | dual_g 0.0000 | dual_d 0.0000 | train_acc 0.4484 | train_full n/a | val_acc 0.1923 | val_f1 0.0595 | adv/moduleC 0.00/0.00 | disc_steps 0 | grad(main/disc) 11.662/0.000 | lr(main/disc) 8.50e-05/2.75e-05 | cuda_peak(alloc/resv) 21.77/28.18GB | phase(train/val/raw/train_eval) 3.4/0.4/0.4/0.0s | 4.2s
2026-08-29 21:25:19 | New best val_f1_macro_present: raw=0.0595 stable_score=0.0595 at epoch 3
2026-08-29 21:25:23 | Epoch 004/060 | loss 3.2656 | cls 3.3066 | tal -0.1368 | dual_g 0.0000 | dual_d 0.0000 | train_acc 0.5353 | train_full n/a | val_acc 0.1923 | val_f1 0.0538 | adv/moduleC 0.00/0.00 | disc_steps 0 | grad(main/disc) 10.678/0.000 | lr(main/disc) 8.50e-05/2.75e-05 | cuda_peak(alloc/resv) 21.77/28.18GB | phase(train/val/raw/train_eval) 2.8/0.3/0.0/0.0s | 3.1s
2026-08-29 21:25:27 | Epoch 005/060 | loss 2.9419 | cls 2.7433 | tal -0.1588 | dual_g 0.2462 | dual_d 0.0000 | train_acc 0.6495 | train_full 0.2396 | val_acc 0.1923 | val_f1 0.0556 | adv/moduleC 0.00/0.12 | disc_steps 0 | grad(main/disc) 9.149/0.000 | lr(main/disc) 8.50e-05/2.75e-05 | cuda_peak(alloc/resv) 21.77/28.18GB | phase(train/val/raw/train_eval) 3.1/0.3/0.3/0.5s | 4.3s
2026-08-29 21:25:30 | Epoch 006/060 | loss 2.9998 | cls 2.5942 | tal -0.1776 | dual_g 0.4589 | dual_d 0.0000 | train_acc 0.7310 | train_full n/a | val_acc 0.1923 | val_f1 0.0595 | adv/moduleC 0.00/0.25 | disc_steps 0 | grad(main/disc) 9.055/0.000 | lr(main/disc) 8.50e-05/2.75e-05 | cuda_peak(alloc/resv) 21.77/28.18GB | phase(train/val/raw/train_eval) 3.1/0.3/0.0/0.0s | 3.5s
2026-08-29 21:25:34 | Epoch 007/060 | loss 3.0312 | cls 2.4323 | tal -0.1054 | dual_g 0.6305 | dual_d 0.8110 | train_acc 0.7174 | train_full n/a | val_acc 0.3846 | val_f1 0.2500 | adv/moduleC 0.07/0.38 | disc_steps 2 | grad(main/disc) 9.178/1.534 | lr(main/disc) 8.50e-05/2.75e-05 | cuda_peak(alloc/resv) 21.77/28.18GB | phase(train/val/raw/train_eval) 2.9/0.3/0.0/0.0s | 3.2s
2026-08-29 21:25:37 | Epoch 008/060 | loss 3.0119 | cls 2.2208 | tal -0.0366 | dual_g 0.8021 | dual_d 0.8130 | train_acc 0.7935 | train_full n/a | val_acc 0.3846 | val_f1 0.2980 | adv/moduleC 0.13/0.50 | disc_steps 2 | grad(main/disc) 9.012/1.531 | lr(main/disc) 8.50e-05/2.75e-05 | cuda_peak(alloc/resv) 21.77/28.18GB | phase(train/val/raw/train_eval) 2.9/0.3/0.0/0.0s | 3.2s
2026-08-29 21:25:41 | Epoch 009/060 | loss 2.9430 | cls 2.0542 | tal -0.0960 | dual_g 0.9176 | dual_d 0.7952 | train_acc 0.8397 | train_full n/a | val_acc 0.4615 | val_f1 0.4092 | adv/moduleC 0.20/0.62 | disc_steps 2 | grad(main/disc) 8.827/1.497 | lr(main/disc) 8.50e-05/2.75e-05 | cuda_peak(alloc/resv) 21.77/28.18GB | phase(train/val/raw/train_eval) 3.2/0.3/0.3/0.0s | 3.9s
2026-08-29 21:25:43 | New best val_f1_macro_present: raw=0.4092 stable_score=0.2500 at epoch 9
2026-08-29 21:25:47 | Epoch 010/060 | loss 2.8371 | cls 1.8829 | tal -0.1054 | dual_g 0.9858 | dual_d 0.7989 | train_acc 0.9158 | train_full 0.4479 | val_acc 0.4231 | val_f1 0.3571 | adv/moduleC 0.27/0.75 | disc_steps 2 | grad(main/disc) 8.850/1.407 | lr(main/disc) 8.50e-05/2.75e-05 | cuda_peak(alloc/resv) 21.77/28.18GB | phase(train/val/raw/train_eval) 2.7/0.3/0.3/0.6s | 4.0s
2026-08-29 21:25:50 | New best val_f1_macro_present: raw=0.3571 stable_score=0.2980 at epoch 10
2026-08-29 21:25:54 | Epoch 011/060 | loss 2.8557 | cls 1.7798 | tal -0.1442 | dual_g 1.1192 | dual_d 0.7867 | train_acc 0.9239 | train_full n/a | val_acc 0.5385 | val_f1 0.5164 | adv/moduleC 0.33/0.88 | disc_steps 2 | grad(main/disc) 10.333/1.401 | lr(main/disc) 8.50e-05/2.75e-05 | cuda_peak(alloc/resv) 21.77/28.18GB | phase(train/val/raw/train_eval) 3.0/0.3/0.3/0.0s | 3.7s
2026-08-29 21:25:56 | New best val_f1_macro_present: raw=0.5164 stable_score=0.3571 at epoch 11
2026-08-29 21:26:00 | Epoch 012/060 | loss 2.8782 | cls 1.6984 | tal -0.1553 | dual_g 1.2263 | dual_d 0.7707 | train_acc 0.9429 | train_full n/a | val_acc 0.6923 | val_f1 0.7508 | adv/moduleC 0.40/1.00 | disc_steps 2 | grad(main/disc) 8.771/1.323 | lr(main/disc) 8.50e-05/2.75e-05 | cuda_peak(alloc/resv) 21.77/28.18GB | phase(train/val/raw/train_eval) 3.1/0.3/0.0/0.0s | 3.5s
2026-08-29 21:26:04 | Epoch 013/060 | loss 2.7127 | cls 1.6007 | tal -0.1154 | dual_g 1.1466 | dual_d 0.7714 | train_acc 0.9620 | train_full n/a | val_acc 0.5769 | val_f1 0.5090 | adv/moduleC 0.47/1.00 | disc_steps 2 | grad(main/disc) 11.304/1.324 | lr(main/disc) 8.50e-05/2.75e-05 | cuda_peak(alloc/resv) 21.77/28.18GB | phase(train/val/raw/train_eval) 3.2/0.3/0.4/0.0s | 3.8s
2026-08-29 21:26:06 | New best val_f1_macro_present: raw=0.5090 stable_score=0.5090 at epoch 13
2026-08-29 21:26:10 | Epoch 014/060 | loss 2.6585 | cls 1.5720 | tal -0.0994 | dual_g 1.1163 | dual_d 0.7604 | train_acc 0.9701 | train_full n/a | val_acc 0.6923 | val_f1 0.7625 | adv/moduleC 0.53/1.00 | disc_steps 2 | grad(main/disc) 10.538/1.289 | lr(main/disc) 8.50e-05/2.75e-05 | cuda_peak(alloc/resv) 21.77/28.18GB | phase(train/val/raw/train_eval) 3.0/0.3/0.0/0.0s | 3.4s
2026-08-29 21:26:14 | Epoch 015/060 | loss 2.5521 | cls 1.4764 | tal -0.0534 | dual_g 1.0917 | dual_d 0.8045 | train_acc 0.9810 | train_full 0.7188 | val_acc 0.5769 | val_f1 0.6202 | adv/moduleC 0.60/1.00 | disc_steps 2 | grad(main/disc) 10.006/1.295 | lr(main/disc) 8.50e-05/2.75e-05 | cuda_peak(alloc/resv) 21.77/28.18GB | phase(train/val/raw/train_eval) 3.2/0.3/0.3/0.5s | 4.4s
2026-08-29 21:26:18 | Epoch 016/060 | loss 2.5805 | cls 1.5126 | tal -0.0635 | dual_g 1.0870 | dual_d 0.8017 | train_acc 0.9728 | train_full n/a | val_acc 0.7308 | val_f1 0.7531 | adv/moduleC 0.67/1.00 | disc_steps 2 | grad(main/disc) 9.519/1.314 | lr(main/disc) 8.50e-05/2.75e-05 | cuda_peak(alloc/resv) 21.77/28.18GB | phase(train/val/raw/train_eval) 3.0/0.3/0.4/0.0s | 3.7s
2026-08-29 21:26:20 | New best val_f1_macro_present: raw=0.7531 stable_score=0.6202 at epoch 16
2026-08-29 21:26:24 | Epoch 017/060 | loss 2.4144 | cls 1.4333 | tal -0.0730 | dual_g 1.0030 | dual_d 0.7565 | train_acc 0.9837 | train_full n/a | val_acc 0.8077 | val_f1 0.8524 | adv/moduleC 0.73/1.00 | disc_steps 2 | grad(main/disc) 7.284/1.283 | lr(main/disc) 8.50e-05/2.75e-05 | cuda_peak(alloc/resv) 21.77/28.18GB | phase(train/val/raw/train_eval) 2.9/0.4/0.0/0.0s | 3.3s
2026-08-29 21:26:27 | Epoch 018/060 | loss 2.3828 | cls 1.4045 | tal -0.0703 | dual_g 0.9993 | dual_d 0.7864 | train_acc 0.9918 | train_full n/a | val_acc 0.8077 | val_f1 0.8319 | adv/moduleC 0.80/1.00 | disc_steps 2 | grad(main/disc) 7.573/1.286 | lr(main/disc) 8.50e-05/2.75e-05 | cuda_peak(alloc/resv) 21.77/28.18GB | phase(train/val/raw/train_eval) 2.9/0.3/0.3/0.0s | 3.5s
2026-08-29 21:26:30 | New best val_f1_macro_present: raw=0.8319 stable_score=0.7531 at epoch 18
2026-08-29 21:26:34 | Epoch 019/060 | loss 2.4000 | cls 1.3971 | tal -0.0410 | dual_g 1.0152 | dual_d 0.7470 | train_acc 0.9973 | train_full n/a | val_acc 0.8846 | val_f1 0.9004 | adv/moduleC 0.87/1.00 | disc_steps 2 | grad(main/disc) 8.708/1.235 | lr(main/disc) 8.50e-05/2.75e-05 | cuda_peak(alloc/resv) 21.77/28.18GB | phase(train/val/raw/train_eval) 3.0/0.3/0.3/0.0s | 3.7s
2026-08-29 21:26:36 | New best val_f1_macro_present: raw=0.9004 stable_score=0.8319 at epoch 19
2026-08-29 21:26:40 | Epoch 020/060 | loss 2.3911 | cls 1.3903 | tal -0.0215 | dual_g 1.0073 | dual_d 0.7737 | train_acc 0.9783 | train_full 0.8854 | val_acc 0.8846 | val_f1 0.8987 | adv/moduleC 0.93/1.00 | disc_steps 2 | grad(main/disc) 8.868/1.240 | lr(main/disc) 8.50e-05/2.75e-05 | cuda_peak(alloc/resv) 21.77/28.18GB | phase(train/val/raw/train_eval) 2.8/0.3/0.4/0.6s | 4.1s
2026-08-29 21:26:43 | Epoch 021/060 | loss 2.3172 | cls 1.3561 | tal -0.0745 | dual_g 0.9835 | dual_d 0.7703 | train_acc 0.9946 | train_full n/a | val_acc 0.7692 | val_f1 0.8018 | adv/moduleC 1.00/1.00 | disc_steps 2 | grad(main/disc) 6.642/1.314 | lr(main/disc) 8.50e-05/2.75e-05 | cuda_peak(alloc/resv) 21.77/28.18GB | phase(train/val/raw/train_eval) 2.9/0.3/0.0/0.0s | 3.2s
2026-08-29 21:26:47 | Epoch 022/060 | loss 2.3179 | cls 1.3397 | tal -0.0596 | dual_g 0.9960 | dual_d 0.8289 | train_acc 0.9946 | train_full n/a | val_acc 0.8846 | val_f1 0.9231 | adv/moduleC 1.00/1.00 | disc_steps 2 | grad(main/disc) 7.127/1.268 | lr(main/disc) 8.50e-05/2.75e-05 | cuda_peak(alloc/resv) 21.77/28.18GB | phase(train/val/raw/train_eval) 3.1/0.3/0.0/0.0s | 3.5s
2026-08-29 21:26:51 | Epoch 023/060 | loss 2.3721 | cls 1.3910 | tal -0.1102 | dual_g 1.0142 | dual_d 0.8278 | train_acc 0.9837 | train_full n/a | val_acc 0.8462 | val_f1 0.8833 | adv/moduleC 1.00/1.00 | disc_steps 2 | grad(main/disc) 9.159/1.292 | lr(main/disc) 8.50e-05/2.75e-05 | cuda_peak(alloc/resv) 21.77/28.18GB | phase(train/val/raw/train_eval) 3.3/0.3/0.0/0.0s | 3.7s
2026-08-29 21:26:54 | Epoch 024/060 | loss 2.2808 | cls 1.3294 | tal -0.0783 | dual_g 0.9748 | dual_d 0.8691 | train_acc 0.9973 | train_full n/a | val_acc 0.9615 | val_f1 0.9737 | adv/moduleC 1.00/1.00 | disc_steps 2 | grad(main/disc) 6.034/1.363 | lr(main/disc) 8.50e-05/2.75e-05 | cuda_peak(alloc/resv) 21.77/28.18GB | phase(train/val/raw/train_eval) 3.0/0.3/0.3/0.0s | 3.7s
2026-08-29 21:26:57 | New best val_f1_macro_present: raw=0.9737 stable_score=0.8833 at epoch 24
2026-08-29 21:27:01 | Epoch 025/060 | loss 2.2613 | cls 1.3299 | tal -0.0831 | dual_g 0.9563 | dual_d 0.8152 | train_acc 0.9973 | train_full 0.9167 | val_acc 0.9615 | val_f1 0.9293 | adv/moduleC 1.00/1.00 | disc_steps 2 | grad(main/disc) 5.151/1.328 | lr(main/disc) 8.50e-05/2.75e-05 | cuda_peak(alloc/resv) 21.77/28.18GB | phase(train/val/raw/train_eval) 3.1/0.3/0.4/0.5s | 4.4s
2026-08-29 21:27:05 | Epoch 026/060 | loss 2.2446 | cls 1.3207 | tal -0.0605 | dual_g 0.9420 | dual_d 0.8755 | train_acc 0.9891 | train_full n/a | val_acc 1.0000 | val_f1 1.0000 | adv/moduleC 1.00/1.00 | disc_steps 2 | grad(main/disc) 4.655/1.397 | lr(main/disc) 8.50e-05/2.75e-05 | cuda_peak(alloc/resv) 21.77/28.18GB | phase(train/val/raw/train_eval) 3.0/0.3/0.3/0.0s | 3.7s
2026-08-29 21:27:08 | New best val_f1_macro_present: raw=1.0000 stable_score=0.9293 at epoch 26
2026-08-29 21:27:11 | Epoch 027/060 | loss 2.2318 | cls 1.3124 | tal -0.1036 | dual_g 0.9505 | dual_d 0.8264 | train_acc 0.9918 | train_full n/a | val_acc 1.0000 | val_f1 1.0000 | adv/moduleC 1.00/1.00 | disc_steps 2 | grad(main/disc) 4.715/1.340 | lr(main/disc) 8.50e-05/2.75e-05 | cuda_peak(alloc/resv) 21.77/28.18GB | phase(train/val/raw/train_eval) 2.9/0.3/0.0/0.0s | 3.3s
2026-08-29 21:27:15 | Epoch 028/060 | loss 2.2152 | cls 1.3088 | tal -0.1192 | dual_g 0.9422 | dual_d 0.8381 | train_acc 0.9946 | train_full n/a | val_acc 1.0000 | val_f1 1.0000 | adv/moduleC 1.00/1.00 | disc_steps 2 | grad(main/disc) 5.084/1.342 | lr(main/disc) 8.50e-05/2.75e-05 | cuda_peak(alloc/resv) 21.77/28.18GB | phase(train/val/raw/train_eval) 3.0/0.3/0.3/0.0s | 3.7s
2026-08-29 21:27:17 | New best val_f1_macro_present: raw=1.0000 stable_score=1.0000 at epoch 28
2026-08-29 21:27:21 | Epoch 029/060 | loss 2.2342 | cls 1.3225 | tal -0.0810 | dual_g 0.9360 | dual_d 0.9179 | train_acc 0.9946 | train_full n/a | val_acc 1.0000 | val_f1 1.0000 | adv/moduleC 1.00/1.00 | disc_steps 2 | grad(main/disc) 4.647/1.394 | lr(main/disc) 8.50e-05/2.75e-05 | cuda_peak(alloc/resv) 21.77/28.18GB | phase(train/val/raw/train_eval) 2.9/0.3/0.0/0.0s | 3.2s
2026-08-29 21:27:25 | Epoch 030/060 | loss 2.1786 | cls 1.3045 | tal -0.1518 | dual_g 0.9196 | dual_d 0.9385 | train_acc 0.9946 | train_full 0.9375 | val_acc 1.0000 | val_f1 1.0000 | adv/moduleC 1.00/1.00 | disc_steps 2 | grad(main/disc) 4.072/1.415 | lr(main/disc) 8.50e-05/2.75e-05 | cuda_peak(alloc/resv) 21.77/28.18GB | phase(train/val/raw/train_eval) 3.2/0.3/0.4/0.5s | 4.4s
2026-08-29 21:27:28 | Epoch 031/060 | loss 2.1940 | cls 1.3092 | tal -0.1216 | dual_g 0.9213 | dual_d 0.9188 | train_acc 0.9946 | train_full n/a | val_acc 1.0000 | val_f1 1.0000 | adv/moduleC 1.00/1.00 | disc_steps 2 | grad(main/disc) 4.693/1.394 | lr(main/disc) 8.50e-05/2.75e-05 | cuda_peak(alloc/resv) 21.77/28.18GB | phase(train/val/raw/train_eval) 3.0/0.3/0.0/0.0s | 3.3s
2026-08-29 21:27:32 | Epoch 032/060 | loss 2.1912 | cls 1.3038 | tal -0.0815 | dual_g 0.9118 | dual_d 0.9200 | train_acc 0.9946 | train_full n/a | val_acc 1.0000 | val_f1 1.0000 | adv/moduleC 1.00/1.00 | disc_steps 2 | grad(main/disc) 3.724/1.394 | lr(main/disc) 8.50e-05/2.75e-05 | cuda_peak(alloc/resv) 21.77/28.18GB | phase(train/val/raw/train_eval) 3.1/0.3/0.0/0.0s | 3.4s
2026-08-29 21:27:35 | Epoch 033/060 | loss 2.1638 | cls 1.2769 | tal -0.0525 | dual_g 0.9027 | dual_d 0.9510 | train_acc 0.9973 | train_full n/a | val_acc 1.0000 | val_f1 1.0000 | adv/moduleC 1.00/1.00 | disc_steps 2 | grad(main/disc) 3.208/1.418 | lr(main/disc) 8.50e-05/2.75e-05 | cuda_peak(alloc/resv) 21.77/28.18GB | phase(train/val/raw/train_eval) 2.9/0.3/0.0/0.0s | 3.2s
2026-08-29 21:27:39 | Epoch 034/060 | loss 2.1645 | cls 1.2817 | tal -0.0938 | dual_g 0.9110 | dual_d 0.9347 | train_acc 0.9918 | train_full n/a | val_acc 1.0000 | val_f1 1.0000 | adv/moduleC 1.00/1.00 | disc_steps 2 | grad(main/disc) 3.604/1.367 | lr(main/disc) 8.50e-05/2.75e-05 | cuda_peak(alloc/resv) 21.77/28.18GB | phase(train/val/raw/train_eval) 3.3/0.3/0.0/0.0s | 3.6s
2026-08-29 21:27:43 | Epoch 035/060 | loss 2.1405 | cls 1.2650 | tal -0.0796 | dual_g 0.8994 | dual_d 0.9001 | train_acc 1.0000 | train_full 0.9792 | val_acc 1.0000 | val_f1 1.0000 | adv/moduleC 1.00/1.00 | disc_steps 2 | grad(main/disc) 2.922/1.347 | lr(main/disc) 8.50e-05/2.75e-05 | cuda_peak(alloc/resv) 21.77/28.18GB | phase(train/val/raw/train_eval) 3.0/0.3/0.4/0.5s | 4.3s
2026-08-29 21:27:46 | Epoch 036/060 | loss 2.1201 | cls 1.2642 | tal -0.1072 | dual_g 0.8881 | dual_d 0.9590 | train_acc 0.9973 | train_full n/a | val_acc 1.0000 | val_f1 1.0000 | adv/moduleC 1.00/1.00 | disc_steps 2 | grad(main/disc) 3.177/1.402 | lr(main/disc) 8.50e-05/2.75e-05 | cuda_peak(alloc/resv) 21.77/28.18GB | phase(train/val/raw/train_eval) 3.3/0.3/0.0/0.0s | 3.6s
2026-08-29 21:27:50 | Epoch 037/060 | loss 2.1244 | cls 1.2682 | tal -0.1183 | dual_g 0.8917 | dual_d 0.9917 | train_acc 0.9973 | train_full n/a | val_acc 1.0000 | val_f1 1.0000 | adv/moduleC 1.00/1.00 | disc_steps 2 | grad(main/disc) 3.412/1.432 | lr(main/disc) 8.50e-05/2.75e-05 | cuda_peak(alloc/resv) 21.77/28.18GB | phase(train/val/raw/train_eval) 3.2/0.3/0.0/0.0s | 3.6s
2026-08-29 21:27:54 | Epoch 038/060 | loss 2.1113 | cls 1.2632 | tal -0.1356 | dual_g 0.8888 | dual_d 0.9420 | train_acc 1.0000 | train_full n/a | val_acc 1.0000 | val_f1 1.0000 | adv/moduleC 1.00/1.00 | disc_steps 2 | grad(main/disc) 3.844/1.344 | lr(main/disc) 8.50e-05/2.75e-05 | cuda_peak(alloc/resv) 21.77/28.18GB | phase(train/val/raw/train_eval) 3.2/0.3/0.0/0.0s | 3.5s
2026-08-29 21:27:57 | Epoch 039/060 | loss 2.0902 | cls 1.2539 | tal -0.1486 | dual_g 0.8809 | dual_d 1.0074 | train_acc 0.9973 | train_full n/a | val_acc 1.0000 | val_f1 1.0000 | adv/moduleC 1.00/1.00 | disc_steps 2 | grad(main/disc) 3.275/1.419 | lr(main/disc) 8.50e-05/2.75e-05 | cuda_peak(alloc/resv) 21.77/28.18GB | phase(train/val/raw/train_eval) 3.0/0.3/0.0/0.0s | 3.4s
2026-08-29 21:28:01 | Epoch 040/060 | loss 2.0657 | cls 1.2388 | tal -0.1863 | dual_g 0.8828 | dual_d 1.0103 | train_acc 1.0000 | train_full 1.0000 | val_acc 1.0000 | val_f1 1.0000 | adv/moduleC 1.00/1.00 | disc_steps 2 | grad(main/disc) 2.835/1.406 | lr(main/disc) 8.50e-05/2.75e-05 | cuda_peak(alloc/resv) 21.77/28.18GB | phase(train/val/raw/train_eval) 3.3/0.3/0.3/0.6s | 4.5s
2026-08-29 21:28:05 | Epoch 041/060 | loss 2.0594 | cls 1.2357 | tal -0.1895 | dual_g 0.8806 | dual_d 0.9776 | train_acc 1.0000 | train_full n/a | val_acc 1.0000 | val_f1 1.0000 | adv/moduleC 1.00/1.00 | disc_steps 2 | grad(main/disc) 2.185/1.380 | lr(main/disc) 4.25e-05/1.38e-05 | cuda_peak(alloc/resv) 21.77/28.18GB | phase(train/val/raw/train_eval) 2.9/0.3/0.0/0.0s | 3.2s
2026-08-29 21:28:08 | Epoch 042/060 | loss 2.0671 | cls 1.2438 | tal -0.1540 | dual_g 0.8695 | dual_d 0.9962 | train_acc 0.9973 | train_full n/a | val_acc 1.0000 | val_f1 1.0000 | adv/moduleC 1.00/1.00 | disc_steps 2 | grad(main/disc) 2.494/1.413 | lr(main/disc) 4.25e-05/1.38e-05 | cuda_peak(alloc/resv) 21.77/28.18GB | phase(train/val/raw/train_eval) 2.9/0.3/0.0/0.0s | 3.2s
2026-08-29 21:28:11 | Epoch 043/060 | loss 2.0566 | cls 1.2350 | tal -0.1647 | dual_g 0.8710 | dual_d 1.0507 | train_acc 1.0000 | train_full n/a | val_acc 1.0000 | val_f1 1.0000 | adv/moduleC 1.00/1.00 | disc_steps 2 | grad(main/disc) 2.233/1.478 | lr(main/disc) 4.25e-05/1.38e-05 | cuda_peak(alloc/resv) 21.77/28.18GB | phase(train/val/raw/train_eval) 2.9/0.3/0.0/0.0s | 3.2s
2026-08-29 21:28:14 | Epoch 044/060 | loss 2.0690 | cls 1.2519 | tal -0.1870 | dual_g 0.8732 | dual_d 1.0531 | train_acc 0.9973 | train_full n/a | val_acc 1.0000 | val_f1 1.0000 | adv/moduleC 1.00/1.00 | disc_steps 2 | grad(main/disc) 2.459/1.478 | lr(main/disc) 4.25e-05/1.38e-05 | cuda_peak(alloc/resv) 21.77/28.18GB | phase(train/val/raw/train_eval) 2.8/0.3/0.0/0.0s | 3.2s
2026-08-29 21:28:19 | Epoch 045/060 | loss 2.0480 | cls 1.2397 | tal -0.1875 | dual_g 0.8645 | dual_d 1.0458 | train_acc 0.9973 | train_full 0.9688 | val_acc 1.0000 | val_f1 1.0000 | adv/moduleC 1.00/1.00 | disc_steps 2 | grad(main/disc) 2.581/1.480 | lr(main/disc) 4.25e-05/1.38e-05 | cuda_peak(alloc/resv) 21.77/28.18GB | phase(train/val/raw/train_eval) 3.1/0.3/0.4/0.6s | 4.3s
2026-08-29 21:28:22 | Epoch 046/060 | loss 2.0660 | cls 1.2373 | tal -0.1470 | dual_g 0.8727 | dual_d 1.0385 | train_acc 1.0000 | train_full n/a | val_acc 1.0000 | val_f1 1.0000 | adv/moduleC 1.00/1.00 | disc_steps 2 | grad(main/disc) 2.633/1.421 | lr(main/disc) 4.25e-05/1.38e-05 | cuda_peak(alloc/resv) 21.77/28.18GB | phase(train/val/raw/train_eval) 2.8/0.3/0.0/0.0s | 3.1s
2026-08-29 21:28:25 | Epoch 047/060 | loss 2.0446 | cls 1.2370 | tal -0.1734 | dual_g 0.8596 | dual_d 1.0160 | train_acc 0.9973 | train_full n/a | val_acc 1.0000 | val_f1 1.0000 | adv/moduleC 1.00/1.00 | disc_steps 2 | grad(main/disc) 2.091/1.402 | lr(main/disc) 4.25e-05/1.38e-05 | cuda_peak(alloc/resv) 21.77/28.18GB | phase(train/val/raw/train_eval) 2.9/0.3/0.0/0.0s | 3.3s
2026-08-29 21:28:28 | Epoch 048/060 | loss 2.0406 | cls 1.2399 | tal -0.1910 | dual_g 0.8580 | dual_d 1.0283 | train_acc 1.0000 | train_full n/a | val_acc 1.0000 | val_f1 1.0000 | adv/moduleC 1.00/1.00 | disc_steps 2 | grad(main/disc) 2.527/1.430 | lr(main/disc) 4.25e-05/1.38e-05 | cuda_peak(alloc/resv) 21.77/28.18GB | phase(train/val/raw/train_eval) 3.1/0.3/0.0/0.0s | 3.4s
2026-08-29 21:28:32 | Epoch 049/060 | loss 2.0355 | cls 1.2334 | tal -0.2044 | dual_g 0.8634 | dual_d 1.0095 | train_acc 1.0000 | train_full n/a | val_acc 1.0000 | val_f1 1.0000 | adv/moduleC 1.00/1.00 | disc_steps 2 | grad(main/disc) 2.211/1.444 | lr(main/disc) 4.25e-05/1.38e-05 | cuda_peak(alloc/resv) 21.77/28.18GB | phase(train/val/raw/train_eval) 3.2/0.3/0.0/0.0s | 3.6s
2026-08-29 21:28:36 | Epoch 050/060 | loss 2.0307 | cls 1.2346 | tal -0.2121 | dual_g 0.8597 | dual_d 1.0203 | train_acc 1.0000 | train_full 0.9896 | val_acc 1.0000 | val_f1 1.0000 | adv/moduleC 1.00/1.00 | disc_steps 2 | grad(main/disc) 2.052/1.418 | lr(main/disc) 4.25e-05/1.38e-05 | cuda_peak(alloc/resv) 21.77/28.18GB | phase(train/val/raw/train_eval) 2.9/0.3/0.3/0.6s | 4.1s
2026-08-29 21:28:36 | Early stopping at epoch 50 after 22 epochs without val_f1_macro_present improvement.
2026-08-29 21:28:36 | Training complete. Peak validation accuracy: 1.0000 | selected val_f1_macro_present: 1.0000
