2026-08-29 21:28:36 | Starting Dual_D standalone training
2026-08-29 21:28:36 | Run directory: runs/module_c_ablation_60_v8/module_c_20260829_205331/module_c_full_雨天_20260829_205332
2026-08-29 21:28:36 | Device: cuda
2026-08-29 21:28:36 | Source train samples: 992
2026-08-29 21:28:36 | Target train samples: 96
2026-08-29 21:28:36 | Target val samples: 26
2026-08-29 21:28:36 | Classes: 14
2026-08-29 21:28:36 | Data audit: same_dir=False | path_overlap(vis/ir/ais)=0/0/0 | content_overlap(vis/ir/ais)=0/0/0 | ais_index_overlap=0 | stem_mismatch(vis-ir/vis-ais)=117/0
2026-08-29 21:28:36 | source_train classes: present 14/14 | absent 0 | counts [0:120, 1:44, 2:69, 3:45, 4:40, 5:30, 6:64, 7:80, 8:116, 9:68, 10:57, 11:83, 12:48, 13:128]
2026-08-29 21:28:36 | target_train classes: present 6/14 | absent 8 | counts [0:7, 2:19, 9:32, 10:12, 11:6, 13:20]
2026-08-29 21:28:36 | target_val classes: present 6/14 | absent 8 | counts [0:2, 2:5, 9:8, 10:4, 11:2, 13:5]
2026-08-29 21:28:36 | Paired training classes: 6/14 | class ids [0, 2, 9, 10, 11, 13]
2026-08-29 21:28:36 | Runtime profile: batch=92 | paired_steps=4 | workers=16 | train_eval_every=5 | raw_eval_every=5 | stability_window=3 | lr_scheduler_start=28 | early_stop=20 after min_epoch=50
2026-08-29 21:28:36 | VIS/IR pairing: class-level-unpaired | count-mismatch classes train/val: 10/0 | AIS alignment: none | AIS rows train/val: 0/0
2026-08-29 21:28:37 | Effective Dual-D loss weights: {"adv_auxiliary": 0.02, "adv_primary": 0.02, "classification": 0.6, "contrastive": 0.025, "cycle": 0.12, "identity": 0.025, "prototype_contrastive": 0.03}
2026-08-29 21:28:37 | Model parameters: total=17277714 | trainable=17120210
2026-08-29 21:28:42 | Epoch 001/060 | loss 6.1647 | cls 6.2144 | tal -0.1656 | dual_g 0.0000 | dual_d 0.0000 | train_acc 0.0924 | train_full 0.0521 | val_acc 0.1538 | val_f1 0.1465 | adv/moduleC 0.00/0.00 | disc_steps 0 | grad(main/disc) 18.818/0.000 | lr(main/disc) 8.50e-05/2.75e-05 | cuda_peak(alloc/resv) 21.77/28.18GB | phase(train/val/raw/train_eval) 3.4/0.3/0.3/0.5s | 4.6s
2026-08-29 21:28:45 | Epoch 002/060 | loss 4.4325 | cls 4.5297 | tal -0.3241 | dual_g 0.0000 | dual_d 0.0000 | train_acc 0.2228 | train_full n/a | val_acc 0.0769 | val_f1 0.0278 | adv/moduleC 0.00/0.00 | disc_steps 0 | grad(main/disc) 14.012/0.000 | lr(main/disc) 8.50e-05/2.75e-05 | cuda_peak(alloc/resv) 21.77/28.18GB | phase(train/val/raw/train_eval) 3.0/0.3/0.0/0.0s | 3.3s
2026-08-29 21:28:49 | Epoch 003/060 | loss 3.5999 | cls 3.7495 | tal -0.4990 | dual_g 0.0000 | dual_d 0.0000 | train_acc 0.3560 | train_full n/a | val_acc 0.0769 | val_f1 0.0238 | adv/moduleC 0.00/0.00 | disc_steps 0 | grad(main/disc) 11.473/0.000 | lr(main/disc) 8.50e-05/2.75e-05 | cuda_peak(alloc/resv) 21.77/28.18GB | phase(train/val/raw/train_eval) 3.1/0.3/0.3/0.0s | 3.8s
2026-08-29 21:28:51 | New best val_f1_macro_present: raw=0.0238 stable_score=0.0238 at epoch 3
2026-08-29 21:28:56 | Epoch 004/060 | loss 3.1511 | cls 3.3079 | tal -0.5226 | dual_g 0.0000 | dual_d 0.0000 | train_acc 0.4592 | train_full n/a | val_acc 0.0769 | val_f1 0.0247 | adv/moduleC 0.00/0.00 | disc_steps 0 | grad(main/disc) 9.848/0.000 | lr(main/disc) 8.50e-05/2.75e-05 | cuda_peak(alloc/resv) 21.77/28.18GB | phase(train/val/raw/train_eval) 4.0/0.3/0.0/0.0s | 4.3s
2026-08-29 21:29:01 | Epoch 005/060 | loss 2.9110 | cls 2.8033 | tal -0.4684 | dual_g 0.2482 | dual_d 0.0000 | train_acc 0.6141 | train_full 0.0833 | val_acc 0.1154 | val_f1 0.0873 | adv/moduleC 0.00/0.12 | disc_steps 0 | grad(main/disc) 8.846/0.000 | lr(main/disc) 8.50e-05/2.75e-05 | cuda_peak(alloc/resv) 21.77/28.18GB | phase(train/val/raw/train_eval) 3.6/0.4/0.3/0.5s | 4.9s
2026-08-29 21:29:04 | Epoch 006/060 | loss 2.8965 | cls 2.5319 | tal -0.3985 | dual_g 0.4842 | dual_d 0.0000 | train_acc 0.6467 | train_full n/a | val_acc 0.0769 | val_f1 0.0370 | adv/moduleC 0.00/0.25 | disc_steps 0 | grad(main/disc) 8.492/0.000 | lr(main/disc) 8.50e-05/2.75e-05 | cuda_peak(alloc/resv) 21.77/28.18GB | phase(train/val/raw/train_eval) 3.3/0.4/0.0/0.0s | 3.6s
2026-08-29 21:29:08 | Epoch 007/060 | loss 2.8487 | cls 2.3333 | tal -0.3954 | dual_g 0.6340 | dual_d 0.8334 | train_acc 0.7283 | train_full n/a | val_acc 0.2692 | val_f1 0.1759 | adv/moduleC 0.07/0.38 | disc_steps 2 | grad(main/disc) 8.907/1.683 | lr(main/disc) 8.50e-05/2.75e-05 | cuda_peak(alloc/resv) 21.77/28.18GB | phase(train/val/raw/train_eval) 3.2/0.3/0.3/0.0s | 3.9s
2026-08-29 21:29:11 | New best val_f1_macro_present: raw=0.1759 stable_score=0.0370 at epoch 7
2026-08-29 21:29:15 | Epoch 008/060 | loss 2.8363 | cls 2.1656 | tal -0.4167 | dual_g 0.7957 | dual_d 0.8255 | train_acc 0.7663 | train_full n/a | val_acc 0.4615 | val_f1 0.4681 | adv/moduleC 0.13/0.50 | disc_steps 2 | grad(main/disc) 8.932/1.651 | lr(main/disc) 8.50e-05/2.75e-05 | cuda_peak(alloc/resv) 21.77/28.18GB | phase(train/val/raw/train_eval) 3.3/0.3/0.0/0.0s | 3.7s
2026-08-29 21:29:18 | Epoch 009/060 | loss 2.7700 | cls 1.9972 | tal -0.4008 | dual_g 0.8930 | dual_d 0.7752 | train_acc 0.8261 | train_full n/a | val_acc 0.5000 | val_f1 0.4571 | adv/moduleC 0.20/0.62 | disc_steps 2 | grad(main/disc) 8.317/1.520 | lr(main/disc) 8.50e-05/2.75e-05 | cuda_peak(alloc/resv) 21.77/28.18GB | phase(train/val/raw/train_eval) 2.9/0.3/0.3/0.0s | 3.6s
2026-08-29 21:29:21 | New best val_f1_macro_present: raw=0.4571 stable_score=0.1759 at epoch 9
2026-08-29 21:29:25 | Epoch 010/060 | loss 2.8732 | cls 1.9248 | tal -0.3167 | dual_g 1.0434 | dual_d 0.7808 | train_acc 0.8451 | train_full 0.5417 | val_acc 0.5769 | val_f1 0.4815 | adv/moduleC 0.27/0.75 | disc_steps 2 | grad(main/disc) 8.981/1.513 | lr(main/disc) 8.50e-05/2.75e-05 | cuda_peak(alloc/resv) 21.77/28.18GB | phase(train/val/raw/train_eval) 3.0/0.3/0.3/0.5s | 4.2s
2026-08-29 21:29:28 | New best val_f1_macro_present: raw=0.4815 stable_score=0.4571 at epoch 10
2026-08-29 21:29:31 | Epoch 011/060 | loss 2.8229 | cls 1.7776 | tal -0.1847 | dual_g 1.1007 | dual_d 0.7937 | train_acc 0.9130 | train_full n/a | val_acc 0.5000 | val_f1 0.4157 | adv/moduleC 0.33/0.88 | disc_steps 2 | grad(main/disc) 8.288/1.489 | lr(main/disc) 8.50e-05/2.75e-05 | cuda_peak(alloc/resv) 21.77/28.18GB | phase(train/val/raw/train_eval) 3.4/0.3/0.0/0.0s | 3.8s
2026-08-29 21:29:35 | Epoch 012/060 | loss 2.9035 | cls 1.7240 | tal -0.2255 | dual_g 1.2471 | dual_d 0.7560 | train_acc 0.9293 | train_full n/a | val_acc 0.4615 | val_f1 0.4655 | adv/moduleC 0.40/1.00 | disc_steps 2 | grad(main/disc) 9.339/1.427 | lr(main/disc) 8.50e-05/2.75e-05 | cuda_peak(alloc/resv) 21.77/28.18GB | phase(train/val/raw/train_eval) 2.8/0.3/0.0/0.0s | 3.2s
2026-08-29 21:29:38 | Epoch 013/060 | loss 2.7357 | cls 1.6493 | tal -0.2160 | dual_g 1.1512 | dual_d 0.7887 | train_acc 0.9348 | train_full n/a | val_acc 0.5000 | val_f1 0.5285 | adv/moduleC 0.47/1.00 | disc_steps 2 | grad(main/disc) 8.773/1.406 | lr(main/disc) 8.50e-05/2.75e-05 | cuda_peak(alloc/resv) 21.77/28.18GB | phase(train/val/raw/train_eval) 3.2/0.3/0.0/0.0s | 3.6s
2026-08-29 21:29:42 | Epoch 014/060 | loss 2.5435 | cls 1.5260 | tal -0.2337 | dual_g 1.0876 | dual_d 0.7807 | train_acc 0.9538 | train_full n/a | val_acc 0.7308 | val_f1 0.7320 | adv/moduleC 0.53/1.00 | disc_steps 2 | grad(main/disc) 8.209/1.437 | lr(main/disc) 8.50e-05/2.75e-05 | cuda_peak(alloc/resv) 21.77/28.18GB | phase(train/val/raw/train_eval) 3.1/0.3/0.4/0.0s | 3.8s
2026-08-29 21:29:45 | New best val_f1_macro_present: raw=0.7320 stable_score=0.4655 at epoch 14
2026-08-29 21:29:49 | Epoch 015/060 | loss 2.4746 | cls 1.4730 | tal -0.2445 | dual_g 1.0750 | dual_d 0.8101 | train_acc 0.9755 | train_full 0.7812 | val_acc 0.6538 | val_f1 0.6946 | adv/moduleC 0.60/1.00 | disc_steps 2 | grad(main/disc) 9.348/1.471 | lr(main/disc) 8.50e-05/2.75e-05 | cuda_peak(alloc/resv) 21.77/28.18GB | phase(train/val/raw/train_eval) 3.2/0.4/0.4/0.5s | 4.4s
2026-08-29 21:29:52 | New best val_f1_macro_present: raw=0.6946 stable_score=0.5285 at epoch 15
2026-08-29 21:29:56 | Epoch 016/060 | loss 2.4827 | cls 1.4793 | tal -0.2339 | dual_g 1.0736 | dual_d 0.8132 | train_acc 0.9728 | train_full n/a | val_acc 0.7692 | val_f1 0.8218 | adv/moduleC 0.67/1.00 | disc_steps 2 | grad(main/disc) 8.102/1.436 | lr(main/disc) 8.50e-05/2.75e-05 | cuda_peak(alloc/resv) 21.77/28.18GB | phase(train/val/raw/train_eval) 3.5/0.3/0.4/0.0s | 4.2s
2026-08-29 21:29:59 | New best val_f1_macro_present: raw=0.8218 stable_score=0.6946 at epoch 16
2026-08-29 21:30:02 | Epoch 017/060 | loss 2.4089 | cls 1.4546 | tal -0.2781 | dual_g 1.0378 | dual_d 0.7865 | train_acc 0.9810 | train_full n/a | val_acc 0.7692 | val_f1 0.8039 | adv/moduleC 0.73/1.00 | disc_steps 2 | grad(main/disc) 10.725/1.392 | lr(main/disc) 8.50e-05/2.75e-05 | cuda_peak(alloc/resv) 21.77/28.18GB | phase(train/val/raw/train_eval) 3.2/0.4/0.0/0.0s | 3.5s
2026-08-29 21:30:06 | Epoch 018/060 | loss 2.3291 | cls 1.3761 | tal -0.1980 | dual_g 1.0124 | dual_d 0.8007 | train_acc 0.9891 | train_full n/a | val_acc 0.9231 | val_f1 0.9429 | adv/moduleC 0.80/1.00 | disc_steps 2 | grad(main/disc) 7.450/1.368 | lr(main/disc) 8.50e-05/2.75e-05 | cuda_peak(alloc/resv) 21.77/28.18GB | phase(train/val/raw/train_eval) 3.6/0.3/0.4/0.0s | 4.3s
2026-08-29 21:30:09 | New best val_f1_macro_present: raw=0.9429 stable_score=0.8039 at epoch 18
2026-08-29 21:30:13 | Epoch 019/060 | loss 2.3958 | cls 1.4299 | tal -0.1879 | dual_g 1.0223 | dual_d 0.8187 | train_acc 0.9810 | train_full n/a | val_acc 0.7308 | val_f1 0.7875 | adv/moduleC 0.87/1.00 | disc_steps 2 | grad(main/disc) 7.815/1.415 | lr(main/disc) 8.50e-05/2.75e-05 | cuda_peak(alloc/resv) 21.77/28.18GB | phase(train/val/raw/train_eval) 3.4/0.3/0.0/0.0s | 3.7s
2026-08-29 21:30:17 | Epoch 020/060 | loss 2.3264 | cls 1.4006 | tal -0.2330 | dual_g 0.9957 | dual_d 0.7591 | train_acc 0.9837 | train_full 0.8646 | val_acc 0.7692 | val_f1 0.7878 | adv/moduleC 0.93/1.00 | disc_steps 2 | grad(main/disc) 8.127/1.260 | lr(main/disc) 8.50e-05/2.75e-05 | cuda_peak(alloc/resv) 21.77/28.18GB | phase(train/val/raw/train_eval) 3.3/0.3/0.3/0.5s | 4.5s
2026-08-29 21:30:21 | Epoch 021/060 | loss 2.2765 | cls 1.3587 | tal -0.2140 | dual_g 0.9820 | dual_d 0.8301 | train_acc 0.9946 | train_full n/a | val_acc 1.0000 | val_f1 1.0000 | adv/moduleC 1.00/1.00 | disc_steps 2 | grad(main/disc) 6.576/1.340 | lr(main/disc) 8.50e-05/2.75e-05 | cuda_peak(alloc/resv) 21.77/28.18GB | phase(train/val/raw/train_eval) 3.1/0.3/0.0/0.0s | 3.4s
2026-08-29 21:30:24 | Epoch 022/060 | loss 2.2392 | cls 1.3313 | tal -0.2120 | dual_g 0.9716 | dual_d 0.8327 | train_acc 0.9946 | train_full n/a | val_acc 0.8846 | val_f1 0.9122 | adv/moduleC 1.00/1.00 | disc_steps 2 | grad(main/disc) 5.172/1.368 | lr(main/disc) 8.50e-05/2.75e-05 | cuda_peak(alloc/resv) 21.77/28.18GB | phase(train/val/raw/train_eval) 3.3/0.3/0.0/0.0s | 3.6s
2026-08-29 21:30:28 | Epoch 023/060 | loss 2.2195 | cls 1.3260 | tal -0.2179 | dual_g 0.9588 | dual_d 0.8559 | train_acc 0.9918 | train_full n/a | val_acc 0.8846 | val_f1 0.9092 | adv/moduleC 1.00/1.00 | disc_steps 2 | grad(main/disc) 4.807/1.363 | lr(main/disc) 8.50e-05/2.75e-05 | cuda_peak(alloc/resv) 21.77/28.18GB | phase(train/val/raw/train_eval) 3.2/0.3/0.4/0.0s | 3.9s
2026-08-29 21:30:31 | New best val_f1_macro_present: raw=0.9092 stable_score=0.9092 at epoch 23
2026-08-29 21:30:34 | Epoch 024/060 | loss 2.2034 | cls 1.3087 | tal -0.1898 | dual_g 0.9516 | dual_d 0.8562 | train_acc 0.9946 | train_full n/a | val_acc 0.9615 | val_f1 0.9704 | adv/moduleC 1.00/1.00 | disc_steps 2 | grad(main/disc) 4.634/1.370 | lr(main/disc) 8.50e-05/2.75e-05 | cuda_peak(alloc/resv) 21.77/28.18GB | phase(train/val/raw/train_eval) 3.1/0.4/0.0/0.0s | 3.4s
2026-08-29 21:30:39 | Epoch 025/060 | loss 2.2341 | cls 1.3277 | tal -0.1946 | dual_g 0.9648 | dual_d 0.8982 | train_acc 0.9973 | train_full 0.9167 | val_acc 0.9231 | val_f1 0.9429 | adv/moduleC 1.00/1.00 | disc_steps 2 | grad(main/disc) 5.478/1.440 | lr(main/disc) 8.50e-05/2.75e-05 | cuda_peak(alloc/resv) 21.77/28.18GB | phase(train/val/raw/train_eval) 3.1/0.3/0.3/0.5s | 4.4s
2026-08-29 21:30:42 | Epoch 026/060 | loss 2.2008 | cls 1.3246 | tal -0.2410 | dual_g 0.9485 | dual_d 0.8719 | train_acc 0.9864 | train_full n/a | val_acc 0.9231 | val_f1 0.9398 | adv/moduleC 1.00/1.00 | disc_steps 2 | grad(main/disc) 6.348/1.395 | lr(main/disc) 8.50e-05/2.75e-05 | cuda_peak(alloc/resv) 21.77/28.18GB | phase(train/val/raw/train_eval) 3.0/0.3/0.3/0.0s | 3.7s
2026-08-29 21:30:45 | New best val_f1_macro_present: raw=0.9398 stable_score=0.9398 at epoch 26
2026-08-29 21:30:49 | Epoch 027/060 | loss 2.2314 | cls 1.3370 | tal -0.1997 | dual_g 0.9544 | dual_d 0.8848 | train_acc 0.9946 | train_full n/a | val_acc 1.0000 | val_f1 1.0000 | adv/moduleC 1.00/1.00 | disc_steps 2 | grad(main/disc) 5.826/1.417 | lr(main/disc) 8.50e-05/2.75e-05 | cuda_peak(alloc/resv) 21.77/28.18GB | phase(train/val/raw/train_eval) 3.3/0.3/0.0/0.0s | 3.6s
2026-08-29 21:30:53 | Epoch 028/060 | loss 2.1705 | cls 1.2942 | tal -0.1671 | dual_g 0.9264 | dual_d 0.9103 | train_acc 1.0000 | train_full n/a | val_acc 1.0000 | val_f1 1.0000 | adv/moduleC 1.00/1.00 | disc_steps 2 | grad(main/disc) 5.173/1.345 | lr(main/disc) 8.50e-05/2.75e-05 | cuda_peak(alloc/resv) 21.77/28.18GB | phase(train/val/raw/train_eval) 3.4/0.3/0.0/0.0s | 3.7s
2026-08-29 21:30:57 | Epoch 029/060 | loss 2.1520 | cls 1.2957 | tal -0.2007 | dual_g 0.9165 | dual_d 0.9058 | train_acc 1.0000 | train_full n/a | val_acc 1.0000 | val_f1 1.0000 | adv/moduleC 1.00/1.00 | disc_steps 2 | grad(main/disc) 5.871/1.398 | lr(main/disc) 8.50e-05/2.75e-05 | cuda_peak(alloc/resv) 21.77/28.18GB | phase(train/val/raw/train_eval) 3.3/0.3/0.4/0.0s | 4.0s
2026-08-29 21:30:59 | New best val_f1_macro_present: raw=1.0000 stable_score=1.0000 at epoch 29
2026-08-29 21:31:04 | Epoch 030/060 | loss 2.1701 | cls 1.2974 | tal -0.1907 | dual_g 0.9299 | dual_d 0.9315 | train_acc 1.0000 | train_full 0.9688 | val_acc 1.0000 | val_f1 1.0000 | adv/moduleC 1.00/1.00 | disc_steps 2 | grad(main/disc) 5.080/1.369 | lr(main/disc) 8.50e-05/2.75e-05 | cuda_peak(alloc/resv) 21.77/28.18GB | phase(train/val/raw/train_eval) 3.2/0.4/0.3/0.6s | 4.5s
2026-08-29 21:31:07 | Epoch 031/060 | loss 2.1419 | cls 1.2856 | tal -0.1775 | dual_g 0.9096 | dual_d 0.9413 | train_acc 0.9946 | train_full n/a | val_acc 1.0000 | val_f1 1.0000 | adv/moduleC 1.00/1.00 | disc_steps 2 | grad(main/disc) 4.733/1.395 | lr(main/disc) 8.50e-05/2.75e-05 | cuda_peak(alloc/resv) 21.77/28.18GB | phase(train/val/raw/train_eval) 3.1/0.3/0.0/0.0s | 3.4s
2026-08-29 21:31:10 | Epoch 032/060 | loss 2.1682 | cls 1.2976 | tal -0.1714 | dual_g 0.9220 | dual_d 0.9795 | train_acc 0.9946 | train_full n/a | val_acc 1.0000 | val_f1 1.0000 | adv/moduleC 1.00/1.00 | disc_steps 2 | grad(main/disc) 5.388/1.430 | lr(main/disc) 8.50e-05/2.75e-05 | cuda_peak(alloc/resv) 21.77/28.18GB | phase(train/val/raw/train_eval) 2.8/0.3/0.0/0.0s | 3.2s
2026-08-29 21:31:14 | Epoch 033/060 | loss 2.1286 | cls 1.2742 | tal -0.1461 | dual_g 0.8982 | dual_d 1.0078 | train_acc 0.9973 | train_full n/a | val_acc 0.9231 | val_f1 0.9426 | adv/moduleC 1.00/1.00 | disc_steps 2 | grad(main/disc) 3.774/1.467 | lr(main/disc) 8.50e-05/2.75e-05 | cuda_peak(alloc/resv) 21.77/28.18GB | phase(train/val/raw/train_eval) 3.1/0.3/0.0/0.0s | 3.4s
2026-08-29 21:31:17 | Epoch 034/060 | loss 2.1261 | cls 1.2840 | tal -0.2035 | dual_g 0.9031 | dual_d 0.9746 | train_acc 0.9946 | train_full n/a | val_acc 0.8462 | val_f1 0.8626 | adv/moduleC 1.00/1.00 | disc_steps 2 | grad(main/disc) 3.759/1.412 | lr(main/disc) 8.50e-05/2.75e-05 | cuda_peak(alloc/resv) 21.77/28.18GB | phase(train/val/raw/train_eval) 3.2/0.3/0.0/0.0s | 3.5s
2026-08-29 21:31:22 | Epoch 035/060 | loss 2.1391 | cls 1.2802 | tal -0.1383 | dual_g 0.9004 | dual_d 0.9430 | train_acc 0.9946 | train_full 0.9792 | val_acc 0.8846 | val_f1 0.8836 | adv/moduleC 1.00/1.00 | disc_steps 2 | grad(main/disc) 4.422/1.350 | lr(main/disc) 8.50e-05/2.75e-05 | cuda_peak(alloc/resv) 21.77/28.18GB | phase(train/val/raw/train_eval) 3.1/0.4/0.4/0.5s | 4.4s
2026-08-29 21:31:25 | Epoch 036/060 | loss 2.1099 | cls 1.2634 | tal -0.1683 | dual_g 0.8970 | dual_d 0.9527 | train_acc 0.9946 | train_full n/a | val_acc 1.0000 | val_f1 1.0000 | adv/moduleC 1.00/1.00 | disc_steps 2 | grad(main/disc) 3.422/1.339 | lr(main/disc) 8.50e-05/2.75e-05 | cuda_peak(alloc/resv) 21.77/28.18GB | phase(train/val/raw/train_eval) 3.1/0.3/0.0/0.0s | 3.5s
2026-08-29 21:31:28 | Epoch 037/060 | loss 2.1305 | cls 1.2757 | tal -0.1622 | dual_g 0.9035 | dual_d 0.9675 | train_acc 1.0000 | train_full n/a | val_acc 1.0000 | val_f1 1.0000 | adv/moduleC 1.00/1.00 | disc_steps 2 | grad(main/disc) 3.891/1.343 | lr(main/disc) 8.50e-05/2.75e-05 | cuda_peak(alloc/resv) 21.77/28.18GB | phase(train/val/raw/train_eval) 3.0/0.3/0.0/0.0s | 3.4s
2026-08-29 21:31:32 | Epoch 038/060 | loss 2.1240 | cls 1.2799 | tal -0.1481 | dual_g 0.8886 | dual_d 1.0204 | train_acc 0.9891 | train_full n/a | val_acc 1.0000 | val_f1 1.0000 | adv/moduleC 1.00/1.00 | disc_steps 2 | grad(main/disc) 3.785/1.400 | lr(main/disc) 8.50e-05/2.75e-05 | cuda_peak(alloc/resv) 21.77/28.18GB | phase(train/val/raw/train_eval) 3.1/0.3/0.0/0.0s | 3.4s
2026-08-29 21:31:36 | Epoch 039/060 | loss 2.0884 | cls 1.2503 | tal -0.1664 | dual_g 0.8880 | dual_d 0.9820 | train_acc 0.9973 | train_full n/a | val_acc 1.0000 | val_f1 1.0000 | adv/moduleC 1.00/1.00 | disc_steps 2 | grad(main/disc) 2.758/1.359 | lr(main/disc) 8.50e-05/2.75e-05 | cuda_peak(alloc/resv) 21.77/28.18GB | phase(train/val/raw/train_eval) 3.5/0.3/0.0/0.0s | 3.8s
2026-08-29 21:31:40 | Epoch 040/060 | loss 2.0903 | cls 1.2531 | tal -0.1228 | dual_g 0.8741 | dual_d 1.0045 | train_acc 0.9973 | train_full 0.9896 | val_acc 0.9615 | val_f1 0.9737 | adv/moduleC 1.00/1.00 | disc_steps 2 | grad(main/disc) 3.347/1.366 | lr(main/disc) 8.50e-05/2.75e-05 | cuda_peak(alloc/resv) 21.77/28.18GB | phase(train/val/raw/train_eval) 2.8/0.3/0.4/0.5s | 4.1s
2026-08-29 21:31:44 | Epoch 041/060 | loss 2.0777 | cls 1.2579 | tal -0.1889 | dual_g 0.8765 | dual_d 1.0246 | train_acc 0.9973 | train_full n/a | val_acc 0.9615 | val_f1 0.9737 | adv/moduleC 1.00/1.00 | disc_steps 2 | grad(main/disc) 3.756/1.379 | lr(main/disc) 4.25e-05/1.38e-05 | cuda_peak(alloc/resv) 21.77/28.18GB | phase(train/val/raw/train_eval) 3.4/0.3/0.0/0.0s | 3.8s
2026-08-29 21:31:47 | Epoch 042/060 | loss 2.0930 | cls 1.2482 | tal -0.1429 | dual_g 0.8877 | dual_d 1.0323 | train_acc 1.0000 | train_full n/a | val_acc 1.0000 | val_f1 1.0000 | adv/moduleC 1.00/1.00 | disc_steps 2 | grad(main/disc) 3.246/1.386 | lr(main/disc) 4.25e-05/1.38e-05 | cuda_peak(alloc/resv) 21.77/28.18GB | phase(train/val/raw/train_eval) 2.8/0.3/0.0/0.0s | 3.2s
2026-08-29 21:31:50 | Epoch 043/060 | loss 2.0649 | cls 1.2451 | tal -0.1695 | dual_g 0.8707 | dual_d 1.0345 | train_acc 1.0000 | train_full n/a | val_acc 1.0000 | val_f1 1.0000 | adv/moduleC 1.00/1.00 | disc_steps 2 | grad(main/disc) 2.438/1.367 | lr(main/disc) 4.25e-05/1.38e-05 | cuda_peak(alloc/resv) 21.77/28.18GB | phase(train/val/raw/train_eval) 3.2/0.3/0.0/0.0s | 3.5s
2026-08-29 21:31:54 | Epoch 044/060 | loss 2.0489 | cls 1.2407 | tal -0.1890 | dual_g 0.8649 | dual_d 1.0484 | train_acc 0.9918 | train_full n/a | val_acc 0.9615 | val_f1 0.9663 | adv/moduleC 1.00/1.00 | disc_steps 2 | grad(main/disc) 2.633/1.363 | lr(main/disc) 4.25e-05/1.38e-05 | cuda_peak(alloc/resv) 21.77/28.18GB | phase(train/val/raw/train_eval) 3.1/0.4/0.0/0.0s | 3.4s
2026-08-29 21:31:58 | Epoch 045/060 | loss 2.0580 | cls 1.2476 | tal -0.1925 | dual_g 0.8682 | dual_d 1.0491 | train_acc 1.0000 | train_full 0.9688 | val_acc 1.0000 | val_f1 1.0000 | adv/moduleC 1.00/1.00 | disc_steps 2 | grad(main/disc) 2.981/1.393 | lr(main/disc) 4.25e-05/1.38e-05 | cuda_peak(alloc/resv) 21.77/28.18GB | phase(train/val/raw/train_eval) 3.1/0.3/0.3/0.5s | 4.3s
2026-08-29 21:32:01 | Epoch 046/060 | loss 2.0450 | cls 1.2332 | tal -0.2040 | dual_g 0.8730 | dual_d 1.0396 | train_acc 1.0000 | train_full n/a | val_acc 1.0000 | val_f1 1.0000 | adv/moduleC 1.00/1.00 | disc_steps 2 | grad(main/disc) 3.171/1.355 | lr(main/disc) 4.25e-05/1.38e-05 | cuda_peak(alloc/resv) 21.77/28.18GB | phase(train/val/raw/train_eval) 2.9/0.3/0.0/0.0s | 3.3s
2026-08-29 21:32:05 | Epoch 047/060 | loss 2.0505 | cls 1.2526 | tal -0.2292 | dual_g 0.8666 | dual_d 1.0478 | train_acc 0.9946 | train_full n/a | val_acc 1.0000 | val_f1 1.0000 | adv/moduleC 1.00/1.00 | disc_steps 2 | grad(main/disc) 3.033/1.369 | lr(main/disc) 4.25e-05/1.38e-05 | cuda_peak(alloc/resv) 21.77/28.18GB | phase(train/val/raw/train_eval) 3.3/0.3/0.0/0.0s | 3.6s
2026-08-29 21:32:08 | Epoch 048/060 | loss 2.0596 | cls 1.2403 | tal -0.1832 | dual_g 0.8743 | dual_d 1.0901 | train_acc 1.0000 | train_full n/a | val_acc 1.0000 | val_f1 1.0000 | adv/moduleC 1.00/1.00 | disc_steps 2 | grad(main/disc) 3.019/1.420 | lr(main/disc) 4.25e-05/1.38e-05 | cuda_peak(alloc/resv) 21.77/28.18GB | phase(train/val/raw/train_eval) 3.3/0.3/0.0/0.0s | 3.6s
2026-08-29 21:32:12 | Epoch 049/060 | loss 2.0451 | cls 1.2365 | tal -0.2074 | dual_g 0.8708 | dual_d 0.9994 | train_acc 1.0000 | train_full n/a | val_acc 1.0000 | val_f1 1.0000 | adv/moduleC 1.00/1.00 | disc_steps 2 | grad(main/disc) 2.771/1.333 | lr(main/disc) 4.25e-05/1.38e-05 | cuda_peak(alloc/resv) 21.77/28.18GB | phase(train/val/raw/train_eval) 2.9/0.3/0.0/0.0s | 3.3s
2026-08-29 21:32:16 | Epoch 050/060 | loss 2.0429 | cls 1.2336 | tal -0.1892 | dual_g 0.8661 | dual_d 1.0640 | train_acc 0.9973 | train_full 1.0000 | val_acc 1.0000 | val_f1 1.0000 | adv/moduleC 1.00/1.00 | disc_steps 2 | grad(main/disc) 2.335/1.376 | lr(main/disc) 4.25e-05/1.38e-05 | cuda_peak(alloc/resv) 21.77/28.18GB | phase(train/val/raw/train_eval) 3.1/0.3/0.4/0.5s | 4.4s
2026-08-29 21:32:16 | Early stopping at epoch 50 after 21 epochs without val_f1_macro_present improvement.
2026-08-29 21:32:16 | Training complete. Peak validation accuracy: 1.0000 | selected val_f1_macro_present: 1.0000
