2026-08-11 18:12:57 | Starting Dual_D standalone training
2026-08-11 18:12:57 | Run directory: runs/dual_d_雨天_iter01_20260811_173313
2026-08-11 18:12:57 | Device: cuda
2026-08-11 18:12:57 | Source train samples: 760
2026-08-11 18:12:57 | Target train samples: 96
2026-08-11 18:12:57 | Target val samples: 26
2026-08-11 18:12:57 | Classes: 14
2026-08-11 18:12:57 | Data audit: same_dir=False | path_overlap(vis/ir/ais)=0/0/0 | content_overlap(vis/ir/ais)=0/0/0 | stem_mismatch(vis-ir/vis-ais)=87/0
2026-08-11 18:12:57 | source_train classes: present 14/14 | absent 0 | counts [0:120, 1:43, 2:47, 3:40, 4:40, 5:30, 6:52, 7:52, 8:58, 9:53, 10:53, 11:83, 12:44, 13:45]
2026-08-11 18:12:57 | target_train classes: present 6/14 | absent 8 | counts [0:7, 2:19, 9:32, 10:12, 11:6, 13:20]
2026-08-11 18:12:57 | target_val classes: present 6/14 | absent 8 | counts [0:2, 2:5, 9:8, 10:4, 11:2, 13:5]
2026-08-11 18:12:57 | Paired training classes: 6/14 | class ids [0, 2, 9, 10, 11, 13]
2026-08-11 18:12:57 | Model parameters: total=17517458 | trainable=17517458
2026-08-11 18:13:01 | Epoch 001/100 | loss 11.4495 | cls 5.3977 | tal -0.1186 | dual_g 6.0874 | dual_d 0.0000 | train_acc 0.1667 | train_full 0.2083 | val_acc 0.1923 | val_f1 0.0538 | grad(main/disc) 45.797/0.000 | lr(main/disc) 5.00e-04/5.00e-04 | 3.4s
2026-08-11 18:13:01 | New best val_f1_macro_present: 0.0538 at epoch 1
2026-08-11 18:13:04 | Epoch 002/100 | loss 7.9664 | cls 3.5847 | tal 0.0351 | dual_g 4.3712 | dual_d 0.0000 | train_acc 0.3542 | train_full 0.2083 | val_acc 0.1923 | val_f1 0.0538 | grad(main/disc) 26.350/0.000 | lr(main/disc) 5.00e-04/5.00e-04 | 3.4s
2026-08-11 18:13:08 | Epoch 003/100 | loss 7.3360 | cls 3.4298 | tal -0.1981 | dual_g 3.9657 | dual_d 0.0000 | train_acc 0.3646 | train_full 0.0729 | val_acc 0.0769 | val_f1 0.0238 | grad(main/disc) 23.723/0.000 | lr(main/disc) 5.00e-04/5.00e-04 | 3.6s
2026-08-11 18:13:12 | Epoch 004/100 | loss 5.9812 | cls 2.7005 | tal -0.3647 | dual_g 3.3901 | dual_d 0.0000 | train_acc 0.7396 | train_full 0.2083 | val_acc 0.1923 | val_f1 0.0538 | grad(main/disc) 17.694/0.000 | lr(main/disc) 5.00e-04/5.00e-04 | 3.5s
2026-08-11 18:13:15 | Epoch 005/100 | loss 6.1492 | cls 2.7358 | tal -0.3634 | dual_g 3.5224 | dual_d 0.0000 | train_acc 0.6250 | train_full 0.2292 | val_acc 0.2692 | val_f1 0.1382 | grad(main/disc) 25.558/0.000 | lr(main/disc) 5.00e-04/5.00e-04 | 3.6s
2026-08-11 18:13:16 | New best val_f1_macro_present: 0.1382 at epoch 5
2026-08-11 18:13:19 | Epoch 006/100 | loss 5.6460 | cls 2.5039 | tal -0.1963 | dual_g 3.2010 | dual_d 0.8194 | train_acc 0.7292 | train_full 0.2083 | val_acc 0.3846 | val_f1 0.3111 | grad(main/disc) 20.207/2.534 | lr(main/disc) 5.00e-04/5.00e-04 | 3.6s
2026-08-11 18:13:19 | New best val_f1_macro_present: 0.3111 at epoch 6
2026-08-11 18:13:23 | Epoch 007/100 | loss 5.0244 | cls 2.2051 | tal -0.2397 | dual_g 2.8913 | dual_d 0.6747 | train_acc 0.8333 | train_full 0.0833 | val_acc 0.0769 | val_f1 0.0317 | grad(main/disc) 15.964/2.227 | lr(main/disc) 5.00e-04/5.00e-04 | 3.6s
2026-08-11 18:13:26 | Epoch 008/100 | loss 5.4437 | cls 2.3523 | tal -0.0112 | dual_g 3.0948 | dual_d 0.4761 | train_acc 0.8229 | train_full 0.0729 | val_acc 0.0769 | val_f1 0.0290 | grad(main/disc) 16.752/1.724 | lr(main/disc) 5.00e-04/5.00e-04 | 3.3s
2026-08-11 18:13:30 | Epoch 009/100 | loss 5.0218 | cls 2.2128 | tal -0.1633 | dual_g 2.8579 | dual_d 0.3654 | train_acc 0.8750 | train_full 0.1042 | val_acc 0.1538 | val_f1 0.0970 | grad(main/disc) 14.931/1.319 | lr(main/disc) 5.00e-04/5.00e-04 | 3.7s
2026-08-11 18:13:34 | Epoch 010/100 | loss 4.9303 | cls 2.1242 | tal -0.1539 | dual_g 2.8523 | dual_d 0.2892 | train_acc 0.8125 | train_full 0.1458 | val_acc 0.2692 | val_f1 0.1872 | grad(main/disc) 16.887/1.059 | lr(main/disc) 5.00e-04/5.00e-04 | 3.4s
2026-08-11 18:13:38 | Epoch 011/100 | loss 4.5557 | cls 1.9477 | tal -0.1149 | dual_g 2.6425 | dual_d 0.2350 | train_acc 0.8542 | train_full 0.2812 | val_acc 0.3846 | val_f1 0.3029 | grad(main/disc) 15.055/0.953 | lr(main/disc) 5.00e-04/5.00e-04 | 3.6s
2026-08-11 18:13:41 | Epoch 012/100 | loss 4.4185 | cls 1.8586 | tal -0.0947 | dual_g 2.5883 | dual_d 0.2510 | train_acc 0.9062 | train_full 0.6458 | val_acc 0.6923 | val_f1 0.5495 | grad(main/disc) 13.967/1.063 | lr(main/disc) 5.00e-04/5.00e-04 | 3.4s
2026-08-11 18:13:41 | New best val_f1_macro_present: 0.5495 at epoch 12
2026-08-11 18:13:45 | Epoch 013/100 | loss 4.3914 | cls 1.9268 | tal -0.2349 | dual_g 2.5351 | dual_d 0.2186 | train_acc 0.8438 | train_full 0.5417 | val_acc 0.5769 | val_f1 0.4750 | grad(main/disc) 18.825/0.966 | lr(main/disc) 5.00e-04/5.00e-04 | 3.3s
2026-08-11 18:13:48 | Epoch 014/100 | loss 4.2496 | cls 1.7595 | tal -0.1459 | dual_g 2.5339 | dual_d 0.2366 | train_acc 0.9271 | train_full 0.6042 | val_acc 0.6538 | val_f1 0.5546 | grad(main/disc) 17.032/1.108 | lr(main/disc) 5.00e-04/5.00e-04 | 3.5s
2026-08-11 18:13:49 | New best val_f1_macro_present: 0.5546 at epoch 14
2026-08-11 18:13:52 | Epoch 015/100 | loss 4.5746 | cls 1.9770 | tal -0.2154 | dual_g 2.6622 | dual_d 0.2913 | train_acc 0.9271 | train_full 0.5417 | val_acc 0.5000 | val_f1 0.4144 | grad(main/disc) 17.588/1.489 | lr(main/disc) 5.00e-04/5.00e-04 | 3.1s
2026-08-11 18:13:55 | Epoch 016/100 | loss 4.1917 | cls 1.8314 | tal -0.3891 | dual_g 2.4770 | dual_d 0.4224 | train_acc 0.9583 | train_full 0.5729 | val_acc 0.6154 | val_f1 0.4762 | grad(main/disc) 14.026/1.790 | lr(main/disc) 5.00e-04/5.00e-04 | 3.4s
2026-08-11 18:13:59 | Epoch 017/100 | loss 4.0919 | cls 1.7184 | tal -0.3746 | dual_g 2.4859 | dual_d 0.5092 | train_acc 0.9062 | train_full 0.5521 | val_acc 0.5769 | val_f1 0.4840 | grad(main/disc) 13.608/2.187 | lr(main/disc) 5.00e-04/5.00e-04 | 3.6s
2026-08-11 18:14:02 | Epoch 018/100 | loss 4.1621 | cls 1.8168 | tal -0.2791 | dual_g 2.4290 | dual_d 0.5970 | train_acc 0.9271 | train_full 0.4375 | val_acc 0.3846 | val_f1 0.2940 | grad(main/disc) 12.189/2.015 | lr(main/disc) 5.00e-04/5.00e-04 | 3.2s
2026-08-11 18:14:06 | Epoch 019/100 | loss 4.0516 | cls 1.7535 | tal -0.2511 | dual_g 2.3735 | dual_d 0.8085 | train_acc 0.9271 | train_full 0.5000 | val_acc 0.5385 | val_f1 0.4095 | grad(main/disc) 12.661/2.568 | lr(main/disc) 5.00e-04/5.00e-04 | 3.4s
2026-08-11 18:14:09 | Epoch 020/100 | loss 4.0283 | cls 1.6917 | tal -0.1935 | dual_g 2.3946 | dual_d 0.8693 | train_acc 0.8958 | train_full 0.5625 | val_acc 0.6538 | val_f1 0.5354 | grad(main/disc) 12.959/2.731 | lr(main/disc) 5.00e-04/5.00e-04 | 3.3s
2026-08-11 18:14:13 | Epoch 021/100 | loss 4.2926 | cls 1.8880 | tal -0.2345 | dual_g 2.4750 | dual_d 1.1464 | train_acc 0.9375 | train_full 0.5521 | val_acc 0.4615 | val_f1 0.3333 | grad(main/disc) 16.369/2.934 | lr(main/disc) 5.00e-04/5.00e-04 | 3.1s
2026-08-11 18:14:16 | Epoch 022/100 | loss 3.6635 | cls 1.5829 | tal -0.1472 | dual_g 2.1248 | dual_d 1.2980 | train_acc 0.9375 | train_full 0.7188 | val_acc 0.6923 | val_f1 0.5822 | grad(main/disc) 11.815/3.140 | lr(main/disc) 5.00e-04/5.00e-04 | 3.1s
2026-08-11 18:14:16 | New best val_f1_macro_present: 0.5822 at epoch 22
2026-08-11 18:14:20 | Epoch 023/100 | loss 3.6374 | cls 1.5667 | tal -0.1579 | dual_g 2.1180 | dual_d 1.3955 | train_acc 0.9792 | train_full 0.6354 | val_acc 0.6923 | val_f1 0.5101 | grad(main/disc) 10.716/3.122 | lr(main/disc) 5.00e-04/5.00e-04 | 3.3s
2026-08-11 18:14:23 | Epoch 024/100 | loss 4.0942 | cls 1.7911 | tal -0.1911 | dual_g 2.3604 | dual_d 1.2588 | train_acc 0.8333 | train_full 0.5625 | val_acc 0.5769 | val_f1 0.4118 | grad(main/disc) 16.575/2.896 | lr(main/disc) 5.00e-04/5.00e-04 | 3.5s
2026-08-11 18:14:27 | Epoch 025/100 | loss 3.8535 | cls 1.6507 | tal -0.0565 | dual_g 2.2197 | dual_d 1.3438 | train_acc 0.9583 | train_full 0.4583 | val_acc 0.5385 | val_f1 0.4152 | grad(main/disc) 14.372/3.054 | lr(main/disc) 5.00e-04/5.00e-04 | 3.7s
2026-08-11 18:14:30 | Epoch 026/100 | loss 3.5741 | cls 1.5035 | tal 0.0054 | dual_g 2.0690 | dual_d 1.2136 | train_acc 0.9479 | train_full 0.4271 | val_acc 0.4615 | val_f1 0.3354 | grad(main/disc) 13.483/2.993 | lr(main/disc) 5.00e-04/5.00e-04 | 3.2s
2026-08-11 18:14:33 | Epoch 027/100 | loss 3.5450 | cls 1.5036 | tal -0.0149 | dual_g 2.0458 | dual_d 1.2879 | train_acc 0.9583 | train_full 0.4688 | val_acc 0.5385 | val_f1 0.3750 | grad(main/disc) 12.178/3.164 | lr(main/disc) 5.00e-04/5.00e-04 | 2.7s
2026-08-11 18:14:36 | Epoch 028/100 | loss 3.4629 | cls 1.4457 | tal 0.0948 | dual_g 1.9888 | dual_d 1.3862 | train_acc 0.9896 | train_full 0.5625 | val_acc 0.5769 | val_f1 0.4333 | grad(main/disc) 10.768/3.165 | lr(main/disc) 5.00e-04/5.00e-04 | 3.0s
2026-08-11 18:14:40 | Epoch 029/100 | loss 3.7471 | cls 1.6216 | tal 0.0319 | dual_g 2.1159 | dual_d 1.6022 | train_acc 0.9688 | train_full 0.5417 | val_acc 0.5769 | val_f1 0.4402 | grad(main/disc) 15.531/3.579 | lr(main/disc) 5.00e-04/5.00e-04 | 3.3s
2026-08-11 18:14:43 | Epoch 030/100 | loss 3.6533 | cls 1.5816 | tal 0.0568 | dual_g 2.0547 | dual_d 1.6878 | train_acc 0.9896 | train_full 0.6354 | val_acc 0.7692 | val_f1 0.6996 | grad(main/disc) 13.143/3.449 | lr(main/disc) 5.00e-04/5.00e-04 | 3.1s
2026-08-11 18:14:43 | New best val_f1_macro_present: 0.6996 at epoch 30
2026-08-11 18:14:46 | Epoch 031/100 | loss 3.5169 | cls 1.5353 | tal -0.0004 | dual_g 1.9817 | dual_d 1.5637 | train_acc 0.9271 | train_full 0.6875 | val_acc 0.6923 | val_f1 0.6000 | grad(main/disc) 14.955/3.438 | lr(main/disc) 5.00e-04/5.00e-04 | 3.0s
2026-08-11 18:14:50 | Epoch 032/100 | loss 3.5970 | cls 1.5678 | tal 0.0567 | dual_g 2.0121 | dual_d 1.5529 | train_acc 0.9896 | train_full 0.7396 | val_acc 0.7692 | val_f1 0.6933 | grad(main/disc) 9.113/3.174 | lr(main/disc) 5.00e-04/5.00e-04 | 3.7s
2026-08-11 18:14:54 | Epoch 033/100 | loss 3.3799 | cls 1.4680 | tal -0.0177 | dual_g 1.9172 | dual_d 1.6207 | train_acc 0.9792 | train_full 0.5833 | val_acc 0.6154 | val_f1 0.5179 | grad(main/disc) 12.479/3.270 | lr(main/disc) 5.00e-04/5.00e-04 | 3.3s
2026-08-11 18:14:57 | Epoch 034/100 | loss 3.4755 | cls 1.5196 | tal -0.0548 | dual_g 1.9724 | dual_d 1.6855 | train_acc 0.9375 | train_full 0.5833 | val_acc 0.6154 | val_f1 0.5368 | grad(main/disc) 12.682/3.287 | lr(main/disc) 5.00e-04/5.00e-04 | 3.5s
2026-08-11 18:15:01 | Epoch 035/100 | loss 3.5464 | cls 1.5906 | tal -0.0658 | dual_g 1.9755 | dual_d 1.7265 | train_acc 0.9479 | train_full 0.6250 | val_acc 0.6923 | val_f1 0.6278 | grad(main/disc) 14.453/3.227 | lr(main/disc) 5.00e-04/5.00e-04 | 3.4s
2026-08-11 18:15:04 | Epoch 036/100 | loss 3.2157 | cls 1.4185 | tal -0.1557 | dual_g 1.8439 | dual_d 1.5742 | train_acc 0.9688 | train_full 0.7917 | val_acc 0.9615 | val_f1 0.9630 | grad(main/disc) 10.520/3.109 | lr(main/disc) 5.00e-04/5.00e-04 | 3.3s
2026-08-11 18:15:05 | New best val_f1_macro_present: 0.9630 at epoch 36
2026-08-11 18:15:08 | Epoch 037/100 | loss 3.5266 | cls 1.5420 | tal -0.0948 | dual_g 2.0131 | dual_d 1.7043 | train_acc 0.9271 | train_full 0.8333 | val_acc 0.9231 | val_f1 0.9065 | grad(main/disc) 17.734/3.135 | lr(main/disc) 5.00e-04/5.00e-04 | 3.7s
2026-08-11 18:15:12 | Epoch 038/100 | loss 3.1691 | cls 1.3923 | tal -0.2061 | dual_g 1.8386 | dual_d 1.6207 | train_acc 0.9896 | train_full 0.6458 | val_acc 0.7308 | val_f1 0.6955 | grad(main/disc) 9.499/3.152 | lr(main/disc) 5.00e-04/5.00e-04 | 3.3s
2026-08-11 18:15:15 | Epoch 039/100 | loss 3.4656 | cls 1.5149 | tal -0.1492 | dual_g 1.9955 | dual_d 1.6023 | train_acc 0.9375 | train_full 0.6458 | val_acc 0.6923 | val_f1 0.6508 | grad(main/disc) 21.134/3.011 | lr(main/disc) 5.00e-04/5.00e-04 | 3.1s
2026-08-11 18:15:18 | Epoch 040/100 | loss 3.1002 | cls 1.3740 | tal -0.2576 | dual_g 1.8035 | dual_d 1.5503 | train_acc 0.9479 | train_full 0.7708 | val_acc 0.8077 | val_f1 0.7943 | grad(main/disc) 12.686/2.889 | lr(main/disc) 5.00e-04/5.00e-04 | 3.2s
2026-08-11 18:15:22 | Epoch 041/100 | loss 3.1297 | cls 1.3672 | tal -0.1578 | dual_g 1.8098 | dual_d 1.4640 | train_acc 0.9896 | train_full 0.7604 | val_acc 0.7692 | val_f1 0.7313 | grad(main/disc) 12.432/2.668 | lr(main/disc) 5.00e-04/5.00e-04 | 3.4s
2026-08-11 18:15:25 | Epoch 042/100 | loss 3.1089 | cls 1.3522 | tal -0.1253 | dual_g 1.7943 | dual_d 1.4290 | train_acc 0.9896 | train_full 0.7083 | val_acc 0.6923 | val_f1 0.5694 | grad(main/disc) 9.789/2.750 | lr(main/disc) 5.00e-04/5.00e-04 | 3.4s
2026-08-11 18:15:29 | Epoch 043/100 | loss 3.1377 | cls 1.3636 | tal -0.0823 | dual_g 1.7988 | dual_d 1.3816 | train_acc 0.9896 | train_full 0.6458 | val_acc 0.6538 | val_f1 0.5096 | grad(main/disc) 9.938/2.508 | lr(main/disc) 5.00e-04/5.00e-04 | 3.1s
2026-08-11 18:15:32 | Epoch 044/100 | loss 3.0833 | cls 1.3376 | tal -0.0826 | dual_g 1.7705 | dual_d 1.3843 | train_acc 1.0000 | train_full 0.5208 | val_acc 0.4615 | val_f1 0.3170 | grad(main/disc) 9.104/2.512 | lr(main/disc) 5.00e-04/5.00e-04 | 3.6s
2026-08-11 18:15:36 | Epoch 045/100 | loss 3.2470 | cls 1.4664 | tal -0.1872 | dual_g 1.8367 | dual_d 1.3877 | train_acc 1.0000 | train_full 0.5104 | val_acc 0.5385 | val_f1 0.4365 | grad(main/disc) 12.432/2.447 | lr(main/disc) 5.00e-04/5.00e-04 | 3.1s
2026-08-11 18:15:39 | Epoch 046/100 | loss 3.2998 | cls 1.4579 | tal -0.2198 | dual_g 1.9079 | dual_d 1.3276 | train_acc 0.9896 | train_full 0.5312 | val_acc 0.5769 | val_f1 0.4957 | grad(main/disc) 11.853/2.474 | lr(main/disc) 5.00e-04/5.00e-04 | 3.1s
2026-08-11 18:15:42 | Epoch 047/100 | loss 3.1770 | cls 1.4065 | tal -0.2456 | dual_g 1.8442 | dual_d 1.3691 | train_acc 0.9792 | train_full 0.6979 | val_acc 0.7692 | val_f1 0.6736 | grad(main/disc) 16.434/2.506 | lr(main/disc) 2.50e-04/2.50e-04 | 3.2s
2026-08-11 18:15:46 | Epoch 048/100 | loss 3.1867 | cls 1.4277 | tal -0.1819 | dual_g 1.8136 | dual_d 1.2284 | train_acc 0.9792 | train_full 0.6354 | val_acc 0.5385 | val_f1 0.4286 | grad(main/disc) 16.722/2.233 | lr(main/disc) 2.50e-04/2.50e-04 | 3.3s
2026-08-11 18:15:49 | Epoch 049/100 | loss 3.4110 | cls 1.5176 | tal -0.1311 | dual_g 1.9328 | dual_d 1.2185 | train_acc 0.9688 | train_full 0.5625 | val_acc 0.5769 | val_f1 0.4492 | grad(main/disc) 19.162/2.227 | lr(main/disc) 2.50e-04/2.50e-04 | 3.5s
2026-08-11 18:15:53 | Epoch 050/100 | loss 2.9738 | cls 1.2907 | tal -0.1366 | dual_g 1.7241 | dual_d 1.2447 | train_acc 1.0000 | train_full 0.5833 | val_acc 0.6154 | val_f1 0.4799 | grad(main/disc) 7.935/2.274 | lr(main/disc) 2.50e-04/2.50e-04 | 3.2s
2026-08-11 18:15:57 | Epoch 051/100 | loss 2.8966 | cls 1.2607 | tal -0.2357 | dual_g 1.7066 | dual_d 1.1637 | train_acc 1.0000 | train_full 0.7708 | val_acc 0.7692 | val_f1 0.7500 | grad(main/disc) 9.226/2.139 | lr(main/disc) 2.50e-04/2.50e-04 | 3.7s
2026-08-11 18:16:00 | Epoch 052/100 | loss 3.0541 | cls 1.3588 | tal -0.2119 | dual_g 1.7589 | dual_d 1.2712 | train_acc 0.9792 | train_full 0.8125 | val_acc 0.8077 | val_f1 0.7791 | grad(main/disc) 10.606/2.273 | lr(main/disc) 2.50e-04/2.50e-04 | 3.3s
2026-08-11 18:16:03 | Epoch 053/100 | loss 3.1727 | cls 1.4073 | tal -0.1887 | dual_g 1.8221 | dual_d 1.1877 | train_acc 0.9792 | train_full 0.7083 | val_acc 0.6538 | val_f1 0.5952 | grad(main/disc) 17.798/2.040 | lr(main/disc) 2.50e-04/2.50e-04 | 3.2s
2026-08-11 18:16:07 | Epoch 054/100 | loss 3.1685 | cls 1.4051 | tal -0.1807 | dual_g 1.8176 | dual_d 1.2199 | train_acc 0.9896 | train_full 0.6562 | val_acc 0.7692 | val_f1 0.6912 | grad(main/disc) 11.722/2.140 | lr(main/disc) 2.50e-04/2.50e-04 | 3.1s
2026-08-11 18:16:10 | Epoch 055/100 | loss 2.8476 | cls 1.2743 | tal -0.3042 | dual_g 1.6645 | dual_d 1.2828 | train_acc 1.0000 | train_full 0.6562 | val_acc 0.7692 | val_f1 0.7015 | grad(main/disc) 7.363/2.196 | lr(main/disc) 2.50e-04/2.50e-04 | 3.1s
2026-08-11 18:16:13 | Epoch 056/100 | loss 3.1312 | cls 1.4003 | tal -0.2645 | dual_g 1.8103 | dual_d 1.2151 | train_acc 0.9688 | train_full 0.5729 | val_acc 0.5385 | val_f1 0.4087 | grad(main/disc) 14.143/2.121 | lr(main/disc) 2.50e-04/2.50e-04 | 3.2s
2026-08-11 18:16:17 | Epoch 057/100 | loss 3.0584 | cls 1.3565 | tal -0.2435 | dual_g 1.7749 | dual_d 1.2652 | train_acc 1.0000 | train_full 0.5729 | val_acc 0.6538 | val_f1 0.5354 | grad(main/disc) 18.532/2.080 | lr(main/disc) 2.50e-04/2.50e-04 | 3.7s
2026-08-11 18:16:20 | Epoch 058/100 | loss 2.8316 | cls 1.2465 | tal -0.2701 | dual_g 1.6662 | dual_d 1.2469 | train_acc 0.9792 | train_full 0.6875 | val_acc 0.8077 | val_f1 0.7943 | grad(main/disc) 8.816/2.151 | lr(main/disc) 1.25e-04/1.25e-04 | 3.0s
2026-08-11 18:16:23 | Epoch 059/100 | loss 3.1043 | cls 1.3865 | tal -0.1654 | dual_g 1.7674 | dual_d 1.1949 | train_acc 0.9896 | train_full 0.7604 | val_acc 0.8462 | val_f1 0.8333 | grad(main/disc) 13.074/1.987 | lr(main/disc) 1.25e-04/1.25e-04 | 3.1s
2026-08-11 18:16:27 | Epoch 060/100 | loss 2.8683 | cls 1.2817 | tal -0.3198 | dual_g 1.6826 | dual_d 1.2039 | train_acc 1.0000 | train_full 0.8542 | val_acc 0.8077 | val_f1 0.7943 | grad(main/disc) 7.054/2.029 | lr(main/disc) 1.25e-04/1.25e-04 | 3.2s
2026-08-11 18:16:30 | Epoch 061/100 | loss 2.8272 | cls 1.2425 | tal -0.2934 | dual_g 1.6726 | dual_d 1.1017 | train_acc 0.9896 | train_full 0.8438 | val_acc 0.8077 | val_f1 0.7943 | grad(main/disc) 9.173/1.881 | lr(main/disc) 1.25e-04/1.25e-04 | 3.4s
2026-08-11 18:16:34 | Epoch 062/100 | loss 2.7739 | cls 1.2369 | tal -0.2872 | dual_g 1.6232 | dual_d 1.1533 | train_acc 1.0000 | train_full 0.7812 | val_acc 0.7692 | val_f1 0.7472 | grad(main/disc) 6.455/1.964 | lr(main/disc) 1.25e-04/1.25e-04 | 3.5s
2026-08-11 18:16:37 | Epoch 063/100 | loss 3.0410 | cls 1.3345 | tal -0.3013 | dual_g 1.7970 | dual_d 1.1567 | train_acc 0.9688 | train_full 0.8021 | val_acc 0.8462 | val_f1 0.8333 | grad(main/disc) 13.342/2.060 | lr(main/disc) 1.25e-04/1.25e-04 | 3.2s
2026-08-11 18:16:41 | Epoch 064/100 | loss 2.7374 | cls 1.2028 | tal -0.2678 | dual_g 1.6150 | dual_d 1.1198 | train_acc 1.0000 | train_full 0.7604 | val_acc 0.8077 | val_f1 0.7943 | grad(main/disc) 4.265/1.867 | lr(main/disc) 1.25e-04/1.25e-04 | 3.3s
2026-08-11 18:16:44 | Epoch 065/100 | loss 2.8684 | cls 1.2719 | tal -0.2190 | dual_g 1.6622 | dual_d 1.1563 | train_acc 1.0000 | train_full 0.7396 | val_acc 0.8846 | val_f1 0.8397 | grad(main/disc) 13.668/1.991 | lr(main/disc) 1.25e-04/1.25e-04 | 3.5s
2026-08-11 18:16:48 | Epoch 066/100 | loss 2.8237 | cls 1.2542 | tal -0.2156 | dual_g 1.6341 | dual_d 1.2240 | train_acc 0.9896 | train_full 0.7083 | val_acc 0.7308 | val_f1 0.6693 | grad(main/disc) 7.395/2.016 | lr(main/disc) 1.25e-04/1.25e-04 | 3.3s
2026-08-11 18:16:52 | Epoch 067/100 | loss 2.7494 | cls 1.2110 | tal -0.1616 | dual_g 1.5870 | dual_d 1.2505 | train_acc 1.0000 | train_full 0.6875 | val_acc 0.7308 | val_f1 0.6693 | grad(main/disc) 5.140/1.939 | lr(main/disc) 1.25e-04/1.25e-04 | 3.6s
2026-08-11 18:16:55 | Epoch 068/100 | loss 2.8028 | cls 1.2418 | tal -0.2892 | dual_g 1.6478 | dual_d 1.1047 | train_acc 1.0000 | train_full 0.6979 | val_acc 0.6538 | val_f1 0.5606 | grad(main/disc) 10.209/1.781 | lr(main/disc) 1.25e-04/1.25e-04 | 3.1s
2026-08-11 18:16:58 | Epoch 069/100 | loss 2.7911 | cls 1.2309 | tal -0.2010 | dual_g 1.6206 | dual_d 1.1644 | train_acc 0.9896 | train_full 0.6875 | val_acc 0.6538 | val_f1 0.5606 | grad(main/disc) 9.831/1.881 | lr(main/disc) 6.25e-05/6.25e-05 | 3.0s
2026-08-11 18:17:01 | Epoch 070/100 | loss 2.9268 | cls 1.3183 | tal -0.2610 | dual_g 1.6868 | dual_d 1.2077 | train_acc 0.9896 | train_full 0.6771 | val_acc 0.6538 | val_f1 0.5606 | grad(main/disc) 11.704/1.957 | lr(main/disc) 6.25e-05/6.25e-05 | 3.3s
2026-08-11 18:17:05 | Epoch 071/100 | loss 2.9096 | cls 1.2862 | tal -0.2184 | dual_g 1.6889 | dual_d 1.1672 | train_acc 0.9896 | train_full 0.6458 | val_acc 0.6538 | val_f1 0.5606 | grad(main/disc) 10.443/1.995 | lr(main/disc) 6.25e-05/6.25e-05 | 3.4s
2026-08-11 18:17:08 | Epoch 072/100 | loss 2.8034 | cls 1.2488 | tal -0.2422 | dual_g 1.6273 | dual_d 1.2421 | train_acc 1.0000 | train_full 0.6875 | val_acc 0.6923 | val_f1 0.6222 | grad(main/disc) 9.016/1.957 | lr(main/disc) 6.25e-05/6.25e-05 | 3.2s
2026-08-11 18:17:12 | Epoch 073/100 | loss 2.8109 | cls 1.2320 | tal -0.1573 | dual_g 1.6261 | dual_d 1.1335 | train_acc 1.0000 | train_full 0.7500 | val_acc 0.6923 | val_f1 0.6222 | grad(main/disc) 7.698/1.833 | lr(main/disc) 6.25e-05/6.25e-05 | 3.4s
2026-08-11 18:17:15 | Epoch 074/100 | loss 2.7939 | cls 1.2162 | tal -0.1982 | dual_g 1.6372 | dual_d 1.1679 | train_acc 1.0000 | train_full 0.7812 | val_acc 0.7692 | val_f1 0.7083 | grad(main/disc) 7.424/1.908 | lr(main/disc) 6.25e-05/6.25e-05 | 3.3s
2026-08-11 18:17:19 | Epoch 075/100 | loss 2.9480 | cls 1.3039 | tal -0.2144 | dual_g 1.7085 | dual_d 1.2133 | train_acc 1.0000 | train_full 0.8021 | val_acc 0.8462 | val_f1 0.8333 | grad(main/disc) 10.501/1.911 | lr(main/disc) 6.25e-05/6.25e-05 | 3.2s
2026-08-11 18:17:19 | Early stopping at epoch 75 after 39 epochs without val_f1_macro_present improvement.
2026-08-11 18:17:19 | Training complete. Best validation accuracy: 0.9615 | best val_f1_macro_present: 0.9630
