2026-08-27 13:01:16 | Starting Dual_D standalone training
2026-08-27 13:01:16 | Run directory: runs/module_c_ablation_60_v5/module_c_20260827_121947/module_c_full_雨天_20260827_121947
2026-08-27 13:01:16 | Device: cuda
2026-08-27 13:01:16 | Source train samples: 992
2026-08-27 13:01:16 | Target train samples: 96
2026-08-27 13:01:16 | Target val samples: 26
2026-08-27 13:01:16 | Classes: 14
2026-08-27 13:01:16 | Data audit: same_dir=False | path_overlap(vis/ir/ais)=0/0/0 | content_overlap(vis/ir/ais)=0/0/0 | ais_index_overlap=0 | stem_mismatch(vis-ir/vis-ais)=117/0
2026-08-27 13:01:16 | source_train classes: present 14/14 | absent 0 | counts [0:120, 1:44, 2:69, 3:45, 4:40, 5:30, 6:64, 7:80, 8:116, 9:68, 10:57, 11:83, 12:48, 13:128]
2026-08-27 13:01:16 | target_train classes: present 6/14 | absent 8 | counts [0:7, 2:19, 9:32, 10:12, 11:6, 13:20]
2026-08-27 13:01:16 | target_val classes: present 6/14 | absent 8 | counts [0:2, 2:5, 9:8, 10:4, 11:2, 13:5]
2026-08-27 13:01:16 | Paired training classes: 6/14 | class ids [0, 2, 9, 10, 11, 13]
2026-08-27 13:01:16 | Runtime profile: batch=92 | paired_steps=4 | workers=16 | train_eval_every=5 | raw_eval_every=5 | early_stop=15 after min_epoch=35
2026-08-27 13:01:16 | VIS/IR pairing: class-level-unpaired | count-mismatch classes train/val: 10/0 | AIS alignment: none | AIS rows train/val: 0/0
2026-08-27 13:01:17 | Model parameters: total=17277714 | trainable=17120210
2026-08-27 13:01:22 | Epoch 001/060 | loss 5.8109 | cls 5.7935 | tal 0.0578 | dual_g 0.0000 | dual_d 0.0000 | train_acc 0.1413 | train_full 0.2500 | val_acc 0.2692 | val_f1 0.1667 | adv/moduleC 0.00/0.00 | disc_steps 0 | grad(main/disc) 18.129/0.000 | lr(main/disc) 1.80e-04/5.00e-05 | cuda_peak(alloc/resv) 21.77/28.18GB | phase(train/val/raw/train_eval) 3.3/0.4/0.4/0.6s | 4.8s
2026-08-27 13:01:24 | New best val_f1_macro_present: 0.1667 at epoch 1
2026-08-27 13:01:27 | Epoch 002/060 | loss 3.7047 | cls 3.7057 | tal -0.0034 | dual_g 0.0000 | dual_d 0.0000 | train_acc 0.3723 | train_full n/a | val_acc 0.1923 | val_f1 0.0963 | adv/moduleC 0.00/0.00 | disc_steps 0 | grad(main/disc) 12.038/0.000 | lr(main/disc) 1.80e-04/5.00e-05 | cuda_peak(alloc/resv) 21.77/28.18GB | phase(train/val/raw/train_eval) 2.6/0.4/0.0/0.0s | 3.0s
2026-08-27 13:01:31 | Epoch 003/060 | loss 2.8657 | cls 2.8785 | tal -0.0426 | dual_g 0.0000 | dual_d 0.0000 | train_acc 0.5897 | train_full n/a | val_acc 0.1538 | val_f1 0.1019 | adv/moduleC 0.00/0.00 | disc_steps 0 | grad(main/disc) 9.796/0.000 | lr(main/disc) 1.80e-04/5.00e-05 | cuda_peak(alloc/resv) 21.77/28.18GB | phase(train/val/raw/train_eval) 3.0/0.4/0.0/0.0s | 3.4s
2026-08-27 13:01:34 | Epoch 004/060 | loss 2.5053 | cls 2.3061 | tal 0.0436 | dual_g 0.1862 | dual_d 0.0000 | train_acc 0.7120 | train_full n/a | val_acc 0.0769 | val_f1 0.0267 | adv/moduleC 0.00/0.12 | disc_steps 0 | grad(main/disc) 9.171/0.000 | lr(main/disc) 1.80e-04/5.00e-05 | cuda_peak(alloc/resv) 21.77/28.18GB | phase(train/val/raw/train_eval) 2.7/0.4/0.0/0.0s | 3.2s
2026-08-27 13:01:39 | Epoch 005/060 | loss 2.2646 | cls 1.9363 | tal -0.0392 | dual_g 0.3401 | dual_d 0.0000 | train_acc 0.8179 | train_full 0.1979 | val_acc 0.1923 | val_f1 0.1082 | adv/moduleC 0.00/0.25 | disc_steps 0 | grad(main/disc) 8.066/0.000 | lr(main/disc) 1.80e-04/5.00e-05 | cuda_peak(alloc/resv) 21.77/28.18GB | phase(train/val/raw/train_eval) 3.1/0.4/0.4/0.6s | 4.5s
2026-08-27 13:01:42 | Epoch 006/060 | loss 1.9970 | cls 1.5870 | tal -0.0134 | dual_g 0.4140 | dual_d 0.0000 | train_acc 0.9022 | train_full n/a | val_acc 0.2692 | val_f1 0.1650 | adv/moduleC 0.00/0.38 | disc_steps 0 | grad(main/disc) 7.259/0.000 | lr(main/disc) 1.80e-04/5.00e-05 | cuda_peak(alloc/resv) 21.77/28.18GB | phase(train/val/raw/train_eval) 2.9/0.4/0.0/0.0s | 3.3s
2026-08-27 13:01:46 | Epoch 007/060 | loss 1.8899 | cls 1.4084 | tal -0.0388 | dual_g 0.4932 | dual_d 0.0000 | train_acc 0.9402 | train_full n/a | val_acc 0.4615 | val_f1 0.3524 | adv/moduleC 0.00/0.50 | disc_steps 0 | grad(main/disc) 8.051/0.000 | lr(main/disc) 1.80e-04/5.00e-05 | cuda_peak(alloc/resv) 21.77/28.18GB | phase(train/val/raw/train_eval) 3.4/0.4/0.4/0.0s | 4.2s
2026-08-27 13:01:49 | New best val_f1_macro_present: 0.3524 at epoch 7
2026-08-27 13:01:52 | Epoch 008/060 | loss 1.7890 | cls 1.2353 | tal 0.0184 | dual_g 0.5482 | dual_d 0.0000 | train_acc 0.9429 | train_full n/a | val_acc 0.6538 | val_f1 0.6799 | adv/moduleC 0.00/0.62 | disc_steps 0 | grad(main/disc) 8.154/0.000 | lr(main/disc) 1.80e-04/5.00e-05 | cuda_peak(alloc/resv) 21.77/28.18GB | phase(train/val/raw/train_eval) 2.8/0.4/0.4/0.0s | 3.6s
2026-08-27 13:01:55 | New best val_f1_macro_present: 0.6799 at epoch 8
2026-08-27 13:01:59 | Epoch 009/060 | loss 1.7077 | cls 1.0950 | tal 0.0272 | dual_g 0.6045 | dual_d 0.8386 | train_acc 0.9864 | train_full n/a | val_acc 0.8077 | val_f1 0.8046 | adv/moduleC 0.05/0.75 | disc_steps 4 | grad(main/disc) 7.004/1.635 | lr(main/disc) 1.80e-04/5.00e-05 | cuda_peak(alloc/resv) 21.77/28.18GB | phase(train/val/raw/train_eval) 3.0/0.4/0.4/0.0s | 3.9s
2026-08-27 13:02:02 | New best val_f1_macro_present: 0.8046 at epoch 9
2026-08-27 13:02:06 | Epoch 010/060 | loss 1.7711 | cls 1.0684 | tal 0.0643 | dual_g 0.6834 | dual_d 0.8598 | train_acc 0.9864 | train_full 0.8958 | val_acc 0.8462 | val_f1 0.8564 | adv/moduleC 0.10/0.88 | disc_steps 4 | grad(main/disc) 6.933/1.650 | lr(main/disc) 1.80e-04/5.00e-05 | cuda_peak(alloc/resv) 21.77/28.18GB | phase(train/val/raw/train_eval) 3.1/0.4/0.4/0.6s | 4.5s
2026-08-27 13:02:09 | New best val_f1_macro_present: 0.8564 at epoch 10
2026-08-27 13:02:13 | Epoch 011/060 | loss 1.7186 | cls 0.9755 | tal 0.0546 | dual_g 0.7267 | dual_d 0.8171 | train_acc 0.9918 | train_full n/a | val_acc 0.8846 | val_f1 0.8901 | adv/moduleC 0.15/1.00 | disc_steps 4 | grad(main/disc) 4.991/1.544 | lr(main/disc) 1.80e-04/5.00e-05 | cuda_peak(alloc/resv) 21.77/28.18GB | phase(train/val/raw/train_eval) 3.1/0.4/0.4/0.0s | 4.0s
2026-08-27 13:02:16 | New best val_f1_macro_present: 0.8901 at epoch 11
2026-08-27 13:02:20 | Epoch 012/060 | loss 1.6097 | cls 0.9193 | tal 0.0236 | dual_g 0.6833 | dual_d 0.7787 | train_acc 1.0000 | train_full n/a | val_acc 0.8846 | val_f1 0.8836 | adv/moduleC 0.20/1.00 | disc_steps 4 | grad(main/disc) 4.529/1.470 | lr(main/disc) 1.80e-04/5.00e-05 | cuda_peak(alloc/resv) 21.77/28.18GB | phase(train/val/raw/train_eval) 3.4/0.4/0.0/0.0s | 3.8s
2026-08-27 13:02:24 | Epoch 013/060 | loss 1.6071 | cls 0.9191 | tal 0.0576 | dual_g 0.6707 | dual_d 0.7172 | train_acc 1.0000 | train_full n/a | val_acc 0.8846 | val_f1 0.9122 | adv/moduleC 0.25/1.00 | disc_steps 4 | grad(main/disc) 3.525/1.373 | lr(main/disc) 1.80e-04/5.00e-05 | cuda_peak(alloc/resv) 21.77/28.18GB | phase(train/val/raw/train_eval) 3.4/0.4/0.4/0.0s | 4.3s
2026-08-27 13:02:26 | New best val_f1_macro_present: 0.9122 at epoch 13
2026-08-27 13:02:30 | Epoch 014/060 | loss 1.5714 | cls 0.9059 | tal 0.0218 | dual_g 0.6589 | dual_d 0.7356 | train_acc 1.0000 | train_full n/a | val_acc 0.8077 | val_f1 0.8168 | adv/moduleC 0.30/1.00 | disc_steps 4 | grad(main/disc) 4.681/1.369 | lr(main/disc) 1.80e-04/5.00e-05 | cuda_peak(alloc/resv) 21.77/28.18GB | phase(train/val/raw/train_eval) 3.3/0.4/0.0/0.0s | 3.7s
2026-08-27 13:02:35 | Epoch 015/060 | loss 1.5579 | cls 0.9022 | tal 0.0245 | dual_g 0.6484 | dual_d 0.7066 | train_acc 0.9973 | train_full 0.9792 | val_acc 1.0000 | val_f1 1.0000 | adv/moduleC 0.35/1.00 | disc_steps 4 | grad(main/disc) 3.742/1.311 | lr(main/disc) 1.80e-04/5.00e-05 | cuda_peak(alloc/resv) 21.77/28.18GB | phase(train/val/raw/train_eval) 3.3/0.4/0.4/0.6s | 4.8s
2026-08-27 13:02:38 | New best val_f1_macro_present: 1.0000 at epoch 15
2026-08-27 13:02:41 | Epoch 016/060 | loss 1.5395 | cls 0.8851 | tal 0.0305 | dual_g 0.6453 | dual_d 0.7336 | train_acc 1.0000 | train_full n/a | val_acc 1.0000 | val_f1 1.0000 | adv/moduleC 0.40/1.00 | disc_steps 4 | grad(main/disc) 2.816/1.339 | lr(main/disc) 1.80e-04/5.00e-05 | cuda_peak(alloc/resv) 21.77/28.18GB | phase(train/val/raw/train_eval) 3.5/0.4/0.0/0.0s | 3.9s
2026-08-27 13:02:45 | Epoch 017/060 | loss 1.5037 | cls 0.8642 | tal 0.0147 | dual_g 0.6351 | dual_d 0.7376 | train_acc 1.0000 | train_full n/a | val_acc 1.0000 | val_f1 1.0000 | adv/moduleC 0.45/1.00 | disc_steps 4 | grad(main/disc) 2.510/1.303 | lr(main/disc) 1.80e-04/5.00e-05 | cuda_peak(alloc/resv) 21.77/28.18GB | phase(train/val/raw/train_eval) 3.0/0.4/0.0/0.0s | 3.4s
2026-08-27 13:02:49 | Epoch 018/060 | loss 1.4654 | cls 0.8531 | tal -0.0188 | dual_g 0.6179 | dual_d 0.7470 | train_acc 1.0000 | train_full n/a | val_acc 1.0000 | val_f1 1.0000 | adv/moduleC 0.50/1.00 | disc_steps 4 | grad(main/disc) 1.767/1.282 | lr(main/disc) 1.80e-04/5.00e-05 | cuda_peak(alloc/resv) 21.77/28.18GB | phase(train/val/raw/train_eval) 3.4/0.4/0.0/0.0s | 3.8s
2026-08-27 13:02:52 | Epoch 019/060 | loss 1.4669 | cls 0.8563 | tal -0.0096 | dual_g 0.6134 | dual_d 0.7348 | train_acc 0.9973 | train_full n/a | val_acc 1.0000 | val_f1 1.0000 | adv/moduleC 0.55/1.00 | disc_steps 4 | grad(main/disc) 2.463/1.236 | lr(main/disc) 1.80e-04/5.00e-05 | cuda_peak(alloc/resv) 21.77/28.18GB | phase(train/val/raw/train_eval) 3.0/0.4/0.0/0.0s | 3.5s
2026-08-27 13:02:57 | Epoch 020/060 | loss 1.4545 | cls 0.8442 | tal 0.0188 | dual_g 0.6047 | dual_d 0.7716 | train_acc 1.0000 | train_full 0.9583 | val_acc 0.9615 | val_f1 0.9663 | adv/moduleC 0.60/1.00 | disc_steps 4 | grad(main/disc) 1.850/1.257 | lr(main/disc) 1.80e-04/5.00e-05 | cuda_peak(alloc/resv) 21.77/28.18GB | phase(train/val/raw/train_eval) 3.3/0.4/0.4/0.6s | 4.7s
2026-08-27 13:03:00 | Epoch 021/060 | loss 1.4599 | cls 0.8489 | tal 0.0375 | dual_g 0.5998 | dual_d 0.8117 | train_acc 0.9973 | train_full n/a | val_acc 0.9615 | val_f1 0.9663 | adv/moduleC 0.65/1.00 | disc_steps 4 | grad(main/disc) 1.778/1.262 | lr(main/disc) 1.80e-04/5.00e-05 | cuda_peak(alloc/resv) 21.77/28.18GB | phase(train/val/raw/train_eval) 2.7/0.4/0.0/0.0s | 3.1s
2026-08-27 13:03:04 | Epoch 022/060 | loss 1.4473 | cls 0.8388 | tal 0.0613 | dual_g 0.5900 | dual_d 0.8606 | train_acc 0.9973 | train_full n/a | val_acc 1.0000 | val_f1 1.0000 | adv/moduleC 0.70/1.00 | disc_steps 4 | grad(main/disc) 1.761/1.312 | lr(main/disc) 1.80e-04/5.00e-05 | cuda_peak(alloc/resv) 21.77/28.18GB | phase(train/val/raw/train_eval) 3.3/0.4/0.0/0.0s | 3.8s
2026-08-27 13:03:07 | Epoch 023/060 | loss 1.4506 | cls 0.8478 | tal 0.0509 | dual_g 0.5875 | dual_d 0.8903 | train_acc 1.0000 | train_full n/a | val_acc 1.0000 | val_f1 1.0000 | adv/moduleC 0.75/1.00 | disc_steps 4 | grad(main/disc) 2.177/1.349 | lr(main/disc) 1.80e-04/5.00e-05 | cuda_peak(alloc/resv) 21.77/28.18GB | phase(train/val/raw/train_eval) 3.0/0.4/0.0/0.0s | 3.5s
2026-08-27 13:03:10 | Epoch 024/060 | loss 1.4002 | cls 0.8258 | tal -0.0060 | dual_g 0.5761 | dual_d 0.8858 | train_acc 1.0000 | train_full n/a | val_acc 1.0000 | val_f1 1.0000 | adv/moduleC 0.80/1.00 | disc_steps 4 | grad(main/disc) 1.198/1.275 | lr(main/disc) 9.00e-05/2.50e-05 | cuda_peak(alloc/resv) 21.77/28.18GB | phase(train/val/raw/train_eval) 2.5/0.4/0.0/0.0s | 2.9s
2026-08-27 13:03:15 | Epoch 025/060 | loss 1.4312 | cls 0.8340 | tal 0.0555 | dual_g 0.5805 | dual_d 0.9666 | train_acc 0.9973 | train_full 1.0000 | val_acc 1.0000 | val_f1 1.0000 | adv/moduleC 0.85/1.00 | disc_steps 4 | grad(main/disc) 1.968/1.311 | lr(main/disc) 9.00e-05/2.50e-05 | cuda_peak(alloc/resv) 21.77/28.18GB | phase(train/val/raw/train_eval) 3.0/0.4/0.4/0.6s | 4.4s
2026-08-27 13:03:18 | Epoch 026/060 | loss 1.4067 | cls 0.8172 | tal 0.0426 | dual_g 0.5768 | dual_d 0.9630 | train_acc 1.0000 | train_full n/a | val_acc 1.0000 | val_f1 1.0000 | adv/moduleC 0.90/1.00 | disc_steps 4 | grad(main/disc) 1.357/1.372 | lr(main/disc) 9.00e-05/2.50e-05 | cuda_peak(alloc/resv) 21.77/28.18GB | phase(train/val/raw/train_eval) 3.0/0.4/0.0/0.0s | 3.5s
2026-08-27 13:03:21 | Epoch 027/060 | loss 1.4214 | cls 0.8304 | tal 0.0535 | dual_g 0.5749 | dual_d 1.0135 | train_acc 1.0000 | train_full n/a | val_acc 1.0000 | val_f1 1.0000 | adv/moduleC 0.95/1.00 | disc_steps 4 | grad(main/disc) 1.321/1.379 | lr(main/disc) 9.00e-05/2.50e-05 | cuda_peak(alloc/resv) 21.77/28.18GB | phase(train/val/raw/train_eval) 2.9/0.4/0.0/0.0s | 3.3s
2026-08-27 13:03:25 | Epoch 028/060 | loss 1.4124 | cls 0.8231 | tal 0.0812 | dual_g 0.5650 | dual_d 1.0189 | train_acc 1.0000 | train_full n/a | val_acc 1.0000 | val_f1 1.0000 | adv/moduleC 1.00/1.00 | disc_steps 4 | grad(main/disc) 1.303/1.317 | lr(main/disc) 9.00e-05/2.50e-05 | cuda_peak(alloc/resv) 21.77/28.18GB | phase(train/val/raw/train_eval) 3.2/0.4/0.0/0.0s | 3.7s
2026-08-27 13:03:28 | Epoch 029/060 | loss 1.4125 | cls 0.8161 | tal 0.1092 | dual_g 0.5636 | dual_d 1.0525 | train_acc 1.0000 | train_full n/a | val_acc 1.0000 | val_f1 1.0000 | adv/moduleC 1.00/1.00 | disc_steps 4 | grad(main/disc) 0.993/1.391 | lr(main/disc) 9.00e-05/2.50e-05 | cuda_peak(alloc/resv) 21.77/28.18GB | phase(train/val/raw/train_eval) 2.9/0.4/0.0/0.0s | 3.3s
2026-08-27 13:03:33 | Epoch 030/060 | loss 1.4043 | cls 0.8202 | tal 0.0717 | dual_g 0.5626 | dual_d 1.0178 | train_acc 1.0000 | train_full 0.9896 | val_acc 1.0000 | val_f1 1.0000 | adv/moduleC 1.00/1.00 | disc_steps 4 | grad(main/disc) 1.258/1.345 | lr(main/disc) 9.00e-05/2.50e-05 | cuda_peak(alloc/resv) 21.77/28.18GB | phase(train/val/raw/train_eval) 3.0/0.4/0.4/0.6s | 4.5s
2026-08-27 13:03:36 | Epoch 031/060 | loss 1.3807 | cls 0.8120 | tal 0.0419 | dual_g 0.5562 | dual_d 1.0628 | train_acc 1.0000 | train_full n/a | val_acc 1.0000 | val_f1 1.0000 | adv/moduleC 1.00/1.00 | disc_steps 4 | grad(main/disc) 1.026/1.400 | lr(main/disc) 9.00e-05/2.50e-05 | cuda_peak(alloc/resv) 21.77/28.18GB | phase(train/val/raw/train_eval) 2.9/0.4/0.0/0.0s | 3.3s
2026-08-27 13:03:40 | Epoch 032/060 | loss 1.3856 | cls 0.8189 | tal 0.0408 | dual_g 0.5545 | dual_d 1.0757 | train_acc 1.0000 | train_full n/a | val_acc 1.0000 | val_f1 1.0000 | adv/moduleC 1.00/1.00 | disc_steps 4 | grad(main/disc) 1.051/1.409 | lr(main/disc) 9.00e-05/2.50e-05 | cuda_peak(alloc/resv) 21.77/28.18GB | phase(train/val/raw/train_eval) 3.3/0.4/0.0/0.0s | 3.7s
2026-08-27 13:03:43 | Epoch 033/060 | loss 1.3888 | cls 0.8168 | tal 0.0468 | dual_g 0.5580 | dual_d 1.0729 | train_acc 1.0000 | train_full n/a | val_acc 1.0000 | val_f1 1.0000 | adv/moduleC 1.00/1.00 | disc_steps 4 | grad(main/disc) 1.191/1.366 | lr(main/disc) 4.50e-05/1.25e-05 | cuda_peak(alloc/resv) 21.77/28.18GB | phase(train/val/raw/train_eval) 3.0/0.4/0.0/0.0s | 3.5s
2026-08-27 13:03:47 | Epoch 034/060 | loss 1.3718 | cls 0.8156 | tal 0.0256 | dual_g 0.5485 | dual_d 1.0972 | train_acc 1.0000 | train_full n/a | val_acc 1.0000 | val_f1 1.0000 | adv/moduleC 1.00/1.00 | disc_steps 4 | grad(main/disc) 1.285/1.342 | lr(main/disc) 4.50e-05/1.25e-05 | cuda_peak(alloc/resv) 21.77/28.18GB | phase(train/val/raw/train_eval) 2.8/0.4/0.0/0.0s | 3.3s
2026-08-27 13:03:52 | Epoch 035/060 | loss 1.3802 | cls 0.8148 | tal 0.0452 | dual_g 0.5518 | dual_d 1.0523 | train_acc 1.0000 | train_full 1.0000 | val_acc 1.0000 | val_f1 1.0000 | adv/moduleC 1.00/1.00 | disc_steps 4 | grad(main/disc) 1.556/1.335 | lr(main/disc) 4.50e-05/1.25e-05 | cuda_peak(alloc/resv) 21.77/28.18GB | phase(train/val/raw/train_eval) 3.6/0.4/0.4/0.6s | 5.1s
2026-08-27 13:03:52 | Early stopping at epoch 35 after 20 epochs without val_f1_macro_present improvement.
2026-08-27 13:03:52 | Training complete. Best validation accuracy: 1.0000 | best val_f1_macro_present: 1.0000
