2026-08-27 13:06:39 | Starting Dual_D standalone training
2026-08-27 13:06:39 | Run directory: runs/module_c_ablation_60_v5/module_c_20260827_121947/module_c_full_雨天_20260827_121947
2026-08-27 13:06:39 | Device: cuda
2026-08-27 13:06:39 | Source train samples: 992
2026-08-27 13:06:39 | Target train samples: 96
2026-08-27 13:06:39 | Target val samples: 26
2026-08-27 13:06:39 | Classes: 14
2026-08-27 13:06:39 | Data audit: same_dir=False | path_overlap(vis/ir/ais)=0/0/0 | content_overlap(vis/ir/ais)=0/0/0 | ais_index_overlap=0 | stem_mismatch(vis-ir/vis-ais)=117/0
2026-08-27 13:06:39 | source_train classes: present 14/14 | absent 0 | counts [0:120, 1:44, 2:69, 3:45, 4:40, 5:30, 6:64, 7:80, 8:116, 9:68, 10:57, 11:83, 12:48, 13:128]
2026-08-27 13:06:39 | target_train classes: present 6/14 | absent 8 | counts [0:7, 2:19, 9:32, 10:12, 11:6, 13:20]
2026-08-27 13:06:39 | target_val classes: present 6/14 | absent 8 | counts [0:2, 2:5, 9:8, 10:4, 11:2, 13:5]
2026-08-27 13:06:39 | Paired training classes: 6/14 | class ids [0, 2, 9, 10, 11, 13]
2026-08-27 13:06:39 | Runtime profile: batch=92 | paired_steps=4 | workers=16 | train_eval_every=5 | raw_eval_every=5 | early_stop=15 after min_epoch=35
2026-08-27 13:06:39 | VIS/IR pairing: class-level-unpaired | count-mismatch classes train/val: 10/0 | AIS alignment: none | AIS rows train/val: 0/0
2026-08-27 13:06:40 | Model parameters: total=17277714 | trainable=17120210
2026-08-27 13:06:45 | Epoch 001/060 | loss 5.1741 | cls 5.1415 | tal 0.1088 | dual_g 0.0000 | dual_d 0.0000 | train_acc 0.1712 | train_full 0.0729 | val_acc 0.0769 | val_f1 0.0513 | adv/moduleC 0.00/0.00 | disc_steps 0 | grad(main/disc) 16.768/0.000 | lr(main/disc) 1.80e-04/5.00e-05 | cuda_peak(alloc/resv) 21.77/28.18GB | phase(train/val/raw/train_eval) 3.5/0.4/0.4/0.6s | 5.0s
2026-08-27 13:06:47 | New best val_f1_macro_present: 0.0513 at epoch 1
2026-08-27 13:06:51 | Epoch 002/060 | loss 3.6247 | cls 3.6047 | tal 0.0669 | dual_g 0.0000 | dual_d 0.0000 | train_acc 0.4565 | train_full n/a | val_acc 0.1923 | val_f1 0.1111 | adv/moduleC 0.00/0.00 | disc_steps 0 | grad(main/disc) 11.453/0.000 | lr(main/disc) 1.80e-04/5.00e-05 | cuda_peak(alloc/resv) 21.77/28.18GB | phase(train/val/raw/train_eval) 3.1/0.4/0.4/0.0s | 3.9s
2026-08-27 13:06:54 | New best val_f1_macro_present: 0.1111 at epoch 2
2026-08-27 13:06:58 | Epoch 003/060 | loss 2.8074 | cls 2.7528 | tal 0.1821 | dual_g 0.0000 | dual_d 0.0000 | train_acc 0.6332 | train_full n/a | val_acc 0.2308 | val_f1 0.1893 | adv/moduleC 0.00/0.00 | disc_steps 0 | grad(main/disc) 9.697/0.000 | lr(main/disc) 1.80e-04/5.00e-05 | cuda_peak(alloc/resv) 21.77/28.18GB | phase(train/val/raw/train_eval) 2.8/0.4/0.4/0.0s | 3.7s
2026-08-27 13:07:01 | New best val_f1_macro_present: 0.1893 at epoch 3
2026-08-27 13:07:04 | Epoch 004/060 | loss 2.5078 | cls 2.2730 | tal 0.1714 | dual_g 0.1834 | dual_d 0.0000 | train_acc 0.7609 | train_full n/a | val_acc 0.1538 | val_f1 0.1389 | adv/moduleC 0.00/0.12 | disc_steps 0 | grad(main/disc) 8.348/0.000 | lr(main/disc) 1.80e-04/5.00e-05 | cuda_peak(alloc/resv) 21.77/28.18GB | phase(train/val/raw/train_eval) 2.9/0.4/0.0/0.0s | 3.3s
2026-08-27 13:07:08 | Epoch 005/060 | loss 2.1391 | cls 1.8248 | tal 0.0446 | dual_g 0.3009 | dual_d 0.0000 | train_acc 0.8505 | train_full 0.1458 | val_acc 0.1154 | val_f1 0.0889 | adv/moduleC 0.00/0.25 | disc_steps 0 | grad(main/disc) 8.012/0.000 | lr(main/disc) 1.80e-04/5.00e-05 | cuda_peak(alloc/resv) 21.77/28.18GB | phase(train/val/raw/train_eval) 2.8/0.4/0.4/0.6s | 4.3s
2026-08-27 13:07:12 | Epoch 006/060 | loss 1.9866 | cls 1.5851 | tal -0.0152 | dual_g 0.4060 | dual_d 0.0000 | train_acc 0.8668 | train_full n/a | val_acc 0.4231 | val_f1 0.3463 | adv/moduleC 0.00/0.38 | disc_steps 0 | grad(main/disc) 8.332/0.000 | lr(main/disc) 1.80e-04/5.00e-05 | cuda_peak(alloc/resv) 21.77/28.18GB | phase(train/val/raw/train_eval) 2.9/0.4/0.4/0.0s | 3.8s
2026-08-27 13:07:15 | New best val_f1_macro_present: 0.3463 at epoch 6
2026-08-27 13:07:19 | Epoch 007/060 | loss 1.7969 | cls 1.3359 | tal -0.0395 | dual_g 0.4729 | dual_d 0.0000 | train_acc 0.9375 | train_full n/a | val_acc 0.5769 | val_f1 0.5508 | adv/moduleC 0.00/0.50 | disc_steps 0 | grad(main/disc) 7.241/0.000 | lr(main/disc) 1.80e-04/5.00e-05 | cuda_peak(alloc/resv) 21.77/28.18GB | phase(train/val/raw/train_eval) 3.1/0.4/0.4/0.0s | 3.9s
2026-08-27 13:07:21 | New best val_f1_macro_present: 0.5508 at epoch 7
2026-08-27 13:07:25 | Epoch 008/060 | loss 1.6741 | cls 1.1710 | tal -0.1216 | dual_g 0.5395 | dual_d 0.0000 | train_acc 0.9620 | train_full n/a | val_acc 0.6538 | val_f1 0.6376 | adv/moduleC 0.00/0.62 | disc_steps 0 | grad(main/disc) 5.709/0.000 | lr(main/disc) 1.80e-04/5.00e-05 | cuda_peak(alloc/resv) 21.77/28.18GB | phase(train/val/raw/train_eval) 3.1/0.4/0.4/0.0s | 3.9s
2026-08-27 13:07:28 | New best val_f1_macro_present: 0.6376 at epoch 8
2026-08-27 13:07:32 | Epoch 009/060 | loss 1.6104 | cls 1.0558 | tal -0.1382 | dual_g 0.5961 | dual_d 0.8296 | train_acc 0.9973 | train_full n/a | val_acc 0.6923 | val_f1 0.6671 | adv/moduleC 0.05/0.75 | disc_steps 4 | grad(main/disc) 4.952/1.581 | lr(main/disc) 1.80e-04/5.00e-05 | cuda_peak(alloc/resv) 21.77/28.18GB | phase(train/val/raw/train_eval) 3.0/0.4/0.4/0.0s | 3.8s
2026-08-27 13:07:34 | New best val_f1_macro_present: 0.6671 at epoch 9
2026-08-27 13:07:39 | Epoch 010/060 | loss 1.6182 | cls 1.0023 | tal -0.1135 | dual_g 0.6499 | dual_d 0.8160 | train_acc 0.9918 | train_full 0.9375 | val_acc 0.8846 | val_f1 0.8619 | adv/moduleC 0.10/0.88 | disc_steps 4 | grad(main/disc) 4.672/1.511 | lr(main/disc) 1.80e-04/5.00e-05 | cuda_peak(alloc/resv) 21.77/28.18GB | phase(train/val/raw/train_eval) 2.7/0.4/0.4/0.6s | 4.2s
2026-08-27 13:07:41 | New best val_f1_macro_present: 0.8619 at epoch 10
2026-08-27 13:07:45 | Epoch 011/060 | loss 1.6936 | cls 0.9708 | tal -0.0251 | dual_g 0.7302 | dual_d 0.7945 | train_acc 0.9946 | train_full n/a | val_acc 0.8846 | val_f1 0.8643 | adv/moduleC 0.15/1.00 | disc_steps 4 | grad(main/disc) 6.562/1.469 | lr(main/disc) 1.80e-04/5.00e-05 | cuda_peak(alloc/resv) 21.77/28.18GB | phase(train/val/raw/train_eval) 2.8/0.4/0.4/0.0s | 3.6s
2026-08-27 13:07:48 | New best val_f1_macro_present: 0.8643 at epoch 11
2026-08-27 13:07:52 | Epoch 012/060 | loss 1.6199 | cls 0.9464 | tal -0.1215 | dual_g 0.7100 | dual_d 0.7443 | train_acc 0.9946 | train_full n/a | val_acc 0.9231 | val_f1 0.8981 | adv/moduleC 0.20/1.00 | disc_steps 4 | grad(main/disc) 5.946/1.406 | lr(main/disc) 1.80e-04/5.00e-05 | cuda_peak(alloc/resv) 21.77/28.18GB | phase(train/val/raw/train_eval) 3.3/0.4/0.4/0.0s | 4.2s
2026-08-27 13:07:55 | New best val_f1_macro_present: 0.8981 at epoch 12
2026-08-27 13:07:58 | Epoch 013/060 | loss 1.5590 | cls 0.9141 | tal -0.1451 | dual_g 0.6883 | dual_d 0.7426 | train_acc 0.9946 | train_full n/a | val_acc 0.9231 | val_f1 0.8923 | adv/moduleC 0.25/1.00 | disc_steps 4 | grad(main/disc) 4.310/1.370 | lr(main/disc) 1.80e-04/5.00e-05 | cuda_peak(alloc/resv) 21.77/28.18GB | phase(train/val/raw/train_eval) 3.0/0.4/0.0/0.0s | 3.4s
2026-08-27 13:08:02 | Epoch 014/060 | loss 1.5160 | cls 0.8847 | tal -0.1403 | dual_g 0.6734 | dual_d 0.7289 | train_acc 1.0000 | train_full n/a | val_acc 0.9615 | val_f1 0.9630 | adv/moduleC 0.30/1.00 | disc_steps 4 | grad(main/disc) 3.090/1.317 | lr(main/disc) 1.80e-04/5.00e-05 | cuda_peak(alloc/resv) 21.77/28.18GB | phase(train/val/raw/train_eval) 2.9/0.4/0.4/0.0s | 3.7s
2026-08-27 13:08:05 | New best val_f1_macro_present: 0.9630 at epoch 14
2026-08-27 13:08:09 | Epoch 015/060 | loss 1.5130 | cls 0.8834 | tal -0.1139 | dual_g 0.6638 | dual_d 0.6961 | train_acc 1.0000 | train_full 0.9896 | val_acc 0.9615 | val_f1 0.9630 | adv/moduleC 0.35/1.00 | disc_steps 4 | grad(main/disc) 3.353/1.227 | lr(main/disc) 1.80e-04/5.00e-05 | cuda_peak(alloc/resv) 21.77/28.18GB | phase(train/val/raw/train_eval) 2.7/0.4/0.4/0.6s | 4.2s
2026-08-27 13:08:13 | Epoch 016/060 | loss 1.4996 | cls 0.8901 | tal -0.1534 | dual_g 0.6554 | dual_d 0.7284 | train_acc 1.0000 | train_full n/a | val_acc 1.0000 | val_f1 1.0000 | adv/moduleC 0.40/1.00 | disc_steps 4 | grad(main/disc) 3.154/1.238 | lr(main/disc) 1.80e-04/5.00e-05 | cuda_peak(alloc/resv) 21.77/28.18GB | phase(train/val/raw/train_eval) 3.2/0.4/0.4/0.0s | 4.1s
2026-08-27 13:08:15 | New best val_f1_macro_present: 1.0000 at epoch 16
2026-08-27 13:08:19 | Epoch 017/060 | loss 1.4757 | cls 0.8650 | tal -0.1258 | dual_g 0.6484 | dual_d 0.6880 | train_acc 1.0000 | train_full n/a | val_acc 0.9615 | val_f1 0.9630 | adv/moduleC 0.45/1.00 | disc_steps 4 | grad(main/disc) 3.059/1.181 | lr(main/disc) 1.80e-04/5.00e-05 | cuda_peak(alloc/resv) 21.77/28.18GB | phase(train/val/raw/train_eval) 2.9/0.4/0.0/0.0s | 3.3s
2026-08-27 13:08:22 | Epoch 018/060 | loss 1.4508 | cls 0.8604 | tal -0.1627 | dual_g 0.6391 | dual_d 0.7280 | train_acc 0.9946 | train_full n/a | val_acc 0.9615 | val_f1 0.9630 | adv/moduleC 0.50/1.00 | disc_steps 4 | grad(main/disc) 2.453/1.213 | lr(main/disc) 1.80e-04/5.00e-05 | cuda_peak(alloc/resv) 21.77/28.18GB | phase(train/val/raw/train_eval) 3.2/0.4/0.0/0.0s | 3.6s
2026-08-27 13:08:26 | Epoch 019/060 | loss 1.4496 | cls 0.8599 | tal -0.1638 | dual_g 0.6388 | dual_d 0.7487 | train_acc 0.9946 | train_full n/a | val_acc 0.9615 | val_f1 0.9630 | adv/moduleC 0.55/1.00 | disc_steps 4 | grad(main/disc) 2.766/1.218 | lr(main/disc) 1.80e-04/5.00e-05 | cuda_peak(alloc/resv) 21.77/28.18GB | phase(train/val/raw/train_eval) 3.2/0.4/0.0/0.0s | 3.6s
2026-08-27 13:08:30 | Epoch 020/060 | loss 1.4005 | cls 0.8423 | tal -0.2017 | dual_g 0.6187 | dual_d 0.7966 | train_acc 1.0000 | train_full 0.9792 | val_acc 0.9615 | val_f1 0.9630 | adv/moduleC 0.60/1.00 | disc_steps 4 | grad(main/disc) 1.572/1.257 | lr(main/disc) 1.80e-04/5.00e-05 | cuda_peak(alloc/resv) 21.77/28.18GB | phase(train/val/raw/train_eval) 2.9/0.4/0.4/0.6s | 4.4s
2026-08-27 13:08:34 | Epoch 021/060 | loss 1.3905 | cls 0.8383 | tal -0.2081 | dual_g 0.6147 | dual_d 0.8116 | train_acc 1.0000 | train_full n/a | val_acc 0.9615 | val_f1 0.9630 | adv/moduleC 0.65/1.00 | disc_steps 4 | grad(main/disc) 1.589/1.236 | lr(main/disc) 1.80e-04/5.00e-05 | cuda_peak(alloc/resv) 21.77/28.18GB | phase(train/val/raw/train_eval) 2.8/0.4/0.0/0.0s | 3.2s
2026-08-27 13:08:37 | Epoch 022/060 | loss 1.3834 | cls 0.8410 | tal -0.2106 | dual_g 0.6055 | dual_d 0.8242 | train_acc 0.9973 | train_full n/a | val_acc 1.0000 | val_f1 1.0000 | adv/moduleC 0.70/1.00 | disc_steps 4 | grad(main/disc) 1.866/1.300 | lr(main/disc) 1.80e-04/5.00e-05 | cuda_peak(alloc/resv) 21.77/28.18GB | phase(train/val/raw/train_eval) 3.3/0.4/0.0/0.0s | 3.8s
2026-08-27 13:08:41 | Epoch 023/060 | loss 1.3822 | cls 0.8407 | tal -0.2083 | dual_g 0.6040 | dual_d 0.8701 | train_acc 1.0000 | train_full n/a | val_acc 1.0000 | val_f1 1.0000 | adv/moduleC 0.75/1.00 | disc_steps 4 | grad(main/disc) 1.987/1.310 | lr(main/disc) 1.80e-04/5.00e-05 | cuda_peak(alloc/resv) 21.77/28.18GB | phase(train/val/raw/train_eval) 3.2/0.4/0.0/0.0s | 3.6s
2026-08-27 13:08:45 | Epoch 024/060 | loss 1.3618 | cls 0.8250 | tal -0.1944 | dual_g 0.5952 | dual_d 0.9167 | train_acc 1.0000 | train_full n/a | val_acc 0.9615 | val_f1 0.9630 | adv/moduleC 0.80/1.00 | disc_steps 4 | grad(main/disc) 1.343/1.346 | lr(main/disc) 1.80e-04/5.00e-05 | cuda_peak(alloc/resv) 21.77/28.18GB | phase(train/val/raw/train_eval) 3.0/0.4/0.0/0.0s | 3.5s
2026-08-27 13:08:49 | Epoch 025/060 | loss 1.3508 | cls 0.8271 | tal -0.2026 | dual_g 0.5844 | dual_d 0.8954 | train_acc 1.0000 | train_full 0.9896 | val_acc 0.9615 | val_f1 0.9630 | adv/moduleC 0.85/1.00 | disc_steps 4 | grad(main/disc) 1.372/1.313 | lr(main/disc) 9.00e-05/2.50e-05 | cuda_peak(alloc/resv) 21.77/28.18GB | phase(train/val/raw/train_eval) 2.8/0.4/0.4/0.6s | 4.3s
2026-08-27 13:08:52 | Epoch 026/060 | loss 1.3172 | cls 0.8236 | tal -0.2939 | dual_g 0.5818 | dual_d 0.9307 | train_acc 0.9973 | train_full n/a | val_acc 0.9615 | val_f1 0.9630 | adv/moduleC 0.90/1.00 | disc_steps 4 | grad(main/disc) 1.859/1.361 | lr(main/disc) 9.00e-05/2.50e-05 | cuda_peak(alloc/resv) 21.77/28.18GB | phase(train/val/raw/train_eval) 2.8/0.4/0.0/0.0s | 3.3s
2026-08-27 13:08:55 | Epoch 027/060 | loss 1.3169 | cls 0.8210 | tal -0.2715 | dual_g 0.5774 | dual_d 0.9396 | train_acc 1.0000 | train_full n/a | val_acc 0.9615 | val_f1 0.9663 | adv/moduleC 0.95/1.00 | disc_steps 4 | grad(main/disc) 1.060/1.357 | lr(main/disc) 9.00e-05/2.50e-05 | cuda_peak(alloc/resv) 21.77/28.18GB | phase(train/val/raw/train_eval) 2.9/0.4/0.0/0.0s | 3.3s
2026-08-27 13:08:59 | Epoch 028/060 | loss 1.3140 | cls 0.8181 | tal -0.2804 | dual_g 0.5800 | dual_d 0.9561 | train_acc 1.0000 | train_full n/a | val_acc 0.9615 | val_f1 0.9663 | adv/moduleC 1.00/1.00 | disc_steps 4 | grad(main/disc) 1.294/1.341 | lr(main/disc) 9.00e-05/2.50e-05 | cuda_peak(alloc/resv) 21.77/28.18GB | phase(train/val/raw/train_eval) 3.2/0.4/0.0/0.0s | 3.7s
2026-08-27 13:09:03 | Epoch 029/060 | loss 1.3189 | cls 0.8172 | tal -0.2698 | dual_g 0.5826 | dual_d 0.9482 | train_acc 1.0000 | train_full n/a | val_acc 0.9615 | val_f1 0.9663 | adv/moduleC 1.00/1.00 | disc_steps 4 | grad(main/disc) 1.197/1.367 | lr(main/disc) 9.00e-05/2.50e-05 | cuda_peak(alloc/resv) 21.77/28.18GB | phase(train/val/raw/train_eval) 3.1/0.4/0.0/0.0s | 3.6s
2026-08-27 13:09:07 | Epoch 030/060 | loss 1.3095 | cls 0.8139 | tal -0.2560 | dual_g 0.5723 | dual_d 0.9941 | train_acc 1.0000 | train_full 0.9896 | val_acc 0.9615 | val_f1 0.9630 | adv/moduleC 1.00/1.00 | disc_steps 4 | grad(main/disc) 1.076/1.341 | lr(main/disc) 9.00e-05/2.50e-05 | cuda_peak(alloc/resv) 21.77/28.18GB | phase(train/val/raw/train_eval) 3.1/0.4/0.4/0.6s | 4.6s
2026-08-27 13:09:10 | Epoch 031/060 | loss 1.3088 | cls 0.8189 | tal -0.2721 | dual_g 0.5716 | dual_d 1.0058 | train_acc 1.0000 | train_full n/a | val_acc 0.9231 | val_f1 0.9250 | adv/moduleC 1.00/1.00 | disc_steps 4 | grad(main/disc) 1.463/1.378 | lr(main/disc) 9.00e-05/2.50e-05 | cuda_peak(alloc/resv) 21.77/28.18GB | phase(train/val/raw/train_eval) 2.9/0.4/0.0/0.0s | 3.3s
2026-08-27 13:09:14 | Epoch 032/060 | loss 1.2748 | cls 0.8014 | tal -0.3018 | dual_g 0.5639 | dual_d 0.9986 | train_acc 1.0000 | train_full n/a | val_acc 0.9231 | val_f1 0.9250 | adv/moduleC 1.00/1.00 | disc_steps 4 | grad(main/disc) 0.927/1.339 | lr(main/disc) 9.00e-05/2.50e-05 | cuda_peak(alloc/resv) 21.77/28.18GB | phase(train/val/raw/train_eval) 2.9/0.4/0.0/0.0s | 3.4s
2026-08-27 13:09:17 | Epoch 033/060 | loss 1.2817 | cls 0.8065 | tal -0.2952 | dual_g 0.5638 | dual_d 1.0345 | train_acc 1.0000 | train_full n/a | val_acc 0.9615 | val_f1 0.9630 | adv/moduleC 1.00/1.00 | disc_steps 4 | grad(main/disc) 0.998/1.403 | lr(main/disc) 9.00e-05/2.50e-05 | cuda_peak(alloc/resv) 21.77/28.18GB | phase(train/val/raw/train_eval) 2.7/0.4/0.0/0.0s | 3.1s
2026-08-27 13:09:20 | Epoch 034/060 | loss 1.3051 | cls 0.8244 | tal -0.2913 | dual_g 0.5681 | dual_d 1.0283 | train_acc 1.0000 | train_full n/a | val_acc 0.9615 | val_f1 0.9630 | adv/moduleC 1.00/1.00 | disc_steps 4 | grad(main/disc) 1.356/1.394 | lr(main/disc) 4.50e-05/1.25e-05 | cuda_peak(alloc/resv) 21.77/28.18GB | phase(train/val/raw/train_eval) 2.8/0.4/0.0/0.0s | 3.2s
2026-08-27 13:09:25 | Epoch 035/060 | loss 1.2959 | cls 0.8242 | tal -0.3018 | dual_g 0.5622 | dual_d 1.0225 | train_acc 1.0000 | train_full 0.9896 | val_acc 0.9615 | val_f1 0.9630 | adv/moduleC 1.00/1.00 | disc_steps 4 | grad(main/disc) 1.603/1.405 | lr(main/disc) 4.50e-05/1.25e-05 | cuda_peak(alloc/resv) 21.77/28.18GB | phase(train/val/raw/train_eval) 2.9/0.4/0.4/0.6s | 4.4s
2026-08-27 13:09:25 | Early stopping at epoch 35 after 19 epochs without val_f1_macro_present improvement.
2026-08-27 13:09:25 | Training complete. Best validation accuracy: 1.0000 | best val_f1_macro_present: 1.0000
