2026-08-27 13:03:52 | Starting Dual_D standalone training
2026-08-27 13:03:52 | Run directory: runs/module_c_ablation_60_v5/module_c_20260827_121947/module_c_full_雨天_20260827_121947
2026-08-27 13:03:52 | Device: cuda
2026-08-27 13:03:52 | Source train samples: 992
2026-08-27 13:03:52 | Target train samples: 96
2026-08-27 13:03:52 | Target val samples: 26
2026-08-27 13:03:52 | Classes: 14
2026-08-27 13:03:52 | Data audit: same_dir=False | path_overlap(vis/ir/ais)=0/0/0 | content_overlap(vis/ir/ais)=0/0/0 | ais_index_overlap=0 | stem_mismatch(vis-ir/vis-ais)=117/0
2026-08-27 13:03:52 | source_train classes: present 14/14 | absent 0 | counts [0:120, 1:44, 2:69, 3:45, 4:40, 5:30, 6:64, 7:80, 8:116, 9:68, 10:57, 11:83, 12:48, 13:128]
2026-08-27 13:03:52 | target_train classes: present 6/14 | absent 8 | counts [0:7, 2:19, 9:32, 10:12, 11:6, 13:20]
2026-08-27 13:03:52 | target_val classes: present 6/14 | absent 8 | counts [0:2, 2:5, 9:8, 10:4, 11:2, 13:5]
2026-08-27 13:03:52 | Paired training classes: 6/14 | class ids [0, 2, 9, 10, 11, 13]
2026-08-27 13:03:52 | Runtime profile: batch=92 | paired_steps=4 | workers=16 | train_eval_every=5 | raw_eval_every=5 | early_stop=15 after min_epoch=35
2026-08-27 13:03:52 | VIS/IR pairing: class-level-unpaired | count-mismatch classes train/val: 10/0 | AIS alignment: none | AIS rows train/val: 0/0
2026-08-27 13:03:53 | Model parameters: total=17277714 | trainable=17120210
2026-08-27 13:03:57 | Epoch 001/060 | loss 5.4607 | cls 5.4319 | tal 0.0961 | dual_g 0.0000 | dual_d 0.0000 | train_acc 0.1549 | train_full 0.3125 | val_acc 0.1154 | val_f1 0.0625 | adv/moduleC 0.00/0.00 | disc_steps 0 | grad(main/disc) 18.066/0.000 | lr(main/disc) 1.80e-04/5.00e-05 | cuda_peak(alloc/resv) 21.77/28.18GB | phase(train/val/raw/train_eval) 3.3/0.4/0.4/0.6s | 4.8s
2026-08-27 13:04:00 | New best val_f1_macro_present: 0.0625 at epoch 1
2026-08-27 13:04:03 | Epoch 002/060 | loss 3.4425 | cls 3.4494 | tal -0.0228 | dual_g 0.0000 | dual_d 0.0000 | train_acc 0.4348 | train_full n/a | val_acc 0.1923 | val_f1 0.0538 | adv/moduleC 0.00/0.00 | disc_steps 0 | grad(main/disc) 11.964/0.000 | lr(main/disc) 1.80e-04/5.00e-05 | cuda_peak(alloc/resv) 21.77/28.18GB | phase(train/val/raw/train_eval) 2.7/0.4/0.0/0.0s | 3.2s
2026-08-27 13:04:07 | Epoch 003/060 | loss 2.6375 | cls 2.6391 | tal -0.0056 | dual_g 0.0000 | dual_d 0.0000 | train_acc 0.6630 | train_full n/a | val_acc 0.2308 | val_f1 0.1408 | adv/moduleC 0.00/0.00 | disc_steps 0 | grad(main/disc) 9.245/0.000 | lr(main/disc) 1.80e-04/5.00e-05 | cuda_peak(alloc/resv) 21.77/28.18GB | phase(train/val/raw/train_eval) 3.0/0.4/0.4/0.0s | 3.8s
2026-08-27 13:04:10 | New best val_f1_macro_present: 0.1408 at epoch 3
2026-08-27 13:04:14 | Epoch 004/060 | loss 2.3482 | cls 2.1606 | tal 0.0321 | dual_g 0.1779 | dual_d 0.0000 | train_acc 0.7690 | train_full n/a | val_acc 0.2692 | val_f1 0.2241 | adv/moduleC 0.00/0.12 | disc_steps 0 | grad(main/disc) 8.181/0.000 | lr(main/disc) 1.80e-04/5.00e-05 | cuda_peak(alloc/resv) 21.77/28.18GB | phase(train/val/raw/train_eval) 3.0/0.4/0.4/0.0s | 3.8s
2026-08-27 13:04:16 | New best val_f1_macro_present: 0.2241 at epoch 4
2026-08-27 13:04:21 | Epoch 005/060 | loss 2.0953 | cls 1.7958 | tal -0.0079 | dual_g 0.3019 | dual_d 0.0000 | train_acc 0.8152 | train_full 0.2917 | val_acc 0.1923 | val_f1 0.0556 | adv/moduleC 0.00/0.25 | disc_steps 0 | grad(main/disc) 7.850/0.000 | lr(main/disc) 1.80e-04/5.00e-05 | cuda_peak(alloc/resv) 21.77/28.18GB | phase(train/val/raw/train_eval) 3.3/0.4/0.4/0.6s | 4.7s
2026-08-27 13:04:25 | Epoch 006/060 | loss 1.9283 | cls 1.5174 | tal 0.0590 | dual_g 0.3932 | dual_d 0.0000 | train_acc 0.8913 | train_full n/a | val_acc 0.4231 | val_f1 0.2571 | adv/moduleC 0.00/0.38 | disc_steps 0 | grad(main/disc) 7.092/0.000 | lr(main/disc) 1.80e-04/5.00e-05 | cuda_peak(alloc/resv) 21.77/28.18GB | phase(train/val/raw/train_eval) 2.9/0.4/0.4/0.0s | 3.7s
2026-08-27 13:04:27 | New best val_f1_macro_present: 0.2571 at epoch 6
2026-08-27 13:04:32 | Epoch 007/060 | loss 1.7657 | cls 1.2887 | tal 0.0387 | dual_g 0.4654 | dual_d 0.0000 | train_acc 0.9728 | train_full n/a | val_acc 0.7308 | val_f1 0.6571 | adv/moduleC 0.00/0.50 | disc_steps 0 | grad(main/disc) 6.627/0.000 | lr(main/disc) 1.80e-04/5.00e-05 | cuda_peak(alloc/resv) 21.77/28.18GB | phase(train/val/raw/train_eval) 3.3/0.4/0.4/0.0s | 4.2s
2026-08-27 13:04:34 | New best val_f1_macro_present: 0.6571 at epoch 7
2026-08-27 13:04:38 | Epoch 008/060 | loss 1.7685 | cls 1.2194 | tal 0.0571 | dual_g 0.5320 | dual_d 0.0000 | train_acc 0.9783 | train_full n/a | val_acc 0.6923 | val_f1 0.7149 | adv/moduleC 0.00/0.62 | disc_steps 0 | grad(main/disc) 5.938/0.000 | lr(main/disc) 1.80e-04/5.00e-05 | cuda_peak(alloc/resv) 21.77/28.18GB | phase(train/val/raw/train_eval) 3.2/0.4/0.4/0.0s | 4.0s
2026-08-27 13:04:41 | New best val_f1_macro_present: 0.7149 at epoch 8
2026-08-27 13:04:45 | Epoch 009/060 | loss 1.7639 | cls 1.1221 | tal 0.0358 | dual_g 0.6311 | dual_d 0.8299 | train_acc 0.9891 | train_full n/a | val_acc 0.8462 | val_f1 0.7356 | adv/moduleC 0.05/0.75 | disc_steps 4 | grad(main/disc) 7.805/1.505 | lr(main/disc) 1.80e-04/5.00e-05 | cuda_peak(alloc/resv) 21.77/28.18GB | phase(train/val/raw/train_eval) 2.8/0.4/0.4/0.0s | 3.6s
2026-08-27 13:04:48 | New best val_f1_macro_present: 0.7356 at epoch 9
2026-08-27 13:04:52 | Epoch 010/060 | loss 1.7050 | cls 1.0267 | tal 0.0269 | dual_g 0.6702 | dual_d 0.8166 | train_acc 0.9891 | train_full 0.9375 | val_acc 0.9231 | val_f1 0.9247 | adv/moduleC 0.10/0.88 | disc_steps 4 | grad(main/disc) 7.085/1.448 | lr(main/disc) 1.80e-04/5.00e-05 | cuda_peak(alloc/resv) 21.77/28.18GB | phase(train/val/raw/train_eval) 3.2/0.4/0.4/0.6s | 4.7s
2026-08-27 13:04:55 | New best val_f1_macro_present: 0.9247 at epoch 10
2026-08-27 13:04:59 | Epoch 011/060 | loss 1.7608 | cls 1.0032 | tal 0.0916 | dual_g 0.7301 | dual_d 0.7785 | train_acc 0.9946 | train_full n/a | val_acc 0.9615 | val_f1 0.9630 | adv/moduleC 0.15/1.00 | disc_steps 4 | grad(main/disc) 5.630/1.425 | lr(main/disc) 1.80e-04/5.00e-05 | cuda_peak(alloc/resv) 21.77/28.18GB | phase(train/val/raw/train_eval) 3.0/0.4/0.4/0.0s | 3.9s
2026-08-27 13:05:02 | New best val_f1_macro_present: 0.9630 at epoch 11
2026-08-27 13:05:06 | Epoch 012/060 | loss 1.6998 | cls 0.9454 | tal 0.1232 | dual_g 0.7174 | dual_d 0.7184 | train_acc 0.9973 | train_full n/a | val_acc 0.9615 | val_f1 0.9663 | adv/moduleC 0.20/1.00 | disc_steps 4 | grad(main/disc) 5.803/1.303 | lr(main/disc) 1.80e-04/5.00e-05 | cuda_peak(alloc/resv) 21.77/28.18GB | phase(train/val/raw/train_eval) 3.1/0.4/0.4/0.0s | 4.0s
2026-08-27 13:05:08 | New best val_f1_macro_present: 0.9663 at epoch 12
2026-08-27 13:05:12 | Epoch 013/060 | loss 1.6632 | cls 0.9303 | tal 0.1282 | dual_g 0.6944 | dual_d 0.6979 | train_acc 1.0000 | train_full n/a | val_acc 1.0000 | val_f1 1.0000 | adv/moduleC 0.25/1.00 | disc_steps 4 | grad(main/disc) 7.966/1.266 | lr(main/disc) 1.80e-04/5.00e-05 | cuda_peak(alloc/resv) 21.77/28.18GB | phase(train/val/raw/train_eval) 3.1/0.4/0.4/0.0s | 4.0s
2026-08-27 13:05:15 | New best val_f1_macro_present: 1.0000 at epoch 13
2026-08-27 13:05:18 | Epoch 014/060 | loss 1.5948 | cls 0.8968 | tal 0.1000 | dual_g 0.6681 | dual_d 0.7325 | train_acc 1.0000 | train_full n/a | val_acc 1.0000 | val_f1 1.0000 | adv/moduleC 0.30/1.00 | disc_steps 4 | grad(main/disc) 3.748/1.283 | lr(main/disc) 1.80e-04/5.00e-05 | cuda_peak(alloc/resv) 21.77/28.18GB | phase(train/val/raw/train_eval) 3.0/0.4/0.0/0.0s | 3.5s
2026-08-27 13:05:23 | Epoch 015/060 | loss 1.6030 | cls 0.8923 | tal 0.1066 | dual_g 0.6788 | dual_d 0.7010 | train_acc 0.9973 | train_full 0.9583 | val_acc 0.9615 | val_f1 0.9663 | adv/moduleC 0.35/1.00 | disc_steps 4 | grad(main/disc) 4.101/1.218 | lr(main/disc) 1.80e-04/5.00e-05 | cuda_peak(alloc/resv) 21.77/28.18GB | phase(train/val/raw/train_eval) 3.2/0.4/0.4/0.6s | 4.6s
2026-08-27 13:05:27 | Epoch 016/060 | loss 1.5633 | cls 0.8926 | tal 0.0661 | dual_g 0.6510 | dual_d 0.6929 | train_acc 1.0000 | train_full n/a | val_acc 0.9615 | val_f1 0.9663 | adv/moduleC 0.40/1.00 | disc_steps 4 | grad(main/disc) 3.539/1.207 | lr(main/disc) 1.80e-04/5.00e-05 | cuda_peak(alloc/resv) 21.77/28.18GB | phase(train/val/raw/train_eval) 3.1/0.4/0.0/0.0s | 3.6s
2026-08-27 13:05:30 | Epoch 017/060 | loss 1.5325 | cls 0.8647 | tal 0.0778 | dual_g 0.6444 | dual_d 0.6980 | train_acc 0.9973 | train_full n/a | val_acc 0.9615 | val_f1 0.9663 | adv/moduleC 0.45/1.00 | disc_steps 4 | grad(main/disc) 3.038/1.193 | lr(main/disc) 1.80e-04/5.00e-05 | cuda_peak(alloc/resv) 21.77/28.18GB | phase(train/val/raw/train_eval) 3.1/0.4/0.0/0.0s | 3.5s
2026-08-27 13:05:34 | Epoch 018/060 | loss 1.5507 | cls 0.8936 | tal 0.0685 | dual_g 0.6366 | dual_d 0.7150 | train_acc 0.9946 | train_full n/a | val_acc 0.9615 | val_f1 0.9663 | adv/moduleC 0.50/1.00 | disc_steps 4 | grad(main/disc) 3.171/1.176 | lr(main/disc) 1.80e-04/5.00e-05 | cuda_peak(alloc/resv) 21.77/28.18GB | phase(train/val/raw/train_eval) 3.2/0.4/0.0/0.0s | 3.6s
2026-08-27 13:05:37 | Epoch 019/060 | loss 1.5049 | cls 0.8636 | tal 0.0410 | dual_g 0.6290 | dual_d 0.7335 | train_acc 0.9973 | train_full n/a | val_acc 0.9615 | val_f1 0.9663 | adv/moduleC 0.55/1.00 | disc_steps 4 | grad(main/disc) 2.221/1.194 | lr(main/disc) 1.80e-04/5.00e-05 | cuda_peak(alloc/resv) 21.77/28.18GB | phase(train/val/raw/train_eval) 3.2/0.4/0.0/0.0s | 3.6s
2026-08-27 13:05:42 | Epoch 020/060 | loss 1.4537 | cls 0.8386 | tal -0.0011 | dual_g 0.6154 | dual_d 0.7790 | train_acc 1.0000 | train_full 0.9271 | val_acc 0.9615 | val_f1 0.9663 | adv/moduleC 0.60/1.00 | disc_steps 4 | grad(main/disc) 1.687/1.241 | lr(main/disc) 1.80e-04/5.00e-05 | cuda_peak(alloc/resv) 21.77/28.18GB | phase(train/val/raw/train_eval) 3.1/0.4/0.4/0.6s | 4.6s
2026-08-27 13:05:45 | Epoch 021/060 | loss 1.4365 | cls 0.8407 | tal -0.0559 | dual_g 0.6126 | dual_d 0.8265 | train_acc 1.0000 | train_full n/a | val_acc 0.9615 | val_f1 0.9663 | adv/moduleC 0.65/1.00 | disc_steps 4 | grad(main/disc) 1.587/1.276 | lr(main/disc) 1.80e-04/5.00e-05 | cuda_peak(alloc/resv) 21.77/28.18GB | phase(train/val/raw/train_eval) 3.0/0.4/0.0/0.0s | 3.5s
2026-08-27 13:05:49 | Epoch 022/060 | loss 1.4149 | cls 0.8393 | tal -0.0630 | dual_g 0.5945 | dual_d 0.8174 | train_acc 1.0000 | train_full n/a | val_acc 0.9615 | val_f1 0.9663 | adv/moduleC 0.70/1.00 | disc_steps 4 | grad(main/disc) 1.600/1.268 | lr(main/disc) 9.00e-05/2.50e-05 | cuda_peak(alloc/resv) 21.77/28.18GB | phase(train/val/raw/train_eval) 3.3/0.4/0.0/0.0s | 3.7s
2026-08-27 13:05:53 | Epoch 023/060 | loss 1.3988 | cls 0.8388 | tal -0.1108 | dual_g 0.5932 | dual_d 0.8473 | train_acc 0.9973 | train_full n/a | val_acc 0.9615 | val_f1 0.9663 | adv/moduleC 0.75/1.00 | disc_steps 4 | grad(main/disc) 1.729/1.274 | lr(main/disc) 9.00e-05/2.50e-05 | cuda_peak(alloc/resv) 21.77/28.18GB | phase(train/val/raw/train_eval) 3.1/0.4/0.0/0.0s | 3.5s
2026-08-27 13:05:57 | Epoch 024/060 | loss 1.3995 | cls 0.8361 | tal -0.0911 | dual_g 0.5907 | dual_d 0.8615 | train_acc 0.9973 | train_full n/a | val_acc 0.9615 | val_f1 0.9663 | adv/moduleC 0.80/1.00 | disc_steps 4 | grad(main/disc) 2.104/1.289 | lr(main/disc) 9.00e-05/2.50e-05 | cuda_peak(alloc/resv) 21.77/28.18GB | phase(train/val/raw/train_eval) 3.5/0.4/0.0/0.0s | 3.9s
2026-08-27 13:06:01 | Epoch 025/060 | loss 1.3816 | cls 0.8266 | tal -0.1017 | dual_g 0.5856 | dual_d 0.9038 | train_acc 1.0000 | train_full 0.9688 | val_acc 0.9615 | val_f1 0.9663 | adv/moduleC 0.85/1.00 | disc_steps 4 | grad(main/disc) 1.339/1.273 | lr(main/disc) 9.00e-05/2.50e-05 | cuda_peak(alloc/resv) 21.77/28.18GB | phase(train/val/raw/train_eval) 3.2/0.4/0.4/0.6s | 4.7s
2026-08-27 13:06:05 | Epoch 026/060 | loss 1.3990 | cls 0.8333 | tal -0.0623 | dual_g 0.5843 | dual_d 0.9071 | train_acc 1.0000 | train_full n/a | val_acc 0.9615 | val_f1 0.9663 | adv/moduleC 0.90/1.00 | disc_steps 4 | grad(main/disc) 1.712/1.305 | lr(main/disc) 9.00e-05/2.50e-05 | cuda_peak(alloc/resv) 21.77/28.18GB | phase(train/val/raw/train_eval) 3.0/0.4/0.0/0.0s | 3.5s
2026-08-27 13:06:08 | Epoch 027/060 | loss 1.3912 | cls 0.8267 | tal -0.0718 | dual_g 0.5861 | dual_d 0.9136 | train_acc 1.0000 | train_full n/a | val_acc 0.9615 | val_f1 0.9663 | adv/moduleC 0.95/1.00 | disc_steps 4 | grad(main/disc) 1.273/1.302 | lr(main/disc) 9.00e-05/2.50e-05 | cuda_peak(alloc/resv) 21.77/28.18GB | phase(train/val/raw/train_eval) 3.4/0.4/0.0/0.0s | 3.8s
2026-08-27 13:06:12 | Epoch 028/060 | loss 1.3775 | cls 0.8234 | tal -0.0731 | dual_g 0.5760 | dual_d 0.9427 | train_acc 0.9973 | train_full n/a | val_acc 0.9615 | val_f1 0.9663 | adv/moduleC 1.00/1.00 | disc_steps 4 | grad(main/disc) 1.423/1.355 | lr(main/disc) 9.00e-05/2.50e-05 | cuda_peak(alloc/resv) 21.77/28.18GB | phase(train/val/raw/train_eval) 3.1/0.4/0.0/0.0s | 3.6s
2026-08-27 13:06:16 | Epoch 029/060 | loss 1.3757 | cls 0.8237 | tal -0.0767 | dual_g 0.5750 | dual_d 0.9416 | train_acc 1.0000 | train_full n/a | val_acc 0.9615 | val_f1 0.9663 | adv/moduleC 1.00/1.00 | disc_steps 4 | grad(main/disc) 1.390/1.335 | lr(main/disc) 9.00e-05/2.50e-05 | cuda_peak(alloc/resv) 21.77/28.18GB | phase(train/val/raw/train_eval) 3.1/0.4/0.0/0.0s | 3.5s
2026-08-27 13:06:20 | Epoch 030/060 | loss 1.3670 | cls 0.8253 | tal -0.1042 | dual_g 0.5729 | dual_d 0.9828 | train_acc 1.0000 | train_full 0.9583 | val_acc 0.9615 | val_f1 0.9663 | adv/moduleC 1.00/1.00 | disc_steps 4 | grad(main/disc) 1.381/1.332 | lr(main/disc) 9.00e-05/2.50e-05 | cuda_peak(alloc/resv) 21.77/28.18GB | phase(train/val/raw/train_eval) 2.9/0.4/0.4/0.6s | 4.4s
2026-08-27 13:06:24 | Epoch 031/060 | loss 1.3633 | cls 0.8288 | tal -0.1451 | dual_g 0.5780 | dual_d 0.9529 | train_acc 1.0000 | train_full n/a | val_acc 0.9615 | val_f1 0.9663 | adv/moduleC 1.00/1.00 | disc_steps 4 | grad(main/disc) 1.783/1.323 | lr(main/disc) 4.50e-05/1.25e-05 | cuda_peak(alloc/resv) 21.77/28.18GB | phase(train/val/raw/train_eval) 3.3/0.4/0.0/0.0s | 3.7s
2026-08-27 13:06:27 | Epoch 032/060 | loss 1.3696 | cls 0.8272 | tal -0.1155 | dual_g 0.5770 | dual_d 0.9637 | train_acc 0.9973 | train_full n/a | val_acc 0.9615 | val_f1 0.9663 | adv/moduleC 1.00/1.00 | disc_steps 4 | grad(main/disc) 1.760/1.267 | lr(main/disc) 4.50e-05/1.25e-05 | cuda_peak(alloc/resv) 21.77/28.18GB | phase(train/val/raw/train_eval) 3.2/0.4/0.0/0.0s | 3.6s
2026-08-27 13:06:31 | Epoch 033/060 | loss 1.3418 | cls 0.8162 | tal -0.1347 | dual_g 0.5661 | dual_d 0.9954 | train_acc 1.0000 | train_full n/a | val_acc 0.9615 | val_f1 0.9663 | adv/moduleC 1.00/1.00 | disc_steps 4 | grad(main/disc) 1.172/1.333 | lr(main/disc) 4.50e-05/1.25e-05 | cuda_peak(alloc/resv) 21.77/28.18GB | phase(train/val/raw/train_eval) 3.3/0.4/0.0/0.0s | 3.7s
2026-08-27 13:06:35 | Epoch 034/060 | loss 1.3566 | cls 0.8186 | tal -0.1163 | dual_g 0.5729 | dual_d 0.9695 | train_acc 1.0000 | train_full n/a | val_acc 0.9615 | val_f1 0.9663 | adv/moduleC 1.00/1.00 | disc_steps 4 | grad(main/disc) 1.273/1.302 | lr(main/disc) 4.50e-05/1.25e-05 | cuda_peak(alloc/resv) 21.77/28.18GB | phase(train/val/raw/train_eval) 3.3/0.4/0.0/0.0s | 3.7s
2026-08-27 13:06:39 | Epoch 035/060 | loss 1.3456 | cls 0.8221 | tal -0.1405 | dual_g 0.5656 | dual_d 0.9980 | train_acc 1.0000 | train_full 0.9792 | val_acc 0.9615 | val_f1 0.9663 | adv/moduleC 1.00/1.00 | disc_steps 4 | grad(main/disc) 1.433/1.327 | lr(main/disc) 4.50e-05/1.25e-05 | cuda_peak(alloc/resv) 21.77/28.18GB | phase(train/val/raw/train_eval) 2.7/0.4/0.4/0.6s | 4.1s
2026-08-27 13:06:39 | Early stopping at epoch 35 after 22 epochs without val_f1_macro_present improvement.
2026-08-27 13:06:39 | Training complete. Best validation accuracy: 1.0000 | best val_f1_macro_present: 1.0000
