2026-08-26 17:59:47 | Starting Dual_D standalone training
2026-08-26 17:59:47 | Run directory: runs/module_c_ablation_60_v4/module_c_20260826_164328/module_c_no_cycle_雾天_20260826_173642
2026-08-26 17:59:47 | Device: cuda
2026-08-26 17:59:47 | Source train samples: 992
2026-08-26 17:59:47 | Target train samples: 507
2026-08-26 17:59:47 | Target val samples: 132
2026-08-26 17:59:47 | Classes: 14
2026-08-26 17:59:47 | Data audit: same_dir=False | path_overlap(vis/ir/ais)=0/0/0 | content_overlap(vis/ir/ais)=0/0/0 | ais_index_overlap=0 | stem_mismatch(vis-ir/vis-ais)=630/0
2026-08-26 17:59:47 | source_train classes: present 14/14 | absent 0 | counts [0:120, 1:44, 2:69, 3:45, 4:40, 5:30, 6:64, 7:80, 8:116, 9:68, 10:57, 11:83, 12:48, 13:128]
2026-08-26 17:59:47 | target_train classes: present 9/14 | absent 5 | counts [0:35, 1:18, 2:119, 6:110, 8:25, 9:50, 10:48, 12:9, 13:93]
2026-08-26 17:59:47 | target_val classes: present 9/14 | absent 5 | counts [0:9, 1:5, 2:30, 6:28, 8:7, 9:13, 10:13, 12:3, 13:24]
2026-08-26 17:59:47 | Paired training classes: 9/14 | class ids [0, 1, 2, 6, 8, 9, 10, 12, 13]
2026-08-26 17:59:47 | Runtime profile: batch=80 | paired_steps=7 | workers=16 | train_eval_every=5 | raw_eval_every=5 | early_stop=15 after min_epoch=48
2026-08-26 17:59:47 | VIS/IR pairing: class-level-unpaired | count-mismatch classes train/val: 10/2 | AIS alignment: none | AIS rows train/val: 0/0
2026-08-26 17:59:48 | Model parameters: total=17277714 | trainable=17120210
2026-08-26 17:59:53 | Epoch 001/060 | loss 5.2781 | cls 5.2688 | tal 0.0310 | dual_g 0.0000 | dual_d 0.0000 | train_acc 0.0857 | train_full 0.1144 | val_acc 0.1364 | val_f1 0.0396 | adv/moduleC 0.00/0.00 | disc_steps 0 | grad(main/disc) 15.280/0.000 | lr(main/disc) 7.00e-05/3.50e-05 | cuda_peak(alloc/resv) 18.96/24.42GB | phase(train/val/raw/train_eval) 3.5/0.6/0.6/0.9s | 5.6s
2026-08-26 17:59:57 | New best val_f1_macro_present: 0.0396 at epoch 1
2026-08-26 18:00:02 | Epoch 002/060 | loss 4.2860 | cls 4.2800 | tal 0.0200 | dual_g 0.0000 | dual_d 0.0000 | train_acc 0.1554 | train_full n/a | val_acc 0.1970 | val_f1 0.0841 | adv/moduleC 0.00/0.00 | disc_steps 0 | grad(main/disc) 12.100/0.000 | lr(main/disc) 7.00e-05/3.50e-05 | cuda_peak(alloc/resv) 18.96/24.42GB | phase(train/val/raw/train_eval) 3.1/0.6/0.6/0.0s | 4.4s
2026-08-26 18:00:05 | New best val_f1_macro_present: 0.0841 at epoch 2
2026-08-26 18:00:10 | Epoch 003/060 | loss 3.9281 | cls 3.9128 | tal 0.0508 | dual_g 0.0000 | dual_d 0.0000 | train_acc 0.2357 | train_full n/a | val_acc 0.3258 | val_f1 0.2515 | adv/moduleC 0.00/0.00 | disc_steps 0 | grad(main/disc) 10.750/0.000 | lr(main/disc) 7.00e-05/3.50e-05 | cuda_peak(alloc/resv) 18.96/24.42GB | phase(train/val/raw/train_eval) 3.2/0.6/0.6/0.0s | 4.5s
2026-08-26 18:00:14 | New best val_f1_macro_present: 0.2515 at epoch 3
2026-08-26 18:00:18 | Epoch 004/060 | loss 3.6101 | cls 3.6197 | tal -0.0318 | dual_g 0.0000 | dual_d 0.0000 | train_acc 0.2661 | train_full n/a | val_acc 0.3939 | val_f1 0.3430 | adv/moduleC 0.00/0.00 | disc_steps 0 | grad(main/disc) 9.886/0.000 | lr(main/disc) 7.00e-05/3.50e-05 | cuda_peak(alloc/resv) 18.96/24.42GB | phase(train/val/raw/train_eval) 3.2/0.6/0.6/0.0s | 4.5s
2026-08-26 18:00:22 | New best val_f1_macro_present: 0.3430 at epoch 4
2026-08-26 18:00:27 | Epoch 005/060 | loss 3.3091 | cls 3.3345 | tal -0.0846 | dual_g 0.0000 | dual_d 0.0000 | train_acc 0.2893 | train_full 0.4694 | val_acc 0.4394 | val_f1 0.3680 | adv/moduleC 0.00/0.00 | disc_steps 0 | grad(main/disc) 9.521/0.000 | lr(main/disc) 7.00e-05/3.50e-05 | cuda_peak(alloc/resv) 18.96/24.42GB | phase(train/val/raw/train_eval) 3.2/0.6/0.6/0.9s | 5.3s
2026-08-26 18:00:31 | New best val_f1_macro_present: 0.3680 at epoch 5
2026-08-26 18:00:36 | Epoch 006/060 | loss 3.5009 | cls 3.2644 | tal -0.0006 | dual_g 0.2367 | dual_d 0.9919 | train_acc 0.3214 | train_full n/a | val_acc 0.4167 | val_f1 0.3913 | adv/moduleC 0.05/0.10 | disc_steps 3 | grad(main/disc) 9.521/1.944 | lr(main/disc) 7.00e-05/3.50e-05 | cuda_peak(alloc/resv) 18.96/24.42GB | phase(train/val/raw/train_eval) 3.2/0.6/0.6/0.0s | 4.5s
2026-08-26 18:00:40 | New best val_f1_macro_present: 0.3913 at epoch 6
2026-08-26 18:00:44 | Epoch 007/060 | loss 3.4961 | cls 3.0535 | tal -0.0302 | dual_g 0.4516 | dual_d 0.9608 | train_acc 0.3643 | train_full n/a | val_acc 0.4242 | val_f1 0.4359 | adv/moduleC 0.10/0.20 | disc_steps 3 | grad(main/disc) 9.522/1.899 | lr(main/disc) 7.00e-05/3.50e-05 | cuda_peak(alloc/resv) 18.96/24.42GB | phase(train/val/raw/train_eval) 3.4/0.6/0.6/0.0s | 4.6s
2026-08-26 18:00:48 | New best val_f1_macro_present: 0.4359 at epoch 7
2026-08-26 18:00:53 | Epoch 008/060 | loss 3.5510 | cls 2.9261 | tal -0.1057 | dual_g 0.6566 | dual_d 0.9664 | train_acc 0.4125 | train_full n/a | val_acc 0.5379 | val_f1 0.5386 | adv/moduleC 0.15/0.30 | disc_steps 3 | grad(main/disc) 9.893/1.905 | lr(main/disc) 7.00e-05/3.50e-05 | cuda_peak(alloc/resv) 18.96/24.42GB | phase(train/val/raw/train_eval) 3.2/0.6/0.6/0.0s | 4.4s
2026-08-26 18:00:57 | New best val_f1_macro_present: 0.5386 at epoch 8
2026-08-26 18:01:01 | Epoch 009/060 | loss 3.5170 | cls 2.7269 | tal -0.1144 | dual_g 0.8245 | dual_d 0.9138 | train_acc 0.4446 | train_full n/a | val_acc 0.6591 | val_f1 0.6347 | adv/moduleC 0.20/0.40 | disc_steps 3 | grad(main/disc) 10.013/1.850 | lr(main/disc) 7.00e-05/3.50e-05 | cuda_peak(alloc/resv) 18.96/24.42GB | phase(train/val/raw/train_eval) 2.9/0.6/0.6/0.0s | 4.1s
2026-08-26 18:01:05 | New best val_f1_macro_present: 0.6347 at epoch 9
2026-08-26 18:01:10 | Epoch 010/060 | loss 3.5836 | cls 2.6409 | tal -0.1418 | dual_g 0.9853 | dual_d 0.8760 | train_acc 0.4875 | train_full 0.6923 | val_acc 0.6818 | val_f1 0.6633 | adv/moduleC 0.25/0.50 | disc_steps 3 | grad(main/disc) 10.632/1.787 | lr(main/disc) 7.00e-05/3.50e-05 | cuda_peak(alloc/resv) 18.96/24.42GB | phase(train/val/raw/train_eval) 3.5/0.6/0.6/0.9s | 5.6s
2026-08-26 18:01:14 | New best val_f1_macro_present: 0.6633 at epoch 10
2026-08-26 18:01:19 | Epoch 011/060 | loss 3.5934 | cls 2.4933 | tal -0.1054 | dual_g 1.1316 | dual_d 0.9090 | train_acc 0.5464 | train_full n/a | val_acc 0.7576 | val_f1 0.7468 | adv/moduleC 0.30/0.60 | disc_steps 3 | grad(main/disc) 10.852/1.762 | lr(main/disc) 7.00e-05/3.50e-05 | cuda_peak(alloc/resv) 18.96/24.42GB | phase(train/val/raw/train_eval) 3.1/0.6/0.6/0.0s | 4.4s
2026-08-26 18:01:23 | New best val_f1_macro_present: 0.7468 at epoch 11
2026-08-26 18:01:27 | Epoch 012/060 | loss 3.5214 | cls 2.3260 | tal -0.1180 | dual_g 1.2308 | dual_d 0.8976 | train_acc 0.6304 | train_full n/a | val_acc 0.7955 | val_f1 0.7903 | adv/moduleC 0.35/0.70 | disc_steps 3 | grad(main/disc) 10.388/1.715 | lr(main/disc) 7.00e-05/3.50e-05 | cuda_peak(alloc/resv) 18.96/24.42GB | phase(train/val/raw/train_eval) 3.1/0.6/0.6/0.0s | 4.3s
2026-08-26 18:01:31 | New best val_f1_macro_present: 0.7903 at epoch 12
2026-08-26 18:01:35 | Epoch 013/060 | loss 3.5658 | cls 2.2224 | tal -0.1177 | dual_g 1.3787 | dual_d 0.8745 | train_acc 0.6518 | train_full n/a | val_acc 0.7576 | val_f1 0.7652 | adv/moduleC 0.40/0.80 | disc_steps 3 | grad(main/disc) 11.073/1.659 | lr(main/disc) 7.00e-05/3.50e-05 | cuda_peak(alloc/resv) 18.96/24.42GB | phase(train/val/raw/train_eval) 3.3/0.6/0.0/0.0s | 3.9s
2026-08-26 18:01:39 | Epoch 014/060 | loss 3.6021 | cls 2.1705 | tal -0.1680 | dual_g 1.4820 | dual_d 0.9018 | train_acc 0.6607 | train_full n/a | val_acc 0.8485 | val_f1 0.8451 | adv/moduleC 0.45/0.90 | disc_steps 3 | grad(main/disc) 12.494/1.711 | lr(main/disc) 7.00e-05/3.50e-05 | cuda_peak(alloc/resv) 18.96/24.42GB | phase(train/val/raw/train_eval) 3.1/0.6/0.6/0.0s | 4.3s
2026-08-26 18:01:43 | New best val_f1_macro_present: 0.8451 at epoch 14
2026-08-26 18:01:48 | Epoch 015/060 | loss 3.5582 | cls 2.0336 | tal -0.1581 | dual_g 1.5721 | dual_d 0.9021 | train_acc 0.6911 | train_full 0.8422 | val_acc 0.8333 | val_f1 0.8119 | adv/moduleC 0.50/1.00 | disc_steps 3 | grad(main/disc) 11.273/1.671 | lr(main/disc) 7.00e-05/3.50e-05 | cuda_peak(alloc/resv) 18.96/24.42GB | phase(train/val/raw/train_eval) 3.2/0.6/0.6/0.9s | 5.3s
2026-08-26 18:01:52 | Epoch 016/060 | loss 3.4799 | cls 1.9794 | tal -0.1441 | dual_g 1.5437 | dual_d 0.8700 | train_acc 0.7268 | train_full n/a | val_acc 0.8182 | val_f1 0.8031 | adv/moduleC 0.55/1.00 | disc_steps 3 | grad(main/disc) 11.716/1.601 | lr(main/disc) 7.00e-05/3.50e-05 | cuda_peak(alloc/resv) 18.96/24.42GB | phase(train/val/raw/train_eval) 3.1/0.6/0.0/0.0s | 3.7s
2026-08-26 18:01:56 | Epoch 017/060 | loss 3.4633 | cls 1.9881 | tal -0.1179 | dual_g 1.5106 | dual_d 0.8827 | train_acc 0.7607 | train_full n/a | val_acc 0.8030 | val_f1 0.7688 | adv/moduleC 0.60/1.00 | disc_steps 3 | grad(main/disc) 13.309/1.574 | lr(main/disc) 7.00e-05/3.50e-05 | cuda_peak(alloc/resv) 18.96/24.42GB | phase(train/val/raw/train_eval) 3.2/0.6/0.0/0.0s | 3.8s
2026-08-26 18:02:00 | Epoch 018/060 | loss 3.2693 | cls 1.8760 | tal -0.1434 | dual_g 1.4363 | dual_d 0.8341 | train_acc 0.7946 | train_full n/a | val_acc 0.9091 | val_f1 0.8777 | adv/moduleC 0.65/1.00 | disc_steps 3 | grad(main/disc) 11.540/1.576 | lr(main/disc) 7.00e-05/3.50e-05 | cuda_peak(alloc/resv) 18.96/24.42GB | phase(train/val/raw/train_eval) 2.9/0.6/0.6/0.0s | 4.2s
2026-08-26 18:02:04 | New best val_f1_macro_present: 0.8777 at epoch 18
2026-08-26 18:02:08 | Epoch 019/060 | loss 3.1937 | cls 1.8005 | tal -0.1151 | dual_g 1.4278 | dual_d 0.8467 | train_acc 0.8036 | train_full n/a | val_acc 0.9091 | val_f1 0.8955 | adv/moduleC 0.70/1.00 | disc_steps 3 | grad(main/disc) 13.767/1.502 | lr(main/disc) 7.00e-05/3.50e-05 | cuda_peak(alloc/resv) 18.96/24.42GB | phase(train/val/raw/train_eval) 3.1/0.6/0.6/0.0s | 4.3s
2026-08-26 18:02:12 | New best val_f1_macro_present: 0.8955 at epoch 19
2026-08-26 18:02:17 | Epoch 020/060 | loss 3.1125 | cls 1.7781 | tal -0.1135 | dual_g 1.3685 | dual_d 0.8196 | train_acc 0.8214 | train_full 0.8639 | val_acc 0.8409 | val_f1 0.8405 | adv/moduleC 0.75/1.00 | disc_steps 3 | grad(main/disc) 12.316/1.471 | lr(main/disc) 7.00e-05/3.50e-05 | cuda_peak(alloc/resv) 18.96/24.42GB | phase(train/val/raw/train_eval) 3.2/0.6/0.6/0.9s | 5.4s
2026-08-26 18:02:21 | Epoch 021/060 | loss 3.0657 | cls 1.7554 | tal -0.1647 | dual_g 1.3597 | dual_d 0.8591 | train_acc 0.8232 | train_full n/a | val_acc 0.9015 | val_f1 0.8947 | adv/moduleC 0.80/1.00 | disc_steps 3 | grad(main/disc) 12.970/1.498 | lr(main/disc) 7.00e-05/3.50e-05 | cuda_peak(alloc/resv) 18.96/24.42GB | phase(train/val/raw/train_eval) 3.5/0.7/0.0/0.0s | 4.2s
2026-08-26 18:02:26 | Epoch 022/060 | loss 2.9330 | cls 1.6845 | tal -0.1712 | dual_g 1.2998 | dual_d 0.8440 | train_acc 0.8554 | train_full n/a | val_acc 0.9242 | val_f1 0.9268 | adv/moduleC 0.85/1.00 | disc_steps 3 | grad(main/disc) 11.352/1.484 | lr(main/disc) 7.00e-05/3.50e-05 | cuda_peak(alloc/resv) 18.96/24.42GB | phase(train/val/raw/train_eval) 3.5/0.7/0.7/0.0s | 4.9s
2026-08-26 18:02:30 | New best val_f1_macro_present: 0.9268 at epoch 22
2026-08-26 18:02:35 | Epoch 023/060 | loss 2.9093 | cls 1.6796 | tal -0.1607 | dual_g 1.2779 | dual_d 0.8536 | train_acc 0.8643 | train_full n/a | val_acc 0.9167 | val_f1 0.8994 | adv/moduleC 0.90/1.00 | disc_steps 3 | grad(main/disc) 11.686/1.471 | lr(main/disc) 7.00e-05/3.50e-05 | cuda_peak(alloc/resv) 18.96/24.42GB | phase(train/val/raw/train_eval) 3.6/0.6/0.0/0.0s | 4.3s
2026-08-26 18:02:38 | Epoch 024/060 | loss 2.8508 | cls 1.6259 | tal -0.1675 | dual_g 1.2751 | dual_d 0.9407 | train_acc 0.8607 | train_full n/a | val_acc 0.9091 | val_f1 0.9150 | adv/moduleC 0.95/1.00 | disc_steps 3 | grad(main/disc) 12.887/1.510 | lr(main/disc) 7.00e-05/3.50e-05 | cuda_peak(alloc/resv) 18.96/24.42GB | phase(train/val/raw/train_eval) 3.1/0.6/0.0/0.0s | 3.8s
2026-08-26 18:02:44 | Epoch 025/060 | loss 2.8155 | cls 1.6024 | tal -0.1055 | dual_g 1.2447 | dual_d 0.8821 | train_acc 0.9054 | train_full 0.9073 | val_acc 0.8636 | val_f1 0.8441 | adv/moduleC 1.00/1.00 | disc_steps 3 | grad(main/disc) 13.973/1.424 | lr(main/disc) 7.00e-05/3.50e-05 | cuda_peak(alloc/resv) 18.96/24.42GB | phase(train/val/raw/train_eval) 3.1/0.6/0.6/1.1s | 5.4s
2026-08-26 18:02:48 | Epoch 026/060 | loss 2.7345 | cls 1.5587 | tal -0.1148 | dual_g 1.2103 | dual_d 0.9168 | train_acc 0.8982 | train_full n/a | val_acc 0.9242 | val_f1 0.9153 | adv/moduleC 1.00/1.00 | disc_steps 3 | grad(main/disc) 9.584/1.415 | lr(main/disc) 7.00e-05/3.50e-05 | cuda_peak(alloc/resv) 18.96/24.42GB | phase(train/val/raw/train_eval) 3.1/0.6/0.0/0.0s | 3.7s
2026-08-26 18:02:51 | Epoch 027/060 | loss 2.6683 | cls 1.5367 | tal -0.1114 | dual_g 1.1649 | dual_d 0.9299 | train_acc 0.8929 | train_full n/a | val_acc 0.8636 | val_f1 0.8239 | adv/moduleC 1.00/1.00 | disc_steps 3 | grad(main/disc) 9.082/1.429 | lr(main/disc) 7.00e-05/3.50e-05 | cuda_peak(alloc/resv) 18.96/24.42GB | phase(train/val/raw/train_eval) 2.9/0.6/0.0/0.0s | 3.5s
2026-08-26 18:02:55 | Epoch 028/060 | loss 2.6419 | cls 1.5264 | tal -0.1229 | dual_g 1.1524 | dual_d 0.9650 | train_acc 0.9125 | train_full n/a | val_acc 0.9470 | val_f1 0.9455 | adv/moduleC 1.00/1.00 | disc_steps 3 | grad(main/disc) 9.033/1.424 | lr(main/disc) 7.00e-05/3.50e-05 | cuda_peak(alloc/resv) 18.96/24.42GB | phase(train/val/raw/train_eval) 3.0/0.6/0.6/0.0s | 4.3s
2026-08-26 18:02:59 | New best val_f1_macro_present: 0.9455 at epoch 28
2026-08-26 18:03:04 | Epoch 029/060 | loss 2.6253 | cls 1.5233 | tal -0.1355 | dual_g 1.1426 | dual_d 0.9730 | train_acc 0.9179 | train_full n/a | val_acc 0.9621 | val_f1 0.9579 | adv/moduleC 1.00/1.00 | disc_steps 3 | grad(main/disc) 9.621/1.469 | lr(main/disc) 7.00e-05/3.50e-05 | cuda_peak(alloc/resv) 18.96/24.42GB | phase(train/val/raw/train_eval) 3.0/0.6/0.6/0.0s | 4.3s
2026-08-26 18:03:07 | New best val_f1_macro_present: 0.9579 at epoch 29
2026-08-26 18:03:13 | Epoch 030/060 | loss 2.6089 | cls 1.5095 | tal -0.1303 | dual_g 1.1385 | dual_d 0.9894 | train_acc 0.9179 | train_full 0.9527 | val_acc 0.9470 | val_f1 0.9242 | adv/moduleC 1.00/1.00 | disc_steps 3 | grad(main/disc) 9.243/1.479 | lr(main/disc) 7.00e-05/3.50e-05 | cuda_peak(alloc/resv) 18.96/24.42GB | phase(train/val/raw/train_eval) 3.5/0.6/0.6/0.9s | 5.7s
2026-08-26 18:03:17 | Epoch 031/060 | loss 2.5390 | cls 1.4664 | tal -0.1170 | dual_g 1.1077 | dual_d 0.9618 | train_acc 0.9268 | train_full n/a | val_acc 0.9621 | val_f1 0.9546 | adv/moduleC 1.00/1.00 | disc_steps 3 | grad(main/disc) 8.296/1.383 | lr(main/disc) 7.00e-05/3.50e-05 | cuda_peak(alloc/resv) 18.96/24.42GB | phase(train/val/raw/train_eval) 3.3/0.6/0.0/0.0s | 3.9s
2026-08-26 18:03:21 | Epoch 032/060 | loss 2.5335 | cls 1.4633 | tal -0.1248 | dual_g 1.1077 | dual_d 1.0257 | train_acc 0.9446 | train_full n/a | val_acc 0.9621 | val_f1 0.9507 | adv/moduleC 1.00/1.00 | disc_steps 3 | grad(main/disc) 8.052/1.433 | lr(main/disc) 7.00e-05/3.50e-05 | cuda_peak(alloc/resv) 18.96/24.42GB | phase(train/val/raw/train_eval) 3.2/0.6/0.0/0.0s | 3.8s
2026-08-26 18:03:25 | Epoch 033/060 | loss 2.5041 | cls 1.4583 | tal -0.1255 | dual_g 1.0834 | dual_d 1.0191 | train_acc 0.9393 | train_full n/a | val_acc 0.9091 | val_f1 0.9007 | adv/moduleC 1.00/1.00 | disc_steps 3 | grad(main/disc) 7.610/1.401 | lr(main/disc) 7.00e-05/3.50e-05 | cuda_peak(alloc/resv) 18.96/24.42GB | phase(train/val/raw/train_eval) 3.2/0.6/0.0/0.0s | 3.8s
2026-08-26 18:03:29 | Epoch 034/060 | loss 2.4632 | cls 1.4124 | tal -0.0982 | dual_g 1.0802 | dual_d 0.9961 | train_acc 0.9393 | train_full n/a | val_acc 0.9621 | val_f1 0.9626 | adv/moduleC 1.00/1.00 | disc_steps 3 | grad(main/disc) 7.899/1.374 | lr(main/disc) 7.00e-05/3.50e-05 | cuda_peak(alloc/resv) 18.96/24.42GB | phase(train/val/raw/train_eval) 3.1/0.6/0.6/0.0s | 4.4s
2026-08-26 18:03:33 | New best val_f1_macro_present: 0.9626 at epoch 34
2026-08-26 18:03:38 | Epoch 035/060 | loss 2.4811 | cls 1.4309 | tal -0.1007 | dual_g 1.0805 | dual_d 1.0300 | train_acc 0.9339 | train_full 0.9566 | val_acc 0.9242 | val_f1 0.9096 | adv/moduleC 1.00/1.00 | disc_steps 3 | grad(main/disc) 7.609/1.341 | lr(main/disc) 7.00e-05/3.50e-05 | cuda_peak(alloc/resv) 18.96/24.42GB | phase(train/val/raw/train_eval) 3.1/0.6/0.6/0.9s | 5.3s
2026-08-26 18:03:42 | Epoch 036/060 | loss 2.4616 | cls 1.4102 | tal -0.0604 | dual_g 1.0695 | dual_d 1.0113 | train_acc 0.9464 | train_full n/a | val_acc 0.9470 | val_f1 0.9424 | adv/moduleC 1.00/1.00 | disc_steps 3 | grad(main/disc) 7.099/1.341 | lr(main/disc) 7.00e-05/3.50e-05 | cuda_peak(alloc/resv) 18.96/24.42GB | phase(train/val/raw/train_eval) 3.3/0.6/0.0/0.0s | 3.9s
2026-08-26 18:03:46 | Epoch 037/060 | loss 2.4169 | cls 1.3942 | tal -0.0589 | dual_g 1.0404 | dual_d 1.0143 | train_acc 0.9518 | train_full n/a | val_acc 0.9470 | val_f1 0.9392 | adv/moduleC 1.00/1.00 | disc_steps 3 | grad(main/disc) 7.075/1.311 | lr(main/disc) 7.00e-05/3.50e-05 | cuda_peak(alloc/resv) 18.96/24.42GB | phase(train/val/raw/train_eval) 3.3/0.6/0.0/0.0s | 3.9s
2026-08-26 18:03:50 | Epoch 038/060 | loss 2.4019 | cls 1.3855 | tal -0.0385 | dual_g 1.0280 | dual_d 1.0991 | train_acc 0.9518 | train_full n/a | val_acc 0.9545 | val_f1 0.9610 | adv/moduleC 1.00/1.00 | disc_steps 3 | grad(main/disc) 6.505/1.381 | lr(main/disc) 7.00e-05/3.50e-05 | cuda_peak(alloc/resv) 18.96/24.42GB | phase(train/val/raw/train_eval) 2.9/0.6/0.0/0.0s | 3.5s
2026-08-26 18:03:53 | Epoch 039/060 | loss 2.3734 | cls 1.3739 | tal -0.0739 | dual_g 1.0217 | dual_d 1.0757 | train_acc 0.9696 | train_full n/a | val_acc 0.9394 | val_f1 0.9358 | adv/moduleC 1.00/1.00 | disc_steps 3 | grad(main/disc) 6.540/1.367 | lr(main/disc) 7.00e-05/3.50e-05 | cuda_peak(alloc/resv) 18.96/24.42GB | phase(train/val/raw/train_eval) 3.0/0.6/0.0/0.0s | 3.7s
2026-08-26 18:03:59 | Epoch 040/060 | loss 2.3290 | cls 1.3538 | tal -0.0915 | dual_g 1.0026 | dual_d 1.0908 | train_acc 0.9732 | train_full 0.9625 | val_acc 0.9621 | val_f1 0.9662 | adv/moduleC 1.00/1.00 | disc_steps 3 | grad(main/disc) 6.077/1.395 | lr(main/disc) 7.00e-05/3.50e-05 | cuda_peak(alloc/resv) 18.96/24.42GB | phase(train/val/raw/train_eval) 3.2/0.6/0.6/0.9s | 5.3s
2026-08-26 18:04:03 | New best val_f1_macro_present: 0.9662 at epoch 40
2026-08-26 18:04:06 | Epoch 041/060 | loss 2.3076 | cls 1.3487 | tal -0.1449 | dual_g 1.0023 | dual_d 1.0715 | train_acc 0.9768 | train_full n/a | val_acc 0.9470 | val_f1 0.9459 | adv/moduleC 1.00/1.00 | disc_steps 3 | grad(main/disc) 5.974/1.348 | lr(main/disc) 7.00e-05/3.50e-05 | cuda_peak(alloc/resv) 18.96/24.42GB | phase(train/val/raw/train_eval) 3.2/0.6/0.0/0.0s | 3.8s
2026-08-26 18:04:10 | Epoch 042/060 | loss 2.2932 | cls 1.3487 | tal -0.1433 | dual_g 0.9875 | dual_d 1.0924 | train_acc 0.9696 | train_full n/a | val_acc 0.9621 | val_f1 0.9564 | adv/moduleC 1.00/1.00 | disc_steps 3 | grad(main/disc) 5.786/1.334 | lr(main/disc) 7.00e-05/3.50e-05 | cuda_peak(alloc/resv) 18.96/24.42GB | phase(train/val/raw/train_eval) 3.2/0.6/0.0/0.0s | 3.8s
2026-08-26 18:04:15 | Epoch 043/060 | loss 2.2778 | cls 1.3405 | tal -0.1420 | dual_g 0.9799 | dual_d 1.0737 | train_acc 0.9661 | train_full n/a | val_acc 0.9697 | val_f1 0.9748 | adv/moduleC 1.00/1.00 | disc_steps 3 | grad(main/disc) 5.870/1.314 | lr(main/disc) 7.00e-05/3.50e-05 | cuda_peak(alloc/resv) 18.96/24.42GB | phase(train/val/raw/train_eval) 3.3/0.6/0.6/0.0s | 4.6s
2026-08-26 18:04:19 | New best val_f1_macro_present: 0.9748 at epoch 43
2026-08-26 18:04:23 | Epoch 044/060 | loss 2.2862 | cls 1.3442 | tal -0.1524 | dual_g 0.9877 | dual_d 1.1619 | train_acc 0.9839 | train_full n/a | val_acc 0.9773 | val_f1 0.9767 | adv/moduleC 1.00/1.00 | disc_steps 3 | grad(main/disc) 5.951/1.400 | lr(main/disc) 7.00e-05/3.50e-05 | cuda_peak(alloc/resv) 18.96/24.42GB | phase(train/val/raw/train_eval) 3.0/0.6/0.6/0.0s | 4.3s
2026-08-26 18:04:27 | New best val_f1_macro_present: 0.9767 at epoch 44
2026-08-26 18:04:32 | Epoch 045/060 | loss 2.2812 | cls 1.3465 | tal -0.1152 | dual_g 0.9692 | dual_d 1.1135 | train_acc 0.9696 | train_full 0.9862 | val_acc 0.9318 | val_f1 0.9276 | adv/moduleC 1.00/1.00 | disc_steps 3 | grad(main/disc) 5.858/1.338 | lr(main/disc) 7.00e-05/3.50e-05 | cuda_peak(alloc/resv) 18.96/24.42GB | phase(train/val/raw/train_eval) 3.2/0.6/0.6/0.9s | 5.3s
2026-08-26 18:04:37 | Epoch 046/060 | loss 2.2293 | cls 1.3218 | tal -0.1543 | dual_g 0.9538 | dual_d 1.1316 | train_acc 0.9768 | train_full n/a | val_acc 0.9773 | val_f1 0.9788 | adv/moduleC 1.00/1.00 | disc_steps 3 | grad(main/disc) 4.913/1.374 | lr(main/disc) 7.00e-05/3.50e-05 | cuda_peak(alloc/resv) 18.96/24.42GB | phase(train/val/raw/train_eval) 3.1/0.6/0.6/0.0s | 4.4s
2026-08-26 18:04:41 | New best val_f1_macro_present: 0.9788 at epoch 46
2026-08-26 18:04:44 | Epoch 047/060 | loss 2.2483 | cls 1.3256 | tal -0.1319 | dual_g 0.9623 | dual_d 1.1574 | train_acc 0.9804 | train_full n/a | val_acc 0.9773 | val_f1 0.9728 | adv/moduleC 1.00/1.00 | disc_steps 3 | grad(main/disc) 4.786/1.366 | lr(main/disc) 7.00e-05/3.50e-05 | cuda_peak(alloc/resv) 18.96/24.42GB | phase(train/val/raw/train_eval) 3.0/0.6/0.0/0.0s | 3.6s
2026-08-26 18:04:48 | Epoch 048/060 | loss 2.2004 | cls 1.3016 | tal -0.1600 | dual_g 0.9468 | dual_d 1.1011 | train_acc 0.9857 | train_full n/a | val_acc 0.9621 | val_f1 0.9647 | adv/moduleC 1.00/1.00 | disc_steps 3 | grad(main/disc) 5.474/1.321 | lr(main/disc) 7.00e-05/3.50e-05 | cuda_peak(alloc/resv) 18.96/24.42GB | phase(train/val/raw/train_eval) 3.2/0.6/0.0/0.0s | 3.8s
2026-08-26 18:04:52 | Epoch 049/060 | loss 2.1822 | cls 1.3001 | tal -0.1739 | dual_g 0.9342 | dual_d 1.1169 | train_acc 0.9875 | train_full n/a | val_acc 0.9773 | val_f1 0.9773 | adv/moduleC 1.00/1.00 | disc_steps 3 | grad(main/disc) 4.452/1.298 | lr(main/disc) 7.00e-05/3.50e-05 | cuda_peak(alloc/resv) 18.96/24.42GB | phase(train/val/raw/train_eval) 3.2/0.6/0.0/0.0s | 3.8s
2026-08-26 18:04:57 | Epoch 050/060 | loss 2.2015 | cls 1.3196 | tal -0.1861 | dual_g 0.9377 | dual_d 1.1263 | train_acc 0.9768 | train_full 0.9941 | val_acc 0.9697 | val_f1 0.9703 | adv/moduleC 1.00/1.00 | disc_steps 3 | grad(main/disc) 4.768/1.337 | lr(main/disc) 7.00e-05/3.50e-05 | cuda_peak(alloc/resv) 18.96/24.42GB | phase(train/val/raw/train_eval) 3.1/0.6/0.6/0.9s | 5.2s
2026-08-26 18:05:01 | Epoch 051/060 | loss 2.1701 | cls 1.3045 | tal -0.2219 | dual_g 0.9321 | dual_d 1.1389 | train_acc 0.9804 | train_full n/a | val_acc 0.9621 | val_f1 0.9642 | adv/moduleC 1.00/1.00 | disc_steps 3 | grad(main/disc) 4.296/1.327 | lr(main/disc) 7.00e-05/3.50e-05 | cuda_peak(alloc/resv) 18.96/24.42GB | phase(train/val/raw/train_eval) 3.2/0.6/0.0/0.0s | 3.8s
2026-08-26 18:05:05 | Epoch 052/060 | loss 2.1509 | cls 1.2910 | tal -0.2105 | dual_g 0.9230 | dual_d 1.1677 | train_acc 0.9857 | train_full n/a | val_acc 0.9470 | val_f1 0.9327 | adv/moduleC 1.00/1.00 | disc_steps 3 | grad(main/disc) 3.899/1.342 | lr(main/disc) 7.00e-05/3.50e-05 | cuda_peak(alloc/resv) 18.96/24.42GB | phase(train/val/raw/train_eval) 3.3/0.6/0.0/0.0s | 4.0s
2026-08-26 18:05:08 | Epoch 053/060 | loss 2.1515 | cls 1.2843 | tal -0.1712 | dual_g 0.9186 | dual_d 1.1160 | train_acc 0.9929 | train_full n/a | val_acc 0.9470 | val_f1 0.9414 | adv/moduleC 1.00/1.00 | disc_steps 3 | grad(main/disc) 4.025/1.255 | lr(main/disc) 3.50e-05/1.75e-05 | cuda_peak(alloc/resv) 18.96/24.42GB | phase(train/val/raw/train_eval) 2.9/0.6/0.0/0.0s | 3.5s
2026-08-26 18:05:12 | Epoch 054/060 | loss 2.1462 | cls 1.2836 | tal -0.1840 | dual_g 0.9178 | dual_d 1.1501 | train_acc 0.9821 | train_full n/a | val_acc 0.9773 | val_f1 0.9773 | adv/moduleC 1.00/1.00 | disc_steps 3 | grad(main/disc) 4.194/1.308 | lr(main/disc) 3.50e-05/1.75e-05 | cuda_peak(alloc/resv) 18.96/24.42GB | phase(train/val/raw/train_eval) 3.2/0.6/0.0/0.0s | 3.9s
2026-08-26 18:05:18 | Epoch 055/060 | loss 2.1266 | cls 1.2701 | tal -0.1941 | dual_g 0.9147 | dual_d 1.1503 | train_acc 0.9893 | train_full 0.9941 | val_acc 0.9621 | val_f1 0.9610 | adv/moduleC 1.00/1.00 | disc_steps 3 | grad(main/disc) 3.489/1.289 | lr(main/disc) 3.50e-05/1.75e-05 | cuda_peak(alloc/resv) 18.96/24.42GB | phase(train/val/raw/train_eval) 3.2/0.6/0.6/0.9s | 5.3s
2026-08-26 18:05:21 | Epoch 056/060 | loss 2.1225 | cls 1.2785 | tal -0.2239 | dual_g 0.9111 | dual_d 1.1448 | train_acc 0.9946 | train_full n/a | val_acc 0.9773 | val_f1 0.9685 | adv/moduleC 1.00/1.00 | disc_steps 3 | grad(main/disc) 3.901/1.310 | lr(main/disc) 3.50e-05/1.75e-05 | cuda_peak(alloc/resv) 18.96/24.42GB | phase(train/val/raw/train_eval) 3.1/0.6/0.0/0.0s | 3.8s
2026-08-26 18:05:25 | Epoch 057/060 | loss 2.1196 | cls 1.2750 | tal -0.2400 | dual_g 0.9165 | dual_d 1.0729 | train_acc 0.9911 | train_full n/a | val_acc 0.9773 | val_f1 0.9767 | adv/moduleC 1.00/1.00 | disc_steps 3 | grad(main/disc) 3.799/1.250 | lr(main/disc) 3.50e-05/1.75e-05 | cuda_peak(alloc/resv) 18.96/24.42GB | phase(train/val/raw/train_eval) 3.2/0.6/0.0/0.0s | 3.8s
2026-08-26 18:05:29 | Epoch 058/060 | loss 2.1049 | cls 1.2726 | tal -0.2366 | dual_g 0.9033 | dual_d 1.1291 | train_acc 0.9911 | train_full n/a | val_acc 0.9697 | val_f1 0.9710 | adv/moduleC 1.00/1.00 | disc_steps 3 | grad(main/disc) 3.270/1.289 | lr(main/disc) 3.50e-05/1.75e-05 | cuda_peak(alloc/resv) 18.96/24.42GB | phase(train/val/raw/train_eval) 3.2/0.6/0.0/0.0s | 3.8s
2026-08-26 18:05:33 | Epoch 059/060 | loss 2.1144 | cls 1.2763 | tal -0.1977 | dual_g 0.8974 | dual_d 1.1331 | train_acc 0.9875 | train_full n/a | val_acc 0.9621 | val_f1 0.9586 | adv/moduleC 1.00/1.00 | disc_steps 3 | grad(main/disc) 3.387/1.277 | lr(main/disc) 3.50e-05/1.75e-05 | cuda_peak(alloc/resv) 18.96/24.42GB | phase(train/val/raw/train_eval) 3.3/0.6/0.0/0.0s | 4.0s
2026-08-26 18:05:38 | Epoch 060/060 | loss 2.1127 | cls 1.2718 | tal -0.2041 | dual_g 0.9021 | dual_d 1.1350 | train_acc 0.9946 | train_full 0.9961 | val_acc 0.9773 | val_f1 0.9773 | adv/moduleC 1.00/1.00 | disc_steps 3 | grad(main/disc) 3.071/1.259 | lr(main/disc) 1.75e-05/8.75e-06 | cuda_peak(alloc/resv) 18.96/24.42GB | phase(train/val/raw/train_eval) 3.1/0.6/0.6/0.9s | 5.3s
2026-08-26 18:05:38 | Training complete. Best validation accuracy: 0.9773 | best val_f1_macro_present: 0.9788
