2026-08-30 02:48:51 | Starting Dual_D standalone training
2026-08-30 02:48:51 | Run directory: runs/module_c_ablation_60_v9/module_c_20260830_023711/module_c_full_逆光_20260830_023712
2026-08-30 02:48:51 | Device: cuda
2026-08-30 02:48:51 | Source train samples: 992
2026-08-30 02:48:51 | Target train samples: 132
2026-08-30 02:48:51 | Target val samples: 37
2026-08-30 02:48:51 | Classes: 14
2026-08-30 02:48:51 | Data audit: same_dir=False | path_overlap(vis/ir/ais)=0/0/0 | content_overlap(vis/ir/ais)=0/0/0 | ais_index_overlap=0 | stem_mismatch(vis-ir/vis-ais)=157/0
2026-08-30 02:48:51 | source_train classes: present 14/14 | absent 0 | counts [0:120, 1:44, 2:69, 3:45, 4:40, 5:30, 6:64, 7:80, 8:116, 9:68, 10:57, 11:83, 12:48, 13:128]
2026-08-30 02:48:51 | target_train classes: present 9/14 | absent 5 | counts [0:20, 2:12, 4:12, 5:2, 9:16, 10:16, 11:29, 12:4, 13:21]
2026-08-30 02:48:51 | target_val classes: present 9/14 | absent 5 | counts [0:6, 2:3, 4:4, 5:1, 9:4, 10:4, 11:8, 12:1, 13:6]
2026-08-30 02:48:51 | Paired training classes: 9/14 | class ids [0, 2, 4, 5, 9, 10, 11, 12, 13]
2026-08-30 02:48:51 | Runtime profile: batch=16 | paired_steps=9 | workers=16 | train_eval_every=5 | raw_eval_every=5 | stability_window=3 | lr_scheduler_start=24 | early_stop=12 after min_epoch=35
2026-08-30 02:48:51 | Augmentation profile: base=0.650 | visible=0.700 | infrared=0.400 | freeze_frozen_batch_norm_stats=True
2026-08-30 02:48:51 | VIS/IR pairing: class-level-unpaired | count-mismatch classes train/val: 10/1 | AIS alignment: none | AIS rows train/val: 0/0
2026-08-30 02:48:52 | Effective Dual-D loss weights: {"adv_auxiliary": 0.025, "adv_primary": 0.025, "classification": 0.15, "contrastive": 0.035, "cycle": 0.12, "identity": 0.03, "prototype_contrastive": 0.06}
2026-08-30 02:48:52 | Model parameters: total=17277714 | trainable=17120210
2026-08-30 02:48:55 | Epoch 001/060 | loss 5.6233 | cls 5.6282 | tal -0.0163 | dual_g 0.0000 | dual_d 0.0000 | train_acc 0.0556 | train_full 0.1742 | val_acc 0.2162 | val_f1 0.1176 | adv/moduleC 0.00/0.00 | disc_steps 0 | grad(main/disc) 31.954/0.000 | lr(main/disc) 7.00e-05/2.75e-05 | cuda_peak(alloc/resv) 4.09/5.12GB | phase(train/val/raw/train_eval) 1.4/0.4/0.4/0.5s | 2.6s
2026-08-30 02:48:56 | Epoch 002/060 | loss 4.6586 | cls 4.5935 | tal 0.2168 | dual_g 0.0000 | dual_d 0.0000 | train_acc 0.2708 | train_full n/a | val_acc 0.1892 | val_f1 0.1289 | adv/moduleC 0.00/0.00 | disc_steps 0 | grad(main/disc) 26.876/0.000 | lr(main/disc) 7.00e-05/2.75e-05 | cuda_peak(alloc/resv) 4.09/5.12GB | phase(train/val/raw/train_eval) 1.2/0.4/0.0/0.0s | 1.7s
2026-08-30 02:48:58 | Epoch 003/060 | loss 4.2910 | cls 4.2414 | tal 0.1653 | dual_g 0.0000 | dual_d 0.0000 | train_acc 0.2708 | train_full n/a | val_acc 0.4054 | val_f1 0.4345 | adv/moduleC 0.00/0.00 | disc_steps 0 | grad(main/disc) 24.863/0.000 | lr(main/disc) 7.00e-05/2.75e-05 | cuda_peak(alloc/resv) 4.09/5.12GB | phase(train/val/raw/train_eval) 1.1/0.4/0.4/0.0s | 1.9s
2026-08-30 02:49:00 | New best val_f1_macro_present: raw=0.4345 stable_score=0.1176 at epoch 3
2026-08-30 02:49:02 | Epoch 004/060 | loss 3.9887 | cls 3.9148 | tal 0.2462 | dual_g 0.0000 | dual_d 0.0000 | train_acc 0.3472 | train_full n/a | val_acc 0.6486 | val_f1 0.6550 | adv/moduleC 0.00/0.00 | disc_steps 0 | grad(main/disc) 23.468/0.000 | lr(main/disc) 7.00e-05/2.75e-05 | cuda_peak(alloc/resv) 4.09/5.12GB | phase(train/val/raw/train_eval) 1.1/0.4/0.4/0.0s | 1.9s
2026-08-30 02:49:04 | New best val_f1_macro_present: raw=0.6550 stable_score=0.1289 at epoch 4
2026-08-30 02:49:07 | Epoch 005/060 | loss 3.6451 | cls 3.4801 | tal 0.2638 | dual_g 0.0858 | dual_d 0.0000 | train_acc 0.4236 | train_full 0.7424 | val_acc 0.7838 | val_f1 0.7915 | adv/moduleC 0.00/0.10 | disc_steps 0 | grad(main/disc) 21.842/0.000 | lr(main/disc) 7.00e-05/2.75e-05 | cuda_peak(alloc/resv) 4.09/5.12GB | phase(train/val/raw/train_eval) 1.1/0.4/0.4/0.5s | 2.3s
2026-08-30 02:49:09 | New best val_f1_macro_present: raw=0.7915 stable_score=0.4345 at epoch 5
2026-08-30 02:49:11 | Epoch 006/060 | loss 3.4352 | cls 3.2474 | tal 0.0753 | dual_g 0.1652 | dual_d 0.0000 | train_acc 0.4653 | train_full n/a | val_acc 0.8378 | val_f1 0.8388 | adv/moduleC 0.00/0.20 | disc_steps 0 | grad(main/disc) 21.821/0.000 | lr(main/disc) 7.00e-05/2.75e-05 | cuda_peak(alloc/resv) 4.09/5.12GB | phase(train/val/raw/train_eval) 1.1/0.4/0.4/0.0s | 1.9s
2026-08-30 02:49:13 | New best val_f1_macro_present: raw=0.8388 stable_score=0.6550 at epoch 6
2026-08-30 02:49:15 | Epoch 007/060 | loss 3.4844 | cls 3.2272 | tal 0.0622 | dual_g 0.2385 | dual_d 0.8958 | train_acc 0.5764 | train_full n/a | val_acc 0.8378 | val_f1 0.8386 | adv/moduleC 0.07/0.30 | disc_steps 4 | grad(main/disc) 21.594/2.339 | lr(main/disc) 7.00e-05/2.75e-05 | cuda_peak(alloc/resv) 4.09/5.12GB | phase(train/val/raw/train_eval) 1.2/0.4/0.4/0.0s | 1.9s
2026-08-30 02:49:17 | New best val_f1_macro_present: raw=0.8386 stable_score=0.7915 at epoch 7
2026-08-30 02:49:19 | Epoch 008/060 | loss 3.3405 | cls 2.9838 | tal 0.2011 | dual_g 0.2963 | dual_d 0.7809 | train_acc 0.6042 | train_full n/a | val_acc 0.8378 | val_f1 0.8262 | adv/moduleC 0.14/0.40 | disc_steps 4 | grad(main/disc) 20.616/2.083 | lr(main/disc) 7.00e-05/2.75e-05 | cuda_peak(alloc/resv) 4.09/5.12GB | phase(train/val/raw/train_eval) 1.1/0.4/0.4/0.0s | 1.9s
2026-08-30 02:49:21 | New best val_f1_macro_present: raw=0.8262 stable_score=0.8262 at epoch 8
2026-08-30 02:49:23 | Epoch 009/060 | loss 3.2221 | cls 2.8240 | tal 0.0914 | dual_g 0.3706 | dual_d 0.8170 | train_acc 0.5903 | train_full n/a | val_acc 0.8378 | val_f1 0.8302 | adv/moduleC 0.21/0.50 | disc_steps 4 | grad(main/disc) 20.590/2.127 | lr(main/disc) 7.00e-05/2.75e-05 | cuda_peak(alloc/resv) 4.09/5.12GB | phase(train/val/raw/train_eval) 1.0/0.4/0.0/0.0s | 1.4s
2026-08-30 02:49:25 | Epoch 010/060 | loss 3.4076 | cls 2.9175 | tal 0.1613 | dual_g 0.4417 | dual_d 0.7460 | train_acc 0.5139 | train_full 0.8864 | val_acc 0.8919 | val_f1 0.8833 | adv/moduleC 0.29/0.60 | disc_steps 4 | grad(main/disc) 22.120/2.070 | lr(main/disc) 7.00e-05/2.75e-05 | cuda_peak(alloc/resv) 4.09/5.12GB | phase(train/val/raw/train_eval) 1.1/0.4/0.4/0.4s | 2.3s
2026-08-30 02:49:27 | Epoch 011/060 | loss 3.0869 | cls 2.5491 | tal 0.1963 | dual_g 0.4790 | dual_d 0.8398 | train_acc 0.7569 | train_full n/a | val_acc 0.8919 | val_f1 0.9111 | adv/moduleC 0.36/0.70 | disc_steps 4 | grad(main/disc) 19.626/2.191 | lr(main/disc) 7.00e-05/2.75e-05 | cuda_peak(alloc/resv) 4.09/5.12GB | phase(train/val/raw/train_eval) 1.2/0.4/0.4/0.0s | 2.0s
2026-08-30 02:49:29 | New best val_f1_macro_present: raw=0.9111 stable_score=0.8302 at epoch 11
2026-08-30 02:49:31 | Epoch 012/060 | loss 3.0997 | cls 2.4965 | tal 0.1980 | dual_g 0.5438 | dual_d 0.8183 | train_acc 0.6875 | train_full n/a | val_acc 0.9459 | val_f1 0.9551 | adv/moduleC 0.43/0.80 | disc_steps 4 | grad(main/disc) 19.823/2.114 | lr(main/disc) 7.00e-05/2.75e-05 | cuda_peak(alloc/resv) 4.09/5.12GB | phase(train/val/raw/train_eval) 1.0/0.4/0.4/0.0s | 1.8s
2026-08-30 02:49:33 | New best val_f1_macro_present: raw=0.9551 stable_score=0.8833 at epoch 12
2026-08-30 02:49:35 | Epoch 013/060 | loss 2.9806 | cls 2.3566 | tal 0.1907 | dual_g 0.5667 | dual_d 0.8302 | train_acc 0.6528 | train_full n/a | val_acc 0.9189 | val_f1 0.9047 | adv/moduleC 0.50/0.90 | disc_steps 4 | grad(main/disc) 19.188/2.138 | lr(main/disc) 7.00e-05/2.75e-05 | cuda_peak(alloc/resv) 4.09/5.12GB | phase(train/val/raw/train_eval) 1.3/0.4/0.4/0.0s | 2.1s
2026-08-30 02:49:37 | New best val_f1_macro_present: raw=0.9047 stable_score=0.9047 at epoch 13
2026-08-30 02:49:39 | Epoch 014/060 | loss 3.0633 | cls 2.4237 | tal 0.1065 | dual_g 0.6076 | dual_d 0.7972 | train_acc 0.6806 | train_full n/a | val_acc 0.9189 | val_f1 0.9249 | adv/moduleC 0.57/1.00 | disc_steps 4 | grad(main/disc) 19.667/2.151 | lr(main/disc) 7.00e-05/2.75e-05 | cuda_peak(alloc/resv) 4.09/5.12GB | phase(train/val/raw/train_eval) 1.2/0.4/0.0/0.0s | 1.6s
2026-08-30 02:49:41 | Epoch 015/060 | loss 2.8781 | cls 2.2081 | tal 0.0630 | dual_g 0.6511 | dual_d 0.8414 | train_acc 0.7569 | train_full 0.9621 | val_acc 0.9459 | val_f1 0.9246 | adv/moduleC 0.64/1.00 | disc_steps 4 | grad(main/disc) 19.067/2.172 | lr(main/disc) 7.00e-05/2.75e-05 | cuda_peak(alloc/resv) 4.09/5.12GB | phase(train/val/raw/train_eval) 1.0/0.4/0.4/0.4s | 2.3s
2026-08-30 02:49:43 | Epoch 016/060 | loss 2.8043 | cls 2.1675 | tal 0.1064 | dual_g 0.6049 | dual_d 0.7693 | train_acc 0.7917 | train_full n/a | val_acc 0.9459 | val_f1 0.9578 | adv/moduleC 0.71/1.00 | disc_steps 4 | grad(main/disc) 18.973/1.949 | lr(main/disc) 7.00e-05/2.75e-05 | cuda_peak(alloc/resv) 4.09/5.12GB | phase(train/val/raw/train_eval) 1.0/0.4/0.4/0.0s | 1.8s
2026-08-30 02:49:45 | New best val_f1_macro_present: raw=0.9578 stable_score=0.9246 at epoch 16
2026-08-30 02:49:47 | Epoch 017/060 | loss 2.6479 | cls 2.0070 | tal 0.1394 | dual_g 0.5991 | dual_d 0.8146 | train_acc 0.7986 | train_full n/a | val_acc 0.9459 | val_f1 0.9616 | adv/moduleC 0.79/1.00 | disc_steps 4 | grad(main/disc) 17.249/2.060 | lr(main/disc) 7.00e-05/2.75e-05 | cuda_peak(alloc/resv) 4.09/5.12GB | phase(train/val/raw/train_eval) 1.2/0.4/0.0/0.0s | 1.6s
2026-08-30 02:49:49 | Epoch 018/060 | loss 2.7372 | cls 2.1131 | tal 0.1014 | dual_g 0.5937 | dual_d 0.7840 | train_acc 0.7014 | train_full n/a | val_acc 0.9730 | val_f1 0.9756 | adv/moduleC 0.86/1.00 | disc_steps 4 | grad(main/disc) 18.574/2.080 | lr(main/disc) 7.00e-05/2.75e-05 | cuda_peak(alloc/resv) 4.09/5.12GB | phase(train/val/raw/train_eval) 1.3/0.4/0.4/0.0s | 2.1s
2026-08-30 02:49:51 | New best val_f1_macro_present: raw=0.9756 stable_score=0.9578 at epoch 18
2026-08-30 02:49:52 | Epoch 019/060 | loss 2.5183 | cls 1.9071 | tal 0.0953 | dual_g 0.5826 | dual_d 0.7354 | train_acc 0.8403 | train_full n/a | val_acc 0.9730 | val_f1 0.9471 | adv/moduleC 0.93/1.00 | disc_steps 4 | grad(main/disc) 17.048/1.914 | lr(main/disc) 7.00e-05/2.75e-05 | cuda_peak(alloc/resv) 4.09/5.12GB | phase(train/val/raw/train_eval) 1.1/0.4/0.0/0.0s | 1.5s
2026-08-30 02:49:55 | Epoch 020/060 | loss 2.6174 | cls 2.0228 | tal 0.0361 | dual_g 0.5838 | dual_d 0.7349 | train_acc 0.7708 | train_full 0.9848 | val_acc 0.9459 | val_f1 0.9558 | adv/moduleC 1.00/1.00 | disc_steps 4 | grad(main/disc) 18.039/1.892 | lr(main/disc) 7.00e-05/2.75e-05 | cuda_peak(alloc/resv) 4.09/5.12GB | phase(train/val/raw/train_eval) 1.0/0.4/0.4/0.5s | 2.3s
2026-08-30 02:49:56 | Epoch 021/060 | loss 2.4365 | cls 1.8715 | tal 0.0792 | dual_g 0.5413 | dual_d 0.7745 | train_acc 0.7986 | train_full n/a | val_acc 0.9730 | val_f1 0.9776 | adv/moduleC 1.00/1.00 | disc_steps 4 | grad(main/disc) 17.606/1.931 | lr(main/disc) 7.00e-05/2.75e-05 | cuda_peak(alloc/resv) 4.09/5.12GB | phase(train/val/raw/train_eval) 1.0/0.4/0.0/0.0s | 1.4s
2026-08-30 02:49:58 | Epoch 022/060 | loss 2.5034 | cls 1.9665 | tal -0.0467 | dual_g 0.5509 | dual_d 0.8484 | train_acc 0.8194 | train_full n/a | val_acc 1.0000 | val_f1 1.0000 | adv/moduleC 1.00/1.00 | disc_steps 4 | grad(main/disc) 17.770/1.964 | lr(main/disc) 7.00e-05/2.75e-05 | cuda_peak(alloc/resv) 4.09/5.12GB | phase(train/val/raw/train_eval) 1.2/0.4/0.0/0.0s | 1.6s
2026-08-30 02:49:59 | Epoch 023/060 | loss 2.3117 | cls 1.7763 | tal -0.0061 | dual_g 0.5373 | dual_d 0.7751 | train_acc 0.8611 | train_full n/a | val_acc 0.9459 | val_f1 0.9246 | adv/moduleC 1.00/1.00 | disc_steps 4 | grad(main/disc) 16.313/1.914 | lr(main/disc) 7.00e-05/2.75e-05 | cuda_peak(alloc/resv) 4.09/5.12GB | phase(train/val/raw/train_eval) 1.1/0.4/0.0/0.0s | 1.6s
2026-08-30 02:50:01 | Epoch 024/060 | loss 2.3422 | cls 1.7896 | tal 0.0154 | dual_g 0.5479 | dual_d 0.8124 | train_acc 0.8681 | train_full n/a | val_acc 0.9730 | val_f1 0.9840 | adv/moduleC 1.00/1.00 | disc_steps 4 | grad(main/disc) 16.087/1.848 | lr(main/disc) 7.00e-05/2.75e-05 | cuda_peak(alloc/resv) 4.09/5.12GB | phase(train/val/raw/train_eval) 1.0/0.4/0.0/0.0s | 1.4s
2026-08-30 02:50:03 | Epoch 025/060 | loss 2.4046 | cls 1.8729 | tal 0.0045 | dual_g 0.5303 | dual_d 0.7254 | train_acc 0.8611 | train_full 1.0000 | val_acc 1.0000 | val_f1 1.0000 | adv/moduleC 1.00/1.00 | disc_steps 4 | grad(main/disc) 18.299/1.811 | lr(main/disc) 7.00e-05/2.75e-05 | cuda_peak(alloc/resv) 4.09/5.12GB | phase(train/val/raw/train_eval) 1.1/0.4/0.4/0.4s | 2.3s
2026-08-30 02:50:05 | Epoch 026/060 | loss 2.1927 | cls 1.7101 | tal -0.0168 | dual_g 0.4876 | dual_d 0.8051 | train_acc 0.8611 | train_full n/a | val_acc 1.0000 | val_f1 1.0000 | adv/moduleC 1.00/1.00 | disc_steps 4 | grad(main/disc) 15.222/1.831 | lr(main/disc) 7.00e-05/2.75e-05 | cuda_peak(alloc/resv) 4.09/5.12GB | phase(train/val/raw/train_eval) 1.0/0.4/0.4/0.0s | 1.8s
2026-08-30 02:50:07 | New best val_f1_macro_present: raw=1.0000 stable_score=0.9840 at epoch 26
2026-08-30 02:50:09 | Epoch 027/060 | loss 2.2473 | cls 1.7341 | tal -0.0121 | dual_g 0.5169 | dual_d 0.8090 | train_acc 0.9097 | train_full n/a | val_acc 1.0000 | val_f1 1.0000 | adv/moduleC 1.00/1.00 | disc_steps 4 | grad(main/disc) 17.386/1.948 | lr(main/disc) 7.00e-05/2.75e-05 | cuda_peak(alloc/resv) 4.09/5.12GB | phase(train/val/raw/train_eval) 0.9/0.4/0.4/0.0s | 1.7s
2026-08-30 02:50:11 | New best val_f1_macro_present: raw=1.0000 stable_score=1.0000 at epoch 27
2026-08-30 02:50:12 | Epoch 028/060 | loss 2.2140 | cls 1.7254 | tal -0.0603 | dual_g 0.5066 | dual_d 0.8931 | train_acc 0.8542 | train_full n/a | val_acc 1.0000 | val_f1 1.0000 | adv/moduleC 1.00/1.00 | disc_steps 4 | grad(main/disc) 16.292/1.990 | lr(main/disc) 7.00e-05/2.75e-05 | cuda_peak(alloc/resv) 4.09/5.12GB | phase(train/val/raw/train_eval) 1.2/0.4/0.0/0.0s | 1.6s
2026-08-30 02:50:14 | Epoch 029/060 | loss 2.0332 | cls 1.5655 | tal -0.0414 | dual_g 0.4801 | dual_d 0.7605 | train_acc 0.9236 | train_full n/a | val_acc 0.9730 | val_f1 0.9802 | adv/moduleC 1.00/1.00 | disc_steps 4 | grad(main/disc) 14.137/1.903 | lr(main/disc) 7.00e-05/2.75e-05 | cuda_peak(alloc/resv) 4.09/5.12GB | phase(train/val/raw/train_eval) 1.1/0.4/0.0/0.0s | 1.5s
2026-08-30 02:50:16 | Epoch 030/060 | loss 2.0529 | cls 1.6027 | tal -0.0762 | dual_g 0.4730 | dual_d 0.8169 | train_acc 0.9375 | train_full 1.0000 | val_acc 1.0000 | val_f1 1.0000 | adv/moduleC 1.00/1.00 | disc_steps 4 | grad(main/disc) 15.731/1.880 | lr(main/disc) 7.00e-05/2.75e-05 | cuda_peak(alloc/resv) 4.09/5.12GB | phase(train/val/raw/train_eval) 1.1/0.4/0.4/0.4s | 2.3s
2026-08-30 02:50:18 | Epoch 031/060 | loss 1.9066 | cls 1.4656 | tal -0.0587 | dual_g 0.4586 | dual_d 0.8652 | train_acc 0.9375 | train_full n/a | val_acc 0.9730 | val_f1 0.9776 | adv/moduleC 1.00/1.00 | disc_steps 4 | grad(main/disc) 12.249/1.926 | lr(main/disc) 7.00e-05/2.75e-05 | cuda_peak(alloc/resv) 4.09/5.12GB | phase(train/val/raw/train_eval) 1.3/0.4/0.0/0.0s | 1.7s
2026-08-30 02:50:19 | Epoch 032/060 | loss 2.0094 | cls 1.5813 | tal -0.0988 | dual_g 0.4578 | dual_d 0.8851 | train_acc 0.9444 | train_full n/a | val_acc 1.0000 | val_f1 1.0000 | adv/moduleC 1.00/1.00 | disc_steps 4 | grad(main/disc) 14.145/1.947 | lr(main/disc) 7.00e-05/2.75e-05 | cuda_peak(alloc/resv) 4.09/5.12GB | phase(train/val/raw/train_eval) 1.1/0.4/0.0/0.0s | 1.5s
2026-08-30 02:50:21 | Epoch 033/060 | loss 1.8792 | cls 1.4841 | tal -0.1738 | dual_g 0.4472 | dual_d 0.9095 | train_acc 0.9236 | train_full n/a | val_acc 1.0000 | val_f1 1.0000 | adv/moduleC 1.00/1.00 | disc_steps 4 | grad(main/disc) 12.343/2.018 | lr(main/disc) 7.00e-05/2.75e-05 | cuda_peak(alloc/resv) 4.09/5.12GB | phase(train/val/raw/train_eval) 1.1/0.4/0.0/0.0s | 1.5s
2026-08-30 02:50:22 | Epoch 034/060 | loss 1.9781 | cls 1.5516 | tal -0.1077 | dual_g 0.4588 | dual_d 0.8250 | train_acc 0.9722 | train_full n/a | val_acc 1.0000 | val_f1 1.0000 | adv/moduleC 1.00/1.00 | disc_steps 4 | grad(main/disc) 13.877/1.927 | lr(main/disc) 3.50e-05/1.38e-05 | cuda_peak(alloc/resv) 4.09/5.12GB | phase(train/val/raw/train_eval) 1.3/0.4/0.0/0.0s | 1.7s
2026-08-30 02:50:25 | Epoch 035/060 | loss 1.9420 | cls 1.5203 | tal -0.0973 | dual_g 0.4509 | dual_d 0.8084 | train_acc 0.9444 | train_full 1.0000 | val_acc 1.0000 | val_f1 1.0000 | adv/moduleC 1.00/1.00 | disc_steps 4 | grad(main/disc) 13.948/1.876 | lr(main/disc) 3.50e-05/1.38e-05 | cuda_peak(alloc/resv) 4.09/5.12GB | phase(train/val/raw/train_eval) 1.3/0.4/0.4/0.5s | 2.5s
2026-08-30 02:50:27 | Epoch 036/060 | loss 1.9724 | cls 1.5640 | tal -0.1221 | dual_g 0.4450 | dual_d 0.9076 | train_acc 0.9375 | train_full n/a | val_acc 1.0000 | val_f1 1.0000 | adv/moduleC 1.00/1.00 | disc_steps 4 | grad(main/disc) 13.394/1.972 | lr(main/disc) 3.50e-05/1.38e-05 | cuda_peak(alloc/resv) 4.09/5.12GB | phase(train/val/raw/train_eval) 1.2/0.4/0.0/0.0s | 1.7s
2026-08-30 02:50:28 | Epoch 037/060 | loss 1.8859 | cls 1.4696 | tal -0.0692 | dual_g 0.4370 | dual_d 0.8829 | train_acc 0.9375 | train_full n/a | val_acc 1.0000 | val_f1 1.0000 | adv/moduleC 1.00/1.00 | disc_steps 4 | grad(main/disc) 13.107/1.967 | lr(main/disc) 3.50e-05/1.38e-05 | cuda_peak(alloc/resv) 4.09/5.12GB | phase(train/val/raw/train_eval) 1.1/0.4/0.0/0.0s | 1.5s
2026-08-30 02:50:30 | Epoch 038/060 | loss 1.8791 | cls 1.4852 | tal -0.1062 | dual_g 0.4258 | dual_d 0.8809 | train_acc 0.9375 | train_full n/a | val_acc 0.9730 | val_f1 0.9471 | adv/moduleC 1.00/1.00 | disc_steps 4 | grad(main/disc) 12.015/1.960 | lr(main/disc) 3.50e-05/1.38e-05 | cuda_peak(alloc/resv) 4.09/5.12GB | phase(train/val/raw/train_eval) 1.3/0.4/0.0/0.0s | 1.7s
2026-08-30 02:50:32 | Epoch 039/060 | loss 1.9238 | cls 1.5160 | tal -0.0690 | dual_g 0.4286 | dual_d 0.9241 | train_acc 0.9306 | train_full n/a | val_acc 1.0000 | val_f1 1.0000 | adv/moduleC 1.00/1.00 | disc_steps 4 | grad(main/disc) 12.794/2.012 | lr(main/disc) 3.50e-05/1.38e-05 | cuda_peak(alloc/resv) 4.09/5.12GB | phase(train/val/raw/train_eval) 1.2/0.4/0.0/0.0s | 1.6s
2026-08-30 02:50:32 | Early stopping at epoch 39 after 12 epochs without val_f1_macro_present improvement.
2026-08-30 02:50:32 | Training complete. Peak validation accuracy: 1.0000 | selected val_f1_macro_present: 1.0000
