2026-08-30 02:47:10 | Starting Dual_D standalone training
2026-08-30 02:47:10 | Run directory: runs/module_c_ablation_60_v9/module_c_20260830_023711/module_c_full_逆光_20260830_023712
2026-08-30 02:47:10 | Device: cuda
2026-08-30 02:47:10 | Source train samples: 992
2026-08-30 02:47:10 | Target train samples: 132
2026-08-30 02:47:10 | Target val samples: 37
2026-08-30 02:47:10 | Classes: 14
2026-08-30 02:47:10 | Data audit: same_dir=False | path_overlap(vis/ir/ais)=0/0/0 | content_overlap(vis/ir/ais)=0/0/0 | ais_index_overlap=0 | stem_mismatch(vis-ir/vis-ais)=157/0
2026-08-30 02:47:10 | source_train classes: present 14/14 | absent 0 | counts [0:120, 1:44, 2:69, 3:45, 4:40, 5:30, 6:64, 7:80, 8:116, 9:68, 10:57, 11:83, 12:48, 13:128]
2026-08-30 02:47:10 | target_train classes: present 9/14 | absent 5 | counts [0:20, 2:12, 4:12, 5:2, 9:16, 10:16, 11:29, 12:4, 13:21]
2026-08-30 02:47:10 | target_val classes: present 9/14 | absent 5 | counts [0:6, 2:3, 4:4, 5:1, 9:4, 10:4, 11:8, 12:1, 13:6]
2026-08-30 02:47:10 | Paired training classes: 9/14 | class ids [0, 2, 4, 5, 9, 10, 11, 12, 13]
2026-08-30 02:47:10 | Runtime profile: batch=16 | paired_steps=9 | workers=16 | train_eval_every=5 | raw_eval_every=5 | stability_window=3 | lr_scheduler_start=24 | early_stop=12 after min_epoch=35
2026-08-30 02:47:10 | Augmentation profile: base=0.650 | visible=0.700 | infrared=0.400 | freeze_frozen_batch_norm_stats=True
2026-08-30 02:47:10 | VIS/IR pairing: class-level-unpaired | count-mismatch classes train/val: 10/1 | AIS alignment: none | AIS rows train/val: 0/0
2026-08-30 02:47:11 | Effective Dual-D loss weights: {"adv_auxiliary": 0.025, "adv_primary": 0.025, "classification": 0.15, "contrastive": 0.035, "cycle": 0.12, "identity": 0.03, "prototype_contrastive": 0.06}
2026-08-30 02:47:11 | Model parameters: total=17277714 | trainable=17120210
2026-08-30 02:47:13 | Epoch 001/060 | loss 5.8640 | cls 5.9348 | tal -0.2357 | dual_g 0.0000 | dual_d 0.0000 | train_acc 0.0694 | train_full 0.0076 | val_acc 0.0270 | val_f1 0.0278 | adv/moduleC 0.00/0.00 | disc_steps 0 | grad(main/disc) 32.710/0.000 | lr(main/disc) 7.00e-05/2.75e-05 | cuda_peak(alloc/resv) 4.09/5.12GB | phase(train/val/raw/train_eval) 1.2/0.4/0.4/0.4s | 2.4s
2026-08-30 02:47:15 | Epoch 002/060 | loss 4.8307 | cls 4.9087 | tal -0.2599 | dual_g 0.0000 | dual_d 0.0000 | train_acc 0.1944 | train_full n/a | val_acc 0.2973 | val_f1 0.2765 | adv/moduleC 0.00/0.00 | disc_steps 0 | grad(main/disc) 26.752/0.000 | lr(main/disc) 7.00e-05/2.75e-05 | cuda_peak(alloc/resv) 4.09/5.12GB | phase(train/val/raw/train_eval) 1.1/0.4/0.0/0.0s | 1.5s
2026-08-30 02:47:16 | Epoch 003/060 | loss 4.3406 | cls 4.4096 | tal -0.2299 | dual_g 0.0000 | dual_d 0.0000 | train_acc 0.2222 | train_full n/a | val_acc 0.3784 | val_f1 0.3832 | adv/moduleC 0.00/0.00 | disc_steps 0 | grad(main/disc) 24.144/0.000 | lr(main/disc) 7.00e-05/2.75e-05 | cuda_peak(alloc/resv) 4.09/5.12GB | phase(train/val/raw/train_eval) 1.1/0.4/0.4/0.0s | 1.9s
2026-08-30 02:47:19 | New best val_f1_macro_present: raw=0.3832 stable_score=0.0278 at epoch 3
2026-08-30 02:47:20 | Epoch 004/060 | loss 4.0300 | cls 4.0849 | tal -0.1830 | dual_g 0.0000 | dual_d 0.0000 | train_acc 0.2639 | train_full n/a | val_acc 0.4595 | val_f1 0.5436 | adv/moduleC 0.00/0.00 | disc_steps 0 | grad(main/disc) 23.252/0.000 | lr(main/disc) 7.00e-05/2.75e-05 | cuda_peak(alloc/resv) 4.09/5.12GB | phase(train/val/raw/train_eval) 0.9/0.4/0.4/0.0s | 1.7s
2026-08-30 02:47:22 | New best val_f1_macro_present: raw=0.5436 stable_score=0.2765 at epoch 4
2026-08-30 02:47:25 | Epoch 005/060 | loss 3.6943 | cls 3.6922 | tal -0.2808 | dual_g 0.0864 | dual_d 0.0000 | train_acc 0.3681 | train_full 0.6970 | val_acc 0.6216 | val_f1 0.6262 | adv/moduleC 0.00/0.10 | disc_steps 0 | grad(main/disc) 22.889/0.000 | lr(main/disc) 7.00e-05/2.75e-05 | cuda_peak(alloc/resv) 4.09/5.12GB | phase(train/val/raw/train_eval) 1.1/0.4/0.4/0.4s | 2.3s
2026-08-30 02:47:27 | New best val_f1_macro_present: raw=0.6262 stable_score=0.3832 at epoch 5
2026-08-30 02:47:29 | Epoch 006/060 | loss 3.5035 | cls 3.4126 | tal -0.2644 | dual_g 0.1702 | dual_d 0.0000 | train_acc 0.4583 | train_full n/a | val_acc 0.7297 | val_f1 0.7400 | adv/moduleC 0.00/0.20 | disc_steps 0 | grad(main/disc) 21.139/0.000 | lr(main/disc) 7.00e-05/2.75e-05 | cuda_peak(alloc/resv) 4.09/5.12GB | phase(train/val/raw/train_eval) 1.1/0.4/0.4/0.0s | 1.8s
2026-08-30 02:47:31 | New best val_f1_macro_present: raw=0.7400 stable_score=0.5436 at epoch 6
2026-08-30 02:47:33 | Epoch 007/060 | loss 3.4097 | cls 3.2214 | tal -0.2115 | dual_g 0.2517 | dual_d 0.7858 | train_acc 0.4792 | train_full n/a | val_acc 0.7568 | val_f1 0.7610 | adv/moduleC 0.07/0.30 | disc_steps 4 | grad(main/disc) 21.423/2.237 | lr(main/disc) 7.00e-05/2.75e-05 | cuda_peak(alloc/resv) 4.09/5.12GB | phase(train/val/raw/train_eval) 1.1/0.4/0.4/0.0s | 1.9s
2026-08-30 02:47:35 | New best val_f1_macro_present: raw=0.7610 stable_score=0.6262 at epoch 7
2026-08-30 02:47:36 | Epoch 008/060 | loss 3.2388 | cls 2.9789 | tal -0.1727 | dual_g 0.3117 | dual_d 0.7384 | train_acc 0.5139 | train_full n/a | val_acc 0.6216 | val_f1 0.6378 | adv/moduleC 0.14/0.40 | disc_steps 4 | grad(main/disc) 19.690/2.086 | lr(main/disc) 7.00e-05/2.75e-05 | cuda_peak(alloc/resv) 4.09/5.12GB | phase(train/val/raw/train_eval) 1.1/0.4/0.4/0.0s | 1.8s
2026-08-30 02:47:39 | New best val_f1_macro_present: raw=0.6378 stable_score=0.6378 at epoch 8
2026-08-30 02:47:40 | Epoch 009/060 | loss 3.0394 | cls 2.7466 | tal -0.2545 | dual_g 0.3691 | dual_d 0.7631 | train_acc 0.6389 | train_full n/a | val_acc 0.7568 | val_f1 0.7642 | adv/moduleC 0.21/0.50 | disc_steps 4 | grad(main/disc) 19.235/2.025 | lr(main/disc) 7.00e-05/2.75e-05 | cuda_peak(alloc/resv) 4.09/5.12GB | phase(train/val/raw/train_eval) 1.0/0.4/0.0/0.0s | 1.4s
2026-08-30 02:47:42 | Epoch 010/060 | loss 3.1866 | cls 2.8253 | tal -0.2088 | dual_g 0.4240 | dual_d 0.7422 | train_acc 0.6181 | train_full 0.8636 | val_acc 0.7568 | val_f1 0.7615 | adv/moduleC 0.29/0.60 | disc_steps 4 | grad(main/disc) 20.220/2.015 | lr(main/disc) 7.00e-05/2.75e-05 | cuda_peak(alloc/resv) 4.09/5.12GB | phase(train/val/raw/train_eval) 1.1/0.4/0.4/0.5s | 2.4s
2026-08-30 02:47:44 | Epoch 011/060 | loss 2.8689 | cls 2.4412 | tal -0.2070 | dual_g 0.4898 | dual_d 0.6966 | train_acc 0.6667 | train_full n/a | val_acc 0.8378 | val_f1 0.8584 | adv/moduleC 0.36/0.70 | disc_steps 4 | grad(main/disc) 18.546/1.889 | lr(main/disc) 7.00e-05/2.75e-05 | cuda_peak(alloc/resv) 4.09/5.12GB | phase(train/val/raw/train_eval) 1.0/0.4/0.4/0.0s | 1.8s
2026-08-30 02:47:46 | New best val_f1_macro_present: raw=0.8584 stable_score=0.7615 at epoch 11
2026-08-30 02:47:48 | Epoch 012/060 | loss 2.9384 | cls 2.4937 | tal -0.3206 | dual_g 0.5409 | dual_d 0.7600 | train_acc 0.6319 | train_full n/a | val_acc 0.7838 | val_f1 0.8166 | adv/moduleC 0.43/0.80 | disc_steps 4 | grad(main/disc) 18.918/2.038 | lr(main/disc) 7.00e-05/2.75e-05 | cuda_peak(alloc/resv) 4.09/5.12GB | phase(train/val/raw/train_eval) 1.0/0.4/0.0/0.0s | 1.4s
2026-08-30 02:47:50 | Epoch 013/060 | loss 2.8648 | cls 2.3586 | tal -0.2415 | dual_g 0.5787 | dual_d 0.8096 | train_acc 0.6944 | train_full n/a | val_acc 0.9189 | val_f1 0.9316 | adv/moduleC 0.50/0.90 | disc_steps 4 | grad(main/disc) 18.645/2.042 | lr(main/disc) 7.00e-05/2.75e-05 | cuda_peak(alloc/resv) 4.09/5.12GB | phase(train/val/raw/train_eval) 1.2/0.4/0.4/0.0s | 2.0s
2026-08-30 02:47:52 | New best val_f1_macro_present: raw=0.9316 stable_score=0.8166 at epoch 13
2026-08-30 02:47:53 | Epoch 014/060 | loss 2.9345 | cls 2.3687 | tal -0.2659 | dual_g 0.6456 | dual_d 0.8555 | train_acc 0.6875 | train_full n/a | val_acc 0.8108 | val_f1 0.8160 | adv/moduleC 0.57/1.00 | disc_steps 4 | grad(main/disc) 19.948/2.082 | lr(main/disc) 7.00e-05/2.75e-05 | cuda_peak(alloc/resv) 4.09/5.12GB | phase(train/val/raw/train_eval) 0.9/0.4/0.0/0.0s | 1.3s
2026-08-30 02:47:55 | Epoch 015/060 | loss 2.8180 | cls 2.2474 | tal -0.2474 | dual_g 0.6449 | dual_d 0.7559 | train_acc 0.7153 | train_full 0.8409 | val_acc 0.8108 | val_f1 0.8228 | adv/moduleC 0.64/1.00 | disc_steps 4 | grad(main/disc) 18.077/1.903 | lr(main/disc) 7.00e-05/2.75e-05 | cuda_peak(alloc/resv) 4.09/5.12GB | phase(train/val/raw/train_eval) 1.2/0.4/0.4/0.4s | 2.4s
2026-08-30 02:47:57 | Epoch 016/060 | loss 2.7123 | cls 2.1812 | tal -0.2647 | dual_g 0.6106 | dual_d 0.7716 | train_acc 0.7500 | train_full n/a | val_acc 0.7297 | val_f1 0.7393 | adv/moduleC 0.71/1.00 | disc_steps 4 | grad(main/disc) 18.817/1.940 | lr(main/disc) 7.00e-05/2.75e-05 | cuda_peak(alloc/resv) 4.09/5.12GB | phase(train/val/raw/train_eval) 0.9/0.4/0.0/0.0s | 1.3s
2026-08-30 02:47:58 | Epoch 017/060 | loss 2.7027 | cls 2.1839 | tal -0.2433 | dual_g 0.5918 | dual_d 0.8254 | train_acc 0.7847 | train_full n/a | val_acc 0.8919 | val_f1 0.8789 | adv/moduleC 0.79/1.00 | disc_steps 4 | grad(main/disc) 19.371/2.060 | lr(main/disc) 7.00e-05/2.75e-05 | cuda_peak(alloc/resv) 4.09/5.12GB | phase(train/val/raw/train_eval) 1.0/0.4/0.0/0.0s | 1.4s
2026-08-30 02:48:00 | Epoch 018/060 | loss 2.4471 | cls 1.9594 | tal -0.2706 | dual_g 0.5689 | dual_d 0.7958 | train_acc 0.7986 | train_full n/a | val_acc 0.8919 | val_f1 0.9080 | adv/moduleC 0.86/1.00 | disc_steps 4 | grad(main/disc) 16.881/1.938 | lr(main/disc) 7.00e-05/2.75e-05 | cuda_peak(alloc/resv) 4.09/5.12GB | phase(train/val/raw/train_eval) 1.0/0.4/0.0/0.0s | 1.4s
2026-08-30 02:48:01 | Epoch 019/060 | loss 2.4388 | cls 1.9254 | tal -0.2130 | dual_g 0.5773 | dual_d 0.7730 | train_acc 0.8194 | train_full n/a | val_acc 0.9459 | val_f1 0.9458 | adv/moduleC 0.93/1.00 | disc_steps 4 | grad(main/disc) 16.305/1.883 | lr(main/disc) 7.00e-05/2.75e-05 | cuda_peak(alloc/resv) 4.09/5.12GB | phase(train/val/raw/train_eval) 1.1/0.4/0.4/0.0s | 1.8s
2026-08-30 02:48:03 | New best val_f1_macro_present: raw=0.9458 stable_score=0.8789 at epoch 19
2026-08-30 02:48:06 | Epoch 020/060 | loss 2.5107 | cls 1.9657 | tal -0.1233 | dual_g 0.5820 | dual_d 0.8395 | train_acc 0.8125 | train_full 0.9621 | val_acc 0.9189 | val_f1 0.9396 | adv/moduleC 1.00/1.00 | disc_steps 4 | grad(main/disc) 17.823/2.009 | lr(main/disc) 7.00e-05/2.75e-05 | cuda_peak(alloc/resv) 4.09/5.12GB | phase(train/val/raw/train_eval) 1.1/0.4/0.4/0.4s | 2.3s
2026-08-30 02:48:08 | New best val_f1_macro_present: raw=0.9396 stable_score=0.9080 at epoch 20
2026-08-30 02:48:10 | Epoch 021/060 | loss 2.2460 | cls 1.7520 | tal -0.1104 | dual_g 0.5270 | dual_d 0.7238 | train_acc 0.8889 | train_full n/a | val_acc 0.9189 | val_f1 0.9238 | adv/moduleC 1.00/1.00 | disc_steps 4 | grad(main/disc) 14.810/1.858 | lr(main/disc) 7.00e-05/2.75e-05 | cuda_peak(alloc/resv) 4.09/5.12GB | phase(train/val/raw/train_eval) 1.0/0.4/0.4/0.0s | 1.8s
2026-08-30 02:48:12 | New best val_f1_macro_present: raw=0.9238 stable_score=0.9238 at epoch 21
2026-08-30 02:48:13 | Epoch 022/060 | loss 2.3179 | cls 1.8301 | tal -0.1698 | dual_g 0.5387 | dual_d 0.8394 | train_acc 0.8472 | train_full n/a | val_acc 0.9730 | val_f1 0.9776 | adv/moduleC 1.00/1.00 | disc_steps 4 | grad(main/disc) 17.424/2.029 | lr(main/disc) 7.00e-05/2.75e-05 | cuda_peak(alloc/resv) 4.09/5.12GB | phase(train/val/raw/train_eval) 1.0/0.4/0.0/0.0s | 1.4s
2026-08-30 02:48:15 | Epoch 023/060 | loss 2.2922 | cls 1.8154 | tal -0.1770 | dual_g 0.5299 | dual_d 0.7699 | train_acc 0.8403 | train_full n/a | val_acc 0.9459 | val_f1 0.9458 | adv/moduleC 1.00/1.00 | disc_steps 4 | grad(main/disc) 16.122/1.925 | lr(main/disc) 7.00e-05/2.75e-05 | cuda_peak(alloc/resv) 4.09/5.12GB | phase(train/val/raw/train_eval) 1.2/0.4/0.0/0.0s | 1.6s
2026-08-30 02:48:17 | Epoch 024/060 | loss 2.1759 | cls 1.7074 | tal -0.1601 | dual_g 0.5165 | dual_d 0.8367 | train_acc 0.8472 | train_full n/a | val_acc 0.9730 | val_f1 0.9776 | adv/moduleC 1.00/1.00 | disc_steps 4 | grad(main/disc) 14.609/1.962 | lr(main/disc) 7.00e-05/2.75e-05 | cuda_peak(alloc/resv) 4.09/5.12GB | phase(train/val/raw/train_eval) 1.2/0.4/0.4/0.0s | 2.0s
2026-08-30 02:48:19 | New best val_f1_macro_present: raw=0.9776 stable_score=0.9458 at epoch 24
2026-08-30 02:48:21 | Epoch 025/060 | loss 2.1853 | cls 1.6970 | tal -0.1184 | dual_g 0.5238 | dual_d 0.7399 | train_acc 0.9097 | train_full 0.9545 | val_acc 0.9459 | val_f1 0.9556 | adv/moduleC 1.00/1.00 | disc_steps 4 | grad(main/disc) 15.018/1.928 | lr(main/disc) 7.00e-05/2.75e-05 | cuda_peak(alloc/resv) 4.09/5.12GB | phase(train/val/raw/train_eval) 1.1/0.4/0.4/0.4s | 2.3s
2026-08-30 02:48:23 | Epoch 026/060 | loss 2.0192 | cls 1.5794 | tal -0.1412 | dual_g 0.4823 | dual_d 0.8664 | train_acc 0.8889 | train_full n/a | val_acc 0.9730 | val_f1 0.9776 | adv/moduleC 1.00/1.00 | disc_steps 4 | grad(main/disc) 13.655/1.963 | lr(main/disc) 7.00e-05/2.75e-05 | cuda_peak(alloc/resv) 4.09/5.12GB | phase(train/val/raw/train_eval) 1.1/0.4/0.4/0.0s | 1.8s
2026-08-30 02:48:25 | New best val_f1_macro_present: raw=0.9776 stable_score=0.9556 at epoch 26
2026-08-30 02:48:27 | Epoch 027/060 | loss 1.9954 | cls 1.5595 | tal -0.1498 | dual_g 0.4809 | dual_d 0.8219 | train_acc 0.8889 | train_full n/a | val_acc 0.9730 | val_f1 0.9776 | adv/moduleC 1.00/1.00 | disc_steps 4 | grad(main/disc) 12.969/1.897 | lr(main/disc) 7.00e-05/2.75e-05 | cuda_peak(alloc/resv) 4.09/5.12GB | phase(train/val/raw/train_eval) 1.2/0.4/0.0/0.0s | 1.6s
2026-08-30 02:48:29 | Epoch 028/060 | loss 2.2782 | cls 1.8119 | tal -0.1813 | dual_g 0.5207 | dual_d 0.8682 | train_acc 0.8889 | train_full n/a | val_acc 0.9730 | val_f1 0.9776 | adv/moduleC 1.00/1.00 | disc_steps 4 | grad(main/disc) 16.742/2.030 | lr(main/disc) 7.00e-05/2.75e-05 | cuda_peak(alloc/resv) 4.09/5.12GB | phase(train/val/raw/train_eval) 1.2/0.4/0.4/0.0s | 1.9s
2026-08-30 02:48:31 | New best val_f1_macro_present: raw=0.9776 stable_score=0.9776 at epoch 28
2026-08-30 02:48:32 | Epoch 029/060 | loss 2.0737 | cls 1.6328 | tal -0.1397 | dual_g 0.4828 | dual_d 0.8073 | train_acc 0.9375 | train_full n/a | val_acc 0.9730 | val_f1 0.9776 | adv/moduleC 1.00/1.00 | disc_steps 4 | grad(main/disc) 14.624/1.939 | lr(main/disc) 7.00e-05/2.75e-05 | cuda_peak(alloc/resv) 4.09/5.12GB | phase(train/val/raw/train_eval) 1.0/0.4/0.0/0.0s | 1.4s
2026-08-30 02:48:35 | Epoch 030/060 | loss 1.9225 | cls 1.4980 | tal -0.1356 | dual_g 0.4652 | dual_d 0.8835 | train_acc 0.9236 | train_full 0.9924 | val_acc 0.9730 | val_f1 0.9776 | adv/moduleC 1.00/1.00 | disc_steps 4 | grad(main/disc) 12.093/1.978 | lr(main/disc) 7.00e-05/2.75e-05 | cuda_peak(alloc/resv) 4.09/5.12GB | phase(train/val/raw/train_eval) 1.0/0.4/0.4/0.4s | 2.2s
2026-08-30 02:48:36 | Epoch 031/060 | loss 1.9527 | cls 1.5341 | tal -0.1846 | dual_g 0.4740 | dual_d 0.9133 | train_acc 0.9097 | train_full n/a | val_acc 0.9730 | val_f1 0.9776 | adv/moduleC 1.00/1.00 | disc_steps 4 | grad(main/disc) 12.163/2.014 | lr(main/disc) 7.00e-05/2.75e-05 | cuda_peak(alloc/resv) 4.09/5.12GB | phase(train/val/raw/train_eval) 1.1/0.4/0.0/0.0s | 1.4s
2026-08-30 02:48:38 | Epoch 032/060 | loss 1.9568 | cls 1.5336 | tal -0.1590 | dual_g 0.4709 | dual_d 0.8758 | train_acc 0.9444 | train_full n/a | val_acc 0.9730 | val_f1 0.9776 | adv/moduleC 1.00/1.00 | disc_steps 4 | grad(main/disc) 13.301/2.027 | lr(main/disc) 7.00e-05/2.75e-05 | cuda_peak(alloc/resv) 4.09/5.12GB | phase(train/val/raw/train_eval) 1.4/0.4/0.0/0.0s | 1.8s
2026-08-30 02:48:39 | Epoch 033/060 | loss 1.8391 | cls 1.4473 | tal -0.2062 | dual_g 0.4536 | dual_d 0.8869 | train_acc 0.9514 | train_full n/a | val_acc 1.0000 | val_f1 1.0000 | adv/moduleC 1.00/1.00 | disc_steps 4 | grad(main/disc) 11.336/1.970 | lr(main/disc) 7.00e-05/2.75e-05 | cuda_peak(alloc/resv) 4.09/5.12GB | phase(train/val/raw/train_eval) 1.0/0.4/0.0/0.0s | 1.4s
2026-08-30 02:48:40 | Epoch 034/060 | loss 1.8186 | cls 1.4565 | tal -0.2408 | dual_g 0.4343 | dual_d 0.8241 | train_acc 0.9653 | train_full n/a | val_acc 1.0000 | val_f1 1.0000 | adv/moduleC 1.00/1.00 | disc_steps 4 | grad(main/disc) 11.876/1.880 | lr(main/disc) 7.00e-05/2.75e-05 | cuda_peak(alloc/resv) 4.09/5.12GB | phase(train/val/raw/train_eval) 1.0/0.4/0.0/0.0s | 1.4s
2026-08-30 02:48:43 | Epoch 035/060 | loss 1.7687 | cls 1.3975 | tal -0.1642 | dual_g 0.4205 | dual_d 0.9435 | train_acc 0.9861 | train_full 1.0000 | val_acc 0.9730 | val_f1 0.9776 | adv/moduleC 1.00/1.00 | disc_steps 4 | grad(main/disc) 10.179/2.004 | lr(main/disc) 7.00e-05/2.75e-05 | cuda_peak(alloc/resv) 4.09/5.12GB | phase(train/val/raw/train_eval) 1.1/0.4/0.4/0.4s | 2.3s
2026-08-30 02:48:44 | Epoch 036/060 | loss 1.8183 | cls 1.4434 | tal -0.1859 | dual_g 0.4307 | dual_d 0.8825 | train_acc 0.9583 | train_full n/a | val_acc 0.9730 | val_f1 0.9776 | adv/moduleC 1.00/1.00 | disc_steps 4 | grad(main/disc) 10.148/1.933 | lr(main/disc) 7.00e-05/2.75e-05 | cuda_peak(alloc/resv) 4.09/5.12GB | phase(train/val/raw/train_eval) 1.2/0.4/0.0/0.0s | 1.6s
2026-08-30 02:48:46 | Epoch 037/060 | loss 1.7592 | cls 1.3931 | tal -0.1940 | dual_g 0.4243 | dual_d 0.9034 | train_acc 0.9792 | train_full n/a | val_acc 0.9730 | val_f1 0.9776 | adv/moduleC 1.00/1.00 | disc_steps 4 | grad(main/disc) 9.922/1.915 | lr(main/disc) 7.00e-05/2.75e-05 | cuda_peak(alloc/resv) 4.09/5.12GB | phase(train/val/raw/train_eval) 1.0/0.4/0.0/0.0s | 1.4s
2026-08-30 02:48:47 | Epoch 038/060 | loss 1.7608 | cls 1.3955 | tal -0.2040 | dual_g 0.4265 | dual_d 0.9725 | train_acc 0.9444 | train_full n/a | val_acc 0.9730 | val_f1 0.9776 | adv/moduleC 1.00/1.00 | disc_steps 4 | grad(main/disc) 10.092/2.008 | lr(main/disc) 7.00e-05/2.75e-05 | cuda_peak(alloc/resv) 4.09/5.12GB | phase(train/val/raw/train_eval) 1.2/0.4/0.0/0.0s | 1.6s
2026-08-30 02:48:49 | Epoch 039/060 | loss 1.7387 | cls 1.3668 | tal -0.1222 | dual_g 0.4085 | dual_d 0.9199 | train_acc 0.9236 | train_full n/a | val_acc 0.9730 | val_f1 0.9776 | adv/moduleC 1.00/1.00 | disc_steps 4 | grad(main/disc) 8.464/2.043 | lr(main/disc) 7.00e-05/2.75e-05 | cuda_peak(alloc/resv) 4.09/5.12GB | phase(train/val/raw/train_eval) 1.2/0.4/0.0/0.0s | 1.6s
2026-08-30 02:48:51 | Epoch 040/060 | loss 1.7383 | cls 1.3749 | tal -0.1416 | dual_g 0.4058 | dual_d 0.9018 | train_acc 0.9653 | train_full 1.0000 | val_acc 0.9459 | val_f1 0.9578 | adv/moduleC 1.00/1.00 | disc_steps 4 | grad(main/disc) 10.193/1.963 | lr(main/disc) 7.00e-05/2.75e-05 | cuda_peak(alloc/resv) 4.09/5.12GB | phase(train/val/raw/train_eval) 1.1/0.4/0.4/0.4s | 2.3s
2026-08-30 02:48:51 | Early stopping at epoch 40 after 12 epochs without val_f1_macro_present improvement.
2026-08-30 02:48:51 | Training complete. Peak validation accuracy: 1.0000 | selected val_f1_macro_present: 0.9776
