2026-08-22 01:06:40 | Starting Dual_D standalone training
2026-08-22 01:06:40 | Run directory: runs/module_c_ablation/module_c_no_paired_contrastive_雨天_iter02_20260821_184954
2026-08-22 01:06:40 | Device: cuda
2026-08-22 01:06:40 | Source train samples: 992
2026-08-22 01:06:40 | Target train samples: 96
2026-08-22 01:06:40 | Target val samples: 26
2026-08-22 01:06:40 | Classes: 14
2026-08-22 01:06:40 | Data audit: same_dir=False | path_overlap(vis/ir/ais)=0/0/0 | content_overlap(vis/ir/ais)=0/0/0 | ais_index_overlap=0 | stem_mismatch(vis-ir/vis-ais)=117/0
2026-08-22 01:06:40 | source_train classes: present 14/14 | absent 0 | counts [0:120, 1:44, 2:69, 3:45, 4:40, 5:30, 6:64, 7:80, 8:116, 9:68, 10:57, 11:83, 12:48, 13:128]
2026-08-22 01:06:40 | target_train classes: present 6/14 | absent 8 | counts [0:7, 2:19, 9:32, 10:12, 11:6, 13:20]
2026-08-22 01:06:40 | target_val classes: present 6/14 | absent 8 | counts [0:2, 2:5, 9:8, 10:4, 11:2, 13:5]
2026-08-22 01:06:40 | Paired training classes: 6/14 | class ids [0, 2, 9, 10, 11, 13]
2026-08-22 01:06:40 | VIS/IR pairing: class-level-unpaired | count-mismatch classes train/val: 10/0 | AIS alignment: none | AIS rows train/val: 0/0
2026-08-22 01:06:40 | Model parameters: total=17277714 | trainable=17120210
2026-08-22 01:07:01 | Epoch 001/100 | loss 9.4755 | cls 5.0281 | tal 0.0751 | dual_g 4.4250 | dual_d 0.0000 | train_acc 0.1484 | train_full 0.3125 | val_acc 0.2308 | val_f1 0.0769 | grad(main/disc) 33.713/0.000 | lr(main/disc) 7.00e-05/3.50e-05 | 20.7s
2026-08-22 01:07:01 | New best val_f1_macro_present: 0.0769 at epoch 1
2026-08-22 01:07:22 | Epoch 002/100 | loss 7.7397 | cls 4.1719 | tal -0.0332 | dual_g 3.5778 | dual_d 0.0000 | train_acc 0.1641 | train_full 0.2396 | val_acc 0.1538 | val_f1 0.1639 | grad(main/disc) 28.767/0.000 | lr(main/disc) 7.00e-05/3.50e-05 | 20.8s
2026-08-22 01:07:22 | New best val_f1_macro_present: 0.1639 at epoch 2
2026-08-22 01:07:44 | Epoch 003/100 | loss 7.0965 | cls 3.7647 | tal 0.0079 | dual_g 3.3295 | dual_d 0.0000 | train_acc 0.3125 | train_full 0.1875 | val_acc 0.0769 | val_f1 0.0513 | grad(main/disc) 25.312/0.000 | lr(main/disc) 7.00e-05/3.50e-05 | 21.2s
2026-08-22 01:08:05 | Epoch 004/100 | loss 6.5151 | cls 3.4583 | tal 0.0684 | dual_g 3.0363 | dual_d 0.0000 | train_acc 0.3906 | train_full 0.2812 | val_acc 0.2308 | val_f1 0.1408 | grad(main/disc) 22.993/0.000 | lr(main/disc) 7.00e-05/3.50e-05 | 21.1s
2026-08-22 01:08:25 | Epoch 005/100 | loss 5.8396 | cls 3.1386 | tal 0.0152 | dual_g 2.6964 | dual_d 0.0000 | train_acc 0.4688 | train_full 0.2917 | val_acc 0.2692 | val_f1 0.2006 | grad(main/disc) 21.203/0.000 | lr(main/disc) 7.00e-05/3.50e-05 | 20.5s
2026-08-22 01:08:26 | New best val_f1_macro_present: 0.2006 at epoch 5
2026-08-22 01:08:46 | Epoch 006/100 | loss 5.5351 | cls 3.0088 | tal 0.0222 | dual_g 2.5196 | dual_d 1.0010 | train_acc 0.5156 | train_full 0.2604 | val_acc 0.3462 | val_f1 0.2889 | grad(main/disc) 20.279/2.160 | lr(main/disc) 7.00e-05/3.50e-05 | 20.7s
2026-08-22 01:08:47 | New best val_f1_macro_present: 0.2889 at epoch 6
2026-08-22 01:09:08 | Epoch 007/100 | loss 5.0253 | cls 2.6245 | tal -0.0354 | dual_g 2.4114 | dual_d 0.9606 | train_acc 0.5156 | train_full 0.2812 | val_acc 0.3462 | val_f1 0.2806 | grad(main/disc) 18.479/1.933 | lr(main/disc) 7.00e-05/3.50e-05 | 21.0s
2026-08-22 01:09:30 | Epoch 008/100 | loss 4.9286 | cls 2.6549 | tal 0.0167 | dual_g 2.2687 | dual_d 0.9014 | train_acc 0.5781 | train_full 0.3646 | val_acc 0.4231 | val_f1 0.3099 | grad(main/disc) 17.952/1.958 | lr(main/disc) 7.00e-05/3.50e-05 | 22.0s
2026-08-22 01:09:30 | New best val_f1_macro_present: 0.3099 at epoch 8
2026-08-22 01:09:51 | Epoch 009/100 | loss 4.7787 | cls 2.5099 | tal 0.0145 | dual_g 2.2645 | dual_d 0.8945 | train_acc 0.5547 | train_full 0.4167 | val_acc 0.4231 | val_f1 0.3042 | grad(main/disc) 18.585/2.045 | lr(main/disc) 7.00e-05/3.50e-05 | 20.7s
2026-08-22 01:10:12 | Epoch 010/100 | loss 4.5304 | cls 2.3770 | tal -0.0287 | dual_g 2.1621 | dual_d 0.8847 | train_acc 0.7500 | train_full 0.4167 | val_acc 0.3846 | val_f1 0.2675 | grad(main/disc) 17.778/1.907 | lr(main/disc) 7.00e-05/3.50e-05 | 21.8s
2026-08-22 01:10:35 | Epoch 011/100 | loss 4.5860 | cls 2.4052 | tal 0.0201 | dual_g 2.1748 | dual_d 0.8778 | train_acc 0.7422 | train_full 0.3750 | val_acc 0.4231 | val_f1 0.3403 | grad(main/disc) 19.508/1.942 | lr(main/disc) 7.00e-05/3.50e-05 | 22.2s
2026-08-22 01:10:35 | New best val_f1_macro_present: 0.3403 at epoch 11
2026-08-22 01:10:56 | Epoch 012/100 | loss 4.1691 | cls 2.1547 | tal -0.0067 | dual_g 2.0164 | dual_d 0.8590 | train_acc 0.7500 | train_full 0.4688 | val_acc 0.4615 | val_f1 0.3733 | grad(main/disc) 17.617/1.917 | lr(main/disc) 7.00e-05/3.50e-05 | 21.2s
2026-08-22 01:10:56 | New best val_f1_macro_present: 0.3733 at epoch 12
2026-08-22 01:11:17 | Epoch 013/100 | loss 4.2041 | cls 2.1926 | tal 0.0398 | dual_g 1.9996 | dual_d 0.8779 | train_acc 0.7500 | train_full 0.4375 | val_acc 0.5385 | val_f1 0.4532 | grad(main/disc) 19.097/1.903 | lr(main/disc) 7.00e-05/3.50e-05 | 20.8s
2026-08-22 01:11:17 | New best val_f1_macro_present: 0.4532 at epoch 13
2026-08-22 01:11:39 | Epoch 014/100 | loss 3.9024 | cls 1.9342 | tal 0.0575 | dual_g 1.9509 | dual_d 0.8497 | train_acc 0.8047 | train_full 0.4688 | val_acc 0.5385 | val_f1 0.4954 | grad(main/disc) 16.266/1.803 | lr(main/disc) 7.00e-05/3.50e-05 | 21.5s
2026-08-22 01:11:39 | New best val_f1_macro_present: 0.4954 at epoch 14
2026-08-22 01:12:01 | Epoch 015/100 | loss 4.0682 | cls 2.1409 | tal 0.0896 | dual_g 1.9005 | dual_d 0.7608 | train_acc 0.7656 | train_full 0.5625 | val_acc 0.5000 | val_f1 0.4313 | grad(main/disc) 20.340/1.669 | lr(main/disc) 7.00e-05/3.50e-05 | 21.9s
2026-08-22 01:12:23 | Epoch 016/100 | loss 3.5178 | cls 1.7737 | tal 0.1432 | dual_g 1.7011 | dual_d 0.8718 | train_acc 0.8750 | train_full 0.6250 | val_acc 0.5385 | val_f1 0.4954 | grad(main/disc) 14.886/1.873 | lr(main/disc) 7.00e-05/3.50e-05 | 22.1s
2026-08-22 01:12:44 | Epoch 017/100 | loss 3.4133 | cls 1.7229 | tal 0.1389 | dual_g 1.6486 | dual_d 0.7643 | train_acc 0.8672 | train_full 0.5625 | val_acc 0.5385 | val_f1 0.4954 | grad(main/disc) 13.496/1.690 | lr(main/disc) 7.00e-05/3.50e-05 | 21.2s
2026-08-22 01:13:04 | Epoch 018/100 | loss 3.3854 | cls 1.7136 | tal 0.0825 | dual_g 1.6471 | dual_d 0.7819 | train_acc 0.8828 | train_full 0.6250 | val_acc 0.4615 | val_f1 0.4125 | grad(main/disc) 15.952/1.709 | lr(main/disc) 7.00e-05/3.50e-05 | 19.9s
2026-08-22 01:13:25 | Epoch 019/100 | loss 3.2305 | cls 1.6725 | tal 0.0989 | dual_g 1.5283 | dual_d 0.8144 | train_acc 0.8906 | train_full 0.7500 | val_acc 0.6923 | val_f1 0.7045 | grad(main/disc) 12.488/1.681 | lr(main/disc) 7.00e-05/3.50e-05 | 21.4s
2026-08-22 01:13:26 | New best val_f1_macro_present: 0.7045 at epoch 19
2026-08-22 01:13:47 | Epoch 020/100 | loss 3.4616 | cls 1.7819 | tal 0.0304 | dual_g 1.6706 | dual_d 0.7654 | train_acc 0.8984 | train_full 0.6771 | val_acc 0.6538 | val_f1 0.7170 | grad(main/disc) 20.675/1.668 | lr(main/disc) 7.00e-05/3.50e-05 | 21.5s
2026-08-22 01:13:47 | New best val_f1_macro_present: 0.7170 at epoch 20
2026-08-22 01:14:07 | Epoch 021/100 | loss 3.2672 | cls 1.6755 | tal 0.0189 | dual_g 1.5860 | dual_d 0.7538 | train_acc 0.8984 | train_full 0.6354 | val_acc 0.5769 | val_f1 0.5821 | grad(main/disc) 16.798/1.579 | lr(main/disc) 7.00e-05/3.50e-05 | 19.0s
2026-08-22 01:14:29 | Epoch 022/100 | loss 3.2404 | cls 1.6753 | tal -0.0055 | dual_g 1.5668 | dual_d 0.7948 | train_acc 0.9219 | train_full 0.7083 | val_acc 0.5385 | val_f1 0.5509 | grad(main/disc) 16.484/1.658 | lr(main/disc) 7.00e-05/3.50e-05 | 22.4s
2026-08-22 01:14:50 | Epoch 023/100 | loss 3.0641 | cls 1.5587 | tal 0.0148 | dual_g 1.5009 | dual_d 0.7674 | train_acc 0.9375 | train_full 0.6979 | val_acc 0.5385 | val_f1 0.4923 | grad(main/disc) 13.901/1.631 | lr(main/disc) 7.00e-05/3.50e-05 | 20.6s
2026-08-22 01:15:11 | Epoch 024/100 | loss 3.1904 | cls 1.5939 | tal 0.0095 | dual_g 1.5936 | dual_d 0.7975 | train_acc 0.9609 | train_full 0.7188 | val_acc 0.5385 | val_f1 0.4647 | grad(main/disc) 14.518/1.651 | lr(main/disc) 7.00e-05/3.50e-05 | 21.4s
2026-08-22 01:15:32 | Epoch 025/100 | loss 3.2878 | cls 1.6626 | tal 0.0087 | dual_g 1.6226 | dual_d 0.8185 | train_acc 0.9141 | train_full 0.7396 | val_acc 0.6923 | val_f1 0.6490 | grad(main/disc) 16.514/1.623 | lr(main/disc) 7.00e-05/3.50e-05 | 20.7s
2026-08-22 01:15:52 | Epoch 026/100 | loss 3.1677 | cls 1.6178 | tal 0.0348 | dual_g 1.5395 | dual_d 0.7330 | train_acc 0.9062 | train_full 0.7083 | val_acc 0.6154 | val_f1 0.5681 | grad(main/disc) 16.752/1.579 | lr(main/disc) 7.00e-05/3.50e-05 | 20.6s
2026-08-22 01:16:13 | Epoch 027/100 | loss 3.0968 | cls 1.5432 | tal 0.0179 | dual_g 1.5482 | dual_d 0.7289 | train_acc 0.9453 | train_full 0.7604 | val_acc 0.6923 | val_f1 0.6403 | grad(main/disc) 14.667/1.576 | lr(main/disc) 3.50e-05/1.75e-05 | 21.2s
2026-08-22 01:16:34 | Epoch 028/100 | loss 3.1079 | cls 1.5637 | tal 0.0471 | dual_g 1.5301 | dual_d 0.8049 | train_acc 0.9453 | train_full 0.8750 | val_acc 0.8077 | val_f1 0.7972 | grad(main/disc) 15.179/1.663 | lr(main/disc) 3.50e-05/1.75e-05 | 20.8s
2026-08-22 01:16:34 | New best val_f1_macro_present: 0.7972 at epoch 28
2026-08-22 01:16:56 | Epoch 029/100 | loss 3.1645 | cls 1.6078 | tal 0.0474 | dual_g 1.5425 | dual_d 0.7634 | train_acc 0.9453 | train_full 0.8333 | val_acc 0.8846 | val_f1 0.9192 | grad(main/disc) 14.155/1.658 | lr(main/disc) 3.50e-05/1.75e-05 | 21.5s
2026-08-22 01:16:56 | New best val_f1_macro_present: 0.9192 at epoch 29
2026-08-22 01:17:18 | Epoch 030/100 | loss 3.0300 | cls 1.5491 | tal 0.0376 | dual_g 1.4696 | dual_d 0.7608 | train_acc 0.9609 | train_full 0.8542 | val_acc 0.8077 | val_f1 0.8319 | grad(main/disc) 12.962/1.625 | lr(main/disc) 3.50e-05/1.75e-05 | 22.0s
2026-08-22 01:17:40 | Epoch 031/100 | loss 2.9373 | cls 1.5011 | tal 0.0293 | dual_g 1.4274 | dual_d 0.7791 | train_acc 0.9844 | train_full 0.8750 | val_acc 0.8462 | val_f1 0.8545 | grad(main/disc) 12.226/1.650 | lr(main/disc) 3.50e-05/1.75e-05 | 22.0s
2026-08-22 01:18:02 | Epoch 032/100 | loss 3.0625 | cls 1.5357 | tal 0.0418 | dual_g 1.5143 | dual_d 0.7577 | train_acc 0.9688 | train_full 0.8229 | val_acc 0.7692 | val_f1 0.7976 | grad(main/disc) 16.703/1.590 | lr(main/disc) 3.50e-05/1.75e-05 | 21.3s
2026-08-22 01:18:23 | Epoch 033/100 | loss 2.9045 | cls 1.4602 | tal 0.0017 | dual_g 1.4439 | dual_d 0.8526 | train_acc 0.9766 | train_full 0.7812 | val_acc 0.6923 | val_f1 0.7310 | grad(main/disc) 10.368/1.716 | lr(main/disc) 3.50e-05/1.75e-05 | 21.7s
2026-08-22 01:18:45 | Epoch 034/100 | loss 2.8339 | cls 1.4292 | tal -0.0113 | dual_g 1.4081 | dual_d 0.7924 | train_acc 0.9766 | train_full 0.7917 | val_acc 0.7692 | val_f1 0.8189 | grad(main/disc) 18.972/1.595 | lr(main/disc) 3.50e-05/1.75e-05 | 21.3s
2026-08-22 01:19:05 | Epoch 035/100 | loss 2.8947 | cls 1.4858 | tal 0.0003 | dual_g 1.4088 | dual_d 0.7511 | train_acc 0.9453 | train_full 0.8021 | val_acc 0.8462 | val_f1 0.8734 | grad(main/disc) 19.076/1.602 | lr(main/disc) 3.50e-05/1.75e-05 | 20.5s
2026-08-22 01:19:26 | Epoch 036/100 | loss 2.9332 | cls 1.4876 | tal -0.0211 | dual_g 1.4519 | dual_d 0.7812 | train_acc 0.9531 | train_full 0.8333 | val_acc 0.8077 | val_f1 0.8296 | grad(main/disc) 18.496/1.711 | lr(main/disc) 1.75e-05/8.75e-06 | 21.0s
2026-08-22 01:19:48 | Epoch 037/100 | loss 2.8835 | cls 1.4375 | tal -0.0218 | dual_g 1.4526 | dual_d 0.7921 | train_acc 0.9844 | train_full 0.8125 | val_acc 0.8462 | val_f1 0.8627 | grad(main/disc) 15.537/1.717 | lr(main/disc) 1.75e-05/8.75e-06 | 22.0s
2026-08-22 01:20:08 | Epoch 038/100 | loss 2.7780 | cls 1.3819 | tal -0.0930 | dual_g 1.4240 | dual_d 0.8313 | train_acc 0.9844 | train_full 0.8125 | val_acc 0.8462 | val_f1 0.8869 | grad(main/disc) 9.903/1.729 | lr(main/disc) 1.75e-05/8.75e-06 | 20.0s
2026-08-22 01:20:08 | Early stopping at epoch 38 after 9 epochs without val_f1_macro_present improvement.
2026-08-22 01:20:08 | Training complete. Best validation accuracy: 0.8846 | best val_f1_macro_present: 0.9192
