2026-08-29 17:30:43 | Starting Dual_D standalone training
2026-08-29 17:30:43 | Run directory: runs/module_c_ablation_60_v7/module_c_20260829_145907/module_c_no_paired_contrastive_雨天_20260829_170127
2026-08-29 17:30:43 | Device: cuda
2026-08-29 17:30:43 | Source train samples: 992
2026-08-29 17:30:43 | Target train samples: 96
2026-08-29 17:30:43 | Target val samples: 26
2026-08-29 17:30:43 | Classes: 14
2026-08-29 17:30:43 | Data audit: same_dir=False | path_overlap(vis/ir/ais)=0/0/0 | content_overlap(vis/ir/ais)=0/0/0 | ais_index_overlap=0 | stem_mismatch(vis-ir/vis-ais)=117/0
2026-08-29 17:30:43 | source_train classes: present 14/14 | absent 0 | counts [0:120, 1:44, 2:69, 3:45, 4:40, 5:30, 6:64, 7:80, 8:116, 9:68, 10:57, 11:83, 12:48, 13:128]
2026-08-29 17:30:43 | target_train classes: present 6/14 | absent 8 | counts [0:7, 2:19, 9:32, 10:12, 11:6, 13:20]
2026-08-29 17:30:43 | target_val classes: present 6/14 | absent 8 | counts [0:2, 2:5, 9:8, 10:4, 11:2, 13:5]
2026-08-29 17:30:43 | Paired training classes: 6/14 | class ids [0, 2, 9, 10, 11, 13]
2026-08-29 17:30:43 | Runtime profile: batch=92 | paired_steps=4 | workers=16 | train_eval_every=5 | raw_eval_every=5 | stability_window=3 | lr_scheduler_start=24 | early_stop=20 after min_epoch=50
2026-08-29 17:30:43 | VIS/IR pairing: class-level-unpaired | count-mismatch classes train/val: 10/0 | AIS alignment: none | AIS rows train/val: 0/0
2026-08-29 17:30:44 | Effective Dual-D loss weights: {"adv_auxiliary": 0.02, "adv_primary": 0.02, "classification": 0.6, "contrastive": 0.0, "cycle": 0.1, "identity": 0.015, "prototype_contrastive": 0.02}
2026-08-29 17:30:44 | Model parameters: total=17277714 | trainable=17120210
2026-08-29 17:30:49 | Epoch 001/060 | loss 5.8783 | cls 5.8893 | tal -0.0366 | dual_g 0.0000 | dual_d 0.0000 | train_acc 0.1087 | train_full 0.1458 | val_acc 0.0385 | val_f1 0.0159 | adv/moduleC 0.00/0.00 | disc_steps 0 | grad(main/disc) 18.815/0.000 | lr(main/disc) 1.00e-04/3.00e-05 | cuda_peak(alloc/resv) 21.77/28.18GB | phase(train/val/raw/train_eval) 3.4/0.4/0.4/0.6s | 4.8s
2026-08-29 17:30:52 | Epoch 002/060 | loss 4.2370 | cls 4.2666 | tal -0.0986 | dual_g 0.0000 | dual_d 0.0000 | train_acc 0.2799 | train_full n/a | val_acc 0.1154 | val_f1 0.0812 | adv/moduleC 0.00/0.00 | disc_steps 0 | grad(main/disc) 14.104/0.000 | lr(main/disc) 1.00e-04/3.00e-05 | cuda_peak(alloc/resv) 21.77/28.18GB | phase(train/val/raw/train_eval) 2.7/0.4/0.0/0.0s | 3.2s
2026-08-29 17:30:56 | Epoch 003/060 | loss 3.3735 | cls 3.3873 | tal -0.0457 | dual_g 0.0000 | dual_d 0.0000 | train_acc 0.4973 | train_full n/a | val_acc 0.1154 | val_f1 0.0972 | adv/moduleC 0.00/0.00 | disc_steps 0 | grad(main/disc) 10.979/0.000 | lr(main/disc) 1.00e-04/3.00e-05 | cuda_peak(alloc/resv) 21.77/28.18GB | phase(train/val/raw/train_eval) 3.0/0.4/0.4/0.0s | 3.9s
2026-08-29 17:30:59 | New best val_f1_macro_present: raw=0.0972 stable_score=0.0159 at epoch 3
2026-08-29 17:31:03 | Epoch 004/060 | loss 3.1121 | cls 2.8458 | tal -0.0693 | dual_g 0.2871 | dual_d 0.0000 | train_acc 0.6033 | train_full n/a | val_acc 0.1154 | val_f1 0.1000 | adv/moduleC 0.00/0.14 | disc_steps 0 | grad(main/disc) 10.377/0.000 | lr(main/disc) 1.00e-04/3.00e-05 | cuda_peak(alloc/resv) 21.77/28.18GB | phase(train/val/raw/train_eval) 3.0/0.4/0.4/0.0s | 3.8s
2026-08-29 17:31:05 | New best val_f1_macro_present: raw=0.1000 stable_score=0.0812 at epoch 4
2026-08-29 17:31:10 | Epoch 005/060 | loss 2.9584 | cls 2.4807 | tal -0.0598 | dual_g 0.4957 | dual_d 0.0000 | train_acc 0.7364 | train_full 0.0833 | val_acc 0.1538 | val_f1 0.1092 | adv/moduleC 0.00/0.29 | disc_steps 0 | grad(main/disc) 9.468/0.000 | lr(main/disc) 1.00e-04/3.00e-05 | cuda_peak(alloc/resv) 21.77/28.18GB | phase(train/val/raw/train_eval) 3.0/0.4/0.4/0.6s | 4.5s
2026-08-29 17:31:12 | New best val_f1_macro_present: raw=0.1092 stable_score=0.0972 at epoch 5
2026-08-29 17:31:16 | Epoch 006/060 | loss 2.7492 | cls 2.1451 | tal -0.0738 | dual_g 0.6263 | dual_d 1.0181 | train_acc 0.7690 | train_full n/a | val_acc 0.2308 | val_f1 0.1688 | adv/moduleC 0.07/0.43 | disc_steps 2 | grad(main/disc) 8.743/1.969 | lr(main/disc) 1.00e-04/3.00e-05 | cuda_peak(alloc/resv) 21.77/28.18GB | phase(train/val/raw/train_eval) 2.9/0.4/0.4/0.0s | 3.8s
2026-08-29 17:31:19 | New best val_f1_macro_present: raw=0.1688 stable_score=0.1000 at epoch 6
2026-08-29 17:31:23 | Epoch 007/060 | loss 2.5899 | cls 1.8580 | tal -0.0613 | dual_g 0.7502 | dual_d 1.0099 | train_acc 0.8397 | train_full n/a | val_acc 0.2692 | val_f1 0.1888 | adv/moduleC 0.13/0.57 | disc_steps 2 | grad(main/disc) 8.651/1.932 | lr(main/disc) 1.00e-04/3.00e-05 | cuda_peak(alloc/resv) 21.77/28.18GB | phase(train/val/raw/train_eval) 3.1/0.4/0.4/0.0s | 4.0s
2026-08-29 17:31:26 | New best val_f1_macro_present: raw=0.1888 stable_score=0.1092 at epoch 7
2026-08-29 17:31:29 | Epoch 008/060 | loss 2.5741 | cls 1.7600 | tal -0.1241 | dual_g 0.8513 | dual_d 0.9813 | train_acc 0.8832 | train_full n/a | val_acc 0.2692 | val_f1 0.2275 | adv/moduleC 0.20/0.71 | disc_steps 2 | grad(main/disc) 9.400/1.906 | lr(main/disc) 1.00e-04/3.00e-05 | cuda_peak(alloc/resv) 21.77/28.18GB | phase(train/val/raw/train_eval) 2.8/0.4/0.4/0.0s | 3.6s
2026-08-29 17:31:32 | New best val_f1_macro_present: raw=0.2275 stable_score=0.1688 at epoch 8
2026-08-29 17:31:36 | Epoch 009/060 | loss 2.4880 | cls 1.5655 | tal -0.0815 | dual_g 0.9469 | dual_d 0.9591 | train_acc 0.9429 | train_full n/a | val_acc 0.5000 | val_f1 0.5048 | adv/moduleC 0.27/0.86 | disc_steps 2 | grad(main/disc) 8.633/1.879 | lr(main/disc) 1.00e-04/3.00e-05 | cuda_peak(alloc/resv) 21.77/28.18GB | phase(train/val/raw/train_eval) 3.0/0.4/0.4/0.0s | 3.8s
2026-08-29 17:31:38 | New best val_f1_macro_present: raw=0.5048 stable_score=0.1888 at epoch 9
2026-08-29 17:31:43 | Epoch 010/060 | loss 2.4373 | cls 1.4461 | tal -0.1151 | dual_g 1.0257 | dual_d 0.9727 | train_acc 0.9429 | train_full 0.4375 | val_acc 0.3846 | val_f1 0.3948 | adv/moduleC 0.33/1.00 | disc_steps 2 | grad(main/disc) 9.118/1.832 | lr(main/disc) 1.00e-04/3.00e-05 | cuda_peak(alloc/resv) 21.77/28.18GB | phase(train/val/raw/train_eval) 3.0/0.4/0.4/0.6s | 4.5s
2026-08-29 17:31:46 | New best val_f1_macro_present: raw=0.3948 stable_score=0.2275 at epoch 10
2026-08-29 17:31:49 | Epoch 011/060 | loss 2.2809 | cls 1.3590 | tal -0.1309 | dual_g 0.9612 | dual_d 0.9586 | train_acc 0.9565 | train_full n/a | val_acc 0.5385 | val_f1 0.5678 | adv/moduleC 0.40/1.00 | disc_steps 2 | grad(main/disc) 7.917/1.796 | lr(main/disc) 1.00e-04/3.00e-05 | cuda_peak(alloc/resv) 21.77/28.18GB | phase(train/val/raw/train_eval) 2.8/0.4/0.4/0.0s | 3.7s
2026-08-29 17:31:52 | New best val_f1_macro_present: raw=0.5678 stable_score=0.3948 at epoch 11
2026-08-29 17:31:56 | Epoch 012/060 | loss 2.1246 | cls 1.2793 | tal -0.1634 | dual_g 0.8944 | dual_d 0.9783 | train_acc 0.9864 | train_full n/a | val_acc 0.6154 | val_f1 0.6684 | adv/moduleC 0.47/1.00 | disc_steps 2 | grad(main/disc) 7.092/1.788 | lr(main/disc) 1.00e-04/3.00e-05 | cuda_peak(alloc/resv) 21.77/28.18GB | phase(train/val/raw/train_eval) 3.2/0.4/0.0/0.0s | 3.6s
2026-08-29 17:32:00 | Epoch 013/060 | loss 2.0489 | cls 1.2130 | tal -0.1165 | dual_g 0.8709 | dual_d 0.9146 | train_acc 0.9891 | train_full n/a | val_acc 0.8077 | val_f1 0.8309 | adv/moduleC 0.53/1.00 | disc_steps 2 | grad(main/disc) 8.772/1.706 | lr(main/disc) 1.00e-04/3.00e-05 | cuda_peak(alloc/resv) 21.77/28.18GB | phase(train/val/raw/train_eval) 3.1/0.4/0.4/0.0s | 4.0s
2026-08-29 17:32:02 | New best val_f1_macro_present: raw=0.8309 stable_score=0.5678 at epoch 13
2026-08-29 17:32:06 | Epoch 014/060 | loss 2.0077 | cls 1.1905 | tal -0.1150 | dual_g 0.8517 | dual_d 0.9249 | train_acc 0.9918 | train_full n/a | val_acc 0.7308 | val_f1 0.7960 | adv/moduleC 0.60/1.00 | disc_steps 2 | grad(main/disc) 9.315/1.720 | lr(main/disc) 1.00e-04/3.00e-05 | cuda_peak(alloc/resv) 21.77/28.18GB | phase(train/val/raw/train_eval) 2.8/0.4/0.4/0.0s | 3.7s
2026-08-29 17:32:09 | New best val_f1_macro_present: raw=0.7960 stable_score=0.6684 at epoch 14
2026-08-29 17:32:13 | Epoch 015/060 | loss 2.0329 | cls 1.2414 | tal -0.1730 | dual_g 0.8433 | dual_d 0.8934 | train_acc 0.9891 | train_full 0.8021 | val_acc 0.8462 | val_f1 0.8824 | adv/moduleC 0.67/1.00 | disc_steps 2 | grad(main/disc) 11.891/1.655 | lr(main/disc) 1.00e-04/3.00e-05 | cuda_peak(alloc/resv) 21.77/28.18GB | phase(train/val/raw/train_eval) 3.0/0.4/0.4/0.6s | 4.5s
2026-08-29 17:32:16 | New best val_f1_macro_present: raw=0.8824 stable_score=0.7960 at epoch 15
2026-08-29 17:32:19 | Epoch 016/060 | loss 1.9270 | cls 1.1558 | tal -0.1742 | dual_g 0.8234 | dual_d 0.9173 | train_acc 0.9918 | train_full n/a | val_acc 0.8846 | val_f1 0.8731 | adv/moduleC 0.73/1.00 | disc_steps 2 | grad(main/disc) 7.859/1.639 | lr(main/disc) 1.00e-04/3.00e-05 | cuda_peak(alloc/resv) 21.77/28.18GB | phase(train/val/raw/train_eval) 2.6/0.4/0.0/0.0s | 3.1s
2026-08-29 17:32:23 | Epoch 017/060 | loss 1.9113 | cls 1.1442 | tal -0.1515 | dual_g 0.8126 | dual_d 0.9123 | train_acc 0.9918 | train_full n/a | val_acc 0.8846 | val_f1 0.8852 | adv/moduleC 0.80/1.00 | disc_steps 2 | grad(main/disc) 6.060/1.641 | lr(main/disc) 1.00e-04/3.00e-05 | cuda_peak(alloc/resv) 21.77/28.18GB | phase(train/val/raw/train_eval) 3.3/0.4/0.4/0.0s | 4.2s
2026-08-29 17:32:26 | New best val_f1_macro_present: raw=0.8852 stable_score=0.8731 at epoch 17
2026-08-29 17:32:29 | Epoch 018/060 | loss 1.8749 | cls 1.1098 | tal -0.1312 | dual_g 0.8044 | dual_d 0.9411 | train_acc 0.9918 | train_full n/a | val_acc 0.9231 | val_f1 0.9370 | adv/moduleC 0.87/1.00 | disc_steps 2 | grad(main/disc) 5.545/1.642 | lr(main/disc) 1.00e-04/3.00e-05 | cuda_peak(alloc/resv) 21.77/28.18GB | phase(train/val/raw/train_eval) 3.1/0.4/0.0/0.0s | 3.5s
2026-08-29 17:32:33 | Epoch 019/060 | loss 1.8498 | cls 1.1044 | tal -0.1440 | dual_g 0.7885 | dual_d 0.9234 | train_acc 0.9973 | train_full n/a | val_acc 0.9615 | val_f1 0.9704 | adv/moduleC 0.93/1.00 | disc_steps 2 | grad(main/disc) 4.890/1.600 | lr(main/disc) 1.00e-04/3.00e-05 | cuda_peak(alloc/resv) 21.77/28.18GB | phase(train/val/raw/train_eval) 3.0/0.4/0.4/0.0s | 3.9s
2026-08-29 17:32:36 | New best val_f1_macro_present: raw=0.9704 stable_score=0.8852 at epoch 19
2026-08-29 17:32:40 | Epoch 020/060 | loss 1.8243 | cls 1.0813 | tal -0.1290 | dual_g 0.7817 | dual_d 1.0116 | train_acc 1.0000 | train_full 0.9375 | val_acc 0.9615 | val_f1 0.9481 | adv/moduleC 1.00/1.00 | disc_steps 2 | grad(main/disc) 4.436/1.643 | lr(main/disc) 1.00e-04/3.00e-05 | cuda_peak(alloc/resv) 21.77/28.18GB | phase(train/val/raw/train_eval) 2.8/0.4/0.4/0.6s | 4.3s
2026-08-29 17:32:43 | New best val_f1_macro_present: raw=0.9481 stable_score=0.9370 at epoch 20
2026-08-29 17:32:46 | Epoch 021/060 | loss 1.7884 | cls 1.0673 | tal -0.1814 | dual_g 0.7755 | dual_d 0.9976 | train_acc 1.0000 | train_full n/a | val_acc 0.9615 | val_f1 0.9704 | adv/moduleC 1.00/1.00 | disc_steps 2 | grad(main/disc) 4.933/1.668 | lr(main/disc) 1.00e-04/3.00e-05 | cuda_peak(alloc/resv) 21.77/28.18GB | phase(train/val/raw/train_eval) 2.9/0.4/0.4/0.0s | 3.7s
2026-08-29 17:32:49 | New best val_f1_macro_present: raw=0.9704 stable_score=0.9481 at epoch 21
2026-08-29 17:32:52 | Epoch 022/060 | loss 1.7704 | cls 1.0658 | tal -0.1914 | dual_g 0.7620 | dual_d 0.9761 | train_acc 0.9973 | train_full n/a | val_acc 0.8846 | val_f1 0.9018 | adv/moduleC 1.00/1.00 | disc_steps 2 | grad(main/disc) 4.159/1.607 | lr(main/disc) 1.00e-04/3.00e-05 | cuda_peak(alloc/resv) 21.77/28.18GB | phase(train/val/raw/train_eval) 2.8/0.4/0.0/0.0s | 3.2s
2026-08-29 17:32:56 | Epoch 023/060 | loss 1.7657 | cls 1.0566 | tal -0.1619 | dual_g 0.7576 | dual_d 1.0406 | train_acc 1.0000 | train_full n/a | val_acc 0.9615 | val_f1 0.9630 | adv/moduleC 1.00/1.00 | disc_steps 2 | grad(main/disc) 3.996/1.593 | lr(main/disc) 1.00e-04/3.00e-05 | cuda_peak(alloc/resv) 21.77/28.18GB | phase(train/val/raw/train_eval) 3.1/0.4/0.0/0.0s | 3.5s
2026-08-29 17:32:59 | Epoch 024/060 | loss 1.7640 | cls 1.0582 | tal -0.1826 | dual_g 0.7605 | dual_d 1.0568 | train_acc 0.9918 | train_full n/a | val_acc 1.0000 | val_f1 1.0000 | adv/moduleC 1.00/1.00 | disc_steps 2 | grad(main/disc) 4.831/1.684 | lr(main/disc) 1.00e-04/3.00e-05 | cuda_peak(alloc/resv) 21.77/28.18GB | phase(train/val/raw/train_eval) 2.9/0.4/0.0/0.0s | 3.3s
2026-08-29 17:33:04 | Epoch 025/060 | loss 1.7295 | cls 1.0457 | tal -0.1810 | dual_g 0.7380 | dual_d 1.0580 | train_acc 0.9973 | train_full 0.9479 | val_acc 0.9231 | val_f1 0.9370 | adv/moduleC 1.00/1.00 | disc_steps 2 | grad(main/disc) 4.003/1.658 | lr(main/disc) 1.00e-04/3.00e-05 | cuda_peak(alloc/resv) 21.77/28.18GB | phase(train/val/raw/train_eval) 2.9/0.4/0.4/0.6s | 4.4s
2026-08-29 17:33:07 | Epoch 026/060 | loss 1.7316 | cls 1.0533 | tal -0.2322 | dual_g 0.7480 | dual_d 1.1309 | train_acc 0.9973 | train_full n/a | val_acc 0.9231 | val_f1 0.9370 | adv/moduleC 1.00/1.00 | disc_steps 2 | grad(main/disc) 5.056/1.679 | lr(main/disc) 1.00e-04/3.00e-05 | cuda_peak(alloc/resv) 21.77/28.18GB | phase(train/val/raw/train_eval) 3.3/0.4/0.0/0.0s | 3.7s
2026-08-29 17:33:11 | Epoch 027/060 | loss 1.7311 | cls 1.0452 | tal -0.1551 | dual_g 0.7324 | dual_d 1.1410 | train_acc 1.0000 | train_full n/a | val_acc 0.9615 | val_f1 0.9630 | adv/moduleC 1.00/1.00 | disc_steps 2 | grad(main/disc) 3.193/1.666 | lr(main/disc) 1.00e-04/3.00e-05 | cuda_peak(alloc/resv) 21.77/28.18GB | phase(train/val/raw/train_eval) 2.8/0.4/0.0/0.0s | 3.2s
2026-08-29 17:33:14 | Epoch 028/060 | loss 1.7032 | cls 1.0306 | tal -0.1976 | dual_g 0.7319 | dual_d 1.1573 | train_acc 1.0000 | train_full n/a | val_acc 1.0000 | val_f1 1.0000 | adv/moduleC 1.00/1.00 | disc_steps 2 | grad(main/disc) 3.015/1.659 | lr(main/disc) 1.00e-04/3.00e-05 | cuda_peak(alloc/resv) 21.77/28.18GB | phase(train/val/raw/train_eval) 3.0/0.4/0.0/0.0s | 3.4s
2026-08-29 17:33:18 | Epoch 029/060 | loss 1.7060 | cls 1.0432 | tal -0.2113 | dual_g 0.7263 | dual_d 1.1116 | train_acc 1.0000 | train_full n/a | val_acc 1.0000 | val_f1 1.0000 | adv/moduleC 1.00/1.00 | disc_steps 2 | grad(main/disc) 2.913/1.653 | lr(main/disc) 1.00e-04/3.00e-05 | cuda_peak(alloc/resv) 21.77/28.18GB | phase(train/val/raw/train_eval) 2.8/0.4/0.4/0.0s | 3.6s
2026-08-29 17:33:20 | New best val_f1_macro_present: raw=1.0000 stable_score=0.9630 at epoch 29
2026-08-29 17:33:25 | Epoch 030/060 | loss 1.7011 | cls 1.0414 | tal -0.2338 | dual_g 0.7298 | dual_d 1.1999 | train_acc 1.0000 | train_full 0.9688 | val_acc 0.9615 | val_f1 0.9663 | adv/moduleC 1.00/1.00 | disc_steps 2 | grad(main/disc) 3.051/1.699 | lr(main/disc) 1.00e-04/3.00e-05 | cuda_peak(alloc/resv) 21.77/28.18GB | phase(train/val/raw/train_eval) 3.1/0.4/0.4/0.6s | 4.6s
2026-08-29 17:33:28 | New best val_f1_macro_present: raw=0.9663 stable_score=0.9663 at epoch 30
2026-08-29 17:33:31 | Epoch 031/060 | loss 1.6544 | cls 1.0167 | tal -0.2676 | dual_g 0.7180 | dual_d 1.2155 | train_acc 1.0000 | train_full n/a | val_acc 0.9615 | val_f1 0.9630 | adv/moduleC 1.00/1.00 | disc_steps 2 | grad(main/disc) 1.735/1.695 | lr(main/disc) 1.00e-04/3.00e-05 | cuda_peak(alloc/resv) 21.77/28.18GB | phase(train/val/raw/train_eval) 2.7/0.4/0.0/0.0s | 3.2s
2026-08-29 17:33:34 | Epoch 032/060 | loss 1.6663 | cls 1.0229 | tal -0.2553 | dual_g 0.7199 | dual_d 1.2231 | train_acc 1.0000 | train_full n/a | val_acc 0.9231 | val_f1 0.9250 | adv/moduleC 1.00/1.00 | disc_steps 2 | grad(main/disc) 2.690/1.697 | lr(main/disc) 1.00e-04/3.00e-05 | cuda_peak(alloc/resv) 21.77/28.18GB | phase(train/val/raw/train_eval) 2.7/0.4/0.0/0.0s | 3.1s
2026-08-29 17:33:37 | Epoch 033/060 | loss 1.6506 | cls 1.0153 | tal -0.2642 | dual_g 0.7146 | dual_d 1.2125 | train_acc 1.0000 | train_full n/a | val_acc 0.9615 | val_f1 0.9630 | adv/moduleC 1.00/1.00 | disc_steps 2 | grad(main/disc) 2.089/1.706 | lr(main/disc) 1.00e-04/3.00e-05 | cuda_peak(alloc/resv) 21.77/28.18GB | phase(train/val/raw/train_eval) 3.1/0.4/0.0/0.0s | 3.5s
2026-08-29 17:33:41 | Epoch 034/060 | loss 1.6498 | cls 1.0156 | tal -0.2553 | dual_g 0.7108 | dual_d 1.2362 | train_acc 0.9973 | train_full n/a | val_acc 0.9615 | val_f1 0.9663 | adv/moduleC 1.00/1.00 | disc_steps 2 | grad(main/disc) 1.898/1.717 | lr(main/disc) 1.00e-04/3.00e-05 | cuda_peak(alloc/resv) 21.77/28.18GB | phase(train/val/raw/train_eval) 2.7/0.4/0.0/0.0s | 3.1s
2026-08-29 17:33:45 | Epoch 035/060 | loss 1.6385 | cls 1.0186 | tal -0.2837 | dual_g 0.7050 | dual_d 1.2127 | train_acc 1.0000 | train_full 0.9479 | val_acc 0.9615 | val_f1 0.9663 | adv/moduleC 1.00/1.00 | disc_steps 2 | grad(main/disc) 2.226/1.685 | lr(main/disc) 1.00e-04/3.00e-05 | cuda_peak(alloc/resv) 21.77/28.18GB | phase(train/val/raw/train_eval) 3.2/0.4/0.4/0.6s | 4.6s
2026-08-29 17:33:49 | Epoch 036/060 | loss 1.6537 | cls 1.0246 | tal -0.2852 | dual_g 0.7147 | dual_d 1.2676 | train_acc 0.9973 | train_full n/a | val_acc 0.9615 | val_f1 0.9663 | adv/moduleC 1.00/1.00 | disc_steps 2 | grad(main/disc) 2.688/1.702 | lr(main/disc) 1.00e-04/3.00e-05 | cuda_peak(alloc/resv) 21.77/28.18GB | phase(train/val/raw/train_eval) 2.9/0.4/0.0/0.0s | 3.3s
2026-08-29 17:33:52 | Epoch 037/060 | loss 1.6166 | cls 1.0050 | tal -0.2971 | dual_g 0.7008 | dual_d 1.1827 | train_acc 1.0000 | train_full n/a | val_acc 1.0000 | val_f1 1.0000 | adv/moduleC 1.00/1.00 | disc_steps 2 | grad(main/disc) 2.018/1.624 | lr(main/disc) 5.00e-05/1.50e-05 | cuda_peak(alloc/resv) 21.77/28.18GB | phase(train/val/raw/train_eval) 3.1/0.4/0.0/0.0s | 3.6s
2026-08-29 17:33:56 | Epoch 038/060 | loss 1.6090 | cls 1.0057 | tal -0.3105 | dual_g 0.6965 | dual_d 1.2228 | train_acc 1.0000 | train_full n/a | val_acc 1.0000 | val_f1 1.0000 | adv/moduleC 1.00/1.00 | disc_steps 2 | grad(main/disc) 1.798/1.677 | lr(main/disc) 5.00e-05/1.50e-05 | cuda_peak(alloc/resv) 21.77/28.18GB | phase(train/val/raw/train_eval) 3.1/0.4/0.0/0.0s | 3.5s
2026-08-29 17:33:59 | Epoch 039/060 | loss 1.6194 | cls 1.0124 | tal -0.3161 | dual_g 0.7019 | dual_d 1.1899 | train_acc 1.0000 | train_full n/a | val_acc 1.0000 | val_f1 1.0000 | adv/moduleC 1.00/1.00 | disc_steps 2 | grad(main/disc) 1.774/1.646 | lr(main/disc) 5.00e-05/1.50e-05 | cuda_peak(alloc/resv) 21.77/28.18GB | phase(train/val/raw/train_eval) 2.9/0.4/0.4/0.0s | 3.7s
2026-08-29 17:34:02 | New best val_f1_macro_present: raw=1.0000 stable_score=1.0000 at epoch 39
2026-08-29 17:34:06 | Epoch 040/060 | loss 1.6126 | cls 1.0073 | tal -0.3285 | dual_g 0.7038 | dual_d 1.1636 | train_acc 1.0000 | train_full 1.0000 | val_acc 1.0000 | val_f1 1.0000 | adv/moduleC 1.00/1.00 | disc_steps 2 | grad(main/disc) 1.660/1.601 | lr(main/disc) 5.00e-05/1.50e-05 | cuda_peak(alloc/resv) 21.77/28.18GB | phase(train/val/raw/train_eval) 2.9/0.4/0.4/0.6s | 4.4s
2026-08-29 17:34:10 | Epoch 041/060 | loss 1.5974 | cls 1.0000 | tal -0.3272 | dual_g 0.6955 | dual_d 1.1575 | train_acc 1.0000 | train_full n/a | val_acc 0.9615 | val_f1 0.9630 | adv/moduleC 1.00/1.00 | disc_steps 2 | grad(main/disc) 1.325/1.592 | lr(main/disc) 5.00e-05/1.50e-05 | cuda_peak(alloc/resv) 21.77/28.18GB | phase(train/val/raw/train_eval) 2.8/0.4/0.0/0.0s | 3.3s
2026-08-29 17:34:13 | Epoch 042/060 | loss 1.6104 | cls 1.0100 | tal -0.3267 | dual_g 0.6984 | dual_d 1.1475 | train_acc 1.0000 | train_full n/a | val_acc 0.9615 | val_f1 0.9630 | adv/moduleC 1.00/1.00 | disc_steps 2 | grad(main/disc) 1.490/1.585 | lr(main/disc) 5.00e-05/1.50e-05 | cuda_peak(alloc/resv) 21.77/28.18GB | phase(train/val/raw/train_eval) 2.9/0.4/0.0/0.0s | 3.3s
2026-08-29 17:34:16 | Epoch 043/060 | loss 1.6010 | cls 1.0072 | tal -0.3379 | dual_g 0.6951 | dual_d 1.1891 | train_acc 0.9973 | train_full n/a | val_acc 0.9615 | val_f1 0.9630 | adv/moduleC 1.00/1.00 | disc_steps 2 | grad(main/disc) 1.802/1.634 | lr(main/disc) 5.00e-05/1.50e-05 | cuda_peak(alloc/resv) 21.77/28.18GB | phase(train/val/raw/train_eval) 2.8/0.4/0.0/0.0s | 3.2s
2026-08-29 17:34:19 | Epoch 044/060 | loss 1.6073 | cls 1.0077 | tal -0.3107 | dual_g 0.6928 | dual_d 1.2566 | train_acc 0.9973 | train_full n/a | val_acc 0.9615 | val_f1 0.9630 | adv/moduleC 1.00/1.00 | disc_steps 2 | grad(main/disc) 1.696/1.718 | lr(main/disc) 5.00e-05/1.50e-05 | cuda_peak(alloc/resv) 21.77/28.18GB | phase(train/val/raw/train_eval) 2.8/0.4/0.0/0.0s | 3.2s
2026-08-29 17:34:24 | Epoch 045/060 | loss 1.5836 | cls 0.9983 | tal -0.3657 | dual_g 0.6950 | dual_d 1.1881 | train_acc 1.0000 | train_full 0.9896 | val_acc 0.9615 | val_f1 0.9630 | adv/moduleC 1.00/1.00 | disc_steps 2 | grad(main/disc) 1.480/1.644 | lr(main/disc) 5.00e-05/1.50e-05 | cuda_peak(alloc/resv) 21.77/28.18GB | phase(train/val/raw/train_eval) 3.2/0.4/0.4/0.6s | 4.7s
2026-08-29 17:34:28 | Epoch 046/060 | loss 1.6022 | cls 1.0070 | tal -0.3412 | dual_g 0.6976 | dual_d 1.1958 | train_acc 1.0000 | train_full n/a | val_acc 0.9615 | val_f1 0.9630 | adv/moduleC 1.00/1.00 | disc_steps 2 | grad(main/disc) 1.974/1.649 | lr(main/disc) 5.00e-05/1.50e-05 | cuda_peak(alloc/resv) 21.77/28.18GB | phase(train/val/raw/train_eval) 3.2/0.4/0.0/0.0s | 3.6s
2026-08-29 17:34:31 | Epoch 047/060 | loss 1.5800 | cls 0.9938 | tal -0.3504 | dual_g 0.6913 | dual_d 1.2142 | train_acc 1.0000 | train_full n/a | val_acc 1.0000 | val_f1 1.0000 | adv/moduleC 1.00/1.00 | disc_steps 2 | grad(main/disc) 1.598/1.639 | lr(main/disc) 5.00e-05/1.50e-05 | cuda_peak(alloc/resv) 21.77/28.18GB | phase(train/val/raw/train_eval) 3.1/0.4/0.0/0.0s | 3.6s
2026-08-29 17:34:35 | Epoch 048/060 | loss 1.5931 | cls 1.0048 | tal -0.3262 | dual_g 0.6861 | dual_d 1.1824 | train_acc 1.0000 | train_full n/a | val_acc 1.0000 | val_f1 1.0000 | adv/moduleC 1.00/1.00 | disc_steps 2 | grad(main/disc) 1.757/1.608 | lr(main/disc) 5.00e-05/1.50e-05 | cuda_peak(alloc/resv) 21.77/28.18GB | phase(train/val/raw/train_eval) 3.3/0.4/0.0/0.0s | 3.7s
2026-08-29 17:34:38 | Epoch 049/060 | loss 1.5935 | cls 1.0023 | tal -0.3329 | dual_g 0.6911 | dual_d 1.2341 | train_acc 1.0000 | train_full n/a | val_acc 1.0000 | val_f1 1.0000 | adv/moduleC 1.00/1.00 | disc_steps 2 | grad(main/disc) 1.714/1.676 | lr(main/disc) 5.00e-05/1.50e-05 | cuda_peak(alloc/resv) 21.77/28.18GB | phase(train/val/raw/train_eval) 3.0/0.4/0.0/0.0s | 3.4s
2026-08-29 17:34:43 | Epoch 050/060 | loss 1.5871 | cls 0.9914 | tal -0.3306 | dual_g 0.6949 | dual_d 1.2227 | train_acc 1.0000 | train_full 0.9792 | val_acc 0.9615 | val_f1 0.9630 | adv/moduleC 1.00/1.00 | disc_steps 2 | grad(main/disc) 1.922/1.655 | lr(main/disc) 2.50e-05/7.50e-06 | cuda_peak(alloc/resv) 21.77/28.18GB | phase(train/val/raw/train_eval) 2.9/0.4/0.4/0.6s | 4.4s
2026-08-29 17:34:46 | Epoch 051/060 | loss 1.5971 | cls 1.0040 | tal -0.3341 | dual_g 0.6933 | dual_d 1.2119 | train_acc 1.0000 | train_full n/a | val_acc 0.9615 | val_f1 0.9630 | adv/moduleC 1.00/1.00 | disc_steps 2 | grad(main/disc) 1.989/1.656 | lr(main/disc) 2.50e-05/7.50e-06 | cuda_peak(alloc/resv) 21.77/28.18GB | phase(train/val/raw/train_eval) 3.1/0.4/0.0/0.0s | 3.5s
2026-08-29 17:34:50 | Epoch 052/060 | loss 1.5722 | cls 0.9950 | tal -0.3759 | dual_g 0.6899 | dual_d 1.2030 | train_acc 1.0000 | train_full n/a | val_acc 1.0000 | val_f1 1.0000 | adv/moduleC 1.00/1.00 | disc_steps 2 | grad(main/disc) 1.456/1.627 | lr(main/disc) 2.50e-05/7.50e-06 | cuda_peak(alloc/resv) 21.77/28.18GB | phase(train/val/raw/train_eval) 2.9/0.4/0.0/0.0s | 3.3s
2026-08-29 17:34:53 | Epoch 053/060 | loss 1.5730 | cls 1.0003 | tal -0.3727 | dual_g 0.6845 | dual_d 1.2644 | train_acc 1.0000 | train_full n/a | val_acc 1.0000 | val_f1 1.0000 | adv/moduleC 1.00/1.00 | disc_steps 2 | grad(main/disc) 1.498/1.692 | lr(main/disc) 2.50e-05/7.50e-06 | cuda_peak(alloc/resv) 21.77/28.18GB | phase(train/val/raw/train_eval) 3.0/0.4/0.0/0.0s | 3.4s
2026-08-29 17:34:56 | Epoch 054/060 | loss 1.5770 | cls 0.9878 | tal -0.3370 | dual_g 0.6903 | dual_d 1.2058 | train_acc 1.0000 | train_full n/a | val_acc 1.0000 | val_f1 1.0000 | adv/moduleC 1.00/1.00 | disc_steps 2 | grad(main/disc) 1.544/1.613 | lr(main/disc) 2.50e-05/7.50e-06 | cuda_peak(alloc/resv) 21.77/28.18GB | phase(train/val/raw/train_eval) 2.8/0.4/0.0/0.0s | 3.3s
2026-08-29 17:35:01 | Epoch 055/060 | loss 1.5792 | cls 0.9958 | tal -0.3381 | dual_g 0.6849 | dual_d 1.2136 | train_acc 1.0000 | train_full 1.0000 | val_acc 1.0000 | val_f1 1.0000 | adv/moduleC 1.00/1.00 | disc_steps 2 | grad(main/disc) 1.489/1.610 | lr(main/disc) 2.50e-05/7.50e-06 | cuda_peak(alloc/resv) 21.77/28.18GB | phase(train/val/raw/train_eval) 3.1/0.4/0.4/0.6s | 4.5s
2026-08-29 17:35:05 | Epoch 056/060 | loss 1.5880 | cls 0.9941 | tal -0.3095 | dual_g 0.6867 | dual_d 1.2157 | train_acc 1.0000 | train_full n/a | val_acc 0.9615 | val_f1 0.9630 | adv/moduleC 1.00/1.00 | disc_steps 2 | grad(main/disc) 1.613/1.646 | lr(main/disc) 2.50e-05/7.50e-06 | cuda_peak(alloc/resv) 21.77/28.18GB | phase(train/val/raw/train_eval) 3.4/0.4/0.0/0.0s | 3.8s
2026-08-29 17:35:08 | Epoch 057/060 | loss 1.5672 | cls 0.9936 | tal -0.3819 | dual_g 0.6882 | dual_d 1.2084 | train_acc 1.0000 | train_full n/a | val_acc 0.9615 | val_f1 0.9630 | adv/moduleC 1.00/1.00 | disc_steps 2 | grad(main/disc) 1.442/1.635 | lr(main/disc) 2.50e-05/7.50e-06 | cuda_peak(alloc/resv) 21.77/28.18GB | phase(train/val/raw/train_eval) 3.1/0.4/0.0/0.0s | 3.6s
2026-08-29 17:35:11 | Epoch 058/060 | loss 1.5634 | cls 0.9949 | tal -0.3886 | dual_g 0.6850 | dual_d 1.2431 | train_acc 1.0000 | train_full n/a | val_acc 0.9615 | val_f1 0.9630 | adv/moduleC 1.00/1.00 | disc_steps 2 | grad(main/disc) 1.858/1.687 | lr(main/disc) 2.50e-05/7.50e-06 | cuda_peak(alloc/resv) 21.77/28.18GB | phase(train/val/raw/train_eval) 2.4/0.4/0.0/0.0s | 2.8s
2026-08-29 17:35:14 | Epoch 059/060 | loss 1.5800 | cls 0.9973 | tal -0.3650 | dual_g 0.6922 | dual_d 1.2226 | train_acc 1.0000 | train_full n/a | val_acc 0.9615 | val_f1 0.9630 | adv/moduleC 1.00/1.00 | disc_steps 2 | grad(main/disc) 1.602/1.604 | lr(main/disc) 2.50e-05/7.50e-06 | cuda_peak(alloc/resv) 21.77/28.18GB | phase(train/val/raw/train_eval) 2.9/0.4/0.0/0.0s | 3.3s
2026-08-29 17:35:14 | Early stopping at epoch 59 after 20 epochs without val_f1_macro_present improvement.
2026-08-29 17:35:14 | Training complete. Peak validation accuracy: 1.0000 | selected val_f1_macro_present: 1.0000
