2026-08-29 17:39:04 | Starting Dual_D standalone training
2026-08-29 17:39:04 | Run directory: runs/module_c_ablation_60_v7/module_c_20260829_145907/module_c_no_paired_contrastive_雨天_20260829_170127
2026-08-29 17:39:04 | Device: cuda
2026-08-29 17:39:04 | Source train samples: 992
2026-08-29 17:39:04 | Target train samples: 96
2026-08-29 17:39:04 | Target val samples: 26
2026-08-29 17:39:04 | Classes: 14
2026-08-29 17:39:04 | Data audit: same_dir=False | path_overlap(vis/ir/ais)=0/0/0 | content_overlap(vis/ir/ais)=0/0/0 | ais_index_overlap=0 | stem_mismatch(vis-ir/vis-ais)=117/0
2026-08-29 17:39:04 | source_train classes: present 14/14 | absent 0 | counts [0:120, 1:44, 2:69, 3:45, 4:40, 5:30, 6:64, 7:80, 8:116, 9:68, 10:57, 11:83, 12:48, 13:128]
2026-08-29 17:39:04 | target_train classes: present 6/14 | absent 8 | counts [0:7, 2:19, 9:32, 10:12, 11:6, 13:20]
2026-08-29 17:39:04 | target_val classes: present 6/14 | absent 8 | counts [0:2, 2:5, 9:8, 10:4, 11:2, 13:5]
2026-08-29 17:39:04 | Paired training classes: 6/14 | class ids [0, 2, 9, 10, 11, 13]
2026-08-29 17:39:04 | Runtime profile: batch=92 | paired_steps=4 | workers=16 | train_eval_every=5 | raw_eval_every=5 | stability_window=3 | lr_scheduler_start=24 | early_stop=20 after min_epoch=50
2026-08-29 17:39:04 | VIS/IR pairing: class-level-unpaired | count-mismatch classes train/val: 10/0 | AIS alignment: none | AIS rows train/val: 0/0
2026-08-29 17:39:05 | Effective Dual-D loss weights: {"adv_auxiliary": 0.02, "adv_primary": 0.02, "classification": 0.6, "contrastive": 0.0, "cycle": 0.1, "identity": 0.015, "prototype_contrastive": 0.02}
2026-08-29 17:39:05 | Model parameters: total=17277714 | trainable=17120210
2026-08-29 17:39:10 | Epoch 001/060 | loss 6.0171 | cls 6.0485 | tal -0.1046 | dual_g 0.0000 | dual_d 0.0000 | train_acc 0.1168 | train_full 0.0833 | val_acc 0.1538 | val_f1 0.1310 | adv/moduleC 0.00/0.00 | disc_steps 0 | grad(main/disc) 18.724/0.000 | lr(main/disc) 1.00e-04/3.00e-05 | cuda_peak(alloc/resv) 21.77/28.18GB | phase(train/val/raw/train_eval) 3.4/0.4/0.4/0.6s | 4.9s
2026-08-29 17:39:13 | Epoch 002/060 | loss 4.0414 | cls 4.1317 | tal -0.3009 | dual_g 0.0000 | dual_d 0.0000 | train_acc 0.3071 | train_full n/a | val_acc 0.0769 | val_f1 0.0278 | adv/moduleC 0.00/0.00 | disc_steps 0 | grad(main/disc) 13.130/0.000 | lr(main/disc) 1.00e-04/3.00e-05 | cuda_peak(alloc/resv) 21.77/28.18GB | phase(train/val/raw/train_eval) 2.8/0.4/0.0/0.0s | 3.2s
2026-08-29 17:39:17 | Epoch 003/060 | loss 3.1707 | cls 3.3271 | tal -0.5212 | dual_g 0.0000 | dual_d 0.0000 | train_acc 0.4239 | train_full n/a | val_acc 0.1154 | val_f1 0.0914 | adv/moduleC 0.00/0.00 | disc_steps 0 | grad(main/disc) 10.527/0.000 | lr(main/disc) 1.00e-04/3.00e-05 | cuda_peak(alloc/resv) 21.77/28.18GB | phase(train/val/raw/train_eval) 2.8/0.4/0.4/0.0s | 3.6s
2026-08-29 17:39:20 | New best val_f1_macro_present: raw=0.0914 stable_score=0.0278 at epoch 3
2026-08-29 17:39:24 | Epoch 004/060 | loss 2.9638 | cls 2.8509 | tal -0.5460 | dual_g 0.2767 | dual_d 0.0000 | train_acc 0.5815 | train_full n/a | val_acc 0.0769 | val_f1 0.0278 | adv/moduleC 0.00/0.14 | disc_steps 0 | grad(main/disc) 9.451/0.000 | lr(main/disc) 1.00e-04/3.00e-05 | cuda_peak(alloc/resv) 21.77/28.18GB | phase(train/val/raw/train_eval) 3.5/0.4/0.0/0.0s | 4.0s
2026-08-29 17:39:28 | Epoch 005/060 | loss 2.6897 | cls 2.3892 | tal -0.5190 | dual_g 0.4563 | dual_d 0.0000 | train_acc 0.7065 | train_full 0.0729 | val_acc 0.0769 | val_f1 0.0370 | adv/moduleC 0.00/0.29 | disc_steps 0 | grad(main/disc) 8.410/0.000 | lr(main/disc) 1.00e-04/3.00e-05 | cuda_peak(alloc/resv) 21.77/28.18GB | phase(train/val/raw/train_eval) 3.3/0.4/0.4/0.6s | 4.8s
2026-08-29 17:39:32 | Epoch 006/060 | loss 2.5785 | cls 2.0793 | tal -0.4420 | dual_g 0.6317 | dual_d 0.7947 | train_acc 0.7799 | train_full n/a | val_acc 0.2308 | val_f1 0.1442 | adv/moduleC 0.07/0.43 | disc_steps 2 | grad(main/disc) 8.460/1.635 | lr(main/disc) 1.00e-04/3.00e-05 | cuda_peak(alloc/resv) 21.77/28.18GB | phase(train/val/raw/train_eval) 3.0/0.4/0.0/0.0s | 3.5s
2026-08-29 17:39:36 | Epoch 007/060 | loss 2.4834 | cls 1.8643 | tal -0.3991 | dual_g 0.7389 | dual_d 0.7847 | train_acc 0.8478 | train_full n/a | val_acc 0.2308 | val_f1 0.1528 | adv/moduleC 0.13/0.57 | disc_steps 2 | grad(main/disc) 7.729/1.581 | lr(main/disc) 1.00e-04/3.00e-05 | cuda_peak(alloc/resv) 21.77/28.18GB | phase(train/val/raw/train_eval) 2.9/0.4/0.4/0.0s | 3.7s
2026-08-29 17:39:38 | New best val_f1_macro_present: raw=0.1528 stable_score=0.0370 at epoch 7
2026-08-29 17:39:42 | Epoch 008/060 | loss 2.3945 | cls 1.6926 | tal -0.4095 | dual_g 0.8248 | dual_d 0.7984 | train_acc 0.8723 | train_full n/a | val_acc 0.3077 | val_f1 0.2474 | adv/moduleC 0.20/0.71 | disc_steps 2 | grad(main/disc) 8.336/1.498 | lr(main/disc) 1.00e-04/3.00e-05 | cuda_peak(alloc/resv) 21.77/28.18GB | phase(train/val/raw/train_eval) 3.1/0.4/0.4/0.0s | 4.0s
2026-08-29 17:39:45 | New best val_f1_macro_present: raw=0.2474 stable_score=0.1442 at epoch 8
2026-08-29 17:39:49 | Epoch 009/060 | loss 2.4449 | cls 1.6150 | tal -0.3723 | dual_g 0.9416 | dual_d 0.7841 | train_acc 0.9022 | train_full n/a | val_acc 0.3077 | val_f1 0.2491 | adv/moduleC 0.27/0.86 | disc_steps 2 | grad(main/disc) 9.173/1.485 | lr(main/disc) 1.00e-04/3.00e-05 | cuda_peak(alloc/resv) 21.77/28.18GB | phase(train/val/raw/train_eval) 2.7/0.4/0.4/0.0s | 3.6s
2026-08-29 17:39:51 | New best val_f1_macro_present: raw=0.2491 stable_score=0.1528 at epoch 9
2026-08-29 17:39:56 | Epoch 010/060 | loss 2.3737 | cls 1.4656 | tal -0.3264 | dual_g 1.0060 | dual_d 0.7737 | train_acc 0.9511 | train_full 0.5312 | val_acc 0.3846 | val_f1 0.3069 | adv/moduleC 0.33/1.00 | disc_steps 2 | grad(main/disc) 10.386/1.501 | lr(main/disc) 1.00e-04/3.00e-05 | cuda_peak(alloc/resv) 21.77/28.18GB | phase(train/val/raw/train_eval) 3.0/0.4/0.4/0.6s | 4.4s
2026-08-29 17:39:59 | New best val_f1_macro_present: raw=0.3069 stable_score=0.2474 at epoch 10
2026-08-29 17:40:03 | Epoch 011/060 | loss 2.2772 | cls 1.4020 | tal -0.2493 | dual_g 0.9501 | dual_d 0.7861 | train_acc 0.9484 | train_full n/a | val_acc 0.6538 | val_f1 0.7031 | adv/moduleC 0.40/1.00 | disc_steps 2 | grad(main/disc) 8.313/1.493 | lr(main/disc) 1.00e-04/3.00e-05 | cuda_peak(alloc/resv) 21.77/28.18GB | phase(train/val/raw/train_eval) 3.3/0.4/0.4/0.0s | 4.1s
2026-08-29 17:40:05 | New best val_f1_macro_present: raw=0.7031 stable_score=0.2491 at epoch 11
2026-08-29 17:40:09 | Epoch 012/060 | loss 2.1711 | cls 1.3137 | tal -0.1993 | dual_g 0.9172 | dual_d 0.8077 | train_acc 0.9674 | train_full n/a | val_acc 0.8462 | val_f1 0.8612 | adv/moduleC 0.47/1.00 | disc_steps 2 | grad(main/disc) 8.102/1.460 | lr(main/disc) 1.00e-04/3.00e-05 | cuda_peak(alloc/resv) 21.77/28.18GB | phase(train/val/raw/train_eval) 2.7/0.4/0.4/0.0s | 3.5s
2026-08-29 17:40:12 | New best val_f1_macro_present: raw=0.8612 stable_score=0.3069 at epoch 12
2026-08-29 17:40:15 | Epoch 013/060 | loss 2.0666 | cls 1.2560 | tal -0.1997 | dual_g 0.8706 | dual_d 0.8060 | train_acc 0.9891 | train_full n/a | val_acc 0.6923 | val_f1 0.7124 | adv/moduleC 0.53/1.00 | disc_steps 2 | grad(main/disc) 7.310/1.510 | lr(main/disc) 1.00e-04/3.00e-05 | cuda_peak(alloc/resv) 21.77/28.18GB | phase(train/val/raw/train_eval) 2.9/0.4/0.4/0.0s | 3.7s
2026-08-29 17:40:18 | New best val_f1_macro_present: raw=0.7124 stable_score=0.7031 at epoch 13
2026-08-29 17:40:22 | Epoch 014/060 | loss 1.9914 | cls 1.2059 | tal -0.2157 | dual_g 0.8502 | dual_d 0.8197 | train_acc 0.9864 | train_full n/a | val_acc 0.7308 | val_f1 0.7642 | adv/moduleC 0.60/1.00 | disc_steps 2 | grad(main/disc) 6.883/1.453 | lr(main/disc) 1.00e-04/3.00e-05 | cuda_peak(alloc/resv) 21.77/28.18GB | phase(train/val/raw/train_eval) 2.9/0.4/0.4/0.0s | 3.7s
2026-08-29 17:40:25 | New best val_f1_macro_present: raw=0.7642 stable_score=0.7124 at epoch 14
2026-08-29 17:40:29 | Epoch 015/060 | loss 1.9796 | cls 1.2042 | tal -0.1906 | dual_g 0.8325 | dual_d 0.7666 | train_acc 0.9864 | train_full 0.7917 | val_acc 0.6923 | val_f1 0.7508 | adv/moduleC 0.67/1.00 | disc_steps 2 | grad(main/disc) 7.384/1.339 | lr(main/disc) 1.00e-04/3.00e-05 | cuda_peak(alloc/resv) 21.77/28.18GB | phase(train/val/raw/train_eval) 2.8/0.4/0.4/0.6s | 4.3s
2026-08-29 17:40:33 | Epoch 016/060 | loss 1.9061 | cls 1.1483 | tal -0.2165 | dual_g 0.8228 | dual_d 0.8026 | train_acc 0.9891 | train_full n/a | val_acc 0.9231 | val_f1 0.9206 | adv/moduleC 0.73/1.00 | disc_steps 2 | grad(main/disc) 6.068/1.401 | lr(main/disc) 1.00e-04/3.00e-05 | cuda_peak(alloc/resv) 21.77/28.18GB | phase(train/val/raw/train_eval) 3.3/0.4/0.4/0.0s | 4.1s
2026-08-29 17:40:36 | New best val_f1_macro_present: raw=0.9206 stable_score=0.7508 at epoch 16
2026-08-29 17:40:39 | Epoch 017/060 | loss 1.8658 | cls 1.1343 | tal -0.2232 | dual_g 0.7984 | dual_d 0.7852 | train_acc 0.9918 | train_full n/a | val_acc 0.9231 | val_f1 0.9370 | adv/moduleC 0.80/1.00 | disc_steps 2 | grad(main/disc) 6.943/1.379 | lr(main/disc) 1.00e-04/3.00e-05 | cuda_peak(alloc/resv) 21.77/28.18GB | phase(train/val/raw/train_eval) 2.9/0.4/0.0/0.0s | 3.3s
2026-08-29 17:40:43 | Epoch 018/060 | loss 1.8401 | cls 1.1170 | tal -0.2382 | dual_g 0.7946 | dual_d 0.7965 | train_acc 0.9918 | train_full n/a | val_acc 0.9615 | val_f1 0.9704 | adv/moduleC 0.87/1.00 | disc_steps 2 | grad(main/disc) 5.317/1.369 | lr(main/disc) 1.00e-04/3.00e-05 | cuda_peak(alloc/resv) 21.77/28.18GB | phase(train/val/raw/train_eval) 3.3/0.4/0.4/0.0s | 4.1s
2026-08-29 17:40:46 | New best val_f1_macro_present: raw=0.9704 stable_score=0.9206 at epoch 18
2026-08-29 17:40:49 | Epoch 019/060 | loss 1.8665 | cls 1.1439 | tal -0.1927 | dual_g 0.7804 | dual_d 0.8072 | train_acc 0.9973 | train_full n/a | val_acc 0.8846 | val_f1 0.8875 | adv/moduleC 0.93/1.00 | disc_steps 2 | grad(main/disc) 5.738/1.366 | lr(main/disc) 1.00e-04/3.00e-05 | cuda_peak(alloc/resv) 21.77/28.18GB | phase(train/val/raw/train_eval) 3.0/0.4/0.0/0.0s | 3.4s
2026-08-29 17:40:54 | Epoch 020/060 | loss 1.8316 | cls 1.1101 | tal -0.2023 | dual_g 0.7822 | dual_d 0.8239 | train_acc 0.9891 | train_full 0.9167 | val_acc 0.8846 | val_f1 0.9092 | adv/moduleC 1.00/1.00 | disc_steps 2 | grad(main/disc) 6.762/1.435 | lr(main/disc) 1.00e-04/3.00e-05 | cuda_peak(alloc/resv) 21.77/28.18GB | phase(train/val/raw/train_eval) 3.0/0.4/0.4/0.6s | 4.5s
2026-08-29 17:40:57 | Epoch 021/060 | loss 1.8160 | cls 1.1055 | tal -0.1860 | dual_g 0.7663 | dual_d 0.8224 | train_acc 0.9946 | train_full n/a | val_acc 0.8846 | val_f1 0.9092 | adv/moduleC 1.00/1.00 | disc_steps 2 | grad(main/disc) 4.580/1.407 | lr(main/disc) 1.00e-04/3.00e-05 | cuda_peak(alloc/resv) 21.77/28.18GB | phase(train/val/raw/train_eval) 2.8/0.4/0.0/0.0s | 3.2s
2026-08-29 17:41:00 | Epoch 022/060 | loss 1.7737 | cls 1.0675 | tal -0.2172 | dual_g 0.7714 | dual_d 0.8796 | train_acc 1.0000 | train_full n/a | val_acc 0.9231 | val_f1 0.9429 | adv/moduleC 1.00/1.00 | disc_steps 2 | grad(main/disc) 4.099/1.397 | lr(main/disc) 1.00e-04/3.00e-05 | cuda_peak(alloc/resv) 21.77/28.18GB | phase(train/val/raw/train_eval) 3.1/0.4/0.0/0.0s | 3.5s
2026-08-29 17:41:04 | Epoch 023/060 | loss 1.7630 | cls 1.0818 | tal -0.2518 | dual_g 0.7567 | dual_d 0.8723 | train_acc 1.0000 | train_full n/a | val_acc 1.0000 | val_f1 1.0000 | adv/moduleC 1.00/1.00 | disc_steps 2 | grad(main/disc) 5.164/1.438 | lr(main/disc) 1.00e-04/3.00e-05 | cuda_peak(alloc/resv) 21.77/28.18GB | phase(train/val/raw/train_eval) 3.2/0.4/0.0/0.0s | 3.6s
2026-08-29 17:41:08 | Epoch 024/060 | loss 1.7599 | cls 1.0566 | tal -0.1435 | dual_g 0.7463 | dual_d 0.9280 | train_acc 0.9973 | train_full n/a | val_acc 1.0000 | val_f1 1.0000 | adv/moduleC 1.00/1.00 | disc_steps 2 | grad(main/disc) 3.278/1.468 | lr(main/disc) 1.00e-04/3.00e-05 | cuda_peak(alloc/resv) 21.77/28.18GB | phase(train/val/raw/train_eval) 2.9/0.4/0.4/0.0s | 3.7s
2026-08-29 17:41:11 | New best val_f1_macro_present: raw=1.0000 stable_score=0.9429 at epoch 24
2026-08-29 17:41:15 | Epoch 025/060 | loss 1.7784 | cls 1.0734 | tal -0.1567 | dual_g 0.7519 | dual_d 0.9530 | train_acc 0.9918 | train_full 0.9688 | val_acc 1.0000 | val_f1 1.0000 | adv/moduleC 1.00/1.00 | disc_steps 2 | grad(main/disc) 3.643/1.499 | lr(main/disc) 1.00e-04/3.00e-05 | cuda_peak(alloc/resv) 21.77/28.18GB | phase(train/val/raw/train_eval) 3.1/0.4/0.4/0.6s | 4.6s
2026-08-29 17:41:18 | New best val_f1_macro_present: raw=1.0000 stable_score=1.0000 at epoch 25
2026-08-29 17:41:21 | Epoch 026/060 | loss 1.7644 | cls 1.0572 | tal -0.1104 | dual_g 0.7403 | dual_d 0.9323 | train_acc 0.9973 | train_full n/a | val_acc 1.0000 | val_f1 1.0000 | adv/moduleC 1.00/1.00 | disc_steps 2 | grad(main/disc) 4.034/1.526 | lr(main/disc) 1.00e-04/3.00e-05 | cuda_peak(alloc/resv) 21.77/28.18GB | phase(train/val/raw/train_eval) 3.0/0.4/0.0/0.0s | 3.5s
2026-08-29 17:41:25 | Epoch 027/060 | loss 1.7708 | cls 1.0608 | tal -0.0778 | dual_g 0.7333 | dual_d 0.9617 | train_acc 1.0000 | train_full n/a | val_acc 1.0000 | val_f1 1.0000 | adv/moduleC 1.00/1.00 | disc_steps 2 | grad(main/disc) 3.647/1.502 | lr(main/disc) 1.00e-04/3.00e-05 | cuda_peak(alloc/resv) 21.77/28.18GB | phase(train/val/raw/train_eval) 3.3/0.4/0.0/0.0s | 3.7s
2026-08-29 17:41:29 | Epoch 028/060 | loss 1.7565 | cls 1.0497 | tal -0.0797 | dual_g 0.7307 | dual_d 0.9444 | train_acc 1.0000 | train_full n/a | val_acc 0.9615 | val_f1 0.9663 | adv/moduleC 1.00/1.00 | disc_steps 2 | grad(main/disc) 2.970/1.458 | lr(main/disc) 1.00e-04/3.00e-05 | cuda_peak(alloc/resv) 21.77/28.18GB | phase(train/val/raw/train_eval) 3.2/0.4/0.0/0.0s | 3.6s
2026-08-29 17:41:32 | Epoch 029/060 | loss 1.7452 | cls 1.0499 | tal -0.0825 | dual_g 0.7201 | dual_d 0.9934 | train_acc 0.9891 | train_full n/a | val_acc 0.9615 | val_f1 0.9663 | adv/moduleC 1.00/1.00 | disc_steps 2 | grad(main/disc) 3.531/1.525 | lr(main/disc) 1.00e-04/3.00e-05 | cuda_peak(alloc/resv) 21.77/28.18GB | phase(train/val/raw/train_eval) 3.3/0.4/0.0/0.0s | 3.8s
2026-08-29 17:41:37 | Epoch 030/060 | loss 1.7294 | cls 1.0423 | tal -0.1266 | dual_g 0.7251 | dual_d 0.9942 | train_acc 1.0000 | train_full 1.0000 | val_acc 1.0000 | val_f1 1.0000 | adv/moduleC 1.00/1.00 | disc_steps 2 | grad(main/disc) 2.851/1.531 | lr(main/disc) 1.00e-04/3.00e-05 | cuda_peak(alloc/resv) 21.77/28.18GB | phase(train/val/raw/train_eval) 3.2/0.4/0.4/0.6s | 4.7s
2026-08-29 17:41:41 | Epoch 031/060 | loss 1.7218 | cls 1.0315 | tal -0.1399 | dual_g 0.7323 | dual_d 0.9849 | train_acc 0.9973 | train_full n/a | val_acc 1.0000 | val_f1 1.0000 | adv/moduleC 1.00/1.00 | disc_steps 2 | grad(main/disc) 3.105/1.478 | lr(main/disc) 1.00e-04/3.00e-05 | cuda_peak(alloc/resv) 21.77/28.18GB | phase(train/val/raw/train_eval) 3.1/0.4/0.0/0.0s | 3.5s
2026-08-29 17:41:44 | Epoch 032/060 | loss 1.7165 | cls 1.0385 | tal -0.1386 | dual_g 0.7196 | dual_d 1.0256 | train_acc 1.0000 | train_full n/a | val_acc 1.0000 | val_f1 1.0000 | adv/moduleC 1.00/1.00 | disc_steps 2 | grad(main/disc) 2.971/1.554 | lr(main/disc) 1.00e-04/3.00e-05 | cuda_peak(alloc/resv) 21.77/28.18GB | phase(train/val/raw/train_eval) 3.0/0.4/0.0/0.0s | 3.4s
2026-08-29 17:41:48 | Epoch 033/060 | loss 1.7295 | cls 1.0512 | tal -0.1612 | dual_g 0.7267 | dual_d 1.0310 | train_acc 0.9973 | train_full n/a | val_acc 1.0000 | val_f1 1.0000 | adv/moduleC 1.00/1.00 | disc_steps 2 | grad(main/disc) 5.339/1.504 | lr(main/disc) 1.00e-04/3.00e-05 | cuda_peak(alloc/resv) 21.77/28.18GB | phase(train/val/raw/train_eval) 3.1/0.4/0.0/0.0s | 3.5s
2026-08-29 17:41:51 | Epoch 034/060 | loss 1.6913 | cls 1.0219 | tal -0.1757 | dual_g 0.7221 | dual_d 1.0200 | train_acc 1.0000 | train_full n/a | val_acc 1.0000 | val_f1 1.0000 | adv/moduleC 1.00/1.00 | disc_steps 2 | grad(main/disc) 2.300/1.475 | lr(main/disc) 1.00e-04/3.00e-05 | cuda_peak(alloc/resv) 21.77/28.18GB | phase(train/val/raw/train_eval) 3.2/0.4/0.0/0.0s | 3.6s
2026-08-29 17:41:56 | Epoch 035/060 | loss 1.6971 | cls 1.0254 | tal -0.1540 | dual_g 0.7179 | dual_d 0.9971 | train_acc 0.9946 | train_full 1.0000 | val_acc 0.9615 | val_f1 0.9704 | adv/moduleC 1.00/1.00 | disc_steps 2 | grad(main/disc) 4.071/1.475 | lr(main/disc) 1.00e-04/3.00e-05 | cuda_peak(alloc/resv) 21.77/28.18GB | phase(train/val/raw/train_eval) 3.1/0.4/0.4/0.6s | 4.6s
2026-08-29 17:41:59 | Epoch 036/060 | loss 1.6875 | cls 1.0237 | tal -0.1499 | dual_g 0.7088 | dual_d 1.0583 | train_acc 1.0000 | train_full n/a | val_acc 1.0000 | val_f1 1.0000 | adv/moduleC 1.00/1.00 | disc_steps 2 | grad(main/disc) 2.099/1.517 | lr(main/disc) 1.00e-04/3.00e-05 | cuda_peak(alloc/resv) 21.77/28.18GB | phase(train/val/raw/train_eval) 3.1/0.4/0.0/0.0s | 3.6s
2026-08-29 17:42:03 | Epoch 037/060 | loss 1.6970 | cls 1.0255 | tal -0.1030 | dual_g 0.7023 | dual_d 1.0249 | train_acc 1.0000 | train_full n/a | val_acc 1.0000 | val_f1 1.0000 | adv/moduleC 1.00/1.00 | disc_steps 2 | grad(main/disc) 2.437/1.513 | lr(main/disc) 5.00e-05/1.50e-05 | cuda_peak(alloc/resv) 21.77/28.18GB | phase(train/val/raw/train_eval) 3.0/0.4/0.0/0.0s | 3.5s
2026-08-29 17:42:06 | Epoch 038/060 | loss 1.6788 | cls 1.0155 | tal -0.1170 | dual_g 0.6984 | dual_d 1.0558 | train_acc 1.0000 | train_full n/a | val_acc 1.0000 | val_f1 1.0000 | adv/moduleC 1.00/1.00 | disc_steps 2 | grad(main/disc) 1.877/1.538 | lr(main/disc) 5.00e-05/1.50e-05 | cuda_peak(alloc/resv) 21.77/28.18GB | phase(train/val/raw/train_eval) 3.0/0.4/0.0/0.0s | 3.4s
2026-08-29 17:42:10 | Epoch 039/060 | loss 1.6769 | cls 1.0174 | tal -0.1324 | dual_g 0.6992 | dual_d 1.0179 | train_acc 1.0000 | train_full n/a | val_acc 1.0000 | val_f1 1.0000 | adv/moduleC 1.00/1.00 | disc_steps 2 | grad(main/disc) 1.851/1.492 | lr(main/disc) 5.00e-05/1.50e-05 | cuda_peak(alloc/resv) 21.77/28.18GB | phase(train/val/raw/train_eval) 3.5/0.4/0.0/0.0s | 4.0s
2026-08-29 17:42:15 | Epoch 040/060 | loss 1.6720 | cls 1.0121 | tal -0.1271 | dual_g 0.6980 | dual_d 1.0246 | train_acc 1.0000 | train_full 1.0000 | val_acc 1.0000 | val_f1 1.0000 | adv/moduleC 1.00/1.00 | disc_steps 2 | grad(main/disc) 1.522/1.467 | lr(main/disc) 5.00e-05/1.50e-05 | cuda_peak(alloc/resv) 21.77/28.18GB | phase(train/val/raw/train_eval) 2.9/0.4/0.4/0.6s | 4.3s
2026-08-29 17:42:18 | Epoch 041/060 | loss 1.6682 | cls 1.0078 | tal -0.1256 | dual_g 0.6981 | dual_d 1.0575 | train_acc 1.0000 | train_full n/a | val_acc 1.0000 | val_f1 1.0000 | adv/moduleC 1.00/1.00 | disc_steps 2 | grad(main/disc) 1.466/1.519 | lr(main/disc) 5.00e-05/1.50e-05 | cuda_peak(alloc/resv) 21.77/28.18GB | phase(train/val/raw/train_eval) 3.2/0.4/0.0/0.0s | 3.6s
2026-08-29 17:42:21 | Epoch 042/060 | loss 1.6711 | cls 1.0052 | tal -0.0978 | dual_g 0.6953 | dual_d 1.0702 | train_acc 1.0000 | train_full n/a | val_acc 1.0000 | val_f1 1.0000 | adv/moduleC 1.00/1.00 | disc_steps 2 | grad(main/disc) 1.577/1.488 | lr(main/disc) 5.00e-05/1.50e-05 | cuda_peak(alloc/resv) 21.77/28.18GB | phase(train/val/raw/train_eval) 2.7/0.4/0.0/0.0s | 3.1s
2026-08-29 17:42:25 | Epoch 043/060 | loss 1.6706 | cls 1.0098 | tal -0.1051 | dual_g 0.6923 | dual_d 1.0262 | train_acc 0.9973 | train_full n/a | val_acc 1.0000 | val_f1 1.0000 | adv/moduleC 1.00/1.00 | disc_steps 2 | grad(main/disc) 1.604/1.443 | lr(main/disc) 5.00e-05/1.50e-05 | cuda_peak(alloc/resv) 21.77/28.18GB | phase(train/val/raw/train_eval) 2.9/0.4/0.0/0.0s | 3.4s
2026-08-29 17:42:28 | Epoch 044/060 | loss 1.6621 | cls 1.0091 | tal -0.1394 | dual_g 0.6948 | dual_d 1.0534 | train_acc 1.0000 | train_full n/a | val_acc 1.0000 | val_f1 1.0000 | adv/moduleC 1.00/1.00 | disc_steps 2 | grad(main/disc) 1.707/1.442 | lr(main/disc) 5.00e-05/1.50e-05 | cuda_peak(alloc/resv) 21.77/28.18GB | phase(train/val/raw/train_eval) 3.1/0.4/0.0/0.0s | 3.5s
2026-08-29 17:42:32 | Epoch 045/060 | loss 1.6584 | cls 1.0035 | tal -0.1254 | dual_g 0.6925 | dual_d 1.0051 | train_acc 1.0000 | train_full 1.0000 | val_acc 1.0000 | val_f1 1.0000 | adv/moduleC 1.00/1.00 | disc_steps 2 | grad(main/disc) 1.507/1.426 | lr(main/disc) 5.00e-05/1.50e-05 | cuda_peak(alloc/resv) 21.77/28.18GB | phase(train/val/raw/train_eval) 2.9/0.4/0.4/0.6s | 4.3s
2026-08-29 17:42:36 | Epoch 046/060 | loss 1.6771 | cls 1.0139 | tal -0.0965 | dual_g 0.6922 | dual_d 1.0146 | train_acc 0.9973 | train_full n/a | val_acc 1.0000 | val_f1 1.0000 | adv/moduleC 1.00/1.00 | disc_steps 2 | grad(main/disc) 1.890/1.420 | lr(main/disc) 5.00e-05/1.50e-05 | cuda_peak(alloc/resv) 21.77/28.18GB | phase(train/val/raw/train_eval) 2.6/0.4/0.0/0.0s | 3.0s
2026-08-29 17:42:39 | Epoch 047/060 | loss 1.6492 | cls 1.0015 | tal -0.1583 | dual_g 0.6952 | dual_d 1.0630 | train_acc 1.0000 | train_full n/a | val_acc 1.0000 | val_f1 1.0000 | adv/moduleC 1.00/1.00 | disc_steps 2 | grad(main/disc) 1.790/1.475 | lr(main/disc) 5.00e-05/1.50e-05 | cuda_peak(alloc/resv) 21.77/28.18GB | phase(train/val/raw/train_eval) 3.1/0.4/0.0/0.0s | 3.5s
2026-08-29 17:42:42 | Epoch 048/060 | loss 1.6403 | cls 0.9972 | tal -0.1517 | dual_g 0.6886 | dual_d 1.0765 | train_acc 1.0000 | train_full n/a | val_acc 1.0000 | val_f1 1.0000 | adv/moduleC 1.00/1.00 | disc_steps 2 | grad(main/disc) 1.539/1.526 | lr(main/disc) 5.00e-05/1.50e-05 | cuda_peak(alloc/resv) 21.77/28.18GB | phase(train/val/raw/train_eval) 2.9/0.4/0.0/0.0s | 3.3s
2026-08-29 17:42:45 | Epoch 049/060 | loss 1.6386 | cls 1.0070 | tal -0.2174 | dual_g 0.6969 | dual_d 1.0793 | train_acc 1.0000 | train_full n/a | val_acc 0.9615 | val_f1 0.9663 | adv/moduleC 1.00/1.00 | disc_steps 2 | grad(main/disc) 1.858/1.523 | lr(main/disc) 5.00e-05/1.50e-05 | cuda_peak(alloc/resv) 21.77/28.18GB | phase(train/val/raw/train_eval) 2.6/0.4/0.0/0.0s | 3.0s
2026-08-29 17:42:50 | Epoch 050/060 | loss 1.6405 | cls 1.0004 | tal -0.1835 | dual_g 0.6952 | dual_d 1.0393 | train_acc 1.0000 | train_full 1.0000 | val_acc 1.0000 | val_f1 1.0000 | adv/moduleC 1.00/1.00 | disc_steps 2 | grad(main/disc) 1.577/1.460 | lr(main/disc) 2.50e-05/7.50e-06 | cuda_peak(alloc/resv) 21.77/28.18GB | phase(train/val/raw/train_eval) 3.2/0.4/0.4/0.6s | 4.6s
2026-08-29 17:42:50 | Early stopping at epoch 50 after 25 epochs without val_f1_macro_present improvement.
2026-08-29 17:42:50 | Training complete. Peak validation accuracy: 1.0000 | selected val_f1_macro_present: 1.0000
