2026-08-27 13:38:33 | Starting Dual_D standalone training
2026-08-27 13:38:33 | Run directory: runs/module_c_ablation_60_v5/module_c_20260827_121947/module_c_no_cycle_雾天_20260827_130927
2026-08-27 13:38:33 | Device: cuda
2026-08-27 13:38:33 | Source train samples: 992
2026-08-27 13:38:33 | Target train samples: 507
2026-08-27 13:38:33 | Target val samples: 132
2026-08-27 13:38:33 | Classes: 14
2026-08-27 13:38:33 | Data audit: same_dir=False | path_overlap(vis/ir/ais)=0/0/0 | content_overlap(vis/ir/ais)=0/0/0 | ais_index_overlap=0 | stem_mismatch(vis-ir/vis-ais)=630/0
2026-08-27 13:38:33 | source_train classes: present 14/14 | absent 0 | counts [0:120, 1:44, 2:69, 3:45, 4:40, 5:30, 6:64, 7:80, 8:116, 9:68, 10:57, 11:83, 12:48, 13:128]
2026-08-27 13:38:33 | target_train classes: present 9/14 | absent 5 | counts [0:35, 1:18, 2:119, 6:110, 8:25, 9:50, 10:48, 12:9, 13:93]
2026-08-27 13:38:33 | target_val classes: present 9/14 | absent 5 | counts [0:9, 1:5, 2:30, 6:28, 8:7, 9:13, 10:13, 12:3, 13:24]
2026-08-27 13:38:33 | Paired training classes: 9/14 | class ids [0, 1, 2, 6, 8, 9, 10, 12, 13]
2026-08-27 13:38:33 | Runtime profile: batch=92 | paired_steps=6 | workers=16 | train_eval_every=5 | raw_eval_every=5 | early_stop=15 after min_epoch=48
2026-08-27 13:38:33 | VIS/IR pairing: class-level-unpaired | count-mismatch classes train/val: 10/2 | AIS alignment: none | AIS rows train/val: 0/0
2026-08-27 13:38:34 | Model parameters: total=17277714 | trainable=17120210
2026-08-27 13:38:40 | Epoch 001/060 | loss 5.0613 | cls 5.1237 | tal -0.2079 | dual_g 0.0000 | dual_d 0.0000 | train_acc 0.1069 | train_full 0.0552 | val_acc 0.0606 | val_f1 0.0453 | adv/moduleC 0.00/0.00 | disc_steps 0 | grad(main/disc) 13.798/0.000 | lr(main/disc) 7.00e-05/3.50e-05 | cuda_peak(alloc/resv) 21.77/28.18GB | phase(train/val/raw/train_eval) 3.9/0.6/0.6/0.9s | 6.0s
2026-08-27 13:38:43 | New best val_f1_macro_present: 0.0453 at epoch 1
2026-08-27 13:38:47 | Epoch 002/060 | loss 4.4148 | cls 4.4052 | tal 0.0321 | dual_g 0.0000 | dual_d 0.0000 | train_acc 0.1721 | train_full n/a | val_acc 0.1894 | val_f1 0.1082 | adv/moduleC 0.00/0.00 | disc_steps 0 | grad(main/disc) 11.316/0.000 | lr(main/disc) 7.00e-05/3.50e-05 | cuda_peak(alloc/resv) 21.77/28.18GB | phase(train/val/raw/train_eval) 3.3/0.6/0.6/0.0s | 4.6s
2026-08-27 13:38:50 | New best val_f1_macro_present: 0.1082 at epoch 2
2026-08-27 13:38:55 | Epoch 003/060 | loss 4.0218 | cls 4.0059 | tal 0.0530 | dual_g 0.0000 | dual_d 0.0000 | train_acc 0.2011 | train_full n/a | val_acc 0.3106 | val_f1 0.2087 | adv/moduleC 0.00/0.00 | disc_steps 0 | grad(main/disc) 9.710/0.000 | lr(main/disc) 7.00e-05/3.50e-05 | cuda_peak(alloc/resv) 21.77/28.18GB | phase(train/val/raw/train_eval) 3.1/0.6/0.6/0.0s | 4.3s
2026-08-27 13:38:57 | New best val_f1_macro_present: 0.2087 at epoch 3
2026-08-27 13:39:02 | Epoch 004/060 | loss 3.7130 | cls 3.7120 | tal 0.0033 | dual_g 0.0000 | dual_d 0.0000 | train_acc 0.2482 | train_full n/a | val_acc 0.3788 | val_f1 0.2449 | adv/moduleC 0.00/0.00 | disc_steps 0 | grad(main/disc) 9.391/0.000 | lr(main/disc) 7.00e-05/3.50e-05 | cuda_peak(alloc/resv) 21.77/28.18GB | phase(train/val/raw/train_eval) 3.2/0.6/0.6/0.0s | 4.4s
2026-08-27 13:39:05 | New best val_f1_macro_present: 0.2449 at epoch 4
2026-08-27 13:39:10 | Epoch 005/060 | loss 3.3595 | cls 3.3705 | tal -0.0366 | dual_g 0.0000 | dual_d 0.0000 | train_acc 0.2953 | train_full 0.5089 | val_acc 0.4470 | val_f1 0.3154 | adv/moduleC 0.00/0.00 | disc_steps 0 | grad(main/disc) 8.919/0.000 | lr(main/disc) 7.00e-05/3.50e-05 | cuda_peak(alloc/resv) 21.77/28.18GB | phase(train/val/raw/train_eval) 3.1/0.6/0.6/0.8s | 5.1s
2026-08-27 13:39:13 | New best val_f1_macro_present: 0.3154 at epoch 5
2026-08-27 13:39:17 | Epoch 006/060 | loss 3.6010 | cls 3.3549 | tal 0.0311 | dual_g 0.2368 | dual_d 0.7314 | train_acc 0.2989 | train_full n/a | val_acc 0.5227 | val_f1 0.4608 | adv/moduleC 0.05/0.10 | disc_steps 3 | grad(main/disc) 9.297/1.409 | lr(main/disc) 7.00e-05/3.50e-05 | cuda_peak(alloc/resv) 21.77/28.18GB | phase(train/val/raw/train_eval) 3.2/0.6/0.6/0.0s | 4.4s
2026-08-27 13:39:20 | New best val_f1_macro_present: 0.4608 at epoch 6
2026-08-27 13:39:24 | Epoch 007/060 | loss 3.5507 | cls 3.1060 | tal -0.0084 | dual_g 0.4472 | dual_d 0.7468 | train_acc 0.3261 | train_full n/a | val_acc 0.6212 | val_f1 0.5359 | adv/moduleC 0.10/0.20 | disc_steps 3 | grad(main/disc) 9.254/1.483 | lr(main/disc) 7.00e-05/3.50e-05 | cuda_peak(alloc/resv) 21.77/28.18GB | phase(train/val/raw/train_eval) 3.1/0.6/0.6/0.0s | 4.4s
2026-08-27 13:39:27 | New best val_f1_macro_present: 0.5359 at epoch 7
2026-08-27 13:39:32 | Epoch 008/060 | loss 3.5983 | cls 2.9828 | tal -0.0283 | dual_g 0.6239 | dual_d 0.7491 | train_acc 0.3786 | train_full n/a | val_acc 0.6515 | val_f1 0.6050 | adv/moduleC 0.15/0.30 | disc_steps 3 | grad(main/disc) 9.414/1.433 | lr(main/disc) 7.00e-05/3.50e-05 | cuda_peak(alloc/resv) 21.77/28.18GB | phase(train/val/raw/train_eval) 3.3/0.6/0.6/0.0s | 4.5s
2026-08-27 13:39:35 | New best val_f1_macro_present: 0.6050 at epoch 8
2026-08-27 13:39:39 | Epoch 009/060 | loss 3.4943 | cls 2.7180 | tal -0.0598 | dual_g 0.7942 | dual_d 0.7348 | train_acc 0.4330 | train_full n/a | val_acc 0.6970 | val_f1 0.6497 | adv/moduleC 0.20/0.40 | disc_steps 3 | grad(main/disc) 9.161/1.380 | lr(main/disc) 7.00e-05/3.50e-05 | cuda_peak(alloc/resv) 21.77/28.18GB | phase(train/val/raw/train_eval) 3.0/0.6/0.6/0.0s | 4.3s
2026-08-27 13:39:42 | New best val_f1_macro_present: 0.6497 at epoch 9
2026-08-27 13:39:47 | Epoch 010/060 | loss 3.5788 | cls 2.6260 | tal -0.0357 | dual_g 0.9635 | dual_d 0.7606 | train_acc 0.4638 | train_full 0.7179 | val_acc 0.7045 | val_f1 0.7095 | adv/moduleC 0.25/0.50 | disc_steps 3 | grad(main/disc) 10.488/1.376 | lr(main/disc) 7.00e-05/3.50e-05 | cuda_peak(alloc/resv) 21.77/28.18GB | phase(train/val/raw/train_eval) 3.2/0.6/0.6/0.9s | 5.3s
2026-08-27 13:39:50 | New best val_f1_macro_present: 0.7095 at epoch 10
2026-08-27 13:39:54 | Epoch 011/060 | loss 3.6687 | cls 2.5802 | tal -0.0154 | dual_g 1.0932 | dual_d 0.7729 | train_acc 0.5000 | train_full n/a | val_acc 0.7197 | val_f1 0.6779 | adv/moduleC 0.30/0.60 | disc_steps 3 | grad(main/disc) 10.456/1.387 | lr(main/disc) 7.00e-05/3.50e-05 | cuda_peak(alloc/resv) 21.77/28.18GB | phase(train/val/raw/train_eval) 3.1/0.6/0.0/0.0s | 3.7s
2026-08-27 13:39:58 | Epoch 012/060 | loss 3.6232 | cls 2.4121 | tal -0.0182 | dual_g 1.2166 | dual_d 0.7542 | train_acc 0.5870 | train_full n/a | val_acc 0.8106 | val_f1 0.8084 | adv/moduleC 0.35/0.70 | disc_steps 3 | grad(main/disc) 11.407/1.331 | lr(main/disc) 7.00e-05/3.50e-05 | cuda_peak(alloc/resv) 21.77/28.18GB | phase(train/val/raw/train_eval) 3.4/0.6/0.6/0.0s | 4.6s
2026-08-27 13:40:01 | New best val_f1_macro_present: 0.8084 at epoch 12
2026-08-27 13:40:05 | Epoch 013/060 | loss 3.7208 | cls 2.3724 | tal -0.0399 | dual_g 1.3604 | dual_d 0.7427 | train_acc 0.5851 | train_full n/a | val_acc 0.7727 | val_f1 0.7813 | adv/moduleC 0.40/0.80 | disc_steps 3 | grad(main/disc) 11.191/1.359 | lr(main/disc) 7.00e-05/3.50e-05 | cuda_peak(alloc/resv) 21.77/28.18GB | phase(train/val/raw/train_eval) 3.1/0.6/0.0/0.0s | 3.7s
2026-08-27 13:40:10 | Epoch 014/060 | loss 3.7016 | cls 2.2271 | tal -0.0254 | dual_g 1.4821 | dual_d 0.7876 | train_acc 0.6359 | train_full n/a | val_acc 0.8333 | val_f1 0.8610 | adv/moduleC 0.45/0.90 | disc_steps 3 | grad(main/disc) 12.560/1.351 | lr(main/disc) 7.00e-05/3.50e-05 | cuda_peak(alloc/resv) 21.77/28.18GB | phase(train/val/raw/train_eval) 3.3/0.6/0.6/0.0s | 4.5s
2026-08-27 13:40:13 | New best val_f1_macro_present: 0.8610 at epoch 14
2026-08-27 13:40:18 | Epoch 015/060 | loss 3.6632 | cls 2.1234 | tal -0.0839 | dual_g 1.5650 | dual_d 0.7342 | train_acc 0.6594 | train_full 0.8185 | val_acc 0.8258 | val_f1 0.7864 | adv/moduleC 0.50/1.00 | disc_steps 3 | grad(main/disc) 11.430/1.281 | lr(main/disc) 7.00e-05/3.50e-05 | cuda_peak(alloc/resv) 21.77/28.18GB | phase(train/val/raw/train_eval) 2.9/0.6/0.6/0.9s | 5.0s
2026-08-27 13:40:22 | Epoch 016/060 | loss 3.6114 | cls 2.1273 | tal -0.0610 | dual_g 1.5024 | dual_d 0.7587 | train_acc 0.6594 | train_full n/a | val_acc 0.8864 | val_f1 0.8746 | adv/moduleC 0.55/1.00 | disc_steps 3 | grad(main/disc) 12.496/1.333 | lr(main/disc) 7.00e-05/3.50e-05 | cuda_peak(alloc/resv) 21.77/28.18GB | phase(train/val/raw/train_eval) 3.4/0.6/0.6/0.0s | 4.6s
2026-08-27 13:40:25 | New best val_f1_macro_present: 0.8746 at epoch 16
2026-08-27 13:40:29 | Epoch 017/060 | loss 3.4262 | cls 1.9936 | tal -0.0945 | dual_g 1.4609 | dual_d 0.7311 | train_acc 0.7428 | train_full n/a | val_acc 0.8182 | val_f1 0.8313 | adv/moduleC 0.60/1.00 | disc_steps 3 | grad(main/disc) 13.417/1.295 | lr(main/disc) 7.00e-05/3.50e-05 | cuda_peak(alloc/resv) 21.77/28.18GB | phase(train/val/raw/train_eval) 3.0/0.6/0.0/0.0s | 3.6s
2026-08-27 13:40:33 | Epoch 018/060 | loss 3.3930 | cls 1.9896 | tal -0.0953 | dual_g 1.4320 | dual_d 0.7523 | train_acc 0.7174 | train_full n/a | val_acc 0.9091 | val_f1 0.9094 | adv/moduleC 0.65/1.00 | disc_steps 3 | grad(main/disc) 14.122/1.229 | lr(main/disc) 7.00e-05/3.50e-05 | cuda_peak(alloc/resv) 21.77/28.18GB | phase(train/val/raw/train_eval) 3.1/0.6/0.6/0.0s | 4.4s
2026-08-27 13:40:36 | New best val_f1_macro_present: 0.9094 at epoch 18
2026-08-27 13:40:40 | Epoch 019/060 | loss 3.2690 | cls 1.9221 | tal -0.0939 | dual_g 1.3751 | dual_d 0.7496 | train_acc 0.7554 | train_full n/a | val_acc 0.8864 | val_f1 0.8969 | adv/moduleC 0.70/1.00 | disc_steps 3 | grad(main/disc) 12.778/1.269 | lr(main/disc) 7.00e-05/3.50e-05 | cuda_peak(alloc/resv) 21.77/28.18GB | phase(train/val/raw/train_eval) 3.3/0.6/0.0/0.0s | 3.9s
2026-08-27 13:40:45 | Epoch 020/060 | loss 3.1945 | cls 1.8453 | tal -0.0216 | dual_g 1.3557 | dual_d 0.7348 | train_acc 0.7971 | train_full 0.9014 | val_acc 0.8788 | val_f1 0.8833 | adv/moduleC 0.75/1.00 | disc_steps 3 | grad(main/disc) 14.348/1.216 | lr(main/disc) 7.00e-05/3.50e-05 | cuda_peak(alloc/resv) 21.77/28.18GB | phase(train/val/raw/train_eval) 3.2/0.6/0.6/0.9s | 5.3s
2026-08-27 13:40:50 | Epoch 021/060 | loss 3.1562 | cls 1.8149 | tal -0.0489 | dual_g 1.3560 | dual_d 0.7640 | train_acc 0.8007 | train_full n/a | val_acc 0.9091 | val_f1 0.9129 | adv/moduleC 0.80/1.00 | disc_steps 3 | grad(main/disc) 14.177/1.282 | lr(main/disc) 7.00e-05/3.50e-05 | cuda_peak(alloc/resv) 21.77/28.18GB | phase(train/val/raw/train_eval) 3.2/0.6/0.6/0.0s | 4.4s
2026-08-27 13:40:53 | New best val_f1_macro_present: 0.9129 at epoch 21
2026-08-27 13:40:57 | Epoch 022/060 | loss 3.1106 | cls 1.7990 | tal 0.0276 | dual_g 1.3033 | dual_d 0.7687 | train_acc 0.7844 | train_full n/a | val_acc 0.9394 | val_f1 0.9340 | adv/moduleC 0.85/1.00 | disc_steps 3 | grad(main/disc) 10.894/1.232 | lr(main/disc) 7.00e-05/3.50e-05 | cuda_peak(alloc/resv) 21.77/28.18GB | phase(train/val/raw/train_eval) 3.3/0.6/0.6/0.0s | 4.5s
2026-08-27 13:41:00 | New best val_f1_macro_present: 0.9340 at epoch 22
2026-08-27 13:41:04 | Epoch 023/060 | loss 3.0451 | cls 1.7587 | tal 0.0105 | dual_g 1.2833 | dual_d 0.7404 | train_acc 0.8370 | train_full n/a | val_acc 0.9318 | val_f1 0.9334 | adv/moduleC 0.90/1.00 | disc_steps 3 | grad(main/disc) 9.532/1.162 | lr(main/disc) 7.00e-05/3.50e-05 | cuda_peak(alloc/resv) 21.77/28.18GB | phase(train/val/raw/train_eval) 3.0/0.6/0.0/0.0s | 3.6s
2026-08-27 13:41:07 | Epoch 024/060 | loss 2.9672 | cls 1.7155 | tal 0.0110 | dual_g 1.2484 | dual_d 0.7665 | train_acc 0.8279 | train_full n/a | val_acc 0.9394 | val_f1 0.9343 | adv/moduleC 0.95/1.00 | disc_steps 3 | grad(main/disc) 11.171/1.238 | lr(main/disc) 7.00e-05/3.50e-05 | cuda_peak(alloc/resv) 21.77/28.18GB | phase(train/val/raw/train_eval) 3.0/0.6/0.0/0.0s | 3.6s
2026-08-27 13:41:13 | Epoch 025/060 | loss 2.9090 | cls 1.6708 | tal -0.0315 | dual_g 1.2476 | dual_d 0.7921 | train_acc 0.8605 | train_full 0.9467 | val_acc 0.9621 | val_f1 0.9520 | adv/moduleC 1.00/1.00 | disc_steps 3 | grad(main/disc) 11.404/1.245 | lr(main/disc) 7.00e-05/3.50e-05 | cuda_peak(alloc/resv) 21.77/28.18GB | phase(train/val/raw/train_eval) 3.1/0.6/0.6/0.9s | 5.2s
2026-08-27 13:41:16 | New best val_f1_macro_present: 0.9520 at epoch 25
2026-08-27 13:41:20 | Epoch 026/060 | loss 2.7916 | cls 1.6021 | tal -0.0261 | dual_g 1.1974 | dual_d 0.7708 | train_acc 0.8949 | train_full n/a | val_acc 0.9318 | val_f1 0.9381 | adv/moduleC 1.00/1.00 | disc_steps 3 | grad(main/disc) 9.823/1.219 | lr(main/disc) 7.00e-05/3.50e-05 | cuda_peak(alloc/resv) 21.77/28.18GB | phase(train/val/raw/train_eval) 3.4/0.6/0.0/0.0s | 4.0s
2026-08-27 13:41:23 | Epoch 027/060 | loss 2.7353 | cls 1.5832 | tal -0.0648 | dual_g 1.1715 | dual_d 0.7918 | train_acc 0.8877 | train_full n/a | val_acc 0.9318 | val_f1 0.9222 | adv/moduleC 1.00/1.00 | disc_steps 3 | grad(main/disc) 9.956/1.163 | lr(main/disc) 7.00e-05/3.50e-05 | cuda_peak(alloc/resv) 21.77/28.18GB | phase(train/val/raw/train_eval) 3.2/0.6/0.0/0.0s | 3.8s
2026-08-27 13:41:27 | Epoch 028/060 | loss 2.7697 | cls 1.6103 | tal -0.0469 | dual_g 1.1734 | dual_d 0.8122 | train_acc 0.8913 | train_full n/a | val_acc 0.9470 | val_f1 0.9379 | adv/moduleC 1.00/1.00 | disc_steps 3 | grad(main/disc) 12.290/1.203 | lr(main/disc) 7.00e-05/3.50e-05 | cuda_peak(alloc/resv) 21.77/28.18GB | phase(train/val/raw/train_eval) 3.4/0.6/0.0/0.0s | 4.0s
2026-08-27 13:41:31 | Epoch 029/060 | loss 2.6951 | cls 1.5772 | tal -0.1092 | dual_g 1.1507 | dual_d 0.7798 | train_acc 0.8949 | train_full n/a | val_acc 0.9015 | val_f1 0.9063 | adv/moduleC 1.00/1.00 | disc_steps 3 | grad(main/disc) 13.290/1.149 | lr(main/disc) 7.00e-05/3.50e-05 | cuda_peak(alloc/resv) 21.77/28.18GB | phase(train/val/raw/train_eval) 3.1/0.6/0.0/0.0s | 3.7s
2026-08-27 13:41:36 | Epoch 030/060 | loss 2.6651 | cls 1.5544 | tal -0.0600 | dual_g 1.1287 | dual_d 0.8064 | train_acc 0.9004 | train_full 0.9645 | val_acc 0.9318 | val_f1 0.9082 | adv/moduleC 1.00/1.00 | disc_steps 3 | grad(main/disc) 11.980/1.205 | lr(main/disc) 7.00e-05/3.50e-05 | cuda_peak(alloc/resv) 21.77/28.18GB | phase(train/val/raw/train_eval) 3.1/0.6/0.6/0.9s | 5.2s
2026-08-27 13:41:40 | Epoch 031/060 | loss 2.5932 | cls 1.5290 | tal -0.1183 | dual_g 1.0997 | dual_d 0.7870 | train_acc 0.9203 | train_full n/a | val_acc 0.9091 | val_f1 0.9171 | adv/moduleC 1.00/1.00 | disc_steps 3 | grad(main/disc) 8.952/1.217 | lr(main/disc) 7.00e-05/3.50e-05 | cuda_peak(alloc/resv) 21.77/28.18GB | phase(train/val/raw/train_eval) 3.3/0.6/0.0/0.0s | 3.9s
2026-08-27 13:41:44 | Epoch 032/060 | loss 2.5763 | cls 1.5111 | tal -0.1416 | dual_g 1.1076 | dual_d 0.8383 | train_acc 0.9257 | train_full n/a | val_acc 0.9545 | val_f1 0.9539 | adv/moduleC 1.00/1.00 | disc_steps 3 | grad(main/disc) 10.848/1.225 | lr(main/disc) 7.00e-05/3.50e-05 | cuda_peak(alloc/resv) 21.77/28.18GB | phase(train/val/raw/train_eval) 3.1/0.6/0.6/0.0s | 4.3s
2026-08-27 13:41:47 | New best val_f1_macro_present: 0.9539 at epoch 32
2026-08-27 13:41:51 | Epoch 033/060 | loss 2.5577 | cls 1.5143 | tal -0.1542 | dual_g 1.0896 | dual_d 0.8272 | train_acc 0.9167 | train_full n/a | val_acc 0.9545 | val_f1 0.9512 | adv/moduleC 1.00/1.00 | disc_steps 3 | grad(main/disc) 9.097/1.213 | lr(main/disc) 7.00e-05/3.50e-05 | cuda_peak(alloc/resv) 21.77/28.18GB | phase(train/val/raw/train_eval) 3.0/0.6/0.0/0.0s | 3.6s
2026-08-27 13:41:55 | Epoch 034/060 | loss 2.5514 | cls 1.5004 | tal -0.0961 | dual_g 1.0798 | dual_d 0.8274 | train_acc 0.9239 | train_full n/a | val_acc 0.9242 | val_f1 0.9188 | adv/moduleC 1.00/1.00 | disc_steps 3 | grad(main/disc) 9.605/1.209 | lr(main/disc) 7.00e-05/3.50e-05 | cuda_peak(alloc/resv) 21.77/28.18GB | phase(train/val/raw/train_eval) 3.2/0.6/0.0/0.0s | 3.8s
2026-08-27 13:42:00 | Epoch 035/060 | loss 2.5886 | cls 1.4966 | tal 0.0125 | dual_g 1.0883 | dual_d 0.8420 | train_acc 0.9493 | train_full 0.9665 | val_acc 0.9545 | val_f1 0.9462 | adv/moduleC 1.00/1.00 | disc_steps 3 | grad(main/disc) 9.374/1.224 | lr(main/disc) 7.00e-05/3.50e-05 | cuda_peak(alloc/resv) 21.77/28.18GB | phase(train/val/raw/train_eval) 3.0/0.6/0.6/0.9s | 5.1s
2026-08-27 13:42:04 | Epoch 036/060 | loss 2.5345 | cls 1.4653 | tal -0.0538 | dual_g 1.0853 | dual_d 0.8375 | train_acc 0.9366 | train_full n/a | val_acc 0.9621 | val_f1 0.9624 | adv/moduleC 1.00/1.00 | disc_steps 3 | grad(main/disc) 9.052/1.176 | lr(main/disc) 7.00e-05/3.50e-05 | cuda_peak(alloc/resv) 21.77/28.18GB | phase(train/val/raw/train_eval) 3.2/0.6/0.6/0.0s | 4.5s
2026-08-27 13:42:07 | New best val_f1_macro_present: 0.9624 at epoch 36
2026-08-27 13:42:11 | Epoch 037/060 | loss 2.5214 | cls 1.4781 | tal -0.0586 | dual_g 1.0608 | dual_d 0.8543 | train_acc 0.9275 | train_full n/a | val_acc 0.9545 | val_f1 0.9514 | adv/moduleC 1.00/1.00 | disc_steps 3 | grad(main/disc) 9.107/1.231 | lr(main/disc) 7.00e-05/3.50e-05 | cuda_peak(alloc/resv) 21.77/28.18GB | phase(train/val/raw/train_eval) 3.2/0.6/0.0/0.0s | 3.8s
2026-08-27 13:42:15 | Epoch 038/060 | loss 2.4885 | cls 1.4615 | tal -0.0905 | dual_g 1.0541 | dual_d 0.8376 | train_acc 0.9348 | train_full n/a | val_acc 0.9318 | val_f1 0.9346 | adv/moduleC 1.00/1.00 | disc_steps 3 | grad(main/disc) 9.818/1.191 | lr(main/disc) 7.00e-05/3.50e-05 | cuda_peak(alloc/resv) 21.77/28.18GB | phase(train/val/raw/train_eval) 3.0/0.6/0.0/0.0s | 3.6s
2026-08-27 13:42:18 | Epoch 039/060 | loss 2.4287 | cls 1.4327 | tal -0.0877 | dual_g 1.0223 | dual_d 0.8246 | train_acc 0.9402 | train_full n/a | val_acc 0.9545 | val_f1 0.9604 | adv/moduleC 1.00/1.00 | disc_steps 3 | grad(main/disc) 8.442/1.127 | lr(main/disc) 7.00e-05/3.50e-05 | cuda_peak(alloc/resv) 21.77/28.18GB | phase(train/val/raw/train_eval) 3.1/0.6/0.0/0.0s | 3.7s
2026-08-27 13:42:24 | Epoch 040/060 | loss 2.4188 | cls 1.4222 | tal -0.1186 | dual_g 1.0322 | dual_d 0.8763 | train_acc 0.9565 | train_full 0.9842 | val_acc 0.9773 | val_f1 0.9767 | adv/moduleC 1.00/1.00 | disc_steps 3 | grad(main/disc) 7.530/1.148 | lr(main/disc) 7.00e-05/3.50e-05 | cuda_peak(alloc/resv) 21.77/28.18GB | phase(train/val/raw/train_eval) 3.2/0.6/0.6/0.9s | 5.3s
2026-08-27 13:42:27 | New best val_f1_macro_present: 0.9767 at epoch 40
2026-08-27 13:42:30 | Epoch 041/060 | loss 2.3844 | cls 1.3983 | tal -0.0826 | dual_g 1.0109 | dual_d 0.8442 | train_acc 0.9674 | train_full n/a | val_acc 0.9470 | val_f1 0.9361 | adv/moduleC 1.00/1.00 | disc_steps 3 | grad(main/disc) 8.067/1.118 | lr(main/disc) 7.00e-05/3.50e-05 | cuda_peak(alloc/resv) 21.77/28.18GB | phase(train/val/raw/train_eval) 3.2/0.6/0.0/0.0s | 3.8s
2026-08-27 13:42:34 | Epoch 042/060 | loss 2.3946 | cls 1.4095 | tal -0.0560 | dual_g 1.0020 | dual_d 0.8864 | train_acc 0.9638 | train_full n/a | val_acc 0.9697 | val_f1 0.9645 | adv/moduleC 1.00/1.00 | disc_steps 3 | grad(main/disc) 7.028/1.169 | lr(main/disc) 7.00e-05/3.50e-05 | cuda_peak(alloc/resv) 21.77/28.18GB | phase(train/val/raw/train_eval) 3.1/0.6/0.0/0.0s | 3.8s
2026-08-27 13:42:38 | Epoch 043/060 | loss 2.3707 | cls 1.3812 | tal -0.0671 | dual_g 1.0096 | dual_d 0.9108 | train_acc 0.9710 | train_full n/a | val_acc 0.9545 | val_f1 0.9451 | adv/moduleC 1.00/1.00 | disc_steps 3 | grad(main/disc) 7.498/1.159 | lr(main/disc) 7.00e-05/3.50e-05 | cuda_peak(alloc/resv) 21.77/28.18GB | phase(train/val/raw/train_eval) 3.2/0.6/0.0/0.0s | 3.9s
2026-08-27 13:42:42 | Epoch 044/060 | loss 2.3422 | cls 1.3776 | tal -0.0943 | dual_g 0.9929 | dual_d 0.8855 | train_acc 0.9601 | train_full n/a | val_acc 0.9773 | val_f1 0.9768 | adv/moduleC 1.00/1.00 | disc_steps 3 | grad(main/disc) 6.342/1.118 | lr(main/disc) 7.00e-05/3.50e-05 | cuda_peak(alloc/resv) 21.77/28.18GB | phase(train/val/raw/train_eval) 3.2/0.6/0.0/0.0s | 3.9s
2026-08-27 13:42:47 | Epoch 045/060 | loss 2.3540 | cls 1.3879 | tal -0.0642 | dual_g 0.9854 | dual_d 0.9092 | train_acc 0.9656 | train_full 0.9763 | val_acc 0.9545 | val_f1 0.9590 | adv/moduleC 1.00/1.00 | disc_steps 3 | grad(main/disc) 6.459/1.139 | lr(main/disc) 7.00e-05/3.50e-05 | cuda_peak(alloc/resv) 21.77/28.18GB | phase(train/val/raw/train_eval) 3.0/0.6/0.6/0.8s | 5.1s
2026-08-27 13:42:51 | Epoch 046/060 | loss 2.3351 | cls 1.3774 | tal -0.0938 | dual_g 0.9859 | dual_d 0.9185 | train_acc 0.9638 | train_full n/a | val_acc 0.9697 | val_f1 0.9571 | adv/moduleC 1.00/1.00 | disc_steps 3 | grad(main/disc) 7.715/1.151 | lr(main/disc) 7.00e-05/3.50e-05 | cuda_peak(alloc/resv) 21.77/28.18GB | phase(train/val/raw/train_eval) 3.2/0.6/0.0/0.0s | 3.8s
2026-08-27 13:42:55 | Epoch 047/060 | loss 2.3076 | cls 1.3461 | tal -0.0578 | dual_g 0.9788 | dual_d 0.9609 | train_acc 0.9819 | train_full n/a | val_acc 0.9697 | val_f1 0.9717 | adv/moduleC 1.00/1.00 | disc_steps 3 | grad(main/disc) 6.706/1.190 | lr(main/disc) 7.00e-05/3.50e-05 | cuda_peak(alloc/resv) 21.77/28.18GB | phase(train/val/raw/train_eval) 3.2/0.6/0.0/0.0s | 3.8s
2026-08-27 13:42:58 | Epoch 048/060 | loss 2.3061 | cls 1.3670 | tal -0.0874 | dual_g 0.9653 | dual_d 0.9626 | train_acc 0.9565 | train_full n/a | val_acc 0.9773 | val_f1 0.9687 | adv/moduleC 1.00/1.00 | disc_steps 3 | grad(main/disc) 5.574/1.206 | lr(main/disc) 7.00e-05/3.50e-05 | cuda_peak(alloc/resv) 21.77/28.18GB | phase(train/val/raw/train_eval) 3.1/0.6/0.0/0.0s | 3.7s
2026-08-27 13:43:02 | Epoch 049/060 | loss 2.2790 | cls 1.3434 | tal -0.0932 | dual_g 0.9636 | dual_d 0.9826 | train_acc 0.9746 | train_full n/a | val_acc 0.9773 | val_f1 0.9768 | adv/moduleC 1.00/1.00 | disc_steps 3 | grad(main/disc) 4.656/1.166 | lr(main/disc) 7.00e-05/3.50e-05 | cuda_peak(alloc/resv) 21.77/28.18GB | phase(train/val/raw/train_eval) 3.4/0.6/0.0/0.0s | 4.0s
2026-08-27 13:43:08 | Epoch 050/060 | loss 2.2316 | cls 1.3195 | tal -0.1127 | dual_g 0.9460 | dual_d 1.0228 | train_acc 0.9764 | train_full 0.9882 | val_acc 0.9621 | val_f1 0.9488 | adv/moduleC 1.00/1.00 | disc_steps 3 | grad(main/disc) 4.302/1.203 | lr(main/disc) 7.00e-05/3.50e-05 | cuda_peak(alloc/resv) 21.77/28.18GB | phase(train/val/raw/train_eval) 3.3/0.6/0.6/0.9s | 5.4s
2026-08-27 13:43:12 | Epoch 051/060 | loss 2.2566 | cls 1.3489 | tal -0.1568 | dual_g 0.9548 | dual_d 1.0325 | train_acc 0.9692 | train_full n/a | val_acc 0.9848 | val_f1 0.9830 | adv/moduleC 1.00/1.00 | disc_steps 3 | grad(main/disc) 5.428/1.200 | lr(main/disc) 7.00e-05/3.50e-05 | cuda_peak(alloc/resv) 21.77/28.18GB | phase(train/val/raw/train_eval) 3.2/0.6/0.6/0.0s | 4.4s
2026-08-27 13:43:15 | New best val_f1_macro_present: 0.9830 at epoch 51
2026-08-27 13:43:19 | Epoch 052/060 | loss 2.1894 | cls 1.3158 | tal -0.2030 | dual_g 0.9345 | dual_d 1.0292 | train_acc 0.9764 | train_full n/a | val_acc 0.9848 | val_f1 0.9830 | adv/moduleC 1.00/1.00 | disc_steps 3 | grad(main/disc) 4.892/1.216 | lr(main/disc) 7.00e-05/3.50e-05 | cuda_peak(alloc/resv) 21.77/28.18GB | phase(train/val/raw/train_eval) 2.9/0.6/0.0/0.0s | 3.5s
2026-08-27 13:43:23 | Epoch 053/060 | loss 2.1720 | cls 1.3098 | tal -0.1828 | dual_g 0.9171 | dual_d 1.0353 | train_acc 0.9928 | train_full n/a | val_acc 0.9621 | val_f1 0.9434 | adv/moduleC 1.00/1.00 | disc_steps 3 | grad(main/disc) 4.659/1.182 | lr(main/disc) 7.00e-05/3.50e-05 | cuda_peak(alloc/resv) 21.77/28.18GB | phase(train/val/raw/train_eval) 3.2/0.6/0.0/0.0s | 3.9s
2026-08-27 13:43:26 | Epoch 054/060 | loss 2.2182 | cls 1.3320 | tal -0.1502 | dual_g 0.9313 | dual_d 1.0379 | train_acc 0.9783 | train_full n/a | val_acc 0.9848 | val_f1 0.9830 | adv/moduleC 1.00/1.00 | disc_steps 3 | grad(main/disc) 5.276/1.193 | lr(main/disc) 7.00e-05/3.50e-05 | cuda_peak(alloc/resv) 21.77/28.18GB | phase(train/val/raw/train_eval) 3.1/0.6/0.0/0.0s | 3.7s
2026-08-27 13:43:31 | Epoch 055/060 | loss 2.1931 | cls 1.3187 | tal -0.1840 | dual_g 0.9296 | dual_d 1.0106 | train_acc 0.9801 | train_full 0.9882 | val_acc 0.9848 | val_f1 0.9746 | adv/moduleC 1.00/1.00 | disc_steps 3 | grad(main/disc) 6.443/1.169 | lr(main/disc) 7.00e-05/3.50e-05 | cuda_peak(alloc/resv) 21.77/28.18GB | phase(train/val/raw/train_eval) 3.0/0.6/0.6/0.9s | 5.1s
2026-08-27 13:43:35 | Epoch 056/060 | loss 2.1806 | cls 1.3029 | tal -0.1312 | dual_g 0.9171 | dual_d 0.9994 | train_acc 0.9783 | train_full n/a | val_acc 0.9697 | val_f1 0.9572 | adv/moduleC 1.00/1.00 | disc_steps 3 | grad(main/disc) 3.670/1.166 | lr(main/disc) 7.00e-05/3.50e-05 | cuda_peak(alloc/resv) 21.77/28.18GB | phase(train/val/raw/train_eval) 3.4/0.6/0.0/0.0s | 4.0s
2026-08-27 13:43:39 | Epoch 057/060 | loss 2.1831 | cls 1.3140 | tal -0.1224 | dual_g 0.9057 | dual_d 1.0338 | train_acc 0.9855 | train_full n/a | val_acc 0.9848 | val_f1 0.9830 | adv/moduleC 1.00/1.00 | disc_steps 3 | grad(main/disc) 4.204/1.190 | lr(main/disc) 7.00e-05/3.50e-05 | cuda_peak(alloc/resv) 21.77/28.18GB | phase(train/val/raw/train_eval) 3.1/0.6/0.0/0.0s | 3.7s
2026-08-27 13:43:43 | Epoch 058/060 | loss 2.1885 | cls 1.3173 | tal -0.1424 | dual_g 0.9139 | dual_d 1.0575 | train_acc 0.9855 | train_full n/a | val_acc 0.9773 | val_f1 0.9635 | adv/moduleC 1.00/1.00 | disc_steps 3 | grad(main/disc) 4.892/1.216 | lr(main/disc) 3.50e-05/1.75e-05 | cuda_peak(alloc/resv) 21.77/28.18GB | phase(train/val/raw/train_eval) 3.1/0.6/0.0/0.0s | 3.7s
2026-08-27 13:43:47 | Epoch 059/060 | loss 2.1718 | cls 1.2864 | tal -0.0752 | dual_g 0.9080 | dual_d 1.0199 | train_acc 0.9909 | train_full n/a | val_acc 0.9773 | val_f1 0.9634 | adv/moduleC 1.00/1.00 | disc_steps 3 | grad(main/disc) 3.364/1.166 | lr(main/disc) 3.50e-05/1.75e-05 | cuda_peak(alloc/resv) 21.77/28.18GB | phase(train/val/raw/train_eval) 3.2/0.6/0.0/0.0s | 3.8s
2026-08-27 13:43:52 | Epoch 060/060 | loss 2.1762 | cls 1.2838 | tal -0.0723 | dual_g 0.9141 | dual_d 0.9898 | train_acc 0.9964 | train_full 0.9980 | val_acc 0.9924 | val_f1 0.9892 | adv/moduleC 1.00/1.00 | disc_steps 3 | grad(main/disc) 3.926/1.166 | lr(main/disc) 3.50e-05/1.75e-05 | cuda_peak(alloc/resv) 21.77/28.18GB | phase(train/val/raw/train_eval) 3.1/0.6/0.6/0.9s | 5.2s
2026-08-27 13:43:55 | New best val_f1_macro_present: 0.9892 at epoch 60
2026-08-27 13:43:55 | Training complete. Best validation accuracy: 0.9924 | best val_f1_macro_present: 0.9892
