2026-08-27 13:43:55 | Starting Dual_D standalone training
2026-08-27 13:43:55 | Run directory: runs/module_c_ablation_60_v5/module_c_20260827_121947/module_c_no_cycle_雾天_20260827_130927
2026-08-27 13:43:55 | Device: cuda
2026-08-27 13:43:55 | Source train samples: 992
2026-08-27 13:43:55 | Target train samples: 507
2026-08-27 13:43:55 | Target val samples: 132
2026-08-27 13:43:55 | Classes: 14
2026-08-27 13:43:55 | Data audit: same_dir=False | path_overlap(vis/ir/ais)=0/0/0 | content_overlap(vis/ir/ais)=0/0/0 | ais_index_overlap=0 | stem_mismatch(vis-ir/vis-ais)=630/0
2026-08-27 13:43:55 | source_train classes: present 14/14 | absent 0 | counts [0:120, 1:44, 2:69, 3:45, 4:40, 5:30, 6:64, 7:80, 8:116, 9:68, 10:57, 11:83, 12:48, 13:128]
2026-08-27 13:43:55 | target_train classes: present 9/14 | absent 5 | counts [0:35, 1:18, 2:119, 6:110, 8:25, 9:50, 10:48, 12:9, 13:93]
2026-08-27 13:43:55 | target_val classes: present 9/14 | absent 5 | counts [0:9, 1:5, 2:30, 6:28, 8:7, 9:13, 10:13, 12:3, 13:24]
2026-08-27 13:43:55 | Paired training classes: 9/14 | class ids [0, 1, 2, 6, 8, 9, 10, 12, 13]
2026-08-27 13:43:55 | Runtime profile: batch=92 | paired_steps=6 | workers=16 | train_eval_every=5 | raw_eval_every=5 | early_stop=15 after min_epoch=48
2026-08-27 13:43:55 | VIS/IR pairing: class-level-unpaired | count-mismatch classes train/val: 10/2 | AIS alignment: none | AIS rows train/val: 0/0
2026-08-27 13:43:56 | Model parameters: total=17277714 | trainable=17120210
2026-08-27 13:44:01 | Epoch 001/060 | loss 5.4168 | cls 5.4167 | tal 0.0004 | dual_g 0.0000 | dual_d 0.0000 | train_acc 0.0743 | train_full 0.0197 | val_acc 0.0303 | val_f1 0.0199 | adv/moduleC 0.00/0.00 | disc_steps 0 | grad(main/disc) 14.362/0.000 | lr(main/disc) 7.00e-05/3.50e-05 | cuda_peak(alloc/resv) 21.77/28.18GB | phase(train/val/raw/train_eval) 3.5/0.6/0.6/0.9s | 5.6s
2026-08-27 13:44:04 | New best val_f1_macro_present: 0.0199 at epoch 1
2026-08-27 13:44:09 | Epoch 002/060 | loss 4.4359 | cls 4.4398 | tal -0.0131 | dual_g 0.0000 | dual_d 0.0000 | train_acc 0.1522 | train_full n/a | val_acc 0.0758 | val_f1 0.0286 | adv/moduleC 0.00/0.00 | disc_steps 0 | grad(main/disc) 11.431/0.000 | lr(main/disc) 7.00e-05/3.50e-05 | cuda_peak(alloc/resv) 21.77/28.18GB | phase(train/val/raw/train_eval) 3.0/0.6/0.6/0.0s | 4.2s
2026-08-27 13:44:11 | New best val_f1_macro_present: 0.0286 at epoch 2
2026-08-27 13:44:15 | Epoch 003/060 | loss 4.0102 | cls 4.0264 | tal -0.0541 | dual_g 0.0000 | dual_d 0.0000 | train_acc 0.1920 | train_full n/a | val_acc 0.1894 | val_f1 0.1581 | adv/moduleC 0.00/0.00 | disc_steps 0 | grad(main/disc) 9.902/0.000 | lr(main/disc) 7.00e-05/3.50e-05 | cuda_peak(alloc/resv) 21.77/28.18GB | phase(train/val/raw/train_eval) 2.9/0.6/0.6/0.0s | 4.2s
2026-08-27 13:44:18 | New best val_f1_macro_present: 0.1581 at epoch 3
2026-08-27 13:44:23 | Epoch 004/060 | loss 3.6237 | cls 3.6462 | tal -0.0751 | dual_g 0.0000 | dual_d 0.0000 | train_acc 0.2192 | train_full n/a | val_acc 0.2652 | val_f1 0.2070 | adv/moduleC 0.00/0.00 | disc_steps 0 | grad(main/disc) 9.044/0.000 | lr(main/disc) 7.00e-05/3.50e-05 | cuda_peak(alloc/resv) 21.77/28.18GB | phase(train/val/raw/train_eval) 3.1/0.6/0.6/0.0s | 4.4s
2026-08-27 13:44:26 | New best val_f1_macro_present: 0.2070 at epoch 4
2026-08-27 13:44:31 | Epoch 005/060 | loss 3.4200 | cls 3.4494 | tal -0.0977 | dual_g 0.0000 | dual_d 0.0000 | train_acc 0.2609 | train_full 0.4043 | val_acc 0.4318 | val_f1 0.3644 | adv/moduleC 0.00/0.00 | disc_steps 0 | grad(main/disc) 8.694/0.000 | lr(main/disc) 7.00e-05/3.50e-05 | cuda_peak(alloc/resv) 21.77/28.18GB | phase(train/val/raw/train_eval) 3.2/0.6/0.6/0.9s | 5.3s
2026-08-27 13:44:34 | New best val_f1_macro_present: 0.3644 at epoch 5
2026-08-27 13:44:38 | Epoch 006/060 | loss 3.4924 | cls 3.3065 | tal -0.1650 | dual_g 0.2354 | dual_d 0.8321 | train_acc 0.3025 | train_full n/a | val_acc 0.4470 | val_f1 0.3526 | adv/moduleC 0.05/0.10 | disc_steps 3 | grad(main/disc) 8.694/1.714 | lr(main/disc) 7.00e-05/3.50e-05 | cuda_peak(alloc/resv) 21.77/28.18GB | phase(train/val/raw/train_eval) 3.4/0.6/0.0/0.0s | 4.0s
2026-08-27 13:44:42 | Epoch 007/060 | loss 3.4933 | cls 3.0939 | tal -0.1597 | dual_g 0.4473 | dual_d 0.7878 | train_acc 0.3424 | train_full n/a | val_acc 0.5227 | val_f1 0.5079 | adv/moduleC 0.10/0.20 | disc_steps 3 | grad(main/disc) 8.587/1.654 | lr(main/disc) 7.00e-05/3.50e-05 | cuda_peak(alloc/resv) 21.77/28.18GB | phase(train/val/raw/train_eval) 3.0/0.6/0.6/0.0s | 4.3s
2026-08-27 13:44:45 | New best val_f1_macro_present: 0.5079 at epoch 7
2026-08-27 13:44:49 | Epoch 008/060 | loss 3.5561 | cls 2.9661 | tal -0.1739 | dual_g 0.6422 | dual_d 0.7749 | train_acc 0.3696 | train_full n/a | val_acc 0.6212 | val_f1 0.6076 | adv/moduleC 0.15/0.30 | disc_steps 3 | grad(main/disc) 8.493/1.561 | lr(main/disc) 7.00e-05/3.50e-05 | cuda_peak(alloc/resv) 21.77/28.18GB | phase(train/val/raw/train_eval) 3.1/0.6/0.6/0.0s | 4.3s
2026-08-27 13:44:52 | New best val_f1_macro_present: 0.6076 at epoch 8
2026-08-27 13:44:57 | Epoch 009/060 | loss 3.4785 | cls 2.7347 | tal -0.1992 | dual_g 0.8035 | dual_d 0.7451 | train_acc 0.4511 | train_full n/a | val_acc 0.6667 | val_f1 0.6916 | adv/moduleC 0.20/0.40 | disc_steps 3 | grad(main/disc) 8.904/1.517 | lr(main/disc) 7.00e-05/3.50e-05 | cuda_peak(alloc/resv) 21.77/28.18GB | phase(train/val/raw/train_eval) 3.3/0.6/0.6/0.0s | 4.5s
2026-08-27 13:45:00 | New best val_f1_macro_present: 0.6916 at epoch 9
2026-08-27 13:45:05 | Epoch 010/060 | loss 3.6934 | cls 2.7534 | tal -0.1989 | dual_g 0.9996 | dual_d 0.7547 | train_acc 0.4348 | train_full 0.5878 | val_acc 0.5455 | val_f1 0.4913 | adv/moduleC 0.25/0.50 | disc_steps 3 | grad(main/disc) 10.919/1.522 | lr(main/disc) 7.00e-05/3.50e-05 | cuda_peak(alloc/resv) 21.77/28.18GB | phase(train/val/raw/train_eval) 3.2/0.6/0.6/0.9s | 5.3s
2026-08-27 13:45:09 | Epoch 011/060 | loss 3.5818 | cls 2.5275 | tal -0.2587 | dual_g 1.1319 | dual_d 0.7280 | train_acc 0.4909 | train_full n/a | val_acc 0.5682 | val_f1 0.5377 | adv/moduleC 0.30/0.60 | disc_steps 3 | grad(main/disc) 11.429/1.461 | lr(main/disc) 7.00e-05/3.50e-05 | cuda_peak(alloc/resv) 21.77/28.18GB | phase(train/val/raw/train_eval) 3.2/0.6/0.0/0.0s | 3.8s
2026-08-27 13:45:13 | Epoch 012/060 | loss 3.6411 | cls 2.4762 | tal -0.2606 | dual_g 1.2430 | dual_d 0.7550 | train_acc 0.5543 | train_full n/a | val_acc 0.6667 | val_f1 0.6434 | adv/moduleC 0.35/0.70 | disc_steps 3 | grad(main/disc) 10.963/1.525 | lr(main/disc) 7.00e-05/3.50e-05 | cuda_peak(alloc/resv) 21.77/28.18GB | phase(train/val/raw/train_eval) 3.2/0.6/0.0/0.0s | 3.8s
2026-08-27 13:45:16 | Epoch 013/060 | loss 3.6567 | cls 2.3611 | tal -0.2829 | dual_g 1.3805 | dual_d 0.7225 | train_acc 0.5652 | train_full n/a | val_acc 0.6818 | val_f1 0.6724 | adv/moduleC 0.40/0.80 | disc_steps 3 | grad(main/disc) 12.480/1.414 | lr(main/disc) 7.00e-05/3.50e-05 | cuda_peak(alloc/resv) 21.77/28.18GB | phase(train/val/raw/train_eval) 3.0/0.6/0.0/0.0s | 3.6s
2026-08-27 13:45:21 | Epoch 014/060 | loss 3.6737 | cls 2.2718 | tal -0.2372 | dual_g 1.4730 | dual_d 0.7119 | train_acc 0.6051 | train_full n/a | val_acc 0.7273 | val_f1 0.7422 | adv/moduleC 0.45/0.90 | disc_steps 3 | grad(main/disc) 11.809/1.356 | lr(main/disc) 7.00e-05/3.50e-05 | cuda_peak(alloc/resv) 21.77/28.18GB | phase(train/val/raw/train_eval) 3.2/0.6/0.6/0.0s | 4.5s
2026-08-27 13:45:24 | New best val_f1_macro_present: 0.7422 at epoch 14
2026-08-27 13:45:29 | Epoch 015/060 | loss 3.7256 | cls 2.1537 | tal -0.1563 | dual_g 1.6188 | dual_d 0.7441 | train_acc 0.6159 | train_full 0.8462 | val_acc 0.8182 | val_f1 0.8091 | adv/moduleC 0.50/1.00 | disc_steps 3 | grad(main/disc) 11.431/1.367 | lr(main/disc) 7.00e-05/3.50e-05 | cuda_peak(alloc/resv) 21.77/28.18GB | phase(train/val/raw/train_eval) 3.2/0.6/0.6/0.9s | 5.3s
2026-08-27 13:45:32 | New best val_f1_macro_present: 0.8091 at epoch 15
2026-08-27 13:45:36 | Epoch 016/060 | loss 3.5590 | cls 2.0888 | tal -0.2651 | dual_g 1.5497 | dual_d 0.7149 | train_acc 0.6884 | train_full n/a | val_acc 0.8258 | val_f1 0.8115 | adv/moduleC 0.55/1.00 | disc_steps 3 | grad(main/disc) 11.871/1.333 | lr(main/disc) 7.00e-05/3.50e-05 | cuda_peak(alloc/resv) 21.77/28.18GB | phase(train/val/raw/train_eval) 3.1/0.6/0.6/0.0s | 4.3s
2026-08-27 13:45:39 | New best val_f1_macro_present: 0.8115 at epoch 16
2026-08-27 13:45:43 | Epoch 017/060 | loss 3.4468 | cls 2.0366 | tal -0.2828 | dual_g 1.4950 | dual_d 0.6835 | train_acc 0.7428 | train_full n/a | val_acc 0.8864 | val_f1 0.8806 | adv/moduleC 0.60/1.00 | disc_steps 3 | grad(main/disc) 12.559/1.274 | lr(main/disc) 7.00e-05/3.50e-05 | cuda_peak(alloc/resv) 21.77/28.18GB | phase(train/val/raw/train_eval) 3.2/0.6/0.6/0.0s | 4.5s
2026-08-27 13:45:46 | New best val_f1_macro_present: 0.8806 at epoch 17
2026-08-27 13:45:50 | Epoch 018/060 | loss 3.2663 | cls 1.9251 | tal -0.2195 | dual_g 1.4070 | dual_d 0.7457 | train_acc 0.7772 | train_full n/a | val_acc 0.8106 | val_f1 0.8090 | adv/moduleC 0.65/1.00 | disc_steps 3 | grad(main/disc) 13.084/1.303 | lr(main/disc) 7.00e-05/3.50e-05 | cuda_peak(alloc/resv) 21.77/28.18GB | phase(train/val/raw/train_eval) 3.1/0.6/0.0/0.0s | 3.7s
2026-08-27 13:45:54 | Epoch 019/060 | loss 3.2575 | cls 1.9092 | tal -0.1647 | dual_g 1.3977 | dual_d 0.7065 | train_acc 0.7554 | train_full n/a | val_acc 0.8788 | val_f1 0.8685 | adv/moduleC 0.70/1.00 | disc_steps 3 | grad(main/disc) 12.053/1.251 | lr(main/disc) 7.00e-05/3.50e-05 | cuda_peak(alloc/resv) 21.77/28.18GB | phase(train/val/raw/train_eval) 3.0/0.6/0.0/0.0s | 3.7s
2026-08-27 13:45:59 | Epoch 020/060 | loss 3.2198 | cls 1.8653 | tal -0.1308 | dual_g 1.3937 | dual_d 0.7515 | train_acc 0.7844 | train_full 0.8501 | val_acc 0.7879 | val_f1 0.7704 | adv/moduleC 0.75/1.00 | disc_steps 3 | grad(main/disc) 11.832/1.242 | lr(main/disc) 7.00e-05/3.50e-05 | cuda_peak(alloc/resv) 21.77/28.18GB | phase(train/val/raw/train_eval) 3.0/0.6/0.6/0.9s | 5.2s
2026-08-27 13:46:03 | Epoch 021/060 | loss 3.1063 | cls 1.8033 | tal -0.1127 | dual_g 1.3367 | dual_d 0.7413 | train_acc 0.7917 | train_full n/a | val_acc 0.8485 | val_f1 0.8545 | adv/moduleC 0.80/1.00 | disc_steps 3 | grad(main/disc) 13.739/1.274 | lr(main/disc) 7.00e-05/3.50e-05 | cuda_peak(alloc/resv) 21.77/28.18GB | phase(train/val/raw/train_eval) 3.2/0.6/0.0/0.0s | 3.8s
2026-08-27 13:46:06 | Epoch 022/060 | loss 3.0645 | cls 1.7700 | tal -0.0799 | dual_g 1.3184 | dual_d 0.7554 | train_acc 0.8080 | train_full n/a | val_acc 0.8939 | val_f1 0.8682 | adv/moduleC 0.85/1.00 | disc_steps 3 | grad(main/disc) 12.195/1.250 | lr(main/disc) 7.00e-05/3.50e-05 | cuda_peak(alloc/resv) 21.77/28.18GB | phase(train/val/raw/train_eval) 3.0/0.6/0.0/0.0s | 3.6s
2026-08-27 13:46:10 | Epoch 023/060 | loss 2.9657 | cls 1.7150 | tal -0.0899 | dual_g 1.2777 | dual_d 0.7819 | train_acc 0.8605 | train_full n/a | val_acc 0.8939 | val_f1 0.8765 | adv/moduleC 0.90/1.00 | disc_steps 3 | grad(main/disc) 11.454/1.248 | lr(main/disc) 7.00e-05/3.50e-05 | cuda_peak(alloc/resv) 21.77/28.18GB | phase(train/val/raw/train_eval) 3.0/0.6/0.0/0.0s | 3.6s
2026-08-27 13:46:14 | Epoch 024/060 | loss 2.8945 | cls 1.6830 | tal -0.1384 | dual_g 1.2531 | dual_d 0.7995 | train_acc 0.8478 | train_full n/a | val_acc 0.9318 | val_f1 0.9105 | adv/moduleC 0.95/1.00 | disc_steps 3 | grad(main/disc) 12.727/1.255 | lr(main/disc) 7.00e-05/3.50e-05 | cuda_peak(alloc/resv) 21.77/28.18GB | phase(train/val/raw/train_eval) 3.0/0.6/0.6/0.0s | 4.3s
2026-08-27 13:46:17 | New best val_f1_macro_present: 0.9105 at epoch 24
2026-08-27 13:46:23 | Epoch 025/060 | loss 2.8141 | cls 1.6604 | tal -0.2033 | dual_g 1.2147 | dual_d 0.8275 | train_acc 0.8442 | train_full 0.9546 | val_acc 0.9015 | val_f1 0.8995 | adv/moduleC 1.00/1.00 | disc_steps 3 | grad(main/disc) 11.360/1.282 | lr(main/disc) 7.00e-05/3.50e-05 | cuda_peak(alloc/resv) 21.77/28.18GB | phase(train/val/raw/train_eval) 3.2/0.6/0.6/0.9s | 5.3s
2026-08-27 13:46:26 | Epoch 026/060 | loss 2.8847 | cls 1.6899 | tal -0.0744 | dual_g 1.2171 | dual_d 0.8172 | train_acc 0.8551 | train_full n/a | val_acc 0.8788 | val_f1 0.8663 | adv/moduleC 1.00/1.00 | disc_steps 3 | grad(main/disc) 16.651/1.223 | lr(main/disc) 7.00e-05/3.50e-05 | cuda_peak(alloc/resv) 21.77/28.18GB | phase(train/val/raw/train_eval) 2.9/0.6/0.0/0.0s | 3.5s
2026-08-27 13:46:30 | Epoch 027/060 | loss 2.8131 | cls 1.6135 | tal -0.0342 | dual_g 1.2099 | dual_d 0.8209 | train_acc 0.8641 | train_full n/a | val_acc 0.8788 | val_f1 0.8762 | adv/moduleC 1.00/1.00 | disc_steps 3 | grad(main/disc) 10.163/1.256 | lr(main/disc) 7.00e-05/3.50e-05 | cuda_peak(alloc/resv) 21.77/28.18GB | phase(train/val/raw/train_eval) 3.1/0.6/0.0/0.0s | 3.7s
2026-08-27 13:46:34 | Epoch 028/060 | loss 2.7917 | cls 1.6070 | tal -0.0435 | dual_g 1.1978 | dual_d 0.8239 | train_acc 0.8569 | train_full n/a | val_acc 0.9242 | val_f1 0.9173 | adv/moduleC 1.00/1.00 | disc_steps 3 | grad(main/disc) 12.015/1.281 | lr(main/disc) 7.00e-05/3.50e-05 | cuda_peak(alloc/resv) 21.77/28.18GB | phase(train/val/raw/train_eval) 3.4/0.6/0.6/0.0s | 4.6s
2026-08-27 13:46:37 | New best val_f1_macro_present: 0.9173 at epoch 28
2026-08-27 13:46:41 | Epoch 029/060 | loss 2.6630 | cls 1.5660 | tal -0.1233 | dual_g 1.1340 | dual_d 0.8362 | train_acc 0.8967 | train_full n/a | val_acc 0.9318 | val_f1 0.8854 | adv/moduleC 1.00/1.00 | disc_steps 3 | grad(main/disc) 11.152/1.223 | lr(main/disc) 7.00e-05/3.50e-05 | cuda_peak(alloc/resv) 21.77/28.18GB | phase(train/val/raw/train_eval) 3.0/0.6/0.0/0.0s | 3.6s
2026-08-27 13:46:46 | Epoch 030/060 | loss 2.6342 | cls 1.5316 | tal -0.0906 | dual_g 1.1297 | dual_d 0.8320 | train_acc 0.8895 | train_full 0.9527 | val_acc 0.9167 | val_f1 0.9302 | adv/moduleC 1.00/1.00 | disc_steps 3 | grad(main/disc) 12.656/1.226 | lr(main/disc) 7.00e-05/3.50e-05 | cuda_peak(alloc/resv) 21.77/28.18GB | phase(train/val/raw/train_eval) 3.1/0.6/0.6/0.9s | 5.2s
2026-08-27 13:46:49 | New best val_f1_macro_present: 0.9302 at epoch 30
2026-08-27 13:46:53 | Epoch 031/060 | loss 2.5730 | cls 1.4900 | tal -0.1028 | dual_g 1.1138 | dual_d 0.8592 | train_acc 0.9167 | train_full n/a | val_acc 0.9470 | val_f1 0.9348 | adv/moduleC 1.00/1.00 | disc_steps 3 | grad(main/disc) 9.040/1.250 | lr(main/disc) 7.00e-05/3.50e-05 | cuda_peak(alloc/resv) 21.77/28.18GB | phase(train/val/raw/train_eval) 3.2/0.6/0.6/0.0s | 4.4s
2026-08-27 13:46:56 | New best val_f1_macro_present: 0.9348 at epoch 31
2026-08-27 13:47:01 | Epoch 032/060 | loss 2.5998 | cls 1.5117 | tal -0.0904 | dual_g 1.1152 | dual_d 0.8604 | train_acc 0.9076 | train_full n/a | val_acc 0.9470 | val_f1 0.9568 | adv/moduleC 1.00/1.00 | disc_steps 3 | grad(main/disc) 10.798/1.264 | lr(main/disc) 7.00e-05/3.50e-05 | cuda_peak(alloc/resv) 21.77/28.18GB | phase(train/val/raw/train_eval) 2.9/0.6/0.6/0.0s | 4.2s
2026-08-27 13:47:03 | New best val_f1_macro_present: 0.9568 at epoch 32
2026-08-27 13:47:08 | Epoch 033/060 | loss 2.4710 | cls 1.4505 | tal -0.1680 | dual_g 1.0708 | dual_d 0.8975 | train_acc 0.9438 | train_full n/a | val_acc 0.9621 | val_f1 0.9656 | adv/moduleC 1.00/1.00 | disc_steps 3 | grad(main/disc) 7.700/1.293 | lr(main/disc) 7.00e-05/3.50e-05 | cuda_peak(alloc/resv) 21.77/28.18GB | phase(train/val/raw/train_eval) 3.0/0.6/0.6/0.0s | 4.3s
2026-08-27 13:47:11 | New best val_f1_macro_present: 0.9656 at epoch 33
2026-08-27 13:47:14 | Epoch 034/060 | loss 2.4720 | cls 1.4498 | tal -0.1142 | dual_g 1.0565 | dual_d 0.9092 | train_acc 0.9438 | train_full n/a | val_acc 0.9773 | val_f1 0.9568 | adv/moduleC 1.00/1.00 | disc_steps 3 | grad(main/disc) 9.489/1.260 | lr(main/disc) 7.00e-05/3.50e-05 | cuda_peak(alloc/resv) 21.77/28.18GB | phase(train/val/raw/train_eval) 3.1/0.6/0.0/0.0s | 3.7s
2026-08-27 13:47:19 | Epoch 035/060 | loss 2.4906 | cls 1.4556 | tal -0.1180 | dual_g 1.0704 | dual_d 0.8641 | train_acc 0.9565 | train_full 0.9645 | val_acc 0.9015 | val_f1 0.8913 | adv/moduleC 1.00/1.00 | disc_steps 3 | grad(main/disc) 10.401/1.216 | lr(main/disc) 7.00e-05/3.50e-05 | cuda_peak(alloc/resv) 21.77/28.18GB | phase(train/val/raw/train_eval) 3.0/0.6/0.6/0.9s | 5.1s
2026-08-27 13:47:23 | Epoch 036/060 | loss 2.4505 | cls 1.4235 | tal -0.0818 | dual_g 1.0515 | dual_d 0.8916 | train_acc 0.9384 | train_full n/a | val_acc 0.9470 | val_f1 0.9478 | adv/moduleC 1.00/1.00 | disc_steps 3 | grad(main/disc) 11.119/1.201 | lr(main/disc) 7.00e-05/3.50e-05 | cuda_peak(alloc/resv) 21.77/28.18GB | phase(train/val/raw/train_eval) 3.3/0.6/0.0/0.0s | 3.9s
2026-08-27 13:47:27 | Epoch 037/060 | loss 2.3969 | cls 1.4123 | tal -0.1161 | dual_g 1.0194 | dual_d 0.9262 | train_acc 0.9438 | train_full n/a | val_acc 0.9621 | val_f1 0.9589 | adv/moduleC 1.00/1.00 | disc_steps 3 | grad(main/disc) 6.960/1.218 | lr(main/disc) 7.00e-05/3.50e-05 | cuda_peak(alloc/resv) 21.77/28.18GB | phase(train/val/raw/train_eval) 3.4/0.6/0.0/0.0s | 4.0s
2026-08-27 13:47:31 | Epoch 038/060 | loss 2.3890 | cls 1.4224 | tal -0.1501 | dual_g 1.0116 | dual_d 0.8744 | train_acc 0.9457 | train_full n/a | val_acc 0.9318 | val_f1 0.9234 | adv/moduleC 1.00/1.00 | disc_steps 3 | grad(main/disc) 6.890/1.192 | lr(main/disc) 7.00e-05/3.50e-05 | cuda_peak(alloc/resv) 21.77/28.18GB | phase(train/val/raw/train_eval) 3.1/0.6/0.0/0.0s | 3.7s
2026-08-27 13:47:35 | Epoch 039/060 | loss 2.3810 | cls 1.4075 | tal -0.1710 | dual_g 1.0249 | dual_d 0.9235 | train_acc 0.9565 | train_full n/a | val_acc 0.9545 | val_f1 0.9618 | adv/moduleC 1.00/1.00 | disc_steps 3 | grad(main/disc) 7.491/1.211 | lr(main/disc) 7.00e-05/3.50e-05 | cuda_peak(alloc/resv) 21.77/28.18GB | phase(train/val/raw/train_eval) 3.3/0.6/0.0/0.0s | 3.9s
2026-08-27 13:47:40 | Epoch 040/060 | loss 2.3288 | cls 1.3745 | tal -0.1504 | dual_g 0.9994 | dual_d 0.9089 | train_acc 0.9674 | train_full 0.9783 | val_acc 0.9470 | val_f1 0.9341 | adv/moduleC 1.00/1.00 | disc_steps 3 | grad(main/disc) 7.032/1.206 | lr(main/disc) 3.50e-05/1.75e-05 | cuda_peak(alloc/resv) 21.77/28.18GB | phase(train/val/raw/train_eval) 3.0/0.6/0.6/0.9s | 5.1s
2026-08-27 13:47:44 | Epoch 041/060 | loss 2.3539 | cls 1.3847 | tal -0.0882 | dual_g 0.9956 | dual_d 0.9444 | train_acc 0.9692 | train_full n/a | val_acc 0.9697 | val_f1 0.9688 | adv/moduleC 1.00/1.00 | disc_steps 3 | grad(main/disc) 7.594/1.215 | lr(main/disc) 3.50e-05/1.75e-05 | cuda_peak(alloc/resv) 21.77/28.18GB | phase(train/val/raw/train_eval) 3.1/0.6/0.6/0.0s | 4.3s
2026-08-27 13:47:47 | New best val_f1_macro_present: 0.9688 at epoch 41
2026-08-27 13:47:52 | Epoch 042/060 | loss 2.3250 | cls 1.3740 | tal -0.0890 | dual_g 0.9777 | dual_d 0.8932 | train_acc 0.9601 | train_full n/a | val_acc 0.9697 | val_f1 0.9728 | adv/moduleC 1.00/1.00 | disc_steps 3 | grad(main/disc) 6.745/1.190 | lr(main/disc) 3.50e-05/1.75e-05 | cuda_peak(alloc/resv) 21.77/28.18GB | phase(train/val/raw/train_eval) 3.3/0.6/0.6/0.0s | 4.5s
2026-08-27 13:47:55 | New best val_f1_macro_present: 0.9728 at epoch 42
2026-08-27 13:47:58 | Epoch 043/060 | loss 2.3264 | cls 1.3838 | tal -0.1100 | dual_g 0.9756 | dual_d 0.9136 | train_acc 0.9692 | train_full n/a | val_acc 0.9242 | val_f1 0.8799 | adv/moduleC 1.00/1.00 | disc_steps 3 | grad(main/disc) 6.053/1.181 | lr(main/disc) 3.50e-05/1.75e-05 | cuda_peak(alloc/resv) 21.77/28.18GB | phase(train/val/raw/train_eval) 3.2/0.6/0.0/0.0s | 3.8s
2026-08-27 13:48:02 | Epoch 044/060 | loss 2.3268 | cls 1.3741 | tal -0.0747 | dual_g 0.9751 | dual_d 0.8937 | train_acc 0.9638 | train_full n/a | val_acc 0.9621 | val_f1 0.9690 | adv/moduleC 1.00/1.00 | disc_steps 3 | grad(main/disc) 6.887/1.205 | lr(main/disc) 3.50e-05/1.75e-05 | cuda_peak(alloc/resv) 21.77/28.18GB | phase(train/val/raw/train_eval) 3.0/0.6/0.0/0.0s | 3.6s
2026-08-27 13:48:08 | Epoch 045/060 | loss 2.3274 | cls 1.3824 | tal -0.0697 | dual_g 0.9658 | dual_d 0.9109 | train_acc 0.9620 | train_full 0.9961 | val_acc 0.9621 | val_f1 0.9566 | adv/moduleC 1.00/1.00 | disc_steps 3 | grad(main/disc) 5.905/1.162 | lr(main/disc) 3.50e-05/1.75e-05 | cuda_peak(alloc/resv) 21.77/28.18GB | phase(train/val/raw/train_eval) 3.4/0.6/0.6/0.9s | 5.5s
2026-08-27 13:48:11 | Epoch 046/060 | loss 2.2694 | cls 1.3482 | tal -0.1182 | dual_g 0.9567 | dual_d 0.9214 | train_acc 0.9728 | train_full n/a | val_acc 0.9545 | val_f1 0.9544 | adv/moduleC 1.00/1.00 | disc_steps 3 | grad(main/disc) 6.375/1.236 | lr(main/disc) 3.50e-05/1.75e-05 | cuda_peak(alloc/resv) 21.77/28.18GB | phase(train/val/raw/train_eval) 3.1/0.6/0.0/0.0s | 3.7s
2026-08-27 13:48:15 | Epoch 047/060 | loss 2.2903 | cls 1.3572 | tal -0.1275 | dual_g 0.9714 | dual_d 0.9503 | train_acc 0.9837 | train_full n/a | val_acc 0.9242 | val_f1 0.9013 | adv/moduleC 1.00/1.00 | disc_steps 3 | grad(main/disc) 6.313/1.224 | lr(main/disc) 3.50e-05/1.75e-05 | cuda_peak(alloc/resv) 21.77/28.18GB | phase(train/val/raw/train_eval) 3.0/0.6/0.0/0.0s | 3.6s
2026-08-27 13:48:19 | Epoch 048/060 | loss 2.2916 | cls 1.3438 | tal -0.1075 | dual_g 0.9801 | dual_d 0.9256 | train_acc 0.9801 | train_full n/a | val_acc 0.9621 | val_f1 0.9668 | adv/moduleC 1.00/1.00 | disc_steps 3 | grad(main/disc) 8.220/1.195 | lr(main/disc) 3.50e-05/1.75e-05 | cuda_peak(alloc/resv) 21.77/28.18GB | phase(train/val/raw/train_eval) 3.1/0.6/0.0/0.0s | 3.7s
2026-08-27 13:48:23 | Epoch 049/060 | loss 2.2646 | cls 1.3276 | tal -0.0735 | dual_g 0.9591 | dual_d 0.9491 | train_acc 0.9746 | train_full n/a | val_acc 0.9545 | val_f1 0.9547 | adv/moduleC 1.00/1.00 | disc_steps 3 | grad(main/disc) 6.110/1.220 | lr(main/disc) 1.75e-05/8.75e-06 | cuda_peak(alloc/resv) 21.77/28.18GB | phase(train/val/raw/train_eval) 3.3/0.6/0.0/0.0s | 4.0s
2026-08-27 13:48:28 | Epoch 050/060 | loss 2.2699 | cls 1.3366 | tal -0.0659 | dual_g 0.9531 | dual_d 0.9606 | train_acc 0.9801 | train_full 1.0000 | val_acc 0.9621 | val_f1 0.9673 | adv/moduleC 1.00/1.00 | disc_steps 3 | grad(main/disc) 6.807/1.208 | lr(main/disc) 1.75e-05/8.75e-06 | cuda_peak(alloc/resv) 21.77/28.18GB | phase(train/val/raw/train_eval) 3.3/0.6/0.6/0.9s | 5.4s
2026-08-27 13:48:32 | Epoch 051/060 | loss 2.2645 | cls 1.3342 | tal -0.1020 | dual_g 0.9609 | dual_d 0.9628 | train_acc 0.9819 | train_full n/a | val_acc 0.9621 | val_f1 0.9668 | adv/moduleC 1.00/1.00 | disc_steps 3 | grad(main/disc) 5.860/1.215 | lr(main/disc) 1.75e-05/8.75e-06 | cuda_peak(alloc/resv) 21.77/28.18GB | phase(train/val/raw/train_eval) 3.2/0.6/0.0/0.0s | 3.9s
2026-08-27 13:48:36 | Epoch 052/060 | loss 2.2703 | cls 1.3406 | tal -0.0981 | dual_g 0.9592 | dual_d 0.9220 | train_acc 0.9764 | train_full n/a | val_acc 0.9697 | val_f1 0.9749 | adv/moduleC 1.00/1.00 | disc_steps 3 | grad(main/disc) 5.059/1.209 | lr(main/disc) 1.75e-05/8.75e-06 | cuda_peak(alloc/resv) 21.77/28.18GB | phase(train/val/raw/train_eval) 3.1/0.6/0.6/0.0s | 4.3s
2026-08-27 13:48:39 | New best val_f1_macro_present: 0.9749 at epoch 52
2026-08-27 13:48:43 | Epoch 053/060 | loss 2.2387 | cls 1.3282 | tal -0.1053 | dual_g 0.9422 | dual_d 0.9361 | train_acc 0.9855 | train_full n/a | val_acc 0.9621 | val_f1 0.9668 | adv/moduleC 1.00/1.00 | disc_steps 3 | grad(main/disc) 5.148/1.195 | lr(main/disc) 1.75e-05/8.75e-06 | cuda_peak(alloc/resv) 21.77/28.18GB | phase(train/val/raw/train_eval) 3.0/0.6/0.0/0.0s | 3.7s
2026-08-27 13:48:47 | Epoch 054/060 | loss 2.2586 | cls 1.3471 | tal -0.0921 | dual_g 0.9392 | dual_d 0.9687 | train_acc 0.9674 | train_full n/a | val_acc 0.9697 | val_f1 0.9707 | adv/moduleC 1.00/1.00 | disc_steps 3 | grad(main/disc) 5.684/1.191 | lr(main/disc) 1.75e-05/8.75e-06 | cuda_peak(alloc/resv) 21.77/28.18GB | phase(train/val/raw/train_eval) 3.2/0.6/0.0/0.0s | 3.8s
2026-08-27 13:48:52 | Epoch 055/060 | loss 2.2438 | cls 1.3237 | tal -0.0831 | dual_g 0.9450 | dual_d 0.9676 | train_acc 0.9819 | train_full 0.9980 | val_acc 0.9697 | val_f1 0.9717 | adv/moduleC 1.00/1.00 | disc_steps 3 | grad(main/disc) 5.075/1.203 | lr(main/disc) 1.75e-05/8.75e-06 | cuda_peak(alloc/resv) 21.77/28.18GB | phase(train/val/raw/train_eval) 3.0/0.6/0.6/0.9s | 5.2s
2026-08-27 13:48:55 | Epoch 056/060 | loss 2.2240 | cls 1.3308 | tal -0.1359 | dual_g 0.9340 | dual_d 0.9740 | train_acc 0.9819 | train_full n/a | val_acc 0.9621 | val_f1 0.9668 | adv/moduleC 1.00/1.00 | disc_steps 3 | grad(main/disc) 5.730/1.195 | lr(main/disc) 1.75e-05/8.75e-06 | cuda_peak(alloc/resv) 21.77/28.18GB | phase(train/val/raw/train_eval) 3.1/0.6/0.0/0.0s | 3.7s
2026-08-27 13:48:59 | Epoch 057/060 | loss 2.2199 | cls 1.3072 | tal -0.0907 | dual_g 0.9400 | dual_d 0.9922 | train_acc 0.9873 | train_full n/a | val_acc 0.9470 | val_f1 0.9375 | adv/moduleC 1.00/1.00 | disc_steps 3 | grad(main/disc) 5.597/1.190 | lr(main/disc) 1.75e-05/8.75e-06 | cuda_peak(alloc/resv) 21.77/28.18GB | phase(train/val/raw/train_eval) 3.1/0.6/0.0/0.0s | 3.7s
2026-08-27 13:49:03 | Epoch 058/060 | loss 2.2403 | cls 1.3164 | tal -0.0584 | dual_g 0.9414 | dual_d 0.9747 | train_acc 0.9837 | train_full n/a | val_acc 0.9621 | val_f1 0.9668 | adv/moduleC 1.00/1.00 | disc_steps 3 | grad(main/disc) 6.242/1.193 | lr(main/disc) 1.75e-05/8.75e-06 | cuda_peak(alloc/resv) 21.77/28.18GB | phase(train/val/raw/train_eval) 3.0/0.6/0.0/0.0s | 3.6s
2026-08-27 13:49:06 | Epoch 059/060 | loss 2.2398 | cls 1.3186 | tal -0.0727 | dual_g 0.9430 | dual_d 0.9411 | train_acc 0.9873 | train_full n/a | val_acc 0.9621 | val_f1 0.9668 | adv/moduleC 1.00/1.00 | disc_steps 3 | grad(main/disc) 6.466/1.136 | lr(main/disc) 8.75e-06/4.37e-06 | cuda_peak(alloc/resv) 21.77/28.18GB | phase(train/val/raw/train_eval) 3.1/0.6/0.0/0.0s | 3.7s
2026-08-27 13:49:12 | Epoch 060/060 | loss 2.2342 | cls 1.3159 | tal -0.0573 | dual_g 0.9355 | dual_d 0.9815 | train_acc 0.9837 | train_full 1.0000 | val_acc 0.9697 | val_f1 0.9711 | adv/moduleC 1.00/1.00 | disc_steps 3 | grad(main/disc) 4.710/1.158 | lr(main/disc) 8.75e-06/4.37e-06 | cuda_peak(alloc/resv) 21.77/28.18GB | phase(train/val/raw/train_eval) 3.3/0.6/0.6/0.9s | 5.4s
2026-08-27 13:49:12 | Training complete. Best validation accuracy: 0.9773 | best val_f1_macro_present: 0.9749
