2026-08-28 23:20:37 | Starting Dual_D standalone training
2026-08-28 23:20:37 | Run directory: runs/module_c_ablation_60_v6/module_c_20260828_191630/module_c_no_module_c_逆光_20260828_230139
2026-08-28 23:20:37 | Device: cuda
2026-08-28 23:20:37 | Source train samples: 992
2026-08-28 23:20:37 | Target train samples: 132
2026-08-28 23:20:37 | Target val samples: 37
2026-08-28 23:20:37 | Classes: 14
2026-08-28 23:20:37 | Data audit: same_dir=False | path_overlap(vis/ir/ais)=0/0/0 | content_overlap(vis/ir/ais)=0/0/0 | ais_index_overlap=0 | stem_mismatch(vis-ir/vis-ais)=157/0
2026-08-28 23:20:37 | source_train classes: present 14/14 | absent 0 | counts [0:120, 1:44, 2:69, 3:45, 4:40, 5:30, 6:64, 7:80, 8:116, 9:68, 10:57, 11:83, 12:48, 13:128]
2026-08-28 23:20:37 | target_train classes: present 9/14 | absent 5 | counts [0:20, 2:12, 4:12, 5:2, 9:16, 10:16, 11:29, 12:4, 13:21]
2026-08-28 23:20:37 | target_val classes: present 9/14 | absent 5 | counts [0:6, 2:3, 4:4, 5:1, 9:4, 10:4, 11:8, 12:1, 13:6]
2026-08-28 23:20:37 | Paired training classes: 9/14 | class ids [0, 2, 4, 5, 9, 10, 11, 12, 13]
2026-08-28 23:20:37 | Runtime profile: batch=92 | paired_steps=2 | workers=16 | train_eval_every=5 | raw_eval_every=5 | stability_window=3 | early_stop=15 after min_epoch=35
2026-08-28 23:20:37 | VIS/IR pairing: class-level-unpaired | count-mismatch classes train/val: 10/1 | AIS alignment: none | AIS rows train/val: 0/0
2026-08-28 23:20:38 | Effective Dual-D loss weights: {"adv_auxiliary": 0.03, "adv_primary": 0.03, "classification": 0.0, "contrastive": 0.0, "cycle": 0.0, "identity": 0.0, "prototype_contrastive": 0.0}
2026-08-28 23:20:38 | Model parameters: total=17277714 | trainable=17120210
2026-08-28 23:20:43 | Epoch 001/060 | loss 5.3407 | cls 5.4356 | tal -0.3161 | dual_g 0.0000 | dual_d 0.0000 | train_acc 0.0109 | train_full 0.1212 | val_acc 0.1351 | val_f1 0.0777 | adv/moduleC 0.00/0.00 | disc_steps 0 | grad(main/disc) 15.555/0.000 | lr(main/disc) 6.00e-05/3.00e-05 | cuda_peak(alloc/resv) 21.77/28.18GB | phase(train/val/raw/train_eval) 3.1/0.5/0.5/0.8s | 4.9s
2026-08-28 23:20:46 | Epoch 002/060 | loss 5.2908 | cls 5.3458 | tal -0.1834 | dual_g 0.0000 | dual_d 0.0000 | train_acc 0.0870 | train_full n/a | val_acc 0.2162 | val_f1 0.1115 | adv/moduleC 0.00/0.00 | disc_steps 0 | grad(main/disc) 14.976/0.000 | lr(main/disc) 6.00e-05/3.00e-05 | cuda_peak(alloc/resv) 21.77/28.18GB | phase(train/val/raw/train_eval) 3.0/0.5/0.0/0.0s | 3.5s
2026-08-28 23:20:49 | Epoch 003/060 | loss 5.0034 | cls 5.0355 | tal -0.1071 | dual_g 0.0000 | dual_d 0.0000 | train_acc 0.1522 | train_full n/a | val_acc 0.1892 | val_f1 0.1055 | adv/moduleC 0.00/0.00 | disc_steps 0 | grad(main/disc) 13.397/0.000 | lr(main/disc) 6.00e-05/3.00e-05 | cuda_peak(alloc/resv) 21.77/28.18GB | phase(train/val/raw/train_eval) 2.2/0.5/0.5/0.0s | 3.2s
2026-08-28 23:20:52 | New best val_f1_macro_present: raw=0.1055 stable_score=0.0777 at epoch 3
2026-08-28 23:20:56 | Epoch 004/060 | loss 4.6009 | cls 4.6262 | tal -0.0843 | dual_g 0.0000 | dual_d 0.0000 | train_acc 0.2011 | train_full n/a | val_acc 0.1351 | val_f1 0.0778 | adv/moduleC 0.00/0.00 | disc_steps 0 | grad(main/disc) 12.693/0.000 | lr(main/disc) 6.00e-05/3.00e-05 | cuda_peak(alloc/resv) 21.77/28.18GB | phase(train/val/raw/train_eval) 3.0/0.5/0.0/0.0s | 3.5s
2026-08-28 23:21:01 | Epoch 005/060 | loss 4.4570 | cls 4.4401 | tal 0.0565 | dual_g 0.0000 | dual_d 0.0000 | train_acc 0.2446 | train_full 0.1667 | val_acc 0.2162 | val_f1 0.1600 | adv/moduleC 0.00/0.00 | disc_steps 0 | grad(main/disc) 12.045/0.000 | lr(main/disc) 6.00e-05/3.00e-05 | cuda_peak(alloc/resv) 21.77/28.18GB | phase(train/val/raw/train_eval) 3.2/0.5/0.5/0.8s | 5.0s
2026-08-28 23:21:04 | Epoch 006/060 | loss 4.1965 | cls 4.1686 | tal 0.0929 | dual_g 0.0000 | dual_d 0.0000 | train_acc 0.2500 | train_full n/a | val_acc 0.2703 | val_f1 0.1936 | adv/moduleC 0.00/0.00 | disc_steps 0 | grad(main/disc) 11.325/0.000 | lr(main/disc) 6.00e-05/3.00e-05 | cuda_peak(alloc/resv) 21.77/28.18GB | phase(train/val/raw/train_eval) 2.9/0.5/0.0/0.0s | 3.4s
2026-08-28 23:21:07 | Epoch 007/060 | loss 4.0927 | cls 4.0525 | tal 0.1340 | dual_g 0.0000 | dual_d 0.0000 | train_acc 0.2989 | train_full n/a | val_acc 0.3243 | val_f1 0.2606 | adv/moduleC 0.00/0.00 | disc_steps 0 | grad(main/disc) 10.940/0.000 | lr(main/disc) 6.00e-05/3.00e-05 | cuda_peak(alloc/resv) 21.77/28.18GB | phase(train/val/raw/train_eval) 2.4/0.5/0.5/0.0s | 3.4s
2026-08-28 23:21:10 | New best val_f1_macro_present: raw=0.2606 stable_score=0.1600 at epoch 7
2026-08-28 23:21:13 | Epoch 008/060 | loss 3.8499 | cls 3.8207 | tal 0.0973 | dual_g 0.0000 | dual_d 0.0000 | train_acc 0.3043 | train_full n/a | val_acc 0.3514 | val_f1 0.2845 | adv/moduleC 0.00/0.00 | disc_steps 0 | grad(main/disc) 10.696/0.000 | lr(main/disc) 6.00e-05/3.00e-05 | cuda_peak(alloc/resv) 21.77/28.18GB | phase(train/val/raw/train_eval) 2.1/0.5/0.5/0.0s | 3.2s
2026-08-28 23:21:16 | New best val_f1_macro_present: raw=0.2845 stable_score=0.1936 at epoch 8
2026-08-28 23:21:20 | Epoch 009/060 | loss 3.8310 | cls 3.7875 | tal 0.1321 | dual_g 0.0039 | dual_d 0.8677 | train_acc 0.3370 | train_full n/a | val_acc 0.3784 | val_f1 0.4189 | adv/moduleC 0.05/0.08 | disc_steps 1 | grad(main/disc) 10.276/1.847 | lr(main/disc) 6.00e-05/3.00e-05 | cuda_peak(alloc/resv) 21.77/28.18GB | phase(train/val/raw/train_eval) 2.7/0.5/0.5/0.0s | 3.8s
2026-08-28 23:21:23 | New best val_f1_macro_present: raw=0.4189 stable_score=0.2606 at epoch 9
2026-08-28 23:21:27 | Epoch 010/060 | loss 3.6935 | cls 3.6604 | tal 0.0851 | dual_g 0.0076 | dual_d 0.8251 | train_acc 0.3152 | train_full 0.3939 | val_acc 0.4865 | val_f1 0.5063 | adv/moduleC 0.10/0.17 | disc_steps 1 | grad(main/disc) 10.139/1.756 | lr(main/disc) 6.00e-05/3.00e-05 | cuda_peak(alloc/resv) 21.77/28.18GB | phase(train/val/raw/train_eval) 2.6/0.5/0.5/0.8s | 4.4s
2026-08-28 23:21:30 | New best val_f1_macro_present: raw=0.5063 stable_score=0.2845 at epoch 10
2026-08-28 23:21:34 | Epoch 011/060 | loss 3.4965 | cls 3.4568 | tal 0.0937 | dual_g 0.0115 | dual_d 0.7952 | train_acc 0.3641 | train_full n/a | val_acc 0.5946 | val_f1 0.6583 | adv/moduleC 0.15/0.25 | disc_steps 1 | grad(main/disc) 9.910/1.822 | lr(main/disc) 6.00e-05/3.00e-05 | cuda_peak(alloc/resv) 21.77/28.18GB | phase(train/val/raw/train_eval) 2.5/0.6/0.5/0.0s | 3.6s
2026-08-28 23:21:36 | New best val_f1_macro_present: raw=0.6583 stable_score=0.4189 at epoch 11
2026-08-28 23:21:40 | Epoch 012/060 | loss 3.3315 | cls 3.2491 | tal 0.2257 | dual_g 0.0147 | dual_d 0.7753 | train_acc 0.4511 | train_full n/a | val_acc 0.6216 | val_f1 0.6666 | adv/moduleC 0.20/0.33 | disc_steps 1 | grad(main/disc) 9.363/1.584 | lr(main/disc) 6.00e-05/3.00e-05 | cuda_peak(alloc/resv) 21.77/28.18GB | phase(train/val/raw/train_eval) 2.5/0.5/0.5/0.0s | 3.5s
2026-08-28 23:21:43 | New best val_f1_macro_present: raw=0.6666 stable_score=0.5063 at epoch 12
2026-08-28 23:21:47 | Epoch 013/060 | loss 3.3691 | cls 3.2927 | tal 0.1918 | dual_g 0.0189 | dual_d 0.7845 | train_acc 0.4837 | train_full n/a | val_acc 0.6486 | val_f1 0.7331 | adv/moduleC 0.25/0.42 | disc_steps 1 | grad(main/disc) 9.333/1.636 | lr(main/disc) 6.00e-05/3.00e-05 | cuda_peak(alloc/resv) 21.77/28.18GB | phase(train/val/raw/train_eval) 2.9/0.5/0.5/0.0s | 3.9s
2026-08-28 23:21:49 | New best val_f1_macro_present: raw=0.7331 stable_score=0.6583 at epoch 13
2026-08-28 23:21:53 | Epoch 014/060 | loss 3.3800 | cls 3.3040 | tal 0.1804 | dual_g 0.0219 | dual_d 0.8840 | train_acc 0.4293 | train_full n/a | val_acc 0.7297 | val_f1 0.7725 | adv/moduleC 0.30/0.50 | disc_steps 1 | grad(main/disc) 9.182/1.768 | lr(main/disc) 6.00e-05/3.00e-05 | cuda_peak(alloc/resv) 21.77/28.18GB | phase(train/val/raw/train_eval) 3.0/0.5/0.5/0.0s | 4.0s
2026-08-28 23:21:56 | New best val_f1_macro_present: raw=0.7725 stable_score=0.6666 at epoch 14
2026-08-28 23:22:01 | Epoch 015/060 | loss 3.2232 | cls 3.1309 | tal 0.2291 | dual_g 0.0235 | dual_d 0.8497 | train_acc 0.4674 | train_full 0.7045 | val_acc 0.8649 | val_f1 0.8625 | adv/moduleC 0.35/0.58 | disc_steps 1 | grad(main/disc) 8.983/1.700 | lr(main/disc) 6.00e-05/3.00e-05 | cuda_peak(alloc/resv) 21.77/28.18GB | phase(train/val/raw/train_eval) 2.7/0.5/0.5/0.8s | 4.5s
2026-08-28 23:22:04 | New best val_f1_macro_present: raw=0.8625 stable_score=0.7331 at epoch 15
2026-08-28 23:22:07 | Epoch 016/060 | loss 3.0950 | cls 3.0045 | tal 0.2157 | dual_g 0.0258 | dual_d 0.8037 | train_acc 0.5000 | train_full n/a | val_acc 0.8378 | val_f1 0.8409 | adv/moduleC 0.40/0.67 | disc_steps 1 | grad(main/disc) 8.665/1.642 | lr(main/disc) 6.00e-05/3.00e-05 | cuda_peak(alloc/resv) 21.77/28.18GB | phase(train/val/raw/train_eval) 2.7/0.5/0.5/0.0s | 3.7s
2026-08-28 23:22:10 | New best val_f1_macro_present: raw=0.8409 stable_score=0.7725 at epoch 16
2026-08-28 23:22:14 | Epoch 017/060 | loss 3.1295 | cls 3.0329 | tal 0.2277 | dual_g 0.0282 | dual_d 0.8500 | train_acc 0.5109 | train_full n/a | val_acc 0.8378 | val_f1 0.8415 | adv/moduleC 0.45/0.75 | disc_steps 1 | grad(main/disc) 8.926/1.662 | lr(main/disc) 6.00e-05/3.00e-05 | cuda_peak(alloc/resv) 21.77/28.18GB | phase(train/val/raw/train_eval) 2.3/0.5/0.5/0.0s | 3.4s
2026-08-28 23:22:16 | New best val_f1_macro_present: raw=0.8415 stable_score=0.8409 at epoch 17
2026-08-28 23:22:19 | Epoch 018/060 | loss 3.2167 | cls 3.1365 | tal 0.1561 | dual_g 0.0333 | dual_d 0.8305 | train_acc 0.4674 | train_full n/a | val_acc 0.8919 | val_f1 0.8990 | adv/moduleC 0.50/0.83 | disc_steps 1 | grad(main/disc) 9.212/1.738 | lr(main/disc) 6.00e-05/3.00e-05 | cuda_peak(alloc/resv) 21.77/28.18GB | phase(train/val/raw/train_eval) 2.5/0.5/0.0/0.0s | 3.0s
2026-08-28 23:22:22 | Epoch 019/060 | loss 2.9877 | cls 2.8936 | tal 0.1991 | dual_g 0.0344 | dual_d 0.7615 | train_acc 0.5163 | train_full n/a | val_acc 0.8919 | val_f1 0.8990 | adv/moduleC 0.55/0.92 | disc_steps 1 | grad(main/disc) 8.374/1.614 | lr(main/disc) 6.00e-05/3.00e-05 | cuda_peak(alloc/resv) 21.77/28.18GB | phase(train/val/raw/train_eval) 2.4/0.5/0.0/0.0s | 2.9s
2026-08-28 23:22:27 | Epoch 020/060 | loss 2.9326 | cls 2.8427 | tal 0.1715 | dual_g 0.0385 | dual_d 0.8767 | train_acc 0.5217 | train_full 0.8409 | val_acc 0.8919 | val_f1 0.8990 | adv/moduleC 0.60/1.00 | disc_steps 1 | grad(main/disc) 8.546/1.764 | lr(main/disc) 6.00e-05/3.00e-05 | cuda_peak(alloc/resv) 21.77/28.18GB | phase(train/val/raw/train_eval) 2.7/0.5/0.5/0.8s | 4.5s
2026-08-28 23:22:30 | New best val_f1_macro_present: raw=0.8990 stable_score=0.8990 at epoch 20
2026-08-28 23:22:33 | Epoch 021/060 | loss 3.1539 | cls 3.0621 | tal 0.1704 | dual_g 0.0407 | dual_d 0.8322 | train_acc 0.4891 | train_full n/a | val_acc 0.9189 | val_f1 0.9161 | adv/moduleC 0.65/1.00 | disc_steps 1 | grad(main/disc) 9.163/1.649 | lr(main/disc) 6.00e-05/3.00e-05 | cuda_peak(alloc/resv) 21.77/28.18GB | phase(train/val/raw/train_eval) 2.8/0.5/0.0/0.0s | 3.3s
2026-08-28 23:22:36 | Epoch 022/060 | loss 2.9093 | cls 2.8029 | tal 0.2164 | dual_g 0.0414 | dual_d 0.8195 | train_acc 0.5598 | train_full n/a | val_acc 0.8649 | val_f1 0.8829 | adv/moduleC 0.70/1.00 | disc_steps 1 | grad(main/disc) 8.453/1.633 | lr(main/disc) 6.00e-05/3.00e-05 | cuda_peak(alloc/resv) 21.77/28.18GB | phase(train/val/raw/train_eval) 2.8/0.5/0.0/0.0s | 3.3s
2026-08-28 23:22:40 | Epoch 023/060 | loss 2.8603 | cls 2.7626 | tal 0.1729 | dual_g 0.0459 | dual_d 0.8838 | train_acc 0.6304 | train_full n/a | val_acc 0.8649 | val_f1 0.8595 | adv/moduleC 0.75/1.00 | disc_steps 1 | grad(main/disc) 9.073/1.709 | lr(main/disc) 6.00e-05/3.00e-05 | cuda_peak(alloc/resv) 21.77/28.18GB | phase(train/val/raw/train_eval) 2.7/0.5/0.0/0.0s | 3.2s
2026-08-28 23:22:43 | Epoch 024/060 | loss 2.5976 | cls 2.5231 | tal 0.0962 | dual_g 0.0457 | dual_d 0.8650 | train_acc 0.6413 | train_full n/a | val_acc 0.9189 | val_f1 0.9087 | adv/moduleC 0.80/1.00 | disc_steps 1 | grad(main/disc) 8.592/1.676 | lr(main/disc) 6.00e-05/3.00e-05 | cuda_peak(alloc/resv) 21.77/28.18GB | phase(train/val/raw/train_eval) 2.8/0.5/0.0/0.0s | 3.4s
2026-08-28 23:22:47 | Epoch 025/060 | loss 2.6499 | cls 2.5966 | tal 0.0259 | dual_g 0.0455 | dual_d 0.8580 | train_acc 0.5870 | train_full 0.8788 | val_acc 0.9459 | val_f1 0.9616 | adv/moduleC 0.85/1.00 | disc_steps 1 | grad(main/disc) 8.438/1.664 | lr(main/disc) 6.00e-05/3.00e-05 | cuda_peak(alloc/resv) 21.77/28.18GB | phase(train/val/raw/train_eval) 2.3/0.5/0.5/0.8s | 4.1s
2026-08-28 23:22:51 | Epoch 026/060 | loss 2.6756 | cls 2.6057 | tal 0.0683 | dual_g 0.0494 | dual_d 0.9208 | train_acc 0.6576 | train_full n/a | val_acc 0.9459 | val_f1 0.9616 | adv/moduleC 0.90/1.00 | disc_steps 1 | grad(main/disc) 8.044/1.732 | lr(main/disc) 6.00e-05/3.00e-05 | cuda_peak(alloc/resv) 21.77/28.18GB | phase(train/val/raw/train_eval) 2.8/0.5/0.5/0.0s | 3.8s
2026-08-28 23:22:54 | New best val_f1_macro_present: raw=0.9616 stable_score=0.9087 at epoch 26
2026-08-28 23:22:57 | Epoch 027/060 | loss 2.5910 | cls 2.5303 | tal 0.0440 | dual_g 0.0476 | dual_d 0.8978 | train_acc 0.6793 | train_full n/a | val_acc 0.9459 | val_f1 0.9616 | adv/moduleC 0.95/1.00 | disc_steps 1 | grad(main/disc) 8.416/1.641 | lr(main/disc) 6.00e-05/3.00e-05 | cuda_peak(alloc/resv) 21.77/28.18GB | phase(train/val/raw/train_eval) 2.5/0.5/0.5/0.0s | 3.6s
2026-08-28 23:23:00 | New best val_f1_macro_present: raw=0.9616 stable_score=0.9616 at epoch 27
2026-08-28 23:23:04 | Epoch 028/060 | loss 2.4744 | cls 2.4235 | tal -0.0094 | dual_g 0.0537 | dual_d 0.9409 | train_acc 0.6957 | train_full n/a | val_acc 0.9459 | val_f1 0.9616 | adv/moduleC 1.00/1.00 | disc_steps 1 | grad(main/disc) 8.185/1.782 | lr(main/disc) 6.00e-05/3.00e-05 | cuda_peak(alloc/resv) 21.77/28.18GB | phase(train/val/raw/train_eval) 2.9/0.5/0.0/0.0s | 3.4s
2026-08-28 23:23:07 | Epoch 029/060 | loss 2.5055 | cls 2.4444 | tal 0.0324 | dual_g 0.0514 | dual_d 0.9360 | train_acc 0.7120 | train_full n/a | val_acc 0.9459 | val_f1 0.9616 | adv/moduleC 1.00/1.00 | disc_steps 1 | grad(main/disc) 7.704/1.689 | lr(main/disc) 6.00e-05/3.00e-05 | cuda_peak(alloc/resv) 21.77/28.18GB | phase(train/val/raw/train_eval) 2.6/0.5/0.0/0.0s | 3.1s
2026-08-28 23:23:11 | Epoch 030/060 | loss 2.5407 | cls 2.4755 | tal 0.0458 | dual_g 0.0514 | dual_d 0.9423 | train_acc 0.6467 | train_full 0.9242 | val_acc 0.9459 | val_f1 0.9616 | adv/moduleC 1.00/1.00 | disc_steps 1 | grad(main/disc) 10.473/1.744 | lr(main/disc) 6.00e-05/3.00e-05 | cuda_peak(alloc/resv) 21.77/28.18GB | phase(train/val/raw/train_eval) 2.4/0.5/0.6/0.8s | 4.2s
2026-08-28 23:23:15 | Epoch 031/060 | loss 2.3776 | cls 2.3169 | tal 0.0497 | dual_g 0.0458 | dual_d 0.9436 | train_acc 0.6902 | train_full n/a | val_acc 0.9459 | val_f1 0.9578 | adv/moduleC 1.00/1.00 | disc_steps 1 | grad(main/disc) 8.666/1.598 | lr(main/disc) 6.00e-05/3.00e-05 | cuda_peak(alloc/resv) 21.77/28.18GB | phase(train/val/raw/train_eval) 3.4/0.5/0.0/0.0s | 3.9s
2026-08-28 23:23:18 | Epoch 032/060 | loss 2.3858 | cls 2.3336 | tal 0.0139 | dual_g 0.0481 | dual_d 0.9827 | train_acc 0.6902 | train_full n/a | val_acc 0.8919 | val_f1 0.9129 | adv/moduleC 1.00/1.00 | disc_steps 1 | grad(main/disc) 7.800/1.702 | lr(main/disc) 6.00e-05/3.00e-05 | cuda_peak(alloc/resv) 21.77/28.18GB | phase(train/val/raw/train_eval) 3.0/0.5/0.0/0.0s | 3.5s
2026-08-28 23:23:22 | Epoch 033/060 | loss 2.4205 | cls 2.3318 | tal 0.1515 | dual_g 0.0433 | dual_d 0.9956 | train_acc 0.7228 | train_full n/a | val_acc 0.9189 | val_f1 0.9358 | adv/moduleC 1.00/1.00 | disc_steps 1 | grad(main/disc) 8.588/1.707 | lr(main/disc) 3.00e-05/1.50e-05 | cuda_peak(alloc/resv) 21.77/28.18GB | phase(train/val/raw/train_eval) 2.8/0.5/0.0/0.0s | 3.3s
2026-08-28 23:23:25 | Epoch 034/060 | loss 2.3321 | cls 2.2548 | tal 0.1153 | dual_g 0.0428 | dual_d 0.9794 | train_acc 0.7337 | train_full n/a | val_acc 0.9459 | val_f1 0.9616 | adv/moduleC 1.00/1.00 | disc_steps 1 | grad(main/disc) 7.802/1.699 | lr(main/disc) 3.00e-05/1.50e-05 | cuda_peak(alloc/resv) 21.77/28.18GB | phase(train/val/raw/train_eval) 2.6/0.5/0.0/0.0s | 3.1s
2026-08-28 23:23:29 | Epoch 035/060 | loss 2.3793 | cls 2.3057 | tal 0.1093 | dual_g 0.0408 | dual_d 0.9692 | train_acc 0.6902 | train_full 0.9394 | val_acc 0.9459 | val_f1 0.9578 | adv/moduleC 1.00/1.00 | disc_steps 1 | grad(main/disc) 8.201/1.733 | lr(main/disc) 3.00e-05/1.50e-05 | cuda_peak(alloc/resv) 21.77/28.18GB | phase(train/val/raw/train_eval) 2.4/0.5/0.5/0.8s | 4.2s
2026-08-28 23:23:32 | Epoch 036/060 | loss 2.2239 | cls 2.1533 | tal 0.1031 | dual_g 0.0396 | dual_d 0.9254 | train_acc 0.7989 | train_full n/a | val_acc 0.9459 | val_f1 0.9578 | adv/moduleC 1.00/1.00 | disc_steps 1 | grad(main/disc) 6.922/1.581 | lr(main/disc) 3.00e-05/1.50e-05 | cuda_peak(alloc/resv) 21.77/28.18GB | phase(train/val/raw/train_eval) 2.8/0.5/0.0/0.0s | 3.3s
2026-08-28 23:23:35 | Epoch 037/060 | loss 2.3637 | cls 2.2872 | tal 0.1246 | dual_g 0.0391 | dual_d 0.9653 | train_acc 0.7609 | train_full n/a | val_acc 0.9459 | val_f1 0.9578 | adv/moduleC 1.00/1.00 | disc_steps 1 | grad(main/disc) 7.995/1.622 | lr(main/disc) 3.00e-05/1.50e-05 | cuda_peak(alloc/resv) 21.77/28.18GB | phase(train/val/raw/train_eval) 2.7/0.5/0.0/0.0s | 3.2s
2026-08-28 23:23:38 | Epoch 038/060 | loss 2.3776 | cls 2.3151 | tal 0.0833 | dual_g 0.0375 | dual_d 0.9521 | train_acc 0.6576 | train_full n/a | val_acc 0.9459 | val_f1 0.9578 | adv/moduleC 1.00/1.00 | disc_steps 1 | grad(main/disc) 8.426/1.636 | lr(main/disc) 3.00e-05/1.50e-05 | cuda_peak(alloc/resv) 21.77/28.18GB | phase(train/val/raw/train_eval) 2.3/0.5/0.0/0.0s | 2.8s
2026-08-28 23:23:41 | Epoch 039/060 | loss 2.2144 | cls 2.1478 | tal 0.1000 | dual_g 0.0367 | dual_d 0.9985 | train_acc 0.7446 | train_full n/a | val_acc 0.9459 | val_f1 0.9578 | adv/moduleC 1.00/1.00 | disc_steps 1 | grad(main/disc) 7.568/1.681 | lr(main/disc) 3.00e-05/1.50e-05 | cuda_peak(alloc/resv) 21.77/28.18GB | phase(train/val/raw/train_eval) 2.4/0.5/0.0/0.0s | 2.9s
2026-08-28 23:23:45 | Epoch 040/060 | loss 2.2046 | cls 2.1473 | tal 0.0518 | dual_g 0.0418 | dual_d 0.9745 | train_acc 0.7554 | train_full 0.9773 | val_acc 0.9189 | val_f1 0.9265 | adv/moduleC 1.00/1.00 | disc_steps 1 | grad(main/disc) 7.364/1.696 | lr(main/disc) 3.00e-05/1.50e-05 | cuda_peak(alloc/resv) 21.77/28.18GB | phase(train/val/raw/train_eval) 2.5/0.5/0.5/0.8s | 4.3s
2026-08-28 23:23:48 | Epoch 041/060 | loss 2.1371 | cls 2.0785 | tal 0.0682 | dual_g 0.0382 | dual_d 0.9696 | train_acc 0.7554 | train_full n/a | val_acc 0.9189 | val_f1 0.9265 | adv/moduleC 1.00/1.00 | disc_steps 1 | grad(main/disc) 7.145/1.686 | lr(main/disc) 1.50e-05/7.50e-06 | cuda_peak(alloc/resv) 21.77/28.18GB | phase(train/val/raw/train_eval) 2.5/0.5/0.0/0.0s | 3.0s
2026-08-28 23:23:51 | Epoch 042/060 | loss 2.2196 | cls 2.1613 | tal 0.0688 | dual_g 0.0377 | dual_d 1.0211 | train_acc 0.7717 | train_full n/a | val_acc 0.9189 | val_f1 0.9265 | adv/moduleC 1.00/1.00 | disc_steps 1 | grad(main/disc) 8.140/1.722 | lr(main/disc) 1.50e-05/7.50e-06 | cuda_peak(alloc/resv) 21.77/28.18GB | phase(train/val/raw/train_eval) 2.5/0.5/0.0/0.0s | 3.0s
2026-08-28 23:23:51 | Early stopping at epoch 42 after 15 epochs without val_f1_macro_present improvement.
2026-08-28 23:23:51 | Training complete. Peak validation accuracy: 0.9459 | selected val_f1_macro_present: 0.9616
