2026-08-29 15:39:36 | Starting Dual_D standalone training
2026-08-29 15:39:36 | Run directory: runs/module_c_ablation_60_v7/module_c_20260829_145907/module_c_no_cycle_黑天_20260829_153936
2026-08-29 15:39:36 | Device: cuda
2026-08-29 15:39:36 | Source train samples: 992
2026-08-29 15:39:36 | Target train samples: 465
2026-08-29 15:39:36 | Target val samples: 120
2026-08-29 15:39:36 | Classes: 14
2026-08-29 15:39:36 | Data audit: same_dir=False | path_overlap(vis/ir/ais)=0/0/0 | content_overlap(vis/ir/ais)=0/0/0 | ais_index_overlap=0 | stem_mismatch(vis-ir/vis-ais)=578/0
2026-08-29 15:39:36 | source_train classes: present 14/14 | absent 0 | counts [0:120, 1:44, 2:69, 3:45, 4:40, 5:30, 6:64, 7:80, 8:116, 9:68, 10:57, 11:83, 12:48, 13:128]
2026-08-29 15:39:36 | target_train classes: present 8/14 | absent 6 | counts [0:100, 2:11, 3:16, 6:89, 9:162, 10:12, 11:44, 13:31]
2026-08-29 15:39:36 | target_val classes: present 8/14 | absent 6 | counts [0:26, 2:3, 3:5, 6:23, 9:41, 10:3, 11:11, 13:8]
2026-08-29 15:39:36 | Paired training classes: 8/14 | class ids [0, 2, 3, 6, 9, 10, 11, 13]
2026-08-29 15:39:36 | Runtime profile: batch=92 | paired_steps=6 | workers=16 | train_eval_every=5 | raw_eval_every=5 | stability_window=1 | lr_scheduler_start=24 | early_stop=15 after min_epoch=48
2026-08-29 15:39:36 | VIS/IR pairing: class-level-unpaired | count-mismatch classes train/val: 10/0 | AIS alignment: none | AIS rows train/val: 0/0
2026-08-29 15:39:38 | Effective Dual-D loss weights: {"adv_auxiliary": 0.03, "adv_primary": 0.03, "classification": 0.6, "contrastive": 0.05, "cycle": 0.0, "identity": 0.035, "prototype_contrastive": 0.025}
2026-08-29 15:39:38 | Model parameters: total=17277714 | trainable=17120210
2026-08-29 15:39:44 | Epoch 001/060 | loss 5.5814 | cls 5.5275 | tal 0.1797 | dual_g 0.0000 | dual_d 0.0000 | train_acc 0.0906 | train_full 0.0989 | val_acc 0.0667 | val_f1 0.0288 | adv/moduleC 0.00/0.00 | disc_steps 0 | grad(main/disc) 16.325/0.000 | lr(main/disc) 7.50e-05/3.00e-05 | cuda_peak(alloc/resv) 21.78/28.18GB | phase(train/val/raw/train_eval) 4.6/0.6/0.6/0.8s | 6.5s
2026-08-29 15:39:47 | New best val_f1_macro_present: raw=0.0288 stable_score=0.0288 at epoch 1
2026-08-29 15:39:51 | Epoch 002/060 | loss 4.4662 | cls 4.4389 | tal 0.0908 | dual_g 0.0000 | dual_d 0.0000 | train_acc 0.2264 | train_full n/a | val_acc 0.2167 | val_f1 0.1521 | adv/moduleC 0.00/0.00 | disc_steps 0 | grad(main/disc) 12.575/0.000 | lr(main/disc) 7.50e-05/3.00e-05 | cuda_peak(alloc/resv) 21.78/28.18GB | phase(train/val/raw/train_eval) 3.1/0.6/0.6/0.0s | 4.3s
2026-08-29 15:39:54 | New best val_f1_macro_present: raw=0.1521 stable_score=0.1521 at epoch 2
2026-08-29 15:39:58 | Epoch 003/060 | loss 3.6377 | cls 3.6321 | tal 0.0184 | dual_g 0.0000 | dual_d 0.0000 | train_acc 0.3406 | train_full n/a | val_acc 0.1833 | val_f1 0.1275 | adv/moduleC 0.00/0.00 | disc_steps 0 | grad(main/disc) 10.828/0.000 | lr(main/disc) 7.50e-05/3.00e-05 | cuda_peak(alloc/resv) 21.78/28.18GB | phase(train/val/raw/train_eval) 3.4/0.6/0.0/0.0s | 4.0s
2026-08-29 15:40:02 | Epoch 004/060 | loss 3.5309 | cls 3.2342 | tal -0.0010 | dual_g 0.2970 | dual_d 0.0000 | train_acc 0.5054 | train_full n/a | val_acc 0.2250 | val_f1 0.1539 | adv/moduleC 0.00/0.12 | disc_steps 0 | grad(main/disc) 10.232/0.000 | lr(main/disc) 7.50e-05/3.00e-05 | cuda_peak(alloc/resv) 21.78/28.18GB | phase(train/val/raw/train_eval) 3.4/0.6/0.6/0.0s | 4.6s
2026-08-29 15:40:05 | New best val_f1_macro_present: raw=0.1539 stable_score=0.1539 at epoch 4
2026-08-29 15:40:10 | Epoch 005/060 | loss 3.4204 | cls 2.9069 | tal -0.0604 | dual_g 0.5317 | dual_d 0.0000 | train_acc 0.5670 | train_full 0.3011 | val_acc 0.2833 | val_f1 0.2556 | adv/moduleC 0.00/0.25 | disc_steps 0 | grad(main/disc) 9.947/0.000 | lr(main/disc) 7.50e-05/3.00e-05 | cuda_peak(alloc/resv) 21.78/28.18GB | phase(train/val/raw/train_eval) 3.4/0.6/0.6/0.8s | 5.4s
2026-08-29 15:40:13 | New best val_f1_macro_present: raw=0.2556 stable_score=0.2556 at epoch 5
2026-08-29 15:40:18 | Epoch 006/060 | loss 3.3568 | cls 2.6193 | tal 0.0204 | dual_g 0.7313 | dual_d 0.9531 | train_acc 0.6159 | train_full n/a | val_acc 0.4417 | val_f1 0.4998 | adv/moduleC 0.07/0.38 | disc_steps 3 | grad(main/disc) 9.904/1.934 | lr(main/disc) 7.50e-05/3.00e-05 | cuda_peak(alloc/resv) 21.78/28.18GB | phase(train/val/raw/train_eval) 3.5/0.6/0.6/0.0s | 4.7s
2026-08-29 15:40:21 | New best val_f1_macro_present: raw=0.4998 stable_score=0.4998 at epoch 6
2026-08-29 15:40:25 | Epoch 007/060 | loss 3.3672 | cls 2.4514 | tal 0.0299 | dual_g 0.9069 | dual_d 0.8883 | train_acc 0.6775 | train_full n/a | val_acc 0.6500 | val_f1 0.6471 | adv/moduleC 0.13/0.50 | disc_steps 3 | grad(main/disc) 9.840/1.807 | lr(main/disc) 7.50e-05/3.00e-05 | cuda_peak(alloc/resv) 21.78/28.18GB | phase(train/val/raw/train_eval) 3.5/0.6/0.6/0.0s | 4.7s
2026-08-29 15:40:28 | New best val_f1_macro_present: raw=0.6471 stable_score=0.6471 at epoch 7
2026-08-29 15:40:33 | Epoch 008/060 | loss 3.3621 | cls 2.2843 | tal 0.0807 | dual_g 1.0536 | dual_d 0.9186 | train_acc 0.7065 | train_full n/a | val_acc 0.6083 | val_f1 0.6573 | adv/moduleC 0.20/0.62 | disc_steps 3 | grad(main/disc) 9.912/1.794 | lr(main/disc) 7.50e-05/3.00e-05 | cuda_peak(alloc/resv) 21.78/28.18GB | phase(train/val/raw/train_eval) 3.7/0.6/0.6/0.0s | 4.9s
2026-08-29 15:40:36 | New best val_f1_macro_present: raw=0.6573 stable_score=0.6573 at epoch 8
2026-08-29 15:40:40 | Epoch 009/060 | loss 3.1593 | cls 2.0224 | tal 0.0314 | dual_g 1.1274 | dual_d 0.9038 | train_acc 0.7681 | train_full n/a | val_acc 0.6667 | val_f1 0.7013 | adv/moduleC 0.27/0.75 | disc_steps 3 | grad(main/disc) 9.656/1.767 | lr(main/disc) 7.50e-05/3.00e-05 | cuda_peak(alloc/resv) 21.78/28.18GB | phase(train/val/raw/train_eval) 3.2/0.6/0.6/0.0s | 4.4s
2026-08-29 15:40:43 | New best val_f1_macro_present: raw=0.7013 stable_score=0.7013 at epoch 9
2026-08-29 15:40:49 | Epoch 010/060 | loss 3.1909 | cls 1.9276 | tal 0.0491 | dual_g 1.2486 | dual_d 0.8532 | train_acc 0.8007 | train_full 0.7161 | val_acc 0.6917 | val_f1 0.6694 | adv/moduleC 0.33/0.88 | disc_steps 3 | grad(main/disc) 11.559/1.679 | lr(main/disc) 7.50e-05/3.00e-05 | cuda_peak(alloc/resv) 21.78/28.18GB | phase(train/val/raw/train_eval) 3.5/0.6/0.6/0.8s | 5.5s
2026-08-29 15:40:53 | Epoch 011/060 | loss 3.1416 | cls 1.7825 | tal 0.0307 | dual_g 1.3498 | dual_d 0.8316 | train_acc 0.8297 | train_full n/a | val_acc 0.7667 | val_f1 0.7265 | adv/moduleC 0.40/1.00 | disc_steps 3 | grad(main/disc) 10.296/1.593 | lr(main/disc) 7.50e-05/3.00e-05 | cuda_peak(alloc/resv) 21.78/28.18GB | phase(train/val/raw/train_eval) 3.5/0.6/0.6/0.0s | 4.7s
2026-08-29 15:40:56 | New best val_f1_macro_present: raw=0.7265 stable_score=0.7265 at epoch 11
2026-08-29 15:41:01 | Epoch 012/060 | loss 2.9955 | cls 1.7072 | tal -0.0239 | dual_g 1.2954 | dual_d 0.8990 | train_acc 0.8478 | train_full n/a | val_acc 0.8250 | val_f1 0.7904 | adv/moduleC 0.47/1.00 | disc_steps 3 | grad(main/disc) 11.179/1.617 | lr(main/disc) 7.50e-05/3.00e-05 | cuda_peak(alloc/resv) 21.78/28.18GB | phase(train/val/raw/train_eval) 3.7/0.6/0.6/0.0s | 4.8s
2026-08-29 15:41:04 | New best val_f1_macro_present: raw=0.7904 stable_score=0.7904 at epoch 12
2026-08-29 15:41:08 | Epoch 013/060 | loss 2.8393 | cls 1.6317 | tal -0.0495 | dual_g 1.2224 | dual_d 0.8533 | train_acc 0.8786 | train_full n/a | val_acc 0.7583 | val_f1 0.7332 | adv/moduleC 0.53/1.00 | disc_steps 3 | grad(main/disc) 9.503/1.519 | lr(main/disc) 7.50e-05/3.00e-05 | cuda_peak(alloc/resv) 21.78/28.18GB | phase(train/val/raw/train_eval) 3.2/0.6/0.0/0.0s | 3.8s
2026-08-29 15:41:12 | Epoch 014/060 | loss 2.7297 | cls 1.5513 | tal -0.0445 | dual_g 1.1918 | dual_d 0.8365 | train_acc 0.8859 | train_full n/a | val_acc 0.8583 | val_f1 0.8332 | adv/moduleC 0.60/1.00 | disc_steps 3 | grad(main/disc) 8.756/1.564 | lr(main/disc) 7.50e-05/3.00e-05 | cuda_peak(alloc/resv) 21.78/28.18GB | phase(train/val/raw/train_eval) 3.4/0.6/0.6/0.0s | 4.6s
2026-08-29 15:41:15 | New best val_f1_macro_present: raw=0.8332 stable_score=0.8332 at epoch 14
2026-08-29 15:41:20 | Epoch 015/060 | loss 2.6711 | cls 1.5496 | tal -0.0596 | dual_g 1.1393 | dual_d 0.8329 | train_acc 0.9022 | train_full 0.8602 | val_acc 0.8333 | val_f1 0.7858 | adv/moduleC 0.67/1.00 | disc_steps 3 | grad(main/disc) 9.864/1.484 | lr(main/disc) 7.50e-05/3.00e-05 | cuda_peak(alloc/resv) 21.78/28.18GB | phase(train/val/raw/train_eval) 3.2/0.6/0.6/0.8s | 5.2s
2026-08-29 15:41:24 | Epoch 016/060 | loss 2.5756 | cls 1.4818 | tal -0.0205 | dual_g 1.0999 | dual_d 0.8610 | train_acc 0.9203 | train_full n/a | val_acc 0.7667 | val_f1 0.7352 | adv/moduleC 0.73/1.00 | disc_steps 3 | grad(main/disc) 9.144/1.500 | lr(main/disc) 7.50e-05/3.00e-05 | cuda_peak(alloc/resv) 21.78/28.18GB | phase(train/val/raw/train_eval) 3.4/0.6/0.0/0.0s | 4.0s
2026-08-29 15:41:29 | Epoch 017/060 | loss 2.5103 | cls 1.4328 | tal -0.0600 | dual_g 1.0954 | dual_d 0.8783 | train_acc 0.9402 | train_full n/a | val_acc 0.8833 | val_f1 0.8522 | adv/moduleC 0.80/1.00 | disc_steps 3 | grad(main/disc) 8.235/1.474 | lr(main/disc) 7.50e-05/3.00e-05 | cuda_peak(alloc/resv) 21.78/28.18GB | phase(train/val/raw/train_eval) 3.4/0.6/0.6/0.0s | 4.6s
2026-08-29 15:41:32 | New best val_f1_macro_present: raw=0.8522 stable_score=0.8522 at epoch 17
2026-08-29 15:41:35 | Epoch 018/060 | loss 2.4598 | cls 1.3939 | tal -0.0008 | dual_g 1.0661 | dual_d 0.8709 | train_acc 0.9511 | train_full n/a | val_acc 0.8333 | val_f1 0.7916 | adv/moduleC 0.87/1.00 | disc_steps 3 | grad(main/disc) 7.728/1.482 | lr(main/disc) 7.50e-05/3.00e-05 | cuda_peak(alloc/resv) 21.78/28.18GB | phase(train/val/raw/train_eval) 3.2/0.6/0.0/0.0s | 3.8s
2026-08-29 15:41:39 | Epoch 019/060 | loss 2.4251 | cls 1.3739 | tal -0.0251 | dual_g 1.0588 | dual_d 0.9078 | train_acc 0.9638 | train_full n/a | val_acc 0.8667 | val_f1 0.8260 | adv/moduleC 0.93/1.00 | disc_steps 3 | grad(main/disc) 7.899/1.505 | lr(main/disc) 7.50e-05/3.00e-05 | cuda_peak(alloc/resv) 21.78/28.18GB | phase(train/val/raw/train_eval) 3.5/0.6/0.0/0.0s | 4.1s
2026-08-29 15:41:45 | Epoch 020/060 | loss 2.4017 | cls 1.3507 | tal 0.0142 | dual_g 1.0467 | dual_d 0.9389 | train_acc 0.9565 | train_full 0.9290 | val_acc 0.9000 | val_f1 0.8753 | adv/moduleC 1.00/1.00 | disc_steps 3 | grad(main/disc) 7.582/1.543 | lr(main/disc) 7.50e-05/3.00e-05 | cuda_peak(alloc/resv) 21.78/28.18GB | phase(train/val/raw/train_eval) 3.3/0.6/0.6/0.8s | 5.3s
2026-08-29 15:41:48 | New best val_f1_macro_present: raw=0.8753 stable_score=0.8753 at epoch 20
2026-08-29 15:41:51 | Epoch 021/060 | loss 2.3513 | cls 1.3382 | tal 0.0186 | dual_g 1.0075 | dual_d 0.9080 | train_acc 0.9692 | train_full n/a | val_acc 0.9250 | val_f1 0.8724 | adv/moduleC 1.00/1.00 | disc_steps 3 | grad(main/disc) 6.457/1.459 | lr(main/disc) 7.50e-05/3.00e-05 | cuda_peak(alloc/resv) 21.78/28.18GB | phase(train/val/raw/train_eval) 3.1/0.6/0.0/0.0s | 3.7s
2026-08-29 15:41:55 | Epoch 022/060 | loss 2.3291 | cls 1.3312 | tal 0.0192 | dual_g 0.9921 | dual_d 0.9348 | train_acc 0.9656 | train_full n/a | val_acc 0.9000 | val_f1 0.8621 | adv/moduleC 1.00/1.00 | disc_steps 3 | grad(main/disc) 6.452/1.491 | lr(main/disc) 7.50e-05/3.00e-05 | cuda_peak(alloc/resv) 21.78/28.18GB | phase(train/val/raw/train_eval) 3.2/0.6/0.0/0.0s | 3.8s
2026-08-29 15:41:59 | Epoch 023/060 | loss 2.3205 | cls 1.3164 | tal 0.0196 | dual_g 0.9982 | dual_d 0.9505 | train_acc 0.9728 | train_full n/a | val_acc 0.8917 | val_f1 0.8525 | adv/moduleC 1.00/1.00 | disc_steps 3 | grad(main/disc) 6.501/1.479 | lr(main/disc) 7.50e-05/3.00e-05 | cuda_peak(alloc/resv) 21.78/28.18GB | phase(train/val/raw/train_eval) 3.4/0.6/0.0/0.0s | 3.9s
2026-08-29 15:42:03 | Epoch 024/060 | loss 2.2610 | cls 1.2939 | tal -0.0260 | dual_g 0.9749 | dual_d 0.9865 | train_acc 0.9674 | train_full n/a | val_acc 0.9083 | val_f1 0.8906 | adv/moduleC 1.00/1.00 | disc_steps 3 | grad(main/disc) 5.807/1.544 | lr(main/disc) 7.50e-05/3.00e-05 | cuda_peak(alloc/resv) 21.78/28.18GB | phase(train/val/raw/train_eval) 3.2/0.6/0.6/0.0s | 4.3s
2026-08-29 15:42:06 | New best val_f1_macro_present: raw=0.8906 stable_score=0.8906 at epoch 24
2026-08-29 15:42:11 | Epoch 025/060 | loss 2.2688 | cls 1.3058 | tal 0.0132 | dual_g 0.9591 | dual_d 0.9564 | train_acc 0.9764 | train_full 0.9505 | val_acc 0.9167 | val_f1 0.8739 | adv/moduleC 1.00/1.00 | disc_steps 3 | grad(main/disc) 5.570/1.451 | lr(main/disc) 7.50e-05/3.00e-05 | cuda_peak(alloc/resv) 21.78/28.18GB | phase(train/val/raw/train_eval) 3.4/0.6/0.6/0.8s | 5.4s
2026-08-29 15:42:15 | Epoch 026/060 | loss 2.2250 | cls 1.2699 | tal 0.0231 | dual_g 0.9481 | dual_d 1.0390 | train_acc 0.9819 | train_full n/a | val_acc 0.8917 | val_f1 0.8527 | adv/moduleC 1.00/1.00 | disc_steps 3 | grad(main/disc) 5.340/1.574 | lr(main/disc) 7.50e-05/3.00e-05 | cuda_peak(alloc/resv) 21.78/28.18GB | phase(train/val/raw/train_eval) 3.3/0.6/0.0/0.0s | 3.9s
2026-08-29 15:42:20 | Epoch 027/060 | loss 2.2324 | cls 1.2753 | tal 0.0431 | dual_g 0.9442 | dual_d 0.9974 | train_acc 0.9710 | train_full n/a | val_acc 0.9167 | val_f1 0.9093 | adv/moduleC 1.00/1.00 | disc_steps 3 | grad(main/disc) 6.136/1.500 | lr(main/disc) 7.50e-05/3.00e-05 | cuda_peak(alloc/resv) 21.78/28.18GB | phase(train/val/raw/train_eval) 3.3/0.6/0.6/0.0s | 4.4s
2026-08-29 15:42:23 | New best val_f1_macro_present: raw=0.9093 stable_score=0.9093 at epoch 27
2026-08-29 15:42:26 | Epoch 028/060 | loss 2.1862 | cls 1.2458 | tal 0.0080 | dual_g 0.9380 | dual_d 1.0519 | train_acc 0.9891 | train_full n/a | val_acc 0.8833 | val_f1 0.8456 | adv/moduleC 1.00/1.00 | disc_steps 3 | grad(main/disc) 5.782/1.574 | lr(main/disc) 7.50e-05/3.00e-05 | cuda_peak(alloc/resv) 21.78/28.18GB | phase(train/val/raw/train_eval) 3.2/0.6/0.0/0.0s | 3.8s
2026-08-29 15:42:30 | Epoch 029/060 | loss 2.2019 | cls 1.2557 | tal 0.0614 | dual_g 0.9278 | dual_d 1.0517 | train_acc 0.9801 | train_full n/a | val_acc 0.9250 | val_f1 0.8994 | adv/moduleC 1.00/1.00 | disc_steps 3 | grad(main/disc) 5.142/1.542 | lr(main/disc) 7.50e-05/3.00e-05 | cuda_peak(alloc/resv) 21.78/28.18GB | phase(train/val/raw/train_eval) 3.3/0.6/0.0/0.0s | 3.9s
2026-08-29 15:42:36 | Epoch 030/060 | loss 2.1540 | cls 1.2335 | tal 0.0055 | dual_g 0.9189 | dual_d 1.0263 | train_acc 0.9909 | train_full 0.9505 | val_acc 0.9250 | val_f1 0.9235 | adv/moduleC 1.00/1.00 | disc_steps 3 | grad(main/disc) 4.036/1.489 | lr(main/disc) 7.50e-05/3.00e-05 | cuda_peak(alloc/resv) 21.78/28.18GB | phase(train/val/raw/train_eval) 3.5/0.6/0.6/0.8s | 5.5s
2026-08-29 15:42:38 | New best val_f1_macro_present: raw=0.9235 stable_score=0.9235 at epoch 30
2026-08-29 15:42:42 | Epoch 031/060 | loss 2.1039 | cls 1.2133 | tal -0.0609 | dual_g 0.9088 | dual_d 1.0709 | train_acc 0.9964 | train_full n/a | val_acc 0.9167 | val_f1 0.8980 | adv/moduleC 1.00/1.00 | disc_steps 3 | grad(main/disc) 3.745/1.527 | lr(main/disc) 7.50e-05/3.00e-05 | cuda_peak(alloc/resv) 21.78/28.18GB | phase(train/val/raw/train_eval) 3.1/0.6/0.0/0.0s | 3.7s
2026-08-29 15:42:46 | Epoch 032/060 | loss 2.0839 | cls 1.2069 | tal -0.0810 | dual_g 0.9014 | dual_d 1.0902 | train_acc 0.9946 | train_full n/a | val_acc 0.9167 | val_f1 0.8799 | adv/moduleC 1.00/1.00 | disc_steps 3 | grad(main/disc) 4.049/1.538 | lr(main/disc) 7.50e-05/3.00e-05 | cuda_peak(alloc/resv) 21.78/28.18GB | phase(train/val/raw/train_eval) 3.3/0.6/0.0/0.0s | 3.9s
2026-08-29 15:42:50 | Epoch 033/060 | loss 2.1144 | cls 1.2257 | tal -0.0650 | dual_g 0.9082 | dual_d 1.0823 | train_acc 0.9819 | train_full n/a | val_acc 0.9333 | val_f1 0.9147 | adv/moduleC 1.00/1.00 | disc_steps 3 | grad(main/disc) 3.702/1.468 | lr(main/disc) 7.50e-05/3.00e-05 | cuda_peak(alloc/resv) 21.78/28.18GB | phase(train/val/raw/train_eval) 3.2/0.6/0.0/0.0s | 3.8s
2026-08-29 15:42:55 | Epoch 034/060 | loss 2.0890 | cls 1.2070 | tal -0.0605 | dual_g 0.9002 | dual_d 1.0800 | train_acc 0.9928 | train_full n/a | val_acc 0.9500 | val_f1 0.9260 | adv/moduleC 1.00/1.00 | disc_steps 3 | grad(main/disc) 3.670/1.436 | lr(main/disc) 7.50e-05/3.00e-05 | cuda_peak(alloc/resv) 21.78/28.18GB | phase(train/val/raw/train_eval) 3.5/0.6/0.6/0.0s | 4.7s
2026-08-29 15:42:57 | New best val_f1_macro_present: raw=0.9260 stable_score=0.9260 at epoch 34
2026-08-29 15:43:03 | Epoch 035/060 | loss 2.0780 | cls 1.2067 | tal -0.0918 | dual_g 0.8988 | dual_d 1.1266 | train_acc 0.9909 | train_full 0.9527 | val_acc 0.9417 | val_f1 0.9133 | adv/moduleC 1.00/1.00 | disc_steps 3 | grad(main/disc) 3.923/1.490 | lr(main/disc) 7.50e-05/3.00e-05 | cuda_peak(alloc/resv) 21.78/28.18GB | phase(train/val/raw/train_eval) 3.3/0.6/0.6/0.9s | 5.3s
2026-08-29 15:43:06 | Epoch 036/060 | loss 2.0828 | cls 1.2121 | tal -0.0908 | dual_g 0.8980 | dual_d 1.1272 | train_acc 0.9855 | train_full n/a | val_acc 0.9583 | val_f1 0.9236 | adv/moduleC 1.00/1.00 | disc_steps 3 | grad(main/disc) 3.957/1.515 | lr(main/disc) 7.50e-05/3.00e-05 | cuda_peak(alloc/resv) 21.78/28.18GB | phase(train/val/raw/train_eval) 3.3/0.6/0.0/0.0s | 3.9s
2026-08-29 15:43:10 | Epoch 037/060 | loss 2.0296 | cls 1.1919 | tal -0.1190 | dual_g 0.8734 | dual_d 1.1279 | train_acc 0.9928 | train_full n/a | val_acc 0.8750 | val_f1 0.8816 | adv/moduleC 1.00/1.00 | disc_steps 3 | grad(main/disc) 3.065/1.508 | lr(main/disc) 7.50e-05/3.00e-05 | cuda_peak(alloc/resv) 21.78/28.18GB | phase(train/val/raw/train_eval) 3.2/0.6/0.0/0.0s | 3.8s
2026-08-29 15:43:15 | Epoch 038/060 | loss 2.0348 | cls 1.1982 | tal -0.1173 | dual_g 0.8718 | dual_d 1.0984 | train_acc 0.9928 | train_full n/a | val_acc 0.9750 | val_f1 0.9626 | adv/moduleC 1.00/1.00 | disc_steps 3 | grad(main/disc) 3.091/1.467 | lr(main/disc) 7.50e-05/3.00e-05 | cuda_peak(alloc/resv) 21.78/28.18GB | phase(train/val/raw/train_eval) 3.7/0.6/0.6/0.0s | 4.9s
2026-08-29 15:43:18 | New best val_f1_macro_present: raw=0.9626 stable_score=0.9626 at epoch 38
2026-08-29 15:43:22 | Epoch 039/060 | loss 2.0277 | cls 1.1853 | tal -0.1040 | dual_g 0.8736 | dual_d 1.1184 | train_acc 0.9946 | train_full n/a | val_acc 0.9083 | val_f1 0.8927 | adv/moduleC 1.00/1.00 | disc_steps 3 | grad(main/disc) 2.991/1.489 | lr(main/disc) 7.50e-05/3.00e-05 | cuda_peak(alloc/resv) 21.78/28.18GB | phase(train/val/raw/train_eval) 3.5/0.6/0.0/0.0s | 4.0s
2026-08-29 15:43:27 | Epoch 040/060 | loss 2.0342 | cls 1.1899 | tal -0.1032 | dual_g 0.8753 | dual_d 1.1623 | train_acc 0.9909 | train_full 0.9441 | val_acc 0.9000 | val_f1 0.8788 | adv/moduleC 1.00/1.00 | disc_steps 3 | grad(main/disc) 2.974/1.529 | lr(main/disc) 7.50e-05/3.00e-05 | cuda_peak(alloc/resv) 21.78/28.18GB | phase(train/val/raw/train_eval) 3.2/0.6/0.6/0.8s | 5.2s
2026-08-29 15:43:31 | Epoch 041/060 | loss 2.0275 | cls 1.1867 | tal -0.1180 | dual_g 0.8762 | dual_d 1.0878 | train_acc 0.9982 | train_full n/a | val_acc 0.9333 | val_f1 0.8982 | adv/moduleC 1.00/1.00 | disc_steps 3 | grad(main/disc) 3.194/1.399 | lr(main/disc) 7.50e-05/3.00e-05 | cuda_peak(alloc/resv) 21.78/28.18GB | phase(train/val/raw/train_eval) 3.4/0.6/0.0/0.0s | 4.0s
2026-08-29 15:43:35 | Epoch 042/060 | loss 2.0231 | cls 1.1857 | tal -0.0910 | dual_g 0.8647 | dual_d 1.1349 | train_acc 1.0000 | train_full n/a | val_acc 0.9333 | val_f1 0.9120 | adv/moduleC 1.00/1.00 | disc_steps 3 | grad(main/disc) 2.997/1.466 | lr(main/disc) 7.50e-05/3.00e-05 | cuda_peak(alloc/resv) 21.78/28.18GB | phase(train/val/raw/train_eval) 3.4/0.6/0.0/0.0s | 4.0s
2026-08-29 15:43:39 | Epoch 043/060 | loss 2.0142 | cls 1.1772 | tal -0.0953 | dual_g 0.8655 | dual_d 1.1176 | train_acc 0.9964 | train_full n/a | val_acc 0.9500 | val_f1 0.9168 | adv/moduleC 1.00/1.00 | disc_steps 3 | grad(main/disc) 2.886/1.401 | lr(main/disc) 7.50e-05/3.00e-05 | cuda_peak(alloc/resv) 21.78/28.18GB | phase(train/val/raw/train_eval) 3.2/0.6/0.0/0.0s | 3.8s
2026-08-29 15:43:43 | Epoch 044/060 | loss 2.0099 | cls 1.1785 | tal -0.1136 | dual_g 0.8655 | dual_d 1.1872 | train_acc 0.9982 | train_full n/a | val_acc 0.9333 | val_f1 0.8962 | adv/moduleC 1.00/1.00 | disc_steps 3 | grad(main/disc) 2.813/1.505 | lr(main/disc) 7.50e-05/3.00e-05 | cuda_peak(alloc/resv) 21.78/28.18GB | phase(train/val/raw/train_eval) 3.6/0.6/0.0/0.0s | 4.1s
2026-08-29 15:43:48 | Epoch 045/060 | loss 2.0127 | cls 1.1805 | tal -0.1076 | dual_g 0.8645 | dual_d 1.1367 | train_acc 0.9964 | train_full 0.9957 | val_acc 0.9750 | val_f1 0.9626 | adv/moduleC 1.00/1.00 | disc_steps 3 | grad(main/disc) 2.731/1.469 | lr(main/disc) 7.50e-05/3.00e-05 | cuda_peak(alloc/resv) 21.78/28.18GB | phase(train/val/raw/train_eval) 3.5/0.6/0.6/0.8s | 5.4s
2026-08-29 15:43:52 | Epoch 046/060 | loss 2.0109 | cls 1.1687 | tal -0.0562 | dual_g 0.8591 | dual_d 1.1821 | train_acc 0.9964 | train_full n/a | val_acc 0.9667 | val_f1 0.9368 | adv/moduleC 1.00/1.00 | disc_steps 3 | grad(main/disc) 2.609/1.516 | lr(main/disc) 7.50e-05/3.00e-05 | cuda_peak(alloc/resv) 21.78/28.18GB | phase(train/val/raw/train_eval) 3.3/0.6/0.0/0.0s | 3.9s
2026-08-29 15:43:56 | Epoch 047/060 | loss 2.0072 | cls 1.1653 | tal -0.0593 | dual_g 0.8597 | dual_d 1.1487 | train_acc 0.9982 | train_full n/a | val_acc 0.9583 | val_f1 0.9191 | adv/moduleC 1.00/1.00 | disc_steps 3 | grad(main/disc) 2.479/1.430 | lr(main/disc) 3.75e-05/1.50e-05 | cuda_peak(alloc/resv) 21.78/28.18GB | phase(train/val/raw/train_eval) 3.5/0.6/0.0/0.0s | 4.1s
2026-08-29 15:44:00 | Epoch 048/060 | loss 1.9899 | cls 1.1671 | tal -0.1052 | dual_g 0.8543 | dual_d 1.1506 | train_acc 0.9982 | train_full n/a | val_acc 0.9583 | val_f1 0.9191 | adv/moduleC 1.00/1.00 | disc_steps 3 | grad(main/disc) 2.522/1.455 | lr(main/disc) 3.75e-05/1.50e-05 | cuda_peak(alloc/resv) 21.78/28.18GB | phase(train/val/raw/train_eval) 3.6/0.6/0.0/0.0s | 4.2s
2026-08-29 15:44:04 | Epoch 049/060 | loss 1.9865 | cls 1.1699 | tal -0.1110 | dual_g 0.8499 | dual_d 1.1740 | train_acc 1.0000 | train_full n/a | val_acc 0.9583 | val_f1 0.9353 | adv/moduleC 1.00/1.00 | disc_steps 3 | grad(main/disc) 2.379/1.448 | lr(main/disc) 3.75e-05/1.50e-05 | cuda_peak(alloc/resv) 21.78/28.18GB | phase(train/val/raw/train_eval) 3.2/0.6/0.0/0.0s | 3.8s
2026-08-29 15:44:10 | Epoch 050/060 | loss 1.9639 | cls 1.1689 | tal -0.1543 | dual_g 0.8413 | dual_d 1.1456 | train_acc 0.9946 | train_full 0.9656 | val_acc 0.9500 | val_f1 0.9431 | adv/moduleC 1.00/1.00 | disc_steps 3 | grad(main/disc) 2.246/1.448 | lr(main/disc) 3.75e-05/1.50e-05 | cuda_peak(alloc/resv) 21.78/28.18GB | phase(train/val/raw/train_eval) 3.6/0.6/0.6/0.8s | 5.6s
2026-08-29 15:44:14 | Epoch 051/060 | loss 1.9735 | cls 1.1632 | tal -0.1329 | dual_g 0.8502 | dual_d 1.1642 | train_acc 0.9982 | train_full n/a | val_acc 0.9500 | val_f1 0.9431 | adv/moduleC 1.00/1.00 | disc_steps 3 | grad(main/disc) 2.379/1.436 | lr(main/disc) 3.75e-05/1.50e-05 | cuda_peak(alloc/resv) 21.78/28.18GB | phase(train/val/raw/train_eval) 3.4/0.6/0.0/0.0s | 3.9s
2026-08-29 15:44:18 | Epoch 052/060 | loss 1.9666 | cls 1.1610 | tal -0.1521 | dual_g 0.8512 | dual_d 1.1583 | train_acc 0.9964 | train_full n/a | val_acc 0.9667 | val_f1 0.9466 | adv/moduleC 1.00/1.00 | disc_steps 3 | grad(main/disc) 2.169/1.461 | lr(main/disc) 3.75e-05/1.50e-05 | cuda_peak(alloc/resv) 21.78/28.18GB | phase(train/val/raw/train_eval) 3.2/0.6/0.0/0.0s | 3.8s
2026-08-29 15:44:22 | Epoch 053/060 | loss 1.9580 | cls 1.1583 | tal -0.1553 | dual_g 0.8463 | dual_d 1.1390 | train_acc 0.9982 | train_full n/a | val_acc 0.9583 | val_f1 0.9191 | adv/moduleC 1.00/1.00 | disc_steps 3 | grad(main/disc) 2.066/1.416 | lr(main/disc) 3.75e-05/1.50e-05 | cuda_peak(alloc/resv) 21.78/28.18GB | phase(train/val/raw/train_eval) 3.5/0.6/0.0/0.0s | 4.1s
2026-08-29 15:44:22 | Early stopping at epoch 53 after 15 epochs without val_f1_macro_present improvement.
2026-08-29 15:44:22 | Training complete. Peak validation accuracy: 0.9750 | selected val_f1_macro_present: 0.9626
