2026-08-29 15:49:51 | Starting Dual_D standalone training
2026-08-29 15:49:51 | Run directory: runs/module_c_ablation_60_v7/module_c_20260829_145907/module_c_no_cycle_黑天_20260829_153936
2026-08-29 15:49:51 | Device: cuda
2026-08-29 15:49:51 | Source train samples: 992
2026-08-29 15:49:51 | Target train samples: 465
2026-08-29 15:49:51 | Target val samples: 120
2026-08-29 15:49:51 | Classes: 14
2026-08-29 15:49:51 | Data audit: same_dir=False | path_overlap(vis/ir/ais)=0/0/0 | content_overlap(vis/ir/ais)=0/0/0 | ais_index_overlap=0 | stem_mismatch(vis-ir/vis-ais)=578/0
2026-08-29 15:49:51 | source_train classes: present 14/14 | absent 0 | counts [0:120, 1:44, 2:69, 3:45, 4:40, 5:30, 6:64, 7:80, 8:116, 9:68, 10:57, 11:83, 12:48, 13:128]
2026-08-29 15:49:51 | target_train classes: present 8/14 | absent 6 | counts [0:100, 2:11, 3:16, 6:89, 9:162, 10:12, 11:44, 13:31]
2026-08-29 15:49:51 | target_val classes: present 8/14 | absent 6 | counts [0:26, 2:3, 3:5, 6:23, 9:41, 10:3, 11:11, 13:8]
2026-08-29 15:49:51 | Paired training classes: 8/14 | class ids [0, 2, 3, 6, 9, 10, 11, 13]
2026-08-29 15:49:51 | Runtime profile: batch=92 | paired_steps=6 | workers=16 | train_eval_every=5 | raw_eval_every=5 | stability_window=1 | lr_scheduler_start=24 | early_stop=15 after min_epoch=48
2026-08-29 15:49:51 | VIS/IR pairing: class-level-unpaired | count-mismatch classes train/val: 10/0 | AIS alignment: none | AIS rows train/val: 0/0
2026-08-29 15:49:52 | Effective Dual-D loss weights: {"adv_auxiliary": 0.03, "adv_primary": 0.03, "classification": 0.6, "contrastive": 0.05, "cycle": 0.0, "identity": 0.035, "prototype_contrastive": 0.025}
2026-08-29 15:49:52 | Model parameters: total=17277714 | trainable=17120210
2026-08-29 15:49:58 | Epoch 001/060 | loss 5.8256 | cls 5.7375 | tal 0.2936 | dual_g 0.0000 | dual_d 0.0000 | train_acc 0.0942 | train_full 0.2000 | val_acc 0.2250 | val_f1 0.0968 | adv/moduleC 0.00/0.00 | disc_steps 0 | grad(main/disc) 15.719/0.000 | lr(main/disc) 7.50e-05/3.00e-05 | cuda_peak(alloc/resv) 21.77/28.18GB | phase(train/val/raw/train_eval) 4.0/0.6/0.6/0.8s | 6.1s
2026-08-29 15:50:01 | New best val_f1_macro_present: raw=0.0968 stable_score=0.0968 at epoch 1
2026-08-29 15:50:05 | Epoch 002/060 | loss 4.4103 | cls 4.3902 | tal 0.0668 | dual_g 0.0000 | dual_d 0.0000 | train_acc 0.2192 | train_full n/a | val_acc 0.1333 | val_f1 0.0681 | adv/moduleC 0.00/0.00 | disc_steps 0 | grad(main/disc) 11.734/0.000 | lr(main/disc) 7.50e-05/3.00e-05 | cuda_peak(alloc/resv) 21.77/28.18GB | phase(train/val/raw/train_eval) 3.2/0.6/0.0/0.0s | 3.8s
2026-08-29 15:50:09 | Epoch 003/060 | loss 3.8048 | cls 3.8105 | tal -0.0190 | dual_g 0.0000 | dual_d 0.0000 | train_acc 0.3478 | train_full n/a | val_acc 0.0917 | val_f1 0.0599 | adv/moduleC 0.00/0.00 | disc_steps 0 | grad(main/disc) 10.120/0.000 | lr(main/disc) 7.50e-05/3.00e-05 | cuda_peak(alloc/resv) 21.77/28.18GB | phase(train/val/raw/train_eval) 3.4/0.6/0.0/0.0s | 4.0s
2026-08-29 15:50:13 | Epoch 004/060 | loss 3.6886 | cls 3.3962 | tal -0.0487 | dual_g 0.3070 | dual_d 0.0000 | train_acc 0.4547 | train_full n/a | val_acc 0.1667 | val_f1 0.1594 | adv/moduleC 0.00/0.12 | disc_steps 0 | grad(main/disc) 9.999/0.000 | lr(main/disc) 7.50e-05/3.00e-05 | cuda_peak(alloc/resv) 21.77/28.18GB | phase(train/val/raw/train_eval) 3.6/0.6/0.6/0.0s | 4.8s
2026-08-29 15:50:16 | New best val_f1_macro_present: raw=0.1594 stable_score=0.1594 at epoch 4
2026-08-29 15:50:22 | Epoch 005/060 | loss 3.4775 | cls 2.9651 | tal -0.1092 | dual_g 0.5451 | dual_d 0.0000 | train_acc 0.5525 | train_full 0.2538 | val_acc 0.2583 | val_f1 0.3213 | adv/moduleC 0.00/0.25 | disc_steps 0 | grad(main/disc) 9.131/0.000 | lr(main/disc) 7.50e-05/3.00e-05 | cuda_peak(alloc/resv) 21.77/28.18GB | phase(train/val/raw/train_eval) 3.3/0.6/0.6/0.8s | 5.3s
2026-08-29 15:50:25 | New best val_f1_macro_present: raw=0.3213 stable_score=0.3213 at epoch 5
2026-08-29 15:50:29 | Epoch 006/060 | loss 3.4892 | cls 2.7556 | tal -0.0940 | dual_g 0.7619 | dual_d 0.9182 | train_acc 0.5888 | train_full n/a | val_acc 0.3500 | val_f1 0.4706 | adv/moduleC 0.07/0.38 | disc_steps 3 | grad(main/disc) 9.518/1.646 | lr(main/disc) 7.50e-05/3.00e-05 | cuda_peak(alloc/resv) 21.77/28.18GB | phase(train/val/raw/train_eval) 3.8/0.6/0.6/0.0s | 5.0s
2026-08-29 15:50:32 | New best val_f1_macro_present: raw=0.4706 stable_score=0.4706 at epoch 6
2026-08-29 15:50:37 | Epoch 007/060 | loss 3.5056 | cls 2.5803 | tal -0.1212 | dual_g 0.9616 | dual_d 0.8740 | train_acc 0.6467 | train_full n/a | val_acc 0.5167 | val_f1 0.6135 | adv/moduleC 0.13/0.50 | disc_steps 3 | grad(main/disc) 10.300/1.554 | lr(main/disc) 7.50e-05/3.00e-05 | cuda_peak(alloc/resv) 21.77/28.18GB | phase(train/val/raw/train_eval) 3.7/0.6/0.6/0.0s | 4.9s
2026-08-29 15:50:40 | New best val_f1_macro_present: raw=0.6135 stable_score=0.6135 at epoch 7
2026-08-29 15:50:45 | Epoch 008/060 | loss 3.4249 | cls 2.3493 | tal -0.0793 | dual_g 1.0994 | dual_d 0.8522 | train_acc 0.7011 | train_full n/a | val_acc 0.6917 | val_f1 0.7013 | adv/moduleC 0.20/0.62 | disc_steps 3 | grad(main/disc) 11.721/1.512 | lr(main/disc) 7.50e-05/3.00e-05 | cuda_peak(alloc/resv) 21.77/28.18GB | phase(train/val/raw/train_eval) 3.7/0.6/0.6/0.0s | 4.8s
2026-08-29 15:50:47 | New best val_f1_macro_present: raw=0.7013 stable_score=0.7013 at epoch 8
2026-08-29 15:50:52 | Epoch 009/060 | loss 3.3184 | cls 2.1435 | tal -0.0583 | dual_g 1.1924 | dual_d 0.8422 | train_acc 0.7518 | train_full n/a | val_acc 0.7667 | val_f1 0.7480 | adv/moduleC 0.27/0.75 | disc_steps 3 | grad(main/disc) 11.544/1.450 | lr(main/disc) 7.50e-05/3.00e-05 | cuda_peak(alloc/resv) 21.77/28.18GB | phase(train/val/raw/train_eval) 3.3/0.6/0.6/0.0s | 4.5s
2026-08-29 15:50:55 | New best val_f1_macro_present: raw=0.7480 stable_score=0.7480 at epoch 9
2026-08-29 15:51:01 | Epoch 010/060 | loss 3.2668 | cls 1.9968 | tal -0.0541 | dual_g 1.2862 | dual_d 0.8250 | train_acc 0.7736 | train_full 0.7054 | val_acc 0.7083 | val_f1 0.7106 | adv/moduleC 0.33/0.88 | disc_steps 3 | grad(main/disc) 10.687/1.426 | lr(main/disc) 7.50e-05/3.00e-05 | cuda_peak(alloc/resv) 21.77/28.18GB | phase(train/val/raw/train_eval) 3.7/0.6/0.6/0.8s | 5.7s
2026-08-29 15:51:05 | Epoch 011/060 | loss 3.2921 | cls 1.8663 | tal -0.0416 | dual_g 1.4384 | dual_d 0.8235 | train_acc 0.8134 | train_full n/a | val_acc 0.8167 | val_f1 0.7685 | adv/moduleC 0.40/1.00 | disc_steps 3 | grad(main/disc) 15.721/1.429 | lr(main/disc) 7.50e-05/3.00e-05 | cuda_peak(alloc/resv) 21.77/28.18GB | phase(train/val/raw/train_eval) 3.7/0.6/0.6/0.0s | 4.8s
2026-08-29 15:51:08 | New best val_f1_macro_present: raw=0.7685 stable_score=0.7685 at epoch 11
2026-08-29 15:51:13 | Epoch 012/060 | loss 3.1187 | cls 1.7966 | tal -0.0722 | dual_g 1.3438 | dual_d 0.8214 | train_acc 0.8351 | train_full n/a | val_acc 0.8417 | val_f1 0.8210 | adv/moduleC 0.47/1.00 | disc_steps 3 | grad(main/disc) 10.514/1.359 | lr(main/disc) 7.50e-05/3.00e-05 | cuda_peak(alloc/resv) 21.77/28.18GB | phase(train/val/raw/train_eval) 3.8/0.6/0.6/0.0s | 5.0s
2026-08-29 15:51:16 | New best val_f1_macro_present: raw=0.8210 stable_score=0.8210 at epoch 12
2026-08-29 15:51:20 | Epoch 013/060 | loss 2.9077 | cls 1.6769 | tal -0.0790 | dual_g 1.2545 | dual_d 0.8235 | train_acc 0.8641 | train_full n/a | val_acc 0.8333 | val_f1 0.7972 | adv/moduleC 0.53/1.00 | disc_steps 3 | grad(main/disc) 9.645/1.360 | lr(main/disc) 7.50e-05/3.00e-05 | cuda_peak(alloc/resv) 21.77/28.18GB | phase(train/val/raw/train_eval) 3.4/0.6/0.0/0.0s | 3.9s
2026-08-29 15:51:24 | Epoch 014/060 | loss 2.8561 | cls 1.6426 | tal -0.0730 | dual_g 1.2354 | dual_d 0.8020 | train_acc 0.8895 | train_full n/a | val_acc 0.8500 | val_f1 0.8215 | adv/moduleC 0.60/1.00 | disc_steps 3 | grad(main/disc) 10.028/1.273 | lr(main/disc) 7.50e-05/3.00e-05 | cuda_peak(alloc/resv) 21.77/28.18GB | phase(train/val/raw/train_eval) 3.4/0.6/0.0/0.0s | 3.9s
2026-08-29 15:51:30 | Epoch 015/060 | loss 2.8274 | cls 1.6197 | tal -0.0620 | dual_g 1.2262 | dual_d 0.8354 | train_acc 0.8804 | train_full 0.8581 | val_acc 0.8583 | val_f1 0.8297 | adv/moduleC 0.67/1.00 | disc_steps 3 | grad(main/disc) 11.756/1.332 | lr(main/disc) 7.50e-05/3.00e-05 | cuda_peak(alloc/resv) 21.77/28.18GB | phase(train/val/raw/train_eval) 3.7/0.6/0.6/0.8s | 5.7s
2026-08-29 15:51:32 | New best val_f1_macro_present: raw=0.8297 stable_score=0.8297 at epoch 15
2026-08-29 15:51:37 | Epoch 016/060 | loss 2.7315 | cls 1.5674 | tal -0.0508 | dual_g 1.1793 | dual_d 0.8350 | train_acc 0.8967 | train_full n/a | val_acc 0.9000 | val_f1 0.8758 | adv/moduleC 0.73/1.00 | disc_steps 3 | grad(main/disc) 10.275/1.308 | lr(main/disc) 7.50e-05/3.00e-05 | cuda_peak(alloc/resv) 21.77/28.18GB | phase(train/val/raw/train_eval) 3.7/0.6/0.6/0.0s | 4.9s
2026-08-29 15:51:40 | New best val_f1_macro_present: raw=0.8758 stable_score=0.8758 at epoch 16
2026-08-29 15:51:45 | Epoch 017/060 | loss 2.6845 | cls 1.5474 | tal -0.0826 | dual_g 1.1619 | dual_d 0.8148 | train_acc 0.9040 | train_full n/a | val_acc 0.9167 | val_f1 0.8923 | adv/moduleC 0.80/1.00 | disc_steps 3 | grad(main/disc) 10.965/1.277 | lr(main/disc) 7.50e-05/3.00e-05 | cuda_peak(alloc/resv) 21.77/28.18GB | phase(train/val/raw/train_eval) 3.5/0.6/0.6/0.0s | 4.7s
2026-08-29 15:51:48 | New best val_f1_macro_present: raw=0.8923 stable_score=0.8923 at epoch 17
2026-08-29 15:51:52 | Epoch 018/060 | loss 2.5460 | cls 1.4593 | tal -0.0490 | dual_g 1.1014 | dual_d 0.8329 | train_acc 0.9293 | train_full n/a | val_acc 0.8750 | val_f1 0.8601 | adv/moduleC 0.87/1.00 | disc_steps 3 | grad(main/disc) 7.903/1.269 | lr(main/disc) 7.50e-05/3.00e-05 | cuda_peak(alloc/resv) 21.77/28.18GB | phase(train/val/raw/train_eval) 3.5/0.6/0.0/0.0s | 4.0s
2026-08-29 15:51:56 | Epoch 019/060 | loss 2.5036 | cls 1.4300 | tal -0.0471 | dual_g 1.0877 | dual_d 0.8410 | train_acc 0.9312 | train_full n/a | val_acc 0.9083 | val_f1 0.8928 | adv/moduleC 0.93/1.00 | disc_steps 3 | grad(main/disc) 8.466/1.268 | lr(main/disc) 7.50e-05/3.00e-05 | cuda_peak(alloc/resv) 21.77/28.18GB | phase(train/val/raw/train_eval) 3.4/0.6/0.0/0.0s | 4.0s
2026-08-29 15:52:01 | Epoch 020/060 | loss 2.4762 | cls 1.4109 | tal -0.0282 | dual_g 1.0738 | dual_d 0.8515 | train_acc 0.9511 | train_full 0.9419 | val_acc 0.9083 | val_f1 0.8863 | adv/moduleC 1.00/1.00 | disc_steps 3 | grad(main/disc) 7.415/1.268 | lr(main/disc) 7.50e-05/3.00e-05 | cuda_peak(alloc/resv) 21.77/28.18GB | phase(train/val/raw/train_eval) 3.4/0.6/0.6/0.8s | 5.4s
2026-08-29 15:52:05 | Epoch 021/060 | loss 2.3756 | cls 1.3833 | tal -0.0992 | dual_g 1.0221 | dual_d 0.8296 | train_acc 0.9620 | train_full n/a | val_acc 0.9167 | val_f1 0.8866 | adv/moduleC 1.00/1.00 | disc_steps 3 | grad(main/disc) 7.631/1.243 | lr(main/disc) 7.50e-05/3.00e-05 | cuda_peak(alloc/resv) 21.77/28.18GB | phase(train/val/raw/train_eval) 3.4/0.6/0.0/0.0s | 3.9s
2026-08-29 15:52:10 | Epoch 022/060 | loss 2.3245 | cls 1.3354 | tal -0.0853 | dual_g 1.0147 | dual_d 0.8318 | train_acc 0.9674 | train_full n/a | val_acc 0.9167 | val_f1 0.9113 | adv/moduleC 1.00/1.00 | disc_steps 3 | grad(main/disc) 6.029/1.237 | lr(main/disc) 7.50e-05/3.00e-05 | cuda_peak(alloc/resv) 21.77/28.18GB | phase(train/val/raw/train_eval) 3.6/0.6/0.6/0.0s | 4.7s
2026-08-29 15:52:13 | New best val_f1_macro_present: raw=0.9113 stable_score=0.9113 at epoch 22
2026-08-29 15:52:17 | Epoch 023/060 | loss 2.2971 | cls 1.3409 | tal -0.1351 | dual_g 0.9967 | dual_d 0.8929 | train_acc 0.9620 | train_full n/a | val_acc 0.9167 | val_f1 0.8902 | adv/moduleC 1.00/1.00 | disc_steps 3 | grad(main/disc) 7.074/1.293 | lr(main/disc) 7.50e-05/3.00e-05 | cuda_peak(alloc/resv) 21.77/28.18GB | phase(train/val/raw/train_eval) 3.6/0.6/0.0/0.0s | 4.2s
2026-08-29 15:52:21 | Epoch 024/060 | loss 2.2711 | cls 1.3055 | tal -0.1379 | dual_g 1.0070 | dual_d 0.8789 | train_acc 0.9601 | train_full n/a | val_acc 0.9417 | val_f1 0.9021 | adv/moduleC 1.00/1.00 | disc_steps 3 | grad(main/disc) 6.863/1.258 | lr(main/disc) 7.50e-05/3.00e-05 | cuda_peak(alloc/resv) 21.77/28.18GB | phase(train/val/raw/train_eval) 3.3/0.6/0.0/0.0s | 3.8s
2026-08-29 15:52:26 | Epoch 025/060 | loss 2.2256 | cls 1.2939 | tal -0.1383 | dual_g 0.9732 | dual_d 0.8871 | train_acc 0.9801 | train_full 0.9634 | val_acc 0.9250 | val_f1 0.9191 | adv/moduleC 1.00/1.00 | disc_steps 3 | grad(main/disc) 5.701/1.238 | lr(main/disc) 7.50e-05/3.00e-05 | cuda_peak(alloc/resv) 21.77/28.18GB | phase(train/val/raw/train_eval) 3.5/0.6/0.6/0.8s | 5.5s
2026-08-29 15:52:29 | New best val_f1_macro_present: raw=0.9191 stable_score=0.9191 at epoch 25
2026-08-29 15:52:33 | Epoch 026/060 | loss 2.2092 | cls 1.2820 | tal -0.1730 | dual_g 0.9791 | dual_d 0.8572 | train_acc 0.9819 | train_full n/a | val_acc 0.9333 | val_f1 0.9144 | adv/moduleC 1.00/1.00 | disc_steps 3 | grad(main/disc) 7.705/1.207 | lr(main/disc) 7.50e-05/3.00e-05 | cuda_peak(alloc/resv) 21.77/28.18GB | phase(train/val/raw/train_eval) 3.3/0.6/0.0/0.0s | 3.9s
2026-08-29 15:52:37 | Epoch 027/060 | loss 2.1329 | cls 1.2427 | tal -0.2141 | dual_g 0.9544 | dual_d 0.9062 | train_acc 0.9837 | train_full n/a | val_acc 0.9333 | val_f1 0.9048 | adv/moduleC 1.00/1.00 | disc_steps 3 | grad(main/disc) 4.976/1.279 | lr(main/disc) 7.50e-05/3.00e-05 | cuda_peak(alloc/resv) 21.77/28.18GB | phase(train/val/raw/train_eval) 3.6/0.6/0.0/0.0s | 4.1s
2026-08-29 15:52:42 | Epoch 028/060 | loss 2.1372 | cls 1.2503 | tal -0.1905 | dual_g 0.9441 | dual_d 0.8844 | train_acc 0.9873 | train_full n/a | val_acc 0.9500 | val_f1 0.9330 | adv/moduleC 1.00/1.00 | disc_steps 3 | grad(main/disc) 4.956/1.236 | lr(main/disc) 7.50e-05/3.00e-05 | cuda_peak(alloc/resv) 21.77/28.18GB | phase(train/val/raw/train_eval) 3.5/0.6/0.6/0.0s | 4.7s
2026-08-29 15:52:45 | New best val_f1_macro_present: raw=0.9330 stable_score=0.9330 at epoch 28
2026-08-29 15:52:49 | Epoch 029/060 | loss 2.1040 | cls 1.2325 | tal -0.2105 | dual_g 0.9346 | dual_d 0.8892 | train_acc 0.9946 | train_full n/a | val_acc 0.9333 | val_f1 0.9056 | adv/moduleC 1.00/1.00 | disc_steps 3 | grad(main/disc) 3.859/1.223 | lr(main/disc) 7.50e-05/3.00e-05 | cuda_peak(alloc/resv) 21.77/28.18GB | phase(train/val/raw/train_eval) 3.4/0.6/0.0/0.0s | 4.0s
2026-08-29 15:52:54 | Epoch 030/060 | loss 2.1383 | cls 1.2581 | tal -0.1955 | dual_g 0.9387 | dual_d 0.9384 | train_acc 0.9855 | train_full 0.9634 | val_acc 0.9250 | val_f1 0.9181 | adv/moduleC 1.00/1.00 | disc_steps 3 | grad(main/disc) 5.147/1.245 | lr(main/disc) 7.50e-05/3.00e-05 | cuda_peak(alloc/resv) 21.77/28.18GB | phase(train/val/raw/train_eval) 3.5/0.6/0.6/0.8s | 5.4s
2026-08-29 15:52:58 | Epoch 031/060 | loss 2.1186 | cls 1.2461 | tal -0.2034 | dual_g 0.9336 | dual_d 0.9201 | train_acc 0.9909 | train_full n/a | val_acc 0.9500 | val_f1 0.9142 | adv/moduleC 1.00/1.00 | disc_steps 3 | grad(main/disc) 4.662/1.198 | lr(main/disc) 7.50e-05/3.00e-05 | cuda_peak(alloc/resv) 21.77/28.18GB | phase(train/val/raw/train_eval) 3.6/0.6/0.0/0.0s | 4.1s
2026-08-29 15:53:03 | Epoch 032/060 | loss 2.1572 | cls 1.2577 | tal -0.1481 | dual_g 0.9439 | dual_d 0.9312 | train_acc 0.9873 | train_full n/a | val_acc 0.9583 | val_f1 0.9507 | adv/moduleC 1.00/1.00 | disc_steps 3 | grad(main/disc) 5.643/1.221 | lr(main/disc) 7.50e-05/3.00e-05 | cuda_peak(alloc/resv) 21.77/28.18GB | phase(train/val/raw/train_eval) 3.6/0.6/0.6/0.0s | 4.8s
2026-08-29 15:53:06 | New best val_f1_macro_present: raw=0.9507 stable_score=0.9507 at epoch 32
2026-08-29 15:53:10 | Epoch 033/060 | loss 2.1215 | cls 1.2277 | tal -0.1230 | dual_g 0.9308 | dual_d 0.9352 | train_acc 0.9891 | train_full n/a | val_acc 0.9500 | val_f1 0.9474 | adv/moduleC 1.00/1.00 | disc_steps 3 | grad(main/disc) 4.024/1.218 | lr(main/disc) 7.50e-05/3.00e-05 | cuda_peak(alloc/resv) 21.77/28.18GB | phase(train/val/raw/train_eval) 3.4/0.6/0.0/0.0s | 4.0s
2026-08-29 15:53:14 | Epoch 034/060 | loss 2.1155 | cls 1.2244 | tal -0.1265 | dual_g 0.9290 | dual_d 0.9334 | train_acc 0.9909 | train_full n/a | val_acc 0.9583 | val_f1 0.9300 | adv/moduleC 1.00/1.00 | disc_steps 3 | grad(main/disc) 5.262/1.243 | lr(main/disc) 7.50e-05/3.00e-05 | cuda_peak(alloc/resv) 21.77/28.18GB | phase(train/val/raw/train_eval) 3.4/0.6/0.0/0.0s | 3.9s
2026-08-29 15:53:19 | Epoch 035/060 | loss 2.0923 | cls 1.2178 | tal -0.1355 | dual_g 0.9151 | dual_d 0.9581 | train_acc 0.9909 | train_full 0.9763 | val_acc 0.9500 | val_f1 0.9265 | adv/moduleC 1.00/1.00 | disc_steps 3 | grad(main/disc) 4.816/1.186 | lr(main/disc) 7.50e-05/3.00e-05 | cuda_peak(alloc/resv) 21.77/28.18GB | phase(train/val/raw/train_eval) 3.6/0.6/0.6/0.8s | 5.6s
2026-08-29 15:53:23 | Epoch 036/060 | loss 2.0522 | cls 1.2024 | tal -0.1893 | dual_g 0.9066 | dual_d 0.9572 | train_acc 0.9964 | train_full n/a | val_acc 0.9667 | val_f1 0.9368 | adv/moduleC 1.00/1.00 | disc_steps 3 | grad(main/disc) 3.176/1.233 | lr(main/disc) 7.50e-05/3.00e-05 | cuda_peak(alloc/resv) 21.77/28.18GB | phase(train/val/raw/train_eval) 3.2/0.6/0.0/0.0s | 3.8s
2026-08-29 15:53:27 | Epoch 037/060 | loss 2.0632 | cls 1.2085 | tal -0.1807 | dual_g 0.9089 | dual_d 0.9372 | train_acc 0.9982 | train_full n/a | val_acc 0.9583 | val_f1 0.9492 | adv/moduleC 1.00/1.00 | disc_steps 3 | grad(main/disc) 3.972/1.196 | lr(main/disc) 7.50e-05/3.00e-05 | cuda_peak(alloc/resv) 21.77/28.18GB | phase(train/val/raw/train_eval) 3.3/0.6/0.0/0.0s | 3.8s
2026-08-29 15:53:32 | Epoch 038/060 | loss 2.0423 | cls 1.1949 | tal -0.1580 | dual_g 0.8948 | dual_d 0.9441 | train_acc 0.9946 | train_full n/a | val_acc 0.9583 | val_f1 0.9527 | adv/moduleC 1.00/1.00 | disc_steps 3 | grad(main/disc) 3.094/1.226 | lr(main/disc) 7.50e-05/3.00e-05 | cuda_peak(alloc/resv) 21.77/28.18GB | phase(train/val/raw/train_eval) 3.5/0.6/0.6/0.0s | 4.7s
2026-08-29 15:53:35 | New best val_f1_macro_present: raw=0.9527 stable_score=0.9527 at epoch 38
2026-08-29 15:53:39 | Epoch 039/060 | loss 2.0428 | cls 1.1966 | tal -0.1551 | dual_g 0.8927 | dual_d 0.9631 | train_acc 0.9946 | train_full n/a | val_acc 0.9500 | val_f1 0.9443 | adv/moduleC 1.00/1.00 | disc_steps 3 | grad(main/disc) 4.201/1.201 | lr(main/disc) 7.50e-05/3.00e-05 | cuda_peak(alloc/resv) 21.77/28.18GB | phase(train/val/raw/train_eval) 3.5/0.6/0.0/0.0s | 4.1s
2026-08-29 15:53:44 | Epoch 040/060 | loss 2.0392 | cls 1.2024 | tal -0.1470 | dual_g 0.8810 | dual_d 0.9875 | train_acc 0.9928 | train_full 0.9892 | val_acc 0.9583 | val_f1 0.9507 | adv/moduleC 1.00/1.00 | disc_steps 3 | grad(main/disc) 3.644/1.234 | lr(main/disc) 7.50e-05/3.00e-05 | cuda_peak(alloc/resv) 21.77/28.18GB | phase(train/val/raw/train_eval) 3.4/0.6/0.6/0.9s | 5.4s
2026-08-29 15:53:48 | Epoch 041/060 | loss 2.0323 | cls 1.1860 | tal -0.1617 | dual_g 0.8948 | dual_d 0.9869 | train_acc 0.9964 | train_full n/a | val_acc 0.9417 | val_f1 0.9209 | adv/moduleC 1.00/1.00 | disc_steps 3 | grad(main/disc) 3.783/1.201 | lr(main/disc) 7.50e-05/3.00e-05 | cuda_peak(alloc/resv) 21.77/28.18GB | phase(train/val/raw/train_eval) 3.3/0.6/0.0/0.0s | 3.9s
2026-08-29 15:53:52 | Epoch 042/060 | loss 2.0055 | cls 1.1776 | tal -0.1796 | dual_g 0.8819 | dual_d 0.9686 | train_acc 0.9982 | train_full n/a | val_acc 0.9333 | val_f1 0.9170 | adv/moduleC 1.00/1.00 | disc_steps 3 | grad(main/disc) 3.030/1.200 | lr(main/disc) 7.50e-05/3.00e-05 | cuda_peak(alloc/resv) 21.77/28.18GB | phase(train/val/raw/train_eval) 3.6/0.6/0.0/0.0s | 4.2s
2026-08-29 15:53:57 | Epoch 043/060 | loss 2.0381 | cls 1.1857 | tal -0.1159 | dual_g 0.8872 | dual_d 1.0404 | train_acc 0.9946 | train_full n/a | val_acc 0.9583 | val_f1 0.9532 | adv/moduleC 1.00/1.00 | disc_steps 3 | grad(main/disc) 5.450/1.259 | lr(main/disc) 7.50e-05/3.00e-05 | cuda_peak(alloc/resv) 21.77/28.18GB | phase(train/val/raw/train_eval) 3.8/0.6/0.0/0.0s | 4.3s
2026-08-29 15:54:01 | Epoch 044/060 | loss 2.0104 | cls 1.1777 | tal -0.1502 | dual_g 0.8778 | dual_d 1.0208 | train_acc 0.9946 | train_full n/a | val_acc 0.9417 | val_f1 0.9198 | adv/moduleC 1.00/1.00 | disc_steps 3 | grad(main/disc) 2.996/1.241 | lr(main/disc) 7.50e-05/3.00e-05 | cuda_peak(alloc/resv) 21.77/28.18GB | phase(train/val/raw/train_eval) 3.6/0.6/0.0/0.0s | 4.2s
2026-08-29 15:54:06 | Epoch 045/060 | loss 2.0180 | cls 1.1929 | tal -0.1815 | dual_g 0.8795 | dual_d 1.0640 | train_acc 0.9964 | train_full 0.9914 | val_acc 0.9667 | val_f1 0.9425 | adv/moduleC 1.00/1.00 | disc_steps 3 | grad(main/disc) 3.375/1.253 | lr(main/disc) 7.50e-05/3.00e-05 | cuda_peak(alloc/resv) 21.77/28.18GB | phase(train/val/raw/train_eval) 3.4/0.6/0.6/0.8s | 5.5s
2026-08-29 15:54:10 | Epoch 046/060 | loss 1.9950 | cls 1.1798 | tal -0.1922 | dual_g 0.8728 | dual_d 0.9970 | train_acc 0.9982 | train_full n/a | val_acc 0.9500 | val_f1 0.9338 | adv/moduleC 1.00/1.00 | disc_steps 3 | grad(main/disc) 3.280/1.206 | lr(main/disc) 7.50e-05/3.00e-05 | cuda_peak(alloc/resv) 21.77/28.18GB | phase(train/val/raw/train_eval) 3.5/0.6/0.0/0.0s | 4.1s
2026-08-29 15:54:14 | Epoch 047/060 | loss 1.9878 | cls 1.1778 | tal -0.1795 | dual_g 0.8639 | dual_d 0.9854 | train_acc 0.9964 | train_full n/a | val_acc 0.9667 | val_f1 0.9368 | adv/moduleC 1.00/1.00 | disc_steps 3 | grad(main/disc) 2.549/1.182 | lr(main/disc) 7.50e-05/3.00e-05 | cuda_peak(alloc/resv) 21.77/28.18GB | phase(train/val/raw/train_eval) 3.3/0.6/0.0/0.0s | 3.9s
2026-08-29 15:54:19 | Epoch 048/060 | loss 1.9811 | cls 1.1765 | tal -0.1974 | dual_g 0.8637 | dual_d 1.0183 | train_acc 0.9964 | train_full n/a | val_acc 0.9750 | val_f1 0.9626 | adv/moduleC 1.00/1.00 | disc_steps 3 | grad(main/disc) 2.686/1.194 | lr(main/disc) 7.50e-05/3.00e-05 | cuda_peak(alloc/resv) 21.77/28.18GB | phase(train/val/raw/train_eval) 3.2/0.6/0.6/0.0s | 4.4s
2026-08-29 15:54:21 | New best val_f1_macro_present: raw=0.9626 stable_score=0.9626 at epoch 48
2026-08-29 15:54:26 | Epoch 049/060 | loss 2.0003 | cls 1.1872 | tal -0.2063 | dual_g 0.8749 | dual_d 0.9897 | train_acc 1.0000 | train_full n/a | val_acc 0.9583 | val_f1 0.9507 | adv/moduleC 1.00/1.00 | disc_steps 3 | grad(main/disc) 3.024/1.144 | lr(main/disc) 7.50e-05/3.00e-05 | cuda_peak(alloc/resv) 21.77/28.18GB | phase(train/val/raw/train_eval) 3.7/0.6/0.0/0.0s | 4.2s
2026-08-29 15:54:31 | Epoch 050/060 | loss 1.9613 | cls 1.1664 | tal -0.2121 | dual_g 0.8586 | dual_d 0.9960 | train_acc 0.9982 | train_full 0.9914 | val_acc 0.9583 | val_f1 0.9414 | adv/moduleC 1.00/1.00 | disc_steps 3 | grad(main/disc) 2.112/1.194 | lr(main/disc) 7.50e-05/3.00e-05 | cuda_peak(alloc/resv) 21.77/28.18GB | phase(train/val/raw/train_eval) 3.3/0.6/0.6/0.8s | 5.3s
2026-08-29 15:54:35 | Epoch 051/060 | loss 1.9448 | cls 1.1621 | tal -0.2591 | dual_g 0.8605 | dual_d 1.0284 | train_acc 0.9982 | train_full n/a | val_acc 0.9667 | val_f1 0.9466 | adv/moduleC 1.00/1.00 | disc_steps 3 | grad(main/disc) 2.300/1.214 | lr(main/disc) 7.50e-05/3.00e-05 | cuda_peak(alloc/resv) 21.77/28.18GB | phase(train/val/raw/train_eval) 3.6/0.6/0.0/0.0s | 4.2s
2026-08-29 15:54:40 | Epoch 052/060 | loss 1.9546 | cls 1.1750 | tal -0.2704 | dual_g 0.8607 | dual_d 0.9938 | train_acc 0.9982 | train_full n/a | val_acc 0.9750 | val_f1 0.9535 | adv/moduleC 1.00/1.00 | disc_steps 3 | grad(main/disc) 2.665/1.202 | lr(main/disc) 7.50e-05/3.00e-05 | cuda_peak(alloc/resv) 21.77/28.18GB | phase(train/val/raw/train_eval) 3.7/0.6/0.0/0.0s | 4.3s
2026-08-29 15:54:44 | Epoch 053/060 | loss 1.9549 | cls 1.1717 | tal -0.2591 | dual_g 0.8609 | dual_d 1.0185 | train_acc 0.9964 | train_full n/a | val_acc 0.9750 | val_f1 0.9644 | adv/moduleC 1.00/1.00 | disc_steps 3 | grad(main/disc) 2.956/1.216 | lr(main/disc) 7.50e-05/3.00e-05 | cuda_peak(alloc/resv) 21.77/28.18GB | phase(train/val/raw/train_eval) 3.7/0.6/0.6/0.0s | 4.9s
2026-08-29 15:54:47 | New best val_f1_macro_present: raw=0.9644 stable_score=0.9644 at epoch 53
2026-08-29 15:54:51 | Epoch 054/060 | loss 1.9536 | cls 1.1654 | tal -0.2351 | dual_g 0.8588 | dual_d 1.0173 | train_acc 0.9964 | train_full n/a | val_acc 0.9500 | val_f1 0.9457 | adv/moduleC 1.00/1.00 | disc_steps 3 | grad(main/disc) 2.486/1.211 | lr(main/disc) 7.50e-05/3.00e-05 | cuda_peak(alloc/resv) 21.77/28.18GB | phase(train/val/raw/train_eval) 3.3/0.6/0.0/0.0s | 3.9s
2026-08-29 15:54:57 | Epoch 055/060 | loss 1.9711 | cls 1.1815 | tal -0.2193 | dual_g 0.8554 | dual_d 1.0408 | train_acc 0.9891 | train_full 0.9935 | val_acc 0.9667 | val_f1 0.9574 | adv/moduleC 1.00/1.00 | disc_steps 3 | grad(main/disc) 3.156/1.213 | lr(main/disc) 7.50e-05/3.00e-05 | cuda_peak(alloc/resv) 21.77/28.18GB | phase(train/val/raw/train_eval) 3.5/0.6/0.6/0.8s | 5.5s
2026-08-29 15:55:01 | Epoch 056/060 | loss 1.9654 | cls 1.1684 | tal -0.2160 | dual_g 0.8618 | dual_d 1.0082 | train_acc 0.9982 | train_full n/a | val_acc 0.9667 | val_f1 0.9425 | adv/moduleC 1.00/1.00 | disc_steps 3 | grad(main/disc) 3.163/1.207 | lr(main/disc) 7.50e-05/3.00e-05 | cuda_peak(alloc/resv) 21.77/28.18GB | phase(train/val/raw/train_eval) 3.5/0.6/0.0/0.0s | 4.1s
2026-08-29 15:55:05 | Epoch 057/060 | loss 1.9504 | cls 1.1579 | tal -0.1977 | dual_g 0.8518 | dual_d 1.0005 | train_acc 1.0000 | train_full n/a | val_acc 0.9750 | val_f1 0.9663 | adv/moduleC 1.00/1.00 | disc_steps 3 | grad(main/disc) 2.219/1.147 | lr(main/disc) 7.50e-05/3.00e-05 | cuda_peak(alloc/resv) 21.77/28.18GB | phase(train/val/raw/train_eval) 3.2/0.6/0.6/0.0s | 4.3s
2026-08-29 15:55:08 | New best val_f1_macro_present: raw=0.9663 stable_score=0.9663 at epoch 57
2026-08-29 15:55:12 | Epoch 058/060 | loss 1.9389 | cls 1.1576 | tal -0.2272 | dual_g 0.8495 | dual_d 1.0222 | train_acc 1.0000 | train_full n/a | val_acc 0.9750 | val_f1 0.9626 | adv/moduleC 1.00/1.00 | disc_steps 3 | grad(main/disc) 2.221/1.189 | lr(main/disc) 7.50e-05/3.00e-05 | cuda_peak(alloc/resv) 21.77/28.18GB | phase(train/val/raw/train_eval) 3.4/0.6/0.0/0.0s | 4.0s
2026-08-29 15:55:16 | Epoch 059/060 | loss 1.9214 | cls 1.1516 | tal -0.2555 | dual_g 0.8465 | dual_d 1.0354 | train_acc 0.9964 | train_full n/a | val_acc 0.9667 | val_f1 0.9576 | adv/moduleC 1.00/1.00 | disc_steps 3 | grad(main/disc) 2.047/1.180 | lr(main/disc) 7.50e-05/3.00e-05 | cuda_peak(alloc/resv) 21.77/28.18GB | phase(train/val/raw/train_eval) 3.6/0.6/0.0/0.0s | 4.2s
2026-08-29 15:55:22 | Epoch 060/060 | loss 1.9182 | cls 1.1490 | tal -0.2547 | dual_g 0.8457 | dual_d 1.0189 | train_acc 1.0000 | train_full 0.9957 | val_acc 0.9667 | val_f1 0.9576 | adv/moduleC 1.00/1.00 | disc_steps 3 | grad(main/disc) 1.864/1.118 | lr(main/disc) 7.50e-05/3.00e-05 | cuda_peak(alloc/resv) 21.77/28.18GB | phase(train/val/raw/train_eval) 3.2/0.6/0.6/0.8s | 5.3s
2026-08-29 15:55:22 | Training complete. Peak validation accuracy: 0.9750 | selected val_f1_macro_present: 0.9663
