2026-08-28 20:41:38 | Starting Dual_D standalone training
2026-08-28 20:41:38 | Run directory: runs/module_c_ablation_60_v6/module_c_20260828_191630/module_c_no_identity_黑天_20260828_203202
2026-08-28 20:41:38 | Device: cuda
2026-08-28 20:41:38 | Source train samples: 992
2026-08-28 20:41:38 | Target train samples: 465
2026-08-28 20:41:38 | Target val samples: 120
2026-08-28 20:41:38 | Classes: 14
2026-08-28 20:41:38 | Data audit: same_dir=False | path_overlap(vis/ir/ais)=0/0/0 | content_overlap(vis/ir/ais)=0/0/0 | ais_index_overlap=0 | stem_mismatch(vis-ir/vis-ais)=578/0
2026-08-28 20:41:38 | source_train classes: present 14/14 | absent 0 | counts [0:120, 1:44, 2:69, 3:45, 4:40, 5:30, 6:64, 7:80, 8:116, 9:68, 10:57, 11:83, 12:48, 13:128]
2026-08-28 20:41:38 | target_train classes: present 8/14 | absent 6 | counts [0:100, 2:11, 3:16, 6:89, 9:162, 10:12, 11:44, 13:31]
2026-08-28 20:41:38 | target_val classes: present 8/14 | absent 6 | counts [0:26, 2:3, 3:5, 6:23, 9:41, 10:3, 11:11, 13:8]
2026-08-28 20:41:38 | Paired training classes: 8/14 | class ids [0, 2, 3, 6, 9, 10, 11, 13]
2026-08-28 20:41:38 | Runtime profile: batch=92 | paired_steps=6 | workers=16 | train_eval_every=5 | raw_eval_every=5 | stability_window=1 | early_stop=15 after min_epoch=48
2026-08-28 20:41:38 | VIS/IR pairing: class-level-unpaired | count-mismatch classes train/val: 10/0 | AIS alignment: none | AIS rows train/val: 0/0
2026-08-28 20:41:38 | Effective Dual-D loss weights: {"adv_auxiliary": 0.035, "adv_primary": 0.035, "classification": 0.5, "contrastive": 0.04, "cycle": 0.32, "identity": 0.0, "prototype_contrastive": 0.06}
2026-08-28 20:41:38 | Model parameters: total=17277714 | trainable=17120210
2026-08-28 20:41:44 | Epoch 001/060 | loss 5.4145 | cls 5.3208 | tal 0.3124 | dual_g 0.0000 | dual_d 0.0000 | train_acc 0.0707 | train_full 0.1527 | val_acc 0.2083 | val_f1 0.1048 | adv/moduleC 0.00/0.00 | disc_steps 0 | grad(main/disc) 14.575/0.000 | lr(main/disc) 7.00e-05/3.50e-05 | cuda_peak(alloc/resv) 21.77/28.18GB | phase(train/val/raw/train_eval) 4.1/0.6/0.6/0.8s | 6.1s
2026-08-28 20:41:47 | New best val_f1_macro_present: raw=0.1048 stable_score=0.1048 at epoch 1
2026-08-28 20:41:51 | Epoch 002/060 | loss 4.2748 | cls 4.2314 | tal 0.1445 | dual_g 0.0000 | dual_d 0.0000 | train_acc 0.1612 | train_full n/a | val_acc 0.1417 | val_f1 0.0738 | adv/moduleC 0.00/0.00 | disc_steps 0 | grad(main/disc) 11.199/0.000 | lr(main/disc) 7.00e-05/3.50e-05 | cuda_peak(alloc/resv) 21.77/28.18GB | phase(train/val/raw/train_eval) 3.3/0.6/0.0/0.0s | 3.9s
2026-08-28 20:41:55 | Epoch 003/060 | loss 3.7276 | cls 3.7375 | tal -0.0329 | dual_g 0.0000 | dual_d 0.0000 | train_acc 0.2736 | train_full n/a | val_acc 0.1083 | val_f1 0.0698 | adv/moduleC 0.00/0.00 | disc_steps 0 | grad(main/disc) 9.691/0.000 | lr(main/disc) 7.00e-05/3.50e-05 | cuda_peak(alloc/resv) 21.77/28.18GB | phase(train/val/raw/train_eval) 3.5/0.6/0.0/0.0s | 4.1s
2026-08-28 20:42:00 | Epoch 004/060 | loss 3.2935 | cls 3.3125 | tal -0.0634 | dual_g 0.0000 | dual_d 0.0000 | train_acc 0.3841 | train_full n/a | val_acc 0.1667 | val_f1 0.1448 | adv/moduleC 0.00/0.00 | disc_steps 0 | grad(main/disc) 9.133/0.000 | lr(main/disc) 7.00e-05/3.50e-05 | cuda_peak(alloc/resv) 21.77/28.18GB | phase(train/val/raw/train_eval) 3.7/0.6/0.6/0.0s | 4.9s
2026-08-28 20:42:03 | New best val_f1_macro_present: raw=0.1448 stable_score=0.1448 at epoch 4
2026-08-28 20:42:08 | Epoch 005/060 | loss 2.9662 | cls 3.0061 | tal -0.1331 | dual_g 0.0000 | dual_d 0.0000 | train_acc 0.4547 | train_full 0.2645 | val_acc 0.2750 | val_f1 0.3785 | adv/moduleC 0.00/0.00 | disc_steps 0 | grad(main/disc) 8.381/0.000 | lr(main/disc) 7.00e-05/3.50e-05 | cuda_peak(alloc/resv) 21.77/28.18GB | phase(train/val/raw/train_eval) 3.4/0.6/0.6/0.9s | 5.5s
2026-08-28 20:42:11 | New best val_f1_macro_present: raw=0.3785 stable_score=0.3785 at epoch 5
2026-08-28 20:42:16 | Epoch 006/060 | loss 2.9950 | cls 2.8271 | tal -0.1344 | dual_g 0.2082 | dual_d 0.8360 | train_acc 0.5091 | train_full n/a | val_acc 0.3333 | val_f1 0.4814 | adv/moduleC 0.05/0.10 | disc_steps 3 | grad(main/disc) 8.664/1.523 | lr(main/disc) 7.00e-05/3.50e-05 | cuda_peak(alloc/resv) 21.77/28.18GB | phase(train/val/raw/train_eval) 3.8/0.6/0.6/0.0s | 5.0s
2026-08-28 20:42:19 | New best val_f1_macro_present: raw=0.4814 stable_score=0.4814 at epoch 6
2026-08-28 20:42:24 | Epoch 007/060 | loss 2.9320 | cls 2.5784 | tal -0.1348 | dual_g 0.3941 | dual_d 0.8060 | train_acc 0.5761 | train_full n/a | val_acc 0.4250 | val_f1 0.5656 | adv/moduleC 0.10/0.20 | disc_steps 3 | grad(main/disc) 8.265/1.475 | lr(main/disc) 7.00e-05/3.50e-05 | cuda_peak(alloc/resv) 21.77/28.18GB | phase(train/val/raw/train_eval) 3.7/0.6/0.6/0.0s | 4.9s
2026-08-28 20:42:27 | New best val_f1_macro_present: raw=0.5656 stable_score=0.5656 at epoch 7
2026-08-28 20:42:32 | Epoch 008/060 | loss 2.9174 | cls 2.4097 | tal -0.1413 | dual_g 0.5501 | dual_d 0.7677 | train_acc 0.6123 | train_full n/a | val_acc 0.6417 | val_f1 0.6898 | adv/moduleC 0.15/0.30 | disc_steps 3 | grad(main/disc) 8.785/1.393 | lr(main/disc) 7.00e-05/3.50e-05 | cuda_peak(alloc/resv) 21.77/28.18GB | phase(train/val/raw/train_eval) 3.8/0.6/0.6/0.0s | 5.0s
2026-08-28 20:42:35 | New best val_f1_macro_present: raw=0.6898 stable_score=0.6898 at epoch 8
2026-08-28 20:42:40 | Epoch 009/060 | loss 2.9452 | cls 2.2874 | tal -0.1024 | dual_g 0.6885 | dual_d 0.7972 | train_acc 0.6757 | train_full n/a | val_acc 0.7250 | val_f1 0.7096 | adv/moduleC 0.20/0.40 | disc_steps 3 | grad(main/disc) 8.669/1.394 | lr(main/disc) 7.00e-05/3.50e-05 | cuda_peak(alloc/resv) 21.77/28.18GB | phase(train/val/raw/train_eval) 3.4/0.6/0.6/0.0s | 4.6s
2026-08-28 20:42:43 | New best val_f1_macro_present: raw=0.7096 stable_score=0.7096 at epoch 9
2026-08-28 20:42:48 | Epoch 010/060 | loss 3.0008 | cls 2.1871 | tal -0.0418 | dual_g 0.8262 | dual_d 0.8318 | train_acc 0.7047 | train_full 0.6645 | val_acc 0.6833 | val_f1 0.6990 | adv/moduleC 0.25/0.50 | disc_steps 3 | grad(main/disc) 8.713/1.480 | lr(main/disc) 7.00e-05/3.50e-05 | cuda_peak(alloc/resv) 21.77/28.18GB | phase(train/val/raw/train_eval) 3.7/0.6/0.6/0.9s | 5.8s
2026-08-28 20:42:53 | Epoch 011/060 | loss 3.0239 | cls 2.0825 | tal -0.0241 | dual_g 0.9486 | dual_d 0.8218 | train_acc 0.7409 | train_full n/a | val_acc 0.7333 | val_f1 0.7308 | adv/moduleC 0.30/0.60 | disc_steps 3 | grad(main/disc) 9.414/1.421 | lr(main/disc) 7.00e-05/3.50e-05 | cuda_peak(alloc/resv) 21.77/28.18GB | phase(train/val/raw/train_eval) 3.7/0.6/0.6/0.0s | 4.9s
2026-08-28 20:42:56 | New best val_f1_macro_present: raw=0.7308 stable_score=0.7308 at epoch 11
2026-08-28 20:43:01 | Epoch 012/060 | loss 2.9308 | cls 1.9105 | tal -0.0429 | dual_g 1.0332 | dual_d 0.7916 | train_acc 0.7899 | train_full n/a | val_acc 0.7833 | val_f1 0.7660 | adv/moduleC 0.35/0.70 | disc_steps 3 | grad(main/disc) 8.419/1.337 | lr(main/disc) 7.00e-05/3.50e-05 | cuda_peak(alloc/resv) 21.77/28.18GB | phase(train/val/raw/train_eval) 3.8/0.6/0.6/0.0s | 5.0s
2026-08-28 20:43:04 | New best val_f1_macro_present: raw=0.7660 stable_score=0.7660 at epoch 12
2026-08-28 20:43:09 | Epoch 013/060 | loss 2.9238 | cls 1.8285 | tal -0.0482 | dual_g 1.1098 | dual_d 0.7977 | train_acc 0.8261 | train_full n/a | val_acc 0.8417 | val_f1 0.8022 | adv/moduleC 0.40/0.80 | disc_steps 3 | grad(main/disc) 8.870/1.335 | lr(main/disc) 7.00e-05/3.50e-05 | cuda_peak(alloc/resv) 21.77/28.18GB | phase(train/val/raw/train_eval) 3.4/0.6/0.6/0.0s | 4.6s
2026-08-28 20:43:12 | New best val_f1_macro_present: raw=0.8022 stable_score=0.8022 at epoch 13
2026-08-28 20:43:16 | Epoch 014/060 | loss 2.9628 | cls 1.7674 | tal -0.0437 | dual_g 1.2086 | dual_d 0.7872 | train_acc 0.8243 | train_full n/a | val_acc 0.8000 | val_f1 0.7639 | adv/moduleC 0.45/0.90 | disc_steps 3 | grad(main/disc) 8.174/1.255 | lr(main/disc) 7.00e-05/3.50e-05 | cuda_peak(alloc/resv) 21.77/28.18GB | phase(train/val/raw/train_eval) 3.4/0.6/0.0/0.0s | 4.0s
2026-08-28 20:43:22 | Epoch 015/060 | loss 3.0827 | cls 1.7573 | tal -0.0370 | dual_g 1.3365 | dual_d 0.7938 | train_acc 0.8315 | train_full 0.8559 | val_acc 0.8667 | val_f1 0.8362 | adv/moduleC 0.50/1.00 | disc_steps 3 | grad(main/disc) 8.981/1.287 | lr(main/disc) 7.00e-05/3.50e-05 | cuda_peak(alloc/resv) 21.77/28.18GB | phase(train/val/raw/train_eval) 3.7/0.6/0.6/0.9s | 5.8s
2026-08-28 20:43:24 | New best val_f1_macro_present: raw=0.8362 stable_score=0.8362 at epoch 15
2026-08-28 20:43:29 | Epoch 016/060 | loss 2.9510 | cls 1.6772 | tal -0.0328 | dual_g 1.2837 | dual_d 0.7869 | train_acc 0.8514 | train_full n/a | val_acc 0.8750 | val_f1 0.8594 | adv/moduleC 0.55/1.00 | disc_steps 3 | grad(main/disc) 8.158/1.246 | lr(main/disc) 7.00e-05/3.50e-05 | cuda_peak(alloc/resv) 21.77/28.18GB | phase(train/val/raw/train_eval) 3.7/0.6/0.6/0.0s | 4.9s
2026-08-28 20:43:32 | New best val_f1_macro_present: raw=0.8594 stable_score=0.8594 at epoch 16
2026-08-28 20:43:37 | Epoch 017/060 | loss 2.8892 | cls 1.6536 | tal -0.0729 | dual_g 1.2575 | dual_d 0.7552 | train_acc 0.8768 | train_full n/a | val_acc 0.9250 | val_f1 0.8957 | adv/moduleC 0.60/1.00 | disc_steps 3 | grad(main/disc) 8.873/1.196 | lr(main/disc) 7.00e-05/3.50e-05 | cuda_peak(alloc/resv) 21.77/28.18GB | phase(train/val/raw/train_eval) 3.5/0.6/0.6/0.0s | 4.7s
2026-08-28 20:43:40 | New best val_f1_macro_present: raw=0.8957 stable_score=0.8957 at epoch 17
2026-08-28 20:43:44 | Epoch 018/060 | loss 2.7481 | cls 1.5675 | tal -0.0681 | dual_g 1.2010 | dual_d 0.7702 | train_acc 0.9040 | train_full n/a | val_acc 0.8917 | val_f1 0.8750 | adv/moduleC 0.65/1.00 | disc_steps 3 | grad(main/disc) 7.249/1.180 | lr(main/disc) 7.00e-05/3.50e-05 | cuda_peak(alloc/resv) 21.77/28.18GB | phase(train/val/raw/train_eval) 3.3/0.6/0.0/0.0s | 3.9s
2026-08-28 20:43:48 | Epoch 019/060 | loss 2.7217 | cls 1.5470 | tal -0.0609 | dual_g 1.1929 | dual_d 0.8069 | train_acc 0.9040 | train_full n/a | val_acc 0.8583 | val_f1 0.8323 | adv/moduleC 0.70/1.00 | disc_steps 3 | grad(main/disc) 7.639/1.235 | lr(main/disc) 7.00e-05/3.50e-05 | cuda_peak(alloc/resv) 21.77/28.18GB | phase(train/val/raw/train_eval) 3.5/0.6/0.0/0.0s | 4.1s
2026-08-28 20:43:53 | Epoch 020/060 | loss 2.7754 | cls 1.5917 | tal -0.0349 | dual_g 1.1941 | dual_d 0.8458 | train_acc 0.9293 | train_full 0.9247 | val_acc 0.8833 | val_f1 0.8758 | adv/moduleC 0.75/1.00 | disc_steps 3 | grad(main/disc) 8.617/1.246 | lr(main/disc) 7.00e-05/3.50e-05 | cuda_peak(alloc/resv) 21.77/28.18GB | phase(train/val/raw/train_eval) 3.4/0.6/0.6/0.9s | 5.5s
2026-08-28 20:43:58 | Epoch 021/060 | loss 2.6346 | cls 1.5186 | tal -0.0893 | dual_g 1.1429 | dual_d 0.8237 | train_acc 0.9438 | train_full n/a | val_acc 0.9250 | val_f1 0.9078 | adv/moduleC 0.80/1.00 | disc_steps 3 | grad(main/disc) 7.893/1.239 | lr(main/disc) 7.00e-05/3.50e-05 | cuda_peak(alloc/resv) 21.77/28.18GB | phase(train/val/raw/train_eval) 3.4/0.6/0.6/0.0s | 4.6s
2026-08-28 20:44:01 | New best val_f1_macro_present: raw=0.9078 stable_score=0.9078 at epoch 21
2026-08-28 20:44:05 | Epoch 022/060 | loss 2.6111 | cls 1.4961 | tal -0.0772 | dual_g 1.1381 | dual_d 0.8118 | train_acc 0.9457 | train_full n/a | val_acc 0.9083 | val_f1 0.9032 | adv/moduleC 0.85/1.00 | disc_steps 3 | grad(main/disc) 6.617/1.221 | lr(main/disc) 7.00e-05/3.50e-05 | cuda_peak(alloc/resv) 21.77/28.18GB | phase(train/val/raw/train_eval) 3.5/0.6/0.0/0.0s | 4.1s
2026-08-28 20:44:09 | Epoch 023/060 | loss 2.5560 | cls 1.4699 | tal -0.1006 | dual_g 1.1163 | dual_d 0.8386 | train_acc 0.9457 | train_full n/a | val_acc 0.9167 | val_f1 0.8929 | adv/moduleC 0.90/1.00 | disc_steps 3 | grad(main/disc) 7.640/1.236 | lr(main/disc) 7.00e-05/3.50e-05 | cuda_peak(alloc/resv) 21.77/28.18GB | phase(train/val/raw/train_eval) 3.6/0.6/0.0/0.0s | 4.2s
2026-08-28 20:44:14 | Epoch 024/060 | loss 2.5058 | cls 1.4373 | tal -0.1191 | dual_g 1.1042 | dual_d 0.8242 | train_acc 0.9529 | train_full n/a | val_acc 0.9333 | val_f1 0.9244 | adv/moduleC 0.95/1.00 | disc_steps 3 | grad(main/disc) 7.049/1.206 | lr(main/disc) 7.00e-05/3.50e-05 | cuda_peak(alloc/resv) 21.77/28.18GB | phase(train/val/raw/train_eval) 3.3/0.6/0.6/0.0s | 4.5s
2026-08-28 20:44:17 | New best val_f1_macro_present: raw=0.9244 stable_score=0.9244 at epoch 24
2026-08-28 20:44:23 | Epoch 025/060 | loss 2.5283 | cls 1.4427 | tal -0.0833 | dual_g 1.1106 | dual_d 0.8317 | train_acc 0.9366 | train_full 0.9505 | val_acc 0.9333 | val_f1 0.9029 | adv/moduleC 1.00/1.00 | disc_steps 3 | grad(main/disc) 7.190/1.214 | lr(main/disc) 7.00e-05/3.50e-05 | cuda_peak(alloc/resv) 21.77/28.18GB | phase(train/val/raw/train_eval) 3.6/0.6/0.6/0.9s | 5.7s
2026-08-28 20:44:27 | Epoch 026/060 | loss 2.5094 | cls 1.4330 | tal -0.1026 | dual_g 1.1071 | dual_d 0.8082 | train_acc 0.9384 | train_full n/a | val_acc 0.9167 | val_f1 0.8912 | adv/moduleC 1.00/1.00 | disc_steps 3 | grad(main/disc) 7.580/1.162 | lr(main/disc) 7.00e-05/3.50e-05 | cuda_peak(alloc/resv) 21.77/28.18GB | phase(train/val/raw/train_eval) 3.3/0.6/0.0/0.0s | 3.9s
2026-08-28 20:44:31 | Epoch 027/060 | loss 2.4245 | cls 1.3868 | tal -0.1392 | dual_g 1.0795 | dual_d 0.8662 | train_acc 0.9674 | train_full n/a | val_acc 0.9250 | val_f1 0.9175 | adv/moduleC 1.00/1.00 | disc_steps 3 | grad(main/disc) 5.862/1.240 | lr(main/disc) 7.00e-05/3.50e-05 | cuda_peak(alloc/resv) 21.77/28.18GB | phase(train/val/raw/train_eval) 3.6/0.6/0.0/0.0s | 4.2s
2026-08-28 20:44:35 | Epoch 028/060 | loss 2.3997 | cls 1.3928 | tal -0.1560 | dual_g 1.0537 | dual_d 0.8714 | train_acc 0.9728 | train_full n/a | val_acc 0.9333 | val_f1 0.9096 | adv/moduleC 1.00/1.00 | disc_steps 3 | grad(main/disc) 5.765/1.228 | lr(main/disc) 7.00e-05/3.50e-05 | cuda_peak(alloc/resv) 21.77/28.18GB | phase(train/val/raw/train_eval) 3.3/0.6/0.0/0.0s | 3.9s
2026-08-28 20:44:39 | Epoch 029/060 | loss 2.3633 | cls 1.3670 | tal -0.1675 | dual_g 1.0466 | dual_d 0.8503 | train_acc 0.9746 | train_full n/a | val_acc 0.9333 | val_f1 0.9150 | adv/moduleC 1.00/1.00 | disc_steps 3 | grad(main/disc) 4.787/1.190 | lr(main/disc) 7.00e-05/3.50e-05 | cuda_peak(alloc/resv) 21.77/28.18GB | phase(train/val/raw/train_eval) 3.4/0.6/0.0/0.0s | 4.0s
2026-08-28 20:44:44 | Epoch 030/060 | loss 2.3575 | cls 1.3660 | tal -0.1628 | dual_g 1.0403 | dual_d 0.9063 | train_acc 0.9783 | train_full 0.9570 | val_acc 0.9250 | val_f1 0.9241 | adv/moduleC 1.00/1.00 | disc_steps 3 | grad(main/disc) 5.830/1.207 | lr(main/disc) 7.00e-05/3.50e-05 | cuda_peak(alloc/resv) 21.77/28.18GB | phase(train/val/raw/train_eval) 3.4/0.6/0.6/0.9s | 5.4s
2026-08-28 20:44:48 | Epoch 031/060 | loss 2.3077 | cls 1.3356 | tal -0.1485 | dual_g 1.0166 | dual_d 0.8737 | train_acc 0.9819 | train_full n/a | val_acc 0.9333 | val_f1 0.9066 | adv/moduleC 1.00/1.00 | disc_steps 3 | grad(main/disc) 4.146/1.166 | lr(main/disc) 3.50e-05/1.75e-05 | cuda_peak(alloc/resv) 21.77/28.18GB | phase(train/val/raw/train_eval) 3.5/0.6/0.0/0.0s | 4.2s
2026-08-28 20:44:53 | Epoch 032/060 | loss 2.3187 | cls 1.3433 | tal -0.1228 | dual_g 1.0122 | dual_d 0.9052 | train_acc 0.9801 | train_full n/a | val_acc 0.9500 | val_f1 0.9392 | adv/moduleC 1.00/1.00 | disc_steps 3 | grad(main/disc) 5.199/1.201 | lr(main/disc) 3.50e-05/1.75e-05 | cuda_peak(alloc/resv) 21.77/28.18GB | phase(train/val/raw/train_eval) 3.7/0.6/0.6/0.0s | 4.9s
2026-08-28 20:44:56 | New best val_f1_macro_present: raw=0.9392 stable_score=0.9392 at epoch 32
2026-08-28 20:45:01 | Epoch 033/060 | loss 2.3166 | cls 1.3255 | tal -0.0832 | dual_g 1.0160 | dual_d 0.9201 | train_acc 0.9837 | train_full n/a | val_acc 0.9583 | val_f1 0.9414 | adv/moduleC 1.00/1.00 | disc_steps 3 | grad(main/disc) 4.382/1.226 | lr(main/disc) 3.50e-05/1.75e-05 | cuda_peak(alloc/resv) 21.77/28.18GB | phase(train/val/raw/train_eval) 3.5/0.6/0.6/0.0s | 4.7s
2026-08-28 20:45:04 | New best val_f1_macro_present: raw=0.9414 stable_score=0.9414 at epoch 33
2026-08-28 20:45:08 | Epoch 034/060 | loss 2.2998 | cls 1.3251 | tal -0.1038 | dual_g 1.0058 | dual_d 0.9266 | train_acc 0.9819 | train_full n/a | val_acc 0.9583 | val_f1 0.9316 | adv/moduleC 1.00/1.00 | disc_steps 3 | grad(main/disc) 4.629/1.254 | lr(main/disc) 3.50e-05/1.75e-05 | cuda_peak(alloc/resv) 21.77/28.18GB | phase(train/val/raw/train_eval) 3.4/0.6/0.0/0.0s | 3.9s
2026-08-28 20:45:13 | Epoch 035/060 | loss 2.2718 | cls 1.3114 | tal -0.1034 | dual_g 0.9914 | dual_d 0.9390 | train_acc 0.9891 | train_full 0.9677 | val_acc 0.9500 | val_f1 0.9265 | adv/moduleC 1.00/1.00 | disc_steps 3 | grad(main/disc) 3.904/1.180 | lr(main/disc) 3.50e-05/1.75e-05 | cuda_peak(alloc/resv) 21.77/28.18GB | phase(train/val/raw/train_eval) 3.7/0.6/0.6/0.8s | 5.8s
2026-08-28 20:45:17 | Epoch 036/060 | loss 2.2376 | cls 1.3034 | tal -0.1833 | dual_g 0.9892 | dual_d 0.9322 | train_acc 0.9891 | train_full n/a | val_acc 0.9500 | val_f1 0.9265 | adv/moduleC 1.00/1.00 | disc_steps 3 | grad(main/disc) 3.477/1.225 | lr(main/disc) 3.50e-05/1.75e-05 | cuda_peak(alloc/resv) 21.77/28.18GB | phase(train/val/raw/train_eval) 3.2/0.6/0.0/0.0s | 3.8s
2026-08-28 20:45:21 | Epoch 037/060 | loss 2.2443 | cls 1.3063 | tal -0.1603 | dual_g 0.9862 | dual_d 0.9020 | train_acc 0.9873 | train_full n/a | val_acc 0.9417 | val_f1 0.9305 | adv/moduleC 1.00/1.00 | disc_steps 3 | grad(main/disc) 4.069/1.165 | lr(main/disc) 3.50e-05/1.75e-05 | cuda_peak(alloc/resv) 21.77/28.18GB | phase(train/val/raw/train_eval) 3.3/0.6/0.0/0.0s | 3.9s
2026-08-28 20:45:25 | Epoch 038/060 | loss 2.2384 | cls 1.3039 | tal -0.1501 | dual_g 0.9795 | dual_d 0.9291 | train_acc 0.9873 | train_full n/a | val_acc 0.9333 | val_f1 0.9344 | adv/moduleC 1.00/1.00 | disc_steps 3 | grad(main/disc) 3.162/1.215 | lr(main/disc) 3.50e-05/1.75e-05 | cuda_peak(alloc/resv) 21.77/28.18GB | phase(train/val/raw/train_eval) 3.6/0.6/0.0/0.0s | 4.1s
2026-08-28 20:45:29 | Epoch 039/060 | loss 2.2371 | cls 1.3038 | tal -0.1537 | dual_g 0.9794 | dual_d 0.9134 | train_acc 0.9946 | train_full n/a | val_acc 0.9500 | val_f1 0.9248 | adv/moduleC 1.00/1.00 | disc_steps 3 | grad(main/disc) 4.074/1.165 | lr(main/disc) 3.50e-05/1.75e-05 | cuda_peak(alloc/resv) 21.77/28.18GB | phase(train/val/raw/train_eval) 3.5/0.6/0.0/0.0s | 4.1s
2026-08-28 20:45:35 | Epoch 040/060 | loss 2.2345 | cls 1.3137 | tal -0.1614 | dual_g 0.9692 | dual_d 0.9557 | train_acc 0.9819 | train_full 0.9634 | val_acc 0.9583 | val_f1 0.9415 | adv/moduleC 1.00/1.00 | disc_steps 3 | grad(main/disc) 4.246/1.188 | lr(main/disc) 3.50e-05/1.75e-05 | cuda_peak(alloc/resv) 21.77/28.18GB | phase(train/val/raw/train_eval) 3.4/0.6/0.6/0.9s | 5.5s
2026-08-28 20:45:39 | Epoch 041/060 | loss 2.2269 | cls 1.2909 | tal -0.1377 | dual_g 0.9773 | dual_d 0.9495 | train_acc 0.9946 | train_full n/a | val_acc 0.9500 | val_f1 0.9341 | adv/moduleC 1.00/1.00 | disc_steps 3 | grad(main/disc) 3.826/1.181 | lr(main/disc) 3.50e-05/1.75e-05 | cuda_peak(alloc/resv) 21.77/28.18GB | phase(train/val/raw/train_eval) 3.4/0.6/0.0/0.0s | 4.0s
2026-08-28 20:45:43 | Epoch 042/060 | loss 2.2059 | cls 1.2879 | tal -0.1655 | dual_g 0.9676 | dual_d 0.9393 | train_acc 0.9964 | train_full n/a | val_acc 0.9417 | val_f1 0.9206 | adv/moduleC 1.00/1.00 | disc_steps 3 | grad(main/disc) 3.015/1.188 | lr(main/disc) 3.50e-05/1.75e-05 | cuda_peak(alloc/resv) 21.77/28.18GB | phase(train/val/raw/train_eval) 3.7/0.6/0.0/0.0s | 4.3s
2026-08-28 20:45:48 | Epoch 043/060 | loss 2.2156 | cls 1.2942 | tal -0.1343 | dual_g 0.9617 | dual_d 0.9947 | train_acc 0.9909 | train_full n/a | val_acc 0.9583 | val_f1 0.9516 | adv/moduleC 1.00/1.00 | disc_steps 3 | grad(main/disc) 3.553/1.220 | lr(main/disc) 3.50e-05/1.75e-05 | cuda_peak(alloc/resv) 21.77/28.18GB | phase(train/val/raw/train_eval) 3.7/0.6/0.6/0.0s | 4.9s
2026-08-28 20:45:51 | New best val_f1_macro_present: raw=0.9516 stable_score=0.9516 at epoch 43
2026-08-28 20:45:55 | Epoch 044/060 | loss 2.1952 | cls 1.2837 | tal -0.1353 | dual_g 0.9521 | dual_d 0.9776 | train_acc 0.9873 | train_full n/a | val_acc 0.9583 | val_f1 0.9415 | adv/moduleC 1.00/1.00 | disc_steps 3 | grad(main/disc) 3.406/1.227 | lr(main/disc) 3.50e-05/1.75e-05 | cuda_peak(alloc/resv) 21.77/28.18GB | phase(train/val/raw/train_eval) 3.7/0.6/0.0/0.0s | 4.3s
2026-08-28 20:46:01 | Epoch 045/060 | loss 2.2065 | cls 1.2940 | tal -0.1568 | dual_g 0.9595 | dual_d 1.0299 | train_acc 0.9909 | train_full 0.9677 | val_acc 0.9583 | val_f1 0.9526 | adv/moduleC 1.00/1.00 | disc_steps 3 | grad(main/disc) 3.472/1.256 | lr(main/disc) 3.50e-05/1.75e-05 | cuda_peak(alloc/resv) 21.77/28.18GB | phase(train/val/raw/train_eval) 3.5/0.6/0.6/0.9s | 5.5s
2026-08-28 20:46:05 | Epoch 046/060 | loss 2.1974 | cls 1.2916 | tal -0.1651 | dual_g 0.9553 | dual_d 0.9663 | train_acc 0.9891 | train_full n/a | val_acc 0.9500 | val_f1 0.9453 | adv/moduleC 1.00/1.00 | disc_steps 3 | grad(main/disc) 3.890/1.176 | lr(main/disc) 3.50e-05/1.75e-05 | cuda_peak(alloc/resv) 21.77/28.18GB | phase(train/val/raw/train_eval) 3.5/0.6/0.0/0.0s | 4.1s
2026-08-28 20:46:09 | Epoch 047/060 | loss 2.1912 | cls 1.2898 | tal -0.1416 | dual_g 0.9439 | dual_d 0.9668 | train_acc 0.9891 | train_full n/a | val_acc 0.9750 | val_f1 0.9535 | adv/moduleC 1.00/1.00 | disc_steps 3 | grad(main/disc) 3.063/1.198 | lr(main/disc) 3.50e-05/1.75e-05 | cuda_peak(alloc/resv) 21.77/28.18GB | phase(train/val/raw/train_eval) 3.3/0.6/0.6/0.0s | 4.5s
2026-08-28 20:46:12 | New best val_f1_macro_present: raw=0.9535 stable_score=0.9535 at epoch 47
2026-08-28 20:46:16 | Epoch 048/060 | loss 2.2008 | cls 1.2910 | tal -0.1454 | dual_g 0.9534 | dual_d 1.0152 | train_acc 0.9873 | train_full n/a | val_acc 0.9667 | val_f1 0.9484 | adv/moduleC 1.00/1.00 | disc_steps 3 | grad(main/disc) 3.480/1.231 | lr(main/disc) 3.50e-05/1.75e-05 | cuda_peak(alloc/resv) 21.77/28.18GB | phase(train/val/raw/train_eval) 3.2/0.6/0.0/0.0s | 3.8s
2026-08-28 20:46:21 | Epoch 049/060 | loss 2.2182 | cls 1.3002 | tal -0.1809 | dual_g 0.9723 | dual_d 0.9891 | train_acc 0.9909 | train_full n/a | val_acc 0.9333 | val_f1 0.9314 | adv/moduleC 1.00/1.00 | disc_steps 3 | grad(main/disc) 3.900/1.166 | lr(main/disc) 3.50e-05/1.75e-05 | cuda_peak(alloc/resv) 21.77/28.18GB | phase(train/val/raw/train_eval) 3.7/0.6/0.0/0.0s | 4.3s
2026-08-28 20:46:26 | Epoch 050/060 | loss 2.1546 | cls 1.2722 | tal -0.2004 | dual_g 0.9425 | dual_d 0.9878 | train_acc 0.9891 | train_full 0.9806 | val_acc 0.9500 | val_f1 0.9455 | adv/moduleC 1.00/1.00 | disc_steps 3 | grad(main/disc) 2.835/1.200 | lr(main/disc) 3.50e-05/1.75e-05 | cuda_peak(alloc/resv) 21.77/28.18GB | phase(train/val/raw/train_eval) 3.3/0.6/0.6/0.9s | 5.4s
2026-08-28 20:46:30 | Epoch 051/060 | loss 2.1504 | cls 1.2747 | tal -0.2179 | dual_g 0.9411 | dual_d 0.9896 | train_acc 0.9946 | train_full n/a | val_acc 0.9583 | val_f1 0.9415 | adv/moduleC 1.00/1.00 | disc_steps 3 | grad(main/disc) 3.078/1.207 | lr(main/disc) 3.50e-05/1.75e-05 | cuda_peak(alloc/resv) 21.77/28.18GB | phase(train/val/raw/train_eval) 3.6/0.6/0.0/0.0s | 4.2s
2026-08-28 20:46:34 | Epoch 052/060 | loss 2.1699 | cls 1.2912 | tal -0.2028 | dual_g 0.9395 | dual_d 0.9667 | train_acc 0.9873 | train_full n/a | val_acc 0.9583 | val_f1 0.9414 | adv/moduleC 1.00/1.00 | disc_steps 3 | grad(main/disc) 3.536/1.189 | lr(main/disc) 3.50e-05/1.75e-05 | cuda_peak(alloc/resv) 21.77/28.18GB | phase(train/val/raw/train_eval) 3.7/0.6/0.0/0.0s | 4.3s
2026-08-28 20:46:39 | Epoch 053/060 | loss 2.1627 | cls 1.2800 | tal -0.1963 | dual_g 0.9416 | dual_d 0.9816 | train_acc 0.9909 | train_full n/a | val_acc 0.9583 | val_f1 0.9505 | adv/moduleC 1.00/1.00 | disc_steps 3 | grad(main/disc) 3.438/1.217 | lr(main/disc) 3.50e-05/1.75e-05 | cuda_peak(alloc/resv) 21.77/28.18GB | phase(train/val/raw/train_eval) 3.8/0.6/0.0/0.0s | 4.4s
2026-08-28 20:46:43 | Epoch 054/060 | loss 2.1578 | cls 1.2772 | tal -0.2141 | dual_g 0.9448 | dual_d 0.9833 | train_acc 0.9909 | train_full n/a | val_acc 0.9417 | val_f1 0.9290 | adv/moduleC 1.00/1.00 | disc_steps 3 | grad(main/disc) 3.617/1.192 | lr(main/disc) 1.75e-05/8.75e-06 | cuda_peak(alloc/resv) 21.77/28.18GB | phase(train/val/raw/train_eval) 3.4/0.6/0.0/0.0s | 4.0s
2026-08-28 20:46:48 | Epoch 055/060 | loss 2.1682 | cls 1.2918 | tal -0.1852 | dual_g 0.9320 | dual_d 1.0133 | train_acc 0.9909 | train_full 0.9914 | val_acc 0.9583 | val_f1 0.9507 | adv/moduleC 1.00/1.00 | disc_steps 3 | grad(main/disc) 3.844/1.230 | lr(main/disc) 1.75e-05/8.75e-06 | cuda_peak(alloc/resv) 21.77/28.18GB | phase(train/val/raw/train_eval) 3.5/0.6/0.6/0.9s | 5.5s
2026-08-28 20:46:52 | Epoch 056/060 | loss 2.1477 | cls 1.2727 | tal -0.2154 | dual_g 0.9397 | dual_d 0.9839 | train_acc 0.9946 | train_full n/a | val_acc 0.9583 | val_f1 0.9524 | adv/moduleC 1.00/1.00 | disc_steps 3 | grad(main/disc) 2.984/1.221 | lr(main/disc) 1.75e-05/8.75e-06 | cuda_peak(alloc/resv) 21.77/28.18GB | phase(train/val/raw/train_eval) 3.5/0.6/0.0/0.0s | 4.1s
2026-08-28 20:46:57 | Epoch 057/060 | loss 2.1416 | cls 1.2747 | tal -0.2213 | dual_g 0.9333 | dual_d 0.9780 | train_acc 0.9891 | train_full n/a | val_acc 0.9667 | val_f1 0.9574 | adv/moduleC 1.00/1.00 | disc_steps 3 | grad(main/disc) 2.985/1.169 | lr(main/disc) 1.75e-05/8.75e-06 | cuda_peak(alloc/resv) 21.77/28.18GB | phase(train/val/raw/train_eval) 3.2/0.6/0.6/0.0s | 4.4s
2026-08-28 20:47:00 | New best val_f1_macro_present: raw=0.9574 stable_score=0.9574 at epoch 57
2026-08-28 20:47:04 | Epoch 058/060 | loss 2.1298 | cls 1.2616 | tal -0.1959 | dual_g 0.9269 | dual_d 0.9954 | train_acc 0.9982 | train_full n/a | val_acc 0.9667 | val_f1 0.9484 | adv/moduleC 1.00/1.00 | disc_steps 3 | grad(main/disc) 2.648/1.200 | lr(main/disc) 1.75e-05/8.75e-06 | cuda_peak(alloc/resv) 21.77/28.18GB | phase(train/val/raw/train_eval) 3.4/0.6/0.0/0.0s | 4.0s
2026-08-28 20:47:08 | Epoch 059/060 | loss 2.1244 | cls 1.2620 | tal -0.2190 | dual_g 0.9280 | dual_d 0.9945 | train_acc 0.9891 | train_full n/a | val_acc 0.9583 | val_f1 0.9415 | adv/moduleC 1.00/1.00 | disc_steps 3 | grad(main/disc) 2.589/1.181 | lr(main/disc) 1.75e-05/8.75e-06 | cuda_peak(alloc/resv) 21.77/28.18GB | phase(train/val/raw/train_eval) 3.7/0.6/0.0/0.0s | 4.3s
2026-08-28 20:47:13 | Epoch 060/060 | loss 2.1137 | cls 1.2685 | tal -0.2701 | dual_g 0.9262 | dual_d 1.0008 | train_acc 1.0000 | train_full 0.9892 | val_acc 0.9583 | val_f1 0.9505 | adv/moduleC 1.00/1.00 | disc_steps 3 | grad(main/disc) 2.656/1.155 | lr(main/disc) 1.75e-05/8.75e-06 | cuda_peak(alloc/resv) 21.77/28.18GB | phase(train/val/raw/train_eval) 3.3/0.6/0.6/0.9s | 5.4s
2026-08-28 20:47:13 | Training complete. Peak validation accuracy: 0.9750 | selected val_f1_macro_present: 0.9574
