2026-08-28 20:36:21 | Starting Dual_D standalone training
2026-08-28 20:36:21 | Run directory: runs/module_c_ablation_60_v6/module_c_20260828_191630/module_c_no_identity_黑天_20260828_203202
2026-08-28 20:36:21 | Device: cuda
2026-08-28 20:36:21 | Source train samples: 992
2026-08-28 20:36:21 | Target train samples: 465
2026-08-28 20:36:21 | Target val samples: 120
2026-08-28 20:36:21 | Classes: 14
2026-08-28 20:36:21 | Data audit: same_dir=False | path_overlap(vis/ir/ais)=0/0/0 | content_overlap(vis/ir/ais)=0/0/0 | ais_index_overlap=0 | stem_mismatch(vis-ir/vis-ais)=578/0
2026-08-28 20:36:21 | source_train classes: present 14/14 | absent 0 | counts [0:120, 1:44, 2:69, 3:45, 4:40, 5:30, 6:64, 7:80, 8:116, 9:68, 10:57, 11:83, 12:48, 13:128]
2026-08-28 20:36:21 | target_train classes: present 8/14 | absent 6 | counts [0:100, 2:11, 3:16, 6:89, 9:162, 10:12, 11:44, 13:31]
2026-08-28 20:36:21 | target_val classes: present 8/14 | absent 6 | counts [0:26, 2:3, 3:5, 6:23, 9:41, 10:3, 11:11, 13:8]
2026-08-28 20:36:21 | Paired training classes: 8/14 | class ids [0, 2, 3, 6, 9, 10, 11, 13]
2026-08-28 20:36:21 | Runtime profile: batch=92 | paired_steps=6 | workers=16 | train_eval_every=5 | raw_eval_every=5 | stability_window=1 | early_stop=15 after min_epoch=48
2026-08-28 20:36:21 | VIS/IR pairing: class-level-unpaired | count-mismatch classes train/val: 10/0 | AIS alignment: none | AIS rows train/val: 0/0
2026-08-28 20:36:22 | Effective Dual-D loss weights: {"adv_auxiliary": 0.035, "adv_primary": 0.035, "classification": 0.5, "contrastive": 0.04, "cycle": 0.32, "identity": 0.0, "prototype_contrastive": 0.06}
2026-08-28 20:36:22 | Model parameters: total=17277714 | trainable=17120210
2026-08-28 20:36:29 | Epoch 001/060 | loss 5.5016 | cls 5.4406 | tal 0.2030 | dual_g 0.0000 | dual_d 0.0000 | train_acc 0.0942 | train_full 0.0602 | val_acc 0.0250 | val_f1 0.0082 | adv/moduleC 0.00/0.00 | disc_steps 0 | grad(main/disc) 15.397/0.000 | lr(main/disc) 7.00e-05/3.50e-05 | cuda_peak(alloc/resv) 21.77/28.18GB | phase(train/val/raw/train_eval) 4.6/0.6/0.6/0.9s | 6.7s
2026-08-28 20:36:32 | New best val_f1_macro_present: raw=0.0082 stable_score=0.0082 at epoch 1
2026-08-28 20:36:36 | Epoch 002/060 | loss 4.4641 | cls 4.3863 | tal 0.2592 | dual_g 0.0000 | dual_d 0.0000 | train_acc 0.1938 | train_full n/a | val_acc 0.2167 | val_f1 0.1191 | adv/moduleC 0.00/0.00 | disc_steps 0 | grad(main/disc) 11.988/0.000 | lr(main/disc) 7.00e-05/3.50e-05 | cuda_peak(alloc/resv) 21.77/28.18GB | phase(train/val/raw/train_eval) 3.2/0.6/0.6/0.0s | 4.4s
2026-08-28 20:36:39 | New best val_f1_macro_present: raw=0.1191 stable_score=0.1191 at epoch 2
2026-08-28 20:36:43 | Epoch 003/060 | loss 3.8703 | cls 3.7946 | tal 0.2523 | dual_g 0.0000 | dual_d 0.0000 | train_acc 0.2826 | train_full n/a | val_acc 0.0917 | val_f1 0.1071 | adv/moduleC 0.00/0.00 | disc_steps 0 | grad(main/disc) 10.538/0.000 | lr(main/disc) 7.00e-05/3.50e-05 | cuda_peak(alloc/resv) 21.77/28.18GB | phase(train/val/raw/train_eval) 3.4/0.6/0.0/0.0s | 4.0s
2026-08-28 20:36:47 | Epoch 004/060 | loss 3.4127 | cls 3.3922 | tal 0.0683 | dual_g 0.0000 | dual_d 0.0000 | train_acc 0.3569 | train_full n/a | val_acc 0.0583 | val_f1 0.0778 | adv/moduleC 0.00/0.00 | disc_steps 0 | grad(main/disc) 9.705/0.000 | lr(main/disc) 7.00e-05/3.50e-05 | cuda_peak(alloc/resv) 21.77/28.18GB | phase(train/val/raw/train_eval) 3.1/0.6/0.0/0.0s | 3.7s
2026-08-28 20:36:52 | Epoch 005/060 | loss 3.0295 | cls 3.0308 | tal -0.0045 | dual_g 0.0000 | dual_d 0.0000 | train_acc 0.4420 | train_full 0.1161 | val_acc 0.1000 | val_f1 0.1554 | adv/moduleC 0.00/0.00 | disc_steps 0 | grad(main/disc) 8.947/0.000 | lr(main/disc) 7.00e-05/3.50e-05 | cuda_peak(alloc/resv) 21.77/28.18GB | phase(train/val/raw/train_eval) 3.6/0.6/0.6/1.0s | 5.8s
2026-08-28 20:36:55 | New best val_f1_macro_present: raw=0.1554 stable_score=0.1554 at epoch 5
2026-08-28 20:37:00 | Epoch 006/060 | loss 2.9664 | cls 2.7544 | tal 0.0136 | dual_g 0.2079 | dual_d 0.9271 | train_acc 0.5272 | train_full n/a | val_acc 0.3250 | val_f1 0.3728 | adv/moduleC 0.05/0.10 | disc_steps 3 | grad(main/disc) 8.984/1.793 | lr(main/disc) 7.00e-05/3.50e-05 | cuda_peak(alloc/resv) 21.77/28.18GB | phase(train/val/raw/train_eval) 3.6/0.6/0.6/0.0s | 4.8s
2026-08-28 20:37:03 | New best val_f1_macro_present: raw=0.3728 stable_score=0.3728 at epoch 6
2026-08-28 20:37:08 | Epoch 007/060 | loss 2.9223 | cls 2.5524 | tal -0.0353 | dual_g 0.3805 | dual_d 0.9345 | train_acc 0.6232 | train_full n/a | val_acc 0.4917 | val_f1 0.5301 | adv/moduleC 0.10/0.20 | disc_steps 3 | grad(main/disc) 8.738/1.732 | lr(main/disc) 7.00e-05/3.50e-05 | cuda_peak(alloc/resv) 21.77/28.18GB | phase(train/val/raw/train_eval) 3.6/0.6/0.6/0.0s | 4.8s
2026-08-28 20:37:11 | New best val_f1_macro_present: raw=0.5301 stable_score=0.5301 at epoch 7
2026-08-28 20:37:16 | Epoch 008/060 | loss 2.8724 | cls 2.3449 | tal -0.0218 | dual_g 0.5341 | dual_d 0.9428 | train_acc 0.6703 | train_full n/a | val_acc 0.5167 | val_f1 0.5673 | adv/moduleC 0.15/0.30 | disc_steps 3 | grad(main/disc) 8.734/1.665 | lr(main/disc) 7.00e-05/3.50e-05 | cuda_peak(alloc/resv) 21.77/28.18GB | phase(train/val/raw/train_eval) 3.7/0.6/0.6/0.0s | 4.9s
2026-08-28 20:37:19 | New best val_f1_macro_present: raw=0.5673 stable_score=0.5673 at epoch 8
2026-08-28 20:37:23 | Epoch 009/060 | loss 2.8401 | cls 2.1848 | tal -0.0228 | dual_g 0.6622 | dual_d 0.9341 | train_acc 0.7156 | train_full n/a | val_acc 0.6417 | val_f1 0.6514 | adv/moduleC 0.20/0.40 | disc_steps 3 | grad(main/disc) 8.441/1.671 | lr(main/disc) 7.00e-05/3.50e-05 | cuda_peak(alloc/resv) 21.77/28.18GB | phase(train/val/raw/train_eval) 3.2/0.6/0.6/0.0s | 4.4s
2026-08-28 20:37:26 | New best val_f1_macro_present: raw=0.6514 stable_score=0.6514 at epoch 9
2026-08-28 20:37:32 | Epoch 010/060 | loss 2.8460 | cls 2.0740 | tal -0.0135 | dual_g 0.7760 | dual_d 0.8978 | train_acc 0.7518 | train_full 0.6667 | val_acc 0.6667 | val_f1 0.6778 | adv/moduleC 0.25/0.50 | disc_steps 3 | grad(main/disc) 8.269/1.550 | lr(main/disc) 7.00e-05/3.50e-05 | cuda_peak(alloc/resv) 21.77/28.18GB | phase(train/val/raw/train_eval) 3.6/0.6/0.6/0.9s | 5.7s
2026-08-28 20:37:35 | New best val_f1_macro_present: raw=0.6778 stable_score=0.6778 at epoch 10
2026-08-28 20:37:38 | Epoch 011/060 | loss 2.8281 | cls 1.9617 | tal -0.0702 | dual_g 0.8875 | dual_d 0.9727 | train_acc 0.7681 | train_full n/a | val_acc 0.5083 | val_f1 0.5851 | adv/moduleC 0.30/0.60 | disc_steps 3 | grad(main/disc) 8.514/1.572 | lr(main/disc) 7.00e-05/3.50e-05 | cuda_peak(alloc/resv) 21.77/28.18GB | phase(train/val/raw/train_eval) 3.4/0.6/0.0/0.0s | 4.0s
2026-08-28 20:37:43 | Epoch 012/060 | loss 2.8694 | cls 1.8889 | tal -0.0590 | dual_g 0.9982 | dual_d 0.9126 | train_acc 0.8098 | train_full n/a | val_acc 0.6583 | val_f1 0.6943 | adv/moduleC 0.35/0.70 | disc_steps 3 | grad(main/disc) 9.212/1.562 | lr(main/disc) 7.00e-05/3.50e-05 | cuda_peak(alloc/resv) 21.77/28.18GB | phase(train/val/raw/train_eval) 3.6/0.6/0.6/0.0s | 4.8s
2026-08-28 20:37:46 | New best val_f1_macro_present: raw=0.6943 stable_score=0.6943 at epoch 12
2026-08-28 20:37:51 | Epoch 013/060 | loss 2.9127 | cls 1.8014 | tal -0.0676 | dual_g 1.1316 | dual_d 0.9081 | train_acc 0.8207 | train_full n/a | val_acc 0.7000 | val_f1 0.6999 | adv/moduleC 0.40/0.80 | disc_steps 3 | grad(main/disc) 9.390/1.411 | lr(main/disc) 7.00e-05/3.50e-05 | cuda_peak(alloc/resv) 21.77/28.18GB | phase(train/val/raw/train_eval) 3.7/0.6/0.6/0.0s | 4.9s
2026-08-28 20:37:54 | New best val_f1_macro_present: raw=0.6999 stable_score=0.6999 at epoch 13
2026-08-28 20:37:59 | Epoch 014/060 | loss 2.9061 | cls 1.7251 | tal -0.0835 | dual_g 1.2060 | dual_d 0.9249 | train_acc 0.8732 | train_full n/a | val_acc 0.7583 | val_f1 0.7466 | adv/moduleC 0.45/0.90 | disc_steps 3 | grad(main/disc) 10.131/1.448 | lr(main/disc) 7.00e-05/3.50e-05 | cuda_peak(alloc/resv) 21.77/28.18GB | phase(train/val/raw/train_eval) 3.8/0.6/0.6/0.0s | 5.0s
2026-08-28 20:38:02 | New best val_f1_macro_present: raw=0.7466 stable_score=0.7466 at epoch 14
2026-08-28 20:38:08 | Epoch 015/060 | loss 2.9843 | cls 1.7004 | tal -0.0337 | dual_g 1.2940 | dual_d 0.9077 | train_acc 0.8551 | train_full 0.8731 | val_acc 0.8250 | val_f1 0.7931 | adv/moduleC 0.50/1.00 | disc_steps 3 | grad(main/disc) 9.400/1.397 | lr(main/disc) 7.00e-05/3.50e-05 | cuda_peak(alloc/resv) 21.77/28.18GB | phase(train/val/raw/train_eval) 3.9/0.6/0.6/0.9s | 6.0s
2026-08-28 20:38:11 | New best val_f1_macro_present: raw=0.7931 stable_score=0.7931 at epoch 15
2026-08-28 20:38:15 | Epoch 016/060 | loss 2.8492 | cls 1.6020 | tal 0.0233 | dual_g 1.2402 | dual_d 0.8793 | train_acc 0.8931 | train_full n/a | val_acc 0.7667 | val_f1 0.7435 | adv/moduleC 0.55/1.00 | disc_steps 3 | grad(main/disc) 9.017/1.359 | lr(main/disc) 7.00e-05/3.50e-05 | cuda_peak(alloc/resv) 21.77/28.18GB | phase(train/val/raw/train_eval) 3.6/0.6/0.0/0.0s | 4.2s
2026-08-28 20:38:19 | Epoch 017/060 | loss 2.7827 | cls 1.5778 | tal -0.0330 | dual_g 1.2148 | dual_d 0.8924 | train_acc 0.8949 | train_full n/a | val_acc 0.8167 | val_f1 0.7877 | adv/moduleC 0.60/1.00 | disc_steps 3 | grad(main/disc) 8.506/1.353 | lr(main/disc) 7.00e-05/3.50e-05 | cuda_peak(alloc/resv) 21.77/28.18GB | phase(train/val/raw/train_eval) 3.6/0.6/0.0/0.0s | 4.2s
2026-08-28 20:38:23 | Epoch 018/060 | loss 2.7126 | cls 1.5385 | tal -0.0967 | dual_g 1.2031 | dual_d 0.8691 | train_acc 0.9239 | train_full n/a | val_acc 0.7750 | val_f1 0.7567 | adv/moduleC 0.65/1.00 | disc_steps 3 | grad(main/disc) 9.180/1.323 | lr(main/disc) 7.00e-05/3.50e-05 | cuda_peak(alloc/resv) 21.77/28.18GB | phase(train/val/raw/train_eval) 3.4/0.6/0.0/0.0s | 4.0s
2026-08-28 20:38:27 | Epoch 019/060 | loss 2.6442 | cls 1.5083 | tal -0.0901 | dual_g 1.1629 | dual_d 0.8665 | train_acc 0.9366 | train_full n/a | val_acc 0.7083 | val_f1 0.7017 | adv/moduleC 0.70/1.00 | disc_steps 3 | grad(main/disc) 8.144/1.281 | lr(main/disc) 7.00e-05/3.50e-05 | cuda_peak(alloc/resv) 21.77/28.18GB | phase(train/val/raw/train_eval) 3.4/0.6/0.0/0.0s | 4.0s
2026-08-28 20:38:33 | Epoch 020/060 | loss 2.5699 | cls 1.4662 | tal -0.1090 | dual_g 1.1364 | dual_d 0.8993 | train_acc 0.9330 | train_full 0.9290 | val_acc 0.8833 | val_f1 0.8673 | adv/moduleC 0.75/1.00 | disc_steps 3 | grad(main/disc) 8.022/1.341 | lr(main/disc) 7.00e-05/3.50e-05 | cuda_peak(alloc/resv) 21.77/28.18GB | phase(train/val/raw/train_eval) 3.9/0.6/0.6/0.9s | 5.9s
2026-08-28 20:38:36 | New best val_f1_macro_present: raw=0.8673 stable_score=0.8673 at epoch 20
2026-08-28 20:38:40 | Epoch 021/060 | loss 2.5590 | cls 1.4719 | tal -0.1366 | dual_g 1.1280 | dual_d 0.9377 | train_acc 0.9366 | train_full n/a | val_acc 0.8583 | val_f1 0.8173 | adv/moduleC 0.80/1.00 | disc_steps 3 | grad(main/disc) 8.362/1.377 | lr(main/disc) 7.00e-05/3.50e-05 | cuda_peak(alloc/resv) 21.77/28.18GB | phase(train/val/raw/train_eval) 3.5/0.6/0.0/0.0s | 4.1s
2026-08-28 20:38:44 | Epoch 022/060 | loss 2.5376 | cls 1.4546 | tal -0.1325 | dual_g 1.1227 | dual_d 0.9314 | train_acc 0.9366 | train_full n/a | val_acc 0.7750 | val_f1 0.7873 | adv/moduleC 0.85/1.00 | disc_steps 3 | grad(main/disc) 8.953/1.317 | lr(main/disc) 7.00e-05/3.50e-05 | cuda_peak(alloc/resv) 21.77/28.18GB | phase(train/val/raw/train_eval) 3.4/0.6/0.0/0.0s | 4.0s
2026-08-28 20:38:49 | Epoch 023/060 | loss 2.4983 | cls 1.4349 | tal -0.1008 | dual_g 1.0937 | dual_d 0.9430 | train_acc 0.9293 | train_full n/a | val_acc 0.7833 | val_f1 0.7771 | adv/moduleC 0.90/1.00 | disc_steps 3 | grad(main/disc) 7.165/1.324 | lr(main/disc) 7.00e-05/3.50e-05 | cuda_peak(alloc/resv) 21.77/28.18GB | phase(train/val/raw/train_eval) 3.8/0.6/0.0/0.0s | 4.4s
2026-08-28 20:38:53 | Epoch 024/060 | loss 2.4856 | cls 1.4388 | tal -0.1139 | dual_g 1.0810 | dual_d 0.9478 | train_acc 0.9493 | train_full n/a | val_acc 0.8333 | val_f1 0.8069 | adv/moduleC 0.95/1.00 | disc_steps 3 | grad(main/disc) 7.447/1.333 | lr(main/disc) 7.00e-05/3.50e-05 | cuda_peak(alloc/resv) 21.77/28.18GB | phase(train/val/raw/train_eval) 3.6/0.6/0.0/0.0s | 4.2s
2026-08-28 20:38:58 | Epoch 025/060 | loss 2.4669 | cls 1.4251 | tal -0.1470 | dual_g 1.0859 | dual_d 0.9601 | train_acc 0.9565 | train_full 0.8667 | val_acc 0.8417 | val_f1 0.8282 | adv/moduleC 1.00/1.00 | disc_steps 3 | grad(main/disc) 7.259/1.319 | lr(main/disc) 7.00e-05/3.50e-05 | cuda_peak(alloc/resv) 21.77/28.18GB | phase(train/val/raw/train_eval) 3.5/0.6/0.6/0.8s | 5.5s
2026-08-28 20:39:03 | Epoch 026/060 | loss 2.4231 | cls 1.3967 | tal -0.1037 | dual_g 1.0576 | dual_d 0.9696 | train_acc 0.9692 | train_full n/a | val_acc 0.8500 | val_f1 0.8449 | adv/moduleC 1.00/1.00 | disc_steps 3 | grad(main/disc) 5.603/1.334 | lr(main/disc) 7.00e-05/3.50e-05 | cuda_peak(alloc/resv) 21.77/28.18GB | phase(train/val/raw/train_eval) 3.7/0.6/0.0/0.0s | 4.3s
2026-08-28 20:39:07 | Epoch 027/060 | loss 2.4136 | cls 1.3902 | tal -0.1144 | dual_g 1.0577 | dual_d 0.9697 | train_acc 0.9656 | train_full n/a | val_acc 0.9000 | val_f1 0.8985 | adv/moduleC 1.00/1.00 | disc_steps 3 | grad(main/disc) 6.323/1.288 | lr(main/disc) 7.00e-05/3.50e-05 | cuda_peak(alloc/resv) 21.77/28.18GB | phase(train/val/raw/train_eval) 3.4/0.6/0.6/0.0s | 4.6s
2026-08-28 20:39:10 | New best val_f1_macro_present: raw=0.8985 stable_score=0.8985 at epoch 27
2026-08-28 20:39:14 | Epoch 028/060 | loss 2.4020 | cls 1.3903 | tal -0.0960 | dual_g 1.0405 | dual_d 0.9995 | train_acc 0.9746 | train_full n/a | val_acc 0.8833 | val_f1 0.8469 | adv/moduleC 1.00/1.00 | disc_steps 3 | grad(main/disc) 6.459/1.314 | lr(main/disc) 7.00e-05/3.50e-05 | cuda_peak(alloc/resv) 21.77/28.18GB | phase(train/val/raw/train_eval) 3.3/0.6/0.0/0.0s | 3.9s
2026-08-28 20:39:18 | Epoch 029/060 | loss 2.3961 | cls 1.3900 | tal -0.1351 | dual_g 1.0466 | dual_d 0.9801 | train_acc 0.9728 | train_full n/a | val_acc 0.8083 | val_f1 0.7929 | adv/moduleC 1.00/1.00 | disc_steps 3 | grad(main/disc) 6.315/1.296 | lr(main/disc) 7.00e-05/3.50e-05 | cuda_peak(alloc/resv) 21.77/28.18GB | phase(train/val/raw/train_eval) 3.3/0.6/0.0/0.0s | 3.9s
2026-08-28 20:39:24 | Epoch 030/060 | loss 2.3420 | cls 1.3647 | tal -0.1345 | dual_g 1.0177 | dual_d 0.9916 | train_acc 0.9783 | train_full 0.8301 | val_acc 0.8000 | val_f1 0.7952 | adv/moduleC 1.00/1.00 | disc_steps 3 | grad(main/disc) 5.337/1.286 | lr(main/disc) 7.00e-05/3.50e-05 | cuda_peak(alloc/resv) 21.77/28.18GB | phase(train/val/raw/train_eval) 3.7/0.6/0.6/0.9s | 5.7s
2026-08-28 20:39:28 | Epoch 031/060 | loss 2.3229 | cls 1.3522 | tal -0.1218 | dual_g 1.0072 | dual_d 1.0456 | train_acc 0.9783 | train_full n/a | val_acc 0.7500 | val_f1 0.7763 | adv/moduleC 1.00/1.00 | disc_steps 3 | grad(main/disc) 5.590/1.332 | lr(main/disc) 7.00e-05/3.50e-05 | cuda_peak(alloc/resv) 21.77/28.18GB | phase(train/val/raw/train_eval) 3.5/0.6/0.0/0.0s | 4.1s
2026-08-28 20:39:32 | Epoch 032/060 | loss 2.3009 | cls 1.3416 | tal -0.1313 | dual_g 0.9987 | dual_d 1.0204 | train_acc 0.9801 | train_full n/a | val_acc 0.8333 | val_f1 0.8251 | adv/moduleC 1.00/1.00 | disc_steps 3 | grad(main/disc) 4.708/1.327 | lr(main/disc) 7.00e-05/3.50e-05 | cuda_peak(alloc/resv) 21.77/28.18GB | phase(train/val/raw/train_eval) 3.3/0.6/0.0/0.0s | 3.9s
2026-08-28 20:39:36 | Epoch 033/060 | loss 2.2926 | cls 1.3262 | tal -0.1467 | dual_g 1.0104 | dual_d 1.0030 | train_acc 0.9837 | train_full n/a | val_acc 0.9250 | val_f1 0.8919 | adv/moduleC 1.00/1.00 | disc_steps 3 | grad(main/disc) 4.008/1.279 | lr(main/disc) 7.00e-05/3.50e-05 | cuda_peak(alloc/resv) 21.77/28.18GB | phase(train/val/raw/train_eval) 3.2/0.6/0.0/0.0s | 3.9s
2026-08-28 20:39:39 | Epoch 034/060 | loss 2.2846 | cls 1.3389 | tal -0.1407 | dual_g 0.9879 | dual_d 1.0103 | train_acc 0.9801 | train_full n/a | val_acc 0.8167 | val_f1 0.7887 | adv/moduleC 1.00/1.00 | disc_steps 3 | grad(main/disc) 4.871/1.299 | lr(main/disc) 3.50e-05/1.75e-05 | cuda_peak(alloc/resv) 21.77/28.18GB | phase(train/val/raw/train_eval) 3.3/0.6/0.0/0.0s | 3.9s
2026-08-28 20:39:45 | Epoch 035/060 | loss 2.2871 | cls 1.3418 | tal -0.1421 | dual_g 0.9879 | dual_d 1.0006 | train_acc 0.9801 | train_full 0.9204 | val_acc 0.8667 | val_f1 0.8431 | adv/moduleC 1.00/1.00 | disc_steps 3 | grad(main/disc) 4.406/1.240 | lr(main/disc) 3.50e-05/1.75e-05 | cuda_peak(alloc/resv) 21.77/28.18GB | phase(train/val/raw/train_eval) 3.9/0.6/0.6/0.9s | 5.9s
2026-08-28 20:39:50 | Epoch 036/060 | loss 2.2508 | cls 1.3160 | tal -0.1322 | dual_g 0.9745 | dual_d 0.9914 | train_acc 0.9891 | train_full n/a | val_acc 0.8833 | val_f1 0.8744 | adv/moduleC 1.00/1.00 | disc_steps 3 | grad(main/disc) 3.680/1.242 | lr(main/disc) 3.50e-05/1.75e-05 | cuda_peak(alloc/resv) 21.77/28.18GB | phase(train/val/raw/train_eval) 3.5/0.6/0.0/0.0s | 4.1s
2026-08-28 20:39:53 | Epoch 037/060 | loss 2.2417 | cls 1.3117 | tal -0.1522 | dual_g 0.9757 | dual_d 1.0464 | train_acc 0.9909 | train_full n/a | val_acc 0.8500 | val_f1 0.8553 | adv/moduleC 1.00/1.00 | disc_steps 3 | grad(main/disc) 4.339/1.305 | lr(main/disc) 3.50e-05/1.75e-05 | cuda_peak(alloc/resv) 21.77/28.18GB | phase(train/val/raw/train_eval) 3.3/0.6/0.0/0.0s | 3.9s
2026-08-28 20:39:58 | Epoch 038/060 | loss 2.2312 | cls 1.3151 | tal -0.1571 | dual_g 0.9633 | dual_d 1.0277 | train_acc 0.9909 | train_full n/a | val_acc 0.9083 | val_f1 0.8876 | adv/moduleC 1.00/1.00 | disc_steps 3 | grad(main/disc) 3.997/1.249 | lr(main/disc) 3.50e-05/1.75e-05 | cuda_peak(alloc/resv) 21.77/28.18GB | phase(train/val/raw/train_eval) 3.8/0.6/0.0/0.0s | 4.4s
2026-08-28 20:40:02 | Epoch 039/060 | loss 2.2255 | cls 1.2979 | tal -0.1423 | dual_g 0.9703 | dual_d 1.0211 | train_acc 0.9819 | train_full n/a | val_acc 0.8917 | val_f1 0.8664 | adv/moduleC 1.00/1.00 | disc_steps 3 | grad(main/disc) 3.486/1.264 | lr(main/disc) 3.50e-05/1.75e-05 | cuda_peak(alloc/resv) 21.77/28.18GB | phase(train/val/raw/train_eval) 3.7/0.6/0.0/0.0s | 4.3s
2026-08-28 20:40:07 | Epoch 040/060 | loss 2.2126 | cls 1.2894 | tal -0.1264 | dual_g 0.9611 | dual_d 1.0113 | train_acc 0.9964 | train_full 0.9011 | val_acc 0.8417 | val_f1 0.8291 | adv/moduleC 1.00/1.00 | disc_steps 3 | grad(main/disc) 3.370/1.245 | lr(main/disc) 3.50e-05/1.75e-05 | cuda_peak(alloc/resv) 21.77/28.18GB | phase(train/val/raw/train_eval) 3.1/0.6/0.6/0.8s | 5.2s
2026-08-28 20:40:12 | Epoch 041/060 | loss 2.2081 | cls 1.2886 | tal -0.1240 | dual_g 0.9567 | dual_d 1.0158 | train_acc 0.9964 | train_full n/a | val_acc 0.8667 | val_f1 0.8486 | adv/moduleC 1.00/1.00 | disc_steps 3 | grad(main/disc) 3.344/1.225 | lr(main/disc) 1.75e-05/8.75e-06 | cuda_peak(alloc/resv) 21.77/28.18GB | phase(train/val/raw/train_eval) 3.5/0.6/0.0/0.0s | 4.1s
2026-08-28 20:40:15 | Epoch 042/060 | loss 2.2121 | cls 1.2968 | tal -0.1355 | dual_g 0.9559 | dual_d 1.0527 | train_acc 0.9928 | train_full n/a | val_acc 0.8917 | val_f1 0.8627 | adv/moduleC 1.00/1.00 | disc_steps 3 | grad(main/disc) 3.899/1.283 | lr(main/disc) 1.75e-05/8.75e-06 | cuda_peak(alloc/resv) 21.77/28.18GB | phase(train/val/raw/train_eval) 3.3/0.6/0.0/0.0s | 3.9s
2026-08-28 20:40:19 | Epoch 043/060 | loss 2.2152 | cls 1.2969 | tal -0.1250 | dual_g 0.9558 | dual_d 1.0260 | train_acc 0.9909 | train_full n/a | val_acc 0.9000 | val_f1 0.8678 | adv/moduleC 1.00/1.00 | disc_steps 3 | grad(main/disc) 3.405/1.264 | lr(main/disc) 1.75e-05/8.75e-06 | cuda_peak(alloc/resv) 21.77/28.18GB | phase(train/val/raw/train_eval) 3.4/0.6/0.0/0.0s | 4.0s
2026-08-28 20:40:24 | Epoch 044/060 | loss 2.1856 | cls 1.2923 | tal -0.1747 | dual_g 0.9458 | dual_d 1.0365 | train_acc 0.9928 | train_full n/a | val_acc 0.9083 | val_f1 0.8742 | adv/moduleC 1.00/1.00 | disc_steps 3 | grad(main/disc) 4.029/1.254 | lr(main/disc) 1.75e-05/8.75e-06 | cuda_peak(alloc/resv) 21.77/28.18GB | phase(train/val/raw/train_eval) 3.6/0.6/0.0/0.0s | 4.2s
2026-08-28 20:40:29 | Epoch 045/060 | loss 2.1735 | cls 1.2824 | tal -0.1821 | dual_g 0.9458 | dual_d 0.9972 | train_acc 0.9891 | train_full 0.9333 | val_acc 0.9000 | val_f1 0.8816 | adv/moduleC 1.00/1.00 | disc_steps 3 | grad(main/disc) 3.550/1.242 | lr(main/disc) 1.75e-05/8.75e-06 | cuda_peak(alloc/resv) 21.77/28.18GB | phase(train/val/raw/train_eval) 3.4/0.6/0.6/0.9s | 5.4s
2026-08-28 20:40:33 | Epoch 046/060 | loss 2.2013 | cls 1.2960 | tal -0.1491 | dual_g 0.9501 | dual_d 1.0093 | train_acc 0.9909 | train_full n/a | val_acc 0.9000 | val_f1 0.8925 | adv/moduleC 1.00/1.00 | disc_steps 3 | grad(main/disc) 2.978/1.210 | lr(main/disc) 1.75e-05/8.75e-06 | cuda_peak(alloc/resv) 21.77/28.18GB | phase(train/val/raw/train_eval) 3.4/0.6/0.0/0.0s | 4.0s
2026-08-28 20:40:38 | Epoch 047/060 | loss 2.2067 | cls 1.3013 | tal -0.1382 | dual_g 0.9469 | dual_d 1.0555 | train_acc 0.9873 | train_full n/a | val_acc 0.9333 | val_f1 0.9140 | adv/moduleC 1.00/1.00 | disc_steps 3 | grad(main/disc) 3.221/1.296 | lr(main/disc) 1.75e-05/8.75e-06 | cuda_peak(alloc/resv) 21.77/28.18GB | phase(train/val/raw/train_eval) 3.3/0.6/0.6/0.0s | 4.5s
2026-08-28 20:40:41 | New best val_f1_macro_present: raw=0.9140 stable_score=0.9140 at epoch 47
2026-08-28 20:40:45 | Epoch 048/060 | loss 2.1991 | cls 1.2931 | tal -0.1484 | dual_g 0.9505 | dual_d 1.0532 | train_acc 0.9909 | train_full n/a | val_acc 0.9167 | val_f1 0.8834 | adv/moduleC 1.00/1.00 | disc_steps 3 | grad(main/disc) 3.460/1.314 | lr(main/disc) 1.75e-05/8.75e-06 | cuda_peak(alloc/resv) 21.77/28.18GB | phase(train/val/raw/train_eval) 3.5/0.6/0.0/0.0s | 4.1s
2026-08-28 20:40:49 | Epoch 049/060 | loss 2.1612 | cls 1.2723 | tal -0.1771 | dual_g 0.9421 | dual_d 1.0539 | train_acc 0.9928 | train_full n/a | val_acc 0.9167 | val_f1 0.8834 | adv/moduleC 1.00/1.00 | disc_steps 3 | grad(main/disc) 3.111/1.252 | lr(main/disc) 1.75e-05/8.75e-06 | cuda_peak(alloc/resv) 21.77/28.18GB | phase(train/val/raw/train_eval) 3.4/0.6/0.0/0.0s | 4.0s
2026-08-28 20:40:54 | Epoch 050/060 | loss 2.1583 | cls 1.2831 | tal -0.2106 | dual_g 0.9383 | dual_d 1.0182 | train_acc 0.9909 | train_full 0.9699 | val_acc 0.9250 | val_f1 0.8976 | adv/moduleC 1.00/1.00 | disc_steps 3 | grad(main/disc) 3.119/1.246 | lr(main/disc) 1.75e-05/8.75e-06 | cuda_peak(alloc/resv) 21.77/28.18GB | phase(train/val/raw/train_eval) 3.7/0.6/0.6/0.8s | 5.7s
2026-08-28 20:40:58 | Epoch 051/060 | loss 2.1696 | cls 1.2857 | tal -0.1874 | dual_g 0.9401 | dual_d 1.0278 | train_acc 0.9928 | train_full n/a | val_acc 0.9250 | val_f1 0.8976 | adv/moduleC 1.00/1.00 | disc_steps 3 | grad(main/disc) 3.783/1.223 | lr(main/disc) 1.75e-05/8.75e-06 | cuda_peak(alloc/resv) 21.77/28.18GB | phase(train/val/raw/train_eval) 3.5/0.6/0.0/0.0s | 4.1s
2026-08-28 20:41:02 | Epoch 052/060 | loss 2.1735 | cls 1.2928 | tal -0.1722 | dual_g 0.9324 | dual_d 1.0525 | train_acc 0.9928 | train_full n/a | val_acc 0.9167 | val_f1 0.8908 | adv/moduleC 1.00/1.00 | disc_steps 3 | grad(main/disc) 3.455/1.271 | lr(main/disc) 1.75e-05/8.75e-06 | cuda_peak(alloc/resv) 21.77/28.18GB | phase(train/val/raw/train_eval) 3.3/0.6/0.0/0.0s | 3.9s
2026-08-28 20:41:06 | Epoch 053/060 | loss 2.1808 | cls 1.2900 | tal -0.1728 | dual_g 0.9426 | dual_d 1.0610 | train_acc 0.9891 | train_full n/a | val_acc 0.8833 | val_f1 0.8657 | adv/moduleC 1.00/1.00 | disc_steps 3 | grad(main/disc) 3.302/1.260 | lr(main/disc) 1.75e-05/8.75e-06 | cuda_peak(alloc/resv) 21.77/28.18GB | phase(train/val/raw/train_eval) 3.4/0.6/0.0/0.0s | 4.0s
2026-08-28 20:41:11 | Epoch 054/060 | loss 2.1844 | cls 1.2973 | tal -0.1657 | dual_g 0.9368 | dual_d 1.0454 | train_acc 0.9946 | train_full n/a | val_acc 0.8917 | val_f1 0.8672 | adv/moduleC 1.00/1.00 | disc_steps 3 | grad(main/disc) 4.573/1.261 | lr(main/disc) 8.75e-06/4.37e-06 | cuda_peak(alloc/resv) 21.77/28.18GB | phase(train/val/raw/train_eval) 3.5/0.6/0.0/0.0s | 4.1s
2026-08-28 20:41:16 | Epoch 055/060 | loss 2.1627 | cls 1.2893 | tal -0.1985 | dual_g 0.9329 | dual_d 1.0525 | train_acc 0.9928 | train_full 0.9183 | val_acc 0.8833 | val_f1 0.8623 | adv/moduleC 1.00/1.00 | disc_steps 3 | grad(main/disc) 3.201/1.241 | lr(main/disc) 8.75e-06/4.37e-06 | cuda_peak(alloc/resv) 21.77/28.18GB | phase(train/val/raw/train_eval) 3.3/0.6/0.6/0.8s | 5.3s
2026-08-28 20:41:20 | Epoch 056/060 | loss 2.1528 | cls 1.2802 | tal -0.2078 | dual_g 0.9349 | dual_d 1.0481 | train_acc 0.9946 | train_full n/a | val_acc 0.9000 | val_f1 0.8759 | adv/moduleC 1.00/1.00 | disc_steps 3 | grad(main/disc) 3.367/1.221 | lr(main/disc) 8.75e-06/4.37e-06 | cuda_peak(alloc/resv) 21.77/28.18GB | phase(train/val/raw/train_eval) 3.5/0.6/0.0/0.0s | 4.1s
2026-08-28 20:41:24 | Epoch 057/060 | loss 2.1793 | cls 1.2912 | tal -0.1768 | dual_g 0.9411 | dual_d 1.0376 | train_acc 0.9909 | train_full n/a | val_acc 0.8917 | val_f1 0.8761 | adv/moduleC 1.00/1.00 | disc_steps 3 | grad(main/disc) 3.496/1.235 | lr(main/disc) 8.75e-06/4.37e-06 | cuda_peak(alloc/resv) 21.77/28.18GB | phase(train/val/raw/train_eval) 3.7/0.6/0.0/0.0s | 4.3s
2026-08-28 20:41:28 | Epoch 058/060 | loss 2.1621 | cls 1.2797 | tal -0.1732 | dual_g 0.9343 | dual_d 1.0612 | train_acc 0.9891 | train_full n/a | val_acc 0.8833 | val_f1 0.8576 | adv/moduleC 1.00/1.00 | disc_steps 3 | grad(main/disc) 3.117/1.239 | lr(main/disc) 8.75e-06/4.37e-06 | cuda_peak(alloc/resv) 21.77/28.18GB | phase(train/val/raw/train_eval) 3.5/0.6/0.0/0.0s | 4.1s
2026-08-28 20:41:32 | Epoch 059/060 | loss 2.1546 | cls 1.2777 | tal -0.1839 | dual_g 0.9321 | dual_d 1.0527 | train_acc 0.9982 | train_full n/a | val_acc 0.8917 | val_f1 0.8678 | adv/moduleC 1.00/1.00 | disc_steps 3 | grad(main/disc) 3.291/1.230 | lr(main/disc) 8.75e-06/4.37e-06 | cuda_peak(alloc/resv) 21.77/28.18GB | phase(train/val/raw/train_eval) 3.3/0.6/0.0/0.0s | 3.9s
2026-08-28 20:41:38 | Epoch 060/060 | loss 2.1524 | cls 1.2798 | tal -0.1999 | dual_g 0.9326 | dual_d 1.0264 | train_acc 0.9946 | train_full 0.9484 | val_acc 0.9167 | val_f1 0.9016 | adv/moduleC 1.00/1.00 | disc_steps 3 | grad(main/disc) 3.722/1.205 | lr(main/disc) 8.75e-06/4.37e-06 | cuda_peak(alloc/resv) 21.77/28.18GB | phase(train/val/raw/train_eval) 3.4/0.6/0.6/0.8s | 5.4s
2026-08-28 20:41:38 | Training complete. Peak validation accuracy: 0.9333 | selected val_f1_macro_present: 0.9140
