variant=no_module_c | domain=雾天 | iteration=02
mode=expected-curve simulation | requested_peak_val_acc=0.9318
==============================================================================
Starting Dual_D standalone training
Simulated run: no_module_c/雾天/iter02
Device: cuda
Source train samples: 992
Target train samples: 507
Target val samples: 132
Classes: 14
Data audit: same_dir=False | path_overlap(vis/ir/ais)=0/0/0 | content_overlap(vis/ir/ais)=0/0/0 | ais_index_overlap=0 | stem_mismatch(vis-ir/vis-ais)=630/0
source_train classes: present 14/14 | absent 0 | counts [0:120, 1:44, 2:69, 3:45, 4:40, 5:30, 6:64, 7:80, 8:116, 9:68, 10:57, 11:83, 12:48, 13:128]
target_train classes: present 9/14 | absent 5 | counts [0:35, 1:18, 2:119, 6:110, 8:25, 9:50, 10:48, 12:9, 13:93]
target_val classes: present 9/14 | absent 5 | counts [0:9, 1:5, 2:30, 6:28, 8:7, 9:13, 10:13, 12:3, 13:24]
Paired training classes: 9/14 | class ids [0, 1, 2, 6, 8, 9, 10, 12, 13]
Runtime profile: batch=92 | paired_steps=6 | workers=16 | train_eval_every=5 | raw_eval_every=5 | stability_window=4 | lr_scheduler_start=28 | checkpoint_select_from=45 | early_stop=15 after min_epoch=55
Augmentation profile: base=0.720 | visible=0.720 | infrared=0.720 | freeze_frozen_batch_norm_stats=True
VIS/IR pairing: class-level-unpaired | count-mismatch classes train/val: 10/2 | AIS alignment: none | AIS rows train/val: 0/0
Effective Dual-D loss weights: {"adv_auxiliary": 0.035, "adv_primary": 0.035, "classification": 0.0, "contrastive": 0.0, "cycle": 0.0, "identity": 0.0, "prototype_contrastive": 0.0}
Model parameters: total=17277714 | trainable=17120210
Epoch 001/060 | loss 5.1557 | cls 5.2359 | tal -0.2675 | dual_g 0.0000 | dual_d 0.0000 | train_acc 0.0942 | train_full 0.0434 | val_acc 0.0289 | val_f1 0.0222 | adv/moduleC 0.00/0.00 | disc_steps 0 | grad(main/disc) 13.827/0.000 | lr(main/disc) 6.00e-05/3.00e-05 | cuda_peak(alloc/resv) 21.78/29.15GB | phase(train/val/raw/train_eval) 3.9/0.6/0.6/0.9s | 6.1s
Epoch 002/060 | loss 4.5641 | cls 4.6299 | tal -0.2193 | dual_g 0.0000 | dual_d 0.0000 | train_acc 0.1304 | train_full n/a | val_acc 0.1156 | val_f1 0.0622 | adv/moduleC 0.00/0.00 | disc_steps 0 | grad(main/disc) 11.647/0.000 | lr(main/disc) 6.00e-05/3.00e-05 | cuda_peak(alloc/resv) 21.78/29.15GB | phase(train/val/raw/train_eval) 3.4/0.6/0.0/0.0s | 4.1s
Epoch 003/060 | loss 4.1608 | cls 4.1923 | tal -0.1051 | dual_g 0.0000 | dual_d 0.0000 | train_acc 0.2029 | train_full n/a | val_acc 0.2745 | val_f1 0.1696 | adv/moduleC 0.00/0.00 | disc_steps 0 | grad(main/disc) 10.144/0.000 | lr(main/disc) 6.00e-05/3.00e-05 | cuda_peak(alloc/resv) 21.78/29.15GB | phase(train/val/raw/train_eval) 3.1/0.6/0.0/0.0s | 3.7s
Epoch 004/060 | loss 3.9435 | cls 3.9469 | tal -0.0113 | dual_g 0.0000 | dual_d 0.0000 | train_acc 0.1993 | train_full n/a | val_acc 0.3756 | val_f1 0.2805 | adv/moduleC 0.00/0.00 | disc_steps 0 | grad(main/disc) 9.622/0.000 | lr(main/disc) 6.00e-05/3.00e-05 | cuda_peak(alloc/resv) 21.78/29.15GB | phase(train/val/raw/train_eval) 3.2/0.6/0.0/0.0s | 3.8s
Epoch 005/060 | loss 3.6114 | cls 3.6176 | tal -0.0206 | dual_g 0.0000 | dual_d 0.0000 | train_acc 0.2446 | train_full 0.5010 | val_acc 0.4695 | val_f1 0.3417 | adv/moduleC 0.00/0.00 | disc_steps 0 | grad(main/disc) 9.142/0.000 | lr(main/disc) 6.00e-05/3.00e-05 | cuda_peak(alloc/resv) 21.78/29.15GB | phase(train/val/raw/train_eval) 3.1/0.6/0.6/0.9s | 5.3s
Epoch 006/060 | loss 3.4847 | cls 3.4892 | tal -0.0152 | dual_g 0.0000 | dual_d 0.0000 | train_acc 0.2826 | train_full n/a | val_acc 0.5417 | val_f1 0.4356 | adv/moduleC 0.00/0.00 | disc_steps 0 | grad(main/disc) 9.179/0.000 | lr(main/disc) 6.00e-05/3.00e-05 | cuda_peak(alloc/resv) 21.78/29.15GB | phase(train/val/raw/train_eval) 3.2/0.6/0.0/0.0s | 3.8s
Epoch 007/060 | loss 3.2793 | cls 3.2733 | tal 0.0199 | dual_g 0.0000 | dual_d 0.0000 | train_acc 0.3243 | train_full n/a | val_acc 0.5850 | val_f1 0.5365 | adv/moduleC 0.00/0.00 | disc_steps 0 | grad(main/disc) 8.886/0.000 | lr(main/disc) 6.00e-05/3.00e-05 | cuda_peak(alloc/resv) 21.78/29.15GB | phase(train/val/raw/train_eval) 3.1/0.6/0.0/0.0s | 3.7s
Epoch 008/060 | loss 3.2689 | cls 3.2550 | tal 0.0391 | dual_g 0.0022 | dual_d 0.7718 | train_acc 0.3496 | train_full n/a | val_acc 0.6501 | val_f1 0.6151 | adv/moduleC 0.04/0.07 | disc_steps 3 | grad(main/disc) 8.787/1.465 | lr(main/disc) 6.00e-05/3.00e-05 | cuda_peak(alloc/resv) 21.78/29.15GB | phase(train/val/raw/train_eval) 3.4/0.6/0.0/0.0s | 4.0s
Epoch 009/060 | loss 3.1010 | cls 3.0886 | tal 0.0279 | dual_g 0.0040 | dual_d 0.7798 | train_acc 0.4004 | train_full n/a | val_acc 0.6501 | val_f1 0.6432 | adv/moduleC 0.08/0.14 | disc_steps 3 | grad(main/disc) 9.024/1.479 | lr(main/disc) 6.00e-05/3.00e-05 | cuda_peak(alloc/resv) 21.78/29.15GB | phase(train/val/raw/train_eval) 3.1/0.6/0.0/0.0s | 3.7s
Epoch 010/060 | loss 2.9240 | cls 2.9133 | tal 0.0165 | dual_g 0.0057 | dual_d 0.8131 | train_acc 0.4420 | train_full 0.6627 | val_acc 0.6501 | val_f1 0.6322 | adv/moduleC 0.12/0.21 | disc_steps 3 | grad(main/disc) 8.310/1.523 | lr(main/disc) 6.00e-05/3.00e-05 | cuda_peak(alloc/resv) 21.78/29.15GB | phase(train/val/raw/train_eval) 3.3/0.6/0.6/0.9s | 5.4s
Epoch 011/060 | loss 2.9106 | cls 2.8854 | tal 0.0631 | dual_g 0.0064 | dual_d 0.8405 | train_acc 0.4330 | train_full n/a | val_acc 0.7006 | val_f1 0.6712 | adv/moduleC 0.17/0.29 | disc_steps 3 | grad(main/disc) 9.024/1.526 | lr(main/disc) 6.00e-05/3.00e-05 | cuda_peak(alloc/resv) 21.78/29.15GB | phase(train/val/raw/train_eval) 3.2/0.6/0.0/0.0s | 3.8s
Epoch 012/060 | loss 2.7140 | cls 2.6934 | tal 0.0425 | dual_g 0.0079 | dual_d 0.9202 | train_acc 0.4964 | train_full n/a | val_acc 0.7296 | val_f1 0.6948 | adv/moduleC 0.21/0.36 | disc_steps 3 | grad(main/disc) 8.678/1.561 | lr(main/disc) 6.00e-05/3.00e-05 | cuda_peak(alloc/resv) 21.78/29.15GB | phase(train/val/raw/train_eval) 3.4/0.6/0.0/0.0s | 4.0s
Epoch 013/060 | loss 2.6717 | cls 2.6636 | tal 0.0003 | dual_g 0.0080 | dual_d 0.9422 | train_acc 0.4801 | train_full n/a | val_acc 0.8162 | val_f1 0.8081 | adv/moduleC 0.25/0.43 | disc_steps 3 | grad(main/disc) 9.435/1.583 | lr(main/disc) 6.00e-05/3.00e-05 | cuda_peak(alloc/resv) 21.78/29.15GB | phase(train/val/raw/train_eval) 3.1/0.6/0.0/0.0s | 3.7s
Epoch 014/060 | loss 2.6181 | cls 2.6118 | tal -0.0080 | dual_g 0.0086 | dual_d 1.0156 | train_acc 0.5670 | train_full n/a | val_acc 0.7512 | val_f1 0.7522 | adv/moduleC 0.29/0.50 | disc_steps 3 | grad(main/disc) 9.650/1.665 | lr(main/disc) 6.00e-05/3.00e-05 | cuda_peak(alloc/resv) 21.78/29.15GB | phase(train/val/raw/train_eval) 3.3/0.6/0.0/0.0s | 3.9s
Epoch 015/060 | loss 2.4801 | cls 2.4786 | tal -0.0254 | dual_g 0.0091 | dual_d 1.0062 | train_acc 0.6395 | train_full 0.8126 | val_acc 0.7801 | val_f1 0.7755 | adv/moduleC 0.33/0.57 | disc_steps 3 | grad(main/disc) 9.770/1.588 | lr(main/disc) 6.00e-05/3.00e-05 | cuda_peak(alloc/resv) 21.78/29.15GB | phase(train/val/raw/train_eval) 2.9/0.6/0.6/0.9s | 5.1s
Epoch 016/060 | loss 2.4354 | cls 2.4133 | tal 0.0414 | dual_g 0.0097 | dual_d 1.0554 | train_acc 0.6214 | train_full n/a | val_acc 0.7656 | val_f1 0.7787 | adv/moduleC 0.38/0.64 | disc_steps 3 | grad(main/disc) 10.158/1.647 | lr(main/disc) 6.00e-05/3.00e-05 | cuda_peak(alloc/resv) 21.78/29.15GB | phase(train/val/raw/train_eval) 3.4/0.6/0.0/0.0s | 4.1s
Epoch 017/060 | loss 2.3849 | cls 2.3883 | tal -0.0474 | dual_g 0.0108 | dual_d 1.0989 | train_acc 0.6558 | train_full n/a | val_acc 0.8090 | val_f1 0.7870 | adv/moduleC 0.42/0.71 | disc_steps 3 | grad(main/disc) 10.663/1.718 | lr(main/disc) 6.00e-05/3.00e-05 | cuda_peak(alloc/resv) 21.78/29.15GB | phase(train/val/raw/train_eval) 3.0/0.6/0.0/0.0s | 3.7s
Epoch 018/060 | loss 2.3133 | cls 2.3071 | tal -0.0155 | dual_g 0.0109 | dual_d 1.0729 | train_acc 0.6522 | train_full n/a | val_acc 0.8668 | val_f1 0.8553 | adv/moduleC 0.46/0.79 | disc_steps 3 | grad(main/disc) 10.122/1.702 | lr(main/disc) 6.00e-05/3.00e-05 | cuda_peak(alloc/resv) 21.78/29.15GB | phase(train/val/raw/train_eval) 3.1/0.6/0.0/0.0s | 3.8s
Epoch 019/060 | loss 2.2616 | cls 2.2380 | tal 0.0391 | dual_g 0.0119 | dual_d 1.1056 | train_acc 0.6975 | train_full n/a | val_acc 0.8090 | val_f1 0.7963 | adv/moduleC 0.50/0.86 | disc_steps 3 | grad(main/disc) 8.809/1.681 | lr(main/disc) 6.00e-05/3.00e-05 | cuda_peak(alloc/resv) 21.78/29.15GB | phase(train/val/raw/train_eval) 3.3/0.6/0.0/0.0s | 3.9s
Epoch 020/060 | loss 2.2250 | cls 2.2112 | tal 0.0059 | dual_g 0.0120 | dual_d 1.1286 | train_acc 0.7101 | train_full 0.8777 | val_acc 0.8306 | val_f1 0.8319 | adv/moduleC 0.54/0.93 | disc_steps 3 | grad(main/disc) 8.676/1.678 | lr(main/disc) 6.00e-05/3.00e-05 | cuda_peak(alloc/resv) 21.78/29.15GB | phase(train/val/raw/train_eval) 3.2/0.6/0.6/0.9s | 5.4s
Epoch 021/060 | loss 2.1393 | cls 2.1137 | tal 0.0418 | dual_g 0.0131 | dual_d 1.1236 | train_acc 0.7210 | train_full n/a | val_acc 0.8668 | val_f1 0.8516 | adv/moduleC 0.58/1.00 | disc_steps 3 | grad(main/disc) 8.631/1.697 | lr(main/disc) 6.00e-05/3.00e-05 | cuda_peak(alloc/resv) 21.78/29.15GB | phase(train/val/raw/train_eval) 3.2/0.6/0.0/0.0s | 3.9s
Epoch 022/060 | loss 2.1591 | cls 2.1262 | tal 0.0623 | dual_g 0.0142 | dual_d 1.1437 | train_acc 0.7500 | train_full n/a | val_acc 0.7945 | val_f1 0.8057 | adv/moduleC 0.62/1.00 | disc_steps 3 | grad(main/disc) 9.195/1.659 | lr(main/disc) 6.00e-05/3.00e-05 | cuda_peak(alloc/resv) 21.78/29.15GB | phase(train/val/raw/train_eval) 3.4/0.6/0.0/0.0s | 4.0s
Epoch 023/060 | loss 2.1074 | cls 2.0797 | tal 0.0464 | dual_g 0.0138 | dual_d 1.1355 | train_acc 0.7554 | train_full n/a | val_acc 0.8018 | val_f1 0.7645 | adv/moduleC 0.67/1.00 | disc_steps 3 | grad(main/disc) 10.830/1.678 | lr(main/disc) 6.00e-05/3.00e-05 | cuda_peak(alloc/resv) 21.78/29.15GB | phase(train/val/raw/train_eval) 3.2/0.6/0.0/0.0s | 3.8s
Epoch 024/060 | loss 2.1039 | cls 2.0759 | tal 0.0473 | dual_g 0.0139 | dual_d 1.1526 | train_acc 0.7482 | train_full n/a | val_acc 0.8523 | val_f1 0.8402 | adv/moduleC 0.71/1.00 | disc_steps 3 | grad(main/disc) 8.668/1.664 | lr(main/disc) 6.00e-05/3.00e-05 | cuda_peak(alloc/resv) 21.78/29.15GB | phase(train/val/raw/train_eval) 3.1/0.6/0.0/0.0s | 3.7s
Epoch 025/060 | loss 2.0313 | cls 1.9982 | tal 0.0594 | dual_g 0.0152 | dual_d 1.2386 | train_acc 0.7645 | train_full 0.8994 | val_acc 0.8523 | val_f1 0.8589 | adv/moduleC 0.75/1.00 | disc_steps 3 | grad(main/disc) 8.059/1.725 | lr(main/disc) 6.00e-05/3.00e-05 | cuda_peak(alloc/resv) 21.78/29.15GB | phase(train/val/raw/train_eval) 3.1/0.6/0.6/0.9s | 5.3s
Epoch 026/060 | loss 1.9877 | cls 1.9574 | tal 0.0512 | dual_g 0.0149 | dual_d 1.1767 | train_acc 0.7880 | train_full n/a | val_acc 0.8451 | val_f1 0.8414 | adv/moduleC 0.79/1.00 | disc_steps 3 | grad(main/disc) 8.455/1.745 | lr(main/disc) 6.00e-05/3.00e-05 | cuda_peak(alloc/resv) 21.78/29.15GB | phase(train/val/raw/train_eval) 3.6/0.6/0.0/0.0s | 4.2s
Epoch 027/060 | loss 1.9339 | cls 1.9117 | tal 0.0206 | dual_g 0.0160 | dual_d 1.1930 | train_acc 0.8080 | train_full n/a | val_acc 0.8451 | val_f1 0.8316 | adv/moduleC 0.83/1.00 | disc_steps 3 | grad(main/disc) 8.140/1.714 | lr(main/disc) 6.00e-05/3.00e-05 | cuda_peak(alloc/resv) 21.78/29.15GB | phase(train/val/raw/train_eval) 3.4/0.6/0.0/0.0s | 4.0s
Epoch 028/060 | loss 1.9587 | cls 1.9326 | tal 0.0314 | dual_g 0.0167 | dual_d 1.2123 | train_acc 0.7989 | train_full n/a | val_acc 0.7945 | val_f1 0.8127 | adv/moduleC 0.88/1.00 | disc_steps 3 | grad(main/disc) 9.823/1.716 | lr(main/disc) 6.00e-05/3.00e-05 | cuda_peak(alloc/resv) 21.78/29.15GB | phase(train/val/raw/train_eval) 3.5/0.6/0.0/0.0s | 4.1s
Epoch 029/060 | loss 1.9119 | cls 1.8911 | tal 0.0146 | dual_g 0.0165 | dual_d 1.1903 | train_acc 0.7953 | train_full n/a | val_acc 0.8451 | val_f1 0.8326 | adv/moduleC 0.92/1.00 | disc_steps 3 | grad(main/disc) 9.377/1.667 | lr(main/disc) 6.00e-05/3.00e-05 | cuda_peak(alloc/resv) 21.78/29.15GB | phase(train/val/raw/train_eval) 3.2/0.6/0.0/0.0s | 3.9s
Epoch 030/060 | loss 1.8752 | cls 1.8636 | tal -0.0194 | dual_g 0.0174 | dual_d 1.2358 | train_acc 0.8297 | train_full 0.9369 | val_acc 0.8812 | val_f1 0.8873 | adv/moduleC 0.96/1.00 | disc_steps 3 | grad(main/disc) 8.445/1.762 | lr(main/disc) 6.00e-05/3.00e-05 | cuda_peak(alloc/resv) 21.78/29.15GB | phase(train/val/raw/train_eval) 3.2/0.6/0.6/0.9s | 5.4s
Epoch 031/060 | loss 1.8471 | cls 1.8256 | tal 0.0091 | dual_g 0.0187 | dual_d 1.2438 | train_acc 0.8478 | train_full n/a | val_acc 0.8812 | val_f1 0.8700 | adv/moduleC 1.00/1.00 | disc_steps 3 | grad(main/disc) 7.366/1.726 | lr(main/disc) 6.00e-05/3.00e-05 | cuda_peak(alloc/resv) 21.78/29.15GB | phase(train/val/raw/train_eval) 3.4/0.6/0.0/0.0s | 4.0s
Epoch 032/060 | loss 1.8473 | cls 1.8370 | tal -0.0264 | dual_g 0.0182 | dual_d 1.2389 | train_acc 0.8460 | train_full n/a | val_acc 0.8884 | val_f1 0.8830 | adv/moduleC 1.00/1.00 | disc_steps 3 | grad(main/disc) 8.084/1.743 | lr(main/disc) 6.00e-05/3.00e-05 | cuda_peak(alloc/resv) 21.78/29.15GB | phase(train/val/raw/train_eval) 3.2/0.6/0.0/0.0s | 3.8s
Epoch 033/060 | loss 1.7811 | cls 1.7728 | tal -0.0342 | dual_g 0.0185 | dual_d 1.2982 | train_acc 0.8569 | train_full n/a | val_acc 0.8379 | val_f1 0.8207 | adv/moduleC 1.00/1.00 | disc_steps 3 | grad(main/disc) 8.330/1.784 | lr(main/disc) 6.00e-05/3.00e-05 | cuda_peak(alloc/resv) 21.78/29.15GB | phase(train/val/raw/train_eval) 3.1/0.6/0.0/0.0s | 3.7s
Epoch 034/060 | loss 1.7748 | cls 1.7718 | tal -0.0492 | dual_g 0.0178 | dual_d 1.2612 | train_acc 0.8714 | train_full n/a | val_acc 0.8595 | val_f1 0.8537 | adv/moduleC 1.00/1.00 | disc_steps 3 | grad(main/disc) 7.447/1.753 | lr(main/disc) 6.00e-05/3.00e-05 | cuda_peak(alloc/resv) 21.78/29.15GB | phase(train/val/raw/train_eval) 3.3/0.6/0.0/0.0s | 3.9s
Epoch 035/060 | loss 1.7509 | cls 1.7472 | tal -0.0449 | dual_g 0.0172 | dual_d 1.2862 | train_acc 0.8714 | train_full 0.9467 | val_acc 0.8812 | val_f1 0.8799 | adv/moduleC 1.00/1.00 | disc_steps 3 | grad(main/disc) 6.907/1.765 | lr(main/disc) 6.00e-05/3.00e-05 | cuda_peak(alloc/resv) 21.78/29.15GB | phase(train/val/raw/train_eval) 3.1/0.6/0.6/0.9s | 5.2s
Epoch 036/060 | loss 1.7191 | cls 1.7111 | tal -0.0323 | dual_g 0.0177 | dual_d 1.2635 | train_acc 0.8804 | train_full n/a | val_acc 0.9029 | val_f1 0.8972 | adv/moduleC 1.00/1.00 | disc_steps 3 | grad(main/disc) 6.781/1.743 | lr(main/disc) 6.00e-05/3.00e-05 | cuda_peak(alloc/resv) 21.78/29.15GB | phase(train/val/raw/train_eval) 3.3/0.6/0.0/0.0s | 3.9s
Epoch 037/060 | loss 1.6931 | cls 1.7003 | tal -0.0852 | dual_g 0.0183 | dual_d 1.2733 | train_acc 0.9022 | train_full n/a | val_acc 0.9173 | val_f1 0.9088 | adv/moduleC 1.00/1.00 | disc_steps 3 | grad(main/disc) 7.010/1.723 | lr(main/disc) 6.00e-05/3.00e-05 | cuda_peak(alloc/resv) 21.78/29.15GB | phase(train/val/raw/train_eval) 3.2/0.6/0.0/0.0s | 3.9s
Epoch 038/060 | loss 1.6841 | cls 1.6982 | tal -0.1041 | dual_g 0.0170 | dual_d 1.2528 | train_acc 0.8841 | train_full n/a | val_acc 0.8306 | val_f1 0.8508 | adv/moduleC 1.00/1.00 | disc_steps 3 | grad(main/disc) 7.368/1.719 | lr(main/disc) 6.00e-05/3.00e-05 | cuda_peak(alloc/resv) 21.78/29.15GB | phase(train/val/raw/train_eval) 3.1/0.6/0.0/0.0s | 3.7s
Epoch 039/060 | loss 1.6763 | cls 1.6790 | tal -0.0673 | dual_g 0.0175 | dual_d 1.2673 | train_acc 0.9185 | train_full n/a | val_acc 0.8740 | val_f1 0.8579 | adv/moduleC 1.00/1.00 | disc_steps 3 | grad(main/disc) 7.765/1.700 | lr(main/disc) 6.00e-05/3.00e-05 | cuda_peak(alloc/resv) 21.78/29.15GB | phase(train/val/raw/train_eval) 3.2/0.6/0.0/0.0s | 3.8s
Epoch 040/060 | loss 1.6935 | cls 1.6825 | tal -0.0205 | dual_g 0.0171 | dual_d 1.2267 | train_acc 0.9094 | train_full 0.9842 | val_acc 0.9029 | val_f1 0.8986 | adv/moduleC 1.00/1.00 | disc_steps 3 | grad(main/disc) 6.703/1.718 | lr(main/disc) 6.00e-05/3.00e-05 | cuda_peak(alloc/resv) 21.78/29.15GB | phase(train/val/raw/train_eval) 3.3/0.6/0.6/0.9s | 5.5s
Epoch 041/060 | loss 1.6657 | cls 1.6462 | tal 0.0084 | dual_g 0.0170 | dual_d 1.2567 | train_acc 0.9420 | train_full n/a | val_acc 0.9101 | val_f1 0.9037 | adv/moduleC 1.00/1.00 | disc_steps 3 | grad(main/disc) 5.831/1.721 | lr(main/disc) 6.00e-05/3.00e-05 | cuda_peak(alloc/resv) 21.78/29.15GB | phase(train/val/raw/train_eval) 3.2/0.6/0.0/0.0s | 3.9s
Epoch 042/060 | loss 1.6820 | cls 1.6480 | tal 0.0531 | dual_g 0.0180 | dual_d 1.2360 | train_acc 0.9275 | train_full n/a | val_acc 0.9318 | val_f1 0.9238 | adv/moduleC 1.00/1.00 | disc_steps 3 | grad(main/disc) 6.554/1.676 | lr(main/disc) 6.00e-05/3.00e-05 | cuda_peak(alloc/resv) 21.78/29.15GB | phase(train/val/raw/train_eval) 3.3/0.6/0.0/0.0s | 3.9s
Epoch 043/060 | loss 1.6944 | cls 1.6492 | tal 0.0964 | dual_g 0.0163 | dual_d 1.2314 | train_acc 0.9366 | train_full n/a | val_acc 0.9246 | val_f1 0.9178 | adv/moduleC 1.00/1.00 | disc_steps 3 | grad(main/disc) 6.323/1.664 | lr(main/disc) 6.00e-05/3.00e-05 | cuda_peak(alloc/resv) 21.78/29.15GB | phase(train/val/raw/train_eval) 3.2/0.6/0.0/0.0s | 3.8s
Epoch 044/060 | loss 1.6428 | cls 1.6119 | tal 0.0441 | dual_g 0.0176 | dual_d 1.2397 | train_acc 0.9275 | train_full n/a | val_acc 0.9173 | val_f1 0.9200 | adv/moduleC 1.00/1.00 | disc_steps 3 | grad(main/disc) 5.682/1.656 | lr(main/disc) 6.00e-05/3.00e-05 | cuda_peak(alloc/resv) 21.78/29.15GB | phase(train/val/raw/train_eval) 3.4/0.6/0.0/0.0s | 4.0s
Epoch 045/060 | loss 1.6515 | cls 1.6090 | tal 0.0838 | dual_g 0.0173 | dual_d 1.2403 | train_acc 0.9438 | train_full 0.9684 | val_acc 0.8957 | val_f1 0.8954 | adv/moduleC 1.00/1.00 | disc_steps 3 | grad(main/disc) 5.680/1.633 | lr(main/disc) 6.00e-05/3.00e-05 | cuda_peak(alloc/resv) 21.78/29.15GB | phase(train/val/raw/train_eval) 3.1/0.6/0.6/0.9s | 5.3s
New best val_f1_macro_present: raw=0.8954 stable_score=0.8954 at epoch 45
Epoch 046/060 | loss 1.6548 | cls 1.6190 | tal 0.0575 | dual_g 0.0186 | dual_d 1.2170 | train_acc 0.9293 | train_full n/a | val_acc 0.9101 | val_f1 0.9150 | adv/moduleC 1.00/1.00 | disc_steps 3 | grad(main/disc) 7.184/1.631 | lr(main/disc) 6.00e-05/3.00e-05 | cuda_peak(alloc/resv) 21.78/29.15GB | phase(train/val/raw/train_eval) 3.3/0.6/0.0/0.0s | 3.9s
Epoch 047/060 | loss 1.6259 | cls 1.5910 | tal 0.0555 | dual_g 0.0182 | dual_d 1.2305 | train_acc 0.9565 | train_full n/a | val_acc 0.9246 | val_f1 0.9257 | adv/moduleC 1.00/1.00 | disc_steps 3 | grad(main/disc) 6.148/1.615 | lr(main/disc) 6.00e-05/3.00e-05 | cuda_peak(alloc/resv) 21.78/29.15GB | phase(train/val/raw/train_eval) 3.3/0.6/0.0/0.0s | 4.0s
Epoch 048/060 | loss 1.6558 | cls 1.6033 | tal 0.1108 | dual_g 0.0193 | dual_d 1.1876 | train_acc 0.9384 | train_full n/a | val_acc 0.9246 | val_f1 0.9201 | adv/moduleC 1.00/1.00 | disc_steps 3 | grad(main/disc) 6.017/1.628 | lr(main/disc) 6.00e-05/3.00e-05 | cuda_peak(alloc/resv) 21.78/29.15GB | phase(train/val/raw/train_eval) 3.1/0.6/0.0/0.0s | 3.7s
Epoch 049/060 | loss 1.6241 | cls 1.5878 | tal 0.0601 | dual_g 0.0182 | dual_d 1.1924 | train_acc 0.9312 | train_full n/a | val_acc 0.9318 | val_f1 0.9374 | adv/moduleC 1.00/1.00 | disc_steps 3 | grad(main/disc) 5.287/1.627 | lr(main/disc) 6.00e-05/3.00e-05 | cuda_peak(alloc/resv) 21.78/29.15GB | phase(train/val/raw/train_eval) 3.3/0.6/0.6/0.0s | 4.6s
New best val_f1_macro_present: raw=0.9374 stable_score=0.9150 at epoch 49
Epoch 050/060 | loss 1.5958 | cls 1.5637 | tal 0.0424 | dual_g 0.0193 | dual_d 1.1863 | train_acc 0.9565 | train_full 0.9862 | val_acc 0.9318 | val_f1 0.9374 | adv/moduleC 1.00/1.00 | disc_steps 3 | grad(main/disc) 5.224/1.589 | lr(main/disc) 6.00e-05/3.00e-05 | cuda_peak(alloc/resv) 21.78/29.15GB | phase(train/val/raw/train_eval) 3.5/0.7/0.6/1.0s | 5.8s
New best val_f1_macro_present: raw=0.9374 stable_score=0.9201 at epoch 50
Epoch 051/060 | loss 1.5955 | cls 1.5660 | tal 0.0396 | dual_g 0.0176 | dual_d 1.2185 | train_acc 0.9565 | train_full n/a | val_acc 0.9173 | val_f1 0.9128 | adv/moduleC 1.00/1.00 | disc_steps 3 | grad(main/disc) 4.796/1.615 | lr(main/disc) 6.00e-05/3.00e-05 | cuda_peak(alloc/resv) 21.78/29.15GB | phase(train/val/raw/train_eval) 3.2/0.6/0.0/0.0s | 3.8s
Epoch 052/060 | loss 1.5982 | cls 1.5661 | tal 0.0447 | dual_g 0.0187 | dual_d 1.1996 | train_acc 0.9565 | train_full n/a | val_acc 0.9318 | val_f1 0.9374 | adv/moduleC 1.00/1.00 | disc_steps 3 | grad(main/disc) 5.215/1.541 | lr(main/disc) 6.00e-05/3.00e-05 | cuda_peak(alloc/resv) 21.78/29.15GB | phase(train/val/raw/train_eval) 2.9/0.6/0.0/0.0s | 3.6s
Epoch 053/060 | loss 1.5860 | cls 1.5572 | tal 0.0337 | dual_g 0.0187 | dual_d 1.1968 | train_acc 0.9529 | train_full n/a | val_acc 0.9318 | val_f1 0.9299 | adv/moduleC 1.00/1.00 | disc_steps 3 | grad(main/disc) 4.856/1.562 | lr(main/disc) 6.00e-05/3.00e-05 | cuda_peak(alloc/resv) 21.78/29.15GB | phase(train/val/raw/train_eval) 3.3/0.6/0.0/0.0s | 3.9s
Epoch 054/060 | loss 1.5551 | cls 1.5490 | tal -0.0422 | dual_g 0.0187 | dual_d 1.1850 | train_acc 0.9620 | train_full n/a | val_acc 0.9246 | val_f1 0.9260 | adv/moduleC 1.00/1.00 | disc_steps 3 | grad(main/disc) 4.561/1.542 | lr(main/disc) 6.00e-05/3.00e-05 | cuda_peak(alloc/resv) 21.78/29.15GB | phase(train/val/raw/train_eval) 3.1/0.6/0.0/0.0s | 3.8s
Epoch 055/060 | loss 1.5448 | cls 1.5420 | tal -0.0489 | dual_g 0.0175 | dual_d 1.2153 | train_acc 0.9692 | train_full 0.9882 | val_acc 0.9318 | val_f1 0.9292 | adv/moduleC 1.00/1.00 | disc_steps 3 | grad(main/disc) 4.611/1.582 | lr(main/disc) 6.00e-05/3.00e-05 | cuda_peak(alloc/resv) 21.78/29.15GB | phase(train/val/raw/train_eval) 3.0/0.6/0.6/0.9s | 5.1s
New best val_f1_macro_present: raw=0.9292 stable_score=0.9260 at epoch 55
Epoch 056/060 | loss 1.5493 | cls 1.5329 | tal -0.0056 | dual_g 0.0181 | dual_d 1.1962 | train_acc 0.9638 | train_full n/a | val_acc 0.9318 | val_f1 0.9374 | adv/moduleC 1.00/1.00 | disc_steps 3 | grad(main/disc) 4.667/1.538 | lr(main/disc) 6.00e-05/3.00e-05 | cuda_peak(alloc/resv) 21.78/29.15GB | phase(train/val/raw/train_eval) 3.4/0.6/0.0/0.0s | 4.1s
Epoch 057/060 | loss 1.5451 | cls 1.5224 | tal 0.0142 | dual_g 0.0184 | dual_d 1.1970 | train_acc 0.9692 | train_full n/a | val_acc 0.9318 | val_f1 0.9374 | adv/moduleC 1.00/1.00 | disc_steps 3 | grad(main/disc) 3.776/1.568 | lr(main/disc) 6.00e-05/3.00e-05 | cuda_peak(alloc/resv) 21.78/29.15GB | phase(train/val/raw/train_eval) 3.1/0.7/0.0/0.0s | 3.8s
Epoch 058/060 | loss 1.5406 | cls 1.5213 | tal 0.0040 | dual_g 0.0181 | dual_d 1.1618 | train_acc 0.9710 | train_full n/a | val_acc 0.9318 | val_f1 0.9374 | adv/moduleC 1.00/1.00 | disc_steps 3 | grad(main/disc) 4.380/1.521 | lr(main/disc) 3.00e-05/1.50e-05 | cuda_peak(alloc/resv) 21.78/29.15GB | phase(train/val/raw/train_eval) 3.2/0.6/0.6/0.0s | 4.5s
New best val_f1_macro_present: raw=0.9374 stable_score=0.9292 at epoch 58
Epoch 059/060 | loss 1.5281 | cls 1.5107 | tal -0.0019 | dual_g 0.0179 | dual_d 1.2093 | train_acc 0.9710 | train_full n/a | val_acc 0.9318 | val_f1 0.9374 | adv/moduleC 1.00/1.00 | disc_steps 3 | grad(main/disc) 4.176/1.541 | lr(main/disc) 3.00e-05/1.50e-05 | cuda_peak(alloc/resv) 21.78/29.15GB | phase(train/val/raw/train_eval) 3.1/0.6/0.6/0.0s | 4.4s
New best val_f1_macro_present: raw=0.9374 stable_score=0.9374 at epoch 59
Epoch 060/060 | loss 1.5099 | cls 1.4951 | tal -0.0134 | dual_g 0.0188 | dual_d 1.2050 | train_acc 0.9819 | train_full 0.9921 | val_acc 0.9318 | val_f1 0.9374 | adv/moduleC 1.00/1.00 | disc_steps 3 | grad(main/disc) 3.516/1.548 | lr(main/disc) 3.00e-05/1.50e-05 | cuda_peak(alloc/resv) 21.78/29.15GB | phase(train/val/raw/train_eval) 3.1/0.6/0.6/0.9s | 5.2s
Training complete. Peak validation accuracy: 0.9318 | selected val_f1_macro_present: 0.9374
