2026-08-29 16:00:00 | Starting Dual_D standalone training
2026-08-29 16:00:00 | Run directory: runs/module_c_ablation_60_v7/module_c_20260829_145907/module_c_no_cycle_逆光_20260829_153936
2026-08-29 16:00:00 | Device: cuda
2026-08-29 16:00:00 | Source train samples: 992
2026-08-29 16:00:00 | Target train samples: 132
2026-08-29 16:00:00 | Target val samples: 37
2026-08-29 16:00:00 | Classes: 14
2026-08-29 16:00:00 | Data audit: same_dir=False | path_overlap(vis/ir/ais)=0/0/0 | content_overlap(vis/ir/ais)=0/0/0 | ais_index_overlap=0 | stem_mismatch(vis-ir/vis-ais)=157/0
2026-08-29 16:00:00 | source_train classes: present 14/14 | absent 0 | counts [0:120, 1:44, 2:69, 3:45, 4:40, 5:30, 6:64, 7:80, 8:116, 9:68, 10:57, 11:83, 12:48, 13:128]
2026-08-29 16:00:00 | target_train classes: present 9/14 | absent 5 | counts [0:20, 2:12, 4:12, 5:2, 9:16, 10:16, 11:29, 12:4, 13:21]
2026-08-29 16:00:00 | target_val classes: present 9/14 | absent 5 | counts [0:6, 2:3, 4:4, 5:1, 9:4, 10:4, 11:8, 12:1, 13:6]
2026-08-29 16:00:00 | Paired training classes: 9/14 | class ids [0, 2, 4, 5, 9, 10, 11, 12, 13]
2026-08-29 16:00:00 | Runtime profile: batch=92 | paired_steps=4 | workers=16 | train_eval_every=5 | raw_eval_every=5 | stability_window=3 | lr_scheduler_start=24 | early_stop=18 after min_epoch=45
2026-08-29 16:00:00 | VIS/IR pairing: class-level-unpaired | count-mismatch classes train/val: 10/1 | AIS alignment: none | AIS rows train/val: 0/0
2026-08-29 16:00:01 | Effective Dual-D loss weights: {"adv_auxiliary": 0.025, "adv_primary": 0.025, "classification": 0.15, "contrastive": 0.035, "cycle": 0.0, "identity": 0.03, "prototype_contrastive": 0.06}
2026-08-29 16:00:01 | Model parameters: total=17277714 | trainable=17120210
2026-08-29 16:00:06 | Epoch 001/060 | loss 5.7087 | cls 5.7818 | tal -0.2438 | dual_g 0.0000 | dual_d 0.0000 | train_acc 0.0652 | train_full 0.1212 | val_acc 0.2162 | val_f1 0.1115 | adv/moduleC 0.00/0.00 | disc_steps 0 | grad(main/disc) 16.765/0.000 | lr(main/disc) 6.50e-05/2.75e-05 | cuda_peak(alloc/resv) 21.77/28.18GB | phase(train/val/raw/train_eval) 3.8/0.5/0.5/0.7s | 5.5s
2026-08-29 16:00:10 | Epoch 002/060 | loss 4.8175 | cls 4.8077 | tal 0.0325 | dual_g 0.0000 | dual_d 0.0000 | train_acc 0.1984 | train_full n/a | val_acc 0.1892 | val_f1 0.1162 | adv/moduleC 0.00/0.00 | disc_steps 0 | grad(main/disc) 13.557/0.000 | lr(main/disc) 6.50e-05/2.75e-05 | cuda_peak(alloc/resv) 21.77/28.18GB | phase(train/val/raw/train_eval) 3.0/0.5/0.0/0.0s | 3.5s
2026-08-29 16:00:14 | Epoch 003/060 | loss 4.4427 | cls 4.4201 | tal 0.0753 | dual_g 0.0000 | dual_d 0.0000 | train_acc 0.2310 | train_full n/a | val_acc 0.2703 | val_f1 0.1734 | adv/moduleC 0.00/0.00 | disc_steps 0 | grad(main/disc) 12.461/0.000 | lr(main/disc) 6.50e-05/2.75e-05 | cuda_peak(alloc/resv) 21.77/28.18GB | phase(train/val/raw/train_eval) 3.3/0.5/0.5/0.0s | 4.3s
2026-08-29 16:00:17 | New best val_f1_macro_present: raw=0.1734 stable_score=0.1115 at epoch 3
2026-08-29 16:00:21 | Epoch 004/060 | loss 3.7910 | cls 3.7753 | tal 0.0522 | dual_g 0.0000 | dual_d 0.0000 | train_acc 0.4103 | train_full n/a | val_acc 0.3514 | val_f1 0.2868 | adv/moduleC 0.00/0.00 | disc_steps 0 | grad(main/disc) 10.869/0.000 | lr(main/disc) 6.50e-05/2.75e-05 | cuda_peak(alloc/resv) 21.77/28.18GB | phase(train/val/raw/train_eval) 3.1/0.5/0.5/0.0s | 4.1s
2026-08-29 16:00:24 | New best val_f1_macro_present: raw=0.2868 stable_score=0.1162 at epoch 4
2026-08-29 16:00:29 | Epoch 005/060 | loss 3.8134 | cls 3.6726 | tal 0.1320 | dual_g 0.1012 | dual_d 0.0000 | train_acc 0.4022 | train_full 0.3636 | val_acc 0.4865 | val_f1 0.5888 | adv/moduleC 0.00/0.12 | disc_steps 0 | grad(main/disc) 10.658/0.000 | lr(main/disc) 6.50e-05/2.75e-05 | cuda_peak(alloc/resv) 21.77/28.18GB | phase(train/val/raw/train_eval) 3.0/0.5/0.5/0.7s | 4.7s
2026-08-29 16:00:31 | New best val_f1_macro_present: raw=0.5888 stable_score=0.1734 at epoch 5
2026-08-29 16:00:35 | Epoch 006/060 | loss 3.5494 | cls 3.3157 | tal 0.1566 | dual_g 0.1867 | dual_d 0.0000 | train_acc 0.5000 | train_full n/a | val_acc 0.7027 | val_f1 0.7760 | adv/moduleC 0.00/0.25 | disc_steps 0 | grad(main/disc) 10.040/0.000 | lr(main/disc) 6.50e-05/2.75e-05 | cuda_peak(alloc/resv) 21.77/28.18GB | phase(train/val/raw/train_eval) 3.1/0.5/0.5/0.0s | 4.1s
2026-08-29 16:00:38 | New best val_f1_macro_present: raw=0.7760 stable_score=0.2868 at epoch 6
2026-08-29 16:00:42 | Epoch 007/060 | loss 3.3828 | cls 3.0645 | tal 0.1623 | dual_g 0.2696 | dual_d 0.7761 | train_acc 0.5679 | train_full n/a | val_acc 0.8919 | val_f1 0.8855 | adv/moduleC 0.07/0.38 | disc_steps 2 | grad(main/disc) 9.670/1.665 | lr(main/disc) 6.50e-05/2.75e-05 | cuda_peak(alloc/resv) 21.77/28.18GB | phase(train/val/raw/train_eval) 3.1/0.5/0.5/0.0s | 4.1s
2026-08-29 16:00:45 | New best val_f1_macro_present: raw=0.8855 stable_score=0.5888 at epoch 7
2026-08-29 16:00:49 | Epoch 008/060 | loss 3.2669 | cls 2.8765 | tal 0.1500 | dual_g 0.3454 | dual_d 0.8119 | train_acc 0.5951 | train_full n/a | val_acc 0.9189 | val_f1 0.9310 | adv/moduleC 0.14/0.50 | disc_steps 2 | grad(main/disc) 9.287/1.703 | lr(main/disc) 6.50e-05/2.75e-05 | cuda_peak(alloc/resv) 21.77/28.18GB | phase(train/val/raw/train_eval) 3.4/0.5/0.5/0.0s | 4.3s
2026-08-29 16:00:52 | New best val_f1_macro_present: raw=0.9310 stable_score=0.7760 at epoch 8
2026-08-29 16:00:56 | Epoch 009/060 | loss 3.1016 | cls 2.6593 | tal 0.1071 | dual_g 0.4101 | dual_d 0.7555 | train_acc 0.6902 | train_full n/a | val_acc 0.9459 | val_f1 0.9616 | adv/moduleC 0.21/0.62 | disc_steps 2 | grad(main/disc) 9.017/1.556 | lr(main/disc) 6.50e-05/2.75e-05 | cuda_peak(alloc/resv) 21.77/28.18GB | phase(train/val/raw/train_eval) 3.1/0.5/0.5/0.0s | 4.1s
2026-08-29 16:00:59 | New best val_f1_macro_present: raw=0.9616 stable_score=0.8855 at epoch 9
2026-08-29 16:01:04 | Epoch 010/060 | loss 3.0537 | cls 2.5309 | tal 0.1227 | dual_g 0.4860 | dual_d 0.7599 | train_acc 0.7120 | train_full 0.9167 | val_acc 0.9730 | val_f1 0.9776 | adv/moduleC 0.29/0.75 | disc_steps 2 | grad(main/disc) 9.089/1.573 | lr(main/disc) 6.50e-05/2.75e-05 | cuda_peak(alloc/resv) 21.77/28.18GB | phase(train/val/raw/train_eval) 3.2/0.5/0.5/0.7s | 5.0s
2026-08-29 16:01:07 | New best val_f1_macro_present: raw=0.9776 stable_score=0.9310 at epoch 10
2026-08-29 16:01:11 | Epoch 011/060 | loss 2.9539 | cls 2.3833 | tal 0.1052 | dual_g 0.5390 | dual_d 0.7750 | train_acc 0.7337 | train_full n/a | val_acc 0.9459 | val_f1 0.9616 | adv/moduleC 0.36/0.88 | disc_steps 2 | grad(main/disc) 9.495/1.544 | lr(main/disc) 6.50e-05/2.75e-05 | cuda_peak(alloc/resv) 21.77/28.18GB | phase(train/val/raw/train_eval) 3.2/0.5/0.5/0.0s | 4.2s
2026-08-29 16:01:14 | New best val_f1_macro_present: raw=0.9616 stable_score=0.9616 at epoch 11
2026-08-29 16:01:18 | Epoch 012/060 | loss 2.8694 | cls 2.2547 | tal 0.1068 | dual_g 0.5827 | dual_d 0.7754 | train_acc 0.7473 | train_full n/a | val_acc 0.9459 | val_f1 0.9458 | adv/moduleC 0.43/1.00 | disc_steps 2 | grad(main/disc) 8.893/1.608 | lr(main/disc) 6.50e-05/2.75e-05 | cuda_peak(alloc/resv) 21.77/28.18GB | phase(train/val/raw/train_eval) 3.4/0.5/0.0/0.0s | 3.9s
2026-08-29 16:01:21 | Epoch 013/060 | loss 2.6383 | cls 2.0562 | tal 0.0231 | dual_g 0.5752 | dual_d 0.7827 | train_acc 0.8098 | train_full n/a | val_acc 0.9459 | val_f1 0.9578 | adv/moduleC 0.50/1.00 | disc_steps 2 | grad(main/disc) 8.299/1.534 | lr(main/disc) 6.50e-05/2.75e-05 | cuda_peak(alloc/resv) 21.77/28.18GB | phase(train/val/raw/train_eval) 3.1/0.5/0.0/0.0s | 3.6s
2026-08-29 16:01:25 | Epoch 014/060 | loss 2.6126 | cls 2.0512 | tal 0.0067 | dual_g 0.5594 | dual_d 0.8161 | train_acc 0.8315 | train_full n/a | val_acc 0.9730 | val_f1 0.9776 | adv/moduleC 0.57/1.00 | disc_steps 2 | grad(main/disc) 8.410/1.601 | lr(main/disc) 6.50e-05/2.75e-05 | cuda_peak(alloc/resv) 21.77/28.18GB | phase(train/val/raw/train_eval) 3.5/0.5/0.0/0.0s | 4.0s
2026-08-29 16:01:30 | Epoch 015/060 | loss 2.5615 | cls 2.0005 | tal 0.0635 | dual_g 0.5419 | dual_d 0.7725 | train_acc 0.8207 | train_full 0.9773 | val_acc 0.9730 | val_f1 0.9683 | adv/moduleC 0.64/1.00 | disc_steps 2 | grad(main/disc) 9.171/1.502 | lr(main/disc) 6.50e-05/2.75e-05 | cuda_peak(alloc/resv) 21.77/28.18GB | phase(train/val/raw/train_eval) 3.3/0.5/0.5/0.7s | 5.1s
2026-08-29 16:01:35 | Epoch 016/060 | loss 2.4998 | cls 1.9676 | tal 0.0160 | dual_g 0.5274 | dual_d 0.8171 | train_acc 0.8587 | train_full n/a | val_acc 0.9730 | val_f1 0.9802 | adv/moduleC 0.71/1.00 | disc_steps 2 | grad(main/disc) 9.042/1.540 | lr(main/disc) 6.50e-05/2.75e-05 | cuda_peak(alloc/resv) 21.77/28.18GB | phase(train/val/raw/train_eval) 3.2/0.5/0.5/0.0s | 4.2s
2026-08-29 16:01:37 | New best val_f1_macro_present: raw=0.9802 stable_score=0.9683 at epoch 16
2026-08-29 16:01:41 | Epoch 017/060 | loss 2.3666 | cls 1.8553 | tal 0.0179 | dual_g 0.5059 | dual_d 0.8024 | train_acc 0.8777 | train_full n/a | val_acc 0.9730 | val_f1 0.9802 | adv/moduleC 0.79/1.00 | disc_steps 2 | grad(main/disc) 7.600/1.462 | lr(main/disc) 6.50e-05/2.75e-05 | cuda_peak(alloc/resv) 21.77/28.18GB | phase(train/val/raw/train_eval) 3.1/0.5/0.0/0.0s | 3.6s
2026-08-29 16:01:45 | Epoch 018/060 | loss 2.2881 | cls 1.7673 | tal 0.0373 | dual_g 0.5097 | dual_d 0.8165 | train_acc 0.8668 | train_full n/a | val_acc 0.9730 | val_f1 0.9683 | adv/moduleC 0.86/1.00 | disc_steps 2 | grad(main/disc) 8.445/1.431 | lr(main/disc) 6.50e-05/2.75e-05 | cuda_peak(alloc/resv) 21.77/28.18GB | phase(train/val/raw/train_eval) 3.0/0.5/0.0/0.0s | 3.5s
2026-08-29 16:01:48 | Epoch 019/060 | loss 2.2163 | cls 1.7202 | tal -0.0635 | dual_g 0.5151 | dual_d 0.8121 | train_acc 0.9212 | train_full n/a | val_acc 1.0000 | val_f1 1.0000 | adv/moduleC 0.93/1.00 | disc_steps 2 | grad(main/disc) 8.542/1.447 | lr(main/disc) 6.50e-05/2.75e-05 | cuda_peak(alloc/resv) 21.77/28.18GB | phase(train/val/raw/train_eval) 3.2/0.5/0.0/0.0s | 3.7s
2026-08-29 16:01:54 | Epoch 020/060 | loss 2.1654 | cls 1.7140 | tal -0.1312 | dual_g 0.4908 | dual_d 0.7728 | train_acc 0.8967 | train_full 0.9848 | val_acc 0.9459 | val_f1 0.9523 | adv/moduleC 1.00/1.00 | disc_steps 2 | grad(main/disc) 8.161/1.323 | lr(main/disc) 6.50e-05/2.75e-05 | cuda_peak(alloc/resv) 21.77/28.18GB | phase(train/val/raw/train_eval) 3.6/0.5/0.5/0.7s | 5.3s
2026-08-29 16:01:57 | Epoch 021/060 | loss 2.0704 | cls 1.6129 | tal -0.0757 | dual_g 0.4802 | dual_d 0.8399 | train_acc 0.8967 | train_full n/a | val_acc 0.9730 | val_f1 0.9802 | adv/moduleC 1.00/1.00 | disc_steps 2 | grad(main/disc) 7.593/1.426 | lr(main/disc) 6.50e-05/2.75e-05 | cuda_peak(alloc/resv) 21.77/28.18GB | phase(train/val/raw/train_eval) 3.3/0.5/0.0/0.0s | 3.8s
2026-08-29 16:02:01 | Epoch 022/060 | loss 2.0192 | cls 1.5772 | tal -0.0990 | dual_g 0.4717 | dual_d 0.8402 | train_acc 0.9375 | train_full n/a | val_acc 0.9730 | val_f1 0.9802 | adv/moduleC 1.00/1.00 | disc_steps 2 | grad(main/disc) 7.368/1.366 | lr(main/disc) 6.50e-05/2.75e-05 | cuda_peak(alloc/resv) 21.77/28.18GB | phase(train/val/raw/train_eval) 3.3/0.5/0.0/0.0s | 3.8s
2026-08-29 16:02:06 | Epoch 023/060 | loss 2.0440 | cls 1.5879 | tal -0.0179 | dual_g 0.4615 | dual_d 0.8033 | train_acc 0.8995 | train_full n/a | val_acc 0.9730 | val_f1 0.9802 | adv/moduleC 1.00/1.00 | disc_steps 2 | grad(main/disc) 7.868/1.360 | lr(main/disc) 6.50e-05/2.75e-05 | cuda_peak(alloc/resv) 21.77/28.18GB | phase(train/val/raw/train_eval) 3.5/0.5/0.5/0.0s | 4.5s
2026-08-29 16:02:08 | New best val_f1_macro_present: raw=0.9802 stable_score=0.9802 at epoch 23
2026-08-29 16:02:12 | Epoch 024/060 | loss 1.9601 | cls 1.5224 | tal -0.0402 | dual_g 0.4498 | dual_d 0.8421 | train_acc 0.9158 | train_full n/a | val_acc 0.9730 | val_f1 0.9802 | adv/moduleC 1.00/1.00 | disc_steps 2 | grad(main/disc) 7.846/1.353 | lr(main/disc) 6.50e-05/2.75e-05 | cuda_peak(alloc/resv) 21.77/28.18GB | phase(train/val/raw/train_eval) 3.1/0.5/0.0/0.0s | 3.6s
2026-08-29 16:02:17 | Epoch 025/060 | loss 1.9132 | cls 1.4984 | tal -0.0780 | dual_g 0.4382 | dual_d 0.8805 | train_acc 0.9484 | train_full 1.0000 | val_acc 0.9730 | val_f1 0.9802 | adv/moduleC 1.00/1.00 | disc_steps 2 | grad(main/disc) 6.967/1.373 | lr(main/disc) 6.50e-05/2.75e-05 | cuda_peak(alloc/resv) 21.77/28.18GB | phase(train/val/raw/train_eval) 3.3/0.5/0.5/0.8s | 5.1s
2026-08-29 16:02:21 | Epoch 026/060 | loss 1.9416 | cls 1.5196 | tal -0.0294 | dual_g 0.4308 | dual_d 0.8730 | train_acc 0.9457 | train_full n/a | val_acc 0.9730 | val_f1 0.9802 | adv/moduleC 1.00/1.00 | disc_steps 2 | grad(main/disc) 7.457/1.350 | lr(main/disc) 6.50e-05/2.75e-05 | cuda_peak(alloc/resv) 21.77/28.18GB | phase(train/val/raw/train_eval) 3.4/0.5/0.0/0.0s | 3.8s
2026-08-29 16:02:24 | Epoch 027/060 | loss 1.8799 | cls 1.4617 | tal -0.0125 | dual_g 0.4219 | dual_d 0.8927 | train_acc 0.9701 | train_full n/a | val_acc 0.9730 | val_f1 0.9802 | adv/moduleC 1.00/1.00 | disc_steps 2 | grad(main/disc) 8.270/1.411 | lr(main/disc) 6.50e-05/2.75e-05 | cuda_peak(alloc/resv) 21.77/28.18GB | phase(train/val/raw/train_eval) 3.0/0.5/0.0/0.0s | 3.5s
2026-08-29 16:02:28 | Epoch 028/060 | loss 1.8265 | cls 1.4275 | tal -0.0154 | dual_g 0.4037 | dual_d 0.8809 | train_acc 0.9484 | train_full n/a | val_acc 0.9730 | val_f1 0.9802 | adv/moduleC 1.00/1.00 | disc_steps 2 | grad(main/disc) 7.005/1.384 | lr(main/disc) 6.50e-05/2.75e-05 | cuda_peak(alloc/resv) 21.77/28.18GB | phase(train/val/raw/train_eval) 3.3/0.5/0.0/0.0s | 3.8s
2026-08-29 16:02:32 | Epoch 029/060 | loss 1.7896 | cls 1.3955 | tal -0.0522 | dual_g 0.4098 | dual_d 0.8784 | train_acc 0.9647 | train_full n/a | val_acc 0.9730 | val_f1 0.9802 | adv/moduleC 1.00/1.00 | disc_steps 2 | grad(main/disc) 6.738/1.379 | lr(main/disc) 6.50e-05/2.75e-05 | cuda_peak(alloc/resv) 21.77/28.18GB | phase(train/val/raw/train_eval) 3.2/0.5/0.0/0.0s | 3.7s
2026-08-29 16:02:37 | Epoch 030/060 | loss 1.7602 | cls 1.3732 | tal -0.0408 | dual_g 0.3992 | dual_d 0.9271 | train_acc 0.9755 | train_full 1.0000 | val_acc 0.9730 | val_f1 0.9802 | adv/moduleC 1.00/1.00 | disc_steps 2 | grad(main/disc) 6.683/1.382 | lr(main/disc) 6.50e-05/2.75e-05 | cuda_peak(alloc/resv) 21.77/28.18GB | phase(train/val/raw/train_eval) 3.3/0.5/0.5/0.7s | 5.0s
2026-08-29 16:02:41 | Epoch 031/060 | loss 1.7125 | cls 1.3387 | tal -0.0593 | dual_g 0.3916 | dual_d 0.8810 | train_acc 0.9946 | train_full n/a | val_acc 0.9730 | val_f1 0.9802 | adv/moduleC 1.00/1.00 | disc_steps 2 | grad(main/disc) 5.270/1.339 | lr(main/disc) 6.50e-05/2.75e-05 | cuda_peak(alloc/resv) 21.77/28.18GB | phase(train/val/raw/train_eval) 3.6/0.5/0.0/0.0s | 4.1s
2026-08-29 16:02:45 | Epoch 032/060 | loss 1.6939 | cls 1.3380 | tal -0.1157 | dual_g 0.3906 | dual_d 0.9044 | train_acc 0.9837 | train_full n/a | val_acc 0.9730 | val_f1 0.9802 | adv/moduleC 1.00/1.00 | disc_steps 2 | grad(main/disc) 5.926/1.318 | lr(main/disc) 6.50e-05/2.75e-05 | cuda_peak(alloc/resv) 21.77/28.18GB | phase(train/val/raw/train_eval) 3.2/0.5/0.0/0.0s | 3.7s
2026-08-29 16:02:49 | Epoch 033/060 | loss 1.6718 | cls 1.3156 | tal -0.0777 | dual_g 0.3794 | dual_d 0.9607 | train_acc 0.9810 | train_full n/a | val_acc 0.9730 | val_f1 0.9802 | adv/moduleC 1.00/1.00 | disc_steps 2 | grad(main/disc) 4.786/1.407 | lr(main/disc) 6.50e-05/2.75e-05 | cuda_peak(alloc/resv) 21.77/28.18GB | phase(train/val/raw/train_eval) 3.6/0.5/0.0/0.0s | 4.1s
2026-08-29 16:02:53 | Epoch 034/060 | loss 1.7097 | cls 1.3539 | tal -0.0879 | dual_g 0.3822 | dual_d 0.9664 | train_acc 0.9783 | train_full n/a | val_acc 0.9730 | val_f1 0.9802 | adv/moduleC 1.00/1.00 | disc_steps 2 | grad(main/disc) 5.965/1.417 | lr(main/disc) 6.50e-05/2.75e-05 | cuda_peak(alloc/resv) 21.77/28.18GB | phase(train/val/raw/train_eval) 3.6/0.5/0.0/0.0s | 4.1s
2026-08-29 16:02:58 | Epoch 035/060 | loss 1.6913 | cls 1.3482 | tal -0.1013 | dual_g 0.3735 | dual_d 1.0208 | train_acc 0.9755 | train_full 1.0000 | val_acc 0.9730 | val_f1 0.9802 | adv/moduleC 1.00/1.00 | disc_steps 2 | grad(main/disc) 6.246/1.411 | lr(main/disc) 3.25e-05/1.38e-05 | cuda_peak(alloc/resv) 21.77/28.18GB | phase(train/val/raw/train_eval) 3.4/0.5/0.5/0.8s | 5.1s
2026-08-29 16:03:02 | Epoch 036/060 | loss 1.6978 | cls 1.3328 | tal -0.0147 | dual_g 0.3694 | dual_d 1.0166 | train_acc 0.9701 | train_full n/a | val_acc 0.9730 | val_f1 0.9802 | adv/moduleC 1.00/1.00 | disc_steps 2 | grad(main/disc) 5.436/1.397 | lr(main/disc) 3.25e-05/1.38e-05 | cuda_peak(alloc/resv) 21.77/28.18GB | phase(train/val/raw/train_eval) 3.8/0.5/0.0/0.0s | 4.3s
2026-08-29 16:03:06 | Epoch 037/060 | loss 1.6581 | cls 1.2997 | tal -0.0161 | dual_g 0.3632 | dual_d 0.9814 | train_acc 0.9837 | train_full n/a | val_acc 0.9730 | val_f1 0.9802 | adv/moduleC 1.00/1.00 | disc_steps 2 | grad(main/disc) 4.420/1.367 | lr(main/disc) 3.25e-05/1.38e-05 | cuda_peak(alloc/resv) 21.77/28.18GB | phase(train/val/raw/train_eval) 3.2/0.5/0.0/0.0s | 3.7s
2026-08-29 16:03:09 | Epoch 038/060 | loss 1.6468 | cls 1.2860 | tal 0.0014 | dual_g 0.3604 | dual_d 0.9609 | train_acc 0.9918 | train_full n/a | val_acc 0.9730 | val_f1 0.9802 | adv/moduleC 1.00/1.00 | disc_steps 2 | grad(main/disc) 4.057/1.349 | lr(main/disc) 3.25e-05/1.38e-05 | cuda_peak(alloc/resv) 21.77/28.18GB | phase(train/val/raw/train_eval) 3.1/0.5/0.0/0.0s | 3.6s
2026-08-29 16:03:13 | Epoch 039/060 | loss 1.6615 | cls 1.3160 | tal -0.0670 | dual_g 0.3656 | dual_d 1.0036 | train_acc 0.9701 | train_full n/a | val_acc 0.9730 | val_f1 0.9802 | adv/moduleC 1.00/1.00 | disc_steps 2 | grad(main/disc) 5.565/1.378 | lr(main/disc) 3.25e-05/1.38e-05 | cuda_peak(alloc/resv) 21.77/28.18GB | phase(train/val/raw/train_eval) 3.3/0.5/0.0/0.0s | 3.8s
2026-08-29 16:03:18 | Epoch 040/060 | loss 1.6549 | cls 1.3193 | tal -0.0741 | dual_g 0.3578 | dual_d 1.0167 | train_acc 0.9946 | train_full 1.0000 | val_acc 0.9730 | val_f1 0.9802 | adv/moduleC 1.00/1.00 | disc_steps 2 | grad(main/disc) 5.214/1.384 | lr(main/disc) 3.25e-05/1.38e-05 | cuda_peak(alloc/resv) 21.77/28.18GB | phase(train/val/raw/train_eval) 3.2/0.5/0.5/0.7s | 4.9s
2026-08-29 16:03:22 | Epoch 041/060 | loss 1.6277 | cls 1.3053 | tal -0.1249 | dual_g 0.3599 | dual_d 1.0369 | train_acc 0.9837 | train_full n/a | val_acc 0.9730 | val_f1 0.9802 | adv/moduleC 1.00/1.00 | disc_steps 2 | grad(main/disc) 5.793/1.400 | lr(main/disc) 3.25e-05/1.38e-05 | cuda_peak(alloc/resv) 21.77/28.18GB | phase(train/val/raw/train_eval) 3.5/0.5/0.0/0.0s | 4.0s
2026-08-29 16:03:26 | Epoch 042/060 | loss 1.5763 | cls 1.2787 | tal -0.1780 | dual_g 0.3510 | dual_d 1.0640 | train_acc 0.9918 | train_full n/a | val_acc 0.9730 | val_f1 0.9802 | adv/moduleC 1.00/1.00 | disc_steps 2 | grad(main/disc) 4.464/1.432 | lr(main/disc) 3.25e-05/1.38e-05 | cuda_peak(alloc/resv) 21.77/28.18GB | phase(train/val/raw/train_eval) 3.2/0.5/0.0/0.0s | 3.7s
2026-08-29 16:03:30 | Epoch 043/060 | loss 1.5838 | cls 1.3016 | tal -0.2347 | dual_g 0.3526 | dual_d 1.0113 | train_acc 0.9864 | train_full n/a | val_acc 0.9730 | val_f1 0.9802 | adv/moduleC 1.00/1.00 | disc_steps 2 | grad(main/disc) 4.983/1.406 | lr(main/disc) 3.25e-05/1.38e-05 | cuda_peak(alloc/resv) 21.77/28.18GB | phase(train/val/raw/train_eval) 3.3/0.5/0.0/0.0s | 3.8s
2026-08-29 16:03:34 | Epoch 044/060 | loss 1.5830 | cls 1.2633 | tal -0.0990 | dual_g 0.3494 | dual_d 1.0107 | train_acc 0.9891 | train_full n/a | val_acc 0.9730 | val_f1 0.9802 | adv/moduleC 1.00/1.00 | disc_steps 2 | grad(main/disc) 4.287/1.362 | lr(main/disc) 3.25e-05/1.38e-05 | cuda_peak(alloc/resv) 21.77/28.18GB | phase(train/val/raw/train_eval) 3.5/0.5/0.0/0.0s | 4.0s
2026-08-29 16:03:39 | Epoch 045/060 | loss 1.5862 | cls 1.2743 | tal -0.1257 | dual_g 0.3495 | dual_d 1.0186 | train_acc 0.9864 | train_full 1.0000 | val_acc 1.0000 | val_f1 1.0000 | adv/moduleC 1.00/1.00 | disc_steps 2 | grad(main/disc) 4.382/1.324 | lr(main/disc) 3.25e-05/1.38e-05 | cuda_peak(alloc/resv) 21.77/28.18GB | phase(train/val/raw/train_eval) 3.5/0.5/0.5/0.7s | 5.2s
2026-08-29 16:03:39 | Early stopping at epoch 45 after 22 epochs without val_f1_macro_present improvement.
2026-08-29 16:03:39 | Training complete. Peak validation accuracy: 1.0000 | selected val_f1_macro_present: 0.9802
