2026-08-18 17:15:05 | Starting Dual_D standalone training
2026-08-18 17:15:05 | Run directory: runs/dual_d_黑天_iter02_20260818_161547
2026-08-18 17:15:05 | Device: cuda
2026-08-18 17:15:05 | Source train samples: 992
2026-08-18 17:15:05 | Target train samples: 465
2026-08-18 17:15:05 | Target val samples: 120
2026-08-18 17:15:05 | Classes: 14
2026-08-18 17:15:05 | Data audit: same_dir=False | path_overlap(vis/ir/ais)=0/0/0 | content_overlap(vis/ir/ais)=0/0/0 | ais_index_overlap=0 | stem_mismatch(vis-ir/vis-ais)=578/0
2026-08-18 17:15:05 | source_train classes: present 14/14 | absent 0 | counts [0:120, 1:44, 2:69, 3:45, 4:40, 5:30, 6:64, 7:80, 8:116, 9:68, 10:57, 11:83, 12:48, 13:128]
2026-08-18 17:15:05 | target_train classes: present 8/14 | absent 6 | counts [0:100, 2:11, 3:16, 6:89, 9:162, 10:12, 11:44, 13:31]
2026-08-18 17:15:05 | target_val classes: present 8/14 | absent 6 | counts [0:26, 2:3, 3:5, 6:23, 9:41, 10:3, 11:11, 13:8]
2026-08-18 17:15:05 | Paired training classes: 8/14 | class ids [0, 2, 3, 6, 9, 10, 11, 13]
2026-08-18 17:15:05 | VIS/IR pairing: class-level-unpaired | count-mismatch classes train/val: 10/0 | AIS alignment: none | AIS rows train/val: 0/0
2026-08-18 17:15:05 | Model parameters: total=17517458 | trainable=17359954
2026-08-18 17:16:18 | Epoch 001/100 | loss 11.0256 | cls 5.0722 | tal 0.1300 | dual_g 5.9144 | dual_d 0.0000 | train_acc 0.2545 | train_full 0.0946 | val_acc 0.1083 | val_f1 0.0789 | grad(main/disc) 33.597/0.000 | lr(main/disc) 1.00e-04/5.00e-05 | 73.2s
2026-08-18 17:16:19 | New best val_acc: 0.1083 at epoch 1
2026-08-18 17:17:34 | Epoch 002/100 | loss 7.8275 | cls 3.5350 | tal 0.1442 | dual_g 4.2492 | dual_d 0.0000 | train_acc 0.5156 | train_full 0.1333 | val_acc 0.2083 | val_f1 0.2106 | grad(main/disc) 24.995/0.000 | lr(main/disc) 1.00e-04/5.00e-05 | 75.2s
2026-08-18 17:17:34 | New best val_acc: 0.2083 at epoch 2
2026-08-18 17:18:50 | Epoch 003/100 | loss 6.1496 | cls 2.6868 | tal 0.0362 | dual_g 3.4519 | dual_d 0.0000 | train_acc 0.6964 | train_full 0.6043 | val_acc 0.6667 | val_f1 0.6518 | grad(main/disc) 22.604/0.000 | lr(main/disc) 1.00e-04/5.00e-05 | 75.1s
2026-08-18 17:18:50 | New best val_acc: 0.6667 at epoch 3
2026-08-18 17:20:04 | Epoch 004/100 | loss 5.4026 | cls 2.3688 | tal -0.0403 | dual_g 3.0459 | dual_d 0.0000 | train_acc 0.7679 | train_full 0.8172 | val_acc 0.8167 | val_f1 0.7896 | grad(main/disc) 22.324/0.000 | lr(main/disc) 1.00e-04/5.00e-05 | 74.4s
2026-08-18 17:20:05 | New best val_acc: 0.8167 at epoch 4
2026-08-18 17:21:19 | Epoch 005/100 | loss 4.5423 | cls 2.0064 | tal -0.0938 | dual_g 2.5640 | dual_d 0.0000 | train_acc 0.8527 | train_full 0.7828 | val_acc 0.8250 | val_f1 0.8313 | grad(main/disc) 17.739/0.000 | lr(main/disc) 1.00e-04/5.00e-05 | 74.1s
2026-08-18 17:21:20 | New best val_acc: 0.8250 at epoch 5
2026-08-18 17:22:32 | Epoch 006/100 | loss 4.2827 | cls 1.8371 | tal 0.0101 | dual_g 2.4425 | dual_d 0.0000 | train_acc 0.8906 | train_full 0.8667 | val_acc 0.8417 | val_f1 0.8019 | grad(main/disc) 18.099/0.000 | lr(main/disc) 1.00e-04/5.00e-05 | 72.7s
2026-08-18 17:22:33 | New best val_acc: 0.8417 at epoch 6
2026-08-18 17:23:49 | Epoch 007/100 | loss 3.9510 | cls 1.6602 | tal -0.0746 | dual_g 2.3132 | dual_d 0.0000 | train_acc 0.9286 | train_full 0.8581 | val_acc 0.8250 | val_f1 0.7702 | grad(main/disc) 15.451/0.000 | lr(main/disc) 1.00e-04/5.00e-05 | 76.6s
2026-08-18 17:25:04 | Epoch 008/100 | loss 3.8139 | cls 1.6421 | tal -0.1059 | dual_g 2.2036 | dual_d 0.0000 | train_acc 0.9420 | train_full 0.8968 | val_acc 0.8750 | val_f1 0.8555 | grad(main/disc) 16.237/0.000 | lr(main/disc) 1.00e-04/5.00e-05 | 75.0s
2026-08-18 17:25:05 | New best val_acc: 0.8750 at epoch 8
2026-08-18 17:26:17 | Epoch 009/100 | loss 3.5820 | cls 1.5235 | tal -0.1007 | dual_g 2.0888 | dual_d 0.0000 | train_acc 0.9688 | train_full 0.9355 | val_acc 0.8583 | val_f1 0.8034 | grad(main/disc) 13.303/0.000 | lr(main/disc) 1.00e-04/5.00e-05 | 72.1s
2026-08-18 17:27:24 | Epoch 010/100 | loss 3.4549 | cls 1.4770 | tal -0.1477 | dual_g 2.0222 | dual_d 0.0000 | train_acc 0.9732 | train_full 0.9548 | val_acc 0.9583 | val_f1 0.9361 | grad(main/disc) 11.617/0.000 | lr(main/disc) 1.00e-04/5.00e-05 | 67.0s
2026-08-18 17:27:25 | New best val_acc: 0.9583 at epoch 10
2026-08-18 17:28:32 | Epoch 011/100 | loss 3.3761 | cls 1.4439 | tal -0.1449 | dual_g 1.9757 | dual_d 0.9333 | train_acc 0.9710 | train_full 0.9677 | val_acc 0.9500 | val_f1 0.9323 | grad(main/disc) 10.912/2.296 | lr(main/disc) 1.00e-04/5.00e-05 | 67.6s
2026-08-18 17:29:41 | Epoch 012/100 | loss 3.2782 | cls 1.3935 | tal -0.1491 | dual_g 1.9295 | dual_d 0.8990 | train_acc 0.9866 | train_full 0.9226 | val_acc 0.9250 | val_f1 0.9440 | grad(main/disc) 8.913/2.232 | lr(main/disc) 1.00e-04/5.00e-05 | 68.2s
2026-08-18 17:30:51 | Epoch 013/100 | loss 3.2954 | cls 1.4103 | tal -0.0650 | dual_g 1.9045 | dual_d 0.8832 | train_acc 0.9732 | train_full 0.9505 | val_acc 0.9167 | val_f1 0.9122 | grad(main/disc) 9.833/2.138 | lr(main/disc) 1.00e-04/5.00e-05 | 70.3s
2026-08-18 17:32:06 | Epoch 014/100 | loss 3.2303 | cls 1.3938 | tal -0.1438 | dual_g 1.8796 | dual_d 0.9039 | train_acc 0.9866 | train_full 0.9269 | val_acc 0.9167 | val_f1 0.9237 | grad(main/disc) 9.037/2.151 | lr(main/disc) 1.00e-04/5.00e-05 | 74.5s
2026-08-18 17:33:22 | Epoch 015/100 | loss 3.1659 | cls 1.3608 | tal -0.1361 | dual_g 1.8459 | dual_d 0.8459 | train_acc 0.9866 | train_full 0.9677 | val_acc 0.9417 | val_f1 0.9385 | grad(main/disc) 7.767/1.999 | lr(main/disc) 1.00e-04/5.00e-05 | 76.3s
2026-08-18 17:34:38 | Epoch 016/100 | loss 3.1543 | cls 1.3617 | tal -0.1649 | dual_g 1.8420 | dual_d 0.8102 | train_acc 0.9821 | train_full 0.9742 | val_acc 0.9750 | val_f1 0.9786 | grad(main/disc) 8.100/1.958 | lr(main/disc) 1.00e-04/5.00e-05 | 75.9s
2026-08-18 17:34:39 | New best val_acc: 0.9750 at epoch 16
2026-08-18 17:35:52 | Epoch 017/100 | loss 3.1401 | cls 1.3563 | tal -0.1060 | dual_g 1.8156 | dual_d 0.8289 | train_acc 0.9799 | train_full 0.9505 | val_acc 0.9167 | val_f1 0.9133 | grad(main/disc) 7.805/1.969 | lr(main/disc) 1.00e-04/5.00e-05 | 73.2s
2026-08-18 17:37:06 | Epoch 018/100 | loss 3.0375 | cls 1.3241 | tal -0.2240 | dual_g 1.7806 | dual_d 0.8279 | train_acc 0.9955 | train_full 0.9785 | val_acc 0.9667 | val_f1 0.9721 | grad(main/disc) 6.013/1.872 | lr(main/disc) 1.00e-04/5.00e-05 | 73.9s
2026-08-18 17:38:21 | Epoch 019/100 | loss 2.9751 | cls 1.3005 | tal -0.2397 | dual_g 1.7465 | dual_d 0.8710 | train_acc 0.9933 | train_full 0.9763 | val_acc 0.9667 | val_f1 0.9721 | grad(main/disc) 5.308/1.954 | lr(main/disc) 1.00e-04/5.00e-05 | 74.4s
2026-08-18 17:39:32 | Epoch 020/100 | loss 2.9826 | cls 1.3049 | tal -0.2468 | dual_g 1.7517 | dual_d 0.9321 | train_acc 0.9911 | train_full 0.9677 | val_acc 0.9667 | val_f1 0.9599 | grad(main/disc) 5.869/2.067 | lr(main/disc) 1.00e-04/5.00e-05 | 71.6s
2026-08-18 17:40:47 | Epoch 021/100 | loss 2.9420 | cls 1.2860 | tal -0.2291 | dual_g 1.7248 | dual_d 0.9065 | train_acc 0.9933 | train_full 0.9656 | val_acc 0.9417 | val_f1 0.9563 | grad(main/disc) 5.351/1.958 | lr(main/disc) 1.00e-04/5.00e-05 | 74.5s
2026-08-18 17:42:03 | Epoch 022/100 | loss 2.9226 | cls 1.2736 | tal -0.2022 | dual_g 1.7097 | dual_d 0.9831 | train_acc 0.9978 | train_full 0.9613 | val_acc 0.9167 | val_f1 0.9001 | grad(main/disc) 4.278/2.006 | lr(main/disc) 1.00e-04/5.00e-05 | 75.9s
2026-08-18 17:43:17 | Epoch 023/100 | loss 2.8824 | cls 1.2751 | tal -0.3032 | dual_g 1.6982 | dual_d 1.0307 | train_acc 0.9955 | train_full 0.9785 | val_acc 0.9667 | val_f1 0.9721 | grad(main/disc) 4.580/2.061 | lr(main/disc) 5.00e-05/2.50e-05 | 74.1s
2026-08-18 17:44:32 | Epoch 024/100 | loss 2.8440 | cls 1.2576 | tal -0.3082 | dual_g 1.6789 | dual_d 0.9934 | train_acc 0.9978 | train_full 0.9914 | val_acc 0.9750 | val_f1 0.9782 | grad(main/disc) 4.254/1.969 | lr(main/disc) 5.00e-05/2.50e-05 | 74.3s
2026-08-18 17:45:44 | Epoch 025/100 | loss 2.8074 | cls 1.2527 | tal -0.3250 | dual_g 1.6522 | dual_d 0.9583 | train_acc 0.9978 | train_full 0.9849 | val_acc 0.9750 | val_f1 0.9782 | grad(main/disc) 3.290/1.943 | lr(main/disc) 5.00e-05/2.50e-05 | 72.4s
2026-08-18 17:47:01 | Epoch 026/100 | loss 2.8287 | cls 1.2581 | tal -0.2614 | dual_g 1.6490 | dual_d 1.0504 | train_acc 0.9955 | train_full 0.9914 | val_acc 0.9917 | val_f1 0.9917 | grad(main/disc) 3.519/1.994 | lr(main/disc) 5.00e-05/2.50e-05 | 76.3s
2026-08-18 17:47:01 | New best val_acc: 0.9917 at epoch 26
2026-08-18 17:48:15 | Epoch 027/100 | loss 2.8366 | cls 1.2453 | tal -0.2127 | dual_g 1.6552 | dual_d 1.1300 | train_acc 1.0000 | train_full 0.9849 | val_acc 0.9833 | val_f1 0.9847 | grad(main/disc) 3.490/2.068 | lr(main/disc) 5.00e-05/2.50e-05 | 74.2s
2026-08-18 17:49:29 | Epoch 028/100 | loss 2.7977 | cls 1.2458 | tal -0.2866 | dual_g 1.6380 | dual_d 1.0992 | train_acc 0.9978 | train_full 0.9914 | val_acc 0.9917 | val_f1 0.9917 | grad(main/disc) 3.207/2.057 | lr(main/disc) 5.00e-05/2.50e-05 | 73.5s
2026-08-18 17:50:43 | Epoch 029/100 | loss 2.7812 | cls 1.2428 | tal -0.3491 | dual_g 1.6431 | dual_d 1.0782 | train_acc 1.0000 | train_full 0.9914 | val_acc 0.9833 | val_f1 0.9847 | grad(main/disc) 3.722/1.977 | lr(main/disc) 5.00e-05/2.50e-05 | 74.1s
2026-08-18 17:51:58 | Epoch 030/100 | loss 2.7555 | cls 1.2305 | tal -0.3201 | dual_g 1.6211 | dual_d 1.1366 | train_acc 1.0000 | train_full 0.9892 | val_acc 0.9917 | val_f1 0.9917 | grad(main/disc) 2.763/2.017 | lr(main/disc) 5.00e-05/2.50e-05 | 74.4s
2026-08-18 17:53:11 | Epoch 031/100 | loss 2.7610 | cls 1.2371 | tal -0.3434 | dual_g 1.6269 | dual_d 1.1051 | train_acc 1.0000 | train_full 0.9892 | val_acc 0.9833 | val_f1 0.9847 | grad(main/disc) 2.864/1.993 | lr(main/disc) 5.00e-05/2.50e-05 | 72.7s
2026-08-18 17:54:26 | Epoch 032/100 | loss 2.7630 | cls 1.2425 | tal -0.3650 | dual_g 1.6299 | dual_d 1.0548 | train_acc 0.9978 | train_full 0.9871 | val_acc 0.9917 | val_f1 0.9917 | grad(main/disc) 3.434/1.933 | lr(main/disc) 5.00e-05/2.50e-05 | 75.2s
2026-08-18 17:55:40 | Epoch 033/100 | loss 2.7638 | cls 1.2375 | tal -0.3536 | dual_g 1.6324 | dual_d 1.1957 | train_acc 1.0000 | train_full 0.9935 | val_acc 0.9917 | val_f1 0.9917 | grad(main/disc) 3.737/2.044 | lr(main/disc) 2.50e-05/1.25e-05 | 74.1s
2026-08-18 17:56:54 | Epoch 034/100 | loss 2.7598 | cls 1.2328 | tal -0.3264 | dual_g 1.6249 | dual_d 1.1216 | train_acc 1.0000 | train_full 0.9957 | val_acc 0.9917 | val_f1 0.9917 | grad(main/disc) 3.154/2.015 | lr(main/disc) 2.50e-05/1.25e-05 | 74.0s
2026-08-18 17:58:09 | Epoch 035/100 | loss 2.7267 | cls 1.2197 | tal -0.3309 | dual_g 1.6062 | dual_d 1.1406 | train_acc 0.9978 | train_full 0.9763 | val_acc 0.9750 | val_f1 0.9782 | grad(main/disc) 2.600/2.007 | lr(main/disc) 2.50e-05/1.25e-05 | 74.7s
2026-08-18 17:59:22 | Epoch 036/100 | loss 2.7349 | cls 1.2306 | tal -0.3478 | dual_g 1.6086 | dual_d 1.1391 | train_acc 1.0000 | train_full 0.9871 | val_acc 0.9917 | val_f1 0.9917 | grad(main/disc) 3.136/1.986 | lr(main/disc) 2.50e-05/1.25e-05 | 72.9s
2026-08-18 18:00:37 | Epoch 037/100 | loss 2.7295 | cls 1.2265 | tal -0.3574 | dual_g 1.6103 | dual_d 1.1881 | train_acc 1.0000 | train_full 0.9871 | val_acc 0.9917 | val_f1 0.9917 | grad(main/disc) 2.865/2.031 | lr(main/disc) 2.50e-05/1.25e-05 | 74.8s
2026-08-18 18:01:51 | Epoch 038/100 | loss 2.7173 | cls 1.2212 | tal -0.3430 | dual_g 1.5989 | dual_d 1.2307 | train_acc 1.0000 | train_full 0.9957 | val_acc 0.9917 | val_f1 0.9917 | grad(main/disc) 2.352/2.090 | lr(main/disc) 2.50e-05/1.25e-05 | 74.1s
2026-08-18 18:03:05 | Epoch 039/100 | loss 2.7261 | cls 1.2260 | tal -0.3394 | dual_g 1.6019 | dual_d 1.2243 | train_acc 1.0000 | train_full 0.9957 | val_acc 0.9917 | val_f1 0.9917 | grad(main/disc) 2.526/2.081 | lr(main/disc) 2.50e-05/1.25e-05 | 73.8s
2026-08-18 18:04:19 | Epoch 040/100 | loss 2.7345 | cls 1.2333 | tal -0.3427 | dual_g 1.6040 | dual_d 1.2020 | train_acc 1.0000 | train_full 0.9957 | val_acc 0.9917 | val_f1 0.9917 | grad(main/disc) 3.015/2.085 | lr(main/disc) 1.25e-05/6.25e-06 | 73.0s
2026-08-18 18:05:35 | Epoch 041/100 | loss 2.6943 | cls 1.2169 | tal -0.3867 | dual_g 1.5934 | dual_d 1.1876 | train_acc 1.0000 | train_full 0.9957 | val_acc 0.9917 | val_f1 0.9917 | grad(main/disc) 2.031/2.060 | lr(main/disc) 1.25e-05/6.25e-06 | 75.9s
2026-08-18 18:05:35 | Early stopping at epoch 41 after 15 epochs without val_acc improvement.
2026-08-18 18:05:35 | Training complete. Best validation accuracy: 0.9917 | best val_acc: 0.9917
