2026-08-21 21:27:29 | Starting Dual_D standalone training
2026-08-21 21:27:29 | Run directory: runs/module_c_ablation/module_c_no_paired_contrastive_逆光_iter01_20260821_184954
2026-08-21 21:27:29 | Device: cuda
2026-08-21 21:27:29 | Source train samples: 992
2026-08-21 21:27:29 | Target train samples: 132
2026-08-21 21:27:29 | Target val samples: 37
2026-08-21 21:27:29 | Classes: 14
2026-08-21 21:27:29 | Data audit: same_dir=False | path_overlap(vis/ir/ais)=0/0/0 | content_overlap(vis/ir/ais)=0/0/0 | ais_index_overlap=0 | stem_mismatch(vis-ir/vis-ais)=157/0
2026-08-21 21:27:29 | source_train classes: present 14/14 | absent 0 | counts [0:120, 1:44, 2:69, 3:45, 4:40, 5:30, 6:64, 7:80, 8:116, 9:68, 10:57, 11:83, 12:48, 13:128]
2026-08-21 21:27:29 | target_train classes: present 9/14 | absent 5 | counts [0:20, 2:12, 4:12, 5:2, 9:16, 10:16, 11:29, 12:4, 13:21]
2026-08-21 21:27:29 | target_val classes: present 9/14 | absent 5 | counts [0:6, 2:3, 4:4, 5:1, 9:4, 10:4, 11:8, 12:1, 13:6]
2026-08-21 21:27:29 | Paired training classes: 9/14 | class ids [0, 2, 4, 5, 9, 10, 11, 12, 13]
2026-08-21 21:27:29 | VIS/IR pairing: class-level-unpaired | count-mismatch classes train/val: 10/1 | AIS alignment: none | AIS rows train/val: 0/0
2026-08-21 21:27:30 | Model parameters: total=17277714 | trainable=17120210
2026-08-21 21:27:56 | Epoch 001/100 | loss 10.3360 | cls 5.6273 | tal -0.2279 | dual_g 4.7771 | dual_d 0.0000 | train_acc 0.0500 | train_full 0.0152 | val_acc 0.0000 | val_f1 0.0000 | grad(main/disc) 32.677/0.000 | lr(main/disc) 7.00e-05/3.50e-05 | 25.6s
2026-08-21 21:27:56 | New best val_f1_macro_present: 0.0000 at epoch 1
2026-08-21 21:28:23 | Epoch 002/100 | loss 8.7786 | cls 4.8314 | tal -0.3549 | dual_g 4.0536 | dual_d 0.0000 | train_acc 0.1375 | train_full 0.1742 | val_acc 0.1622 | val_f1 0.1313 | grad(main/disc) 27.620/0.000 | lr(main/disc) 7.00e-05/3.50e-05 | 26.8s
2026-08-21 21:28:23 | New best val_f1_macro_present: 0.1313 at epoch 2
2026-08-21 21:28:49 | Epoch 003/100 | loss 7.6452 | cls 4.0490 | tal -0.2142 | dual_g 3.6604 | dual_d 0.0000 | train_acc 0.1938 | train_full 0.3106 | val_acc 0.3514 | val_f1 0.2606 | grad(main/disc) 23.701/0.000 | lr(main/disc) 7.00e-05/3.50e-05 | 25.4s
2026-08-21 21:28:49 | New best val_f1_macro_present: 0.2606 at epoch 3
2026-08-21 21:29:16 | Epoch 004/100 | loss 7.0620 | cls 3.7817 | tal -0.2745 | dual_g 3.3626 | dual_d 0.0000 | train_acc 0.3375 | train_full 0.4621 | val_acc 0.5135 | val_f1 0.4208 | grad(main/disc) 22.469/0.000 | lr(main/disc) 7.00e-05/3.50e-05 | 26.7s
2026-08-21 21:29:16 | New best val_f1_macro_present: 0.4208 at epoch 4
2026-08-21 21:29:42 | Epoch 005/100 | loss 6.5326 | cls 3.5315 | tal -0.3259 | dual_g 3.0989 | dual_d 0.0000 | train_acc 0.3688 | train_full 0.6364 | val_acc 0.5676 | val_f1 0.5591 | grad(main/disc) 21.074/0.000 | lr(main/disc) 7.00e-05/3.50e-05 | 26.6s
2026-08-21 21:29:43 | New best val_f1_macro_present: 0.5591 at epoch 5
2026-08-21 21:30:10 | Epoch 006/100 | loss 6.1890 | cls 3.3861 | tal -0.2496 | dual_g 2.8778 | dual_d 0.7708 | train_acc 0.4562 | train_full 0.7576 | val_acc 0.6486 | val_f1 0.7213 | grad(main/disc) 20.395/1.771 | lr(main/disc) 7.00e-05/3.50e-05 | 27.0s
2026-08-21 21:30:10 | New best val_f1_macro_present: 0.7213 at epoch 6
2026-08-21 21:30:37 | Epoch 007/100 | loss 5.6328 | cls 2.9863 | tal -0.3091 | dual_g 2.7392 | dual_d 0.7512 | train_acc 0.4437 | train_full 0.7955 | val_acc 0.7568 | val_f1 0.7694 | grad(main/disc) 19.379/1.791 | lr(main/disc) 7.00e-05/3.50e-05 | 27.1s
2026-08-21 21:30:37 | New best val_f1_macro_present: 0.7694 at epoch 7
2026-08-21 21:31:04 | Epoch 008/100 | loss 5.5157 | cls 2.9789 | tal -0.2162 | dual_g 2.6016 | dual_d 0.7790 | train_acc 0.4813 | train_full 0.8182 | val_acc 0.7568 | val_f1 0.7585 | grad(main/disc) 20.325/1.810 | lr(main/disc) 7.00e-05/3.50e-05 | 26.6s
2026-08-21 21:31:31 | Epoch 009/100 | loss 5.3002 | cls 2.7567 | tal -0.1495 | dual_g 2.5883 | dual_d 0.7349 | train_acc 0.6125 | train_full 0.8485 | val_acc 0.8108 | val_f1 0.8464 | grad(main/disc) 19.406/1.710 | lr(main/disc) 7.00e-05/3.50e-05 | 26.9s
2026-08-21 21:31:31 | New best val_f1_macro_present: 0.8464 at epoch 9
2026-08-21 21:31:58 | Epoch 010/100 | loss 5.1408 | cls 2.7151 | tal -0.1041 | dual_g 2.4570 | dual_d 0.8059 | train_acc 0.5437 | train_full 0.7727 | val_acc 0.7568 | val_f1 0.7783 | grad(main/disc) 19.233/1.700 | lr(main/disc) 7.00e-05/3.50e-05 | 26.4s
2026-08-21 21:32:24 | Epoch 011/100 | loss 4.8648 | cls 2.4855 | tal -0.1145 | dual_g 2.4137 | dual_d 0.7416 | train_acc 0.6250 | train_full 0.8030 | val_acc 0.8378 | val_f1 0.8365 | grad(main/disc) 19.012/1.729 | lr(main/disc) 7.00e-05/3.50e-05 | 26.1s
2026-08-21 21:32:50 | Epoch 012/100 | loss 4.6185 | cls 2.4196 | tal -0.1355 | dual_g 2.2396 | dual_d 0.7319 | train_acc 0.6875 | train_full 0.8712 | val_acc 0.8649 | val_f1 0.8586 | grad(main/disc) 17.167/1.597 | lr(main/disc) 7.00e-05/3.50e-05 | 26.8s
2026-08-21 21:32:51 | New best val_f1_macro_present: 0.8586 at epoch 12
2026-08-21 21:33:17 | Epoch 013/100 | loss 4.5292 | cls 2.3861 | tal -0.1387 | dual_g 2.1847 | dual_d 0.7891 | train_acc 0.6625 | train_full 0.9091 | val_acc 0.8919 | val_f1 0.9158 | grad(main/disc) 18.337/1.691 | lr(main/disc) 7.00e-05/3.50e-05 | 26.2s
2026-08-21 21:33:17 | New best val_f1_macro_present: 0.9158 at epoch 13
2026-08-21 21:33:44 | Epoch 014/100 | loss 4.3070 | cls 2.2850 | tal -0.2046 | dual_g 2.0834 | dual_d 0.7325 | train_acc 0.7812 | train_full 0.9091 | val_acc 0.9189 | val_f1 0.9358 | grad(main/disc) 16.737/1.650 | lr(main/disc) 7.00e-05/3.50e-05 | 26.3s
2026-08-21 21:33:44 | New best val_f1_macro_present: 0.9358 at epoch 14
2026-08-21 21:34:11 | Epoch 015/100 | loss 4.0705 | cls 2.1631 | tal -0.1965 | dual_g 1.9664 | dual_d 0.7074 | train_acc 0.7750 | train_full 0.9318 | val_acc 0.9189 | val_f1 0.9358 | grad(main/disc) 16.730/1.621 | lr(main/disc) 7.00e-05/3.50e-05 | 27.0s
2026-08-21 21:34:36 | Epoch 016/100 | loss 4.3104 | cls 2.2864 | tal -0.2240 | dual_g 2.0912 | dual_d 0.7660 | train_acc 0.7750 | train_full 0.9545 | val_acc 0.8919 | val_f1 0.9041 | grad(main/disc) 17.817/1.668 | lr(main/disc) 7.00e-05/3.50e-05 | 25.7s
2026-08-21 21:35:04 | Epoch 017/100 | loss 3.7979 | cls 1.9738 | tal -0.2382 | dual_g 1.8956 | dual_d 0.7697 | train_acc 0.8375 | train_full 0.9394 | val_acc 0.9459 | val_f1 0.9578 | grad(main/disc) 14.783/1.575 | lr(main/disc) 7.00e-05/3.50e-05 | 28.0s
2026-08-21 21:35:05 | New best val_f1_macro_present: 0.9578 at epoch 17
2026-08-21 21:35:31 | Epoch 018/100 | loss 3.7091 | cls 1.9256 | tal -0.1838 | dual_g 1.8386 | dual_d 0.7141 | train_acc 0.8562 | train_full 0.9545 | val_acc 0.9189 | val_f1 0.9333 | grad(main/disc) 15.425/1.551 | lr(main/disc) 7.00e-05/3.50e-05 | 26.5s
2026-08-21 21:35:58 | Epoch 019/100 | loss 3.5753 | cls 1.8465 | tal -0.2304 | dual_g 1.7979 | dual_d 0.7801 | train_acc 0.8063 | train_full 0.9242 | val_acc 0.9730 | val_f1 0.9776 | grad(main/disc) 14.091/1.619 | lr(main/disc) 7.00e-05/3.50e-05 | 27.1s
2026-08-21 21:35:59 | New best val_f1_macro_present: 0.9776 at epoch 19
2026-08-21 21:36:24 | Epoch 020/100 | loss 3.6600 | cls 1.8867 | tal -0.2873 | dual_g 1.8594 | dual_d 0.8447 | train_acc 0.8500 | train_full 0.9242 | val_acc 0.9730 | val_f1 0.9776 | grad(main/disc) 15.904/1.640 | lr(main/disc) 7.00e-05/3.50e-05 | 25.7s
2026-08-21 21:36:51 | Epoch 021/100 | loss 3.4931 | cls 1.8094 | tal -0.2095 | dual_g 1.7466 | dual_d 0.7896 | train_acc 0.8375 | train_full 0.9545 | val_acc 0.9730 | val_f1 0.9776 | grad(main/disc) 14.594/1.566 | lr(main/disc) 7.00e-05/3.50e-05 | 26.3s
2026-08-21 21:37:18 | Epoch 022/100 | loss 3.6119 | cls 1.8814 | tal -0.1990 | dual_g 1.7902 | dual_d 0.8095 | train_acc 0.8438 | train_full 0.9394 | val_acc 0.9189 | val_f1 0.9284 | grad(main/disc) 15.362/1.604 | lr(main/disc) 7.00e-05/3.50e-05 | 26.8s
2026-08-21 21:37:45 | Epoch 023/100 | loss 3.7118 | cls 1.9349 | tal -0.2285 | dual_g 1.8455 | dual_d 0.7593 | train_acc 0.8438 | train_full 0.9773 | val_acc 0.9459 | val_f1 0.9578 | grad(main/disc) 17.694/1.530 | lr(main/disc) 7.00e-05/3.50e-05 | 27.1s
2026-08-21 21:38:10 | Epoch 024/100 | loss 3.4233 | cls 1.7784 | tal -0.2601 | dual_g 1.7229 | dual_d 0.8193 | train_acc 0.8625 | train_full 0.9848 | val_acc 0.9459 | val_f1 0.9578 | grad(main/disc) 15.076/1.576 | lr(main/disc) 7.00e-05/3.50e-05 | 25.3s
2026-08-21 21:38:37 | Epoch 025/100 | loss 3.3220 | cls 1.6649 | tal -0.2368 | dual_g 1.7281 | dual_d 0.7815 | train_acc 0.9187 | train_full 0.9924 | val_acc 0.9730 | val_f1 0.9802 | grad(main/disc) 13.333/1.545 | lr(main/disc) 7.00e-05/3.50e-05 | 26.9s
2026-08-21 21:38:37 | New best val_f1_macro_present: 0.9802 at epoch 25
2026-08-21 21:39:03 | Epoch 026/100 | loss 3.2311 | cls 1.6598 | tal -0.2338 | dual_g 1.6414 | dual_d 0.7698 | train_acc 0.9500 | train_full 0.9697 | val_acc 0.9459 | val_f1 0.9578 | grad(main/disc) 12.853/1.541 | lr(main/disc) 7.00e-05/3.50e-05 | 26.2s
2026-08-21 21:39:31 | Epoch 027/100 | loss 3.3705 | cls 1.7368 | tal -0.2029 | dual_g 1.6946 | dual_d 0.7703 | train_acc 0.9000 | train_full 0.9621 | val_acc 0.9730 | val_f1 0.9776 | grad(main/disc) 15.389/1.589 | lr(main/disc) 7.00e-05/3.50e-05 | 28.1s
2026-08-21 21:39:59 | Epoch 028/100 | loss 3.2450 | cls 1.6870 | tal -0.1892 | dual_g 1.6148 | dual_d 0.7794 | train_acc 0.8750 | train_full 0.9697 | val_acc 0.9730 | val_f1 0.9776 | grad(main/disc) 13.945/1.577 | lr(main/disc) 7.00e-05/3.50e-05 | 27.2s
2026-08-21 21:40:25 | Epoch 029/100 | loss 3.1165 | cls 1.5826 | tal -0.1810 | dual_g 1.5883 | dual_d 0.7702 | train_acc 0.9500 | train_full 0.9773 | val_acc 0.8919 | val_f1 0.9055 | grad(main/disc) 12.547/1.512 | lr(main/disc) 7.00e-05/3.50e-05 | 26.1s
2026-08-21 21:40:50 | Epoch 030/100 | loss 3.0825 | cls 1.5658 | tal -0.2031 | dual_g 1.5776 | dual_d 0.7565 | train_acc 0.9313 | train_full 0.9924 | val_acc 0.9730 | val_f1 0.9802 | grad(main/disc) 12.752/1.422 | lr(main/disc) 7.00e-05/3.50e-05 | 25.7s
2026-08-21 21:41:16 | Epoch 031/100 | loss 3.0254 | cls 1.5394 | tal -0.1555 | dual_g 1.5326 | dual_d 0.8028 | train_acc 0.9500 | train_full 0.9924 | val_acc 0.9730 | val_f1 0.9776 | grad(main/disc) 11.435/1.540 | lr(main/disc) 7.00e-05/3.50e-05 | 25.9s
2026-08-21 21:41:42 | Epoch 032/100 | loss 3.0039 | cls 1.5438 | tal -0.1668 | dual_g 1.5101 | dual_d 0.7957 | train_acc 0.9500 | train_full 0.9924 | val_acc 1.0000 | val_f1 1.0000 | grad(main/disc) 11.709/1.486 | lr(main/disc) 7.00e-05/3.50e-05 | 25.3s
2026-08-21 21:41:42 | New best val_f1_macro_present: 1.0000 at epoch 32
2026-08-21 21:42:09 | Epoch 033/100 | loss 3.0605 | cls 1.5726 | tal -0.2123 | dual_g 1.5516 | dual_d 0.7432 | train_acc 0.9187 | train_full 0.9924 | val_acc 1.0000 | val_f1 1.0000 | grad(main/disc) 12.750/1.422 | lr(main/disc) 7.00e-05/3.50e-05 | 27.4s
2026-08-21 21:42:37 | Epoch 034/100 | loss 2.8234 | cls 1.4168 | tal -0.2389 | dual_g 1.4783 | dual_d 0.8203 | train_acc 0.9625 | train_full 0.9924 | val_acc 0.9459 | val_f1 0.9578 | grad(main/disc) 9.585/1.583 | lr(main/disc) 7.00e-05/3.50e-05 | 27.3s
2026-08-21 21:43:04 | Epoch 035/100 | loss 2.9002 | cls 1.4918 | tal -0.1606 | dual_g 1.4566 | dual_d 0.8103 | train_acc 0.9437 | train_full 0.9924 | val_acc 0.9459 | val_f1 0.9578 | grad(main/disc) 10.396/1.460 | lr(main/disc) 7.00e-05/3.50e-05 | 27.1s
2026-08-21 21:43:30 | Epoch 036/100 | loss 2.8695 | cls 1.4318 | tal -0.1606 | dual_g 1.4859 | dual_d 0.8520 | train_acc 0.9563 | train_full 1.0000 | val_acc 0.9730 | val_f1 0.9802 | grad(main/disc) 9.906/1.472 | lr(main/disc) 7.00e-05/3.50e-05 | 26.0s
2026-08-21 21:43:56 | Epoch 037/100 | loss 2.8521 | cls 1.4591 | tal -0.2075 | dual_g 1.4553 | dual_d 0.8979 | train_acc 0.9563 | train_full 1.0000 | val_acc 0.9730 | val_f1 0.9692 | grad(main/disc) 9.846/1.634 | lr(main/disc) 7.00e-05/3.50e-05 | 26.3s
2026-08-21 21:44:23 | Epoch 038/100 | loss 2.8297 | cls 1.4707 | tal -0.2147 | dual_g 1.4235 | dual_d 0.8965 | train_acc 0.9750 | train_full 1.0000 | val_acc 1.0000 | val_f1 1.0000 | grad(main/disc) 12.163/1.588 | lr(main/disc) 7.00e-05/3.50e-05 | 26.9s
2026-08-21 21:44:49 | Epoch 039/100 | loss 2.7783 | cls 1.4425 | tal -0.2321 | dual_g 1.4054 | dual_d 0.8803 | train_acc 0.9688 | train_full 0.9924 | val_acc 1.0000 | val_f1 1.0000 | grad(main/disc) 9.725/1.575 | lr(main/disc) 3.50e-05/1.75e-05 | 25.7s
2026-08-21 21:45:16 | Epoch 040/100 | loss 2.8797 | cls 1.4726 | tal -0.1966 | dual_g 1.4661 | dual_d 0.9142 | train_acc 0.9313 | train_full 0.9924 | val_acc 1.0000 | val_f1 1.0000 | grad(main/disc) 10.758/1.647 | lr(main/disc) 3.50e-05/1.75e-05 | 27.1s
2026-08-21 21:45:42 | Epoch 041/100 | loss 2.7374 | cls 1.4037 | tal -0.2191 | dual_g 1.3994 | dual_d 0.9109 | train_acc 0.9812 | train_full 1.0000 | val_acc 1.0000 | val_f1 1.0000 | grad(main/disc) 8.943/1.612 | lr(main/disc) 3.50e-05/1.75e-05 | 26.5s
2026-08-21 21:45:42 | Early stopping at epoch 41 after 9 epochs without val_f1_macro_present improvement.
2026-08-21 21:45:42 | Training complete. Best validation accuracy: 1.0000 | best val_f1_macro_present: 1.0000
