2026-08-30 15:01:11 | Starting Dual_D standalone training
2026-08-30 15:01:11 | Run directory: runs/module_c_v10_full_gate/module_c_20260830_144405/module_c_full_雨天_20260830_144406
2026-08-30 15:01:11 | Device: cuda
2026-08-30 15:01:11 | Source train samples: 992
2026-08-30 15:01:11 | Target train samples: 96
2026-08-30 15:01:11 | Target val samples: 26
2026-08-30 15:01:11 | Classes: 14
2026-08-30 15:01:11 | Data audit: same_dir=False | path_overlap(vis/ir/ais)=0/0/0 | content_overlap(vis/ir/ais)=0/0/0 | ais_index_overlap=0 | stem_mismatch(vis-ir/vis-ais)=117/0
2026-08-30 15:01:11 | source_train classes: present 14/14 | absent 0 | counts [0:120, 1:44, 2:69, 3:45, 4:40, 5:30, 6:64, 7:80, 8:116, 9:68, 10:57, 11:83, 12:48, 13:128]
2026-08-30 15:01:11 | target_train classes: present 6/14 | absent 8 | counts [0:7, 2:19, 9:32, 10:12, 11:6, 13:20]
2026-08-30 15:01:11 | target_val classes: present 6/14 | absent 8 | counts [0:2, 2:5, 9:8, 10:4, 11:2, 13:5]
2026-08-30 15:01:11 | Paired training classes: 6/14 | class ids [0, 2, 9, 10, 11, 13]
2026-08-30 15:01:11 | Runtime profile: batch=16 | paired_steps=6 | workers=16 | train_eval_every=5 | raw_eval_every=5 | stability_window=3 | lr_scheduler_start=24 | early_stop=12 after min_epoch=35
2026-08-30 15:01:11 | Augmentation profile: base=0.550 | visible=0.600 | infrared=0.400 | freeze_frozen_batch_norm_stats=True
2026-08-30 15:01:11 | VIS/IR pairing: class-level-unpaired | count-mismatch classes train/val: 10/0 | AIS alignment: none | AIS rows train/val: 0/0
2026-08-30 15:01:11 | Effective Dual-D loss weights: {"adv_auxiliary": 0.02, "adv_primary": 0.02, "classification": 0.6, "contrastive": 0.025, "cycle": 0.12, "identity": 0.025, "prototype_contrastive": 0.015}
2026-08-30 15:01:11 | Model parameters: total=17277714 | trainable=17120210
2026-08-30 15:01:13 | Epoch 001/060 | loss 5.7176 | cls 5.7871 | tal -0.2317 | dual_g 0.0000 | dual_d 0.0000 | train_acc 0.0833 | train_full 0.1458 | val_acc 0.2308 | val_f1 0.2077 | adv/moduleC 0.00/0.00 | disc_steps 0 | grad(main/disc) 32.526/0.000 | lr(main/disc) 9.00e-05/2.75e-05 | cuda_peak(alloc/resv) 4.09/5.12GB | phase(train/val/raw/train_eval) 1.0/0.3/0.3/0.4s | 2.1s
2026-08-30 15:01:15 | Epoch 002/060 | loss 4.6905 | cls 4.7458 | tal -0.1843 | dual_g 0.0000 | dual_d 0.0000 | train_acc 0.2396 | train_full n/a | val_acc 0.2692 | val_f1 0.1481 | adv/moduleC 0.00/0.00 | disc_steps 0 | grad(main/disc) 28.120/0.000 | lr(main/disc) 9.00e-05/2.75e-05 | cuda_peak(alloc/resv) 4.09/5.12GB | phase(train/val/raw/train_eval) 0.7/0.3/0.0/0.0s | 1.0s
2026-08-30 15:01:16 | Epoch 003/060 | loss 4.2155 | cls 4.2016 | tal 0.0465 | dual_g 0.0000 | dual_d 0.0000 | train_acc 0.3750 | train_full n/a | val_acc 0.2308 | val_f1 0.1071 | adv/moduleC 0.00/0.00 | disc_steps 0 | grad(main/disc) 24.592/0.000 | lr(main/disc) 9.00e-05/2.75e-05 | cuda_peak(alloc/resv) 4.09/5.12GB | phase(train/val/raw/train_eval) 0.7/0.3/0.3/0.0s | 1.4s
2026-08-30 15:01:18 | New best val_f1_macro_present: raw=0.1071 stable_score=0.1071 at epoch 3
2026-08-30 15:01:19 | Epoch 004/060 | loss 4.0370 | cls 3.6813 | tal 0.1508 | dual_g 0.3105 | dual_d 0.0000 | train_acc 0.4479 | train_full n/a | val_acc 0.1923 | val_f1 0.0556 | adv/moduleC 0.00/0.12 | disc_steps 0 | grad(main/disc) 23.528/0.000 | lr(main/disc) 9.00e-05/2.75e-05 | cuda_peak(alloc/resv) 4.09/5.12GB | phase(train/val/raw/train_eval) 0.9/0.3/0.0/0.0s | 1.2s
2026-08-30 15:01:21 | Epoch 005/060 | loss 4.1183 | cls 3.5012 | tal 0.0505 | dual_g 0.6020 | dual_d 0.0000 | train_acc 0.5000 | train_full 0.3125 | val_acc 0.3077 | val_f1 0.2286 | adv/moduleC 0.00/0.25 | disc_steps 0 | grad(main/disc) 21.964/0.000 | lr(main/disc) 9.00e-05/2.75e-05 | cuda_peak(alloc/resv) 4.09/5.12GB | phase(train/val/raw/train_eval) 0.8/0.3/0.3/0.4s | 1.9s
2026-08-30 15:01:22 | Epoch 006/060 | loss 3.9502 | cls 3.0985 | tal 0.0291 | dual_g 0.8430 | dual_d 0.0000 | train_acc 0.4792 | train_full n/a | val_acc 0.4615 | val_f1 0.3756 | adv/moduleC 0.00/0.38 | disc_steps 0 | grad(main/disc) 22.700/0.000 | lr(main/disc) 9.00e-05/2.75e-05 | cuda_peak(alloc/resv) 4.09/5.12GB | phase(train/val/raw/train_eval) 0.8/0.3/0.0/0.0s | 1.1s
2026-08-30 15:01:24 | Epoch 007/060 | loss 3.8184 | cls 2.8036 | tal 0.0440 | dual_g 1.0015 | dual_d 0.7623 | train_acc 0.6667 | train_full n/a | val_acc 0.5769 | val_f1 0.5240 | adv/moduleC 0.07/0.50 | disc_steps 3 | grad(main/disc) 21.552/2.002 | lr(main/disc) 9.00e-05/2.75e-05 | cuda_peak(alloc/resv) 4.09/5.12GB | phase(train/val/raw/train_eval) 1.0/0.3/0.3/0.0s | 1.6s
2026-08-30 15:01:26 | New best val_f1_macro_present: raw=0.5240 stable_score=0.2286 at epoch 7
2026-08-30 15:01:27 | Epoch 008/060 | loss 4.1043 | cls 2.9525 | tal 0.0960 | dual_g 1.1230 | dual_d 0.7806 | train_acc 0.6562 | train_full n/a | val_acc 0.5385 | val_f1 0.4954 | adv/moduleC 0.13/0.62 | disc_steps 3 | grad(main/disc) 21.719/1.998 | lr(main/disc) 9.00e-05/2.75e-05 | cuda_peak(alloc/resv) 4.09/5.12GB | phase(train/val/raw/train_eval) 0.7/0.3/0.3/0.0s | 1.4s
2026-08-30 15:01:29 | New best val_f1_macro_present: raw=0.4954 stable_score=0.3756 at epoch 8
2026-08-30 15:01:31 | Epoch 009/060 | loss 3.8415 | cls 2.5300 | tal 0.0038 | dual_g 1.3104 | dual_d 0.7319 | train_acc 0.7292 | train_full n/a | val_acc 0.5769 | val_f1 0.5847 | adv/moduleC 0.20/0.75 | disc_steps 3 | grad(main/disc) 21.048/1.757 | lr(main/disc) 9.00e-05/2.75e-05 | cuda_peak(alloc/resv) 4.09/5.12GB | phase(train/val/raw/train_eval) 1.0/0.3/0.3/0.0s | 1.6s
2026-08-30 15:01:33 | New best val_f1_macro_present: raw=0.5847 stable_score=0.4954 at epoch 9
2026-08-30 15:01:35 | Epoch 010/060 | loss 3.7455 | cls 2.3730 | tal -0.0442 | dual_g 1.3857 | dual_d 0.7720 | train_acc 0.7292 | train_full 0.7292 | val_acc 0.7692 | val_f1 0.7153 | adv/moduleC 0.27/0.88 | disc_steps 3 | grad(main/disc) 20.968/1.885 | lr(main/disc) 9.00e-05/2.75e-05 | cuda_peak(alloc/resv) 4.09/5.12GB | phase(train/val/raw/train_eval) 0.9/0.3/0.4/0.4s | 2.0s
2026-08-30 15:01:37 | Epoch 011/060 | loss 4.1116 | cls 2.4408 | tal -0.0144 | dual_g 1.6752 | dual_d 0.8390 | train_acc 0.7812 | train_full n/a | val_acc 0.6538 | val_f1 0.7102 | adv/moduleC 0.33/1.00 | disc_steps 3 | grad(main/disc) 24.092/1.961 | lr(main/disc) 9.00e-05/2.75e-05 | cuda_peak(alloc/resv) 4.09/5.12GB | phase(train/val/raw/train_eval) 0.8/0.3/0.3/0.0s | 1.5s
2026-08-30 15:01:39 | New best val_f1_macro_present: raw=0.7102 stable_score=0.5847 at epoch 11
2026-08-30 15:01:40 | Epoch 012/060 | loss 3.3068 | cls 1.9493 | tal -0.0588 | dual_g 1.3751 | dual_d 0.6779 | train_acc 0.8333 | train_full n/a | val_acc 0.6538 | val_f1 0.7267 | adv/moduleC 0.40/1.00 | disc_steps 3 | grad(main/disc) 18.505/1.781 | lr(main/disc) 9.00e-05/2.75e-05 | cuda_peak(alloc/resv) 4.09/5.12GB | phase(train/val/raw/train_eval) 0.6/0.3/0.3/0.0s | 1.3s
2026-08-30 15:01:42 | New best val_f1_macro_present: raw=0.7267 stable_score=0.7102 at epoch 12
2026-08-30 15:01:43 | Epoch 013/060 | loss 3.5136 | cls 2.0645 | tal -0.0176 | dual_g 1.4544 | dual_d 0.7073 | train_acc 0.8438 | train_full n/a | val_acc 0.7692 | val_f1 0.8190 | adv/moduleC 0.47/1.00 | disc_steps 3 | grad(main/disc) 20.349/1.813 | lr(main/disc) 9.00e-05/2.75e-05 | cuda_peak(alloc/resv) 4.09/5.12GB | phase(train/val/raw/train_eval) 0.8/0.3/0.0/0.0s | 1.1s
2026-08-30 15:01:45 | Epoch 014/060 | loss 3.4731 | cls 2.1421 | tal -0.0226 | dual_g 1.3378 | dual_d 0.7778 | train_acc 0.8750 | train_full n/a | val_acc 0.7692 | val_f1 0.8190 | adv/moduleC 0.53/1.00 | disc_steps 3 | grad(main/disc) 22.831/1.899 | lr(main/disc) 9.00e-05/2.75e-05 | cuda_peak(alloc/resv) 4.09/5.12GB | phase(train/val/raw/train_eval) 0.7/0.3/0.3/0.0s | 1.4s
2026-08-30 15:01:47 | New best val_f1_macro_present: raw=0.8190 stable_score=0.7267 at epoch 14
2026-08-30 15:01:49 | Epoch 015/060 | loss 3.2973 | cls 1.9413 | tal -0.0271 | dual_g 1.3642 | dual_d 0.6857 | train_acc 0.9375 | train_full 0.7812 | val_acc 0.7692 | val_f1 0.8190 | adv/moduleC 0.60/1.00 | disc_steps 3 | grad(main/disc) 23.785/1.782 | lr(main/disc) 9.00e-05/2.75e-05 | cuda_peak(alloc/resv) 4.09/5.12GB | phase(train/val/raw/train_eval) 0.9/0.3/0.3/0.4s | 2.0s
2026-08-30 15:01:51 | New best val_f1_macro_present: raw=0.8190 stable_score=0.8190 at epoch 15
2026-08-30 15:01:52 | Epoch 016/060 | loss 2.9422 | cls 1.7120 | tal -0.0475 | dual_g 1.2445 | dual_d 0.7061 | train_acc 0.9479 | train_full n/a | val_acc 0.7308 | val_f1 0.7895 | adv/moduleC 0.67/1.00 | disc_steps 3 | grad(main/disc) 17.876/1.822 | lr(main/disc) 9.00e-05/2.75e-05 | cuda_peak(alloc/resv) 4.09/5.12GB | phase(train/val/raw/train_eval) 0.8/0.3/0.0/0.0s | 1.1s
2026-08-30 15:01:53 | Epoch 017/060 | loss 3.3589 | cls 2.0200 | tal -0.0416 | dual_g 1.3514 | dual_d 0.6943 | train_acc 0.9479 | train_full n/a | val_acc 0.7692 | val_f1 0.8248 | adv/moduleC 0.73/1.00 | disc_steps 3 | grad(main/disc) 20.483/1.791 | lr(main/disc) 9.00e-05/2.75e-05 | cuda_peak(alloc/resv) 4.09/5.12GB | phase(train/val/raw/train_eval) 1.0/0.3/0.0/0.0s | 1.3s
2026-08-30 15:01:54 | Epoch 018/060 | loss 3.0262 | cls 1.7475 | tal -0.0527 | dual_g 1.2945 | dual_d 0.7394 | train_acc 0.9375 | train_full n/a | val_acc 0.7692 | val_f1 0.8079 | adv/moduleC 0.80/1.00 | disc_steps 3 | grad(main/disc) 17.326/1.866 | lr(main/disc) 9.00e-05/2.75e-05 | cuda_peak(alloc/resv) 4.09/5.12GB | phase(train/val/raw/train_eval) 0.8/0.3/0.0/0.0s | 1.1s
2026-08-30 15:01:55 | Epoch 019/060 | loss 2.9317 | cls 1.7052 | tal -0.0893 | dual_g 1.2533 | dual_d 0.6312 | train_acc 0.9062 | train_full n/a | val_acc 0.8077 | val_f1 0.8319 | adv/moduleC 0.87/1.00 | disc_steps 3 | grad(main/disc) 17.317/1.700 | lr(main/disc) 9.00e-05/2.75e-05 | cuda_peak(alloc/resv) 4.09/5.12GB | phase(train/val/raw/train_eval) 0.7/0.3/0.0/0.0s | 1.1s
2026-08-30 15:01:57 | Epoch 020/060 | loss 2.8324 | cls 1.7178 | tal -0.0752 | dual_g 1.1372 | dual_d 0.7504 | train_acc 0.9375 | train_full 0.9167 | val_acc 0.9231 | val_f1 0.9484 | adv/moduleC 0.93/1.00 | disc_steps 3 | grad(main/disc) 16.387/1.762 | lr(main/disc) 9.00e-05/2.75e-05 | cuda_peak(alloc/resv) 4.09/5.12GB | phase(train/val/raw/train_eval) 0.8/0.3/0.3/0.4s | 1.9s
2026-08-30 15:01:59 | Epoch 021/060 | loss 2.7225 | cls 1.6034 | tal 0.0047 | dual_g 1.1177 | dual_d 0.7238 | train_acc 0.9688 | train_full n/a | val_acc 0.8846 | val_f1 0.8966 | adv/moduleC 1.00/1.00 | disc_steps 3 | grad(main/disc) 15.564/1.729 | lr(main/disc) 9.00e-05/2.75e-05 | cuda_peak(alloc/resv) 4.09/5.12GB | phase(train/val/raw/train_eval) 1.0/0.3/0.3/0.0s | 1.6s
2026-08-30 15:02:01 | New best val_f1_macro_present: raw=0.8966 stable_score=0.8319 at epoch 21
2026-08-30 15:02:03 | Epoch 022/060 | loss 2.8142 | cls 1.7154 | tal 0.0319 | dual_g 1.0892 | dual_d 0.6881 | train_acc 0.9375 | train_full n/a | val_acc 0.9231 | val_f1 0.9484 | adv/moduleC 1.00/1.00 | disc_steps 3 | grad(main/disc) 15.517/1.737 | lr(main/disc) 9.00e-05/2.75e-05 | cuda_peak(alloc/resv) 4.09/5.12GB | phase(train/val/raw/train_eval) 1.2/0.3/0.3/0.0s | 1.8s
2026-08-30 15:02:05 | New best val_f1_macro_present: raw=0.9484 stable_score=0.8966 at epoch 22
2026-08-30 15:02:06 | Epoch 023/060 | loss 2.5697 | cls 1.5371 | tal 0.0039 | dual_g 1.0315 | dual_d 0.6987 | train_acc 0.9583 | train_full n/a | val_acc 0.9231 | val_f1 0.9277 | adv/moduleC 1.00/1.00 | disc_steps 3 | grad(main/disc) 12.626/1.685 | lr(main/disc) 9.00e-05/2.75e-05 | cuda_peak(alloc/resv) 4.09/5.12GB | phase(train/val/raw/train_eval) 0.8/0.3/0.0/0.0s | 1.1s
2026-08-30 15:02:07 | Epoch 024/060 | loss 2.5486 | cls 1.4736 | tal 0.0321 | dual_g 1.0653 | dual_d 0.7362 | train_acc 0.9896 | train_full n/a | val_acc 0.9231 | val_f1 0.9277 | adv/moduleC 1.00/1.00 | disc_steps 3 | grad(main/disc) 12.175/1.772 | lr(main/disc) 9.00e-05/2.75e-05 | cuda_peak(alloc/resv) 4.09/5.12GB | phase(train/val/raw/train_eval) 0.7/0.3/0.4/0.0s | 1.4s
2026-08-30 15:02:09 | New best val_f1_macro_present: raw=0.9277 stable_score=0.9277 at epoch 24
2026-08-30 15:02:11 | Epoch 025/060 | loss 2.6308 | cls 1.5027 | tal -0.0397 | dual_g 1.1399 | dual_d 0.6766 | train_acc 0.9896 | train_full 0.9271 | val_acc 0.9231 | val_f1 0.9484 | adv/moduleC 1.00/1.00 | disc_steps 3 | grad(main/disc) 15.638/1.711 | lr(main/disc) 9.00e-05/2.75e-05 | cuda_peak(alloc/resv) 4.09/5.12GB | phase(train/val/raw/train_eval) 0.8/0.3/0.3/0.4s | 1.8s
2026-08-30 15:02:12 | Epoch 026/060 | loss 2.7142 | cls 1.6152 | tal -0.0119 | dual_g 1.1026 | dual_d 0.7470 | train_acc 0.9688 | train_full n/a | val_acc 0.8846 | val_f1 0.9192 | adv/moduleC 1.00/1.00 | disc_steps 3 | grad(main/disc) 16.734/1.862 | lr(main/disc) 9.00e-05/2.75e-05 | cuda_peak(alloc/resv) 4.09/5.12GB | phase(train/val/raw/train_eval) 0.9/0.3/0.0/0.0s | 1.2s
2026-08-30 15:02:14 | Epoch 027/060 | loss 2.6148 | cls 1.5087 | tal -0.0383 | dual_g 1.1177 | dual_d 0.8373 | train_acc 1.0000 | train_full n/a | val_acc 0.9615 | val_f1 0.9737 | adv/moduleC 1.00/1.00 | disc_steps 3 | grad(main/disc) 14.446/1.779 | lr(main/disc) 9.00e-05/2.75e-05 | cuda_peak(alloc/resv) 4.09/5.12GB | phase(train/val/raw/train_eval) 0.7/0.3/0.0/0.0s | 1.0s
2026-08-30 15:02:15 | Epoch 028/060 | loss 2.4721 | cls 1.5098 | tal -0.0995 | dual_g 0.9922 | dual_d 0.7494 | train_acc 0.9896 | train_full n/a | val_acc 0.9615 | val_f1 0.9737 | adv/moduleC 1.00/1.00 | disc_steps 3 | grad(main/disc) 13.198/1.742 | lr(main/disc) 9.00e-05/2.75e-05 | cuda_peak(alloc/resv) 4.09/5.12GB | phase(train/val/raw/train_eval) 0.8/0.3/0.0/0.0s | 1.1s
2026-08-30 15:02:16 | Epoch 029/060 | loss 2.6988 | cls 1.6303 | tal -0.0673 | dual_g 1.0887 | dual_d 0.7061 | train_acc 0.9479 | train_full n/a | val_acc 1.0000 | val_f1 1.0000 | adv/moduleC 1.00/1.00 | disc_steps 3 | grad(main/disc) 15.537/1.720 | lr(main/disc) 9.00e-05/2.75e-05 | cuda_peak(alloc/resv) 4.09/5.12GB | phase(train/val/raw/train_eval) 0.9/0.3/0.3/0.0s | 1.5s
2026-08-30 15:02:18 | New best val_f1_macro_present: raw=1.0000 stable_score=0.9737 at epoch 29
2026-08-30 15:02:20 | Epoch 030/060 | loss 2.4128 | cls 1.4123 | tal -0.1103 | dual_g 1.0335 | dual_d 0.7395 | train_acc 1.0000 | train_full 0.9479 | val_acc 0.9231 | val_f1 0.9426 | adv/moduleC 1.00/1.00 | disc_steps 3 | grad(main/disc) 10.086/1.695 | lr(main/disc) 9.00e-05/2.75e-05 | cuda_peak(alloc/resv) 4.09/5.12GB | phase(train/val/raw/train_eval) 0.8/0.3/0.3/0.4s | 1.8s
2026-08-30 15:02:21 | Epoch 031/060 | loss 2.3638 | cls 1.3870 | tal -0.1682 | dual_g 1.0273 | dual_d 0.6992 | train_acc 0.9792 | train_full n/a | val_acc 0.9615 | val_f1 0.9737 | adv/moduleC 1.00/1.00 | disc_steps 3 | grad(main/disc) 12.129/1.668 | lr(main/disc) 9.00e-05/2.75e-05 | cuda_peak(alloc/resv) 4.09/5.12GB | phase(train/val/raw/train_eval) 0.7/0.3/0.0/0.0s | 1.0s
2026-08-30 15:02:22 | Epoch 032/060 | loss 2.4080 | cls 1.4395 | tal -0.1970 | dual_g 1.0276 | dual_d 0.7409 | train_acc 0.9688 | train_full n/a | val_acc 1.0000 | val_f1 1.0000 | adv/moduleC 1.00/1.00 | disc_steps 3 | grad(main/disc) 12.118/1.821 | lr(main/disc) 9.00e-05/2.75e-05 | cuda_peak(alloc/resv) 4.09/5.12GB | phase(train/val/raw/train_eval) 0.9/0.3/0.0/0.0s | 1.2s
2026-08-30 15:02:24 | Epoch 033/060 | loss 2.5547 | cls 1.5664 | tal -0.2367 | dual_g 1.0593 | dual_d 0.6677 | train_acc 0.9583 | train_full n/a | val_acc 1.0000 | val_f1 1.0000 | adv/moduleC 1.00/1.00 | disc_steps 3 | grad(main/disc) 14.613/1.636 | lr(main/disc) 9.00e-05/2.75e-05 | cuda_peak(alloc/resv) 4.09/5.12GB | phase(train/val/raw/train_eval) 1.1/0.3/0.0/0.0s | 1.4s
2026-08-30 15:02:25 | Epoch 034/060 | loss 2.3327 | cls 1.4138 | tal -0.2377 | dual_g 0.9902 | dual_d 0.7253 | train_acc 0.9896 | train_full n/a | val_acc 0.9615 | val_f1 0.9556 | adv/moduleC 1.00/1.00 | disc_steps 3 | grad(main/disc) 10.552/1.773 | lr(main/disc) 9.00e-05/2.75e-05 | cuda_peak(alloc/resv) 4.09/5.12GB | phase(train/val/raw/train_eval) 0.8/0.3/0.0/0.0s | 1.1s
2026-08-30 15:02:27 | Epoch 035/060 | loss 2.3391 | cls 1.4321 | tal -0.1891 | dual_g 0.9637 | dual_d 0.7086 | train_acc 0.9896 | train_full 0.9896 | val_acc 1.0000 | val_f1 1.0000 | adv/moduleC 1.00/1.00 | disc_steps 3 | grad(main/disc) 10.078/1.664 | lr(main/disc) 9.00e-05/2.75e-05 | cuda_peak(alloc/resv) 4.09/5.12GB | phase(train/val/raw/train_eval) 0.8/0.3/0.3/0.4s | 1.8s
2026-08-30 15:02:28 | Epoch 036/060 | loss 2.2824 | cls 1.3592 | tal -0.2105 | dual_g 0.9864 | dual_d 0.6660 | train_acc 0.9792 | train_full n/a | val_acc 1.0000 | val_f1 1.0000 | adv/moduleC 1.00/1.00 | disc_steps 3 | grad(main/disc) 11.804/1.669 | lr(main/disc) 9.00e-05/2.75e-05 | cuda_peak(alloc/resv) 4.09/5.12GB | phase(train/val/raw/train_eval) 0.8/0.3/0.0/0.0s | 1.1s
2026-08-30 15:02:29 | Epoch 037/060 | loss 2.3609 | cls 1.4480 | tal -0.1880 | dual_g 0.9692 | dual_d 0.7226 | train_acc 0.9792 | train_full n/a | val_acc 1.0000 | val_f1 1.0000 | adv/moduleC 1.00/1.00 | disc_steps 3 | grad(main/disc) 12.212/1.766 | lr(main/disc) 9.00e-05/2.75e-05 | cuda_peak(alloc/resv) 4.09/5.12GB | phase(train/val/raw/train_eval) 0.7/0.3/0.4/0.0s | 1.4s
2026-08-30 15:02:31 | New best val_f1_macro_present: raw=1.0000 stable_score=1.0000 at epoch 37
2026-08-30 15:02:32 | Epoch 038/060 | loss 2.4044 | cls 1.4851 | tal -0.2235 | dual_g 0.9864 | dual_d 0.7181 | train_acc 0.9896 | train_full n/a | val_acc 1.0000 | val_f1 1.0000 | adv/moduleC 1.00/1.00 | disc_steps 3 | grad(main/disc) 14.605/1.652 | lr(main/disc) 4.50e-05/1.38e-05 | cuda_peak(alloc/resv) 4.09/5.12GB | phase(train/val/raw/train_eval) 0.7/0.3/0.0/0.0s | 1.0s
2026-08-30 15:02:33 | Epoch 039/060 | loss 2.2670 | cls 1.3480 | tal -0.1085 | dual_g 0.9516 | dual_d 0.7500 | train_acc 0.9896 | train_full n/a | val_acc 1.0000 | val_f1 1.0000 | adv/moduleC 1.00/1.00 | disc_steps 3 | grad(main/disc) 8.542/1.788 | lr(main/disc) 4.50e-05/1.38e-05 | cuda_peak(alloc/resv) 4.09/5.12GB | phase(train/val/raw/train_eval) 0.7/0.3/0.0/0.0s | 1.0s
2026-08-30 15:02:35 | Epoch 040/060 | loss 2.3880 | cls 1.4049 | tal -0.0807 | dual_g 1.0074 | dual_d 0.7550 | train_acc 0.9896 | train_full 0.9792 | val_acc 1.0000 | val_f1 1.0000 | adv/moduleC 1.00/1.00 | disc_steps 3 | grad(main/disc) 11.979/1.768 | lr(main/disc) 4.50e-05/1.38e-05 | cuda_peak(alloc/resv) 4.09/5.12GB | phase(train/val/raw/train_eval) 0.9/0.3/0.3/0.4s | 1.9s
2026-08-30 15:02:36 | Epoch 041/060 | loss 2.3860 | cls 1.4251 | tal -0.0784 | dual_g 0.9844 | dual_d 0.7259 | train_acc 0.9896 | train_full n/a | val_acc 1.0000 | val_f1 1.0000 | adv/moduleC 1.00/1.00 | disc_steps 3 | grad(main/disc) 10.440/1.761 | lr(main/disc) 4.50e-05/1.38e-05 | cuda_peak(alloc/resv) 4.09/5.12GB | phase(train/val/raw/train_eval) 0.6/0.3/0.0/0.0s | 1.0s
2026-08-30 15:02:37 | Epoch 042/060 | loss 2.1717 | cls 1.3190 | tal -0.1838 | dual_g 0.9078 | dual_d 0.7938 | train_acc 0.9896 | train_full n/a | val_acc 1.0000 | val_f1 1.0000 | adv/moduleC 1.00/1.00 | disc_steps 3 | grad(main/disc) 8.586/1.926 | lr(main/disc) 4.50e-05/1.38e-05 | cuda_peak(alloc/resv) 4.09/5.12GB | phase(train/val/raw/train_eval) 0.9/0.3/0.0/0.0s | 1.2s
2026-08-30 15:02:39 | Epoch 043/060 | loss 2.2415 | cls 1.3536 | tal -0.1687 | dual_g 0.9385 | dual_d 0.7539 | train_acc 0.9792 | train_full n/a | val_acc 1.0000 | val_f1 1.0000 | adv/moduleC 1.00/1.00 | disc_steps 3 | grad(main/disc) 10.412/1.774 | lr(main/disc) 4.50e-05/1.38e-05 | cuda_peak(alloc/resv) 4.09/5.12GB | phase(train/val/raw/train_eval) 0.8/0.3/0.0/0.0s | 1.1s
2026-08-30 15:02:40 | Epoch 044/060 | loss 2.2248 | cls 1.3514 | tal -0.2369 | dual_g 0.9444 | dual_d 0.8211 | train_acc 0.9896 | train_full n/a | val_acc 1.0000 | val_f1 1.0000 | adv/moduleC 1.00/1.00 | disc_steps 3 | grad(main/disc) 9.413/1.920 | lr(main/disc) 4.50e-05/1.38e-05 | cuda_peak(alloc/resv) 4.09/5.12GB | phase(train/val/raw/train_eval) 1.0/0.4/0.0/0.0s | 1.3s
2026-08-30 15:02:42 | Epoch 045/060 | loss 2.2230 | cls 1.3045 | tal -0.1526 | dual_g 0.9643 | dual_d 0.8105 | train_acc 1.0000 | train_full 1.0000 | val_acc 1.0000 | val_f1 1.0000 | adv/moduleC 1.00/1.00 | disc_steps 3 | grad(main/disc) 7.664/1.871 | lr(main/disc) 4.50e-05/1.38e-05 | cuda_peak(alloc/resv) 4.09/5.12GB | phase(train/val/raw/train_eval) 0.9/0.3/0.3/0.4s | 2.0s
2026-08-30 15:02:43 | Epoch 046/060 | loss 2.4283 | cls 1.4570 | tal -0.1462 | dual_g 1.0152 | dual_d 0.8141 | train_acc 0.9896 | train_full n/a | val_acc 1.0000 | val_f1 1.0000 | adv/moduleC 1.00/1.00 | disc_steps 3 | grad(main/disc) 13.412/1.814 | lr(main/disc) 4.50e-05/1.38e-05 | cuda_peak(alloc/resv) 4.09/5.12GB | phase(train/val/raw/train_eval) 0.9/0.3/0.0/0.0s | 1.2s
2026-08-30 15:02:44 | Epoch 047/060 | loss 2.1672 | cls 1.3170 | tal -0.1903 | dual_g 0.9073 | dual_d 0.8201 | train_acc 1.0000 | train_full n/a | val_acc 1.0000 | val_f1 1.0000 | adv/moduleC 1.00/1.00 | disc_steps 3 | grad(main/disc) 7.518/1.841 | lr(main/disc) 2.25e-05/6.88e-06 | cuda_peak(alloc/resv) 4.09/5.12GB | phase(train/val/raw/train_eval) 0.7/0.3/0.0/0.0s | 1.1s
2026-08-30 15:02:45 | Epoch 048/060 | loss 2.2381 | cls 1.3293 | tal -0.0553 | dual_g 0.9254 | dual_d 0.8474 | train_acc 1.0000 | train_full n/a | val_acc 1.0000 | val_f1 1.0000 | adv/moduleC 1.00/1.00 | disc_steps 3 | grad(main/disc) 9.082/1.895 | lr(main/disc) 2.25e-05/6.88e-06 | cuda_peak(alloc/resv) 4.09/5.12GB | phase(train/val/raw/train_eval) 0.8/0.3/0.0/0.0s | 1.2s
2026-08-30 15:02:46 | Epoch 049/060 | loss 2.1362 | cls 1.2590 | tal -0.1882 | dual_g 0.9337 | dual_d 0.8178 | train_acc 1.0000 | train_full n/a | val_acc 1.0000 | val_f1 1.0000 | adv/moduleC 1.00/1.00 | disc_steps 3 | grad(main/disc) 5.843/1.753 | lr(main/disc) 2.25e-05/6.88e-06 | cuda_peak(alloc/resv) 4.09/5.12GB | phase(train/val/raw/train_eval) 0.8/0.3/0.0/0.0s | 1.1s
2026-08-30 15:02:46 | Early stopping at epoch 49 after 12 epochs without val_f1_macro_present improvement.
2026-08-30 15:02:46 | Training complete. Peak validation accuracy: 1.0000 | selected val_f1_macro_present: 1.0000
