2026-08-28 21:45:11 | Starting Dual_D standalone training
2026-08-28 21:45:11 | Run directory: runs/module_c_ablation_60_v6/module_c_20260828_191630/module_c_no_prototype_contrastive_黑天_20260828_214511
2026-08-28 21:45:11 | Device: cuda
2026-08-28 21:45:11 | Source train samples: 992
2026-08-28 21:45:11 | Target train samples: 465
2026-08-28 21:45:11 | Target val samples: 120
2026-08-28 21:45:11 | Classes: 14
2026-08-28 21:45:11 | Data audit: same_dir=False | path_overlap(vis/ir/ais)=0/0/0 | content_overlap(vis/ir/ais)=0/0/0 | ais_index_overlap=0 | stem_mismatch(vis-ir/vis-ais)=578/0
2026-08-28 21:45:11 | source_train classes: present 14/14 | absent 0 | counts [0:120, 1:44, 2:69, 3:45, 4:40, 5:30, 6:64, 7:80, 8:116, 9:68, 10:57, 11:83, 12:48, 13:128]
2026-08-28 21:45:11 | target_train classes: present 8/14 | absent 6 | counts [0:100, 2:11, 3:16, 6:89, 9:162, 10:12, 11:44, 13:31]
2026-08-28 21:45:11 | target_val classes: present 8/14 | absent 6 | counts [0:26, 2:3, 3:5, 6:23, 9:41, 10:3, 11:11, 13:8]
2026-08-28 21:45:11 | Paired training classes: 8/14 | class ids [0, 2, 3, 6, 9, 10, 11, 13]
2026-08-28 21:45:11 | Runtime profile: batch=92 | paired_steps=6 | workers=16 | train_eval_every=5 | raw_eval_every=5 | stability_window=1 | early_stop=15 after min_epoch=48
2026-08-28 21:45:11 | VIS/IR pairing: class-level-unpaired | count-mismatch classes train/val: 10/0 | AIS alignment: none | AIS rows train/val: 0/0
2026-08-28 21:45:12 | Effective Dual-D loss weights: {"adv_auxiliary": 0.035, "adv_primary": 0.035, "classification": 0.5, "contrastive": 0.04, "cycle": 0.32, "identity": 0.05, "prototype_contrastive": 0.0}
2026-08-28 21:45:12 | Model parameters: total=17277714 | trainable=17120210
2026-08-28 21:45:19 | Epoch 001/060 | loss 5.2626 | cls 5.1980 | tal 0.2152 | dual_g 0.0000 | dual_d 0.0000 | train_acc 0.0978 | train_full 0.0882 | val_acc 0.0667 | val_f1 0.0302 | adv/moduleC 0.00/0.00 | disc_steps 0 | grad(main/disc) 15.151/0.000 | lr(main/disc) 7.00e-05/3.50e-05 | cuda_peak(alloc/resv) 21.78/28.18GB | phase(train/val/raw/train_eval) 4.6/0.6/0.6/0.8s | 6.6s
2026-08-28 21:45:21 | New best val_f1_macro_present: raw=0.0302 stable_score=0.0302 at epoch 1
2026-08-28 21:45:26 | Epoch 002/060 | loss 4.3329 | cls 4.2977 | tal 0.1172 | dual_g 0.0000 | dual_d 0.0000 | train_acc 0.1938 | train_full n/a | val_acc 0.1917 | val_f1 0.1562 | adv/moduleC 0.00/0.00 | disc_steps 0 | grad(main/disc) 12.003/0.000 | lr(main/disc) 7.00e-05/3.50e-05 | cuda_peak(alloc/resv) 21.78/28.18GB | phase(train/val/raw/train_eval) 3.2/0.6/0.6/0.0s | 4.4s
2026-08-28 21:45:29 | New best val_f1_macro_present: raw=0.1562 stable_score=0.1562 at epoch 2
2026-08-28 21:45:33 | Epoch 003/060 | loss 3.5845 | cls 3.5782 | tal 0.0209 | dual_g 0.0000 | dual_d 0.0000 | train_acc 0.3207 | train_full n/a | val_acc 0.1917 | val_f1 0.1230 | adv/moduleC 0.00/0.00 | disc_steps 0 | grad(main/disc) 10.311/0.000 | lr(main/disc) 7.00e-05/3.50e-05 | cuda_peak(alloc/resv) 21.78/28.18GB | phase(train/val/raw/train_eval) 3.4/0.6/0.0/0.0s | 3.9s
2026-08-28 21:45:37 | Epoch 004/060 | loss 3.3043 | cls 3.2978 | tal 0.0218 | dual_g 0.0000 | dual_d 0.0000 | train_acc 0.4004 | train_full n/a | val_acc 0.2000 | val_f1 0.1354 | adv/moduleC 0.00/0.00 | disc_steps 0 | grad(main/disc) 9.776/0.000 | lr(main/disc) 7.00e-05/3.50e-05 | cuda_peak(alloc/resv) 21.78/28.18GB | phase(train/val/raw/train_eval) 3.4/0.6/0.0/0.0s | 4.0s
2026-08-28 21:45:42 | Epoch 005/060 | loss 2.9429 | cls 2.9492 | tal -0.0209 | dual_g 0.0000 | dual_d 0.0000 | train_acc 0.4946 | train_full 0.2860 | val_acc 0.2333 | val_f1 0.2093 | adv/moduleC 0.00/0.00 | disc_steps 0 | grad(main/disc) 9.187/0.000 | lr(main/disc) 7.00e-05/3.50e-05 | cuda_peak(alloc/resv) 21.78/28.18GB | phase(train/val/raw/train_eval) 3.4/0.6/0.6/0.8s | 5.4s
2026-08-28 21:45:45 | New best val_f1_macro_present: raw=0.2093 stable_score=0.2093 at epoch 5
2026-08-28 21:45:50 | Epoch 006/060 | loss 2.9380 | cls 2.7253 | tal 0.0646 | dual_g 0.1933 | dual_d 0.9558 | train_acc 0.5217 | train_full n/a | val_acc 0.4167 | val_f1 0.4467 | adv/moduleC 0.05/0.10 | disc_steps 3 | grad(main/disc) 8.933/1.963 | lr(main/disc) 7.00e-05/3.50e-05 | cuda_peak(alloc/resv) 21.78/28.18GB | phase(train/val/raw/train_eval) 3.6/0.6/0.6/0.0s | 4.7s
2026-08-28 21:45:53 | New best val_f1_macro_present: raw=0.4467 stable_score=0.4467 at epoch 6
2026-08-28 21:45:57 | Epoch 007/060 | loss 2.9679 | cls 2.5823 | tal 0.0644 | dual_g 0.3663 | dual_d 0.9001 | train_acc 0.5779 | train_full n/a | val_acc 0.4917 | val_f1 0.5504 | adv/moduleC 0.10/0.20 | disc_steps 3 | grad(main/disc) 8.981/1.860 | lr(main/disc) 7.00e-05/3.50e-05 | cuda_peak(alloc/resv) 21.78/28.18GB | phase(train/val/raw/train_eval) 3.5/0.6/0.6/0.0s | 4.7s
2026-08-28 21:46:00 | New best val_f1_macro_present: raw=0.5504 stable_score=0.5504 at epoch 7
2026-08-28 21:46:05 | Epoch 008/060 | loss 2.9443 | cls 2.3989 | tal 0.0981 | dual_g 0.5160 | dual_d 0.9366 | train_acc 0.6051 | train_full n/a | val_acc 0.5167 | val_f1 0.5848 | adv/moduleC 0.15/0.30 | disc_steps 3 | grad(main/disc) 9.026/1.821 | lr(main/disc) 7.00e-05/3.50e-05 | cuda_peak(alloc/resv) 21.78/28.18GB | phase(train/val/raw/train_eval) 3.7/0.6/0.6/0.0s | 4.9s
2026-08-28 21:46:08 | New best val_f1_macro_present: raw=0.5848 stable_score=0.5848 at epoch 8
2026-08-28 21:46:12 | Epoch 009/060 | loss 2.8036 | cls 2.1590 | tal 0.0558 | dual_g 0.6279 | dual_d 0.9135 | train_acc 0.7138 | train_full n/a | val_acc 0.5667 | val_f1 0.6399 | adv/moduleC 0.20/0.40 | disc_steps 3 | grad(main/disc) 8.581/1.775 | lr(main/disc) 7.00e-05/3.50e-05 | cuda_peak(alloc/resv) 21.78/28.18GB | phase(train/val/raw/train_eval) 3.3/0.6/0.6/0.0s | 4.5s
2026-08-28 21:46:15 | New best val_f1_macro_present: raw=0.6399 stable_score=0.6399 at epoch 9
2026-08-28 21:46:21 | Epoch 010/060 | loss 2.8903 | cls 2.1207 | tal 0.0807 | dual_g 0.7454 | dual_d 0.8407 | train_acc 0.7228 | train_full 0.6667 | val_acc 0.6583 | val_f1 0.6573 | adv/moduleC 0.25/0.50 | disc_steps 3 | grad(main/disc) 9.392/1.662 | lr(main/disc) 7.00e-05/3.50e-05 | cuda_peak(alloc/resv) 21.78/28.18GB | phase(train/val/raw/train_eval) 3.5/0.6/0.6/0.8s | 5.5s
2026-08-28 21:46:24 | New best val_f1_macro_present: raw=0.6573 stable_score=0.6573 at epoch 10
2026-08-28 21:46:28 | Epoch 011/060 | loss 2.8298 | cls 1.9566 | tal 0.0699 | dual_g 0.8523 | dual_d 0.8165 | train_acc 0.7591 | train_full n/a | val_acc 0.7167 | val_f1 0.6871 | adv/moduleC 0.30/0.60 | disc_steps 3 | grad(main/disc) 9.405/1.598 | lr(main/disc) 7.00e-05/3.50e-05 | cuda_peak(alloc/resv) 21.78/28.18GB | phase(train/val/raw/train_eval) 3.5/0.6/0.6/0.0s | 4.7s
2026-08-28 21:46:31 | New best val_f1_macro_present: raw=0.6871 stable_score=0.6871 at epoch 11
2026-08-28 21:46:36 | Epoch 012/060 | loss 2.8103 | cls 1.8579 | tal 0.0241 | dual_g 0.9452 | dual_d 0.8821 | train_acc 0.7899 | train_full n/a | val_acc 0.7833 | val_f1 0.7564 | adv/moduleC 0.35/0.70 | disc_steps 3 | grad(main/disc) 9.889/1.630 | lr(main/disc) 7.00e-05/3.50e-05 | cuda_peak(alloc/resv) 21.78/28.18GB | phase(train/val/raw/train_eval) 3.7/0.6/0.6/0.0s | 4.9s
2026-08-28 21:46:39 | New best val_f1_macro_present: raw=0.7564 stable_score=0.7564 at epoch 12
2026-08-28 21:46:43 | Epoch 013/060 | loss 2.8124 | cls 1.7874 | tal 0.0119 | dual_g 1.0214 | dual_d 0.8560 | train_acc 0.8225 | train_full n/a | val_acc 0.7250 | val_f1 0.7174 | adv/moduleC 0.40/0.80 | disc_steps 3 | grad(main/disc) 9.171/1.547 | lr(main/disc) 7.00e-05/3.50e-05 | cuda_peak(alloc/resv) 21.78/28.18GB | phase(train/val/raw/train_eval) 3.4/0.6/0.0/0.0s | 4.0s
2026-08-28 21:46:47 | Epoch 014/060 | loss 2.8276 | cls 1.7146 | tal -0.0053 | dual_g 1.1145 | dual_d 0.8283 | train_acc 0.8351 | train_full n/a | val_acc 0.7417 | val_f1 0.7217 | adv/moduleC 0.45/0.90 | disc_steps 3 | grad(main/disc) 9.045/1.575 | lr(main/disc) 7.00e-05/3.50e-05 | cuda_peak(alloc/resv) 21.78/28.18GB | phase(train/val/raw/train_eval) 3.4/0.6/0.0/0.0s | 4.0s
2026-08-28 21:46:52 | Epoch 015/060 | loss 2.8219 | cls 1.6477 | tal -0.0262 | dual_g 1.1821 | dual_d 0.8147 | train_acc 0.8786 | train_full 0.7871 | val_acc 0.7917 | val_f1 0.7648 | adv/moduleC 0.50/1.00 | disc_steps 3 | grad(main/disc) 8.798/1.498 | lr(main/disc) 7.00e-05/3.50e-05 | cuda_peak(alloc/resv) 21.78/28.18GB | phase(train/val/raw/train_eval) 3.4/0.6/0.6/0.8s | 5.4s
2026-08-28 21:46:55 | New best val_f1_macro_present: raw=0.7648 stable_score=0.7648 at epoch 15
2026-08-28 21:46:59 | Epoch 016/060 | loss 2.7973 | cls 1.6317 | tal 0.0322 | dual_g 1.1559 | dual_d 0.8451 | train_acc 0.8623 | train_full n/a | val_acc 0.7833 | val_f1 0.7600 | adv/moduleC 0.55/1.00 | disc_steps 3 | grad(main/disc) 8.451/1.518 | lr(main/disc) 7.00e-05/3.50e-05 | cuda_peak(alloc/resv) 21.78/28.18GB | phase(train/val/raw/train_eval) 3.4/0.6/0.0/0.0s | 4.0s
2026-08-28 21:47:04 | Epoch 017/060 | loss 2.7389 | cls 1.5789 | tal -0.0160 | dual_g 1.1648 | dual_d 0.8628 | train_acc 0.9076 | train_full n/a | val_acc 0.8333 | val_f1 0.7996 | adv/moduleC 0.60/1.00 | disc_steps 3 | grad(main/disc) 8.511/1.488 | lr(main/disc) 7.00e-05/3.50e-05 | cuda_peak(alloc/resv) 21.78/28.18GB | phase(train/val/raw/train_eval) 3.4/0.6/0.6/0.0s | 4.6s
2026-08-28 21:47:06 | New best val_f1_macro_present: raw=0.7996 stable_score=0.7996 at epoch 17
2026-08-28 21:47:11 | Epoch 018/060 | loss 2.6424 | cls 1.5281 | tal 0.0066 | dual_g 1.1124 | dual_d 0.8504 | train_acc 0.9221 | train_full n/a | val_acc 0.8417 | val_f1 0.8042 | adv/moduleC 0.65/1.00 | disc_steps 3 | grad(main/disc) 7.650/1.493 | lr(main/disc) 7.00e-05/3.50e-05 | cuda_peak(alloc/resv) 21.78/28.18GB | phase(train/val/raw/train_eval) 3.3/0.6/0.6/0.0s | 4.4s
2026-08-28 21:47:14 | New best val_f1_macro_present: raw=0.8042 stable_score=0.8042 at epoch 18
2026-08-28 21:47:18 | Epoch 019/060 | loss 2.6217 | cls 1.5110 | tal 0.0023 | dual_g 1.1100 | dual_d 0.8712 | train_acc 0.9203 | train_full n/a | val_acc 0.8500 | val_f1 0.8036 | adv/moduleC 0.70/1.00 | disc_steps 3 | grad(main/disc) 8.963/1.490 | lr(main/disc) 7.00e-05/3.50e-05 | cuda_peak(alloc/resv) 21.78/28.18GB | phase(train/val/raw/train_eval) 3.5/0.6/0.0/0.0s | 4.1s
2026-08-28 21:47:23 | Epoch 020/060 | loss 2.5935 | cls 1.4936 | tal 0.0142 | dual_g 1.0957 | dual_d 0.8888 | train_acc 0.9257 | train_full 0.8989 | val_acc 0.8583 | val_f1 0.8149 | adv/moduleC 0.75/1.00 | disc_steps 3 | grad(main/disc) 8.186/1.507 | lr(main/disc) 7.00e-05/3.50e-05 | cuda_peak(alloc/resv) 21.78/28.18GB | phase(train/val/raw/train_eval) 3.4/0.6/0.6/0.8s | 5.4s
2026-08-28 21:47:26 | New best val_f1_macro_present: raw=0.8149 stable_score=0.8149 at epoch 20
2026-08-28 21:47:30 | Epoch 021/060 | loss 2.5196 | cls 1.4572 | tal 0.0049 | dual_g 1.0609 | dual_d 0.8500 | train_acc 0.9457 | train_full n/a | val_acc 0.8417 | val_f1 0.7930 | adv/moduleC 0.80/1.00 | disc_steps 3 | grad(main/disc) 5.937/1.429 | lr(main/disc) 7.00e-05/3.50e-05 | cuda_peak(alloc/resv) 21.78/28.18GB | phase(train/val/raw/train_eval) 3.1/0.6/0.0/0.0s | 3.7s
2026-08-28 21:47:34 | Epoch 022/060 | loss 2.5039 | cls 1.4666 | tal -0.0241 | dual_g 1.0445 | dual_d 0.8827 | train_acc 0.9348 | train_full n/a | val_acc 0.8750 | val_f1 0.8289 | adv/moduleC 0.85/1.00 | disc_steps 3 | grad(main/disc) 6.714/1.449 | lr(main/disc) 7.00e-05/3.50e-05 | cuda_peak(alloc/resv) 21.78/28.18GB | phase(train/val/raw/train_eval) 3.2/0.6/0.6/0.0s | 4.4s
2026-08-28 21:47:37 | New best val_f1_macro_present: raw=0.8289 stable_score=0.8289 at epoch 22
2026-08-28 21:47:42 | Epoch 023/060 | loss 2.4994 | cls 1.4474 | tal 0.0215 | dual_g 1.0456 | dual_d 0.8822 | train_acc 0.9420 | train_full n/a | val_acc 0.8750 | val_f1 0.8337 | adv/moduleC 0.90/1.00 | disc_steps 3 | grad(main/disc) 7.688/1.437 | lr(main/disc) 7.00e-05/3.50e-05 | cuda_peak(alloc/resv) 21.78/28.18GB | phase(train/val/raw/train_eval) 3.4/0.6/0.6/0.0s | 4.6s
2026-08-28 21:47:44 | New best val_f1_macro_present: raw=0.8337 stable_score=0.8337 at epoch 23
2026-08-28 21:47:49 | Epoch 024/060 | loss 2.4754 | cls 1.4390 | tal -0.0254 | dual_g 1.0440 | dual_d 0.8990 | train_acc 0.9420 | train_full n/a | val_acc 0.9000 | val_f1 0.8650 | adv/moduleC 0.95/1.00 | disc_steps 3 | grad(main/disc) 7.838/1.487 | lr(main/disc) 7.00e-05/3.50e-05 | cuda_peak(alloc/resv) 21.78/28.18GB | phase(train/val/raw/train_eval) 3.2/0.6/0.6/0.0s | 4.4s
2026-08-28 21:47:52 | New best val_f1_macro_present: raw=0.8650 stable_score=0.8650 at epoch 24
2026-08-28 21:47:57 | Epoch 025/060 | loss 2.4700 | cls 1.4403 | tal -0.0180 | dual_g 1.0351 | dual_d 0.8612 | train_acc 0.9511 | train_full 0.9591 | val_acc 0.9250 | val_f1 0.9097 | adv/moduleC 1.00/1.00 | disc_steps 3 | grad(main/disc) 6.337/1.418 | lr(main/disc) 7.00e-05/3.50e-05 | cuda_peak(alloc/resv) 21.78/28.18GB | phase(train/val/raw/train_eval) 3.4/0.6/0.6/0.8s | 5.4s
2026-08-28 21:48:00 | New best val_f1_macro_present: raw=0.9097 stable_score=0.9097 at epoch 25
2026-08-28 21:48:04 | Epoch 026/060 | loss 2.3929 | cls 1.3858 | tal -0.0007 | dual_g 1.0073 | dual_d 0.9625 | train_acc 0.9638 | train_full n/a | val_acc 0.8917 | val_f1 0.8436 | adv/moduleC 1.00/1.00 | disc_steps 3 | grad(main/disc) 5.961/1.549 | lr(main/disc) 7.00e-05/3.50e-05 | cuda_peak(alloc/resv) 21.78/28.18GB | phase(train/val/raw/train_eval) 3.3/0.6/0.0/0.0s | 3.9s
2026-08-28 21:48:08 | Epoch 027/060 | loss 2.4193 | cls 1.3941 | tal 0.0421 | dual_g 1.0126 | dual_d 0.9174 | train_acc 0.9656 | train_full n/a | val_acc 0.8583 | val_f1 0.8445 | adv/moduleC 1.00/1.00 | disc_steps 3 | grad(main/disc) 7.526/1.480 | lr(main/disc) 7.00e-05/3.50e-05 | cuda_peak(alloc/resv) 21.78/28.18GB | phase(train/val/raw/train_eval) 3.3/0.6/0.0/0.0s | 3.9s
2026-08-28 21:48:12 | Epoch 028/060 | loss 2.3715 | cls 1.3835 | tal -0.0104 | dual_g 0.9911 | dual_d 0.9707 | train_acc 0.9656 | train_full n/a | val_acc 0.7667 | val_f1 0.7525 | adv/moduleC 1.00/1.00 | disc_steps 3 | grad(main/disc) 6.252/1.552 | lr(main/disc) 7.00e-05/3.50e-05 | cuda_peak(alloc/resv) 21.78/28.18GB | phase(train/val/raw/train_eval) 3.3/0.6/0.0/0.0s | 3.9s
2026-08-28 21:48:15 | Epoch 029/060 | loss 2.3605 | cls 1.3765 | tal 0.0100 | dual_g 0.9810 | dual_d 0.9933 | train_acc 0.9764 | train_full n/a | val_acc 0.9167 | val_f1 0.8700 | adv/moduleC 1.00/1.00 | disc_steps 3 | grad(main/disc) 6.105/1.528 | lr(main/disc) 7.00e-05/3.50e-05 | cuda_peak(alloc/resv) 21.78/28.18GB | phase(train/val/raw/train_eval) 3.3/0.6/0.0/0.0s | 3.9s
2026-08-28 21:48:21 | Epoch 030/060 | loss 2.3178 | cls 1.3529 | tal -0.0427 | dual_g 0.9777 | dual_d 0.9691 | train_acc 0.9764 | train_full 0.9677 | val_acc 0.9417 | val_f1 0.9259 | adv/moduleC 1.00/1.00 | disc_steps 3 | grad(main/disc) 5.204/1.481 | lr(main/disc) 7.00e-05/3.50e-05 | cuda_peak(alloc/resv) 21.78/28.18GB | phase(train/val/raw/train_eval) 3.5/0.6/0.6/0.9s | 5.6s
2026-08-28 21:48:24 | New best val_f1_macro_present: raw=0.9259 stable_score=0.9259 at epoch 30
2026-08-28 21:48:28 | Epoch 031/060 | loss 2.2737 | cls 1.3291 | tal -0.0577 | dual_g 0.9620 | dual_d 1.0123 | train_acc 0.9891 | train_full n/a | val_acc 0.9333 | val_f1 0.8923 | adv/moduleC 1.00/1.00 | disc_steps 3 | grad(main/disc) 4.705/1.522 | lr(main/disc) 7.00e-05/3.50e-05 | cuda_peak(alloc/resv) 21.78/28.18GB | phase(train/val/raw/train_eval) 3.2/0.6/0.0/0.0s | 3.8s
2026-08-28 21:48:31 | Epoch 032/060 | loss 2.2512 | cls 1.3174 | tal -0.0894 | dual_g 0.9607 | dual_d 1.0409 | train_acc 0.9909 | train_full n/a | val_acc 0.9167 | val_f1 0.8714 | adv/moduleC 1.00/1.00 | disc_steps 3 | grad(main/disc) 4.487/1.560 | lr(main/disc) 7.00e-05/3.50e-05 | cuda_peak(alloc/resv) 21.78/28.18GB | phase(train/val/raw/train_eval) 3.3/0.6/0.0/0.0s | 3.9s
2026-08-28 21:48:35 | Epoch 033/060 | loss 2.2859 | cls 1.3393 | tal -0.0579 | dual_g 0.9641 | dual_d 1.0190 | train_acc 0.9728 | train_full n/a | val_acc 0.9083 | val_f1 0.8755 | adv/moduleC 1.00/1.00 | disc_steps 3 | grad(main/disc) 4.469/1.476 | lr(main/disc) 7.00e-05/3.50e-05 | cuda_peak(alloc/resv) 21.78/28.18GB | phase(train/val/raw/train_eval) 3.2/0.6/0.0/0.0s | 3.8s
2026-08-28 21:48:39 | Epoch 034/060 | loss 2.2557 | cls 1.3137 | tal -0.0276 | dual_g 0.9503 | dual_d 1.0167 | train_acc 0.9891 | train_full n/a | val_acc 0.9417 | val_f1 0.8944 | adv/moduleC 1.00/1.00 | disc_steps 3 | grad(main/disc) 4.067/1.468 | lr(main/disc) 7.00e-05/3.50e-05 | cuda_peak(alloc/resv) 21.78/28.18GB | phase(train/val/raw/train_eval) 3.5/0.6/0.0/0.0s | 4.1s
2026-08-28 21:48:45 | Epoch 035/060 | loss 2.2591 | cls 1.3239 | tal -0.0556 | dual_g 0.9520 | dual_d 1.0490 | train_acc 0.9728 | train_full 0.9204 | val_acc 0.9167 | val_f1 0.8968 | adv/moduleC 1.00/1.00 | disc_steps 3 | grad(main/disc) 5.063/1.495 | lr(main/disc) 7.00e-05/3.50e-05 | cuda_peak(alloc/resv) 21.78/28.18GB | phase(train/val/raw/train_eval) 3.4/0.6/0.6/0.8s | 5.4s
2026-08-28 21:48:49 | Epoch 036/060 | loss 2.2594 | cls 1.3224 | tal -0.0451 | dual_g 0.9505 | dual_d 1.0666 | train_acc 0.9746 | train_full n/a | val_acc 0.9583 | val_f1 0.9402 | adv/moduleC 1.00/1.00 | disc_steps 3 | grad(main/disc) 4.477/1.528 | lr(main/disc) 7.00e-05/3.50e-05 | cuda_peak(alloc/resv) 21.78/28.18GB | phase(train/val/raw/train_eval) 3.4/0.6/0.6/0.0s | 4.6s
2026-08-28 21:48:52 | New best val_f1_macro_present: raw=0.9402 stable_score=0.9402 at epoch 36
2026-08-28 21:48:56 | Epoch 037/060 | loss 2.1963 | cls 1.3026 | tal -0.0999 | dual_g 0.9237 | dual_d 1.0598 | train_acc 0.9819 | train_full n/a | val_acc 0.9000 | val_f1 0.8924 | adv/moduleC 1.00/1.00 | disc_steps 3 | grad(main/disc) 3.542/1.511 | lr(main/disc) 7.00e-05/3.50e-05 | cuda_peak(alloc/resv) 21.78/28.18GB | phase(train/val/raw/train_eval) 3.2/0.6/0.0/0.0s | 3.8s
2026-08-28 21:49:00 | Epoch 038/060 | loss 2.2055 | cls 1.3061 | tal -0.0898 | dual_g 0.9263 | dual_d 1.0245 | train_acc 0.9873 | train_full n/a | val_acc 0.9500 | val_f1 0.9168 | adv/moduleC 1.00/1.00 | disc_steps 3 | grad(main/disc) 3.485/1.489 | lr(main/disc) 7.00e-05/3.50e-05 | cuda_peak(alloc/resv) 21.78/28.18GB | phase(train/val/raw/train_eval) 3.7/0.6/0.0/0.0s | 4.3s
2026-08-28 21:49:04 | Epoch 039/060 | loss 2.2021 | cls 1.2972 | tal -0.0633 | dual_g 0.9239 | dual_d 1.0557 | train_acc 0.9891 | train_full n/a | val_acc 0.9167 | val_f1 0.8975 | adv/moduleC 1.00/1.00 | disc_steps 3 | grad(main/disc) 3.429/1.518 | lr(main/disc) 7.00e-05/3.50e-05 | cuda_peak(alloc/resv) 21.78/28.18GB | phase(train/val/raw/train_eval) 3.5/0.6/0.0/0.0s | 4.1s
2026-08-28 21:49:10 | Epoch 040/060 | loss 2.2138 | cls 1.2967 | tal -0.0352 | dual_g 0.9277 | dual_d 1.0836 | train_acc 0.9891 | train_full 0.9613 | val_acc 0.9333 | val_f1 0.9020 | adv/moduleC 1.00/1.00 | disc_steps 3 | grad(main/disc) 3.697/1.552 | lr(main/disc) 7.00e-05/3.50e-05 | cuda_peak(alloc/resv) 21.78/28.18GB | phase(train/val/raw/train_eval) 3.2/0.6/0.6/0.8s | 5.3s
2026-08-28 21:49:13 | Epoch 041/060 | loss 2.1834 | cls 1.2925 | tal -0.1039 | dual_g 0.9222 | dual_d 1.0308 | train_acc 0.9964 | train_full n/a | val_acc 0.9417 | val_f1 0.9144 | adv/moduleC 1.00/1.00 | disc_steps 3 | grad(main/disc) 3.436/1.424 | lr(main/disc) 7.00e-05/3.50e-05 | cuda_peak(alloc/resv) 21.78/28.18GB | phase(train/val/raw/train_eval) 3.4/0.6/0.0/0.0s | 4.0s
2026-08-28 21:49:17 | Epoch 042/060 | loss 2.1574 | cls 1.2811 | tal -0.1091 | dual_g 0.9090 | dual_d 1.0604 | train_acc 0.9946 | train_full n/a | val_acc 0.9000 | val_f1 0.8836 | adv/moduleC 1.00/1.00 | disc_steps 3 | grad(main/disc) 2.956/1.480 | lr(main/disc) 7.00e-05/3.50e-05 | cuda_peak(alloc/resv) 21.78/28.18GB | phase(train/val/raw/train_eval) 3.4/0.6/0.0/0.0s | 4.0s
2026-08-28 21:49:21 | Epoch 043/060 | loss 2.1585 | cls 1.2816 | tal -0.1164 | dual_g 0.9118 | dual_d 1.0590 | train_acc 0.9909 | train_full n/a | val_acc 0.9583 | val_f1 0.9375 | adv/moduleC 1.00/1.00 | disc_steps 3 | grad(main/disc) 3.236/1.448 | lr(main/disc) 3.50e-05/1.75e-05 | cuda_peak(alloc/resv) 21.78/28.18GB | phase(train/val/raw/train_eval) 3.2/0.6/0.0/0.0s | 3.8s
2026-08-28 21:49:25 | Epoch 044/060 | loss 2.1541 | cls 1.2798 | tal -0.1269 | dual_g 0.9124 | dual_d 1.1043 | train_acc 0.9909 | train_full n/a | val_acc 0.9333 | val_f1 0.9055 | adv/moduleC 1.00/1.00 | disc_steps 3 | grad(main/disc) 3.277/1.522 | lr(main/disc) 3.50e-05/1.75e-05 | cuda_peak(alloc/resv) 21.78/28.18GB | phase(train/val/raw/train_eval) 3.5/0.6/0.0/0.0s | 4.1s
2026-08-28 21:49:31 | Epoch 045/060 | loss 2.1565 | cls 1.2824 | tal -0.1229 | dual_g 0.9110 | dual_d 1.0605 | train_acc 0.9891 | train_full 0.9527 | val_acc 0.9500 | val_f1 0.9191 | adv/moduleC 1.00/1.00 | disc_steps 3 | grad(main/disc) 3.084/1.505 | lr(main/disc) 3.50e-05/1.75e-05 | cuda_peak(alloc/resv) 21.78/28.18GB | phase(train/val/raw/train_eval) 3.5/0.6/0.6/0.9s | 5.5s
2026-08-28 21:49:35 | Epoch 046/060 | loss 2.1348 | cls 1.2653 | tal -0.1189 | dual_g 0.9051 | dual_d 1.1298 | train_acc 0.9909 | train_full n/a | val_acc 0.9667 | val_f1 0.9422 | adv/moduleC 1.00/1.00 | disc_steps 3 | grad(main/disc) 2.847/1.562 | lr(main/disc) 3.50e-05/1.75e-05 | cuda_peak(alloc/resv) 21.78/28.18GB | phase(train/val/raw/train_eval) 3.3/0.6/0.6/0.0s | 4.5s
2026-08-28 21:49:38 | New best val_f1_macro_present: raw=0.9422 stable_score=0.9422 at epoch 46
2026-08-28 21:49:42 | Epoch 047/060 | loss 2.1433 | cls 1.2615 | tal -0.0878 | dual_g 0.9082 | dual_d 1.0872 | train_acc 0.9909 | train_full n/a | val_acc 0.9500 | val_f1 0.9110 | adv/moduleC 1.00/1.00 | disc_steps 3 | grad(main/disc) 2.859/1.469 | lr(main/disc) 3.50e-05/1.75e-05 | cuda_peak(alloc/resv) 21.78/28.18GB | phase(train/val/raw/train_eval) 3.5/0.6/0.0/0.0s | 4.1s
2026-08-28 21:49:47 | Epoch 048/060 | loss 2.1307 | cls 1.2625 | tal -0.1071 | dual_g 0.9004 | dual_d 1.0964 | train_acc 0.9946 | train_full n/a | val_acc 0.9667 | val_f1 0.9298 | adv/moduleC 1.00/1.00 | disc_steps 3 | grad(main/disc) 2.691/1.518 | lr(main/disc) 3.50e-05/1.75e-05 | cuda_peak(alloc/resv) 21.78/28.18GB | phase(train/val/raw/train_eval) 3.6/0.6/0.0/0.0s | 4.2s
2026-08-28 21:49:50 | Epoch 049/060 | loss 2.1359 | cls 1.2699 | tal -0.1223 | dual_g 0.9027 | dual_d 1.1030 | train_acc 0.9928 | train_full n/a | val_acc 0.9667 | val_f1 0.9422 | adv/moduleC 1.00/1.00 | disc_steps 3 | grad(main/disc) 2.993/1.479 | lr(main/disc) 3.50e-05/1.75e-05 | cuda_peak(alloc/resv) 21.78/28.18GB | phase(train/val/raw/train_eval) 3.2/0.6/0.0/0.0s | 3.8s
2026-08-28 21:49:56 | Epoch 050/060 | loss 2.1142 | cls 1.2708 | tal -0.1537 | dual_g 0.8895 | dual_d 1.0894 | train_acc 0.9891 | train_full 0.9634 | val_acc 0.9583 | val_f1 0.9492 | adv/moduleC 1.00/1.00 | disc_steps 3 | grad(main/disc) 2.772/1.473 | lr(main/disc) 3.50e-05/1.75e-05 | cuda_peak(alloc/resv) 21.78/28.18GB | phase(train/val/raw/train_eval) 3.7/0.6/0.6/0.8s | 5.7s
2026-08-28 21:49:59 | New best val_f1_macro_present: raw=0.9492 stable_score=0.9492 at epoch 50
2026-08-28 21:50:03 | Epoch 051/060 | loss 2.1335 | cls 1.2712 | tal -0.1218 | dual_g 0.8988 | dual_d 1.0761 | train_acc 0.9928 | train_full n/a | val_acc 0.9250 | val_f1 0.9116 | adv/moduleC 1.00/1.00 | disc_steps 3 | grad(main/disc) 2.483/1.442 | lr(main/disc) 3.50e-05/1.75e-05 | cuda_peak(alloc/resv) 21.78/28.18GB | phase(train/val/raw/train_eval) 3.4/0.6/0.0/0.0s | 3.9s
2026-08-28 21:50:07 | Epoch 052/060 | loss 2.1182 | cls 1.2644 | tal -0.1414 | dual_g 0.8962 | dual_d 1.0964 | train_acc 0.9964 | train_full n/a | val_acc 0.9417 | val_f1 0.9249 | adv/moduleC 1.00/1.00 | disc_steps 3 | grad(main/disc) 2.587/1.487 | lr(main/disc) 3.50e-05/1.75e-05 | cuda_peak(alloc/resv) 21.78/28.18GB | phase(train/val/raw/train_eval) 3.2/0.6/0.0/0.0s | 3.8s
2026-08-28 21:50:11 | Epoch 053/060 | loss 2.1120 | cls 1.2609 | tal -0.1516 | dual_g 0.8965 | dual_d 1.0754 | train_acc 0.9982 | train_full n/a | val_acc 0.9583 | val_f1 0.9262 | adv/moduleC 1.00/1.00 | disc_steps 3 | grad(main/disc) 2.419/1.434 | lr(main/disc) 3.50e-05/1.75e-05 | cuda_peak(alloc/resv) 21.78/28.18GB | phase(train/val/raw/train_eval) 3.5/0.6/0.0/0.0s | 4.1s
2026-08-28 21:50:15 | Epoch 054/060 | loss 2.0998 | cls 1.2600 | tal -0.1815 | dual_g 0.8942 | dual_d 1.0994 | train_acc 0.9946 | train_full n/a | val_acc 0.9583 | val_f1 0.9353 | adv/moduleC 1.00/1.00 | disc_steps 3 | grad(main/disc) 2.716/1.453 | lr(main/disc) 3.50e-05/1.75e-05 | cuda_peak(alloc/resv) 21.78/28.18GB | phase(train/val/raw/train_eval) 3.5/0.6/0.0/0.0s | 4.1s
2026-08-28 21:50:21 | Epoch 055/060 | loss 2.1065 | cls 1.2704 | tal -0.1753 | dual_g 0.8888 | dual_d 1.1064 | train_acc 1.0000 | train_full 0.9763 | val_acc 0.9583 | val_f1 0.9353 | adv/moduleC 1.00/1.00 | disc_steps 3 | grad(main/disc) 3.002/1.440 | lr(main/disc) 3.50e-05/1.75e-05 | cuda_peak(alloc/resv) 21.78/28.18GB | phase(train/val/raw/train_eval) 3.7/0.6/0.6/0.8s | 5.7s
2026-08-28 21:50:25 | Epoch 056/060 | loss 2.1040 | cls 1.2649 | tal -0.1773 | dual_g 0.8923 | dual_d 1.0564 | train_acc 0.9982 | train_full n/a | val_acc 0.9667 | val_f1 0.9557 | adv/moduleC 1.00/1.00 | disc_steps 3 | grad(main/disc) 3.072/1.425 | lr(main/disc) 3.50e-05/1.75e-05 | cuda_peak(alloc/resv) 21.78/28.18GB | phase(train/val/raw/train_eval) 3.3/0.6/0.6/0.0s | 4.5s
2026-08-28 21:50:28 | New best val_f1_macro_present: raw=0.9557 stable_score=0.9557 at epoch 56
2026-08-28 21:50:32 | Epoch 057/060 | loss 2.0933 | cls 1.2458 | tal -0.1590 | dual_g 0.8952 | dual_d 1.0851 | train_acc 0.9982 | train_full n/a | val_acc 0.9417 | val_f1 0.8989 | adv/moduleC 1.00/1.00 | disc_steps 3 | grad(main/disc) 2.243/1.431 | lr(main/disc) 3.50e-05/1.75e-05 | cuda_peak(alloc/resv) 21.78/28.18GB | phase(train/val/raw/train_eval) 3.3/0.6/0.0/0.0s | 3.9s
2026-08-28 21:50:36 | Epoch 058/060 | loss 2.0942 | cls 1.2520 | tal -0.1680 | dual_g 0.8926 | dual_d 1.0908 | train_acc 1.0000 | train_full n/a | val_acc 0.9500 | val_f1 0.9197 | adv/moduleC 1.00/1.00 | disc_steps 3 | grad(main/disc) 2.612/1.460 | lr(main/disc) 3.50e-05/1.75e-05 | cuda_peak(alloc/resv) 21.78/28.18GB | phase(train/val/raw/train_eval) 3.4/0.6/0.0/0.0s | 4.0s
2026-08-28 21:50:40 | Epoch 059/060 | loss 2.0754 | cls 1.2450 | tal -0.1788 | dual_g 0.8840 | dual_d 1.0898 | train_acc 1.0000 | train_full n/a | val_acc 0.9583 | val_f1 0.9236 | adv/moduleC 1.00/1.00 | disc_steps 3 | grad(main/disc) 2.939/1.424 | lr(main/disc) 3.50e-05/1.75e-05 | cuda_peak(alloc/resv) 21.78/28.18GB | phase(train/val/raw/train_eval) 3.4/0.6/0.0/0.0s | 4.0s
2026-08-28 21:50:45 | Epoch 060/060 | loss 2.0958 | cls 1.2612 | tal -0.1658 | dual_g 0.8844 | dual_d 1.0952 | train_acc 0.9946 | train_full 0.9828 | val_acc 0.9583 | val_f1 0.9164 | adv/moduleC 1.00/1.00 | disc_steps 3 | grad(main/disc) 2.613/1.444 | lr(main/disc) 3.50e-05/1.75e-05 | cuda_peak(alloc/resv) 21.78/28.18GB | phase(train/val/raw/train_eval) 3.2/0.6/0.6/0.9s | 5.3s
2026-08-28 21:50:45 | Training complete. Peak validation accuracy: 0.9667 | selected val_f1_macro_present: 0.9557
