2026-08-28 21:50:45 | Starting Dual_D standalone training
2026-08-28 21:50:45 | Run directory: runs/module_c_ablation_60_v6/module_c_20260828_191630/module_c_no_prototype_contrastive_黑天_20260828_214511
2026-08-28 21:50:45 | Device: cuda
2026-08-28 21:50:45 | Source train samples: 992
2026-08-28 21:50:45 | Target train samples: 465
2026-08-28 21:50:45 | Target val samples: 120
2026-08-28 21:50:45 | Classes: 14
2026-08-28 21:50:45 | Data audit: same_dir=False | path_overlap(vis/ir/ais)=0/0/0 | content_overlap(vis/ir/ais)=0/0/0 | ais_index_overlap=0 | stem_mismatch(vis-ir/vis-ais)=578/0
2026-08-28 21:50:45 | source_train classes: present 14/14 | absent 0 | counts [0:120, 1:44, 2:69, 3:45, 4:40, 5:30, 6:64, 7:80, 8:116, 9:68, 10:57, 11:83, 12:48, 13:128]
2026-08-28 21:50:45 | target_train classes: present 8/14 | absent 6 | counts [0:100, 2:11, 3:16, 6:89, 9:162, 10:12, 11:44, 13:31]
2026-08-28 21:50:45 | target_val classes: present 8/14 | absent 6 | counts [0:26, 2:3, 3:5, 6:23, 9:41, 10:3, 11:11, 13:8]
2026-08-28 21:50:45 | Paired training classes: 8/14 | class ids [0, 2, 3, 6, 9, 10, 11, 13]
2026-08-28 21:50:45 | Runtime profile: batch=92 | paired_steps=6 | workers=16 | train_eval_every=5 | raw_eval_every=5 | stability_window=1 | early_stop=15 after min_epoch=48
2026-08-28 21:50:45 | VIS/IR pairing: class-level-unpaired | count-mismatch classes train/val: 10/0 | AIS alignment: none | AIS rows train/val: 0/0
2026-08-28 21:50:46 | Effective Dual-D loss weights: {"adv_auxiliary": 0.035, "adv_primary": 0.035, "classification": 0.5, "contrastive": 0.04, "cycle": 0.32, "identity": 0.05, "prototype_contrastive": 0.0}
2026-08-28 21:50:46 | Model parameters: total=17277714 | trainable=17120210
2026-08-28 21:50:53 | Epoch 001/060 | loss 5.5016 | cls 5.4406 | tal 0.2030 | dual_g 0.0000 | dual_d 0.0000 | train_acc 0.0942 | train_full 0.0602 | val_acc 0.0250 | val_f1 0.0082 | adv/moduleC 0.00/0.00 | disc_steps 0 | grad(main/disc) 15.397/0.000 | lr(main/disc) 7.00e-05/3.50e-05 | cuda_peak(alloc/resv) 21.77/28.18GB | phase(train/val/raw/train_eval) 4.6/0.6/0.6/0.9s | 6.7s
2026-08-28 21:50:56 | New best val_f1_macro_present: raw=0.0082 stable_score=0.0082 at epoch 1
2026-08-28 21:51:00 | Epoch 002/060 | loss 4.4641 | cls 4.3863 | tal 0.2592 | dual_g 0.0000 | dual_d 0.0000 | train_acc 0.1938 | train_full n/a | val_acc 0.2167 | val_f1 0.1191 | adv/moduleC 0.00/0.00 | disc_steps 0 | grad(main/disc) 11.988/0.000 | lr(main/disc) 7.00e-05/3.50e-05 | cuda_peak(alloc/resv) 21.77/28.18GB | phase(train/val/raw/train_eval) 3.3/0.6/0.6/0.0s | 4.5s
2026-08-28 21:51:03 | New best val_f1_macro_present: raw=0.1191 stable_score=0.1191 at epoch 2
2026-08-28 21:51:07 | Epoch 003/060 | loss 3.8703 | cls 3.7946 | tal 0.2523 | dual_g 0.0000 | dual_d 0.0000 | train_acc 0.2826 | train_full n/a | val_acc 0.0917 | val_f1 0.1071 | adv/moduleC 0.00/0.00 | disc_steps 0 | grad(main/disc) 10.538/0.000 | lr(main/disc) 7.00e-05/3.50e-05 | cuda_peak(alloc/resv) 21.77/28.18GB | phase(train/val/raw/train_eval) 3.4/0.6/0.0/0.0s | 4.0s
2026-08-28 21:51:11 | Epoch 004/060 | loss 3.4127 | cls 3.3922 | tal 0.0683 | dual_g 0.0000 | dual_d 0.0000 | train_acc 0.3569 | train_full n/a | val_acc 0.0583 | val_f1 0.0778 | adv/moduleC 0.00/0.00 | disc_steps 0 | grad(main/disc) 9.705/0.000 | lr(main/disc) 7.00e-05/3.50e-05 | cuda_peak(alloc/resv) 21.77/28.18GB | phase(train/val/raw/train_eval) 3.2/0.6/0.0/0.0s | 3.7s
2026-08-28 21:51:17 | Epoch 005/060 | loss 3.0295 | cls 3.0308 | tal -0.0045 | dual_g 0.0000 | dual_d 0.0000 | train_acc 0.4420 | train_full 0.1161 | val_acc 0.1000 | val_f1 0.1554 | adv/moduleC 0.00/0.00 | disc_steps 0 | grad(main/disc) 8.947/0.000 | lr(main/disc) 7.00e-05/3.50e-05 | cuda_peak(alloc/resv) 21.77/28.18GB | phase(train/val/raw/train_eval) 3.6/0.6/0.6/0.8s | 5.6s
2026-08-28 21:51:19 | New best val_f1_macro_present: raw=0.1554 stable_score=0.1554 at epoch 5
2026-08-28 21:51:24 | Epoch 006/060 | loss 2.9563 | cls 2.7545 | tal 0.0136 | dual_g 0.1977 | dual_d 0.9272 | train_acc 0.5272 | train_full n/a | val_acc 0.3250 | val_f1 0.3728 | adv/moduleC 0.05/0.10 | disc_steps 3 | grad(main/disc) 8.982/1.793 | lr(main/disc) 7.00e-05/3.50e-05 | cuda_peak(alloc/resv) 21.77/28.18GB | phase(train/val/raw/train_eval) 3.4/0.6/0.6/0.0s | 4.6s
2026-08-28 21:51:27 | New best val_f1_macro_present: raw=0.3728 stable_score=0.3728 at epoch 6
2026-08-28 21:51:32 | Epoch 007/060 | loss 2.9031 | cls 2.5525 | tal -0.0345 | dual_g 0.3610 | dual_d 0.9349 | train_acc 0.6214 | train_full n/a | val_acc 0.4917 | val_f1 0.5301 | adv/moduleC 0.10/0.20 | disc_steps 3 | grad(main/disc) 8.738/1.738 | lr(main/disc) 7.00e-05/3.50e-05 | cuda_peak(alloc/resv) 21.77/28.18GB | phase(train/val/raw/train_eval) 3.7/0.6/0.6/0.0s | 4.9s
2026-08-28 21:51:35 | New best val_f1_macro_present: raw=0.5301 stable_score=0.5301 at epoch 7
2026-08-28 21:51:40 | Epoch 008/060 | loss 2.8416 | cls 2.3436 | tal -0.0259 | dual_g 0.5058 | dual_d 0.9429 | train_acc 0.6612 | train_full n/a | val_acc 0.5083 | val_f1 0.5466 | adv/moduleC 0.15/0.30 | disc_steps 3 | grad(main/disc) 8.741/1.664 | lr(main/disc) 7.00e-05/3.50e-05 | cuda_peak(alloc/resv) 21.77/28.18GB | phase(train/val/raw/train_eval) 3.7/0.6/0.6/0.0s | 4.9s
2026-08-28 21:51:42 | New best val_f1_macro_present: raw=0.5466 stable_score=0.5466 at epoch 8
2026-08-28 21:51:47 | Epoch 009/060 | loss 2.7998 | cls 2.1809 | tal -0.0252 | dual_g 0.6265 | dual_d 0.9363 | train_acc 0.7120 | train_full n/a | val_acc 0.6583 | val_f1 0.6558 | adv/moduleC 0.20/0.40 | disc_steps 3 | grad(main/disc) 8.493/1.671 | lr(main/disc) 7.00e-05/3.50e-05 | cuda_peak(alloc/resv) 21.77/28.18GB | phase(train/val/raw/train_eval) 3.3/0.6/0.6/0.0s | 4.5s
2026-08-28 21:51:50 | New best val_f1_macro_present: raw=0.6558 stable_score=0.6558 at epoch 9
2026-08-28 21:51:56 | Epoch 010/060 | loss 2.8038 | cls 2.0784 | tal -0.0272 | dual_g 0.7336 | dual_d 0.8954 | train_acc 0.7518 | train_full 0.6624 | val_acc 0.6750 | val_f1 0.6847 | adv/moduleC 0.25/0.50 | disc_steps 3 | grad(main/disc) 8.322/1.536 | lr(main/disc) 7.00e-05/3.50e-05 | cuda_peak(alloc/resv) 21.77/28.18GB | phase(train/val/raw/train_eval) 3.6/0.6/0.6/0.9s | 5.7s
2026-08-28 21:51:58 | New best val_f1_macro_present: raw=0.6847 stable_score=0.6847 at epoch 10
2026-08-28 21:52:02 | Epoch 011/060 | loss 2.7940 | cls 1.9694 | tal -0.0686 | dual_g 0.8451 | dual_d 0.9582 | train_acc 0.7717 | train_full n/a | val_acc 0.5000 | val_f1 0.5769 | adv/moduleC 0.30/0.60 | disc_steps 3 | grad(main/disc) 8.578/1.536 | lr(main/disc) 7.00e-05/3.50e-05 | cuda_peak(alloc/resv) 21.77/28.18GB | phase(train/val/raw/train_eval) 3.4/0.6/0.0/0.0s | 4.0s
2026-08-28 21:52:07 | Epoch 012/060 | loss 2.8241 | cls 1.8940 | tal -0.0498 | dual_g 0.9451 | dual_d 0.9065 | train_acc 0.8043 | train_full n/a | val_acc 0.6167 | val_f1 0.6730 | adv/moduleC 0.35/0.70 | disc_steps 3 | grad(main/disc) 9.841/1.549 | lr(main/disc) 7.00e-05/3.50e-05 | cuda_peak(alloc/resv) 21.77/28.18GB | phase(train/val/raw/train_eval) 3.6/0.6/0.0/0.0s | 4.2s
2026-08-28 21:52:11 | Epoch 013/060 | loss 2.8733 | cls 1.8134 | tal -0.0582 | dual_g 1.0773 | dual_d 0.9095 | train_acc 0.8170 | train_full n/a | val_acc 0.7000 | val_f1 0.6897 | adv/moduleC 0.40/0.80 | disc_steps 3 | grad(main/disc) 9.172/1.437 | lr(main/disc) 7.00e-05/3.50e-05 | cuda_peak(alloc/resv) 21.77/28.18GB | phase(train/val/raw/train_eval) 3.6/0.6/0.6/0.0s | 4.8s
2026-08-28 21:52:14 | New best val_f1_macro_present: raw=0.6897 stable_score=0.6897 at epoch 13
2026-08-28 21:52:19 | Epoch 014/060 | loss 2.9059 | cls 1.7657 | tal -0.0588 | dual_g 1.1578 | dual_d 0.9166 | train_acc 0.8732 | train_full n/a | val_acc 0.7667 | val_f1 0.7419 | adv/moduleC 0.45/0.90 | disc_steps 3 | grad(main/disc) 11.882/1.436 | lr(main/disc) 7.00e-05/3.50e-05 | cuda_peak(alloc/resv) 21.77/28.18GB | phase(train/val/raw/train_eval) 3.9/0.6/0.6/0.0s | 5.1s
2026-08-28 21:52:22 | New best val_f1_macro_present: raw=0.7419 stable_score=0.7419 at epoch 14
2026-08-28 21:52:28 | Epoch 015/060 | loss 2.9517 | cls 1.7319 | tal -0.0336 | dual_g 1.2298 | dual_d 0.8960 | train_acc 0.8551 | train_full 0.8559 | val_acc 0.8250 | val_f1 0.7930 | adv/moduleC 0.50/1.00 | disc_steps 3 | grad(main/disc) 8.881/1.388 | lr(main/disc) 7.00e-05/3.50e-05 | cuda_peak(alloc/resv) 21.77/28.18GB | phase(train/val/raw/train_eval) 3.9/0.6/0.6/0.9s | 6.0s
2026-08-28 21:52:31 | New best val_f1_macro_present: raw=0.7930 stable_score=0.7930 at epoch 15
2026-08-28 21:52:36 | Epoch 016/060 | loss 2.8125 | cls 1.6241 | tal -0.0021 | dual_g 1.1891 | dual_d 0.8685 | train_acc 0.8949 | train_full n/a | val_acc 0.7750 | val_f1 0.7520 | adv/moduleC 0.55/1.00 | disc_steps 3 | grad(main/disc) 8.922/1.327 | lr(main/disc) 7.00e-05/3.50e-05 | cuda_peak(alloc/resv) 21.77/28.18GB | phase(train/val/raw/train_eval) 3.8/0.6/0.0/0.0s | 4.4s
2026-08-28 21:52:40 | Epoch 017/060 | loss 2.7734 | cls 1.6209 | tal -0.0711 | dual_g 1.1738 | dual_d 0.8852 | train_acc 0.9040 | train_full n/a | val_acc 0.7750 | val_f1 0.7504 | adv/moduleC 0.60/1.00 | disc_steps 3 | grad(main/disc) 9.113/1.319 | lr(main/disc) 7.00e-05/3.50e-05 | cuda_peak(alloc/resv) 21.77/28.18GB | phase(train/val/raw/train_eval) 3.6/0.6/0.0/0.0s | 4.2s
2026-08-28 21:52:44 | Epoch 018/060 | loss 2.6874 | cls 1.5599 | tal -0.0813 | dual_g 1.1519 | dual_d 0.8585 | train_acc 0.9203 | train_full n/a | val_acc 0.8083 | val_f1 0.7822 | adv/moduleC 0.65/1.00 | disc_steps 3 | grad(main/disc) 8.973/1.305 | lr(main/disc) 7.00e-05/3.50e-05 | cuda_peak(alloc/resv) 21.77/28.18GB | phase(train/val/raw/train_eval) 3.4/0.6/0.0/0.0s | 4.0s
2026-08-28 21:52:48 | Epoch 019/060 | loss 2.6346 | cls 1.5341 | tal -0.0313 | dual_g 1.1099 | dual_d 0.8707 | train_acc 0.9366 | train_full n/a | val_acc 0.7583 | val_f1 0.7314 | adv/moduleC 0.70/1.00 | disc_steps 3 | grad(main/disc) 7.756/1.272 | lr(main/disc) 7.00e-05/3.50e-05 | cuda_peak(alloc/resv) 21.77/28.18GB | phase(train/val/raw/train_eval) 3.4/0.6/0.0/0.0s | 4.0s
2026-08-28 21:52:54 | Epoch 020/060 | loss 2.5484 | cls 1.4845 | tal -0.0740 | dual_g 1.0861 | dual_d 0.8911 | train_acc 0.9330 | train_full 0.9290 | val_acc 0.8583 | val_f1 0.8404 | adv/moduleC 0.75/1.00 | disc_steps 3 | grad(main/disc) 7.941/1.308 | lr(main/disc) 7.00e-05/3.50e-05 | cuda_peak(alloc/resv) 21.77/28.18GB | phase(train/val/raw/train_eval) 3.8/0.6/0.6/0.9s | 5.9s
2026-08-28 21:52:57 | New best val_f1_macro_present: raw=0.8404 stable_score=0.8404 at epoch 20
2026-08-28 21:53:01 | Epoch 021/060 | loss 2.5243 | cls 1.4786 | tal -0.1014 | dual_g 1.0761 | dual_d 0.9357 | train_acc 0.9330 | train_full n/a | val_acc 0.8583 | val_f1 0.8324 | adv/moduleC 0.80/1.00 | disc_steps 3 | grad(main/disc) 7.601/1.352 | lr(main/disc) 7.00e-05/3.50e-05 | cuda_peak(alloc/resv) 21.77/28.18GB | phase(train/val/raw/train_eval) 3.4/0.6/0.0/0.0s | 4.0s
2026-08-28 21:53:05 | Epoch 022/060 | loss 2.5012 | cls 1.4570 | tal -0.0904 | dual_g 1.0712 | dual_d 0.9146 | train_acc 0.9330 | train_full n/a | val_acc 0.7667 | val_f1 0.7490 | adv/moduleC 0.85/1.00 | disc_steps 3 | grad(main/disc) 8.809/1.285 | lr(main/disc) 7.00e-05/3.50e-05 | cuda_peak(alloc/resv) 21.77/28.18GB | phase(train/val/raw/train_eval) 3.4/0.6/0.0/0.0s | 4.0s
2026-08-28 21:53:09 | Epoch 023/060 | loss 2.4729 | cls 1.4414 | tal -0.0623 | dual_g 1.0502 | dual_d 0.9180 | train_acc 0.9348 | train_full n/a | val_acc 0.7667 | val_f1 0.7551 | adv/moduleC 0.90/1.00 | disc_steps 3 | grad(main/disc) 6.860/1.313 | lr(main/disc) 7.00e-05/3.50e-05 | cuda_peak(alloc/resv) 21.77/28.18GB | phase(train/val/raw/train_eval) 3.9/0.6/0.0/0.0s | 4.5s
2026-08-28 21:53:14 | Epoch 024/060 | loss 2.4742 | cls 1.4405 | tal -0.0122 | dual_g 1.0373 | dual_d 0.9201 | train_acc 0.9511 | train_full n/a | val_acc 0.8083 | val_f1 0.7966 | adv/moduleC 0.95/1.00 | disc_steps 3 | grad(main/disc) 6.971/1.302 | lr(main/disc) 7.00e-05/3.50e-05 | cuda_peak(alloc/resv) 21.77/28.18GB | phase(train/val/raw/train_eval) 3.7/0.6/0.0/0.0s | 4.3s
2026-08-28 21:53:19 | Epoch 025/060 | loss 2.4447 | cls 1.4246 | tal -0.0706 | dual_g 1.0413 | dual_d 0.9358 | train_acc 0.9475 | train_full 0.8624 | val_acc 0.7917 | val_f1 0.7897 | adv/moduleC 1.00/1.00 | disc_steps 3 | grad(main/disc) 7.034/1.295 | lr(main/disc) 7.00e-05/3.50e-05 | cuda_peak(alloc/resv) 21.77/28.18GB | phase(train/val/raw/train_eval) 3.5/0.6/0.6/0.9s | 5.6s
2026-08-28 21:53:24 | Epoch 026/060 | loss 2.4120 | cls 1.4018 | tal -0.0352 | dual_g 1.0208 | dual_d 0.9525 | train_acc 0.9583 | train_full n/a | val_acc 0.8167 | val_f1 0.8146 | adv/moduleC 1.00/1.00 | disc_steps 3 | grad(main/disc) 5.997/1.313 | lr(main/disc) 7.00e-05/3.50e-05 | cuda_peak(alloc/resv) 21.77/28.18GB | phase(train/val/raw/train_eval) 3.6/0.6/0.0/0.0s | 4.2s
2026-08-28 21:53:28 | Epoch 027/060 | loss 2.3825 | cls 1.3874 | tal -0.0686 | dual_g 1.0157 | dual_d 0.9481 | train_acc 0.9710 | train_full n/a | val_acc 0.8833 | val_f1 0.8624 | adv/moduleC 1.00/1.00 | disc_steps 3 | grad(main/disc) 6.078/1.281 | lr(main/disc) 7.00e-05/3.50e-05 | cuda_peak(alloc/resv) 21.77/28.18GB | phase(train/val/raw/train_eval) 3.4/0.6/0.6/0.0s | 4.6s
2026-08-28 21:53:31 | New best val_f1_macro_present: raw=0.8624 stable_score=0.8624 at epoch 27
2026-08-28 21:53:35 | Epoch 028/060 | loss 2.3677 | cls 1.3904 | tal -0.0764 | dual_g 1.0002 | dual_d 0.9929 | train_acc 0.9674 | train_full n/a | val_acc 0.8667 | val_f1 0.8346 | adv/moduleC 1.00/1.00 | disc_steps 3 | grad(main/disc) 5.880/1.310 | lr(main/disc) 7.00e-05/3.50e-05 | cuda_peak(alloc/resv) 21.77/28.18GB | phase(train/val/raw/train_eval) 3.3/0.6/0.0/0.0s | 3.9s
2026-08-28 21:53:39 | Epoch 029/060 | loss 2.3747 | cls 1.3953 | tal -0.1074 | dual_g 1.0116 | dual_d 0.9648 | train_acc 0.9638 | train_full n/a | val_acc 0.8333 | val_f1 0.8053 | adv/moduleC 1.00/1.00 | disc_steps 3 | grad(main/disc) 6.678/1.304 | lr(main/disc) 7.00e-05/3.50e-05 | cuda_peak(alloc/resv) 21.77/28.18GB | phase(train/val/raw/train_eval) 3.4/0.6/0.0/0.0s | 4.0s
2026-08-28 21:53:45 | Epoch 030/060 | loss 2.3077 | cls 1.3637 | tal -0.1329 | dual_g 0.9839 | dual_d 0.9790 | train_acc 0.9819 | train_full 0.8860 | val_acc 0.8500 | val_f1 0.8179 | adv/moduleC 1.00/1.00 | disc_steps 3 | grad(main/disc) 5.079/1.320 | lr(main/disc) 7.00e-05/3.50e-05 | cuda_peak(alloc/resv) 21.77/28.18GB | phase(train/val/raw/train_eval) 3.8/0.6/0.6/0.9s | 5.8s
2026-08-28 21:53:49 | Epoch 031/060 | loss 2.2964 | cls 1.3492 | tal -0.0879 | dual_g 0.9736 | dual_d 1.0354 | train_acc 0.9801 | train_full n/a | val_acc 0.7667 | val_f1 0.7840 | adv/moduleC 1.00/1.00 | disc_steps 3 | grad(main/disc) 5.049/1.359 | lr(main/disc) 7.00e-05/3.50e-05 | cuda_peak(alloc/resv) 21.77/28.18GB | phase(train/val/raw/train_eval) 3.6/0.6/0.0/0.0s | 4.1s
2026-08-28 21:53:53 | Epoch 032/060 | loss 2.2781 | cls 1.3457 | tal -0.1182 | dual_g 0.9679 | dual_d 1.0163 | train_acc 0.9764 | train_full n/a | val_acc 0.8083 | val_f1 0.8064 | adv/moduleC 1.00/1.00 | disc_steps 3 | grad(main/disc) 4.796/1.355 | lr(main/disc) 7.00e-05/3.50e-05 | cuda_peak(alloc/resv) 21.77/28.18GB | phase(train/val/raw/train_eval) 3.4/0.6/0.0/0.0s | 4.0s
2026-08-28 21:53:58 | Epoch 033/060 | loss 2.2503 | cls 1.3252 | tal -0.1516 | dual_g 0.9706 | dual_d 1.0118 | train_acc 0.9855 | train_full n/a | val_acc 0.9083 | val_f1 0.8742 | adv/moduleC 1.00/1.00 | disc_steps 3 | grad(main/disc) 4.070/1.323 | lr(main/disc) 7.00e-05/3.50e-05 | cuda_peak(alloc/resv) 21.77/28.18GB | phase(train/val/raw/train_eval) 3.3/0.6/0.6/0.0s | 4.5s
2026-08-28 21:54:00 | New best val_f1_macro_present: raw=0.8742 stable_score=0.8742 at epoch 33
2026-08-28 21:54:04 | Epoch 034/060 | loss 2.2673 | cls 1.3394 | tal -0.0946 | dual_g 0.9563 | dual_d 1.0054 | train_acc 0.9764 | train_full n/a | val_acc 0.8417 | val_f1 0.8092 | adv/moduleC 1.00/1.00 | disc_steps 3 | grad(main/disc) 4.626/1.339 | lr(main/disc) 7.00e-05/3.50e-05 | cuda_peak(alloc/resv) 21.77/28.18GB | phase(train/val/raw/train_eval) 3.3/0.6/0.0/0.0s | 3.9s
2026-08-28 21:54:10 | Epoch 035/060 | loss 2.2704 | cls 1.3350 | tal -0.0684 | dual_g 0.9560 | dual_d 1.0011 | train_acc 0.9855 | train_full 0.9419 | val_acc 0.8917 | val_f1 0.8858 | adv/moduleC 1.00/1.00 | disc_steps 3 | grad(main/disc) 4.249/1.285 | lr(main/disc) 7.00e-05/3.50e-05 | cuda_peak(alloc/resv) 21.77/28.18GB | phase(train/val/raw/train_eval) 3.9/0.6/0.6/0.8s | 6.0s
2026-08-28 21:54:13 | New best val_f1_macro_present: raw=0.8858 stable_score=0.8858 at epoch 35
2026-08-28 21:54:17 | Epoch 036/060 | loss 2.2670 | cls 1.3222 | tal -0.0151 | dual_g 0.9494 | dual_d 0.9904 | train_acc 0.9783 | train_full n/a | val_acc 0.8750 | val_f1 0.8797 | adv/moduleC 1.00/1.00 | disc_steps 3 | grad(main/disc) 4.012/1.324 | lr(main/disc) 7.00e-05/3.50e-05 | cuda_peak(alloc/resv) 21.77/28.18GB | phase(train/val/raw/train_eval) 3.5/0.6/0.0/0.0s | 4.1s
2026-08-28 21:54:22 | Epoch 037/060 | loss 2.2559 | cls 1.3193 | tal -0.0407 | dual_g 0.9488 | dual_d 1.0286 | train_acc 0.9891 | train_full n/a | val_acc 0.9083 | val_f1 0.8917 | adv/moduleC 1.00/1.00 | disc_steps 3 | grad(main/disc) 4.536/1.363 | lr(main/disc) 7.00e-05/3.50e-05 | cuda_peak(alloc/resv) 21.77/28.18GB | phase(train/val/raw/train_eval) 3.4/0.6/0.6/0.0s | 4.5s
2026-08-28 21:54:25 | New best val_f1_macro_present: raw=0.8917 stable_score=0.8917 at epoch 37
2026-08-28 21:54:29 | Epoch 038/060 | loss 2.2284 | cls 1.3154 | tal -0.0743 | dual_g 0.9353 | dual_d 1.0173 | train_acc 0.9928 | train_full n/a | val_acc 0.9167 | val_f1 0.8827 | adv/moduleC 1.00/1.00 | disc_steps 3 | grad(main/disc) 3.980/1.289 | lr(main/disc) 7.00e-05/3.50e-05 | cuda_peak(alloc/resv) 21.77/28.18GB | phase(train/val/raw/train_eval) 3.8/0.6/0.0/0.0s | 4.4s
2026-08-28 21:54:33 | Epoch 039/060 | loss 2.2069 | cls 1.2937 | tal -0.0941 | dual_g 0.9415 | dual_d 1.0064 | train_acc 0.9837 | train_full n/a | val_acc 0.9000 | val_f1 0.8642 | adv/moduleC 1.00/1.00 | disc_steps 3 | grad(main/disc) 3.384/1.299 | lr(main/disc) 7.00e-05/3.50e-05 | cuda_peak(alloc/resv) 21.77/28.18GB | phase(train/val/raw/train_eval) 3.7/0.6/0.0/0.0s | 4.3s
2026-08-28 21:54:39 | Epoch 040/060 | loss 2.1905 | cls 1.2845 | tal -0.0754 | dual_g 0.9286 | dual_d 1.0022 | train_acc 0.9928 | train_full 0.8495 | val_acc 0.7833 | val_f1 0.8159 | adv/moduleC 1.00/1.00 | disc_steps 3 | grad(main/disc) 3.248/1.293 | lr(main/disc) 7.00e-05/3.50e-05 | cuda_peak(alloc/resv) 21.77/28.18GB | phase(train/val/raw/train_eval) 3.2/0.6/0.6/0.9s | 5.2s
2026-08-28 21:54:43 | Epoch 041/060 | loss 2.1800 | cls 1.2795 | tal -0.0792 | dual_g 0.9243 | dual_d 1.0031 | train_acc 0.9964 | train_full n/a | val_acc 0.8000 | val_f1 0.8230 | adv/moduleC 1.00/1.00 | disc_steps 3 | grad(main/disc) 2.953/1.270 | lr(main/disc) 7.00e-05/3.50e-05 | cuda_peak(alloc/resv) 21.77/28.18GB | phase(train/val/raw/train_eval) 3.6/0.6/0.0/0.0s | 4.2s
2026-08-28 21:54:47 | Epoch 042/060 | loss 2.1945 | cls 1.2956 | tal -0.0980 | dual_g 0.9283 | dual_d 1.0386 | train_acc 0.9909 | train_full n/a | val_acc 0.8667 | val_f1 0.8673 | adv/moduleC 1.00/1.00 | disc_steps 3 | grad(main/disc) 3.879/1.326 | lr(main/disc) 7.00e-05/3.50e-05 | cuda_peak(alloc/resv) 21.77/28.18GB | phase(train/val/raw/train_eval) 3.1/0.6/0.0/0.0s | 3.7s
2026-08-28 21:54:51 | Epoch 043/060 | loss 2.1843 | cls 1.2946 | tal -0.1078 | dual_g 0.9220 | dual_d 1.0089 | train_acc 0.9909 | train_full n/a | val_acc 0.9250 | val_f1 0.8858 | adv/moduleC 1.00/1.00 | disc_steps 3 | grad(main/disc) 3.897/1.302 | lr(main/disc) 7.00e-05/3.50e-05 | cuda_peak(alloc/resv) 21.77/28.18GB | phase(train/val/raw/train_eval) 3.4/0.6/0.0/0.0s | 4.0s
2026-08-28 21:54:55 | Epoch 044/060 | loss 2.1694 | cls 1.2863 | tal -0.1062 | dual_g 0.9149 | dual_d 1.0139 | train_acc 0.9946 | train_full n/a | val_acc 0.8833 | val_f1 0.8657 | adv/moduleC 1.00/1.00 | disc_steps 3 | grad(main/disc) 3.720/1.292 | lr(main/disc) 3.50e-05/1.75e-05 | cuda_peak(alloc/resv) 21.77/28.18GB | phase(train/val/raw/train_eval) 3.6/0.6/0.0/0.0s | 4.2s
2026-08-28 21:55:00 | Epoch 045/060 | loss 2.1482 | cls 1.2724 | tal -0.1325 | dual_g 0.9155 | dual_d 0.9710 | train_acc 0.9891 | train_full 0.9247 | val_acc 0.8750 | val_f1 0.8588 | adv/moduleC 1.00/1.00 | disc_steps 3 | grad(main/disc) 3.372/1.254 | lr(main/disc) 3.50e-05/1.75e-05 | cuda_peak(alloc/resv) 21.77/28.18GB | phase(train/val/raw/train_eval) 3.4/0.6/0.6/0.9s | 5.5s
2026-08-28 21:55:05 | Epoch 046/060 | loss 2.1636 | cls 1.2841 | tal -0.1183 | dual_g 0.9150 | dual_d 0.9859 | train_acc 0.9964 | train_full n/a | val_acc 0.8917 | val_f1 0.8986 | adv/moduleC 1.00/1.00 | disc_steps 3 | grad(main/disc) 2.875/1.233 | lr(main/disc) 3.50e-05/1.75e-05 | cuda_peak(alloc/resv) 21.77/28.18GB | phase(train/val/raw/train_eval) 3.5/0.6/0.6/0.0s | 4.7s
2026-08-28 21:55:08 | New best val_f1_macro_present: raw=0.8986 stable_score=0.8986 at epoch 46
2026-08-28 21:55:12 | Epoch 047/060 | loss 2.1620 | cls 1.2847 | tal -0.1056 | dual_g 0.9090 | dual_d 1.0328 | train_acc 0.9946 | train_full n/a | val_acc 0.9083 | val_f1 0.8919 | adv/moduleC 1.00/1.00 | disc_steps 3 | grad(main/disc) 2.762/1.311 | lr(main/disc) 3.50e-05/1.75e-05 | cuda_peak(alloc/resv) 21.77/28.18GB | phase(train/val/raw/train_eval) 3.3/0.6/0.0/0.0s | 3.9s
2026-08-28 21:55:16 | Epoch 048/060 | loss 2.1503 | cls 1.2779 | tal -0.1248 | dual_g 0.9099 | dual_d 1.0192 | train_acc 0.9946 | train_full n/a | val_acc 0.9167 | val_f1 0.8863 | adv/moduleC 1.00/1.00 | disc_steps 3 | grad(main/disc) 2.901/1.327 | lr(main/disc) 3.50e-05/1.75e-05 | cuda_peak(alloc/resv) 21.77/28.18GB | phase(train/val/raw/train_eval) 3.5/0.6/0.0/0.0s | 4.1s
2026-08-28 21:55:20 | Epoch 049/060 | loss 2.1184 | cls 1.2611 | tal -0.1610 | dual_g 0.9056 | dual_d 1.0180 | train_acc 0.9928 | train_full n/a | val_acc 0.9333 | val_f1 0.8961 | adv/moduleC 1.00/1.00 | disc_steps 3 | grad(main/disc) 2.929/1.261 | lr(main/disc) 3.50e-05/1.75e-05 | cuda_peak(alloc/resv) 21.77/28.18GB | phase(train/val/raw/train_eval) 3.5/0.6/0.0/0.0s | 4.1s
2026-08-28 21:55:26 | Epoch 050/060 | loss 2.1132 | cls 1.2688 | tal -0.1863 | dual_g 0.9003 | dual_d 1.0006 | train_acc 0.9964 | train_full 0.9634 | val_acc 0.9250 | val_f1 0.9082 | adv/moduleC 1.00/1.00 | disc_steps 3 | grad(main/disc) 2.600/1.265 | lr(main/disc) 3.50e-05/1.75e-05 | cuda_peak(alloc/resv) 21.77/28.18GB | phase(train/val/raw/train_eval) 3.7/0.6/0.6/0.8s | 5.7s
2026-08-28 21:55:29 | New best val_f1_macro_present: raw=0.9082 stable_score=0.9082 at epoch 50
2026-08-28 21:55:33 | Epoch 051/060 | loss 2.1207 | cls 1.2676 | tal -0.1571 | dual_g 0.9003 | dual_d 1.0021 | train_acc 0.9964 | train_full n/a | val_acc 0.9167 | val_f1 0.8916 | adv/moduleC 1.00/1.00 | disc_steps 3 | grad(main/disc) 3.061/1.236 | lr(main/disc) 3.50e-05/1.75e-05 | cuda_peak(alloc/resv) 21.77/28.18GB | phase(train/val/raw/train_eval) 3.7/0.6/0.0/0.0s | 4.3s
2026-08-28 21:55:37 | Epoch 052/060 | loss 2.1307 | cls 1.2784 | tal -0.1424 | dual_g 0.8951 | dual_d 1.0205 | train_acc 0.9946 | train_full n/a | val_acc 0.9000 | val_f1 0.8678 | adv/moduleC 1.00/1.00 | disc_steps 3 | grad(main/disc) 2.940/1.273 | lr(main/disc) 3.50e-05/1.75e-05 | cuda_peak(alloc/resv) 21.77/28.18GB | phase(train/val/raw/train_eval) 3.4/0.6/0.0/0.0s | 4.0s
2026-08-28 21:55:41 | Epoch 053/060 | loss 2.1346 | cls 1.2739 | tal -0.1416 | dual_g 0.9032 | dual_d 1.0281 | train_acc 0.9909 | train_full n/a | val_acc 0.8750 | val_f1 0.8538 | adv/moduleC 1.00/1.00 | disc_steps 3 | grad(main/disc) 3.307/1.254 | lr(main/disc) 3.50e-05/1.75e-05 | cuda_peak(alloc/resv) 21.77/28.18GB | phase(train/val/raw/train_eval) 3.4/0.6/0.0/0.0s | 4.0s
2026-08-28 21:55:45 | Epoch 054/060 | loss 2.1342 | cls 1.2800 | tal -0.1477 | dual_g 0.8985 | dual_d 1.0126 | train_acc 0.9964 | train_full n/a | val_acc 0.8917 | val_f1 0.8758 | adv/moduleC 1.00/1.00 | disc_steps 3 | grad(main/disc) 3.746/1.254 | lr(main/disc) 3.50e-05/1.75e-05 | cuda_peak(alloc/resv) 21.77/28.18GB | phase(train/val/raw/train_eval) 3.8/0.6/0.0/0.0s | 4.4s
2026-08-28 21:55:51 | Epoch 055/060 | loss 2.1136 | cls 1.2734 | tal -0.1838 | dual_g 0.8953 | dual_d 1.0375 | train_acc 0.9946 | train_full 0.9226 | val_acc 0.8917 | val_f1 0.8686 | adv/moduleC 1.00/1.00 | disc_steps 3 | grad(main/disc) 2.780/1.269 | lr(main/disc) 3.50e-05/1.75e-05 | cuda_peak(alloc/resv) 21.77/28.18GB | phase(train/val/raw/train_eval) 3.2/0.6/0.6/0.8s | 5.3s
2026-08-28 21:55:55 | Epoch 056/060 | loss 2.0957 | cls 1.2599 | tal -0.1903 | dual_g 0.8928 | dual_d 1.0250 | train_acc 0.9964 | train_full n/a | val_acc 0.9000 | val_f1 0.8752 | adv/moduleC 1.00/1.00 | disc_steps 3 | grad(main/disc) 2.622/1.216 | lr(main/disc) 3.50e-05/1.75e-05 | cuda_peak(alloc/resv) 21.77/28.18GB | phase(train/val/raw/train_eval) 3.5/0.6/0.0/0.0s | 4.1s
2026-08-28 21:55:59 | Epoch 057/060 | loss 2.1076 | cls 1.2672 | tal -0.1858 | dual_g 0.8961 | dual_d 1.0236 | train_acc 0.9964 | train_full n/a | val_acc 0.9167 | val_f1 0.9017 | adv/moduleC 1.00/1.00 | disc_steps 3 | grad(main/disc) 2.621/1.233 | lr(main/disc) 1.75e-05/8.75e-06 | cuda_peak(alloc/resv) 21.77/28.18GB | phase(train/val/raw/train_eval) 3.7/0.6/0.0/0.0s | 4.3s
2026-08-28 21:56:03 | Epoch 058/060 | loss 2.0956 | cls 1.2536 | tal -0.1653 | dual_g 0.8916 | dual_d 1.0345 | train_acc 0.9964 | train_full n/a | val_acc 0.9000 | val_f1 0.8676 | adv/moduleC 1.00/1.00 | disc_steps 3 | grad(main/disc) 2.522/1.224 | lr(main/disc) 1.75e-05/8.75e-06 | cuda_peak(alloc/resv) 21.77/28.18GB | phase(train/val/raw/train_eval) 3.5/0.6/0.0/0.0s | 4.1s
2026-08-28 21:56:07 | Epoch 059/060 | loss 2.0979 | cls 1.2589 | tal -0.1722 | dual_g 0.8906 | dual_d 1.0219 | train_acc 1.0000 | train_full n/a | val_acc 0.9083 | val_f1 0.8800 | adv/moduleC 1.00/1.00 | disc_steps 3 | grad(main/disc) 2.684/1.222 | lr(main/disc) 1.75e-05/8.75e-06 | cuda_peak(alloc/resv) 21.77/28.18GB | phase(train/val/raw/train_eval) 3.2/0.6/0.0/0.0s | 3.8s
2026-08-28 21:56:12 | Epoch 060/060 | loss 2.0853 | cls 1.2579 | tal -0.2062 | dual_g 0.8892 | dual_d 0.9973 | train_acc 0.9982 | train_full 0.9634 | val_acc 0.9250 | val_f1 0.9012 | adv/moduleC 1.00/1.00 | disc_steps 3 | grad(main/disc) 2.813/1.208 | lr(main/disc) 1.75e-05/8.75e-06 | cuda_peak(alloc/resv) 21.77/28.18GB | phase(train/val/raw/train_eval) 3.5/0.6/0.6/0.9s | 5.6s
2026-08-28 21:56:12 | Training complete. Peak validation accuracy: 0.9333 | selected val_f1_macro_present: 0.9082
