2026-08-27 15:33:23 | Starting Dual_D standalone training
2026-08-27 15:33:23 | Run directory: runs/module_c_ablation_60_v5/module_c_20260827_121947/module_c_no_prototype_contrastive_黑天_20260827_153323
2026-08-27 15:33:23 | Device: cuda
2026-08-27 15:33:23 | Source train samples: 992
2026-08-27 15:33:23 | Target train samples: 465
2026-08-27 15:33:23 | Target val samples: 120
2026-08-27 15:33:23 | Classes: 14
2026-08-27 15:33:23 | Data audit: same_dir=False | path_overlap(vis/ir/ais)=0/0/0 | content_overlap(vis/ir/ais)=0/0/0 | ais_index_overlap=0 | stem_mismatch(vis-ir/vis-ais)=578/0
2026-08-27 15:33:23 | source_train classes: present 14/14 | absent 0 | counts [0:120, 1:44, 2:69, 3:45, 4:40, 5:30, 6:64, 7:80, 8:116, 9:68, 10:57, 11:83, 12:48, 13:128]
2026-08-27 15:33:23 | target_train classes: present 8/14 | absent 6 | counts [0:100, 2:11, 3:16, 6:89, 9:162, 10:12, 11:44, 13:31]
2026-08-27 15:33:23 | target_val classes: present 8/14 | absent 6 | counts [0:26, 2:3, 3:5, 6:23, 9:41, 10:3, 11:11, 13:8]
2026-08-27 15:33:23 | Paired training classes: 8/14 | class ids [0, 2, 3, 6, 9, 10, 11, 13]
2026-08-27 15:33:23 | Runtime profile: batch=92 | paired_steps=7 | workers=16 | train_eval_every=5 | raw_eval_every=5 | early_stop=15 after min_epoch=35
2026-08-27 15:33:23 | VIS/IR pairing: class-level-unpaired | count-mismatch classes train/val: 10/0 | AIS alignment: none | AIS rows train/val: 0/0
2026-08-27 15:33:24 | Model parameters: total=17277714 | trainable=17120210
2026-08-27 15:33:31 | Epoch 001/060 | loss 5.2000 | cls 5.1574 | tal 0.1417 | dual_g 0.0000 | dual_d 0.0000 | train_acc 0.1677 | train_full 0.1591 | val_acc 0.1083 | val_f1 0.0785 | adv/moduleC 0.00/0.00 | disc_steps 0 | grad(main/disc) 15.556/0.000 | lr(main/disc) 1.30e-04/3.50e-05 | cuda_peak(alloc/resv) 21.78/28.18GB | phase(train/val/raw/train_eval) 4.9/0.6/0.6/0.8s | 6.9s
2026-08-27 15:33:33 | New best val_f1_macro_present: 0.0785 at epoch 1
2026-08-27 15:33:38 | Epoch 002/060 | loss 3.6476 | cls 3.6470 | tal 0.0020 | dual_g 0.0000 | dual_d 0.0000 | train_acc 0.3742 | train_full n/a | val_acc 0.1250 | val_f1 0.1165 | adv/moduleC 0.00/0.00 | disc_steps 0 | grad(main/disc) 11.265/0.000 | lr(main/disc) 1.30e-04/3.50e-05 | cuda_peak(alloc/resv) 21.78/28.18GB | phase(train/val/raw/train_eval) 3.8/0.6/0.6/0.0s | 5.0s
2026-08-27 15:33:41 | New best val_f1_macro_present: 0.1165 at epoch 2
2026-08-27 15:33:45 | Epoch 003/060 | loss 2.7478 | cls 2.7607 | tal -0.0432 | dual_g 0.0000 | dual_d 0.0000 | train_acc 0.5932 | train_full n/a | val_acc 0.2083 | val_f1 0.1670 | adv/moduleC 0.00/0.00 | disc_steps 0 | grad(main/disc) 9.437/0.000 | lr(main/disc) 1.30e-04/3.50e-05 | cuda_peak(alloc/resv) 21.78/28.18GB | phase(train/val/raw/train_eval) 3.4/0.6/0.6/0.0s | 4.6s
2026-08-27 15:33:48 | New best val_f1_macro_present: 0.1670 at epoch 3
2026-08-27 15:33:53 | Epoch 004/060 | loss 2.4291 | cls 2.2610 | tal -0.0496 | dual_g 0.1830 | dual_d 0.0000 | train_acc 0.6677 | train_full n/a | val_acc 0.3167 | val_f1 0.3246 | adv/moduleC 0.00/0.12 | disc_steps 0 | grad(main/disc) 8.758/0.000 | lr(main/disc) 1.30e-04/3.50e-05 | cuda_peak(alloc/resv) 21.78/28.18GB | phase(train/val/raw/train_eval) 3.6/0.6/0.6/0.0s | 4.8s
2026-08-27 15:33:56 | New best val_f1_macro_present: 0.3246 at epoch 4
2026-08-27 15:34:02 | Epoch 005/060 | loss 2.1619 | cls 1.8622 | tal -0.0423 | dual_g 0.3124 | dual_d 0.0000 | train_acc 0.7748 | train_full 0.4559 | val_acc 0.4333 | val_f1 0.5492 | adv/moduleC 0.00/0.25 | disc_steps 0 | grad(main/disc) 8.611/0.000 | lr(main/disc) 1.30e-04/3.50e-05 | cuda_peak(alloc/resv) 21.78/28.18GB | phase(train/val/raw/train_eval) 3.7/0.6/0.6/0.8s | 5.7s
2026-08-27 15:34:04 | New best val_f1_macro_present: 0.5492 at epoch 5
2026-08-27 15:34:09 | Epoch 006/060 | loss 1.9777 | cls 1.5823 | tal -0.0315 | dual_g 0.4048 | dual_d 0.9046 | train_acc 0.8416 | train_full n/a | val_acc 0.7750 | val_f1 0.7519 | adv/moduleC 0.05/0.38 | disc_steps 7 | grad(main/disc) 8.884/1.739 | lr(main/disc) 1.30e-04/3.50e-05 | cuda_peak(alloc/resv) 21.78/28.18GB | phase(train/val/raw/train_eval) 3.7/0.6/0.6/0.0s | 4.9s
2026-08-27 15:34:12 | New best val_f1_macro_present: 0.7519 at epoch 6
2026-08-27 15:34:16 | Epoch 007/060 | loss 1.9635 | cls 1.4791 | tal -0.0152 | dual_g 0.4890 | dual_d 0.8465 | train_acc 0.8602 | train_full n/a | val_acc 0.7083 | val_f1 0.7327 | adv/moduleC 0.10/0.50 | disc_steps 7 | grad(main/disc) 8.634/1.590 | lr(main/disc) 1.30e-04/3.50e-05 | cuda_peak(alloc/resv) 21.78/28.18GB | phase(train/val/raw/train_eval) 3.8/0.6/0.0/0.0s | 4.4s
2026-08-27 15:34:21 | Epoch 008/060 | loss 1.7539 | cls 1.2486 | tal -0.0602 | dual_g 0.5234 | dual_d 0.8372 | train_acc 0.9053 | train_full n/a | val_acc 0.7750 | val_f1 0.7883 | adv/moduleC 0.15/0.62 | disc_steps 7 | grad(main/disc) 7.390/1.518 | lr(main/disc) 1.30e-04/3.50e-05 | cuda_peak(alloc/resv) 21.78/28.18GB | phase(train/val/raw/train_eval) 3.8/0.6/0.6/0.0s | 5.0s
2026-08-27 15:34:24 | New best val_f1_macro_present: 0.7883 at epoch 8
2026-08-27 15:34:29 | Epoch 009/060 | loss 1.7144 | cls 1.1425 | tal -0.0448 | dual_g 0.5853 | dual_d 0.8140 | train_acc 0.9193 | train_full n/a | val_acc 0.7667 | val_f1 0.7044 | adv/moduleC 0.20/0.75 | disc_steps 7 | grad(main/disc) 7.201/1.452 | lr(main/disc) 1.30e-04/3.50e-05 | cuda_peak(alloc/resv) 21.78/28.18GB | phase(train/val/raw/train_eval) 3.8/0.6/0.0/0.0s | 4.4s
2026-08-27 15:34:34 | Epoch 010/060 | loss 1.7147 | cls 1.0707 | tal -0.0504 | dual_g 0.6591 | dual_d 0.7891 | train_acc 0.9503 | train_full 0.8968 | val_acc 0.8417 | val_f1 0.8111 | adv/moduleC 0.25/0.88 | disc_steps 7 | grad(main/disc) 6.331/1.373 | lr(main/disc) 1.30e-04/3.50e-05 | cuda_peak(alloc/resv) 21.78/28.18GB | phase(train/val/raw/train_eval) 3.6/0.6/0.6/0.8s | 5.7s
2026-08-27 15:34:37 | New best val_f1_macro_present: 0.8111 at epoch 10
2026-08-27 15:34:42 | Epoch 011/060 | loss 1.6970 | cls 1.0179 | tal -0.1075 | dual_g 0.7114 | dual_d 0.7831 | train_acc 0.9550 | train_full n/a | val_acc 0.8667 | val_f1 0.8533 | adv/moduleC 0.30/1.00 | disc_steps 7 | grad(main/disc) 7.361/1.324 | lr(main/disc) 1.30e-04/3.50e-05 | cuda_peak(alloc/resv) 21.78/28.18GB | phase(train/val/raw/train_eval) 3.9/0.6/0.6/0.0s | 5.1s
2026-08-27 15:34:45 | New best val_f1_macro_present: 0.8533 at epoch 11
2026-08-27 15:34:49 | Epoch 012/060 | loss 1.6029 | cls 0.9587 | tal -0.0941 | dual_g 0.6724 | dual_d 0.8088 | train_acc 0.9658 | train_full n/a | val_acc 0.8750 | val_f1 0.8287 | adv/moduleC 0.35/1.00 | disc_steps 7 | grad(main/disc) 5.992/1.324 | lr(main/disc) 1.30e-04/3.50e-05 | cuda_peak(alloc/resv) 21.78/28.18GB | phase(train/val/raw/train_eval) 3.6/0.6/0.0/0.0s | 4.2s
2026-08-27 15:34:54 | Epoch 013/060 | loss 1.5404 | cls 0.9227 | tal -0.1430 | dual_g 0.6606 | dual_d 0.8196 | train_acc 0.9783 | train_full n/a | val_acc 0.8583 | val_f1 0.8424 | adv/moduleC 0.40/1.00 | disc_steps 7 | grad(main/disc) 4.508/1.301 | lr(main/disc) 1.30e-04/3.50e-05 | cuda_peak(alloc/resv) 21.78/28.18GB | phase(train/val/raw/train_eval) 3.8/0.6/0.0/0.0s | 4.4s
2026-08-27 15:34:59 | Epoch 014/060 | loss 1.4727 | cls 0.8793 | tal -0.1266 | dual_g 0.6314 | dual_d 0.8439 | train_acc 0.9907 | train_full n/a | val_acc 0.9417 | val_f1 0.9153 | adv/moduleC 0.45/1.00 | disc_steps 7 | grad(main/disc) 4.006/1.315 | lr(main/disc) 1.30e-04/3.50e-05 | cuda_peak(alloc/resv) 21.78/28.18GB | phase(train/val/raw/train_eval) 3.8/0.6/0.6/0.0s | 4.9s
2026-08-27 15:35:02 | New best val_f1_macro_present: 0.9153 at epoch 14
2026-08-27 15:35:07 | Epoch 015/060 | loss 1.4632 | cls 0.8798 | tal -0.1438 | dual_g 0.6266 | dual_d 0.8298 | train_acc 0.9845 | train_full 0.8946 | val_acc 0.8750 | val_f1 0.8536 | adv/moduleC 0.50/1.00 | disc_steps 7 | grad(main/disc) 4.081/1.274 | lr(main/disc) 1.30e-04/3.50e-05 | cuda_peak(alloc/resv) 21.78/28.18GB | phase(train/val/raw/train_eval) 3.8/0.6/0.6/0.8s | 5.9s
2026-08-27 15:35:13 | Epoch 016/060 | loss 1.4382 | cls 0.8785 | tal -0.1632 | dual_g 0.6087 | dual_d 0.8170 | train_acc 0.9860 | train_full n/a | val_acc 0.9167 | val_f1 0.9347 | adv/moduleC 0.55/1.00 | disc_steps 7 | grad(main/disc) 3.920/1.299 | lr(main/disc) 1.30e-04/3.50e-05 | cuda_peak(alloc/resv) 21.78/28.18GB | phase(train/val/raw/train_eval) 4.0/0.6/0.6/0.0s | 5.1s
2026-08-27 15:35:15 | New best val_f1_macro_present: 0.9347 at epoch 16
2026-08-27 15:35:20 | Epoch 017/060 | loss 1.4009 | cls 0.8495 | tal -0.1589 | dual_g 0.5991 | dual_d 0.8731 | train_acc 0.9891 | train_full n/a | val_acc 0.9333 | val_f1 0.9035 | adv/moduleC 0.60/1.00 | disc_steps 7 | grad(main/disc) 3.133/1.303 | lr(main/disc) 1.30e-04/3.50e-05 | cuda_peak(alloc/resv) 21.78/28.18GB | phase(train/val/raw/train_eval) 3.7/0.6/0.0/0.0s | 4.3s
2026-08-27 15:35:24 | Epoch 018/060 | loss 1.3993 | cls 0.8415 | tal -0.1468 | dual_g 0.6018 | dual_d 0.8781 | train_acc 0.9938 | train_full n/a | val_acc 0.9417 | val_f1 0.9316 | adv/moduleC 0.65/1.00 | disc_steps 7 | grad(main/disc) 3.047/1.278 | lr(main/disc) 1.30e-04/3.50e-05 | cuda_peak(alloc/resv) 21.78/28.18GB | phase(train/val/raw/train_eval) 3.6/0.6/0.0/0.0s | 4.2s
2026-08-27 15:35:28 | Epoch 019/060 | loss 1.3916 | cls 0.8328 | tal -0.1257 | dual_g 0.5965 | dual_d 0.8798 | train_acc 0.9907 | train_full n/a | val_acc 0.9333 | val_f1 0.9045 | adv/moduleC 0.70/1.00 | disc_steps 7 | grad(main/disc) 2.966/1.280 | lr(main/disc) 1.30e-04/3.50e-05 | cuda_peak(alloc/resv) 21.78/28.18GB | phase(train/val/raw/train_eval) 3.7/0.6/0.0/0.0s | 4.3s
2026-08-27 15:35:34 | Epoch 020/060 | loss 1.3775 | cls 0.8215 | tal -0.0989 | dual_g 0.5857 | dual_d 0.9202 | train_acc 0.9938 | train_full 0.9720 | val_acc 0.9417 | val_f1 0.8961 | adv/moduleC 0.75/1.00 | disc_steps 7 | grad(main/disc) 2.412/1.296 | lr(main/disc) 1.30e-04/3.50e-05 | cuda_peak(alloc/resv) 21.78/28.18GB | phase(train/val/raw/train_eval) 3.7/0.6/0.6/0.8s | 5.8s
2026-08-27 15:35:38 | Epoch 021/060 | loss 1.3792 | cls 0.8168 | tal -0.0704 | dual_g 0.5835 | dual_d 0.9292 | train_acc 0.9969 | train_full n/a | val_acc 0.9500 | val_f1 0.9260 | adv/moduleC 0.80/1.00 | disc_steps 7 | grad(main/disc) 2.436/1.278 | lr(main/disc) 1.30e-04/3.50e-05 | cuda_peak(alloc/resv) 21.78/28.18GB | phase(train/val/raw/train_eval) 3.8/0.6/0.0/0.0s | 4.4s
2026-08-27 15:35:43 | Epoch 022/060 | loss 1.3527 | cls 0.8121 | tal -0.0994 | dual_g 0.5705 | dual_d 0.9767 | train_acc 0.9953 | train_full n/a | val_acc 0.9333 | val_f1 0.8959 | adv/moduleC 0.85/1.00 | disc_steps 7 | grad(main/disc) 1.944/1.317 | lr(main/disc) 1.30e-04/3.50e-05 | cuda_peak(alloc/resv) 21.78/28.18GB | phase(train/val/raw/train_eval) 3.8/0.6/0.0/0.0s | 4.4s
2026-08-27 15:35:47 | Epoch 023/060 | loss 1.3559 | cls 0.8178 | tal -0.1006 | dual_g 0.5682 | dual_d 1.0005 | train_acc 0.9969 | train_full n/a | val_acc 0.9417 | val_f1 0.9165 | adv/moduleC 0.90/1.00 | disc_steps 7 | grad(main/disc) 2.329/1.390 | lr(main/disc) 6.50e-05/1.75e-05 | cuda_peak(alloc/resv) 21.78/28.18GB | phase(train/val/raw/train_eval) 3.6/0.6/0.0/0.0s | 4.2s
2026-08-27 15:35:51 | Epoch 024/060 | loss 1.3264 | cls 0.7980 | tal -0.1177 | dual_g 0.5637 | dual_d 1.0299 | train_acc 0.9984 | train_full n/a | val_acc 0.9500 | val_f1 0.9084 | adv/moduleC 0.95/1.00 | disc_steps 7 | grad(main/disc) 2.006/1.382 | lr(main/disc) 6.50e-05/1.75e-05 | cuda_peak(alloc/resv) 21.78/28.18GB | phase(train/val/raw/train_eval) 3.7/0.6/0.0/0.0s | 4.3s
2026-08-27 15:35:57 | Epoch 025/060 | loss 1.3264 | cls 0.7964 | tal -0.1017 | dual_g 0.5605 | dual_d 1.0135 | train_acc 0.9984 | train_full 0.9720 | val_acc 0.9583 | val_f1 0.9153 | adv/moduleC 1.00/1.00 | disc_steps 7 | grad(main/disc) 1.684/1.367 | lr(main/disc) 6.50e-05/1.75e-05 | cuda_peak(alloc/resv) 21.78/28.18GB | phase(train/val/raw/train_eval) 3.8/0.6/0.6/0.9s | 5.9s
2026-08-27 15:36:02 | Epoch 026/060 | loss 1.3297 | cls 0.7965 | tal -0.1012 | dual_g 0.5636 | dual_d 1.0319 | train_acc 0.9984 | train_full n/a | val_acc 0.9583 | val_f1 0.9262 | adv/moduleC 1.00/1.00 | disc_steps 7 | grad(main/disc) 1.758/1.413 | lr(main/disc) 6.50e-05/1.75e-05 | cuda_peak(alloc/resv) 21.78/28.18GB | phase(train/val/raw/train_eval) 3.6/0.6/0.0/0.0s | 4.2s
2026-08-27 15:36:06 | Epoch 027/060 | loss 1.3229 | cls 0.7960 | tal -0.0881 | dual_g 0.5534 | dual_d 1.0392 | train_acc 0.9969 | train_full n/a | val_acc 0.9500 | val_f1 0.9236 | adv/moduleC 1.00/1.00 | disc_steps 7 | grad(main/disc) 1.495/1.395 | lr(main/disc) 6.50e-05/1.75e-05 | cuda_peak(alloc/resv) 21.78/28.18GB | phase(train/val/raw/train_eval) 3.5/0.6/0.0/0.0s | 4.1s
2026-08-27 15:36:10 | Epoch 028/060 | loss 1.3199 | cls 0.7971 | tal -0.0947 | dual_g 0.5512 | dual_d 1.0691 | train_acc 0.9969 | train_full n/a | val_acc 0.9500 | val_f1 0.9194 | adv/moduleC 1.00/1.00 | disc_steps 7 | grad(main/disc) 1.584/1.436 | lr(main/disc) 6.50e-05/1.75e-05 | cuda_peak(alloc/resv) 21.78/28.18GB | phase(train/val/raw/train_eval) 3.8/0.6/0.0/0.0s | 4.4s
2026-08-27 15:36:14 | Epoch 029/060 | loss 1.3029 | cls 0.7842 | tal -0.1161 | dual_g 0.5535 | dual_d 1.0488 | train_acc 0.9984 | train_full n/a | val_acc 0.9583 | val_f1 0.9300 | adv/moduleC 1.00/1.00 | disc_steps 7 | grad(main/disc) 1.462/1.396 | lr(main/disc) 6.50e-05/1.75e-05 | cuda_peak(alloc/resv) 21.78/28.18GB | phase(train/val/raw/train_eval) 3.4/0.6/0.0/0.0s | 4.0s
2026-08-27 15:36:20 | Epoch 030/060 | loss 1.3101 | cls 0.7919 | tal -0.1146 | dual_g 0.5525 | dual_d 1.0515 | train_acc 1.0000 | train_full 0.9742 | val_acc 0.9667 | val_f1 0.9557 | adv/moduleC 1.00/1.00 | disc_steps 7 | grad(main/disc) 1.604/1.420 | lr(main/disc) 6.50e-05/1.75e-05 | cuda_peak(alloc/resv) 21.78/28.18GB | phase(train/val/raw/train_eval) 3.8/0.6/0.6/0.8s | 5.9s
2026-08-27 15:36:23 | New best val_f1_macro_present: 0.9557 at epoch 30
2026-08-27 15:36:27 | Epoch 031/060 | loss 1.3006 | cls 0.7884 | tal -0.1141 | dual_g 0.5464 | dual_d 1.0644 | train_acc 1.0000 | train_full n/a | val_acc 0.9583 | val_f1 0.9262 | adv/moduleC 1.00/1.00 | disc_steps 7 | grad(main/disc) 1.532/1.446 | lr(main/disc) 6.50e-05/1.75e-05 | cuda_peak(alloc/resv) 21.78/28.18GB | phase(train/val/raw/train_eval) 3.9/0.6/0.0/0.0s | 4.5s
2026-08-27 15:36:31 | Epoch 032/060 | loss 1.3075 | cls 0.7906 | tal -0.0998 | dual_g 0.5468 | dual_d 1.0905 | train_acc 1.0000 | train_full n/a | val_acc 0.9583 | val_f1 0.9262 | adv/moduleC 1.00/1.00 | disc_steps 7 | grad(main/disc) 1.644/1.425 | lr(main/disc) 6.50e-05/1.75e-05 | cuda_peak(alloc/resv) 21.78/28.18GB | phase(train/val/raw/train_eval) 3.5/0.6/0.0/0.0s | 4.1s
2026-08-27 15:36:35 | Epoch 033/060 | loss 1.2853 | cls 0.7803 | tal -0.1289 | dual_g 0.5437 | dual_d 1.0558 | train_acc 1.0000 | train_full n/a | val_acc 0.9583 | val_f1 0.9107 | adv/moduleC 1.00/1.00 | disc_steps 7 | grad(main/disc) 1.311/1.376 | lr(main/disc) 6.50e-05/1.75e-05 | cuda_peak(alloc/resv) 21.78/28.18GB | phase(train/val/raw/train_eval) 3.6/0.6/0.0/0.0s | 4.2s
2026-08-27 15:36:40 | Epoch 034/060 | loss 1.2791 | cls 0.7817 | tal -0.1428 | dual_g 0.5403 | dual_d 1.0558 | train_acc 1.0000 | train_full n/a | val_acc 0.9333 | val_f1 0.8973 | adv/moduleC 1.00/1.00 | disc_steps 7 | grad(main/disc) 1.291/1.380 | lr(main/disc) 6.50e-05/1.75e-05 | cuda_peak(alloc/resv) 21.78/28.18GB | phase(train/val/raw/train_eval) 3.9/0.6/0.0/0.0s | 4.5s
2026-08-27 15:36:46 | Epoch 035/060 | loss 1.2792 | cls 0.7831 | tal -0.1494 | dual_g 0.5409 | dual_d 1.0757 | train_acc 1.0000 | train_full 0.9656 | val_acc 0.9500 | val_f1 0.9288 | adv/moduleC 1.00/1.00 | disc_steps 7 | grad(main/disc) 1.328/1.393 | lr(main/disc) 6.50e-05/1.75e-05 | cuda_peak(alloc/resv) 21.78/28.18GB | phase(train/val/raw/train_eval) 3.5/0.6/0.6/0.8s | 5.6s
2026-08-27 15:36:50 | Epoch 036/060 | loss 1.2708 | cls 0.7856 | tal -0.1784 | dual_g 0.5386 | dual_d 1.0741 | train_acc 1.0000 | train_full n/a | val_acc 0.9500 | val_f1 0.9096 | adv/moduleC 1.00/1.00 | disc_steps 7 | grad(main/disc) 1.511/1.411 | lr(main/disc) 6.50e-05/1.75e-05 | cuda_peak(alloc/resv) 21.78/28.18GB | phase(train/val/raw/train_eval) 3.7/0.6/0.0/0.0s | 4.3s
2026-08-27 15:36:54 | Epoch 037/060 | loss 1.2648 | cls 0.7824 | tal -0.1897 | dual_g 0.5393 | dual_d 1.0665 | train_acc 1.0000 | train_full n/a | val_acc 0.9417 | val_f1 0.8954 | adv/moduleC 1.00/1.00 | disc_steps 7 | grad(main/disc) 1.403/1.377 | lr(main/disc) 3.25e-05/8.75e-06 | cuda_peak(alloc/resv) 21.78/28.18GB | phase(train/val/raw/train_eval) 3.5/0.6/0.0/0.0s | 4.1s
2026-08-27 15:36:58 | Epoch 038/060 | loss 1.2596 | cls 0.7807 | tal -0.1847 | dual_g 0.5342 | dual_d 1.0554 | train_acc 1.0000 | train_full n/a | val_acc 0.9500 | val_f1 0.9096 | adv/moduleC 1.00/1.00 | disc_steps 7 | grad(main/disc) 1.393/1.340 | lr(main/disc) 3.25e-05/8.75e-06 | cuda_peak(alloc/resv) 21.78/28.18GB | phase(train/val/raw/train_eval) 3.8/0.6/0.0/0.0s | 4.4s
2026-08-27 15:37:02 | Epoch 039/060 | loss 1.2683 | cls 0.7865 | tal -0.1896 | dual_g 0.5387 | dual_d 1.0602 | train_acc 0.9984 | train_full n/a | val_acc 0.9583 | val_f1 0.9262 | adv/moduleC 1.00/1.00 | disc_steps 7 | grad(main/disc) 1.548/1.368 | lr(main/disc) 3.25e-05/8.75e-06 | cuda_peak(alloc/resv) 21.78/28.18GB | phase(train/val/raw/train_eval) 3.5/0.6/0.0/0.0s | 4.1s
2026-08-27 15:37:08 | Epoch 040/060 | loss 1.2588 | cls 0.7814 | tal -0.1993 | dual_g 0.5372 | dual_d 1.0615 | train_acc 1.0000 | train_full 0.9699 | val_acc 0.9583 | val_f1 0.9191 | adv/moduleC 1.00/1.00 | disc_steps 7 | grad(main/disc) 1.332/1.392 | lr(main/disc) 3.25e-05/8.75e-06 | cuda_peak(alloc/resv) 21.78/28.18GB | phase(train/val/raw/train_eval) 3.9/0.6/0.6/0.8s | 5.9s
2026-08-27 15:37:13 | Epoch 041/060 | loss 1.2553 | cls 0.7803 | tal -0.2038 | dual_g 0.5361 | dual_d 1.0595 | train_acc 0.9969 | train_full n/a | val_acc 0.9500 | val_f1 0.9096 | adv/moduleC 1.00/1.00 | disc_steps 7 | grad(main/disc) 1.351/1.373 | lr(main/disc) 3.25e-05/8.75e-06 | cuda_peak(alloc/resv) 21.78/28.18GB | phase(train/val/raw/train_eval) 3.6/0.6/0.0/0.0s | 4.2s
2026-08-27 15:37:17 | Epoch 042/060 | loss 1.2476 | cls 0.7801 | tal -0.2201 | dual_g 0.5336 | dual_d 1.0446 | train_acc 1.0000 | train_full n/a | val_acc 0.9500 | val_f1 0.9039 | adv/moduleC 1.00/1.00 | disc_steps 7 | grad(main/disc) 1.243/1.329 | lr(main/disc) 3.25e-05/8.75e-06 | cuda_peak(alloc/resv) 21.78/28.18GB | phase(train/val/raw/train_eval) 3.6/0.6/0.0/0.0s | 4.2s
2026-08-27 15:37:21 | Epoch 043/060 | loss 1.2566 | cls 0.7885 | tal -0.2262 | dual_g 0.5359 | dual_d 1.0514 | train_acc 0.9984 | train_full n/a | val_acc 0.9500 | val_f1 0.9039 | adv/moduleC 1.00/1.00 | disc_steps 7 | grad(main/disc) 1.469/1.345 | lr(main/disc) 3.25e-05/8.75e-06 | cuda_peak(alloc/resv) 21.78/28.18GB | phase(train/val/raw/train_eval) 3.7/0.6/0.0/0.0s | 4.3s
2026-08-27 15:37:25 | Epoch 044/060 | loss 1.2506 | cls 0.7782 | tal -0.2103 | dual_g 0.5355 | dual_d 1.0714 | train_acc 1.0000 | train_full n/a | val_acc 0.9500 | val_f1 0.9096 | adv/moduleC 1.00/1.00 | disc_steps 7 | grad(main/disc) 1.251/1.353 | lr(main/disc) 1.62e-05/4.37e-06 | cuda_peak(alloc/resv) 21.78/28.18GB | phase(train/val/raw/train_eval) 3.8/0.6/0.0/0.0s | 4.4s
2026-08-27 15:37:32 | Epoch 045/060 | loss 1.2511 | cls 0.7774 | tal -0.2115 | dual_g 0.5372 | dual_d 1.0743 | train_acc 0.9984 | train_full 0.9785 | val_acc 0.9500 | val_f1 0.9096 | adv/moduleC 1.00/1.00 | disc_steps 7 | grad(main/disc) 1.303/1.387 | lr(main/disc) 1.62e-05/4.37e-06 | cuda_peak(alloc/resv) 21.78/28.18GB | phase(train/val/raw/train_eval) 4.1/0.6/0.6/0.8s | 6.2s
2026-08-27 15:37:32 | Early stopping at epoch 45 after 15 epochs without val_f1_macro_present improvement.
2026-08-27 15:37:32 | Training complete. Best validation accuracy: 0.9667 | best val_f1_macro_present: 0.9557
