2026-08-30 02:57:13 | Starting Dual_D standalone training
2026-08-30 02:57:13 | Run directory: runs/module_c_ablation_60_v9/module_c_20260830_023711/module_c_no_cycle_黑天_20260830_025712
2026-08-30 02:57:13 | Device: cuda
2026-08-30 02:57:13 | Source train samples: 992
2026-08-30 02:57:13 | Target train samples: 465
2026-08-30 02:57:13 | Target val samples: 120
2026-08-30 02:57:13 | Classes: 14
2026-08-30 02:57:13 | Data audit: same_dir=False | path_overlap(vis/ir/ais)=0/0/0 | content_overlap(vis/ir/ais)=0/0/0 | ais_index_overlap=0 | stem_mismatch(vis-ir/vis-ais)=578/0
2026-08-30 02:57:13 | source_train classes: present 14/14 | absent 0 | counts [0:120, 1:44, 2:69, 3:45, 4:40, 5:30, 6:64, 7:80, 8:116, 9:68, 10:57, 11:83, 12:48, 13:128]
2026-08-30 02:57:13 | target_train classes: present 8/14 | absent 6 | counts [0:100, 2:11, 3:16, 6:89, 9:162, 10:12, 11:44, 13:31]
2026-08-30 02:57:13 | target_val classes: present 8/14 | absent 6 | counts [0:26, 2:3, 3:5, 6:23, 9:41, 10:3, 11:11, 13:8]
2026-08-30 02:57:13 | Paired training classes: 8/14 | class ids [0, 2, 3, 6, 9, 10, 11, 13]
2026-08-30 02:57:13 | Runtime profile: batch=16 | paired_steps=30 | workers=16 | train_eval_every=5 | raw_eval_every=5 | stability_window=3 | lr_scheduler_start=24 | early_stop=15 after min_epoch=50
2026-08-30 02:57:13 | Augmentation profile: base=0.500 | visible=0.550 | infrared=0.350 | freeze_frozen_batch_norm_stats=True
2026-08-30 02:57:13 | VIS/IR pairing: class-level-unpaired | count-mismatch classes train/val: 10/0 | AIS alignment: none | AIS rows train/val: 0/0
2026-08-30 02:57:13 | Effective Dual-D loss weights: {"adv_auxiliary": 0.025, "adv_primary": 0.025, "classification": 0.65, "contrastive": 0.055, "cycle": 0.0, "identity": 0.025, "prototype_contrastive": 0.025}
2026-08-30 02:57:13 | Model parameters: total=17277714 | trainable=17120210
2026-08-30 02:57:18 | Epoch 001/060 | loss 4.5682 | cls 4.5376 | tal 0.1017 | dual_g 0.0000 | dual_d 0.0000 | train_acc 0.2646 | train_full 0.2172 | val_acc 0.2167 | val_f1 0.2108 | adv/moduleC 0.00/0.00 | disc_steps 0 | grad(main/disc) 28.395/0.000 | lr(main/disc) 1.00e-04/3.20e-05 | cuda_peak(alloc/resv) 4.09/5.12GB | phase(train/val/raw/train_eval) 3.6/0.4/0.4/0.7s | 5.0s
2026-08-30 02:57:21 | Epoch 002/060 | loss 2.9962 | cls 3.0178 | tal -0.0722 | dual_g 0.0000 | dual_d 0.0000 | train_acc 0.5354 | train_full n/a | val_acc 0.4750 | val_f1 0.5250 | adv/moduleC 0.00/0.00 | disc_steps 0 | grad(main/disc) 21.838/0.000 | lr(main/disc) 1.00e-04/3.20e-05 | cuda_peak(alloc/resv) 4.09/5.12GB | phase(train/val/raw/train_eval) 2.6/0.4/0.0/0.0s | 3.0s
2026-08-30 02:57:25 | Epoch 003/060 | loss 2.3401 | cls 2.3516 | tal -0.0383 | dual_g 0.0000 | dual_d 0.0000 | train_acc 0.6750 | train_full n/a | val_acc 0.7250 | val_f1 0.7114 | adv/moduleC 0.00/0.00 | disc_steps 0 | grad(main/disc) 19.938/0.000 | lr(main/disc) 1.00e-04/3.20e-05 | cuda_peak(alloc/resv) 4.09/5.12GB | phase(train/val/raw/train_eval) 2.5/0.4/0.4/0.0s | 3.3s
2026-08-30 02:57:27 | New best val_f1_macro_present: raw=0.7114 stable_score=0.2108 at epoch 3
2026-08-30 02:57:30 | Epoch 004/060 | loss 1.9792 | cls 1.7937 | tal 0.0157 | dual_g 0.1809 | dual_d 0.0000 | train_acc 0.7729 | train_full n/a | val_acc 0.8250 | val_f1 0.8157 | adv/moduleC 0.00/0.12 | disc_steps 0 | grad(main/disc) 17.648/0.000 | lr(main/disc) 1.00e-04/3.20e-05 | cuda_peak(alloc/resv) 4.09/5.12GB | phase(train/val/raw/train_eval) 2.5/0.4/0.4/0.0s | 3.3s
2026-08-30 02:57:32 | New best val_f1_macro_present: raw=0.8157 stable_score=0.5250 at epoch 4
2026-08-30 02:57:36 | Epoch 005/060 | loss 1.9569 | cls 1.6180 | tal 0.0513 | dual_g 0.3235 | dual_d 0.0000 | train_acc 0.8229 | train_full 0.8065 | val_acc 0.7583 | val_f1 0.7697 | adv/moduleC 0.00/0.25 | disc_steps 0 | grad(main/disc) 17.175/0.000 | lr(main/disc) 1.00e-04/3.20e-05 | cuda_peak(alloc/resv) 4.09/5.12GB | phase(train/val/raw/train_eval) 2.5/0.4/0.4/0.7s | 3.9s
2026-08-30 02:57:38 | New best val_f1_macro_present: raw=0.7697 stable_score=0.7114 at epoch 5
2026-08-30 02:57:42 | Epoch 006/060 | loss 1.7579 | cls 1.3305 | tal 0.0461 | dual_g 0.4135 | dual_d 0.8801 | train_acc 0.8646 | train_full n/a | val_acc 0.8250 | val_f1 0.7929 | adv/moduleC 0.07/0.38 | disc_steps 15 | grad(main/disc) 15.465/2.137 | lr(main/disc) 1.00e-04/3.20e-05 | cuda_peak(alloc/resv) 4.09/5.12GB | phase(train/val/raw/train_eval) 2.7/0.4/0.4/0.0s | 3.5s
2026-08-30 02:57:44 | New best val_f1_macro_present: raw=0.7929 stable_score=0.7697 at epoch 6
2026-08-30 02:57:47 | Epoch 007/060 | loss 1.7354 | cls 1.2359 | tal 0.0327 | dual_g 0.4897 | dual_d 0.8407 | train_acc 0.9167 | train_full n/a | val_acc 0.9083 | val_f1 0.8785 | adv/moduleC 0.13/0.50 | disc_steps 15 | grad(main/disc) 14.587/2.059 | lr(main/disc) 1.00e-04/3.20e-05 | cuda_peak(alloc/resv) 4.09/5.12GB | phase(train/val/raw/train_eval) 2.7/0.4/0.0/0.0s | 3.1s
2026-08-30 02:57:50 | Epoch 008/060 | loss 1.7052 | cls 1.1185 | tal 0.0719 | dual_g 0.5651 | dual_d 0.7926 | train_acc 0.9292 | train_full n/a | val_acc 0.8583 | val_f1 0.8201 | adv/moduleC 0.20/0.62 | disc_steps 15 | grad(main/disc) 13.952/1.908 | lr(main/disc) 1.00e-04/3.20e-05 | cuda_peak(alloc/resv) 4.09/5.12GB | phase(train/val/raw/train_eval) 2.6/0.4/0.4/0.0s | 3.3s
2026-08-30 02:57:52 | New best val_f1_macro_present: raw=0.8201 stable_score=0.7929 at epoch 8
2026-08-30 02:57:56 | Epoch 009/060 | loss 1.7201 | cls 1.0779 | tal 0.0229 | dual_g 0.6353 | dual_d 0.7517 | train_acc 0.9542 | train_full n/a | val_acc 0.9250 | val_f1 0.8919 | adv/moduleC 0.27/0.75 | disc_steps 15 | grad(main/disc) 13.569/1.824 | lr(main/disc) 1.00e-04/3.20e-05 | cuda_peak(alloc/resv) 4.09/5.12GB | phase(train/val/raw/train_eval) 2.6/0.4/0.4/0.0s | 3.4s
2026-08-30 02:57:58 | New best val_f1_macro_present: raw=0.8919 stable_score=0.8201 at epoch 9
2026-08-30 02:58:02 | Epoch 010/060 | loss 1.7580 | cls 1.0474 | tal 0.0270 | dual_g 0.7025 | dual_d 0.7333 | train_acc 0.9583 | train_full 0.9828 | val_acc 0.9417 | val_f1 0.9451 | adv/moduleC 0.33/0.88 | disc_steps 15 | grad(main/disc) 13.760/1.763 | lr(main/disc) 1.00e-04/3.20e-05 | cuda_peak(alloc/resv) 4.09/5.12GB | phase(train/val/raw/train_eval) 2.7/0.4/0.4/0.7s | 4.1s
2026-08-30 02:58:06 | Epoch 011/060 | loss 1.6761 | cls 0.9390 | tal -0.0360 | dual_g 0.7480 | dual_d 0.7998 | train_acc 0.9646 | train_full n/a | val_acc 0.9333 | val_f1 0.9050 | adv/moduleC 0.40/1.00 | disc_steps 15 | grad(main/disc) 10.369/1.813 | lr(main/disc) 1.00e-04/3.20e-05 | cuda_peak(alloc/resv) 4.09/5.12GB | phase(train/val/raw/train_eval) 3.0/0.4/0.4/0.0s | 3.8s
2026-08-30 02:58:08 | New best val_f1_macro_present: raw=0.9050 stable_score=0.8919 at epoch 11
2026-08-30 02:58:11 | Epoch 012/060 | loss 1.6597 | cls 0.9371 | tal -0.0595 | dual_g 0.7404 | dual_d 0.8157 | train_acc 0.9792 | train_full n/a | val_acc 0.9500 | val_f1 0.9093 | adv/moduleC 0.47/1.00 | disc_steps 15 | grad(main/disc) 11.061/1.783 | lr(main/disc) 1.00e-04/3.20e-05 | cuda_peak(alloc/resv) 4.09/5.12GB | phase(train/val/raw/train_eval) 2.6/0.4/0.4/0.0s | 3.5s
2026-08-30 02:58:14 | New best val_f1_macro_present: raw=0.9093 stable_score=0.9050 at epoch 12
2026-08-30 02:58:17 | Epoch 013/060 | loss 1.5768 | cls 0.9013 | tal -0.0921 | dual_g 0.7031 | dual_d 0.8275 | train_acc 0.9729 | train_full n/a | val_acc 0.9750 | val_f1 0.9773 | adv/moduleC 0.53/1.00 | disc_steps 15 | grad(main/disc) 9.038/1.864 | lr(main/disc) 1.00e-04/3.20e-05 | cuda_peak(alloc/resv) 4.09/5.12GB | phase(train/val/raw/train_eval) 2.7/0.4/0.0/0.0s | 3.1s
2026-08-30 02:58:20 | Epoch 014/060 | loss 1.5750 | cls 0.8986 | tal -0.0836 | dual_g 0.7015 | dual_d 0.8871 | train_acc 0.9812 | train_full n/a | val_acc 0.9833 | val_f1 0.9847 | adv/moduleC 0.60/1.00 | disc_steps 15 | grad(main/disc) 9.684/1.912 | lr(main/disc) 1.00e-04/3.20e-05 | cuda_peak(alloc/resv) 4.09/5.12GB | phase(train/val/raw/train_eval) 2.7/0.4/0.4/0.0s | 3.5s
2026-08-30 02:58:22 | New best val_f1_macro_present: raw=0.9847 stable_score=0.9093 at epoch 14
2026-08-30 02:58:26 | Epoch 015/060 | loss 1.5280 | cls 0.8738 | tal -0.1380 | dual_g 0.6956 | dual_d 0.9076 | train_acc 0.9854 | train_full 0.9935 | val_acc 0.9833 | val_f1 0.9757 | adv/moduleC 0.67/1.00 | disc_steps 15 | grad(main/disc) 8.849/1.893 | lr(main/disc) 1.00e-04/3.20e-05 | cuda_peak(alloc/resv) 4.09/5.12GB | phase(train/val/raw/train_eval) 2.7/0.4/0.4/0.7s | 4.2s
2026-08-30 02:58:29 | New best val_f1_macro_present: raw=0.9757 stable_score=0.9757 at epoch 15
2026-08-30 02:58:32 | Epoch 016/060 | loss 1.5177 | cls 0.8750 | tal -0.1437 | dual_g 0.6858 | dual_d 0.9666 | train_acc 0.9938 | train_full n/a | val_acc 0.9750 | val_f1 0.9554 | adv/moduleC 0.73/1.00 | disc_steps 15 | grad(main/disc) 8.557/1.958 | lr(main/disc) 1.00e-04/3.20e-05 | cuda_peak(alloc/resv) 4.09/5.12GB | phase(train/val/raw/train_eval) 2.6/0.4/0.0/0.0s | 3.0s
2026-08-30 02:58:35 | Epoch 017/060 | loss 1.4588 | cls 0.8474 | tal -0.1708 | dual_g 0.6627 | dual_d 0.9341 | train_acc 0.9875 | train_full n/a | val_acc 0.9833 | val_f1 0.9757 | adv/moduleC 0.80/1.00 | disc_steps 15 | grad(main/disc) 6.788/1.919 | lr(main/disc) 1.00e-04/3.20e-05 | cuda_peak(alloc/resv) 4.09/5.12GB | phase(train/val/raw/train_eval) 2.6/0.4/0.0/0.0s | 3.0s
2026-08-30 02:58:38 | Epoch 018/060 | loss 1.3873 | cls 0.8085 | tal -0.2106 | dual_g 0.6420 | dual_d 1.0187 | train_acc 0.9958 | train_full n/a | val_acc 0.9833 | val_f1 0.9757 | adv/moduleC 0.87/1.00 | disc_steps 15 | grad(main/disc) 4.671/1.995 | lr(main/disc) 1.00e-04/3.20e-05 | cuda_peak(alloc/resv) 4.09/5.12GB | phase(train/val/raw/train_eval) 3.0/0.4/0.0/0.0s | 3.5s
2026-08-30 02:58:41 | Epoch 019/060 | loss 1.3836 | cls 0.8155 | tal -0.2232 | dual_g 0.6351 | dual_d 1.0549 | train_acc 0.9979 | train_full n/a | val_acc 0.9833 | val_f1 0.9757 | adv/moduleC 0.93/1.00 | disc_steps 15 | grad(main/disc) 5.441/2.008 | lr(main/disc) 1.00e-04/3.20e-05 | cuda_peak(alloc/resv) 4.09/5.12GB | phase(train/val/raw/train_eval) 2.6/0.4/0.0/0.0s | 3.0s
2026-08-30 02:58:45 | Epoch 020/060 | loss 1.3858 | cls 0.8149 | tal -0.2150 | dual_g 0.6354 | dual_d 1.1027 | train_acc 0.9958 | train_full 0.9978 | val_acc 0.9833 | val_f1 0.9708 | adv/moduleC 1.00/1.00 | disc_steps 15 | grad(main/disc) 5.569/2.045 | lr(main/disc) 1.00e-04/3.20e-05 | cuda_peak(alloc/resv) 4.09/5.12GB | phase(train/val/raw/train_eval) 2.7/0.4/0.4/0.7s | 4.2s
2026-08-30 02:58:48 | Epoch 021/060 | loss 1.3794 | cls 0.8169 | tal -0.2096 | dual_g 0.6254 | dual_d 1.1142 | train_acc 0.9938 | train_full n/a | val_acc 0.9917 | val_f1 0.9917 | adv/moduleC 1.00/1.00 | disc_steps 15 | grad(main/disc) 4.979/2.010 | lr(main/disc) 1.00e-04/3.20e-05 | cuda_peak(alloc/resv) 4.09/5.12GB | phase(train/val/raw/train_eval) 2.7/0.4/0.0/0.0s | 3.1s
2026-08-30 02:58:52 | Epoch 022/060 | loss 1.3638 | cls 0.8134 | tal -0.2480 | dual_g 0.6248 | dual_d 1.1035 | train_acc 0.9979 | train_full n/a | val_acc 0.9833 | val_f1 0.9757 | adv/moduleC 1.00/1.00 | disc_steps 15 | grad(main/disc) 5.207/1.982 | lr(main/disc) 1.00e-04/3.20e-05 | cuda_peak(alloc/resv) 4.09/5.12GB | phase(train/val/raw/train_eval) 2.7/0.4/0.0/0.0s | 3.1s
2026-08-30 02:58:54 | Epoch 023/060 | loss 1.3500 | cls 0.8066 | tal -0.2534 | dual_g 0.6193 | dual_d 1.1071 | train_acc 0.9958 | train_full n/a | val_acc 0.9917 | val_f1 0.9827 | adv/moduleC 1.00/1.00 | disc_steps 15 | grad(main/disc) 4.712/1.966 | lr(main/disc) 1.00e-04/3.20e-05 | cuda_peak(alloc/resv) 4.09/5.12GB | phase(train/val/raw/train_eval) 2.5/0.4/0.0/0.0s | 2.9s
2026-08-30 02:58:58 | Epoch 024/060 | loss 1.3502 | cls 0.8122 | tal -0.2654 | dual_g 0.6177 | dual_d 1.0812 | train_acc 0.9938 | train_full n/a | val_acc 0.9917 | val_f1 0.9827 | adv/moduleC 1.00/1.00 | disc_steps 15 | grad(main/disc) 4.967/1.939 | lr(main/disc) 1.00e-04/3.20e-05 | cuda_peak(alloc/resv) 4.09/5.12GB | phase(train/val/raw/train_eval) 2.7/0.4/0.0/0.0s | 3.1s
2026-08-30 02:59:02 | Epoch 025/060 | loss 1.3466 | cls 0.7924 | tal -0.1999 | dual_g 0.6142 | dual_d 1.0966 | train_acc 0.9938 | train_full 1.0000 | val_acc 0.9917 | val_f1 0.9827 | adv/moduleC 1.00/1.00 | disc_steps 15 | grad(main/disc) 4.221/1.919 | lr(main/disc) 1.00e-04/3.20e-05 | cuda_peak(alloc/resv) 4.09/5.12GB | phase(train/val/raw/train_eval) 2.7/0.4/0.4/0.7s | 4.2s
2026-08-30 02:59:04 | New best val_f1_macro_present: raw=0.9827 stable_score=0.9827 at epoch 25
2026-08-30 02:59:07 | Epoch 026/060 | loss 1.3367 | cls 0.7947 | tal -0.2229 | dual_g 0.6089 | dual_d 1.1275 | train_acc 0.9917 | train_full n/a | val_acc 0.9833 | val_f1 0.9757 | adv/moduleC 1.00/1.00 | disc_steps 15 | grad(main/disc) 4.155/1.927 | lr(main/disc) 1.00e-04/3.20e-05 | cuda_peak(alloc/resv) 4.09/5.12GB | phase(train/val/raw/train_eval) 2.6/0.4/0.0/0.0s | 3.0s
2026-08-30 02:59:10 | Epoch 027/060 | loss 1.3206 | cls 0.7927 | tal -0.2352 | dual_g 0.5984 | dual_d 1.1043 | train_acc 0.9979 | train_full n/a | val_acc 0.9833 | val_f1 0.9757 | adv/moduleC 1.00/1.00 | disc_steps 15 | grad(main/disc) 4.066/1.925 | lr(main/disc) 1.00e-04/3.20e-05 | cuda_peak(alloc/resv) 4.09/5.12GB | phase(train/val/raw/train_eval) 2.6/0.4/0.0/0.0s | 3.0s
2026-08-30 02:59:13 | Epoch 028/060 | loss 1.3156 | cls 0.7842 | tal -0.2197 | dual_g 0.5973 | dual_d 1.0954 | train_acc 1.0000 | train_full n/a | val_acc 0.9917 | val_f1 0.9827 | adv/moduleC 1.00/1.00 | disc_steps 15 | grad(main/disc) 3.869/1.888 | lr(main/disc) 1.00e-04/3.20e-05 | cuda_peak(alloc/resv) 4.09/5.12GB | phase(train/val/raw/train_eval) 2.6/0.4/0.0/0.0s | 3.1s
2026-08-30 02:59:16 | Epoch 029/060 | loss 1.2870 | cls 0.7736 | tal -0.2627 | dual_g 0.5923 | dual_d 1.0659 | train_acc 0.9979 | train_full n/a | val_acc 0.9833 | val_f1 0.9757 | adv/moduleC 1.00/1.00 | disc_steps 15 | grad(main/disc) 2.930/1.863 | lr(main/disc) 1.00e-04/3.20e-05 | cuda_peak(alloc/resv) 4.09/5.12GB | phase(train/val/raw/train_eval) 2.7/0.4/0.0/0.0s | 3.1s
2026-08-30 02:59:20 | Epoch 030/060 | loss 1.2809 | cls 0.7717 | tal -0.2642 | dual_g 0.5885 | dual_d 1.0973 | train_acc 0.9979 | train_full 1.0000 | val_acc 0.9833 | val_f1 0.9757 | adv/moduleC 1.00/1.00 | disc_steps 15 | grad(main/disc) 2.958/1.867 | lr(main/disc) 1.00e-04/3.20e-05 | cuda_peak(alloc/resv) 4.09/5.12GB | phase(train/val/raw/train_eval) 2.6/0.4/0.4/0.7s | 4.1s
2026-08-30 02:59:23 | Epoch 031/060 | loss 1.2854 | cls 0.7644 | tal -0.2356 | dual_g 0.5916 | dual_d 1.0489 | train_acc 1.0000 | train_full n/a | val_acc 0.9833 | val_f1 0.9757 | adv/moduleC 1.00/1.00 | disc_steps 15 | grad(main/disc) 3.054/1.823 | lr(main/disc) 1.00e-04/3.20e-05 | cuda_peak(alloc/resv) 4.09/5.12GB | phase(train/val/raw/train_eval) 2.7/0.4/0.0/0.0s | 3.1s
2026-08-30 02:59:27 | Epoch 032/060 | loss 1.2678 | cls 0.7643 | tal -0.2641 | dual_g 0.5827 | dual_d 1.0356 | train_acc 0.9979 | train_full n/a | val_acc 0.9833 | val_f1 0.9847 | adv/moduleC 1.00/1.00 | disc_steps 15 | grad(main/disc) 2.749/1.776 | lr(main/disc) 1.00e-04/3.20e-05 | cuda_peak(alloc/resv) 4.09/5.12GB | phase(train/val/raw/train_eval) 2.7/0.4/0.0/0.0s | 3.1s
2026-08-30 02:59:30 | Epoch 033/060 | loss 1.2750 | cls 0.7694 | tal -0.2920 | dual_g 0.5932 | dual_d 1.0309 | train_acc 1.0000 | train_full n/a | val_acc 0.9833 | val_f1 0.9757 | adv/moduleC 1.00/1.00 | disc_steps 15 | grad(main/disc) 3.442/1.750 | lr(main/disc) 1.00e-04/3.20e-05 | cuda_peak(alloc/resv) 4.09/5.12GB | phase(train/val/raw/train_eval) 2.7/0.4/0.0/0.0s | 3.1s
2026-08-30 02:59:33 | Epoch 034/060 | loss 1.2696 | cls 0.7624 | tal -0.2571 | dual_g 0.5843 | dual_d 1.0172 | train_acc 0.9958 | train_full n/a | val_acc 0.9833 | val_f1 0.9757 | adv/moduleC 1.00/1.00 | disc_steps 15 | grad(main/disc) 2.976/1.712 | lr(main/disc) 1.00e-04/3.20e-05 | cuda_peak(alloc/resv) 4.09/5.12GB | phase(train/val/raw/train_eval) 2.6/0.4/0.0/0.0s | 3.0s
2026-08-30 02:59:37 | Epoch 035/060 | loss 1.2519 | cls 0.7566 | tal -0.2879 | dual_g 0.5816 | dual_d 0.9937 | train_acc 1.0000 | train_full 0.9978 | val_acc 0.9833 | val_f1 0.9757 | adv/moduleC 1.00/1.00 | disc_steps 15 | grad(main/disc) 2.416/1.668 | lr(main/disc) 1.00e-04/3.20e-05 | cuda_peak(alloc/resv) 4.09/5.12GB | phase(train/val/raw/train_eval) 2.7/0.4/0.4/0.7s | 4.2s
2026-08-30 02:59:40 | Epoch 036/060 | loss 1.2708 | cls 0.7703 | tal -0.2862 | dual_g 0.5863 | dual_d 0.9719 | train_acc 0.9958 | train_full n/a | val_acc 0.9833 | val_f1 0.9757 | adv/moduleC 1.00/1.00 | disc_steps 15 | grad(main/disc) 3.296/1.663 | lr(main/disc) 1.00e-04/3.20e-05 | cuda_peak(alloc/resv) 4.09/5.12GB | phase(train/val/raw/train_eval) 2.8/0.4/0.0/0.0s | 3.2s
2026-08-30 02:59:43 | Epoch 037/060 | loss 1.3011 | cls 0.7593 | tal -0.1454 | dual_g 0.5855 | dual_d 0.9730 | train_acc 1.0000 | train_full n/a | val_acc 0.9833 | val_f1 0.9757 | adv/moduleC 1.00/1.00 | disc_steps 15 | grad(main/disc) 2.842/1.620 | lr(main/disc) 1.00e-04/3.20e-05 | cuda_peak(alloc/resv) 4.09/5.12GB | phase(train/val/raw/train_eval) 2.6/0.4/0.0/0.0s | 3.0s
2026-08-30 02:59:46 | Epoch 038/060 | loss 1.2413 | cls 0.7553 | tal -0.3127 | dual_g 0.5799 | dual_d 0.9677 | train_acc 1.0000 | train_full n/a | val_acc 0.9833 | val_f1 0.9847 | adv/moduleC 1.00/1.00 | disc_steps 15 | grad(main/disc) 2.376/1.633 | lr(main/disc) 1.00e-04/3.20e-05 | cuda_peak(alloc/resv) 4.09/5.12GB | phase(train/val/raw/train_eval) 2.7/0.4/0.0/0.0s | 3.1s
2026-08-30 02:59:49 | Epoch 039/060 | loss 1.2227 | cls 0.7558 | tal -0.3547 | dual_g 0.5734 | dual_d 0.9417 | train_acc 0.9979 | train_full n/a | val_acc 0.9917 | val_f1 0.9827 | adv/moduleC 1.00/1.00 | disc_steps 15 | grad(main/disc) 2.421/1.561 | lr(main/disc) 1.00e-04/3.20e-05 | cuda_peak(alloc/resv) 4.09/5.12GB | phase(train/val/raw/train_eval) 2.7/0.4/0.0/0.0s | 3.1s
2026-08-30 02:59:53 | Epoch 040/060 | loss 1.2392 | cls 0.7524 | tal -0.2938 | dual_g 0.5750 | dual_d 0.9661 | train_acc 0.9979 | train_full 1.0000 | val_acc 0.9917 | val_f1 0.9827 | adv/moduleC 1.00/1.00 | disc_steps 15 | grad(main/disc) 2.492/1.594 | lr(main/disc) 1.00e-04/3.20e-05 | cuda_peak(alloc/resv) 4.09/5.12GB | phase(train/val/raw/train_eval) 2.7/0.4/0.4/0.7s | 4.2s
2026-08-30 02:59:56 | Epoch 041/060 | loss 1.2311 | cls 0.7504 | tal -0.3122 | dual_g 0.5744 | dual_d 0.9709 | train_acc 1.0000 | train_full n/a | val_acc 0.9917 | val_f1 0.9827 | adv/moduleC 1.00/1.00 | disc_steps 15 | grad(main/disc) 2.419/1.617 | lr(main/disc) 5.00e-05/1.60e-05 | cuda_peak(alloc/resv) 4.09/5.12GB | phase(train/val/raw/train_eval) 2.7/0.4/0.0/0.0s | 3.1s
2026-08-30 03:00:00 | Epoch 042/060 | loss 1.2178 | cls 0.7412 | tal -0.3118 | dual_g 0.5701 | dual_d 0.9540 | train_acc 1.0000 | train_full n/a | val_acc 0.9917 | val_f1 0.9827 | adv/moduleC 1.00/1.00 | disc_steps 15 | grad(main/disc) 1.832/1.587 | lr(main/disc) 5.00e-05/1.60e-05 | cuda_peak(alloc/resv) 4.09/5.12GB | phase(train/val/raw/train_eval) 2.7/0.4/0.0/0.0s | 3.1s
2026-08-30 03:00:03 | Epoch 043/060 | loss 1.2151 | cls 0.7459 | tal -0.3566 | dual_g 0.5762 | dual_d 0.9020 | train_acc 1.0000 | train_full n/a | val_acc 0.9917 | val_f1 0.9827 | adv/moduleC 1.00/1.00 | disc_steps 15 | grad(main/disc) 2.645/1.494 | lr(main/disc) 5.00e-05/1.60e-05 | cuda_peak(alloc/resv) 4.09/5.12GB | phase(train/val/raw/train_eval) 2.9/0.4/0.0/0.0s | 3.3s
2026-08-30 03:00:06 | Epoch 044/060 | loss 1.2073 | cls 0.7427 | tal -0.3495 | dual_g 0.5695 | dual_d 0.9520 | train_acc 1.0000 | train_full n/a | val_acc 0.9917 | val_f1 0.9827 | adv/moduleC 1.00/1.00 | disc_steps 15 | grad(main/disc) 2.051/1.520 | lr(main/disc) 5.00e-05/1.60e-05 | cuda_peak(alloc/resv) 4.09/5.12GB | phase(train/val/raw/train_eval) 2.6/0.4/0.0/0.0s | 3.0s
2026-08-30 03:00:10 | Epoch 045/060 | loss 1.2139 | cls 0.7445 | tal -0.3354 | dual_g 0.5700 | dual_d 0.9466 | train_acc 1.0000 | train_full 1.0000 | val_acc 0.9917 | val_f1 0.9827 | adv/moduleC 1.00/1.00 | disc_steps 15 | grad(main/disc) 1.980/1.497 | lr(main/disc) 5.00e-05/1.60e-05 | cuda_peak(alloc/resv) 4.09/5.12GB | phase(train/val/raw/train_eval) 2.7/0.4/0.4/0.7s | 4.3s
2026-08-30 03:00:13 | Epoch 046/060 | loss 1.2190 | cls 0.7483 | tal -0.3205 | dual_g 0.5669 | dual_d 0.9093 | train_acc 1.0000 | train_full n/a | val_acc 0.9833 | val_f1 0.9757 | adv/moduleC 1.00/1.00 | disc_steps 15 | grad(main/disc) 2.546/1.530 | lr(main/disc) 5.00e-05/1.60e-05 | cuda_peak(alloc/resv) 4.09/5.12GB | phase(train/val/raw/train_eval) 2.6/0.4/0.0/0.0s | 3.0s
2026-08-30 03:00:16 | Epoch 047/060 | loss 1.1903 | cls 0.7363 | tal -0.3671 | dual_g 0.5641 | dual_d 0.9183 | train_acc 1.0000 | train_full n/a | val_acc 0.9833 | val_f1 0.9757 | adv/moduleC 1.00/1.00 | disc_steps 15 | grad(main/disc) 1.631/1.505 | lr(main/disc) 5.00e-05/1.60e-05 | cuda_peak(alloc/resv) 4.09/5.12GB | phase(train/val/raw/train_eval) 2.7/0.4/0.0/0.0s | 3.1s
2026-08-30 03:00:19 | Epoch 048/060 | loss 1.1946 | cls 0.7382 | tal -0.3682 | dual_g 0.5668 | dual_d 0.9239 | train_acc 1.0000 | train_full n/a | val_acc 0.9917 | val_f1 0.9917 | adv/moduleC 1.00/1.00 | disc_steps 15 | grad(main/disc) 1.688/1.504 | lr(main/disc) 5.00e-05/1.60e-05 | cuda_peak(alloc/resv) 4.09/5.12GB | phase(train/val/raw/train_eval) 2.6/0.4/0.0/0.0s | 3.0s
2026-08-30 03:00:22 | Epoch 049/060 | loss 1.2184 | cls 0.7501 | tal -0.3419 | dual_g 0.5708 | dual_d 0.8833 | train_acc 0.9979 | train_full n/a | val_acc 0.9917 | val_f1 0.9827 | adv/moduleC 1.00/1.00 | disc_steps 15 | grad(main/disc) 2.447/1.419 | lr(main/disc) 5.00e-05/1.60e-05 | cuda_peak(alloc/resv) 4.09/5.12GB | phase(train/val/raw/train_eval) 2.6/0.4/0.0/0.0s | 3.1s
2026-08-30 03:00:26 | Epoch 050/060 | loss 1.2234 | cls 0.7387 | tal -0.2861 | dual_g 0.5705 | dual_d 0.9207 | train_acc 1.0000 | train_full 1.0000 | val_acc 0.9917 | val_f1 0.9827 | adv/moduleC 1.00/1.00 | disc_steps 15 | grad(main/disc) 2.077/1.481 | lr(main/disc) 5.00e-05/1.60e-05 | cuda_peak(alloc/resv) 4.09/5.12GB | phase(train/val/raw/train_eval) 2.6/0.4/0.4/0.7s | 4.1s
2026-08-30 03:00:26 | Early stopping at epoch 50 after 25 epochs without val_f1_macro_present improvement.
2026-08-30 03:00:26 | Training complete. Peak validation accuracy: 0.9917 | selected val_f1_macro_present: 0.9827
