2026-08-30 14:47:15 | Starting Dual_D standalone training
2026-08-30 14:47:15 | Run directory: runs/module_c_v10_full_gate/module_c_20260830_144405/module_c_full_黑天_20260830_144406
2026-08-30 14:47:15 | Device: cuda
2026-08-30 14:47:15 | Source train samples: 992
2026-08-30 14:47:15 | Target train samples: 465
2026-08-30 14:47:15 | Target val samples: 120
2026-08-30 14:47:15 | Classes: 14
2026-08-30 14:47:15 | Data audit: same_dir=False | path_overlap(vis/ir/ais)=0/0/0 | content_overlap(vis/ir/ais)=0/0/0 | ais_index_overlap=0 | stem_mismatch(vis-ir/vis-ais)=578/0
2026-08-30 14:47:15 | source_train classes: present 14/14 | absent 0 | counts [0:120, 1:44, 2:69, 3:45, 4:40, 5:30, 6:64, 7:80, 8:116, 9:68, 10:57, 11:83, 12:48, 13:128]
2026-08-30 14:47:15 | target_train classes: present 8/14 | absent 6 | counts [0:100, 2:11, 3:16, 6:89, 9:162, 10:12, 11:44, 13:31]
2026-08-30 14:47:15 | target_val classes: present 8/14 | absent 6 | counts [0:26, 2:3, 3:5, 6:23, 9:41, 10:3, 11:11, 13:8]
2026-08-30 14:47:15 | Paired training classes: 8/14 | class ids [0, 2, 3, 6, 9, 10, 11, 13]
2026-08-30 14:47:15 | Runtime profile: batch=16 | paired_steps=30 | workers=16 | train_eval_every=5 | raw_eval_every=5 | stability_window=3 | lr_scheduler_start=24 | early_stop=15 after min_epoch=50
2026-08-30 14:47:15 | Augmentation profile: base=0.500 | visible=0.500 | infrared=0.500 | freeze_frozen_batch_norm_stats=True
2026-08-30 14:47:15 | VIS/IR pairing: class-level-unpaired | count-mismatch classes train/val: 10/0 | AIS alignment: none | AIS rows train/val: 0/0
2026-08-30 14:47:16 | Effective Dual-D loss weights: {"adv_auxiliary": 0.025, "adv_primary": 0.025, "classification": 0.65, "contrastive": 0.055, "cycle": 0.12, "identity": 0.025, "prototype_contrastive": 0.025}
2026-08-30 14:47:16 | Model parameters: total=17277714 | trainable=17120210
2026-08-30 14:47:20 | Epoch 001/060 | loss 4.6027 | cls 4.5969 | tal 0.0192 | dual_g 0.0000 | dual_d 0.0000 | train_acc 0.2354 | train_full 0.1505 | val_acc 0.1750 | val_f1 0.1803 | adv/moduleC 0.00/0.00 | disc_steps 0 | grad(main/disc) 27.564/0.000 | lr(main/disc) 1.00e-04/3.20e-05 | cuda_peak(alloc/resv) 4.09/5.12GB | phase(train/val/raw/train_eval) 3.1/0.4/0.4/0.6s | 4.5s
2026-08-30 14:47:23 | Epoch 002/060 | loss 3.0260 | cls 3.1162 | tal -0.3007 | dual_g 0.0000 | dual_d 0.0000 | train_acc 0.4854 | train_full n/a | val_acc 0.2917 | val_f1 0.3929 | adv/moduleC 0.00/0.00 | disc_steps 0 | grad(main/disc) 21.553/0.000 | lr(main/disc) 1.00e-04/3.20e-05 | cuda_peak(alloc/resv) 4.09/5.12GB | phase(train/val/raw/train_eval) 2.5/0.4/0.0/0.0s | 2.9s
2026-08-30 14:47:27 | Epoch 003/060 | loss 2.5163 | cls 2.5417 | tal -0.0849 | dual_g 0.0000 | dual_d 0.0000 | train_acc 0.6146 | train_full n/a | val_acc 0.5500 | val_f1 0.5763 | adv/moduleC 0.00/0.00 | disc_steps 0 | grad(main/disc) 20.510/0.000 | lr(main/disc) 1.00e-04/3.20e-05 | cuda_peak(alloc/resv) 4.09/5.12GB | phase(train/val/raw/train_eval) 2.6/0.4/0.4/0.0s | 3.4s
2026-08-30 14:47:29 | New best val_f1_macro_present: raw=0.5763 stable_score=0.1803 at epoch 3
2026-08-30 14:47:32 | Epoch 004/060 | loss 2.2252 | cls 2.0045 | tal 0.0555 | dual_g 0.2040 | dual_d 0.0000 | train_acc 0.7583 | train_full n/a | val_acc 0.7250 | val_f1 0.7267 | adv/moduleC 0.00/0.12 | disc_steps 0 | grad(main/disc) 18.568/0.000 | lr(main/disc) 1.00e-04/3.20e-05 | cuda_peak(alloc/resv) 4.09/5.12GB | phase(train/val/raw/train_eval) 2.5/0.4/0.4/0.0s | 3.3s
2026-08-30 14:47:34 | New best val_f1_macro_present: raw=0.7267 stable_score=0.3929 at epoch 4
2026-08-30 14:47:38 | Epoch 005/060 | loss 1.9660 | cls 1.6551 | tal -0.0602 | dual_g 0.3289 | dual_d 0.0000 | train_acc 0.8167 | train_full 0.8258 | val_acc 0.7667 | val_f1 0.7566 | adv/moduleC 0.00/0.25 | disc_steps 0 | grad(main/disc) 17.082/0.000 | lr(main/disc) 1.00e-04/3.20e-05 | cuda_peak(alloc/resv) 4.09/5.12GB | phase(train/val/raw/train_eval) 2.6/0.4/0.4/0.7s | 4.0s
2026-08-30 14:47:40 | New best val_f1_macro_present: raw=0.7566 stable_score=0.5763 at epoch 5
2026-08-30 14:47:44 | Epoch 006/060 | loss 1.7906 | cls 1.3503 | tal 0.0698 | dual_g 0.4194 | dual_d 0.9282 | train_acc 0.8917 | train_full n/a | val_acc 0.8333 | val_f1 0.8051 | adv/moduleC 0.07/0.38 | disc_steps 15 | grad(main/disc) 14.598/2.078 | lr(main/disc) 1.00e-04/3.20e-05 | cuda_peak(alloc/resv) 4.09/5.12GB | phase(train/val/raw/train_eval) 2.6/0.4/0.4/0.0s | 3.4s
2026-08-30 14:47:46 | New best val_f1_macro_present: raw=0.8051 stable_score=0.7267 at epoch 6
2026-08-30 14:47:49 | Epoch 007/060 | loss 1.7717 | cls 1.2473 | tal 0.0551 | dual_g 0.5079 | dual_d 0.8625 | train_acc 0.9208 | train_full n/a | val_acc 0.7833 | val_f1 0.7888 | adv/moduleC 0.13/0.50 | disc_steps 15 | grad(main/disc) 14.397/1.954 | lr(main/disc) 1.00e-04/3.20e-05 | cuda_peak(alloc/resv) 4.09/5.12GB | phase(train/val/raw/train_eval) 2.6/0.4/0.4/0.0s | 3.4s
2026-08-30 14:47:51 | New best val_f1_macro_present: raw=0.7888 stable_score=0.7566 at epoch 7
2026-08-30 14:47:55 | Epoch 008/060 | loss 1.7449 | cls 1.1540 | tal -0.0285 | dual_g 0.5994 | dual_d 0.8492 | train_acc 0.9229 | train_full n/a | val_acc 0.8750 | val_f1 0.8459 | adv/moduleC 0.20/0.62 | disc_steps 15 | grad(main/disc) 14.364/1.864 | lr(main/disc) 1.00e-04/3.20e-05 | cuda_peak(alloc/resv) 4.09/5.12GB | phase(train/val/raw/train_eval) 2.7/0.4/0.4/0.0s | 3.5s
2026-08-30 14:47:57 | New best val_f1_macro_present: raw=0.8459 stable_score=0.7888 at epoch 8
2026-08-30 14:48:00 | Epoch 009/060 | loss 1.7483 | cls 1.0819 | tal -0.0662 | dual_g 0.6862 | dual_d 0.8286 | train_acc 0.9521 | train_full n/a | val_acc 0.9167 | val_f1 0.8849 | adv/moduleC 0.27/0.75 | disc_steps 15 | grad(main/disc) 13.211/1.827 | lr(main/disc) 1.00e-04/3.20e-05 | cuda_peak(alloc/resv) 4.09/5.12GB | phase(train/val/raw/train_eval) 2.8/0.4/0.0/0.0s | 3.1s
2026-08-30 14:48:04 | Epoch 010/060 | loss 1.7209 | cls 0.9915 | tal 0.0448 | dual_g 0.7160 | dual_d 0.8032 | train_acc 0.9667 | train_full 0.9591 | val_acc 0.9333 | val_f1 0.8935 | adv/moduleC 0.33/0.88 | disc_steps 15 | grad(main/disc) 11.325/1.768 | lr(main/disc) 1.00e-04/3.20e-05 | cuda_peak(alloc/resv) 4.09/5.12GB | phase(train/val/raw/train_eval) 2.7/0.4/0.4/0.7s | 4.1s
2026-08-30 14:48:06 | New best val_f1_macro_present: raw=0.8935 stable_score=0.8459 at epoch 10
2026-08-30 14:48:10 | Epoch 011/060 | loss 1.7481 | cls 0.9619 | tal -0.0377 | dual_g 0.7975 | dual_d 0.7852 | train_acc 0.9750 | train_full n/a | val_acc 0.9667 | val_f1 0.9696 | adv/moduleC 0.40/1.00 | disc_steps 15 | grad(main/disc) 10.920/1.715 | lr(main/disc) 1.00e-04/3.20e-05 | cuda_peak(alloc/resv) 4.09/5.12GB | phase(train/val/raw/train_eval) 2.6/0.4/0.4/0.0s | 3.4s
2026-08-30 14:48:12 | New best val_f1_macro_present: raw=0.9696 stable_score=0.8849 at epoch 11
2026-08-30 14:48:15 | Epoch 012/060 | loss 1.6495 | cls 0.9132 | tal -0.0658 | dual_g 0.7560 | dual_d 0.7728 | train_acc 0.9833 | train_full n/a | val_acc 0.9417 | val_f1 0.9197 | adv/moduleC 0.47/1.00 | disc_steps 15 | grad(main/disc) 9.491/1.674 | lr(main/disc) 1.00e-04/3.20e-05 | cuda_peak(alloc/resv) 4.09/5.12GB | phase(train/val/raw/train_eval) 2.6/0.4/0.4/0.0s | 3.4s
2026-08-30 14:48:17 | New best val_f1_macro_present: raw=0.9197 stable_score=0.8935 at epoch 12
2026-08-30 14:48:21 | Epoch 013/060 | loss 1.5949 | cls 0.8863 | tal -0.0990 | dual_g 0.7384 | dual_d 0.8212 | train_acc 0.9875 | train_full n/a | val_acc 0.9333 | val_f1 0.9158 | adv/moduleC 0.53/1.00 | disc_steps 15 | grad(main/disc) 8.533/1.670 | lr(main/disc) 1.00e-04/3.20e-05 | cuda_peak(alloc/resv) 4.09/5.12GB | phase(train/val/raw/train_eval) 2.6/0.4/0.4/0.0s | 3.4s
2026-08-30 14:48:23 | New best val_f1_macro_present: raw=0.9158 stable_score=0.9158 at epoch 13
2026-08-30 14:48:26 | Epoch 014/060 | loss 1.5944 | cls 0.8739 | tal -0.0166 | dual_g 0.7254 | dual_d 0.8958 | train_acc 0.9854 | train_full n/a | val_acc 0.9833 | val_f1 0.9787 | adv/moduleC 0.60/1.00 | disc_steps 15 | grad(main/disc) 8.413/1.781 | lr(main/disc) 1.00e-04/3.20e-05 | cuda_peak(alloc/resv) 4.09/5.12GB | phase(train/val/raw/train_eval) 2.7/0.4/0.0/0.0s | 3.1s
2026-08-30 14:48:30 | Epoch 015/060 | loss 1.6176 | cls 0.9128 | tal -0.0886 | dual_g 0.7313 | dual_d 0.9211 | train_acc 0.9833 | train_full 0.9892 | val_acc 0.9750 | val_f1 0.9686 | adv/moduleC 0.67/1.00 | disc_steps 15 | grad(main/disc) 9.384/1.792 | lr(main/disc) 1.00e-04/3.20e-05 | cuda_peak(alloc/resv) 4.09/5.12GB | phase(train/val/raw/train_eval) 2.6/0.4/0.4/0.7s | 4.0s
2026-08-30 14:48:34 | Epoch 016/060 | loss 1.5559 | cls 0.8555 | tal -0.0467 | dual_g 0.7144 | dual_d 0.9303 | train_acc 0.9896 | train_full n/a | val_acc 0.9917 | val_f1 0.9762 | adv/moduleC 0.73/1.00 | disc_steps 15 | grad(main/disc) 7.524/1.748 | lr(main/disc) 1.00e-04/3.20e-05 | cuda_peak(alloc/resv) 4.09/5.12GB | phase(train/val/raw/train_eval) 2.7/0.4/0.4/0.0s | 3.4s
2026-08-30 14:48:36 | New best val_f1_macro_present: raw=0.9762 stable_score=0.9686 at epoch 16
2026-08-30 14:48:39 | Epoch 017/060 | loss 1.5366 | cls 0.8611 | tal -0.0619 | dual_g 0.6940 | dual_d 0.9177 | train_acc 0.9917 | train_full n/a | val_acc 0.9917 | val_f1 0.9762 | adv/moduleC 0.80/1.00 | disc_steps 15 | grad(main/disc) 7.291/1.710 | lr(main/disc) 1.00e-04/3.20e-05 | cuda_peak(alloc/resv) 4.09/5.12GB | phase(train/val/raw/train_eval) 2.8/0.4/0.0/0.0s | 3.2s
2026-08-30 14:48:42 | Epoch 018/060 | loss 1.5666 | cls 0.8712 | tal -0.0564 | dual_g 0.7124 | dual_d 0.9454 | train_acc 0.9812 | train_full n/a | val_acc 0.9417 | val_f1 0.9324 | adv/moduleC 0.87/1.00 | disc_steps 15 | grad(main/disc) 8.950/1.747 | lr(main/disc) 1.00e-04/3.20e-05 | cuda_peak(alloc/resv) 4.09/5.12GB | phase(train/val/raw/train_eval) 2.8/0.4/0.0/0.0s | 3.2s
2026-08-30 14:48:45 | Epoch 019/060 | loss 1.5248 | cls 0.8594 | tal -0.0780 | dual_g 0.6887 | dual_d 0.9934 | train_acc 0.9833 | train_full n/a | val_acc 0.9583 | val_f1 0.9411 | adv/moduleC 0.93/1.00 | disc_steps 15 | grad(main/disc) 7.791/1.804 | lr(main/disc) 1.00e-04/3.20e-05 | cuda_peak(alloc/resv) 4.09/5.12GB | phase(train/val/raw/train_eval) 2.6/0.4/0.0/0.0s | 3.0s
2026-08-30 14:48:49 | Epoch 020/060 | loss 1.4854 | cls 0.8313 | tal -0.0718 | dual_g 0.6757 | dual_d 0.9908 | train_acc 0.9938 | train_full 0.9849 | val_acc 0.9750 | val_f1 0.9673 | adv/moduleC 1.00/1.00 | disc_steps 15 | grad(main/disc) 5.894/1.762 | lr(main/disc) 1.00e-04/3.20e-05 | cuda_peak(alloc/resv) 4.09/5.12GB | phase(train/val/raw/train_eval) 2.7/0.4/0.4/0.7s | 4.1s
2026-08-30 14:48:52 | Epoch 021/060 | loss 1.4382 | cls 0.8039 | tal -0.1112 | dual_g 0.6676 | dual_d 1.0282 | train_acc 1.0000 | train_full n/a | val_acc 0.9667 | val_f1 0.9572 | adv/moduleC 1.00/1.00 | disc_steps 15 | grad(main/disc) 4.541/1.769 | lr(main/disc) 1.00e-04/3.20e-05 | cuda_peak(alloc/resv) 4.09/5.12GB | phase(train/val/raw/train_eval) 2.7/0.4/0.0/0.0s | 3.1s
2026-08-30 14:48:55 | Epoch 022/060 | loss 1.4292 | cls 0.8100 | tal -0.1279 | dual_g 0.6575 | dual_d 1.0011 | train_acc 0.9958 | train_full n/a | val_acc 0.9917 | val_f1 0.9827 | adv/moduleC 1.00/1.00 | disc_steps 15 | grad(main/disc) 5.083/1.728 | lr(main/disc) 1.00e-04/3.20e-05 | cuda_peak(alloc/resv) 4.09/5.12GB | phase(train/val/raw/train_eval) 2.7/0.4/0.0/0.0s | 3.1s
2026-08-30 14:48:58 | Epoch 023/060 | loss 1.4203 | cls 0.8051 | tal -0.1267 | dual_g 0.6532 | dual_d 1.0373 | train_acc 1.0000 | train_full n/a | val_acc 0.9917 | val_f1 0.9827 | adv/moduleC 1.00/1.00 | disc_steps 15 | grad(main/disc) 4.290/1.752 | lr(main/disc) 1.00e-04/3.20e-05 | cuda_peak(alloc/resv) 4.09/5.12GB | phase(train/val/raw/train_eval) 2.6/0.4/0.0/0.0s | 3.0s
2026-08-30 14:49:01 | Epoch 024/060 | loss 1.4092 | cls 0.7946 | tal -0.1075 | dual_g 0.6468 | dual_d 1.0894 | train_acc 1.0000 | train_full n/a | val_acc 0.9750 | val_f1 0.9656 | adv/moduleC 1.00/1.00 | disc_steps 15 | grad(main/disc) 3.821/1.761 | lr(main/disc) 1.00e-04/3.20e-05 | cuda_peak(alloc/resv) 4.09/5.12GB | phase(train/val/raw/train_eval) 2.7/0.4/0.0/0.0s | 3.2s
2026-08-30 14:49:06 | Epoch 025/060 | loss 1.3842 | cls 0.7861 | tal -0.1378 | dual_g 0.6395 | dual_d 1.0442 | train_acc 0.9979 | train_full 0.9978 | val_acc 0.9750 | val_f1 0.9591 | adv/moduleC 1.00/1.00 | disc_steps 15 | grad(main/disc) 3.640/1.724 | lr(main/disc) 1.00e-04/3.20e-05 | cuda_peak(alloc/resv) 4.09/5.12GB | phase(train/val/raw/train_eval) 2.8/0.4/0.4/0.7s | 4.2s
2026-08-30 14:49:09 | Epoch 026/060 | loss 1.4170 | cls 0.7968 | tal -0.0798 | dual_g 0.6442 | dual_d 1.0272 | train_acc 0.9979 | train_full n/a | val_acc 0.9750 | val_f1 0.9618 | adv/moduleC 1.00/1.00 | disc_steps 15 | grad(main/disc) 4.358/1.693 | lr(main/disc) 1.00e-04/3.20e-05 | cuda_peak(alloc/resv) 4.09/5.12GB | phase(train/val/raw/train_eval) 2.8/0.4/0.0/0.0s | 3.1s
2026-08-30 14:49:12 | Epoch 027/060 | loss 1.3862 | cls 0.7897 | tal -0.1565 | dual_g 0.6434 | dual_d 1.0495 | train_acc 0.9979 | train_full n/a | val_acc 0.9917 | val_f1 0.9827 | adv/moduleC 1.00/1.00 | disc_steps 15 | grad(main/disc) 4.356/1.692 | lr(main/disc) 1.00e-04/3.20e-05 | cuda_peak(alloc/resv) 4.09/5.12GB | phase(train/val/raw/train_eval) 2.7/0.4/0.0/0.0s | 3.0s
2026-08-30 14:49:15 | Epoch 028/060 | loss 1.3836 | cls 0.7836 | tal -0.0949 | dual_g 0.6284 | dual_d 1.0024 | train_acc 1.0000 | train_full n/a | val_acc 0.9750 | val_f1 0.9554 | adv/moduleC 1.00/1.00 | disc_steps 15 | grad(main/disc) 3.658/1.654 | lr(main/disc) 1.00e-04/3.20e-05 | cuda_peak(alloc/resv) 4.09/5.12GB | phase(train/val/raw/train_eval) 2.8/0.4/0.0/0.0s | 3.1s
2026-08-30 14:49:18 | Epoch 029/060 | loss 1.3602 | cls 0.7791 | tal -0.1540 | dual_g 0.6273 | dual_d 0.9648 | train_acc 1.0000 | train_full n/a | val_acc 0.9917 | val_f1 0.9827 | adv/moduleC 1.00/1.00 | disc_steps 15 | grad(main/disc) 3.318/1.583 | lr(main/disc) 1.00e-04/3.20e-05 | cuda_peak(alloc/resv) 4.09/5.12GB | phase(train/val/raw/train_eval) 2.7/0.4/0.0/0.0s | 3.1s
2026-08-30 14:49:22 | Epoch 030/060 | loss 1.3754 | cls 0.7895 | tal -0.1287 | dual_g 0.6245 | dual_d 0.9998 | train_acc 0.9938 | train_full 1.0000 | val_acc 0.9833 | val_f1 0.9692 | adv/moduleC 1.00/1.00 | disc_steps 15 | grad(main/disc) 4.055/1.631 | lr(main/disc) 1.00e-04/3.20e-05 | cuda_peak(alloc/resv) 4.09/5.12GB | phase(train/val/raw/train_eval) 2.8/0.4/0.4/0.7s | 4.3s
2026-08-30 14:49:25 | Epoch 031/060 | loss 1.3222 | cls 0.7680 | tal -0.2208 | dual_g 0.6204 | dual_d 0.9807 | train_acc 1.0000 | train_full n/a | val_acc 0.9917 | val_f1 0.9827 | adv/moduleC 1.00/1.00 | disc_steps 15 | grad(main/disc) 2.899/1.607 | lr(main/disc) 1.00e-04/3.20e-05 | cuda_peak(alloc/resv) 4.09/5.12GB | phase(train/val/raw/train_eval) 2.5/0.4/0.0/0.0s | 2.9s
2026-08-30 14:49:28 | Epoch 032/060 | loss 1.3217 | cls 0.7776 | tal -0.2424 | dual_g 0.6168 | dual_d 0.9874 | train_acc 0.9958 | train_full n/a | val_acc 0.9833 | val_f1 0.9757 | adv/moduleC 1.00/1.00 | disc_steps 15 | grad(main/disc) 3.669/1.594 | lr(main/disc) 1.00e-04/3.20e-05 | cuda_peak(alloc/resv) 4.09/5.12GB | phase(train/val/raw/train_eval) 2.6/0.4/0.0/0.0s | 2.9s
2026-08-30 14:49:32 | Epoch 033/060 | loss 1.3224 | cls 0.7696 | tal -0.1970 | dual_g 0.6119 | dual_d 1.0049 | train_acc 0.9979 | train_full n/a | val_acc 0.9917 | val_f1 0.9827 | adv/moduleC 1.00/1.00 | disc_steps 15 | grad(main/disc) 3.394/1.633 | lr(main/disc) 1.00e-04/3.20e-05 | cuda_peak(alloc/resv) 4.09/5.12GB | phase(train/val/raw/train_eval) 2.7/0.4/0.4/0.0s | 3.4s
2026-08-30 14:49:34 | New best val_f1_macro_present: raw=0.9827 stable_score=0.9757 at epoch 33
2026-08-30 14:49:37 | Epoch 034/060 | loss 1.3057 | cls 0.7634 | tal -0.2225 | dual_g 0.6090 | dual_d 0.9816 | train_acc 1.0000 | train_full n/a | val_acc 0.9833 | val_f1 0.9757 | adv/moduleC 1.00/1.00 | disc_steps 15 | grad(main/disc) 2.784/1.557 | lr(main/disc) 1.00e-04/3.20e-05 | cuda_peak(alloc/resv) 4.09/5.12GB | phase(train/val/raw/train_eval) 2.7/0.4/0.0/0.0s | 3.0s
2026-08-30 14:49:41 | Epoch 035/060 | loss 1.2807 | cls 0.7631 | tal -0.3057 | dual_g 0.6094 | dual_d 0.9523 | train_acc 1.0000 | train_full 0.9978 | val_acc 0.9833 | val_f1 0.9757 | adv/moduleC 1.00/1.00 | disc_steps 15 | grad(main/disc) 2.664/1.517 | lr(main/disc) 1.00e-04/3.20e-05 | cuda_peak(alloc/resv) 4.09/5.12GB | phase(train/val/raw/train_eval) 2.7/0.4/0.4/0.7s | 4.1s
2026-08-30 14:49:44 | Epoch 036/060 | loss 1.2954 | cls 0.7652 | tal -0.2542 | dual_g 0.6064 | dual_d 0.9467 | train_acc 0.9979 | train_full n/a | val_acc 0.9917 | val_f1 0.9827 | adv/moduleC 1.00/1.00 | disc_steps 15 | grad(main/disc) 3.041/1.496 | lr(main/disc) 5.00e-05/1.60e-05 | cuda_peak(alloc/resv) 4.09/5.12GB | phase(train/val/raw/train_eval) 2.6/0.4/0.0/0.0s | 3.0s
2026-08-30 14:49:47 | Epoch 037/060 | loss 1.2892 | cls 0.7601 | tal -0.2267 | dual_g 0.5971 | dual_d 0.9536 | train_acc 0.9979 | train_full n/a | val_acc 0.9917 | val_f1 0.9827 | adv/moduleC 1.00/1.00 | disc_steps 15 | grad(main/disc) 2.478/1.517 | lr(main/disc) 5.00e-05/1.60e-05 | cuda_peak(alloc/resv) 4.09/5.12GB | phase(train/val/raw/train_eval) 2.8/0.4/0.0/0.0s | 3.2s
2026-08-30 14:49:51 | Epoch 038/060 | loss 1.2602 | cls 0.7485 | tal -0.2823 | dual_g 0.5965 | dual_d 0.9911 | train_acc 0.9979 | train_full n/a | val_acc 0.9917 | val_f1 0.9827 | adv/moduleC 1.00/1.00 | disc_steps 15 | grad(main/disc) 2.000/1.504 | lr(main/disc) 5.00e-05/1.60e-05 | cuda_peak(alloc/resv) 4.09/5.12GB | phase(train/val/raw/train_eval) 2.7/0.4/0.4/0.0s | 3.5s
2026-08-30 14:49:53 | New best val_f1_macro_present: raw=0.9827 stable_score=0.9827 at epoch 38
2026-08-30 14:49:56 | Epoch 039/060 | loss 1.2583 | cls 0.7521 | tal -0.2903 | dual_g 0.5933 | dual_d 0.9571 | train_acc 1.0000 | train_full n/a | val_acc 0.9917 | val_f1 0.9827 | adv/moduleC 1.00/1.00 | disc_steps 15 | grad(main/disc) 2.227/1.481 | lr(main/disc) 5.00e-05/1.60e-05 | cuda_peak(alloc/resv) 4.09/5.12GB | phase(train/val/raw/train_eval) 2.7/0.4/0.0/0.0s | 3.1s
2026-08-30 14:50:00 | Epoch 040/060 | loss 1.2478 | cls 0.7481 | tal -0.3080 | dual_g 0.5921 | dual_d 0.9619 | train_acc 1.0000 | train_full 1.0000 | val_acc 0.9917 | val_f1 0.9827 | adv/moduleC 1.00/1.00 | disc_steps 15 | grad(main/disc) 1.860/1.499 | lr(main/disc) 5.00e-05/1.60e-05 | cuda_peak(alloc/resv) 4.09/5.12GB | phase(train/val/raw/train_eval) 2.7/0.4/0.4/0.6s | 4.2s
2026-08-30 14:50:03 | Epoch 041/060 | loss 1.2503 | cls 0.7535 | tal -0.3264 | dual_g 0.5947 | dual_d 0.9436 | train_acc 1.0000 | train_full n/a | val_acc 0.9750 | val_f1 0.9656 | adv/moduleC 1.00/1.00 | disc_steps 15 | grad(main/disc) 2.404/1.461 | lr(main/disc) 5.00e-05/1.60e-05 | cuda_peak(alloc/resv) 4.09/5.12GB | phase(train/val/raw/train_eval) 2.9/0.4/0.0/0.0s | 3.2s
2026-08-30 14:50:06 | Epoch 042/060 | loss 1.2268 | cls 0.7460 | tal -0.3731 | dual_g 0.5928 | dual_d 0.9391 | train_acc 1.0000 | train_full n/a | val_acc 0.9833 | val_f1 0.9726 | adv/moduleC 1.00/1.00 | disc_steps 15 | grad(main/disc) 1.811/1.443 | lr(main/disc) 5.00e-05/1.60e-05 | cuda_peak(alloc/resv) 4.09/5.12GB | phase(train/val/raw/train_eval) 2.7/0.4/0.0/0.0s | 3.0s
2026-08-30 14:50:10 | Epoch 043/060 | loss 1.2341 | cls 0.7458 | tal -0.3453 | dual_g 0.5918 | dual_d 0.9412 | train_acc 0.9979 | train_full n/a | val_acc 0.9833 | val_f1 0.9757 | adv/moduleC 1.00/1.00 | disc_steps 15 | grad(main/disc) 1.877/1.447 | lr(main/disc) 5.00e-05/1.60e-05 | cuda_peak(alloc/resv) 4.09/5.12GB | phase(train/val/raw/train_eval) 2.9/0.4/0.0/0.0s | 3.2s
2026-08-30 14:50:12 | Epoch 044/060 | loss 1.2292 | cls 0.7510 | tal -0.3716 | dual_g 0.5897 | dual_d 0.9353 | train_acc 1.0000 | train_full n/a | val_acc 0.9833 | val_f1 0.9757 | adv/moduleC 1.00/1.00 | disc_steps 15 | grad(main/disc) 2.428/1.455 | lr(main/disc) 5.00e-05/1.60e-05 | cuda_peak(alloc/resv) 4.09/5.12GB | phase(train/val/raw/train_eval) 2.6/0.4/0.0/0.0s | 3.0s
2026-08-30 14:50:17 | Epoch 045/060 | loss 1.2370 | cls 0.7523 | tal -0.3575 | dual_g 0.5919 | dual_d 0.9131 | train_acc 1.0000 | train_full 1.0000 | val_acc 0.9833 | val_f1 0.9757 | adv/moduleC 1.00/1.00 | disc_steps 15 | grad(main/disc) 2.529/1.425 | lr(main/disc) 2.50e-05/8.00e-06 | cuda_peak(alloc/resv) 4.09/5.12GB | phase(train/val/raw/train_eval) 2.6/0.4/0.4/0.6s | 4.0s
2026-08-30 14:50:20 | Epoch 046/060 | loss 1.2178 | cls 0.7409 | tal -0.3732 | dual_g 0.5888 | dual_d 0.9579 | train_acc 1.0000 | train_full n/a | val_acc 0.9917 | val_f1 0.9827 | adv/moduleC 1.00/1.00 | disc_steps 15 | grad(main/disc) 1.774/1.444 | lr(main/disc) 2.50e-05/8.00e-06 | cuda_peak(alloc/resv) 4.09/5.12GB | phase(train/val/raw/train_eval) 2.7/0.4/0.0/0.0s | 3.1s
2026-08-30 14:50:23 | Epoch 047/060 | loss 1.2165 | cls 0.7427 | tal -0.3712 | dual_g 0.5851 | dual_d 0.8915 | train_acc 1.0000 | train_full n/a | val_acc 0.9917 | val_f1 0.9827 | adv/moduleC 1.00/1.00 | disc_steps 15 | grad(main/disc) 1.867/1.389 | lr(main/disc) 2.50e-05/8.00e-06 | cuda_peak(alloc/resv) 4.09/5.12GB | phase(train/val/raw/train_eval) 2.9/0.4/0.0/0.0s | 3.3s
2026-08-30 14:50:26 | Epoch 048/060 | loss 1.2172 | cls 0.7422 | tal -0.3592 | dual_g 0.5827 | dual_d 0.9106 | train_acc 1.0000 | train_full n/a | val_acc 0.9917 | val_f1 0.9827 | adv/moduleC 1.00/1.00 | disc_steps 15 | grad(main/disc) 1.816/1.405 | lr(main/disc) 2.50e-05/8.00e-06 | cuda_peak(alloc/resv) 4.09/5.12GB | phase(train/val/raw/train_eval) 2.7/0.4/0.0/0.0s | 3.1s
2026-08-30 14:50:29 | Epoch 049/060 | loss 1.2191 | cls 0.7486 | tal -0.3795 | dual_g 0.5844 | dual_d 0.9322 | train_acc 1.0000 | train_full n/a | val_acc 0.9833 | val_f1 0.9757 | adv/moduleC 1.00/1.00 | disc_steps 15 | grad(main/disc) 2.171/1.425 | lr(main/disc) 2.50e-05/8.00e-06 | cuda_peak(alloc/resv) 4.09/5.12GB | phase(train/val/raw/train_eval) 2.8/0.4/0.0/0.0s | 3.1s
2026-08-30 14:50:33 | Epoch 050/060 | loss 1.2357 | cls 0.7403 | tal -0.3028 | dual_g 0.5863 | dual_d 0.9213 | train_acc 1.0000 | train_full 1.0000 | val_acc 0.9917 | val_f1 0.9827 | adv/moduleC 1.00/1.00 | disc_steps 15 | grad(main/disc) 1.801/1.419 | lr(main/disc) 2.50e-05/8.00e-06 | cuda_peak(alloc/resv) 4.09/5.12GB | phase(train/val/raw/train_eval) 2.8/0.4/0.4/0.6s | 4.2s
2026-08-30 14:50:36 | Epoch 051/060 | loss 1.2303 | cls 0.7434 | tal -0.3315 | dual_g 0.5863 | dual_d 0.9108 | train_acc 1.0000 | train_full n/a | val_acc 0.9917 | val_f1 0.9827 | adv/moduleC 1.00/1.00 | disc_steps 15 | grad(main/disc) 1.881/1.406 | lr(main/disc) 2.50e-05/8.00e-06 | cuda_peak(alloc/resv) 4.09/5.12GB | phase(train/val/raw/train_eval) 2.7/0.4/0.0/0.0s | 3.1s
2026-08-30 14:50:39 | Epoch 052/060 | loss 1.2037 | cls 0.7398 | tal -0.3862 | dual_g 0.5797 | dual_d 0.9033 | train_acc 1.0000 | train_full n/a | val_acc 0.9833 | val_f1 0.9757 | adv/moduleC 1.00/1.00 | disc_steps 15 | grad(main/disc) 1.564/1.415 | lr(main/disc) 2.50e-05/8.00e-06 | cuda_peak(alloc/resv) 4.09/5.12GB | phase(train/val/raw/train_eval) 2.6/0.4/0.0/0.0s | 3.0s
2026-08-30 14:50:42 | Epoch 053/060 | loss 1.2189 | cls 0.7400 | tal -0.3503 | dual_g 0.5840 | dual_d 0.9004 | train_acc 1.0000 | train_full n/a | val_acc 0.9917 | val_f1 0.9827 | adv/moduleC 1.00/1.00 | disc_steps 15 | grad(main/disc) 1.649/1.402 | lr(main/disc) 2.50e-05/8.00e-06 | cuda_peak(alloc/resv) 4.09/5.12GB | phase(train/val/raw/train_eval) 2.7/0.4/0.0/0.0s | 3.0s
2026-08-30 14:50:42 | Early stopping at epoch 53 after 15 epochs without val_f1_macro_present improvement.
2026-08-30 14:50:42 | Training complete. Peak validation accuracy: 0.9917 | selected val_f1_macro_present: 0.9827
