2026-08-30 14:50:42 | Starting Dual_D standalone training
2026-08-30 14:50:42 | Run directory: runs/module_c_v10_full_gate/module_c_20260830_144405/module_c_full_黑天_20260830_144406
2026-08-30 14:50:42 | Device: cuda
2026-08-30 14:50:42 | Source train samples: 992
2026-08-30 14:50:42 | Target train samples: 465
2026-08-30 14:50:42 | Target val samples: 120
2026-08-30 14:50:42 | Classes: 14
2026-08-30 14:50:42 | Data audit: same_dir=False | path_overlap(vis/ir/ais)=0/0/0 | content_overlap(vis/ir/ais)=0/0/0 | ais_index_overlap=0 | stem_mismatch(vis-ir/vis-ais)=578/0
2026-08-30 14:50:42 | source_train classes: present 14/14 | absent 0 | counts [0:120, 1:44, 2:69, 3:45, 4:40, 5:30, 6:64, 7:80, 8:116, 9:68, 10:57, 11:83, 12:48, 13:128]
2026-08-30 14:50:42 | target_train classes: present 8/14 | absent 6 | counts [0:100, 2:11, 3:16, 6:89, 9:162, 10:12, 11:44, 13:31]
2026-08-30 14:50:42 | target_val classes: present 8/14 | absent 6 | counts [0:26, 2:3, 3:5, 6:23, 9:41, 10:3, 11:11, 13:8]
2026-08-30 14:50:42 | Paired training classes: 8/14 | class ids [0, 2, 3, 6, 9, 10, 11, 13]
2026-08-30 14:50:42 | Runtime profile: batch=16 | paired_steps=30 | workers=16 | train_eval_every=5 | raw_eval_every=5 | stability_window=3 | lr_scheduler_start=24 | early_stop=15 after min_epoch=50
2026-08-30 14:50:42 | Augmentation profile: base=0.500 | visible=0.500 | infrared=0.500 | freeze_frozen_batch_norm_stats=True
2026-08-30 14:50:42 | VIS/IR pairing: class-level-unpaired | count-mismatch classes train/val: 10/0 | AIS alignment: none | AIS rows train/val: 0/0
2026-08-30 14:50:43 | Effective Dual-D loss weights: {"adv_auxiliary": 0.025, "adv_primary": 0.025, "classification": 0.65, "contrastive": 0.055, "cycle": 0.12, "identity": 0.025, "prototype_contrastive": 0.025}
2026-08-30 14:50:43 | Model parameters: total=17277714 | trainable=17120210
2026-08-30 14:50:48 | Epoch 001/060 | loss 4.6367 | cls 4.5786 | tal 0.1938 | dual_g 0.0000 | dual_d 0.0000 | train_acc 0.2271 | train_full 0.2000 | val_acc 0.2083 | val_f1 0.2836 | adv/moduleC 0.00/0.00 | disc_steps 0 | grad(main/disc) 25.506/0.000 | lr(main/disc) 1.00e-04/3.20e-05 | cuda_peak(alloc/resv) 4.09/5.12GB | phase(train/val/raw/train_eval) 2.8/0.4/0.4/0.7s | 4.2s
2026-08-30 14:50:51 | Epoch 002/060 | loss 3.1227 | cls 3.0708 | tal 0.1729 | dual_g 0.0000 | dual_d 0.0000 | train_acc 0.4958 | train_full n/a | val_acc 0.6250 | val_f1 0.6281 | adv/moduleC 0.00/0.00 | disc_steps 0 | grad(main/disc) 20.029/0.000 | lr(main/disc) 1.00e-04/3.20e-05 | cuda_peak(alloc/resv) 4.09/5.12GB | phase(train/val/raw/train_eval) 2.6/0.4/0.0/0.0s | 3.0s
2026-08-30 14:50:54 | Epoch 003/060 | loss 2.4448 | cls 2.4109 | tal 0.1131 | dual_g 0.0000 | dual_d 0.0000 | train_acc 0.6813 | train_full n/a | val_acc 0.5417 | val_f1 0.5967 | adv/moduleC 0.00/0.00 | disc_steps 0 | grad(main/disc) 18.982/0.000 | lr(main/disc) 1.00e-04/3.20e-05 | cuda_peak(alloc/resv) 4.09/5.12GB | phase(train/val/raw/train_eval) 2.6/0.4/0.4/0.0s | 3.3s
2026-08-30 14:50:56 | New best val_f1_macro_present: raw=0.5967 stable_score=0.2836 at epoch 3
2026-08-30 14:50:59 | Epoch 004/060 | loss 2.2368 | cls 1.9864 | tal 0.1530 | dual_g 0.2045 | dual_d 0.0000 | train_acc 0.7625 | train_full n/a | val_acc 0.7667 | val_f1 0.7260 | adv/moduleC 0.00/0.12 | disc_steps 0 | grad(main/disc) 18.350/0.000 | lr(main/disc) 1.00e-04/3.20e-05 | cuda_peak(alloc/resv) 4.09/5.12GB | phase(train/val/raw/train_eval) 2.6/0.4/0.4/0.0s | 3.4s
2026-08-30 14:51:02 | New best val_f1_macro_present: raw=0.7260 stable_score=0.5967 at epoch 4
2026-08-30 14:51:06 | Epoch 005/060 | loss 1.9976 | cls 1.6512 | tal 0.0362 | dual_g 0.3355 | dual_d 0.0000 | train_acc 0.8229 | train_full 0.8559 | val_acc 0.8500 | val_f1 0.8146 | adv/moduleC 0.00/0.25 | disc_steps 0 | grad(main/disc) 16.477/0.000 | lr(main/disc) 1.00e-04/3.20e-05 | cuda_peak(alloc/resv) 4.09/5.12GB | phase(train/val/raw/train_eval) 2.7/0.4/0.4/0.6s | 4.1s
2026-08-30 14:51:09 | Epoch 006/060 | loss 1.7743 | cls 1.3507 | tal -0.0046 | dual_g 0.4250 | dual_d 0.8808 | train_acc 0.9146 | train_full n/a | val_acc 0.8333 | val_f1 0.8193 | adv/moduleC 0.07/0.38 | disc_steps 15 | grad(main/disc) 14.027/1.937 | lr(main/disc) 1.00e-04/3.20e-05 | cuda_peak(alloc/resv) 4.09/5.12GB | phase(train/val/raw/train_eval) 2.7/0.4/0.4/0.0s | 3.4s
2026-08-30 14:51:12 | New best val_f1_macro_present: raw=0.8193 stable_score=0.7260 at epoch 6
2026-08-30 14:51:15 | Epoch 007/060 | loss 1.8827 | cls 1.3324 | tal 0.0210 | dual_g 0.5440 | dual_d 0.8033 | train_acc 0.9333 | train_full n/a | val_acc 0.9250 | val_f1 0.8961 | adv/moduleC 0.13/0.50 | disc_steps 15 | grad(main/disc) 16.401/1.794 | lr(main/disc) 1.00e-04/3.20e-05 | cuda_peak(alloc/resv) 4.09/5.12GB | phase(train/val/raw/train_eval) 2.7/0.4/0.4/0.0s | 3.4s
2026-08-30 14:51:17 | New best val_f1_macro_present: raw=0.8961 stable_score=0.8146 at epoch 7
2026-08-30 14:51:20 | Epoch 008/060 | loss 1.8753 | cls 1.2303 | tal 0.1050 | dual_g 0.6136 | dual_d 0.8220 | train_acc 0.9250 | train_full n/a | val_acc 0.9333 | val_f1 0.9280 | adv/moduleC 0.20/0.62 | disc_steps 15 | grad(main/disc) 14.377/1.814 | lr(main/disc) 1.00e-04/3.20e-05 | cuda_peak(alloc/resv) 4.09/5.12GB | phase(train/val/raw/train_eval) 2.6/0.4/0.4/0.0s | 3.3s
2026-08-30 14:51:23 | New best val_f1_macro_present: raw=0.9280 stable_score=0.8193 at epoch 8
2026-08-30 14:51:26 | Epoch 009/060 | loss 1.6956 | cls 1.0450 | tal -0.0273 | dual_g 0.6588 | dual_d 0.7909 | train_acc 0.9542 | train_full n/a | val_acc 0.9750 | val_f1 0.9634 | adv/moduleC 0.27/0.75 | disc_steps 15 | grad(main/disc) 11.696/1.756 | lr(main/disc) 1.00e-04/3.20e-05 | cuda_peak(alloc/resv) 4.09/5.12GB | phase(train/val/raw/train_eval) 2.6/0.4/0.4/0.0s | 3.3s
2026-08-30 14:51:28 | New best val_f1_macro_present: raw=0.9634 stable_score=0.8961 at epoch 9
2026-08-30 14:51:32 | Epoch 010/060 | loss 1.7641 | cls 1.0318 | tal -0.0391 | dual_g 0.7440 | dual_d 0.7694 | train_acc 0.9646 | train_full 0.9634 | val_acc 0.9250 | val_f1 0.9087 | adv/moduleC 0.33/0.88 | disc_steps 15 | grad(main/disc) 12.764/1.690 | lr(main/disc) 1.00e-04/3.20e-05 | cuda_peak(alloc/resv) 4.09/5.12GB | phase(train/val/raw/train_eval) 2.6/0.4/0.4/0.7s | 4.1s
2026-08-30 14:51:34 | New best val_f1_macro_present: raw=0.9087 stable_score=0.9087 at epoch 10
2026-08-30 14:51:37 | Epoch 011/060 | loss 1.7598 | cls 0.9545 | tal 0.0019 | dual_g 0.8047 | dual_d 0.7664 | train_acc 0.9812 | train_full n/a | val_acc 0.9667 | val_f1 0.9569 | adv/moduleC 0.40/1.00 | disc_steps 15 | grad(main/disc) 11.190/1.662 | lr(main/disc) 1.00e-04/3.20e-05 | cuda_peak(alloc/resv) 4.09/5.12GB | phase(train/val/raw/train_eval) 2.6/0.4/0.0/0.0s | 3.0s
2026-08-30 14:51:40 | Epoch 012/060 | loss 1.7239 | cls 0.9454 | tal 0.0038 | dual_g 0.7774 | dual_d 0.7479 | train_acc 0.9792 | train_full n/a | val_acc 0.9750 | val_f1 0.9585 | adv/moduleC 0.47/1.00 | disc_steps 15 | grad(main/disc) 11.654/1.624 | lr(main/disc) 1.00e-04/3.20e-05 | cuda_peak(alloc/resv) 4.09/5.12GB | phase(train/val/raw/train_eval) 2.7/0.4/0.0/0.0s | 3.1s
2026-08-30 14:51:44 | Epoch 013/060 | loss 1.6620 | cls 0.9044 | tal 0.0201 | dual_g 0.7515 | dual_d 0.7415 | train_acc 0.9792 | train_full n/a | val_acc 0.9833 | val_f1 0.9714 | adv/moduleC 0.53/1.00 | disc_steps 15 | grad(main/disc) 9.147/1.623 | lr(main/disc) 1.00e-04/3.20e-05 | cuda_peak(alloc/resv) 4.09/5.12GB | phase(train/val/raw/train_eval) 2.5/0.4/0.4/0.0s | 3.3s
2026-08-30 14:51:46 | New best val_f1_macro_present: raw=0.9714 stable_score=0.9569 at epoch 13
2026-08-30 14:51:49 | Epoch 014/060 | loss 1.5858 | cls 0.8929 | tal -0.1061 | dual_g 0.7247 | dual_d 0.7892 | train_acc 0.9833 | train_full n/a | val_acc 0.9583 | val_f1 0.9440 | adv/moduleC 0.60/1.00 | disc_steps 15 | grad(main/disc) 8.730/1.653 | lr(main/disc) 1.00e-04/3.20e-05 | cuda_peak(alloc/resv) 4.09/5.12GB | phase(train/val/raw/train_eval) 2.7/0.4/0.0/0.0s | 3.1s
2026-08-30 14:51:53 | Epoch 015/060 | loss 1.5687 | cls 0.8855 | tal -0.0957 | dual_g 0.7119 | dual_d 0.8326 | train_acc 0.9812 | train_full 0.9914 | val_acc 0.9833 | val_f1 0.9847 | adv/moduleC 0.67/1.00 | disc_steps 15 | grad(main/disc) 8.418/1.730 | lr(main/disc) 1.00e-04/3.20e-05 | cuda_peak(alloc/resv) 4.09/5.12GB | phase(train/val/raw/train_eval) 2.6/0.4/0.4/0.7s | 4.0s
2026-08-30 14:51:56 | Epoch 016/060 | loss 1.5837 | cls 0.8748 | tal -0.0776 | dual_g 0.7323 | dual_d 0.8710 | train_acc 0.9958 | train_full n/a | val_acc 0.9750 | val_f1 0.9749 | adv/moduleC 0.73/1.00 | disc_steps 15 | grad(main/disc) 9.438/1.729 | lr(main/disc) 1.00e-04/3.20e-05 | cuda_peak(alloc/resv) 4.09/5.12GB | phase(train/val/raw/train_eval) 2.6/0.4/0.0/0.0s | 3.0s
2026-08-30 14:51:59 | Epoch 017/060 | loss 1.4715 | cls 0.8190 | tal -0.1160 | dual_g 0.6873 | dual_d 0.8469 | train_acc 1.0000 | train_full n/a | val_acc 0.9667 | val_f1 0.9515 | adv/moduleC 0.80/1.00 | disc_steps 15 | grad(main/disc) 5.435/1.669 | lr(main/disc) 1.00e-04/3.20e-05 | cuda_peak(alloc/resv) 4.09/5.12GB | phase(train/val/raw/train_eval) 2.6/0.4/0.0/0.0s | 3.0s
2026-08-30 14:52:02 | Epoch 018/060 | loss 1.4774 | cls 0.8544 | tal -0.1986 | dual_g 0.6826 | dual_d 0.9278 | train_acc 0.9875 | train_full n/a | val_acc 0.9667 | val_f1 0.9444 | adv/moduleC 0.87/1.00 | disc_steps 15 | grad(main/disc) 6.722/1.782 | lr(main/disc) 1.00e-04/3.20e-05 | cuda_peak(alloc/resv) 4.09/5.12GB | phase(train/val/raw/train_eval) 2.6/0.4/0.0/0.0s | 3.0s
2026-08-30 14:52:05 | Epoch 019/060 | loss 1.4285 | cls 0.8269 | tal -0.2098 | dual_g 0.6646 | dual_d 0.9610 | train_acc 0.9917 | train_full n/a | val_acc 0.9750 | val_f1 0.9644 | adv/moduleC 0.93/1.00 | disc_steps 15 | grad(main/disc) 5.138/1.795 | lr(main/disc) 1.00e-04/3.20e-05 | cuda_peak(alloc/resv) 4.09/5.12GB | phase(train/val/raw/train_eval) 2.6/0.4/0.0/0.0s | 3.0s
2026-08-30 14:52:09 | Epoch 020/060 | loss 1.4322 | cls 0.8138 | tal -0.1680 | dual_g 0.6688 | dual_d 1.0252 | train_acc 0.9979 | train_full 1.0000 | val_acc 0.9750 | val_f1 0.9554 | adv/moduleC 1.00/1.00 | disc_steps 15 | grad(main/disc) 4.901/1.866 | lr(main/disc) 1.00e-04/3.20e-05 | cuda_peak(alloc/resv) 4.09/5.12GB | phase(train/val/raw/train_eval) 2.9/0.4/0.4/0.7s | 4.3s
2026-08-30 14:52:12 | Epoch 021/060 | loss 1.4089 | cls 0.7994 | tal -0.1713 | dual_g 0.6609 | dual_d 1.0186 | train_acc 1.0000 | train_full n/a | val_acc 0.9833 | val_f1 0.9714 | adv/moduleC 1.00/1.00 | disc_steps 15 | grad(main/disc) 4.599/1.825 | lr(main/disc) 1.00e-04/3.20e-05 | cuda_peak(alloc/resv) 4.09/5.12GB | phase(train/val/raw/train_eval) 2.7/0.4/0.0/0.0s | 3.1s
2026-08-30 14:52:15 | Epoch 022/060 | loss 1.4219 | cls 0.8174 | tal -0.1945 | dual_g 0.6629 | dual_d 0.9548 | train_acc 0.9979 | train_full n/a | val_acc 0.9833 | val_f1 0.9757 | adv/moduleC 1.00/1.00 | disc_steps 15 | grad(main/disc) 5.356/1.725 | lr(main/disc) 1.00e-04/3.20e-05 | cuda_peak(alloc/resv) 4.09/5.12GB | phase(train/val/raw/train_eval) 2.6/0.4/0.0/0.0s | 3.0s
2026-08-30 14:52:19 | Epoch 023/060 | loss 1.4101 | cls 0.8120 | tal -0.1967 | dual_g 0.6572 | dual_d 1.0102 | train_acc 0.9979 | train_full n/a | val_acc 0.9833 | val_f1 0.9847 | adv/moduleC 1.00/1.00 | disc_steps 15 | grad(main/disc) 5.435/1.778 | lr(main/disc) 1.00e-04/3.20e-05 | cuda_peak(alloc/resv) 4.09/5.12GB | phase(train/val/raw/train_eval) 3.0/0.4/0.4/0.0s | 3.8s
2026-08-30 14:52:21 | New best val_f1_macro_present: raw=0.9847 stable_score=0.9714 at epoch 23
2026-08-30 14:52:24 | Epoch 024/060 | loss 1.3878 | cls 0.7930 | tal -0.1698 | dual_g 0.6457 | dual_d 0.9655 | train_acc 0.9958 | train_full n/a | val_acc 0.9750 | val_f1 0.9683 | adv/moduleC 1.00/1.00 | disc_steps 15 | grad(main/disc) 4.710/1.708 | lr(main/disc) 1.00e-04/3.20e-05 | cuda_peak(alloc/resv) 4.09/5.12GB | phase(train/val/raw/train_eval) 2.8/0.4/0.0/0.0s | 3.2s
2026-08-30 14:52:28 | Epoch 025/060 | loss 1.4192 | cls 0.8069 | tal -0.1542 | dual_g 0.6586 | dual_d 0.9275 | train_acc 0.9938 | train_full 1.0000 | val_acc 0.9833 | val_f1 0.9847 | adv/moduleC 1.00/1.00 | disc_steps 15 | grad(main/disc) 4.704/1.677 | lr(main/disc) 1.00e-04/3.20e-05 | cuda_peak(alloc/resv) 4.09/5.12GB | phase(train/val/raw/train_eval) 2.7/0.4/0.4/0.6s | 4.1s
2026-08-30 14:52:31 | Epoch 026/060 | loss 1.3510 | cls 0.7875 | tal -0.2625 | dual_g 0.6422 | dual_d 0.9319 | train_acc 1.0000 | train_full n/a | val_acc 0.9833 | val_f1 0.9847 | adv/moduleC 1.00/1.00 | disc_steps 15 | grad(main/disc) 4.169/1.663 | lr(main/disc) 1.00e-04/3.20e-05 | cuda_peak(alloc/resv) 4.09/5.12GB | phase(train/val/raw/train_eval) 2.7/0.4/0.0/0.0s | 3.1s
2026-08-30 14:52:35 | Epoch 027/060 | loss 1.3602 | cls 0.7908 | tal -0.2507 | dual_g 0.6447 | dual_d 0.9792 | train_acc 1.0000 | train_full n/a | val_acc 0.9833 | val_f1 0.9847 | adv/moduleC 1.00/1.00 | disc_steps 15 | grad(main/disc) 4.310/1.671 | lr(main/disc) 1.00e-04/3.20e-05 | cuda_peak(alloc/resv) 4.09/5.12GB | phase(train/val/raw/train_eval) 2.6/0.4/0.4/0.0s | 3.4s
2026-08-30 14:52:37 | New best val_f1_macro_present: raw=0.9847 stable_score=0.9847 at epoch 27
2026-08-30 14:52:40 | Epoch 028/060 | loss 1.3261 | cls 0.7695 | tal -0.2173 | dual_g 0.6218 | dual_d 0.9630 | train_acc 1.0000 | train_full n/a | val_acc 0.9833 | val_f1 0.9757 | adv/moduleC 1.00/1.00 | disc_steps 15 | grad(main/disc) 2.604/1.661 | lr(main/disc) 1.00e-04/3.20e-05 | cuda_peak(alloc/resv) 4.09/5.12GB | phase(train/val/raw/train_eval) 2.6/0.4/0.0/0.0s | 3.0s
2026-08-30 14:52:43 | Epoch 029/060 | loss 1.3290 | cls 0.7791 | tal -0.2522 | dual_g 0.6256 | dual_d 0.9401 | train_acc 0.9979 | train_full n/a | val_acc 0.9833 | val_f1 0.9847 | adv/moduleC 1.00/1.00 | disc_steps 15 | grad(main/disc) 3.243/1.620 | lr(main/disc) 1.00e-04/3.20e-05 | cuda_peak(alloc/resv) 4.09/5.12GB | phase(train/val/raw/train_eval) 2.6/0.4/0.0/0.0s | 3.0s
2026-08-30 14:52:47 | Epoch 030/060 | loss 1.3130 | cls 0.7703 | tal -0.2746 | dual_g 0.6251 | dual_d 0.9071 | train_acc 1.0000 | train_full 1.0000 | val_acc 0.9917 | val_f1 0.9917 | adv/moduleC 1.00/1.00 | disc_steps 15 | grad(main/disc) 3.563/1.545 | lr(main/disc) 1.00e-04/3.20e-05 | cuda_peak(alloc/resv) 4.09/5.12GB | phase(train/val/raw/train_eval) 2.5/0.4/0.4/0.6s | 3.9s
2026-08-30 14:52:50 | Epoch 031/060 | loss 1.3169 | cls 0.7688 | tal -0.2411 | dual_g 0.6204 | dual_d 0.9468 | train_acc 0.9979 | train_full n/a | val_acc 0.9917 | val_f1 0.9917 | adv/moduleC 1.00/1.00 | disc_steps 15 | grad(main/disc) 3.392/1.593 | lr(main/disc) 1.00e-04/3.20e-05 | cuda_peak(alloc/resv) 4.09/5.12GB | phase(train/val/raw/train_eval) 2.7/0.4/0.0/0.0s | 3.0s
2026-08-30 14:52:53 | Epoch 032/060 | loss 1.3339 | cls 0.7750 | tal -0.1913 | dual_g 0.6162 | dual_d 0.9150 | train_acc 0.9938 | train_full n/a | val_acc 0.9833 | val_f1 0.9847 | adv/moduleC 1.00/1.00 | disc_steps 15 | grad(main/disc) 4.287/1.565 | lr(main/disc) 1.00e-04/3.20e-05 | cuda_peak(alloc/resv) 4.09/5.12GB | phase(train/val/raw/train_eval) 2.6/0.4/0.0/0.0s | 3.0s
2026-08-30 14:52:56 | Epoch 033/060 | loss 1.3568 | cls 0.7621 | tal -0.0569 | dual_g 0.6118 | dual_d 0.9424 | train_acc 0.9979 | train_full n/a | val_acc 0.9833 | val_f1 0.9847 | adv/moduleC 1.00/1.00 | disc_steps 15 | grad(main/disc) 3.001/1.569 | lr(main/disc) 1.00e-04/3.20e-05 | cuda_peak(alloc/resv) 4.09/5.12GB | phase(train/val/raw/train_eval) 2.7/0.4/0.0/0.0s | 3.1s
2026-08-30 14:52:59 | Epoch 034/060 | loss 1.3361 | cls 0.7608 | tal -0.1314 | dual_g 0.6147 | dual_d 0.9618 | train_acc 1.0000 | train_full n/a | val_acc 0.9917 | val_f1 0.9917 | adv/moduleC 1.00/1.00 | disc_steps 15 | grad(main/disc) 2.747/1.595 | lr(main/disc) 1.00e-04/3.20e-05 | cuda_peak(alloc/resv) 4.09/5.12GB | phase(train/val/raw/train_eval) 2.9/0.4/0.0/0.0s | 3.2s
2026-08-30 14:53:03 | Epoch 035/060 | loss 1.3170 | cls 0.7534 | tal -0.1403 | dual_g 0.6058 | dual_d 0.9068 | train_acc 1.0000 | train_full 1.0000 | val_acc 0.9917 | val_f1 0.9917 | adv/moduleC 1.00/1.00 | disc_steps 15 | grad(main/disc) 2.509/1.532 | lr(main/disc) 1.00e-04/3.20e-05 | cuda_peak(alloc/resv) 4.09/5.12GB | phase(train/val/raw/train_eval) 2.6/0.4/0.4/0.7s | 4.0s
2026-08-30 14:53:07 | Epoch 036/060 | loss 1.2799 | cls 0.7510 | tal -0.2336 | dual_g 0.5990 | dual_d 0.9151 | train_acc 1.0000 | train_full n/a | val_acc 0.9917 | val_f1 0.9917 | adv/moduleC 1.00/1.00 | disc_steps 15 | grad(main/disc) 2.119/1.505 | lr(main/disc) 1.00e-04/3.20e-05 | cuda_peak(alloc/resv) 4.09/5.12GB | phase(train/val/raw/train_eval) 2.5/0.4/0.4/0.0s | 3.3s
2026-08-30 14:53:09 | New best val_f1_macro_present: raw=0.9917 stable_score=0.9917 at epoch 36
2026-08-30 14:53:12 | Epoch 037/060 | loss 1.2963 | cls 0.7582 | tal -0.2141 | dual_g 0.6023 | dual_d 0.9042 | train_acc 0.9979 | train_full n/a | val_acc 0.9833 | val_f1 0.9714 | adv/moduleC 1.00/1.00 | disc_steps 15 | grad(main/disc) 2.683/1.472 | lr(main/disc) 1.00e-04/3.20e-05 | cuda_peak(alloc/resv) 4.09/5.12GB | phase(train/val/raw/train_eval) 2.7/0.4/0.0/0.0s | 3.1s
2026-08-30 14:53:15 | Epoch 038/060 | loss 1.2858 | cls 0.7507 | tal -0.2373 | dual_g 0.6063 | dual_d 0.8899 | train_acc 1.0000 | train_full n/a | val_acc 0.9833 | val_f1 0.9847 | adv/moduleC 1.00/1.00 | disc_steps 15 | grad(main/disc) 2.482/1.424 | lr(main/disc) 1.00e-04/3.20e-05 | cuda_peak(alloc/resv) 4.09/5.12GB | phase(train/val/raw/train_eval) 2.8/0.4/0.0/0.0s | 3.1s
2026-08-30 14:53:18 | Epoch 039/060 | loss 1.2541 | cls 0.7430 | tal -0.2978 | dual_g 0.6005 | dual_d 0.8778 | train_acc 1.0000 | train_full n/a | val_acc 0.9833 | val_f1 0.9757 | adv/moduleC 1.00/1.00 | disc_steps 15 | grad(main/disc) 2.238/1.401 | lr(main/disc) 5.00e-05/1.60e-05 | cuda_peak(alloc/resv) 4.09/5.12GB | phase(train/val/raw/train_eval) 2.7/0.4/0.0/0.0s | 3.0s
2026-08-30 14:53:22 | Epoch 040/060 | loss 1.2657 | cls 0.7591 | tal -0.3058 | dual_g 0.5983 | dual_d 0.8835 | train_acc 0.9979 | train_full 1.0000 | val_acc 0.9833 | val_f1 0.9847 | adv/moduleC 1.00/1.00 | disc_steps 15 | grad(main/disc) 2.469/1.418 | lr(main/disc) 5.00e-05/1.60e-05 | cuda_peak(alloc/resv) 4.09/5.12GB | phase(train/val/raw/train_eval) 2.7/0.4/0.4/0.7s | 4.1s
2026-08-30 14:53:25 | Epoch 041/060 | loss 1.2538 | cls 0.7445 | tal -0.2766 | dual_g 0.5923 | dual_d 0.8719 | train_acc 1.0000 | train_full n/a | val_acc 0.9833 | val_f1 0.9847 | adv/moduleC 1.00/1.00 | disc_steps 15 | grad(main/disc) 2.108/1.407 | lr(main/disc) 5.00e-05/1.60e-05 | cuda_peak(alloc/resv) 4.09/5.12GB | phase(train/val/raw/train_eval) 2.6/0.4/0.0/0.0s | 3.0s
2026-08-30 14:53:28 | Epoch 042/060 | loss 1.2508 | cls 0.7466 | tal -0.2926 | dual_g 0.5920 | dual_d 0.8741 | train_acc 0.9979 | train_full n/a | val_acc 0.9833 | val_f1 0.9847 | adv/moduleC 1.00/1.00 | disc_steps 15 | grad(main/disc) 1.904/1.402 | lr(main/disc) 5.00e-05/1.60e-05 | cuda_peak(alloc/resv) 4.09/5.12GB | phase(train/val/raw/train_eval) 2.7/0.4/0.0/0.0s | 3.1s
2026-08-30 14:53:31 | Epoch 043/060 | loss 1.2707 | cls 0.7598 | tal -0.3061 | dual_g 0.6027 | dual_d 0.9170 | train_acc 0.9979 | train_full n/a | val_acc 0.9917 | val_f1 0.9917 | adv/moduleC 1.00/1.00 | disc_steps 15 | grad(main/disc) 3.203/1.440 | lr(main/disc) 5.00e-05/1.60e-05 | cuda_peak(alloc/resv) 4.09/5.12GB | phase(train/val/raw/train_eval) 2.7/0.4/0.0/0.0s | 3.0s
2026-08-30 14:53:34 | Epoch 044/060 | loss 1.2441 | cls 0.7381 | tal -0.2770 | dual_g 0.5891 | dual_d 0.9223 | train_acc 1.0000 | train_full n/a | val_acc 0.9917 | val_f1 0.9917 | adv/moduleC 1.00/1.00 | disc_steps 15 | grad(main/disc) 1.832/1.481 | lr(main/disc) 5.00e-05/1.60e-05 | cuda_peak(alloc/resv) 4.09/5.12GB | phase(train/val/raw/train_eval) 2.7/0.4/0.0/0.0s | 3.1s
2026-08-30 14:53:38 | Epoch 045/060 | loss 1.2404 | cls 0.7483 | tal -0.3361 | dual_g 0.5929 | dual_d 0.9106 | train_acc 1.0000 | train_full 1.0000 | val_acc 0.9917 | val_f1 0.9917 | adv/moduleC 1.00/1.00 | disc_steps 15 | grad(main/disc) 2.361/1.448 | lr(main/disc) 5.00e-05/1.60e-05 | cuda_peak(alloc/resv) 4.09/5.12GB | phase(train/val/raw/train_eval) 2.6/0.4/0.4/0.7s | 4.0s
2026-08-30 14:53:41 | Epoch 046/060 | loss 1.2252 | cls 0.7441 | tal -0.3711 | dual_g 0.5925 | dual_d 0.8835 | train_acc 0.9979 | train_full n/a | val_acc 0.9833 | val_f1 0.9847 | adv/moduleC 1.00/1.00 | disc_steps 15 | grad(main/disc) 2.406/1.424 | lr(main/disc) 5.00e-05/1.60e-05 | cuda_peak(alloc/resv) 4.09/5.12GB | phase(train/val/raw/train_eval) 2.8/0.4/0.0/0.0s | 3.1s
2026-08-30 14:53:44 | Epoch 047/060 | loss 1.2205 | cls 0.7381 | tal -0.3439 | dual_g 0.5855 | dual_d 0.8864 | train_acc 1.0000 | train_full n/a | val_acc 0.9917 | val_f1 0.9917 | adv/moduleC 1.00/1.00 | disc_steps 15 | grad(main/disc) 1.542/1.406 | lr(main/disc) 5.00e-05/1.60e-05 | cuda_peak(alloc/resv) 4.09/5.12GB | phase(train/val/raw/train_eval) 2.7/0.4/0.0/0.0s | 3.1s
2026-08-30 14:53:48 | Epoch 048/060 | loss 1.2263 | cls 0.7420 | tal -0.3366 | dual_g 0.5852 | dual_d 0.8749 | train_acc 1.0000 | train_full n/a | val_acc 0.9917 | val_f1 0.9917 | adv/moduleC 1.00/1.00 | disc_steps 15 | grad(main/disc) 1.863/1.370 | lr(main/disc) 2.50e-05/8.00e-06 | cuda_peak(alloc/resv) 4.09/5.12GB | phase(train/val/raw/train_eval) 2.6/0.4/0.0/0.0s | 3.0s
2026-08-30 14:53:51 | Epoch 049/060 | loss 1.2151 | cls 0.7402 | tal -0.3516 | dual_g 0.5803 | dual_d 0.8813 | train_acc 1.0000 | train_full n/a | val_acc 0.9833 | val_f1 0.9847 | adv/moduleC 1.00/1.00 | disc_steps 15 | grad(main/disc) 1.860/1.373 | lr(main/disc) 2.50e-05/8.00e-06 | cuda_peak(alloc/resv) 4.09/5.12GB | phase(train/val/raw/train_eval) 2.6/0.4/0.0/0.0s | 3.0s
2026-08-30 14:53:55 | Epoch 050/060 | loss 1.2228 | cls 0.7386 | tal -0.3324 | dual_g 0.5840 | dual_d 0.8835 | train_acc 1.0000 | train_full 1.0000 | val_acc 0.9833 | val_f1 0.9847 | adv/moduleC 1.00/1.00 | disc_steps 15 | grad(main/disc) 1.965/1.385 | lr(main/disc) 2.50e-05/8.00e-06 | cuda_peak(alloc/resv) 4.09/5.12GB | phase(train/val/raw/train_eval) 2.8/0.4/0.4/0.7s | 4.2s
2026-08-30 14:53:58 | Epoch 051/060 | loss 1.2262 | cls 0.7416 | tal -0.3389 | dual_g 0.5862 | dual_d 0.8702 | train_acc 0.9979 | train_full n/a | val_acc 0.9833 | val_f1 0.9847 | adv/moduleC 1.00/1.00 | disc_steps 15 | grad(main/disc) 2.236/1.359 | lr(main/disc) 2.50e-05/8.00e-06 | cuda_peak(alloc/resv) 4.09/5.12GB | phase(train/val/raw/train_eval) 2.8/0.4/0.0/0.0s | 3.2s
2026-08-30 14:53:58 | Early stopping at epoch 51 after 15 epochs without val_f1_macro_present improvement.
2026-08-30 14:53:58 | Training complete. Peak validation accuracy: 0.9917 | selected val_f1_macro_present: 0.9917
