2026-08-27 13:18:57 | Starting Dual_D standalone training
2026-08-27 13:18:57 | Run directory: runs/module_c_ablation_60_v5/module_c_20260827_121947/module_c_no_cycle_黑天_20260827_130927
2026-08-27 13:18:57 | Device: cuda
2026-08-27 13:18:57 | Source train samples: 992
2026-08-27 13:18:57 | Target train samples: 465
2026-08-27 13:18:57 | Target val samples: 120
2026-08-27 13:18:57 | Classes: 14
2026-08-27 13:18:57 | Data audit: same_dir=False | path_overlap(vis/ir/ais)=0/0/0 | content_overlap(vis/ir/ais)=0/0/0 | ais_index_overlap=0 | stem_mismatch(vis-ir/vis-ais)=578/0
2026-08-27 13:18:57 | source_train classes: present 14/14 | absent 0 | counts [0:120, 1:44, 2:69, 3:45, 4:40, 5:30, 6:64, 7:80, 8:116, 9:68, 10:57, 11:83, 12:48, 13:128]
2026-08-27 13:18:57 | target_train classes: present 8/14 | absent 6 | counts [0:100, 2:11, 3:16, 6:89, 9:162, 10:12, 11:44, 13:31]
2026-08-27 13:18:57 | target_val classes: present 8/14 | absent 6 | counts [0:26, 2:3, 3:5, 6:23, 9:41, 10:3, 11:11, 13:8]
2026-08-27 13:18:57 | Paired training classes: 8/14 | class ids [0, 2, 3, 6, 9, 10, 11, 13]
2026-08-27 13:18:57 | Runtime profile: batch=92 | paired_steps=7 | workers=16 | train_eval_every=5 | raw_eval_every=5 | early_stop=15 after min_epoch=35
2026-08-27 13:18:57 | VIS/IR pairing: class-level-unpaired | count-mismatch classes train/val: 10/0 | AIS alignment: none | AIS rows train/val: 0/0
2026-08-27 13:18:58 | Model parameters: total=17277714 | trainable=17120210
2026-08-27 13:19:04 | Epoch 001/060 | loss 5.4866 | cls 5.4237 | tal 0.2099 | dual_g 0.0000 | dual_d 0.0000 | train_acc 0.1413 | train_full 0.1333 | val_acc 0.1917 | val_f1 0.1037 | adv/moduleC 0.00/0.00 | disc_steps 0 | grad(main/disc) 15.084/0.000 | lr(main/disc) 1.30e-04/3.50e-05 | cuda_peak(alloc/resv) 21.77/28.18GB | phase(train/val/raw/train_eval) 4.3/0.6/0.6/0.8s | 6.3s
2026-08-27 13:19:07 | New best val_f1_macro_present: 0.1037 at epoch 1
2026-08-27 13:19:11 | Epoch 002/060 | loss 3.6927 | cls 3.6886 | tal 0.0135 | dual_g 0.0000 | dual_d 0.0000 | train_acc 0.3509 | train_full n/a | val_acc 0.0917 | val_f1 0.0430 | adv/moduleC 0.00/0.00 | disc_steps 0 | grad(main/disc) 10.402/0.000 | lr(main/disc) 1.30e-04/3.50e-05 | cuda_peak(alloc/resv) 21.77/28.18GB | phase(train/val/raw/train_eval) 3.6/0.6/0.0/0.0s | 4.1s
2026-08-27 13:19:16 | Epoch 003/060 | loss 3.0015 | cls 3.0204 | tal -0.0628 | dual_g 0.0000 | dual_d 0.0000 | train_acc 0.5186 | train_full n/a | val_acc 0.1167 | val_f1 0.1094 | adv/moduleC 0.00/0.00 | disc_steps 0 | grad(main/disc) 9.636/0.000 | lr(main/disc) 1.30e-04/3.50e-05 | cuda_peak(alloc/resv) 21.77/28.18GB | phase(train/val/raw/train_eval) 4.1/0.6/0.5/0.0s | 5.2s
2026-08-27 13:19:19 | New best val_f1_macro_present: 0.1094 at epoch 3
2026-08-27 13:19:24 | Epoch 004/060 | loss 2.5374 | cls 2.3786 | tal -0.1156 | dual_g 0.1934 | dual_d 0.0000 | train_acc 0.6599 | train_full n/a | val_acc 0.3083 | val_f1 0.3301 | adv/moduleC 0.00/0.12 | disc_steps 0 | grad(main/disc) 8.756/0.000 | lr(main/disc) 1.30e-04/3.50e-05 | cuda_peak(alloc/resv) 21.77/28.18GB | phase(train/val/raw/train_eval) 3.5/0.6/0.6/0.0s | 4.7s
2026-08-27 13:19:27 | New best val_f1_macro_present: 0.3301 at epoch 4
2026-08-27 13:19:32 | Epoch 005/060 | loss 2.2840 | cls 1.9790 | tal -0.0471 | dual_g 0.3192 | dual_d 0.0000 | train_acc 0.7531 | train_full 0.5032 | val_acc 0.4750 | val_f1 0.5821 | adv/moduleC 0.00/0.25 | disc_steps 0 | grad(main/disc) 8.973/0.000 | lr(main/disc) 1.30e-04/3.50e-05 | cuda_peak(alloc/resv) 21.77/28.18GB | phase(train/val/raw/train_eval) 3.5/0.6/0.6/0.8s | 5.4s
2026-08-27 13:19:35 | New best val_f1_macro_present: 0.5821 at epoch 5
2026-08-27 13:19:40 | Epoch 006/060 | loss 2.1426 | cls 1.7306 | tal -0.0483 | dual_g 0.4264 | dual_d 0.8856 | train_acc 0.7950 | train_full n/a | val_acc 0.6167 | val_f1 0.6446 | adv/moduleC 0.05/0.38 | disc_steps 7 | grad(main/disc) 8.944/1.491 | lr(main/disc) 1.30e-04/3.50e-05 | cuda_peak(alloc/resv) 21.77/28.18GB | phase(train/val/raw/train_eval) 3.9/0.6/0.6/0.0s | 5.0s
2026-08-27 13:19:43 | New best val_f1_macro_present: 0.6446 at epoch 6
2026-08-27 13:19:48 | Epoch 007/060 | loss 1.9927 | cls 1.5164 | tal -0.0834 | dual_g 0.5013 | dual_d 0.8427 | train_acc 0.8478 | train_full n/a | val_acc 0.8083 | val_f1 0.7754 | adv/moduleC 0.10/0.50 | disc_steps 7 | grad(main/disc) 7.845/1.387 | lr(main/disc) 1.30e-04/3.50e-05 | cuda_peak(alloc/resv) 21.77/28.18GB | phase(train/val/raw/train_eval) 4.0/0.6/0.6/0.0s | 5.1s
2026-08-27 13:19:51 | New best val_f1_macro_present: 0.7754 at epoch 7
2026-08-27 13:19:56 | Epoch 008/060 | loss 1.8954 | cls 1.3498 | tal -0.0443 | dual_g 0.5589 | dual_d 0.8183 | train_acc 0.8789 | train_full n/a | val_acc 0.8750 | val_f1 0.8466 | adv/moduleC 0.15/0.62 | disc_steps 7 | grad(main/disc) 7.147/1.348 | lr(main/disc) 1.30e-04/3.50e-05 | cuda_peak(alloc/resv) 21.77/28.18GB | phase(train/val/raw/train_eval) 3.8/0.6/0.6/0.0s | 4.9s
2026-08-27 13:19:59 | New best val_f1_macro_present: 0.8466 at epoch 8
2026-08-27 13:20:03 | Epoch 009/060 | loss 1.8598 | cls 1.2251 | tal -0.0108 | dual_g 0.6379 | dual_d 0.7946 | train_acc 0.9177 | train_full n/a | val_acc 0.8583 | val_f1 0.8134 | adv/moduleC 0.20/0.75 | disc_steps 7 | grad(main/disc) 7.624/1.306 | lr(main/disc) 1.30e-04/3.50e-05 | cuda_peak(alloc/resv) 21.77/28.18GB | phase(train/val/raw/train_eval) 3.8/0.6/0.0/0.0s | 4.4s
2026-08-27 13:20:09 | Epoch 010/060 | loss 1.7584 | cls 1.0893 | tal -0.0386 | dual_g 0.6807 | dual_d 0.8073 | train_acc 0.9503 | train_full 0.9441 | val_acc 0.9250 | val_f1 0.9098 | adv/moduleC 0.25/0.88 | disc_steps 7 | grad(main/disc) 8.035/1.271 | lr(main/disc) 1.30e-04/3.50e-05 | cuda_peak(alloc/resv) 21.77/28.18GB | phase(train/val/raw/train_eval) 3.6/0.6/0.6/0.8s | 5.5s
2026-08-27 13:20:11 | New best val_f1_macro_present: 0.9098 at epoch 10
2026-08-27 13:20:16 | Epoch 011/060 | loss 1.7264 | cls 1.0462 | tal -0.0988 | dual_g 0.7099 | dual_d 0.7767 | train_acc 0.9689 | train_full n/a | val_acc 0.8833 | val_f1 0.8361 | adv/moduleC 0.30/1.00 | disc_steps 7 | grad(main/disc) 6.715/1.213 | lr(main/disc) 1.30e-04/3.50e-05 | cuda_peak(alloc/resv) 21.77/28.18GB | phase(train/val/raw/train_eval) 3.6/0.6/0.0/0.0s | 4.2s
2026-08-27 13:20:20 | Epoch 012/060 | loss 1.6121 | cls 0.9696 | tal -0.1053 | dual_g 0.6741 | dual_d 0.7787 | train_acc 0.9689 | train_full n/a | val_acc 0.8917 | val_f1 0.8786 | adv/moduleC 0.35/1.00 | disc_steps 7 | grad(main/disc) 5.507/1.179 | lr(main/disc) 1.30e-04/3.50e-05 | cuda_peak(alloc/resv) 21.77/28.18GB | phase(train/val/raw/train_eval) 3.6/0.6/0.0/0.0s | 4.2s
2026-08-27 13:20:25 | Epoch 013/060 | loss 1.5735 | cls 0.9458 | tal -0.0851 | dual_g 0.6533 | dual_d 0.7493 | train_acc 0.9752 | train_full n/a | val_acc 0.9583 | val_f1 0.9542 | adv/moduleC 0.40/1.00 | disc_steps 7 | grad(main/disc) 5.921/1.121 | lr(main/disc) 1.30e-04/3.50e-05 | cuda_peak(alloc/resv) 21.77/28.18GB | phase(train/val/raw/train_eval) 3.8/0.6/0.6/0.0s | 5.0s
2026-08-27 13:20:28 | New best val_f1_macro_present: 0.9542 at epoch 13
2026-08-27 13:20:32 | Epoch 014/060 | loss 1.4923 | cls 0.8937 | tal -0.0865 | dual_g 0.6246 | dual_d 0.7562 | train_acc 0.9922 | train_full n/a | val_acc 0.9250 | val_f1 0.8957 | adv/moduleC 0.45/1.00 | disc_steps 7 | grad(main/disc) 4.560/1.115 | lr(main/disc) 1.30e-04/3.50e-05 | cuda_peak(alloc/resv) 21.77/28.18GB | phase(train/val/raw/train_eval) 3.8/0.6/0.0/0.0s | 4.3s
2026-08-27 13:20:38 | Epoch 015/060 | loss 1.4862 | cls 0.9070 | tal -0.1087 | dual_g 0.6118 | dual_d 0.7507 | train_acc 0.9798 | train_full 0.9785 | val_acc 0.9417 | val_f1 0.9340 | adv/moduleC 0.50/1.00 | disc_steps 7 | grad(main/disc) 4.789/1.083 | lr(main/disc) 1.30e-04/3.50e-05 | cuda_peak(alloc/resv) 21.77/28.18GB | phase(train/val/raw/train_eval) 3.7/0.6/0.6/0.8s | 5.7s
2026-08-27 13:20:42 | Epoch 016/060 | loss 1.4269 | cls 0.8594 | tal -0.1015 | dual_g 0.5979 | dual_d 0.7678 | train_acc 0.9922 | train_full n/a | val_acc 0.9333 | val_f1 0.9078 | adv/moduleC 0.55/1.00 | disc_steps 7 | grad(main/disc) 3.354/1.091 | lr(main/disc) 1.30e-04/3.50e-05 | cuda_peak(alloc/resv) 21.77/28.18GB | phase(train/val/raw/train_eval) 3.7/0.6/0.0/0.0s | 4.3s
2026-08-27 13:20:46 | Epoch 017/060 | loss 1.3860 | cls 0.8449 | tal -0.1223 | dual_g 0.5778 | dual_d 0.7770 | train_acc 0.9953 | train_full n/a | val_acc 0.9500 | val_f1 0.9346 | adv/moduleC 0.60/1.00 | disc_steps 7 | grad(main/disc) 3.406/1.074 | lr(main/disc) 1.30e-04/3.50e-05 | cuda_peak(alloc/resv) 21.77/28.18GB | phase(train/val/raw/train_eval) 3.9/0.6/0.0/0.0s | 4.4s
2026-08-27 13:20:51 | Epoch 018/060 | loss 1.3776 | cls 0.8381 | tal -0.1218 | dual_g 0.5760 | dual_d 0.7998 | train_acc 0.9953 | train_full n/a | val_acc 0.9500 | val_f1 0.9191 | adv/moduleC 0.65/1.00 | disc_steps 7 | grad(main/disc) 3.155/1.083 | lr(main/disc) 1.30e-04/3.50e-05 | cuda_peak(alloc/resv) 21.77/28.18GB | phase(train/val/raw/train_eval) 3.9/0.6/0.0/0.0s | 4.4s
2026-08-27 13:20:55 | Epoch 019/060 | loss 1.3768 | cls 0.8390 | tal -0.1134 | dual_g 0.5718 | dual_d 0.8451 | train_acc 0.9953 | train_full n/a | val_acc 0.9333 | val_f1 0.9339 | adv/moduleC 0.70/1.00 | disc_steps 7 | grad(main/disc) 3.471/1.112 | lr(main/disc) 1.30e-04/3.50e-05 | cuda_peak(alloc/resv) 21.77/28.18GB | phase(train/val/raw/train_eval) 3.9/0.6/0.0/0.0s | 4.5s
2026-08-27 13:21:01 | Epoch 020/060 | loss 1.3641 | cls 0.8238 | tal -0.0673 | dual_g 0.5604 | dual_d 0.8615 | train_acc 0.9969 | train_full 0.9763 | val_acc 0.9417 | val_f1 0.9119 | adv/moduleC 0.75/1.00 | disc_steps 7 | grad(main/disc) 3.068/1.112 | lr(main/disc) 6.50e-05/1.75e-05 | cuda_peak(alloc/resv) 21.77/28.18GB | phase(train/val/raw/train_eval) 3.7/0.6/0.6/0.8s | 5.7s
2026-08-27 13:21:05 | Epoch 021/060 | loss 1.3524 | cls 0.8221 | tal -0.0726 | dual_g 0.5521 | dual_d 0.8729 | train_acc 0.9953 | train_full n/a | val_acc 0.9583 | val_f1 0.9529 | adv/moduleC 0.80/1.00 | disc_steps 7 | grad(main/disc) 3.449/1.103 | lr(main/disc) 6.50e-05/1.75e-05 | cuda_peak(alloc/resv) 21.77/28.18GB | phase(train/val/raw/train_eval) 3.7/0.6/0.0/0.0s | 4.3s
2026-08-27 13:21:10 | Epoch 022/060 | loss 1.3274 | cls 0.8175 | tal -0.1316 | dual_g 0.5493 | dual_d 0.8848 | train_acc 0.9969 | train_full n/a | val_acc 0.9583 | val_f1 0.9507 | adv/moduleC 0.85/1.00 | disc_steps 7 | grad(main/disc) 2.498/1.124 | lr(main/disc) 6.50e-05/1.75e-05 | cuda_peak(alloc/resv) 21.77/28.18GB | phase(train/val/raw/train_eval) 4.0/0.6/0.0/0.0s | 4.6s
2026-08-27 13:21:14 | Epoch 023/060 | loss 1.3239 | cls 0.8088 | tal -0.0908 | dual_g 0.5423 | dual_d 0.8978 | train_acc 0.9938 | train_full n/a | val_acc 0.9583 | val_f1 0.9401 | adv/moduleC 0.90/1.00 | disc_steps 7 | grad(main/disc) 2.016/1.114 | lr(main/disc) 6.50e-05/1.75e-05 | cuda_peak(alloc/resv) 21.77/28.18GB | phase(train/val/raw/train_eval) 3.5/0.6/0.0/0.0s | 4.1s
2026-08-27 13:21:19 | Epoch 024/060 | loss 1.3069 | cls 0.8057 | tal -0.1267 | dual_g 0.5392 | dual_d 0.9099 | train_acc 0.9984 | train_full n/a | val_acc 0.9833 | val_f1 0.9714 | adv/moduleC 0.95/1.00 | disc_steps 7 | grad(main/disc) 1.822/1.131 | lr(main/disc) 6.50e-05/1.75e-05 | cuda_peak(alloc/resv) 21.77/28.18GB | phase(train/val/raw/train_eval) 4.1/0.6/0.6/0.0s | 5.2s
2026-08-27 13:21:22 | New best val_f1_macro_present: 0.9714 at epoch 24
2026-08-27 13:21:28 | Epoch 025/060 | loss 1.2880 | cls 0.7945 | tal -0.1444 | dual_g 0.5368 | dual_d 0.9233 | train_acc 0.9969 | train_full 0.9957 | val_acc 0.9833 | val_f1 0.9714 | adv/moduleC 1.00/1.00 | disc_steps 7 | grad(main/disc) 1.758/1.105 | lr(main/disc) 6.50e-05/1.75e-05 | cuda_peak(alloc/resv) 21.77/28.18GB | phase(train/val/raw/train_eval) 4.1/0.6/0.6/0.8s | 6.1s
2026-08-27 13:21:32 | Epoch 026/060 | loss 1.2992 | cls 0.7953 | tal -0.0974 | dual_g 0.5331 | dual_d 0.9605 | train_acc 1.0000 | train_full n/a | val_acc 0.9833 | val_f1 0.9714 | adv/moduleC 1.00/1.00 | disc_steps 7 | grad(main/disc) 1.457/1.163 | lr(main/disc) 6.50e-05/1.75e-05 | cuda_peak(alloc/resv) 21.77/28.18GB | phase(train/val/raw/train_eval) 3.6/0.6/0.0/0.0s | 4.1s
2026-08-27 13:21:37 | Epoch 027/060 | loss 1.3078 | cls 0.7986 | tal -0.1003 | dual_g 0.5394 | dual_d 0.9555 | train_acc 0.9984 | train_full n/a | val_acc 0.9583 | val_f1 0.9401 | adv/moduleC 1.00/1.00 | disc_steps 7 | grad(main/disc) 1.849/1.172 | lr(main/disc) 6.50e-05/1.75e-05 | cuda_peak(alloc/resv) 21.77/28.18GB | phase(train/val/raw/train_eval) 4.0/0.6/0.0/0.0s | 4.6s
2026-08-27 13:21:41 | Epoch 028/060 | loss 1.3010 | cls 0.7997 | tal -0.1002 | dual_g 0.5314 | dual_d 0.9821 | train_acc 0.9969 | train_full n/a | val_acc 0.9583 | val_f1 0.9508 | adv/moduleC 1.00/1.00 | disc_steps 7 | grad(main/disc) 2.071/1.169 | lr(main/disc) 6.50e-05/1.75e-05 | cuda_peak(alloc/resv) 21.77/28.18GB | phase(train/val/raw/train_eval) 3.9/0.6/0.0/0.0s | 4.5s
2026-08-27 13:21:46 | Epoch 029/060 | loss 1.2886 | cls 0.7945 | tal -0.1074 | dual_g 0.5263 | dual_d 0.9800 | train_acc 1.0000 | train_full n/a | val_acc 0.9583 | val_f1 0.9508 | adv/moduleC 1.00/1.00 | disc_steps 7 | grad(main/disc) 1.860/1.172 | lr(main/disc) 6.50e-05/1.75e-05 | cuda_peak(alloc/resv) 21.77/28.18GB | phase(train/val/raw/train_eval) 3.9/0.6/0.0/0.0s | 4.5s
2026-08-27 13:21:51 | Epoch 030/060 | loss 1.2948 | cls 0.7935 | tal -0.0965 | dual_g 0.5303 | dual_d 0.9859 | train_acc 1.0000 | train_full 0.9914 | val_acc 0.9583 | val_f1 0.9272 | adv/moduleC 1.00/1.00 | disc_steps 7 | grad(main/disc) 1.761/1.176 | lr(main/disc) 6.50e-05/1.75e-05 | cuda_peak(alloc/resv) 21.77/28.18GB | phase(train/val/raw/train_eval) 3.6/0.6/0.6/0.8s | 5.6s
2026-08-27 13:21:55 | Epoch 031/060 | loss 1.3018 | cls 0.7988 | tal -0.0847 | dual_g 0.5285 | dual_d 0.9956 | train_acc 0.9969 | train_full n/a | val_acc 0.9833 | val_f1 0.9714 | adv/moduleC 1.00/1.00 | disc_steps 7 | grad(main/disc) 2.323/1.164 | lr(main/disc) 3.25e-05/8.75e-06 | cuda_peak(alloc/resv) 21.77/28.18GB | phase(train/val/raw/train_eval) 3.6/0.6/0.0/0.0s | 4.2s
2026-08-27 13:22:00 | Epoch 032/060 | loss 1.2827 | cls 0.7932 | tal -0.1141 | dual_g 0.5237 | dual_d 1.0070 | train_acc 0.9984 | train_full n/a | val_acc 0.9750 | val_f1 0.9634 | adv/moduleC 1.00/1.00 | disc_steps 7 | grad(main/disc) 1.537/1.158 | lr(main/disc) 3.25e-05/8.75e-06 | cuda_peak(alloc/resv) 21.77/28.18GB | phase(train/val/raw/train_eval) 3.7/0.6/0.0/0.0s | 4.3s
2026-08-27 13:22:04 | Epoch 033/060 | loss 1.2779 | cls 0.7963 | tal -0.1255 | dual_g 0.5193 | dual_d 1.0136 | train_acc 1.0000 | train_full n/a | val_acc 0.9750 | val_f1 0.9634 | adv/moduleC 1.00/1.00 | disc_steps 7 | grad(main/disc) 1.659/1.178 | lr(main/disc) 3.25e-05/8.75e-06 | cuda_peak(alloc/resv) 21.77/28.18GB | phase(train/val/raw/train_eval) 3.8/0.6/0.0/0.0s | 4.3s
2026-08-27 13:22:09 | Epoch 034/060 | loss 1.2666 | cls 0.7847 | tal -0.1268 | dual_g 0.5199 | dual_d 0.9987 | train_acc 0.9984 | train_full n/a | val_acc 0.9833 | val_f1 0.9714 | adv/moduleC 1.00/1.00 | disc_steps 7 | grad(main/disc) 1.468/1.162 | lr(main/disc) 3.25e-05/8.75e-06 | cuda_peak(alloc/resv) 21.77/28.18GB | phase(train/val/raw/train_eval) 4.0/0.6/0.0/0.0s | 4.5s
2026-08-27 13:22:15 | Epoch 035/060 | loss 1.2705 | cls 0.7928 | tal -0.1430 | dual_g 0.5206 | dual_d 0.9979 | train_acc 1.0000 | train_full 0.9935 | val_acc 0.9750 | val_f1 0.9644 | adv/moduleC 1.00/1.00 | disc_steps 7 | grad(main/disc) 1.474/1.152 | lr(main/disc) 3.25e-05/8.75e-06 | cuda_peak(alloc/resv) 21.77/28.18GB | phase(train/val/raw/train_eval) 4.0/0.6/0.6/0.8s | 5.9s
2026-08-27 13:22:19 | Epoch 036/060 | loss 1.2768 | cls 0.7924 | tal -0.1179 | dual_g 0.5198 | dual_d 1.0029 | train_acc 0.9984 | train_full n/a | val_acc 0.9667 | val_f1 0.9579 | adv/moduleC 1.00/1.00 | disc_steps 7 | grad(main/disc) 1.547/1.157 | lr(main/disc) 3.25e-05/8.75e-06 | cuda_peak(alloc/resv) 21.77/28.18GB | phase(train/val/raw/train_eval) 3.9/0.6/0.0/0.0s | 4.4s
2026-08-27 13:22:23 | Epoch 037/060 | loss 1.2545 | cls 0.7859 | tal -0.1669 | dual_g 0.5186 | dual_d 1.0357 | train_acc 0.9984 | train_full n/a | val_acc 0.9667 | val_f1 0.9569 | adv/moduleC 1.00/1.00 | disc_steps 7 | grad(main/disc) 1.536/1.168 | lr(main/disc) 3.25e-05/8.75e-06 | cuda_peak(alloc/resv) 21.77/28.18GB | phase(train/val/raw/train_eval) 3.8/0.6/0.0/0.0s | 4.4s
2026-08-27 13:22:28 | Epoch 038/060 | loss 1.2657 | cls 0.7872 | tal -0.1237 | dual_g 0.5156 | dual_d 1.0119 | train_acc 0.9984 | train_full n/a | val_acc 0.9833 | val_f1 0.9714 | adv/moduleC 1.00/1.00 | disc_steps 7 | grad(main/disc) 1.386/1.167 | lr(main/disc) 1.62e-05/4.37e-06 | cuda_peak(alloc/resv) 21.77/28.18GB | phase(train/val/raw/train_eval) 3.8/0.6/0.0/0.0s | 4.4s
2026-08-27 13:22:32 | Epoch 039/060 | loss 1.2637 | cls 0.7887 | tal -0.1369 | dual_g 0.5160 | dual_d 1.0167 | train_acc 0.9984 | train_full n/a | val_acc 0.9750 | val_f1 0.9644 | adv/moduleC 1.00/1.00 | disc_steps 7 | grad(main/disc) 1.514/1.176 | lr(main/disc) 1.62e-05/4.37e-06 | cuda_peak(alloc/resv) 21.77/28.18GB | phase(train/val/raw/train_eval) 3.8/0.6/0.0/0.0s | 4.4s
2026-08-27 13:22:32 | Early stopping at epoch 39 after 15 epochs without val_f1_macro_present improvement.
2026-08-27 13:22:32 | Training complete. Best validation accuracy: 0.9833 | best val_f1_macro_present: 0.9714
