2026-08-11 17:58:26 | Starting Dual_D standalone training
2026-08-11 17:58:26 | Run directory: runs/dual_d_雾天_iter01_20260811_173313
2026-08-11 17:58:26 | Device: cuda
2026-08-11 17:58:26 | Source train samples: 760
2026-08-11 17:58:26 | Target train samples: 440
2026-08-11 17:58:26 | Target val samples: 115
2026-08-11 17:58:26 | Classes: 14
2026-08-11 17:58:26 | Data audit: same_dir=False | path_overlap(vis/ir/ais)=0/0/0 | content_overlap(vis/ir/ais)=0/0/0 | stem_mismatch(vis-ir/vis-ais)=467/0
2026-08-11 17:58:26 | source_train classes: present 14/14 | absent 0 | counts [0:120, 1:43, 2:47, 3:40, 4:40, 5:30, 6:52, 7:52, 8:58, 9:53, 10:53, 11:83, 12:44, 13:45]
2026-08-11 17:58:26 | target_train classes: present 9/14 | absent 5 | counts [0:35, 1:18, 2:74, 6:110, 8:25, 9:50, 10:48, 12:9, 13:71]
2026-08-11 17:58:26 | target_val classes: present 9/14 | absent 5 | counts [0:9, 1:5, 2:19, 6:28, 8:7, 9:13, 10:13, 12:3, 13:18]
2026-08-11 17:58:26 | Paired training classes: 9/14 | class ids [0, 1, 2, 6, 8, 9, 10, 12, 13]
2026-08-11 17:58:26 | Model parameters: total=17517458 | trainable=17517458
2026-08-11 17:58:36 | Epoch 001/100 | loss 10.6522 | cls 4.8755 | tal 0.5812 | dual_g 5.6023 | dual_d 0.0000 | train_acc 0.1923 | train_full 0.1523 | val_acc 0.1304 | val_f1 0.0746 | grad(main/disc) 26.042/0.000 | lr(main/disc) 5.00e-04/5.00e-04 | 10.3s
2026-08-11 17:58:37 | New best val_f1_macro_present: 0.0746 at epoch 1
2026-08-11 17:58:47 | Epoch 002/100 | loss 8.9910 | cls 4.0650 | tal 0.5714 | dual_g 4.7545 | dual_d 0.0000 | train_acc 0.3341 | train_full 0.2841 | val_acc 0.3043 | val_f1 0.2800 | grad(main/disc) 17.970/0.000 | lr(main/disc) 5.00e-04/5.00e-04 | 10.4s
2026-08-11 17:58:47 | New best val_f1_macro_present: 0.2800 at epoch 2
2026-08-11 17:58:58 | Epoch 003/100 | loss 7.9199 | cls 3.6414 | tal 0.1636 | dual_g 4.2294 | dual_d 0.0000 | train_acc 0.3654 | train_full 0.2250 | val_acc 0.1913 | val_f1 0.1664 | grad(main/disc) 16.394/0.000 | lr(main/disc) 5.00e-04/5.00e-04 | 10.6s
2026-08-11 17:59:08 | Epoch 004/100 | loss 7.3823 | cls 3.4069 | tal -0.0322 | dual_g 3.9851 | dual_d 0.0000 | train_acc 0.3990 | train_full 0.2295 | val_acc 0.2609 | val_f1 0.2667 | grad(main/disc) 15.675/0.000 | lr(main/disc) 5.00e-04/5.00e-04 | 10.0s
2026-08-11 17:59:19 | Epoch 005/100 | loss 6.9564 | cls 3.1771 | tal 0.1267 | dual_g 3.7413 | dual_d 0.0000 | train_acc 0.4543 | train_full 0.2636 | val_acc 0.2957 | val_f1 0.2353 | grad(main/disc) 15.188/0.000 | lr(main/disc) 5.00e-04/5.00e-04 | 10.5s
2026-08-11 17:59:30 | Epoch 006/100 | loss 6.7878 | cls 3.0975 | tal 0.1806 | dual_g 3.6361 | dual_d 0.6244 | train_acc 0.4375 | train_full 0.4045 | val_acc 0.3652 | val_f1 0.4068 | grad(main/disc) 14.969/1.832 | lr(main/disc) 5.00e-04/5.00e-04 | 11.0s
2026-08-11 17:59:30 | New best val_f1_macro_present: 0.4068 at epoch 6
2026-08-11 17:59:40 | Epoch 007/100 | loss 6.4208 | cls 2.9175 | tal 0.1139 | dual_g 3.4691 | dual_d 0.1811 | train_acc 0.5192 | train_full 0.5250 | val_acc 0.4957 | val_f1 0.4117 | grad(main/disc) 14.645/0.674 | lr(main/disc) 5.00e-04/5.00e-04 | 10.3s
2026-08-11 17:59:41 | New best val_f1_macro_present: 0.4117 at epoch 7
2026-08-11 17:59:51 | Epoch 008/100 | loss 6.1061 | cls 2.7272 | tal 0.0299 | dual_g 3.3699 | dual_d 0.1061 | train_acc 0.5865 | train_full 0.3114 | val_acc 0.3043 | val_f1 0.3381 | grad(main/disc) 14.550/0.493 | lr(main/disc) 5.00e-04/5.00e-04 | 10.4s
2026-08-11 18:00:02 | Epoch 009/100 | loss 5.9916 | cls 2.6660 | tal -0.0615 | dual_g 3.3441 | dual_d 0.1614 | train_acc 0.5962 | train_full 0.4886 | val_acc 0.4696 | val_f1 0.4800 | grad(main/disc) 15.677/0.783 | lr(main/disc) 5.00e-04/5.00e-04 | 10.6s
2026-08-11 18:00:02 | New best val_f1_macro_present: 0.4800 at epoch 9
2026-08-11 18:00:12 | Epoch 010/100 | loss 5.9808 | cls 2.6687 | tal 0.0012 | dual_g 3.3117 | dual_d 0.3751 | train_acc 0.5841 | train_full 0.4159 | val_acc 0.4087 | val_f1 0.3975 | grad(main/disc) 16.543/1.444 | lr(main/disc) 5.00e-04/5.00e-04 | 10.2s
2026-08-11 18:00:23 | Epoch 011/100 | loss 5.7308 | cls 2.5609 | tal 0.0562 | dual_g 3.1531 | dual_d 0.9608 | train_acc 0.6106 | train_full 0.5409 | val_acc 0.5391 | val_f1 0.5085 | grad(main/disc) 15.597/2.644 | lr(main/disc) 5.00e-04/5.00e-04 | 10.3s
2026-08-11 18:00:23 | New best val_f1_macro_present: 0.5085 at epoch 11
2026-08-11 18:00:33 | Epoch 012/100 | loss 5.2554 | cls 2.3393 | tal -0.0255 | dual_g 2.9238 | dual_d 1.3287 | train_acc 0.6971 | train_full 0.4409 | val_acc 0.3913 | val_f1 0.4353 | grad(main/disc) 16.723/3.184 | lr(main/disc) 5.00e-04/5.00e-04 | 10.2s
2026-08-11 18:00:44 | Epoch 013/100 | loss 5.1323 | cls 2.2988 | tal -0.0280 | dual_g 2.8419 | dual_d 1.3032 | train_acc 0.6899 | train_full 0.6159 | val_acc 0.5130 | val_f1 0.5359 | grad(main/disc) 15.887/2.979 | lr(main/disc) 5.00e-04/5.00e-04 | 10.7s
2026-08-11 18:00:44 | New best val_f1_macro_present: 0.5359 at epoch 13
2026-08-11 18:00:55 | Epoch 014/100 | loss 5.2037 | cls 2.3009 | tal 0.0242 | dual_g 2.8955 | dual_d 1.2988 | train_acc 0.7139 | train_full 0.5500 | val_acc 0.4957 | val_f1 0.4978 | grad(main/disc) 17.293/2.823 | lr(main/disc) 5.00e-04/5.00e-04 | 10.4s
2026-08-11 18:01:05 | Epoch 015/100 | loss 4.9119 | cls 2.1394 | tal 0.1106 | dual_g 2.7393 | dual_d 1.1833 | train_acc 0.7284 | train_full 0.5841 | val_acc 0.5478 | val_f1 0.5948 | grad(main/disc) 17.374/2.507 | lr(main/disc) 5.00e-04/5.00e-04 | 10.2s
2026-08-11 18:01:05 | New best val_f1_macro_present: 0.5948 at epoch 15
2026-08-11 18:01:15 | Epoch 016/100 | loss 4.6465 | cls 2.0314 | tal -0.0167 | dual_g 2.6201 | dual_d 1.0224 | train_acc 0.7596 | train_full 0.6545 | val_acc 0.6435 | val_f1 0.6815 | grad(main/disc) 16.434/2.197 | lr(main/disc) 5.00e-04/5.00e-04 | 10.0s
2026-08-11 18:01:16 | New best val_f1_macro_present: 0.6815 at epoch 16
2026-08-11 18:01:25 | Epoch 017/100 | loss 4.5024 | cls 1.9194 | tal -0.0007 | dual_g 2.5832 | dual_d 0.8199 | train_acc 0.8005 | train_full 0.6750 | val_acc 0.6174 | val_f1 0.6334 | grad(main/disc) 17.080/1.775 | lr(main/disc) 5.00e-04/5.00e-04 | 9.9s
2026-08-11 18:01:36 | Epoch 018/100 | loss 4.5123 | cls 1.9622 | tal 0.0022 | dual_g 2.5495 | dual_d 0.7540 | train_acc 0.7981 | train_full 0.6795 | val_acc 0.6087 | val_f1 0.6607 | grad(main/disc) 16.720/1.594 | lr(main/disc) 5.00e-04/5.00e-04 | 10.4s
2026-08-11 18:01:46 | Epoch 019/100 | loss 4.4971 | cls 1.8987 | tal 0.1316 | dual_g 2.5590 | dual_d 0.7691 | train_acc 0.8269 | train_full 0.6636 | val_acc 0.5826 | val_f1 0.6061 | grad(main/disc) 19.534/1.512 | lr(main/disc) 5.00e-04/5.00e-04 | 9.8s
2026-08-11 18:01:56 | Epoch 020/100 | loss 4.4341 | cls 1.8848 | tal 0.0895 | dual_g 2.5225 | dual_d 0.9139 | train_acc 0.8197 | train_full 0.6523 | val_acc 0.6261 | val_f1 0.6346 | grad(main/disc) 19.010/1.666 | lr(main/disc) 5.00e-04/5.00e-04 | 10.1s
2026-08-11 18:02:07 | Epoch 021/100 | loss 4.3477 | cls 1.8771 | tal 0.0606 | dual_g 2.4524 | dual_d 1.0633 | train_acc 0.8053 | train_full 0.7000 | val_acc 0.6261 | val_f1 0.6478 | grad(main/disc) 21.306/1.827 | lr(main/disc) 5.00e-04/5.00e-04 | 10.6s
2026-08-11 18:02:17 | Epoch 022/100 | loss 4.2092 | cls 1.7966 | tal -0.0644 | dual_g 2.4319 | dual_d 0.8529 | train_acc 0.8365 | train_full 0.6455 | val_acc 0.6000 | val_f1 0.6144 | grad(main/disc) 18.292/1.490 | lr(main/disc) 5.00e-04/5.00e-04 | 10.1s
2026-08-11 18:02:28 | Epoch 023/100 | loss 4.2719 | cls 1.8293 | tal 0.0192 | dual_g 2.4368 | dual_d 0.6831 | train_acc 0.8582 | train_full 0.6750 | val_acc 0.6783 | val_f1 0.7045 | grad(main/disc) 20.377/1.208 | lr(main/disc) 5.00e-04/5.00e-04 | 10.2s
2026-08-11 18:02:28 | New best val_f1_macro_present: 0.7045 at epoch 23
2026-08-11 18:02:38 | Epoch 024/100 | loss 4.1319 | cls 1.7606 | tal 0.0094 | dual_g 2.3685 | dual_d 0.6602 | train_acc 0.8534 | train_full 0.7250 | val_acc 0.6696 | val_f1 0.7050 | grad(main/disc) 19.893/1.096 | lr(main/disc) 5.00e-04/5.00e-04 | 10.3s
2026-08-11 18:02:49 | Epoch 025/100 | loss 4.0136 | cls 1.7492 | tal -0.1269 | dual_g 2.3024 | dual_d 0.7323 | train_acc 0.8438 | train_full 0.6750 | val_acc 0.6870 | val_f1 0.7098 | grad(main/disc) 20.200/1.141 | lr(main/disc) 5.00e-04/5.00e-04 | 10.6s
2026-08-11 18:02:49 | New best val_f1_macro_present: 0.7098 at epoch 25
2026-08-11 18:02:59 | Epoch 026/100 | loss 4.0043 | cls 1.7330 | tal 0.0387 | dual_g 2.2598 | dual_d 0.8648 | train_acc 0.8558 | train_full 0.7091 | val_acc 0.6696 | val_f1 0.6620 | grad(main/disc) 17.597/1.282 | lr(main/disc) 5.00e-04/5.00e-04 | 9.8s
2026-08-11 18:03:09 | Epoch 027/100 | loss 4.0247 | cls 1.7189 | tal 0.0728 | dual_g 2.2839 | dual_d 0.9000 | train_acc 0.8654 | train_full 0.7568 | val_acc 0.7130 | val_f1 0.7489 | grad(main/disc) 20.500/1.338 | lr(main/disc) 5.00e-04/5.00e-04 | 10.1s
2026-08-11 18:03:09 | New best val_f1_macro_present: 0.7489 at epoch 27
2026-08-11 18:03:19 | Epoch 028/100 | loss 3.8329 | cls 1.6461 | tal 0.0075 | dual_g 2.1846 | dual_d 0.8284 | train_acc 0.8942 | train_full 0.7500 | val_acc 0.7130 | val_f1 0.7390 | grad(main/disc) 19.244/1.228 | lr(main/disc) 5.00e-04/5.00e-04 | 9.7s
2026-08-11 18:03:30 | Epoch 029/100 | loss 3.9207 | cls 1.6722 | tal -0.0185 | dual_g 2.2540 | dual_d 0.7811 | train_acc 0.8870 | train_full 0.7432 | val_acc 0.6783 | val_f1 0.7348 | grad(main/disc) 21.174/1.070 | lr(main/disc) 5.00e-04/5.00e-04 | 10.5s
2026-08-11 18:03:40 | Epoch 030/100 | loss 3.8937 | cls 1.6390 | tal -0.0417 | dual_g 2.2672 | dual_d 0.7062 | train_acc 0.8894 | train_full 0.7364 | val_acc 0.6783 | val_f1 0.6884 | grad(main/disc) 22.302/0.944 | lr(main/disc) 5.00e-04/5.00e-04 | 10.5s
2026-08-11 18:03:51 | Epoch 031/100 | loss 3.7777 | cls 1.6103 | tal -0.0610 | dual_g 2.1856 | dual_d 0.6325 | train_acc 0.8702 | train_full 0.6909 | val_acc 0.6435 | val_f1 0.6644 | grad(main/disc) 18.362/0.853 | lr(main/disc) 5.00e-04/5.00e-04 | 10.5s
2026-08-11 18:04:02 | Epoch 032/100 | loss 3.8527 | cls 1.6618 | tal -0.1071 | dual_g 2.2230 | dual_d 0.6883 | train_acc 0.8870 | train_full 0.8205 | val_acc 0.8261 | val_f1 0.8308 | grad(main/disc) 21.287/0.948 | lr(main/disc) 5.00e-04/5.00e-04 | 10.6s
2026-08-11 18:04:02 | New best val_f1_macro_present: 0.8308 at epoch 32
2026-08-11 18:04:12 | Epoch 033/100 | loss 3.7234 | cls 1.5945 | tal -0.0741 | dual_g 2.1511 | dual_d 0.7157 | train_acc 0.8822 | train_full 0.7159 | val_acc 0.7391 | val_f1 0.7572 | grad(main/disc) 20.014/0.994 | lr(main/disc) 5.00e-04/5.00e-04 | 10.2s
2026-08-11 18:04:23 | Epoch 034/100 | loss 3.6961 | cls 1.5976 | tal -0.1482 | dual_g 2.1430 | dual_d 0.6977 | train_acc 0.9183 | train_full 0.8045 | val_acc 0.7739 | val_f1 0.7983 | grad(main/disc) 21.611/1.002 | lr(main/disc) 5.00e-04/5.00e-04 | 10.8s
2026-08-11 18:04:34 | Epoch 035/100 | loss 3.7155 | cls 1.5591 | tal 0.0079 | dual_g 2.1541 | dual_d 0.6647 | train_acc 0.9014 | train_full 0.7205 | val_acc 0.6522 | val_f1 0.6448 | grad(main/disc) 21.240/0.913 | lr(main/disc) 5.00e-04/5.00e-04 | 10.5s
2026-08-11 18:04:45 | Epoch 036/100 | loss 3.6688 | cls 1.5174 | tal 0.1683 | dual_g 2.1009 | dual_d 0.6885 | train_acc 0.9351 | train_full 0.7864 | val_acc 0.7739 | val_f1 0.7782 | grad(main/disc) 21.328/0.937 | lr(main/disc) 5.00e-04/5.00e-04 | 10.4s
2026-08-11 18:04:55 | Epoch 037/100 | loss 3.6784 | cls 1.5418 | tal 0.0872 | dual_g 2.1105 | dual_d 0.6942 | train_acc 0.9279 | train_full 0.7909 | val_acc 0.7652 | val_f1 0.7993 | grad(main/disc) 21.807/0.937 | lr(main/disc) 5.00e-04/5.00e-04 | 10.3s
2026-08-11 18:05:05 | Epoch 038/100 | loss 3.5506 | cls 1.4917 | tal -0.0116 | dual_g 2.0624 | dual_d 0.6903 | train_acc 0.9303 | train_full 0.7727 | val_acc 0.7739 | val_f1 0.7868 | grad(main/disc) 19.451/0.905 | lr(main/disc) 5.00e-04/5.00e-04 | 10.0s
2026-08-11 18:05:16 | Epoch 039/100 | loss 3.6929 | cls 1.5783 | tal -0.0341 | dual_g 2.1249 | dual_d 0.6631 | train_acc 0.9062 | train_full 0.6727 | val_acc 0.6609 | val_f1 0.6703 | grad(main/disc) 22.534/0.883 | lr(main/disc) 5.00e-04/5.00e-04 | 10.2s
2026-08-11 18:05:26 | Epoch 040/100 | loss 3.5725 | cls 1.5074 | tal 0.0030 | dual_g 2.0642 | dual_d 0.6334 | train_acc 0.9087 | train_full 0.7205 | val_acc 0.6348 | val_f1 0.6697 | grad(main/disc) 20.325/0.874 | lr(main/disc) 5.00e-04/5.00e-04 | 10.8s
2026-08-11 18:05:37 | Epoch 041/100 | loss 3.6210 | cls 1.5398 | tal -0.0272 | dual_g 2.0894 | dual_d 0.6511 | train_acc 0.8846 | train_full 0.7841 | val_acc 0.7304 | val_f1 0.7568 | grad(main/disc) 23.786/0.879 | lr(main/disc) 5.00e-04/5.00e-04 | 10.1s
2026-08-11 18:05:48 | Epoch 042/100 | loss 3.5894 | cls 1.5242 | tal -0.0094 | dual_g 2.0681 | dual_d 0.7135 | train_acc 0.9087 | train_full 0.8000 | val_acc 0.7739 | val_f1 0.7714 | grad(main/disc) 21.477/0.991 | lr(main/disc) 5.00e-04/5.00e-04 | 10.8s
2026-08-11 18:05:59 | Epoch 043/100 | loss 3.4824 | cls 1.4620 | tal 0.0354 | dual_g 2.0098 | dual_d 0.6826 | train_acc 0.9135 | train_full 0.8023 | val_acc 0.7478 | val_f1 0.7724 | grad(main/disc) 18.729/0.906 | lr(main/disc) 2.50e-04/2.50e-04 | 10.8s
2026-08-11 18:06:10 | Epoch 044/100 | loss 3.4605 | cls 1.4481 | tal 0.0153 | dual_g 2.0078 | dual_d 0.6906 | train_acc 0.9279 | train_full 0.7750 | val_acc 0.7652 | val_f1 0.7736 | grad(main/disc) 23.964/0.927 | lr(main/disc) 2.50e-04/2.50e-04 | 10.8s
2026-08-11 18:06:20 | Epoch 045/100 | loss 3.3862 | cls 1.4285 | tal -0.0313 | dual_g 1.9670 | dual_d 0.6592 | train_acc 0.9399 | train_full 0.8500 | val_acc 0.8261 | val_f1 0.8311 | grad(main/disc) 21.436/0.846 | lr(main/disc) 2.50e-04/2.50e-04 | 10.5s
2026-08-11 18:06:31 | Epoch 046/100 | loss 3.4359 | cls 1.4341 | tal -0.1053 | dual_g 2.0334 | dual_d 0.5924 | train_acc 0.9447 | train_full 0.7795 | val_acc 0.8087 | val_f1 0.8157 | grad(main/disc) 20.849/0.694 | lr(main/disc) 2.50e-04/2.50e-04 | 10.8s
2026-08-11 18:06:41 | Epoch 047/100 | loss 3.3513 | cls 1.4240 | tal -0.1513 | dual_g 1.9727 | dual_d 0.5876 | train_acc 0.9327 | train_full 0.7818 | val_acc 0.7913 | val_f1 0.8001 | grad(main/disc) 17.539/0.720 | lr(main/disc) 2.50e-04/2.50e-04 | 10.2s
2026-08-11 18:06:53 | Epoch 048/100 | loss 3.2679 | cls 1.3817 | tal -0.1782 | dual_g 1.9397 | dual_d 0.5742 | train_acc 0.9303 | train_full 0.8341 | val_acc 0.7739 | val_f1 0.8003 | grad(main/disc) 21.501/0.692 | lr(main/disc) 2.50e-04/2.50e-04 | 11.0s
2026-08-11 18:07:04 | Epoch 049/100 | loss 3.2937 | cls 1.4010 | tal -0.1974 | dual_g 1.9519 | dual_d 0.6080 | train_acc 0.9423 | train_full 0.8341 | val_acc 0.7826 | val_f1 0.7926 | grad(main/disc) 19.592/0.742 | lr(main/disc) 2.50e-04/2.50e-04 | 10.9s
2026-08-11 18:07:15 | Epoch 050/100 | loss 3.2561 | cls 1.3914 | tal -0.2240 | dual_g 1.9320 | dual_d 0.6495 | train_acc 0.9519 | train_full 0.8386 | val_acc 0.7913 | val_f1 0.8036 | grad(main/disc) 15.517/0.797 | lr(main/disc) 2.50e-04/2.50e-04 | 11.1s
2026-08-11 18:07:26 | Epoch 051/100 | loss 3.2117 | cls 1.3819 | tal -0.2237 | dual_g 1.8970 | dual_d 0.6465 | train_acc 0.9495 | train_full 0.8545 | val_acc 0.8609 | val_f1 0.8498 | grad(main/disc) 19.276/0.799 | lr(main/disc) 2.50e-04/2.50e-04 | 10.7s
2026-08-11 18:07:26 | New best val_f1_macro_present: 0.8498 at epoch 51
2026-08-11 18:07:36 | Epoch 052/100 | loss 3.2549 | cls 1.4058 | tal -0.2160 | dual_g 1.9140 | dual_d 0.6361 | train_acc 0.9303 | train_full 0.8341 | val_acc 0.8435 | val_f1 0.8505 | grad(main/disc) 19.123/0.781 | lr(main/disc) 2.50e-04/2.50e-04 | 10.4s
2026-08-11 18:07:47 | Epoch 053/100 | loss 3.1727 | cls 1.3514 | tal -0.2563 | dual_g 1.8982 | dual_d 0.6486 | train_acc 0.9495 | train_full 0.8318 | val_acc 0.7652 | val_f1 0.7738 | grad(main/disc) 16.836/0.800 | lr(main/disc) 2.50e-04/2.50e-04 | 10.8s
2026-08-11 18:07:58 | Epoch 054/100 | loss 3.2229 | cls 1.3684 | tal -0.2385 | dual_g 1.9260 | dual_d 0.6474 | train_acc 0.9495 | train_full 0.8614 | val_acc 0.8261 | val_f1 0.8370 | grad(main/disc) 18.377/0.776 | lr(main/disc) 2.50e-04/2.50e-04 | 10.5s
2026-08-11 18:08:09 | Epoch 055/100 | loss 3.2452 | cls 1.3868 | tal -0.2517 | dual_g 1.9340 | dual_d 0.6843 | train_acc 0.9495 | train_full 0.8750 | val_acc 0.8609 | val_f1 0.8507 | grad(main/disc) 22.355/0.777 | lr(main/disc) 2.50e-04/2.50e-04 | 10.7s
2026-08-11 18:08:19 | Epoch 056/100 | loss 3.1412 | cls 1.3529 | tal -0.2342 | dual_g 1.8585 | dual_d 0.6490 | train_acc 0.9495 | train_full 0.8182 | val_acc 0.8087 | val_f1 0.8010 | grad(main/disc) 19.008/0.718 | lr(main/disc) 2.50e-04/2.50e-04 | 10.5s
2026-08-11 18:08:30 | Epoch 057/100 | loss 3.1142 | cls 1.3412 | tal -0.2463 | dual_g 1.8470 | dual_d 0.6613 | train_acc 0.9760 | train_full 0.8636 | val_acc 0.8348 | val_f1 0.8294 | grad(main/disc) 14.755/0.717 | lr(main/disc) 2.50e-04/2.50e-04 | 10.6s
2026-08-11 18:08:40 | Epoch 058/100 | loss 3.1548 | cls 1.3713 | tal -0.3219 | dual_g 1.8801 | dual_d 0.6721 | train_acc 0.9471 | train_full 0.9023 | val_acc 0.8609 | val_f1 0.8624 | grad(main/disc) 17.533/0.714 | lr(main/disc) 2.50e-04/2.50e-04 | 10.0s
2026-08-11 18:08:41 | New best val_f1_macro_present: 0.8624 at epoch 58
2026-08-11 18:08:51 | Epoch 059/100 | loss 3.1080 | cls 1.3376 | tal -0.2729 | dual_g 1.8523 | dual_d 0.6724 | train_acc 0.9712 | train_full 0.8159 | val_acc 0.7826 | val_f1 0.7943 | grad(main/disc) 19.281/0.714 | lr(main/disc) 2.50e-04/2.50e-04 | 10.6s
2026-08-11 18:09:02 | Epoch 060/100 | loss 3.1811 | cls 1.3713 | tal -0.2651 | dual_g 1.8893 | dual_d 0.6439 | train_acc 0.9423 | train_full 0.8477 | val_acc 0.8000 | val_f1 0.8018 | grad(main/disc) 17.661/0.676 | lr(main/disc) 2.50e-04/2.50e-04 | 10.5s
2026-08-11 18:09:13 | Epoch 061/100 | loss 3.1280 | cls 1.3362 | tal -0.2095 | dual_g 1.8546 | dual_d 0.6573 | train_acc 0.9663 | train_full 0.8659 | val_acc 0.8522 | val_f1 0.8469 | grad(main/disc) 18.619/0.671 | lr(main/disc) 2.50e-04/2.50e-04 | 10.7s
2026-08-11 18:09:23 | Epoch 062/100 | loss 3.1511 | cls 1.3529 | tal -0.2073 | dual_g 1.8605 | dual_d 0.6322 | train_acc 0.9447 | train_full 0.8545 | val_acc 0.8435 | val_f1 0.8285 | grad(main/disc) 25.112/0.667 | lr(main/disc) 2.50e-04/2.50e-04 | 10.4s
2026-08-11 18:09:35 | Epoch 063/100 | loss 3.1627 | cls 1.3681 | tal -0.2556 | dual_g 1.8713 | dual_d 0.6270 | train_acc 0.9543 | train_full 0.7955 | val_acc 0.7739 | val_f1 0.7818 | grad(main/disc) 21.086/0.658 | lr(main/disc) 2.50e-04/2.50e-04 | 11.1s
2026-08-11 18:09:46 | Epoch 064/100 | loss 3.1272 | cls 1.3411 | tal -0.2706 | dual_g 1.8673 | dual_d 0.6038 | train_acc 0.9639 | train_full 0.8750 | val_acc 0.8348 | val_f1 0.8608 | grad(main/disc) 18.807/0.610 | lr(main/disc) 2.50e-04/2.50e-04 | 11.1s
2026-08-11 18:09:57 | Epoch 065/100 | loss 3.1688 | cls 1.3764 | tal -0.2811 | dual_g 1.8767 | dual_d 0.6272 | train_acc 0.9447 | train_full 0.8909 | val_acc 0.8696 | val_f1 0.8726 | grad(main/disc) 19.973/0.654 | lr(main/disc) 2.50e-04/2.50e-04 | 11.1s
2026-08-11 18:09:57 | New best val_f1_macro_present: 0.8726 at epoch 65
2026-08-11 18:10:08 | Epoch 066/100 | loss 3.0957 | cls 1.3469 | tal -0.2749 | dual_g 1.8313 | dual_d 0.6421 | train_acc 0.9615 | train_full 0.8932 | val_acc 0.8696 | val_f1 0.8774 | grad(main/disc) 17.553/0.645 | lr(main/disc) 2.50e-04/2.50e-04 | 11.0s
2026-08-11 18:10:09 | New best val_f1_macro_present: 0.8774 at epoch 66
2026-08-11 18:10:20 | Epoch 067/100 | loss 3.0026 | cls 1.3048 | tal -0.2808 | dual_g 1.7820 | dual_d 0.6552 | train_acc 0.9688 | train_full 0.8295 | val_acc 0.8522 | val_f1 0.8454 | grad(main/disc) 13.690/0.674 | lr(main/disc) 2.50e-04/2.50e-04 | 11.0s
2026-08-11 18:10:31 | Epoch 068/100 | loss 3.1126 | cls 1.3500 | tal -0.2926 | dual_g 1.8504 | dual_d 0.6665 | train_acc 0.9495 | train_full 0.8682 | val_acc 0.8435 | val_f1 0.8566 | grad(main/disc) 20.703/0.684 | lr(main/disc) 2.50e-04/2.50e-04 | 11.2s
2026-08-11 18:10:42 | Epoch 069/100 | loss 3.0444 | cls 1.3126 | tal -0.2965 | dual_g 1.8208 | dual_d 0.5891 | train_acc 0.9688 | train_full 0.8795 | val_acc 0.8348 | val_f1 0.8391 | grad(main/disc) 19.071/0.633 | lr(main/disc) 2.50e-04/2.50e-04 | 11.3s
2026-08-11 18:10:53 | Epoch 070/100 | loss 3.0913 | cls 1.3310 | tal -0.2442 | dual_g 1.8336 | dual_d 0.6165 | train_acc 0.9591 | train_full 0.7864 | val_acc 0.7826 | val_f1 0.7871 | grad(main/disc) 21.664/0.666 | lr(main/disc) 2.50e-04/2.50e-04 | 10.8s
2026-08-11 18:11:04 | Epoch 071/100 | loss 3.0735 | cls 1.3230 | tal -0.1813 | dual_g 1.8049 | dual_d 0.6327 | train_acc 0.9615 | train_full 0.8364 | val_acc 0.8348 | val_f1 0.8495 | grad(main/disc) 18.055/0.685 | lr(main/disc) 2.50e-04/2.50e-04 | 10.7s
2026-08-11 18:11:15 | Epoch 072/100 | loss 3.1105 | cls 1.3324 | tal -0.1664 | dual_g 1.8280 | dual_d 0.6147 | train_acc 0.9639 | train_full 0.8477 | val_acc 0.8261 | val_f1 0.8198 | grad(main/disc) 18.240/0.658 | lr(main/disc) 2.50e-04/2.50e-04 | 11.0s
2026-08-11 18:11:27 | Epoch 073/100 | loss 3.0228 | cls 1.2958 | tal -0.2082 | dual_g 1.7895 | dual_d 0.6213 | train_acc 0.9712 | train_full 0.8773 | val_acc 0.8348 | val_f1 0.8291 | grad(main/disc) 16.339/0.723 | lr(main/disc) 2.50e-04/2.50e-04 | 11.4s
2026-08-11 18:11:38 | Epoch 074/100 | loss 3.0977 | cls 1.3448 | tal -0.2322 | dual_g 1.8226 | dual_d 0.6172 | train_acc 0.9543 | train_full 0.8864 | val_acc 0.8609 | val_f1 0.8607 | grad(main/disc) 21.156/0.699 | lr(main/disc) 2.50e-04/2.50e-04 | 11.0s
2026-08-11 18:11:49 | Epoch 075/100 | loss 3.1146 | cls 1.3356 | tal -0.2097 | dual_g 1.8420 | dual_d 0.6275 | train_acc 0.9615 | train_full 0.8659 | val_acc 0.8087 | val_f1 0.8209 | grad(main/disc) 20.350/0.709 | lr(main/disc) 2.50e-04/2.50e-04 | 10.9s
2026-08-11 18:12:00 | Epoch 076/100 | loss 3.0188 | cls 1.3121 | tal -0.2730 | dual_g 1.7886 | dual_d 0.6621 | train_acc 0.9639 | train_full 0.8591 | val_acc 0.8348 | val_f1 0.8496 | grad(main/disc) 17.588/0.762 | lr(main/disc) 2.50e-04/2.50e-04 | 10.9s
2026-08-11 18:12:12 | Epoch 077/100 | loss 3.1413 | cls 1.3601 | tal -0.2393 | dual_g 1.8531 | dual_d 0.6578 | train_acc 0.9495 | train_full 0.8682 | val_acc 0.8348 | val_f1 0.8085 | grad(main/disc) 26.631/0.791 | lr(main/disc) 1.25e-04/1.25e-04 | 11.2s
2026-08-11 18:12:23 | Epoch 078/100 | loss 2.9886 | cls 1.2921 | tal -0.3372 | dual_g 1.7976 | dual_d 0.6121 | train_acc 0.9688 | train_full 0.8591 | val_acc 0.8348 | val_f1 0.8293 | grad(main/disc) 17.411/0.713 | lr(main/disc) 1.25e-04/1.25e-04 | 11.2s
2026-08-11 18:12:34 | Epoch 079/100 | loss 2.9086 | cls 1.2792 | tal -0.3618 | dual_g 1.7379 | dual_d 0.6437 | train_acc 0.9688 | train_full 0.8682 | val_acc 0.8087 | val_f1 0.8002 | grad(main/disc) 16.946/0.736 | lr(main/disc) 1.25e-04/1.25e-04 | 11.0s
2026-08-11 18:12:45 | Epoch 080/100 | loss 2.9541 | cls 1.3001 | tal -0.3997 | dual_g 1.7739 | dual_d 0.6487 | train_acc 0.9688 | train_full 0.8409 | val_acc 0.8261 | val_f1 0.8308 | grad(main/disc) 15.590/0.746 | lr(main/disc) 1.25e-04/1.25e-04 | 11.3s
2026-08-11 18:12:57 | Epoch 081/100 | loss 2.9226 | cls 1.2758 | tal -0.3567 | dual_g 1.7539 | dual_d 0.6176 | train_acc 0.9712 | train_full 0.9114 | val_acc 0.8522 | val_f1 0.8403 | grad(main/disc) 16.782/0.686 | lr(main/disc) 1.25e-04/1.25e-04 | 11.3s
2026-08-11 18:12:57 | Early stopping at epoch 81 after 15 epochs without val_f1_macro_present improvement.
2026-08-11 18:12:57 | Training complete. Best validation accuracy: 0.8696 | best val_f1_macro_present: 0.8774
