2026-08-20 21:09:06 | Starting Dual_D standalone training
2026-08-20 21:09:06 | Run directory: runs/dual_d_逆光_iter02_20260820_204156
2026-08-20 21:09:06 | Device: cuda
2026-08-20 21:09:07 | Source train samples: 992
2026-08-20 21:09:07 | Target train samples: 132
2026-08-20 21:09:07 | Target val samples: 37
2026-08-20 21:09:07 | Classes: 14
2026-08-20 21:09:07 | Data audit: same_dir=False | path_overlap(vis/ir/ais)=0/0/0 | content_overlap(vis/ir/ais)=0/0/0 | ais_index_overlap=0 | stem_mismatch(vis-ir/vis-ais)=157/0
2026-08-20 21:09:07 | source_train classes: present 14/14 | absent 0 | counts [0:120, 1:44, 2:69, 3:45, 4:40, 5:30, 6:64, 7:80, 8:116, 9:68, 10:57, 11:83, 12:48, 13:128]
2026-08-20 21:09:07 | target_train classes: present 9/14 | absent 5 | counts [0:20, 2:12, 4:12, 5:2, 9:16, 10:16, 11:29, 12:4, 13:21]
2026-08-20 21:09:07 | target_val classes: present 9/14 | absent 5 | counts [0:6, 2:3, 4:4, 5:1, 9:4, 10:4, 11:8, 12:1, 13:6]
2026-08-20 21:09:07 | Paired training classes: 9/14 | class ids [0, 2, 4, 5, 9, 10, 11, 12, 13]
2026-08-20 21:09:07 | VIS/IR pairing: class-level-unpaired | count-mismatch classes train/val: 10/1 | AIS alignment: none | AIS rows train/val: 0/0
2026-08-20 21:09:08 | Model parameters: total=17277714 | trainable=17120210
2026-08-20 21:10:14 | Epoch 001/100 | loss 11.0444 | cls 5.7726 | tal 0.2286 | dual_g 5.2032 | dual_d 0.0000 | train_acc 0.0938 | train_full 0.2273 | val_acc 0.2162 | val_f1 0.0480 | grad(main/disc) 33.151/0.000 | lr(main/disc) 7.00e-05/3.50e-05 | 65.3s
2026-08-20 21:10:14 | New best val_f1_macro_present: 0.0480 at epoch 1
2026-08-20 21:11:21 | Epoch 002/100 | loss 9.4215 | cls 4.8892 | tal 0.2283 | dual_g 4.4639 | dual_d 0.0000 | train_acc 0.0875 | train_full 0.2727 | val_acc 0.2703 | val_f1 0.1232 | grad(main/disc) 28.058/0.000 | lr(main/disc) 7.00e-05/3.50e-05 | 67.1s
2026-08-20 21:11:21 | New best val_f1_macro_present: 0.1232 at epoch 2
2026-08-20 21:12:30 | Epoch 003/100 | loss 8.2566 | cls 4.2530 | tal 0.2785 | dual_g 3.9200 | dual_d 0.0000 | train_acc 0.1938 | train_full 0.2273 | val_acc 0.2162 | val_f1 0.2013 | grad(main/disc) 23.905/0.000 | lr(main/disc) 7.00e-05/3.50e-05 | 69.4s
2026-08-20 21:12:30 | New best val_f1_macro_present: 0.2013 at epoch 3
2026-08-20 21:13:35 | Epoch 004/100 | loss 7.6671 | cls 3.9169 | tal 0.3531 | dual_g 3.6442 | dual_d 0.0000 | train_acc 0.2875 | train_full 0.3409 | val_acc 0.3243 | val_f1 0.2915 | grad(main/disc) 22.095/0.000 | lr(main/disc) 7.00e-05/3.50e-05 | 64.8s
2026-08-20 21:13:35 | New best val_f1_macro_present: 0.2915 at epoch 4
2026-08-20 21:14:39 | Epoch 005/100 | loss 6.8859 | cls 3.5211 | tal 0.1410 | dual_g 3.3226 | dual_d 0.0000 | train_acc 0.4125 | train_full 0.5227 | val_acc 0.5135 | val_f1 0.4599 | grad(main/disc) 20.454/0.000 | lr(main/disc) 7.00e-05/3.50e-05 | 64.2s
2026-08-20 21:14:39 | New best val_f1_macro_present: 0.4599 at epoch 5
2026-08-20 21:15:44 | Epoch 006/100 | loss 6.7099 | cls 3.3216 | tal 0.2115 | dual_g 3.3249 | dual_d 0.9099 | train_acc 0.4500 | train_full 0.7424 | val_acc 0.7027 | val_f1 0.7616 | grad(main/disc) 21.019/2.158 | lr(main/disc) 7.00e-05/3.50e-05 | 65.0s
2026-08-20 21:15:44 | New best val_f1_macro_present: 0.7616 at epoch 6
2026-08-20 21:16:47 | Epoch 007/100 | loss 6.3010 | cls 3.2110 | tal 0.2458 | dual_g 3.0164 | dual_d 0.9285 | train_acc 0.4437 | train_full 0.6894 | val_acc 0.5946 | val_f1 0.6197 | grad(main/disc) 20.138/2.098 | lr(main/disc) 7.00e-05/3.50e-05 | 63.0s
2026-08-20 21:17:51 | Epoch 008/100 | loss 6.2877 | cls 3.1897 | tal 0.2571 | dual_g 3.0209 | dual_d 0.9858 | train_acc 0.4688 | train_full 0.7955 | val_acc 0.8378 | val_f1 0.8375 | grad(main/disc) 20.417/2.122 | lr(main/disc) 7.00e-05/3.50e-05 | 63.6s
2026-08-20 21:17:51 | New best val_f1_macro_present: 0.8375 at epoch 8
2026-08-20 21:18:56 | Epoch 009/100 | loss 5.7453 | cls 2.8861 | tal 0.2827 | dual_g 2.7743 | dual_d 0.8580 | train_acc 0.4875 | train_full 0.8333 | val_acc 0.7568 | val_f1 0.7569 | grad(main/disc) 18.039/1.899 | lr(main/disc) 7.00e-05/3.50e-05 | 64.8s
2026-08-20 21:20:00 | Epoch 010/100 | loss 5.4198 | cls 2.7905 | tal 0.1663 | dual_g 2.5794 | dual_d 0.9202 | train_acc 0.5563 | train_full 0.8788 | val_acc 0.8919 | val_f1 0.9026 | grad(main/disc) 17.631/1.952 | lr(main/disc) 7.00e-05/3.50e-05 | 64.6s
2026-08-20 21:20:00 | New best val_f1_macro_present: 0.9026 at epoch 10
2026-08-20 21:21:05 | Epoch 011/100 | loss 5.2813 | cls 2.6657 | tal 0.1877 | dual_g 2.5593 | dual_d 0.9313 | train_acc 0.5687 | train_full 0.8561 | val_acc 0.8919 | val_f1 0.8710 | grad(main/disc) 18.071/1.960 | lr(main/disc) 7.00e-05/3.50e-05 | 65.1s
2026-08-20 21:22:10 | Epoch 012/100 | loss 5.0190 | cls 2.4571 | tal 0.2026 | dual_g 2.5011 | dual_d 0.8993 | train_acc 0.6375 | train_full 0.8788 | val_acc 0.8378 | val_f1 0.8200 | grad(main/disc) 19.270/1.959 | lr(main/disc) 7.00e-05/3.50e-05 | 64.2s
2026-08-20 21:23:15 | Epoch 013/100 | loss 4.6630 | cls 2.2443 | tal 0.0766 | dual_g 2.3957 | dual_d 0.8782 | train_acc 0.7063 | train_full 0.9091 | val_acc 0.8919 | val_f1 0.9019 | grad(main/disc) 17.823/1.825 | lr(main/disc) 7.00e-05/3.50e-05 | 65.4s
2026-08-20 21:24:23 | Epoch 014/100 | loss 4.5539 | cls 2.2223 | tal 0.1312 | dual_g 2.2922 | dual_d 0.8443 | train_acc 0.7000 | train_full 0.9394 | val_acc 0.9459 | val_f1 0.9533 | grad(main/disc) 17.914/1.765 | lr(main/disc) 7.00e-05/3.50e-05 | 67.6s
2026-08-20 21:24:23 | New best val_f1_macro_present: 0.9533 at epoch 14
2026-08-20 21:25:25 | Epoch 015/100 | loss 4.5604 | cls 2.1704 | tal 0.1659 | dual_g 2.3402 | dual_d 0.8276 | train_acc 0.7063 | train_full 0.9470 | val_acc 0.9189 | val_f1 0.9335 | grad(main/disc) 17.525/1.675 | lr(main/disc) 7.00e-05/3.50e-05 | 62.6s
2026-08-20 21:26:55 | Epoch 016/100 | loss 4.4572 | cls 2.0958 | tal 0.1677 | dual_g 2.3111 | dual_d 0.9023 | train_acc 0.7375 | train_full 0.9242 | val_acc 0.9189 | val_f1 0.9335 | grad(main/disc) 20.272/1.801 | lr(main/disc) 7.00e-05/3.50e-05 | 89.9s
2026-08-20 21:28:52 | Epoch 017/100 | loss 4.4084 | cls 2.1998 | tal 0.1209 | dual_g 2.1724 | dual_d 0.9307 | train_acc 0.7937 | train_full 0.9091 | val_acc 0.9189 | val_f1 0.9088 | grad(main/disc) 17.362/1.873 | lr(main/disc) 7.00e-05/3.50e-05 | 116.6s
2026-08-20 21:30:45 | Epoch 018/100 | loss 4.1024 | cls 1.9689 | tal 0.0934 | dual_g 2.1054 | dual_d 0.8334 | train_acc 0.8562 | train_full 0.9318 | val_acc 0.9459 | val_f1 0.9558 | grad(main/disc) 15.994/1.688 | lr(main/disc) 7.00e-05/3.50e-05 | 112.9s
2026-08-20 21:30:45 | New best val_f1_macro_present: 0.9558 at epoch 18
2026-08-20 21:32:42 | Epoch 019/100 | loss 3.9184 | cls 1.9180 | tal 0.0298 | dual_g 1.9915 | dual_d 0.8517 | train_acc 0.8125 | train_full 0.9167 | val_acc 0.9730 | val_f1 0.9756 | grad(main/disc) 15.132/1.699 | lr(main/disc) 7.00e-05/3.50e-05 | 117.4s
2026-08-20 21:32:42 | New best val_f1_macro_present: 0.9756 at epoch 19
2026-08-20 21:34:35 | Epoch 020/100 | loss 3.9302 | cls 1.9033 | tal -0.0176 | dual_g 2.0322 | dual_d 0.7841 | train_acc 0.7937 | train_full 0.9470 | val_acc 0.9730 | val_f1 0.9683 | grad(main/disc) 16.183/1.588 | lr(main/disc) 7.00e-05/3.50e-05 | 113.2s
2026-08-20 21:36:28 | Epoch 021/100 | loss 3.7461 | cls 1.8362 | tal -0.0052 | dual_g 1.9115 | dual_d 0.8753 | train_acc 0.8688 | train_full 0.9848 | val_acc 0.9459 | val_f1 0.9485 | grad(main/disc) 16.073/1.618 | lr(main/disc) 7.00e-05/3.50e-05 | 113.3s
2026-08-20 21:38:25 | Epoch 022/100 | loss 3.6058 | cls 1.7174 | tal -0.0697 | dual_g 1.9093 | dual_d 0.8787 | train_acc 0.8938 | train_full 0.9773 | val_acc 0.8919 | val_f1 0.8880 | grad(main/disc) 14.047/1.708 | lr(main/disc) 7.00e-05/3.50e-05 | 116.5s
2026-08-20 21:40:21 | Epoch 023/100 | loss 3.6927 | cls 1.8034 | tal -0.0406 | dual_g 1.9015 | dual_d 0.7997 | train_acc 0.8500 | train_full 0.9697 | val_acc 0.9459 | val_f1 0.9558 | grad(main/disc) 15.798/1.596 | lr(main/disc) 7.00e-05/3.50e-05 | 115.7s
2026-08-20 21:42:12 | Epoch 024/100 | loss 3.5746 | cls 1.7432 | tal -0.0837 | dual_g 1.8566 | dual_d 0.9076 | train_acc 0.8812 | train_full 0.9924 | val_acc 0.9730 | val_f1 0.9683 | grad(main/disc) 14.738/1.701 | lr(main/disc) 7.00e-05/3.50e-05 | 111.5s
2026-08-20 21:44:08 | Epoch 025/100 | loss 3.5251 | cls 1.6916 | tal 0.0161 | dual_g 1.8286 | dual_d 0.9331 | train_acc 0.8812 | train_full 0.9545 | val_acc 0.9459 | val_f1 0.9533 | grad(main/disc) 13.269/1.655 | lr(main/disc) 7.00e-05/3.50e-05 | 116.1s
2026-08-20 21:46:07 | Epoch 026/100 | loss 3.4024 | cls 1.6483 | tal -0.0739 | dual_g 1.7763 | dual_d 0.9538 | train_acc 0.8812 | train_full 0.9848 | val_acc 0.9189 | val_f1 0.9335 | grad(main/disc) 13.223/1.621 | lr(main/disc) 3.50e-05/1.75e-05 | 118.8s
2026-08-20 21:48:01 | Epoch 027/100 | loss 3.5331 | cls 1.6676 | tal 0.0068 | dual_g 1.8634 | dual_d 0.8481 | train_acc 0.9500 | train_full 1.0000 | val_acc 0.9459 | val_f1 0.9578 | grad(main/disc) 14.519/1.535 | lr(main/disc) 3.50e-05/1.75e-05 | 113.9s
2026-08-20 21:49:57 | Epoch 028/100 | loss 3.3768 | cls 1.6050 | tal -0.0200 | dual_g 1.7778 | dual_d 0.9079 | train_acc 0.9313 | train_full 1.0000 | val_acc 0.9459 | val_f1 0.9578 | grad(main/disc) 13.358/1.559 | lr(main/disc) 3.50e-05/1.75e-05 | 115.8s
2026-08-20 21:49:57 | Early stopping at epoch 28 after 9 epochs without val_f1_macro_present improvement.
2026-08-20 21:49:57 | Training complete. Best validation accuracy: 0.9730 | best val_f1_macro_present: 0.9756
