2026-08-28 22:32:47 | Starting Dual_D standalone training
2026-08-28 22:32:47 | Run directory: runs/module_c_ablation_60_v6/module_c_20260828_191630/module_c_no_classification_feedback_黑天_20260828_222304
2026-08-28 22:32:47 | Device: cuda
2026-08-28 22:32:47 | Source train samples: 992
2026-08-28 22:32:47 | Target train samples: 465
2026-08-28 22:32:47 | Target val samples: 120
2026-08-28 22:32:47 | Classes: 14
2026-08-28 22:32:47 | Data audit: same_dir=False | path_overlap(vis/ir/ais)=0/0/0 | content_overlap(vis/ir/ais)=0/0/0 | ais_index_overlap=0 | stem_mismatch(vis-ir/vis-ais)=578/0
2026-08-28 22:32:47 | source_train classes: present 14/14 | absent 0 | counts [0:120, 1:44, 2:69, 3:45, 4:40, 5:30, 6:64, 7:80, 8:116, 9:68, 10:57, 11:83, 12:48, 13:128]
2026-08-28 22:32:47 | target_train classes: present 8/14 | absent 6 | counts [0:100, 2:11, 3:16, 6:89, 9:162, 10:12, 11:44, 13:31]
2026-08-28 22:32:47 | target_val classes: present 8/14 | absent 6 | counts [0:26, 2:3, 3:5, 6:23, 9:41, 10:3, 11:11, 13:8]
2026-08-28 22:32:47 | Paired training classes: 8/14 | class ids [0, 2, 3, 6, 9, 10, 11, 13]
2026-08-28 22:32:47 | Runtime profile: batch=92 | paired_steps=6 | workers=16 | train_eval_every=5 | raw_eval_every=5 | stability_window=1 | early_stop=15 after min_epoch=48
2026-08-28 22:32:47 | VIS/IR pairing: class-level-unpaired | count-mismatch classes train/val: 10/0 | AIS alignment: none | AIS rows train/val: 0/0
2026-08-28 22:32:48 | Effective Dual-D loss weights: {"adv_auxiliary": 0.035, "adv_primary": 0.035, "classification": 0.0, "contrastive": 0.04, "cycle": 0.32, "identity": 0.05, "prototype_contrastive": 0.06}
2026-08-28 22:32:48 | Model parameters: total=17277714 | trainable=17120210
2026-08-28 22:32:54 | Epoch 001/060 | loss 5.4145 | cls 5.3208 | tal 0.3124 | dual_g 0.0000 | dual_d 0.0000 | train_acc 0.0707 | train_full 0.1527 | val_acc 0.2083 | val_f1 0.1048 | adv/moduleC 0.00/0.00 | disc_steps 0 | grad(main/disc) 14.575/0.000 | lr(main/disc) 7.00e-05/3.50e-05 | cuda_peak(alloc/resv) 21.77/28.18GB | phase(train/val/raw/train_eval) 4.1/0.6/0.6/0.9s | 6.2s
2026-08-28 22:32:57 | New best val_f1_macro_present: raw=0.1048 stable_score=0.1048 at epoch 1
2026-08-28 22:33:01 | Epoch 002/060 | loss 4.2748 | cls 4.2314 | tal 0.1445 | dual_g 0.0000 | dual_d 0.0000 | train_acc 0.1612 | train_full n/a | val_acc 0.1417 | val_f1 0.0738 | adv/moduleC 0.00/0.00 | disc_steps 0 | grad(main/disc) 11.199/0.000 | lr(main/disc) 7.00e-05/3.50e-05 | cuda_peak(alloc/resv) 21.77/28.18GB | phase(train/val/raw/train_eval) 3.4/0.6/0.0/0.0s | 4.0s
2026-08-28 22:33:05 | Epoch 003/060 | loss 3.7276 | cls 3.7375 | tal -0.0329 | dual_g 0.0000 | dual_d 0.0000 | train_acc 0.2736 | train_full n/a | val_acc 0.1083 | val_f1 0.0698 | adv/moduleC 0.00/0.00 | disc_steps 0 | grad(main/disc) 9.691/0.000 | lr(main/disc) 7.00e-05/3.50e-05 | cuda_peak(alloc/resv) 21.77/28.18GB | phase(train/val/raw/train_eval) 3.6/0.6/0.0/0.0s | 4.2s
2026-08-28 22:33:10 | Epoch 004/060 | loss 3.2935 | cls 3.3125 | tal -0.0634 | dual_g 0.0000 | dual_d 0.0000 | train_acc 0.3841 | train_full n/a | val_acc 0.1667 | val_f1 0.1448 | adv/moduleC 0.00/0.00 | disc_steps 0 | grad(main/disc) 9.133/0.000 | lr(main/disc) 7.00e-05/3.50e-05 | cuda_peak(alloc/resv) 21.77/28.18GB | phase(train/val/raw/train_eval) 3.8/0.6/0.6/0.0s | 5.0s
2026-08-28 22:33:13 | New best val_f1_macro_present: raw=0.1448 stable_score=0.1448 at epoch 4
2026-08-28 22:33:18 | Epoch 005/060 | loss 2.9662 | cls 3.0061 | tal -0.1331 | dual_g 0.0000 | dual_d 0.0000 | train_acc 0.4547 | train_full 0.2645 | val_acc 0.2750 | val_f1 0.3785 | adv/moduleC 0.00/0.00 | disc_steps 0 | grad(main/disc) 8.381/0.000 | lr(main/disc) 7.00e-05/3.50e-05 | cuda_peak(alloc/resv) 21.77/28.18GB | phase(train/val/raw/train_eval) 3.4/0.6/0.6/0.9s | 5.5s
2026-08-28 22:33:21 | New best val_f1_macro_present: raw=0.3785 stable_score=0.3785 at epoch 5
2026-08-28 22:33:26 | Epoch 006/060 | loss 2.8218 | cls 2.8284 | tal -0.1344 | dual_g 0.0338 | dual_d 0.8391 | train_acc 0.5109 | train_full n/a | val_acc 0.3417 | val_f1 0.4831 | adv/moduleC 0.05/0.10 | disc_steps 3 | grad(main/disc) 8.507/1.528 | lr(main/disc) 7.00e-05/3.50e-05 | cuda_peak(alloc/resv) 21.77/28.18GB | phase(train/val/raw/train_eval) 4.1/0.6/0.6/0.0s | 5.3s
2026-08-28 22:33:29 | New best val_f1_macro_present: raw=0.4831 stable_score=0.4831 at epoch 6
2026-08-28 22:33:34 | Epoch 007/060 | loss 2.6093 | cls 2.5840 | tal -0.1328 | dual_g 0.0652 | dual_d 0.8198 | train_acc 0.5761 | train_full n/a | val_acc 0.3833 | val_f1 0.5211 | adv/moduleC 0.10/0.20 | disc_steps 3 | grad(main/disc) 7.985/1.487 | lr(main/disc) 7.00e-05/3.50e-05 | cuda_peak(alloc/resv) 21.77/28.18GB | phase(train/val/raw/train_eval) 3.7/0.6/0.6/0.0s | 4.9s
2026-08-28 22:33:37 | New best val_f1_macro_present: raw=0.5211 stable_score=0.5211 at epoch 7
2026-08-28 22:33:42 | Epoch 008/060 | loss 2.4731 | cls 2.4223 | tal -0.1417 | dual_g 0.0933 | dual_d 0.7935 | train_acc 0.6105 | train_full n/a | val_acc 0.6167 | val_f1 0.6748 | adv/moduleC 0.15/0.30 | disc_steps 3 | grad(main/disc) 8.306/1.426 | lr(main/disc) 7.00e-05/3.50e-05 | cuda_peak(alloc/resv) 21.77/28.18GB | phase(train/val/raw/train_eval) 3.8/0.6/0.6/0.0s | 5.0s
2026-08-28 22:33:45 | New best val_f1_macro_present: raw=0.6748 stable_score=0.6748 at epoch 8
2026-08-28 22:33:49 | Epoch 009/060 | loss 2.3905 | cls 2.3043 | tal -0.1102 | dual_g 0.1192 | dual_d 0.8592 | train_acc 0.6703 | train_full n/a | val_acc 0.6417 | val_f1 0.6751 | adv/moduleC 0.20/0.40 | disc_steps 3 | grad(main/disc) 8.026/1.492 | lr(main/disc) 7.00e-05/3.50e-05 | cuda_peak(alloc/resv) 21.77/28.18GB | phase(train/val/raw/train_eval) 3.4/0.6/0.0/0.0s | 4.0s
2026-08-28 22:33:55 | Epoch 010/060 | loss 2.3257 | cls 2.1954 | tal -0.0462 | dual_g 0.1441 | dual_d 0.8974 | train_acc 0.6993 | train_full 0.6086 | val_acc 0.6167 | val_f1 0.6306 | adv/moduleC 0.25/0.50 | disc_steps 3 | grad(main/disc) 7.774/1.566 | lr(main/disc) 7.00e-05/3.50e-05 | cuda_peak(alloc/resv) 21.77/28.18GB | phase(train/val/raw/train_eval) 3.9/0.6/0.6/0.9s | 6.0s
2026-08-28 22:33:59 | Epoch 011/060 | loss 2.2649 | cls 2.1071 | tal -0.0303 | dual_g 0.1669 | dual_d 0.8952 | train_acc 0.7246 | train_full n/a | val_acc 0.6750 | val_f1 0.6728 | adv/moduleC 0.30/0.60 | disc_steps 3 | grad(main/disc) 7.937/1.522 | lr(main/disc) 7.00e-05/3.50e-05 | cuda_peak(alloc/resv) 21.77/28.18GB | phase(train/val/raw/train_eval) 3.7/0.6/0.0/0.0s | 4.3s
2026-08-28 22:34:05 | Epoch 012/060 | loss 2.1365 | cls 1.9609 | tal -0.0404 | dual_g 0.1877 | dual_d 0.8801 | train_acc 0.7627 | train_full n/a | val_acc 0.7500 | val_f1 0.7500 | adv/moduleC 0.35/0.70 | disc_steps 3 | grad(main/disc) 7.054/1.447 | lr(main/disc) 7.00e-05/3.50e-05 | cuda_peak(alloc/resv) 21.77/28.18GB | phase(train/val/raw/train_eval) 4.0/0.6/0.6/0.0s | 5.3s
2026-08-28 22:34:08 | New best val_f1_macro_present: raw=0.7500 stable_score=0.7500 at epoch 12
2026-08-28 22:34:12 | Epoch 013/060 | loss 2.0668 | cls 1.8760 | tal -0.0535 | dual_g 0.2069 | dual_d 0.8909 | train_acc 0.8116 | train_full n/a | val_acc 0.7500 | val_f1 0.7429 | adv/moduleC 0.40/0.80 | disc_steps 3 | grad(main/disc) 7.199/1.454 | lr(main/disc) 7.00e-05/3.50e-05 | cuda_peak(alloc/resv) 21.77/28.18GB | phase(train/val/raw/train_eval) 3.5/0.6/0.0/0.0s | 4.1s
2026-08-28 22:34:16 | Epoch 014/060 | loss 2.0148 | cls 1.8046 | tal -0.0503 | dual_g 0.2253 | dual_d 0.8599 | train_acc 0.8225 | train_full n/a | val_acc 0.7750 | val_f1 0.7517 | adv/moduleC 0.45/0.90 | disc_steps 3 | grad(main/disc) 6.516/1.351 | lr(main/disc) 7.00e-05/3.50e-05 | cuda_peak(alloc/resv) 21.77/28.18GB | phase(train/val/raw/train_eval) 3.4/0.6/0.6/0.0s | 4.6s
2026-08-28 22:34:19 | New best val_f1_macro_present: raw=0.7517 stable_score=0.7517 at epoch 14
2026-08-28 22:34:25 | Epoch 015/060 | loss 2.0444 | cls 1.8143 | tal -0.0427 | dual_g 0.2429 | dual_d 0.8738 | train_acc 0.8080 | train_full 0.8323 | val_acc 0.8250 | val_f1 0.8120 | adv/moduleC 0.50/1.00 | disc_steps 3 | grad(main/disc) 6.937/1.402 | lr(main/disc) 7.00e-05/3.50e-05 | cuda_peak(alloc/resv) 21.77/28.18GB | phase(train/val/raw/train_eval) 3.7/0.6/0.6/0.9s | 5.8s
2026-08-28 22:34:28 | New best val_f1_macro_present: raw=0.8120 stable_score=0.8120 at epoch 15
2026-08-28 22:34:33 | Epoch 016/060 | loss 1.9659 | cls 1.7392 | tal -0.0404 | dual_g 0.2388 | dual_d 0.9135 | train_acc 0.8370 | train_full n/a | val_acc 0.8667 | val_f1 0.8603 | adv/moduleC 0.55/1.00 | disc_steps 3 | grad(main/disc) 6.629/1.431 | lr(main/disc) 7.00e-05/3.50e-05 | cuda_peak(alloc/resv) 21.77/28.18GB | phase(train/val/raw/train_eval) 3.6/0.6/0.6/0.0s | 4.9s
2026-08-28 22:34:36 | New best val_f1_macro_present: raw=0.8603 stable_score=0.8603 at epoch 16
2026-08-28 22:34:41 | Epoch 017/060 | loss 1.9164 | cls 1.7030 | tal -0.0724 | dual_g 0.2351 | dual_d 0.8727 | train_acc 0.8460 | train_full n/a | val_acc 0.9000 | val_f1 0.8779 | adv/moduleC 0.60/1.00 | disc_steps 3 | grad(main/disc) 6.765/1.359 | lr(main/disc) 7.00e-05/3.50e-05 | cuda_peak(alloc/resv) 21.77/28.18GB | phase(train/val/raw/train_eval) 3.5/0.6/0.6/0.0s | 4.8s
2026-08-28 22:34:43 | New best val_f1_macro_present: raw=0.8779 stable_score=0.8779 at epoch 17
2026-08-28 22:34:48 | Epoch 018/060 | loss 1.8240 | cls 1.6059 | tal -0.0394 | dual_g 0.2298 | dual_d 0.8858 | train_acc 0.8804 | train_full n/a | val_acc 0.8667 | val_f1 0.8602 | adv/moduleC 0.65/1.00 | disc_steps 3 | grad(main/disc) 5.709/1.356 | lr(main/disc) 7.00e-05/3.50e-05 | cuda_peak(alloc/resv) 21.77/28.18GB | phase(train/val/raw/train_eval) 3.5/0.6/0.0/0.0s | 4.1s
2026-08-28 22:34:52 | Epoch 019/060 | loss 1.7794 | cls 1.5692 | tal -0.0460 | dual_g 0.2241 | dual_d 0.9100 | train_acc 0.8841 | train_full n/a | val_acc 0.8250 | val_f1 0.8293 | adv/moduleC 0.70/1.00 | disc_steps 3 | grad(main/disc) 5.599/1.369 | lr(main/disc) 7.00e-05/3.50e-05 | cuda_peak(alloc/resv) 21.77/28.18GB | phase(train/val/raw/train_eval) 3.6/0.6/0.0/0.0s | 4.2s
2026-08-28 22:34:57 | Epoch 020/060 | loss 1.7480 | cls 1.5414 | tal -0.0478 | dual_g 0.2208 | dual_d 0.9282 | train_acc 0.9203 | train_full 0.8817 | val_acc 0.8583 | val_f1 0.8426 | adv/moduleC 0.75/1.00 | disc_steps 3 | grad(main/disc) 5.501/1.369 | lr(main/disc) 7.00e-05/3.50e-05 | cuda_peak(alloc/resv) 21.77/28.18GB | phase(train/val/raw/train_eval) 3.5/0.6/0.6/0.9s | 5.6s
2026-08-28 22:35:01 | Epoch 021/060 | loss 1.7118 | cls 1.5269 | tal -0.1160 | dual_g 0.2197 | dual_d 0.9240 | train_acc 0.9384 | train_full n/a | val_acc 0.8833 | val_f1 0.8578 | adv/moduleC 0.80/1.00 | disc_steps 3 | grad(main/disc) 5.886/1.379 | lr(main/disc) 7.00e-05/3.50e-05 | cuda_peak(alloc/resv) 21.77/28.18GB | phase(train/val/raw/train_eval) 3.5/0.6/0.0/0.0s | 4.1s
2026-08-28 22:35:06 | Epoch 022/060 | loss 1.6898 | cls 1.5070 | tal -0.1186 | dual_g 0.2183 | dual_d 0.9173 | train_acc 0.9366 | train_full n/a | val_acc 0.9000 | val_f1 0.9076 | adv/moduleC 0.85/1.00 | disc_steps 3 | grad(main/disc) 5.266/1.364 | lr(main/disc) 7.00e-05/3.50e-05 | cuda_peak(alloc/resv) 21.77/28.18GB | phase(train/val/raw/train_eval) 3.6/0.6/0.6/0.0s | 4.8s
2026-08-28 22:35:09 | New best val_f1_macro_present: raw=0.9076 stable_score=0.9076 at epoch 22
2026-08-28 22:35:13 | Epoch 023/060 | loss 1.6732 | cls 1.4897 | tal -0.1059 | dual_g 0.2153 | dual_d 0.9852 | train_acc 0.9312 | train_full n/a | val_acc 0.8750 | val_f1 0.8523 | adv/moduleC 0.90/1.00 | disc_steps 3 | grad(main/disc) 5.581/1.430 | lr(main/disc) 7.00e-05/3.50e-05 | cuda_peak(alloc/resv) 21.77/28.18GB | phase(train/val/raw/train_eval) 3.7/0.6/0.0/0.0s | 4.3s
2026-08-28 22:35:17 | Epoch 024/060 | loss 1.6457 | cls 1.4757 | tal -0.1317 | dual_g 0.2096 | dual_d 1.0060 | train_acc 0.9348 | train_full n/a | val_acc 0.9000 | val_f1 0.8678 | adv/moduleC 0.95/1.00 | disc_steps 3 | grad(main/disc) 5.152/1.449 | lr(main/disc) 7.00e-05/3.50e-05 | cuda_peak(alloc/resv) 21.77/28.18GB | phase(train/val/raw/train_eval) 3.4/0.6/0.0/0.0s | 4.0s
2026-08-28 22:35:23 | Epoch 025/060 | loss 1.6416 | cls 1.4650 | tal -0.1165 | dual_g 0.2115 | dual_d 1.0072 | train_acc 0.9420 | train_full 0.9398 | val_acc 0.8917 | val_f1 0.8771 | adv/moduleC 1.00/1.00 | disc_steps 3 | grad(main/disc) 4.938/1.450 | lr(main/disc) 7.00e-05/3.50e-05 | cuda_peak(alloc/resv) 21.77/28.18GB | phase(train/val/raw/train_eval) 3.8/0.6/0.6/0.8s | 5.8s
2026-08-28 22:35:27 | Epoch 026/060 | loss 1.6189 | cls 1.4487 | tal -0.1280 | dual_g 0.2086 | dual_d 0.9755 | train_acc 0.9221 | train_full n/a | val_acc 0.9083 | val_f1 0.8934 | adv/moduleC 1.00/1.00 | disc_steps 3 | grad(main/disc) 4.994/1.389 | lr(main/disc) 7.00e-05/3.50e-05 | cuda_peak(alloc/resv) 21.77/28.18GB | phase(train/val/raw/train_eval) 3.5/0.6/0.0/0.0s | 4.1s
2026-08-28 22:35:32 | Epoch 027/060 | loss 1.5659 | cls 1.4040 | tal -0.1476 | dual_g 0.2062 | dual_d 1.0568 | train_acc 0.9438 | train_full n/a | val_acc 0.9333 | val_f1 0.9244 | adv/moduleC 1.00/1.00 | disc_steps 3 | grad(main/disc) 5.114/1.496 | lr(main/disc) 7.00e-05/3.50e-05 | cuda_peak(alloc/resv) 21.77/28.18GB | phase(train/val/raw/train_eval) 3.9/0.6/0.6/0.0s | 5.1s
2026-08-28 22:35:35 | New best val_f1_macro_present: raw=0.9244 stable_score=0.9244 at epoch 27
2026-08-28 22:35:39 | Epoch 028/060 | loss 1.5589 | cls 1.4041 | tal -0.1542 | dual_g 0.2011 | dual_d 0.9972 | train_acc 0.9674 | train_full n/a | val_acc 0.9083 | val_f1 0.8835 | adv/moduleC 1.00/1.00 | disc_steps 3 | grad(main/disc) 4.350/1.430 | lr(main/disc) 7.00e-05/3.50e-05 | cuda_peak(alloc/resv) 21.77/28.18GB | phase(train/val/raw/train_eval) 3.4/0.6/0.0/0.0s | 4.0s
2026-08-28 22:35:43 | Epoch 029/060 | loss 1.5422 | cls 1.3961 | tal -0.1659 | dual_g 0.1959 | dual_d 1.0274 | train_acc 0.9674 | train_full n/a | val_acc 0.8667 | val_f1 0.8476 | adv/moduleC 1.00/1.00 | disc_steps 3 | grad(main/disc) 4.141/1.419 | lr(main/disc) 7.00e-05/3.50e-05 | cuda_peak(alloc/resv) 21.77/28.18GB | phase(train/val/raw/train_eval) 3.5/0.6/0.0/0.0s | 4.1s
2026-08-28 22:35:49 | Epoch 030/060 | loss 1.5387 | cls 1.4045 | tal -0.1912 | dual_g 0.1916 | dual_d 1.0584 | train_acc 0.9656 | train_full 0.9398 | val_acc 0.9000 | val_f1 0.8916 | adv/moduleC 1.00/1.00 | disc_steps 3 | grad(main/disc) 5.401/1.405 | lr(main/disc) 7.00e-05/3.50e-05 | cuda_peak(alloc/resv) 21.77/28.18GB | phase(train/val/raw/train_eval) 3.5/0.6/0.6/0.9s | 5.6s
2026-08-28 22:35:53 | Epoch 031/060 | loss 1.5139 | cls 1.3667 | tal -0.1371 | dual_g 0.1884 | dual_d 1.0493 | train_acc 0.9746 | train_full n/a | val_acc 0.8750 | val_f1 0.8494 | adv/moduleC 1.00/1.00 | disc_steps 3 | grad(main/disc) 4.281/1.403 | lr(main/disc) 7.00e-05/3.50e-05 | cuda_peak(alloc/resv) 21.77/28.18GB | phase(train/val/raw/train_eval) 3.7/0.6/0.0/0.0s | 4.3s
2026-08-28 22:35:58 | Epoch 032/060 | loss 1.5221 | cls 1.3682 | tal -0.1073 | dual_g 0.1861 | dual_d 1.0327 | train_acc 0.9710 | train_full n/a | val_acc 0.9417 | val_f1 0.9305 | adv/moduleC 1.00/1.00 | disc_steps 3 | grad(main/disc) 4.256/1.387 | lr(main/disc) 7.00e-05/3.50e-05 | cuda_peak(alloc/resv) 21.77/28.18GB | phase(train/val/raw/train_eval) 3.8/0.6/0.6/0.0s | 5.0s
2026-08-28 22:36:01 | New best val_f1_macro_present: raw=0.9305 stable_score=0.9305 at epoch 32
2026-08-28 22:36:06 | Epoch 033/060 | loss 1.4975 | cls 1.3459 | tal -0.0966 | dual_g 0.1806 | dual_d 1.0409 | train_acc 0.9783 | train_full n/a | val_acc 0.8917 | val_f1 0.8732 | adv/moduleC 1.00/1.00 | disc_steps 3 | grad(main/disc) 3.412/1.398 | lr(main/disc) 7.00e-05/3.50e-05 | cuda_peak(alloc/resv) 21.77/28.18GB | phase(train/val/raw/train_eval) 3.6/0.6/0.0/0.0s | 4.2s
2026-08-28 22:36:10 | Epoch 034/060 | loss 1.4909 | cls 1.3425 | tal -0.1004 | dual_g 0.1784 | dual_d 1.0601 | train_acc 0.9764 | train_full n/a | val_acc 0.9250 | val_f1 0.8981 | adv/moduleC 1.00/1.00 | disc_steps 3 | grad(main/disc) 3.769/1.435 | lr(main/disc) 7.00e-05/3.50e-05 | cuda_peak(alloc/resv) 21.77/28.18GB | phase(train/val/raw/train_eval) 3.5/0.6/0.0/0.0s | 4.1s
2026-08-28 22:36:15 | Epoch 035/060 | loss 1.4764 | cls 1.3347 | tal -0.1097 | dual_g 0.1746 | dual_d 1.0743 | train_acc 0.9801 | train_full 0.9355 | val_acc 0.9083 | val_f1 0.8818 | adv/moduleC 1.00/1.00 | disc_steps 3 | grad(main/disc) 3.544/1.360 | lr(main/disc) 7.00e-05/3.50e-05 | cuda_peak(alloc/resv) 21.77/28.18GB | phase(train/val/raw/train_eval) 3.7/0.6/0.6/0.8s | 5.7s
2026-08-28 22:36:19 | Epoch 036/060 | loss 1.4401 | cls 1.3158 | tal -0.1522 | dual_g 0.1699 | dual_d 1.0687 | train_acc 0.9855 | train_full n/a | val_acc 0.9250 | val_f1 0.8953 | adv/moduleC 1.00/1.00 | disc_steps 3 | grad(main/disc) 3.082/1.397 | lr(main/disc) 7.00e-05/3.50e-05 | cuda_peak(alloc/resv) 21.77/28.18GB | phase(train/val/raw/train_eval) 3.3/0.6/0.0/0.0s | 3.9s
2026-08-28 22:36:23 | Epoch 037/060 | loss 1.4406 | cls 1.3205 | tal -0.1642 | dual_g 0.1694 | dual_d 1.0331 | train_acc 0.9837 | train_full n/a | val_acc 0.9250 | val_f1 0.9202 | adv/moduleC 1.00/1.00 | disc_steps 3 | grad(main/disc) 3.451/1.347 | lr(main/disc) 7.00e-05/3.50e-05 | cuda_peak(alloc/resv) 21.77/28.18GB | phase(train/val/raw/train_eval) 3.4/0.6/0.0/0.0s | 4.0s
2026-08-28 22:36:28 | Epoch 038/060 | loss 1.4486 | cls 1.3154 | tal -0.1086 | dual_g 0.1658 | dual_d 1.0516 | train_acc 0.9873 | train_full n/a | val_acc 0.8583 | val_f1 0.8783 | adv/moduleC 1.00/1.00 | disc_steps 3 | grad(main/disc) 2.885/1.389 | lr(main/disc) 7.00e-05/3.50e-05 | cuda_peak(alloc/resv) 21.77/28.18GB | phase(train/val/raw/train_eval) 3.7/0.6/0.0/0.0s | 4.3s
2026-08-28 22:36:32 | Epoch 039/060 | loss 1.4319 | cls 1.3128 | tal -0.1399 | dual_g 0.1611 | dual_d 1.0697 | train_acc 0.9909 | train_full n/a | val_acc 0.8750 | val_f1 0.8891 | adv/moduleC 1.00/1.00 | disc_steps 3 | grad(main/disc) 3.383/1.372 | lr(main/disc) 3.50e-05/1.75e-05 | cuda_peak(alloc/resv) 21.77/28.18GB | phase(train/val/raw/train_eval) 3.6/0.6/0.0/0.0s | 4.2s
2026-08-28 22:36:37 | Epoch 040/060 | loss 1.4286 | cls 1.3230 | tal -0.1752 | dual_g 0.1582 | dual_d 1.0702 | train_acc 0.9728 | train_full 0.9484 | val_acc 0.9000 | val_f1 0.8784 | adv/moduleC 1.00/1.00 | disc_steps 3 | grad(main/disc) 3.342/1.349 | lr(main/disc) 3.50e-05/1.75e-05 | cuda_peak(alloc/resv) 21.77/28.18GB | phase(train/val/raw/train_eval) 3.5/0.6/0.6/0.9s | 5.6s
2026-08-28 22:36:41 | Epoch 041/060 | loss 1.4036 | cls 1.2891 | tal -0.1512 | dual_g 0.1598 | dual_d 1.0598 | train_acc 0.9891 | train_full n/a | val_acc 0.9083 | val_f1 0.8814 | adv/moduleC 1.00/1.00 | disc_steps 3 | grad(main/disc) 2.777/1.317 | lr(main/disc) 3.50e-05/1.75e-05 | cuda_peak(alloc/resv) 21.77/28.18GB | phase(train/val/raw/train_eval) 3.3/0.6/0.0/0.0s | 3.9s
2026-08-28 22:36:46 | Epoch 042/060 | loss 1.3897 | cls 1.2892 | tal -0.1868 | dual_g 0.1566 | dual_d 1.0405 | train_acc 0.9909 | train_full n/a | val_acc 0.9333 | val_f1 0.9117 | adv/moduleC 1.00/1.00 | disc_steps 3 | grad(main/disc) 2.346/1.339 | lr(main/disc) 3.50e-05/1.75e-05 | cuda_peak(alloc/resv) 21.77/28.18GB | phase(train/val/raw/train_eval) 3.9/0.6/0.0/0.0s | 4.5s
2026-08-28 22:36:50 | Epoch 043/060 | loss 1.4052 | cls 1.2973 | tal -0.1565 | dual_g 0.1549 | dual_d 1.0850 | train_acc 0.9873 | train_full n/a | val_acc 0.9333 | val_f1 0.9255 | adv/moduleC 1.00/1.00 | disc_steps 3 | grad(main/disc) 2.845/1.360 | lr(main/disc) 3.50e-05/1.75e-05 | cuda_peak(alloc/resv) 21.77/28.18GB | phase(train/val/raw/train_eval) 3.5/0.6/0.0/0.0s | 4.2s
2026-08-28 22:36:55 | Epoch 044/060 | loss 1.3941 | cls 1.2888 | tal -0.1591 | dual_g 0.1530 | dual_d 1.0705 | train_acc 0.9928 | train_full n/a | val_acc 0.9417 | val_f1 0.9316 | adv/moduleC 1.00/1.00 | disc_steps 3 | grad(main/disc) 2.726/1.360 | lr(main/disc) 3.50e-05/1.75e-05 | cuda_peak(alloc/resv) 21.77/28.18GB | phase(train/val/raw/train_eval) 3.8/0.6/0.6/0.0s | 5.0s
2026-08-28 22:36:58 | New best val_f1_macro_present: raw=0.9316 stable_score=0.9316 at epoch 44
2026-08-28 22:37:04 | Epoch 045/060 | loss 1.3959 | cls 1.2940 | tal -0.1682 | dual_g 0.1523 | dual_d 1.1029 | train_acc 0.9891 | train_full 0.9656 | val_acc 0.9333 | val_f1 0.9106 | adv/moduleC 1.00/1.00 | disc_steps 3 | grad(main/disc) 2.666/1.340 | lr(main/disc) 3.50e-05/1.75e-05 | cuda_peak(alloc/resv) 21.77/28.18GB | phase(train/val/raw/train_eval) 3.6/0.6/0.6/0.8s | 5.7s
2026-08-28 22:37:08 | Epoch 046/060 | loss 1.3940 | cls 1.2962 | tal -0.1760 | dual_g 0.1506 | dual_d 1.0471 | train_acc 0.9891 | train_full n/a | val_acc 0.9333 | val_f1 0.9347 | adv/moduleC 1.00/1.00 | disc_steps 3 | grad(main/disc) 3.131/1.304 | lr(main/disc) 3.50e-05/1.75e-05 | cuda_peak(alloc/resv) 21.77/28.18GB | phase(train/val/raw/train_eval) 3.5/0.6/0.6/0.0s | 4.7s
2026-08-28 22:37:11 | New best val_f1_macro_present: raw=0.9347 stable_score=0.9347 at epoch 46
2026-08-28 22:37:15 | Epoch 047/060 | loss 1.3924 | cls 1.2891 | tal -0.1561 | dual_g 0.1502 | dual_d 1.0505 | train_acc 0.9909 | train_full n/a | val_acc 0.9333 | val_f1 0.9172 | adv/moduleC 1.00/1.00 | disc_steps 3 | grad(main/disc) 2.681/1.320 | lr(main/disc) 3.50e-05/1.75e-05 | cuda_peak(alloc/resv) 21.77/28.18GB | phase(train/val/raw/train_eval) 3.2/0.6/0.0/0.0s | 3.8s
2026-08-28 22:37:19 | Epoch 048/060 | loss 1.4057 | cls 1.2968 | tal -0.1349 | dual_g 0.1494 | dual_d 1.1126 | train_acc 0.9855 | train_full n/a | val_acc 0.9417 | val_f1 0.9223 | adv/moduleC 1.00/1.00 | disc_steps 3 | grad(main/disc) 2.721/1.370 | lr(main/disc) 3.50e-05/1.75e-05 | cuda_peak(alloc/resv) 21.77/28.18GB | phase(train/val/raw/train_eval) 3.3/0.6/0.0/0.0s | 3.9s
2026-08-28 22:37:24 | Epoch 049/060 | loss 1.4010 | cls 1.3035 | tal -0.1642 | dual_g 0.1467 | dual_d 1.0535 | train_acc 0.9855 | train_full n/a | val_acc 0.9500 | val_f1 0.9455 | adv/moduleC 1.00/1.00 | disc_steps 3 | grad(main/disc) 2.596/1.272 | lr(main/disc) 3.50e-05/1.75e-05 | cuda_peak(alloc/resv) 21.77/28.18GB | phase(train/val/raw/train_eval) 3.8/0.6/0.6/0.0s | 5.1s
2026-08-28 22:37:27 | New best val_f1_macro_present: raw=0.9455 stable_score=0.9455 at epoch 49
2026-08-28 22:37:32 | Epoch 050/060 | loss 1.3708 | cls 1.2793 | tal -0.1835 | dual_g 0.1465 | dual_d 1.0677 | train_acc 0.9891 | train_full 0.9656 | val_acc 0.9083 | val_f1 0.9166 | adv/moduleC 1.00/1.00 | disc_steps 3 | grad(main/disc) 2.244/1.332 | lr(main/disc) 3.50e-05/1.75e-05 | cuda_peak(alloc/resv) 21.77/28.18GB | phase(train/val/raw/train_eval) 3.4/0.6/0.6/0.9s | 5.5s
2026-08-28 22:37:36 | Epoch 051/060 | loss 1.3673 | cls 1.2764 | tal -0.1837 | dual_g 0.1460 | dual_d 1.0543 | train_acc 0.9964 | train_full n/a | val_acc 0.9083 | val_f1 0.9165 | adv/moduleC 1.00/1.00 | disc_steps 3 | grad(main/disc) 2.345/1.312 | lr(main/disc) 3.50e-05/1.75e-05 | cuda_peak(alloc/resv) 21.77/28.18GB | phase(train/val/raw/train_eval) 3.4/0.6/0.0/0.0s | 4.0s
2026-08-28 22:37:41 | Epoch 052/060 | loss 1.3881 | cls 1.2908 | tal -0.1653 | dual_g 0.1470 | dual_d 1.0609 | train_acc 0.9873 | train_full n/a | val_acc 0.8917 | val_f1 0.8972 | adv/moduleC 1.00/1.00 | disc_steps 3 | grad(main/disc) 2.659/1.314 | lr(main/disc) 3.50e-05/1.75e-05 | cuda_peak(alloc/resv) 21.77/28.18GB | phase(train/val/raw/train_eval) 4.0/0.6/0.0/0.0s | 4.6s
2026-08-28 22:37:45 | Epoch 053/060 | loss 1.3689 | cls 1.2817 | tal -0.1920 | dual_g 0.1448 | dual_d 1.0304 | train_acc 0.9909 | train_full n/a | val_acc 0.9167 | val_f1 0.9115 | adv/moduleC 1.00/1.00 | disc_steps 3 | grad(main/disc) 2.557/1.294 | lr(main/disc) 3.50e-05/1.75e-05 | cuda_peak(alloc/resv) 21.77/28.18GB | phase(train/val/raw/train_eval) 3.6/0.6/0.0/0.0s | 4.2s
2026-08-28 22:37:49 | Epoch 054/060 | loss 1.3645 | cls 1.2806 | tal -0.1991 | dual_g 0.1436 | dual_d 1.0569 | train_acc 0.9928 | train_full n/a | val_acc 0.9000 | val_f1 0.8911 | adv/moduleC 1.00/1.00 | disc_steps 3 | grad(main/disc) 2.752/1.308 | lr(main/disc) 3.50e-05/1.75e-05 | cuda_peak(alloc/resv) 21.77/28.18GB | phase(train/val/raw/train_eval) 3.3/0.6/0.0/0.0s | 3.9s
2026-08-28 22:37:55 | Epoch 055/060 | loss 1.3770 | cls 1.2910 | tal -0.1943 | dual_g 0.1443 | dual_d 1.1052 | train_acc 0.9909 | train_full 0.9505 | val_acc 0.9167 | val_f1 0.9247 | adv/moduleC 1.00/1.00 | disc_steps 3 | grad(main/disc) 2.723/1.349 | lr(main/disc) 3.50e-05/1.75e-05 | cuda_peak(alloc/resv) 21.77/28.18GB | phase(train/val/raw/train_eval) 3.5/0.6/0.6/0.9s | 5.5s
2026-08-28 22:37:59 | Epoch 056/060 | loss 1.3634 | cls 1.2787 | tal -0.1902 | dual_g 0.1418 | dual_d 1.0553 | train_acc 0.9891 | train_full n/a | val_acc 0.9500 | val_f1 0.9455 | adv/moduleC 1.00/1.00 | disc_steps 3 | grad(main/disc) 2.635/1.322 | lr(main/disc) 1.75e-05/8.75e-06 | cuda_peak(alloc/resv) 21.77/28.18GB | phase(train/val/raw/train_eval) 3.7/0.6/0.0/0.0s | 4.3s
2026-08-28 22:38:03 | Epoch 057/060 | loss 1.3798 | cls 1.2808 | tal -0.1386 | dual_g 0.1406 | dual_d 1.0422 | train_acc 0.9891 | train_full n/a | val_acc 0.9500 | val_f1 0.9266 | adv/moduleC 1.00/1.00 | disc_steps 3 | grad(main/disc) 2.458/1.258 | lr(main/disc) 1.75e-05/8.75e-06 | cuda_peak(alloc/resv) 21.77/28.18GB | phase(train/val/raw/train_eval) 3.3/0.6/0.0/0.0s | 4.0s
2026-08-28 22:38:07 | Epoch 058/060 | loss 1.3572 | cls 1.2645 | tal -0.1532 | dual_g 0.1387 | dual_d 1.0536 | train_acc 0.9982 | train_full n/a | val_acc 0.9500 | val_f1 0.9341 | adv/moduleC 1.00/1.00 | disc_steps 3 | grad(main/disc) 2.202/1.304 | lr(main/disc) 1.75e-05/8.75e-06 | cuda_peak(alloc/resv) 21.77/28.18GB | phase(train/val/raw/train_eval) 3.5/0.6/0.0/0.0s | 4.1s
2026-08-28 22:38:11 | Epoch 059/060 | loss 1.3563 | cls 1.2656 | tal -0.1569 | dual_g 0.1378 | dual_d 1.0628 | train_acc 0.9909 | train_full n/a | val_acc 0.9417 | val_f1 0.9369 | adv/moduleC 1.00/1.00 | disc_steps 3 | grad(main/disc) 2.050/1.276 | lr(main/disc) 1.75e-05/8.75e-06 | cuda_peak(alloc/resv) 21.77/28.18GB | phase(train/val/raw/train_eval) 3.9/0.6/0.0/0.0s | 4.5s
2026-08-28 22:38:17 | Epoch 060/060 | loss 1.3520 | cls 1.2768 | tal -0.2108 | dual_g 0.1384 | dual_d 1.0875 | train_acc 0.9909 | train_full 0.9634 | val_acc 0.9417 | val_f1 0.9369 | adv/moduleC 1.00/1.00 | disc_steps 3 | grad(main/disc) 2.228/1.259 | lr(main/disc) 1.75e-05/8.75e-06 | cuda_peak(alloc/resv) 21.77/28.18GB | phase(train/val/raw/train_eval) 3.3/0.6/0.6/0.9s | 5.4s
2026-08-28 22:38:17 | Training complete. Peak validation accuracy: 0.9500 | selected val_f1_macro_present: 0.9455
