2026-08-27 16:20:11 | Starting Dual_D standalone training
2026-08-27 16:20:11 | Run directory: runs/module_c_ablation_60_v5/module_c_20260827_121947/module_c_no_prototype_contrastive_雨天_20260827_153323
2026-08-27 16:20:11 | Device: cuda
2026-08-27 16:20:11 | Source train samples: 992
2026-08-27 16:20:11 | Target train samples: 96
2026-08-27 16:20:11 | Target val samples: 26
2026-08-27 16:20:11 | Classes: 14
2026-08-27 16:20:11 | Data audit: same_dir=False | path_overlap(vis/ir/ais)=0/0/0 | content_overlap(vis/ir/ais)=0/0/0 | ais_index_overlap=0 | stem_mismatch(vis-ir/vis-ais)=117/0
2026-08-27 16:20:11 | source_train classes: present 14/14 | absent 0 | counts [0:120, 1:44, 2:69, 3:45, 4:40, 5:30, 6:64, 7:80, 8:116, 9:68, 10:57, 11:83, 12:48, 13:128]
2026-08-27 16:20:11 | target_train classes: present 6/14 | absent 8 | counts [0:7, 2:19, 9:32, 10:12, 11:6, 13:20]
2026-08-27 16:20:11 | target_val classes: present 6/14 | absent 8 | counts [0:2, 2:5, 9:8, 10:4, 11:2, 13:5]
2026-08-27 16:20:11 | Paired training classes: 6/14 | class ids [0, 2, 9, 10, 11, 13]
2026-08-27 16:20:11 | Runtime profile: batch=92 | paired_steps=4 | workers=16 | train_eval_every=5 | raw_eval_every=5 | early_stop=15 after min_epoch=35
2026-08-27 16:20:11 | VIS/IR pairing: class-level-unpaired | count-mismatch classes train/val: 10/0 | AIS alignment: none | AIS rows train/val: 0/0
2026-08-27 16:20:13 | Model parameters: total=17277714 | trainable=17120210
2026-08-27 16:20:18 | Epoch 001/060 | loss 5.4607 | cls 5.4319 | tal 0.0961 | dual_g 0.0000 | dual_d 0.0000 | train_acc 0.1549 | train_full 0.3125 | val_acc 0.1154 | val_f1 0.0625 | adv/moduleC 0.00/0.00 | disc_steps 0 | grad(main/disc) 18.066/0.000 | lr(main/disc) 1.80e-04/5.00e-05 | cuda_peak(alloc/resv) 21.77/28.18GB | phase(train/val/raw/train_eval) 3.8/0.4/0.5/0.7s | 5.3s
2026-08-27 16:20:21 | New best val_f1_macro_present: 0.0625 at epoch 1
2026-08-27 16:20:24 | Epoch 002/060 | loss 3.4425 | cls 3.4494 | tal -0.0228 | dual_g 0.0000 | dual_d 0.0000 | train_acc 0.4348 | train_full n/a | val_acc 0.1923 | val_f1 0.0538 | adv/moduleC 0.00/0.00 | disc_steps 0 | grad(main/disc) 11.964/0.000 | lr(main/disc) 1.80e-04/5.00e-05 | cuda_peak(alloc/resv) 21.77/28.18GB | phase(train/val/raw/train_eval) 3.1/0.4/0.0/0.0s | 3.6s
2026-08-27 16:20:29 | Epoch 003/060 | loss 2.6375 | cls 2.6391 | tal -0.0056 | dual_g 0.0000 | dual_d 0.0000 | train_acc 0.6630 | train_full n/a | val_acc 0.2308 | val_f1 0.1408 | adv/moduleC 0.00/0.00 | disc_steps 0 | grad(main/disc) 9.245/0.000 | lr(main/disc) 1.80e-04/5.00e-05 | cuda_peak(alloc/resv) 21.77/28.18GB | phase(train/val/raw/train_eval) 3.6/0.4/0.5/0.0s | 4.5s
2026-08-27 16:20:32 | New best val_f1_macro_present: 0.1408 at epoch 3
2026-08-27 16:20:36 | Epoch 004/060 | loss 2.3358 | cls 2.1607 | tal 0.0321 | dual_g 0.1655 | dual_d 0.0000 | train_acc 0.7690 | train_full n/a | val_acc 0.2692 | val_f1 0.2241 | adv/moduleC 0.00/0.12 | disc_steps 0 | grad(main/disc) 8.182/0.000 | lr(main/disc) 1.80e-04/5.00e-05 | cuda_peak(alloc/resv) 21.77/28.18GB | phase(train/val/raw/train_eval) 3.4/0.5/0.5/0.0s | 4.3s
2026-08-27 16:20:39 | New best val_f1_macro_present: 0.2241 at epoch 4
2026-08-27 16:20:44 | Epoch 005/060 | loss 2.0726 | cls 1.7967 | tal -0.0079 | dual_g 0.2783 | dual_d 0.0000 | train_acc 0.8152 | train_full 0.2917 | val_acc 0.1923 | val_f1 0.0556 | adv/moduleC 0.00/0.25 | disc_steps 0 | grad(main/disc) 7.854/0.000 | lr(main/disc) 1.80e-04/5.00e-05 | cuda_peak(alloc/resv) 21.77/28.18GB | phase(train/val/raw/train_eval) 3.7/0.5/0.5/0.7s | 5.4s
2026-08-27 16:20:48 | Epoch 006/060 | loss 1.8821 | cls 1.5152 | tal 0.0321 | dual_g 0.3573 | dual_d 0.0000 | train_acc 0.8804 | train_full n/a | val_acc 0.4231 | val_f1 0.2571 | adv/moduleC 0.00/0.38 | disc_steps 0 | grad(main/disc) 7.098/0.000 | lr(main/disc) 1.80e-04/5.00e-05 | cuda_peak(alloc/resv) 21.77/28.18GB | phase(train/val/raw/train_eval) 3.3/0.5/0.5/0.0s | 4.2s
2026-08-27 16:20:51 | New best val_f1_macro_present: 0.2571 at epoch 6
2026-08-27 16:20:55 | Epoch 007/060 | loss 1.7240 | cls 1.2945 | tal 0.0268 | dual_g 0.4214 | dual_d 0.0000 | train_acc 0.9728 | train_full n/a | val_acc 0.8077 | val_f1 0.7250 | adv/moduleC 0.00/0.50 | disc_steps 0 | grad(main/disc) 6.767/0.000 | lr(main/disc) 1.80e-04/5.00e-05 | cuda_peak(alloc/resv) 21.77/28.18GB | phase(train/val/raw/train_eval) 3.3/0.5/0.5/0.0s | 4.2s
2026-08-27 16:20:58 | New best val_f1_macro_present: 0.7250 at epoch 7
2026-08-27 16:21:02 | Epoch 008/060 | loss 1.7238 | cls 1.2189 | tal 0.0772 | dual_g 0.4817 | dual_d 0.0000 | train_acc 0.9810 | train_full n/a | val_acc 0.8077 | val_f1 0.8315 | adv/moduleC 0.00/0.62 | disc_steps 0 | grad(main/disc) 6.035/0.000 | lr(main/disc) 1.80e-04/5.00e-05 | cuda_peak(alloc/resv) 21.77/28.18GB | phase(train/val/raw/train_eval) 3.2/0.5/0.5/0.0s | 4.1s
2026-08-27 16:21:05 | New best val_f1_macro_present: 0.8315 at epoch 8
2026-08-27 16:21:08 | Epoch 009/060 | loss 1.7129 | cls 1.1329 | tal 0.0335 | dual_g 0.5698 | dual_d 0.8262 | train_acc 0.9918 | train_full n/a | val_acc 0.8462 | val_f1 0.7434 | adv/moduleC 0.05/0.75 | disc_steps 4 | grad(main/disc) 7.526/1.511 | lr(main/disc) 1.80e-04/5.00e-05 | cuda_peak(alloc/resv) 21.77/28.18GB | phase(train/val/raw/train_eval) 3.0/0.5/0.0/0.0s | 3.4s
2026-08-27 16:21:14 | Epoch 010/060 | loss 1.6330 | cls 1.0178 | tal 0.0425 | dual_g 0.6025 | dual_d 0.8122 | train_acc 0.9918 | train_full 0.8646 | val_acc 0.8077 | val_f1 0.8558 | adv/moduleC 0.10/0.88 | disc_steps 4 | grad(main/disc) 6.561/1.453 | lr(main/disc) 1.80e-04/5.00e-05 | cuda_peak(alloc/resv) 21.77/28.18GB | phase(train/val/raw/train_eval) 3.7/0.5/0.5/0.7s | 5.3s
2026-08-27 16:21:16 | New best val_f1_macro_present: 0.8558 at epoch 10
2026-08-27 16:21:21 | Epoch 011/060 | loss 1.6613 | cls 0.9932 | tal 0.0651 | dual_g 0.6486 | dual_d 0.7815 | train_acc 0.9946 | train_full n/a | val_acc 0.9615 | val_f1 0.9630 | adv/moduleC 0.15/1.00 | disc_steps 4 | grad(main/disc) 5.643/1.433 | lr(main/disc) 1.80e-04/5.00e-05 | cuda_peak(alloc/resv) 21.77/28.18GB | phase(train/val/raw/train_eval) 3.5/0.4/0.5/0.0s | 4.4s
2026-08-27 16:21:24 | New best val_f1_macro_present: 0.9630 at epoch 11
2026-08-27 16:21:28 | Epoch 012/060 | loss 1.6024 | cls 0.9281 | tal 0.1075 | dual_g 0.6420 | dual_d 0.7190 | train_acc 0.9946 | train_full n/a | val_acc 0.9615 | val_f1 0.9663 | adv/moduleC 0.20/1.00 | disc_steps 4 | grad(main/disc) 5.055/1.317 | lr(main/disc) 1.80e-04/5.00e-05 | cuda_peak(alloc/resv) 21.77/28.18GB | phase(train/val/raw/train_eval) 3.7/0.4/0.5/0.0s | 4.6s
2026-08-27 16:21:31 | New best val_f1_macro_present: 0.9663 at epoch 12
2026-08-27 16:21:36 | Epoch 013/060 | loss 1.5866 | cls 0.9309 | tal 0.0977 | dual_g 0.6264 | dual_d 0.6930 | train_acc 1.0000 | train_full n/a | val_acc 1.0000 | val_f1 1.0000 | adv/moduleC 0.25/1.00 | disc_steps 4 | grad(main/disc) 7.525/1.257 | lr(main/disc) 1.80e-04/5.00e-05 | cuda_peak(alloc/resv) 21.77/28.18GB | phase(train/val/raw/train_eval) 3.6/0.4/0.4/0.0s | 4.5s
2026-08-27 16:21:38 | New best val_f1_macro_present: 1.0000 at epoch 13
2026-08-27 16:21:42 | Epoch 014/060 | loss 1.5076 | cls 0.8900 | tal 0.0330 | dual_g 0.6076 | dual_d 0.7230 | train_acc 1.0000 | train_full n/a | val_acc 1.0000 | val_f1 1.0000 | adv/moduleC 0.30/1.00 | disc_steps 4 | grad(main/disc) 3.187/1.284 | lr(main/disc) 1.80e-04/5.00e-05 | cuda_peak(alloc/resv) 21.77/28.18GB | phase(train/val/raw/train_eval) 3.2/0.4/0.0/0.0s | 3.7s
2026-08-27 16:21:47 | Epoch 015/060 | loss 1.5096 | cls 0.8919 | tal 0.0080 | dual_g 0.6153 | dual_d 0.7073 | train_acc 0.9973 | train_full 0.9792 | val_acc 0.9615 | val_f1 0.9663 | adv/moduleC 0.35/1.00 | disc_steps 4 | grad(main/disc) 4.197/1.257 | lr(main/disc) 1.80e-04/5.00e-05 | cuda_peak(alloc/resv) 21.77/28.18GB | phase(train/val/raw/train_eval) 3.6/0.5/0.5/0.7s | 5.2s
2026-08-27 16:21:51 | Epoch 016/060 | loss 1.4870 | cls 0.8867 | tal 0.0061 | dual_g 0.5985 | dual_d 0.6903 | train_acc 1.0000 | train_full n/a | val_acc 0.9615 | val_f1 0.9663 | adv/moduleC 0.40/1.00 | disc_steps 4 | grad(main/disc) 3.091/1.226 | lr(main/disc) 1.80e-04/5.00e-05 | cuda_peak(alloc/resv) 21.77/28.18GB | phase(train/val/raw/train_eval) 3.6/0.5/0.0/0.0s | 4.0s
2026-08-27 16:21:56 | Epoch 017/060 | loss 1.4671 | cls 0.8704 | tal 0.0132 | dual_g 0.5927 | dual_d 0.6920 | train_acc 0.9946 | train_full n/a | val_acc 0.9615 | val_f1 0.9663 | adv/moduleC 0.45/1.00 | disc_steps 4 | grad(main/disc) 2.487/1.212 | lr(main/disc) 1.80e-04/5.00e-05 | cuda_peak(alloc/resv) 21.77/28.18GB | phase(train/val/raw/train_eval) 3.7/0.4/0.0/0.0s | 4.1s
2026-08-27 16:22:00 | Epoch 018/060 | loss 1.4858 | cls 0.8895 | tal 0.0189 | dual_g 0.5906 | dual_d 0.7257 | train_acc 0.9946 | train_full n/a | val_acc 0.9615 | val_f1 0.9663 | adv/moduleC 0.50/1.00 | disc_steps 4 | grad(main/disc) 2.979/1.237 | lr(main/disc) 1.80e-04/5.00e-05 | cuda_peak(alloc/resv) 21.77/28.18GB | phase(train/val/raw/train_eval) 3.6/0.5/0.0/0.0s | 4.1s
2026-08-27 16:22:03 | Epoch 019/060 | loss 1.4546 | cls 0.8673 | tal 0.0094 | dual_g 0.5845 | dual_d 0.7308 | train_acc 0.9973 | train_full n/a | val_acc 0.9615 | val_f1 0.9663 | adv/moduleC 0.55/1.00 | disc_steps 4 | grad(main/disc) 2.195/1.250 | lr(main/disc) 1.80e-04/5.00e-05 | cuda_peak(alloc/resv) 21.77/28.18GB | phase(train/val/raw/train_eval) 3.3/0.5/0.0/0.0s | 3.7s
2026-08-27 16:22:08 | Epoch 020/060 | loss 1.4238 | cls 0.8401 | tal 0.0151 | dual_g 0.5792 | dual_d 0.7632 | train_acc 1.0000 | train_full 0.9271 | val_acc 0.9615 | val_f1 0.9663 | adv/moduleC 0.60/1.00 | disc_steps 4 | grad(main/disc) 1.721/1.283 | lr(main/disc) 1.80e-04/5.00e-05 | cuda_peak(alloc/resv) 21.77/28.18GB | phase(train/val/raw/train_eval) 3.5/0.5/0.5/0.7s | 5.1s
2026-08-27 16:22:12 | Epoch 021/060 | loss 1.4123 | cls 0.8440 | tal -0.0280 | dual_g 0.5766 | dual_d 0.7935 | train_acc 1.0000 | train_full n/a | val_acc 0.9615 | val_f1 0.9663 | adv/moduleC 0.65/1.00 | disc_steps 4 | grad(main/disc) 1.722/1.288 | lr(main/disc) 1.80e-04/5.00e-05 | cuda_peak(alloc/resv) 21.77/28.18GB | phase(train/val/raw/train_eval) 3.5/0.5/0.0/0.0s | 4.0s
2026-08-27 16:22:16 | Epoch 022/060 | loss 1.3968 | cls 0.8373 | tal -0.0143 | dual_g 0.5638 | dual_d 0.7832 | train_acc 1.0000 | train_full n/a | val_acc 0.9615 | val_f1 0.9663 | adv/moduleC 0.70/1.00 | disc_steps 4 | grad(main/disc) 1.502/1.285 | lr(main/disc) 9.00e-05/2.50e-05 | cuda_peak(alloc/resv) 21.77/28.18GB | phase(train/val/raw/train_eval) 3.5/0.4/0.0/0.0s | 3.9s
2026-08-27 16:22:20 | Epoch 023/060 | loss 1.4055 | cls 0.8386 | tal -0.0107 | dual_g 0.5701 | dual_d 0.8119 | train_acc 1.0000 | train_full n/a | val_acc 0.9615 | val_f1 0.9663 | adv/moduleC 0.75/1.00 | disc_steps 4 | grad(main/disc) 1.656/1.285 | lr(main/disc) 9.00e-05/2.50e-05 | cuda_peak(alloc/resv) 21.77/28.18GB | phase(train/val/raw/train_eval) 3.6/0.4/0.0/0.0s | 4.0s
2026-08-27 16:22:25 | Epoch 024/060 | loss 1.4102 | cls 0.8457 | tal -0.0215 | dual_g 0.5709 | dual_d 0.8146 | train_acc 0.9973 | train_full n/a | val_acc 0.9615 | val_f1 0.9663 | adv/moduleC 0.80/1.00 | disc_steps 4 | grad(main/disc) 2.301/1.302 | lr(main/disc) 9.00e-05/2.50e-05 | cuda_peak(alloc/resv) 21.77/28.18GB | phase(train/val/raw/train_eval) 4.0/0.4/0.0/0.0s | 4.5s
2026-08-27 16:22:30 | Epoch 025/060 | loss 1.3841 | cls 0.8332 | tal -0.0423 | dual_g 0.5635 | dual_d 0.8590 | train_acc 1.0000 | train_full 0.9583 | val_acc 0.9615 | val_f1 0.9663 | adv/moduleC 0.85/1.00 | disc_steps 4 | grad(main/disc) 1.879/1.290 | lr(main/disc) 9.00e-05/2.50e-05 | cuda_peak(alloc/resv) 21.77/28.18GB | phase(train/val/raw/train_eval) 3.6/0.5/0.5/0.7s | 5.2s
2026-08-27 16:22:34 | Epoch 026/060 | loss 1.4051 | cls 0.8377 | tal 0.0173 | dual_g 0.5623 | dual_d 0.8536 | train_acc 0.9973 | train_full n/a | val_acc 0.9615 | val_f1 0.9663 | adv/moduleC 0.90/1.00 | disc_steps 4 | grad(main/disc) 1.801/1.328 | lr(main/disc) 9.00e-05/2.50e-05 | cuda_peak(alloc/resv) 21.77/28.18GB | phase(train/val/raw/train_eval) 3.5/0.5/0.0/0.0s | 4.0s
2026-08-27 16:22:38 | Epoch 027/060 | loss 1.3992 | cls 0.8301 | tal 0.0159 | dual_g 0.5643 | dual_d 0.8550 | train_acc 1.0000 | train_full n/a | val_acc 0.9615 | val_f1 0.9663 | adv/moduleC 0.95/1.00 | disc_steps 4 | grad(main/disc) 1.424/1.282 | lr(main/disc) 9.00e-05/2.50e-05 | cuda_peak(alloc/resv) 21.77/28.18GB | phase(train/val/raw/train_eval) 3.8/0.4/0.0/0.0s | 4.3s
2026-08-27 16:22:42 | Epoch 028/060 | loss 1.3654 | cls 0.8265 | tal -0.0534 | dual_g 0.5549 | dual_d 0.8881 | train_acc 0.9973 | train_full n/a | val_acc 0.9615 | val_f1 0.9663 | adv/moduleC 1.00/1.00 | disc_steps 4 | grad(main/disc) 1.550/1.352 | lr(main/disc) 9.00e-05/2.50e-05 | cuda_peak(alloc/resv) 21.77/28.18GB | phase(train/val/raw/train_eval) 3.6/0.4/0.0/0.0s | 4.0s
2026-08-27 16:22:46 | Epoch 029/060 | loss 1.3521 | cls 0.8235 | tal -0.0858 | dual_g 0.5544 | dual_d 0.8775 | train_acc 1.0000 | train_full n/a | val_acc 0.9615 | val_f1 0.9663 | adv/moduleC 1.00/1.00 | disc_steps 4 | grad(main/disc) 1.374/1.315 | lr(main/disc) 9.00e-05/2.50e-05 | cuda_peak(alloc/resv) 21.77/28.18GB | phase(train/val/raw/train_eval) 3.5/0.4/0.0/0.0s | 4.0s
2026-08-27 16:22:51 | Epoch 030/060 | loss 1.3635 | cls 0.8301 | tal -0.0690 | dual_g 0.5540 | dual_d 0.9336 | train_acc 1.0000 | train_full 0.9688 | val_acc 0.9615 | val_f1 0.9663 | adv/moduleC 1.00/1.00 | disc_steps 4 | grad(main/disc) 1.730/1.336 | lr(main/disc) 9.00e-05/2.50e-05 | cuda_peak(alloc/resv) 21.77/28.18GB | phase(train/val/raw/train_eval) 3.4/0.5/0.5/0.7s | 5.0s
2026-08-27 16:22:55 | Epoch 031/060 | loss 1.3361 | cls 0.8239 | tal -0.1357 | dual_g 0.5529 | dual_d 0.9036 | train_acc 1.0000 | train_full n/a | val_acc 0.9615 | val_f1 0.9663 | adv/moduleC 1.00/1.00 | disc_steps 4 | grad(main/disc) 1.439/1.322 | lr(main/disc) 4.50e-05/1.25e-05 | cuda_peak(alloc/resv) 21.77/28.18GB | phase(train/val/raw/train_eval) 3.7/0.4/0.0/0.0s | 4.1s
2026-08-27 16:22:59 | Epoch 032/060 | loss 1.3489 | cls 0.8267 | tal -0.1134 | dual_g 0.5562 | dual_d 0.9181 | train_acc 1.0000 | train_full n/a | val_acc 0.9615 | val_f1 0.9630 | adv/moduleC 1.00/1.00 | disc_steps 4 | grad(main/disc) 1.761/1.278 | lr(main/disc) 4.50e-05/1.25e-05 | cuda_peak(alloc/resv) 21.77/28.18GB | phase(train/val/raw/train_eval) 3.6/0.4/0.0/0.0s | 4.0s
2026-08-27 16:23:04 | Epoch 033/060 | loss 1.3195 | cls 0.8152 | tal -0.1434 | dual_g 0.5474 | dual_d 0.9537 | train_acc 0.9973 | train_full n/a | val_acc 0.9615 | val_f1 0.9663 | adv/moduleC 1.00/1.00 | disc_steps 4 | grad(main/disc) 1.370/1.337 | lr(main/disc) 4.50e-05/1.25e-05 | cuda_peak(alloc/resv) 21.77/28.18GB | phase(train/val/raw/train_eval) 3.7/0.5/0.0/0.0s | 4.2s
2026-08-27 16:23:08 | Epoch 034/060 | loss 1.3377 | cls 0.8179 | tal -0.0990 | dual_g 0.5495 | dual_d 0.9296 | train_acc 1.0000 | train_full n/a | val_acc 0.9615 | val_f1 0.9663 | adv/moduleC 1.00/1.00 | disc_steps 4 | grad(main/disc) 1.147/1.300 | lr(main/disc) 4.50e-05/1.25e-05 | cuda_peak(alloc/resv) 21.77/28.18GB | phase(train/val/raw/train_eval) 3.8/0.5/0.0/0.0s | 4.2s
2026-08-27 16:23:12 | Epoch 035/060 | loss 1.3306 | cls 0.8207 | tal -0.1173 | dual_g 0.5451 | dual_d 0.9564 | train_acc 1.0000 | train_full 0.9792 | val_acc 0.9615 | val_f1 0.9663 | adv/moduleC 1.00/1.00 | disc_steps 4 | grad(main/disc) 1.525/1.338 | lr(main/disc) 4.50e-05/1.25e-05 | cuda_peak(alloc/resv) 21.77/28.18GB | phase(train/val/raw/train_eval) 3.0/0.5/0.4/0.7s | 4.6s
2026-08-27 16:23:12 | Early stopping at epoch 35 after 22 epochs without val_f1_macro_present improvement.
2026-08-27 16:23:12 | Training complete. Best validation accuracy: 1.0000 | best val_f1_macro_present: 1.0000
