2026-08-27 15:06:32 | Starting Dual_D standalone training
2026-08-27 15:06:32 | Run directory: runs/module_c_ablation_60_v5/module_c_20260827_121947/module_c_no_paired_contrastive_逆光_20260827_144423
2026-08-27 15:06:32 | Device: cuda
2026-08-27 15:06:32 | Source train samples: 992
2026-08-27 15:06:32 | Target train samples: 132
2026-08-27 15:06:32 | Target val samples: 37
2026-08-27 15:06:32 | Classes: 14
2026-08-27 15:06:32 | Data audit: same_dir=False | path_overlap(vis/ir/ais)=0/0/0 | content_overlap(vis/ir/ais)=0/0/0 | ais_index_overlap=0 | stem_mismatch(vis-ir/vis-ais)=157/0
2026-08-27 15:06:32 | source_train classes: present 14/14 | absent 0 | counts [0:120, 1:44, 2:69, 3:45, 4:40, 5:30, 6:64, 7:80, 8:116, 9:68, 10:57, 11:83, 12:48, 13:128]
2026-08-27 15:06:32 | target_train classes: present 9/14 | absent 5 | counts [0:20, 2:12, 4:12, 5:2, 9:16, 10:16, 11:29, 12:4, 13:21]
2026-08-27 15:06:32 | target_val classes: present 9/14 | absent 5 | counts [0:6, 2:3, 4:4, 5:1, 9:4, 10:4, 11:8, 12:1, 13:6]
2026-08-27 15:06:32 | Paired training classes: 9/14 | class ids [0, 2, 4, 5, 9, 10, 11, 12, 13]
2026-08-27 15:06:32 | Runtime profile: batch=92 | paired_steps=3 | workers=16 | train_eval_every=5 | raw_eval_every=5 | early_stop=15 after min_epoch=25
2026-08-27 15:06:32 | VIS/IR pairing: class-level-unpaired | count-mismatch classes train/val: 10/1 | AIS alignment: none | AIS rows train/val: 0/0
2026-08-27 15:06:33 | Model parameters: total=17277714 | trainable=17120210
2026-08-27 15:06:38 | Epoch 001/060 | loss 5.4834 | cls 5.4788 | tal 0.0151 | dual_g 0.0000 | dual_d 0.0000 | train_acc 0.0833 | train_full 0.1288 | val_acc 0.2162 | val_f1 0.0719 | adv/moduleC 0.00/0.00 | disc_steps 0 | grad(main/disc) 15.110/0.000 | lr(main/disc) 7.00e-05/3.50e-05 | cuda_peak(alloc/resv) 21.77/28.18GB | phase(train/val/raw/train_eval) 3.3/0.5/0.5/0.7s | 5.0s
2026-08-27 15:06:40 | New best val_f1_macro_present: 0.0719 at epoch 1
2026-08-27 15:06:44 | Epoch 002/060 | loss 4.9450 | cls 4.9253 | tal 0.0657 | dual_g 0.0000 | dual_d 0.0000 | train_acc 0.1993 | train_full n/a | val_acc 0.1892 | val_f1 0.0641 | adv/moduleC 0.00/0.00 | disc_steps 0 | grad(main/disc) 13.148/0.000 | lr(main/disc) 7.00e-05/3.50e-05 | cuda_peak(alloc/resv) 21.77/28.18GB | phase(train/val/raw/train_eval) 2.7/0.5/0.0/0.0s | 3.2s
2026-08-27 15:06:47 | Epoch 003/060 | loss 4.3229 | cls 4.3060 | tal 0.0563 | dual_g 0.0000 | dual_d 0.0000 | train_acc 0.2355 | train_full n/a | val_acc 0.2162 | val_f1 0.0727 | adv/moduleC 0.00/0.00 | disc_steps 0 | grad(main/disc) 11.093/0.000 | lr(main/disc) 7.00e-05/3.50e-05 | cuda_peak(alloc/resv) 21.77/28.18GB | phase(train/val/raw/train_eval) 2.8/0.5/0.0/0.0s | 3.3s
2026-08-27 15:06:51 | Epoch 004/060 | loss 3.9026 | cls 3.8846 | tal 0.0602 | dual_g 0.0000 | dual_d 0.0000 | train_acc 0.3261 | train_full n/a | val_acc 0.2432 | val_f1 0.0845 | adv/moduleC 0.00/0.00 | disc_steps 0 | grad(main/disc) 10.322/0.000 | lr(main/disc) 7.00e-05/3.50e-05 | cuda_peak(alloc/resv) 21.77/28.18GB | phase(train/val/raw/train_eval) 3.1/0.5/0.5/0.0s | 4.1s
2026-08-27 15:06:54 | New best val_f1_macro_present: 0.0845 at epoch 4
2026-08-27 15:06:58 | Epoch 005/060 | loss 3.7453 | cls 3.7109 | tal 0.1146 | dual_g 0.0000 | dual_d 0.0000 | train_acc 0.3551 | train_full 0.3106 | val_acc 0.3514 | val_f1 0.2571 | adv/moduleC 0.00/0.00 | disc_steps 0 | grad(main/disc) 9.802/0.000 | lr(main/disc) 7.00e-05/3.50e-05 | cuda_peak(alloc/resv) 21.77/28.18GB | phase(train/val/raw/train_eval) 2.7/0.5/0.5/0.7s | 4.4s
2026-08-27 15:07:01 | New best val_f1_macro_present: 0.2571 at epoch 5
2026-08-27 15:07:05 | Epoch 006/060 | loss 3.8393 | cls 3.5856 | tal 0.0221 | dual_g 0.2471 | dual_d 0.7977 | train_acc 0.3551 | train_full n/a | val_acc 0.4324 | val_f1 0.3983 | adv/moduleC 0.05/0.10 | disc_steps 1 | grad(main/disc) 9.338/1.655 | lr(main/disc) 7.00e-05/3.50e-05 | cuda_peak(alloc/resv) 21.77/28.18GB | phase(train/val/raw/train_eval) 2.9/0.5/0.5/0.0s | 3.9s
2026-08-27 15:07:08 | New best val_f1_macro_present: 0.3983 at epoch 6
2026-08-27 15:07:11 | Epoch 007/060 | loss 3.8048 | cls 3.3229 | tal 0.0325 | dual_g 0.4721 | dual_d 0.7779 | train_acc 0.3696 | train_full n/a | val_acc 0.4865 | val_f1 0.4522 | adv/moduleC 0.10/0.20 | disc_steps 1 | grad(main/disc) 9.275/1.545 | lr(main/disc) 7.00e-05/3.50e-05 | cuda_peak(alloc/resv) 21.77/28.18GB | phase(train/val/raw/train_eval) 2.8/0.5/0.5/0.0s | 3.7s
2026-08-27 15:07:14 | New best val_f1_macro_present: 0.4522 at epoch 7
2026-08-27 15:07:18 | Epoch 008/060 | loss 3.8219 | cls 3.1321 | tal 0.0463 | dual_g 0.6759 | dual_d 0.7759 | train_acc 0.4964 | train_full n/a | val_acc 0.5405 | val_f1 0.5382 | adv/moduleC 0.15/0.30 | disc_steps 1 | grad(main/disc) 9.088/1.576 | lr(main/disc) 7.00e-05/3.50e-05 | cuda_peak(alloc/resv) 21.77/28.18GB | phase(train/val/raw/train_eval) 2.9/0.5/0.5/0.0s | 3.9s
2026-08-27 15:07:21 | New best val_f1_macro_present: 0.5382 at epoch 8
2026-08-27 15:07:25 | Epoch 009/060 | loss 3.8690 | cls 3.0146 | tal 0.0201 | dual_g 0.8484 | dual_d 0.8279 | train_acc 0.5036 | train_full n/a | val_acc 0.6216 | val_f1 0.6148 | adv/moduleC 0.20/0.40 | disc_steps 1 | grad(main/disc) 9.260/1.558 | lr(main/disc) 7.00e-05/3.50e-05 | cuda_peak(alloc/resv) 21.77/28.18GB | phase(train/val/raw/train_eval) 2.8/0.5/0.5/0.0s | 3.8s
2026-08-27 15:07:27 | New best val_f1_macro_present: 0.6148 at epoch 9
2026-08-27 15:07:32 | Epoch 010/060 | loss 3.8981 | cls 2.8485 | tal 0.0462 | dual_g 1.0357 | dual_d 0.7956 | train_acc 0.6051 | train_full 0.7955 | val_acc 0.7568 | val_f1 0.7977 | adv/moduleC 0.25/0.50 | disc_steps 1 | grad(main/disc) 8.893/1.536 | lr(main/disc) 7.00e-05/3.50e-05 | cuda_peak(alloc/resv) 21.77/28.18GB | phase(train/val/raw/train_eval) 3.2/0.5/0.5/0.7s | 4.9s
2026-08-27 15:07:35 | New best val_f1_macro_present: 0.7977 at epoch 10
2026-08-27 15:07:39 | Epoch 011/060 | loss 3.8936 | cls 2.7464 | tal 0.0579 | dual_g 1.1298 | dual_d 0.8538 | train_acc 0.5725 | train_full n/a | val_acc 0.7838 | val_f1 0.8172 | adv/moduleC 0.30/0.60 | disc_steps 1 | grad(main/disc) 8.451/1.609 | lr(main/disc) 7.00e-05/3.50e-05 | cuda_peak(alloc/resv) 21.77/28.18GB | phase(train/val/raw/train_eval) 3.0/0.5/0.5/0.0s | 4.0s
2026-08-27 15:07:42 | New best val_f1_macro_present: 0.8172 at epoch 11
2026-08-27 15:07:46 | Epoch 012/060 | loss 3.9222 | cls 2.5532 | tal 0.0722 | dual_g 1.3473 | dual_d 0.7881 | train_acc 0.6486 | train_full n/a | val_acc 0.8649 | val_f1 0.8794 | adv/moduleC 0.35/0.70 | disc_steps 1 | grad(main/disc) 9.083/1.415 | lr(main/disc) 7.00e-05/3.50e-05 | cuda_peak(alloc/resv) 21.77/28.18GB | phase(train/val/raw/train_eval) 3.1/0.5/0.5/0.0s | 4.1s
2026-08-27 15:07:49 | New best val_f1_macro_present: 0.8794 at epoch 12
2026-08-27 15:07:53 | Epoch 013/060 | loss 3.9006 | cls 2.4669 | tal 0.0208 | dual_g 1.4274 | dual_d 0.8453 | train_acc 0.6159 | train_full n/a | val_acc 0.8919 | val_f1 0.9109 | adv/moduleC 0.40/0.80 | disc_steps 1 | grad(main/disc) 9.009/1.563 | lr(main/disc) 7.00e-05/3.50e-05 | cuda_peak(alloc/resv) 21.77/28.18GB | phase(train/val/raw/train_eval) 2.9/0.5/0.5/0.0s | 3.9s
2026-08-27 15:07:55 | New best val_f1_macro_present: 0.9109 at epoch 13
2026-08-27 15:07:59 | Epoch 014/060 | loss 3.9679 | cls 2.3932 | tal 0.0422 | dual_g 1.5620 | dual_d 0.8357 | train_acc 0.6993 | train_full n/a | val_acc 0.8649 | val_f1 0.8654 | adv/moduleC 0.45/0.90 | disc_steps 1 | grad(main/disc) 9.577/1.570 | lr(main/disc) 7.00e-05/3.50e-05 | cuda_peak(alloc/resv) 21.77/28.18GB | phase(train/val/raw/train_eval) 3.2/0.5/0.0/0.0s | 3.7s
2026-08-27 15:08:04 | Epoch 015/060 | loss 3.9747 | cls 2.3414 | tal 0.0512 | dual_g 1.6180 | dual_d 0.8627 | train_acc 0.7065 | train_full 0.9394 | val_acc 0.9189 | val_f1 0.9261 | adv/moduleC 0.50/1.00 | disc_steps 1 | grad(main/disc) 10.713/1.599 | lr(main/disc) 7.00e-05/3.50e-05 | cuda_peak(alloc/resv) 21.77/28.18GB | phase(train/val/raw/train_eval) 2.9/0.5/0.5/0.7s | 4.6s
2026-08-27 15:08:06 | New best val_f1_macro_present: 0.9261 at epoch 15
2026-08-27 15:08:10 | Epoch 016/060 | loss 3.8751 | cls 2.2553 | tal 0.0295 | dual_g 1.6109 | dual_d 0.7490 | train_acc 0.7246 | train_full n/a | val_acc 0.9459 | val_f1 0.9578 | adv/moduleC 0.55/1.00 | disc_steps 1 | grad(main/disc) 9.789/1.390 | lr(main/disc) 7.00e-05/3.50e-05 | cuda_peak(alloc/resv) 21.77/28.18GB | phase(train/val/raw/train_eval) 2.8/0.5/0.5/0.0s | 3.8s
2026-08-27 15:08:13 | New best val_f1_macro_present: 0.9578 at epoch 16
2026-08-27 15:08:16 | Epoch 017/060 | loss 3.6651 | cls 2.1049 | tal 0.0123 | dual_g 1.5565 | dual_d 0.8285 | train_acc 0.7391 | train_full n/a | val_acc 0.9459 | val_f1 0.9578 | adv/moduleC 0.60/1.00 | disc_steps 1 | grad(main/disc) 9.844/1.466 | lr(main/disc) 7.00e-05/3.50e-05 | cuda_peak(alloc/resv) 21.77/28.18GB | phase(train/val/raw/train_eval) 2.8/0.5/0.0/0.0s | 3.3s
2026-08-27 15:08:20 | Epoch 018/060 | loss 3.5639 | cls 2.0792 | tal 0.0070 | dual_g 1.4826 | dual_d 0.8004 | train_acc 0.7246 | train_full n/a | val_acc 0.9730 | val_f1 0.9776 | adv/moduleC 0.65/1.00 | disc_steps 1 | grad(main/disc) 10.234/1.433 | lr(main/disc) 7.00e-05/3.50e-05 | cuda_peak(alloc/resv) 21.77/28.18GB | phase(train/val/raw/train_eval) 2.9/0.5/0.5/0.0s | 3.9s
2026-08-27 15:08:23 | New best val_f1_macro_present: 0.9776 at epoch 18
2026-08-27 15:08:26 | Epoch 019/060 | loss 3.4077 | cls 1.9806 | tal -0.0017 | dual_g 1.4275 | dual_d 0.8222 | train_acc 0.8080 | train_full n/a | val_acc 0.9459 | val_f1 0.9578 | adv/moduleC 0.70/1.00 | disc_steps 1 | grad(main/disc) 9.594/1.392 | lr(main/disc) 7.00e-05/3.50e-05 | cuda_peak(alloc/resv) 21.77/28.18GB | phase(train/val/raw/train_eval) 2.8/0.5/0.0/0.0s | 3.3s
2026-08-27 15:08:31 | Epoch 020/060 | loss 3.3189 | cls 1.9063 | tal 0.0120 | dual_g 1.4090 | dual_d 0.8205 | train_acc 0.8188 | train_full 0.9848 | val_acc 0.9459 | val_f1 0.9578 | adv/moduleC 0.75/1.00 | disc_steps 1 | grad(main/disc) 9.296/1.397 | lr(main/disc) 7.00e-05/3.50e-05 | cuda_peak(alloc/resv) 21.77/28.18GB | phase(train/val/raw/train_eval) 2.8/0.5/0.5/0.7s | 4.5s
2026-08-27 15:08:34 | Epoch 021/060 | loss 3.3064 | cls 1.9079 | tal -0.0149 | dual_g 1.4030 | dual_d 0.8204 | train_acc 0.8551 | train_full n/a | val_acc 0.9459 | val_f1 0.9616 | adv/moduleC 0.80/1.00 | disc_steps 1 | grad(main/disc) 10.654/1.341 | lr(main/disc) 7.00e-05/3.50e-05 | cuda_peak(alloc/resv) 21.77/28.18GB | phase(train/val/raw/train_eval) 3.1/0.5/0.0/0.0s | 3.6s
2026-08-27 15:08:38 | Epoch 022/060 | loss 3.1756 | cls 1.8079 | tal 0.0219 | dual_g 1.3612 | dual_d 0.7878 | train_acc 0.8406 | train_full n/a | val_acc 0.9189 | val_f1 0.9373 | adv/moduleC 0.85/1.00 | disc_steps 1 | grad(main/disc) 10.288/1.364 | lr(main/disc) 7.00e-05/3.50e-05 | cuda_peak(alloc/resv) 21.77/28.18GB | phase(train/val/raw/train_eval) 3.1/0.5/0.0/0.0s | 3.5s
2026-08-27 15:08:41 | Epoch 023/060 | loss 3.1841 | cls 1.8191 | tal -0.0226 | dual_g 1.3718 | dual_d 0.8264 | train_acc 0.8442 | train_full n/a | val_acc 0.9459 | val_f1 0.9578 | adv/moduleC 0.90/1.00 | disc_steps 1 | grad(main/disc) 10.671/1.404 | lr(main/disc) 7.00e-05/3.50e-05 | cuda_peak(alloc/resv) 21.77/28.18GB | phase(train/val/raw/train_eval) 3.0/0.5/0.0/0.0s | 3.5s
2026-08-27 15:08:45 | Epoch 024/060 | loss 2.9868 | cls 1.7017 | tal -0.0773 | dual_g 1.3083 | dual_d 0.8531 | train_acc 0.8986 | train_full n/a | val_acc 0.9459 | val_f1 0.9578 | adv/moduleC 0.95/1.00 | disc_steps 1 | grad(main/disc) 10.042/1.424 | lr(main/disc) 7.00e-05/3.50e-05 | cuda_peak(alloc/resv) 21.77/28.18GB | phase(train/val/raw/train_eval) 3.1/0.5/0.0/0.0s | 3.5s
2026-08-27 15:08:49 | Epoch 025/060 | loss 2.9248 | cls 1.6940 | tal -0.1168 | dual_g 1.2658 | dual_d 0.8562 | train_acc 0.8841 | train_full 1.0000 | val_acc 0.9730 | val_f1 0.9802 | adv/moduleC 1.00/1.00 | disc_steps 1 | grad(main/disc) 9.833/1.348 | lr(main/disc) 7.00e-05/3.50e-05 | cuda_peak(alloc/resv) 21.77/28.18GB | phase(train/val/raw/train_eval) 2.8/0.5/0.5/0.7s | 4.5s
2026-08-27 15:08:52 | New best val_f1_macro_present: 0.9802 at epoch 25
2026-08-27 15:08:56 | Epoch 026/060 | loss 2.8504 | cls 1.6136 | tal 0.0044 | dual_g 1.2354 | dual_d 0.8561 | train_acc 0.9348 | train_full n/a | val_acc 1.0000 | val_f1 1.0000 | adv/moduleC 1.00/1.00 | disc_steps 1 | grad(main/disc) 9.958/1.386 | lr(main/disc) 7.00e-05/3.50e-05 | cuda_peak(alloc/resv) 21.77/28.18GB | phase(train/val/raw/train_eval) 2.7/0.5/0.5/0.0s | 3.6s
2026-08-27 15:08:59 | New best val_f1_macro_present: 1.0000 at epoch 26
2026-08-27 15:09:02 | Epoch 027/060 | loss 2.9484 | cls 1.6952 | tal 0.0159 | dual_g 1.2484 | dual_d 0.8379 | train_acc 0.8949 | train_full n/a | val_acc 1.0000 | val_f1 1.0000 | adv/moduleC 1.00/1.00 | disc_steps 1 | grad(main/disc) 10.807/1.348 | lr(main/disc) 7.00e-05/3.50e-05 | cuda_peak(alloc/resv) 21.77/28.18GB | phase(train/val/raw/train_eval) 2.9/0.5/0.0/0.0s | 3.4s
2026-08-27 15:09:06 | Epoch 028/060 | loss 2.8449 | cls 1.6584 | tal -0.0375 | dual_g 1.1978 | dual_d 0.8893 | train_acc 0.8986 | train_full n/a | val_acc 0.9730 | val_f1 0.9802 | adv/moduleC 1.00/1.00 | disc_steps 1 | grad(main/disc) 13.166/1.307 | lr(main/disc) 7.00e-05/3.50e-05 | cuda_peak(alloc/resv) 21.77/28.18GB | phase(train/val/raw/train_eval) 3.0/0.5/0.0/0.0s | 3.5s
2026-08-27 15:09:09 | Epoch 029/060 | loss 2.8532 | cls 1.6381 | tal -0.0099 | dual_g 1.2181 | dual_d 0.8729 | train_acc 0.9203 | train_full n/a | val_acc 0.9459 | val_f1 0.9578 | adv/moduleC 1.00/1.00 | disc_steps 1 | grad(main/disc) 12.617/1.375 | lr(main/disc) 7.00e-05/3.50e-05 | cuda_peak(alloc/resv) 21.77/28.18GB | phase(train/val/raw/train_eval) 3.1/0.5/0.0/0.0s | 3.6s
2026-08-27 15:09:14 | Epoch 030/060 | loss 2.7692 | cls 1.6105 | tal -0.0221 | dual_g 1.1654 | dual_d 0.9174 | train_acc 0.9094 | train_full 0.9924 | val_acc 0.9459 | val_f1 0.9578 | adv/moduleC 1.00/1.00 | disc_steps 1 | grad(main/disc) 7.662/1.489 | lr(main/disc) 7.00e-05/3.50e-05 | cuda_peak(alloc/resv) 21.77/28.18GB | phase(train/val/raw/train_eval) 3.2/0.5/0.5/0.7s | 4.9s
2026-08-27 15:09:17 | Epoch 031/060 | loss 2.7066 | cls 1.5660 | tal -0.0621 | dual_g 1.1593 | dual_d 0.8824 | train_acc 0.9384 | train_full n/a | val_acc 0.9730 | val_f1 0.9802 | adv/moduleC 1.00/1.00 | disc_steps 1 | grad(main/disc) 9.613/1.387 | lr(main/disc) 7.00e-05/3.50e-05 | cuda_peak(alloc/resv) 21.77/28.18GB | phase(train/val/raw/train_eval) 2.9/0.5/0.0/0.0s | 3.4s
2026-08-27 15:09:21 | Epoch 032/060 | loss 2.7158 | cls 1.5639 | tal -0.0649 | dual_g 1.1714 | dual_d 0.8735 | train_acc 0.9275 | train_full n/a | val_acc 0.9730 | val_f1 0.9802 | adv/moduleC 1.00/1.00 | disc_steps 1 | grad(main/disc) 11.756/1.327 | lr(main/disc) 7.00e-05/3.50e-05 | cuda_peak(alloc/resv) 21.77/28.18GB | phase(train/val/raw/train_eval) 2.8/0.5/0.0/0.0s | 3.3s
2026-08-27 15:09:24 | Epoch 033/060 | loss 2.6586 | cls 1.5135 | tal -0.0624 | dual_g 1.1639 | dual_d 0.8639 | train_acc 0.9674 | train_full n/a | val_acc 0.9730 | val_f1 0.9840 | adv/moduleC 1.00/1.00 | disc_steps 1 | grad(main/disc) 8.574/1.274 | lr(main/disc) 3.50e-05/1.75e-05 | cuda_peak(alloc/resv) 21.77/28.18GB | phase(train/val/raw/train_eval) 2.9/0.5/0.0/0.0s | 3.4s
2026-08-27 15:09:28 | Epoch 034/060 | loss 2.6117 | cls 1.5142 | tal -0.0679 | dual_g 1.1178 | dual_d 0.8796 | train_acc 0.9601 | train_full n/a | val_acc 0.9730 | val_f1 0.9802 | adv/moduleC 1.00/1.00 | disc_steps 1 | grad(main/disc) 8.792/1.307 | lr(main/disc) 3.50e-05/1.75e-05 | cuda_peak(alloc/resv) 21.77/28.18GB | phase(train/val/raw/train_eval) 2.9/0.5/0.0/0.0s | 3.4s
2026-08-27 15:09:32 | Epoch 035/060 | loss 2.6979 | cls 1.5826 | tal -0.1052 | dual_g 1.1469 | dual_d 0.9398 | train_acc 0.9457 | train_full 1.0000 | val_acc 0.9459 | val_f1 0.9578 | adv/moduleC 1.00/1.00 | disc_steps 1 | grad(main/disc) 10.186/1.415 | lr(main/disc) 3.50e-05/1.75e-05 | cuda_peak(alloc/resv) 21.77/28.18GB | phase(train/val/raw/train_eval) 3.0/0.5/0.5/0.7s | 4.7s
2026-08-27 15:09:36 | Epoch 036/060 | loss 2.6009 | cls 1.4876 | tal -0.0474 | dual_g 1.1276 | dual_d 0.9450 | train_acc 0.9819 | train_full n/a | val_acc 0.9459 | val_f1 0.9578 | adv/moduleC 1.00/1.00 | disc_steps 1 | grad(main/disc) 8.171/1.429 | lr(main/disc) 3.50e-05/1.75e-05 | cuda_peak(alloc/resv) 21.77/28.18GB | phase(train/val/raw/train_eval) 2.9/0.5/0.0/0.0s | 3.4s
2026-08-27 15:09:39 | Epoch 037/060 | loss 2.6434 | cls 1.5309 | tal 0.0022 | dual_g 1.1118 | dual_d 0.8673 | train_acc 0.9420 | train_full n/a | val_acc 0.9459 | val_f1 0.9578 | adv/moduleC 1.00/1.00 | disc_steps 1 | grad(main/disc) 7.931/1.322 | lr(main/disc) 3.50e-05/1.75e-05 | cuda_peak(alloc/resv) 21.77/28.18GB | phase(train/val/raw/train_eval) 2.8/0.5/0.0/0.0s | 3.3s
2026-08-27 15:09:43 | Epoch 038/060 | loss 2.6079 | cls 1.4889 | tal -0.0332 | dual_g 1.1289 | dual_d 0.9375 | train_acc 0.9710 | train_full n/a | val_acc 0.9730 | val_f1 0.9776 | adv/moduleC 1.00/1.00 | disc_steps 1 | grad(main/disc) 9.114/1.410 | lr(main/disc) 3.50e-05/1.75e-05 | cuda_peak(alloc/resv) 21.77/28.18GB | phase(train/val/raw/train_eval) 3.3/0.5/0.0/0.0s | 3.8s
2026-08-27 15:09:46 | Epoch 039/060 | loss 2.6047 | cls 1.4925 | tal -0.0297 | dual_g 1.1212 | dual_d 0.9164 | train_acc 0.9674 | train_full n/a | val_acc 1.0000 | val_f1 1.0000 | adv/moduleC 1.00/1.00 | disc_steps 1 | grad(main/disc) 6.405/1.412 | lr(main/disc) 3.50e-05/1.75e-05 | cuda_peak(alloc/resv) 21.77/28.18GB | phase(train/val/raw/train_eval) 3.0/0.5/0.0/0.0s | 3.5s
2026-08-27 15:09:51 | Epoch 040/060 | loss 2.5847 | cls 1.4988 | tal -0.0433 | dual_g 1.0989 | dual_d 0.8694 | train_acc 0.9638 | train_full 1.0000 | val_acc 0.9730 | val_f1 0.9802 | adv/moduleC 1.00/1.00 | disc_steps 1 | grad(main/disc) 7.679/1.284 | lr(main/disc) 1.75e-05/8.75e-06 | cuda_peak(alloc/resv) 21.77/28.18GB | phase(train/val/raw/train_eval) 3.0/0.5/0.5/0.7s | 4.7s
2026-08-27 15:09:54 | Epoch 041/060 | loss 2.4767 | cls 1.4216 | tal -0.0552 | dual_g 1.0717 | dual_d 0.9524 | train_acc 0.9746 | train_full n/a | val_acc 0.9730 | val_f1 0.9802 | adv/moduleC 1.00/1.00 | disc_steps 1 | grad(main/disc) 8.372/1.384 | lr(main/disc) 1.75e-05/8.75e-06 | cuda_peak(alloc/resv) 21.77/28.18GB | phase(train/val/raw/train_eval) 2.8/0.5/0.0/0.0s | 3.3s
2026-08-27 15:09:54 | Early stopping at epoch 41 after 15 epochs without val_f1_macro_present improvement.
2026-08-27 15:09:54 | Training complete. Best validation accuracy: 1.0000 | best val_f1_macro_present: 1.0000
