2026-08-26 17:14:28 | Starting Dual_D standalone training
2026-08-26 17:14:28 | Run directory: runs/module_c_ablation_60_v4/module_c_20260826_164328/module_c_full_雾天_20260826_164329
2026-08-26 17:14:28 | Device: cuda
2026-08-26 17:14:28 | Source train samples: 992
2026-08-26 17:14:28 | Target train samples: 507
2026-08-26 17:14:28 | Target val samples: 132
2026-08-26 17:14:28 | Classes: 14
2026-08-26 17:14:28 | Data audit: same_dir=False | path_overlap(vis/ir/ais)=0/0/0 | content_overlap(vis/ir/ais)=0/0/0 | ais_index_overlap=0 | stem_mismatch(vis-ir/vis-ais)=630/0
2026-08-26 17:14:28 | source_train classes: present 14/14 | absent 0 | counts [0:120, 1:44, 2:69, 3:45, 4:40, 5:30, 6:64, 7:80, 8:116, 9:68, 10:57, 11:83, 12:48, 13:128]
2026-08-26 17:14:28 | target_train classes: present 9/14 | absent 5 | counts [0:35, 1:18, 2:119, 6:110, 8:25, 9:50, 10:48, 12:9, 13:93]
2026-08-26 17:14:28 | target_val classes: present 9/14 | absent 5 | counts [0:9, 1:5, 2:30, 6:28, 8:7, 9:13, 10:13, 12:3, 13:24]
2026-08-26 17:14:28 | Paired training classes: 9/14 | class ids [0, 1, 2, 6, 8, 9, 10, 12, 13]
2026-08-26 17:14:28 | Runtime profile: batch=80 | paired_steps=7 | workers=16 | train_eval_every=5 | raw_eval_every=5 | early_stop=15 after min_epoch=48
2026-08-26 17:14:28 | VIS/IR pairing: class-level-unpaired | count-mismatch classes train/val: 10/2 | AIS alignment: none | AIS rows train/val: 0/0
2026-08-26 17:14:29 | Model parameters: total=17277714 | trainable=17120210
2026-08-26 17:14:35 | Epoch 001/060 | loss 5.0347 | cls 5.0810 | tal -0.1543 | dual_g 0.0000 | dual_d 0.0000 | train_acc 0.0964 | train_full 0.0789 | val_acc 0.0909 | val_f1 0.0605 | adv/moduleC 0.00/0.00 | disc_steps 0 | grad(main/disc) 14.337/0.000 | lr(main/disc) 7.00e-05/3.50e-05 | cuda_peak(alloc/resv) 18.96/24.42GB | phase(train/val/raw/train_eval) 3.8/0.7/0.7/0.9s | 6.1s
2026-08-26 17:14:39 | New best val_f1_macro_present: 0.0605 at epoch 1
2026-08-26 17:14:44 | Epoch 002/060 | loss 4.2750 | cls 4.2825 | tal -0.0251 | dual_g 0.0000 | dual_d 0.0000 | train_acc 0.1482 | train_full n/a | val_acc 0.2652 | val_f1 0.1590 | adv/moduleC 0.00/0.00 | disc_steps 0 | grad(main/disc) 11.447/0.000 | lr(main/disc) 7.00e-05/3.50e-05 | cuda_peak(alloc/resv) 18.96/24.42GB | phase(train/val/raw/train_eval) 3.1/0.7/0.7/0.0s | 4.5s
2026-08-26 17:14:48 | New best val_f1_macro_present: 0.1590 at epoch 2
2026-08-26 17:14:52 | Epoch 003/060 | loss 3.9391 | cls 3.9408 | tal -0.0057 | dual_g 0.0000 | dual_d 0.0000 | train_acc 0.1946 | train_full n/a | val_acc 0.4242 | val_f1 0.2452 | adv/moduleC 0.00/0.00 | disc_steps 0 | grad(main/disc) 10.505/0.000 | lr(main/disc) 7.00e-05/3.50e-05 | cuda_peak(alloc/resv) 18.96/24.42GB | phase(train/val/raw/train_eval) 3.0/0.7/0.7/0.0s | 4.4s
2026-08-26 17:14:56 | New best val_f1_macro_present: 0.2452 at epoch 3
2026-08-26 17:15:01 | Epoch 004/060 | loss 3.6395 | cls 3.6310 | tal 0.0286 | dual_g 0.0000 | dual_d 0.0000 | train_acc 0.2446 | train_full n/a | val_acc 0.4697 | val_f1 0.2679 | adv/moduleC 0.00/0.00 | disc_steps 0 | grad(main/disc) 10.121/0.000 | lr(main/disc) 7.00e-05/3.50e-05 | cuda_peak(alloc/resv) 18.96/24.42GB | phase(train/val/raw/train_eval) 3.0/0.7/0.7/0.0s | 4.3s
2026-08-26 17:15:05 | New best val_f1_macro_present: 0.2679 at epoch 4
2026-08-26 17:15:10 | Epoch 005/060 | loss 3.4330 | cls 3.4205 | tal 0.0418 | dual_g 0.0000 | dual_d 0.0000 | train_acc 0.2786 | train_full 0.5385 | val_acc 0.5152 | val_f1 0.3327 | adv/moduleC 0.00/0.00 | disc_steps 0 | grad(main/disc) 9.718/0.000 | lr(main/disc) 7.00e-05/3.50e-05 | cuda_peak(alloc/resv) 18.96/24.42GB | phase(train/val/raw/train_eval) 3.1/0.7/0.7/0.9s | 5.4s
2026-08-26 17:15:14 | New best val_f1_macro_present: 0.3327 at epoch 5
2026-08-26 17:15:19 | Epoch 006/060 | loss 3.3634 | cls 3.1063 | tal 0.0614 | dual_g 0.2387 | dual_d 0.8217 | train_acc 0.3607 | train_full n/a | val_acc 0.5076 | val_f1 0.4611 | adv/moduleC 0.05/0.10 | disc_steps 3 | grad(main/disc) 9.384/1.607 | lr(main/disc) 7.00e-05/3.50e-05 | cuda_peak(alloc/resv) 18.96/24.42GB | phase(train/val/raw/train_eval) 3.1/0.7/0.7/0.0s | 4.5s
2026-08-26 17:15:23 | New best val_f1_macro_present: 0.4611 at epoch 6
2026-08-26 17:15:27 | Epoch 007/060 | loss 3.4118 | cls 2.9244 | tal 0.0755 | dual_g 0.4648 | dual_d 0.8316 | train_acc 0.3696 | train_full n/a | val_acc 0.5909 | val_f1 0.5683 | adv/moduleC 0.10/0.20 | disc_steps 3 | grad(main/disc) 9.683/1.563 | lr(main/disc) 7.00e-05/3.50e-05 | cuda_peak(alloc/resv) 18.96/24.42GB | phase(train/val/raw/train_eval) 3.2/0.7/0.7/0.0s | 4.5s
2026-08-26 17:15:31 | New best val_f1_macro_present: 0.5683 at epoch 7
2026-08-26 17:15:35 | Epoch 008/060 | loss 3.5434 | cls 2.8670 | tal 0.0386 | dual_g 0.6649 | dual_d 0.7748 | train_acc 0.3607 | train_full n/a | val_acc 0.6439 | val_f1 0.6134 | adv/moduleC 0.15/0.30 | disc_steps 3 | grad(main/disc) 11.000/1.505 | lr(main/disc) 7.00e-05/3.50e-05 | cuda_peak(alloc/resv) 18.96/24.42GB | phase(train/val/raw/train_eval) 2.9/0.7/0.7/0.0s | 4.2s
2026-08-26 17:15:39 | New best val_f1_macro_present: 0.6134 at epoch 8
2026-08-26 17:15:44 | Epoch 009/060 | loss 3.5069 | cls 2.6386 | tal 0.1283 | dual_g 0.8297 | dual_d 0.7741 | train_acc 0.4804 | train_full n/a | val_acc 0.6894 | val_f1 0.6570 | adv/moduleC 0.20/0.40 | disc_steps 3 | grad(main/disc) 10.761/1.459 | lr(main/disc) 7.00e-05/3.50e-05 | cuda_peak(alloc/resv) 18.96/24.42GB | phase(train/val/raw/train_eval) 3.0/0.7/0.7/0.0s | 4.4s
2026-08-26 17:15:48 | New best val_f1_macro_present: 0.6570 at epoch 9
2026-08-26 17:15:53 | Epoch 010/060 | loss 3.6091 | cls 2.5648 | tal 0.1350 | dual_g 1.0038 | dual_d 0.7534 | train_acc 0.4964 | train_full 0.7239 | val_acc 0.7424 | val_f1 0.7567 | adv/moduleC 0.25/0.50 | disc_steps 3 | grad(main/disc) 13.798/1.452 | lr(main/disc) 7.00e-05/3.50e-05 | cuda_peak(alloc/resv) 18.96/24.42GB | phase(train/val/raw/train_eval) 3.2/0.7/0.7/0.9s | 5.5s
2026-08-26 17:15:57 | New best val_f1_macro_present: 0.7567 at epoch 10
2026-08-26 17:16:01 | Epoch 011/060 | loss 3.6050 | cls 2.4170 | tal 0.1269 | dual_g 1.1500 | dual_d 0.7579 | train_acc 0.5179 | train_full n/a | val_acc 0.7500 | val_f1 0.7079 | adv/moduleC 0.30/0.60 | disc_steps 3 | grad(main/disc) 11.267/1.397 | lr(main/disc) 7.00e-05/3.50e-05 | cuda_peak(alloc/resv) 18.96/24.42GB | phase(train/val/raw/train_eval) 3.0/0.7/0.0/0.0s | 3.6s
2026-08-26 17:16:05 | Epoch 012/060 | loss 3.5981 | cls 2.2987 | tal 0.0151 | dual_g 1.2949 | dual_d 0.7666 | train_acc 0.6161 | train_full n/a | val_acc 0.7803 | val_f1 0.7908 | adv/moduleC 0.35/0.70 | disc_steps 3 | grad(main/disc) 12.252/1.356 | lr(main/disc) 7.00e-05/3.50e-05 | cuda_peak(alloc/resv) 18.96/24.42GB | phase(train/val/raw/train_eval) 2.9/0.7/0.7/0.0s | 4.2s
2026-08-26 17:16:09 | New best val_f1_macro_present: 0.7908 at epoch 12
2026-08-26 17:16:14 | Epoch 013/060 | loss 3.7249 | cls 2.3035 | tal -0.0014 | dual_g 1.4218 | dual_d 0.7471 | train_acc 0.6286 | train_full n/a | val_acc 0.8409 | val_f1 0.8462 | adv/moduleC 0.40/0.80 | disc_steps 3 | grad(main/disc) 13.778/1.318 | lr(main/disc) 7.00e-05/3.50e-05 | cuda_peak(alloc/resv) 18.96/24.42GB | phase(train/val/raw/train_eval) 3.3/0.7/0.7/0.0s | 4.7s
2026-08-26 17:16:18 | New best val_f1_macro_present: 0.8462 at epoch 13
2026-08-26 17:16:22 | Epoch 014/060 | loss 3.6630 | cls 2.1173 | tal 0.0267 | dual_g 1.5378 | dual_d 0.7480 | train_acc 0.6732 | train_full n/a | val_acc 0.8106 | val_f1 0.8172 | adv/moduleC 0.45/0.90 | disc_steps 3 | grad(main/disc) 11.893/1.330 | lr(main/disc) 7.00e-05/3.50e-05 | cuda_peak(alloc/resv) 18.96/24.42GB | phase(train/val/raw/train_eval) 3.2/0.7/0.0/0.0s | 3.9s
2026-08-26 17:16:27 | Epoch 015/060 | loss 3.8186 | cls 2.1144 | tal 0.0568 | dual_g 1.6872 | dual_d 0.7572 | train_acc 0.6500 | train_full 0.8619 | val_acc 0.8258 | val_f1 0.8043 | adv/moduleC 0.50/1.00 | disc_steps 3 | grad(main/disc) 13.354/1.334 | lr(main/disc) 7.00e-05/3.50e-05 | cuda_peak(alloc/resv) 18.96/24.42GB | phase(train/val/raw/train_eval) 3.3/0.7/0.7/0.9s | 5.6s
2026-08-26 17:16:32 | Epoch 016/060 | loss 3.6495 | cls 2.0349 | tal 0.0377 | dual_g 1.6033 | dual_d 0.7800 | train_acc 0.7304 | train_full n/a | val_acc 0.8636 | val_f1 0.8539 | adv/moduleC 0.55/1.00 | disc_steps 3 | grad(main/disc) 13.029/1.333 | lr(main/disc) 7.00e-05/3.50e-05 | cuda_peak(alloc/resv) 18.96/24.42GB | phase(train/val/raw/train_eval) 3.1/0.7/0.7/0.0s | 4.4s
2026-08-26 17:16:36 | New best val_f1_macro_present: 0.8539 at epoch 16
2026-08-26 17:16:41 | Epoch 017/060 | loss 3.5116 | cls 1.9621 | tal 0.0611 | dual_g 1.5312 | dual_d 0.7586 | train_acc 0.7500 | train_full n/a | val_acc 0.9091 | val_f1 0.8769 | adv/moduleC 0.60/1.00 | disc_steps 3 | grad(main/disc) 12.456/1.267 | lr(main/disc) 7.00e-05/3.50e-05 | cuda_peak(alloc/resv) 18.96/24.42GB | phase(train/val/raw/train_eval) 3.3/0.7/0.7/0.0s | 4.6s
2026-08-26 17:16:45 | New best val_f1_macro_present: 0.8769 at epoch 17
2026-08-26 17:16:49 | Epoch 018/060 | loss 3.4420 | cls 1.9093 | tal 0.0032 | dual_g 1.5318 | dual_d 0.7481 | train_acc 0.7393 | train_full n/a | val_acc 0.8636 | val_f1 0.8822 | adv/moduleC 0.65/1.00 | disc_steps 3 | grad(main/disc) 13.802/1.227 | lr(main/disc) 7.00e-05/3.50e-05 | cuda_peak(alloc/resv) 18.96/24.42GB | phase(train/val/raw/train_eval) 3.0/0.7/0.7/0.0s | 4.4s
2026-08-26 17:16:53 | New best val_f1_macro_present: 0.8822 at epoch 18
2026-08-26 17:16:57 | Epoch 019/060 | loss 3.3061 | cls 1.8267 | tal 0.0125 | dual_g 1.4757 | dual_d 0.7762 | train_acc 0.8107 | train_full n/a | val_acc 0.8636 | val_f1 0.8405 | adv/moduleC 0.70/1.00 | disc_steps 3 | grad(main/disc) 12.152/1.270 | lr(main/disc) 7.00e-05/3.50e-05 | cuda_peak(alloc/resv) 18.96/24.42GB | phase(train/val/raw/train_eval) 3.1/0.7/0.0/0.0s | 3.8s
2026-08-26 17:17:02 | Epoch 020/060 | loss 3.2393 | cls 1.7818 | tal 0.0044 | dual_g 1.4562 | dual_d 0.7703 | train_acc 0.8196 | train_full 0.9211 | val_acc 0.8939 | val_f1 0.8725 | adv/moduleC 0.75/1.00 | disc_steps 3 | grad(main/disc) 11.938/1.232 | lr(main/disc) 7.00e-05/3.50e-05 | cuda_peak(alloc/resv) 18.96/24.42GB | phase(train/val/raw/train_eval) 3.2/0.7/0.7/0.9s | 5.4s
2026-08-26 17:17:07 | Epoch 021/060 | loss 3.2215 | cls 1.8092 | tal -0.0754 | dual_g 1.4350 | dual_d 0.7405 | train_acc 0.7768 | train_full n/a | val_acc 0.8939 | val_f1 0.8923 | adv/moduleC 0.80/1.00 | disc_steps 3 | grad(main/disc) 16.904/1.232 | lr(main/disc) 7.00e-05/3.50e-05 | cuda_peak(alloc/resv) 18.96/24.42GB | phase(train/val/raw/train_eval) 3.4/0.7/0.7/0.0s | 4.7s
2026-08-26 17:17:11 | New best val_f1_macro_present: 0.8923 at epoch 21
2026-08-26 17:17:15 | Epoch 022/060 | loss 3.0491 | cls 1.6905 | tal -0.0562 | dual_g 1.3755 | dual_d 0.7440 | train_acc 0.8518 | train_full n/a | val_acc 0.8258 | val_f1 0.8224 | adv/moduleC 0.85/1.00 | disc_steps 3 | grad(main/disc) 15.239/1.222 | lr(main/disc) 7.00e-05/3.50e-05 | cuda_peak(alloc/resv) 18.96/24.42GB | phase(train/val/raw/train_eval) 3.2/0.7/0.0/0.0s | 3.9s
2026-08-26 17:17:20 | Epoch 023/060 | loss 3.0189 | cls 1.6636 | tal -0.0529 | dual_g 1.3711 | dual_d 0.7762 | train_acc 0.8607 | train_full n/a | val_acc 0.9545 | val_f1 0.9511 | adv/moduleC 0.90/1.00 | disc_steps 3 | grad(main/disc) 11.530/1.213 | lr(main/disc) 7.00e-05/3.50e-05 | cuda_peak(alloc/resv) 18.96/24.42GB | phase(train/val/raw/train_eval) 3.3/0.7/0.7/0.0s | 4.7s
2026-08-26 17:17:24 | New best val_f1_macro_present: 0.9511 at epoch 23
2026-08-26 17:17:27 | Epoch 024/060 | loss 3.0403 | cls 1.6793 | tal -0.0468 | dual_g 1.3750 | dual_d 0.7549 | train_acc 0.8464 | train_full n/a | val_acc 0.9470 | val_f1 0.9382 | adv/moduleC 0.95/1.00 | disc_steps 3 | grad(main/disc) 10.134/1.204 | lr(main/disc) 7.00e-05/3.50e-05 | cuda_peak(alloc/resv) 18.96/24.42GB | phase(train/val/raw/train_eval) 3.0/0.7/0.0/0.0s | 3.6s
2026-08-26 17:17:33 | Epoch 025/060 | loss 2.9758 | cls 1.6243 | tal 0.0297 | dual_g 1.3426 | dual_d 0.8147 | train_acc 0.8661 | train_full 0.9250 | val_acc 0.9242 | val_f1 0.9136 | adv/moduleC 1.00/1.00 | disc_steps 3 | grad(main/disc) 10.402/1.201 | lr(main/disc) 7.00e-05/3.50e-05 | cuda_peak(alloc/resv) 18.96/24.42GB | phase(train/val/raw/train_eval) 3.0/0.7/0.7/0.9s | 5.3s
2026-08-26 17:17:36 | Epoch 026/060 | loss 2.9562 | cls 1.6354 | tal 0.0098 | dual_g 1.3179 | dual_d 0.8027 | train_acc 0.8571 | train_full n/a | val_acc 0.9318 | val_f1 0.9017 | adv/moduleC 1.00/1.00 | disc_steps 3 | grad(main/disc) 11.223/1.196 | lr(main/disc) 7.00e-05/3.50e-05 | cuda_peak(alloc/resv) 18.96/24.42GB | phase(train/val/raw/train_eval) 2.9/0.7/0.0/0.0s | 3.6s
2026-08-26 17:17:40 | Epoch 027/060 | loss 2.7954 | cls 1.5418 | tal -0.0393 | dual_g 1.2654 | dual_d 0.8342 | train_acc 0.9286 | train_full n/a | val_acc 0.9167 | val_f1 0.9052 | adv/moduleC 1.00/1.00 | disc_steps 3 | grad(main/disc) 14.383/1.195 | lr(main/disc) 7.00e-05/3.50e-05 | cuda_peak(alloc/resv) 18.96/24.42GB | phase(train/val/raw/train_eval) 3.4/0.7/0.0/0.0s | 4.0s
2026-08-26 17:17:44 | Epoch 028/060 | loss 2.8560 | cls 1.5916 | tal -0.0513 | dual_g 1.2798 | dual_d 0.8397 | train_acc 0.8911 | train_full n/a | val_acc 0.9394 | val_f1 0.9345 | adv/moduleC 1.00/1.00 | disc_steps 3 | grad(main/disc) 12.701/1.256 | lr(main/disc) 7.00e-05/3.50e-05 | cuda_peak(alloc/resv) 18.96/24.42GB | phase(train/val/raw/train_eval) 3.0/0.7/0.0/0.0s | 3.7s
2026-08-26 17:17:48 | Epoch 029/060 | loss 2.7626 | cls 1.5417 | tal -0.0659 | dual_g 1.2406 | dual_d 0.8486 | train_acc 0.8982 | train_full n/a | val_acc 0.9470 | val_f1 0.9379 | adv/moduleC 1.00/1.00 | disc_steps 3 | grad(main/disc) 9.587/1.269 | lr(main/disc) 7.00e-05/3.50e-05 | cuda_peak(alloc/resv) 18.96/24.42GB | phase(train/val/raw/train_eval) 3.4/0.7/0.0/0.0s | 4.1s
2026-08-26 17:17:54 | Epoch 030/060 | loss 2.6896 | cls 1.4964 | tal -0.0714 | dual_g 1.2147 | dual_d 0.8302 | train_acc 0.9161 | train_full 0.9606 | val_acc 0.9545 | val_f1 0.9394 | adv/moduleC 1.00/1.00 | disc_steps 3 | grad(main/disc) 8.886/1.215 | lr(main/disc) 3.50e-05/1.75e-05 | cuda_peak(alloc/resv) 18.96/24.42GB | phase(train/val/raw/train_eval) 3.4/0.7/0.7/0.9s | 5.7s
2026-08-26 17:17:58 | Epoch 031/060 | loss 2.6437 | cls 1.4701 | tal -0.0745 | dual_g 1.1960 | dual_d 0.8656 | train_acc 0.9268 | train_full n/a | val_acc 0.9621 | val_f1 0.9371 | adv/moduleC 1.00/1.00 | disc_steps 3 | grad(main/disc) 8.828/1.243 | lr(main/disc) 3.50e-05/1.75e-05 | cuda_peak(alloc/resv) 18.96/24.42GB | phase(train/val/raw/train_eval) 3.3/0.7/0.0/0.0s | 4.0s
2026-08-26 17:18:01 | Epoch 032/060 | loss 2.6262 | cls 1.4615 | tal -0.0758 | dual_g 1.1874 | dual_d 0.8733 | train_acc 0.9357 | train_full n/a | val_acc 0.9545 | val_f1 0.9454 | adv/moduleC 1.00/1.00 | disc_steps 3 | grad(main/disc) 8.595/1.229 | lr(main/disc) 3.50e-05/1.75e-05 | cuda_peak(alloc/resv) 18.96/24.42GB | phase(train/val/raw/train_eval) 3.0/0.7/0.0/0.0s | 3.7s
2026-08-26 17:18:06 | Epoch 033/060 | loss 2.6130 | cls 1.4742 | tal -0.0890 | dual_g 1.1655 | dual_d 0.9025 | train_acc 0.9321 | train_full n/a | val_acc 0.9621 | val_f1 0.9525 | adv/moduleC 1.00/1.00 | disc_steps 3 | grad(main/disc) 9.922/1.298 | lr(main/disc) 3.50e-05/1.75e-05 | cuda_peak(alloc/resv) 18.96/24.42GB | phase(train/val/raw/train_eval) 3.4/0.7/0.7/0.0s | 4.7s
2026-08-26 17:18:10 | New best val_f1_macro_present: 0.9525 at epoch 33
2026-08-26 17:18:15 | Epoch 034/060 | loss 2.5646 | cls 1.4443 | tal -0.1073 | dual_g 1.1525 | dual_d 0.9031 | train_acc 0.9393 | train_full n/a | val_acc 0.9621 | val_f1 0.9599 | adv/moduleC 1.00/1.00 | disc_steps 3 | grad(main/disc) 7.858/1.258 | lr(main/disc) 3.50e-05/1.75e-05 | cuda_peak(alloc/resv) 18.96/24.42GB | phase(train/val/raw/train_eval) 3.0/0.7/0.7/0.0s | 4.4s
2026-08-26 17:18:19 | New best val_f1_macro_present: 0.9599 at epoch 34
2026-08-26 17:18:24 | Epoch 035/060 | loss 2.5429 | cls 1.4271 | tal -0.1289 | dual_g 1.1545 | dual_d 0.9008 | train_acc 0.9232 | train_full 0.9625 | val_acc 0.9394 | val_f1 0.9329 | adv/moduleC 1.00/1.00 | disc_steps 3 | grad(main/disc) 8.227/1.278 | lr(main/disc) 3.50e-05/1.75e-05 | cuda_peak(alloc/resv) 18.96/24.42GB | phase(train/val/raw/train_eval) 3.1/0.7/0.7/0.9s | 5.4s
2026-08-26 17:18:28 | Epoch 036/060 | loss 2.5404 | cls 1.4189 | tal -0.1063 | dual_g 1.1534 | dual_d 0.8976 | train_acc 0.9446 | train_full n/a | val_acc 0.9545 | val_f1 0.9378 | adv/moduleC 1.00/1.00 | disc_steps 3 | grad(main/disc) 9.535/1.250 | lr(main/disc) 3.50e-05/1.75e-05 | cuda_peak(alloc/resv) 18.96/24.42GB | phase(train/val/raw/train_eval) 3.2/0.7/0.0/0.0s | 3.8s
2026-08-26 17:18:32 | Epoch 037/060 | loss 2.5365 | cls 1.4304 | tal -0.1036 | dual_g 1.1372 | dual_d 0.9257 | train_acc 0.9518 | train_full n/a | val_acc 0.9621 | val_f1 0.9648 | adv/moduleC 1.00/1.00 | disc_steps 3 | grad(main/disc) 7.659/1.229 | lr(main/disc) 3.50e-05/1.75e-05 | cuda_peak(alloc/resv) 18.96/24.42GB | phase(train/val/raw/train_eval) 3.3/0.7/0.7/0.0s | 4.6s
2026-08-26 17:18:36 | New best val_f1_macro_present: 0.9648 at epoch 37
2026-08-26 17:18:41 | Epoch 038/060 | loss 2.5019 | cls 1.4080 | tal -0.0908 | dual_g 1.1211 | dual_d 0.9070 | train_acc 0.9536 | train_full n/a | val_acc 0.9773 | val_f1 0.9687 | adv/moduleC 1.00/1.00 | disc_steps 3 | grad(main/disc) 8.313/1.227 | lr(main/disc) 3.50e-05/1.75e-05 | cuda_peak(alloc/resv) 18.96/24.42GB | phase(train/val/raw/train_eval) 3.1/0.7/0.7/0.0s | 4.5s
2026-08-26 17:18:45 | New best val_f1_macro_present: 0.9687 at epoch 38
2026-08-26 17:18:49 | Epoch 039/060 | loss 2.5103 | cls 1.4146 | tal -0.0740 | dual_g 1.1178 | dual_d 0.9448 | train_acc 0.9571 | train_full n/a | val_acc 0.9470 | val_f1 0.9354 | adv/moduleC 1.00/1.00 | disc_steps 3 | grad(main/disc) 8.176/1.255 | lr(main/disc) 3.50e-05/1.75e-05 | cuda_peak(alloc/resv) 18.96/24.42GB | phase(train/val/raw/train_eval) 3.0/0.7/0.0/0.0s | 3.7s
2026-08-26 17:18:54 | Epoch 040/060 | loss 2.4721 | cls 1.4046 | tal -0.1051 | dual_g 1.0990 | dual_d 0.9116 | train_acc 0.9482 | train_full 0.9684 | val_acc 0.9773 | val_f1 0.9685 | adv/moduleC 1.00/1.00 | disc_steps 3 | grad(main/disc) 8.536/1.203 | lr(main/disc) 3.50e-05/1.75e-05 | cuda_peak(alloc/resv) 18.96/24.42GB | phase(train/val/raw/train_eval) 3.1/0.7/0.7/0.9s | 5.4s
2026-08-26 17:18:58 | Epoch 041/060 | loss 2.4680 | cls 1.3808 | tal -0.0757 | dual_g 1.1099 | dual_d 0.9209 | train_acc 0.9661 | train_full n/a | val_acc 0.9545 | val_f1 0.9378 | adv/moduleC 1.00/1.00 | disc_steps 3 | grad(main/disc) 8.646/1.253 | lr(main/disc) 3.50e-05/1.75e-05 | cuda_peak(alloc/resv) 18.96/24.42GB | phase(train/val/raw/train_eval) 3.3/0.7/0.0/0.0s | 4.0s
2026-08-26 17:19:02 | Epoch 042/060 | loss 2.4673 | cls 1.4031 | tal -0.1014 | dual_g 1.0947 | dual_d 0.9057 | train_acc 0.9482 | train_full n/a | val_acc 0.9545 | val_f1 0.9435 | adv/moduleC 1.00/1.00 | disc_steps 3 | grad(main/disc) 7.273/1.246 | lr(main/disc) 3.50e-05/1.75e-05 | cuda_peak(alloc/resv) 18.96/24.42GB | phase(train/val/raw/train_eval) 3.2/0.7/0.0/0.0s | 3.9s
2026-08-26 17:19:06 | Epoch 043/060 | loss 2.4227 | cls 1.3758 | tal -0.1336 | dual_g 1.0870 | dual_d 0.9451 | train_acc 0.9607 | train_full n/a | val_acc 0.9545 | val_f1 0.9517 | adv/moduleC 1.00/1.00 | disc_steps 3 | grad(main/disc) 7.444/1.241 | lr(main/disc) 3.50e-05/1.75e-05 | cuda_peak(alloc/resv) 18.96/24.42GB | phase(train/val/raw/train_eval) 3.1/0.7/0.0/0.0s | 3.8s
2026-08-26 17:19:10 | Epoch 044/060 | loss 2.4289 | cls 1.3819 | tal -0.1366 | dual_g 1.0880 | dual_d 0.9095 | train_acc 0.9518 | train_full n/a | val_acc 0.9545 | val_f1 0.9244 | adv/moduleC 1.00/1.00 | disc_steps 3 | grad(main/disc) 7.091/1.187 | lr(main/disc) 3.50e-05/1.75e-05 | cuda_peak(alloc/resv) 18.96/24.42GB | phase(train/val/raw/train_eval) 3.2/0.7/0.0/0.0s | 3.9s
2026-08-26 17:19:15 | Epoch 045/060 | loss 2.4760 | cls 1.3990 | tal -0.0997 | dual_g 1.1069 | dual_d 0.9610 | train_acc 0.9536 | train_full 0.9704 | val_acc 0.9621 | val_f1 0.9582 | adv/moduleC 1.00/1.00 | disc_steps 3 | grad(main/disc) 8.279/1.232 | lr(main/disc) 1.75e-05/8.75e-06 | cuda_peak(alloc/resv) 18.96/24.42GB | phase(train/val/raw/train_eval) 3.1/0.7/0.7/0.9s | 5.4s
2026-08-26 17:19:19 | Epoch 046/060 | loss 2.4170 | cls 1.3671 | tal -0.0982 | dual_g 1.0793 | dual_d 1.0096 | train_acc 0.9679 | train_full n/a | val_acc 0.9621 | val_f1 0.9572 | adv/moduleC 1.00/1.00 | disc_steps 3 | grad(main/disc) 6.524/1.307 | lr(main/disc) 1.75e-05/8.75e-06 | cuda_peak(alloc/resv) 18.96/24.42GB | phase(train/val/raw/train_eval) 3.2/0.7/0.0/0.0s | 3.8s
2026-08-26 17:19:23 | Epoch 047/060 | loss 2.4203 | cls 1.3712 | tal -0.1106 | dual_g 1.0823 | dual_d 0.9205 | train_acc 0.9571 | train_full n/a | val_acc 0.9621 | val_f1 0.9572 | adv/moduleC 1.00/1.00 | disc_steps 3 | grad(main/disc) 6.773/1.184 | lr(main/disc) 1.75e-05/8.75e-06 | cuda_peak(alloc/resv) 18.96/24.42GB | phase(train/val/raw/train_eval) 3.2/0.7/0.0/0.0s | 3.8s
2026-08-26 17:19:26 | Epoch 048/060 | loss 2.3938 | cls 1.3612 | tal -0.1190 | dual_g 1.0683 | dual_d 0.9542 | train_acc 0.9679 | train_full n/a | val_acc 0.9621 | val_f1 0.9313 | adv/moduleC 1.00/1.00 | disc_steps 3 | grad(main/disc) 6.189/1.232 | lr(main/disc) 1.75e-05/8.75e-06 | cuda_peak(alloc/resv) 18.96/24.42GB | phase(train/val/raw/train_eval) 3.1/0.7/0.0/0.0s | 3.8s
2026-08-26 17:19:30 | Epoch 049/060 | loss 2.3461 | cls 1.3304 | tal -0.1280 | dual_g 1.0541 | dual_d 0.9185 | train_acc 0.9839 | train_full n/a | val_acc 0.9697 | val_f1 0.9647 | adv/moduleC 1.00/1.00 | disc_steps 3 | grad(main/disc) 5.892/1.225 | lr(main/disc) 1.75e-05/8.75e-06 | cuda_peak(alloc/resv) 18.96/24.42GB | phase(train/val/raw/train_eval) 3.2/0.7/0.0/0.0s | 3.9s
2026-08-26 17:19:36 | Epoch 050/060 | loss 2.3833 | cls 1.3519 | tal -0.1042 | dual_g 1.0627 | dual_d 0.9570 | train_acc 0.9786 | train_full 0.9862 | val_acc 0.9697 | val_f1 0.9647 | adv/moduleC 1.00/1.00 | disc_steps 3 | grad(main/disc) 6.529/1.252 | lr(main/disc) 1.75e-05/8.75e-06 | cuda_peak(alloc/resv) 18.96/24.42GB | phase(train/val/raw/train_eval) 3.2/0.7/0.7/1.0s | 5.5s
2026-08-26 17:19:40 | Epoch 051/060 | loss 2.3999 | cls 1.3608 | tal -0.1139 | dual_g 1.0733 | dual_d 0.9551 | train_acc 0.9679 | train_full n/a | val_acc 0.9621 | val_f1 0.9588 | adv/moduleC 1.00/1.00 | disc_steps 3 | grad(main/disc) 6.935/1.247 | lr(main/disc) 1.75e-05/8.75e-06 | cuda_peak(alloc/resv) 18.96/24.42GB | phase(train/val/raw/train_eval) 3.2/0.7/0.0/0.0s | 3.9s
2026-08-26 17:19:44 | Epoch 052/060 | loss 2.3939 | cls 1.3637 | tal -0.0968 | dual_g 1.0593 | dual_d 0.9652 | train_acc 0.9589 | train_full n/a | val_acc 0.9621 | val_f1 0.9532 | adv/moduleC 1.00/1.00 | disc_steps 3 | grad(main/disc) 6.374/1.278 | lr(main/disc) 8.75e-06/4.37e-06 | cuda_peak(alloc/resv) 18.96/24.42GB | phase(train/val/raw/train_eval) 3.1/0.7/0.0/0.0s | 3.7s
2026-08-26 17:19:47 | Epoch 053/060 | loss 2.3822 | cls 1.3559 | tal -0.1019 | dual_g 1.0569 | dual_d 0.9555 | train_acc 0.9696 | train_full n/a | val_acc 0.9697 | val_f1 0.9647 | adv/moduleC 1.00/1.00 | disc_steps 3 | grad(main/disc) 6.319/1.193 | lr(main/disc) 8.75e-06/4.37e-06 | cuda_peak(alloc/resv) 18.96/24.42GB | phase(train/val/raw/train_eval) 3.1/0.7/0.0/0.0s | 3.7s
2026-08-26 17:19:47 | Early stopping at epoch 53 after 15 epochs without val_f1_macro_present improvement.
2026-08-26 17:19:47 | Training complete. Best validation accuracy: 0.9773 | best val_f1_macro_present: 0.9687
