2026-08-29 17:06:50 | Starting Dual_D standalone training
2026-08-29 17:06:50 | Run directory: runs/module_c_ablation_60_v7/module_c_20260829_145907/module_c_no_paired_contrastive_黑天_20260829_170127
2026-08-29 17:06:50 | Device: cuda
2026-08-29 17:06:50 | Source train samples: 992
2026-08-29 17:06:50 | Target train samples: 465
2026-08-29 17:06:50 | Target val samples: 120
2026-08-29 17:06:50 | Classes: 14
2026-08-29 17:06:50 | Data audit: same_dir=False | path_overlap(vis/ir/ais)=0/0/0 | content_overlap(vis/ir/ais)=0/0/0 | ais_index_overlap=0 | stem_mismatch(vis-ir/vis-ais)=578/0
2026-08-29 17:06:50 | source_train classes: present 14/14 | absent 0 | counts [0:120, 1:44, 2:69, 3:45, 4:40, 5:30, 6:64, 7:80, 8:116, 9:68, 10:57, 11:83, 12:48, 13:128]
2026-08-29 17:06:50 | target_train classes: present 8/14 | absent 6 | counts [0:100, 2:11, 3:16, 6:89, 9:162, 10:12, 11:44, 13:31]
2026-08-29 17:06:50 | target_val classes: present 8/14 | absent 6 | counts [0:26, 2:3, 3:5, 6:23, 9:41, 10:3, 11:11, 13:8]
2026-08-29 17:06:50 | Paired training classes: 8/14 | class ids [0, 2, 3, 6, 9, 10, 11, 13]
2026-08-29 17:06:50 | Runtime profile: batch=92 | paired_steps=6 | workers=16 | train_eval_every=5 | raw_eval_every=5 | stability_window=1 | lr_scheduler_start=24 | early_stop=15 after min_epoch=48
2026-08-29 17:06:50 | VIS/IR pairing: class-level-unpaired | count-mismatch classes train/val: 10/0 | AIS alignment: none | AIS rows train/val: 0/0
2026-08-29 17:06:51 | Effective Dual-D loss weights: {"adv_auxiliary": 0.03, "adv_primary": 0.03, "classification": 0.6, "contrastive": 0.0, "cycle": 0.22, "identity": 0.035, "prototype_contrastive": 0.025}
2026-08-29 17:06:51 | Model parameters: total=17277714 | trainable=17120210
2026-08-29 17:06:58 | Epoch 001/060 | loss 5.9036 | cls 5.8409 | tal 0.2090 | dual_g 0.0000 | dual_d 0.0000 | train_acc 0.1014 | train_full 0.0667 | val_acc 0.0250 | val_f1 0.0076 | adv/moduleC 0.00/0.00 | disc_steps 0 | grad(main/disc) 16.706/0.000 | lr(main/disc) 7.50e-05/3.00e-05 | cuda_peak(alloc/resv) 21.77/28.18GB | phase(train/val/raw/train_eval) 4.6/0.6/0.6/0.8s | 6.6s
2026-08-29 17:07:01 | New best val_f1_macro_present: raw=0.0076 stable_score=0.0076 at epoch 1
2026-08-29 17:07:05 | Epoch 002/060 | loss 4.5960 | cls 4.5169 | tal 0.2635 | dual_g 0.0000 | dual_d 0.0000 | train_acc 0.2065 | train_full n/a | val_acc 0.2917 | val_f1 0.1609 | adv/moduleC 0.00/0.00 | disc_steps 0 | grad(main/disc) 12.645/0.000 | lr(main/disc) 7.50e-05/3.00e-05 | cuda_peak(alloc/resv) 21.77/28.18GB | phase(train/val/raw/train_eval) 3.3/0.6/0.6/0.0s | 4.5s
2026-08-29 17:07:08 | New best val_f1_macro_present: raw=0.1609 stable_score=0.1609 at epoch 2
2026-08-29 17:07:12 | Epoch 003/060 | loss 3.9527 | cls 3.8767 | tal 0.2532 | dual_g 0.0000 | dual_d 0.0000 | train_acc 0.3225 | train_full n/a | val_acc 0.0833 | val_f1 0.0919 | adv/moduleC 0.00/0.00 | disc_steps 0 | grad(main/disc) 10.887/0.000 | lr(main/disc) 7.50e-05/3.00e-05 | cuda_peak(alloc/resv) 21.77/28.18GB | phase(train/val/raw/train_eval) 3.4/0.6/0.0/0.0s | 4.0s
2026-08-29 17:07:16 | Epoch 004/060 | loss 3.7713 | cls 3.4106 | tal 0.1594 | dual_g 0.3129 | dual_d 0.0000 | train_acc 0.4203 | train_full n/a | val_acc 0.0583 | val_f1 0.0654 | adv/moduleC 0.00/0.12 | disc_steps 0 | grad(main/disc) 10.167/0.000 | lr(main/disc) 7.50e-05/3.00e-05 | cuda_peak(alloc/resv) 21.77/28.18GB | phase(train/val/raw/train_eval) 3.1/0.6/0.0/0.0s | 3.7s
2026-08-29 17:07:22 | Epoch 005/060 | loss 3.5472 | cls 2.9705 | tal 0.0695 | dual_g 0.5559 | dual_d 0.0000 | train_acc 0.5290 | train_full 0.1290 | val_acc 0.1500 | val_f1 0.2294 | adv/moduleC 0.00/0.25 | disc_steps 0 | grad(main/disc) 9.910/0.000 | lr(main/disc) 7.50e-05/3.00e-05 | cuda_peak(alloc/resv) 21.77/28.18GB | phase(train/val/raw/train_eval) 3.7/0.6/0.6/0.8s | 5.7s
2026-08-29 17:07:25 | New best val_f1_macro_present: raw=0.2294 stable_score=0.2294 at epoch 5
2026-08-29 17:07:29 | Epoch 006/060 | loss 3.3969 | cls 2.6571 | tal 0.0042 | dual_g 0.7385 | dual_d 0.9475 | train_acc 0.6413 | train_full n/a | val_acc 0.3750 | val_f1 0.3593 | adv/moduleC 0.07/0.38 | disc_steps 3 | grad(main/disc) 10.088/1.830 | lr(main/disc) 7.50e-05/3.00e-05 | cuda_peak(alloc/resv) 21.77/28.18GB | phase(train/val/raw/train_eval) 3.6/0.6/0.6/0.0s | 4.7s
2026-08-29 17:07:32 | New best val_f1_macro_present: raw=0.3593 stable_score=0.3593 at epoch 6
2026-08-29 17:07:37 | Epoch 007/060 | loss 3.2015 | cls 2.3382 | tal -0.0086 | dual_g 0.8658 | dual_d 0.9645 | train_acc 0.7283 | train_full n/a | val_acc 0.5333 | val_f1 0.5721 | adv/moduleC 0.13/0.50 | disc_steps 3 | grad(main/disc) 9.515/1.757 | lr(main/disc) 7.50e-05/3.00e-05 | cuda_peak(alloc/resv) 21.77/28.18GB | phase(train/val/raw/train_eval) 3.7/0.6/0.6/0.0s | 4.9s
2026-08-29 17:07:40 | New best val_f1_macro_present: raw=0.5721 stable_score=0.5721 at epoch 7
2026-08-29 17:07:44 | Epoch 008/060 | loss 3.2845 | cls 2.2496 | tal -0.0349 | dual_g 1.0453 | dual_d 0.9509 | train_acc 0.7373 | train_full n/a | val_acc 0.5000 | val_f1 0.5698 | adv/moduleC 0.20/0.62 | disc_steps 3 | grad(main/disc) 10.533/1.688 | lr(main/disc) 7.50e-05/3.00e-05 | cuda_peak(alloc/resv) 21.77/28.18GB | phase(train/val/raw/train_eval) 3.7/0.6/0.0/0.0s | 4.3s
2026-08-29 17:07:49 | Epoch 009/060 | loss 3.2457 | cls 2.0775 | tal -0.0035 | dual_g 1.1692 | dual_d 0.9182 | train_acc 0.8007 | train_full n/a | val_acc 0.6750 | val_f1 0.6792 | adv/moduleC 0.27/0.75 | disc_steps 3 | grad(main/disc) 10.096/1.609 | lr(main/disc) 7.50e-05/3.00e-05 | cuda_peak(alloc/resv) 21.77/28.18GB | phase(train/val/raw/train_eval) 3.2/0.6/0.6/0.0s | 4.4s
2026-08-29 17:07:52 | New best val_f1_macro_present: raw=0.6792 stable_score=0.6792 at epoch 9
2026-08-29 17:07:57 | Epoch 010/060 | loss 3.2645 | cls 1.9854 | tal 0.0075 | dual_g 1.2769 | dual_d 0.8936 | train_acc 0.8062 | train_full 0.6925 | val_acc 0.7000 | val_f1 0.6878 | adv/moduleC 0.33/0.88 | disc_steps 3 | grad(main/disc) 11.259/1.505 | lr(main/disc) 7.50e-05/3.00e-05 | cuda_peak(alloc/resv) 21.77/28.18GB | phase(train/val/raw/train_eval) 3.6/0.6/0.6/0.9s | 5.6s
2026-08-29 17:08:00 | New best val_f1_macro_present: raw=0.6878 stable_score=0.6878 at epoch 10
2026-08-29 17:08:04 | Epoch 011/060 | loss 3.2059 | cls 1.8608 | tal -0.0362 | dual_g 1.3559 | dual_d 0.9363 | train_acc 0.8551 | train_full n/a | val_acc 0.5750 | val_f1 0.6202 | adv/moduleC 0.40/1.00 | disc_steps 3 | grad(main/disc) 12.996/1.513 | lr(main/disc) 7.50e-05/3.00e-05 | cuda_peak(alloc/resv) 21.77/28.18GB | phase(train/val/raw/train_eval) 3.4/0.6/0.0/0.0s | 4.0s
2026-08-29 17:08:08 | Epoch 012/060 | loss 3.0918 | cls 1.7773 | tal 0.0397 | dual_g 1.3026 | dual_d 0.8937 | train_acc 0.8696 | train_full n/a | val_acc 0.6583 | val_f1 0.6778 | adv/moduleC 0.47/1.00 | disc_steps 3 | grad(main/disc) 12.125/1.480 | lr(main/disc) 7.50e-05/3.00e-05 | cuda_peak(alloc/resv) 21.77/28.18GB | phase(train/val/raw/train_eval) 3.6/0.6/0.0/0.0s | 4.2s
2026-08-29 17:08:13 | Epoch 013/060 | loss 2.8860 | cls 1.6275 | tal -0.0021 | dual_g 1.2592 | dual_d 0.8883 | train_acc 0.8841 | train_full n/a | val_acc 0.7583 | val_f1 0.7370 | adv/moduleC 0.53/1.00 | disc_steps 3 | grad(main/disc) 9.645/1.398 | lr(main/disc) 7.50e-05/3.00e-05 | cuda_peak(alloc/resv) 21.77/28.18GB | phase(train/val/raw/train_eval) 3.7/0.6/0.6/0.0s | 4.9s
2026-08-29 17:08:16 | New best val_f1_macro_present: raw=0.7370 stable_score=0.7370 at epoch 13
2026-08-29 17:08:21 | Epoch 014/060 | loss 2.8592 | cls 1.6221 | tal 0.0087 | dual_g 1.2345 | dual_d 0.8931 | train_acc 0.8877 | train_full n/a | val_acc 0.8167 | val_f1 0.7954 | adv/moduleC 0.60/1.00 | disc_steps 3 | grad(main/disc) 12.081/1.408 | lr(main/disc) 7.50e-05/3.00e-05 | cuda_peak(alloc/resv) 21.77/28.18GB | phase(train/val/raw/train_eval) 3.9/0.6/0.6/0.0s | 5.1s
2026-08-29 17:08:24 | New best val_f1_macro_present: raw=0.7954 stable_score=0.7954 at epoch 14
2026-08-29 17:08:30 | Epoch 015/060 | loss 2.7913 | cls 1.5866 | tal 0.0383 | dual_g 1.1932 | dual_d 0.8916 | train_acc 0.8931 | train_full 0.8667 | val_acc 0.8583 | val_f1 0.8156 | adv/moduleC 0.67/1.00 | disc_steps 3 | grad(main/disc) 9.315/1.393 | lr(main/disc) 7.50e-05/3.00e-05 | cuda_peak(alloc/resv) 21.77/28.18GB | phase(train/val/raw/train_eval) 3.9/0.6/0.6/0.8s | 6.0s
2026-08-29 17:08:33 | New best val_f1_macro_present: raw=0.8156 stable_score=0.8156 at epoch 15
2026-08-29 17:08:37 | Epoch 016/060 | loss 2.6632 | cls 1.5097 | tal 0.0630 | dual_g 1.1346 | dual_d 0.8594 | train_acc 0.9257 | train_full n/a | val_acc 0.7333 | val_f1 0.7187 | adv/moduleC 0.73/1.00 | disc_steps 3 | grad(main/disc) 8.615/1.331 | lr(main/disc) 7.50e-05/3.00e-05 | cuda_peak(alloc/resv) 21.77/28.18GB | phase(train/val/raw/train_eval) 3.8/0.6/0.0/0.0s | 4.4s
2026-08-29 17:08:42 | Epoch 017/060 | loss 2.6553 | cls 1.5164 | tal -0.0043 | dual_g 1.1402 | dual_d 0.8939 | train_acc 0.9457 | train_full n/a | val_acc 0.8000 | val_f1 0.7658 | adv/moduleC 0.80/1.00 | disc_steps 3 | grad(main/disc) 9.293/1.345 | lr(main/disc) 7.50e-05/3.00e-05 | cuda_peak(alloc/resv) 21.77/28.18GB | phase(train/val/raw/train_eval) 3.7/0.6/0.0/0.0s | 4.2s
2026-08-29 17:08:46 | Epoch 018/060 | loss 2.5570 | cls 1.4585 | tal -0.0302 | dual_g 1.1076 | dual_d 0.8868 | train_acc 0.9420 | train_full n/a | val_acc 0.7583 | val_f1 0.7218 | adv/moduleC 0.87/1.00 | disc_steps 3 | grad(main/disc) 8.748/1.319 | lr(main/disc) 7.50e-05/3.00e-05 | cuda_peak(alloc/resv) 21.77/28.18GB | phase(train/val/raw/train_eval) 3.4/0.6/0.0/0.0s | 4.0s
2026-08-29 17:08:50 | Epoch 019/060 | loss 2.4937 | cls 1.4169 | tal 0.0171 | dual_g 1.0716 | dual_d 0.8928 | train_acc 0.9529 | train_full n/a | val_acc 0.7750 | val_f1 0.7574 | adv/moduleC 0.93/1.00 | disc_steps 3 | grad(main/disc) 8.174/1.298 | lr(main/disc) 7.50e-05/3.00e-05 | cuda_peak(alloc/resv) 21.77/28.18GB | phase(train/val/raw/train_eval) 3.4/0.6/0.0/0.0s | 4.0s
2026-08-29 17:08:56 | Epoch 020/060 | loss 2.4104 | cls 1.3725 | tal -0.0461 | dual_g 1.0517 | dual_d 0.8878 | train_acc 0.9638 | train_full 0.9376 | val_acc 0.8833 | val_f1 0.8692 | adv/moduleC 1.00/1.00 | disc_steps 3 | grad(main/disc) 7.859/1.337 | lr(main/disc) 7.50e-05/3.00e-05 | cuda_peak(alloc/resv) 21.77/28.18GB | phase(train/val/raw/train_eval) 3.9/0.6/0.6/0.8s | 5.9s
2026-08-29 17:08:58 | New best val_f1_macro_present: raw=0.8692 stable_score=0.8692 at epoch 20
2026-08-29 17:09:02 | Epoch 021/060 | loss 2.3609 | cls 1.3443 | tal -0.0403 | dual_g 1.0286 | dual_d 0.9383 | train_acc 0.9583 | train_full n/a | val_acc 0.8917 | val_f1 0.8673 | adv/moduleC 1.00/1.00 | disc_steps 3 | grad(main/disc) 6.770/1.363 | lr(main/disc) 7.50e-05/3.00e-05 | cuda_peak(alloc/resv) 21.77/28.18GB | phase(train/val/raw/train_eval) 3.4/0.6/0.0/0.0s | 4.0s
2026-08-29 17:09:07 | Epoch 022/060 | loss 2.3591 | cls 1.3408 | tal -0.0293 | dual_g 1.0271 | dual_d 0.9424 | train_acc 0.9638 | train_full n/a | val_acc 0.7000 | val_f1 0.7911 | adv/moduleC 1.00/1.00 | disc_steps 3 | grad(main/disc) 7.866/1.313 | lr(main/disc) 7.50e-05/3.00e-05 | cuda_peak(alloc/resv) 21.77/28.18GB | phase(train/val/raw/train_eval) 3.5/0.6/0.0/0.0s | 4.1s
2026-08-29 17:09:11 | Epoch 023/060 | loss 2.3102 | cls 1.3130 | tal -0.0287 | dual_g 1.0059 | dual_d 0.9738 | train_acc 0.9674 | train_full n/a | val_acc 0.7750 | val_f1 0.7787 | adv/moduleC 1.00/1.00 | disc_steps 3 | grad(main/disc) 6.479/1.345 | lr(main/disc) 7.50e-05/3.00e-05 | cuda_peak(alloc/resv) 21.77/28.18GB | phase(train/val/raw/train_eval) 3.9/0.6/0.0/0.0s | 4.5s
2026-08-29 17:09:15 | Epoch 024/060 | loss 2.3157 | cls 1.3247 | tal -0.0021 | dual_g 0.9916 | dual_d 0.9579 | train_acc 0.9764 | train_full n/a | val_acc 0.7917 | val_f1 0.8211 | adv/moduleC 1.00/1.00 | disc_steps 3 | grad(main/disc) 6.820/1.324 | lr(main/disc) 7.50e-05/3.00e-05 | cuda_peak(alloc/resv) 21.77/28.18GB | phase(train/val/raw/train_eval) 3.7/0.6/0.0/0.0s | 4.3s
2026-08-29 17:09:21 | Epoch 025/060 | loss 2.3018 | cls 1.3119 | tal -0.0347 | dual_g 1.0003 | dual_d 0.9707 | train_acc 0.9656 | train_full 0.8946 | val_acc 0.8583 | val_f1 0.8299 | adv/moduleC 1.00/1.00 | disc_steps 3 | grad(main/disc) 7.393/1.325 | lr(main/disc) 7.50e-05/3.00e-05 | cuda_peak(alloc/resv) 21.77/28.18GB | phase(train/val/raw/train_eval) 3.5/0.6/0.6/0.8s | 5.5s
2026-08-29 17:09:25 | Epoch 026/060 | loss 2.2779 | cls 1.2963 | tal -0.0103 | dual_g 0.9847 | dual_d 0.9943 | train_acc 0.9873 | train_full n/a | val_acc 0.8917 | val_f1 0.8636 | adv/moduleC 1.00/1.00 | disc_steps 3 | grad(main/disc) 6.344/1.330 | lr(main/disc) 7.50e-05/3.00e-05 | cuda_peak(alloc/resv) 21.77/28.18GB | phase(train/val/raw/train_eval) 3.8/0.6/0.0/0.0s | 4.4s
2026-08-29 17:09:30 | Epoch 027/060 | loss 2.2387 | cls 1.2685 | tal -0.0112 | dual_g 0.9735 | dual_d 1.0012 | train_acc 0.9819 | train_full n/a | val_acc 0.8917 | val_f1 0.8991 | adv/moduleC 1.00/1.00 | disc_steps 3 | grad(main/disc) 6.028/1.310 | lr(main/disc) 7.50e-05/3.00e-05 | cuda_peak(alloc/resv) 21.77/28.18GB | phase(train/val/raw/train_eval) 3.4/0.6/0.6/0.0s | 4.5s
2026-08-29 17:09:32 | New best val_f1_macro_present: raw=0.8991 stable_score=0.8991 at epoch 27
2026-08-29 17:09:36 | Epoch 028/060 | loss 2.2270 | cls 1.2631 | tal 0.0045 | dual_g 0.9625 | dual_d 1.0424 | train_acc 0.9909 | train_full n/a | val_acc 0.8833 | val_f1 0.8455 | adv/moduleC 1.00/1.00 | disc_steps 3 | grad(main/disc) 4.670/1.358 | lr(main/disc) 7.50e-05/3.00e-05 | cuda_peak(alloc/resv) 21.77/28.18GB | phase(train/val/raw/train_eval) 3.3/0.6/0.0/0.0s | 3.9s
2026-08-29 17:09:40 | Epoch 029/060 | loss 2.2448 | cls 1.2766 | tal -0.0087 | dual_g 0.9708 | dual_d 1.0243 | train_acc 0.9819 | train_full n/a | val_acc 0.8500 | val_f1 0.8219 | adv/moduleC 1.00/1.00 | disc_steps 3 | grad(main/disc) 5.478/1.349 | lr(main/disc) 7.50e-05/3.00e-05 | cuda_peak(alloc/resv) 21.77/28.18GB | phase(train/val/raw/train_eval) 3.4/0.6/0.0/0.0s | 4.0s
2026-08-29 17:09:46 | Epoch 030/060 | loss 2.1865 | cls 1.2562 | tal -0.0582 | dual_g 0.9478 | dual_d 1.0128 | train_acc 0.9891 | train_full 0.8774 | val_acc 0.8333 | val_f1 0.8356 | adv/moduleC 1.00/1.00 | disc_steps 3 | grad(main/disc) 4.565/1.338 | lr(main/disc) 7.50e-05/3.00e-05 | cuda_peak(alloc/resv) 21.77/28.18GB | phase(train/val/raw/train_eval) 3.8/0.6/0.6/0.8s | 5.8s
2026-08-29 17:09:50 | Epoch 031/060 | loss 2.1794 | cls 1.2414 | tal -0.0219 | dual_g 0.9446 | dual_d 1.0694 | train_acc 0.9909 | train_full n/a | val_acc 0.8583 | val_f1 0.8518 | adv/moduleC 1.00/1.00 | disc_steps 3 | grad(main/disc) 4.393/1.385 | lr(main/disc) 7.50e-05/3.00e-05 | cuda_peak(alloc/resv) 21.77/28.18GB | phase(train/val/raw/train_eval) 3.6/0.6/0.0/0.0s | 4.2s
2026-08-29 17:09:54 | Epoch 032/060 | loss 2.1565 | cls 1.2382 | tal -0.0530 | dual_g 0.9342 | dual_d 1.0301 | train_acc 0.9891 | train_full n/a | val_acc 0.8750 | val_f1 0.8389 | adv/moduleC 1.00/1.00 | disc_steps 3 | grad(main/disc) 4.599/1.380 | lr(main/disc) 7.50e-05/3.00e-05 | cuda_peak(alloc/resv) 21.77/28.18GB | phase(train/val/raw/train_eval) 3.4/0.6/0.0/0.0s | 4.0s
2026-08-29 17:09:58 | Epoch 033/060 | loss 2.1447 | cls 1.2276 | tal -0.0703 | dual_g 0.9382 | dual_d 1.0306 | train_acc 0.9873 | train_full n/a | val_acc 0.9083 | val_f1 0.8731 | adv/moduleC 1.00/1.00 | disc_steps 3 | grad(main/disc) 4.101/1.337 | lr(main/disc) 7.50e-05/3.00e-05 | cuda_peak(alloc/resv) 21.77/28.18GB | phase(train/val/raw/train_eval) 3.3/0.6/0.0/0.0s | 3.9s
2026-08-29 17:10:02 | Epoch 034/060 | loss 2.1565 | cls 1.2365 | tal -0.0267 | dual_g 0.9280 | dual_d 1.0170 | train_acc 0.9855 | train_full n/a | val_acc 0.8667 | val_f1 0.8387 | adv/moduleC 1.00/1.00 | disc_steps 3 | grad(main/disc) 4.322/1.325 | lr(main/disc) 7.50e-05/3.00e-05 | cuda_peak(alloc/resv) 21.77/28.18GB | phase(train/val/raw/train_eval) 3.3/0.6/0.0/0.0s | 3.9s
2026-08-29 17:10:08 | Epoch 035/060 | loss 2.1500 | cls 1.2329 | tal -0.0429 | dual_g 0.9300 | dual_d 1.0357 | train_acc 0.9928 | train_full 0.9312 | val_acc 0.8917 | val_f1 0.8858 | adv/moduleC 1.00/1.00 | disc_steps 3 | grad(main/disc) 4.020/1.302 | lr(main/disc) 7.50e-05/3.00e-05 | cuda_peak(alloc/resv) 21.77/28.18GB | phase(train/val/raw/train_eval) 3.9/0.6/0.6/0.8s | 5.9s
2026-08-29 17:10:13 | Epoch 036/060 | loss 2.1286 | cls 1.2188 | tal -0.0435 | dual_g 0.9229 | dual_d 1.0113 | train_acc 0.9909 | train_full n/a | val_acc 0.9250 | val_f1 0.9107 | adv/moduleC 1.00/1.00 | disc_steps 3 | grad(main/disc) 3.862/1.318 | lr(main/disc) 7.50e-05/3.00e-05 | cuda_peak(alloc/resv) 21.77/28.18GB | phase(train/val/raw/train_eval) 3.5/0.6/0.6/0.0s | 4.7s
2026-08-29 17:10:16 | New best val_f1_macro_present: raw=0.9107 stable_score=0.9107 at epoch 36
2026-08-29 17:10:19 | Epoch 037/060 | loss 2.1345 | cls 1.2204 | tal -0.0305 | dual_g 0.9233 | dual_d 1.0509 | train_acc 0.9946 | train_full n/a | val_acc 0.9167 | val_f1 0.8863 | adv/moduleC 1.00/1.00 | disc_steps 3 | grad(main/disc) 4.616/1.393 | lr(main/disc) 7.50e-05/3.00e-05 | cuda_peak(alloc/resv) 21.77/28.18GB | phase(train/val/raw/train_eval) 3.4/0.6/0.0/0.0s | 3.9s
2026-08-29 17:10:24 | Epoch 038/060 | loss 2.0991 | cls 1.2133 | tal -0.0751 | dual_g 0.9083 | dual_d 1.0494 | train_acc 0.9982 | train_full n/a | val_acc 0.9000 | val_f1 0.8821 | adv/moduleC 1.00/1.00 | disc_steps 3 | grad(main/disc) 3.438/1.319 | lr(main/disc) 7.50e-05/3.00e-05 | cuda_peak(alloc/resv) 21.77/28.18GB | phase(train/val/raw/train_eval) 3.8/0.6/0.0/0.0s | 4.4s
2026-08-29 17:10:28 | Epoch 039/060 | loss 2.0866 | cls 1.1957 | tal -0.0596 | dual_g 0.9089 | dual_d 1.0469 | train_acc 0.9928 | train_full n/a | val_acc 0.8667 | val_f1 0.8615 | adv/moduleC 1.00/1.00 | disc_steps 3 | grad(main/disc) 2.901/1.337 | lr(main/disc) 7.50e-05/3.00e-05 | cuda_peak(alloc/resv) 21.77/28.18GB | phase(train/val/raw/train_eval) 3.8/0.6/0.0/0.0s | 4.3s
2026-08-29 17:10:33 | Epoch 040/060 | loss 2.0696 | cls 1.1879 | tal -0.0618 | dual_g 0.9003 | dual_d 1.0144 | train_acc 0.9964 | train_full 0.9548 | val_acc 0.9000 | val_f1 0.8669 | adv/moduleC 1.00/1.00 | disc_steps 3 | grad(main/disc) 2.584/1.305 | lr(main/disc) 7.50e-05/3.00e-05 | cuda_peak(alloc/resv) 21.77/28.18GB | phase(train/val/raw/train_eval) 3.1/0.6/0.6/0.8s | 5.1s
2026-08-29 17:10:38 | Epoch 041/060 | loss 2.0644 | cls 1.1875 | tal -0.0712 | dual_g 0.8983 | dual_d 1.0125 | train_acc 0.9964 | train_full n/a | val_acc 0.9000 | val_f1 0.8703 | adv/moduleC 1.00/1.00 | disc_steps 3 | grad(main/disc) 2.685/1.276 | lr(main/disc) 7.50e-05/3.00e-05 | cuda_peak(alloc/resv) 21.77/28.18GB | phase(train/val/raw/train_eval) 3.6/0.6/0.0/0.0s | 4.2s
2026-08-29 17:10:41 | Epoch 042/060 | loss 2.0625 | cls 1.1925 | tal -0.0821 | dual_g 0.8947 | dual_d 1.0814 | train_acc 0.9964 | train_full n/a | val_acc 0.9000 | val_f1 0.8856 | adv/moduleC 1.00/1.00 | disc_steps 3 | grad(main/disc) 3.134/1.365 | lr(main/disc) 7.50e-05/3.00e-05 | cuda_peak(alloc/resv) 21.77/28.18GB | phase(train/val/raw/train_eval) 3.3/0.6/0.0/0.0s | 3.8s
2026-08-29 17:10:45 | Epoch 043/060 | loss 2.0740 | cls 1.1938 | tal -0.0465 | dual_g 0.8941 | dual_d 1.0492 | train_acc 0.9946 | train_full n/a | val_acc 0.9167 | val_f1 0.8865 | adv/moduleC 1.00/1.00 | disc_steps 3 | grad(main/disc) 3.135/1.330 | lr(main/disc) 7.50e-05/3.00e-05 | cuda_peak(alloc/resv) 21.77/28.18GB | phase(train/val/raw/train_eval) 3.4/0.6/0.0/0.0s | 4.0s
2026-08-29 17:10:50 | Epoch 044/060 | loss 2.0598 | cls 1.1933 | tal -0.0647 | dual_g 0.8860 | dual_d 1.0411 | train_acc 0.9982 | train_full n/a | val_acc 0.9250 | val_f1 0.8905 | adv/moduleC 1.00/1.00 | disc_steps 3 | grad(main/disc) 3.214/1.301 | lr(main/disc) 7.50e-05/3.00e-05 | cuda_peak(alloc/resv) 21.77/28.18GB | phase(train/val/raw/train_eval) 3.6/0.6/0.0/0.0s | 4.1s
2026-08-29 17:10:55 | Epoch 045/060 | loss 2.0570 | cls 1.1818 | tal -0.0604 | dual_g 0.8934 | dual_d 1.0087 | train_acc 0.9964 | train_full 0.9419 | val_acc 0.9167 | val_f1 0.9055 | adv/moduleC 1.00/1.00 | disc_steps 3 | grad(main/disc) 2.989/1.263 | lr(main/disc) 3.75e-05/1.50e-05 | cuda_peak(alloc/resv) 21.77/28.18GB | phase(train/val/raw/train_eval) 3.4/0.6/0.6/0.8s | 5.4s
2026-08-29 17:10:59 | Epoch 046/060 | loss 2.0470 | cls 1.1873 | tal -0.0916 | dual_g 0.8871 | dual_d 1.0218 | train_acc 1.0000 | train_full n/a | val_acc 0.8917 | val_f1 0.8853 | adv/moduleC 1.00/1.00 | disc_steps 3 | grad(main/disc) 2.578/1.241 | lr(main/disc) 3.75e-05/1.50e-05 | cuda_peak(alloc/resv) 21.77/28.18GB | phase(train/val/raw/train_eval) 3.4/0.6/0.0/0.0s | 4.0s
2026-08-29 17:11:03 | Epoch 047/060 | loss 2.0526 | cls 1.1804 | tal -0.0437 | dual_g 0.8853 | dual_d 1.0606 | train_acc 0.9982 | train_full n/a | val_acc 0.9250 | val_f1 0.8998 | adv/moduleC 1.00/1.00 | disc_steps 3 | grad(main/disc) 2.490/1.324 | lr(main/disc) 3.75e-05/1.50e-05 | cuda_peak(alloc/resv) 21.77/28.18GB | phase(train/val/raw/train_eval) 3.3/0.6/0.0/0.0s | 3.9s
2026-08-29 17:11:07 | Epoch 048/060 | loss 2.0540 | cls 1.1863 | tal -0.0551 | dual_g 0.8843 | dual_d 1.0641 | train_acc 0.9946 | train_full n/a | val_acc 0.9250 | val_f1 0.9011 | adv/moduleC 1.00/1.00 | disc_steps 3 | grad(main/disc) 2.535/1.360 | lr(main/disc) 3.75e-05/1.50e-05 | cuda_peak(alloc/resv) 21.77/28.18GB | phase(train/val/raw/train_eval) 3.5/0.6/0.0/0.0s | 4.1s
2026-08-29 17:11:11 | Epoch 049/060 | loss 2.0184 | cls 1.1675 | tal -0.0950 | dual_g 0.8793 | dual_d 1.0613 | train_acc 0.9964 | train_full n/a | val_acc 0.9250 | val_f1 0.9023 | adv/moduleC 1.00/1.00 | disc_steps 3 | grad(main/disc) 2.501/1.301 | lr(main/disc) 3.75e-05/1.50e-05 | cuda_peak(alloc/resv) 21.77/28.18GB | phase(train/val/raw/train_eval) 3.4/0.6/0.0/0.0s | 4.0s
2026-08-29 17:11:17 | Epoch 050/060 | loss 2.0236 | cls 1.1750 | tal -0.0926 | dual_g 0.8764 | dual_d 1.0319 | train_acc 0.9982 | train_full 0.9828 | val_acc 0.9417 | val_f1 0.9229 | adv/moduleC 1.00/1.00 | disc_steps 3 | grad(main/disc) 2.318/1.282 | lr(main/disc) 3.75e-05/1.50e-05 | cuda_peak(alloc/resv) 21.77/28.18GB | phase(train/val/raw/train_eval) 3.7/0.6/0.6/0.9s | 5.8s
2026-08-29 17:11:20 | New best val_f1_macro_present: raw=0.9229 stable_score=0.9229 at epoch 50
2026-08-29 17:11:24 | Epoch 051/060 | loss 2.0102 | cls 1.1700 | tal -0.1176 | dual_g 0.8755 | dual_d 1.0455 | train_acc 1.0000 | train_full n/a | val_acc 0.9333 | val_f1 0.9064 | adv/moduleC 1.00/1.00 | disc_steps 3 | grad(main/disc) 2.473/1.262 | lr(main/disc) 3.75e-05/1.50e-05 | cuda_peak(alloc/resv) 21.77/28.18GB | phase(train/val/raw/train_eval) 3.5/0.6/0.0/0.0s | 4.1s
2026-08-29 17:11:28 | Epoch 052/060 | loss 2.0335 | cls 1.1746 | tal -0.0466 | dual_g 0.8729 | dual_d 1.0431 | train_acc 0.9964 | train_full n/a | val_acc 0.9000 | val_f1 0.8670 | adv/moduleC 1.00/1.00 | disc_steps 3 | grad(main/disc) 2.178/1.267 | lr(main/disc) 3.75e-05/1.50e-05 | cuda_peak(alloc/resv) 21.77/28.18GB | phase(train/val/raw/train_eval) 3.4/0.6/0.0/0.0s | 3.9s
2026-08-29 17:11:32 | Epoch 053/060 | loss 2.0320 | cls 1.1722 | tal -0.0690 | dual_g 0.8804 | dual_d 1.0646 | train_acc 0.9982 | train_full n/a | val_acc 0.8917 | val_f1 0.8621 | adv/moduleC 1.00/1.00 | disc_steps 3 | grad(main/disc) 2.508/1.274 | lr(main/disc) 3.75e-05/1.50e-05 | cuda_peak(alloc/resv) 21.77/28.18GB | phase(train/val/raw/train_eval) 3.5/0.6/0.0/0.0s | 4.0s
2026-08-29 17:11:36 | Epoch 054/060 | loss 2.0385 | cls 1.1763 | tal -0.0399 | dual_g 0.8742 | dual_d 1.0488 | train_acc 1.0000 | train_full n/a | val_acc 0.9417 | val_f1 0.9212 | adv/moduleC 1.00/1.00 | disc_steps 3 | grad(main/disc) 2.485/1.287 | lr(main/disc) 3.75e-05/1.50e-05 | cuda_peak(alloc/resv) 21.77/28.18GB | phase(train/val/raw/train_eval) 3.7/0.6/0.0/0.0s | 4.2s
2026-08-29 17:11:41 | Epoch 055/060 | loss 2.0306 | cls 1.1740 | tal -0.0636 | dual_g 0.8757 | dual_d 1.0622 | train_acc 0.9982 | train_full 0.9613 | val_acc 0.9333 | val_f1 0.9064 | adv/moduleC 1.00/1.00 | disc_steps 3 | grad(main/disc) 2.359/1.291 | lr(main/disc) 3.75e-05/1.50e-05 | cuda_peak(alloc/resv) 21.77/28.18GB | phase(train/val/raw/train_eval) 3.3/0.6/0.6/0.8s | 5.3s
2026-08-29 17:11:45 | Epoch 056/060 | loss 2.0006 | cls 1.1624 | tal -0.1078 | dual_g 0.8706 | dual_d 1.0601 | train_acc 1.0000 | train_full n/a | val_acc 0.9000 | val_f1 0.8670 | adv/moduleC 1.00/1.00 | disc_steps 3 | grad(main/disc) 2.130/1.271 | lr(main/disc) 3.75e-05/1.50e-05 | cuda_peak(alloc/resv) 21.77/28.18GB | phase(train/val/raw/train_eval) 3.5/0.6/0.0/0.0s | 4.1s
2026-08-29 17:11:50 | Epoch 057/060 | loss 2.0203 | cls 1.1741 | tal -0.0864 | dual_g 0.8722 | dual_d 1.0487 | train_acc 0.9982 | train_full n/a | val_acc 0.9000 | val_f1 0.8836 | adv/moduleC 1.00/1.00 | disc_steps 3 | grad(main/disc) 2.296/1.276 | lr(main/disc) 3.75e-05/1.50e-05 | cuda_peak(alloc/resv) 21.77/28.18GB | phase(train/val/raw/train_eval) 3.7/0.6/0.0/0.0s | 4.3s
2026-08-29 17:11:54 | Epoch 058/060 | loss 2.0099 | cls 1.1630 | tal -0.0780 | dual_g 0.8703 | dual_d 1.0698 | train_acc 1.0000 | train_full n/a | val_acc 0.9250 | val_f1 0.8993 | adv/moduleC 1.00/1.00 | disc_steps 3 | grad(main/disc) 2.568/1.273 | lr(main/disc) 3.75e-05/1.50e-05 | cuda_peak(alloc/resv) 21.77/28.18GB | phase(train/val/raw/train_eval) 3.5/0.6/0.0/0.0s | 4.0s
2026-08-29 17:11:58 | Epoch 059/060 | loss 2.0184 | cls 1.1716 | tal -0.0862 | dual_g 0.8727 | dual_d 1.0588 | train_acc 0.9964 | train_full n/a | val_acc 0.9333 | val_f1 0.9053 | adv/moduleC 1.00/1.00 | disc_steps 3 | grad(main/disc) 2.401/1.255 | lr(main/disc) 1.87e-05/7.50e-06 | cuda_peak(alloc/resv) 21.77/28.18GB | phase(train/val/raw/train_eval) 3.3/0.6/0.0/0.0s | 3.9s
2026-08-29 17:12:03 | Epoch 060/060 | loss 2.0178 | cls 1.1688 | tal -0.0811 | dual_g 0.8733 | dual_d 1.0157 | train_acc 0.9982 | train_full 0.9785 | val_acc 0.9417 | val_f1 0.9283 | adv/moduleC 1.00/1.00 | disc_steps 3 | grad(main/disc) 2.718/1.222 | lr(main/disc) 1.87e-05/7.50e-06 | cuda_peak(alloc/resv) 21.77/28.18GB | phase(train/val/raw/train_eval) 3.5/0.6/0.6/0.8s | 5.5s
2026-08-29 17:12:06 | New best val_f1_macro_present: raw=0.9283 stable_score=0.9283 at epoch 60
2026-08-29 17:12:06 | Training complete. Peak validation accuracy: 0.9417 | selected val_f1_macro_present: 0.9283
