2026-08-29 17:12:06 | Starting Dual_D standalone training
2026-08-29 17:12:06 | Run directory: runs/module_c_ablation_60_v7/module_c_20260829_145907/module_c_no_paired_contrastive_黑天_20260829_170127
2026-08-29 17:12:06 | Device: cuda
2026-08-29 17:12:06 | Source train samples: 992
2026-08-29 17:12:06 | Target train samples: 465
2026-08-29 17:12:06 | Target val samples: 120
2026-08-29 17:12:06 | Classes: 14
2026-08-29 17:12:06 | Data audit: same_dir=False | path_overlap(vis/ir/ais)=0/0/0 | content_overlap(vis/ir/ais)=0/0/0 | ais_index_overlap=0 | stem_mismatch(vis-ir/vis-ais)=578/0
2026-08-29 17:12:06 | source_train classes: present 14/14 | absent 0 | counts [0:120, 1:44, 2:69, 3:45, 4:40, 5:30, 6:64, 7:80, 8:116, 9:68, 10:57, 11:83, 12:48, 13:128]
2026-08-29 17:12:06 | target_train classes: present 8/14 | absent 6 | counts [0:100, 2:11, 3:16, 6:89, 9:162, 10:12, 11:44, 13:31]
2026-08-29 17:12:06 | target_val classes: present 8/14 | absent 6 | counts [0:26, 2:3, 3:5, 6:23, 9:41, 10:3, 11:11, 13:8]
2026-08-29 17:12:06 | Paired training classes: 8/14 | class ids [0, 2, 3, 6, 9, 10, 11, 13]
2026-08-29 17:12:06 | Runtime profile: batch=92 | paired_steps=6 | workers=16 | train_eval_every=5 | raw_eval_every=5 | stability_window=1 | lr_scheduler_start=24 | early_stop=15 after min_epoch=48
2026-08-29 17:12:06 | VIS/IR pairing: class-level-unpaired | count-mismatch classes train/val: 10/0 | AIS alignment: none | AIS rows train/val: 0/0
2026-08-29 17:12:07 | Effective Dual-D loss weights: {"adv_auxiliary": 0.03, "adv_primary": 0.03, "classification": 0.6, "contrastive": 0.0, "cycle": 0.22, "identity": 0.035, "prototype_contrastive": 0.025}
2026-08-29 17:12:07 | Model parameters: total=17277714 | trainable=17120210
2026-08-29 17:12:13 | Epoch 001/060 | loss 5.8256 | cls 5.7375 | tal 0.2936 | dual_g 0.0000 | dual_d 0.0000 | train_acc 0.0942 | train_full 0.2000 | val_acc 0.2250 | val_f1 0.0968 | adv/moduleC 0.00/0.00 | disc_steps 0 | grad(main/disc) 15.719/0.000 | lr(main/disc) 7.50e-05/3.00e-05 | cuda_peak(alloc/resv) 21.77/28.18GB | phase(train/val/raw/train_eval) 4.0/0.6/0.6/0.8s | 6.1s
2026-08-29 17:12:16 | New best val_f1_macro_present: raw=0.0968 stable_score=0.0968 at epoch 1
2026-08-29 17:12:20 | Epoch 002/060 | loss 4.4103 | cls 4.3902 | tal 0.0668 | dual_g 0.0000 | dual_d 0.0000 | train_acc 0.2192 | train_full n/a | val_acc 0.1333 | val_f1 0.0681 | adv/moduleC 0.00/0.00 | disc_steps 0 | grad(main/disc) 11.734/0.000 | lr(main/disc) 7.50e-05/3.00e-05 | cuda_peak(alloc/resv) 21.77/28.18GB | phase(train/val/raw/train_eval) 3.3/0.6/0.0/0.0s | 3.9s
2026-08-29 17:12:24 | Epoch 003/060 | loss 3.8048 | cls 3.8105 | tal -0.0190 | dual_g 0.0000 | dual_d 0.0000 | train_acc 0.3478 | train_full n/a | val_acc 0.0917 | val_f1 0.0599 | adv/moduleC 0.00/0.00 | disc_steps 0 | grad(main/disc) 10.120/0.000 | lr(main/disc) 7.50e-05/3.00e-05 | cuda_peak(alloc/resv) 21.77/28.18GB | phase(train/val/raw/train_eval) 3.4/0.6/0.0/0.0s | 4.0s
2026-08-29 17:12:29 | Epoch 004/060 | loss 3.6869 | cls 3.3963 | tal -0.0488 | dual_g 0.3052 | dual_d 0.0000 | train_acc 0.4547 | train_full n/a | val_acc 0.1667 | val_f1 0.1594 | adv/moduleC 0.00/0.12 | disc_steps 0 | grad(main/disc) 10.003/0.000 | lr(main/disc) 7.50e-05/3.00e-05 | cuda_peak(alloc/resv) 21.77/28.18GB | phase(train/val/raw/train_eval) 3.7/0.6/0.6/0.0s | 4.9s
2026-08-29 17:12:31 | New best val_f1_macro_present: raw=0.1594 stable_score=0.1594 at epoch 4
2026-08-29 17:12:37 | Epoch 005/060 | loss 3.4744 | cls 2.9652 | tal -0.1082 | dual_g 0.5417 | dual_d 0.0000 | train_acc 0.5507 | train_full 0.2559 | val_acc 0.2583 | val_f1 0.3213 | adv/moduleC 0.00/0.25 | disc_steps 0 | grad(main/disc) 9.131/0.000 | lr(main/disc) 7.50e-05/3.00e-05 | cuda_peak(alloc/resv) 21.77/28.18GB | phase(train/val/raw/train_eval) 3.4/0.6/0.6/0.8s | 5.4s
2026-08-29 17:12:40 | New best val_f1_macro_present: raw=0.3213 stable_score=0.3213 at epoch 5
2026-08-29 17:12:45 | Epoch 006/060 | loss 3.4848 | cls 2.7562 | tal -0.0949 | dual_g 0.7571 | dual_d 0.9186 | train_acc 0.5870 | train_full n/a | val_acc 0.3583 | val_f1 0.4850 | adv/moduleC 0.07/0.38 | disc_steps 3 | grad(main/disc) 9.501/1.645 | lr(main/disc) 7.50e-05/3.00e-05 | cuda_peak(alloc/resv) 21.77/28.18GB | phase(train/val/raw/train_eval) 3.8/0.6/0.6/0.0s | 5.0s
2026-08-29 17:12:48 | New best val_f1_macro_present: raw=0.4850 stable_score=0.4850 at epoch 6
2026-08-29 17:12:53 | Epoch 007/060 | loss 3.5182 | cls 2.5958 | tal -0.1243 | dual_g 0.9597 | dual_d 0.8917 | train_acc 0.6486 | train_full n/a | val_acc 0.5083 | val_f1 0.6139 | adv/moduleC 0.13/0.50 | disc_steps 3 | grad(main/disc) 10.305/1.594 | lr(main/disc) 7.50e-05/3.00e-05 | cuda_peak(alloc/resv) 21.77/28.18GB | phase(train/val/raw/train_eval) 4.0/0.6/0.6/0.0s | 5.2s
2026-08-29 17:12:56 | New best val_f1_macro_present: raw=0.6139 stable_score=0.6139 at epoch 7
2026-08-29 17:13:01 | Epoch 008/060 | loss 3.4539 | cls 2.3779 | tal -0.0841 | dual_g 1.1013 | dual_d 0.8278 | train_acc 0.6975 | train_full n/a | val_acc 0.7000 | val_f1 0.7050 | adv/moduleC 0.20/0.62 | disc_steps 3 | grad(main/disc) 11.166/1.477 | lr(main/disc) 7.50e-05/3.00e-05 | cuda_peak(alloc/resv) 21.77/28.18GB | phase(train/val/raw/train_eval) 3.7/0.6/0.6/0.0s | 4.9s
2026-08-29 17:13:04 | New best val_f1_macro_present: raw=0.7050 stable_score=0.7050 at epoch 8
2026-08-29 17:13:08 | Epoch 009/060 | loss 3.3079 | cls 2.1364 | tal -0.0651 | dual_g 1.1911 | dual_d 0.8663 | train_acc 0.7500 | train_full n/a | val_acc 0.8000 | val_f1 0.7801 | adv/moduleC 0.27/0.75 | disc_steps 3 | grad(main/disc) 11.168/1.497 | lr(main/disc) 7.50e-05/3.00e-05 | cuda_peak(alloc/resv) 21.77/28.18GB | phase(train/val/raw/train_eval) 3.3/0.6/0.6/0.0s | 4.5s
2026-08-29 17:13:11 | New best val_f1_macro_present: raw=0.7801 stable_score=0.7801 at epoch 9
2026-08-29 17:13:17 | Epoch 010/060 | loss 3.3010 | cls 2.0162 | tal -0.0312 | dual_g 1.2942 | dual_d 0.8431 | train_acc 0.7699 | train_full 0.7226 | val_acc 0.6667 | val_f1 0.6416 | adv/moduleC 0.33/0.88 | disc_steps 3 | grad(main/disc) 10.984/1.467 | lr(main/disc) 7.50e-05/3.00e-05 | cuda_peak(alloc/resv) 21.77/28.18GB | phase(train/val/raw/train_eval) 3.8/0.6/0.6/0.9s | 5.8s
2026-08-29 17:13:21 | Epoch 011/060 | loss 3.3046 | cls 1.8775 | tal -0.0236 | dual_g 1.4342 | dual_d 0.8245 | train_acc 0.8134 | train_full n/a | val_acc 0.7917 | val_f1 0.7459 | adv/moduleC 0.40/1.00 | disc_steps 3 | grad(main/disc) 13.416/1.429 | lr(main/disc) 7.50e-05/3.00e-05 | cuda_peak(alloc/resv) 21.77/28.18GB | phase(train/val/raw/train_eval) 3.7/0.6/0.0/0.0s | 4.3s
2026-08-29 17:13:26 | Epoch 012/060 | loss 3.1052 | cls 1.7908 | tal -0.0659 | dual_g 1.3341 | dual_d 0.8217 | train_acc 0.8406 | train_full n/a | val_acc 0.8417 | val_f1 0.8055 | adv/moduleC 0.47/1.00 | disc_steps 3 | grad(main/disc) 10.262/1.369 | lr(main/disc) 7.50e-05/3.00e-05 | cuda_peak(alloc/resv) 21.77/28.18GB | phase(train/val/raw/train_eval) 3.9/0.6/0.6/0.0s | 5.1s
2026-08-29 17:13:29 | New best val_f1_macro_present: raw=0.8055 stable_score=0.8055 at epoch 12
2026-08-29 17:13:33 | Epoch 013/060 | loss 2.9211 | cls 1.6775 | tal -0.0427 | dual_g 1.2564 | dual_d 0.8305 | train_acc 0.8605 | train_full n/a | val_acc 0.8250 | val_f1 0.7939 | adv/moduleC 0.53/1.00 | disc_steps 3 | grad(main/disc) 9.629/1.379 | lr(main/disc) 7.50e-05/3.00e-05 | cuda_peak(alloc/resv) 21.77/28.18GB | phase(train/val/raw/train_eval) 3.4/0.6/0.0/0.0s | 4.0s
2026-08-29 17:13:38 | Epoch 014/060 | loss 2.8665 | cls 1.6467 | tal -0.0272 | dual_g 1.2279 | dual_d 0.8128 | train_acc 0.8877 | train_full n/a | val_acc 0.8333 | val_f1 0.8200 | adv/moduleC 0.60/1.00 | disc_steps 3 | grad(main/disc) 9.881/1.295 | lr(main/disc) 7.50e-05/3.00e-05 | cuda_peak(alloc/resv) 21.77/28.18GB | phase(train/val/raw/train_eval) 3.4/0.6/0.6/0.0s | 4.7s
2026-08-29 17:13:41 | New best val_f1_macro_present: raw=0.8200 stable_score=0.8200 at epoch 14
2026-08-29 17:13:46 | Epoch 015/060 | loss 2.8165 | cls 1.6095 | tal -0.0304 | dual_g 1.2162 | dual_d 0.8339 | train_acc 0.8822 | train_full 0.8796 | val_acc 0.8750 | val_f1 0.8444 | adv/moduleC 0.67/1.00 | disc_steps 3 | grad(main/disc) 10.761/1.340 | lr(main/disc) 7.50e-05/3.00e-05 | cuda_peak(alloc/resv) 21.77/28.18GB | phase(train/val/raw/train_eval) 3.7/0.6/0.6/0.9s | 5.8s
2026-08-29 17:13:49 | New best val_f1_macro_present: raw=0.8444 stable_score=0.8444 at epoch 15
2026-08-29 17:13:54 | Epoch 016/060 | loss 2.7586 | cls 1.5818 | tal -0.0192 | dual_g 1.1825 | dual_d 0.8470 | train_acc 0.9058 | train_full n/a | val_acc 0.9083 | val_f1 0.8878 | adv/moduleC 0.73/1.00 | disc_steps 3 | grad(main/disc) 10.863/1.346 | lr(main/disc) 7.50e-05/3.00e-05 | cuda_peak(alloc/resv) 21.77/28.18GB | phase(train/val/raw/train_eval) 3.7/0.6/0.6/0.0s | 4.9s
2026-08-29 17:13:57 | New best val_f1_macro_present: raw=0.8878 stable_score=0.8878 at epoch 16
2026-08-29 17:14:02 | Epoch 017/060 | loss 2.6995 | cls 1.5552 | tal -0.0520 | dual_g 1.1600 | dual_d 0.8098 | train_acc 0.9058 | train_full n/a | val_acc 0.9250 | val_f1 0.9024 | adv/moduleC 0.80/1.00 | disc_steps 3 | grad(main/disc) 11.130/1.271 | lr(main/disc) 7.50e-05/3.00e-05 | cuda_peak(alloc/resv) 21.77/28.18GB | phase(train/val/raw/train_eval) 3.5/0.6/0.6/0.0s | 4.8s
2026-08-29 17:14:05 | New best val_f1_macro_present: raw=0.9024 stable_score=0.9024 at epoch 17
2026-08-29 17:14:09 | Epoch 018/060 | loss 2.6048 | cls 1.4893 | tal -0.0184 | dual_g 1.1210 | dual_d 0.8392 | train_acc 0.9420 | train_full n/a | val_acc 0.8917 | val_f1 0.8768 | adv/moduleC 0.87/1.00 | disc_steps 3 | grad(main/disc) 8.331/1.289 | lr(main/disc) 7.50e-05/3.00e-05 | cuda_peak(alloc/resv) 21.77/28.18GB | phase(train/val/raw/train_eval) 3.4/0.6/0.0/0.0s | 4.0s
2026-08-29 17:14:13 | Epoch 019/060 | loss 2.5508 | cls 1.4438 | tal 0.0132 | dual_g 1.1031 | dual_d 0.8701 | train_acc 0.9330 | train_full n/a | val_acc 0.9167 | val_f1 0.8848 | adv/moduleC 0.93/1.00 | disc_steps 3 | grad(main/disc) 8.387/1.348 | lr(main/disc) 7.50e-05/3.00e-05 | cuda_peak(alloc/resv) 21.77/28.18GB | phase(train/val/raw/train_eval) 3.5/0.6/0.0/0.0s | 4.1s
2026-08-29 17:14:18 | Epoch 020/060 | loss 2.5160 | cls 1.4294 | tal -0.0036 | dual_g 1.0876 | dual_d 0.8589 | train_acc 0.9565 | train_full 0.9419 | val_acc 0.9083 | val_f1 0.8826 | adv/moduleC 1.00/1.00 | disc_steps 3 | grad(main/disc) 8.595/1.319 | lr(main/disc) 7.50e-05/3.00e-05 | cuda_peak(alloc/resv) 21.77/28.18GB | phase(train/val/raw/train_eval) 3.4/0.6/0.6/0.9s | 5.5s
2026-08-29 17:14:23 | Epoch 021/060 | loss 2.4113 | cls 1.3968 | tal -0.0630 | dual_g 1.0334 | dual_d 0.8574 | train_acc 0.9656 | train_full n/a | val_acc 0.9167 | val_f1 0.9081 | adv/moduleC 1.00/1.00 | disc_steps 3 | grad(main/disc) 9.079/1.317 | lr(main/disc) 7.50e-05/3.00e-05 | cuda_peak(alloc/resv) 21.77/28.18GB | phase(train/val/raw/train_eval) 3.4/0.6/0.6/0.0s | 4.6s
2026-08-29 17:14:26 | New best val_f1_macro_present: raw=0.9081 stable_score=0.9081 at epoch 21
2026-08-29 17:14:31 | Epoch 022/060 | loss 2.3615 | cls 1.3535 | tal -0.0477 | dual_g 1.0223 | dual_d 0.8504 | train_acc 0.9692 | train_full n/a | val_acc 0.9333 | val_f1 0.9242 | adv/moduleC 1.00/1.00 | disc_steps 3 | grad(main/disc) 7.070/1.306 | lr(main/disc) 7.50e-05/3.00e-05 | cuda_peak(alloc/resv) 21.77/28.18GB | phase(train/val/raw/train_eval) 3.4/0.6/0.6/0.0s | 4.6s
2026-08-29 17:14:34 | New best val_f1_macro_present: raw=0.9242 stable_score=0.9242 at epoch 22
2026-08-29 17:14:38 | Epoch 023/060 | loss 2.3333 | cls 1.3490 | tal -0.0958 | dual_g 1.0130 | dual_d 0.8927 | train_acc 0.9674 | train_full n/a | val_acc 0.9167 | val_f1 0.8842 | adv/moduleC 1.00/1.00 | disc_steps 3 | grad(main/disc) 8.294/1.342 | lr(main/disc) 7.50e-05/3.00e-05 | cuda_peak(alloc/resv) 21.77/28.18GB | phase(train/val/raw/train_eval) 3.6/0.6/0.0/0.0s | 4.2s
2026-08-29 17:14:42 | Epoch 024/060 | loss 2.2962 | cls 1.3173 | tal -0.1198 | dual_g 1.0149 | dual_d 0.8834 | train_acc 0.9620 | train_full n/a | val_acc 0.9333 | val_f1 0.9046 | adv/moduleC 1.00/1.00 | disc_steps 3 | grad(main/disc) 7.499/1.318 | lr(main/disc) 7.50e-05/3.00e-05 | cuda_peak(alloc/resv) 21.77/28.18GB | phase(train/val/raw/train_eval) 3.4/0.6/0.0/0.0s | 4.0s
2026-08-29 17:14:47 | Epoch 025/060 | loss 2.2519 | cls 1.2955 | tal -0.0750 | dual_g 0.9788 | dual_d 0.8714 | train_acc 0.9764 | train_full 0.9763 | val_acc 0.9250 | val_f1 0.9164 | adv/moduleC 1.00/1.00 | disc_steps 3 | grad(main/disc) 5.765/1.295 | lr(main/disc) 7.50e-05/3.00e-05 | cuda_peak(alloc/resv) 21.77/28.18GB | phase(train/val/raw/train_eval) 3.7/0.6/0.6/0.8s | 5.7s
2026-08-29 17:14:51 | Epoch 026/060 | loss 2.2206 | cls 1.2898 | tal -0.1950 | dual_g 0.9893 | dual_d 0.8514 | train_acc 0.9764 | train_full n/a | val_acc 0.9333 | val_f1 0.9072 | adv/moduleC 1.00/1.00 | disc_steps 3 | grad(main/disc) 7.146/1.248 | lr(main/disc) 7.50e-05/3.00e-05 | cuda_peak(alloc/resv) 21.77/28.18GB | phase(train/val/raw/train_eval) 3.3/0.6/0.0/0.0s | 3.9s
2026-08-29 17:14:56 | Epoch 027/060 | loss 2.1521 | cls 1.2494 | tal -0.2024 | dual_g 0.9634 | dual_d 0.9032 | train_acc 0.9801 | train_full n/a | val_acc 0.9333 | val_f1 0.9045 | adv/moduleC 1.00/1.00 | disc_steps 3 | grad(main/disc) 4.909/1.312 | lr(main/disc) 7.50e-05/3.00e-05 | cuda_peak(alloc/resv) 21.77/28.18GB | phase(train/val/raw/train_eval) 3.7/0.6/0.0/0.0s | 4.3s
2026-08-29 17:15:00 | Epoch 028/060 | loss 2.1543 | cls 1.2573 | tal -0.2089 | dual_g 0.9596 | dual_d 0.8724 | train_acc 0.9855 | train_full n/a | val_acc 0.9333 | val_f1 0.9367 | adv/moduleC 1.00/1.00 | disc_steps 3 | grad(main/disc) 5.268/1.261 | lr(main/disc) 7.50e-05/3.00e-05 | cuda_peak(alloc/resv) 21.77/28.18GB | phase(train/val/raw/train_eval) 3.4/0.6/0.6/0.0s | 4.6s
2026-08-29 17:15:03 | New best val_f1_macro_present: raw=0.9367 stable_score=0.9367 at epoch 28
2026-08-29 17:15:08 | Epoch 029/060 | loss 2.1310 | cls 1.2375 | tal -0.1763 | dual_g 0.9464 | dual_d 0.8757 | train_acc 0.9928 | train_full n/a | val_acc 0.9583 | val_f1 0.9505 | adv/moduleC 1.00/1.00 | disc_steps 3 | grad(main/disc) 4.580/1.235 | lr(main/disc) 7.50e-05/3.00e-05 | cuda_peak(alloc/resv) 21.77/28.18GB | phase(train/val/raw/train_eval) 3.4/0.6/0.6/0.0s | 4.6s
2026-08-29 17:15:11 | New best val_f1_macro_present: raw=0.9505 stable_score=0.9505 at epoch 29
2026-08-29 17:15:16 | Epoch 030/060 | loss 2.1643 | cls 1.2615 | tal -0.1682 | dual_g 0.9533 | dual_d 0.9233 | train_acc 0.9891 | train_full 0.9570 | val_acc 0.9333 | val_f1 0.9120 | adv/moduleC 1.00/1.00 | disc_steps 3 | grad(main/disc) 5.360/1.274 | lr(main/disc) 7.50e-05/3.00e-05 | cuda_peak(alloc/resv) 21.77/28.18GB | phase(train/val/raw/train_eval) 3.3/0.6/0.6/0.9s | 5.4s
2026-08-29 17:15:20 | Epoch 031/060 | loss 2.1236 | cls 1.2342 | tal -0.1614 | dual_g 0.9379 | dual_d 0.8925 | train_acc 0.9946 | train_full n/a | val_acc 0.9333 | val_f1 0.8957 | adv/moduleC 1.00/1.00 | disc_steps 3 | grad(main/disc) 4.580/1.220 | lr(main/disc) 7.50e-05/3.00e-05 | cuda_peak(alloc/resv) 21.77/28.18GB | phase(train/val/raw/train_eval) 3.6/0.6/0.0/0.0s | 4.2s
2026-08-29 17:15:25 | Epoch 032/060 | loss 2.1369 | cls 1.2418 | tal -0.1377 | dual_g 0.9364 | dual_d 0.9224 | train_acc 0.9855 | train_full n/a | val_acc 0.9583 | val_f1 0.9527 | adv/moduleC 1.00/1.00 | disc_steps 3 | grad(main/disc) 5.447/1.283 | lr(main/disc) 7.50e-05/3.00e-05 | cuda_peak(alloc/resv) 21.77/28.18GB | phase(train/val/raw/train_eval) 3.8/0.6/0.6/0.0s | 5.0s
2026-08-29 17:15:28 | New best val_f1_macro_present: raw=0.9527 stable_score=0.9527 at epoch 32
2026-08-29 17:15:32 | Epoch 033/060 | loss 2.1294 | cls 1.2274 | tal -0.1016 | dual_g 0.9324 | dual_d 0.9234 | train_acc 0.9909 | train_full n/a | val_acc 0.9500 | val_f1 0.9281 | adv/moduleC 1.00/1.00 | disc_steps 3 | grad(main/disc) 4.435/1.283 | lr(main/disc) 7.50e-05/3.00e-05 | cuda_peak(alloc/resv) 21.77/28.18GB | phase(train/val/raw/train_eval) 3.4/0.6/0.0/0.0s | 4.1s
2026-08-29 17:15:37 | Epoch 034/060 | loss 2.1283 | cls 1.2230 | tal -0.0959 | dual_g 0.9340 | dual_d 0.9283 | train_acc 0.9928 | train_full n/a | val_acc 0.9667 | val_f1 0.9574 | adv/moduleC 1.00/1.00 | disc_steps 3 | grad(main/disc) 4.905/1.321 | lr(main/disc) 7.50e-05/3.00e-05 | cuda_peak(alloc/resv) 21.77/28.18GB | phase(train/val/raw/train_eval) 3.3/0.6/0.6/0.0s | 4.6s
2026-08-29 17:15:40 | New best val_f1_macro_present: raw=0.9574 stable_score=0.9574 at epoch 34
2026-08-29 17:15:46 | Epoch 035/060 | loss 2.0929 | cls 1.2169 | tal -0.1264 | dual_g 0.9139 | dual_d 0.9555 | train_acc 0.9946 | train_full 0.9699 | val_acc 0.9417 | val_f1 0.9214 | adv/moduleC 1.00/1.00 | disc_steps 3 | grad(main/disc) 4.721/1.251 | lr(main/disc) 7.50e-05/3.00e-05 | cuda_peak(alloc/resv) 21.77/28.18GB | phase(train/val/raw/train_eval) 3.7/0.6/0.6/0.9s | 5.8s
2026-08-29 17:15:49 | Epoch 036/060 | loss 2.0703 | cls 1.2024 | tal -0.1684 | dual_g 0.9184 | dual_d 0.9516 | train_acc 0.9964 | train_full n/a | val_acc 0.9500 | val_f1 0.9248 | adv/moduleC 1.00/1.00 | disc_steps 3 | grad(main/disc) 3.280/1.297 | lr(main/disc) 7.50e-05/3.00e-05 | cuda_peak(alloc/resv) 21.77/28.18GB | phase(train/val/raw/train_eval) 3.2/0.6/0.0/0.0s | 3.8s
2026-08-29 17:15:53 | Epoch 037/060 | loss 2.0694 | cls 1.2084 | tal -0.1729 | dual_g 0.9129 | dual_d 0.9395 | train_acc 0.9964 | train_full n/a | val_acc 0.9583 | val_f1 0.9518 | adv/moduleC 1.00/1.00 | disc_steps 3 | grad(main/disc) 3.727/1.249 | lr(main/disc) 7.50e-05/3.00e-05 | cuda_peak(alloc/resv) 21.77/28.18GB | phase(train/val/raw/train_eval) 3.3/0.6/0.0/0.0s | 3.9s
2026-08-29 17:15:57 | Epoch 038/060 | loss 2.0558 | cls 1.2010 | tal -0.1693 | dual_g 0.9056 | dual_d 0.9531 | train_acc 0.9964 | train_full n/a | val_acc 0.9333 | val_f1 0.9220 | adv/moduleC 1.00/1.00 | disc_steps 3 | grad(main/disc) 3.512/1.304 | lr(main/disc) 7.50e-05/3.00e-05 | cuda_peak(alloc/resv) 21.77/28.18GB | phase(train/val/raw/train_eval) 3.6/0.6/0.0/0.0s | 4.2s
2026-08-29 17:16:02 | Epoch 039/060 | loss 2.0541 | cls 1.2021 | tal -0.1884 | dual_g 0.9086 | dual_d 0.9547 | train_acc 0.9928 | train_full n/a | val_acc 0.9500 | val_f1 0.9443 | adv/moduleC 1.00/1.00 | disc_steps 3 | grad(main/disc) 4.494/1.271 | lr(main/disc) 7.50e-05/3.00e-05 | cuda_peak(alloc/resv) 21.77/28.18GB | phase(train/val/raw/train_eval) 3.5/0.6/0.0/0.0s | 4.1s
2026-08-29 17:16:07 | Epoch 040/060 | loss 2.0380 | cls 1.2012 | tal -0.2044 | dual_g 0.8982 | dual_d 0.9731 | train_acc 0.9946 | train_full 0.9935 | val_acc 0.9667 | val_f1 0.9557 | adv/moduleC 1.00/1.00 | disc_steps 3 | grad(main/disc) 3.983/1.303 | lr(main/disc) 7.50e-05/3.00e-05 | cuda_peak(alloc/resv) 21.77/28.18GB | phase(train/val/raw/train_eval) 3.4/0.6/0.6/0.9s | 5.4s
2026-08-29 17:16:11 | Epoch 041/060 | loss 2.0333 | cls 1.1859 | tal -0.1922 | dual_g 0.9050 | dual_d 0.9709 | train_acc 1.0000 | train_full n/a | val_acc 0.9417 | val_f1 0.9151 | adv/moduleC 1.00/1.00 | disc_steps 3 | grad(main/disc) 3.454/1.274 | lr(main/disc) 7.50e-05/3.00e-05 | cuda_peak(alloc/resv) 21.77/28.18GB | phase(train/val/raw/train_eval) 3.4/0.6/0.0/0.0s | 4.0s
2026-08-29 17:16:15 | Epoch 042/060 | loss 2.0126 | cls 1.1786 | tal -0.1991 | dual_g 0.8938 | dual_d 0.9490 | train_acc 0.9982 | train_full n/a | val_acc 0.9500 | val_f1 0.9259 | adv/moduleC 1.00/1.00 | disc_steps 3 | grad(main/disc) 2.943/1.288 | lr(main/disc) 7.50e-05/3.00e-05 | cuda_peak(alloc/resv) 21.77/28.18GB | phase(train/val/raw/train_eval) 3.7/0.6/0.0/0.0s | 4.3s
2026-08-29 17:16:19 | Epoch 043/060 | loss 2.0383 | cls 1.1871 | tal -0.1481 | dual_g 0.8956 | dual_d 0.9890 | train_acc 0.9891 | train_full n/a | val_acc 0.9667 | val_f1 0.9557 | adv/moduleC 1.00/1.00 | disc_steps 3 | grad(main/disc) 3.871/1.303 | lr(main/disc) 3.75e-05/1.50e-05 | cuda_peak(alloc/resv) 21.77/28.18GB | phase(train/val/raw/train_eval) 3.5/0.6/0.0/0.0s | 4.1s
2026-08-29 17:16:24 | Epoch 044/060 | loss 2.0235 | cls 1.1847 | tal -0.1817 | dual_g 0.8933 | dual_d 0.9636 | train_acc 0.9964 | train_full n/a | val_acc 0.9667 | val_f1 0.9466 | adv/moduleC 1.00/1.00 | disc_steps 3 | grad(main/disc) 2.867/1.298 | lr(main/disc) 3.75e-05/1.50e-05 | cuda_peak(alloc/resv) 21.77/28.18GB | phase(train/val/raw/train_eval) 3.7/0.6/0.0/0.0s | 4.3s
2026-08-29 17:16:29 | Epoch 045/060 | loss 2.0394 | cls 1.1956 | tal -0.1843 | dual_g 0.8991 | dual_d 1.0149 | train_acc 0.9964 | train_full 0.9914 | val_acc 0.9583 | val_f1 0.9414 | adv/moduleC 1.00/1.00 | disc_steps 3 | grad(main/disc) 3.214/1.319 | lr(main/disc) 3.75e-05/1.50e-05 | cuda_peak(alloc/resv) 21.77/28.18GB | phase(train/val/raw/train_eval) 3.5/0.6/0.6/0.9s | 5.5s
2026-08-29 17:16:33 | Epoch 046/060 | loss 2.0160 | cls 1.1826 | tal -0.1850 | dual_g 0.8889 | dual_d 0.9456 | train_acc 0.9946 | train_full n/a | val_acc 0.9667 | val_f1 0.9466 | adv/moduleC 1.00/1.00 | disc_steps 3 | grad(main/disc) 3.186/1.246 | lr(main/disc) 3.75e-05/1.50e-05 | cuda_peak(alloc/resv) 21.77/28.18GB | phase(train/val/raw/train_eval) 3.5/0.6/0.0/0.0s | 4.1s
2026-08-29 17:16:37 | Epoch 047/060 | loss 2.0219 | cls 1.1794 | tal -0.1406 | dual_g 0.8847 | dual_d 0.9429 | train_acc 1.0000 | train_full n/a | val_acc 0.9750 | val_f1 0.9535 | adv/moduleC 1.00/1.00 | disc_steps 3 | grad(main/disc) 2.584/1.263 | lr(main/disc) 3.75e-05/1.50e-05 | cuda_peak(alloc/resv) 21.77/28.18GB | phase(train/val/raw/train_eval) 3.3/0.6/0.0/0.0s | 3.9s
2026-08-29 17:16:41 | Epoch 048/060 | loss 2.0196 | cls 1.1799 | tal -0.1415 | dual_g 0.8822 | dual_d 0.9921 | train_acc 1.0000 | train_full n/a | val_acc 0.9750 | val_f1 0.9535 | adv/moduleC 1.00/1.00 | disc_steps 3 | grad(main/disc) 2.532/1.276 | lr(main/disc) 3.75e-05/1.50e-05 | cuda_peak(alloc/resv) 21.77/28.18GB | phase(train/val/raw/train_eval) 3.2/0.6/0.0/0.0s | 3.9s
2026-08-29 17:16:46 | Epoch 049/060 | loss 2.0317 | cls 1.1877 | tal -0.1752 | dual_g 0.8966 | dual_d 0.9643 | train_acc 1.0000 | train_full n/a | val_acc 0.9750 | val_f1 0.9626 | adv/moduleC 1.00/1.00 | disc_steps 3 | grad(main/disc) 2.692/1.214 | lr(main/disc) 3.75e-05/1.50e-05 | cuda_peak(alloc/resv) 21.77/28.18GB | phase(train/val/raw/train_eval) 3.6/0.6/0.6/0.0s | 4.8s
2026-08-29 17:16:49 | New best val_f1_macro_present: raw=0.9626 stable_score=0.9626 at epoch 49
2026-08-29 17:16:54 | Epoch 050/060 | loss 1.9890 | cls 1.1711 | tal -0.2050 | dual_g 0.8794 | dual_d 0.9663 | train_acc 1.0000 | train_full 0.9935 | val_acc 0.9583 | val_f1 0.9505 | adv/moduleC 1.00/1.00 | disc_steps 3 | grad(main/disc) 1.991/1.271 | lr(main/disc) 3.75e-05/1.50e-05 | cuda_peak(alloc/resv) 21.77/28.18GB | phase(train/val/raw/train_eval) 3.3/0.6/0.6/0.9s | 5.4s
2026-08-29 17:16:58 | Epoch 051/060 | loss 1.9850 | cls 1.1667 | tal -0.1994 | dual_g 0.8781 | dual_d 0.9942 | train_acc 0.9982 | train_full n/a | val_acc 0.9667 | val_f1 0.9579 | adv/moduleC 1.00/1.00 | disc_steps 3 | grad(main/disc) 2.245/1.298 | lr(main/disc) 3.75e-05/1.50e-05 | cuda_peak(alloc/resv) 21.77/28.18GB | phase(train/val/raw/train_eval) 3.4/0.6/0.0/0.0s | 4.1s
2026-08-29 17:17:03 | Epoch 052/060 | loss 1.9915 | cls 1.1770 | tal -0.2025 | dual_g 0.8752 | dual_d 0.9619 | train_acc 0.9964 | train_full n/a | val_acc 0.9667 | val_f1 0.9466 | adv/moduleC 1.00/1.00 | disc_steps 3 | grad(main/disc) 2.331/1.263 | lr(main/disc) 3.75e-05/1.50e-05 | cuda_peak(alloc/resv) 21.77/28.18GB | phase(train/val/raw/train_eval) 3.7/0.6/0.0/0.0s | 4.3s
2026-08-29 17:17:07 | Epoch 053/060 | loss 1.9696 | cls 1.1675 | tal -0.2363 | dual_g 0.8729 | dual_d 0.9859 | train_acc 0.9964 | train_full n/a | val_acc 0.9750 | val_f1 0.9535 | adv/moduleC 1.00/1.00 | disc_steps 3 | grad(main/disc) 2.395/1.296 | lr(main/disc) 3.75e-05/1.50e-05 | cuda_peak(alloc/resv) 21.77/28.18GB | phase(train/val/raw/train_eval) 3.7/0.6/0.0/0.0s | 4.3s
2026-08-29 17:17:11 | Epoch 054/060 | loss 1.9833 | cls 1.1692 | tal -0.2213 | dual_g 0.8805 | dual_d 0.9991 | train_acc 0.9946 | train_full n/a | val_acc 0.9667 | val_f1 0.9466 | adv/moduleC 1.00/1.00 | disc_steps 3 | grad(main/disc) 2.468/1.290 | lr(main/disc) 3.75e-05/1.50e-05 | cuda_peak(alloc/resv) 21.77/28.18GB | phase(train/val/raw/train_eval) 3.2/0.6/0.0/0.0s | 3.9s
2026-08-29 17:17:16 | Epoch 055/060 | loss 1.9976 | cls 1.1794 | tal -0.1752 | dual_g 0.8708 | dual_d 1.0131 | train_acc 0.9946 | train_full 0.9935 | val_acc 0.9667 | val_f1 0.9557 | adv/moduleC 1.00/1.00 | disc_steps 3 | grad(main/disc) 2.682/1.300 | lr(main/disc) 3.75e-05/1.50e-05 | cuda_peak(alloc/resv) 21.77/28.18GB | phase(train/val/raw/train_eval) 3.4/0.6/0.6/0.9s | 5.5s
2026-08-29 17:17:20 | Epoch 056/060 | loss 2.0139 | cls 1.1756 | tal -0.1346 | dual_g 0.8787 | dual_d 0.9512 | train_acc 0.9982 | train_full n/a | val_acc 0.9667 | val_f1 0.9557 | adv/moduleC 1.00/1.00 | disc_steps 3 | grad(main/disc) 2.911/1.283 | lr(main/disc) 3.75e-05/1.50e-05 | cuda_peak(alloc/resv) 21.77/28.18GB | phase(train/val/raw/train_eval) 3.5/0.6/0.0/0.0s | 4.1s
2026-08-29 17:17:24 | Epoch 057/060 | loss 1.9880 | cls 1.1646 | tal -0.1751 | dual_g 0.8760 | dual_d 0.9672 | train_acc 1.0000 | train_full n/a | val_acc 0.9750 | val_f1 0.9535 | adv/moduleC 1.00/1.00 | disc_steps 3 | grad(main/disc) 2.404/1.226 | lr(main/disc) 3.75e-05/1.50e-05 | cuda_peak(alloc/resv) 21.77/28.18GB | phase(train/val/raw/train_eval) 3.2/0.6/0.0/0.0s | 3.8s
2026-08-29 17:17:28 | Epoch 058/060 | loss 1.9845 | cls 1.1649 | tal -0.1640 | dual_g 0.8688 | dual_d 0.9740 | train_acc 1.0000 | train_full n/a | val_acc 0.9750 | val_f1 0.9626 | adv/moduleC 1.00/1.00 | disc_steps 3 | grad(main/disc) 2.216/1.269 | lr(main/disc) 1.87e-05/7.50e-06 | cuda_peak(alloc/resv) 21.77/28.18GB | phase(train/val/raw/train_eval) 3.4/0.6/0.0/0.0s | 4.0s
2026-08-29 17:17:32 | Epoch 059/060 | loss 1.9728 | cls 1.1612 | tal -0.1980 | dual_g 0.8710 | dual_d 0.9821 | train_acc 0.9964 | train_full n/a | val_acc 0.9750 | val_f1 0.9626 | adv/moduleC 1.00/1.00 | disc_steps 3 | grad(main/disc) 2.060/1.252 | lr(main/disc) 1.87e-05/7.50e-06 | cuda_peak(alloc/resv) 21.77/28.18GB | phase(train/val/raw/train_eval) 3.7/0.6/0.0/0.0s | 4.3s
2026-08-29 17:17:38 | Epoch 060/060 | loss 1.9673 | cls 1.1615 | tal -0.2173 | dual_g 0.8710 | dual_d 0.9923 | train_acc 1.0000 | train_full 0.9935 | val_acc 0.9667 | val_f1 0.9466 | adv/moduleC 1.00/1.00 | disc_steps 3 | grad(main/disc) 1.975/1.200 | lr(main/disc) 1.87e-05/7.50e-06 | cuda_peak(alloc/resv) 21.77/28.18GB | phase(train/val/raw/train_eval) 3.2/0.6/0.6/0.9s | 5.3s
2026-08-29 17:17:38 | Training complete. Peak validation accuracy: 0.9750 | selected val_f1_macro_present: 0.9626
