2026-08-26 21:02:49 | Starting Dual_D standalone training
2026-08-26 21:02:49 | Run directory: runs/module_c_ablation_60_v4/module_c_20260826_164328/module_c_no_prototype_contrastive_雨天_20260826_201844
2026-08-26 21:02:49 | Device: cuda
2026-08-26 21:02:49 | Source train samples: 992
2026-08-26 21:02:49 | Target train samples: 96
2026-08-26 21:02:49 | Target val samples: 26
2026-08-26 21:02:49 | Classes: 14
2026-08-26 21:02:49 | Data audit: same_dir=False | path_overlap(vis/ir/ais)=0/0/0 | content_overlap(vis/ir/ais)=0/0/0 | ais_index_overlap=0 | stem_mismatch(vis-ir/vis-ais)=117/0
2026-08-26 21:02:49 | source_train classes: present 14/14 | absent 0 | counts [0:120, 1:44, 2:69, 3:45, 4:40, 5:30, 6:64, 7:80, 8:116, 9:68, 10:57, 11:83, 12:48, 13:128]
2026-08-26 21:02:49 | target_train classes: present 6/14 | absent 8 | counts [0:7, 2:19, 9:32, 10:12, 11:6, 13:20]
2026-08-26 21:02:49 | target_val classes: present 6/14 | absent 8 | counts [0:2, 2:5, 9:8, 10:4, 11:2, 13:5]
2026-08-26 21:02:49 | Paired training classes: 6/14 | class ids [0, 2, 9, 10, 11, 13]
2026-08-26 21:02:49 | Runtime profile: batch=80 | paired_steps=3 | workers=16 | train_eval_every=5 | raw_eval_every=5 | early_stop=15 after min_epoch=35
2026-08-26 21:02:49 | VIS/IR pairing: class-level-unpaired | count-mismatch classes train/val: 10/0 | AIS alignment: none | AIS rows train/val: 0/0
2026-08-26 21:02:51 | Model parameters: total=17277714 | trainable=17120210
2026-08-26 21:02:55 | Epoch 001/060 | loss 5.8613 | cls 5.8406 | tal 0.0693 | dual_g 0.0000 | dual_d 0.0000 | train_acc 0.0833 | train_full 0.1042 | val_acc 0.1538 | val_f1 0.2037 | adv/moduleC 0.00/0.00 | disc_steps 0 | grad(main/disc) 18.011/0.000 | lr(main/disc) 9.00e-05/3.50e-05 | cuda_peak(alloc/resv) 18.96/24.42GB | phase(train/val/raw/train_eval) 2.8/0.5/0.5/0.7s | 4.5s
2026-08-26 21:02:59 | New best val_f1_macro_present: 0.2037 at epoch 1
2026-08-26 21:03:03 | Epoch 002/060 | loss 4.8285 | cls 4.8189 | tal 0.0320 | dual_g 0.0000 | dual_d 0.0000 | train_acc 0.1125 | train_full n/a | val_acc 0.2692 | val_f1 0.1493 | adv/moduleC 0.00/0.00 | disc_steps 0 | grad(main/disc) 15.640/0.000 | lr(main/disc) 9.00e-05/3.50e-05 | cuda_peak(alloc/resv) 18.96/24.42GB | phase(train/val/raw/train_eval) 2.9/0.5/0.0/0.0s | 3.4s
2026-08-26 21:03:06 | Epoch 003/060 | loss 4.1986 | cls 4.1901 | tal 0.0285 | dual_g 0.0000 | dual_d 0.0000 | train_acc 0.2333 | train_full n/a | val_acc 0.2308 | val_f1 0.1706 | adv/moduleC 0.00/0.00 | disc_steps 0 | grad(main/disc) 12.997/0.000 | lr(main/disc) 9.00e-05/3.50e-05 | cuda_peak(alloc/resv) 18.96/24.42GB | phase(train/val/raw/train_eval) 2.7/0.5/0.0/0.0s | 3.1s
2026-08-26 21:03:09 | Epoch 004/060 | loss 3.6857 | cls 3.6856 | tal 0.0005 | dual_g 0.0000 | dual_d 0.0000 | train_acc 0.2708 | train_full n/a | val_acc 0.1923 | val_f1 0.0575 | adv/moduleC 0.00/0.00 | disc_steps 0 | grad(main/disc) 11.528/0.000 | lr(main/disc) 9.00e-05/3.50e-05 | cuda_peak(alloc/resv) 18.96/24.42GB | phase(train/val/raw/train_eval) 2.4/0.5/0.0/0.0s | 2.9s
2026-08-26 21:03:13 | Epoch 005/060 | loss 3.8351 | cls 3.6269 | tal -0.0509 | dual_g 0.2235 | dual_d 0.0000 | train_acc 0.3375 | train_full 0.2188 | val_acc 0.1923 | val_f1 0.0617 | adv/moduleC 0.00/0.10 | disc_steps 0 | grad(main/disc) 11.381/0.000 | lr(main/disc) 9.00e-05/3.50e-05 | cuda_peak(alloc/resv) 18.96/24.42GB | phase(train/val/raw/train_eval) 2.8/0.5/0.5/0.7s | 4.4s
2026-08-26 21:03:16 | Epoch 006/060 | loss 3.6466 | cls 3.2409 | tal -0.0764 | dual_g 0.4287 | dual_d 0.0000 | train_acc 0.4500 | train_full n/a | val_acc 0.1923 | val_f1 0.0909 | adv/moduleC 0.00/0.20 | disc_steps 0 | grad(main/disc) 10.571/0.000 | lr(main/disc) 9.00e-05/3.50e-05 | cuda_peak(alloc/resv) 18.96/24.42GB | phase(train/val/raw/train_eval) 2.5/0.5/0.0/0.0s | 3.0s
2026-08-26 21:03:20 | Epoch 007/060 | loss 3.4842 | cls 2.9102 | tal -0.0906 | dual_g 0.6012 | dual_d 0.8348 | train_acc 0.4958 | train_full n/a | val_acc 0.0769 | val_f1 0.0446 | adv/moduleC 0.06/0.30 | disc_steps 3 | grad(main/disc) 10.246/1.852 | lr(main/disc) 9.00e-05/3.50e-05 | cuda_peak(alloc/resv) 18.96/24.42GB | phase(train/val/raw/train_eval) 3.2/0.5/0.0/0.0s | 3.7s
2026-08-26 21:03:23 | Epoch 008/060 | loss 3.4933 | cls 2.8087 | tal -0.0966 | dual_g 0.7136 | dual_d 0.8626 | train_acc 0.5375 | train_full n/a | val_acc 0.2308 | val_f1 0.1560 | adv/moduleC 0.11/0.40 | disc_steps 3 | grad(main/disc) 9.759/1.786 | lr(main/disc) 4.50e-05/1.75e-05 | cuda_peak(alloc/resv) 18.96/24.42GB | phase(train/val/raw/train_eval) 2.4/0.5/0.0/0.0s | 2.9s
2026-08-26 21:03:27 | Epoch 009/060 | loss 3.4674 | cls 2.5928 | tal -0.0324 | dual_g 0.8843 | dual_d 0.8552 | train_acc 0.6208 | train_full n/a | val_acc 0.3077 | val_f1 0.2179 | adv/moduleC 0.17/0.50 | disc_steps 3 | grad(main/disc) 9.583/1.780 | lr(main/disc) 4.50e-05/1.75e-05 | cuda_peak(alloc/resv) 18.96/24.42GB | phase(train/val/raw/train_eval) 2.9/0.5/0.5/0.0s | 3.9s
2026-08-26 21:03:30 | New best val_f1_macro_present: 0.2179 at epoch 9
2026-08-26 21:03:35 | Epoch 010/060 | loss 3.6256 | cls 2.5842 | tal -0.0519 | dual_g 1.0569 | dual_d 0.8325 | train_acc 0.6375 | train_full 0.2708 | val_acc 0.3462 | val_f1 0.2436 | adv/moduleC 0.22/0.60 | disc_steps 3 | grad(main/disc) 10.015/1.730 | lr(main/disc) 4.50e-05/1.75e-05 | cuda_peak(alloc/resv) 18.96/24.42GB | phase(train/val/raw/train_eval) 2.7/0.5/0.5/0.7s | 4.4s
2026-08-26 21:03:39 | New best val_f1_macro_present: 0.2436 at epoch 10
2026-08-26 21:03:42 | Epoch 011/060 | loss 3.7295 | cls 2.5725 | tal -0.0625 | dual_g 1.1757 | dual_d 0.8224 | train_acc 0.6250 | train_full n/a | val_acc 0.2308 | val_f1 0.1470 | adv/moduleC 0.28/0.70 | disc_steps 3 | grad(main/disc) 10.717/1.809 | lr(main/disc) 4.50e-05/1.75e-05 | cuda_peak(alloc/resv) 18.96/24.42GB | phase(train/val/raw/train_eval) 2.8/0.5/0.0/0.0s | 3.3s
2026-08-26 21:03:45 | Epoch 012/060 | loss 3.8387 | cls 2.5217 | tal 0.0213 | dual_g 1.3105 | dual_d 0.7521 | train_acc 0.6583 | train_full n/a | val_acc 0.2692 | val_f1 0.1835 | adv/moduleC 0.33/0.80 | disc_steps 3 | grad(main/disc) 10.653/1.714 | lr(main/disc) 4.50e-05/1.75e-05 | cuda_peak(alloc/resv) 18.96/24.42GB | phase(train/val/raw/train_eval) 2.2/0.5/0.0/0.0s | 2.6s
2026-08-26 21:03:48 | Epoch 013/060 | loss 3.7951 | cls 2.3623 | tal 0.0190 | dual_g 1.4272 | dual_d 0.8243 | train_acc 0.7458 | train_full n/a | val_acc 0.3077 | val_f1 0.2422 | adv/moduleC 0.39/0.90 | disc_steps 3 | grad(main/disc) 10.616/1.783 | lr(main/disc) 4.50e-05/1.75e-05 | cuda_peak(alloc/resv) 18.96/24.42GB | phase(train/val/raw/train_eval) 2.4/0.5/0.0/0.0s | 2.9s
2026-08-26 21:03:51 | Epoch 014/060 | loss 3.8989 | cls 2.2881 | tal 0.0113 | dual_g 1.6074 | dual_d 0.7880 | train_acc 0.7250 | train_full n/a | val_acc 0.3077 | val_f1 0.2422 | adv/moduleC 0.44/1.00 | disc_steps 3 | grad(main/disc) 12.114/1.685 | lr(main/disc) 4.50e-05/1.75e-05 | cuda_peak(alloc/resv) 18.96/24.42GB | phase(train/val/raw/train_eval) 2.8/0.5/0.0/0.0s | 3.3s
2026-08-26 21:03:55 | Epoch 015/060 | loss 3.5359 | cls 2.1312 | tal -0.0315 | dual_g 1.4141 | dual_d 0.7496 | train_acc 0.7583 | train_full 0.5208 | val_acc 0.4231 | val_f1 0.3374 | adv/moduleC 0.50/1.00 | disc_steps 3 | grad(main/disc) 9.973/1.644 | lr(main/disc) 4.50e-05/1.75e-05 | cuda_peak(alloc/resv) 18.96/24.42GB | phase(train/val/raw/train_eval) 2.4/0.5/0.6/0.7s | 4.1s
2026-08-26 21:03:59 | New best val_f1_macro_present: 0.3374 at epoch 15
2026-08-26 21:04:02 | Epoch 016/060 | loss 3.5331 | cls 2.0965 | tal 0.0163 | dual_g 1.4316 | dual_d 0.7826 | train_acc 0.7750 | train_full n/a | val_acc 0.3846 | val_f1 0.2657 | adv/moduleC 0.56/1.00 | disc_steps 3 | grad(main/disc) 10.698/1.666 | lr(main/disc) 4.50e-05/1.75e-05 | cuda_peak(alloc/resv) 18.96/24.42GB | phase(train/val/raw/train_eval) 2.5/0.5/0.0/0.0s | 3.0s
2026-08-26 21:04:05 | Epoch 017/060 | loss 3.4444 | cls 2.0781 | tal -0.0490 | dual_g 1.3811 | dual_d 0.7352 | train_acc 0.7958 | train_full n/a | val_acc 0.4231 | val_f1 0.3622 | adv/moduleC 0.61/1.00 | disc_steps 3 | grad(main/disc) 10.966/1.533 | lr(main/disc) 4.50e-05/1.75e-05 | cuda_peak(alloc/resv) 18.96/24.42GB | phase(train/val/raw/train_eval) 2.6/0.5/0.5/0.0s | 3.5s
2026-08-26 21:04:09 | New best val_f1_macro_present: 0.3622 at epoch 17
2026-08-26 21:04:12 | Epoch 018/060 | loss 3.2965 | cls 1.9118 | tal -0.0298 | dual_g 1.3937 | dual_d 0.7521 | train_acc 0.8042 | train_full n/a | val_acc 0.5385 | val_f1 0.5232 | adv/moduleC 0.67/1.00 | disc_steps 3 | grad(main/disc) 11.753/1.540 | lr(main/disc) 4.50e-05/1.75e-05 | cuda_peak(alloc/resv) 18.96/24.42GB | phase(train/val/raw/train_eval) 2.3/0.5/0.5/0.0s | 3.3s
2026-08-26 21:04:16 | New best val_f1_macro_present: 0.5232 at epoch 18
2026-08-26 21:04:20 | Epoch 019/060 | loss 3.1958 | cls 1.8552 | tal 0.0458 | dual_g 1.3269 | dual_d 0.7538 | train_acc 0.7917 | train_full n/a | val_acc 0.5385 | val_f1 0.5327 | adv/moduleC 0.72/1.00 | disc_steps 3 | grad(main/disc) 12.852/1.594 | lr(main/disc) 4.50e-05/1.75e-05 | cuda_peak(alloc/resv) 18.96/24.42GB | phase(train/val/raw/train_eval) 2.5/0.5/0.5/0.0s | 3.4s
2026-08-26 21:04:24 | New best val_f1_macro_present: 0.5327 at epoch 19
2026-08-26 21:04:28 | Epoch 020/060 | loss 3.1138 | cls 1.8048 | tal 0.0602 | dual_g 1.2909 | dual_d 0.7519 | train_acc 0.8333 | train_full 0.5833 | val_acc 0.4231 | val_f1 0.3725 | adv/moduleC 0.78/1.00 | disc_steps 3 | grad(main/disc) 11.180/1.628 | lr(main/disc) 4.50e-05/1.75e-05 | cuda_peak(alloc/resv) 18.96/24.42GB | phase(train/val/raw/train_eval) 2.7/0.6/0.5/0.7s | 4.5s
2026-08-26 21:04:31 | Epoch 021/060 | loss 3.0821 | cls 1.7923 | tal -0.0010 | dual_g 1.2901 | dual_d 0.7510 | train_acc 0.8542 | train_full n/a | val_acc 0.4231 | val_f1 0.4402 | adv/moduleC 0.83/1.00 | disc_steps 3 | grad(main/disc) 10.872/1.567 | lr(main/disc) 4.50e-05/1.75e-05 | cuda_peak(alloc/resv) 18.96/24.42GB | phase(train/val/raw/train_eval) 2.5/0.5/0.0/0.0s | 3.0s
2026-08-26 21:04:35 | Epoch 022/060 | loss 2.9722 | cls 1.7129 | tal -0.0906 | dual_g 1.2866 | dual_d 0.7446 | train_acc 0.8833 | train_full n/a | val_acc 0.5769 | val_f1 0.5609 | adv/moduleC 0.89/1.00 | disc_steps 3 | grad(main/disc) 12.071/1.507 | lr(main/disc) 4.50e-05/1.75e-05 | cuda_peak(alloc/resv) 18.96/24.42GB | phase(train/val/raw/train_eval) 2.6/0.5/0.5/0.0s | 3.6s
2026-08-26 21:04:39 | New best val_f1_macro_present: 0.5609 at epoch 22
2026-08-26 21:04:42 | Epoch 023/060 | loss 2.9102 | cls 1.7149 | tal -0.0663 | dual_g 1.2152 | dual_d 0.7410 | train_acc 0.8500 | train_full n/a | val_acc 0.6154 | val_f1 0.5960 | adv/moduleC 0.94/1.00 | disc_steps 3 | grad(main/disc) 10.415/1.555 | lr(main/disc) 4.50e-05/1.75e-05 | cuda_peak(alloc/resv) 18.96/24.42GB | phase(train/val/raw/train_eval) 2.6/0.5/0.5/0.0s | 3.5s
2026-08-26 21:04:46 | New best val_f1_macro_present: 0.5960 at epoch 23
2026-08-26 21:04:50 | Epoch 024/060 | loss 2.8185 | cls 1.6525 | tal -0.0640 | dual_g 1.1853 | dual_d 0.7466 | train_acc 0.8417 | train_full n/a | val_acc 0.5000 | val_f1 0.5126 | adv/moduleC 1.00/1.00 | disc_steps 3 | grad(main/disc) 9.197/1.573 | lr(main/disc) 4.50e-05/1.75e-05 | cuda_peak(alloc/resv) 18.96/24.42GB | phase(train/val/raw/train_eval) 3.4/0.5/0.0/0.0s | 3.8s
2026-08-26 21:04:54 | Epoch 025/060 | loss 2.7162 | cls 1.5589 | tal -0.1147 | dual_g 1.1918 | dual_d 0.7552 | train_acc 0.9333 | train_full 0.6458 | val_acc 0.5769 | val_f1 0.5588 | adv/moduleC 1.00/1.00 | disc_steps 3 | grad(main/disc) 10.183/1.561 | lr(main/disc) 4.50e-05/1.75e-05 | cuda_peak(alloc/resv) 18.96/24.42GB | phase(train/val/raw/train_eval) 2.5/0.5/0.5/0.7s | 4.2s
2026-08-26 21:04:57 | Epoch 026/060 | loss 2.7318 | cls 1.6405 | tal -0.1120 | dual_g 1.1249 | dual_d 0.7225 | train_acc 0.8792 | train_full n/a | val_acc 0.6154 | val_f1 0.6329 | adv/moduleC 1.00/1.00 | disc_steps 3 | grad(main/disc) 14.501/1.505 | lr(main/disc) 4.50e-05/1.75e-05 | cuda_peak(alloc/resv) 18.96/24.42GB | phase(train/val/raw/train_eval) 2.4/0.5/0.5/0.0s | 3.3s
2026-08-26 21:05:01 | New best val_f1_macro_present: 0.6329 at epoch 26
2026-08-26 21:05:04 | Epoch 027/060 | loss 2.7244 | cls 1.6356 | tal -0.1398 | dual_g 1.1307 | dual_d 0.7114 | train_acc 0.8917 | train_full n/a | val_acc 0.5769 | val_f1 0.5915 | adv/moduleC 1.00/1.00 | disc_steps 3 | grad(main/disc) 14.639/1.484 | lr(main/disc) 4.50e-05/1.75e-05 | cuda_peak(alloc/resv) 18.96/24.42GB | phase(train/val/raw/train_eval) 2.6/0.5/0.0/0.0s | 3.1s
2026-08-26 21:05:07 | Epoch 028/060 | loss 2.7167 | cls 1.6211 | tal -0.1383 | dual_g 1.1371 | dual_d 0.7133 | train_acc 0.8708 | train_full n/a | val_acc 0.6154 | val_f1 0.5967 | adv/moduleC 1.00/1.00 | disc_steps 3 | grad(main/disc) 13.820/1.426 | lr(main/disc) 4.50e-05/1.75e-05 | cuda_peak(alloc/resv) 18.96/24.42GB | phase(train/val/raw/train_eval) 2.5/0.5/0.0/0.0s | 2.9s
2026-08-26 21:05:10 | Epoch 029/060 | loss 2.5424 | cls 1.4946 | tal -0.1123 | dual_g 1.0815 | dual_d 0.7010 | train_acc 0.9375 | train_full n/a | val_acc 0.5385 | val_f1 0.5547 | adv/moduleC 1.00/1.00 | disc_steps 3 | grad(main/disc) 9.618/1.435 | lr(main/disc) 4.50e-05/1.75e-05 | cuda_peak(alloc/resv) 18.96/24.42GB | phase(train/val/raw/train_eval) 2.5/0.5/0.0/0.0s | 3.0s
2026-08-26 21:05:15 | Epoch 030/060 | loss 2.6505 | cls 1.6057 | tal -0.1389 | dual_g 1.0865 | dual_d 0.7201 | train_acc 0.8875 | train_full 0.5729 | val_acc 0.4615 | val_f1 0.4687 | adv/moduleC 1.00/1.00 | disc_steps 3 | grad(main/disc) 10.142/1.430 | lr(main/disc) 4.50e-05/1.75e-05 | cuda_peak(alloc/resv) 18.96/24.42GB | phase(train/val/raw/train_eval) 2.6/0.5/0.5/0.7s | 4.2s
2026-08-26 21:05:18 | Epoch 031/060 | loss 2.5907 | cls 1.5121 | tal -0.0981 | dual_g 1.1080 | dual_d 0.7060 | train_acc 0.9458 | train_full n/a | val_acc 0.4615 | val_f1 0.4651 | adv/moduleC 1.00/1.00 | disc_steps 3 | grad(main/disc) 12.510/1.426 | lr(main/disc) 4.50e-05/1.75e-05 | cuda_peak(alloc/resv) 18.96/24.42GB | phase(train/val/raw/train_eval) 2.7/0.5/0.0/0.0s | 3.1s
2026-08-26 21:05:20 | Epoch 032/060 | loss 2.5597 | cls 1.4854 | tal -0.1273 | dual_g 1.1125 | dual_d 0.7008 | train_acc 0.9375 | train_full n/a | val_acc 0.5769 | val_f1 0.5967 | adv/moduleC 1.00/1.00 | disc_steps 3 | grad(main/disc) 12.876/1.459 | lr(main/disc) 4.50e-05/1.75e-05 | cuda_peak(alloc/resv) 18.96/24.42GB | phase(train/val/raw/train_eval) 2.3/0.5/0.0/0.0s | 2.8s
2026-08-26 21:05:24 | Epoch 033/060 | loss 2.5260 | cls 1.4731 | tal -0.0943 | dual_g 1.0812 | dual_d 0.7221 | train_acc 0.9458 | train_full n/a | val_acc 0.6538 | val_f1 0.6423 | adv/moduleC 1.00/1.00 | disc_steps 3 | grad(main/disc) 10.208/1.417 | lr(main/disc) 4.50e-05/1.75e-05 | cuda_peak(alloc/resv) 18.96/24.42GB | phase(train/val/raw/train_eval) 2.8/0.5/0.5/0.0s | 3.8s
2026-08-26 21:05:28 | New best val_f1_macro_present: 0.6423 at epoch 33
2026-08-26 21:05:31 | Epoch 034/060 | loss 2.5168 | cls 1.4789 | tal -0.0517 | dual_g 1.0534 | dual_d 0.6933 | train_acc 0.9292 | train_full n/a | val_acc 0.4231 | val_f1 0.4180 | adv/moduleC 1.00/1.00 | disc_steps 3 | grad(main/disc) 15.094/1.391 | lr(main/disc) 4.50e-05/1.75e-05 | cuda_peak(alloc/resv) 18.96/24.42GB | phase(train/val/raw/train_eval) 2.5/0.5/0.0/0.0s | 3.0s
2026-08-26 21:05:36 | Epoch 035/060 | loss 2.4234 | cls 1.4416 | tal -0.1139 | dual_g 1.0160 | dual_d 0.7367 | train_acc 0.9292 | train_full 0.5938 | val_acc 0.5000 | val_f1 0.5069 | adv/moduleC 1.00/1.00 | disc_steps 3 | grad(main/disc) 9.429/1.421 | lr(main/disc) 4.50e-05/1.75e-05 | cuda_peak(alloc/resv) 18.96/24.42GB | phase(train/val/raw/train_eval) 3.0/0.5/0.5/0.7s | 4.7s
2026-08-26 21:05:39 | Epoch 036/060 | loss 2.5003 | cls 1.5014 | tal -0.1508 | dual_g 1.0441 | dual_d 0.7345 | train_acc 0.9417 | train_full n/a | val_acc 0.6538 | val_f1 0.6566 | adv/moduleC 1.00/1.00 | disc_steps 3 | grad(main/disc) 12.954/1.391 | lr(main/disc) 4.50e-05/1.75e-05 | cuda_peak(alloc/resv) 18.96/24.42GB | phase(train/val/raw/train_eval) 2.4/0.5/0.5/0.0s | 3.4s
2026-08-26 21:05:43 | New best val_f1_macro_present: 0.6566 at epoch 36
2026-08-26 21:05:46 | Epoch 037/060 | loss 2.3411 | cls 1.3720 | tal -0.1662 | dual_g 1.0189 | dual_d 0.7119 | train_acc 0.9542 | train_full n/a | val_acc 0.6154 | val_f1 0.6229 | adv/moduleC 1.00/1.00 | disc_steps 3 | grad(main/disc) 10.226/1.389 | lr(main/disc) 4.50e-05/1.75e-05 | cuda_peak(alloc/resv) 18.96/24.42GB | phase(train/val/raw/train_eval) 2.6/0.5/0.0/0.0s | 3.1s
2026-08-26 21:05:49 | Epoch 038/060 | loss 2.3362 | cls 1.3732 | tal -0.0956 | dual_g 0.9916 | dual_d 0.7048 | train_acc 0.9625 | train_full n/a | val_acc 0.5000 | val_f1 0.4840 | adv/moduleC 1.00/1.00 | disc_steps 3 | grad(main/disc) 9.299/1.393 | lr(main/disc) 4.50e-05/1.75e-05 | cuda_peak(alloc/resv) 18.96/24.42GB | phase(train/val/raw/train_eval) 2.5/0.5/0.0/0.0s | 3.0s
2026-08-26 21:05:53 | Epoch 039/060 | loss 2.3755 | cls 1.3889 | tal -0.1451 | dual_g 1.0301 | dual_d 0.7113 | train_acc 0.9417 | train_full n/a | val_acc 0.7308 | val_f1 0.7618 | adv/moduleC 1.00/1.00 | disc_steps 3 | grad(main/disc) 12.883/1.343 | lr(main/disc) 4.50e-05/1.75e-05 | cuda_peak(alloc/resv) 18.96/24.42GB | phase(train/val/raw/train_eval) 2.8/0.5/0.5/0.0s | 3.8s
2026-08-26 21:05:57 | New best val_f1_macro_present: 0.7618 at epoch 39
2026-08-26 21:06:01 | Epoch 040/060 | loss 2.3765 | cls 1.4119 | tal -0.0751 | dual_g 0.9871 | dual_d 0.7441 | train_acc 0.9583 | train_full 0.7500 | val_acc 0.6154 | val_f1 0.6295 | adv/moduleC 1.00/1.00 | disc_steps 3 | grad(main/disc) 17.800/1.368 | lr(main/disc) 4.50e-05/1.75e-05 | cuda_peak(alloc/resv) 18.96/24.42GB | phase(train/val/raw/train_eval) 2.6/0.5/0.5/0.7s | 4.2s
2026-08-26 21:06:04 | Epoch 041/060 | loss 2.3180 | cls 1.3433 | tal -0.0673 | dual_g 0.9949 | dual_d 0.7003 | train_acc 0.9625 | train_full n/a | val_acc 0.5000 | val_f1 0.5069 | adv/moduleC 1.00/1.00 | disc_steps 3 | grad(main/disc) 10.986/1.339 | lr(main/disc) 4.50e-05/1.75e-05 | cuda_peak(alloc/resv) 18.96/24.42GB | phase(train/val/raw/train_eval) 2.8/0.5/0.0/0.0s | 3.3s
2026-08-26 21:06:07 | Epoch 042/060 | loss 2.3170 | cls 1.3686 | tal -0.1700 | dual_g 0.9994 | dual_d 0.7054 | train_acc 0.9417 | train_full n/a | val_acc 0.6538 | val_f1 0.6613 | adv/moduleC 1.00/1.00 | disc_steps 3 | grad(main/disc) 11.192/1.342 | lr(main/disc) 4.50e-05/1.75e-05 | cuda_peak(alloc/resv) 18.96/24.42GB | phase(train/val/raw/train_eval) 2.2/0.5/0.0/0.0s | 2.6s
2026-08-26 21:06:11 | Epoch 043/060 | loss 2.2575 | cls 1.3169 | tal -0.0918 | dual_g 0.9681 | dual_d 0.7277 | train_acc 0.9667 | train_full n/a | val_acc 0.8077 | val_f1 0.8315 | adv/moduleC 1.00/1.00 | disc_steps 3 | grad(main/disc) 9.019/1.381 | lr(main/disc) 4.50e-05/1.75e-05 | cuda_peak(alloc/resv) 18.96/24.42GB | phase(train/val/raw/train_eval) 2.7/0.5/0.5/0.0s | 3.6s
2026-08-26 21:06:15 | New best val_f1_macro_present: 0.8315 at epoch 43
2026-08-26 21:06:18 | Epoch 044/060 | loss 2.2801 | cls 1.3454 | tal -0.1372 | dual_g 0.9758 | dual_d 0.7055 | train_acc 0.9583 | train_full n/a | val_acc 0.6538 | val_f1 0.6508 | adv/moduleC 1.00/1.00 | disc_steps 3 | grad(main/disc) 8.779/1.315 | lr(main/disc) 4.50e-05/1.75e-05 | cuda_peak(alloc/resv) 18.96/24.42GB | phase(train/val/raw/train_eval) 2.6/0.5/0.0/0.0s | 3.0s
2026-08-26 21:06:22 | Epoch 045/060 | loss 2.2546 | cls 1.3284 | tal -0.1281 | dual_g 0.9647 | dual_d 0.6897 | train_acc 0.9542 | train_full 0.6250 | val_acc 0.5000 | val_f1 0.5100 | adv/moduleC 1.00/1.00 | disc_steps 3 | grad(main/disc) 10.881/1.334 | lr(main/disc) 4.50e-05/1.75e-05 | cuda_peak(alloc/resv) 18.96/24.42GB | phase(train/val/raw/train_eval) 2.6/0.5/0.5/0.7s | 4.2s
2026-08-26 21:06:25 | Epoch 046/060 | loss 2.2397 | cls 1.3129 | tal -0.1129 | dual_g 0.9608 | dual_d 0.7095 | train_acc 0.9667 | train_full n/a | val_acc 0.7308 | val_f1 0.7573 | adv/moduleC 1.00/1.00 | disc_steps 3 | grad(main/disc) 10.160/1.415 | lr(main/disc) 4.50e-05/1.75e-05 | cuda_peak(alloc/resv) 18.96/24.42GB | phase(train/val/raw/train_eval) 2.6/0.5/0.0/0.0s | 3.1s
2026-08-26 21:06:28 | Epoch 047/060 | loss 2.3083 | cls 1.3580 | tal -0.1340 | dual_g 0.9905 | dual_d 0.7217 | train_acc 0.9750 | train_full n/a | val_acc 0.9231 | val_f1 0.9219 | adv/moduleC 1.00/1.00 | disc_steps 3 | grad(main/disc) 10.184/1.359 | lr(main/disc) 4.50e-05/1.75e-05 | cuda_peak(alloc/resv) 18.96/24.42GB | phase(train/val/raw/train_eval) 2.2/0.5/0.5/0.0s | 3.1s
2026-08-26 21:06:32 | New best val_f1_macro_present: 0.9219 at epoch 47
2026-08-26 21:06:35 | Epoch 048/060 | loss 2.2780 | cls 1.3497 | tal -0.1364 | dual_g 0.9692 | dual_d 0.7368 | train_acc 0.9667 | train_full n/a | val_acc 0.8462 | val_f1 0.8512 | adv/moduleC 1.00/1.00 | disc_steps 3 | grad(main/disc) 11.195/1.385 | lr(main/disc) 4.50e-05/1.75e-05 | cuda_peak(alloc/resv) 18.96/24.42GB | phase(train/val/raw/train_eval) 2.6/0.5/0.0/0.0s | 3.1s
2026-08-26 21:06:38 | Epoch 049/060 | loss 2.2710 | cls 1.3374 | tal -0.1276 | dual_g 0.9718 | dual_d 0.7175 | train_acc 0.9875 | train_full n/a | val_acc 0.5385 | val_f1 0.5503 | adv/moduleC 1.00/1.00 | disc_steps 3 | grad(main/disc) 10.760/1.343 | lr(main/disc) 4.50e-05/1.75e-05 | cuda_peak(alloc/resv) 18.96/24.42GB | phase(train/val/raw/train_eval) 2.4/0.5/0.0/0.0s | 2.9s
2026-08-26 21:06:42 | Epoch 050/060 | loss 2.2280 | cls 1.3211 | tal -0.1710 | dual_g 0.9581 | dual_d 0.7183 | train_acc 0.9667 | train_full 0.7604 | val_acc 0.6538 | val_f1 0.6879 | adv/moduleC 1.00/1.00 | disc_steps 3 | grad(main/disc) 10.018/1.405 | lr(main/disc) 4.50e-05/1.75e-05 | cuda_peak(alloc/resv) 18.96/24.42GB | phase(train/val/raw/train_eval) 2.1/0.5/0.5/0.7s | 3.8s
2026-08-26 21:06:45 | Epoch 051/060 | loss 2.2910 | cls 1.3465 | tal -0.1145 | dual_g 0.9788 | dual_d 0.7250 | train_acc 0.9875 | train_full n/a | val_acc 0.8846 | val_f1 0.9092 | adv/moduleC 1.00/1.00 | disc_steps 3 | grad(main/disc) 10.486/1.337 | lr(main/disc) 4.50e-05/1.75e-05 | cuda_peak(alloc/resv) 18.96/24.42GB | phase(train/val/raw/train_eval) 2.7/0.5/0.0/0.0s | 3.3s
2026-08-26 21:06:48 | Epoch 052/060 | loss 2.2231 | cls 1.2987 | tal -0.1046 | dual_g 0.9558 | dual_d 0.7234 | train_acc 0.9750 | train_full n/a | val_acc 0.9615 | val_f1 0.9663 | adv/moduleC 1.00/1.00 | disc_steps 3 | grad(main/disc) 7.582/1.325 | lr(main/disc) 4.50e-05/1.75e-05 | cuda_peak(alloc/resv) 18.96/24.42GB | phase(train/val/raw/train_eval) 2.4/0.5/0.5/0.0s | 3.3s
2026-08-26 21:06:52 | New best val_f1_macro_present: 0.9663 at epoch 52
2026-08-26 21:06:55 | Epoch 053/060 | loss 2.1898 | cls 1.3005 | tal -0.1200 | dual_g 0.9253 | dual_d 0.7493 | train_acc 0.9833 | train_full n/a | val_acc 0.9615 | val_f1 0.9481 | adv/moduleC 1.00/1.00 | disc_steps 3 | grad(main/disc) 6.085/1.376 | lr(main/disc) 4.50e-05/1.75e-05 | cuda_peak(alloc/resv) 18.96/24.42GB | phase(train/val/raw/train_eval) 2.7/0.5/0.0/0.0s | 3.2s
2026-08-26 21:06:58 | Epoch 054/060 | loss 2.2118 | cls 1.3037 | tal -0.1189 | dual_g 0.9437 | dual_d 0.7103 | train_acc 0.9667 | train_full n/a | val_acc 0.9615 | val_f1 0.9663 | adv/moduleC 1.00/1.00 | disc_steps 3 | grad(main/disc) 8.822/1.308 | lr(main/disc) 4.50e-05/1.75e-05 | cuda_peak(alloc/resv) 18.96/24.42GB | phase(train/val/raw/train_eval) 2.4/0.5/0.0/0.0s | 2.9s
2026-08-26 21:07:02 | Epoch 055/060 | loss 2.2320 | cls 1.3356 | tal -0.1078 | dual_g 0.9287 | dual_d 0.7464 | train_acc 0.9708 | train_full 0.9479 | val_acc 1.0000 | val_f1 1.0000 | adv/moduleC 1.00/1.00 | disc_steps 3 | grad(main/disc) 10.735/1.400 | lr(main/disc) 4.50e-05/1.75e-05 | cuda_peak(alloc/resv) 18.96/24.42GB | phase(train/val/raw/train_eval) 2.5/0.5/0.5/0.7s | 4.1s
2026-08-26 21:07:06 | New best val_f1_macro_present: 1.0000 at epoch 55
2026-08-26 21:07:09 | Epoch 056/060 | loss 2.1378 | cls 1.2573 | tal -0.1507 | dual_g 0.9257 | dual_d 0.7446 | train_acc 0.9750 | train_full n/a | val_acc 0.8077 | val_f1 0.7834 | adv/moduleC 1.00/1.00 | disc_steps 3 | grad(main/disc) 6.291/1.362 | lr(main/disc) 4.50e-05/1.75e-05 | cuda_peak(alloc/resv) 18.96/24.42GB | phase(train/val/raw/train_eval) 2.5/0.5/0.0/0.0s | 3.0s
2026-08-26 21:07:13 | Epoch 057/060 | loss 2.1678 | cls 1.2842 | tal -0.1002 | dual_g 0.9137 | dual_d 0.7599 | train_acc 0.9833 | train_full n/a | val_acc 0.8077 | val_f1 0.8254 | adv/moduleC 1.00/1.00 | disc_steps 3 | grad(main/disc) 10.122/1.365 | lr(main/disc) 4.50e-05/1.75e-05 | cuda_peak(alloc/resv) 18.96/24.42GB | phase(train/val/raw/train_eval) 2.7/0.5/0.0/0.0s | 3.2s
2026-08-26 21:07:16 | Epoch 058/060 | loss 2.1290 | cls 1.2467 | tal -0.0784 | dual_g 0.9058 | dual_d 0.7444 | train_acc 0.9833 | train_full n/a | val_acc 0.8462 | val_f1 0.8612 | adv/moduleC 1.00/1.00 | disc_steps 3 | grad(main/disc) 6.694/1.321 | lr(main/disc) 4.50e-05/1.75e-05 | cuda_peak(alloc/resv) 18.96/24.42GB | phase(train/val/raw/train_eval) 2.5/0.5/0.0/0.0s | 3.0s
2026-08-26 21:07:19 | Epoch 059/060 | loss 2.1472 | cls 1.2561 | tal -0.1107 | dual_g 0.9242 | dual_d 0.7404 | train_acc 0.9750 | train_full n/a | val_acc 0.8077 | val_f1 0.8122 | adv/moduleC 1.00/1.00 | disc_steps 3 | grad(main/disc) 5.737/1.270 | lr(main/disc) 4.50e-05/1.75e-05 | cuda_peak(alloc/resv) 18.96/24.42GB | phase(train/val/raw/train_eval) 2.9/0.5/0.0/0.0s | 3.4s
2026-08-26 21:07:23 | Epoch 060/060 | loss 2.1331 | cls 1.2613 | tal -0.1098 | dual_g 0.9048 | dual_d 0.7705 | train_acc 0.9750 | train_full 0.9375 | val_acc 0.9231 | val_f1 0.9219 | adv/moduleC 1.00/1.00 | disc_steps 3 | grad(main/disc) 8.782/1.381 | lr(main/disc) 4.50e-05/1.75e-05 | cuda_peak(alloc/resv) 18.96/24.42GB | phase(train/val/raw/train_eval) 2.4/0.5/0.5/0.7s | 4.0s
2026-08-26 21:07:23 | Training complete. Best validation accuracy: 1.0000 | best val_f1_macro_present: 1.0000
