2026-08-30 03:09:03 | Starting Dual_D standalone training
2026-08-30 03:09:03 | Run directory: runs/module_c_ablation_60_v9/module_c_20260830_023711/module_c_no_cycle_逆光_20260830_025712
2026-08-30 03:09:03 | Device: cuda
2026-08-30 03:09:03 | Source train samples: 992
2026-08-30 03:09:03 | Target train samples: 132
2026-08-30 03:09:03 | Target val samples: 37
2026-08-30 03:09:03 | Classes: 14
2026-08-30 03:09:03 | Data audit: same_dir=False | path_overlap(vis/ir/ais)=0/0/0 | content_overlap(vis/ir/ais)=0/0/0 | ais_index_overlap=0 | stem_mismatch(vis-ir/vis-ais)=157/0
2026-08-30 03:09:03 | source_train classes: present 14/14 | absent 0 | counts [0:120, 1:44, 2:69, 3:45, 4:40, 5:30, 6:64, 7:80, 8:116, 9:68, 10:57, 11:83, 12:48, 13:128]
2026-08-30 03:09:03 | target_train classes: present 9/14 | absent 5 | counts [0:20, 2:12, 4:12, 5:2, 9:16, 10:16, 11:29, 12:4, 13:21]
2026-08-30 03:09:03 | target_val classes: present 9/14 | absent 5 | counts [0:6, 2:3, 4:4, 5:1, 9:4, 10:4, 11:8, 12:1, 13:6]
2026-08-30 03:09:03 | Paired training classes: 9/14 | class ids [0, 2, 4, 5, 9, 10, 11, 12, 13]
2026-08-30 03:09:03 | Runtime profile: batch=16 | paired_steps=9 | workers=16 | train_eval_every=5 | raw_eval_every=5 | stability_window=3 | lr_scheduler_start=24 | early_stop=12 after min_epoch=35
2026-08-30 03:09:03 | Augmentation profile: base=0.650 | visible=0.700 | infrared=0.400 | freeze_frozen_batch_norm_stats=True
2026-08-30 03:09:03 | VIS/IR pairing: class-level-unpaired | count-mismatch classes train/val: 10/1 | AIS alignment: none | AIS rows train/val: 0/0
2026-08-30 03:09:04 | Effective Dual-D loss weights: {"adv_auxiliary": 0.025, "adv_primary": 0.025, "classification": 0.15, "contrastive": 0.035, "cycle": 0.0, "identity": 0.03, "prototype_contrastive": 0.06}
2026-08-30 03:09:04 | Model parameters: total=17277714 | trainable=17120210
2026-08-30 03:09:06 | Epoch 001/060 | loss 5.6233 | cls 5.6282 | tal -0.0163 | dual_g 0.0000 | dual_d 0.0000 | train_acc 0.0556 | train_full 0.1742 | val_acc 0.2162 | val_f1 0.1176 | adv/moduleC 0.00/0.00 | disc_steps 0 | grad(main/disc) 31.954/0.000 | lr(main/disc) 7.00e-05/2.75e-05 | cuda_peak(alloc/resv) 4.09/5.12GB | phase(train/val/raw/train_eval) 1.4/0.4/0.4/0.5s | 2.7s
2026-08-30 03:09:08 | Epoch 002/060 | loss 4.6586 | cls 4.5935 | tal 0.2168 | dual_g 0.0000 | dual_d 0.0000 | train_acc 0.2708 | train_full n/a | val_acc 0.1892 | val_f1 0.1289 | adv/moduleC 0.00/0.00 | disc_steps 0 | grad(main/disc) 26.876/0.000 | lr(main/disc) 7.00e-05/2.75e-05 | cuda_peak(alloc/resv) 4.09/5.12GB | phase(train/val/raw/train_eval) 1.2/0.4/0.0/0.0s | 1.7s
2026-08-30 03:09:10 | Epoch 003/060 | loss 4.2910 | cls 4.2414 | tal 0.1653 | dual_g 0.0000 | dual_d 0.0000 | train_acc 0.2708 | train_full n/a | val_acc 0.4054 | val_f1 0.4345 | adv/moduleC 0.00/0.00 | disc_steps 0 | grad(main/disc) 24.863/0.000 | lr(main/disc) 7.00e-05/2.75e-05 | cuda_peak(alloc/resv) 4.09/5.12GB | phase(train/val/raw/train_eval) 1.1/0.4/0.4/0.0s | 1.9s
2026-08-30 03:09:12 | New best val_f1_macro_present: raw=0.4345 stable_score=0.1176 at epoch 3
2026-08-30 03:09:14 | Epoch 004/060 | loss 3.9887 | cls 3.9148 | tal 0.2462 | dual_g 0.0000 | dual_d 0.0000 | train_acc 0.3472 | train_full n/a | val_acc 0.6486 | val_f1 0.6550 | adv/moduleC 0.00/0.00 | disc_steps 0 | grad(main/disc) 23.468/0.000 | lr(main/disc) 7.00e-05/2.75e-05 | cuda_peak(alloc/resv) 4.09/5.12GB | phase(train/val/raw/train_eval) 1.0/0.4/0.4/0.0s | 1.9s
2026-08-30 03:09:16 | New best val_f1_macro_present: raw=0.6550 stable_score=0.1289 at epoch 4
2026-08-30 03:09:18 | Epoch 005/060 | loss 3.6409 | cls 3.4802 | tal 0.2638 | dual_g 0.0816 | dual_d 0.0000 | train_acc 0.4236 | train_full 0.7424 | val_acc 0.7838 | val_f1 0.7915 | adv/moduleC 0.00/0.10 | disc_steps 0 | grad(main/disc) 21.840/0.000 | lr(main/disc) 7.00e-05/2.75e-05 | cuda_peak(alloc/resv) 4.09/5.12GB | phase(train/val/raw/train_eval) 1.1/0.4/0.4/0.5s | 2.4s
2026-08-30 03:09:21 | New best val_f1_macro_present: raw=0.7915 stable_score=0.4345 at epoch 5
2026-08-30 03:09:23 | Epoch 006/060 | loss 3.4268 | cls 3.2472 | tal 0.0753 | dual_g 0.1570 | dual_d 0.0000 | train_acc 0.4653 | train_full n/a | val_acc 0.8378 | val_f1 0.8388 | adv/moduleC 0.00/0.20 | disc_steps 0 | grad(main/disc) 21.828/0.000 | lr(main/disc) 7.00e-05/2.75e-05 | cuda_peak(alloc/resv) 4.09/5.12GB | phase(train/val/raw/train_eval) 1.1/0.4/0.4/0.0s | 2.0s
2026-08-30 03:09:25 | New best val_f1_macro_present: raw=0.8388 stable_score=0.6550 at epoch 6
2026-08-30 03:09:27 | Epoch 007/060 | loss 3.4732 | cls 3.2295 | tal 0.0574 | dual_g 0.2265 | dual_d 0.8970 | train_acc 0.5764 | train_full n/a | val_acc 0.8378 | val_f1 0.8386 | adv/moduleC 0.07/0.30 | disc_steps 4 | grad(main/disc) 21.627/2.337 | lr(main/disc) 7.00e-05/2.75e-05 | cuda_peak(alloc/resv) 4.09/5.12GB | phase(train/val/raw/train_eval) 1.2/0.4/0.4/0.0s | 2.0s
2026-08-30 03:09:29 | New best val_f1_macro_present: raw=0.8386 stable_score=0.7915 at epoch 7
2026-08-30 03:09:31 | Epoch 008/060 | loss 3.3211 | cls 2.9824 | tal 0.1932 | dual_g 0.2807 | dual_d 0.7836 | train_acc 0.6111 | train_full n/a | val_acc 0.8378 | val_f1 0.8262 | adv/moduleC 0.14/0.40 | disc_steps 4 | grad(main/disc) 20.573/2.085 | lr(main/disc) 7.00e-05/2.75e-05 | cuda_peak(alloc/resv) 4.09/5.12GB | phase(train/val/raw/train_eval) 1.2/0.4/0.4/0.0s | 2.0s
2026-08-30 03:09:33 | New best val_f1_macro_present: raw=0.8262 stable_score=0.8262 at epoch 8
2026-08-30 03:09:34 | Epoch 009/060 | loss 3.2310 | cls 2.8408 | tal 0.1242 | dual_g 0.3530 | dual_d 0.8193 | train_acc 0.5972 | train_full n/a | val_acc 0.8378 | val_f1 0.8302 | adv/moduleC 0.21/0.50 | disc_steps 4 | grad(main/disc) 20.519/2.134 | lr(main/disc) 7.00e-05/2.75e-05 | cuda_peak(alloc/resv) 4.09/5.12GB | phase(train/val/raw/train_eval) 1.0/0.4/0.0/0.0s | 1.5s
2026-08-30 03:09:37 | Epoch 010/060 | loss 3.3902 | cls 2.9188 | tal 0.1655 | dual_g 0.4218 | dual_d 0.7392 | train_acc 0.5069 | train_full 0.8939 | val_acc 0.8649 | val_f1 0.8515 | adv/moduleC 0.29/0.60 | disc_steps 4 | grad(main/disc) 22.020/2.036 | lr(main/disc) 7.00e-05/2.75e-05 | cuda_peak(alloc/resv) 4.09/5.12GB | phase(train/val/raw/train_eval) 1.1/0.4/0.4/0.5s | 2.4s
2026-08-30 03:09:39 | Epoch 011/060 | loss 3.0622 | cls 2.5505 | tal 0.1890 | dual_g 0.4550 | dual_d 0.8398 | train_acc 0.7639 | train_full n/a | val_acc 0.8919 | val_f1 0.9111 | adv/moduleC 0.36/0.70 | disc_steps 4 | grad(main/disc) 19.513/2.192 | lr(main/disc) 7.00e-05/2.75e-05 | cuda_peak(alloc/resv) 4.09/5.12GB | phase(train/val/raw/train_eval) 1.2/0.4/0.4/0.0s | 2.1s
2026-08-30 03:09:41 | New best val_f1_macro_present: raw=0.9111 stable_score=0.8302 at epoch 11
2026-08-30 03:09:43 | Epoch 012/060 | loss 3.0579 | cls 2.4780 | tal 0.2159 | dual_g 0.5151 | dual_d 0.8188 | train_acc 0.7014 | train_full n/a | val_acc 0.9459 | val_f1 0.9551 | adv/moduleC 0.43/0.80 | disc_steps 4 | grad(main/disc) 19.526/2.131 | lr(main/disc) 7.00e-05/2.75e-05 | cuda_peak(alloc/resv) 4.09/5.12GB | phase(train/val/raw/train_eval) 1.1/0.4/0.4/0.0s | 1.9s
2026-08-30 03:09:45 | New best val_f1_macro_present: raw=0.9551 stable_score=0.8515 at epoch 12
2026-08-30 03:09:47 | Epoch 013/060 | loss 2.9177 | cls 2.3348 | tal 0.1629 | dual_g 0.5341 | dual_d 0.8268 | train_acc 0.6597 | train_full n/a | val_acc 0.9189 | val_f1 0.9047 | adv/moduleC 0.50/0.90 | disc_steps 4 | grad(main/disc) 18.963/2.129 | lr(main/disc) 7.00e-05/2.75e-05 | cuda_peak(alloc/resv) 4.09/5.12GB | phase(train/val/raw/train_eval) 1.3/0.4/0.4/0.0s | 2.1s
2026-08-30 03:09:49 | New best val_f1_macro_present: raw=0.9047 stable_score=0.9047 at epoch 13
2026-08-30 03:09:51 | Epoch 014/060 | loss 3.0142 | cls 2.4046 | tal 0.1171 | dual_g 0.5745 | dual_d 0.7851 | train_acc 0.6944 | train_full n/a | val_acc 0.9189 | val_f1 0.9249 | adv/moduleC 0.57/1.00 | disc_steps 4 | grad(main/disc) 19.303/2.129 | lr(main/disc) 7.00e-05/2.75e-05 | cuda_peak(alloc/resv) 4.09/5.12GB | phase(train/val/raw/train_eval) 1.2/0.4/0.0/0.0s | 1.7s
2026-08-30 03:09:53 | Epoch 015/060 | loss 2.8404 | cls 2.1961 | tal 0.0645 | dual_g 0.6249 | dual_d 0.8221 | train_acc 0.7361 | train_full 0.9394 | val_acc 0.9459 | val_f1 0.9246 | adv/moduleC 0.64/1.00 | disc_steps 4 | grad(main/disc) 19.161/2.138 | lr(main/disc) 7.00e-05/2.75e-05 | cuda_peak(alloc/resv) 4.09/5.12GB | phase(train/val/raw/train_eval) 1.1/0.4/0.4/0.5s | 2.4s
2026-08-30 03:09:55 | Epoch 016/060 | loss 2.7382 | cls 2.1497 | tal 0.0562 | dual_g 0.5716 | dual_d 0.7595 | train_acc 0.8056 | train_full n/a | val_acc 0.9459 | val_f1 0.9616 | adv/moduleC 0.71/1.00 | disc_steps 4 | grad(main/disc) 18.574/1.908 | lr(main/disc) 7.00e-05/2.75e-05 | cuda_peak(alloc/resv) 4.09/5.12GB | phase(train/val/raw/train_eval) 1.0/0.4/0.4/0.0s | 1.8s
2026-08-30 03:09:57 | New best val_f1_macro_present: raw=0.9616 stable_score=0.9246 at epoch 16
2026-08-30 03:09:59 | Epoch 017/060 | loss 2.5728 | cls 1.9743 | tal 0.1215 | dual_g 0.5620 | dual_d 0.7879 | train_acc 0.7917 | train_full n/a | val_acc 0.9189 | val_f1 0.9087 | adv/moduleC 0.79/1.00 | disc_steps 4 | grad(main/disc) 16.676/1.977 | lr(main/disc) 7.00e-05/2.75e-05 | cuda_peak(alloc/resv) 4.09/5.12GB | phase(train/val/raw/train_eval) 1.2/0.4/0.0/0.0s | 1.7s
2026-08-30 03:10:01 | Epoch 018/060 | loss 2.6691 | cls 2.0756 | tal 0.1100 | dual_g 0.5605 | dual_d 0.7555 | train_acc 0.6944 | train_full n/a | val_acc 0.8919 | val_f1 0.9079 | adv/moduleC 0.86/1.00 | disc_steps 4 | grad(main/disc) 18.491/2.006 | lr(main/disc) 7.00e-05/2.75e-05 | cuda_peak(alloc/resv) 4.09/5.12GB | phase(train/val/raw/train_eval) 1.3/0.4/0.0/0.0s | 1.7s
2026-08-30 03:10:02 | Epoch 019/060 | loss 2.5290 | cls 1.9445 | tal 0.0815 | dual_g 0.5601 | dual_d 0.7438 | train_acc 0.8194 | train_full n/a | val_acc 1.0000 | val_f1 1.0000 | adv/moduleC 0.93/1.00 | disc_steps 4 | grad(main/disc) 18.015/1.915 | lr(main/disc) 7.00e-05/2.75e-05 | cuda_peak(alloc/resv) 4.09/5.12GB | phase(train/val/raw/train_eval) 1.1/0.4/0.0/0.0s | 1.5s
2026-08-30 03:10:05 | Epoch 020/060 | loss 2.6090 | cls 2.0465 | tal 0.0207 | dual_g 0.5563 | dual_d 0.7260 | train_acc 0.7569 | train_full 0.9773 | val_acc 0.9459 | val_f1 0.9485 | adv/moduleC 1.00/1.00 | disc_steps 4 | grad(main/disc) 18.348/1.904 | lr(main/disc) 7.00e-05/2.75e-05 | cuda_peak(alloc/resv) 4.09/5.12GB | phase(train/val/raw/train_eval) 1.0/0.4/0.4/0.5s | 2.4s
2026-08-30 03:10:07 | Epoch 021/060 | loss 2.4053 | cls 1.8879 | tal 0.0031 | dual_g 0.5165 | dual_d 0.7634 | train_acc 0.7847 | train_full n/a | val_acc 0.9189 | val_f1 0.9336 | adv/moduleC 1.00/1.00 | disc_steps 4 | grad(main/disc) 17.139/1.927 | lr(main/disc) 7.00e-05/2.75e-05 | cuda_peak(alloc/resv) 4.09/5.12GB | phase(train/val/raw/train_eval) 1.1/0.4/0.4/0.0s | 1.9s
2026-08-30 03:10:09 | New best val_f1_macro_present: raw=0.9336 stable_score=0.9336 at epoch 21
2026-08-30 03:10:10 | Epoch 022/060 | loss 2.4840 | cls 1.9749 | tal -0.0670 | dual_g 0.5292 | dual_d 0.8733 | train_acc 0.8056 | train_full n/a | val_acc 0.9459 | val_f1 0.9551 | adv/moduleC 1.00/1.00 | disc_steps 4 | grad(main/disc) 18.179/2.020 | lr(main/disc) 7.00e-05/2.75e-05 | cuda_peak(alloc/resv) 4.09/5.12GB | phase(train/val/raw/train_eval) 1.2/0.4/0.0/0.0s | 1.6s
2026-08-30 03:10:12 | Epoch 023/060 | loss 2.2078 | cls 1.7297 | tal -0.0692 | dual_g 0.4989 | dual_d 0.7648 | train_acc 0.8611 | train_full n/a | val_acc 0.9459 | val_f1 0.9246 | adv/moduleC 1.00/1.00 | disc_steps 4 | grad(main/disc) 15.660/1.915 | lr(main/disc) 7.00e-05/2.75e-05 | cuda_peak(alloc/resv) 4.09/5.12GB | phase(train/val/raw/train_eval) 1.2/0.4/0.0/0.0s | 1.6s
2026-08-30 03:10:13 | Epoch 024/060 | loss 2.2457 | cls 1.7629 | tal -0.0678 | dual_g 0.5031 | dual_d 0.8273 | train_acc 0.8819 | train_full n/a | val_acc 0.9730 | val_f1 0.9840 | adv/moduleC 1.00/1.00 | disc_steps 4 | grad(main/disc) 15.676/1.909 | lr(main/disc) 7.00e-05/2.75e-05 | cuda_peak(alloc/resv) 4.09/5.12GB | phase(train/val/raw/train_eval) 1.0/0.4/0.0/0.0s | 1.4s
2026-08-30 03:10:16 | Epoch 025/060 | loss 2.3379 | cls 1.8379 | tal 0.0176 | dual_g 0.4948 | dual_d 0.7342 | train_acc 0.8681 | train_full 1.0000 | val_acc 1.0000 | val_f1 1.0000 | adv/moduleC 1.00/1.00 | disc_steps 4 | grad(main/disc) 17.661/1.825 | lr(main/disc) 7.00e-05/2.75e-05 | cuda_peak(alloc/resv) 4.09/5.12GB | phase(train/val/raw/train_eval) 1.1/0.4/0.4/0.5s | 2.4s
2026-08-30 03:10:18 | Epoch 026/060 | loss 2.0984 | cls 1.6828 | tal -0.1407 | dual_g 0.4579 | dual_d 0.8236 | train_acc 0.8750 | train_full n/a | val_acc 1.0000 | val_f1 1.0000 | adv/moduleC 1.00/1.00 | disc_steps 4 | grad(main/disc) 15.223/1.914 | lr(main/disc) 7.00e-05/2.75e-05 | cuda_peak(alloc/resv) 4.09/5.12GB | phase(train/val/raw/train_eval) 1.0/0.4/0.4/0.0s | 1.9s
2026-08-30 03:10:20 | New best val_f1_macro_present: raw=1.0000 stable_score=0.9840 at epoch 26
2026-08-30 03:10:21 | Epoch 027/060 | loss 2.2102 | cls 1.7394 | tal -0.0494 | dual_g 0.4855 | dual_d 0.8406 | train_acc 0.9028 | train_full n/a | val_acc 0.9730 | val_f1 0.9776 | adv/moduleC 1.00/1.00 | disc_steps 4 | grad(main/disc) 17.304/1.990 | lr(main/disc) 7.00e-05/2.75e-05 | cuda_peak(alloc/resv) 4.09/5.12GB | phase(train/val/raw/train_eval) 0.9/0.4/0.0/0.0s | 1.3s
2026-08-30 03:10:23 | Epoch 028/060 | loss 2.1510 | cls 1.6990 | tal -0.0715 | dual_g 0.4736 | dual_d 0.9194 | train_acc 0.8681 | train_full n/a | val_acc 1.0000 | val_f1 1.0000 | adv/moduleC 1.00/1.00 | disc_steps 4 | grad(main/disc) 15.763/2.051 | lr(main/disc) 7.00e-05/2.75e-05 | cuda_peak(alloc/resv) 4.09/5.12GB | phase(train/val/raw/train_eval) 1.2/0.4/0.0/0.0s | 1.6s
2026-08-30 03:10:24 | Epoch 029/060 | loss 2.0362 | cls 1.5854 | tal 0.0015 | dual_g 0.4503 | dual_d 0.7645 | train_acc 0.9236 | train_full n/a | val_acc 0.9730 | val_f1 0.9802 | adv/moduleC 1.00/1.00 | disc_steps 4 | grad(main/disc) 13.822/1.933 | lr(main/disc) 7.00e-05/2.75e-05 | cuda_peak(alloc/resv) 4.09/5.12GB | phase(train/val/raw/train_eval) 1.1/0.4/0.0/0.0s | 1.5s
2026-08-30 03:10:26 | Epoch 030/060 | loss 2.0217 | cls 1.5947 | tal -0.0433 | dual_g 0.4400 | dual_d 0.8471 | train_acc 0.9306 | train_full 1.0000 | val_acc 1.0000 | val_f1 1.0000 | adv/moduleC 1.00/1.00 | disc_steps 4 | grad(main/disc) 14.469/1.909 | lr(main/disc) 7.00e-05/2.75e-05 | cuda_peak(alloc/resv) 4.09/5.12GB | phase(train/val/raw/train_eval) 1.1/0.4/0.4/0.5s | 2.3s
2026-08-30 03:10:28 | Epoch 031/060 | loss 1.8986 | cls 1.4858 | tal -0.0739 | dual_g 0.4350 | dual_d 0.8815 | train_acc 0.9306 | train_full n/a | val_acc 1.0000 | val_f1 1.0000 | adv/moduleC 1.00/1.00 | disc_steps 4 | grad(main/disc) 12.641/1.925 | lr(main/disc) 7.00e-05/2.75e-05 | cuda_peak(alloc/resv) 4.09/5.12GB | phase(train/val/raw/train_eval) 1.3/0.4/0.0/0.0s | 1.7s
2026-08-30 03:10:30 | Epoch 032/060 | loss 1.9676 | cls 1.5704 | tal -0.0932 | dual_g 0.4252 | dual_d 0.9069 | train_acc 0.9375 | train_full n/a | val_acc 0.9730 | val_f1 0.9840 | adv/moduleC 1.00/1.00 | disc_steps 4 | grad(main/disc) 13.814/2.004 | lr(main/disc) 7.00e-05/2.75e-05 | cuda_peak(alloc/resv) 4.09/5.12GB | phase(train/val/raw/train_eval) 1.1/0.4/0.0/0.0s | 1.5s
2026-08-30 03:10:31 | Epoch 033/060 | loss 1.8165 | cls 1.4432 | tal -0.1323 | dual_g 0.4130 | dual_d 0.9280 | train_acc 0.9306 | train_full n/a | val_acc 1.0000 | val_f1 1.0000 | adv/moduleC 1.00/1.00 | disc_steps 4 | grad(main/disc) 11.707/2.026 | lr(main/disc) 7.00e-05/2.75e-05 | cuda_peak(alloc/resv) 4.09/5.12GB | phase(train/val/raw/train_eval) 1.0/0.4/0.0/0.0s | 1.4s
2026-08-30 03:10:33 | Epoch 034/060 | loss 1.9745 | cls 1.5635 | tal -0.0707 | dual_g 0.4321 | dual_d 0.8567 | train_acc 0.9653 | train_full n/a | val_acc 0.9730 | val_f1 0.9802 | adv/moduleC 1.00/1.00 | disc_steps 4 | grad(main/disc) 14.540/1.928 | lr(main/disc) 3.50e-05/1.38e-05 | cuda_peak(alloc/resv) 4.09/5.12GB | phase(train/val/raw/train_eval) 1.3/0.4/0.0/0.0s | 1.7s
2026-08-30 03:10:35 | Epoch 035/060 | loss 1.9089 | cls 1.5110 | tal -0.0631 | dual_g 0.4168 | dual_d 0.8247 | train_acc 0.9514 | train_full 1.0000 | val_acc 1.0000 | val_f1 1.0000 | adv/moduleC 1.00/1.00 | disc_steps 4 | grad(main/disc) 13.445/1.888 | lr(main/disc) 3.50e-05/1.38e-05 | cuda_peak(alloc/resv) 4.09/5.12GB | phase(train/val/raw/train_eval) 1.2/0.4/0.4/0.5s | 2.5s
2026-08-30 03:10:37 | Epoch 036/060 | loss 1.9551 | cls 1.5609 | tal -0.0683 | dual_g 0.4147 | dual_d 0.9144 | train_acc 0.9236 | train_full n/a | val_acc 1.0000 | val_f1 1.0000 | adv/moduleC 1.00/1.00 | disc_steps 4 | grad(main/disc) 13.861/2.008 | lr(main/disc) 3.50e-05/1.38e-05 | cuda_peak(alloc/resv) 4.09/5.12GB | phase(train/val/raw/train_eval) 1.2/0.4/0.0/0.0s | 1.6s
2026-08-30 03:10:39 | Epoch 037/060 | loss 1.8488 | cls 1.4635 | tal -0.1023 | dual_g 0.4160 | dual_d 0.9111 | train_acc 0.9306 | train_full n/a | val_acc 1.0000 | val_f1 1.0000 | adv/moduleC 1.00/1.00 | disc_steps 4 | grad(main/disc) 12.753/2.015 | lr(main/disc) 3.50e-05/1.38e-05 | cuda_peak(alloc/resv) 4.09/5.12GB | phase(train/val/raw/train_eval) 1.2/0.4/0.4/0.0s | 2.0s
2026-08-30 03:10:41 | New best val_f1_macro_present: raw=1.0000 stable_score=1.0000 at epoch 37
2026-08-30 03:10:43 | Epoch 038/060 | loss 1.8514 | cls 1.4748 | tal -0.0690 | dual_g 0.3973 | dual_d 0.8961 | train_acc 0.9375 | train_full n/a | val_acc 1.0000 | val_f1 1.0000 | adv/moduleC 1.00/1.00 | disc_steps 4 | grad(main/disc) 12.265/2.028 | lr(main/disc) 3.50e-05/1.38e-05 | cuda_peak(alloc/resv) 4.09/5.12GB | phase(train/val/raw/train_eval) 1.3/0.4/0.0/0.0s | 1.8s
2026-08-30 03:10:44 | Epoch 039/060 | loss 1.8959 | cls 1.5166 | tal -0.0708 | dual_g 0.4005 | dual_d 0.9344 | train_acc 0.9306 | train_full n/a | val_acc 1.0000 | val_f1 1.0000 | adv/moduleC 1.00/1.00 | disc_steps 4 | grad(main/disc) 13.136/2.011 | lr(main/disc) 3.50e-05/1.38e-05 | cuda_peak(alloc/resv) 4.09/5.12GB | phase(train/val/raw/train_eval) 1.2/0.4/0.0/0.0s | 1.7s
2026-08-30 03:10:47 | Epoch 040/060 | loss 1.7578 | cls 1.3901 | tal -0.0982 | dual_g 0.3972 | dual_d 0.8795 | train_acc 0.9375 | train_full 1.0000 | val_acc 1.0000 | val_f1 1.0000 | adv/moduleC 1.00/1.00 | disc_steps 4 | grad(main/disc) 10.671/1.970 | lr(main/disc) 3.50e-05/1.38e-05 | cuda_peak(alloc/resv) 4.09/5.12GB | phase(train/val/raw/train_eval) 1.1/0.4/0.4/0.5s | 2.4s
2026-08-30 03:10:48 | Epoch 041/060 | loss 1.7634 | cls 1.4069 | tal -0.1564 | dual_g 0.4034 | dual_d 0.8737 | train_acc 0.9722 | train_full n/a | val_acc 1.0000 | val_f1 1.0000 | adv/moduleC 1.00/1.00 | disc_steps 4 | grad(main/disc) 11.507/1.961 | lr(main/disc) 3.50e-05/1.38e-05 | cuda_peak(alloc/resv) 4.09/5.12GB | phase(train/val/raw/train_eval) 1.1/0.4/0.0/0.0s | 1.5s
2026-08-30 03:10:50 | Epoch 042/060 | loss 1.7719 | cls 1.4116 | tal -0.1207 | dual_g 0.3965 | dual_d 0.8967 | train_acc 0.9444 | train_full n/a | val_acc 1.0000 | val_f1 1.0000 | adv/moduleC 1.00/1.00 | disc_steps 4 | grad(main/disc) 11.670/1.954 | lr(main/disc) 3.50e-05/1.38e-05 | cuda_peak(alloc/resv) 4.09/5.12GB | phase(train/val/raw/train_eval) 1.1/0.4/0.0/0.0s | 1.5s
2026-08-30 03:10:52 | Epoch 043/060 | loss 1.8081 | cls 1.4340 | tal -0.0359 | dual_g 0.3849 | dual_d 0.9381 | train_acc 0.9306 | train_full n/a | val_acc 1.0000 | val_f1 1.0000 | adv/moduleC 1.00/1.00 | disc_steps 4 | grad(main/disc) 11.636/1.974 | lr(main/disc) 1.75e-05/6.88e-06 | cuda_peak(alloc/resv) 4.09/5.12GB | phase(train/val/raw/train_eval) 1.2/0.4/0.0/0.0s | 1.7s
2026-08-30 03:10:53 | Epoch 044/060 | loss 1.7853 | cls 1.4339 | tal -0.0984 | dual_g 0.3808 | dual_d 1.0039 | train_acc 0.9653 | train_full n/a | val_acc 1.0000 | val_f1 1.0000 | adv/moduleC 1.00/1.00 | disc_steps 4 | grad(main/disc) 11.441/2.060 | lr(main/disc) 1.75e-05/6.88e-06 | cuda_peak(alloc/resv) 4.09/5.12GB | phase(train/val/raw/train_eval) 0.9/0.4/0.0/0.0s | 1.4s
2026-08-30 03:10:55 | Epoch 045/060 | loss 1.6545 | cls 1.3040 | tal -0.0748 | dual_g 0.3729 | dual_d 0.9238 | train_acc 0.9861 | train_full 1.0000 | val_acc 1.0000 | val_f1 1.0000 | adv/moduleC 1.00/1.00 | disc_steps 4 | grad(main/disc) 8.463/1.885 | lr(main/disc) 1.75e-05/6.88e-06 | cuda_peak(alloc/resv) 4.09/5.12GB | phase(train/val/raw/train_eval) 1.1/0.4/0.4/0.5s | 2.4s
2026-08-30 03:10:57 | Epoch 046/060 | loss 1.6450 | cls 1.3132 | tal -0.1351 | dual_g 0.3724 | dual_d 0.9894 | train_acc 0.9653 | train_full n/a | val_acc 1.0000 | val_f1 1.0000 | adv/moduleC 1.00/1.00 | disc_steps 4 | grad(main/disc) 8.937/2.029 | lr(main/disc) 1.75e-05/6.88e-06 | cuda_peak(alloc/resv) 4.09/5.12GB | phase(train/val/raw/train_eval) 1.2/0.4/0.0/0.0s | 1.6s
2026-08-30 03:10:59 | Epoch 047/060 | loss 1.6523 | cls 1.3085 | tal -0.0887 | dual_g 0.3705 | dual_d 0.9631 | train_acc 0.9792 | train_full n/a | val_acc 1.0000 | val_f1 1.0000 | adv/moduleC 1.00/1.00 | disc_steps 4 | grad(main/disc) 8.938/2.007 | lr(main/disc) 1.75e-05/6.88e-06 | cuda_peak(alloc/resv) 4.09/5.12GB | phase(train/val/raw/train_eval) 1.1/0.4/0.0/0.0s | 1.6s
2026-08-30 03:11:00 | Epoch 048/060 | loss 1.6954 | cls 1.3450 | tal -0.0954 | dual_g 0.3790 | dual_d 0.9293 | train_acc 0.9722 | train_full n/a | val_acc 1.0000 | val_f1 1.0000 | adv/moduleC 1.00/1.00 | disc_steps 4 | grad(main/disc) 11.271/1.999 | lr(main/disc) 1.75e-05/6.88e-06 | cuda_peak(alloc/resv) 4.09/5.12GB | phase(train/val/raw/train_eval) 1.1/0.4/0.0/0.0s | 1.5s
2026-08-30 03:11:01 | Epoch 049/060 | loss 1.5935 | cls 1.2737 | tal -0.1528 | dual_g 0.3657 | dual_d 0.9985 | train_acc 0.9931 | train_full n/a | val_acc 1.0000 | val_f1 1.0000 | adv/moduleC 1.00/1.00 | disc_steps 4 | grad(main/disc) 8.547/2.101 | lr(main/disc) 1.75e-05/6.88e-06 | cuda_peak(alloc/resv) 4.09/5.12GB | phase(train/val/raw/train_eval) 1.0/0.4/0.0/0.0s | 1.4s
2026-08-30 03:11:01 | Early stopping at epoch 49 after 12 epochs without val_f1_macro_present improvement.
2026-08-30 03:11:01 | Training complete. Peak validation accuracy: 1.0000 | selected val_f1_macro_present: 1.0000
