2026-08-30 03:11:01 | Starting Dual_D standalone training
2026-08-30 03:11:01 | Run directory: runs/module_c_ablation_60_v9/module_c_20260830_023711/module_c_no_cycle_逆光_20260830_025712
2026-08-30 03:11:01 | Device: cuda
2026-08-30 03:11:02 | Source train samples: 992
2026-08-30 03:11:02 | Target train samples: 132
2026-08-30 03:11:02 | Target val samples: 37
2026-08-30 03:11:02 | Classes: 14
2026-08-30 03:11:02 | Data audit: same_dir=False | path_overlap(vis/ir/ais)=0/0/0 | content_overlap(vis/ir/ais)=0/0/0 | ais_index_overlap=0 | stem_mismatch(vis-ir/vis-ais)=157/0
2026-08-30 03:11:02 | source_train classes: present 14/14 | absent 0 | counts [0:120, 1:44, 2:69, 3:45, 4:40, 5:30, 6:64, 7:80, 8:116, 9:68, 10:57, 11:83, 12:48, 13:128]
2026-08-30 03:11:02 | target_train classes: present 9/14 | absent 5 | counts [0:20, 2:12, 4:12, 5:2, 9:16, 10:16, 11:29, 12:4, 13:21]
2026-08-30 03:11:02 | target_val classes: present 9/14 | absent 5 | counts [0:6, 2:3, 4:4, 5:1, 9:4, 10:4, 11:8, 12:1, 13:6]
2026-08-30 03:11:02 | Paired training classes: 9/14 | class ids [0, 2, 4, 5, 9, 10, 11, 12, 13]
2026-08-30 03:11:02 | Runtime profile: batch=16 | paired_steps=9 | workers=16 | train_eval_every=5 | raw_eval_every=5 | stability_window=3 | lr_scheduler_start=24 | early_stop=12 after min_epoch=35
2026-08-30 03:11:02 | Augmentation profile: base=0.650 | visible=0.700 | infrared=0.400 | freeze_frozen_batch_norm_stats=True
2026-08-30 03:11:02 | VIS/IR pairing: class-level-unpaired | count-mismatch classes train/val: 10/1 | AIS alignment: none | AIS rows train/val: 0/0
2026-08-30 03:11:03 | Effective Dual-D loss weights: {"adv_auxiliary": 0.025, "adv_primary": 0.025, "classification": 0.15, "contrastive": 0.035, "cycle": 0.0, "identity": 0.03, "prototype_contrastive": 0.06}
2026-08-30 03:11:03 | Model parameters: total=17277714 | trainable=17120210
2026-08-30 03:11:05 | Epoch 001/060 | loss 5.7025 | cls 5.7093 | tal -0.0227 | dual_g 0.0000 | dual_d 0.0000 | train_acc 0.0764 | train_full 0.1136 | val_acc 0.2162 | val_f1 0.0730 | adv/moduleC 0.00/0.00 | disc_steps 0 | grad(main/disc) 29.246/0.000 | lr(main/disc) 7.00e-05/2.75e-05 | cuda_peak(alloc/resv) 4.09/5.12GB | phase(train/val/raw/train_eval) 1.4/0.4/0.4/0.5s | 2.7s
2026-08-30 03:11:07 | Epoch 002/060 | loss 4.7833 | cls 4.7297 | tal 0.1787 | dual_g 0.0000 | dual_d 0.0000 | train_acc 0.1319 | train_full n/a | val_acc 0.2703 | val_f1 0.1636 | adv/moduleC 0.00/0.00 | disc_steps 0 | grad(main/disc) 25.530/0.000 | lr(main/disc) 7.00e-05/2.75e-05 | cuda_peak(alloc/resv) 4.09/5.12GB | phase(train/val/raw/train_eval) 1.0/0.4/0.0/0.0s | 1.4s
2026-08-30 03:11:09 | Epoch 003/060 | loss 4.1832 | cls 4.1634 | tal 0.0659 | dual_g 0.0000 | dual_d 0.0000 | train_acc 0.2639 | train_full n/a | val_acc 0.4865 | val_f1 0.4903 | adv/moduleC 0.00/0.00 | disc_steps 0 | grad(main/disc) 23.056/0.000 | lr(main/disc) 7.00e-05/2.75e-05 | cuda_peak(alloc/resv) 4.09/5.12GB | phase(train/val/raw/train_eval) 1.2/0.4/0.4/0.0s | 2.0s
2026-08-30 03:11:11 | New best val_f1_macro_present: raw=0.4903 stable_score=0.0730 at epoch 3
2026-08-30 03:11:13 | Epoch 004/060 | loss 3.8946 | cls 3.8932 | tal 0.0048 | dual_g 0.0000 | dual_d 0.0000 | train_acc 0.3403 | train_full n/a | val_acc 0.6216 | val_f1 0.5577 | adv/moduleC 0.00/0.00 | disc_steps 0 | grad(main/disc) 22.028/0.000 | lr(main/disc) 7.00e-05/2.75e-05 | cuda_peak(alloc/resv) 4.09/5.12GB | phase(train/val/raw/train_eval) 1.1/0.4/0.4/0.0s | 1.9s
2026-08-30 03:11:15 | New best val_f1_macro_present: raw=0.5577 stable_score=0.1636 at epoch 4
2026-08-30 03:11:17 | Epoch 005/060 | loss 3.7632 | cls 3.6896 | tal -0.0241 | dual_g 0.0807 | dual_d 0.0000 | train_acc 0.4236 | train_full 0.7273 | val_acc 0.6486 | val_f1 0.6564 | adv/moduleC 0.00/0.10 | disc_steps 0 | grad(main/disc) 21.067/0.000 | lr(main/disc) 7.00e-05/2.75e-05 | cuda_peak(alloc/resv) 4.09/5.12GB | phase(train/val/raw/train_eval) 1.1/0.4/0.4/0.5s | 2.4s
2026-08-30 03:11:19 | New best val_f1_macro_present: raw=0.6564 stable_score=0.4903 at epoch 5
2026-08-30 03:11:21 | Epoch 006/060 | loss 3.5142 | cls 3.3714 | tal -0.0502 | dual_g 0.1579 | dual_d 0.0000 | train_acc 0.4236 | train_full n/a | val_acc 0.8108 | val_f1 0.8488 | adv/moduleC 0.00/0.20 | disc_steps 0 | grad(main/disc) 20.459/0.000 | lr(main/disc) 7.00e-05/2.75e-05 | cuda_peak(alloc/resv) 4.09/5.12GB | phase(train/val/raw/train_eval) 1.2/0.4/0.4/0.0s | 2.0s
2026-08-30 03:11:24 | New best val_f1_macro_present: raw=0.8488 stable_score=0.5577 at epoch 6
2026-08-30 03:11:25 | Epoch 007/060 | loss 3.3678 | cls 3.1682 | tal -0.1027 | dual_g 0.2304 | dual_d 0.9169 | train_acc 0.5486 | train_full n/a | val_acc 0.8649 | val_f1 0.8787 | adv/moduleC 0.07/0.30 | disc_steps 4 | grad(main/disc) 19.630/2.303 | lr(main/disc) 7.00e-05/2.75e-05 | cuda_peak(alloc/resv) 4.09/5.12GB | phase(train/val/raw/train_eval) 1.1/0.4/0.4/0.0s | 1.9s
2026-08-30 03:11:28 | New best val_f1_macro_present: raw=0.8787 stable_score=0.6564 at epoch 7
2026-08-30 03:11:30 | Epoch 008/060 | loss 3.3606 | cls 3.1243 | tal -0.1643 | dual_g 0.2856 | dual_d 0.8962 | train_acc 0.5208 | train_full n/a | val_acc 0.8378 | val_f1 0.8882 | adv/moduleC 0.14/0.40 | disc_steps 4 | grad(main/disc) 20.579/2.289 | lr(main/disc) 7.00e-05/2.75e-05 | cuda_peak(alloc/resv) 4.09/5.12GB | phase(train/val/raw/train_eval) 1.3/0.4/0.4/0.0s | 2.1s
2026-08-30 03:11:32 | New best val_f1_macro_present: raw=0.8882 stable_score=0.8488 at epoch 8
2026-08-30 03:11:33 | Epoch 009/060 | loss 3.3054 | cls 2.9653 | tal -0.0454 | dual_g 0.3538 | dual_d 0.8363 | train_acc 0.5903 | train_full n/a | val_acc 0.8649 | val_f1 0.8358 | adv/moduleC 0.21/0.50 | disc_steps 4 | grad(main/disc) 21.151/2.201 | lr(main/disc) 7.00e-05/2.75e-05 | cuda_peak(alloc/resv) 4.09/5.12GB | phase(train/val/raw/train_eval) 1.0/0.4/0.0/0.0s | 1.4s
2026-08-30 03:11:36 | Epoch 010/060 | loss 3.1791 | cls 2.8036 | tal -0.0923 | dual_g 0.4032 | dual_d 0.8830 | train_acc 0.5417 | train_full 0.8030 | val_acc 0.7838 | val_f1 0.7897 | adv/moduleC 0.29/0.60 | disc_steps 4 | grad(main/disc) 19.756/2.156 | lr(main/disc) 7.00e-05/2.75e-05 | cuda_peak(alloc/resv) 4.09/5.12GB | phase(train/val/raw/train_eval) 1.1/0.4/0.4/0.5s | 2.3s
2026-08-30 03:11:37 | Epoch 011/060 | loss 3.1110 | cls 2.6971 | tal -0.0970 | dual_g 0.4430 | dual_d 0.8629 | train_acc 0.6389 | train_full n/a | val_acc 0.8108 | val_f1 0.8477 | adv/moduleC 0.36/0.70 | disc_steps 4 | grad(main/disc) 20.268/2.132 | lr(main/disc) 7.00e-05/2.75e-05 | cuda_peak(alloc/resv) 4.09/5.12GB | phase(train/val/raw/train_eval) 1.0/0.4/0.0/0.0s | 1.4s
2026-08-30 03:11:39 | Epoch 012/060 | loss 3.0356 | cls 2.5881 | tal -0.1473 | dual_g 0.4917 | dual_d 0.7732 | train_acc 0.6458 | train_full n/a | val_acc 0.8649 | val_f1 0.8999 | adv/moduleC 0.43/0.80 | disc_steps 4 | grad(main/disc) 19.948/1.944 | lr(main/disc) 7.00e-05/2.75e-05 | cuda_peak(alloc/resv) 4.09/5.12GB | phase(train/val/raw/train_eval) 1.1/0.4/0.0/0.0s | 1.5s
2026-08-30 03:11:40 | Epoch 013/060 | loss 2.8849 | cls 2.3783 | tal -0.0822 | dual_g 0.5313 | dual_d 0.7917 | train_acc 0.6944 | train_full n/a | val_acc 0.8649 | val_f1 0.8934 | adv/moduleC 0.50/0.90 | disc_steps 4 | grad(main/disc) 19.258/1.969 | lr(main/disc) 7.00e-05/2.75e-05 | cuda_peak(alloc/resv) 4.09/5.12GB | phase(train/val/raw/train_eval) 1.1/0.4/0.0/0.0s | 1.5s
2026-08-30 03:11:42 | Epoch 014/060 | loss 2.7930 | cls 2.2326 | tal -0.1152 | dual_g 0.5949 | dual_d 0.7970 | train_acc 0.7361 | train_full n/a | val_acc 0.8919 | val_f1 0.9082 | adv/moduleC 0.57/1.00 | disc_steps 4 | grad(main/disc) 17.353/2.039 | lr(main/disc) 7.00e-05/2.75e-05 | cuda_peak(alloc/resv) 4.09/5.12GB | phase(train/val/raw/train_eval) 1.2/0.4/0.4/0.0s | 2.0s
2026-08-30 03:11:44 | New best val_f1_macro_present: raw=0.9082 stable_score=0.8934 at epoch 14
2026-08-30 03:11:46 | Epoch 015/060 | loss 2.9145 | cls 2.3946 | tal -0.1539 | dual_g 0.5660 | dual_d 0.7742 | train_acc 0.6528 | train_full 0.9697 | val_acc 0.9730 | val_f1 0.9776 | adv/moduleC 0.64/1.00 | disc_steps 4 | grad(main/disc) 18.940/1.998 | lr(main/disc) 7.00e-05/2.75e-05 | cuda_peak(alloc/resv) 4.09/5.12GB | phase(train/val/raw/train_eval) 1.0/0.4/0.4/0.4s | 2.3s
2026-08-30 03:11:48 | Epoch 016/060 | loss 2.6570 | cls 2.1976 | tal -0.2017 | dual_g 0.5199 | dual_d 0.8013 | train_acc 0.7014 | train_full n/a | val_acc 0.9730 | val_f1 0.9776 | adv/moduleC 0.71/1.00 | disc_steps 4 | grad(main/disc) 17.401/2.065 | lr(main/disc) 7.00e-05/2.75e-05 | cuda_peak(alloc/resv) 4.09/5.12GB | phase(train/val/raw/train_eval) 1.1/0.4/0.4/0.0s | 1.9s
2026-08-30 03:11:51 | New best val_f1_macro_present: raw=0.9776 stable_score=0.9082 at epoch 16
2026-08-30 03:11:53 | Epoch 017/060 | loss 2.4601 | cls 1.9806 | tal -0.1969 | dual_g 0.5386 | dual_d 0.8379 | train_acc 0.8194 | train_full n/a | val_acc 0.9189 | val_f1 0.9396 | adv/moduleC 0.79/1.00 | disc_steps 4 | grad(main/disc) 16.424/2.020 | lr(main/disc) 7.00e-05/2.75e-05 | cuda_peak(alloc/resv) 4.09/5.12GB | phase(train/val/raw/train_eval) 1.3/0.4/0.4/0.0s | 2.1s
2026-08-30 03:11:55 | New best val_f1_macro_present: raw=0.9396 stable_score=0.9396 at epoch 17
2026-08-30 03:11:56 | Epoch 018/060 | loss 2.5762 | cls 2.0934 | tal -0.1727 | dual_g 0.5346 | dual_d 0.7925 | train_acc 0.7986 | train_full n/a | val_acc 0.9459 | val_f1 0.9496 | adv/moduleC 0.86/1.00 | disc_steps 4 | grad(main/disc) 19.139/2.018 | lr(main/disc) 7.00e-05/2.75e-05 | cuda_peak(alloc/resv) 4.09/5.12GB | phase(train/val/raw/train_eval) 1.1/0.4/0.0/0.0s | 1.5s
2026-08-30 03:11:58 | Epoch 019/060 | loss 2.3045 | cls 1.8384 | tal -0.1732 | dual_g 0.5180 | dual_d 0.8424 | train_acc 0.8403 | train_full n/a | val_acc 0.9459 | val_f1 0.9616 | adv/moduleC 0.93/1.00 | disc_steps 4 | grad(main/disc) 15.855/1.937 | lr(main/disc) 7.00e-05/2.75e-05 | cuda_peak(alloc/resv) 4.09/5.12GB | phase(train/val/raw/train_eval) 1.4/0.4/0.0/0.0s | 1.8s
2026-08-30 03:12:00 | Epoch 020/060 | loss 2.4389 | cls 1.9811 | tal -0.2068 | dual_g 0.5198 | dual_d 0.8300 | train_acc 0.8264 | train_full 0.9773 | val_acc 0.9459 | val_f1 0.9616 | adv/moduleC 1.00/1.00 | disc_steps 4 | grad(main/disc) 18.524/1.972 | lr(main/disc) 7.00e-05/2.75e-05 | cuda_peak(alloc/resv) 4.09/5.12GB | phase(train/val/raw/train_eval) 1.1/0.4/0.4/0.5s | 2.4s
2026-08-30 03:12:03 | New best val_f1_macro_present: raw=0.9616 stable_score=0.9496 at epoch 20
2026-08-30 03:12:04 | Epoch 021/060 | loss 2.3191 | cls 1.8659 | tal -0.2076 | dual_g 0.5155 | dual_d 0.8772 | train_acc 0.7847 | train_full n/a | val_acc 0.9730 | val_f1 0.9802 | adv/moduleC 1.00/1.00 | disc_steps 4 | grad(main/disc) 18.113/2.100 | lr(main/disc) 7.00e-05/2.75e-05 | cuda_peak(alloc/resv) 4.09/5.12GB | phase(train/val/raw/train_eval) 1.1/0.4/0.4/0.0s | 1.9s
2026-08-30 03:12:07 | New best val_f1_macro_present: raw=0.9802 stable_score=0.9616 at epoch 21
2026-08-30 03:12:08 | Epoch 022/060 | loss 2.3042 | cls 1.9032 | tal -0.2823 | dual_g 0.4856 | dual_d 0.8663 | train_acc 0.8264 | train_full n/a | val_acc 0.8919 | val_f1 0.9156 | adv/moduleC 1.00/1.00 | disc_steps 4 | grad(main/disc) 18.959/2.028 | lr(main/disc) 7.00e-05/2.75e-05 | cuda_peak(alloc/resv) 4.09/5.12GB | phase(train/val/raw/train_eval) 0.9/0.4/0.0/0.0s | 1.3s
2026-08-30 03:12:09 | Epoch 023/060 | loss 2.1756 | cls 1.7704 | tal -0.2396 | dual_g 0.4771 | dual_d 0.8965 | train_acc 0.8958 | train_full n/a | val_acc 0.9730 | val_f1 0.9776 | adv/moduleC 1.00/1.00 | disc_steps 4 | grad(main/disc) 15.949/1.990 | lr(main/disc) 7.00e-05/2.75e-05 | cuda_peak(alloc/resv) 4.09/5.12GB | phase(train/val/raw/train_eval) 1.1/0.4/0.0/0.0s | 1.5s
2026-08-30 03:12:11 | Epoch 024/060 | loss 2.1300 | cls 1.7546 | tal -0.2878 | dual_g 0.4617 | dual_d 0.9191 | train_acc 0.8403 | train_full n/a | val_acc 0.9459 | val_f1 0.9616 | adv/moduleC 1.00/1.00 | disc_steps 4 | grad(main/disc) 15.015/2.160 | lr(main/disc) 7.00e-05/2.75e-05 | cuda_peak(alloc/resv) 4.09/5.12GB | phase(train/val/raw/train_eval) 1.2/0.4/0.0/0.0s | 1.6s
2026-08-30 03:12:13 | Epoch 025/060 | loss 2.0967 | cls 1.7132 | tal -0.2599 | dual_g 0.4615 | dual_d 0.8512 | train_acc 0.8542 | train_full 0.9773 | val_acc 0.9459 | val_f1 0.9616 | adv/moduleC 1.00/1.00 | disc_steps 4 | grad(main/disc) 15.324/1.911 | lr(main/disc) 7.00e-05/2.75e-05 | cuda_peak(alloc/resv) 4.09/5.12GB | phase(train/val/raw/train_eval) 1.1/0.4/0.4/0.5s | 2.4s
2026-08-30 03:12:15 | Epoch 026/060 | loss 1.9525 | cls 1.5541 | tal -0.1776 | dual_g 0.4516 | dual_d 0.8361 | train_acc 0.9167 | train_full n/a | val_acc 0.9459 | val_f1 0.9616 | adv/moduleC 1.00/1.00 | disc_steps 4 | grad(main/disc) 13.292/1.887 | lr(main/disc) 7.00e-05/2.75e-05 | cuda_peak(alloc/resv) 4.09/5.12GB | phase(train/val/raw/train_eval) 1.1/0.4/0.0/0.0s | 1.5s
2026-08-30 03:12:17 | Epoch 027/060 | loss 2.0292 | cls 1.6332 | tal -0.1343 | dual_g 0.4363 | dual_d 0.8889 | train_acc 0.9375 | train_full n/a | val_acc 0.9730 | val_f1 0.9840 | adv/moduleC 1.00/1.00 | disc_steps 4 | grad(main/disc) 13.657/1.938 | lr(main/disc) 7.00e-05/2.75e-05 | cuda_peak(alloc/resv) 4.09/5.12GB | phase(train/val/raw/train_eval) 1.1/0.4/0.0/0.0s | 1.5s
2026-08-30 03:12:18 | Epoch 028/060 | loss 2.1063 | cls 1.7347 | tal -0.2929 | dual_g 0.4594 | dual_d 0.9240 | train_acc 0.8889 | train_full n/a | val_acc 1.0000 | val_f1 1.0000 | adv/moduleC 1.00/1.00 | disc_steps 4 | grad(main/disc) 18.106/2.040 | lr(main/disc) 7.00e-05/2.75e-05 | cuda_peak(alloc/resv) 4.09/5.12GB | phase(train/val/raw/train_eval) 1.2/0.4/0.0/0.0s | 1.6s
2026-08-30 03:12:20 | Epoch 029/060 | loss 1.9719 | cls 1.5813 | tal -0.1547 | dual_g 0.4370 | dual_d 0.8649 | train_acc 0.9097 | train_full n/a | val_acc 0.9730 | val_f1 0.9802 | adv/moduleC 1.00/1.00 | disc_steps 4 | grad(main/disc) 15.301/1.960 | lr(main/disc) 7.00e-05/2.75e-05 | cuda_peak(alloc/resv) 4.09/5.12GB | phase(train/val/raw/train_eval) 1.0/0.4/0.4/0.0s | 1.8s
2026-08-30 03:12:22 | New best val_f1_macro_present: raw=0.9802 stable_score=0.9802 at epoch 29
2026-08-30 03:12:25 | Epoch 030/060 | loss 1.9009 | cls 1.5485 | tal -0.2051 | dual_g 0.4140 | dual_d 0.8622 | train_acc 0.8889 | train_full 1.0000 | val_acc 0.9730 | val_f1 0.9776 | adv/moduleC 1.00/1.00 | disc_steps 4 | grad(main/disc) 13.606/1.969 | lr(main/disc) 7.00e-05/2.75e-05 | cuda_peak(alloc/resv) 4.09/5.12GB | phase(train/val/raw/train_eval) 1.1/0.4/0.4/0.5s | 2.4s
2026-08-30 03:12:26 | Epoch 031/060 | loss 1.9847 | cls 1.6300 | tal -0.2183 | dual_g 0.4201 | dual_d 0.9287 | train_acc 0.9375 | train_full n/a | val_acc 0.9459 | val_f1 0.9617 | adv/moduleC 1.00/1.00 | disc_steps 4 | grad(main/disc) 14.382/1.964 | lr(main/disc) 7.00e-05/2.75e-05 | cuda_peak(alloc/resv) 4.09/5.12GB | phase(train/val/raw/train_eval) 1.1/0.4/0.0/0.0s | 1.5s
2026-08-30 03:12:28 | Epoch 032/060 | loss 1.8234 | cls 1.4538 | tal -0.1659 | dual_g 0.4194 | dual_d 0.9133 | train_acc 0.9653 | train_full n/a | val_acc 1.0000 | val_f1 1.0000 | adv/moduleC 1.00/1.00 | disc_steps 4 | grad(main/disc) 11.256/1.997 | lr(main/disc) 7.00e-05/2.75e-05 | cuda_peak(alloc/resv) 4.09/5.12GB | phase(train/val/raw/train_eval) 1.2/0.4/0.0/0.0s | 1.6s
2026-08-30 03:12:29 | Epoch 033/060 | loss 1.8618 | cls 1.5295 | tal -0.2285 | dual_g 0.4009 | dual_d 0.8481 | train_acc 0.9375 | train_full n/a | val_acc 1.0000 | val_f1 1.0000 | adv/moduleC 1.00/1.00 | disc_steps 4 | grad(main/disc) 12.954/1.938 | lr(main/disc) 7.00e-05/2.75e-05 | cuda_peak(alloc/resv) 4.09/5.12GB | phase(train/val/raw/train_eval) 1.1/0.4/0.0/0.0s | 1.5s
2026-08-30 03:12:31 | Epoch 034/060 | loss 1.8027 | cls 1.4664 | tal -0.2085 | dual_g 0.3988 | dual_d 0.9510 | train_acc 0.9444 | train_full n/a | val_acc 1.0000 | val_f1 1.0000 | adv/moduleC 1.00/1.00 | disc_steps 4 | grad(main/disc) 12.098/1.997 | lr(main/disc) 7.00e-05/2.75e-05 | cuda_peak(alloc/resv) 4.09/5.12GB | phase(train/val/raw/train_eval) 1.0/0.4/0.4/0.0s | 1.8s
2026-08-30 03:12:33 | New best val_f1_macro_present: raw=1.0000 stable_score=1.0000 at epoch 34
2026-08-30 03:12:36 | Epoch 035/060 | loss 1.7987 | cls 1.4904 | tal -0.2945 | dual_g 0.3966 | dual_d 1.0268 | train_acc 0.9653 | train_full 1.0000 | val_acc 1.0000 | val_f1 1.0000 | adv/moduleC 1.00/1.00 | disc_steps 4 | grad(main/disc) 13.088/2.139 | lr(main/disc) 7.00e-05/2.75e-05 | cuda_peak(alloc/resv) 4.09/5.12GB | phase(train/val/raw/train_eval) 1.1/0.4/0.4/0.5s | 2.4s
2026-08-30 03:12:37 | Epoch 036/060 | loss 1.7605 | cls 1.4431 | tal -0.2187 | dual_g 0.3830 | dual_d 0.8986 | train_acc 0.9722 | train_full n/a | val_acc 1.0000 | val_f1 1.0000 | adv/moduleC 1.00/1.00 | disc_steps 4 | grad(main/disc) 11.430/1.944 | lr(main/disc) 7.00e-05/2.75e-05 | cuda_peak(alloc/resv) 4.09/5.12GB | phase(train/val/raw/train_eval) 1.0/0.4/0.0/0.0s | 1.4s
2026-08-30 03:12:38 | Epoch 037/060 | loss 1.7873 | cls 1.4593 | tal -0.2009 | dual_g 0.3882 | dual_d 0.9914 | train_acc 0.9514 | train_full n/a | val_acc 1.0000 | val_f1 1.0000 | adv/moduleC 1.00/1.00 | disc_steps 4 | grad(main/disc) 12.989/2.090 | lr(main/disc) 3.50e-05/1.38e-05 | cuda_peak(alloc/resv) 4.09/5.12GB | phase(train/val/raw/train_eval) 1.0/0.4/0.0/0.0s | 1.4s
2026-08-30 03:12:40 | Epoch 038/060 | loss 1.6604 | cls 1.3564 | tal -0.2311 | dual_g 0.3733 | dual_d 0.9031 | train_acc 0.9583 | train_full n/a | val_acc 1.0000 | val_f1 1.0000 | adv/moduleC 1.00/1.00 | disc_steps 4 | grad(main/disc) 9.957/1.922 | lr(main/disc) 3.50e-05/1.38e-05 | cuda_peak(alloc/resv) 4.09/5.12GB | phase(train/val/raw/train_eval) 1.2/0.4/0.0/0.0s | 1.6s
2026-08-30 03:12:42 | Epoch 039/060 | loss 1.5687 | cls 1.2944 | tal -0.2635 | dual_g 0.3533 | dual_d 0.9865 | train_acc 0.9792 | train_full n/a | val_acc 1.0000 | val_f1 1.0000 | adv/moduleC 1.00/1.00 | disc_steps 4 | grad(main/disc) 7.719/1.950 | lr(main/disc) 3.50e-05/1.38e-05 | cuda_peak(alloc/resv) 4.09/5.12GB | phase(train/val/raw/train_eval) 1.3/0.4/0.0/0.0s | 1.7s
2026-08-30 03:12:44 | Epoch 040/060 | loss 1.6891 | cls 1.3959 | tal -0.2498 | dual_g 0.3681 | dual_d 0.9807 | train_acc 0.9653 | train_full 1.0000 | val_acc 1.0000 | val_f1 1.0000 | adv/moduleC 1.00/1.00 | disc_steps 4 | grad(main/disc) 11.170/2.000 | lr(main/disc) 3.50e-05/1.38e-05 | cuda_peak(alloc/resv) 4.09/5.12GB | phase(train/val/raw/train_eval) 1.0/0.4/0.4/0.5s | 2.3s
2026-08-30 03:12:45 | Epoch 041/060 | loss 1.6551 | cls 1.3684 | tal -0.2502 | dual_g 0.3618 | dual_d 1.0197 | train_acc 0.9444 | train_full n/a | val_acc 1.0000 | val_f1 1.0000 | adv/moduleC 1.00/1.00 | disc_steps 4 | grad(main/disc) 9.388/2.039 | lr(main/disc) 3.50e-05/1.38e-05 | cuda_peak(alloc/resv) 4.09/5.12GB | phase(train/val/raw/train_eval) 1.1/0.4/0.0/0.0s | 1.5s
2026-08-30 03:12:47 | Epoch 042/060 | loss 1.6052 | cls 1.3191 | tal -0.2505 | dual_g 0.3612 | dual_d 0.9687 | train_acc 0.9792 | train_full n/a | val_acc 1.0000 | val_f1 1.0000 | adv/moduleC 1.00/1.00 | disc_steps 4 | grad(main/disc) 10.457/1.933 | lr(main/disc) 3.50e-05/1.38e-05 | cuda_peak(alloc/resv) 4.09/5.12GB | phase(train/val/raw/train_eval) 1.3/0.4/0.0/0.0s | 1.7s
2026-08-30 03:12:49 | Epoch 043/060 | loss 1.6781 | cls 1.3890 | tal -0.2482 | dual_g 0.3637 | dual_d 0.9564 | train_acc 0.9583 | train_full n/a | val_acc 1.0000 | val_f1 1.0000 | adv/moduleC 1.00/1.00 | disc_steps 4 | grad(main/disc) 11.112/1.971 | lr(main/disc) 3.50e-05/1.38e-05 | cuda_peak(alloc/resv) 4.09/5.12GB | phase(train/val/raw/train_eval) 1.1/0.4/0.0/0.0s | 1.5s
2026-08-30 03:12:50 | Epoch 044/060 | loss 1.5813 | cls 1.2867 | tal -0.2279 | dual_g 0.3630 | dual_d 0.9800 | train_acc 0.9861 | train_full n/a | val_acc 1.0000 | val_f1 1.0000 | adv/moduleC 1.00/1.00 | disc_steps 4 | grad(main/disc) 8.408/2.003 | lr(main/disc) 3.50e-05/1.38e-05 | cuda_peak(alloc/resv) 4.09/5.12GB | phase(train/val/raw/train_eval) 1.2/0.4/0.0/0.0s | 1.6s
2026-08-30 03:12:53 | Epoch 045/060 | loss 1.5796 | cls 1.3213 | tal -0.2870 | dual_g 0.3444 | dual_d 1.0081 | train_acc 0.9653 | train_full 1.0000 | val_acc 1.0000 | val_f1 1.0000 | adv/moduleC 1.00/1.00 | disc_steps 4 | grad(main/disc) 9.310/1.961 | lr(main/disc) 3.50e-05/1.38e-05 | cuda_peak(alloc/resv) 4.09/5.12GB | phase(train/val/raw/train_eval) 1.1/0.4/0.4/0.4s | 2.3s
2026-08-30 03:12:54 | Epoch 046/060 | loss 1.5211 | cls 1.2530 | tal -0.2513 | dual_g 0.3435 | dual_d 0.9619 | train_acc 0.9722 | train_full n/a | val_acc 1.0000 | val_f1 1.0000 | adv/moduleC 1.00/1.00 | disc_steps 4 | grad(main/disc) 7.124/1.942 | lr(main/disc) 1.75e-05/6.88e-06 | cuda_peak(alloc/resv) 4.09/5.12GB | phase(train/val/raw/train_eval) 1.0/0.4/0.0/0.0s | 1.4s
2026-08-30 03:12:54 | Early stopping at epoch 46 after 12 epochs without val_f1_macro_present improvement.
2026-08-30 03:12:54 | Training complete. Peak validation accuracy: 1.0000 | selected val_f1_macro_present: 1.0000
