2026-08-27 10:13:13 | Starting Dual_D standalone training
2026-08-27 10:13:13 | Run directory: runs\local_weather_tuning_20260827\candidate_full_night_seed42
2026-08-27 10:13:13 | Device: cuda
2026-08-27 10:13:13 | Source train samples: 992
2026-08-27 10:13:13 | Target train samples: 465
2026-08-27 10:13:13 | Target val samples: 120
2026-08-27 10:13:13 | Classes: 14
2026-08-27 10:13:14 | Data audit: same_dir=False | path_overlap(vis/ir/ais)=0/0/0 | content_overlap(vis/ir/ais)=0/0/0 | ais_index_overlap=0 | stem_mismatch(vis-ir/vis-ais)=578/0
2026-08-27 10:13:14 | source_train classes: present 14/14 | absent 0 | counts [0:120, 1:44, 2:69, 3:45, 4:40, 5:30, 6:64, 7:80, 8:116, 9:68, 10:57, 11:83, 12:48, 13:128]
2026-08-27 10:13:14 | target_train classes: present 8/14 | absent 6 | counts [0:100, 2:11, 3:16, 6:89, 9:162, 10:12, 11:44, 13:31]
2026-08-27 10:13:14 | target_val classes: present 8/14 | absent 6 | counts [0:26, 2:3, 3:5, 6:23, 9:41, 10:3, 11:11, 13:8]
2026-08-27 10:13:14 | Paired training classes: 8/14 | class ids [0, 2, 3, 6, 9, 10, 11, 13]
2026-08-27 10:13:14 | Runtime profile: batch=12 | paired_steps=39 | workers=4 | train_eval_every=5 | raw_eval_every=5 | early_stop=15 after min_epoch=35
2026-08-27 10:13:14 | VIS/IR pairing: class-level-unpaired | count-mismatch classes train/val: 10/0 | AIS alignment: none | AIS rows train/val: 0/0
2026-08-27 10:13:15 | Model parameters: total=17277714 | trainable=17120210
2026-08-27 10:14:12 | Epoch 001/060 | loss 4.5593 | cls 4.5264 | tal 0.1096 | dual_g 0.0000 | dual_d 0.0000 | train_acc 0.2479 | train_full 0.1957 | val_acc 0.2833 | val_f1 0.3865 | adv/moduleC 0.00/0.00 | disc_steps 0 | grad(main/disc) 30.862/0.000 | lr(main/disc) 1.00e-04/3.50e-05 | cuda_peak(alloc/resv) 3.11/3.83GB | phase(train/val/raw/train_eval) 22.8/11.1/11.1/12.2s | 57.1s
2026-08-27 10:14:12 | New best val_f1_macro_present: 0.3865 at epoch 1
2026-08-27 10:14:46 | Epoch 002/060 | loss 2.9033 | cls 2.9197 | tal -0.0545 | dual_g 0.0000 | dual_d 0.0000 | train_acc 0.5641 | train_full n/a | val_acc 0.4583 | val_f1 0.5646 | adv/moduleC 0.00/0.00 | disc_steps 0 | grad(main/disc) 24.184/0.000 | lr(main/disc) 1.00e-04/3.50e-05 | cuda_peak(alloc/resv) 3.11/3.83GB | phase(train/val/raw/train_eval) 11.5/10.8/12.0/0.0s | 34.3s
2026-08-27 10:14:46 | New best val_f1_macro_present: 0.5646 at epoch 2
2026-08-27 10:15:21 | Epoch 003/060 | loss 2.3501 | cls 2.3673 | tal -0.0571 | dual_g 0.0000 | dual_d 0.0000 | train_acc 0.6410 | train_full n/a | val_acc 0.6333 | val_f1 0.6252 | adv/moduleC 0.00/0.00 | disc_steps 0 | grad(main/disc) 22.989/0.000 | lr(main/disc) 1.00e-04/3.50e-05 | cuda_peak(alloc/resv) 3.11/3.83GB | phase(train/val/raw/train_eval) 12.3/11.2/10.9/0.0s | 34.4s
2026-08-27 10:15:21 | New best val_f1_macro_present: 0.6252 at epoch 3
2026-08-27 10:15:55 | Epoch 004/060 | loss 1.9654 | cls 1.8173 | tal -0.0628 | dual_g 0.1669 | dual_d 0.0000 | train_acc 0.7756 | train_full n/a | val_acc 0.7167 | val_f1 0.6783 | adv/moduleC 0.00/0.12 | disc_steps 0 | grad(main/disc) 20.579/0.000 | lr(main/disc) 1.00e-04/3.50e-05 | cuda_peak(alloc/resv) 3.11/3.83GB | phase(train/val/raw/train_eval) 11.7/11.0/11.1/0.0s | 33.9s
2026-08-27 10:15:55 | New best val_f1_macro_present: 0.6783 at epoch 4
2026-08-27 10:16:41 | Epoch 005/060 | loss 1.9151 | cls 1.6207 | tal -0.0199 | dual_g 0.3004 | dual_d 0.0000 | train_acc 0.8184 | train_full 0.6860 | val_acc 0.6750 | val_f1 0.6758 | adv/moduleC 0.00/0.25 | disc_steps 0 | grad(main/disc) 19.720/0.000 | lr(main/disc) 1.00e-04/3.50e-05 | cuda_peak(alloc/resv) 3.11/3.83GB | phase(train/val/raw/train_eval) 11.6/11.1/11.3/12.3s | 46.3s
2026-08-27 10:17:15 | Epoch 006/060 | loss 1.8214 | cls 1.4315 | tal 0.0456 | dual_g 0.3762 | dual_d 0.9416 | train_acc 0.8526 | train_full n/a | val_acc 0.7667 | val_f1 0.8205 | adv/moduleC 0.05/0.38 | disc_steps 19 | grad(main/disc) 19.262/2.410 | lr(main/disc) 1.00e-04/3.50e-05 | cuda_peak(alloc/resv) 3.11/3.83GB | phase(train/val/raw/train_eval) 11.9/11.2/11.1/0.0s | 34.2s
2026-08-27 10:17:15 | New best val_f1_macro_present: 0.8205 at epoch 6
2026-08-27 10:17:38 | Epoch 007/060 | loss 1.6982 | cls 1.2604 | tal -0.0456 | dual_g 0.4515 | dual_d 0.8457 | train_acc 0.9060 | train_full n/a | val_acc 0.8250 | val_f1 0.8019 | adv/moduleC 0.10/0.50 | disc_steps 19 | grad(main/disc) 17.597/2.191 | lr(main/disc) 1.00e-04/3.50e-05 | cuda_peak(alloc/resv) 3.11/3.83GB | phase(train/val/raw/train_eval) 11.7/11.0/0.0/0.0s | 22.8s
2026-08-27 10:18:12 | Epoch 008/060 | loss 1.6636 | cls 1.1559 | tal -0.0352 | dual_g 0.5183 | dual_d 0.8258 | train_acc 0.9103 | train_full n/a | val_acc 0.9333 | val_f1 0.8923 | adv/moduleC 0.15/0.62 | disc_steps 19 | grad(main/disc) 16.445/2.160 | lr(main/disc) 1.00e-04/3.50e-05 | cuda_peak(alloc/resv) 3.11/3.83GB | phase(train/val/raw/train_eval) 12.0/11.0/11.2/0.0s | 34.3s
2026-08-27 10:18:12 | New best val_f1_macro_present: 0.8923 at epoch 8
2026-08-27 10:18:46 | Epoch 009/060 | loss 1.6371 | cls 1.0553 | tal 0.0511 | dual_g 0.5664 | dual_d 0.7858 | train_acc 0.9509 | train_full n/a | val_acc 0.9500 | val_f1 0.9213 | adv/moduleC 0.20/0.75 | disc_steps 19 | grad(main/disc) 14.349/2.033 | lr(main/disc) 1.00e-04/3.50e-05 | cuda_peak(alloc/resv) 3.11/3.83GB | phase(train/val/raw/train_eval) 11.9/10.9/10.8/0.0s | 33.6s
2026-08-27 10:18:46 | New best val_f1_macro_present: 0.9213 at epoch 9
2026-08-27 10:19:32 | Epoch 010/060 | loss 1.6688 | cls 1.0377 | tal -0.0647 | dual_g 0.6505 | dual_d 0.8302 | train_acc 0.9487 | train_full 0.9570 | val_acc 0.9333 | val_f1 0.9092 | adv/moduleC 0.25/0.88 | disc_steps 19 | grad(main/disc) 13.931/2.090 | lr(main/disc) 1.00e-04/3.50e-05 | cuda_peak(alloc/resv) 3.11/3.83GB | phase(train/val/raw/train_eval) 11.8/11.0/11.0/12.3s | 46.1s
2026-08-27 10:20:06 | Epoch 011/060 | loss 1.7224 | cls 1.0319 | tal -0.1060 | dual_g 0.7223 | dual_d 0.8000 | train_acc 0.9487 | train_full n/a | val_acc 0.9500 | val_f1 0.9449 | adv/moduleC 0.30/1.00 | disc_steps 19 | grad(main/disc) 13.903/2.005 | lr(main/disc) 1.00e-04/3.50e-05 | cuda_peak(alloc/resv) 3.11/3.83GB | phase(train/val/raw/train_eval) 12.0/10.9/11.0/0.0s | 33.8s
2026-08-27 10:20:06 | New best val_f1_macro_present: 0.9449 at epoch 11
2026-08-27 10:20:28 | Epoch 012/060 | loss 1.5541 | cls 0.9237 | tal -0.0885 | dual_g 0.6570 | dual_d 0.8692 | train_acc 0.9744 | train_full n/a | val_acc 0.9583 | val_f1 0.9397 | adv/moduleC 0.35/1.00 | disc_steps 19 | grad(main/disc) 10.550/2.145 | lr(main/disc) 1.00e-04/3.50e-05 | cuda_peak(alloc/resv) 3.11/3.83GB | phase(train/val/raw/train_eval) 11.8/10.7/0.0/0.0s | 22.5s
2026-08-27 10:20:52 | Epoch 013/060 | loss 1.5697 | cls 0.9254 | tal -0.0503 | dual_g 0.6594 | dual_d 0.8474 | train_acc 0.9744 | train_full n/a | val_acc 0.9500 | val_f1 0.9297 | adv/moduleC 0.40/1.00 | disc_steps 19 | grad(main/disc) 11.288/2.092 | lr(main/disc) 1.00e-04/3.50e-05 | cuda_peak(alloc/resv) 3.11/3.83GB | phase(train/val/raw/train_eval) 11.9/11.4/0.0/0.0s | 23.3s
2026-08-27 10:21:26 | Epoch 014/060 | loss 1.5059 | cls 0.8956 | tal -0.0470 | dual_g 0.6244 | dual_d 0.9037 | train_acc 0.9872 | train_full n/a | val_acc 0.9833 | val_f1 0.9708 | adv/moduleC 0.45/1.00 | disc_steps 19 | grad(main/disc) 9.670/2.154 | lr(main/disc) 1.00e-04/3.50e-05 | cuda_peak(alloc/resv) 3.11/3.83GB | phase(train/val/raw/train_eval) 11.9/11.2/11.0/0.0s | 34.0s
2026-08-27 10:21:26 | New best val_f1_macro_present: 0.9708 at epoch 14
2026-08-27 10:22:12 | Epoch 015/060 | loss 1.4548 | cls 0.8694 | tal -0.0799 | dual_g 0.6094 | dual_d 0.9672 | train_acc 0.9872 | train_full 0.9699 | val_acc 0.9333 | val_f1 0.9282 | adv/moduleC 0.50/1.00 | disc_steps 19 | grad(main/disc) 8.741/2.171 | lr(main/disc) 1.00e-04/3.50e-05 | cuda_peak(alloc/resv) 3.11/3.83GB | phase(train/val/raw/train_eval) 11.7/11.3/11.2/12.4s | 46.6s
2026-08-27 10:22:35 | Epoch 016/060 | loss 1.4174 | cls 0.8513 | tal -0.1614 | dual_g 0.6145 | dual_d 0.9499 | train_acc 0.9915 | train_full n/a | val_acc 0.9667 | val_f1 0.9573 | adv/moduleC 0.55/1.00 | disc_steps 19 | grad(main/disc) 8.467/2.155 | lr(main/disc) 1.00e-04/3.50e-05 | cuda_peak(alloc/resv) 3.11/3.83GB | phase(train/val/raw/train_eval) 11.8/10.9/0.0/0.0s | 22.6s
2026-08-27 10:22:58 | Epoch 017/060 | loss 1.4017 | cls 0.8522 | tal -0.1531 | dual_g 0.5954 | dual_d 0.9507 | train_acc 0.9957 | train_full n/a | val_acc 0.9750 | val_f1 0.9514 | adv/moduleC 0.60/1.00 | disc_steps 19 | grad(main/disc) 7.946/2.141 | lr(main/disc) 1.00e-04/3.50e-05 | cuda_peak(alloc/resv) 3.11/3.83GB | phase(train/val/raw/train_eval) 12.0/11.0/0.0/0.0s | 23.1s
2026-08-27 10:23:21 | Epoch 018/060 | loss 1.3588 | cls 0.8385 | tal -0.1560 | dual_g 0.5671 | dual_d 0.9951 | train_acc 0.9893 | train_full n/a | val_acc 0.9667 | val_f1 0.9444 | adv/moduleC 0.65/1.00 | disc_steps 19 | grad(main/disc) 6.882/2.165 | lr(main/disc) 1.00e-04/3.50e-05 | cuda_peak(alloc/resv) 3.11/3.83GB | phase(train/val/raw/train_eval) 11.9/11.1/0.0/0.0s | 23.0s
2026-08-27 10:23:43 | Epoch 019/060 | loss 1.3684 | cls 0.8407 | tal -0.1556 | dual_g 0.5743 | dual_d 1.0538 | train_acc 0.9915 | train_full n/a | val_acc 0.9750 | val_f1 0.9514 | adv/moduleC 0.70/1.00 | disc_steps 19 | grad(main/disc) 7.049/2.213 | lr(main/disc) 1.00e-04/3.50e-05 | cuda_peak(alloc/resv) 3.11/3.83GB | phase(train/val/raw/train_eval) 11.6/10.9/0.0/0.0s | 22.5s
2026-08-27 10:24:30 | Epoch 020/060 | loss 1.3542 | cls 0.8361 | tal -0.1770 | dual_g 0.5712 | dual_d 1.0125 | train_acc 0.9893 | train_full 0.9828 | val_acc 0.9583 | val_f1 0.9338 | adv/moduleC 0.75/1.00 | disc_steps 19 | grad(main/disc) 7.608/2.105 | lr(main/disc) 1.00e-04/3.50e-05 | cuda_peak(alloc/resv) 3.11/3.83GB | phase(train/val/raw/train_eval) 11.9/11.3/11.0/12.6s | 46.8s
2026-08-27 10:24:54 | Epoch 021/060 | loss 1.3370 | cls 0.8217 | tal -0.1608 | dual_g 0.5635 | dual_d 1.0284 | train_acc 0.9915 | train_full n/a | val_acc 0.9750 | val_f1 0.9692 | adv/moduleC 0.80/1.00 | disc_steps 19 | grad(main/disc) 6.335/2.155 | lr(main/disc) 5.00e-05/1.75e-05 | cuda_peak(alloc/resv) 3.11/3.83GB | phase(train/val/raw/train_eval) 12.0/11.6/0.0/0.0s | 23.6s
2026-08-27 10:25:28 | Epoch 022/060 | loss 1.3237 | cls 0.8156 | tal -0.1651 | dual_g 0.5577 | dual_d 1.0611 | train_acc 0.9957 | train_full n/a | val_acc 0.9833 | val_f1 0.9757 | adv/moduleC 0.85/1.00 | disc_steps 19 | grad(main/disc) 6.153/2.151 | lr(main/disc) 5.00e-05/1.75e-05 | cuda_peak(alloc/resv) 3.11/3.83GB | phase(train/val/raw/train_eval) 11.7/11.1/11.1/0.0s | 33.9s
2026-08-27 10:25:28 | New best val_f1_macro_present: 0.9757 at epoch 22
2026-08-27 10:25:51 | Epoch 023/060 | loss 1.3149 | cls 0.8134 | tal -0.1782 | dual_g 0.5549 | dual_d 1.0235 | train_acc 0.9979 | train_full n/a | val_acc 0.9833 | val_f1 0.9624 | adv/moduleC 0.90/1.00 | disc_steps 19 | grad(main/disc) 5.016/2.044 | lr(main/disc) 5.00e-05/1.75e-05 | cuda_peak(alloc/resv) 3.11/3.83GB | phase(train/val/raw/train_eval) 11.9/11.1/0.0/0.0s | 23.0s
2026-08-27 10:26:25 | Epoch 024/060 | loss 1.3130 | cls 0.8195 | tal -0.1986 | dual_g 0.5531 | dual_d 1.0841 | train_acc 0.9829 | train_full n/a | val_acc 0.9917 | val_f1 0.9827 | adv/moduleC 0.95/1.00 | disc_steps 19 | grad(main/disc) 6.082/2.117 | lr(main/disc) 5.00e-05/1.75e-05 | cuda_peak(alloc/resv) 3.11/3.83GB | phase(train/val/raw/train_eval) 11.8/11.0/11.1/0.0s | 33.9s
2026-08-27 10:26:25 | New best val_f1_macro_present: 0.9827 at epoch 24
2026-08-27 10:27:11 | Epoch 025/060 | loss 1.2639 | cls 0.7931 | tal -0.2248 | dual_g 0.5382 | dual_d 1.0946 | train_acc 0.9979 | train_full 1.0000 | val_acc 0.9833 | val_f1 0.9624 | adv/moduleC 1.00/1.00 | disc_steps 19 | grad(main/disc) 4.584/2.159 | lr(main/disc) 5.00e-05/1.75e-05 | cuda_peak(alloc/resv) 3.11/3.83GB | phase(train/val/raw/train_eval) 11.8/11.2/11.1/12.3s | 46.5s
2026-08-27 10:27:34 | Epoch 026/060 | loss 1.2680 | cls 0.7979 | tal -0.2350 | dual_g 0.5406 | dual_d 1.1435 | train_acc 0.9957 | train_full n/a | val_acc 0.9833 | val_f1 0.9717 | adv/moduleC 1.00/1.00 | disc_steps 19 | grad(main/disc) 4.796/2.162 | lr(main/disc) 5.00e-05/1.75e-05 | cuda_peak(alloc/resv) 3.11/3.83GB | phase(train/val/raw/train_eval) 11.9/10.8/0.0/0.0s | 22.7s
2026-08-27 10:27:57 | Epoch 027/060 | loss 1.2762 | cls 0.8015 | tal -0.2419 | dual_g 0.5473 | dual_d 1.1193 | train_acc 0.9915 | train_full n/a | val_acc 0.9917 | val_f1 0.9827 | adv/moduleC 1.00/1.00 | disc_steps 19 | grad(main/disc) 5.381/2.176 | lr(main/disc) 5.00e-05/1.75e-05 | cuda_peak(alloc/resv) 3.11/3.83GB | phase(train/val/raw/train_eval) 11.8/11.2/0.0/0.0s | 23.0s
2026-08-27 10:28:20 | Epoch 028/060 | loss 1.2582 | cls 0.7926 | tal -0.2501 | dual_g 0.5406 | dual_d 1.1144 | train_acc 0.9979 | train_full n/a | val_acc 0.9917 | val_f1 0.9827 | adv/moduleC 1.00/1.00 | disc_steps 19 | grad(main/disc) 4.669/2.136 | lr(main/disc) 5.00e-05/1.75e-05 | cuda_peak(alloc/resv) 3.11/3.83GB | phase(train/val/raw/train_eval) 11.9/11.2/0.0/0.0s | 23.1s
2026-08-27 10:28:43 | Epoch 029/060 | loss 1.2437 | cls 0.7849 | tal -0.2461 | dual_g 0.5326 | dual_d 1.0967 | train_acc 1.0000 | train_full n/a | val_acc 0.9917 | val_f1 0.9827 | adv/moduleC 1.00/1.00 | disc_steps 19 | grad(main/disc) 4.128/2.080 | lr(main/disc) 5.00e-05/1.75e-05 | cuda_peak(alloc/resv) 3.11/3.83GB | phase(train/val/raw/train_eval) 11.7/11.0/0.0/0.0s | 22.7s
2026-08-27 10:29:29 | Epoch 030/060 | loss 1.2427 | cls 0.7846 | tal -0.2435 | dual_g 0.5311 | dual_d 1.0317 | train_acc 1.0000 | train_full 0.9978 | val_acc 0.9917 | val_f1 0.9827 | adv/moduleC 1.00/1.00 | disc_steps 19 | grad(main/disc) 4.178/2.002 | lr(main/disc) 5.00e-05/1.75e-05 | cuda_peak(alloc/resv) 3.11/3.83GB | phase(train/val/raw/train_eval) 11.7/11.3/11.0/12.6s | 46.5s
2026-08-27 10:29:53 | Epoch 031/060 | loss 1.2432 | cls 0.7925 | tal -0.2854 | dual_g 0.5363 | dual_d 1.0883 | train_acc 0.9979 | train_full n/a | val_acc 0.9750 | val_f1 0.9638 | adv/moduleC 1.00/1.00 | disc_steps 19 | grad(main/disc) 5.067/2.022 | lr(main/disc) 2.50e-05/8.75e-06 | cuda_peak(alloc/resv) 3.11/3.83GB | phase(train/val/raw/train_eval) 12.3/11.0/0.0/0.0s | 23.2s
2026-08-27 10:30:16 | Epoch 032/060 | loss 1.2509 | cls 0.7907 | tal -0.2482 | dual_g 0.5346 | dual_d 1.0439 | train_acc 0.9936 | train_full n/a | val_acc 0.9833 | val_f1 0.9757 | adv/moduleC 1.00/1.00 | disc_steps 19 | grad(main/disc) 5.055/1.994 | lr(main/disc) 2.50e-05/8.75e-06 | cuda_peak(alloc/resv) 3.11/3.83GB | phase(train/val/raw/train_eval) 11.9/11.4/0.0/0.0s | 23.3s
2026-08-27 10:30:40 | Epoch 033/060 | loss 1.2437 | cls 0.7914 | tal -0.2387 | dual_g 0.5239 | dual_d 1.0426 | train_acc 0.9979 | train_full n/a | val_acc 0.9917 | val_f1 0.9827 | adv/moduleC 1.00/1.00 | disc_steps 19 | grad(main/disc) 4.281/1.990 | lr(main/disc) 2.50e-05/8.75e-06 | cuda_peak(alloc/resv) 3.11/3.83GB | phase(train/val/raw/train_eval) 12.2/11.7/0.0/0.0s | 23.9s
2026-08-27 10:31:04 | Epoch 034/060 | loss 1.2528 | cls 0.8006 | tal -0.2513 | dual_g 0.5276 | dual_d 1.0428 | train_acc 0.9936 | train_full n/a | val_acc 0.9833 | val_f1 0.9757 | adv/moduleC 1.00/1.00 | disc_steps 19 | grad(main/disc) 5.169/1.985 | lr(main/disc) 2.50e-05/8.75e-06 | cuda_peak(alloc/resv) 3.11/3.83GB | phase(train/val/raw/train_eval) 12.2/11.8/0.0/0.0s | 23.9s
2026-08-27 10:31:50 | Epoch 035/060 | loss 1.2127 | cls 0.7703 | tal -0.2483 | dual_g 0.5169 | dual_d 1.0317 | train_acc 1.0000 | train_full 0.9978 | val_acc 0.9917 | val_f1 0.9827 | adv/moduleC 1.00/1.00 | disc_steps 19 | grad(main/disc) 3.457/1.958 | lr(main/disc) 2.50e-05/8.75e-06 | cuda_peak(alloc/resv) 3.11/3.83GB | phase(train/val/raw/train_eval) 11.8/11.4/11.0/12.3s | 46.5s
2026-08-27 10:32:13 | Epoch 036/060 | loss 1.1925 | cls 0.7649 | tal -0.2807 | dual_g 0.5118 | dual_d 1.0627 | train_acc 1.0000 | train_full n/a | val_acc 0.9833 | val_f1 0.9757 | adv/moduleC 1.00/1.00 | disc_steps 19 | grad(main/disc) 2.782/1.952 | lr(main/disc) 2.50e-05/8.75e-06 | cuda_peak(alloc/resv) 3.11/3.83GB | phase(train/val/raw/train_eval) 11.9/11.2/0.0/0.0s | 23.0s
2026-08-27 10:32:36 | Epoch 037/060 | loss 1.2040 | cls 0.7746 | tal -0.2836 | dual_g 0.5145 | dual_d 1.0523 | train_acc 0.9957 | train_full n/a | val_acc 0.9917 | val_f1 0.9827 | adv/moduleC 1.00/1.00 | disc_steps 19 | grad(main/disc) 3.747/1.943 | lr(main/disc) 2.50e-05/8.75e-06 | cuda_peak(alloc/resv) 3.11/3.83GB | phase(train/val/raw/train_eval) 11.9/10.8/0.0/0.0s | 22.6s
2026-08-27 10:32:59 | Epoch 038/060 | loss 1.2094 | cls 0.7705 | tal -0.2533 | dual_g 0.5149 | dual_d 1.0486 | train_acc 1.0000 | train_full n/a | val_acc 0.9917 | val_f1 0.9827 | adv/moduleC 1.00/1.00 | disc_steps 19 | grad(main/disc) 3.417/1.964 | lr(main/disc) 1.25e-05/4.37e-06 | cuda_peak(alloc/resv) 3.11/3.83GB | phase(train/val/raw/train_eval) 11.9/11.1/0.0/0.0s | 23.0s
2026-08-27 10:33:22 | Epoch 039/060 | loss 1.2031 | cls 0.7726 | tal -0.2659 | dual_g 0.5103 | dual_d 1.0163 | train_acc 0.9957 | train_full n/a | val_acc 0.9917 | val_f1 0.9827 | adv/moduleC 1.00/1.00 | disc_steps 19 | grad(main/disc) 3.187/1.932 | lr(main/disc) 1.25e-05/4.37e-06 | cuda_peak(alloc/resv) 3.11/3.83GB | phase(train/val/raw/train_eval) 11.8/11.0/0.0/0.0s | 22.8s
2026-08-27 10:33:22 | Early stopping at epoch 39 after 15 epochs without val_f1_macro_present improvement.
2026-08-27 10:33:22 | Training complete. Best validation accuracy: 0.9917 | best val_f1_macro_present: 0.9827
