2026-08-29 15:15:35 | Starting Dual_D standalone training
2026-08-29 15:15:35 | Run directory: runs/module_c_ablation_60_v7/module_c_20260829_145907/module_c_full_逆光_20260829_145908
2026-08-29 15:15:35 | Device: cuda
2026-08-29 15:15:35 | Source train samples: 992
2026-08-29 15:15:35 | Target train samples: 132
2026-08-29 15:15:35 | Target val samples: 37
2026-08-29 15:15:35 | Classes: 14
2026-08-29 15:15:35 | Data audit: same_dir=False | path_overlap(vis/ir/ais)=0/0/0 | content_overlap(vis/ir/ais)=0/0/0 | ais_index_overlap=0 | stem_mismatch(vis-ir/vis-ais)=157/0
2026-08-29 15:15:35 | source_train classes: present 14/14 | absent 0 | counts [0:120, 1:44, 2:69, 3:45, 4:40, 5:30, 6:64, 7:80, 8:116, 9:68, 10:57, 11:83, 12:48, 13:128]
2026-08-29 15:15:35 | target_train classes: present 9/14 | absent 5 | counts [0:20, 2:12, 4:12, 5:2, 9:16, 10:16, 11:29, 12:4, 13:21]
2026-08-29 15:15:35 | target_val classes: present 9/14 | absent 5 | counts [0:6, 2:3, 4:4, 5:1, 9:4, 10:4, 11:8, 12:1, 13:6]
2026-08-29 15:15:35 | Paired training classes: 9/14 | class ids [0, 2, 4, 5, 9, 10, 11, 12, 13]
2026-08-29 15:15:35 | Runtime profile: batch=92 | paired_steps=4 | workers=16 | train_eval_every=5 | raw_eval_every=5 | stability_window=3 | lr_scheduler_start=24 | early_stop=18 after min_epoch=45
2026-08-29 15:15:35 | VIS/IR pairing: class-level-unpaired | count-mismatch classes train/val: 10/1 | AIS alignment: none | AIS rows train/val: 0/0
2026-08-29 15:15:36 | Effective Dual-D loss weights: {"adv_auxiliary": 0.025, "adv_primary": 0.025, "classification": 0.15, "contrastive": 0.035, "cycle": 0.12, "identity": 0.03, "prototype_contrastive": 0.06}
2026-08-29 15:15:36 | Model parameters: total=17277714 | trainable=17120210
2026-08-29 15:15:42 | Epoch 001/060 | loss 6.0719 | cls 6.1325 | tal -0.2023 | dual_g 0.0000 | dual_d 0.0000 | train_acc 0.0652 | train_full 0.0000 | val_acc 0.0000 | val_f1 0.0000 | adv/moduleC 0.00/0.00 | disc_steps 0 | grad(main/disc) 16.949/0.000 | lr(main/disc) 6.50e-05/2.75e-05 | cuda_peak(alloc/resv) 21.77/28.18GB | phase(train/val/raw/train_eval) 3.8/0.5/0.5/0.8s | 5.6s
2026-08-29 15:15:45 | Epoch 002/060 | loss 4.9763 | cls 5.0494 | tal -0.2436 | dual_g 0.0000 | dual_d 0.0000 | train_acc 0.1576 | train_full n/a | val_acc 0.1351 | val_f1 0.0668 | adv/moduleC 0.00/0.00 | disc_steps 0 | grad(main/disc) 14.044/0.000 | lr(main/disc) 6.50e-05/2.75e-05 | cuda_peak(alloc/resv) 21.77/28.18GB | phase(train/val/raw/train_eval) 2.9/0.5/0.0/0.0s | 3.4s
2026-08-29 15:15:49 | Epoch 003/060 | loss 4.2785 | cls 4.3360 | tal -0.1917 | dual_g 0.0000 | dual_d 0.0000 | train_acc 0.2935 | train_full n/a | val_acc 0.2432 | val_f1 0.1515 | adv/moduleC 0.00/0.00 | disc_steps 0 | grad(main/disc) 12.029/0.000 | lr(main/disc) 6.50e-05/2.75e-05 | cuda_peak(alloc/resv) 21.77/28.18GB | phase(train/val/raw/train_eval) 3.2/0.5/0.5/0.0s | 4.2s
2026-08-29 15:15:52 | New best val_f1_macro_present: raw=0.1515 stable_score=0.0000 at epoch 3
2026-08-29 15:15:57 | Epoch 004/060 | loss 3.8530 | cls 3.9085 | tal -0.1849 | dual_g 0.0000 | dual_d 0.0000 | train_acc 0.3424 | train_full n/a | val_acc 0.3243 | val_f1 0.2134 | adv/moduleC 0.00/0.00 | disc_steps 0 | grad(main/disc) 10.961/0.000 | lr(main/disc) 6.50e-05/2.75e-05 | cuda_peak(alloc/resv) 21.77/28.18GB | phase(train/val/raw/train_eval) 3.4/0.5/0.5/0.0s | 4.5s
2026-08-29 15:15:59 | New best val_f1_macro_present: raw=0.2134 stable_score=0.0668 at epoch 4
2026-08-29 15:16:04 | Epoch 005/060 | loss 3.7110 | cls 3.6758 | tal -0.2416 | dual_g 0.1077 | dual_d 0.0000 | train_acc 0.4429 | train_full 0.5000 | val_acc 0.4865 | val_f1 0.4623 | adv/moduleC 0.00/0.12 | disc_steps 0 | grad(main/disc) 10.425/0.000 | lr(main/disc) 6.50e-05/2.75e-05 | cuda_peak(alloc/resv) 21.77/28.18GB | phase(train/val/raw/train_eval) 3.5/0.5/0.5/0.8s | 5.3s
2026-08-29 15:16:07 | New best val_f1_macro_present: raw=0.4623 stable_score=0.1515 at epoch 5
2026-08-29 15:16:11 | Epoch 006/060 | loss 3.4657 | cls 3.3392 | tal -0.2580 | dual_g 0.2039 | dual_d 0.0000 | train_acc 0.4728 | train_full n/a | val_acc 0.6216 | val_f1 0.6067 | adv/moduleC 0.00/0.25 | disc_steps 0 | grad(main/disc) 9.788/0.000 | lr(main/disc) 6.50e-05/2.75e-05 | cuda_peak(alloc/resv) 21.77/28.18GB | phase(train/val/raw/train_eval) 3.0/0.5/0.5/0.0s | 4.0s
2026-08-29 15:16:14 | New best val_f1_macro_present: raw=0.6067 stable_score=0.2134 at epoch 6
2026-08-29 15:16:18 | Epoch 007/060 | loss 3.2720 | cls 3.0618 | tal -0.2784 | dual_g 0.2938 | dual_d 0.7906 | train_acc 0.5897 | train_full n/a | val_acc 0.7297 | val_f1 0.6677 | adv/moduleC 0.07/0.38 | disc_steps 2 | grad(main/disc) 9.195/1.564 | lr(main/disc) 6.50e-05/2.75e-05 | cuda_peak(alloc/resv) 21.77/28.18GB | phase(train/val/raw/train_eval) 3.2/0.5/0.5/0.0s | 4.2s
2026-08-29 15:16:21 | New best val_f1_macro_present: raw=0.6677 stable_score=0.4623 at epoch 7
2026-08-29 15:16:26 | Epoch 008/060 | loss 3.1295 | cls 2.8341 | tal -0.2649 | dual_g 0.3749 | dual_d 0.8030 | train_acc 0.6250 | train_full n/a | val_acc 0.8649 | val_f1 0.8831 | adv/moduleC 0.14/0.50 | disc_steps 2 | grad(main/disc) 8.828/1.526 | lr(main/disc) 6.50e-05/2.75e-05 | cuda_peak(alloc/resv) 21.77/28.18GB | phase(train/val/raw/train_eval) 3.4/0.5/0.5/0.0s | 4.4s
2026-08-29 15:16:28 | New best val_f1_macro_present: raw=0.8831 stable_score=0.6067 at epoch 8
2026-08-29 15:16:32 | Epoch 009/060 | loss 3.0431 | cls 2.6872 | tal -0.3049 | dual_g 0.4473 | dual_d 0.8010 | train_acc 0.6223 | train_full n/a | val_acc 0.8649 | val_f1 0.8831 | adv/moduleC 0.21/0.62 | disc_steps 2 | grad(main/disc) 9.328/1.562 | lr(main/disc) 6.50e-05/2.75e-05 | cuda_peak(alloc/resv) 21.77/28.18GB | phase(train/val/raw/train_eval) 2.9/0.5/0.5/0.0s | 3.9s
2026-08-29 15:16:35 | New best val_f1_macro_present: raw=0.8831 stable_score=0.6677 at epoch 9
2026-08-29 15:16:40 | Epoch 010/060 | loss 2.9918 | cls 2.5684 | tal -0.2978 | dual_g 0.5127 | dual_d 0.8287 | train_acc 0.6766 | train_full 0.8712 | val_acc 0.8108 | val_f1 0.8443 | adv/moduleC 0.29/0.75 | disc_steps 2 | grad(main/disc) 9.331/1.602 | lr(main/disc) 6.50e-05/2.75e-05 | cuda_peak(alloc/resv) 21.77/28.18GB | phase(train/val/raw/train_eval) 3.3/0.5/0.5/0.8s | 5.1s
2026-08-29 15:16:43 | New best val_f1_macro_present: raw=0.8443 stable_score=0.8443 at epoch 10
2026-08-29 15:16:47 | Epoch 011/060 | loss 2.9357 | cls 2.4402 | tal -0.2751 | dual_g 0.5780 | dual_d 0.8366 | train_acc 0.7446 | train_full n/a | val_acc 0.8919 | val_f1 0.9042 | adv/moduleC 0.36/0.88 | disc_steps 2 | grad(main/disc) 9.063/1.548 | lr(main/disc) 6.50e-05/2.75e-05 | cuda_peak(alloc/resv) 21.77/28.18GB | phase(train/val/raw/train_eval) 3.3/0.5/0.0/0.0s | 3.8s
2026-08-29 15:16:50 | Epoch 012/060 | loss 2.8089 | cls 2.2460 | tal -0.2214 | dual_g 0.6294 | dual_d 0.7815 | train_acc 0.7582 | train_full n/a | val_acc 0.9189 | val_f1 0.9261 | adv/moduleC 0.43/1.00 | disc_steps 2 | grad(main/disc) 8.687/1.527 | lr(main/disc) 6.50e-05/2.75e-05 | cuda_peak(alloc/resv) 21.77/28.18GB | phase(train/val/raw/train_eval) 3.1/0.5/0.0/0.0s | 3.6s
2026-08-29 15:16:55 | Epoch 013/060 | loss 2.7268 | cls 2.1506 | tal -0.1252 | dual_g 0.6138 | dual_d 0.7947 | train_acc 0.7690 | train_full n/a | val_acc 0.9189 | val_f1 0.9261 | adv/moduleC 0.50/1.00 | disc_steps 2 | grad(main/disc) 8.245/1.470 | lr(main/disc) 6.50e-05/2.75e-05 | cuda_peak(alloc/resv) 21.77/28.18GB | phase(train/val/raw/train_eval) 3.1/0.5/0.5/0.0s | 4.1s
2026-08-29 15:16:57 | New best val_f1_macro_present: raw=0.9261 stable_score=0.9042 at epoch 13
2026-08-29 15:17:02 | Epoch 014/060 | loss 2.6784 | cls 2.1119 | tal -0.1252 | dual_g 0.6040 | dual_d 0.7867 | train_acc 0.8043 | train_full n/a | val_acc 0.9730 | val_f1 0.9776 | adv/moduleC 0.57/1.00 | disc_steps 2 | grad(main/disc) 8.299/1.450 | lr(main/disc) 6.50e-05/2.75e-05 | cuda_peak(alloc/resv) 21.77/28.18GB | phase(train/val/raw/train_eval) 3.4/0.5/0.5/0.0s | 4.4s
2026-08-29 15:17:05 | New best val_f1_macro_present: raw=0.9776 stable_score=0.9261 at epoch 14
2026-08-29 15:17:10 | Epoch 015/060 | loss 2.5505 | cls 2.0301 | tal -0.2106 | dual_g 0.5836 | dual_d 0.8017 | train_acc 0.8152 | train_full 0.9470 | val_acc 0.9459 | val_f1 0.9556 | adv/moduleC 0.64/1.00 | disc_steps 2 | grad(main/disc) 8.556/1.390 | lr(main/disc) 6.50e-05/2.75e-05 | cuda_peak(alloc/resv) 21.77/28.18GB | phase(train/val/raw/train_eval) 3.2/0.5/0.5/0.8s | 5.0s
2026-08-29 15:17:14 | Epoch 016/060 | loss 2.3996 | cls 1.9078 | tal -0.2367 | dual_g 0.5628 | dual_d 0.8145 | train_acc 0.8451 | train_full n/a | val_acc 0.9189 | val_f1 0.9358 | adv/moduleC 0.71/1.00 | disc_steps 2 | grad(main/disc) 7.684/1.417 | lr(main/disc) 6.50e-05/2.75e-05 | cuda_peak(alloc/resv) 21.77/28.18GB | phase(train/val/raw/train_eval) 3.4/0.5/0.5/0.0s | 4.4s
2026-08-29 15:17:17 | New best val_f1_macro_present: raw=0.9358 stable_score=0.9358 at epoch 16
2026-08-29 15:17:20 | Epoch 017/060 | loss 2.3295 | cls 1.8334 | tal -0.1985 | dual_g 0.5557 | dual_d 0.8094 | train_acc 0.8967 | train_full n/a | val_acc 0.9730 | val_f1 0.9802 | adv/moduleC 0.79/1.00 | disc_steps 2 | grad(main/disc) 7.975/1.353 | lr(main/disc) 6.50e-05/2.75e-05 | cuda_peak(alloc/resv) 21.77/28.18GB | phase(train/val/raw/train_eval) 3.1/0.5/0.0/0.0s | 3.6s
2026-08-29 15:17:24 | Epoch 018/060 | loss 2.2677 | cls 1.7817 | tal -0.1907 | dual_g 0.5432 | dual_d 0.7539 | train_acc 0.9130 | train_full n/a | val_acc 0.9730 | val_f1 0.9776 | adv/moduleC 0.86/1.00 | disc_steps 2 | grad(main/disc) 8.647/1.348 | lr(main/disc) 6.50e-05/2.75e-05 | cuda_peak(alloc/resv) 21.77/28.18GB | phase(train/val/raw/train_eval) 3.5/0.5/0.0/0.0s | 4.1s
2026-08-29 15:17:29 | Epoch 019/060 | loss 2.1960 | cls 1.7154 | tal -0.1752 | dual_g 0.5331 | dual_d 0.8055 | train_acc 0.9103 | train_full n/a | val_acc 0.9459 | val_f1 0.9578 | adv/moduleC 0.93/1.00 | disc_steps 2 | grad(main/disc) 7.406/1.375 | lr(main/disc) 6.50e-05/2.75e-05 | cuda_peak(alloc/resv) 21.77/28.18GB | phase(train/val/raw/train_eval) 3.0/0.5/0.5/0.0s | 4.1s
2026-08-29 15:17:31 | New best val_f1_macro_present: raw=0.9578 stable_score=0.9578 at epoch 19
2026-08-29 15:17:36 | Epoch 020/060 | loss 2.1990 | cls 1.7151 | tal -0.1660 | dual_g 0.5337 | dual_d 0.8046 | train_acc 0.8696 | train_full 0.9773 | val_acc 0.9730 | val_f1 0.9802 | adv/moduleC 1.00/1.00 | disc_steps 2 | grad(main/disc) 10.005/1.370 | lr(main/disc) 6.50e-05/2.75e-05 | cuda_peak(alloc/resv) 21.77/28.18GB | phase(train/val/raw/train_eval) 3.0/0.5/0.5/0.8s | 4.8s
2026-08-29 15:17:40 | Epoch 021/060 | loss 2.0635 | cls 1.5914 | tal -0.1099 | dual_g 0.5051 | dual_d 0.8459 | train_acc 0.9130 | train_full n/a | val_acc 0.9730 | val_f1 0.9776 | adv/moduleC 1.00/1.00 | disc_steps 2 | grad(main/disc) 7.129/1.382 | lr(main/disc) 6.50e-05/2.75e-05 | cuda_peak(alloc/resv) 21.77/28.18GB | phase(train/val/raw/train_eval) 3.4/0.5/0.0/0.0s | 3.9s
2026-08-29 15:17:44 | Epoch 022/060 | loss 2.0890 | cls 1.6219 | tal -0.1291 | dual_g 0.5058 | dual_d 0.8432 | train_acc 0.9293 | train_full n/a | val_acc 0.9730 | val_f1 0.9776 | adv/moduleC 1.00/1.00 | disc_steps 2 | grad(main/disc) 8.739/1.350 | lr(main/disc) 6.50e-05/2.75e-05 | cuda_peak(alloc/resv) 21.77/28.18GB | phase(train/val/raw/train_eval) 2.9/0.5/0.5/0.0s | 3.9s
2026-08-29 15:17:47 | New best val_f1_macro_present: raw=0.9776 stable_score=0.9776 at epoch 22
2026-08-29 15:17:50 | Epoch 023/060 | loss 1.9778 | cls 1.5187 | tal -0.0925 | dual_g 0.4868 | dual_d 0.8410 | train_acc 0.9484 | train_full n/a | val_acc 0.9459 | val_f1 0.9578 | adv/moduleC 1.00/1.00 | disc_steps 2 | grad(main/disc) 6.387/1.351 | lr(main/disc) 6.50e-05/2.75e-05 | cuda_peak(alloc/resv) 21.77/28.18GB | phase(train/val/raw/train_eval) 3.2/0.5/0.0/0.0s | 3.7s
2026-08-29 15:17:54 | Epoch 024/060 | loss 1.9423 | cls 1.4928 | tal -0.0858 | dual_g 0.4752 | dual_d 0.8780 | train_acc 0.9538 | train_full n/a | val_acc 0.9730 | val_f1 0.9776 | adv/moduleC 1.00/1.00 | disc_steps 2 | grad(main/disc) 7.343/1.405 | lr(main/disc) 6.50e-05/2.75e-05 | cuda_peak(alloc/resv) 21.77/28.18GB | phase(train/val/raw/train_eval) 3.0/0.5/0.0/0.0s | 3.5s
2026-08-29 15:17:59 | Epoch 025/060 | loss 1.9005 | cls 1.4797 | tal -0.1203 | dual_g 0.4569 | dual_d 0.8996 | train_acc 0.9402 | train_full 0.9924 | val_acc 0.9459 | val_f1 0.9578 | adv/moduleC 1.00/1.00 | disc_steps 2 | grad(main/disc) 6.126/1.369 | lr(main/disc) 6.50e-05/2.75e-05 | cuda_peak(alloc/resv) 21.77/28.18GB | phase(train/val/raw/train_eval) 3.4/0.5/0.5/0.8s | 5.2s
2026-08-29 15:18:03 | Epoch 026/060 | loss 1.9059 | cls 1.4944 | tal -0.1522 | dual_g 0.4572 | dual_d 0.9179 | train_acc 0.9484 | train_full n/a | val_acc 0.9459 | val_f1 0.9578 | adv/moduleC 1.00/1.00 | disc_steps 2 | grad(main/disc) 6.309/1.450 | lr(main/disc) 6.50e-05/2.75e-05 | cuda_peak(alloc/resv) 21.77/28.18GB | phase(train/val/raw/train_eval) 3.1/0.5/0.0/0.0s | 3.6s
2026-08-29 15:18:06 | Epoch 027/060 | loss 1.8385 | cls 1.4399 | tal -0.1782 | dual_g 0.4521 | dual_d 0.9374 | train_acc 0.9728 | train_full n/a | val_acc 0.9730 | val_f1 0.9802 | adv/moduleC 1.00/1.00 | disc_steps 2 | grad(main/disc) 5.977/1.399 | lr(main/disc) 6.50e-05/2.75e-05 | cuda_peak(alloc/resv) 21.77/28.18GB | phase(train/val/raw/train_eval) 3.1/0.5/0.0/0.0s | 3.6s
2026-08-29 15:18:10 | Epoch 028/060 | loss 1.8012 | cls 1.4065 | tal -0.1361 | dual_g 0.4355 | dual_d 0.9131 | train_acc 0.9728 | train_full n/a | val_acc 0.9459 | val_f1 0.9578 | adv/moduleC 1.00/1.00 | disc_steps 2 | grad(main/disc) 5.855/1.415 | lr(main/disc) 6.50e-05/2.75e-05 | cuda_peak(alloc/resv) 21.77/28.18GB | phase(train/val/raw/train_eval) 3.4/0.5/0.0/0.0s | 3.9s
2026-08-29 15:18:14 | Epoch 029/060 | loss 1.8254 | cls 1.4354 | tal -0.1540 | dual_g 0.4361 | dual_d 0.9213 | train_acc 0.9620 | train_full n/a | val_acc 0.9730 | val_f1 0.9840 | adv/moduleC 1.00/1.00 | disc_steps 2 | grad(main/disc) 6.988/1.395 | lr(main/disc) 6.50e-05/2.75e-05 | cuda_peak(alloc/resv) 21.77/28.18GB | phase(train/val/raw/train_eval) 3.2/0.5/0.0/0.0s | 3.7s
2026-08-29 15:18:19 | Epoch 030/060 | loss 1.7916 | cls 1.3948 | tal -0.1153 | dual_g 0.4313 | dual_d 0.9384 | train_acc 0.9647 | train_full 1.0000 | val_acc 1.0000 | val_f1 1.0000 | adv/moduleC 1.00/1.00 | disc_steps 2 | grad(main/disc) 5.846/1.380 | lr(main/disc) 6.50e-05/2.75e-05 | cuda_peak(alloc/resv) 21.77/28.18GB | phase(train/val/raw/train_eval) 3.4/0.5/0.5/0.8s | 5.2s
2026-08-29 15:18:23 | Epoch 031/060 | loss 1.7273 | cls 1.3424 | tal -0.1377 | dual_g 0.4262 | dual_d 0.9326 | train_acc 0.9728 | train_full n/a | val_acc 1.0000 | val_f1 1.0000 | adv/moduleC 1.00/1.00 | disc_steps 2 | grad(main/disc) 5.822/1.362 | lr(main/disc) 6.50e-05/2.75e-05 | cuda_peak(alloc/resv) 21.77/28.18GB | phase(train/val/raw/train_eval) 3.1/0.5/0.5/0.0s | 4.1s
2026-08-29 15:18:26 | New best val_f1_macro_present: raw=1.0000 stable_score=0.9840 at epoch 31
2026-08-29 15:18:30 | Epoch 032/060 | loss 1.7625 | cls 1.3716 | tal -0.1089 | dual_g 0.4235 | dual_d 0.8695 | train_acc 0.9810 | train_full n/a | val_acc 0.9730 | val_f1 0.9802 | adv/moduleC 1.00/1.00 | disc_steps 2 | grad(main/disc) 5.636/1.323 | lr(main/disc) 6.50e-05/2.75e-05 | cuda_peak(alloc/resv) 21.77/28.18GB | phase(train/val/raw/train_eval) 3.4/0.5/0.0/0.0s | 3.9s
2026-08-29 15:18:34 | Epoch 033/060 | loss 1.7769 | cls 1.3740 | tal -0.0651 | dual_g 0.4224 | dual_d 0.9690 | train_acc 0.9701 | train_full n/a | val_acc 0.9730 | val_f1 0.9776 | adv/moduleC 1.00/1.00 | disc_steps 2 | grad(main/disc) 5.639/1.423 | lr(main/disc) 6.50e-05/2.75e-05 | cuda_peak(alloc/resv) 21.77/28.18GB | phase(train/val/raw/train_eval) 3.1/0.5/0.0/0.0s | 3.6s
2026-08-29 15:18:37 | Epoch 034/060 | loss 1.7216 | cls 1.3222 | tal -0.0552 | dual_g 0.4160 | dual_d 0.9538 | train_acc 0.9783 | train_full n/a | val_acc 0.9730 | val_f1 0.9776 | adv/moduleC 1.00/1.00 | disc_steps 2 | grad(main/disc) 5.538/1.363 | lr(main/disc) 6.50e-05/2.75e-05 | cuda_peak(alloc/resv) 21.77/28.18GB | phase(train/val/raw/train_eval) 3.2/0.5/0.0/0.0s | 3.7s
2026-08-29 15:18:42 | Epoch 035/060 | loss 1.6727 | cls 1.3055 | tal -0.1376 | dual_g 0.4085 | dual_d 0.9749 | train_acc 0.9891 | train_full 1.0000 | val_acc 1.0000 | val_f1 1.0000 | adv/moduleC 1.00/1.00 | disc_steps 2 | grad(main/disc) 5.089/1.379 | lr(main/disc) 6.50e-05/2.75e-05 | cuda_peak(alloc/resv) 21.77/28.18GB | phase(train/val/raw/train_eval) 3.1/0.5/0.5/0.8s | 4.9s
2026-08-29 15:18:46 | Epoch 036/060 | loss 1.6471 | cls 1.2908 | tal -0.1611 | dual_g 0.4047 | dual_d 0.9756 | train_acc 0.9946 | train_full n/a | val_acc 1.0000 | val_f1 1.0000 | adv/moduleC 1.00/1.00 | disc_steps 2 | grad(main/disc) 4.256/1.370 | lr(main/disc) 6.50e-05/2.75e-05 | cuda_peak(alloc/resv) 21.77/28.18GB | phase(train/val/raw/train_eval) 3.3/0.5/0.0/0.0s | 3.8s
2026-08-29 15:18:51 | Epoch 037/060 | loss 1.6645 | cls 1.3084 | tal -0.1540 | dual_g 0.4023 | dual_d 1.0149 | train_acc 0.9864 | train_full n/a | val_acc 1.0000 | val_f1 1.0000 | adv/moduleC 1.00/1.00 | disc_steps 2 | grad(main/disc) 4.839/1.425 | lr(main/disc) 6.50e-05/2.75e-05 | cuda_peak(alloc/resv) 21.77/28.18GB | phase(train/val/raw/train_eval) 3.4/0.5/0.5/0.0s | 4.5s
2026-08-29 15:18:53 | New best val_f1_macro_present: raw=1.0000 stable_score=1.0000 at epoch 37
2026-08-29 15:18:57 | Epoch 038/060 | loss 1.6063 | cls 1.2888 | tal -0.2378 | dual_g 0.3888 | dual_d 0.9680 | train_acc 0.9891 | train_full n/a | val_acc 0.9730 | val_f1 0.9776 | adv/moduleC 1.00/1.00 | disc_steps 2 | grad(main/disc) 4.891/1.372 | lr(main/disc) 6.50e-05/2.75e-05 | cuda_peak(alloc/resv) 21.77/28.18GB | phase(train/val/raw/train_eval) 3.4/0.5/0.0/0.0s | 3.9s
2026-08-29 15:19:01 | Epoch 039/060 | loss 1.6509 | cls 1.3154 | tal -0.1951 | dual_g 0.3941 | dual_d 1.0622 | train_acc 0.9918 | train_full n/a | val_acc 1.0000 | val_f1 1.0000 | adv/moduleC 1.00/1.00 | disc_steps 2 | grad(main/disc) 5.871/1.426 | lr(main/disc) 6.50e-05/2.75e-05 | cuda_peak(alloc/resv) 21.77/28.18GB | phase(train/val/raw/train_eval) 3.6/0.5/0.0/0.0s | 4.1s
2026-08-29 15:19:06 | Epoch 040/060 | loss 1.6062 | cls 1.2978 | tal -0.2588 | dual_g 0.3860 | dual_d 0.9628 | train_acc 0.9864 | train_full 1.0000 | val_acc 0.9730 | val_f1 0.9692 | adv/moduleC 1.00/1.00 | disc_steps 2 | grad(main/disc) 3.814/1.310 | lr(main/disc) 6.50e-05/2.75e-05 | cuda_peak(alloc/resv) 21.77/28.18GB | phase(train/val/raw/train_eval) 3.1/0.5/0.5/0.8s | 4.9s
2026-08-29 15:19:10 | Epoch 041/060 | loss 1.5975 | cls 1.2868 | tal -0.2393 | dual_g 0.3824 | dual_d 1.0474 | train_acc 0.9918 | train_full n/a | val_acc 0.9730 | val_f1 0.9776 | adv/moduleC 1.00/1.00 | disc_steps 2 | grad(main/disc) 4.673/1.412 | lr(main/disc) 3.25e-05/1.38e-05 | cuda_peak(alloc/resv) 21.77/28.18GB | phase(train/val/raw/train_eval) 3.4/0.5/0.0/0.0s | 3.9s
2026-08-29 15:19:14 | Epoch 042/060 | loss 1.5599 | cls 1.2590 | tal -0.2607 | dual_g 0.3791 | dual_d 1.0562 | train_acc 0.9918 | train_full n/a | val_acc 1.0000 | val_f1 1.0000 | adv/moduleC 1.00/1.00 | disc_steps 2 | grad(main/disc) 3.793/1.401 | lr(main/disc) 3.25e-05/1.38e-05 | cuda_peak(alloc/resv) 21.77/28.18GB | phase(train/val/raw/train_eval) 3.0/0.5/0.0/0.0s | 3.5s
2026-08-29 15:19:17 | Epoch 043/060 | loss 1.5616 | cls 1.2709 | tal -0.2648 | dual_g 0.3701 | dual_d 1.0394 | train_acc 0.9891 | train_full n/a | val_acc 1.0000 | val_f1 1.0000 | adv/moduleC 1.00/1.00 | disc_steps 2 | grad(main/disc) 4.113/1.378 | lr(main/disc) 3.25e-05/1.38e-05 | cuda_peak(alloc/resv) 21.77/28.18GB | phase(train/val/raw/train_eval) 3.3/0.5/0.0/0.0s | 3.9s
2026-08-29 15:19:21 | Epoch 044/060 | loss 1.5739 | cls 1.2720 | tal -0.2284 | dual_g 0.3705 | dual_d 1.0451 | train_acc 0.9864 | train_full n/a | val_acc 1.0000 | val_f1 1.0000 | adv/moduleC 1.00/1.00 | disc_steps 2 | grad(main/disc) 3.963/1.373 | lr(main/disc) 3.25e-05/1.38e-05 | cuda_peak(alloc/resv) 21.77/28.18GB | phase(train/val/raw/train_eval) 3.1/0.5/0.0/0.0s | 3.6s
2026-08-29 15:19:26 | Epoch 045/060 | loss 1.5612 | cls 1.2527 | tal -0.2186 | dual_g 0.3741 | dual_d 1.0786 | train_acc 0.9918 | train_full 1.0000 | val_acc 1.0000 | val_f1 1.0000 | adv/moduleC 1.00/1.00 | disc_steps 2 | grad(main/disc) 3.791/1.411 | lr(main/disc) 3.25e-05/1.38e-05 | cuda_peak(alloc/resv) 21.77/28.18GB | phase(train/val/raw/train_eval) 3.3/0.5/0.5/0.8s | 5.2s
2026-08-29 15:19:30 | Epoch 046/060 | loss 1.5793 | cls 1.2698 | tal -0.2014 | dual_g 0.3699 | dual_d 1.0453 | train_acc 0.9891 | train_full n/a | val_acc 1.0000 | val_f1 1.0000 | adv/moduleC 1.00/1.00 | disc_steps 2 | grad(main/disc) 3.696/1.366 | lr(main/disc) 3.25e-05/1.38e-05 | cuda_peak(alloc/resv) 21.77/28.18GB | phase(train/val/raw/train_eval) 3.3/0.5/0.0/0.0s | 3.9s
2026-08-29 15:19:34 | Epoch 047/060 | loss 1.5340 | cls 1.2422 | tal -0.2636 | dual_g 0.3709 | dual_d 1.0304 | train_acc 0.9918 | train_full n/a | val_acc 1.0000 | val_f1 1.0000 | adv/moduleC 1.00/1.00 | disc_steps 2 | grad(main/disc) 3.329/1.368 | lr(main/disc) 3.25e-05/1.38e-05 | cuda_peak(alloc/resv) 21.77/28.18GB | phase(train/val/raw/train_eval) 3.3/0.5/0.0/0.0s | 3.8s
2026-08-29 15:19:38 | Epoch 048/060 | loss 1.5263 | cls 1.2444 | tal -0.2832 | dual_g 0.3669 | dual_d 1.0210 | train_acc 0.9891 | train_full n/a | val_acc 1.0000 | val_f1 1.0000 | adv/moduleC 1.00/1.00 | disc_steps 2 | grad(main/disc) 3.170/1.331 | lr(main/disc) 3.25e-05/1.38e-05 | cuda_peak(alloc/resv) 21.77/28.18GB | phase(train/val/raw/train_eval) 3.4/0.5/0.0/0.0s | 3.9s
2026-08-29 15:19:42 | Epoch 049/060 | loss 1.5148 | cls 1.2375 | tal -0.3022 | dual_g 0.3679 | dual_d 1.0473 | train_acc 0.9891 | train_full n/a | val_acc 1.0000 | val_f1 1.0000 | adv/moduleC 1.00/1.00 | disc_steps 2 | grad(main/disc) 3.352/1.343 | lr(main/disc) 3.25e-05/1.38e-05 | cuda_peak(alloc/resv) 21.77/28.18GB | phase(train/val/raw/train_eval) 3.2/0.5/0.0/0.0s | 3.7s
2026-08-29 15:19:47 | Epoch 050/060 | loss 1.5141 | cls 1.2445 | tal -0.3062 | dual_g 0.3614 | dual_d 1.0386 | train_acc 0.9891 | train_full 1.0000 | val_acc 1.0000 | val_f1 1.0000 | adv/moduleC 1.00/1.00 | disc_steps 2 | grad(main/disc) 3.402/1.392 | lr(main/disc) 3.25e-05/1.38e-05 | cuda_peak(alloc/resv) 21.77/28.18GB | phase(train/val/raw/train_eval) 3.5/0.5/0.5/0.8s | 5.2s
2026-08-29 15:19:50 | Epoch 051/060 | loss 1.5446 | cls 1.2600 | tal -0.2768 | dual_g 0.3677 | dual_d 1.0606 | train_acc 0.9891 | train_full n/a | val_acc 1.0000 | val_f1 1.0000 | adv/moduleC 1.00/1.00 | disc_steps 2 | grad(main/disc) 4.017/1.391 | lr(main/disc) 3.25e-05/1.38e-05 | cuda_peak(alloc/resv) 21.77/28.18GB | phase(train/val/raw/train_eval) 3.1/0.5/0.0/0.0s | 3.6s
2026-08-29 15:19:54 | Epoch 052/060 | loss 1.5270 | cls 1.2452 | tal -0.2534 | dual_g 0.3578 | dual_d 1.0329 | train_acc 0.9946 | train_full n/a | val_acc 1.0000 | val_f1 1.0000 | adv/moduleC 1.00/1.00 | disc_steps 2 | grad(main/disc) 3.288/1.379 | lr(main/disc) 1.62e-05/6.88e-06 | cuda_peak(alloc/resv) 21.77/28.18GB | phase(train/val/raw/train_eval) 3.2/0.5/0.0/0.0s | 3.7s
2026-08-29 15:19:58 | Epoch 053/060 | loss 1.5200 | cls 1.2469 | tal -0.2791 | dual_g 0.3568 | dual_d 1.0453 | train_acc 0.9946 | train_full n/a | val_acc 1.0000 | val_f1 1.0000 | adv/moduleC 1.00/1.00 | disc_steps 2 | grad(main/disc) 3.244/1.365 | lr(main/disc) 1.62e-05/6.88e-06 | cuda_peak(alloc/resv) 21.77/28.18GB | phase(train/val/raw/train_eval) 3.3/0.5/0.0/0.0s | 3.8s
2026-08-29 15:20:02 | Epoch 054/060 | loss 1.5073 | cls 1.2298 | tal -0.2718 | dual_g 0.3590 | dual_d 1.0384 | train_acc 1.0000 | train_full n/a | val_acc 1.0000 | val_f1 1.0000 | adv/moduleC 1.00/1.00 | disc_steps 2 | grad(main/disc) 2.937/1.348 | lr(main/disc) 1.62e-05/6.88e-06 | cuda_peak(alloc/resv) 21.77/28.18GB | phase(train/val/raw/train_eval) 3.4/0.5/0.0/0.0s | 3.9s
2026-08-29 15:20:07 | Epoch 055/060 | loss 1.4979 | cls 1.2319 | tal -0.3001 | dual_g 0.3560 | dual_d 1.0694 | train_acc 0.9946 | train_full 1.0000 | val_acc 1.0000 | val_f1 1.0000 | adv/moduleC 1.00/1.00 | disc_steps 2 | grad(main/disc) 2.798/1.367 | lr(main/disc) 1.62e-05/6.88e-06 | cuda_peak(alloc/resv) 21.77/28.18GB | phase(train/val/raw/train_eval) 3.4/0.5/0.5/0.8s | 5.2s
2026-08-29 15:20:07 | Early stopping at epoch 55 after 18 epochs without val_f1_macro_present improvement.
2026-08-29 15:20:07 | Training complete. Peak validation accuracy: 1.0000 | selected val_f1_macro_present: 1.0000
