2026-08-26 22:36:36 | Starting Dual_D standalone training
2026-08-26 22:36:36 | Run directory: runs/module_c_ablation_60_v4/module_c_20260826_164328/module_c_no_module_c_逆光_20260826_221802
2026-08-26 22:36:36 | Device: cuda
2026-08-26 22:36:36 | Source train samples: 992
2026-08-26 22:36:36 | Target train samples: 132
2026-08-26 22:36:36 | Target val samples: 37
2026-08-26 22:36:36 | Classes: 14
2026-08-26 22:36:36 | Data audit: same_dir=False | path_overlap(vis/ir/ais)=0/0/0 | content_overlap(vis/ir/ais)=0/0/0 | ais_index_overlap=0 | stem_mismatch(vis-ir/vis-ais)=157/0
2026-08-26 22:36:36 | source_train classes: present 14/14 | absent 0 | counts [0:120, 1:44, 2:69, 3:45, 4:40, 5:30, 6:64, 7:80, 8:116, 9:68, 10:57, 11:83, 12:48, 13:128]
2026-08-26 22:36:36 | target_train classes: present 9/14 | absent 5 | counts [0:20, 2:12, 4:12, 5:2, 9:16, 10:16, 11:29, 12:4, 13:21]
2026-08-26 22:36:36 | target_val classes: present 9/14 | absent 5 | counts [0:6, 2:3, 4:4, 5:1, 9:4, 10:4, 11:8, 12:1, 13:6]
2026-08-26 22:36:36 | Paired training classes: 9/14 | class ids [0, 2, 4, 5, 9, 10, 11, 12, 13]
2026-08-26 22:36:36 | Runtime profile: batch=80 | paired_steps=3 | workers=16 | train_eval_every=5 | raw_eval_every=5 | early_stop=15 after min_epoch=25
2026-08-26 22:36:36 | VIS/IR pairing: class-level-unpaired | count-mismatch classes train/val: 10/1 | AIS alignment: none | AIS rows train/val: 0/0
2026-08-26 22:36:38 | Model parameters: total=17277714 | trainable=17120210
2026-08-26 22:36:44 | Epoch 001/060 | loss 6.1183 | cls 6.1629 | tal -0.1489 | dual_g 0.0000 | dual_d 0.0000 | train_acc 0.0708 | train_full 0.0227 | val_acc 0.0000 | val_f1 0.0000 | adv/moduleC 0.00/0.00 | disc_steps 0 | grad(main/disc) 17.539/0.000 | lr(main/disc) 7.00e-05/3.50e-05 | cuda_peak(alloc/resv) 18.96/24.42GB | phase(train/val/raw/train_eval) 3.4/0.6/0.6/0.8s | 5.3s
2026-08-26 22:36:48 | New best val_f1_macro_present: 0.0000 at epoch 1
2026-08-26 22:36:51 | Epoch 002/060 | loss 5.4265 | cls 5.5216 | tal -0.3169 | dual_g 0.0000 | dual_d 0.0000 | train_acc 0.0667 | train_full n/a | val_acc 0.0000 | val_f1 0.0000 | adv/moduleC 0.00/0.00 | disc_steps 0 | grad(main/disc) 15.776/0.000 | lr(main/disc) 7.00e-05/3.50e-05 | cuda_peak(alloc/resv) 18.96/24.42GB | phase(train/val/raw/train_eval) 2.8/0.6/0.0/0.0s | 3.3s
2026-08-26 22:36:55 | Epoch 003/060 | loss 4.7663 | cls 4.8108 | tal -0.1485 | dual_g 0.0000 | dual_d 0.0000 | train_acc 0.1708 | train_full n/a | val_acc 0.1892 | val_f1 0.1156 | adv/moduleC 0.00/0.00 | disc_steps 0 | grad(main/disc) 14.016/0.000 | lr(main/disc) 7.00e-05/3.50e-05 | cuda_peak(alloc/resv) 18.96/24.42GB | phase(train/val/raw/train_eval) 2.7/0.5/0.6/0.0s | 3.9s
2026-08-26 22:36:59 | New best val_f1_macro_present: 0.1156 at epoch 3
2026-08-26 22:37:03 | Epoch 004/060 | loss 4.4354 | cls 4.4774 | tal -0.1399 | dual_g 0.0000 | dual_d 0.0000 | train_acc 0.2125 | train_full n/a | val_acc 0.2162 | val_f1 0.1397 | adv/moduleC 0.00/0.00 | disc_steps 0 | grad(main/disc) 12.714/0.000 | lr(main/disc) 7.00e-05/3.50e-05 | cuda_peak(alloc/resv) 18.96/24.42GB | phase(train/val/raw/train_eval) 3.1/0.6/0.5/0.0s | 4.2s
2026-08-26 22:37:07 | New best val_f1_macro_present: 0.1397 at epoch 4
2026-08-26 22:37:12 | Epoch 005/060 | loss 4.1083 | cls 4.1686 | tal -0.2010 | dual_g 0.0000 | dual_d 0.0000 | train_acc 0.2333 | train_full 0.3106 | val_acc 0.3243 | val_f1 0.2204 | adv/moduleC 0.00/0.10 | disc_steps 0 | grad(main/disc) 12.071/0.000 | lr(main/disc) 7.00e-05/3.50e-05 | cuda_peak(alloc/resv) 18.96/24.42GB | phase(train/val/raw/train_eval) 3.1/0.5/0.5/0.8s | 5.0s
2026-08-26 22:37:16 | New best val_f1_macro_present: 0.2204 at epoch 5
2026-08-26 22:37:20 | Epoch 006/060 | loss 3.7268 | cls 3.7745 | tal -0.1749 | dual_g 0.0047 | dual_d 0.7962 | train_acc 0.3708 | train_full n/a | val_acc 0.3514 | val_f1 0.2889 | adv/moduleC 0.05/0.20 | disc_steps 1 | grad(main/disc) 10.958/1.552 | lr(main/disc) 7.00e-05/3.50e-05 | cuda_peak(alloc/resv) 18.96/24.42GB | phase(train/val/raw/train_eval) 2.7/0.6/0.6/0.0s | 3.9s
2026-08-26 22:37:24 | New best val_f1_macro_present: 0.2889 at epoch 6
2026-08-26 22:37:28 | Epoch 007/060 | loss 3.7034 | cls 3.7494 | tal -0.1843 | dual_g 0.0093 | dual_d 0.8309 | train_acc 0.3417 | train_full n/a | val_acc 0.4865 | val_f1 0.4340 | adv/moduleC 0.10/0.30 | disc_steps 1 | grad(main/disc) 10.941/1.675 | lr(main/disc) 7.00e-05/3.50e-05 | cuda_peak(alloc/resv) 18.96/24.42GB | phase(train/val/raw/train_eval) 2.6/0.6/0.6/0.0s | 3.8s
2026-08-26 22:37:32 | New best val_f1_macro_present: 0.4340 at epoch 7
2026-08-26 22:37:37 | Epoch 008/060 | loss 3.5936 | cls 3.6355 | tal -0.1844 | dual_g 0.0134 | dual_d 0.8121 | train_acc 0.3750 | train_full n/a | val_acc 0.5946 | val_f1 0.5492 | adv/moduleC 0.15/0.40 | disc_steps 1 | grad(main/disc) 11.048/1.654 | lr(main/disc) 7.00e-05/3.50e-05 | cuda_peak(alloc/resv) 18.96/24.42GB | phase(train/val/raw/train_eval) 3.3/0.6/0.6/0.0s | 4.5s
2026-08-26 22:37:41 | New best val_f1_macro_present: 0.5492 at epoch 8
2026-08-26 22:37:45 | Epoch 009/060 | loss 3.3577 | cls 3.4000 | tal -0.1950 | dual_g 0.0162 | dual_d 0.8791 | train_acc 0.4000 | train_full n/a | val_acc 0.5946 | val_f1 0.5589 | adv/moduleC 0.20/0.50 | disc_steps 1 | grad(main/disc) 10.594/1.730 | lr(main/disc) 7.00e-05/3.50e-05 | cuda_peak(alloc/resv) 18.96/24.42GB | phase(train/val/raw/train_eval) 3.2/0.6/0.6/0.0s | 4.4s
2026-08-26 22:37:49 | New best val_f1_macro_present: 0.5589 at epoch 9
2026-08-26 22:37:54 | Epoch 010/060 | loss 3.2420 | cls 3.2775 | tal -0.1876 | dual_g 0.0208 | dual_d 0.8141 | train_acc 0.4667 | train_full 0.8409 | val_acc 0.7568 | val_f1 0.6934 | adv/moduleC 0.25/0.60 | disc_steps 1 | grad(main/disc) 9.925/1.551 | lr(main/disc) 7.00e-05/3.50e-05 | cuda_peak(alloc/resv) 18.96/24.42GB | phase(train/val/raw/train_eval) 3.1/0.6/0.7/0.8s | 5.2s
2026-08-26 22:37:59 | New best val_f1_macro_present: 0.6934 at epoch 10
2026-08-26 22:38:03 | Epoch 011/060 | loss 3.0223 | cls 3.0629 | tal -0.2119 | dual_g 0.0230 | dual_d 0.8912 | train_acc 0.5250 | train_full n/a | val_acc 0.7568 | val_f1 0.6959 | adv/moduleC 0.30/0.70 | disc_steps 1 | grad(main/disc) 10.028/1.690 | lr(main/disc) 7.00e-05/3.50e-05 | cuda_peak(alloc/resv) 18.96/24.42GB | phase(train/val/raw/train_eval) 3.0/0.6/0.6/0.0s | 4.1s
2026-08-26 22:38:07 | New best val_f1_macro_present: 0.6959 at epoch 11
2026-08-26 22:38:11 | Epoch 012/060 | loss 2.8847 | cls 2.9237 | tal -0.2142 | dual_g 0.0253 | dual_d 0.8671 | train_acc 0.5167 | train_full n/a | val_acc 0.8108 | val_f1 0.8427 | adv/moduleC 0.35/0.80 | disc_steps 1 | grad(main/disc) 9.605/1.661 | lr(main/disc) 7.00e-05/3.50e-05 | cuda_peak(alloc/resv) 18.96/24.42GB | phase(train/val/raw/train_eval) 2.9/0.6/0.6/0.0s | 4.0s
2026-08-26 22:38:15 | New best val_f1_macro_present: 0.8427 at epoch 12
2026-08-26 22:38:19 | Epoch 013/060 | loss 2.6895 | cls 2.7097 | tal -0.1627 | dual_g 0.0286 | dual_d 0.8283 | train_acc 0.6250 | train_full n/a | val_acc 0.8108 | val_f1 0.8427 | adv/moduleC 0.40/0.90 | disc_steps 1 | grad(main/disc) 9.341/1.598 | lr(main/disc) 7.00e-05/3.50e-05 | cuda_peak(alloc/resv) 18.96/24.42GB | phase(train/val/raw/train_eval) 3.1/0.6/0.0/0.0s | 3.7s
2026-08-26 22:38:23 | Epoch 014/060 | loss 2.6974 | cls 2.6978 | tal -0.0995 | dual_g 0.0295 | dual_d 0.9489 | train_acc 0.5750 | train_full n/a | val_acc 0.8108 | val_f1 0.8389 | adv/moduleC 0.45/1.00 | disc_steps 1 | grad(main/disc) 9.850/1.696 | lr(main/disc) 7.00e-05/3.50e-05 | cuda_peak(alloc/resv) 18.96/24.42GB | phase(train/val/raw/train_eval) 3.4/0.6/0.0/0.0s | 3.9s
2026-08-26 22:38:28 | Epoch 015/060 | loss 2.6505 | cls 2.6594 | tal -0.1365 | dual_g 0.0320 | dual_d 0.9413 | train_acc 0.6250 | train_full 0.9318 | val_acc 0.8378 | val_f1 0.8629 | adv/moduleC 0.50/1.00 | disc_steps 1 | grad(main/disc) 9.336/1.658 | lr(main/disc) 7.00e-05/3.50e-05 | cuda_peak(alloc/resv) 18.96/24.42GB | phase(train/val/raw/train_eval) 2.9/0.6/0.6/0.8s | 5.0s
2026-08-26 22:38:32 | New best val_f1_macro_present: 0.8629 at epoch 15
2026-08-26 22:38:36 | Epoch 016/060 | loss 2.5248 | cls 2.5201 | tal -0.0963 | dual_g 0.0336 | dual_d 0.9523 | train_acc 0.6417 | train_full n/a | val_acc 0.8649 | val_f1 0.8842 | adv/moduleC 0.55/1.00 | disc_steps 1 | grad(main/disc) 9.708/1.615 | lr(main/disc) 7.00e-05/3.50e-05 | cuda_peak(alloc/resv) 18.96/24.42GB | phase(train/val/raw/train_eval) 3.4/0.6/0.6/0.0s | 4.6s
2026-08-26 22:38:40 | New best val_f1_macro_present: 0.8842 at epoch 16
2026-08-26 22:38:45 | Epoch 017/060 | loss 2.3689 | cls 2.3657 | tal -0.1168 | dual_g 0.0382 | dual_d 0.9995 | train_acc 0.7250 | train_full n/a | val_acc 0.8919 | val_f1 0.9042 | adv/moduleC 0.60/1.00 | disc_steps 1 | grad(main/disc) 9.030/1.627 | lr(main/disc) 7.00e-05/3.50e-05 | cuda_peak(alloc/resv) 18.96/24.42GB | phase(train/val/raw/train_eval) 2.9/0.6/0.6/0.0s | 4.2s
2026-08-26 22:38:49 | New best val_f1_macro_present: 0.9042 at epoch 17
2026-08-26 22:38:53 | Epoch 018/060 | loss 2.4067 | cls 2.3996 | tal -0.0959 | dual_g 0.0358 | dual_d 0.9806 | train_acc 0.6708 | train_full n/a | val_acc 0.8649 | val_f1 0.8821 | adv/moduleC 0.65/1.00 | disc_steps 1 | grad(main/disc) 9.265/1.616 | lr(main/disc) 7.00e-05/3.50e-05 | cuda_peak(alloc/resv) 18.96/24.42GB | phase(train/val/raw/train_eval) 3.2/0.6/0.0/0.0s | 3.8s
2026-08-26 22:38:56 | Epoch 019/060 | loss 2.3041 | cls 2.3245 | tal -0.1907 | dual_g 0.0368 | dual_d 0.9629 | train_acc 0.7167 | train_full n/a | val_acc 0.8649 | val_f1 0.8855 | adv/moduleC 0.70/1.00 | disc_steps 1 | grad(main/disc) 9.592/1.604 | lr(main/disc) 7.00e-05/3.50e-05 | cuda_peak(alloc/resv) 18.96/24.42GB | phase(train/val/raw/train_eval) 3.0/0.6/0.0/0.0s | 3.6s
2026-08-26 22:39:02 | Epoch 020/060 | loss 2.1155 | cls 2.0910 | tal -0.0426 | dual_g 0.0373 | dual_d 1.0859 | train_acc 0.8125 | train_full 0.9545 | val_acc 0.8919 | val_f1 0.9055 | adv/moduleC 0.75/1.00 | disc_steps 1 | grad(main/disc) 8.138/1.729 | lr(main/disc) 7.00e-05/3.50e-05 | cuda_peak(alloc/resv) 18.96/24.42GB | phase(train/val/raw/train_eval) 3.2/0.6/0.6/0.8s | 5.3s
2026-08-26 22:39:06 | New best val_f1_macro_present: 0.9055 at epoch 20
2026-08-26 22:39:10 | Epoch 021/060 | loss 2.1077 | cls 2.0891 | tal -0.0572 | dual_g 0.0358 | dual_d 1.0705 | train_acc 0.7500 | train_full n/a | val_acc 0.9189 | val_f1 0.9358 | adv/moduleC 0.80/1.00 | disc_steps 1 | grad(main/disc) 8.856/1.703 | lr(main/disc) 7.00e-05/3.50e-05 | cuda_peak(alloc/resv) 18.96/24.42GB | phase(train/val/raw/train_eval) 2.9/0.7/0.6/0.0s | 4.3s
2026-08-26 22:39:14 | New best val_f1_macro_present: 0.9358 at epoch 21
2026-08-26 22:39:18 | Epoch 022/060 | loss 2.1268 | cls 2.0956 | tal -0.0280 | dual_g 0.0396 | dual_d 1.0492 | train_acc 0.7625 | train_full n/a | val_acc 0.9189 | val_f1 0.9358 | adv/moduleC 0.85/1.00 | disc_steps 1 | grad(main/disc) 8.982/1.701 | lr(main/disc) 7.00e-05/3.50e-05 | cuda_peak(alloc/resv) 18.96/24.42GB | phase(train/val/raw/train_eval) 2.9/0.6/0.0/0.0s | 3.6s
2026-08-26 22:39:22 | Epoch 023/060 | loss 2.0015 | cls 1.9750 | tal -0.0416 | dual_g 0.0390 | dual_d 1.1512 | train_acc 0.7708 | train_full n/a | val_acc 0.8919 | val_f1 0.9158 | adv/moduleC 0.90/1.00 | disc_steps 1 | grad(main/disc) 8.377/1.849 | lr(main/disc) 7.00e-05/3.50e-05 | cuda_peak(alloc/resv) 18.96/24.42GB | phase(train/val/raw/train_eval) 3.3/0.6/0.0/0.0s | 3.9s
2026-08-26 22:39:25 | Epoch 024/060 | loss 1.9579 | cls 1.9452 | tal -0.0884 | dual_g 0.0392 | dual_d 1.1649 | train_acc 0.8083 | train_full n/a | val_acc 0.8919 | val_f1 0.9158 | adv/moduleC 0.95/1.00 | disc_steps 1 | grad(main/disc) 9.870/1.784 | lr(main/disc) 7.00e-05/3.50e-05 | cuda_peak(alloc/resv) 18.96/24.42GB | phase(train/val/raw/train_eval) 3.0/0.6/0.0/0.0s | 3.6s
2026-08-26 22:39:31 | Epoch 025/060 | loss 1.9362 | cls 1.9085 | tal -0.0375 | dual_g 0.0390 | dual_d 1.1677 | train_acc 0.8208 | train_full 0.9242 | val_acc 0.9189 | val_f1 0.9358 | adv/moduleC 1.00/1.00 | disc_steps 1 | grad(main/disc) 8.504/1.838 | lr(main/disc) 7.00e-05/3.50e-05 | cuda_peak(alloc/resv) 18.96/24.42GB | phase(train/val/raw/train_eval) 3.4/0.6/0.6/0.8s | 5.4s
2026-08-26 22:39:35 | Epoch 026/060 | loss 1.9009 | cls 1.8830 | tal -0.0693 | dual_g 0.0387 | dual_d 1.1085 | train_acc 0.8250 | train_full n/a | val_acc 0.9189 | val_f1 0.9358 | adv/moduleC 1.00/1.00 | disc_steps 1 | grad(main/disc) 7.867/1.719 | lr(main/disc) 7.00e-05/3.50e-05 | cuda_peak(alloc/resv) 18.96/24.42GB | phase(train/val/raw/train_eval) 3.3/0.6/0.0/0.0s | 3.9s
2026-08-26 22:39:39 | Epoch 027/060 | loss 1.8383 | cls 1.8120 | tal -0.0260 | dual_g 0.0341 | dual_d 1.1463 | train_acc 0.8500 | train_full n/a | val_acc 0.9459 | val_f1 0.9578 | adv/moduleC 1.00/1.00 | disc_steps 1 | grad(main/disc) 7.802/1.733 | lr(main/disc) 7.00e-05/3.50e-05 | cuda_peak(alloc/resv) 18.96/24.42GB | phase(train/val/raw/train_eval) 3.0/0.6/0.6/0.0s | 4.2s
2026-08-26 22:39:43 | New best val_f1_macro_present: 0.9578 at epoch 27
2026-08-26 22:39:47 | Epoch 028/060 | loss 1.9409 | cls 1.8897 | tal 0.0567 | dual_g 0.0341 | dual_d 1.1121 | train_acc 0.8333 | train_full n/a | val_acc 0.9730 | val_f1 0.9776 | adv/moduleC 1.00/1.00 | disc_steps 1 | grad(main/disc) 8.690/1.704 | lr(main/disc) 7.00e-05/3.50e-05 | cuda_peak(alloc/resv) 18.96/24.42GB | phase(train/val/raw/train_eval) 3.1/0.6/0.6/0.0s | 4.3s
2026-08-26 22:39:51 | New best val_f1_macro_present: 0.9776 at epoch 28
2026-08-26 22:39:55 | Epoch 029/060 | loss 1.8122 | cls 1.7672 | tal 0.0357 | dual_g 0.0342 | dual_d 1.1532 | train_acc 0.8542 | train_full n/a | val_acc 0.9459 | val_f1 0.9578 | adv/moduleC 1.00/1.00 | disc_steps 1 | grad(main/disc) 7.890/1.801 | lr(main/disc) 7.00e-05/3.50e-05 | cuda_peak(alloc/resv) 18.96/24.42GB | phase(train/val/raw/train_eval) 3.1/0.6/0.0/0.0s | 3.7s
2026-08-26 22:40:00 | Epoch 030/060 | loss 1.6977 | cls 1.6522 | tal 0.0426 | dual_g 0.0327 | dual_d 1.0686 | train_acc 0.8958 | train_full 0.9545 | val_acc 0.9189 | val_f1 0.9272 | adv/moduleC 1.00/1.00 | disc_steps 1 | grad(main/disc) 7.789/1.634 | lr(main/disc) 7.00e-05/3.50e-05 | cuda_peak(alloc/resv) 18.96/24.42GB | phase(train/val/raw/train_eval) 2.9/0.6/0.6/0.8s | 5.0s
2026-08-26 22:40:04 | Epoch 031/060 | loss 1.8344 | cls 1.8209 | tal -0.0555 | dual_g 0.0302 | dual_d 1.2289 | train_acc 0.8833 | train_full n/a | val_acc 0.9189 | val_f1 0.9272 | adv/moduleC 1.00/1.00 | disc_steps 1 | grad(main/disc) 8.480/1.929 | lr(main/disc) 7.00e-05/3.50e-05 | cuda_peak(alloc/resv) 18.96/24.42GB | phase(train/val/raw/train_eval) 3.0/0.6/0.0/0.0s | 3.6s
2026-08-26 22:40:08 | Epoch 032/060 | loss 1.7089 | cls 1.6939 | tal -0.0477 | dual_g 0.0293 | dual_d 1.1736 | train_acc 0.8625 | train_full n/a | val_acc 0.9459 | val_f1 0.9578 | adv/moduleC 1.00/1.00 | disc_steps 1 | grad(main/disc) 7.563/1.788 | lr(main/disc) 7.00e-05/3.50e-05 | cuda_peak(alloc/resv) 18.96/24.42GB | phase(train/val/raw/train_eval) 3.4/0.6/0.0/0.0s | 4.0s
2026-08-26 22:40:12 | Epoch 033/060 | loss 1.6653 | cls 1.6631 | tal -0.0867 | dual_g 0.0282 | dual_d 1.1595 | train_acc 0.8917 | train_full n/a | val_acc 0.9459 | val_f1 0.9578 | adv/moduleC 1.00/1.00 | disc_steps 1 | grad(main/disc) 6.963/1.757 | lr(main/disc) 7.00e-05/3.50e-05 | cuda_peak(alloc/resv) 18.96/24.42GB | phase(train/val/raw/train_eval) 3.2/0.6/0.0/0.0s | 3.8s
2026-08-26 22:40:16 | Epoch 034/060 | loss 1.6327 | cls 1.6304 | tal -0.0920 | dual_g 0.0299 | dual_d 1.2534 | train_acc 0.9208 | train_full n/a | val_acc 0.9459 | val_f1 0.9578 | adv/moduleC 1.00/1.00 | disc_steps 1 | grad(main/disc) 7.383/1.805 | lr(main/disc) 7.00e-05/3.50e-05 | cuda_peak(alloc/resv) 18.96/24.42GB | phase(train/val/raw/train_eval) 3.4/0.6/0.0/0.0s | 4.0s
2026-08-26 22:40:20 | Epoch 035/060 | loss 1.6339 | cls 1.6214 | tal -0.0464 | dual_g 0.0264 | dual_d 1.2495 | train_acc 0.9167 | train_full 0.9848 | val_acc 0.9459 | val_f1 0.9469 | adv/moduleC 1.00/1.00 | disc_steps 1 | grad(main/disc) 6.911/1.773 | lr(main/disc) 3.50e-05/1.75e-05 | cuda_peak(alloc/resv) 18.96/24.42GB | phase(train/val/raw/train_eval) 2.9/0.6/0.6/0.8s | 4.9s
2026-08-26 22:40:24 | Epoch 036/060 | loss 1.6540 | cls 1.6348 | tal -0.0261 | dual_g 0.0271 | dual_d 1.2492 | train_acc 0.9208 | train_full n/a | val_acc 0.9189 | val_f1 0.9065 | adv/moduleC 1.00/1.00 | disc_steps 1 | grad(main/disc) 8.288/1.848 | lr(main/disc) 3.50e-05/1.75e-05 | cuda_peak(alloc/resv) 18.96/24.42GB | phase(train/val/raw/train_eval) 3.0/0.6/0.0/0.0s | 3.6s
2026-08-26 22:40:27 | Epoch 037/060 | loss 1.6023 | cls 1.6055 | tal -0.0961 | dual_g 0.0256 | dual_d 1.2249 | train_acc 0.9000 | train_full n/a | val_acc 0.9459 | val_f1 0.9556 | adv/moduleC 1.00/1.00 | disc_steps 1 | grad(main/disc) 8.296/1.798 | lr(main/disc) 3.50e-05/1.75e-05 | cuda_peak(alloc/resv) 18.96/24.42GB | phase(train/val/raw/train_eval) 2.7/0.6/0.0/0.0s | 3.3s
2026-08-26 22:40:31 | Epoch 038/060 | loss 1.4642 | cls 1.4697 | tal -0.1113 | dual_g 0.0279 | dual_d 1.2455 | train_acc 0.9417 | train_full n/a | val_acc 0.9459 | val_f1 0.9556 | adv/moduleC 1.00/1.00 | disc_steps 1 | grad(main/disc) 5.638/1.824 | lr(main/disc) 3.50e-05/1.75e-05 | cuda_peak(alloc/resv) 18.96/24.42GB | phase(train/val/raw/train_eval) 3.1/0.6/0.0/0.0s | 3.8s
2026-08-26 22:40:35 | Epoch 039/060 | loss 1.5613 | cls 1.5414 | tal -0.0192 | dual_g 0.0256 | dual_d 1.2606 | train_acc 0.9083 | train_full n/a | val_acc 0.9459 | val_f1 0.9556 | adv/moduleC 1.00/1.00 | disc_steps 1 | grad(main/disc) 6.878/1.820 | lr(main/disc) 3.50e-05/1.75e-05 | cuda_peak(alloc/resv) 18.96/24.42GB | phase(train/val/raw/train_eval) 3.1/0.6/0.0/0.0s | 3.7s
2026-08-26 22:40:40 | Epoch 040/060 | loss 1.4643 | cls 1.4613 | tal -0.0758 | dual_g 0.0258 | dual_d 1.1768 | train_acc 0.9292 | train_full 0.9848 | val_acc 0.9459 | val_f1 0.9556 | adv/moduleC 1.00/1.00 | disc_steps 1 | grad(main/disc) 6.216/1.719 | lr(main/disc) 3.50e-05/1.75e-05 | cuda_peak(alloc/resv) 18.96/24.42GB | phase(train/val/raw/train_eval) 3.2/0.6/0.6/0.9s | 5.3s
2026-08-26 22:40:43 | Epoch 041/060 | loss 1.5545 | cls 1.5534 | tal -0.0831 | dual_g 0.0260 | dual_d 1.1649 | train_acc 0.9125 | train_full n/a | val_acc 0.9459 | val_f1 0.9578 | adv/moduleC 1.00/1.00 | disc_steps 1 | grad(main/disc) 8.396/1.702 | lr(main/disc) 3.50e-05/1.75e-05 | cuda_peak(alloc/resv) 18.96/24.42GB | phase(train/val/raw/train_eval) 2.6/0.6/0.0/0.0s | 3.2s
2026-08-26 22:40:47 | Epoch 042/060 | loss 1.4502 | cls 1.4427 | tal -0.0564 | dual_g 0.0245 | dual_d 1.1804 | train_acc 0.9542 | train_full n/a | val_acc 0.9459 | val_f1 0.9578 | adv/moduleC 1.00/1.00 | disc_steps 1 | grad(main/disc) 6.035/1.728 | lr(main/disc) 1.75e-05/8.75e-06 | cuda_peak(alloc/resv) 18.96/24.42GB | phase(train/val/raw/train_eval) 3.2/0.6/0.0/0.0s | 3.8s
2026-08-26 22:40:51 | Epoch 043/060 | loss 1.4870 | cls 1.4687 | tal -0.0279 | dual_g 0.0267 | dual_d 1.2308 | train_acc 0.9500 | train_full n/a | val_acc 0.9730 | val_f1 0.9776 | adv/moduleC 1.00/1.00 | disc_steps 1 | grad(main/disc) 8.134/1.763 | lr(main/disc) 1.75e-05/8.75e-06 | cuda_peak(alloc/resv) 18.96/24.42GB | phase(train/val/raw/train_eval) 3.1/0.6/0.0/0.0s | 3.7s
2026-08-26 22:40:51 | Early stopping at epoch 43 after 15 epochs without val_f1_macro_present improvement.
2026-08-26 22:40:51 | Training complete. Best validation accuracy: 0.9730 | best val_f1_macro_present: 0.9776
