2026-07-13 19:28:53 | Starting Dual_D standalone training
2026-07-13 19:28:53 | Run directory: runs/dual_d_黑天_20260713_192853
2026-07-13 19:28:53 | Device: cuda
2026-07-13 19:28:53 | Source train samples: 760
2026-07-13 19:28:53 | Target train samples: 465
2026-07-13 19:28:53 | Target val samples: 120
2026-07-13 19:28:53 | Classes: 14
2026-07-13 19:28:53 | Data audit: same_dir=False | path_overlap(vis/ir)=0/0 | content_overlap(vis/ir)=0/0 | stem_mismatch=493
2026-07-13 19:28:53 | source_train classes: present 14/14 | absent 0 | counts [0:120, 1:43, 2:47, 3:40, 4:40, 5:30, 6:52, 7:52, 8:58, 9:53, 10:53, 11:83, 12:44, 13:45]
2026-07-13 19:28:53 | target_train classes: present 8/14 | absent 6 | counts [0:100, 2:11, 3:16, 6:89, 9:162, 10:12, 11:44, 13:31]
2026-07-13 19:28:53 | target_val classes: present 8/14 | absent 6 | counts [0:26, 2:3, 3:5, 6:23, 9:41, 10:3, 11:11, 13:8]
2026-07-13 19:28:53 | Paired training classes: 8/14 | class ids [0, 2, 3, 6, 9, 10, 11, 13]
2026-07-13 19:28:53 | Model parameters: total=17517458 | trainable=17359954
2026-07-13 19:29:05 | Epoch 001/100 | loss 10.1275 | cls 4.7511 | tal -0.0105 | dual_g 5.3796 | dual_d 0.0000 | train_acc 0.2701 | train_full 0.0237 | val_acc 0.0250 | val_f1 0.0061 | grad(main/disc) 28.856/0.000 | lr(main/disc) 3.00e-04/1.00e-04 | 11.6s
2026-07-13 19:29:05 | New best val_f1_macro_present: 0.0061 at epoch 1
2026-07-13 19:29:15 | Epoch 002/100 | loss 6.8236 | cls 3.0801 | tal -0.0882 | dual_g 3.7700 | dual_d 0.0000 | train_acc 0.6228 | train_full 0.2516 | val_acc 0.2917 | val_f1 0.3719 | grad(main/disc) 20.709/0.000 | lr(main/disc) 3.00e-04/1.00e-04 | 10.0s
2026-07-13 19:29:15 | New best val_f1_macro_present: 0.3719 at epoch 2
2026-07-13 19:29:26 | Epoch 003/100 | loss 5.3724 | cls 2.4034 | tal -0.0048 | dual_g 2.9704 | dual_d 0.0000 | train_acc 0.7612 | train_full 0.7462 | val_acc 0.7083 | val_f1 0.7431 | grad(main/disc) 18.608/0.000 | lr(main/disc) 3.00e-04/1.00e-04 | 10.2s
2026-07-13 19:29:26 | New best val_f1_macro_present: 0.7431 at epoch 3
2026-07-13 19:29:36 | Epoch 004/100 | loss 4.5032 | cls 1.9414 | tal 0.0504 | dual_g 2.5467 | dual_d 0.0000 | train_acc 0.8996 | train_full 0.7570 | val_acc 0.7583 | val_f1 0.7646 | grad(main/disc) 16.901/0.000 | lr(main/disc) 3.00e-04/1.00e-04 | 9.8s
2026-07-13 19:29:36 | New best val_f1_macro_present: 0.7646 at epoch 4
2026-07-13 19:29:47 | Epoch 005/100 | loss 4.0159 | cls 1.7228 | tal 0.0841 | dual_g 2.2680 | dual_d 0.0000 | train_acc 0.9062 | train_full 0.7957 | val_acc 0.8250 | val_f1 0.8587 | grad(main/disc) 14.186/0.000 | lr(main/disc) 3.00e-04/1.00e-04 | 10.6s
2026-07-13 19:29:47 | New best val_f1_macro_present: 0.8587 at epoch 5
2026-07-13 19:29:58 | Epoch 006/100 | loss 3.7086 | cls 1.5993 | tal 0.0201 | dual_g 2.1032 | dual_d 0.7372 | train_acc 0.9442 | train_full 0.7247 | val_acc 0.7250 | val_f1 0.7585 | grad(main/disc) 13.076/1.990 | lr(main/disc) 3.00e-04/1.00e-04 | 11.0s
2026-07-13 19:30:08 | Epoch 007/100 | loss 3.5625 | cls 1.5297 | tal 0.0542 | dual_g 2.0165 | dual_d 0.7054 | train_acc 0.9554 | train_full 0.9054 | val_acc 0.9167 | val_f1 0.9131 | grad(main/disc) 11.340/1.859 | lr(main/disc) 3.00e-04/1.00e-04 | 10.3s
2026-07-13 19:30:09 | New best val_f1_macro_present: 0.9131 at epoch 7
2026-07-13 19:30:18 | Epoch 008/100 | loss 3.4149 | cls 1.4239 | tal 0.1491 | dual_g 1.9462 | dual_d 0.6606 | train_acc 0.9710 | train_full 0.7032 | val_acc 0.6833 | val_f1 0.7186 | grad(main/disc) 9.881/1.736 | lr(main/disc) 3.00e-04/1.00e-04 | 9.6s
2026-07-13 19:30:29 | Epoch 009/100 | loss 3.4386 | cls 1.4458 | tal 0.2370 | dual_g 1.9218 | dual_d 0.7643 | train_acc 0.9710 | train_full 0.8731 | val_acc 0.9000 | val_f1 0.9053 | grad(main/disc) 10.214/1.888 | lr(main/disc) 3.00e-04/1.00e-04 | 10.5s
2026-07-13 19:30:40 | Epoch 010/100 | loss 3.3181 | cls 1.3932 | tal 0.1865 | dual_g 1.8689 | dual_d 0.8607 | train_acc 0.9754 | train_full 0.9505 | val_acc 0.9417 | val_f1 0.9332 | grad(main/disc) 8.687/1.994 | lr(main/disc) 3.00e-04/1.00e-04 | 10.4s
2026-07-13 19:30:40 | New best val_f1_macro_present: 0.9332 at epoch 10
2026-07-13 19:30:51 | Epoch 011/100 | loss 3.2459 | cls 1.3799 | tal 0.1329 | dual_g 1.8261 | dual_d 0.9382 | train_acc 0.9777 | train_full 0.9570 | val_acc 0.9667 | val_f1 0.9762 | grad(main/disc) 8.238/2.071 | lr(main/disc) 3.00e-04/1.00e-04 | 10.9s
2026-07-13 19:30:51 | New best val_f1_macro_present: 0.9762 at epoch 11
2026-07-13 19:31:02 | Epoch 012/100 | loss 3.1317 | cls 1.3284 | tal 0.0951 | dual_g 1.7747 | dual_d 0.9888 | train_acc 0.9799 | train_full 0.8237 | val_acc 0.8667 | val_f1 0.8833 | grad(main/disc) 7.272/2.090 | lr(main/disc) 3.00e-04/1.00e-04 | 10.7s
2026-07-13 19:31:12 | Epoch 013/100 | loss 3.0100 | cls 1.3111 | tal -0.1448 | dual_g 1.7423 | dual_d 1.1126 | train_acc 0.9866 | train_full 0.8882 | val_acc 0.9167 | val_f1 0.9227 | grad(main/disc) 6.246/2.281 | lr(main/disc) 3.00e-04/1.00e-04 | 10.5s
2026-07-13 19:31:23 | Epoch 014/100 | loss 2.9493 | cls 1.2789 | tal -0.0785 | dual_g 1.6939 | dual_d 1.2812 | train_acc 0.9844 | train_full 0.9290 | val_acc 0.9167 | val_f1 0.8950 | grad(main/disc) 5.175/2.354 | lr(main/disc) 3.00e-04/1.00e-04 | 10.5s
2026-07-13 19:31:34 | Epoch 015/100 | loss 2.8797 | cls 1.2629 | tal -0.1461 | dual_g 1.6606 | dual_d 1.3226 | train_acc 0.9978 | train_full 0.9161 | val_acc 0.9333 | val_f1 0.9551 | grad(main/disc) 4.599/2.415 | lr(main/disc) 3.00e-04/1.00e-04 | 11.2s
2026-07-13 19:31:46 | Epoch 016/100 | loss 2.8683 | cls 1.2626 | tal -0.2036 | dual_g 1.6668 | dual_d 1.3231 | train_acc 0.9933 | train_full 0.9118 | val_acc 0.9417 | val_f1 0.9589 | grad(main/disc) 5.020/2.444 | lr(main/disc) 3.00e-04/1.00e-04 | 11.0s
2026-07-13 19:31:56 | Epoch 017/100 | loss 2.8178 | cls 1.2484 | tal -0.2559 | dual_g 1.6462 | dual_d 1.2999 | train_acc 0.9978 | train_full 0.9699 | val_acc 0.9417 | val_f1 0.9374 | grad(main/disc) 4.501/2.382 | lr(main/disc) 3.00e-04/1.00e-04 | 10.8s
2026-07-13 19:32:07 | Epoch 018/100 | loss 2.7938 | cls 1.2367 | tal -0.2446 | dual_g 1.6305 | dual_d 1.3552 | train_acc 0.9978 | train_full 0.9828 | val_acc 0.9833 | val_f1 0.9891 | grad(main/disc) 3.762/2.437 | lr(main/disc) 3.00e-04/1.00e-04 | 10.3s
2026-07-13 19:32:07 | New best val_f1_macro_present: 0.9891 at epoch 18
2026-07-13 19:32:17 | Epoch 019/100 | loss 2.7408 | cls 1.2157 | tal -0.2652 | dual_g 1.6048 | dual_d 1.4658 | train_acc 1.0000 | train_full 0.9763 | val_acc 0.9583 | val_f1 0.9529 | grad(main/disc) 3.328/2.571 | lr(main/disc) 3.00e-04/1.00e-04 | 10.0s
2026-07-13 19:32:28 | Epoch 020/100 | loss 2.7131 | cls 1.2106 | tal -0.2831 | dual_g 1.5875 | dual_d 1.3846 | train_acc 0.9978 | train_full 0.9892 | val_acc 0.9750 | val_f1 0.9753 | grad(main/disc) 3.030/2.418 | lr(main/disc) 3.00e-04/1.00e-04 | 10.4s
2026-07-13 19:32:39 | Epoch 021/100 | loss 2.7598 | cls 1.2108 | tal -0.1277 | dual_g 1.5874 | dual_d 1.3962 | train_acc 0.9955 | train_full 0.9118 | val_acc 0.8917 | val_f1 0.9286 | grad(main/disc) 3.640/2.458 | lr(main/disc) 3.00e-04/1.00e-04 | 10.9s
2026-07-13 19:32:50 | Epoch 022/100 | loss 2.8080 | cls 1.2028 | tal 0.0563 | dual_g 1.5883 | dual_d 1.3413 | train_acc 0.9955 | train_full 0.9828 | val_acc 0.9583 | val_f1 0.9493 | grad(main/disc) 3.543/2.380 | lr(main/disc) 3.00e-04/1.00e-04 | 10.6s
2026-07-13 19:33:00 | Epoch 023/100 | loss 2.7037 | cls 1.1957 | tal -0.2044 | dual_g 1.5693 | dual_d 1.3223 | train_acc 0.9978 | train_full 0.9849 | val_acc 0.9667 | val_f1 0.9754 | grad(main/disc) 2.716/2.376 | lr(main/disc) 3.00e-04/1.00e-04 | 10.6s
2026-07-13 19:33:11 | Epoch 024/100 | loss 2.7010 | cls 1.1858 | tal -0.1498 | dual_g 1.5601 | dual_d 1.2088 | train_acc 0.9955 | train_full 0.9699 | val_acc 0.9500 | val_f1 0.9646 | grad(main/disc) 2.617/2.228 | lr(main/disc) 3.00e-04/1.00e-04 | 10.2s
2026-07-13 19:33:21 | Epoch 025/100 | loss 2.6977 | cls 1.1800 | tal -0.1132 | dual_g 1.5517 | dual_d 1.2537 | train_acc 1.0000 | train_full 0.9763 | val_acc 0.9750 | val_f1 0.9794 | grad(main/disc) 1.938/2.341 | lr(main/disc) 1.50e-04/5.00e-05 | 10.0s
2026-07-13 19:33:31 | Epoch 026/100 | loss 2.6939 | cls 1.1791 | tal -0.1312 | dual_g 1.5542 | dual_d 1.1534 | train_acc 1.0000 | train_full 0.9806 | val_acc 0.9500 | val_f1 0.9639 | grad(main/disc) 2.190/2.205 | lr(main/disc) 1.50e-04/5.00e-05 | 10.3s
2026-07-13 19:33:42 | Epoch 027/100 | loss 2.6101 | cls 1.1733 | tal -0.3606 | dual_g 1.5449 | dual_d 1.1757 | train_acc 1.0000 | train_full 0.9828 | val_acc 0.9500 | val_f1 0.9618 | grad(main/disc) 2.081/2.247 | lr(main/disc) 1.50e-04/5.00e-05 | 10.7s
2026-07-13 19:33:53 | Epoch 028/100 | loss 2.5410 | cls 1.1652 | tal -0.5081 | dual_g 1.5282 | dual_d 1.2031 | train_acc 1.0000 | train_full 0.9935 | val_acc 0.9833 | val_f1 0.9891 | grad(main/disc) 1.406/2.237 | lr(main/disc) 1.50e-04/5.00e-05 | 10.8s
2026-07-13 19:34:04 | Epoch 029/100 | loss 2.5307 | cls 1.1653 | tal -0.5577 | dual_g 1.5327 | dual_d 1.1464 | train_acc 1.0000 | train_full 0.9892 | val_acc 0.9750 | val_f1 0.9794 | grad(main/disc) 1.705/2.166 | lr(main/disc) 1.50e-04/5.00e-05 | 10.8s
2026-07-13 19:34:15 | Epoch 030/100 | loss 2.5198 | cls 1.1587 | tal -0.5706 | dual_g 1.5322 | dual_d 1.1222 | train_acc 1.0000 | train_full 0.9849 | val_acc 0.9667 | val_f1 0.9762 | grad(main/disc) 1.427/2.118 | lr(main/disc) 1.50e-04/5.00e-05 | 10.7s
2026-07-13 19:34:25 | Epoch 031/100 | loss 2.5170 | cls 1.1603 | tal -0.5833 | dual_g 1.5318 | dual_d 1.1905 | train_acc 1.0000 | train_full 1.0000 | val_acc 0.9833 | val_f1 0.9856 | grad(main/disc) 1.429/2.245 | lr(main/disc) 1.50e-04/5.00e-05 | 10.5s
2026-07-13 19:34:36 | Epoch 032/100 | loss 2.5252 | cls 1.1631 | tal -0.5834 | dual_g 1.5371 | dual_d 1.1377 | train_acc 1.0000 | train_full 0.9978 | val_acc 0.9833 | val_f1 0.9891 | grad(main/disc) 1.737/2.129 | lr(main/disc) 7.50e-05/2.50e-05 | 11.0s
2026-07-13 19:34:47 | Epoch 033/100 | loss 2.5112 | cls 1.1600 | tal -0.6006 | dual_g 1.5313 | dual_d 1.1103 | train_acc 1.0000 | train_full 1.0000 | val_acc 0.9917 | val_f1 0.9930 | grad(main/disc) 1.427/2.089 | lr(main/disc) 7.50e-05/2.50e-05 | 10.3s
2026-07-13 19:34:47 | New best val_f1_macro_present: 0.9930 at epoch 33
2026-07-13 19:34:57 | Epoch 034/100 | loss 2.4999 | cls 1.1567 | tal -0.6107 | dual_g 1.5264 | dual_d 1.1036 | train_acc 1.0000 | train_full 0.9914 | val_acc 0.9750 | val_f1 0.9817 | grad(main/disc) 1.253/2.052 | lr(main/disc) 7.50e-05/2.50e-05 | 10.0s
2026-07-13 19:35:08 | Epoch 035/100 | loss 2.4925 | cls 1.1516 | tal -0.6107 | dual_g 1.5241 | dual_d 1.0928 | train_acc 1.0000 | train_full 0.9935 | val_acc 0.9833 | val_f1 0.9891 | grad(main/disc) 1.130/2.146 | lr(main/disc) 7.50e-05/2.50e-05 | 10.7s
2026-07-13 19:35:20 | Epoch 036/100 | loss 2.4997 | cls 1.1561 | tal -0.6317 | dual_g 1.5331 | dual_d 1.1215 | train_acc 1.0000 | train_full 0.9957 | val_acc 0.9833 | val_f1 0.9891 | grad(main/disc) 1.392/2.189 | lr(main/disc) 7.50e-05/2.50e-05 | 11.3s
2026-07-13 19:35:30 | Epoch 037/100 | loss 2.4907 | cls 1.1539 | tal -0.6450 | dual_g 1.5303 | dual_d 1.0485 | train_acc 1.0000 | train_full 0.9871 | val_acc 0.9833 | val_f1 0.9891 | grad(main/disc) 1.302/2.058 | lr(main/disc) 7.50e-05/2.50e-05 | 10.8s
2026-07-13 19:35:41 | Epoch 038/100 | loss 2.4830 | cls 1.1494 | tal -0.6392 | dual_g 1.5255 | dual_d 1.0709 | train_acc 1.0000 | train_full 0.9957 | val_acc 0.9833 | val_f1 0.9891 | grad(main/disc) 1.107/2.053 | lr(main/disc) 7.50e-05/2.50e-05 | 10.5s
2026-07-13 19:35:52 | Epoch 039/100 | loss 2.5001 | cls 1.1509 | tal -0.6109 | dual_g 1.5325 | dual_d 1.0426 | train_acc 1.0000 | train_full 0.9892 | val_acc 0.9833 | val_f1 0.9891 | grad(main/disc) 1.289/1.966 | lr(main/disc) 7.50e-05/2.50e-05 | 10.8s
2026-07-13 19:36:03 | Epoch 040/100 | loss 2.5144 | cls 1.1552 | tal -0.5755 | dual_g 1.5319 | dual_d 0.9951 | train_acc 1.0000 | train_full 0.9978 | val_acc 0.9833 | val_f1 0.9891 | grad(main/disc) 1.368/1.935 | lr(main/disc) 3.75e-05/1.25e-05 | 10.8s
2026-07-13 19:36:14 | Epoch 041/100 | loss 2.4995 | cls 1.1517 | tal -0.6071 | dual_g 1.5300 | dual_d 1.0180 | train_acc 1.0000 | train_full 0.9957 | val_acc 0.9833 | val_f1 0.9891 | grad(main/disc) 1.061/1.957 | lr(main/disc) 3.75e-05/1.25e-05 | 10.5s
2026-07-13 19:36:24 | Epoch 042/100 | loss 2.4901 | cls 1.1532 | tal -0.6634 | dual_g 1.5360 | dual_d 1.0118 | train_acc 1.0000 | train_full 1.0000 | val_acc 0.9833 | val_f1 0.9891 | grad(main/disc) 1.291/1.899 | lr(main/disc) 3.75e-05/1.25e-05 | 10.4s
2026-07-13 19:36:35 | Epoch 043/100 | loss 2.4874 | cls 1.1504 | tal -0.6403 | dual_g 1.5291 | dual_d 1.0130 | train_acc 1.0000 | train_full 0.9957 | val_acc 0.9750 | val_f1 0.9817 | grad(main/disc) 1.122/1.900 | lr(main/disc) 3.75e-05/1.25e-05 | 10.8s
2026-07-13 19:36:46 | Epoch 044/100 | loss 2.4862 | cls 1.1507 | tal -0.6389 | dual_g 1.5272 | dual_d 0.9817 | train_acc 1.0000 | train_full 0.9957 | val_acc 0.9750 | val_f1 0.9817 | grad(main/disc) 1.197/1.891 | lr(main/disc) 3.75e-05/1.25e-05 | 10.3s
2026-07-13 19:36:56 | Epoch 045/100 | loss 2.4868 | cls 1.1477 | tal -0.6522 | dual_g 1.5347 | dual_d 0.9884 | train_acc 1.0000 | train_full 1.0000 | val_acc 0.9833 | val_f1 0.9891 | grad(main/disc) 1.081/1.879 | lr(main/disc) 3.75e-05/1.25e-05 | 9.9s
2026-07-13 19:37:06 | Epoch 046/100 | loss 2.4937 | cls 1.1499 | tal -0.6329 | dual_g 1.5337 | dual_d 0.9840 | train_acc 1.0000 | train_full 1.0000 | val_acc 0.9833 | val_f1 0.9891 | grad(main/disc) 1.135/1.881 | lr(main/disc) 3.75e-05/1.25e-05 | 10.3s
2026-07-13 19:37:17 | Epoch 047/100 | loss 2.4877 | cls 1.1493 | tal -0.6472 | dual_g 1.5326 | dual_d 1.0130 | train_acc 1.0000 | train_full 1.0000 | val_acc 0.9833 | val_f1 0.9891 | grad(main/disc) 1.337/1.937 | lr(main/disc) 1.87e-05/6.25e-06 | 10.5s
2026-07-13 19:37:27 | Epoch 048/100 | loss 2.4884 | cls 1.1483 | tal -0.6456 | dual_g 1.5338 | dual_d 0.9861 | train_acc 1.0000 | train_full 0.9978 | val_acc 0.9750 | val_f1 0.9817 | grad(main/disc) 4.154/1.929 | lr(main/disc) 1.87e-05/6.25e-06 | 9.9s
2026-07-13 19:37:38 | Epoch 049/100 | loss 2.4827 | cls 1.1488 | tal -0.6625 | dual_g 1.5327 | dual_d 1.0154 | train_acc 1.0000 | train_full 1.0000 | val_acc 1.0000 | val_f1 1.0000 | grad(main/disc) 1.331/1.916 | lr(main/disc) 1.87e-05/6.25e-06 | 10.9s
2026-07-13 19:37:38 | New best val_f1_macro_present: 1.0000 at epoch 49
2026-07-13 19:37:49 | Epoch 050/100 | loss 2.4786 | cls 1.1492 | tal -0.6922 | dual_g 1.5371 | dual_d 0.9696 | train_acc 1.0000 | train_full 1.0000 | val_acc 0.9833 | val_f1 0.9891 | grad(main/disc) 1.114/1.782 | lr(main/disc) 1.87e-05/6.25e-06 | 11.1s
2026-07-13 19:38:00 | Epoch 051/100 | loss 2.4927 | cls 1.1525 | tal -0.6654 | dual_g 1.5399 | dual_d 1.0299 | train_acc 1.0000 | train_full 1.0000 | val_acc 0.9833 | val_f1 0.9891 | grad(main/disc) 1.443/1.923 | lr(main/disc) 1.87e-05/6.25e-06 | 10.9s
2026-07-13 19:38:11 | Epoch 052/100 | loss 2.4790 | cls 1.1473 | tal -0.6697 | dual_g 1.5326 | dual_d 0.9648 | train_acc 1.0000 | train_full 1.0000 | val_acc 1.0000 | val_f1 1.0000 | grad(main/disc) 1.158/1.823 | lr(main/disc) 1.87e-05/6.25e-06 | 10.3s
2026-07-13 19:38:21 | Epoch 053/100 | loss 2.4794 | cls 1.1496 | tal -0.6673 | dual_g 1.5300 | dual_d 0.9719 | train_acc 1.0000 | train_full 0.9978 | val_acc 0.9750 | val_f1 0.9817 | grad(main/disc) 1.350/1.784 | lr(main/disc) 1.87e-05/6.25e-06 | 10.4s
2026-07-13 19:38:32 | Epoch 054/100 | loss 2.4822 | cls 1.1461 | tal -0.6537 | dual_g 1.5322 | dual_d 0.9859 | train_acc 1.0000 | train_full 1.0000 | val_acc 0.9833 | val_f1 0.9865 | grad(main/disc) 1.153/1.830 | lr(main/disc) 1.87e-05/6.25e-06 | 10.6s
2026-07-13 19:38:43 | Epoch 055/100 | loss 2.4802 | cls 1.1482 | tal -0.6614 | dual_g 1.5304 | dual_d 0.9189 | train_acc 1.0000 | train_full 1.0000 | val_acc 0.9917 | val_f1 0.9930 | grad(main/disc) 1.000/1.750 | lr(main/disc) 1.87e-05/6.25e-06 | 11.0s
2026-07-13 19:38:54 | Epoch 056/100 | loss 2.4813 | cls 1.1480 | tal -0.6721 | dual_g 1.5349 | dual_d 0.9479 | train_acc 1.0000 | train_full 1.0000 | val_acc 0.9750 | val_f1 0.9817 | grad(main/disc) 1.018/1.773 | lr(main/disc) 9.37e-06/3.13e-06 | 10.5s
2026-07-13 19:39:05 | Epoch 057/100 | loss 2.4917 | cls 1.1464 | tal -0.6360 | dual_g 1.5361 | dual_d 0.9684 | train_acc 1.0000 | train_full 1.0000 | val_acc 0.9833 | val_f1 0.9891 | grad(main/disc) 1.122/1.804 | lr(main/disc) 9.37e-06/3.13e-06 | 10.5s
2026-07-13 19:39:15 | Epoch 058/100 | loss 2.4769 | cls 1.1477 | tal -0.6723 | dual_g 1.5309 | dual_d 0.9811 | train_acc 1.0000 | train_full 1.0000 | val_acc 0.9833 | val_f1 0.9891 | grad(main/disc) 1.071/1.858 | lr(main/disc) 9.37e-06/3.13e-06 | 10.5s
2026-07-13 19:39:26 | Epoch 059/100 | loss 2.4807 | cls 1.1531 | tal -0.6810 | dual_g 1.5320 | dual_d 0.9914 | train_acc 1.0000 | train_full 1.0000 | val_acc 0.9750 | val_f1 0.9817 | grad(main/disc) 1.221/1.796 | lr(main/disc) 9.37e-06/3.13e-06 | 10.6s
2026-07-13 19:39:37 | Epoch 060/100 | loss 2.4715 | cls 1.1444 | tal -0.6602 | dual_g 1.5252 | dual_d 0.9749 | train_acc 1.0000 | train_full 1.0000 | val_acc 0.9833 | val_f1 0.9891 | grad(main/disc) 0.884/1.800 | lr(main/disc) 9.37e-06/3.13e-06 | 10.5s
2026-07-13 19:39:47 | Epoch 061/100 | loss 2.4672 | cls 1.1458 | tal -0.6843 | dual_g 1.5267 | dual_d 0.9734 | train_acc 1.0000 | train_full 0.9978 | val_acc 0.9750 | val_f1 0.9817 | grad(main/disc) 0.938/1.771 | lr(main/disc) 9.37e-06/3.13e-06 | 10.0s
2026-07-13 19:39:58 | Epoch 062/100 | loss 2.4823 | cls 1.1469 | tal -0.6664 | dual_g 1.5353 | dual_d 0.9687 | train_acc 1.0000 | train_full 1.0000 | val_acc 0.9917 | val_f1 0.9961 | grad(main/disc) 1.211/1.762 | lr(main/disc) 9.37e-06/3.13e-06 | 11.0s
2026-07-13 19:40:09 | Epoch 063/100 | loss 2.4717 | cls 1.1468 | tal -0.6729 | dual_g 1.5268 | dual_d 0.9808 | train_acc 1.0000 | train_full 1.0000 | val_acc 0.9917 | val_f1 0.9961 | grad(main/disc) 0.904/1.848 | lr(main/disc) 4.69e-06/1.56e-06 | 10.7s
2026-07-13 19:40:20 | Epoch 064/100 | loss 2.4719 | cls 1.1448 | tal -0.6844 | dual_g 1.5324 | dual_d 0.9609 | train_acc 1.0000 | train_full 1.0000 | val_acc 0.9833 | val_f1 0.9891 | grad(main/disc) 1.064/1.799 | lr(main/disc) 4.69e-06/1.56e-06 | 11.1s
2026-07-13 19:40:31 | Epoch 065/100 | loss 2.4773 | cls 1.1486 | tal -0.6812 | dual_g 1.5331 | dual_d 0.9635 | train_acc 1.0000 | train_full 0.9935 | val_acc 0.9833 | val_f1 0.9891 | grad(main/disc) 1.216/1.762 | lr(main/disc) 4.69e-06/1.56e-06 | 10.4s
2026-07-13 19:40:42 | Epoch 066/100 | loss 2.4788 | cls 1.1475 | tal -0.6692 | dual_g 1.5321 | dual_d 0.9733 | train_acc 1.0000 | train_full 0.9957 | val_acc 0.9833 | val_f1 0.9865 | grad(main/disc) 8.666/1.832 | lr(main/disc) 4.69e-06/1.56e-06 | 10.8s
2026-07-13 19:40:52 | Epoch 067/100 | loss 2.4828 | cls 1.1461 | tal -0.6491 | dual_g 1.5314 | dual_d 0.9697 | train_acc 1.0000 | train_full 1.0000 | val_acc 0.9833 | val_f1 0.9865 | grad(main/disc) 1.118/1.764 | lr(main/disc) 4.69e-06/1.56e-06 | 10.4s
2026-07-13 19:41:03 | Epoch 068/100 | loss 2.4795 | cls 1.1444 | tal -0.6565 | dual_g 1.5321 | dual_d 0.9405 | train_acc 1.0000 | train_full 1.0000 | val_acc 0.9917 | val_f1 0.9961 | grad(main/disc) 0.915/1.717 | lr(main/disc) 4.69e-06/1.56e-06 | 10.8s
2026-07-13 19:41:14 | Epoch 069/100 | loss 2.4895 | cls 1.1501 | tal -0.6481 | dual_g 1.5338 | dual_d 0.9829 | train_acc 1.0000 | train_full 1.0000 | val_acc 0.9833 | val_f1 0.9891 | grad(main/disc) 1.214/1.859 | lr(main/disc) 4.69e-06/1.56e-06 | 10.3s
2026-07-13 19:41:24 | Epoch 070/100 | loss 2.4877 | cls 1.1492 | tal -0.6597 | dual_g 1.5364 | dual_d 0.9596 | train_acc 1.0000 | train_full 1.0000 | val_acc 0.9833 | val_f1 0.9891 | grad(main/disc) 1.294/1.769 | lr(main/disc) 2.34e-06/1.00e-06 | 9.9s
2026-07-13 19:41:35 | Epoch 071/100 | loss 2.4728 | cls 1.1454 | tal -0.6726 | dual_g 1.5292 | dual_d 0.9794 | train_acc 1.0000 | train_full 1.0000 | val_acc 0.9750 | val_f1 0.9817 | grad(main/disc) 0.930/1.774 | lr(main/disc) 2.34e-06/1.00e-06 | 11.1s
2026-07-13 19:41:45 | Epoch 072/100 | loss 2.4645 | cls 1.1465 | tal -0.6879 | dual_g 1.5244 | dual_d 0.9765 | train_acc 1.0000 | train_full 1.0000 | val_acc 0.9917 | val_f1 0.9961 | grad(main/disc) 1.102/1.776 | lr(main/disc) 2.34e-06/1.00e-06 | 10.0s
2026-07-13 19:41:56 | Epoch 073/100 | loss 2.4674 | cls 1.1432 | tal -0.6868 | dual_g 1.5302 | dual_d 0.9389 | train_acc 1.0000 | train_full 1.0000 | val_acc 0.9917 | val_f1 0.9961 | grad(main/disc) 0.942/1.741 | lr(main/disc) 2.34e-06/1.00e-06 | 11.0s
2026-07-13 19:42:08 | Epoch 074/100 | loss 2.4735 | cls 1.1451 | tal -0.6646 | dual_g 1.5277 | dual_d 0.9646 | train_acc 1.0000 | train_full 1.0000 | val_acc 0.9833 | val_f1 0.9882 | grad(main/disc) 0.995/1.781 | lr(main/disc) 2.34e-06/1.00e-06 | 11.5s
2026-07-13 19:42:18 | Epoch 075/100 | loss 2.4675 | cls 1.1436 | tal -0.6682 | dual_g 1.5243 | dual_d 0.9629 | train_acc 1.0000 | train_full 1.0000 | val_acc 0.9750 | val_f1 0.9817 | grad(main/disc) 0.968/1.722 | lr(main/disc) 2.34e-06/1.00e-06 | 10.2s
2026-07-13 19:42:18 | Early stopping at epoch 75 after 26 epochs without val_f1_macro_present improvement.
2026-07-13 19:42:18 | Training complete. Best validation accuracy: 1.0000 | best val_f1_macro_present: 1.0000
