2026-08-27 16:11:03 | Starting Dual_D standalone training
2026-08-27 16:11:03 | Run directory: runs/module_c_ablation_60_v5/module_c_20260827_121947/module_c_no_prototype_contrastive_雾天_20260827_153323
2026-08-27 16:11:03 | Device: cuda
2026-08-27 16:11:03 | Source train samples: 992
2026-08-27 16:11:03 | Target train samples: 507
2026-08-27 16:11:03 | Target val samples: 132
2026-08-27 16:11:03 | Classes: 14
2026-08-27 16:11:04 | Data audit: same_dir=False | path_overlap(vis/ir/ais)=0/0/0 | content_overlap(vis/ir/ais)=0/0/0 | ais_index_overlap=0 | stem_mismatch(vis-ir/vis-ais)=630/0
2026-08-27 16:11:04 | source_train classes: present 14/14 | absent 0 | counts [0:120, 1:44, 2:69, 3:45, 4:40, 5:30, 6:64, 7:80, 8:116, 9:68, 10:57, 11:83, 12:48, 13:128]
2026-08-27 16:11:04 | target_train classes: present 9/14 | absent 5 | counts [0:35, 1:18, 2:119, 6:110, 8:25, 9:50, 10:48, 12:9, 13:93]
2026-08-27 16:11:04 | target_val classes: present 9/14 | absent 5 | counts [0:9, 1:5, 2:30, 6:28, 8:7, 9:13, 10:13, 12:3, 13:24]
2026-08-27 16:11:04 | Paired training classes: 9/14 | class ids [0, 1, 2, 6, 8, 9, 10, 12, 13]
2026-08-27 16:11:04 | Runtime profile: batch=92 | paired_steps=6 | workers=16 | train_eval_every=5 | raw_eval_every=5 | early_stop=15 after min_epoch=48
2026-08-27 16:11:04 | VIS/IR pairing: class-level-unpaired | count-mismatch classes train/val: 10/2 | AIS alignment: none | AIS rows train/val: 0/0
2026-08-27 16:11:05 | Model parameters: total=17277714 | trainable=17120210
2026-08-27 16:11:11 | Epoch 001/060 | loss 5.4168 | cls 5.4167 | tal 0.0004 | dual_g 0.0000 | dual_d 0.0000 | train_acc 0.0743 | train_full 0.0197 | val_acc 0.0303 | val_f1 0.0199 | adv/moduleC 0.00/0.00 | disc_steps 0 | grad(main/disc) 14.362/0.000 | lr(main/disc) 7.00e-05/3.50e-05 | cuda_peak(alloc/resv) 21.77/28.18GB | phase(train/val/raw/train_eval) 4.0/0.7/0.7/1.0s | 6.4s
2026-08-27 16:11:14 | New best val_f1_macro_present: 0.0199 at epoch 1
2026-08-27 16:11:19 | Epoch 002/060 | loss 4.4359 | cls 4.4398 | tal -0.0131 | dual_g 0.0000 | dual_d 0.0000 | train_acc 0.1522 | train_full n/a | val_acc 0.0758 | val_f1 0.0286 | adv/moduleC 0.00/0.00 | disc_steps 0 | grad(main/disc) 11.431/0.000 | lr(main/disc) 7.00e-05/3.50e-05 | cuda_peak(alloc/resv) 21.77/28.18GB | phase(train/val/raw/train_eval) 3.6/0.7/0.7/0.0s | 5.0s
2026-08-27 16:11:22 | New best val_f1_macro_present: 0.0286 at epoch 2
2026-08-27 16:11:27 | Epoch 003/060 | loss 4.0102 | cls 4.0264 | tal -0.0541 | dual_g 0.0000 | dual_d 0.0000 | train_acc 0.1920 | train_full n/a | val_acc 0.1894 | val_f1 0.1581 | adv/moduleC 0.00/0.00 | disc_steps 0 | grad(main/disc) 9.902/0.000 | lr(main/disc) 7.00e-05/3.50e-05 | cuda_peak(alloc/resv) 21.77/28.18GB | phase(train/val/raw/train_eval) 3.5/0.7/0.7/0.0s | 4.9s
2026-08-27 16:11:30 | New best val_f1_macro_present: 0.1581 at epoch 3
2026-08-27 16:11:36 | Epoch 004/060 | loss 3.6237 | cls 3.6462 | tal -0.0751 | dual_g 0.0000 | dual_d 0.0000 | train_acc 0.2192 | train_full n/a | val_acc 0.2652 | val_f1 0.2070 | adv/moduleC 0.00/0.00 | disc_steps 0 | grad(main/disc) 9.044/0.000 | lr(main/disc) 7.00e-05/3.50e-05 | cuda_peak(alloc/resv) 21.77/28.18GB | phase(train/val/raw/train_eval) 3.7/0.7/0.7/0.0s | 5.1s
2026-08-27 16:11:38 | New best val_f1_macro_present: 0.2070 at epoch 4
2026-08-27 16:11:45 | Epoch 005/060 | loss 3.4200 | cls 3.4494 | tal -0.0977 | dual_g 0.0000 | dual_d 0.0000 | train_acc 0.2609 | train_full 0.4043 | val_acc 0.4318 | val_f1 0.3644 | adv/moduleC 0.00/0.00 | disc_steps 0 | grad(main/disc) 8.694/0.000 | lr(main/disc) 7.00e-05/3.50e-05 | cuda_peak(alloc/resv) 21.77/28.18GB | phase(train/val/raw/train_eval) 3.8/0.7/0.7/1.0s | 6.3s
2026-08-27 16:11:48 | New best val_f1_macro_present: 0.3644 at epoch 5
2026-08-27 16:11:52 | Epoch 006/060 | loss 3.4913 | cls 3.3064 | tal -0.1650 | dual_g 0.2344 | dual_d 0.8325 | train_acc 0.3025 | train_full n/a | val_acc 0.4470 | val_f1 0.3526 | adv/moduleC 0.05/0.10 | disc_steps 3 | grad(main/disc) 8.695/1.714 | lr(main/disc) 7.00e-05/3.50e-05 | cuda_peak(alloc/resv) 21.77/28.18GB | phase(train/val/raw/train_eval) 4.0/0.7/0.0/0.0s | 4.7s
2026-08-27 16:11:57 | Epoch 007/060 | loss 3.4909 | cls 3.0940 | tal -0.1596 | dual_g 0.4448 | dual_d 0.7887 | train_acc 0.3406 | train_full n/a | val_acc 0.5152 | val_f1 0.4991 | adv/moduleC 0.10/0.20 | disc_steps 3 | grad(main/disc) 8.583/1.657 | lr(main/disc) 7.00e-05/3.50e-05 | cuda_peak(alloc/resv) 21.77/28.18GB | phase(train/val/raw/train_eval) 3.6/0.7/0.7/0.0s | 5.0s
2026-08-27 16:12:00 | New best val_f1_macro_present: 0.4991 at epoch 7
2026-08-27 16:12:05 | Epoch 008/060 | loss 3.5524 | cls 2.9662 | tal -0.1717 | dual_g 0.6376 | dual_d 0.7765 | train_acc 0.3732 | train_full n/a | val_acc 0.6212 | val_f1 0.6047 | adv/moduleC 0.15/0.30 | disc_steps 3 | grad(main/disc) 8.465/1.563 | lr(main/disc) 7.00e-05/3.50e-05 | cuda_peak(alloc/resv) 21.77/28.18GB | phase(train/val/raw/train_eval) 3.6/0.7/0.7/0.0s | 5.0s
2026-08-27 16:12:09 | New best val_f1_macro_present: 0.6047 at epoch 8
2026-08-27 16:12:14 | Epoch 009/060 | loss 3.4727 | cls 2.7352 | tal -0.1970 | dual_g 0.7966 | dual_d 0.7470 | train_acc 0.4547 | train_full n/a | val_acc 0.6515 | val_f1 0.6689 | adv/moduleC 0.20/0.40 | disc_steps 3 | grad(main/disc) 8.951/1.526 | lr(main/disc) 7.00e-05/3.50e-05 | cuda_peak(alloc/resv) 21.77/28.18GB | phase(train/val/raw/train_eval) 3.8/0.7/0.7/0.0s | 5.3s
2026-08-27 16:12:17 | New best val_f1_macro_present: 0.6689 at epoch 9
2026-08-27 16:12:23 | Epoch 010/060 | loss 3.6807 | cls 2.7525 | tal -0.2084 | dual_g 0.9908 | dual_d 0.7585 | train_acc 0.4384 | train_full 0.5976 | val_acc 0.5530 | val_f1 0.4955 | adv/moduleC 0.25/0.50 | disc_steps 3 | grad(main/disc) 10.929/1.528 | lr(main/disc) 7.00e-05/3.50e-05 | cuda_peak(alloc/resv) 21.77/28.18GB | phase(train/val/raw/train_eval) 3.8/0.7/0.7/1.0s | 6.2s
2026-08-27 16:12:28 | Epoch 011/060 | loss 3.5756 | cls 2.5297 | tal -0.2548 | dual_g 1.1224 | dual_d 0.7342 | train_acc 0.4909 | train_full n/a | val_acc 0.5606 | val_f1 0.5341 | adv/moduleC 0.30/0.60 | disc_steps 3 | grad(main/disc) 11.557/1.466 | lr(main/disc) 7.00e-05/3.50e-05 | cuda_peak(alloc/resv) 21.77/28.18GB | phase(train/val/raw/train_eval) 3.8/0.7/0.0/0.0s | 4.5s
2026-08-27 16:12:32 | Epoch 012/060 | loss 3.6169 | cls 2.4673 | tal -0.2545 | dual_g 1.2260 | dual_d 0.7549 | train_acc 0.5507 | train_full n/a | val_acc 0.6364 | val_f1 0.6249 | adv/moduleC 0.35/0.70 | disc_steps 3 | grad(main/disc) 10.692/1.520 | lr(main/disc) 7.00e-05/3.50e-05 | cuda_peak(alloc/resv) 21.77/28.18GB | phase(train/val/raw/train_eval) 3.8/0.7/0.0/0.0s | 4.5s
2026-08-27 16:12:36 | Epoch 013/060 | loss 3.6482 | cls 2.3603 | tal -0.2666 | dual_g 1.3679 | dual_d 0.7101 | train_acc 0.5525 | train_full n/a | val_acc 0.6894 | val_f1 0.6541 | adv/moduleC 0.40/0.80 | disc_steps 3 | grad(main/disc) 11.859/1.384 | lr(main/disc) 7.00e-05/3.50e-05 | cuda_peak(alloc/resv) 21.77/28.18GB | phase(train/val/raw/train_eval) 3.6/0.7/0.0/0.0s | 4.3s
2026-08-27 16:12:42 | Epoch 014/060 | loss 3.6462 | cls 2.2682 | tal -0.2497 | dual_g 1.4528 | dual_d 0.7235 | train_acc 0.6123 | train_full n/a | val_acc 0.7197 | val_f1 0.7414 | adv/moduleC 0.45/0.90 | disc_steps 3 | grad(main/disc) 11.732/1.381 | lr(main/disc) 7.00e-05/3.50e-05 | cuda_peak(alloc/resv) 21.77/28.18GB | phase(train/val/raw/train_eval) 3.8/0.7/0.7/0.0s | 5.2s
2026-08-27 16:12:45 | New best val_f1_macro_present: 0.7414 at epoch 14
2026-08-27 16:12:51 | Epoch 015/060 | loss 3.6910 | cls 2.1483 | tal -0.1879 | dual_g 1.5990 | dual_d 0.7587 | train_acc 0.6268 | train_full 0.8383 | val_acc 0.7803 | val_f1 0.7812 | adv/moduleC 0.50/1.00 | disc_steps 3 | grad(main/disc) 11.702/1.408 | lr(main/disc) 7.00e-05/3.50e-05 | cuda_peak(alloc/resv) 21.77/28.18GB | phase(train/val/raw/train_eval) 3.8/0.7/0.7/1.0s | 6.2s
2026-08-27 16:12:54 | New best val_f1_macro_present: 0.7812 at epoch 15
2026-08-27 16:12:59 | Epoch 016/060 | loss 3.5389 | cls 2.0963 | tal -0.2806 | dual_g 1.5268 | dual_d 0.7225 | train_acc 0.6902 | train_full n/a | val_acc 0.8485 | val_f1 0.8327 | adv/moduleC 0.55/1.00 | disc_steps 3 | grad(main/disc) 11.552/1.352 | lr(main/disc) 7.00e-05/3.50e-05 | cuda_peak(alloc/resv) 21.77/28.18GB | phase(train/val/raw/train_eval) 3.6/0.7/0.7/0.0s | 5.1s
2026-08-27 16:13:02 | New best val_f1_macro_present: 0.8327 at epoch 16
2026-08-27 16:13:08 | Epoch 017/060 | loss 3.4173 | cls 2.0298 | tal -0.3140 | dual_g 1.4817 | dual_d 0.7015 | train_acc 0.7428 | train_full n/a | val_acc 0.8788 | val_f1 0.8834 | adv/moduleC 0.60/1.00 | disc_steps 3 | grad(main/disc) 12.105/1.324 | lr(main/disc) 7.00e-05/3.50e-05 | cuda_peak(alloc/resv) 21.77/28.18GB | phase(train/val/raw/train_eval) 3.8/0.7/0.7/0.0s | 5.2s
2026-08-27 16:13:11 | New best val_f1_macro_present: 0.8834 at epoch 17
2026-08-27 16:13:15 | Epoch 018/060 | loss 3.2421 | cls 1.9086 | tal -0.1994 | dual_g 1.3933 | dual_d 0.7645 | train_acc 0.7591 | train_full n/a | val_acc 0.8333 | val_f1 0.8118 | adv/moduleC 0.65/1.00 | disc_steps 3 | grad(main/disc) 14.160/1.342 | lr(main/disc) 7.00e-05/3.50e-05 | cuda_peak(alloc/resv) 21.77/28.18GB | phase(train/val/raw/train_eval) 3.7/0.7/0.0/0.0s | 4.4s
2026-08-27 16:13:19 | Epoch 019/060 | loss 3.2360 | cls 1.8964 | tal -0.1346 | dual_g 1.3801 | dual_d 0.7251 | train_acc 0.7536 | train_full n/a | val_acc 0.8561 | val_f1 0.8532 | adv/moduleC 0.70/1.00 | disc_steps 3 | grad(main/disc) 12.790/1.322 | lr(main/disc) 7.00e-05/3.50e-05 | cuda_peak(alloc/resv) 21.77/28.18GB | phase(train/val/raw/train_eval) 3.6/0.7/0.0/0.0s | 4.3s
2026-08-27 16:13:25 | Epoch 020/060 | loss 3.2125 | cls 1.8625 | tal -0.1020 | dual_g 1.3807 | dual_d 0.7628 | train_acc 0.7772 | train_full 0.8639 | val_acc 0.8030 | val_f1 0.7786 | adv/moduleC 0.75/1.00 | disc_steps 3 | grad(main/disc) 12.303/1.280 | lr(main/disc) 7.00e-05/3.50e-05 | cuda_peak(alloc/resv) 21.77/28.18GB | phase(train/val/raw/train_eval) 3.6/0.7/0.7/1.0s | 6.1s
2026-08-27 16:13:30 | Epoch 021/060 | loss 3.0955 | cls 1.8075 | tal -0.1096 | dual_g 1.3209 | dual_d 0.7354 | train_acc 0.7844 | train_full n/a | val_acc 0.8864 | val_f1 0.8843 | adv/moduleC 0.80/1.00 | disc_steps 3 | grad(main/disc) 14.895/1.314 | lr(main/disc) 7.00e-05/3.50e-05 | cuda_peak(alloc/resv) 21.77/28.18GB | phase(train/val/raw/train_eval) 3.8/0.7/0.0/0.0s | 4.5s
2026-08-27 16:13:35 | Epoch 022/060 | loss 3.0335 | cls 1.7733 | tal -0.1359 | dual_g 1.3009 | dual_d 0.7602 | train_acc 0.7989 | train_full n/a | val_acc 0.9242 | val_f1 0.9001 | adv/moduleC 0.85/1.00 | disc_steps 3 | grad(main/disc) 12.268/1.324 | lr(main/disc) 7.00e-05/3.50e-05 | cuda_peak(alloc/resv) 21.77/28.18GB | phase(train/val/raw/train_eval) 3.6/0.7/0.7/0.0s | 5.0s
2026-08-27 16:13:38 | New best val_f1_macro_present: 0.9001 at epoch 22
2026-08-27 16:13:42 | Epoch 023/060 | loss 2.9909 | cls 1.7478 | tal -0.1666 | dual_g 1.2932 | dual_d 0.7592 | train_acc 0.8406 | train_full n/a | val_acc 0.8712 | val_f1 0.8939 | adv/moduleC 0.90/1.00 | disc_steps 3 | grad(main/disc) 12.512/1.275 | lr(main/disc) 7.00e-05/3.50e-05 | cuda_peak(alloc/resv) 21.77/28.18GB | phase(train/val/raw/train_eval) 3.6/0.7/0.0/0.0s | 4.3s
2026-08-27 16:13:46 | Epoch 024/060 | loss 2.8931 | cls 1.7010 | tal -0.2134 | dual_g 1.2561 | dual_d 0.7845 | train_acc 0.8370 | train_full n/a | val_acc 0.9091 | val_f1 0.8921 | adv/moduleC 0.95/1.00 | disc_steps 3 | grad(main/disc) 11.946/1.283 | lr(main/disc) 7.00e-05/3.50e-05 | cuda_peak(alloc/resv) 21.77/28.18GB | phase(train/val/raw/train_eval) 3.6/0.7/0.0/0.0s | 4.3s
2026-08-27 16:13:52 | Epoch 025/060 | loss 2.8377 | cls 1.6841 | tal -0.2434 | dual_g 1.2267 | dual_d 0.8232 | train_acc 0.8351 | train_full 0.9467 | val_acc 0.9167 | val_f1 0.9146 | adv/moduleC 1.00/1.00 | disc_steps 3 | grad(main/disc) 13.709/1.320 | lr(main/disc) 7.00e-05/3.50e-05 | cuda_peak(alloc/resv) 21.77/28.18GB | phase(train/val/raw/train_eval) 3.7/0.7/0.7/1.0s | 6.1s
2026-08-27 16:13:56 | New best val_f1_macro_present: 0.9146 at epoch 25
2026-08-27 16:14:00 | Epoch 026/060 | loss 2.8901 | cls 1.6997 | tal -0.1527 | dual_g 1.2362 | dual_d 0.8057 | train_acc 0.8388 | train_full n/a | val_acc 0.8939 | val_f1 0.8800 | adv/moduleC 1.00/1.00 | disc_steps 3 | grad(main/disc) 16.456/1.289 | lr(main/disc) 7.00e-05/3.50e-05 | cuda_peak(alloc/resv) 21.77/28.18GB | phase(train/val/raw/train_eval) 3.5/0.7/0.0/0.0s | 4.2s
2026-08-27 16:14:04 | Epoch 027/060 | loss 2.7722 | cls 1.6182 | tal -0.1865 | dual_g 1.2100 | dual_d 0.8352 | train_acc 0.8714 | train_full n/a | val_acc 0.8939 | val_f1 0.8896 | adv/moduleC 1.00/1.00 | disc_steps 3 | grad(main/disc) 9.758/1.327 | lr(main/disc) 7.00e-05/3.50e-05 | cuda_peak(alloc/resv) 21.77/28.18GB | phase(train/val/raw/train_eval) 3.7/0.7/0.0/0.0s | 4.4s
2026-08-27 16:14:09 | Epoch 028/060 | loss 2.7567 | cls 1.5971 | tal -0.1091 | dual_g 1.1923 | dual_d 0.8238 | train_acc 0.8587 | train_full n/a | val_acc 0.9242 | val_f1 0.9073 | adv/moduleC 1.00/1.00 | disc_steps 3 | grad(main/disc) 10.134/1.321 | lr(main/disc) 7.00e-05/3.50e-05 | cuda_peak(alloc/resv) 21.77/28.18GB | phase(train/val/raw/train_eval) 3.8/0.7/0.0/0.0s | 4.5s
2026-08-27 16:14:14 | Epoch 029/060 | loss 2.6387 | cls 1.5611 | tal -0.1948 | dual_g 1.1360 | dual_d 0.8301 | train_acc 0.8913 | train_full n/a | val_acc 0.9318 | val_f1 0.9218 | adv/moduleC 1.00/1.00 | disc_steps 3 | grad(main/disc) 10.432/1.266 | lr(main/disc) 7.00e-05/3.50e-05 | cuda_peak(alloc/resv) 21.77/28.18GB | phase(train/val/raw/train_eval) 3.6/0.7/0.7/0.0s | 5.0s
2026-08-27 16:14:17 | New best val_f1_macro_present: 0.9218 at epoch 29
2026-08-27 16:14:23 | Epoch 030/060 | loss 2.6163 | cls 1.5327 | tal -0.1582 | dual_g 1.1311 | dual_d 0.8359 | train_acc 0.8931 | train_full 0.9467 | val_acc 0.8864 | val_f1 0.8411 | adv/moduleC 1.00/1.00 | disc_steps 3 | grad(main/disc) 11.750/1.257 | lr(main/disc) 7.00e-05/3.50e-05 | cuda_peak(alloc/resv) 21.77/28.18GB | phase(train/val/raw/train_eval) 3.7/0.7/0.7/1.0s | 6.2s
2026-08-27 16:14:28 | Epoch 031/060 | loss 2.5822 | cls 1.4935 | tal -0.1104 | dual_g 1.1218 | dual_d 0.8577 | train_acc 0.9221 | train_full n/a | val_acc 0.9394 | val_f1 0.9241 | adv/moduleC 1.00/1.00 | disc_steps 3 | grad(main/disc) 9.424/1.286 | lr(main/disc) 7.00e-05/3.50e-05 | cuda_peak(alloc/resv) 21.77/28.18GB | phase(train/val/raw/train_eval) 3.8/0.7/0.7/0.0s | 5.2s
2026-08-27 16:14:31 | New best val_f1_macro_present: 0.9241 at epoch 31
2026-08-27 16:14:35 | Epoch 032/060 | loss 2.5907 | cls 1.5092 | tal -0.1038 | dual_g 1.1127 | dual_d 0.8481 | train_acc 0.9149 | train_full n/a | val_acc 0.9470 | val_f1 0.9024 | adv/moduleC 1.00/1.00 | disc_steps 3 | grad(main/disc) 9.518/1.283 | lr(main/disc) 7.00e-05/3.50e-05 | cuda_peak(alloc/resv) 21.77/28.18GB | phase(train/val/raw/train_eval) 3.5/0.7/0.0/0.0s | 4.2s
2026-08-27 16:14:40 | Epoch 033/060 | loss 2.4922 | cls 1.4534 | tal -0.1294 | dual_g 1.0776 | dual_d 0.8763 | train_acc 0.9366 | train_full n/a | val_acc 0.9318 | val_f1 0.9320 | adv/moduleC 1.00/1.00 | disc_steps 3 | grad(main/disc) 8.337/1.316 | lr(main/disc) 7.00e-05/3.50e-05 | cuda_peak(alloc/resv) 21.77/28.18GB | phase(train/val/raw/train_eval) 3.5/0.7/0.7/0.0s | 4.9s
2026-08-27 16:14:43 | New best val_f1_macro_present: 0.9320 at epoch 33
2026-08-27 16:14:48 | Epoch 034/060 | loss 2.4782 | cls 1.4439 | tal -0.1133 | dual_g 1.0682 | dual_d 0.8928 | train_acc 0.9438 | train_full n/a | val_acc 0.9545 | val_f1 0.9392 | adv/moduleC 1.00/1.00 | disc_steps 3 | grad(main/disc) 9.260/1.276 | lr(main/disc) 7.00e-05/3.50e-05 | cuda_peak(alloc/resv) 21.77/28.18GB | phase(train/val/raw/train_eval) 3.6/0.7/0.7/0.0s | 5.0s
2026-08-27 16:14:52 | New best val_f1_macro_present: 0.9392 at epoch 34
2026-08-27 16:14:58 | Epoch 035/060 | loss 2.4862 | cls 1.4559 | tal -0.1341 | dual_g 1.0705 | dual_d 0.8541 | train_acc 0.9511 | train_full 0.9507 | val_acc 0.8939 | val_f1 0.8818 | adv/moduleC 1.00/1.00 | disc_steps 3 | grad(main/disc) 9.622/1.258 | lr(main/disc) 7.00e-05/3.50e-05 | cuda_peak(alloc/resv) 21.77/28.18GB | phase(train/val/raw/train_eval) 3.5/0.7/0.7/1.0s | 6.0s
2026-08-27 16:15:03 | Epoch 036/060 | loss 2.4371 | cls 1.4195 | tal -0.1166 | dual_g 1.0526 | dual_d 0.8755 | train_acc 0.9511 | train_full n/a | val_acc 0.9545 | val_f1 0.9613 | adv/moduleC 1.00/1.00 | disc_steps 3 | grad(main/disc) 9.836/1.247 | lr(main/disc) 7.00e-05/3.50e-05 | cuda_peak(alloc/resv) 21.77/28.18GB | phase(train/val/raw/train_eval) 3.8/0.7/0.7/0.0s | 5.3s
2026-08-27 16:15:06 | New best val_f1_macro_present: 0.9613 at epoch 36
2026-08-27 16:15:11 | Epoch 037/060 | loss 2.3833 | cls 1.4034 | tal -0.1398 | dual_g 1.0219 | dual_d 0.8919 | train_acc 0.9402 | train_full n/a | val_acc 0.9545 | val_f1 0.9342 | adv/moduleC 1.00/1.00 | disc_steps 3 | grad(main/disc) 6.201/1.263 | lr(main/disc) 7.00e-05/3.50e-05 | cuda_peak(alloc/resv) 21.77/28.18GB | phase(train/val/raw/train_eval) 4.0/0.7/0.0/0.0s | 4.8s
2026-08-27 16:15:15 | Epoch 038/060 | loss 2.3827 | cls 1.4162 | tal -0.1685 | dual_g 1.0171 | dual_d 0.8592 | train_acc 0.9438 | train_full n/a | val_acc 0.9470 | val_f1 0.9367 | adv/moduleC 1.00/1.00 | disc_steps 3 | grad(main/disc) 6.584/1.238 | lr(main/disc) 7.00e-05/3.50e-05 | cuda_peak(alloc/resv) 21.77/28.18GB | phase(train/val/raw/train_eval) 3.6/0.7/0.0/0.0s | 4.3s
2026-08-27 16:15:20 | Epoch 039/060 | loss 2.3801 | cls 1.4014 | tal -0.1755 | dual_g 1.0314 | dual_d 0.9068 | train_acc 0.9511 | train_full n/a | val_acc 0.9545 | val_f1 0.9596 | adv/moduleC 1.00/1.00 | disc_steps 3 | grad(main/disc) 6.966/1.271 | lr(main/disc) 7.00e-05/3.50e-05 | cuda_peak(alloc/resv) 21.77/28.18GB | phase(train/val/raw/train_eval) 3.8/0.7/0.0/0.0s | 4.5s
2026-08-27 16:15:26 | Epoch 040/060 | loss 2.3549 | cls 1.3843 | tal -0.1390 | dual_g 1.0123 | dual_d 0.8765 | train_acc 0.9710 | train_full 0.9744 | val_acc 0.9394 | val_f1 0.9287 | adv/moduleC 1.00/1.00 | disc_steps 3 | grad(main/disc) 8.370/1.243 | lr(main/disc) 7.00e-05/3.50e-05 | cuda_peak(alloc/resv) 21.77/28.18GB | phase(train/val/raw/train_eval) 3.6/0.7/0.7/1.1s | 6.0s
2026-08-27 16:15:30 | Epoch 041/060 | loss 2.3835 | cls 1.3913 | tal -0.0643 | dual_g 1.0115 | dual_d 0.9278 | train_acc 0.9746 | train_full n/a | val_acc 0.9470 | val_f1 0.9375 | adv/moduleC 1.00/1.00 | disc_steps 3 | grad(main/disc) 8.197/1.266 | lr(main/disc) 7.00e-05/3.50e-05 | cuda_peak(alloc/resv) 21.77/28.18GB | phase(train/val/raw/train_eval) 3.6/0.7/0.0/0.0s | 4.3s
2026-08-27 16:15:35 | Epoch 042/060 | loss 2.3250 | cls 1.3639 | tal -0.0982 | dual_g 0.9905 | dual_d 0.8775 | train_acc 0.9638 | train_full n/a | val_acc 0.9621 | val_f1 0.9632 | adv/moduleC 1.00/1.00 | disc_steps 3 | grad(main/disc) 5.425/1.226 | lr(main/disc) 7.00e-05/3.50e-05 | cuda_peak(alloc/resv) 21.77/28.18GB | phase(train/val/raw/train_eval) 3.8/0.7/0.7/0.0s | 5.2s
2026-08-27 16:15:38 | New best val_f1_macro_present: 0.9632 at epoch 42
2026-08-27 16:15:43 | Epoch 043/060 | loss 2.3283 | cls 1.3756 | tal -0.1303 | dual_g 0.9918 | dual_d 0.8914 | train_acc 0.9674 | train_full n/a | val_acc 0.9621 | val_f1 0.9470 | adv/moduleC 1.00/1.00 | disc_steps 3 | grad(main/disc) 5.818/1.224 | lr(main/disc) 7.00e-05/3.50e-05 | cuda_peak(alloc/resv) 21.77/28.18GB | phase(train/val/raw/train_eval) 3.7/0.7/0.0/0.0s | 4.4s
2026-08-27 16:15:47 | Epoch 044/060 | loss 2.3231 | cls 1.3596 | tal -0.0814 | dual_g 0.9879 | dual_d 0.8853 | train_acc 0.9710 | train_full n/a | val_acc 0.9545 | val_f1 0.9610 | adv/moduleC 1.00/1.00 | disc_steps 3 | grad(main/disc) 5.903/1.255 | lr(main/disc) 7.00e-05/3.50e-05 | cuda_peak(alloc/resv) 21.77/28.18GB | phase(train/val/raw/train_eval) 3.6/0.7/0.0/0.0s | 4.4s
2026-08-27 16:15:54 | Epoch 045/060 | loss 2.3507 | cls 1.3852 | tal -0.0643 | dual_g 0.9848 | dual_d 0.9132 | train_acc 0.9565 | train_full 0.9862 | val_acc 0.9394 | val_f1 0.9180 | adv/moduleC 1.00/1.00 | disc_steps 3 | grad(main/disc) 6.658/1.224 | lr(main/disc) 7.00e-05/3.50e-05 | cuda_peak(alloc/resv) 21.77/28.18GB | phase(train/val/raw/train_eval) 4.0/0.7/0.7/1.0s | 6.4s
2026-08-27 16:15:58 | Epoch 046/060 | loss 2.2630 | cls 1.3393 | tal -0.1407 | dual_g 0.9659 | dual_d 0.9029 | train_acc 0.9801 | train_full n/a | val_acc 0.9470 | val_f1 0.9480 | adv/moduleC 1.00/1.00 | disc_steps 3 | grad(main/disc) 6.611/1.269 | lr(main/disc) 7.00e-05/3.50e-05 | cuda_peak(alloc/resv) 21.77/28.18GB | phase(train/val/raw/train_eval) 3.6/0.7/0.0/0.0s | 4.3s
2026-08-27 16:16:02 | Epoch 047/060 | loss 2.3157 | cls 1.3630 | tal -0.1308 | dual_g 0.9919 | dual_d 0.9151 | train_acc 0.9801 | train_full n/a | val_acc 0.9470 | val_f1 0.9280 | adv/moduleC 1.00/1.00 | disc_steps 3 | grad(main/disc) 9.458/1.258 | lr(main/disc) 7.00e-05/3.50e-05 | cuda_peak(alloc/resv) 21.77/28.18GB | phase(train/val/raw/train_eval) 3.6/0.7/0.0/0.0s | 4.3s
2026-08-27 16:16:07 | Epoch 048/060 | loss 2.3200 | cls 1.3517 | tal -0.1057 | dual_g 1.0000 | dual_d 0.8912 | train_acc 0.9746 | train_full n/a | val_acc 0.9545 | val_f1 0.9629 | adv/moduleC 1.00/1.00 | disc_steps 3 | grad(main/disc) 10.169/1.224 | lr(main/disc) 7.00e-05/3.50e-05 | cuda_peak(alloc/resv) 21.77/28.18GB | phase(train/val/raw/train_eval) 3.7/0.7/0.0/0.0s | 4.4s
2026-08-27 16:16:11 | Epoch 049/060 | loss 2.2742 | cls 1.3276 | tal -0.0733 | dual_g 0.9686 | dual_d 0.9264 | train_acc 0.9801 | train_full n/a | val_acc 0.9545 | val_f1 0.9453 | adv/moduleC 1.00/1.00 | disc_steps 3 | grad(main/disc) 5.258/1.255 | lr(main/disc) 3.50e-05/1.75e-05 | cuda_peak(alloc/resv) 21.77/28.18GB | phase(train/val/raw/train_eval) 4.0/0.7/0.0/0.0s | 4.7s
2026-08-27 16:16:18 | Epoch 050/060 | loss 2.2763 | cls 1.3323 | tal -0.0881 | dual_g 0.9704 | dual_d 0.9478 | train_acc 0.9819 | train_full 0.9803 | val_acc 0.9394 | val_f1 0.9408 | adv/moduleC 1.00/1.00 | disc_steps 3 | grad(main/disc) 5.699/1.248 | lr(main/disc) 3.50e-05/1.75e-05 | cuda_peak(alloc/resv) 21.77/28.18GB | phase(train/val/raw/train_eval) 3.9/0.7/0.7/1.0s | 6.3s
2026-08-27 16:16:22 | Epoch 051/060 | loss 2.2710 | cls 1.3231 | tal -0.0796 | dual_g 0.9718 | dual_d 0.9409 | train_acc 0.9891 | train_full n/a | val_acc 0.9621 | val_f1 0.9515 | adv/moduleC 1.00/1.00 | disc_steps 3 | grad(main/disc) 5.632/1.234 | lr(main/disc) 3.50e-05/1.75e-05 | cuda_peak(alloc/resv) 21.77/28.18GB | phase(train/val/raw/train_eval) 3.9/0.7/0.0/0.0s | 4.6s
2026-08-27 16:16:27 | Epoch 052/060 | loss 2.2629 | cls 1.3240 | tal -0.0987 | dual_g 0.9685 | dual_d 0.9057 | train_acc 0.9746 | train_full n/a | val_acc 0.9621 | val_f1 0.9664 | adv/moduleC 1.00/1.00 | disc_steps 3 | grad(main/disc) 5.418/1.213 | lr(main/disc) 3.50e-05/1.75e-05 | cuda_peak(alloc/resv) 21.77/28.18GB | phase(train/val/raw/train_eval) 3.6/0.7/0.7/0.0s | 5.0s
2026-08-27 16:16:30 | New best val_f1_macro_present: 0.9664 at epoch 52
2026-08-27 16:16:35 | Epoch 053/060 | loss 2.2467 | cls 1.3243 | tal -0.0904 | dual_g 0.9495 | dual_d 0.9221 | train_acc 0.9873 | train_full n/a | val_acc 0.9773 | val_f1 0.9773 | adv/moduleC 1.00/1.00 | disc_steps 3 | grad(main/disc) 4.778/1.207 | lr(main/disc) 3.50e-05/1.75e-05 | cuda_peak(alloc/resv) 21.77/28.18GB | phase(train/val/raw/train_eval) 3.6/0.7/0.7/0.0s | 5.0s
2026-08-27 16:16:38 | New best val_f1_macro_present: 0.9773 at epoch 53
2026-08-27 16:16:43 | Epoch 054/060 | loss 2.2652 | cls 1.3368 | tal -0.0781 | dual_g 0.9519 | dual_d 0.9354 | train_acc 0.9783 | train_full n/a | val_acc 0.9773 | val_f1 0.9768 | adv/moduleC 1.00/1.00 | disc_steps 3 | grad(main/disc) 5.030/1.193 | lr(main/disc) 3.50e-05/1.75e-05 | cuda_peak(alloc/resv) 21.77/28.18GB | phase(train/val/raw/train_eval) 3.8/0.7/0.0/0.0s | 4.5s
2026-08-27 16:16:49 | Epoch 055/060 | loss 2.2330 | cls 1.3036 | tal -0.0726 | dual_g 0.9511 | dual_d 0.9641 | train_acc 0.9783 | train_full 1.0000 | val_acc 0.9697 | val_f1 0.9717 | adv/moduleC 1.00/1.00 | disc_steps 3 | grad(main/disc) 4.589/1.212 | lr(main/disc) 3.50e-05/1.75e-05 | cuda_peak(alloc/resv) 21.77/28.18GB | phase(train/val/raw/train_eval) 3.6/0.7/0.7/1.0s | 6.0s
2026-08-27 16:16:53 | Epoch 056/060 | loss 2.2231 | cls 1.3144 | tal -0.1090 | dual_g 0.9414 | dual_d 0.9627 | train_acc 0.9928 | train_full n/a | val_acc 0.9545 | val_f1 0.9477 | adv/moduleC 1.00/1.00 | disc_steps 3 | grad(main/disc) 4.301/1.216 | lr(main/disc) 3.50e-05/1.75e-05 | cuda_peak(alloc/resv) 21.77/28.18GB | phase(train/val/raw/train_eval) 3.7/0.7/0.0/0.0s | 4.4s
2026-08-27 16:16:58 | Epoch 057/060 | loss 2.2213 | cls 1.2890 | tal -0.0475 | dual_g 0.9465 | dual_d 0.9633 | train_acc 0.9964 | train_full n/a | val_acc 0.9545 | val_f1 0.9473 | adv/moduleC 1.00/1.00 | disc_steps 3 | grad(main/disc) 4.085/1.187 | lr(main/disc) 3.50e-05/1.75e-05 | cuda_peak(alloc/resv) 21.77/28.18GB | phase(train/val/raw/train_eval) 3.6/0.7/0.0/0.0s | 4.3s
2026-08-27 16:17:02 | Epoch 058/060 | loss 2.2419 | cls 1.3057 | tal -0.0400 | dual_g 0.9482 | dual_d 0.9557 | train_acc 0.9801 | train_full n/a | val_acc 0.9545 | val_f1 0.9618 | adv/moduleC 1.00/1.00 | disc_steps 3 | grad(main/disc) 5.155/1.212 | lr(main/disc) 3.50e-05/1.75e-05 | cuda_peak(alloc/resv) 21.77/28.18GB | phase(train/val/raw/train_eval) 3.6/0.7/0.0/0.0s | 4.3s
2026-08-27 16:17:06 | Epoch 059/060 | loss 2.2450 | cls 1.3102 | tal -0.0446 | dual_g 0.9482 | dual_d 0.9229 | train_acc 0.9764 | train_full n/a | val_acc 0.9545 | val_f1 0.9251 | adv/moduleC 1.00/1.00 | disc_steps 3 | grad(main/disc) 5.288/1.144 | lr(main/disc) 3.50e-05/1.75e-05 | cuda_peak(alloc/resv) 21.77/28.18GB | phase(train/val/raw/train_eval) 3.7/0.7/0.0/0.0s | 4.4s
2026-08-27 16:17:13 | Epoch 060/060 | loss 2.2383 | cls 1.2951 | tal 0.0087 | dual_g 0.9406 | dual_d 0.9466 | train_acc 0.9855 | train_full 1.0000 | val_acc 0.9621 | val_f1 0.9673 | adv/moduleC 1.00/1.00 | disc_steps 3 | grad(main/disc) 4.825/1.156 | lr(main/disc) 1.75e-05/8.75e-06 | cuda_peak(alloc/resv) 21.77/28.18GB | phase(train/val/raw/train_eval) 3.9/0.7/0.7/1.0s | 6.3s
2026-08-27 16:17:13 | Training complete. Best validation accuracy: 0.9773 | best val_f1_macro_present: 0.9773
