2026-08-26 18:43:44 | Starting Dual_D standalone training
2026-08-26 18:43:44 | Run directory: runs/module_c_ablation_60_v4/module_c_20260826_164328/module_c_no_identity_逆光_20260826_182745
2026-08-26 18:43:44 | Device: cuda
2026-08-26 18:43:44 | Source train samples: 992
2026-08-26 18:43:44 | Target train samples: 132
2026-08-26 18:43:44 | Target val samples: 37
2026-08-26 18:43:44 | Classes: 14
2026-08-26 18:43:44 | Data audit: same_dir=False | path_overlap(vis/ir/ais)=0/0/0 | content_overlap(vis/ir/ais)=0/0/0 | ais_index_overlap=0 | stem_mismatch(vis-ir/vis-ais)=157/0
2026-08-26 18:43:44 | source_train classes: present 14/14 | absent 0 | counts [0:120, 1:44, 2:69, 3:45, 4:40, 5:30, 6:64, 7:80, 8:116, 9:68, 10:57, 11:83, 12:48, 13:128]
2026-08-26 18:43:44 | target_train classes: present 9/14 | absent 5 | counts [0:20, 2:12, 4:12, 5:2, 9:16, 10:16, 11:29, 12:4, 13:21]
2026-08-26 18:43:44 | target_val classes: present 9/14 | absent 5 | counts [0:6, 2:3, 4:4, 5:1, 9:4, 10:4, 11:8, 12:1, 13:6]
2026-08-26 18:43:44 | Paired training classes: 9/14 | class ids [0, 2, 4, 5, 9, 10, 11, 12, 13]
2026-08-26 18:43:44 | Runtime profile: batch=80 | paired_steps=3 | workers=16 | train_eval_every=5 | raw_eval_every=5 | early_stop=15 after min_epoch=25
2026-08-26 18:43:44 | VIS/IR pairing: class-level-unpaired | count-mismatch classes train/val: 10/1 | AIS alignment: none | AIS rows train/val: 0/0
2026-08-26 18:43:46 | Model parameters: total=17277714 | trainable=17120210
2026-08-26 18:43:51 | Epoch 001/060 | loss 6.1183 | cls 6.1629 | tal -0.1489 | dual_g 0.0000 | dual_d 0.0000 | train_acc 0.0708 | train_full 0.0227 | val_acc 0.0000 | val_f1 0.0000 | adv/moduleC 0.00/0.00 | disc_steps 0 | grad(main/disc) 17.539/0.000 | lr(main/disc) 7.00e-05/3.50e-05 | cuda_peak(alloc/resv) 18.96/24.42GB | phase(train/val/raw/train_eval) 3.5/0.5/0.5/0.8s | 5.3s
2026-08-26 18:43:55 | New best val_f1_macro_present: 0.0000 at epoch 1
2026-08-26 18:43:58 | Epoch 002/060 | loss 5.4265 | cls 5.5216 | tal -0.3169 | dual_g 0.0000 | dual_d 0.0000 | train_acc 0.0667 | train_full n/a | val_acc 0.0000 | val_f1 0.0000 | adv/moduleC 0.00/0.00 | disc_steps 0 | grad(main/disc) 15.776/0.000 | lr(main/disc) 7.00e-05/3.50e-05 | cuda_peak(alloc/resv) 18.96/24.42GB | phase(train/val/raw/train_eval) 2.8/0.5/0.0/0.0s | 3.3s
2026-08-26 18:44:02 | Epoch 003/060 | loss 4.7663 | cls 4.8108 | tal -0.1485 | dual_g 0.0000 | dual_d 0.0000 | train_acc 0.1708 | train_full n/a | val_acc 0.1892 | val_f1 0.1156 | adv/moduleC 0.00/0.00 | disc_steps 0 | grad(main/disc) 14.016/0.000 | lr(main/disc) 7.00e-05/3.50e-05 | cuda_peak(alloc/resv) 18.96/24.42GB | phase(train/val/raw/train_eval) 2.8/0.6/0.5/0.0s | 3.8s
2026-08-26 18:44:06 | New best val_f1_macro_present: 0.1156 at epoch 3
2026-08-26 18:44:10 | Epoch 004/060 | loss 4.4354 | cls 4.4774 | tal -0.1399 | dual_g 0.0000 | dual_d 0.0000 | train_acc 0.2125 | train_full n/a | val_acc 0.2162 | val_f1 0.1397 | adv/moduleC 0.00/0.00 | disc_steps 0 | grad(main/disc) 12.714/0.000 | lr(main/disc) 7.00e-05/3.50e-05 | cuda_peak(alloc/resv) 18.96/24.42GB | phase(train/val/raw/train_eval) 3.1/0.5/0.5/0.0s | 4.1s
2026-08-26 18:44:14 | New best val_f1_macro_present: 0.1397 at epoch 4
2026-08-26 18:44:19 | Epoch 005/060 | loss 4.3860 | cls 4.1677 | tal -0.2010 | dual_g 0.2786 | dual_d 0.0000 | train_acc 0.2333 | train_full 0.3106 | val_acc 0.3243 | val_f1 0.2204 | adv/moduleC 0.00/0.10 | disc_steps 0 | grad(main/disc) 12.214/0.000 | lr(main/disc) 7.00e-05/3.50e-05 | cuda_peak(alloc/resv) 18.96/24.42GB | phase(train/val/raw/train_eval) 3.0/0.6/0.5/0.7s | 4.8s
2026-08-26 18:44:23 | New best val_f1_macro_present: 0.2204 at epoch 5
2026-08-26 18:44:27 | Epoch 006/060 | loss 4.2617 | cls 3.7706 | tal -0.1771 | dual_g 0.5442 | dual_d 0.7950 | train_acc 0.3750 | train_full n/a | val_acc 0.3514 | val_f1 0.2893 | adv/moduleC 0.05/0.20 | disc_steps 1 | grad(main/disc) 11.268/1.551 | lr(main/disc) 7.00e-05/3.50e-05 | cuda_peak(alloc/resv) 18.96/24.42GB | phase(train/val/raw/train_eval) 2.7/0.5/0.5/0.0s | 3.7s
2026-08-26 18:44:31 | New best val_f1_macro_present: 0.2893 at epoch 6
2026-08-26 18:44:35 | Epoch 007/060 | loss 4.4407 | cls 3.7369 | tal -0.1779 | dual_g 0.7571 | dual_d 0.8207 | train_acc 0.3458 | train_full n/a | val_acc 0.4865 | val_f1 0.4473 | adv/moduleC 0.10/0.30 | disc_steps 1 | grad(main/disc) 11.374/1.668 | lr(main/disc) 7.00e-05/3.50e-05 | cuda_peak(alloc/resv) 18.96/24.42GB | phase(train/val/raw/train_eval) 2.6/0.5/0.6/0.0s | 3.6s
2026-08-26 18:44:39 | New best val_f1_macro_present: 0.4473 at epoch 7
2026-08-26 18:44:43 | Epoch 008/060 | loss 4.5594 | cls 3.6130 | tal -0.1829 | dual_g 1.0013 | dual_d 0.7966 | train_acc 0.3792 | train_full n/a | val_acc 0.5946 | val_f1 0.5615 | adv/moduleC 0.15/0.40 | disc_steps 1 | grad(main/disc) 11.709/1.643 | lr(main/disc) 7.00e-05/3.50e-05 | cuda_peak(alloc/resv) 18.96/24.42GB | phase(train/val/raw/train_eval) 3.2/0.6/0.5/0.0s | 4.3s
2026-08-26 18:44:47 | New best val_f1_macro_present: 0.5615 at epoch 8
2026-08-26 18:44:51 | Epoch 009/060 | loss 4.5111 | cls 3.3691 | tal -0.1532 | dual_g 1.1880 | dual_d 0.8491 | train_acc 0.4083 | train_full n/a | val_acc 0.6757 | val_f1 0.6193 | adv/moduleC 0.20/0.50 | disc_steps 1 | grad(main/disc) 11.467/1.697 | lr(main/disc) 7.00e-05/3.50e-05 | cuda_peak(alloc/resv) 18.96/24.42GB | phase(train/val/raw/train_eval) 3.2/0.6/0.6/0.0s | 4.3s
2026-08-26 18:44:55 | New best val_f1_macro_present: 0.6193 at epoch 9
2026-08-26 18:45:00 | Epoch 010/060 | loss 4.5091 | cls 3.2540 | tal -0.1710 | dual_g 1.3064 | dual_d 0.7663 | train_acc 0.4750 | train_full 0.8409 | val_acc 0.7297 | val_f1 0.6783 | adv/moduleC 0.25/0.60 | disc_steps 1 | grad(main/disc) 11.018/1.527 | lr(main/disc) 7.00e-05/3.50e-05 | cuda_peak(alloc/resv) 18.96/24.42GB | phase(train/val/raw/train_eval) 3.0/0.5/0.5/0.8s | 4.9s
2026-08-26 18:45:04 | New best val_f1_macro_present: 0.6783 at epoch 10
2026-08-26 18:45:08 | Epoch 011/060 | loss 4.4549 | cls 3.0203 | tal -0.2234 | dual_g 1.5016 | dual_d 0.8312 | train_acc 0.5417 | train_full n/a | val_acc 0.7297 | val_f1 0.7767 | adv/moduleC 0.30/0.70 | disc_steps 1 | grad(main/disc) 11.293/1.632 | lr(main/disc) 7.00e-05/3.50e-05 | cuda_peak(alloc/resv) 18.96/24.42GB | phase(train/val/raw/train_eval) 2.9/0.5/0.6/0.0s | 4.0s
2026-08-26 18:45:12 | New best val_f1_macro_present: 0.7767 at epoch 11
2026-08-26 18:45:16 | Epoch 012/060 | loss 4.4744 | cls 2.8665 | tal -0.1588 | dual_g 1.6555 | dual_d 0.8046 | train_acc 0.5542 | train_full n/a | val_acc 0.8378 | val_f1 0.8659 | adv/moduleC 0.35/0.80 | disc_steps 1 | grad(main/disc) 11.008/1.595 | lr(main/disc) 7.00e-05/3.50e-05 | cuda_peak(alloc/resv) 18.96/24.42GB | phase(train/val/raw/train_eval) 2.8/0.5/0.5/0.0s | 3.8s
2026-08-26 18:45:20 | New best val_f1_macro_present: 0.8659 at epoch 12
2026-08-26 18:45:24 | Epoch 013/060 | loss 4.3141 | cls 2.6432 | tal -0.2008 | dual_g 1.7312 | dual_d 0.7531 | train_acc 0.6250 | train_full n/a | val_acc 0.8108 | val_f1 0.8427 | adv/moduleC 0.40/0.90 | disc_steps 1 | grad(main/disc) 11.034/1.490 | lr(main/disc) 7.00e-05/3.50e-05 | cuda_peak(alloc/resv) 18.96/24.42GB | phase(train/val/raw/train_eval) 3.0/0.5/0.0/0.0s | 3.5s
2026-08-26 18:45:27 | Epoch 014/060 | loss 4.4072 | cls 2.5681 | tal -0.1474 | dual_g 1.8834 | dual_d 0.8604 | train_acc 0.6083 | train_full n/a | val_acc 0.8378 | val_f1 0.8629 | adv/moduleC 0.45/1.00 | disc_steps 1 | grad(main/disc) 11.983/1.612 | lr(main/disc) 7.00e-05/3.50e-05 | cuda_peak(alloc/resv) 18.96/24.42GB | phase(train/val/raw/train_eval) 3.2/0.5/0.0/0.0s | 3.8s
2026-08-26 18:45:32 | Epoch 015/060 | loss 4.4326 | cls 2.6153 | tal -0.1494 | dual_g 1.8622 | dual_d 0.8641 | train_acc 0.6500 | train_full 0.9318 | val_acc 0.8919 | val_f1 0.9047 | adv/moduleC 0.50/1.00 | disc_steps 1 | grad(main/disc) 11.514/1.540 | lr(main/disc) 7.00e-05/3.50e-05 | cuda_peak(alloc/resv) 18.96/24.42GB | phase(train/val/raw/train_eval) 2.9/0.5/0.6/0.8s | 4.7s
2026-08-26 18:45:36 | New best val_f1_macro_present: 0.9047 at epoch 15
2026-08-26 18:45:41 | Epoch 016/060 | loss 4.1647 | cls 2.4146 | tal -0.1714 | dual_g 1.8015 | dual_d 0.8008 | train_acc 0.6667 | train_full n/a | val_acc 0.9459 | val_f1 0.9558 | adv/moduleC 0.55/1.00 | disc_steps 1 | grad(main/disc) 12.057/1.451 | lr(main/disc) 7.00e-05/3.50e-05 | cuda_peak(alloc/resv) 18.96/24.42GB | phase(train/val/raw/train_eval) 3.4/0.5/0.5/0.0s | 4.4s
2026-08-26 18:45:45 | New best val_f1_macro_present: 0.9558 at epoch 16
2026-08-26 18:45:48 | Epoch 017/060 | loss 3.9563 | cls 2.2936 | tal -0.1514 | dual_g 1.7081 | dual_d 0.8722 | train_acc 0.7375 | train_full n/a | val_acc 0.9459 | val_f1 0.9485 | adv/moduleC 0.60/1.00 | disc_steps 1 | grad(main/disc) 11.457/1.462 | lr(main/disc) 7.00e-05/3.50e-05 | cuda_peak(alloc/resv) 18.96/24.42GB | phase(train/val/raw/train_eval) 2.9/0.5/0.0/0.0s | 3.4s
2026-08-26 18:45:52 | Epoch 018/060 | loss 3.9334 | cls 2.3042 | tal -0.1549 | dual_g 1.6757 | dual_d 0.8101 | train_acc 0.6542 | train_full n/a | val_acc 0.9459 | val_f1 0.9458 | adv/moduleC 0.65/1.00 | disc_steps 1 | grad(main/disc) 11.725/1.448 | lr(main/disc) 7.00e-05/3.50e-05 | cuda_peak(alloc/resv) 18.96/24.42GB | phase(train/val/raw/train_eval) 3.2/0.5/0.0/0.0s | 3.8s
2026-08-26 18:45:55 | Epoch 019/060 | loss 3.7409 | cls 2.1897 | tal -0.1567 | dual_g 1.5982 | dual_d 0.8015 | train_acc 0.7500 | train_full n/a | val_acc 0.9459 | val_f1 0.9533 | adv/moduleC 0.70/1.00 | disc_steps 1 | grad(main/disc) 11.679/1.404 | lr(main/disc) 7.00e-05/3.50e-05 | cuda_peak(alloc/resv) 18.96/24.42GB | phase(train/val/raw/train_eval) 2.9/0.5/0.0/0.0s | 3.4s
2026-08-26 18:46:00 | Epoch 020/060 | loss 3.4692 | cls 1.9776 | tal -0.1298 | dual_g 1.5305 | dual_d 0.8622 | train_acc 0.8542 | train_full 0.9848 | val_acc 0.9459 | val_f1 0.9578 | adv/moduleC 0.75/1.00 | disc_steps 1 | grad(main/disc) 9.480/1.529 | lr(main/disc) 7.00e-05/3.50e-05 | cuda_peak(alloc/resv) 18.96/24.42GB | phase(train/val/raw/train_eval) 3.2/0.5/0.5/0.8s | 5.0s
2026-08-26 18:46:04 | New best val_f1_macro_present: 0.9578 at epoch 20
2026-08-26 18:46:08 | Epoch 021/060 | loss 3.5221 | cls 1.9931 | tal -0.0799 | dual_g 1.5529 | dual_d 0.8291 | train_acc 0.7583 | train_full n/a | val_acc 0.9459 | val_f1 0.9578 | adv/moduleC 0.80/1.00 | disc_steps 1 | grad(main/disc) 12.231/1.431 | lr(main/disc) 7.00e-05/3.50e-05 | cuda_peak(alloc/resv) 18.96/24.42GB | phase(train/val/raw/train_eval) 2.9/0.5/0.0/0.0s | 3.5s
2026-08-26 18:46:11 | Epoch 022/060 | loss 3.5302 | cls 2.0219 | tal -0.1093 | dual_g 1.5410 | dual_d 0.7828 | train_acc 0.8250 | train_full n/a | val_acc 0.9459 | val_f1 0.9578 | adv/moduleC 0.85/1.00 | disc_steps 1 | grad(main/disc) 11.651/1.380 | lr(main/disc) 7.00e-05/3.50e-05 | cuda_peak(alloc/resv) 18.96/24.42GB | phase(train/val/raw/train_eval) 3.0/0.5/0.0/0.0s | 3.5s
2026-08-26 18:46:15 | Epoch 023/060 | loss 3.3577 | cls 1.9140 | tal -0.1116 | dual_g 1.4772 | dual_d 0.8648 | train_acc 0.8417 | train_full n/a | val_acc 0.9459 | val_f1 0.9578 | adv/moduleC 0.90/1.00 | disc_steps 1 | grad(main/disc) 11.334/1.427 | lr(main/disc) 7.00e-05/3.50e-05 | cuda_peak(alloc/resv) 18.96/24.42GB | phase(train/val/raw/train_eval) 3.2/0.5/0.0/0.0s | 3.7s
2026-08-26 18:46:19 | Epoch 024/060 | loss 3.2732 | cls 1.8746 | tal -0.0769 | dual_g 1.4216 | dual_d 0.8918 | train_acc 0.8375 | train_full n/a | val_acc 0.9189 | val_f1 0.9358 | adv/moduleC 0.95/1.00 | disc_steps 1 | grad(main/disc) 10.951/1.441 | lr(main/disc) 7.00e-05/3.50e-05 | cuda_peak(alloc/resv) 18.96/24.42GB | phase(train/val/raw/train_eval) 3.0/0.5/0.0/0.0s | 3.5s
2026-08-26 18:46:24 | Epoch 025/060 | loss 3.2417 | cls 1.8326 | tal -0.0778 | dual_g 1.4324 | dual_d 0.8706 | train_acc 0.8500 | train_full 0.9394 | val_acc 0.9459 | val_f1 0.9578 | adv/moduleC 1.00/1.00 | disc_steps 1 | grad(main/disc) 9.909/1.437 | lr(main/disc) 7.00e-05/3.50e-05 | cuda_peak(alloc/resv) 18.96/24.42GB | phase(train/val/raw/train_eval) 3.3/0.6/0.5/0.8s | 5.1s
2026-08-26 18:46:27 | Epoch 026/060 | loss 3.2338 | cls 1.8237 | tal -0.0612 | dual_g 1.4285 | dual_d 0.8290 | train_acc 0.8833 | train_full n/a | val_acc 0.9459 | val_f1 0.9578 | adv/moduleC 1.00/1.00 | disc_steps 1 | grad(main/disc) 11.089/1.380 | lr(main/disc) 7.00e-05/3.50e-05 | cuda_peak(alloc/resv) 18.96/24.42GB | phase(train/val/raw/train_eval) 3.1/0.6/0.0/0.0s | 3.7s
2026-08-26 18:46:31 | Epoch 027/060 | loss 3.1174 | cls 1.7616 | tal -0.0008 | dual_g 1.3560 | dual_d 0.8698 | train_acc 0.8667 | train_full n/a | val_acc 0.9730 | val_f1 0.9776 | adv/moduleC 1.00/1.00 | disc_steps 1 | grad(main/disc) 11.068/1.390 | lr(main/disc) 7.00e-05/3.50e-05 | cuda_peak(alloc/resv) 18.96/24.42GB | phase(train/val/raw/train_eval) 2.9/0.6/0.5/0.0s | 4.1s
2026-08-26 18:46:36 | New best val_f1_macro_present: 0.9776 at epoch 27
2026-08-26 18:46:39 | Epoch 028/060 | loss 3.1766 | cls 1.8022 | tal -0.0015 | dual_g 1.3748 | dual_d 0.8488 | train_acc 0.8667 | train_full n/a | val_acc 0.9730 | val_f1 0.9776 | adv/moduleC 1.00/1.00 | disc_steps 1 | grad(main/disc) 9.968/1.349 | lr(main/disc) 7.00e-05/3.50e-05 | cuda_peak(alloc/resv) 18.96/24.42GB | phase(train/val/raw/train_eval) 3.0/0.5/0.0/0.0s | 3.6s
2026-08-26 18:46:43 | Epoch 029/060 | loss 2.9780 | cls 1.6612 | tal 0.0494 | dual_g 1.3020 | dual_d 0.8527 | train_acc 0.8958 | train_full n/a | val_acc 0.9730 | val_f1 0.9776 | adv/moduleC 1.00/1.00 | disc_steps 1 | grad(main/disc) 9.689/1.372 | lr(main/disc) 7.00e-05/3.50e-05 | cuda_peak(alloc/resv) 18.96/24.42GB | phase(train/val/raw/train_eval) 3.0/0.5/0.0/0.0s | 3.6s
2026-08-26 18:46:47 | Epoch 030/060 | loss 2.8969 | cls 1.6018 | tal 0.1045 | dual_g 1.2638 | dual_d 0.7580 | train_acc 0.9000 | train_full 0.9773 | val_acc 0.9459 | val_f1 0.9578 | adv/moduleC 1.00/1.00 | disc_steps 1 | grad(main/disc) 10.667/1.277 | lr(main/disc) 7.00e-05/3.50e-05 | cuda_peak(alloc/resv) 18.96/24.42GB | phase(train/val/raw/train_eval) 3.0/0.5/0.5/0.8s | 4.8s
2026-08-26 18:46:51 | Epoch 031/060 | loss 2.8834 | cls 1.6369 | tal -0.0009 | dual_g 1.2468 | dual_d 0.8976 | train_acc 0.9083 | train_full n/a | val_acc 0.9730 | val_f1 0.9776 | adv/moduleC 1.00/1.00 | disc_steps 1 | grad(main/disc) 9.592/1.427 | lr(main/disc) 7.00e-05/3.50e-05 | cuda_peak(alloc/resv) 18.96/24.42GB | phase(train/val/raw/train_eval) 3.0/0.5/0.0/0.0s | 3.6s
2026-08-26 18:46:55 | Epoch 032/060 | loss 2.8072 | cls 1.5868 | tal 0.0237 | dual_g 1.2133 | dual_d 0.8615 | train_acc 0.9042 | train_full n/a | val_acc 0.9459 | val_f1 0.9578 | adv/moduleC 1.00/1.00 | disc_steps 1 | grad(main/disc) 10.170/1.332 | lr(main/disc) 7.00e-05/3.50e-05 | cuda_peak(alloc/resv) 18.96/24.42GB | phase(train/val/raw/train_eval) 3.4/0.5/0.0/0.0s | 3.9s
2026-08-26 18:46:59 | Epoch 033/060 | loss 2.7689 | cls 1.5354 | tal 0.0645 | dual_g 1.2141 | dual_d 0.8450 | train_acc 0.9083 | train_full n/a | val_acc 0.9730 | val_f1 0.9802 | adv/moduleC 1.00/1.00 | disc_steps 1 | grad(main/disc) 8.310/1.291 | lr(main/disc) 7.00e-05/3.50e-05 | cuda_peak(alloc/resv) 18.96/24.42GB | phase(train/val/raw/train_eval) 3.1/0.5/0.6/0.0s | 4.2s
2026-08-26 18:47:03 | New best val_f1_macro_present: 0.9802 at epoch 33
2026-08-26 18:47:07 | Epoch 034/060 | loss 2.7200 | cls 1.5402 | tal -0.0864 | dual_g 1.2057 | dual_d 0.9203 | train_acc 0.9333 | train_full n/a | val_acc 0.9459 | val_f1 0.9578 | adv/moduleC 1.00/1.00 | disc_steps 1 | grad(main/disc) 9.684/1.395 | lr(main/disc) 7.00e-05/3.50e-05 | cuda_peak(alloc/resv) 18.96/24.42GB | phase(train/val/raw/train_eval) 3.3/0.6/0.0/0.0s | 3.9s
2026-08-26 18:47:12 | Epoch 035/060 | loss 2.6931 | cls 1.5245 | tal 0.0003 | dual_g 1.1685 | dual_d 0.9004 | train_acc 0.9333 | train_full 0.9773 | val_acc 1.0000 | val_f1 1.0000 | adv/moduleC 1.00/1.00 | disc_steps 1 | grad(main/disc) 7.667/1.328 | lr(main/disc) 7.00e-05/3.50e-05 | cuda_peak(alloc/resv) 18.96/24.42GB | phase(train/val/raw/train_eval) 2.9/0.6/0.6/0.8s | 4.8s
2026-08-26 18:47:16 | New best val_f1_macro_present: 1.0000 at epoch 35
2026-08-26 18:47:19 | Epoch 036/060 | loss 2.7460 | cls 1.5450 | tal -0.0014 | dual_g 1.2014 | dual_d 0.9077 | train_acc 0.9208 | train_full n/a | val_acc 1.0000 | val_f1 1.0000 | adv/moduleC 1.00/1.00 | disc_steps 1 | grad(main/disc) 9.431/1.392 | lr(main/disc) 7.00e-05/3.50e-05 | cuda_peak(alloc/resv) 18.96/24.42GB | phase(train/val/raw/train_eval) 2.9/0.6/0.0/0.0s | 3.5s
2026-08-26 18:47:23 | Epoch 037/060 | loss 2.6399 | cls 1.5028 | tal -0.1359 | dual_g 1.1778 | dual_d 0.9056 | train_acc 0.9333 | train_full n/a | val_acc 0.9730 | val_f1 0.9776 | adv/moduleC 1.00/1.00 | disc_steps 1 | grad(main/disc) 10.892/1.390 | lr(main/disc) 7.00e-05/3.50e-05 | cuda_peak(alloc/resv) 18.96/24.42GB | phase(train/val/raw/train_eval) 2.6/0.5/0.0/0.0s | 3.2s
2026-08-26 18:47:26 | Epoch 038/060 | loss 2.5292 | cls 1.4125 | tal -0.0817 | dual_g 1.1412 | dual_d 0.8983 | train_acc 0.9708 | train_full n/a | val_acc 0.9459 | val_f1 0.9578 | adv/moduleC 1.00/1.00 | disc_steps 1 | grad(main/disc) 8.265/1.383 | lr(main/disc) 7.00e-05/3.50e-05 | cuda_peak(alloc/resv) 18.96/24.42GB | phase(train/val/raw/train_eval) 3.2/0.6/0.0/0.0s | 3.7s
2026-08-26 18:47:30 | Epoch 039/060 | loss 2.6179 | cls 1.4808 | tal -0.0264 | dual_g 1.1450 | dual_d 0.9236 | train_acc 0.9458 | train_full n/a | val_acc 0.9730 | val_f1 0.9802 | adv/moduleC 1.00/1.00 | disc_steps 1 | grad(main/disc) 8.953/1.383 | lr(main/disc) 7.00e-05/3.50e-05 | cuda_peak(alloc/resv) 18.96/24.42GB | phase(train/val/raw/train_eval) 3.1/0.5/0.0/0.0s | 3.6s
2026-08-26 18:47:35 | Epoch 040/060 | loss 2.4713 | cls 1.3936 | tal -0.0323 | dual_g 1.0874 | dual_d 0.8629 | train_acc 0.9583 | train_full 1.0000 | val_acc 0.9730 | val_f1 0.9802 | adv/moduleC 1.00/1.00 | disc_steps 1 | grad(main/disc) 7.389/1.296 | lr(main/disc) 7.00e-05/3.50e-05 | cuda_peak(alloc/resv) 18.96/24.42GB | phase(train/val/raw/train_eval) 3.1/0.5/0.5/0.8s | 5.0s
2026-08-26 18:47:38 | Epoch 041/060 | loss 2.5237 | cls 1.4574 | tal -0.0593 | dual_g 1.0841 | dual_d 0.8851 | train_acc 0.9625 | train_full n/a | val_acc 1.0000 | val_f1 1.0000 | adv/moduleC 1.00/1.00 | disc_steps 1 | grad(main/disc) 7.866/1.344 | lr(main/disc) 7.00e-05/3.50e-05 | cuda_peak(alloc/resv) 18.96/24.42GB | phase(train/val/raw/train_eval) 2.6/0.5/0.0/0.0s | 3.1s
2026-08-26 18:47:42 | Epoch 042/060 | loss 2.4056 | cls 1.3588 | tal -0.1489 | dual_g 1.0915 | dual_d 0.9021 | train_acc 0.9667 | train_full n/a | val_acc 1.0000 | val_f1 1.0000 | adv/moduleC 1.00/1.00 | disc_steps 1 | grad(main/disc) 7.830/1.339 | lr(main/disc) 3.50e-05/1.75e-05 | cuda_peak(alloc/resv) 18.96/24.42GB | phase(train/val/raw/train_eval) 3.1/0.6/0.0/0.0s | 3.7s
2026-08-26 18:47:45 | Epoch 043/060 | loss 2.4088 | cls 1.3679 | tal -0.1398 | dual_g 1.0828 | dual_d 0.9549 | train_acc 0.9708 | train_full n/a | val_acc 1.0000 | val_f1 1.0000 | adv/moduleC 1.00/1.00 | disc_steps 1 | grad(main/disc) 8.279/1.363 | lr(main/disc) 3.50e-05/1.75e-05 | cuda_peak(alloc/resv) 18.96/24.42GB | phase(train/val/raw/train_eval) 3.1/0.6/0.0/0.0s | 3.6s
2026-08-26 18:47:49 | Epoch 044/060 | loss 2.4218 | cls 1.3976 | tal -0.1871 | dual_g 1.0804 | dual_d 0.8815 | train_acc 0.9708 | train_full n/a | val_acc 1.0000 | val_f1 1.0000 | adv/moduleC 1.00/1.00 | disc_steps 1 | grad(main/disc) 8.954/1.316 | lr(main/disc) 3.50e-05/1.75e-05 | cuda_peak(alloc/resv) 18.96/24.42GB | phase(train/val/raw/train_eval) 2.7/0.7/0.0/0.0s | 3.4s
2026-08-26 18:47:53 | Epoch 045/060 | loss 2.3452 | cls 1.3522 | tal -0.2582 | dual_g 1.0705 | dual_d 0.9214 | train_acc 0.9625 | train_full 1.0000 | val_acc 1.0000 | val_f1 1.0000 | adv/moduleC 1.00/1.00 | disc_steps 1 | grad(main/disc) 6.503/1.321 | lr(main/disc) 3.50e-05/1.75e-05 | cuda_peak(alloc/resv) 18.96/24.42GB | phase(train/val/raw/train_eval) 2.8/0.5/0.5/0.8s | 4.7s
2026-08-26 18:47:57 | Epoch 046/060 | loss 2.3764 | cls 1.3861 | tal -0.1697 | dual_g 1.0412 | dual_d 0.9906 | train_acc 0.9667 | train_full n/a | val_acc 1.0000 | val_f1 1.0000 | adv/moduleC 1.00/1.00 | disc_steps 1 | grad(main/disc) 8.334/1.408 | lr(main/disc) 3.50e-05/1.75e-05 | cuda_peak(alloc/resv) 18.96/24.42GB | phase(train/val/raw/train_eval) 2.9/0.5/0.0/0.0s | 3.4s
2026-08-26 18:48:00 | Epoch 047/060 | loss 2.3561 | cls 1.3660 | tal -0.2112 | dual_g 1.0534 | dual_d 0.9837 | train_acc 0.9708 | train_full n/a | val_acc 1.0000 | val_f1 1.0000 | adv/moduleC 1.00/1.00 | disc_steps 1 | grad(main/disc) 9.221/1.371 | lr(main/disc) 3.50e-05/1.75e-05 | cuda_peak(alloc/resv) 18.96/24.42GB | phase(train/val/raw/train_eval) 3.0/0.5/0.0/0.0s | 3.5s
2026-08-26 18:48:04 | Epoch 048/060 | loss 2.3978 | cls 1.3734 | tal -0.1349 | dual_g 1.0648 | dual_d 0.9469 | train_acc 0.9792 | train_full n/a | val_acc 0.9730 | val_f1 0.9776 | adv/moduleC 1.00/1.00 | disc_steps 1 | grad(main/disc) 7.285/1.312 | lr(main/disc) 3.50e-05/1.75e-05 | cuda_peak(alloc/resv) 18.96/24.42GB | phase(train/val/raw/train_eval) 2.7/0.6/0.0/0.0s | 3.3s
2026-08-26 18:48:07 | Epoch 049/060 | loss 2.3561 | cls 1.3544 | tal -0.1364 | dual_g 1.0426 | dual_d 0.9624 | train_acc 0.9792 | train_full n/a | val_acc 1.0000 | val_f1 1.0000 | adv/moduleC 1.00/1.00 | disc_steps 1 | grad(main/disc) 8.415/1.356 | lr(main/disc) 1.75e-05/8.75e-06 | cuda_peak(alloc/resv) 18.96/24.42GB | phase(train/val/raw/train_eval) 3.0/0.6/0.0/0.0s | 3.5s
2026-08-26 18:48:12 | Epoch 050/060 | loss 2.3545 | cls 1.3469 | tal -0.1608 | dual_g 1.0559 | dual_d 0.9345 | train_acc 0.9708 | train_full 1.0000 | val_acc 1.0000 | val_f1 1.0000 | adv/moduleC 1.00/1.00 | disc_steps 1 | grad(main/disc) 7.569/1.352 | lr(main/disc) 1.75e-05/8.75e-06 | cuda_peak(alloc/resv) 18.96/24.42GB | phase(train/val/raw/train_eval) 2.9/0.6/0.5/0.8s | 4.8s
2026-08-26 18:48:12 | Early stopping at epoch 50 after 15 epochs without val_f1_macro_present improvement.
2026-08-26 18:48:12 | Training complete. Best validation accuracy: 1.0000 | best val_f1_macro_present: 1.0000
