2026-08-29 18:33:05 | Starting Dual_D standalone training
2026-08-29 18:33:05 | Run directory: runs/module_c_ablation_60_v7/module_c_20260829_145907/module_c_no_classification_feedback_黑天_20260829_182253
2026-08-29 18:33:05 | Device: cuda
2026-08-29 18:33:05 | Source train samples: 992
2026-08-29 18:33:05 | Target train samples: 465
2026-08-29 18:33:05 | Target val samples: 120
2026-08-29 18:33:05 | Classes: 14
2026-08-29 18:33:05 | Data audit: same_dir=False | path_overlap(vis/ir/ais)=0/0/0 | content_overlap(vis/ir/ais)=0/0/0 | ais_index_overlap=0 | stem_mismatch(vis-ir/vis-ais)=578/0
2026-08-29 18:33:05 | source_train classes: present 14/14 | absent 0 | counts [0:120, 1:44, 2:69, 3:45, 4:40, 5:30, 6:64, 7:80, 8:116, 9:68, 10:57, 11:83, 12:48, 13:128]
2026-08-29 18:33:05 | target_train classes: present 8/14 | absent 6 | counts [0:100, 2:11, 3:16, 6:89, 9:162, 10:12, 11:44, 13:31]
2026-08-29 18:33:05 | target_val classes: present 8/14 | absent 6 | counts [0:26, 2:3, 3:5, 6:23, 9:41, 10:3, 11:11, 13:8]
2026-08-29 18:33:05 | Paired training classes: 8/14 | class ids [0, 2, 3, 6, 9, 10, 11, 13]
2026-08-29 18:33:05 | Runtime profile: batch=92 | paired_steps=6 | workers=16 | train_eval_every=5 | raw_eval_every=5 | stability_window=1 | lr_scheduler_start=24 | early_stop=15 after min_epoch=48
2026-08-29 18:33:05 | VIS/IR pairing: class-level-unpaired | count-mismatch classes train/val: 10/0 | AIS alignment: none | AIS rows train/val: 0/0
2026-08-29 18:33:08 | Effective Dual-D loss weights: {"adv_auxiliary": 0.03, "adv_primary": 0.03, "classification": 0.0, "contrastive": 0.05, "cycle": 0.22, "identity": 0.035, "prototype_contrastive": 0.025}
2026-08-29 18:33:08 | Model parameters: total=17277714 | trainable=17120210
2026-08-29 18:33:15 | Epoch 001/060 | loss 5.8256 | cls 5.7375 | tal 0.2936 | dual_g 0.0000 | dual_d 0.0000 | train_acc 0.0942 | train_full 0.2000 | val_acc 0.2250 | val_f1 0.0968 | adv/moduleC 0.00/0.00 | disc_steps 0 | grad(main/disc) 15.719/0.000 | lr(main/disc) 7.50e-05/3.00e-05 | cuda_peak(alloc/resv) 21.77/28.18GB | phase(train/val/raw/train_eval) 4.4/0.7/0.8/1.0s | 7.0s
2026-08-29 18:33:18 | New best val_f1_macro_present: raw=0.0968 stable_score=0.0968 at epoch 1
2026-08-29 18:33:22 | Epoch 002/060 | loss 4.4103 | cls 4.3902 | tal 0.0668 | dual_g 0.0000 | dual_d 0.0000 | train_acc 0.2192 | train_full n/a | val_acc 0.1333 | val_f1 0.0681 | adv/moduleC 0.00/0.00 | disc_steps 0 | grad(main/disc) 11.734/0.000 | lr(main/disc) 7.50e-05/3.00e-05 | cuda_peak(alloc/resv) 21.77/28.18GB | phase(train/val/raw/train_eval) 3.5/0.7/0.0/0.0s | 4.3s
2026-08-29 18:33:27 | Epoch 003/060 | loss 3.8048 | cls 3.8105 | tal -0.0190 | dual_g 0.0000 | dual_d 0.0000 | train_acc 0.3478 | train_full n/a | val_acc 0.0917 | val_f1 0.0599 | adv/moduleC 0.00/0.00 | disc_steps 0 | grad(main/disc) 10.120/0.000 | lr(main/disc) 7.50e-05/3.00e-05 | cuda_peak(alloc/resv) 21.77/28.18GB | phase(train/val/raw/train_eval) 3.8/0.8/0.0/0.0s | 4.6s
2026-08-29 18:33:33 | Epoch 004/060 | loss 3.4130 | cls 3.3986 | tal -0.0491 | dual_g 0.0292 | dual_d 0.0000 | train_acc 0.4547 | train_full n/a | val_acc 0.1667 | val_f1 0.1594 | adv/moduleC 0.00/0.12 | disc_steps 0 | grad(main/disc) 9.805/0.000 | lr(main/disc) 7.50e-05/3.00e-05 | cuda_peak(alloc/resv) 21.77/28.18GB | phase(train/val/raw/train_eval) 4.2/0.8/0.7/0.0s | 5.7s
2026-08-29 18:33:36 | New best val_f1_macro_present: raw=0.1594 stable_score=0.1594 at epoch 4
2026-08-29 18:33:42 | Epoch 005/060 | loss 2.9970 | cls 2.9762 | tal -0.1167 | dual_g 0.0558 | dual_d 0.0000 | train_acc 0.5453 | train_full 0.2559 | val_acc 0.2833 | val_f1 0.4046 | adv/moduleC 0.00/0.25 | disc_steps 0 | grad(main/disc) 8.736/0.000 | lr(main/disc) 7.50e-05/3.00e-05 | cuda_peak(alloc/resv) 21.77/28.18GB | phase(train/val/raw/train_eval) 3.6/0.8/0.8/1.1s | 6.3s
2026-08-29 18:33:46 | New best val_f1_macro_present: raw=0.4046 stable_score=0.4046 at epoch 5
2026-08-29 18:33:52 | Epoch 006/060 | loss 2.7923 | cls 2.7412 | tal -0.1032 | dual_g 0.0821 | dual_d 0.8798 | train_acc 0.5688 | train_full n/a | val_acc 0.3500 | val_f1 0.5063 | adv/moduleC 0.07/0.38 | disc_steps 3 | grad(main/disc) 8.512/1.572 | lr(main/disc) 7.50e-05/3.00e-05 | cuda_peak(alloc/resv) 21.77/28.18GB | phase(train/val/raw/train_eval) 4.4/0.8/0.8/0.0s | 6.0s
2026-08-29 18:33:55 | New best val_f1_macro_present: raw=0.5063 stable_score=0.5063 at epoch 6
2026-08-29 18:34:01 | Epoch 007/060 | loss 2.6016 | cls 2.5321 | tal -0.1259 | dual_g 0.1073 | dual_d 0.8887 | train_acc 0.6449 | train_full n/a | val_acc 0.4583 | val_f1 0.5808 | adv/moduleC 0.13/0.50 | disc_steps 3 | grad(main/disc) 8.606/1.584 | lr(main/disc) 7.50e-05/3.00e-05 | cuda_peak(alloc/resv) 21.77/28.18GB | phase(train/val/raw/train_eval) 4.4/0.8/0.8/0.0s | 6.0s
2026-08-29 18:34:05 | New best val_f1_macro_present: raw=0.5808 stable_score=0.5808 at epoch 7
2026-08-29 18:34:10 | Epoch 008/060 | loss 2.4972 | cls 2.3969 | tal -0.1004 | dual_g 0.1304 | dual_d 0.8999 | train_acc 0.6793 | train_full n/a | val_acc 0.6083 | val_f1 0.6696 | adv/moduleC 0.20/0.62 | disc_steps 3 | grad(main/disc) 9.424/1.572 | lr(main/disc) 7.50e-05/3.00e-05 | cuda_peak(alloc/resv) 21.77/28.18GB | phase(train/val/raw/train_eval) 3.9/0.8/0.8/0.0s | 5.5s
2026-08-29 18:34:13 | New best val_f1_macro_present: raw=0.6696 stable_score=0.6696 at epoch 8
2026-08-29 18:34:19 | Epoch 009/060 | loss 2.3078 | cls 2.1838 | tal -0.0883 | dual_g 0.1505 | dual_d 0.8996 | train_acc 0.7319 | train_full n/a | val_acc 0.6667 | val_f1 0.6855 | adv/moduleC 0.27/0.75 | disc_steps 3 | grad(main/disc) 8.820/1.530 | lr(main/disc) 7.50e-05/3.00e-05 | cuda_peak(alloc/resv) 21.77/28.18GB | phase(train/val/raw/train_eval) 3.6/0.8/0.8/0.0s | 5.2s
2026-08-29 18:34:22 | New best val_f1_macro_present: raw=0.6855 stable_score=0.6855 at epoch 9
2026-08-29 18:34:29 | Epoch 010/060 | loss 2.2303 | cls 2.0709 | tal -0.0432 | dual_g 0.1723 | dual_d 0.9236 | train_acc 0.7609 | train_full 0.6860 | val_acc 0.6833 | val_f1 0.7036 | adv/moduleC 0.33/0.88 | disc_steps 3 | grad(main/disc) 8.729/1.559 | lr(main/disc) 7.50e-05/3.00e-05 | cuda_peak(alloc/resv) 21.77/28.18GB | phase(train/val/raw/train_eval) 4.2/0.8/0.7/1.0s | 6.8s
2026-08-29 18:34:32 | New best val_f1_macro_present: raw=0.7036 stable_score=0.7036 at epoch 10
2026-08-29 18:34:38 | Epoch 011/060 | loss 2.1461 | cls 1.9602 | tal -0.0198 | dual_g 0.1918 | dual_d 0.9316 | train_acc 0.7880 | train_full n/a | val_acc 0.8083 | val_f1 0.7783 | adv/moduleC 0.40/1.00 | disc_steps 3 | grad(main/disc) 9.466/1.538 | lr(main/disc) 7.50e-05/3.00e-05 | cuda_peak(alloc/resv) 21.77/28.18GB | phase(train/val/raw/train_eval) 4.0/0.8/0.8/0.0s | 5.6s
2026-08-29 18:34:41 | New best val_f1_macro_present: raw=0.7783 stable_score=0.7783 at epoch 11
2026-08-29 18:34:47 | Epoch 012/060 | loss 2.0167 | cls 1.8572 | tal -0.0955 | dual_g 0.1882 | dual_d 0.8921 | train_acc 0.8261 | train_full n/a | val_acc 0.8083 | val_f1 0.7890 | adv/moduleC 0.47/1.00 | disc_steps 3 | grad(main/disc) 8.026/1.442 | lr(main/disc) 7.50e-05/3.00e-05 | cuda_peak(alloc/resv) 21.77/28.18GB | phase(train/val/raw/train_eval) 4.1/0.8/0.8/0.0s | 5.7s
2026-08-29 18:34:50 | New best val_f1_macro_present: raw=0.7890 stable_score=0.7890 at epoch 12
2026-08-29 18:34:55 | Epoch 013/060 | loss 1.8870 | cls 1.7178 | tal -0.0521 | dual_g 0.1848 | dual_d 0.8949 | train_acc 0.8605 | train_full n/a | val_acc 0.8667 | val_f1 0.8354 | adv/moduleC 0.53/1.00 | disc_steps 3 | grad(main/disc) 7.238/1.457 | lr(main/disc) 7.50e-05/3.00e-05 | cuda_peak(alloc/resv) 21.77/28.18GB | phase(train/val/raw/train_eval) 3.6/0.7/0.8/0.0s | 5.1s
2026-08-29 18:34:59 | New best val_f1_macro_present: raw=0.8354 stable_score=0.8354 at epoch 13
2026-08-29 18:35:03 | Epoch 014/060 | loss 1.8506 | cls 1.6904 | tal -0.0697 | dual_g 0.1811 | dual_d 0.8960 | train_acc 0.8678 | train_full n/a | val_acc 0.8333 | val_f1 0.7907 | adv/moduleC 0.60/1.00 | disc_steps 3 | grad(main/disc) 7.356/1.398 | lr(main/disc) 7.50e-05/3.00e-05 | cuda_peak(alloc/resv) 21.77/28.18GB | phase(train/val/raw/train_eval) 3.6/0.8/0.0/0.0s | 4.4s
2026-08-29 18:35:10 | Epoch 015/060 | loss 1.8373 | cls 1.6661 | tal -0.0243 | dual_g 0.1785 | dual_d 0.9332 | train_acc 0.8641 | train_full 0.8667 | val_acc 0.8583 | val_f1 0.8184 | adv/moduleC 0.67/1.00 | disc_steps 3 | grad(main/disc) 7.922/1.458 | lr(main/disc) 7.50e-05/3.00e-05 | cuda_peak(alloc/resv) 21.77/28.18GB | phase(train/val/raw/train_eval) 4.0/0.8/0.8/1.1s | 6.6s
2026-08-29 18:35:15 | Epoch 016/060 | loss 1.8019 | cls 1.6357 | tal -0.0375 | dual_g 0.1774 | dual_d 0.9682 | train_acc 0.8822 | train_full n/a | val_acc 0.8667 | val_f1 0.8454 | adv/moduleC 0.73/1.00 | disc_steps 3 | grad(main/disc) 6.837/1.482 | lr(main/disc) 7.50e-05/3.00e-05 | cuda_peak(alloc/resv) 21.77/28.18GB | phase(train/val/raw/train_eval) 3.9/0.7/0.8/0.0s | 5.4s
2026-08-29 18:35:19 | New best val_f1_macro_present: raw=0.8454 stable_score=0.8454 at epoch 16
2026-08-29 18:35:23 | Epoch 017/060 | loss 1.7510 | cls 1.5987 | tal -0.0803 | dual_g 0.1764 | dual_d 0.9651 | train_acc 0.8913 | train_full n/a | val_acc 0.8417 | val_f1 0.8046 | adv/moduleC 0.80/1.00 | disc_steps 3 | grad(main/disc) 7.373/1.457 | lr(main/disc) 7.50e-05/3.00e-05 | cuda_peak(alloc/resv) 21.77/28.18GB | phase(train/val/raw/train_eval) 4.0/0.8/0.0/0.0s | 4.8s
2026-08-29 18:35:29 | Epoch 018/060 | loss 1.6367 | cls 1.4852 | tal -0.0702 | dual_g 0.1725 | dual_d 0.9748 | train_acc 0.9239 | train_full n/a | val_acc 0.8833 | val_f1 0.8604 | adv/moduleC 0.87/1.00 | disc_steps 3 | grad(main/disc) 5.857/1.447 | lr(main/disc) 7.50e-05/3.00e-05 | cuda_peak(alloc/resv) 21.77/28.18GB | phase(train/val/raw/train_eval) 3.7/0.8/0.8/0.0s | 5.2s
2026-08-29 18:35:32 | New best val_f1_macro_present: raw=0.8604 stable_score=0.8604 at epoch 18
2026-08-29 18:35:37 | Epoch 019/060 | loss 1.6236 | cls 1.4705 | tal -0.0520 | dual_g 0.1687 | dual_d 1.0199 | train_acc 0.9221 | train_full n/a | val_acc 0.8917 | val_f1 0.8784 | adv/moduleC 0.93/1.00 | disc_steps 3 | grad(main/disc) 5.943/1.484 | lr(main/disc) 7.50e-05/3.00e-05 | cuda_peak(alloc/resv) 21.77/28.18GB | phase(train/val/raw/train_eval) 3.7/0.6/0.6/0.0s | 4.9s
2026-08-29 18:35:40 | New best val_f1_macro_present: raw=0.8784 stable_score=0.8784 at epoch 19
2026-08-29 18:35:45 | Epoch 020/060 | loss 1.5964 | cls 1.4326 | tal -0.0146 | dual_g 0.1681 | dual_d 1.0162 | train_acc 0.9384 | train_full 0.9097 | val_acc 0.8750 | val_f1 0.8615 | adv/moduleC 1.00/1.00 | disc_steps 3 | grad(main/disc) 5.562/1.464 | lr(main/disc) 7.50e-05/3.00e-05 | cuda_peak(alloc/resv) 21.77/28.18GB | phase(train/val/raw/train_eval) 3.4/0.6/0.6/0.9s | 5.5s
2026-08-29 18:35:49 | Epoch 021/060 | loss 1.5547 | cls 1.4176 | tal -0.0847 | dual_g 0.1625 | dual_d 1.0363 | train_acc 0.9583 | train_full n/a | val_acc 0.8750 | val_f1 0.8606 | adv/moduleC 1.00/1.00 | disc_steps 3 | grad(main/disc) 6.316/1.493 | lr(main/disc) 7.50e-05/3.00e-05 | cuda_peak(alloc/resv) 21.77/28.18GB | phase(train/val/raw/train_eval) 3.4/0.6/0.0/0.0s | 4.0s
2026-08-29 18:35:53 | Epoch 022/060 | loss 1.5086 | cls 1.3648 | tal -0.0485 | dual_g 0.1583 | dual_d 1.0294 | train_acc 0.9583 | train_full n/a | val_acc 0.9167 | val_f1 0.8693 | adv/moduleC 1.00/1.00 | disc_steps 3 | grad(main/disc) 4.766/1.497 | lr(main/disc) 7.50e-05/3.00e-05 | cuda_peak(alloc/resv) 21.77/28.18GB | phase(train/val/raw/train_eval) 3.5/0.6/0.0/0.0s | 4.1s
2026-08-29 18:35:58 | Epoch 023/060 | loss 1.5095 | cls 1.3680 | tal -0.0482 | dual_g 0.1560 | dual_d 1.1031 | train_acc 0.9547 | train_full n/a | val_acc 0.9000 | val_f1 0.8808 | adv/moduleC 1.00/1.00 | disc_steps 3 | grad(main/disc) 5.144/1.548 | lr(main/disc) 7.50e-05/3.00e-05 | cuda_peak(alloc/resv) 21.77/28.18GB | phase(train/val/raw/train_eval) 3.8/0.6/0.6/0.0s | 5.0s
2026-08-29 18:36:01 | New best val_f1_macro_present: raw=0.8808 stable_score=0.8808 at epoch 23
2026-08-29 18:36:05 | Epoch 024/060 | loss 1.4573 | cls 1.3320 | tal -0.0898 | dual_g 0.1522 | dual_d 1.1005 | train_acc 0.9547 | train_full n/a | val_acc 0.9083 | val_f1 0.8789 | adv/moduleC 1.00/1.00 | disc_steps 3 | grad(main/disc) 5.072/1.545 | lr(main/disc) 7.50e-05/3.00e-05 | cuda_peak(alloc/resv) 21.77/28.18GB | phase(train/val/raw/train_eval) 3.2/0.6/0.0/0.0s | 3.9s
2026-08-29 18:36:11 | Epoch 025/060 | loss 1.4497 | cls 1.3271 | tal -0.0935 | dual_g 0.1506 | dual_d 1.0824 | train_acc 0.9764 | train_full 0.9505 | val_acc 0.9083 | val_f1 0.8882 | adv/moduleC 1.00/1.00 | disc_steps 3 | grad(main/disc) 4.655/1.483 | lr(main/disc) 7.50e-05/3.00e-05 | cuda_peak(alloc/resv) 21.77/28.18GB | phase(train/val/raw/train_eval) 3.6/0.6/0.6/0.9s | 5.7s
2026-08-29 18:36:14 | New best val_f1_macro_present: raw=0.8882 stable_score=0.8882 at epoch 25
2026-08-29 18:36:19 | Epoch 026/060 | loss 1.4114 | cls 1.3023 | tal -0.1292 | dual_g 0.1479 | dual_d 1.0666 | train_acc 0.9674 | train_full n/a | val_acc 0.9333 | val_f1 0.9277 | adv/moduleC 1.00/1.00 | disc_steps 3 | grad(main/disc) 4.187/1.476 | lr(main/disc) 7.50e-05/3.00e-05 | cuda_peak(alloc/resv) 21.77/28.18GB | phase(train/val/raw/train_eval) 3.5/0.6/0.6/0.0s | 4.8s
2026-08-29 18:36:22 | New best val_f1_macro_present: raw=0.9277 stable_score=0.9277 at epoch 26
2026-08-29 18:36:26 | Epoch 027/060 | loss 1.3530 | cls 1.2626 | tal -0.1850 | dual_g 0.1460 | dual_d 1.1178 | train_acc 0.9783 | train_full n/a | val_acc 0.9167 | val_f1 0.8680 | adv/moduleC 1.00/1.00 | disc_steps 3 | grad(main/disc) 4.258/1.518 | lr(main/disc) 7.50e-05/3.00e-05 | cuda_peak(alloc/resv) 21.77/28.18GB | phase(train/val/raw/train_eval) 3.9/0.6/0.0/0.0s | 4.5s
2026-08-29 18:36:30 | Epoch 028/060 | loss 1.3690 | cls 1.2687 | tal -0.1399 | dual_g 0.1423 | dual_d 1.0651 | train_acc 0.9873 | train_full n/a | val_acc 0.9083 | val_f1 0.8859 | adv/moduleC 1.00/1.00 | disc_steps 3 | grad(main/disc) 3.652/1.470 | lr(main/disc) 7.50e-05/3.00e-05 | cuda_peak(alloc/resv) 21.77/28.18GB | phase(train/val/raw/train_eval) 3.4/0.6/0.0/0.0s | 4.0s
2026-08-29 18:36:34 | Epoch 029/060 | loss 1.3462 | cls 1.2467 | tal -0.1298 | dual_g 0.1385 | dual_d 1.0630 | train_acc 0.9855 | train_full n/a | val_acc 0.9083 | val_f1 0.8882 | adv/moduleC 1.00/1.00 | disc_steps 3 | grad(main/disc) 3.133/1.460 | lr(main/disc) 7.50e-05/3.00e-05 | cuda_peak(alloc/resv) 21.77/28.18GB | phase(train/val/raw/train_eval) 3.4/0.6/0.0/0.0s | 4.0s
2026-08-29 18:36:40 | Epoch 030/060 | loss 1.3591 | cls 1.2783 | tal -0.1819 | dual_g 0.1354 | dual_d 1.1057 | train_acc 0.9855 | train_full 0.9527 | val_acc 0.9333 | val_f1 0.9282 | adv/moduleC 1.00/1.00 | disc_steps 3 | grad(main/disc) 4.146/1.444 | lr(main/disc) 7.50e-05/3.00e-05 | cuda_peak(alloc/resv) 21.77/28.18GB | phase(train/val/raw/train_eval) 3.4/0.6/0.6/0.9s | 5.6s
2026-08-29 18:36:44 | Epoch 031/060 | loss 1.3311 | cls 1.2463 | tal -0.1777 | dual_g 0.1381 | dual_d 1.0916 | train_acc 0.9837 | train_full n/a | val_acc 0.8667 | val_f1 0.8437 | adv/moduleC 1.00/1.00 | disc_steps 3 | grad(main/disc) 3.924/1.436 | lr(main/disc) 7.50e-05/3.00e-05 | cuda_peak(alloc/resv) 21.77/28.18GB | phase(train/val/raw/train_eval) 3.6/0.6/0.0/0.0s | 4.2s
2026-08-29 18:36:49 | Epoch 032/060 | loss 1.3637 | cls 1.2771 | tal -0.1770 | dual_g 0.1397 | dual_d 1.0965 | train_acc 0.9819 | train_full n/a | val_acc 0.9417 | val_f1 0.9305 | adv/moduleC 1.00/1.00 | disc_steps 3 | grad(main/disc) 4.405/1.456 | lr(main/disc) 7.50e-05/3.00e-05 | cuda_peak(alloc/resv) 21.77/28.18GB | phase(train/val/raw/train_eval) 3.7/0.6/0.7/0.0s | 5.0s
2026-08-29 18:36:52 | New best val_f1_macro_present: raw=0.9305 stable_score=0.9305 at epoch 32
2026-08-29 18:36:56 | Epoch 033/060 | loss 1.3225 | cls 1.2392 | tal -0.1810 | dual_g 0.1375 | dual_d 1.0980 | train_acc 0.9909 | train_full n/a | val_acc 0.9167 | val_f1 0.8975 | adv/moduleC 1.00/1.00 | disc_steps 3 | grad(main/disc) 3.343/1.457 | lr(main/disc) 7.50e-05/3.00e-05 | cuda_peak(alloc/resv) 21.77/28.18GB | phase(train/val/raw/train_eval) 3.5/0.7/0.0/0.0s | 4.2s
2026-08-29 18:37:01 | Epoch 034/060 | loss 1.3194 | cls 1.2370 | tal -0.1736 | dual_g 0.1344 | dual_d 1.0882 | train_acc 0.9891 | train_full n/a | val_acc 0.9167 | val_f1 0.8977 | adv/moduleC 1.00/1.00 | disc_steps 3 | grad(main/disc) 3.198/1.458 | lr(main/disc) 7.50e-05/3.00e-05 | cuda_peak(alloc/resv) 21.77/28.18GB | phase(train/val/raw/train_eval) 3.4/0.7/0.0/0.0s | 4.1s
2026-08-29 18:37:07 | Epoch 035/060 | loss 1.3056 | cls 1.2246 | tal -0.1627 | dual_g 0.1298 | dual_d 1.0961 | train_acc 0.9909 | train_full 0.9570 | val_acc 0.9250 | val_f1 0.9064 | adv/moduleC 1.00/1.00 | disc_steps 3 | grad(main/disc) 3.058/1.366 | lr(main/disc) 7.50e-05/3.00e-05 | cuda_peak(alloc/resv) 21.77/28.18GB | phase(train/val/raw/train_eval) 3.8/0.7/0.7/1.0s | 6.1s
2026-08-29 18:37:11 | Epoch 036/060 | loss 1.2929 | cls 1.2188 | tal -0.1747 | dual_g 0.1265 | dual_d 1.1038 | train_acc 0.9855 | train_full n/a | val_acc 0.9417 | val_f1 0.9197 | adv/moduleC 1.00/1.00 | disc_steps 3 | grad(main/disc) 2.868/1.447 | lr(main/disc) 7.50e-05/3.00e-05 | cuda_peak(alloc/resv) 21.77/28.18GB | phase(train/val/raw/train_eval) 3.3/0.7/0.0/0.0s | 4.0s
2026-08-29 18:37:15 | Epoch 037/060 | loss 1.2955 | cls 1.2214 | tal -0.1812 | dual_g 0.1284 | dual_d 1.0950 | train_acc 0.9928 | train_full n/a | val_acc 0.9167 | val_f1 0.9148 | adv/moduleC 1.00/1.00 | disc_steps 3 | grad(main/disc) 3.014/1.394 | lr(main/disc) 7.50e-05/3.00e-05 | cuda_peak(alloc/resv) 21.77/28.18GB | phase(train/val/raw/train_eval) 3.5/0.7/0.0/0.0s | 4.1s
2026-08-29 18:37:19 | Epoch 038/060 | loss 1.2983 | cls 1.2225 | tal -0.1679 | dual_g 0.1262 | dual_d 1.0940 | train_acc 0.9909 | train_full n/a | val_acc 0.8917 | val_f1 0.8984 | adv/moduleC 1.00/1.00 | disc_steps 3 | grad(main/disc) 2.970/1.419 | lr(main/disc) 7.50e-05/3.00e-05 | cuda_peak(alloc/resv) 21.77/28.18GB | phase(train/val/raw/train_eval) 3.8/0.7/0.0/0.0s | 4.4s
2026-08-29 18:37:24 | Epoch 039/060 | loss 1.2766 | cls 1.2175 | tal -0.2124 | dual_g 0.1228 | dual_d 1.1114 | train_acc 0.9964 | train_full n/a | val_acc 0.9083 | val_f1 0.9096 | adv/moduleC 1.00/1.00 | disc_steps 3 | grad(main/disc) 3.085/1.417 | lr(main/disc) 7.50e-05/3.00e-05 | cuda_peak(alloc/resv) 21.77/28.18GB | phase(train/val/raw/train_eval) 3.7/0.7/0.0/0.0s | 4.4s
2026-08-29 18:37:29 | Epoch 040/060 | loss 1.2795 | cls 1.2245 | tal -0.2249 | dual_g 0.1224 | dual_d 1.1636 | train_acc 0.9855 | train_full 0.9828 | val_acc 0.9500 | val_f1 0.9357 | adv/moduleC 1.00/1.00 | disc_steps 3 | grad(main/disc) 3.330/1.475 | lr(main/disc) 7.50e-05/3.00e-05 | cuda_peak(alloc/resv) 21.77/28.18GB | phase(train/val/raw/train_eval) 3.4/0.7/0.7/1.0s | 5.8s
2026-08-29 18:37:32 | New best val_f1_macro_present: raw=0.9357 stable_score=0.9357 at epoch 40
2026-08-29 18:37:36 | Epoch 041/060 | loss 1.2661 | cls 1.2047 | tal -0.2128 | dual_g 0.1252 | dual_d 1.1379 | train_acc 0.9964 | train_full n/a | val_acc 0.9417 | val_f1 0.9176 | adv/moduleC 1.00/1.00 | disc_steps 3 | grad(main/disc) 3.334/1.435 | lr(main/disc) 7.50e-05/3.00e-05 | cuda_peak(alloc/resv) 21.77/28.18GB | phase(train/val/raw/train_eval) 3.6/0.7/0.0/0.0s | 4.2s
2026-08-29 18:37:42 | Epoch 042/060 | loss 1.2473 | cls 1.1950 | tal -0.2295 | dual_g 0.1211 | dual_d 1.1303 | train_acc 0.9964 | train_full n/a | val_acc 0.9500 | val_f1 0.9444 | adv/moduleC 1.00/1.00 | disc_steps 3 | grad(main/disc) 2.592/1.450 | lr(main/disc) 7.50e-05/3.00e-05 | cuda_peak(alloc/resv) 21.77/28.18GB | phase(train/val/raw/train_eval) 3.9/0.7/0.7/0.0s | 5.3s
2026-08-29 18:37:45 | New best val_f1_macro_present: raw=0.9444 stable_score=0.9444 at epoch 42
2026-08-29 18:37:50 | Epoch 043/060 | loss 1.2623 | cls 1.1961 | tal -0.1792 | dual_g 0.1200 | dual_d 1.1570 | train_acc 0.9928 | train_full n/a | val_acc 0.9583 | val_f1 0.9507 | adv/moduleC 1.00/1.00 | disc_steps 3 | grad(main/disc) 3.095/1.453 | lr(main/disc) 7.50e-05/3.00e-05 | cuda_peak(alloc/resv) 21.77/28.18GB | phase(train/val/raw/train_eval) 3.6/0.7/0.7/0.0s | 4.9s
2026-08-29 18:37:53 | New best val_f1_macro_present: raw=0.9507 stable_score=0.9507 at epoch 43
2026-08-29 18:37:57 | Epoch 044/060 | loss 1.2516 | cls 1.1977 | tal -0.2149 | dual_g 0.1183 | dual_d 1.1327 | train_acc 0.9928 | train_full n/a | val_acc 0.9083 | val_f1 0.8842 | adv/moduleC 1.00/1.00 | disc_steps 3 | grad(main/disc) 2.613/1.427 | lr(main/disc) 7.50e-05/3.00e-05 | cuda_peak(alloc/resv) 21.77/28.18GB | phase(train/val/raw/train_eval) 3.9/0.7/0.0/0.0s | 4.5s
2026-08-29 18:38:03 | Epoch 045/060 | loss 1.2498 | cls 1.2031 | tal -0.2342 | dual_g 0.1169 | dual_d 1.1717 | train_acc 0.9946 | train_full 0.9892 | val_acc 0.9417 | val_f1 0.9407 | adv/moduleC 1.00/1.00 | disc_steps 3 | grad(main/disc) 2.827/1.425 | lr(main/disc) 7.50e-05/3.00e-05 | cuda_peak(alloc/resv) 21.77/28.18GB | phase(train/val/raw/train_eval) 3.7/0.7/0.7/0.9s | 6.0s
2026-08-29 18:38:08 | Epoch 046/060 | loss 1.2440 | cls 1.2049 | tal -0.2540 | dual_g 0.1153 | dual_d 1.1174 | train_acc 0.9982 | train_full n/a | val_acc 0.9417 | val_f1 0.9405 | adv/moduleC 1.00/1.00 | disc_steps 3 | grad(main/disc) 3.686/1.388 | lr(main/disc) 7.50e-05/3.00e-05 | cuda_peak(alloc/resv) 21.77/28.18GB | phase(train/val/raw/train_eval) 3.7/0.7/0.0/0.0s | 4.4s
2026-08-29 18:38:12 | Epoch 047/060 | loss 1.2398 | cls 1.1948 | tal -0.2321 | dual_g 0.1145 | dual_d 1.0995 | train_acc 0.9964 | train_full n/a | val_acc 0.9583 | val_f1 0.9218 | adv/moduleC 1.00/1.00 | disc_steps 3 | grad(main/disc) 2.580/1.385 | lr(main/disc) 7.50e-05/3.00e-05 | cuda_peak(alloc/resv) 21.77/28.18GB | phase(train/val/raw/train_eval) 3.4/0.7/0.0/0.0s | 4.1s
2026-08-29 18:38:16 | Epoch 048/060 | loss 1.2435 | cls 1.1922 | tal -0.2104 | dual_g 0.1145 | dual_d 1.1432 | train_acc 0.9928 | train_full n/a | val_acc 0.9500 | val_f1 0.9490 | adv/moduleC 1.00/1.00 | disc_steps 3 | grad(main/disc) 2.453/1.398 | lr(main/disc) 7.50e-05/3.00e-05 | cuda_peak(alloc/resv) 21.77/28.18GB | phase(train/val/raw/train_eval) 3.3/0.7/0.0/0.0s | 4.0s
2026-08-29 18:38:20 | Epoch 049/060 | loss 1.2457 | cls 1.2022 | tal -0.2274 | dual_g 0.1118 | dual_d 1.1032 | train_acc 0.9928 | train_full n/a | val_acc 0.9250 | val_f1 0.9273 | adv/moduleC 1.00/1.00 | disc_steps 3 | grad(main/disc) 2.785/1.354 | lr(main/disc) 7.50e-05/3.00e-05 | cuda_peak(alloc/resv) 21.77/28.18GB | phase(train/val/raw/train_eval) 3.9/0.7/0.0/0.0s | 4.6s
2026-08-29 18:38:26 | Epoch 050/060 | loss 1.2206 | cls 1.1799 | tal -0.2360 | dual_g 0.1116 | dual_d 1.0979 | train_acc 0.9982 | train_full 0.9570 | val_acc 0.8917 | val_f1 0.9093 | adv/moduleC 1.00/1.00 | disc_steps 3 | grad(main/disc) 2.147/1.385 | lr(main/disc) 7.50e-05/3.00e-05 | cuda_peak(alloc/resv) 21.77/28.18GB | phase(train/val/raw/train_eval) 3.5/0.7/0.7/0.9s | 5.8s
2026-08-29 18:38:31 | Epoch 051/060 | loss 1.2156 | cls 1.1744 | tal -0.2314 | dual_g 0.1106 | dual_d 1.0912 | train_acc 0.9964 | train_full n/a | val_acc 0.9417 | val_f1 0.9397 | adv/moduleC 1.00/1.00 | disc_steps 3 | grad(main/disc) 2.116/1.373 | lr(main/disc) 7.50e-05/3.00e-05 | cuda_peak(alloc/resv) 21.77/28.18GB | phase(train/val/raw/train_eval) 3.6/0.7/0.0/0.0s | 4.3s
2026-08-29 18:38:36 | Epoch 052/060 | loss 1.2071 | cls 1.1827 | tal -0.2825 | dual_g 0.1091 | dual_d 1.0780 | train_acc 0.9928 | train_full n/a | val_acc 0.9583 | val_f1 0.9540 | adv/moduleC 1.00/1.00 | disc_steps 3 | grad(main/disc) 2.176/1.351 | lr(main/disc) 7.50e-05/3.00e-05 | cuda_peak(alloc/resv) 21.77/28.18GB | phase(train/val/raw/train_eval) 4.1/0.7/0.7/0.0s | 5.4s
2026-08-29 18:38:39 | New best val_f1_macro_present: raw=0.9540 stable_score=0.9540 at epoch 52
2026-08-29 18:38:44 | Epoch 053/060 | loss 1.2035 | cls 1.1793 | tal -0.2790 | dual_g 0.1079 | dual_d 1.0830 | train_acc 0.9946 | train_full n/a | val_acc 0.9750 | val_f1 0.9644 | adv/moduleC 1.00/1.00 | disc_steps 3 | grad(main/disc) 2.433/1.363 | lr(main/disc) 7.50e-05/3.00e-05 | cuda_peak(alloc/resv) 21.77/28.18GB | phase(train/val/raw/train_eval) 4.1/0.7/0.7/0.0s | 5.4s
2026-08-29 18:38:48 | New best val_f1_macro_present: raw=0.9644 stable_score=0.9644 at epoch 53
2026-08-29 18:38:52 | Epoch 054/060 | loss 1.2034 | cls 1.1816 | tal -0.2793 | dual_g 0.1056 | dual_d 1.0834 | train_acc 0.9964 | train_full n/a | val_acc 0.9417 | val_f1 0.9400 | adv/moduleC 1.00/1.00 | disc_steps 3 | grad(main/disc) 2.462/1.361 | lr(main/disc) 7.50e-05/3.00e-05 | cuda_peak(alloc/resv) 21.77/28.18GB | phase(train/val/raw/train_eval) 3.4/0.7/0.0/0.0s | 4.1s
2026-08-29 18:38:57 | Epoch 055/060 | loss 1.2213 | cls 1.1854 | tal -0.2409 | dual_g 0.1081 | dual_d 1.1125 | train_acc 0.9909 | train_full 0.9699 | val_acc 0.9417 | val_f1 0.9409 | adv/moduleC 1.00/1.00 | disc_steps 3 | grad(main/disc) 2.655/1.383 | lr(main/disc) 7.50e-05/3.00e-05 | cuda_peak(alloc/resv) 21.77/28.18GB | phase(train/val/raw/train_eval) 3.5/0.7/0.7/0.9s | 5.8s
2026-08-29 18:39:02 | Epoch 056/060 | loss 1.2049 | cls 1.1797 | tal -0.2776 | dual_g 0.1084 | dual_d 1.0872 | train_acc 0.9982 | train_full n/a | val_acc 0.9333 | val_f1 0.9189 | adv/moduleC 1.00/1.00 | disc_steps 3 | grad(main/disc) 2.488/1.371 | lr(main/disc) 7.50e-05/3.00e-05 | cuda_peak(alloc/resv) 21.77/28.18GB | phase(train/val/raw/train_eval) 3.6/0.7/0.0/0.0s | 4.3s
2026-08-29 18:39:06 | Epoch 057/060 | loss 1.1930 | cls 1.1670 | tal -0.2610 | dual_g 0.1043 | dual_d 1.0679 | train_acc 0.9982 | train_full n/a | val_acc 0.9500 | val_f1 0.9314 | adv/moduleC 1.00/1.00 | disc_steps 3 | grad(main/disc) 1.916/1.300 | lr(main/disc) 7.50e-05/3.00e-05 | cuda_peak(alloc/resv) 21.77/28.18GB | phase(train/val/raw/train_eval) 3.3/0.7/0.0/0.0s | 4.0s
2026-08-29 18:39:10 | Epoch 058/060 | loss 1.1959 | cls 1.1683 | tal -0.2511 | dual_g 0.1030 | dual_d 1.0678 | train_acc 0.9982 | train_full n/a | val_acc 0.9583 | val_f1 0.9543 | adv/moduleC 1.00/1.00 | disc_steps 3 | grad(main/disc) 2.060/1.350 | lr(main/disc) 7.50e-05/3.00e-05 | cuda_peak(alloc/resv) 21.77/28.18GB | phase(train/val/raw/train_eval) 3.4/0.7/0.0/0.0s | 4.1s
2026-08-29 18:39:14 | Epoch 059/060 | loss 1.1850 | cls 1.1637 | tal -0.2669 | dual_g 0.1014 | dual_d 1.0918 | train_acc 0.9982 | train_full n/a | val_acc 0.9583 | val_f1 0.9542 | adv/moduleC 1.00/1.00 | disc_steps 3 | grad(main/disc) 1.829/1.327 | lr(main/disc) 7.50e-05/3.00e-05 | cuda_peak(alloc/resv) 21.77/28.18GB | phase(train/val/raw/train_eval) 3.7/0.7/0.0/0.0s | 4.4s
2026-08-29 18:39:20 | Epoch 060/060 | loss 1.1770 | cls 1.1616 | tal -0.2861 | dual_g 0.1012 | dual_d 1.0766 | train_acc 1.0000 | train_full 0.9892 | val_acc 0.9667 | val_f1 0.9594 | adv/moduleC 1.00/1.00 | disc_steps 3 | grad(main/disc) 1.702/1.260 | lr(main/disc) 7.50e-05/3.00e-05 | cuda_peak(alloc/resv) 21.77/28.18GB | phase(train/val/raw/train_eval) 3.3/0.7/0.7/1.0s | 5.6s
2026-08-29 18:39:20 | Training complete. Peak validation accuracy: 0.9750 | selected val_f1_macro_present: 0.9644
