2026-08-29 21:16:00 | Starting Dual_D standalone training
2026-08-29 21:16:00 | Run directory: runs/module_c_ablation_60_v8/module_c_20260829_205331/module_c_full_逆光_20260829_205332
2026-08-29 21:16:00 | Device: cuda
2026-08-29 21:16:00 | Source train samples: 992
2026-08-29 21:16:00 | Target train samples: 132
2026-08-29 21:16:00 | Target val samples: 37
2026-08-29 21:16:00 | Classes: 14
2026-08-29 21:16:00 | Data audit: same_dir=False | path_overlap(vis/ir/ais)=0/0/0 | content_overlap(vis/ir/ais)=0/0/0 | ais_index_overlap=0 | stem_mismatch(vis-ir/vis-ais)=157/0
2026-08-29 21:16:00 | source_train classes: present 14/14 | absent 0 | counts [0:120, 1:44, 2:69, 3:45, 4:40, 5:30, 6:64, 7:80, 8:116, 9:68, 10:57, 11:83, 12:48, 13:128]
2026-08-29 21:16:00 | target_train classes: present 9/14 | absent 5 | counts [0:20, 2:12, 4:12, 5:2, 9:16, 10:16, 11:29, 12:4, 13:21]
2026-08-29 21:16:00 | target_val classes: present 9/14 | absent 5 | counts [0:6, 2:3, 4:4, 5:1, 9:4, 10:4, 11:8, 12:1, 13:6]
2026-08-29 21:16:00 | Paired training classes: 9/14 | class ids [0, 2, 4, 5, 9, 10, 11, 12, 13]
2026-08-29 21:16:00 | Runtime profile: batch=92 | paired_steps=4 | workers=16 | train_eval_every=5 | raw_eval_every=5 | stability_window=3 | lr_scheduler_start=28 | early_stop=18 after min_epoch=45
2026-08-29 21:16:00 | VIS/IR pairing: class-level-unpaired | count-mismatch classes train/val: 10/1 | AIS alignment: none | AIS rows train/val: 0/0
2026-08-29 21:16:01 | Effective Dual-D loss weights: {"adv_auxiliary": 0.025, "adv_primary": 0.025, "classification": 0.2, "contrastive": 0.04, "cycle": 0.12, "identity": 0.045, "prototype_contrastive": 0.06}
2026-08-29 21:16:01 | Model parameters: total=17277714 | trainable=17120210
2026-08-29 21:16:06 | Epoch 001/060 | loss 6.0087 | cls 5.9965 | tal 0.0405 | dual_g 0.0000 | dual_d 0.0000 | train_acc 0.0870 | train_full 0.1288 | val_acc 0.2162 | val_f1 0.0718 | adv/moduleC 0.00/0.00 | disc_steps 0 | grad(main/disc) 16.112/0.000 | lr(main/disc) 5.50e-05/2.40e-05 | cuda_peak(alloc/resv) 21.77/28.18GB | phase(train/val/raw/train_eval) 3.6/0.4/0.4/0.7s | 5.2s
2026-08-29 21:16:10 | Epoch 002/060 | loss 5.2289 | cls 5.2179 | tal 0.0365 | dual_g 0.0000 | dual_d 0.0000 | train_acc 0.1495 | train_full n/a | val_acc 0.2432 | val_f1 0.0792 | adv/moduleC 0.00/0.00 | disc_steps 0 | grad(main/disc) 13.614/0.000 | lr(main/disc) 5.50e-05/2.40e-05 | cuda_peak(alloc/resv) 21.77/28.18GB | phase(train/val/raw/train_eval) 3.4/0.4/0.0/0.0s | 3.9s
2026-08-29 21:16:14 | Epoch 003/060 | loss 4.6395 | cls 4.6202 | tal 0.0646 | dual_g 0.0000 | dual_d 0.0000 | train_acc 0.2391 | train_full n/a | val_acc 0.1892 | val_f1 0.0611 | adv/moduleC 0.00/0.00 | disc_steps 0 | grad(main/disc) 12.112/0.000 | lr(main/disc) 5.50e-05/2.40e-05 | cuda_peak(alloc/resv) 21.77/28.18GB | phase(train/val/raw/train_eval) 3.4/0.4/0.4/0.0s | 4.3s
2026-08-29 21:16:17 | New best val_f1_macro_present: raw=0.0611 stable_score=0.0611 at epoch 3
2026-08-29 21:16:21 | Epoch 004/060 | loss 4.2484 | cls 4.2282 | tal 0.0672 | dual_g 0.0000 | dual_d 0.0000 | train_acc 0.2962 | train_full n/a | val_acc 0.2973 | val_f1 0.2564 | adv/moduleC 0.00/0.00 | disc_steps 0 | grad(main/disc) 11.127/0.000 | lr(main/disc) 5.50e-05/2.40e-05 | cuda_peak(alloc/resv) 21.77/28.18GB | phase(train/val/raw/train_eval) 3.5/0.4/0.0/0.0s | 4.0s
2026-08-29 21:16:26 | Epoch 005/060 | loss 4.0350 | cls 4.0109 | tal 0.0804 | dual_g 0.0000 | dual_d 0.0000 | train_acc 0.3560 | train_full 0.4621 | val_acc 0.3784 | val_f1 0.4016 | adv/moduleC 0.00/0.00 | disc_steps 0 | grad(main/disc) 10.484/0.000 | lr(main/disc) 5.50e-05/2.40e-05 | cuda_peak(alloc/resv) 21.77/28.18GB | phase(train/val/raw/train_eval) 3.4/0.4/0.4/0.7s | 5.0s
2026-08-29 21:16:30 | Epoch 006/060 | loss 3.7116 | cls 3.5833 | tal 0.0768 | dual_g 0.1052 | dual_d 0.0000 | train_acc 0.4375 | train_full n/a | val_acc 0.5946 | val_f1 0.6029 | adv/moduleC 0.00/0.10 | disc_steps 0 | grad(main/disc) 9.971/0.000 | lr(main/disc) 5.50e-05/2.40e-05 | cuda_peak(alloc/resv) 21.77/28.18GB | phase(train/val/raw/train_eval) 3.4/0.4/0.4/0.0s | 4.3s
2026-08-29 21:16:33 | New best val_f1_macro_present: raw=0.6029 stable_score=0.2564 at epoch 6
2026-08-29 21:16:37 | Epoch 007/060 | loss 3.5933 | cls 3.3653 | tal 0.0769 | dual_g 0.2049 | dual_d 0.0000 | train_acc 0.5054 | train_full n/a | val_acc 0.7297 | val_f1 0.7894 | adv/moduleC 0.00/0.20 | disc_steps 0 | grad(main/disc) 9.228/0.000 | lr(main/disc) 5.50e-05/2.40e-05 | cuda_peak(alloc/resv) 21.77/28.18GB | phase(train/val/raw/train_eval) 3.4/0.4/0.4/0.0s | 4.3s
2026-08-29 21:16:40 | New best val_f1_macro_present: raw=0.7894 stable_score=0.4016 at epoch 7
2026-08-29 21:16:44 | Epoch 008/060 | loss 3.7606 | cls 3.4162 | tal 0.1213 | dual_g 0.3080 | dual_d 0.8258 | train_acc 0.4728 | train_full n/a | val_acc 0.8378 | val_f1 0.8766 | adv/moduleC 0.07/0.30 | disc_steps 2 | grad(main/disc) 9.795/1.603 | lr(main/disc) 5.50e-05/2.40e-05 | cuda_peak(alloc/resv) 21.77/28.18GB | phase(train/val/raw/train_eval) 3.3/0.4/0.5/0.0s | 4.2s
2026-08-29 21:16:47 | New best val_f1_macro_present: raw=0.8766 stable_score=0.6029 at epoch 8
2026-08-29 21:16:51 | Epoch 009/060 | loss 3.6021 | cls 3.1770 | tal 0.0911 | dual_g 0.3977 | dual_d 0.8244 | train_acc 0.5842 | train_full n/a | val_acc 0.8919 | val_f1 0.9173 | adv/moduleC 0.13/0.40 | disc_steps 2 | grad(main/disc) 9.235/1.596 | lr(main/disc) 5.50e-05/2.40e-05 | cuda_peak(alloc/resv) 21.77/28.18GB | phase(train/val/raw/train_eval) 3.6/0.4/0.4/0.0s | 4.5s
2026-08-29 21:16:54 | New best val_f1_macro_present: raw=0.9173 stable_score=0.7894 at epoch 9
2026-08-29 21:16:59 | Epoch 010/060 | loss 3.4957 | cls 3.0042 | tal 0.0669 | dual_g 0.4714 | dual_d 0.8567 | train_acc 0.6005 | train_full 0.9242 | val_acc 0.8919 | val_f1 0.9173 | adv/moduleC 0.20/0.50 | disc_steps 2 | grad(main/disc) 9.256/1.601 | lr(main/disc) 5.50e-05/2.40e-05 | cuda_peak(alloc/resv) 21.77/28.18GB | phase(train/val/raw/train_eval) 3.4/0.4/0.4/0.7s | 5.0s
2026-08-29 21:17:02 | New best val_f1_macro_present: raw=0.9173 stable_score=0.8766 at epoch 10
2026-08-29 21:17:06 | Epoch 011/060 | loss 3.4964 | cls 2.9314 | tal 0.0667 | dual_g 0.5449 | dual_d 0.8017 | train_acc 0.6060 | train_full n/a | val_acc 0.9189 | val_f1 0.9371 | adv/moduleC 0.27/0.60 | disc_steps 2 | grad(main/disc) 9.198/1.559 | lr(main/disc) 5.50e-05/2.40e-05 | cuda_peak(alloc/resv) 21.77/28.18GB | phase(train/val/raw/train_eval) 3.3/0.4/0.5/0.0s | 4.2s
2026-08-29 21:17:09 | New best val_f1_macro_present: raw=0.9371 stable_score=0.9173 at epoch 11
2026-08-29 21:17:12 | Epoch 012/060 | loss 3.3211 | cls 2.6955 | tal 0.0813 | dual_g 0.6012 | dual_d 0.8186 | train_acc 0.6549 | train_full n/a | val_acc 0.8919 | val_f1 0.9058 | adv/moduleC 0.33/0.70 | disc_steps 2 | grad(main/disc) 8.903/1.565 | lr(main/disc) 5.50e-05/2.40e-05 | cuda_peak(alloc/resv) 21.77/28.18GB | phase(train/val/raw/train_eval) 3.2/0.4/0.0/0.0s | 3.6s
2026-08-29 21:17:16 | Epoch 013/060 | loss 3.1796 | cls 2.5218 | tal 0.0561 | dual_g 0.6409 | dual_d 0.8188 | train_acc 0.7391 | train_full n/a | val_acc 0.8919 | val_f1 0.9058 | adv/moduleC 0.40/0.80 | disc_steps 2 | grad(main/disc) 9.205/1.527 | lr(main/disc) 5.50e-05/2.40e-05 | cuda_peak(alloc/resv) 21.77/28.18GB | phase(train/val/raw/train_eval) 3.2/0.4/0.0/0.0s | 3.7s
2026-08-29 21:17:20 | Epoch 014/060 | loss 3.2380 | cls 2.4853 | tal 0.0788 | dual_g 0.7291 | dual_d 0.7954 | train_acc 0.7255 | train_full n/a | val_acc 0.8919 | val_f1 0.9058 | adv/moduleC 0.47/0.90 | disc_steps 2 | grad(main/disc) 9.009/1.485 | lr(main/disc) 5.50e-05/2.40e-05 | cuda_peak(alloc/resv) 21.77/28.18GB | phase(train/val/raw/train_eval) 3.5/0.4/0.0/0.0s | 3.9s
2026-08-29 21:17:25 | Epoch 015/060 | loss 3.1548 | cls 2.3630 | tal 0.0576 | dual_g 0.7746 | dual_d 0.8040 | train_acc 0.7364 | train_full 0.9545 | val_acc 0.9189 | val_f1 0.9358 | adv/moduleC 0.53/1.00 | disc_steps 2 | grad(main/disc) 8.516/1.450 | lr(main/disc) 5.50e-05/2.40e-05 | cuda_peak(alloc/resv) 21.77/28.18GB | phase(train/val/raw/train_eval) 3.2/0.4/0.5/0.7s | 4.8s
2026-08-29 21:17:29 | Epoch 016/060 | loss 3.1207 | cls 2.3395 | tal 0.0452 | dual_g 0.7677 | dual_d 0.7785 | train_acc 0.7663 | train_full n/a | val_acc 0.8919 | val_f1 0.9079 | adv/moduleC 0.60/1.00 | disc_steps 2 | grad(main/disc) 9.542/1.422 | lr(main/disc) 5.50e-05/2.40e-05 | cuda_peak(alloc/resv) 21.77/28.18GB | phase(train/val/raw/train_eval) 3.4/0.4/0.0/0.0s | 3.9s
2026-08-29 21:17:32 | Epoch 017/060 | loss 2.9266 | cls 2.2050 | tal -0.0096 | dual_g 0.7244 | dual_d 0.7881 | train_acc 0.8071 | train_full n/a | val_acc 0.9189 | val_f1 0.9396 | adv/moduleC 0.67/1.00 | disc_steps 2 | grad(main/disc) 8.595/1.413 | lr(main/disc) 5.50e-05/2.40e-05 | cuda_peak(alloc/resv) 21.77/28.18GB | phase(train/val/raw/train_eval) 3.4/0.4/0.0/0.0s | 3.9s
2026-08-29 21:17:36 | Epoch 018/060 | loss 2.8576 | cls 2.1495 | tal -0.0228 | dual_g 0.7149 | dual_d 0.8007 | train_acc 0.8207 | train_full n/a | val_acc 0.8919 | val_f1 0.9164 | adv/moduleC 0.73/1.00 | disc_steps 2 | grad(main/disc) 10.252/1.424 | lr(main/disc) 5.50e-05/2.40e-05 | cuda_peak(alloc/resv) 21.77/28.18GB | phase(train/val/raw/train_eval) 3.4/0.4/0.0/0.0s | 3.8s
2026-08-29 21:17:40 | Epoch 019/060 | loss 2.8213 | cls 2.1256 | tal -0.0192 | dual_g 0.7015 | dual_d 0.8575 | train_acc 0.8207 | train_full n/a | val_acc 0.9189 | val_f1 0.9358 | adv/moduleC 0.80/1.00 | disc_steps 2 | grad(main/disc) 11.340/1.452 | lr(main/disc) 5.50e-05/2.40e-05 | cuda_peak(alloc/resv) 21.77/28.18GB | phase(train/val/raw/train_eval) 3.4/0.4/0.0/0.0s | 3.9s
2026-08-29 21:17:45 | Epoch 020/060 | loss 2.6391 | cls 1.9684 | tal 0.0075 | dual_g 0.6684 | dual_d 0.8127 | train_acc 0.8614 | train_full 0.9621 | val_acc 0.9189 | val_f1 0.9396 | adv/moduleC 0.87/1.00 | disc_steps 2 | grad(main/disc) 8.118/1.370 | lr(main/disc) 5.50e-05/2.40e-05 | cuda_peak(alloc/resv) 21.77/28.18GB | phase(train/val/raw/train_eval) 3.6/0.4/0.4/0.7s | 5.2s
2026-08-29 21:17:49 | Epoch 021/060 | loss 2.6764 | cls 2.0010 | tal -0.0279 | dual_g 0.6838 | dual_d 0.8734 | train_acc 0.8451 | train_full n/a | val_acc 0.9459 | val_f1 0.9616 | adv/moduleC 0.93/1.00 | disc_steps 2 | grad(main/disc) 10.287/1.461 | lr(main/disc) 5.50e-05/2.40e-05 | cuda_peak(alloc/resv) 21.77/28.18GB | phase(train/val/raw/train_eval) 3.0/0.4/0.4/0.0s | 3.9s
2026-08-29 21:17:52 | New best val_f1_macro_present: raw=0.9616 stable_score=0.9358 at epoch 21
2026-08-29 21:17:56 | Epoch 022/060 | loss 2.5835 | cls 1.9420 | tal -0.0365 | dual_g 0.6524 | dual_d 0.8622 | train_acc 0.8832 | train_full n/a | val_acc 0.9459 | val_f1 0.9578 | adv/moduleC 1.00/1.00 | disc_steps 2 | grad(main/disc) 9.153/1.429 | lr(main/disc) 5.50e-05/2.40e-05 | cuda_peak(alloc/resv) 21.77/28.18GB | phase(train/val/raw/train_eval) 3.0/0.4/0.4/0.0s | 3.9s
2026-08-29 21:17:59 | New best val_f1_macro_present: raw=0.9578 stable_score=0.9396 at epoch 22
2026-08-29 21:18:03 | Epoch 023/060 | loss 2.5448 | cls 1.9027 | tal -0.0139 | dual_g 0.6462 | dual_d 0.8631 | train_acc 0.8886 | train_full n/a | val_acc 0.9459 | val_f1 0.9616 | adv/moduleC 1.00/1.00 | disc_steps 2 | grad(main/disc) 9.592/1.454 | lr(main/disc) 5.50e-05/2.40e-05 | cuda_peak(alloc/resv) 21.77/28.18GB | phase(train/val/raw/train_eval) 3.2/0.4/0.4/0.0s | 4.1s
2026-08-29 21:18:06 | New best val_f1_macro_present: raw=0.9616 stable_score=0.9578 at epoch 23
2026-08-29 21:18:09 | Epoch 024/060 | loss 2.4806 | cls 1.8530 | tal -0.0363 | dual_g 0.6385 | dual_d 0.8688 | train_acc 0.8967 | train_full n/a | val_acc 0.9459 | val_f1 0.9616 | adv/moduleC 1.00/1.00 | disc_steps 2 | grad(main/disc) 10.660/1.395 | lr(main/disc) 5.50e-05/2.40e-05 | cuda_peak(alloc/resv) 21.77/28.18GB | phase(train/val/raw/train_eval) 3.1/0.4/0.0/0.0s | 3.6s
2026-08-29 21:18:14 | Epoch 025/060 | loss 2.4289 | cls 1.8252 | tal -0.0688 | dual_g 0.6243 | dual_d 0.8868 | train_acc 0.8913 | train_full 0.9924 | val_acc 0.9730 | val_f1 0.9840 | adv/moduleC 1.00/1.00 | disc_steps 2 | grad(main/disc) 9.992/1.425 | lr(main/disc) 5.50e-05/2.40e-05 | cuda_peak(alloc/resv) 21.77/28.18GB | phase(train/val/raw/train_eval) 3.2/0.4/0.4/0.7s | 4.8s
2026-08-29 21:18:17 | New best val_f1_macro_present: raw=0.9840 stable_score=0.9616 at epoch 25
2026-08-29 21:18:21 | Epoch 026/060 | loss 2.3634 | cls 1.7685 | tal -0.0631 | dual_g 0.6137 | dual_d 0.9298 | train_acc 0.9103 | train_full n/a | val_acc 0.9459 | val_f1 0.9616 | adv/moduleC 1.00/1.00 | disc_steps 2 | grad(main/disc) 8.653/1.455 | lr(main/disc) 5.50e-05/2.40e-05 | cuda_peak(alloc/resv) 21.77/28.18GB | phase(train/val/raw/train_eval) 3.9/0.4/0.0/0.0s | 4.4s
2026-08-29 21:18:25 | Epoch 027/060 | loss 2.2923 | cls 1.7189 | tal -0.1074 | dual_g 0.6056 | dual_d 0.8682 | train_acc 0.9565 | train_full n/a | val_acc 0.9730 | val_f1 0.9840 | adv/moduleC 1.00/1.00 | disc_steps 2 | grad(main/disc) 9.794/1.375 | lr(main/disc) 5.50e-05/2.40e-05 | cuda_peak(alloc/resv) 21.77/28.18GB | phase(train/val/raw/train_eval) 3.4/0.4/0.0/0.0s | 3.8s
2026-08-29 21:18:28 | Epoch 028/060 | loss 2.3114 | cls 1.7324 | tal -0.0594 | dual_g 0.5969 | dual_d 0.9151 | train_acc 0.9348 | train_full n/a | val_acc 0.9730 | val_f1 0.9802 | adv/moduleC 1.00/1.00 | disc_steps 2 | grad(main/disc) 9.081/1.402 | lr(main/disc) 5.50e-05/2.40e-05 | cuda_peak(alloc/resv) 21.77/28.18GB | phase(train/val/raw/train_eval) 3.1/0.4/0.0/0.0s | 3.5s
2026-08-29 21:18:33 | Epoch 029/060 | loss 2.2404 | cls 1.6824 | tal -0.0945 | dual_g 0.5863 | dual_d 0.9488 | train_acc 0.9348 | train_full n/a | val_acc 0.9459 | val_f1 0.9578 | adv/moduleC 1.00/1.00 | disc_steps 2 | grad(main/disc) 8.706/1.433 | lr(main/disc) 5.50e-05/2.40e-05 | cuda_peak(alloc/resv) 21.77/28.18GB | phase(train/val/raw/train_eval) 3.8/0.4/0.0/0.0s | 4.3s
2026-08-29 21:18:38 | Epoch 030/060 | loss 2.2175 | cls 1.6685 | tal -0.0849 | dual_g 0.5744 | dual_d 0.9320 | train_acc 0.9674 | train_full 1.0000 | val_acc 1.0000 | val_f1 1.0000 | adv/moduleC 1.00/1.00 | disc_steps 2 | grad(main/disc) 8.103/1.394 | lr(main/disc) 5.50e-05/2.40e-05 | cuda_peak(alloc/resv) 21.77/28.18GB | phase(train/val/raw/train_eval) 3.3/0.4/0.4/0.7s | 4.9s
2026-08-29 21:18:41 | Epoch 031/060 | loss 2.2245 | cls 1.6800 | tal -0.0556 | dual_g 0.5611 | dual_d 0.9356 | train_acc 0.9538 | train_full n/a | val_acc 0.9459 | val_f1 0.9616 | adv/moduleC 1.00/1.00 | disc_steps 2 | grad(main/disc) 8.149/1.418 | lr(main/disc) 5.50e-05/2.40e-05 | cuda_peak(alloc/resv) 21.77/28.18GB | phase(train/val/raw/train_eval) 3.2/0.4/0.0/0.0s | 3.7s
2026-08-29 21:18:45 | Epoch 032/060 | loss 2.2153 | cls 1.6805 | tal -0.1158 | dual_g 0.5696 | dual_d 0.9442 | train_acc 0.9484 | train_full n/a | val_acc 0.9459 | val_f1 0.9578 | adv/moduleC 1.00/1.00 | disc_steps 2 | grad(main/disc) 9.810/1.343 | lr(main/disc) 5.50e-05/2.40e-05 | cuda_peak(alloc/resv) 21.77/28.18GB | phase(train/val/raw/train_eval) 3.2/0.4/0.0/0.0s | 3.7s
2026-08-29 21:18:49 | Epoch 033/060 | loss 2.1662 | cls 1.6365 | tal -0.1230 | dual_g 0.5666 | dual_d 0.9384 | train_acc 0.9348 | train_full n/a | val_acc 0.9730 | val_f1 0.9802 | adv/moduleC 1.00/1.00 | disc_steps 2 | grad(main/disc) 7.811/1.378 | lr(main/disc) 5.50e-05/2.40e-05 | cuda_peak(alloc/resv) 21.77/28.18GB | phase(train/val/raw/train_eval) 3.4/0.4/0.0/0.0s | 3.8s
2026-08-29 21:18:52 | Epoch 034/060 | loss 2.1418 | cls 1.6048 | tal -0.0299 | dual_g 0.5460 | dual_d 0.9237 | train_acc 0.9701 | train_full n/a | val_acc 1.0000 | val_f1 1.0000 | adv/moduleC 1.00/1.00 | disc_steps 2 | grad(main/disc) 7.908/1.339 | lr(main/disc) 5.50e-05/2.40e-05 | cuda_peak(alloc/resv) 21.77/28.18GB | phase(train/val/raw/train_eval) 2.9/0.4/0.0/0.0s | 3.4s
2026-08-29 21:18:57 | Epoch 035/060 | loss 2.1990 | cls 1.6594 | tal -0.0430 | dual_g 0.5525 | dual_d 0.9335 | train_acc 0.9620 | train_full 1.0000 | val_acc 1.0000 | val_f1 1.0000 | adv/moduleC 1.00/1.00 | disc_steps 2 | grad(main/disc) 10.237/1.384 | lr(main/disc) 5.50e-05/2.40e-05 | cuda_peak(alloc/resv) 21.77/28.18GB | phase(train/val/raw/train_eval) 3.3/0.4/0.5/0.7s | 4.9s
2026-08-29 21:19:00 | New best val_f1_macro_present: raw=1.0000 stable_score=0.9802 at epoch 35
2026-08-29 21:19:04 | Epoch 036/060 | loss 2.0892 | cls 1.5572 | tal -0.0348 | dual_g 0.5424 | dual_d 0.9544 | train_acc 0.9674 | train_full n/a | val_acc 0.9730 | val_f1 0.9840 | adv/moduleC 1.00/1.00 | disc_steps 2 | grad(main/disc) 7.077/1.331 | lr(main/disc) 5.50e-05/2.40e-05 | cuda_peak(alloc/resv) 21.77/28.18GB | phase(train/val/raw/train_eval) 3.2/0.4/0.4/0.0s | 4.1s
2026-08-29 21:19:07 | New best val_f1_macro_present: raw=0.9840 stable_score=0.9840 at epoch 36
2026-08-29 21:19:10 | Epoch 037/060 | loss 2.0802 | cls 1.5657 | tal -0.0531 | dual_g 0.5304 | dual_d 0.9458 | train_acc 0.9864 | train_full n/a | val_acc 0.9730 | val_f1 0.9776 | adv/moduleC 1.00/1.00 | disc_steps 2 | grad(main/disc) 7.904/1.359 | lr(main/disc) 5.50e-05/2.40e-05 | cuda_peak(alloc/resv) 21.77/28.18GB | phase(train/val/raw/train_eval) 3.2/0.4/0.0/0.0s | 3.6s
2026-08-29 21:19:14 | Epoch 038/060 | loss 2.1369 | cls 1.6159 | tal -0.0587 | dual_g 0.5386 | dual_d 0.9516 | train_acc 0.9674 | train_full n/a | val_acc 0.9459 | val_f1 0.9616 | adv/moduleC 1.00/1.00 | disc_steps 2 | grad(main/disc) 7.879/1.358 | lr(main/disc) 5.50e-05/2.40e-05 | cuda_peak(alloc/resv) 21.77/28.18GB | phase(train/val/raw/train_eval) 3.1/0.4/0.0/0.0s | 3.6s
2026-08-29 21:19:18 | Epoch 039/060 | loss 2.0841 | cls 1.5788 | tal -0.1051 | dual_g 0.5369 | dual_d 0.9345 | train_acc 0.9783 | train_full n/a | val_acc 1.0000 | val_f1 1.0000 | adv/moduleC 1.00/1.00 | disc_steps 2 | grad(main/disc) 7.127/1.310 | lr(main/disc) 5.50e-05/2.40e-05 | cuda_peak(alloc/resv) 21.77/28.18GB | phase(train/val/raw/train_eval) 3.4/0.4/0.0/0.0s | 3.9s
2026-08-29 21:19:23 | Epoch 040/060 | loss 2.0024 | cls 1.5173 | tal -0.1095 | dual_g 0.5180 | dual_d 0.9617 | train_acc 0.9783 | train_full 1.0000 | val_acc 1.0000 | val_f1 1.0000 | adv/moduleC 1.00/1.00 | disc_steps 2 | grad(main/disc) 5.960/1.314 | lr(main/disc) 5.50e-05/2.40e-05 | cuda_peak(alloc/resv) 21.77/28.18GB | phase(train/val/raw/train_eval) 3.4/0.4/0.4/0.7s | 4.9s
2026-08-29 21:19:27 | Epoch 041/060 | loss 2.0676 | cls 1.5655 | tal -0.0628 | dual_g 0.5209 | dual_d 0.9292 | train_acc 0.9755 | train_full n/a | val_acc 1.0000 | val_f1 1.0000 | adv/moduleC 1.00/1.00 | disc_steps 2 | grad(main/disc) 8.357/1.290 | lr(main/disc) 2.75e-05/1.20e-05 | cuda_peak(alloc/resv) 21.77/28.18GB | phase(train/val/raw/train_eval) 3.6/0.4/0.4/0.0s | 4.5s
2026-08-29 21:19:30 | New best val_f1_macro_present: raw=1.0000 stable_score=1.0000 at epoch 41
2026-08-29 21:19:34 | Epoch 042/060 | loss 2.0084 | cls 1.5170 | tal -0.0864 | dual_g 0.5173 | dual_d 0.9407 | train_acc 0.9783 | train_full n/a | val_acc 1.0000 | val_f1 1.0000 | adv/moduleC 1.00/1.00 | disc_steps 2 | grad(main/disc) 6.543/1.321 | lr(main/disc) 2.75e-05/1.20e-05 | cuda_peak(alloc/resv) 21.77/28.18GB | phase(train/val/raw/train_eval) 3.6/0.4/0.0/0.0s | 4.1s
2026-08-29 21:19:38 | Epoch 043/060 | loss 2.0066 | cls 1.5219 | tal -0.0881 | dual_g 0.5111 | dual_d 0.9547 | train_acc 0.9755 | train_full n/a | val_acc 0.9730 | val_f1 0.9840 | adv/moduleC 1.00/1.00 | disc_steps 2 | grad(main/disc) 6.305/1.361 | lr(main/disc) 2.75e-05/1.20e-05 | cuda_peak(alloc/resv) 21.77/28.18GB | phase(train/val/raw/train_eval) 3.6/0.4/0.0/0.0s | 4.0s
2026-08-29 21:19:42 | Epoch 044/060 | loss 1.9957 | cls 1.5298 | tal -0.1497 | dual_g 0.5108 | dual_d 0.9046 | train_acc 0.9810 | train_full n/a | val_acc 1.0000 | val_f1 1.0000 | adv/moduleC 1.00/1.00 | disc_steps 2 | grad(main/disc) 6.066/1.250 | lr(main/disc) 2.75e-05/1.20e-05 | cuda_peak(alloc/resv) 21.77/28.18GB | phase(train/val/raw/train_eval) 3.4/0.4/0.0/0.0s | 3.9s
2026-08-29 21:19:47 | Epoch 045/060 | loss 2.0187 | cls 1.5427 | tal -0.1217 | dual_g 0.5125 | dual_d 0.9385 | train_acc 0.9783 | train_full 1.0000 | val_acc 1.0000 | val_f1 1.0000 | adv/moduleC 1.00/1.00 | disc_steps 2 | grad(main/disc) 7.312/1.315 | lr(main/disc) 2.75e-05/1.20e-05 | cuda_peak(alloc/resv) 21.77/28.18GB | phase(train/val/raw/train_eval) 3.4/0.4/0.5/0.7s | 5.0s
2026-08-29 21:19:51 | Epoch 046/060 | loss 2.0157 | cls 1.5330 | tal -0.0988 | dual_g 0.5123 | dual_d 0.8980 | train_acc 0.9783 | train_full n/a | val_acc 1.0000 | val_f1 1.0000 | adv/moduleC 1.00/1.00 | disc_steps 2 | grad(main/disc) 6.417/1.220 | lr(main/disc) 2.75e-05/1.20e-05 | cuda_peak(alloc/resv) 21.77/28.18GB | phase(train/val/raw/train_eval) 3.8/0.4/0.0/0.0s | 4.2s
2026-08-29 21:19:55 | Epoch 047/060 | loss 1.9987 | cls 1.5295 | tal -0.1372 | dual_g 0.5104 | dual_d 0.9655 | train_acc 0.9810 | train_full n/a | val_acc 1.0000 | val_f1 1.0000 | adv/moduleC 1.00/1.00 | disc_steps 2 | grad(main/disc) 6.969/1.358 | lr(main/disc) 2.75e-05/1.20e-05 | cuda_peak(alloc/resv) 21.77/28.18GB | phase(train/val/raw/train_eval) 3.3/0.4/0.0/0.0s | 3.7s
2026-08-29 21:19:58 | Epoch 048/060 | loss 2.0019 | cls 1.5215 | tal -0.1191 | dual_g 0.5161 | dual_d 0.9426 | train_acc 0.9891 | train_full n/a | val_acc 0.9730 | val_f1 0.9802 | adv/moduleC 1.00/1.00 | disc_steps 2 | grad(main/disc) 6.677/1.292 | lr(main/disc) 2.75e-05/1.20e-05 | cuda_peak(alloc/resv) 21.77/28.18GB | phase(train/val/raw/train_eval) 2.8/0.4/0.0/0.0s | 3.2s
2026-08-29 21:20:02 | Epoch 049/060 | loss 1.9862 | cls 1.5133 | tal -0.1168 | dual_g 0.5079 | dual_d 0.9716 | train_acc 0.9728 | train_full n/a | val_acc 0.9730 | val_f1 0.9802 | adv/moduleC 1.00/1.00 | disc_steps 2 | grad(main/disc) 5.576/1.333 | lr(main/disc) 2.75e-05/1.20e-05 | cuda_peak(alloc/resv) 21.77/28.18GB | phase(train/val/raw/train_eval) 3.2/0.4/0.0/0.0s | 3.7s
2026-08-29 21:20:07 | Epoch 050/060 | loss 1.9849 | cls 1.5225 | tal -0.1257 | dual_g 0.5001 | dual_d 1.0077 | train_acc 0.9837 | train_full 1.0000 | val_acc 1.0000 | val_f1 1.0000 | adv/moduleC 1.00/1.00 | disc_steps 2 | grad(main/disc) 9.385/1.355 | lr(main/disc) 2.75e-05/1.20e-05 | cuda_peak(alloc/resv) 21.77/28.18GB | phase(train/val/raw/train_eval) 3.5/0.4/0.5/0.7s | 5.1s
2026-08-29 21:20:10 | Epoch 051/060 | loss 1.9723 | cls 1.5088 | tal -0.1331 | dual_g 0.5034 | dual_d 1.0088 | train_acc 0.9837 | train_full n/a | val_acc 1.0000 | val_f1 1.0000 | adv/moduleC 1.00/1.00 | disc_steps 2 | grad(main/disc) 6.111/1.345 | lr(main/disc) 2.75e-05/1.20e-05 | cuda_peak(alloc/resv) 21.77/28.18GB | phase(train/val/raw/train_eval) 3.2/0.4/0.0/0.0s | 3.6s
2026-08-29 21:20:14 | Epoch 052/060 | loss 1.9830 | cls 1.5168 | tal -0.1282 | dual_g 0.5046 | dual_d 0.9894 | train_acc 0.9864 | train_full n/a | val_acc 1.0000 | val_f1 1.0000 | adv/moduleC 1.00/1.00 | disc_steps 2 | grad(main/disc) 6.920/1.357 | lr(main/disc) 1.38e-05/6.00e-06 | cuda_peak(alloc/resv) 21.77/28.18GB | phase(train/val/raw/train_eval) 3.1/0.4/0.0/0.0s | 3.5s
2026-08-29 21:20:18 | Epoch 053/060 | loss 1.9424 | cls 1.4899 | tal -0.1291 | dual_g 0.4912 | dual_d 0.9284 | train_acc 0.9837 | train_full n/a | val_acc 1.0000 | val_f1 1.0000 | adv/moduleC 1.00/1.00 | disc_steps 2 | grad(main/disc) 5.535/1.267 | lr(main/disc) 1.38e-05/6.00e-06 | cuda_peak(alloc/resv) 21.77/28.18GB | phase(train/val/raw/train_eval) 3.2/0.4/0.0/0.0s | 3.6s
2026-08-29 21:20:22 | Epoch 054/060 | loss 1.9481 | cls 1.4951 | tal -0.1393 | dual_g 0.4949 | dual_d 0.9890 | train_acc 0.9918 | train_full n/a | val_acc 1.0000 | val_f1 1.0000 | adv/moduleC 1.00/1.00 | disc_steps 2 | grad(main/disc) 5.687/1.333 | lr(main/disc) 1.38e-05/6.00e-06 | cuda_peak(alloc/resv) 21.77/28.18GB | phase(train/val/raw/train_eval) 3.7/0.4/0.0/0.0s | 4.1s
2026-08-29 21:20:27 | Epoch 055/060 | loss 1.9064 | cls 1.4671 | tal -0.1689 | dual_g 0.4900 | dual_d 0.9568 | train_acc 0.9783 | train_full 1.0000 | val_acc 1.0000 | val_f1 1.0000 | adv/moduleC 1.00/1.00 | disc_steps 2 | grad(main/disc) 4.656/1.283 | lr(main/disc) 1.38e-05/6.00e-06 | cuda_peak(alloc/resv) 21.77/28.18GB | phase(train/val/raw/train_eval) 3.5/0.4/0.4/0.7s | 5.1s
2026-08-29 21:20:30 | Epoch 056/060 | loss 1.9134 | cls 1.4665 | tal -0.1496 | dual_g 0.4918 | dual_d 0.9953 | train_acc 0.9891 | train_full n/a | val_acc 1.0000 | val_f1 1.0000 | adv/moduleC 1.00/1.00 | disc_steps 2 | grad(main/disc) 5.767/1.334 | lr(main/disc) 1.38e-05/6.00e-06 | cuda_peak(alloc/resv) 21.77/28.18GB | phase(train/val/raw/train_eval) 3.2/0.4/0.0/0.0s | 3.7s
2026-08-29 21:20:34 | Epoch 057/060 | loss 1.9323 | cls 1.4867 | tal -0.1752 | dual_g 0.4982 | dual_d 0.9380 | train_acc 0.9864 | train_full n/a | val_acc 1.0000 | val_f1 1.0000 | adv/moduleC 1.00/1.00 | disc_steps 2 | grad(main/disc) 5.649/1.252 | lr(main/disc) 1.38e-05/6.00e-06 | cuda_peak(alloc/resv) 21.77/28.18GB | phase(train/val/raw/train_eval) 3.2/0.4/0.0/0.0s | 3.7s
2026-08-29 21:20:38 | Epoch 058/060 | loss 1.9249 | cls 1.4631 | tal -0.1276 | dual_g 0.5001 | dual_d 0.9726 | train_acc 0.9946 | train_full n/a | val_acc 1.0000 | val_f1 1.0000 | adv/moduleC 1.00/1.00 | disc_steps 2 | grad(main/disc) 5.584/1.346 | lr(main/disc) 1.38e-05/6.00e-06 | cuda_peak(alloc/resv) 21.77/28.18GB | phase(train/val/raw/train_eval) 3.1/0.4/0.0/0.0s | 3.5s
2026-08-29 21:20:41 | Epoch 059/060 | loss 1.9388 | cls 1.4844 | tal -0.1169 | dual_g 0.4894 | dual_d 0.9442 | train_acc 0.9864 | train_full n/a | val_acc 1.0000 | val_f1 1.0000 | adv/moduleC 1.00/1.00 | disc_steps 2 | grad(main/disc) 4.978/1.253 | lr(main/disc) 1.38e-05/6.00e-06 | cuda_peak(alloc/resv) 21.77/28.18GB | phase(train/val/raw/train_eval) 3.0/0.4/0.0/0.0s | 3.4s
2026-08-29 21:20:41 | Early stopping at epoch 59 after 18 epochs without val_f1_macro_present improvement.
2026-08-29 21:20:41 | Training complete. Peak validation accuracy: 1.0000 | selected val_f1_macro_present: 1.0000
