2026-08-26 19:22:53 | Starting Dual_D standalone training
2026-08-26 19:22:53 | Run directory: runs/module_c_ablation_60_v4/module_c_20260826_164328/module_c_no_identity_雨天_20260826_182745
2026-08-26 19:22:53 | Device: cuda
2026-08-26 19:22:53 | Source train samples: 992
2026-08-26 19:22:53 | Target train samples: 96
2026-08-26 19:22:53 | Target val samples: 26
2026-08-26 19:22:53 | Classes: 14
2026-08-26 19:22:53 | Data audit: same_dir=False | path_overlap(vis/ir/ais)=0/0/0 | content_overlap(vis/ir/ais)=0/0/0 | ais_index_overlap=0 | stem_mismatch(vis-ir/vis-ais)=117/0
2026-08-26 19:22:53 | source_train classes: present 14/14 | absent 0 | counts [0:120, 1:44, 2:69, 3:45, 4:40, 5:30, 6:64, 7:80, 8:116, 9:68, 10:57, 11:83, 12:48, 13:128]
2026-08-26 19:22:53 | target_train classes: present 6/14 | absent 8 | counts [0:7, 2:19, 9:32, 10:12, 11:6, 13:20]
2026-08-26 19:22:53 | target_val classes: present 6/14 | absent 8 | counts [0:2, 2:5, 9:8, 10:4, 11:2, 13:5]
2026-08-26 19:22:53 | Paired training classes: 6/14 | class ids [0, 2, 9, 10, 11, 13]
2026-08-26 19:22:53 | Runtime profile: batch=80 | paired_steps=3 | workers=16 | train_eval_every=5 | raw_eval_every=5 | early_stop=15 after min_epoch=35
2026-08-26 19:22:53 | VIS/IR pairing: class-level-unpaired | count-mismatch classes train/val: 10/0 | AIS alignment: none | AIS rows train/val: 0/0
2026-08-26 19:22:55 | Model parameters: total=17277714 | trainable=17120210
2026-08-26 19:22:59 | Epoch 001/060 | loss 5.4747 | cls 5.4285 | tal 0.1540 | dual_g 0.0000 | dual_d 0.0000 | train_acc 0.0708 | train_full 0.0417 | val_acc 0.0385 | val_f1 0.0196 | adv/moduleC 0.00/0.00 | disc_steps 0 | grad(main/disc) 16.937/0.000 | lr(main/disc) 9.00e-05/3.50e-05 | cuda_peak(alloc/resv) 18.96/24.42GB | phase(train/val/raw/train_eval) 3.1/0.5/0.5/0.7s | 4.8s
2026-08-26 19:23:04 | New best val_f1_macro_present: 0.0196 at epoch 1
2026-08-26 19:23:08 | Epoch 002/060 | loss 4.4406 | cls 4.4346 | tal 0.0200 | dual_g 0.0000 | dual_d 0.0000 | train_acc 0.1500 | train_full n/a | val_acc 0.1923 | val_f1 0.0833 | adv/moduleC 0.00/0.00 | disc_steps 0 | grad(main/disc) 13.998/0.000 | lr(main/disc) 9.00e-05/3.50e-05 | cuda_peak(alloc/resv) 18.96/24.42GB | phase(train/val/raw/train_eval) 3.1/0.5/0.5/0.0s | 4.1s
2026-08-26 19:23:12 | New best val_f1_macro_present: 0.0833 at epoch 2
2026-08-26 19:23:16 | Epoch 003/060 | loss 3.8446 | cls 3.8462 | tal -0.0053 | dual_g 0.0000 | dual_d 0.0000 | train_acc 0.2625 | train_full n/a | val_acc 0.1923 | val_f1 0.1005 | adv/moduleC 0.00/0.00 | disc_steps 0 | grad(main/disc) 12.600/0.000 | lr(main/disc) 9.00e-05/3.50e-05 | cuda_peak(alloc/resv) 18.96/24.42GB | phase(train/val/raw/train_eval) 2.8/0.5/0.5/0.0s | 3.8s
2026-08-26 19:23:20 | New best val_f1_macro_present: 0.1005 at epoch 3
2026-08-26 19:23:23 | Epoch 004/060 | loss 3.7129 | cls 3.7080 | tal 0.0165 | dual_g 0.0000 | dual_d 0.0000 | train_acc 0.3500 | train_full n/a | val_acc 0.2308 | val_f1 0.1278 | adv/moduleC 0.00/0.00 | disc_steps 0 | grad(main/disc) 12.104/0.000 | lr(main/disc) 9.00e-05/3.50e-05 | cuda_peak(alloc/resv) 18.96/24.42GB | phase(train/val/raw/train_eval) 2.8/0.5/0.5/0.0s | 3.9s
2026-08-26 19:23:27 | New best val_f1_macro_present: 0.1278 at epoch 4
2026-08-26 19:23:32 | Epoch 005/060 | loss 3.5365 | cls 3.2888 | tal 0.0433 | dual_g 0.2347 | dual_d 0.0000 | train_acc 0.4000 | train_full 0.1979 | val_acc 0.2308 | val_f1 0.1308 | adv/moduleC 0.00/0.10 | disc_steps 0 | grad(main/disc) 11.068/0.000 | lr(main/disc) 9.00e-05/3.50e-05 | cuda_peak(alloc/resv) 18.96/24.42GB | phase(train/val/raw/train_eval) 2.7/0.5/0.5/0.7s | 4.4s
2026-08-26 19:23:36 | New best val_f1_macro_present: 0.1308 at epoch 5
2026-08-26 19:23:40 | Epoch 006/060 | loss 3.7496 | cls 3.2750 | tal 0.0873 | dual_g 0.4484 | dual_d 0.0000 | train_acc 0.4542 | train_full n/a | val_acc 0.2692 | val_f1 0.1627 | adv/moduleC 0.00/0.20 | disc_steps 0 | grad(main/disc) 10.901/0.000 | lr(main/disc) 9.00e-05/3.50e-05 | cuda_peak(alloc/resv) 18.96/24.42GB | phase(train/val/raw/train_eval) 3.0/0.5/0.5/0.0s | 4.0s
2026-08-26 19:23:44 | New best val_f1_macro_present: 0.1627 at epoch 6
2026-08-26 19:23:47 | Epoch 007/060 | loss 3.7009 | cls 3.0261 | tal 0.1619 | dual_g 0.6263 | dual_d 0.9019 | train_acc 0.5333 | train_full n/a | val_acc 0.2308 | val_f1 0.1376 | adv/moduleC 0.06/0.30 | disc_steps 3 | grad(main/disc) 10.466/1.867 | lr(main/disc) 9.00e-05/3.50e-05 | cuda_peak(alloc/resv) 18.96/24.42GB | phase(train/val/raw/train_eval) 2.8/0.5/0.0/0.0s | 3.3s
2026-08-26 19:23:51 | Epoch 008/060 | loss 3.5781 | cls 2.7560 | tal 0.1270 | dual_g 0.7840 | dual_d 0.9149 | train_acc 0.5708 | train_full n/a | val_acc 0.2308 | val_f1 0.1588 | adv/moduleC 0.11/0.40 | disc_steps 3 | grad(main/disc) 10.487/1.837 | lr(main/disc) 9.00e-05/3.50e-05 | cuda_peak(alloc/resv) 18.96/24.42GB | phase(train/val/raw/train_eval) 2.8/0.5/0.0/0.0s | 3.3s
2026-08-26 19:23:54 | Epoch 009/060 | loss 3.6971 | cls 2.6826 | tal 0.1726 | dual_g 0.9626 | dual_d 0.9129 | train_acc 0.6292 | train_full n/a | val_acc 0.3846 | val_f1 0.2762 | adv/moduleC 0.17/0.50 | disc_steps 3 | grad(main/disc) 10.873/1.886 | lr(main/disc) 9.00e-05/3.50e-05 | cuda_peak(alloc/resv) 18.96/24.42GB | phase(train/val/raw/train_eval) 2.7/0.5/0.5/0.0s | 3.7s
2026-08-26 19:23:58 | New best val_f1_macro_present: 0.2762 at epoch 9
2026-08-26 19:24:03 | Epoch 010/060 | loss 3.6096 | cls 2.4884 | tal 0.1585 | dual_g 1.0736 | dual_d 0.8471 | train_acc 0.6958 | train_full 0.2917 | val_acc 0.3846 | val_f1 0.2729 | adv/moduleC 0.22/0.60 | disc_steps 3 | grad(main/disc) 10.220/1.763 | lr(main/disc) 9.00e-05/3.50e-05 | cuda_peak(alloc/resv) 18.96/24.42GB | phase(train/val/raw/train_eval) 3.5/0.5/0.5/0.7s | 5.1s
2026-08-26 19:24:07 | Epoch 011/060 | loss 3.5549 | cls 2.3335 | tal 0.1239 | dual_g 1.1843 | dual_d 0.8237 | train_acc 0.6750 | train_full n/a | val_acc 0.3846 | val_f1 0.2729 | adv/moduleC 0.28/0.70 | disc_steps 3 | grad(main/disc) 10.858/1.687 | lr(main/disc) 9.00e-05/3.50e-05 | cuda_peak(alloc/resv) 18.96/24.42GB | phase(train/val/raw/train_eval) 3.1/0.5/0.0/0.0s | 3.6s
2026-08-26 19:24:10 | Epoch 012/060 | loss 3.5582 | cls 2.1932 | tal 0.0970 | dual_g 1.3360 | dual_d 0.8065 | train_acc 0.7292 | train_full n/a | val_acc 0.3846 | val_f1 0.2729 | adv/moduleC 0.33/0.80 | disc_steps 3 | grad(main/disc) 10.419/1.676 | lr(main/disc) 9.00e-05/3.50e-05 | cuda_peak(alloc/resv) 18.96/24.42GB | phase(train/val/raw/train_eval) 2.4/0.5/0.0/0.0s | 2.9s
2026-08-26 19:24:13 | Epoch 013/060 | loss 3.3823 | cls 2.0154 | tal 0.0951 | dual_g 1.3384 | dual_d 0.8139 | train_acc 0.7417 | train_full n/a | val_acc 0.4615 | val_f1 0.3716 | adv/moduleC 0.39/0.90 | disc_steps 3 | grad(main/disc) 11.822/1.652 | lr(main/disc) 9.00e-05/3.50e-05 | cuda_peak(alloc/resv) 18.96/24.42GB | phase(train/val/raw/train_eval) 2.6/0.5/0.5/0.0s | 3.5s
2026-08-26 19:24:17 | New best val_f1_macro_present: 0.3716 at epoch 13
2026-08-26 19:24:21 | Epoch 014/060 | loss 3.5833 | cls 2.0310 | tal 0.1469 | dual_g 1.5082 | dual_d 0.7629 | train_acc 0.7667 | train_full n/a | val_acc 0.4615 | val_f1 0.3716 | adv/moduleC 0.44/1.00 | disc_steps 3 | grad(main/disc) 13.547/1.581 | lr(main/disc) 9.00e-05/3.50e-05 | cuda_peak(alloc/resv) 18.96/24.42GB | phase(train/val/raw/train_eval) 2.8/0.5/0.0/0.0s | 3.2s
2026-08-26 19:24:25 | Epoch 015/060 | loss 3.3126 | cls 1.8372 | tal 0.0340 | dual_g 1.4653 | dual_d 0.7629 | train_acc 0.8583 | train_full 0.6667 | val_acc 0.5385 | val_f1 0.5476 | adv/moduleC 0.50/1.00 | disc_steps 3 | grad(main/disc) 10.751/1.551 | lr(main/disc) 9.00e-05/3.50e-05 | cuda_peak(alloc/resv) 18.96/24.42GB | phase(train/val/raw/train_eval) 2.9/0.5/0.5/0.7s | 4.6s
2026-08-26 19:24:29 | New best val_f1_macro_present: 0.5476 at epoch 15
2026-08-26 19:24:33 | Epoch 016/060 | loss 3.2612 | cls 1.8471 | tal 0.0199 | dual_g 1.4081 | dual_d 0.7522 | train_acc 0.8417 | train_full n/a | val_acc 0.5769 | val_f1 0.6008 | adv/moduleC 0.56/1.00 | disc_steps 3 | grad(main/disc) 10.733/1.544 | lr(main/disc) 9.00e-05/3.50e-05 | cuda_peak(alloc/resv) 18.96/24.42GB | phase(train/val/raw/train_eval) 2.7/0.5/0.5/0.0s | 3.6s
2026-08-26 19:24:37 | New best val_f1_macro_present: 0.6008 at epoch 16
2026-08-26 19:24:41 | Epoch 017/060 | loss 2.9639 | cls 1.6466 | tal -0.0085 | dual_g 1.3198 | dual_d 0.7523 | train_acc 0.8708 | train_full n/a | val_acc 0.6923 | val_f1 0.7235 | adv/moduleC 0.61/1.00 | disc_steps 3 | grad(main/disc) 9.178/1.461 | lr(main/disc) 9.00e-05/3.50e-05 | cuda_peak(alloc/resv) 18.96/24.42GB | phase(train/val/raw/train_eval) 2.9/0.5/0.5/0.0s | 3.9s
2026-08-26 19:24:45 | New best val_f1_macro_present: 0.7235 at epoch 17
2026-08-26 19:24:49 | Epoch 018/060 | loss 2.9318 | cls 1.6274 | tal 0.0247 | dual_g 1.2969 | dual_d 0.7202 | train_acc 0.8958 | train_full n/a | val_acc 0.6154 | val_f1 0.6337 | adv/moduleC 0.67/1.00 | disc_steps 3 | grad(main/disc) 8.826/1.441 | lr(main/disc) 9.00e-05/3.50e-05 | cuda_peak(alloc/resv) 18.96/24.42GB | phase(train/val/raw/train_eval) 3.3/0.5/0.0/0.0s | 3.8s
2026-08-26 19:24:52 | Epoch 019/060 | loss 2.8008 | cls 1.5742 | tal -0.0165 | dual_g 1.2316 | dual_d 0.7494 | train_acc 0.9083 | train_full n/a | val_acc 0.6538 | val_f1 0.6866 | adv/moduleC 0.72/1.00 | disc_steps 3 | grad(main/disc) 8.899/1.466 | lr(main/disc) 9.00e-05/3.50e-05 | cuda_peak(alloc/resv) 18.96/24.42GB | phase(train/val/raw/train_eval) 2.9/0.5/0.0/0.0s | 3.4s
2026-08-26 19:24:57 | Epoch 020/060 | loss 2.7308 | cls 1.5242 | tal -0.0607 | dual_g 1.2249 | dual_d 0.7272 | train_acc 0.9125 | train_full 0.8646 | val_acc 0.8077 | val_f1 0.8112 | adv/moduleC 0.78/1.00 | disc_steps 3 | grad(main/disc) 9.443/1.430 | lr(main/disc) 9.00e-05/3.50e-05 | cuda_peak(alloc/resv) 18.96/24.42GB | phase(train/val/raw/train_eval) 2.9/0.5/0.5/0.7s | 4.6s
2026-08-26 19:25:01 | New best val_f1_macro_present: 0.8112 at epoch 20
2026-08-26 19:25:04 | Epoch 021/060 | loss 2.6013 | cls 1.4565 | tal -0.0492 | dual_g 1.1595 | dual_d 0.7002 | train_acc 0.9375 | train_full n/a | val_acc 0.7692 | val_f1 0.7927 | adv/moduleC 0.83/1.00 | disc_steps 3 | grad(main/disc) 9.184/1.371 | lr(main/disc) 9.00e-05/3.50e-05 | cuda_peak(alloc/resv) 18.96/24.42GB | phase(train/val/raw/train_eval) 2.7/0.5/0.0/0.0s | 3.2s
2026-08-26 19:25:08 | Epoch 022/060 | loss 2.5241 | cls 1.4263 | tal -0.0852 | dual_g 1.1233 | dual_d 0.6725 | train_acc 0.9583 | train_full n/a | val_acc 0.7692 | val_f1 0.8187 | adv/moduleC 0.89/1.00 | disc_steps 3 | grad(main/disc) 8.065/1.314 | lr(main/disc) 9.00e-05/3.50e-05 | cuda_peak(alloc/resv) 18.96/24.42GB | phase(train/val/raw/train_eval) 3.1/0.5/0.5/0.0s | 4.0s
2026-08-26 19:25:12 | New best val_f1_macro_present: 0.8187 at epoch 22
2026-08-26 19:25:15 | Epoch 023/060 | loss 2.5716 | cls 1.4386 | tal -0.0824 | dual_g 1.1577 | dual_d 0.6625 | train_acc 0.9500 | train_full n/a | val_acc 0.7308 | val_f1 0.7683 | adv/moduleC 0.94/1.00 | disc_steps 3 | grad(main/disc) 8.241/1.256 | lr(main/disc) 9.00e-05/3.50e-05 | cuda_peak(alloc/resv) 18.96/24.42GB | phase(train/val/raw/train_eval) 2.7/0.5/0.0/0.0s | 3.3s
2026-08-26 19:25:19 | Epoch 024/060 | loss 2.5085 | cls 1.4104 | tal -0.1555 | dual_g 1.1447 | dual_d 0.6725 | train_acc 0.9708 | train_full n/a | val_acc 0.7692 | val_f1 0.8053 | adv/moduleC 1.00/1.00 | disc_steps 3 | grad(main/disc) 8.309/1.233 | lr(main/disc) 9.00e-05/3.50e-05 | cuda_peak(alloc/resv) 18.96/24.42GB | phase(train/val/raw/train_eval) 2.7/0.5/0.0/0.0s | 3.2s
2026-08-26 19:25:24 | Epoch 025/060 | loss 2.4875 | cls 1.4055 | tal -0.1159 | dual_g 1.1169 | dual_d 0.6974 | train_acc 0.9625 | train_full 0.9583 | val_acc 0.8846 | val_f1 0.8778 | adv/moduleC 1.00/1.00 | disc_steps 3 | grad(main/disc) 11.615/1.278 | lr(main/disc) 9.00e-05/3.50e-05 | cuda_peak(alloc/resv) 18.96/24.42GB | phase(train/val/raw/train_eval) 3.1/0.5/0.5/0.7s | 4.8s
2026-08-26 19:25:28 | New best val_f1_macro_present: 0.8778 at epoch 25
2026-08-26 19:25:31 | Epoch 026/060 | loss 2.3636 | cls 1.3485 | tal -0.2281 | dual_g 1.0836 | dual_d 0.7150 | train_acc 0.9750 | train_full n/a | val_acc 0.8846 | val_f1 0.8778 | adv/moduleC 1.00/1.00 | disc_steps 3 | grad(main/disc) 8.204/1.288 | lr(main/disc) 9.00e-05/3.50e-05 | cuda_peak(alloc/resv) 18.96/24.42GB | phase(train/val/raw/train_eval) 3.1/0.5/0.0/0.0s | 3.6s
2026-08-26 19:25:35 | Epoch 027/060 | loss 2.3841 | cls 1.3649 | tal -0.2176 | dual_g 1.0844 | dual_d 0.7415 | train_acc 0.9750 | train_full n/a | val_acc 0.9231 | val_f1 0.9370 | adv/moduleC 1.00/1.00 | disc_steps 3 | grad(main/disc) 7.895/1.298 | lr(main/disc) 9.00e-05/3.50e-05 | cuda_peak(alloc/resv) 18.96/24.42GB | phase(train/val/raw/train_eval) 2.8/0.5/0.5/0.0s | 3.8s
2026-08-26 19:25:39 | New best val_f1_macro_present: 0.9370 at epoch 27
2026-08-26 19:25:43 | Epoch 028/060 | loss 2.2973 | cls 1.3303 | tal -0.2542 | dual_g 1.0432 | dual_d 0.7115 | train_acc 0.9875 | train_full n/a | val_acc 0.8846 | val_f1 0.9122 | adv/moduleC 1.00/1.00 | disc_steps 3 | grad(main/disc) 7.560/1.261 | lr(main/disc) 9.00e-05/3.50e-05 | cuda_peak(alloc/resv) 18.96/24.42GB | phase(train/val/raw/train_eval) 3.0/0.5/0.0/0.0s | 3.5s
2026-08-26 19:25:47 | Epoch 029/060 | loss 2.2699 | cls 1.3058 | tal -0.2660 | dual_g 1.0439 | dual_d 0.7283 | train_acc 0.9875 | train_full n/a | val_acc 0.9615 | val_f1 0.9630 | adv/moduleC 1.00/1.00 | disc_steps 3 | grad(main/disc) 6.673/1.277 | lr(main/disc) 9.00e-05/3.50e-05 | cuda_peak(alloc/resv) 18.96/24.42GB | phase(train/val/raw/train_eval) 3.4/0.5/0.5/0.0s | 4.4s
2026-08-26 19:25:51 | New best val_f1_macro_present: 0.9630 at epoch 29
2026-08-26 19:25:56 | Epoch 030/060 | loss 2.2934 | cls 1.3152 | tal -0.2092 | dual_g 1.0410 | dual_d 0.7382 | train_acc 0.9792 | train_full 0.9583 | val_acc 0.9231 | val_f1 0.9111 | adv/moduleC 1.00/1.00 | disc_steps 3 | grad(main/disc) 6.881/1.251 | lr(main/disc) 9.00e-05/3.50e-05 | cuda_peak(alloc/resv) 18.96/24.42GB | phase(train/val/raw/train_eval) 3.2/0.5/0.5/0.7s | 4.8s
2026-08-26 19:25:59 | Epoch 031/060 | loss 2.2465 | cls 1.3056 | tal -0.2410 | dual_g 1.0132 | dual_d 0.7396 | train_acc 0.9958 | train_full n/a | val_acc 0.9231 | val_f1 0.9250 | adv/moduleC 1.00/1.00 | disc_steps 3 | grad(main/disc) 6.357/1.210 | lr(main/disc) 9.00e-05/3.50e-05 | cuda_peak(alloc/resv) 18.96/24.42GB | phase(train/val/raw/train_eval) 2.8/0.5/0.0/0.0s | 3.2s
2026-08-26 19:26:02 | Epoch 032/060 | loss 2.2430 | cls 1.3052 | tal -0.2194 | dual_g 1.0036 | dual_d 0.7865 | train_acc 0.9917 | train_full n/a | val_acc 0.9231 | val_f1 0.9250 | adv/moduleC 1.00/1.00 | disc_steps 3 | grad(main/disc) 5.970/1.300 | lr(main/disc) 9.00e-05/3.50e-05 | cuda_peak(alloc/resv) 18.96/24.42GB | phase(train/val/raw/train_eval) 2.9/0.5/0.0/0.0s | 3.4s
2026-08-26 19:26:06 | Epoch 033/060 | loss 2.1741 | cls 1.2638 | tal -0.2670 | dual_g 0.9904 | dual_d 0.7745 | train_acc 0.9833 | train_full n/a | val_acc 0.9231 | val_f1 0.9250 | adv/moduleC 1.00/1.00 | disc_steps 3 | grad(main/disc) 5.624/1.284 | lr(main/disc) 9.00e-05/3.50e-05 | cuda_peak(alloc/resv) 18.96/24.42GB | phase(train/val/raw/train_eval) 3.0/0.5/0.0/0.0s | 3.5s
2026-08-26 19:26:09 | Epoch 034/060 | loss 2.1694 | cls 1.2603 | tal -0.2771 | dual_g 0.9922 | dual_d 0.7958 | train_acc 0.9875 | train_full n/a | val_acc 0.9231 | val_f1 0.9111 | adv/moduleC 1.00/1.00 | disc_steps 3 | grad(main/disc) 8.946/1.314 | lr(main/disc) 9.00e-05/3.50e-05 | cuda_peak(alloc/resv) 18.96/24.42GB | phase(train/val/raw/train_eval) 2.6/0.5/0.0/0.0s | 3.1s
2026-08-26 19:26:13 | Epoch 035/060 | loss 2.1706 | cls 1.2748 | tal -0.2505 | dual_g 0.9709 | dual_d 0.7875 | train_acc 1.0000 | train_full 0.9479 | val_acc 0.9231 | val_f1 0.9250 | adv/moduleC 1.00/1.00 | disc_steps 3 | grad(main/disc) 6.254/1.292 | lr(main/disc) 9.00e-05/3.50e-05 | cuda_peak(alloc/resv) 18.96/24.42GB | phase(train/val/raw/train_eval) 2.7/0.5/0.5/0.7s | 4.4s
2026-08-26 19:26:17 | Epoch 036/060 | loss 2.1318 | cls 1.2425 | tal -0.2394 | dual_g 0.9611 | dual_d 0.7924 | train_acc 0.9917 | train_full n/a | val_acc 0.9615 | val_f1 0.9630 | adv/moduleC 1.00/1.00 | disc_steps 3 | grad(main/disc) 5.173/1.259 | lr(main/disc) 4.50e-05/1.75e-05 | cuda_peak(alloc/resv) 18.96/24.42GB | phase(train/val/raw/train_eval) 2.7/0.5/0.0/0.0s | 3.3s
2026-08-26 19:26:20 | Epoch 037/060 | loss 2.1671 | cls 1.2735 | tal -0.2235 | dual_g 0.9606 | dual_d 0.8193 | train_acc 0.9917 | train_full n/a | val_acc 0.9615 | val_f1 0.9630 | adv/moduleC 1.00/1.00 | disc_steps 3 | grad(main/disc) 6.144/1.291 | lr(main/disc) 4.50e-05/1.75e-05 | cuda_peak(alloc/resv) 18.96/24.42GB | phase(train/val/raw/train_eval) 2.8/0.5/0.0/0.0s | 3.3s
2026-08-26 19:26:23 | Epoch 038/060 | loss 2.1119 | cls 1.2526 | tal -0.2837 | dual_g 0.9444 | dual_d 0.8375 | train_acc 0.9750 | train_full n/a | val_acc 0.9615 | val_f1 0.9630 | adv/moduleC 1.00/1.00 | disc_steps 3 | grad(main/disc) 5.630/1.294 | lr(main/disc) 4.50e-05/1.75e-05 | cuda_peak(alloc/resv) 18.96/24.42GB | phase(train/val/raw/train_eval) 3.0/0.5/0.0/0.0s | 3.5s
2026-08-26 19:26:27 | Epoch 039/060 | loss 2.0675 | cls 1.2252 | tal -0.2849 | dual_g 0.9278 | dual_d 0.8426 | train_acc 0.9917 | train_full n/a | val_acc 1.0000 | val_f1 1.0000 | adv/moduleC 1.00/1.00 | disc_steps 3 | grad(main/disc) 4.128/1.320 | lr(main/disc) 4.50e-05/1.75e-05 | cuda_peak(alloc/resv) 18.96/24.42GB | phase(train/val/raw/train_eval) 2.8/0.5/0.5/0.0s | 3.7s
2026-08-26 19:26:31 | New best val_f1_macro_present: 1.0000 at epoch 39
2026-08-26 19:26:36 | Epoch 040/060 | loss 2.1303 | cls 1.2564 | tal -0.2706 | dual_g 0.9551 | dual_d 0.8434 | train_acc 0.9958 | train_full 0.9896 | val_acc 1.0000 | val_f1 1.0000 | adv/moduleC 1.00/1.00 | disc_steps 3 | grad(main/disc) 7.201/1.292 | lr(main/disc) 4.50e-05/1.75e-05 | cuda_peak(alloc/resv) 18.96/24.42GB | phase(train/val/raw/train_eval) 2.6/0.5/0.5/0.7s | 4.3s
2026-08-26 19:26:39 | Epoch 041/060 | loss 2.1035 | cls 1.2492 | tal -0.3011 | dual_g 0.9446 | dual_d 0.8168 | train_acc 0.9958 | train_full n/a | val_acc 1.0000 | val_f1 1.0000 | adv/moduleC 1.00/1.00 | disc_steps 3 | grad(main/disc) 4.828/1.258 | lr(main/disc) 4.50e-05/1.75e-05 | cuda_peak(alloc/resv) 18.96/24.42GB | phase(train/val/raw/train_eval) 2.8/0.5/0.0/0.0s | 3.3s
2026-08-26 19:26:42 | Epoch 042/060 | loss 2.0704 | cls 1.2442 | tal -0.3079 | dual_g 0.9185 | dual_d 0.8158 | train_acc 0.9958 | train_full n/a | val_acc 0.9231 | val_f1 0.9250 | adv/moduleC 1.00/1.00 | disc_steps 3 | grad(main/disc) 6.935/1.247 | lr(main/disc) 4.50e-05/1.75e-05 | cuda_peak(alloc/resv) 18.96/24.42GB | phase(train/val/raw/train_eval) 2.9/0.5/0.0/0.0s | 3.4s
2026-08-26 19:26:46 | Epoch 043/060 | loss 2.1313 | cls 1.2601 | tal -0.2708 | dual_g 0.9524 | dual_d 0.8744 | train_acc 0.9833 | train_full n/a | val_acc 0.9231 | val_f1 0.9250 | adv/moduleC 1.00/1.00 | disc_steps 3 | grad(main/disc) 5.607/1.328 | lr(main/disc) 4.50e-05/1.75e-05 | cuda_peak(alloc/resv) 18.96/24.42GB | phase(train/val/raw/train_eval) 3.1/0.5/0.0/0.0s | 3.6s
2026-08-26 19:26:49 | Epoch 044/060 | loss 2.0964 | cls 1.2359 | tal -0.2984 | dual_g 0.9501 | dual_d 0.8248 | train_acc 0.9958 | train_full n/a | val_acc 0.9231 | val_f1 0.9250 | adv/moduleC 1.00/1.00 | disc_steps 3 | grad(main/disc) 6.170/1.271 | lr(main/disc) 4.50e-05/1.75e-05 | cuda_peak(alloc/resv) 18.96/24.42GB | phase(train/val/raw/train_eval) 2.3/0.5/0.0/0.0s | 2.8s
2026-08-26 19:26:53 | Epoch 045/060 | loss 2.0265 | cls 1.2121 | tal -0.3327 | dual_g 0.9142 | dual_d 0.8439 | train_acc 0.9958 | train_full 1.0000 | val_acc 0.9615 | val_f1 0.9630 | adv/moduleC 1.00/1.00 | disc_steps 3 | grad(main/disc) 5.033/1.297 | lr(main/disc) 4.50e-05/1.75e-05 | cuda_peak(alloc/resv) 18.96/24.42GB | phase(train/val/raw/train_eval) 2.7/0.5/0.5/0.6s | 4.2s
2026-08-26 19:26:56 | Epoch 046/060 | loss 2.0400 | cls 1.2157 | tal -0.3322 | dual_g 0.9240 | dual_d 0.8381 | train_acc 0.9958 | train_full n/a | val_acc 1.0000 | val_f1 1.0000 | adv/moduleC 1.00/1.00 | disc_steps 3 | grad(main/disc) 4.928/1.256 | lr(main/disc) 2.25e-05/8.75e-06 | cuda_peak(alloc/resv) 18.96/24.42GB | phase(train/val/raw/train_eval) 2.6/0.5/0.0/0.0s | 3.1s
2026-08-26 19:26:59 | Epoch 047/060 | loss 2.0403 | cls 1.2141 | tal -0.2924 | dual_g 0.9139 | dual_d 0.8680 | train_acc 0.9917 | train_full n/a | val_acc 1.0000 | val_f1 1.0000 | adv/moduleC 1.00/1.00 | disc_steps 3 | grad(main/disc) 5.061/1.273 | lr(main/disc) 2.25e-05/8.75e-06 | cuda_peak(alloc/resv) 18.96/24.42GB | phase(train/val/raw/train_eval) 2.6/0.5/0.0/0.0s | 3.0s
2026-08-26 19:27:02 | Epoch 048/060 | loss 2.0063 | cls 1.2054 | tal -0.3441 | dual_g 0.9042 | dual_d 0.8490 | train_acc 0.9917 | train_full n/a | val_acc 0.9615 | val_f1 0.9630 | adv/moduleC 1.00/1.00 | disc_steps 3 | grad(main/disc) 3.966/1.272 | lr(main/disc) 2.25e-05/8.75e-06 | cuda_peak(alloc/resv) 18.96/24.42GB | phase(train/val/raw/train_eval) 2.3/0.5/0.0/0.0s | 2.8s
2026-08-26 19:27:05 | Epoch 049/060 | loss 2.0247 | cls 1.2059 | tal -0.3091 | dual_g 0.9116 | dual_d 0.8547 | train_acc 0.9917 | train_full n/a | val_acc 0.9615 | val_f1 0.9630 | adv/moduleC 1.00/1.00 | disc_steps 3 | grad(main/disc) 4.441/1.286 | lr(main/disc) 2.25e-05/8.75e-06 | cuda_peak(alloc/resv) 18.96/24.42GB | phase(train/val/raw/train_eval) 2.9/0.5/0.0/0.0s | 3.4s
2026-08-26 19:27:09 | Epoch 050/060 | loss 1.9824 | cls 1.1849 | tal -0.2998 | dual_g 0.8875 | dual_d 0.8338 | train_acc 0.9958 | train_full 0.9896 | val_acc 0.9615 | val_f1 0.9630 | adv/moduleC 1.00/1.00 | disc_steps 3 | grad(main/disc) 3.078/1.201 | lr(main/disc) 2.25e-05/8.75e-06 | cuda_peak(alloc/resv) 18.96/24.42GB | phase(train/val/raw/train_eval) 2.6/0.5/0.5/0.7s | 4.2s
2026-08-26 19:27:13 | Epoch 051/060 | loss 2.0098 | cls 1.2043 | tal -0.3202 | dual_g 0.9015 | dual_d 0.8678 | train_acc 0.9917 | train_full n/a | val_acc 0.9615 | val_f1 0.9630 | adv/moduleC 1.00/1.00 | disc_steps 3 | grad(main/disc) 6.471/1.264 | lr(main/disc) 2.25e-05/8.75e-06 | cuda_peak(alloc/resv) 18.96/24.42GB | phase(train/val/raw/train_eval) 2.8/0.5/0.0/0.0s | 3.3s
2026-08-26 19:27:16 | Epoch 052/060 | loss 2.0192 | cls 1.1973 | tal -0.2711 | dual_g 0.9032 | dual_d 0.8426 | train_acc 0.9917 | train_full n/a | val_acc 0.9615 | val_f1 0.9630 | adv/moduleC 1.00/1.00 | disc_steps 3 | grad(main/disc) 4.364/1.256 | lr(main/disc) 2.25e-05/8.75e-06 | cuda_peak(alloc/resv) 18.96/24.42GB | phase(train/val/raw/train_eval) 2.6/0.5/0.0/0.0s | 3.1s
2026-08-26 19:27:19 | Epoch 053/060 | loss 2.0618 | cls 1.2384 | tal -0.2931 | dual_g 0.9114 | dual_d 0.8194 | train_acc 0.9833 | train_full n/a | val_acc 0.9615 | val_f1 0.9630 | adv/moduleC 1.00/1.00 | disc_steps 3 | grad(main/disc) 5.712/1.214 | lr(main/disc) 1.13e-05/4.37e-06 | cuda_peak(alloc/resv) 18.96/24.42GB | phase(train/val/raw/train_eval) 2.5/0.5/0.0/0.0s | 3.0s
2026-08-26 19:27:22 | Epoch 054/060 | loss 2.0162 | cls 1.2055 | tal -0.3037 | dual_g 0.9018 | dual_d 0.8553 | train_acc 0.9833 | train_full n/a | val_acc 0.9615 | val_f1 0.9630 | adv/moduleC 1.00/1.00 | disc_steps 3 | grad(main/disc) 4.880/1.266 | lr(main/disc) 1.13e-05/4.37e-06 | cuda_peak(alloc/resv) 18.96/24.42GB | phase(train/val/raw/train_eval) 2.5/0.5/0.0/0.0s | 3.0s
2026-08-26 19:27:22 | Early stopping at epoch 54 after 15 epochs without val_f1_macro_present improvement.
2026-08-26 19:27:22 | Training complete. Best validation accuracy: 1.0000 | best val_f1_macro_present: 1.0000
