2026-08-30 03:57:41 | Starting Dual_D standalone training
2026-08-30 03:57:41 | Run directory: runs/module_c_ablation_60_v9/module_c_20260830_023711/module_c_no_paired_contrastive_雨天_20260830_033814
2026-08-30 03:57:41 | Device: cuda
2026-08-30 03:57:41 | Source train samples: 992
2026-08-30 03:57:41 | Target train samples: 96
2026-08-30 03:57:41 | Target val samples: 26
2026-08-30 03:57:41 | Classes: 14
2026-08-30 03:57:41 | Data audit: same_dir=False | path_overlap(vis/ir/ais)=0/0/0 | content_overlap(vis/ir/ais)=0/0/0 | ais_index_overlap=0 | stem_mismatch(vis-ir/vis-ais)=117/0
2026-08-30 03:57:41 | source_train classes: present 14/14 | absent 0 | counts [0:120, 1:44, 2:69, 3:45, 4:40, 5:30, 6:64, 7:80, 8:116, 9:68, 10:57, 11:83, 12:48, 13:128]
2026-08-30 03:57:41 | target_train classes: present 6/14 | absent 8 | counts [0:7, 2:19, 9:32, 10:12, 11:6, 13:20]
2026-08-30 03:57:41 | target_val classes: present 6/14 | absent 8 | counts [0:2, 2:5, 9:8, 10:4, 11:2, 13:5]
2026-08-30 03:57:41 | Paired training classes: 6/14 | class ids [0, 2, 9, 10, 11, 13]
2026-08-30 03:57:41 | Runtime profile: batch=16 | paired_steps=6 | workers=16 | train_eval_every=5 | raw_eval_every=5 | stability_window=3 | lr_scheduler_start=24 | early_stop=12 after min_epoch=35
2026-08-30 03:57:41 | Augmentation profile: base=0.550 | visible=0.600 | infrared=0.400 | freeze_frozen_batch_norm_stats=True
2026-08-30 03:57:41 | VIS/IR pairing: class-level-unpaired | count-mismatch classes train/val: 10/0 | AIS alignment: none | AIS rows train/val: 0/0
2026-08-30 03:57:41 | Effective Dual-D loss weights: {"adv_auxiliary": 0.02, "adv_primary": 0.02, "classification": 0.6, "contrastive": 0.0, "cycle": 0.12, "identity": 0.025, "prototype_contrastive": 0.03}
2026-08-30 03:57:41 | Model parameters: total=17277714 | trainable=17120210
2026-08-30 03:57:44 | Epoch 001/060 | loss 5.8939 | cls 5.9656 | tal -0.2388 | dual_g 0.0000 | dual_d 0.0000 | train_acc 0.1146 | train_full 0.0938 | val_acc 0.1154 | val_f1 0.0751 | adv/moduleC 0.00/0.00 | disc_steps 0 | grad(main/disc) 34.101/0.000 | lr(main/disc) 9.00e-05/2.75e-05 | cuda_peak(alloc/resv) 4.09/5.12GB | phase(train/val/raw/train_eval) 1.2/0.4/0.4/0.4s | 2.3s
2026-08-30 03:57:45 | Epoch 002/060 | loss 4.2337 | cls 4.3865 | tal -0.5094 | dual_g 0.0000 | dual_d 0.0000 | train_acc 0.2708 | train_full n/a | val_acc 0.0769 | val_f1 0.0238 | adv/moduleC 0.00/0.00 | disc_steps 0 | grad(main/disc) 27.487/0.000 | lr(main/disc) 9.00e-05/2.75e-05 | cuda_peak(alloc/resv) 4.09/5.12GB | phase(train/val/raw/train_eval) 0.8/0.4/0.0/0.0s | 1.2s
2026-08-30 03:57:46 | Epoch 003/060 | loss 3.6477 | cls 3.8044 | tal -0.5223 | dual_g 0.0000 | dual_d 0.0000 | train_acc 0.4062 | train_full n/a | val_acc 0.1538 | val_f1 0.1600 | adv/moduleC 0.00/0.00 | disc_steps 0 | grad(main/disc) 23.851/0.000 | lr(main/disc) 9.00e-05/2.75e-05 | cuda_peak(alloc/resv) 4.09/5.12GB | phase(train/val/raw/train_eval) 0.8/0.4/0.4/0.0s | 1.5s
2026-08-30 03:57:48 | New best val_f1_macro_present: raw=0.1600 stable_score=0.0238 at epoch 3
2026-08-30 03:57:50 | Epoch 004/060 | loss 3.4864 | cls 3.3034 | tal -0.4274 | dual_g 0.3112 | dual_d 0.0000 | train_acc 0.3958 | train_full n/a | val_acc 0.3846 | val_f1 0.3651 | adv/moduleC 0.00/0.12 | disc_steps 0 | grad(main/disc) 21.569/0.000 | lr(main/disc) 9.00e-05/2.75e-05 | cuda_peak(alloc/resv) 4.09/5.12GB | phase(train/val/raw/train_eval) 0.9/0.4/0.0/0.0s | 1.2s
2026-08-30 03:57:52 | Epoch 005/060 | loss 4.0235 | cls 3.5576 | tal -0.3519 | dual_g 0.5715 | dual_d 0.0000 | train_acc 0.5104 | train_full 0.3125 | val_acc 0.3846 | val_f1 0.3662 | adv/moduleC 0.00/0.25 | disc_steps 0 | grad(main/disc) 22.671/0.000 | lr(main/disc) 9.00e-05/2.75e-05 | cuda_peak(alloc/resv) 4.09/5.12GB | phase(train/val/raw/train_eval) 0.8/0.4/0.4/0.4s | 1.9s
2026-08-30 03:57:54 | New best val_f1_macro_present: raw=0.3662 stable_score=0.1600 at epoch 5
2026-08-30 03:57:55 | Epoch 006/060 | loss 3.7876 | cls 3.0698 | tal -0.2032 | dual_g 0.7788 | dual_d 0.0000 | train_acc 0.5312 | train_full n/a | val_acc 0.4615 | val_f1 0.4545 | adv/moduleC 0.00/0.38 | disc_steps 0 | grad(main/disc) 21.120/0.000 | lr(main/disc) 9.00e-05/2.75e-05 | cuda_peak(alloc/resv) 4.09/5.12GB | phase(train/val/raw/train_eval) 0.8/0.4/0.4/0.0s | 1.5s
2026-08-30 03:57:57 | New best val_f1_macro_present: raw=0.4545 stable_score=0.3651 at epoch 6
2026-08-30 03:57:59 | Epoch 007/060 | loss 3.9993 | cls 3.0186 | tal -0.1902 | dual_g 1.0378 | dual_d 0.7715 | train_acc 0.6042 | train_full n/a | val_acc 0.4615 | val_f1 0.4286 | adv/moduleC 0.07/0.50 | disc_steps 3 | grad(main/disc) 21.749/2.232 | lr(main/disc) 9.00e-05/2.75e-05 | cuda_peak(alloc/resv) 4.09/5.12GB | phase(train/val/raw/train_eval) 1.0/0.4/0.4/0.0s | 1.8s
2026-08-30 03:58:01 | New best val_f1_macro_present: raw=0.4286 stable_score=0.3662 at epoch 7
2026-08-30 03:58:02 | Epoch 008/060 | loss 3.7605 | cls 2.6697 | tal -0.1731 | dual_g 1.1427 | dual_d 0.7587 | train_acc 0.6562 | train_full n/a | val_acc 0.3462 | val_f1 0.3346 | adv/moduleC 0.13/0.62 | disc_steps 3 | grad(main/disc) 21.117/2.151 | lr(main/disc) 9.00e-05/2.75e-05 | cuda_peak(alloc/resv) 4.09/5.12GB | phase(train/val/raw/train_eval) 0.8/0.4/0.0/0.0s | 1.2s
2026-08-30 03:58:03 | Epoch 009/060 | loss 3.9912 | cls 2.7265 | tal -0.1843 | dual_g 1.3200 | dual_d 0.7743 | train_acc 0.6562 | train_full n/a | val_acc 0.6154 | val_f1 0.6553 | adv/moduleC 0.20/0.75 | disc_steps 3 | grad(main/disc) 21.641/2.119 | lr(main/disc) 9.00e-05/2.75e-05 | cuda_peak(alloc/resv) 4.09/5.12GB | phase(train/val/raw/train_eval) 0.7/0.4/0.0/0.0s | 1.1s
2026-08-30 03:58:05 | Epoch 010/060 | loss 3.5295 | cls 2.2095 | tal -0.1722 | dual_g 1.3716 | dual_d 0.7825 | train_acc 0.8229 | train_full 0.6250 | val_acc 0.5385 | val_f1 0.5460 | adv/moduleC 0.27/0.88 | disc_steps 3 | grad(main/disc) 17.835/2.238 | lr(main/disc) 9.00e-05/2.75e-05 | cuda_peak(alloc/resv) 4.09/5.12GB | phase(train/val/raw/train_eval) 0.7/0.4/0.4/0.4s | 1.9s
2026-08-30 03:58:07 | Epoch 011/060 | loss 3.9082 | cls 2.4095 | tal -0.1594 | dual_g 1.5465 | dual_d 0.8001 | train_acc 0.7500 | train_full n/a | val_acc 0.5769 | val_f1 0.5912 | adv/moduleC 0.33/1.00 | disc_steps 3 | grad(main/disc) 21.243/2.068 | lr(main/disc) 9.00e-05/2.75e-05 | cuda_peak(alloc/resv) 4.09/5.12GB | phase(train/val/raw/train_eval) 0.9/0.4/0.4/0.0s | 1.6s
2026-08-30 03:58:09 | New best val_f1_macro_present: raw=0.5912 stable_score=0.5460 at epoch 11
2026-08-30 03:58:10 | Epoch 012/060 | loss 3.6765 | cls 2.2513 | tal -0.1297 | dual_g 1.4641 | dual_d 0.7675 | train_acc 0.7708 | train_full n/a | val_acc 0.6154 | val_f1 0.5960 | adv/moduleC 0.40/1.00 | disc_steps 3 | grad(main/disc) 20.845/2.176 | lr(main/disc) 9.00e-05/2.75e-05 | cuda_peak(alloc/resv) 4.09/5.12GB | phase(train/val/raw/train_eval) 0.9/0.4/0.0/0.0s | 1.3s
2026-08-30 03:58:12 | Epoch 013/060 | loss 3.5204 | cls 2.1024 | tal -0.0756 | dual_g 1.4407 | dual_d 0.7131 | train_acc 0.8021 | train_full n/a | val_acc 0.6538 | val_f1 0.6674 | adv/moduleC 0.47/1.00 | disc_steps 3 | grad(main/disc) 20.649/1.932 | lr(main/disc) 9.00e-05/2.75e-05 | cuda_peak(alloc/resv) 4.09/5.12GB | phase(train/val/raw/train_eval) 0.8/0.4/0.4/0.0s | 1.5s
2026-08-30 03:58:14 | New best val_f1_macro_present: raw=0.6674 stable_score=0.5912 at epoch 13
2026-08-30 03:58:16 | Epoch 014/060 | loss 3.5513 | cls 2.1191 | tal -0.0677 | dual_g 1.4525 | dual_d 0.7686 | train_acc 0.8854 | train_full n/a | val_acc 0.8462 | val_f1 0.8579 | adv/moduleC 0.53/1.00 | disc_steps 3 | grad(main/disc) 20.442/2.029 | lr(main/disc) 9.00e-05/2.75e-05 | cuda_peak(alloc/resv) 4.09/5.12GB | phase(train/val/raw/train_eval) 1.0/0.4/0.4/0.0s | 1.7s
2026-08-30 03:58:18 | New best val_f1_macro_present: raw=0.8579 stable_score=0.5960 at epoch 14
2026-08-30 03:58:20 | Epoch 015/060 | loss 3.1958 | cls 1.8840 | tal -0.0662 | dual_g 1.3317 | dual_d 0.7311 | train_acc 0.9479 | train_full 0.8542 | val_acc 0.8077 | val_f1 0.8224 | adv/moduleC 0.60/1.00 | disc_steps 3 | grad(main/disc) 16.105/1.957 | lr(main/disc) 9.00e-05/2.75e-05 | cuda_peak(alloc/resv) 4.09/5.12GB | phase(train/val/raw/train_eval) 0.9/0.4/0.4/0.4s | 2.0s
2026-08-30 03:58:22 | New best val_f1_macro_present: raw=0.8224 stable_score=0.6674 at epoch 15
2026-08-30 03:58:23 | Epoch 016/060 | loss 2.9436 | cls 1.7068 | tal -0.0962 | dual_g 1.2657 | dual_d 0.7776 | train_acc 0.9583 | train_full n/a | val_acc 0.6923 | val_f1 0.6944 | adv/moduleC 0.67/1.00 | disc_steps 3 | grad(main/disc) 17.188/1.969 | lr(main/disc) 9.00e-05/2.75e-05 | cuda_peak(alloc/resv) 4.09/5.12GB | phase(train/val/raw/train_eval) 0.8/0.4/0.4/0.0s | 1.5s
2026-08-30 03:58:26 | New best val_f1_macro_present: raw=0.6944 stable_score=0.6944 at epoch 16
2026-08-30 03:58:27 | Epoch 017/060 | loss 2.9855 | cls 1.7906 | tal -0.1453 | dual_g 1.2385 | dual_d 0.8149 | train_acc 0.9479 | train_full n/a | val_acc 0.6538 | val_f1 0.6652 | adv/moduleC 0.73/1.00 | disc_steps 3 | grad(main/disc) 17.437/1.956 | lr(main/disc) 9.00e-05/2.75e-05 | cuda_peak(alloc/resv) 4.09/5.12GB | phase(train/val/raw/train_eval) 1.0/0.4/0.0/0.0s | 1.3s
2026-08-30 03:58:28 | Epoch 018/060 | loss 2.8248 | cls 1.6725 | tal -0.1505 | dual_g 1.1974 | dual_d 0.8295 | train_acc 0.9271 | train_full n/a | val_acc 0.6923 | val_f1 0.6944 | adv/moduleC 0.80/1.00 | disc_steps 3 | grad(main/disc) 15.780/2.034 | lr(main/disc) 9.00e-05/2.75e-05 | cuda_peak(alloc/resv) 4.09/5.12GB | phase(train/val/raw/train_eval) 0.7/0.4/0.0/0.0s | 1.1s
2026-08-30 03:58:29 | Epoch 019/060 | loss 2.8391 | cls 1.7116 | tal -0.1157 | dual_g 1.1623 | dual_d 0.7994 | train_acc 0.9375 | train_full n/a | val_acc 0.6538 | val_f1 0.6608 | adv/moduleC 0.87/1.00 | disc_steps 3 | grad(main/disc) 16.480/2.107 | lr(main/disc) 9.00e-05/2.75e-05 | cuda_peak(alloc/resv) 4.09/5.12GB | phase(train/val/raw/train_eval) 0.9/0.4/0.0/0.0s | 1.2s
2026-08-30 03:58:31 | Epoch 020/060 | loss 2.8219 | cls 1.6782 | tal -0.1558 | dual_g 1.1905 | dual_d 0.7558 | train_acc 0.9896 | train_full 0.7917 | val_acc 0.7308 | val_f1 0.7416 | adv/moduleC 0.93/1.00 | disc_steps 3 | grad(main/disc) 15.473/1.940 | lr(main/disc) 9.00e-05/2.75e-05 | cuda_peak(alloc/resv) 4.09/5.12GB | phase(train/val/raw/train_eval) 0.9/0.4/0.4/0.4s | 2.0s
2026-08-30 03:58:32 | Epoch 021/060 | loss 2.8711 | cls 1.7527 | tal -0.1921 | dual_g 1.1761 | dual_d 0.8032 | train_acc 0.9583 | train_full n/a | val_acc 0.7692 | val_f1 0.7833 | adv/moduleC 1.00/1.00 | disc_steps 3 | grad(main/disc) 16.794/2.039 | lr(main/disc) 9.00e-05/2.75e-05 | cuda_peak(alloc/resv) 4.09/5.12GB | phase(train/val/raw/train_eval) 0.6/0.4/0.0/0.0s | 1.0s
2026-08-30 03:58:34 | Epoch 022/060 | loss 2.9139 | cls 1.7969 | tal -0.2856 | dual_g 1.2027 | dual_d 0.7789 | train_acc 0.9375 | train_full n/a | val_acc 0.7308 | val_f1 0.7416 | adv/moduleC 1.00/1.00 | disc_steps 3 | grad(main/disc) 18.788/2.050 | lr(main/disc) 9.00e-05/2.75e-05 | cuda_peak(alloc/resv) 4.09/5.12GB | phase(train/val/raw/train_eval) 0.8/0.4/0.4/0.0s | 1.6s
2026-08-30 03:58:36 | New best val_f1_macro_present: raw=0.7416 stable_score=0.7416 at epoch 22
2026-08-30 03:58:37 | Epoch 023/060 | loss 2.9279 | cls 1.7458 | tal -0.1747 | dual_g 1.2345 | dual_d 0.7636 | train_acc 0.9375 | train_full n/a | val_acc 0.6538 | val_f1 0.6674 | adv/moduleC 1.00/1.00 | disc_steps 3 | grad(main/disc) 17.986/1.859 | lr(main/disc) 9.00e-05/2.75e-05 | cuda_peak(alloc/resv) 4.09/5.12GB | phase(train/val/raw/train_eval) 0.8/0.4/0.0/0.0s | 1.2s
2026-08-30 03:58:38 | Epoch 024/060 | loss 2.4384 | cls 1.4470 | tal -0.1051 | dual_g 1.0229 | dual_d 0.7957 | train_acc 0.9688 | train_full n/a | val_acc 0.8077 | val_f1 0.8224 | adv/moduleC 1.00/1.00 | disc_steps 3 | grad(main/disc) 10.859/2.023 | lr(main/disc) 9.00e-05/2.75e-05 | cuda_peak(alloc/resv) 4.09/5.12GB | phase(train/val/raw/train_eval) 0.8/0.4/0.0/0.0s | 1.1s
2026-08-30 03:58:40 | Epoch 025/060 | loss 2.6295 | cls 1.5850 | tal -0.0030 | dual_g 1.0455 | dual_d 0.8616 | train_acc 0.9271 | train_full 0.8958 | val_acc 0.8462 | val_f1 0.8579 | adv/moduleC 1.00/1.00 | disc_steps 3 | grad(main/disc) 14.024/2.075 | lr(main/disc) 9.00e-05/2.75e-05 | cuda_peak(alloc/resv) 4.09/5.12GB | phase(train/val/raw/train_eval) 0.7/0.4/0.4/0.4s | 1.9s
2026-08-30 03:58:42 | Epoch 026/060 | loss 2.4878 | cls 1.4487 | tal -0.0313 | dual_g 1.0485 | dual_d 0.8870 | train_acc 0.9583 | train_full n/a | val_acc 0.8846 | val_f1 0.8908 | adv/moduleC 1.00/1.00 | disc_steps 3 | grad(main/disc) 12.669/2.079 | lr(main/disc) 9.00e-05/2.75e-05 | cuda_peak(alloc/resv) 4.09/5.12GB | phase(train/val/raw/train_eval) 0.9/0.4/0.4/0.0s | 1.6s
2026-08-30 03:58:44 | New best val_f1_macro_present: raw=0.8908 stable_score=0.8224 at epoch 26
2026-08-30 03:58:45 | Epoch 027/060 | loss 2.7641 | cls 1.6339 | tal -0.0625 | dual_g 1.1490 | dual_d 0.8435 | train_acc 0.9479 | train_full n/a | val_acc 1.0000 | val_f1 1.0000 | adv/moduleC 1.00/1.00 | disc_steps 3 | grad(main/disc) 18.436/2.027 | lr(main/disc) 9.00e-05/2.75e-05 | cuda_peak(alloc/resv) 4.09/5.12GB | phase(train/val/raw/train_eval) 0.7/0.4/0.4/0.0s | 1.4s
2026-08-30 03:58:47 | New best val_f1_macro_present: raw=1.0000 stable_score=0.8579 at epoch 27
2026-08-30 03:58:49 | Epoch 028/060 | loss 2.5278 | cls 1.5509 | tal -0.1320 | dual_g 1.0165 | dual_d 0.8004 | train_acc 0.9792 | train_full n/a | val_acc 0.9231 | val_f1 0.9429 | adv/moduleC 1.00/1.00 | disc_steps 3 | grad(main/disc) 13.141/1.944 | lr(main/disc) 9.00e-05/2.75e-05 | cuda_peak(alloc/resv) 4.09/5.12GB | phase(train/val/raw/train_eval) 0.7/0.4/0.4/0.0s | 1.4s
2026-08-30 03:58:51 | New best val_f1_macro_present: raw=0.9429 stable_score=0.8908 at epoch 28
2026-08-30 03:58:53 | Epoch 029/060 | loss 2.3337 | cls 1.3911 | tal -0.1402 | dual_g 0.9847 | dual_d 0.8051 | train_acc 0.9792 | train_full n/a | val_acc 1.0000 | val_f1 1.0000 | adv/moduleC 1.00/1.00 | disc_steps 3 | grad(main/disc) 9.942/1.869 | lr(main/disc) 9.00e-05/2.75e-05 | cuda_peak(alloc/resv) 4.09/5.12GB | phase(train/val/raw/train_eval) 0.9/0.4/0.4/0.0s | 1.6s
2026-08-30 03:58:55 | New best val_f1_macro_present: raw=1.0000 stable_score=0.9429 at epoch 29
2026-08-30 03:58:57 | Epoch 030/060 | loss 2.7029 | cls 1.6316 | tal -0.1710 | dual_g 1.1226 | dual_d 0.7739 | train_acc 0.9479 | train_full 0.9479 | val_acc 0.9231 | val_f1 0.9206 | adv/moduleC 1.00/1.00 | disc_steps 3 | grad(main/disc) 17.899/1.906 | lr(main/disc) 9.00e-05/2.75e-05 | cuda_peak(alloc/resv) 4.09/5.12GB | phase(train/val/raw/train_eval) 0.8/0.4/0.4/0.4s | 2.0s
2026-08-30 03:58:58 | Epoch 031/060 | loss 2.4917 | cls 1.4946 | tal -0.1520 | dual_g 1.0427 | dual_d 0.8374 | train_acc 0.9688 | train_full n/a | val_acc 0.9231 | val_f1 0.9206 | adv/moduleC 1.00/1.00 | disc_steps 3 | grad(main/disc) 14.128/1.996 | lr(main/disc) 9.00e-05/2.75e-05 | cuda_peak(alloc/resv) 4.09/5.12GB | phase(train/val/raw/train_eval) 0.8/0.4/0.0/0.0s | 1.2s
2026-08-30 03:58:59 | Epoch 032/060 | loss 2.3244 | cls 1.3674 | tal -0.1078 | dual_g 0.9894 | dual_d 0.7899 | train_acc 1.0000 | train_full n/a | val_acc 0.9615 | val_f1 0.9556 | adv/moduleC 1.00/1.00 | disc_steps 3 | grad(main/disc) 9.742/1.864 | lr(main/disc) 9.00e-05/2.75e-05 | cuda_peak(alloc/resv) 4.09/5.12GB | phase(train/val/raw/train_eval) 0.9/0.4/0.0/0.0s | 1.2s
2026-08-30 03:59:00 | Epoch 033/060 | loss 2.3116 | cls 1.3563 | tal -0.0801 | dual_g 0.9793 | dual_d 0.8049 | train_acc 0.9896 | train_full n/a | val_acc 1.0000 | val_f1 1.0000 | adv/moduleC 1.00/1.00 | disc_steps 3 | grad(main/disc) 9.015/1.879 | lr(main/disc) 9.00e-05/2.75e-05 | cuda_peak(alloc/resv) 4.09/5.12GB | phase(train/val/raw/train_eval) 0.9/0.4/0.0/0.0s | 1.3s
2026-08-30 03:59:02 | Epoch 034/060 | loss 2.4799 | cls 1.4345 | tal 0.0539 | dual_g 1.0293 | dual_d 0.9222 | train_acc 0.9896 | train_full n/a | val_acc 1.0000 | val_f1 1.0000 | adv/moduleC 1.00/1.00 | disc_steps 3 | grad(main/disc) 11.292/2.062 | lr(main/disc) 9.00e-05/2.75e-05 | cuda_peak(alloc/resv) 4.09/5.12GB | phase(train/val/raw/train_eval) 0.6/0.4/0.4/0.0s | 1.4s
2026-08-30 03:59:04 | New best val_f1_macro_present: raw=1.0000 stable_score=0.9556 at epoch 34
2026-08-30 03:59:06 | Epoch 035/060 | loss 2.2981 | cls 1.3658 | tal -0.0118 | dual_g 0.9358 | dual_d 0.8528 | train_acc 1.0000 | train_full 0.9896 | val_acc 1.0000 | val_f1 1.0000 | adv/moduleC 1.00/1.00 | disc_steps 3 | grad(main/disc) 9.223/1.983 | lr(main/disc) 9.00e-05/2.75e-05 | cuda_peak(alloc/resv) 4.09/5.12GB | phase(train/val/raw/train_eval) 0.8/0.4/0.4/0.4s | 2.0s
2026-08-30 03:59:08 | New best val_f1_macro_present: raw=1.0000 stable_score=1.0000 at epoch 35
2026-08-30 03:59:09 | Epoch 036/060 | loss 2.5164 | cls 1.4784 | tal 0.0158 | dual_g 1.0332 | dual_d 0.8339 | train_acc 0.9688 | train_full n/a | val_acc 1.0000 | val_f1 1.0000 | adv/moduleC 1.00/1.00 | disc_steps 3 | grad(main/disc) 13.411/1.926 | lr(main/disc) 4.50e-05/1.38e-05 | cuda_peak(alloc/resv) 4.09/5.12GB | phase(train/val/raw/train_eval) 0.9/0.4/0.0/0.0s | 1.2s
2026-08-30 03:59:10 | Epoch 037/060 | loss 2.3432 | cls 1.3443 | tal 0.1511 | dual_g 0.9536 | dual_d 0.8648 | train_acc 1.0000 | train_full n/a | val_acc 1.0000 | val_f1 1.0000 | adv/moduleC 1.00/1.00 | disc_steps 3 | grad(main/disc) 8.385/1.968 | lr(main/disc) 4.50e-05/1.38e-05 | cuda_peak(alloc/resv) 4.09/5.12GB | phase(train/val/raw/train_eval) 0.7/0.4/0.0/0.0s | 1.1s
2026-08-30 03:59:11 | Epoch 038/060 | loss 2.3672 | cls 1.3847 | tal -0.0251 | dual_g 0.9901 | dual_d 0.8913 | train_acc 0.9896 | train_full n/a | val_acc 0.9615 | val_f1 0.9556 | adv/moduleC 1.00/1.00 | disc_steps 3 | grad(main/disc) 11.790/1.989 | lr(main/disc) 4.50e-05/1.38e-05 | cuda_peak(alloc/resv) 4.09/5.12GB | phase(train/val/raw/train_eval) 0.8/0.4/0.0/0.0s | 1.2s
2026-08-30 03:59:13 | Epoch 039/060 | loss 2.2944 | cls 1.3279 | tal 0.0269 | dual_g 0.9584 | dual_d 0.9047 | train_acc 0.9896 | train_full n/a | val_acc 0.8462 | val_f1 0.8611 | adv/moduleC 1.00/1.00 | disc_steps 3 | grad(main/disc) 7.976/2.064 | lr(main/disc) 4.50e-05/1.38e-05 | cuda_peak(alloc/resv) 4.09/5.12GB | phase(train/val/raw/train_eval) 0.9/0.4/0.0/0.0s | 1.2s
2026-08-30 03:59:14 | Epoch 040/060 | loss 2.3806 | cls 1.3978 | tal 0.0489 | dual_g 0.9681 | dual_d 0.8174 | train_acc 0.9583 | train_full 0.9688 | val_acc 0.9615 | val_f1 0.9556 | adv/moduleC 1.00/1.00 | disc_steps 3 | grad(main/disc) 9.860/1.852 | lr(main/disc) 4.50e-05/1.38e-05 | cuda_peak(alloc/resv) 4.09/5.12GB | phase(train/val/raw/train_eval) 0.6/0.4/0.4/0.4s | 1.8s
2026-08-30 03:59:16 | Epoch 041/060 | loss 2.3064 | cls 1.3730 | tal -0.1146 | dual_g 0.9677 | dual_d 0.8730 | train_acc 0.9896 | train_full n/a | val_acc 0.9615 | val_f1 0.9556 | adv/moduleC 1.00/1.00 | disc_steps 3 | grad(main/disc) 9.487/1.941 | lr(main/disc) 4.50e-05/1.38e-05 | cuda_peak(alloc/resv) 4.09/5.12GB | phase(train/val/raw/train_eval) 0.8/0.4/0.0/0.0s | 1.2s
2026-08-30 03:59:17 | Epoch 042/060 | loss 2.3119 | cls 1.3513 | tal 0.0676 | dual_g 0.9403 | dual_d 0.8758 | train_acc 0.9896 | train_full n/a | val_acc 0.9231 | val_f1 0.9206 | adv/moduleC 1.00/1.00 | disc_steps 3 | grad(main/disc) 9.362/1.977 | lr(main/disc) 4.50e-05/1.38e-05 | cuda_peak(alloc/resv) 4.09/5.12GB | phase(train/val/raw/train_eval) 0.9/0.4/0.0/0.0s | 1.2s
2026-08-30 03:59:18 | Epoch 043/060 | loss 2.3585 | cls 1.3913 | tal -0.0291 | dual_g 0.9759 | dual_d 0.9527 | train_acc 1.0000 | train_full n/a | val_acc 0.9231 | val_f1 0.9206 | adv/moduleC 1.00/1.00 | disc_steps 3 | grad(main/disc) 10.831/2.023 | lr(main/disc) 4.50e-05/1.38e-05 | cuda_peak(alloc/resv) 4.09/5.12GB | phase(train/val/raw/train_eval) 0.8/0.4/0.0/0.0s | 1.2s
2026-08-30 03:59:19 | Epoch 044/060 | loss 2.3651 | cls 1.4140 | tal 0.0382 | dual_g 0.9396 | dual_d 0.8592 | train_acc 0.9896 | train_full n/a | val_acc 0.9231 | val_f1 0.9206 | adv/moduleC 1.00/1.00 | disc_steps 3 | grad(main/disc) 10.496/1.915 | lr(main/disc) 4.50e-05/1.38e-05 | cuda_peak(alloc/resv) 4.09/5.12GB | phase(train/val/raw/train_eval) 0.8/0.4/0.0/0.0s | 1.1s
2026-08-30 03:59:21 | Epoch 045/060 | loss 2.3543 | cls 1.3941 | tal -0.0046 | dual_g 0.9616 | dual_d 0.9450 | train_acc 1.0000 | train_full 1.0000 | val_acc 1.0000 | val_f1 1.0000 | adv/moduleC 1.00/1.00 | disc_steps 3 | grad(main/disc) 10.721/2.159 | lr(main/disc) 2.25e-05/6.88e-06 | cuda_peak(alloc/resv) 4.09/5.12GB | phase(train/val/raw/train_eval) 0.8/0.4/0.4/0.4s | 1.9s
2026-08-30 03:59:22 | Epoch 046/060 | loss 2.3614 | cls 1.3951 | tal 0.0976 | dual_g 0.9371 | dual_d 0.8390 | train_acc 0.9896 | train_full n/a | val_acc 1.0000 | val_f1 1.0000 | adv/moduleC 1.00/1.00 | disc_steps 3 | grad(main/disc) 10.061/1.959 | lr(main/disc) 2.25e-05/6.88e-06 | cuda_peak(alloc/resv) 4.09/5.12GB | phase(train/val/raw/train_eval) 0.8/0.4/0.0/0.0s | 1.1s
2026-08-30 03:59:24 | Epoch 047/060 | loss 2.2571 | cls 1.3047 | tal 0.0232 | dual_g 0.9454 | dual_d 0.8318 | train_acc 0.9896 | train_full n/a | val_acc 1.0000 | val_f1 1.0000 | adv/moduleC 1.00/1.00 | disc_steps 3 | grad(main/disc) 7.682/1.885 | lr(main/disc) 2.25e-05/6.88e-06 | cuda_peak(alloc/resv) 4.09/5.12GB | phase(train/val/raw/train_eval) 0.9/0.4/0.0/0.0s | 1.3s
2026-08-30 03:59:24 | Early stopping at epoch 47 after 12 epochs without val_f1_macro_present improvement.
2026-08-30 03:59:24 | Training complete. Peak validation accuracy: 1.0000 | selected val_f1_macro_present: 1.0000
