2026-08-30 03:56:09 | Starting Dual_D standalone training
2026-08-30 03:56:09 | Run directory: runs/module_c_ablation_60_v9/module_c_20260830_023711/module_c_no_paired_contrastive_雨天_20260830_033814
2026-08-30 03:56:09 | Device: cuda
2026-08-30 03:56:09 | Source train samples: 992
2026-08-30 03:56:09 | Target train samples: 96
2026-08-30 03:56:09 | Target val samples: 26
2026-08-30 03:56:09 | Classes: 14
2026-08-30 03:56:09 | Data audit: same_dir=False | path_overlap(vis/ir/ais)=0/0/0 | content_overlap(vis/ir/ais)=0/0/0 | ais_index_overlap=0 | stem_mismatch(vis-ir/vis-ais)=117/0
2026-08-30 03:56:09 | source_train classes: present 14/14 | absent 0 | counts [0:120, 1:44, 2:69, 3:45, 4:40, 5:30, 6:64, 7:80, 8:116, 9:68, 10:57, 11:83, 12:48, 13:128]
2026-08-30 03:56:09 | target_train classes: present 6/14 | absent 8 | counts [0:7, 2:19, 9:32, 10:12, 11:6, 13:20]
2026-08-30 03:56:09 | target_val classes: present 6/14 | absent 8 | counts [0:2, 2:5, 9:8, 10:4, 11:2, 13:5]
2026-08-30 03:56:09 | Paired training classes: 6/14 | class ids [0, 2, 9, 10, 11, 13]
2026-08-30 03:56:09 | Runtime profile: batch=16 | paired_steps=6 | workers=16 | train_eval_every=5 | raw_eval_every=5 | stability_window=3 | lr_scheduler_start=24 | early_stop=12 after min_epoch=35
2026-08-30 03:56:09 | Augmentation profile: base=0.550 | visible=0.600 | infrared=0.400 | freeze_frozen_batch_norm_stats=True
2026-08-30 03:56:09 | VIS/IR pairing: class-level-unpaired | count-mismatch classes train/val: 10/0 | AIS alignment: none | AIS rows train/val: 0/0
2026-08-30 03:56:10 | Effective Dual-D loss weights: {"adv_auxiliary": 0.02, "adv_primary": 0.02, "classification": 0.6, "contrastive": 0.0, "cycle": 0.12, "identity": 0.025, "prototype_contrastive": 0.03}
2026-08-30 03:56:10 | Model parameters: total=17277714 | trainable=17120210
2026-08-30 03:56:12 | Epoch 001/060 | loss 5.7176 | cls 5.7871 | tal -0.2317 | dual_g 0.0000 | dual_d 0.0000 | train_acc 0.0833 | train_full 0.1458 | val_acc 0.2308 | val_f1 0.2077 | adv/moduleC 0.00/0.00 | disc_steps 0 | grad(main/disc) 32.526/0.000 | lr(main/disc) 9.00e-05/2.75e-05 | cuda_peak(alloc/resv) 4.09/5.12GB | phase(train/val/raw/train_eval) 1.1/0.4/0.4/0.4s | 2.2s
2026-08-30 03:56:13 | Epoch 002/060 | loss 4.6905 | cls 4.7458 | tal -0.1843 | dual_g 0.0000 | dual_d 0.0000 | train_acc 0.2396 | train_full n/a | val_acc 0.2692 | val_f1 0.1481 | adv/moduleC 0.00/0.00 | disc_steps 0 | grad(main/disc) 28.120/0.000 | lr(main/disc) 9.00e-05/2.75e-05 | cuda_peak(alloc/resv) 4.09/5.12GB | phase(train/val/raw/train_eval) 0.7/0.4/0.0/0.0s | 1.1s
2026-08-30 03:56:15 | Epoch 003/060 | loss 4.2155 | cls 4.2016 | tal 0.0465 | dual_g 0.0000 | dual_d 0.0000 | train_acc 0.3750 | train_full n/a | val_acc 0.2308 | val_f1 0.1071 | adv/moduleC 0.00/0.00 | disc_steps 0 | grad(main/disc) 24.592/0.000 | lr(main/disc) 9.00e-05/2.75e-05 | cuda_peak(alloc/resv) 4.09/5.12GB | phase(train/val/raw/train_eval) 0.7/0.4/0.4/0.0s | 1.5s
2026-08-30 03:56:17 | New best val_f1_macro_present: raw=0.1071 stable_score=0.1071 at epoch 3
2026-08-30 03:56:18 | Epoch 004/060 | loss 4.0353 | cls 3.6813 | tal 0.1508 | dual_g 0.3087 | dual_d 0.0000 | train_acc 0.4479 | train_full n/a | val_acc 0.1923 | val_f1 0.0556 | adv/moduleC 0.00/0.12 | disc_steps 0 | grad(main/disc) 23.527/0.000 | lr(main/disc) 9.00e-05/2.75e-05 | cuda_peak(alloc/resv) 4.09/5.12GB | phase(train/val/raw/train_eval) 0.9/0.4/0.0/0.0s | 1.2s
2026-08-30 03:56:20 | Epoch 005/060 | loss 4.1138 | cls 3.5012 | tal 0.0468 | dual_g 0.5986 | dual_d 0.0000 | train_acc 0.5000 | train_full 0.3229 | val_acc 0.4231 | val_f1 0.3627 | adv/moduleC 0.00/0.25 | disc_steps 0 | grad(main/disc) 21.971/0.000 | lr(main/disc) 9.00e-05/2.75e-05 | cuda_peak(alloc/resv) 4.09/5.12GB | phase(train/val/raw/train_eval) 0.8/0.4/0.4/0.4s | 2.0s
2026-08-30 03:56:21 | Epoch 006/060 | loss 3.9441 | cls 3.0919 | tal 0.0492 | dual_g 0.8374 | dual_d 0.0000 | train_acc 0.4792 | train_full n/a | val_acc 0.3846 | val_f1 0.3201 | adv/moduleC 0.00/0.38 | disc_steps 0 | grad(main/disc) 22.795/0.000 | lr(main/disc) 9.00e-05/2.75e-05 | cuda_peak(alloc/resv) 4.09/5.12GB | phase(train/val/raw/train_eval) 0.8/0.4/0.0/0.0s | 1.2s
2026-08-30 03:56:23 | Epoch 007/060 | loss 3.8157 | cls 2.8099 | tal 0.0499 | dual_g 0.9908 | dual_d 0.7810 | train_acc 0.6354 | train_full n/a | val_acc 0.5385 | val_f1 0.4498 | adv/moduleC 0.07/0.50 | disc_steps 3 | grad(main/disc) 21.301/2.049 | lr(main/disc) 9.00e-05/2.75e-05 | cuda_peak(alloc/resv) 4.09/5.12GB | phase(train/val/raw/train_eval) 1.0/0.4/0.4/0.0s | 1.7s
2026-08-30 03:56:25 | New best val_f1_macro_present: raw=0.4498 stable_score=0.3201 at epoch 7
2026-08-30 03:56:26 | Epoch 008/060 | loss 4.0842 | cls 2.9442 | tal 0.0799 | dual_g 1.1160 | dual_d 0.7720 | train_acc 0.6458 | train_full n/a | val_acc 0.5769 | val_f1 0.5847 | adv/moduleC 0.13/0.62 | disc_steps 3 | grad(main/disc) 21.911/1.988 | lr(main/disc) 9.00e-05/2.75e-05 | cuda_peak(alloc/resv) 4.09/5.12GB | phase(train/val/raw/train_eval) 0.7/0.4/0.0/0.0s | 1.1s
2026-08-30 03:56:28 | Epoch 009/060 | loss 3.8089 | cls 2.5302 | tal -0.0301 | dual_g 1.2877 | dual_d 0.7235 | train_acc 0.7604 | train_full n/a | val_acc 0.5385 | val_f1 0.5460 | adv/moduleC 0.20/0.75 | disc_steps 3 | grad(main/disc) 21.325/1.794 | lr(main/disc) 9.00e-05/2.75e-05 | cuda_peak(alloc/resv) 4.09/5.12GB | phase(train/val/raw/train_eval) 1.0/0.4/0.4/0.0s | 1.7s
2026-08-30 03:56:30 | New best val_f1_macro_present: raw=0.5460 stable_score=0.4498 at epoch 9
2026-08-30 03:56:32 | Epoch 010/060 | loss 3.6980 | cls 2.3562 | tal -0.0241 | dual_g 1.3490 | dual_d 0.7548 | train_acc 0.7917 | train_full 0.7083 | val_acc 0.6923 | val_f1 0.7127 | adv/moduleC 0.27/0.88 | disc_steps 3 | grad(main/disc) 20.502/1.909 | lr(main/disc) 9.00e-05/2.75e-05 | cuda_peak(alloc/resv) 4.09/5.12GB | phase(train/val/raw/train_eval) 0.9/0.4/0.4/0.4s | 2.0s
2026-08-30 03:56:34 | New best val_f1_macro_present: raw=0.7127 stable_score=0.5460 at epoch 10
2026-08-30 03:56:35 | Epoch 011/060 | loss 4.0772 | cls 2.4089 | tal 0.0029 | dual_g 1.6675 | dual_d 0.8312 | train_acc 0.7396 | train_full n/a | val_acc 0.5385 | val_f1 0.5819 | adv/moduleC 0.33/1.00 | disc_steps 3 | grad(main/disc) 23.982/1.973 | lr(main/disc) 9.00e-05/2.75e-05 | cuda_peak(alloc/resv) 4.09/5.12GB | phase(train/val/raw/train_eval) 0.8/0.4/0.0/0.0s | 1.1s
2026-08-30 03:56:37 | Epoch 012/060 | loss 3.2778 | cls 1.9570 | tal -0.0412 | dual_g 1.3332 | dual_d 0.6643 | train_acc 0.8542 | train_full n/a | val_acc 0.5769 | val_f1 0.6424 | adv/moduleC 0.40/1.00 | disc_steps 3 | grad(main/disc) 18.305/1.776 | lr(main/disc) 9.00e-05/2.75e-05 | cuda_peak(alloc/resv) 4.09/5.12GB | phase(train/val/raw/train_eval) 0.6/0.4/0.4/0.0s | 1.4s
2026-08-30 03:56:39 | New best val_f1_macro_present: raw=0.6424 stable_score=0.5819 at epoch 12
2026-08-30 03:56:40 | Epoch 013/060 | loss 3.5715 | cls 2.1084 | tal 0.0492 | dual_g 1.4483 | dual_d 0.6856 | train_acc 0.8438 | train_full n/a | val_acc 0.6923 | val_f1 0.7625 | adv/moduleC 0.47/1.00 | disc_steps 3 | grad(main/disc) 20.666/1.819 | lr(main/disc) 9.00e-05/2.75e-05 | cuda_peak(alloc/resv) 4.09/5.12GB | phase(train/val/raw/train_eval) 0.8/0.4/0.0/0.0s | 1.2s
2026-08-30 03:56:41 | Epoch 014/060 | loss 3.4668 | cls 2.1298 | tal 0.0451 | dual_g 1.3235 | dual_d 0.7471 | train_acc 0.8750 | train_full n/a | val_acc 0.7308 | val_f1 0.7773 | adv/moduleC 0.53/1.00 | disc_steps 3 | grad(main/disc) 23.499/1.884 | lr(main/disc) 9.00e-05/2.75e-05 | cuda_peak(alloc/resv) 4.09/5.12GB | phase(train/val/raw/train_eval) 0.7/0.4/0.4/0.0s | 1.5s
2026-08-30 03:56:43 | New best val_f1_macro_present: raw=0.7773 stable_score=0.6424 at epoch 14
2026-08-30 03:56:45 | Epoch 015/060 | loss 3.3457 | cls 1.9867 | tal -0.0515 | dual_g 1.3744 | dual_d 0.6706 | train_acc 0.9167 | train_full 0.7396 | val_acc 0.6923 | val_f1 0.7508 | adv/moduleC 0.60/1.00 | disc_steps 3 | grad(main/disc) 25.416/1.747 | lr(main/disc) 9.00e-05/2.75e-05 | cuda_peak(alloc/resv) 4.09/5.12GB | phase(train/val/raw/train_eval) 0.9/0.4/0.4/0.4s | 2.1s
2026-08-30 03:56:48 | New best val_f1_macro_present: raw=0.7508 stable_score=0.7508 at epoch 15
2026-08-30 03:56:49 | Epoch 016/060 | loss 2.9652 | cls 1.7495 | tal -0.0947 | dual_g 1.2441 | dual_d 0.7228 | train_acc 0.9479 | train_full n/a | val_acc 0.7692 | val_f1 0.7891 | adv/moduleC 0.67/1.00 | disc_steps 3 | grad(main/disc) 19.915/1.814 | lr(main/disc) 9.00e-05/2.75e-05 | cuda_peak(alloc/resv) 4.09/5.12GB | phase(train/val/raw/train_eval) 0.8/0.4/0.0/0.0s | 1.2s
2026-08-30 03:56:50 | Epoch 017/060 | loss 3.2892 | cls 1.9698 | tal -0.0952 | dual_g 1.3479 | dual_d 0.7026 | train_acc 0.9271 | train_full n/a | val_acc 0.7308 | val_f1 0.7642 | adv/moduleC 0.73/1.00 | disc_steps 3 | grad(main/disc) 19.538/1.782 | lr(main/disc) 9.00e-05/2.75e-05 | cuda_peak(alloc/resv) 4.09/5.12GB | phase(train/val/raw/train_eval) 1.0/0.4/0.0/0.0s | 1.3s
2026-08-30 03:56:52 | Epoch 018/060 | loss 3.0470 | cls 1.7801 | tal -0.1028 | dual_g 1.2977 | dual_d 0.7404 | train_acc 0.9271 | train_full n/a | val_acc 0.8077 | val_f1 0.8319 | adv/moduleC 0.80/1.00 | disc_steps 3 | grad(main/disc) 17.631/1.860 | lr(main/disc) 9.00e-05/2.75e-05 | cuda_peak(alloc/resv) 4.09/5.12GB | phase(train/val/raw/train_eval) 0.8/0.4/0.4/0.0s | 1.6s
2026-08-30 03:56:54 | New best val_f1_macro_present: raw=0.8319 stable_score=0.7642 at epoch 18
2026-08-30 03:56:55 | Epoch 019/060 | loss 2.8593 | cls 1.6718 | tal -0.0336 | dual_g 1.1976 | dual_d 0.6318 | train_acc 0.9375 | train_full n/a | val_acc 0.8846 | val_f1 0.9231 | adv/moduleC 0.87/1.00 | disc_steps 3 | grad(main/disc) 15.708/1.695 | lr(main/disc) 9.00e-05/2.75e-05 | cuda_peak(alloc/resv) 4.09/5.12GB | phase(train/val/raw/train_eval) 0.7/0.4/0.0/0.0s | 1.1s
2026-08-30 03:56:57 | Epoch 020/060 | loss 2.8213 | cls 1.6925 | tal 0.0009 | dual_g 1.1286 | dual_d 0.7527 | train_acc 0.9375 | train_full 0.9375 | val_acc 0.9231 | val_f1 0.9277 | adv/moduleC 0.93/1.00 | disc_steps 3 | grad(main/disc) 16.416/1.766 | lr(main/disc) 9.00e-05/2.75e-05 | cuda_peak(alloc/resv) 4.09/5.12GB | phase(train/val/raw/train_eval) 0.8/0.4/0.4/0.4s | 2.0s
2026-08-30 03:56:59 | New best val_f1_macro_present: raw=0.9277 stable_score=0.8319 at epoch 20
2026-08-30 03:57:01 | Epoch 021/060 | loss 2.7340 | cls 1.6171 | tal 0.0585 | dual_g 1.0994 | dual_d 0.7281 | train_acc 0.9688 | train_full n/a | val_acc 0.9615 | val_f1 0.9737 | adv/moduleC 1.00/1.00 | disc_steps 3 | grad(main/disc) 15.451/1.741 | lr(main/disc) 9.00e-05/2.75e-05 | cuda_peak(alloc/resv) 4.09/5.12GB | phase(train/val/raw/train_eval) 1.0/0.4/0.4/0.0s | 1.8s
2026-08-30 03:57:03 | New best val_f1_macro_present: raw=0.9737 stable_score=0.9231 at epoch 21
2026-08-30 03:57:05 | Epoch 022/060 | loss 2.8262 | cls 1.7224 | tal 0.0850 | dual_g 1.0783 | dual_d 0.6812 | train_acc 0.9375 | train_full n/a | val_acc 0.9231 | val_f1 0.9277 | adv/moduleC 1.00/1.00 | disc_steps 3 | grad(main/disc) 15.744/1.744 | lr(main/disc) 9.00e-05/2.75e-05 | cuda_peak(alloc/resv) 4.09/5.12GB | phase(train/val/raw/train_eval) 1.2/0.4/0.4/0.0s | 1.9s
2026-08-30 03:57:07 | New best val_f1_macro_present: raw=0.9277 stable_score=0.9277 at epoch 22
2026-08-30 03:57:08 | Epoch 023/060 | loss 2.5828 | cls 1.5397 | tal 0.0960 | dual_g 1.0143 | dual_d 0.7034 | train_acc 0.9583 | train_full n/a | val_acc 0.9231 | val_f1 0.9277 | adv/moduleC 1.00/1.00 | disc_steps 3 | grad(main/disc) 12.976/1.730 | lr(main/disc) 9.00e-05/2.75e-05 | cuda_peak(alloc/resv) 4.09/5.12GB | phase(train/val/raw/train_eval) 0.8/0.4/0.0/0.0s | 1.2s
2026-08-30 03:57:09 | Epoch 024/060 | loss 2.5305 | cls 1.4491 | tal 0.1159 | dual_g 1.0466 | dual_d 0.7175 | train_acc 0.9896 | train_full n/a | val_acc 0.9231 | val_f1 0.9484 | adv/moduleC 1.00/1.00 | disc_steps 3 | grad(main/disc) 12.635/1.741 | lr(main/disc) 9.00e-05/2.75e-05 | cuda_peak(alloc/resv) 4.09/5.12GB | phase(train/val/raw/train_eval) 0.7/0.4/0.0/0.0s | 1.1s
2026-08-30 03:57:11 | Epoch 025/060 | loss 2.6719 | cls 1.5266 | tal 0.0309 | dual_g 1.1360 | dual_d 0.6685 | train_acc 0.9896 | train_full 0.9479 | val_acc 0.9231 | val_f1 0.9484 | adv/moduleC 1.00/1.00 | disc_steps 3 | grad(main/disc) 16.734/1.689 | lr(main/disc) 9.00e-05/2.75e-05 | cuda_peak(alloc/resv) 4.09/5.12GB | phase(train/val/raw/train_eval) 0.8/0.4/0.4/0.4s | 2.0s
2026-08-30 03:57:13 | Epoch 026/060 | loss 2.7100 | cls 1.6149 | tal 0.0510 | dual_g 1.0798 | dual_d 0.7483 | train_acc 0.9583 | train_full n/a | val_acc 0.9231 | val_f1 0.9426 | adv/moduleC 1.00/1.00 | disc_steps 3 | grad(main/disc) 16.402/1.881 | lr(main/disc) 9.00e-05/2.75e-05 | cuda_peak(alloc/resv) 4.09/5.12GB | phase(train/val/raw/train_eval) 0.9/0.4/0.4/0.0s | 1.6s
2026-08-30 03:57:15 | New best val_f1_macro_present: raw=0.9426 stable_score=0.9426 at epoch 26
2026-08-30 03:57:16 | Epoch 027/060 | loss 2.6061 | cls 1.4946 | tal 0.0197 | dual_g 1.1057 | dual_d 0.8016 | train_acc 1.0000 | train_full n/a | val_acc 0.9615 | val_f1 0.9630 | adv/moduleC 1.00/1.00 | disc_steps 3 | grad(main/disc) 13.593/1.759 | lr(main/disc) 9.00e-05/2.75e-05 | cuda_peak(alloc/resv) 4.09/5.12GB | phase(train/val/raw/train_eval) 0.7/0.4/0.0/0.0s | 1.1s
2026-08-30 03:57:17 | Epoch 028/060 | loss 2.4724 | cls 1.4883 | tal -0.0123 | dual_g 0.9878 | dual_d 0.7355 | train_acc 0.9792 | train_full n/a | val_acc 1.0000 | val_f1 1.0000 | adv/moduleC 1.00/1.00 | disc_steps 3 | grad(main/disc) 12.827/1.671 | lr(main/disc) 9.00e-05/2.75e-05 | cuda_peak(alloc/resv) 4.09/5.12GB | phase(train/val/raw/train_eval) 0.8/0.4/0.0/0.0s | 1.2s
2026-08-30 03:57:19 | Epoch 029/060 | loss 2.7170 | cls 1.6219 | tal 0.0308 | dual_g 1.0859 | dual_d 0.7029 | train_acc 0.9375 | train_full n/a | val_acc 1.0000 | val_f1 1.0000 | adv/moduleC 1.00/1.00 | disc_steps 3 | grad(main/disc) 15.126/1.676 | lr(main/disc) 9.00e-05/2.75e-05 | cuda_peak(alloc/resv) 4.09/5.12GB | phase(train/val/raw/train_eval) 0.9/0.4/0.4/0.0s | 1.6s
2026-08-30 03:57:21 | New best val_f1_macro_present: raw=1.0000 stable_score=0.9630 at epoch 29
2026-08-30 03:57:23 | Epoch 030/060 | loss 2.4436 | cls 1.3925 | tal 0.0624 | dual_g 1.0324 | dual_d 0.7460 | train_acc 1.0000 | train_full 0.9479 | val_acc 1.0000 | val_f1 1.0000 | adv/moduleC 1.00/1.00 | disc_steps 3 | grad(main/disc) 10.435/1.720 | lr(main/disc) 9.00e-05/2.75e-05 | cuda_peak(alloc/resv) 4.09/5.12GB | phase(train/val/raw/train_eval) 0.8/0.4/0.4/0.4s | 2.0s
2026-08-30 03:57:25 | New best val_f1_macro_present: raw=1.0000 stable_score=1.0000 at epoch 30
2026-08-30 03:57:26 | Epoch 031/060 | loss 2.4101 | cls 1.3877 | tal 0.0346 | dual_g 1.0120 | dual_d 0.7126 | train_acc 0.9792 | train_full n/a | val_acc 1.0000 | val_f1 1.0000 | adv/moduleC 1.00/1.00 | disc_steps 3 | grad(main/disc) 12.083/1.716 | lr(main/disc) 9.00e-05/2.75e-05 | cuda_peak(alloc/resv) 4.09/5.12GB | phase(train/val/raw/train_eval) 0.7/0.4/0.0/0.0s | 1.1s
2026-08-30 03:57:27 | Epoch 032/060 | loss 2.4665 | cls 1.4559 | tal -0.0134 | dual_g 1.0147 | dual_d 0.7389 | train_acc 0.9583 | train_full n/a | val_acc 1.0000 | val_f1 1.0000 | adv/moduleC 1.00/1.00 | disc_steps 3 | grad(main/disc) 13.126/1.780 | lr(main/disc) 9.00e-05/2.75e-05 | cuda_peak(alloc/resv) 4.09/5.12GB | phase(train/val/raw/train_eval) 0.9/0.4/0.0/0.0s | 1.3s
2026-08-30 03:57:29 | Epoch 033/060 | loss 2.6498 | cls 1.5550 | tal 0.1109 | dual_g 1.0615 | dual_d 0.6687 | train_acc 0.9792 | train_full n/a | val_acc 1.0000 | val_f1 1.0000 | adv/moduleC 1.00/1.00 | disc_steps 3 | grad(main/disc) 14.299/1.614 | lr(main/disc) 9.00e-05/2.75e-05 | cuda_peak(alloc/resv) 4.09/5.12GB | phase(train/val/raw/train_eval) 1.1/0.4/0.0/0.0s | 1.5s
2026-08-30 03:57:30 | Epoch 034/060 | loss 2.4056 | cls 1.4072 | tal 0.0666 | dual_g 0.9784 | dual_d 0.7283 | train_acc 0.9896 | train_full n/a | val_acc 0.9231 | val_f1 0.9277 | adv/moduleC 1.00/1.00 | disc_steps 3 | grad(main/disc) 10.058/1.722 | lr(main/disc) 9.00e-05/2.75e-05 | cuda_peak(alloc/resv) 4.09/5.12GB | phase(train/val/raw/train_eval) 0.8/0.4/0.0/0.0s | 1.2s
2026-08-30 03:57:32 | Epoch 035/060 | loss 2.3861 | cls 1.4508 | tal -0.0340 | dual_g 0.9455 | dual_d 0.7470 | train_acc 0.9896 | train_full 0.9583 | val_acc 1.0000 | val_f1 1.0000 | adv/moduleC 1.00/1.00 | disc_steps 3 | grad(main/disc) 10.168/1.721 | lr(main/disc) 9.00e-05/2.75e-05 | cuda_peak(alloc/resv) 4.09/5.12GB | phase(train/val/raw/train_eval) 0.8/0.4/0.4/0.4s | 2.0s
2026-08-30 03:57:33 | Epoch 036/060 | loss 2.3274 | cls 1.3778 | tal -0.1066 | dual_g 0.9815 | dual_d 0.7115 | train_acc 0.9896 | train_full n/a | val_acc 1.0000 | val_f1 1.0000 | adv/moduleC 1.00/1.00 | disc_steps 3 | grad(main/disc) 10.203/1.724 | lr(main/disc) 9.00e-05/2.75e-05 | cuda_peak(alloc/resv) 4.09/5.12GB | phase(train/val/raw/train_eval) 0.8/0.4/0.0/0.0s | 1.2s
2026-08-30 03:57:34 | Epoch 037/060 | loss 2.3704 | cls 1.4444 | tal -0.1306 | dual_g 0.9651 | dual_d 0.7410 | train_acc 0.9688 | train_full n/a | val_acc 1.0000 | val_f1 1.0000 | adv/moduleC 1.00/1.00 | disc_steps 3 | grad(main/disc) 11.662/1.723 | lr(main/disc) 4.50e-05/1.38e-05 | cuda_peak(alloc/resv) 4.09/5.12GB | phase(train/val/raw/train_eval) 0.7/0.4/0.0/0.0s | 1.1s
2026-08-30 03:57:35 | Epoch 038/060 | loss 2.3751 | cls 1.4760 | tal -0.1934 | dual_g 0.9572 | dual_d 0.6876 | train_acc 0.9896 | train_full n/a | val_acc 1.0000 | val_f1 1.0000 | adv/moduleC 1.00/1.00 | disc_steps 3 | grad(main/disc) 14.506/1.601 | lr(main/disc) 4.50e-05/1.38e-05 | cuda_peak(alloc/resv) 4.09/5.12GB | phase(train/val/raw/train_eval) 0.7/0.4/0.0/0.0s | 1.1s
2026-08-30 03:57:36 | Epoch 039/060 | loss 2.2508 | cls 1.3469 | tal -0.0821 | dual_g 0.9285 | dual_d 0.7588 | train_acc 1.0000 | train_full n/a | val_acc 1.0000 | val_f1 1.0000 | adv/moduleC 1.00/1.00 | disc_steps 3 | grad(main/disc) 8.201/1.786 | lr(main/disc) 4.50e-05/1.38e-05 | cuda_peak(alloc/resv) 4.09/5.12GB | phase(train/val/raw/train_eval) 0.7/0.4/0.0/0.0s | 1.1s
2026-08-30 03:57:38 | Epoch 040/060 | loss 2.3105 | cls 1.3685 | tal -0.0835 | dual_g 0.9670 | dual_d 0.7415 | train_acc 1.0000 | train_full 0.9792 | val_acc 1.0000 | val_f1 1.0000 | adv/moduleC 1.00/1.00 | disc_steps 3 | grad(main/disc) 10.637/1.789 | lr(main/disc) 4.50e-05/1.38e-05 | cuda_peak(alloc/resv) 4.09/5.12GB | phase(train/val/raw/train_eval) 0.9/0.4/0.4/0.4s | 2.0s
2026-08-30 03:57:39 | Epoch 041/060 | loss 2.3773 | cls 1.4423 | tal -0.0587 | dual_g 0.9526 | dual_d 0.7324 | train_acc 0.9896 | train_full n/a | val_acc 1.0000 | val_f1 1.0000 | adv/moduleC 1.00/1.00 | disc_steps 3 | grad(main/disc) 10.360/1.781 | lr(main/disc) 4.50e-05/1.38e-05 | cuda_peak(alloc/resv) 4.09/5.12GB | phase(train/val/raw/train_eval) 0.6/0.4/0.0/0.0s | 1.0s
2026-08-30 03:57:40 | Epoch 042/060 | loss 2.2192 | cls 1.3570 | tal -0.1906 | dual_g 0.9193 | dual_d 0.7820 | train_acc 1.0000 | train_full n/a | val_acc 1.0000 | val_f1 1.0000 | adv/moduleC 1.00/1.00 | disc_steps 3 | grad(main/disc) 11.248/1.876 | lr(main/disc) 4.50e-05/1.38e-05 | cuda_peak(alloc/resv) 4.09/5.12GB | phase(train/val/raw/train_eval) 0.9/0.4/0.0/0.0s | 1.3s
2026-08-30 03:57:40 | Early stopping at epoch 42 after 12 epochs without val_f1_macro_present improvement.
2026-08-30 03:57:40 | Training complete. Peak validation accuracy: 1.0000 | selected val_f1_macro_present: 1.0000
