2026-08-30 17:39:22 | Starting Dual_D standalone training
2026-08-30 17:39:22 | Run directory: runs/module_c_v11_ablation_60/module_c_20260830_155840/module_c_no_prototype_contrastive_雨天_20260830_172123
2026-08-30 17:39:22 | Device: cuda
2026-08-30 17:39:22 | Source train samples: 992
2026-08-30 17:39:22 | Target train samples: 96
2026-08-30 17:39:22 | Target val samples: 26
2026-08-30 17:39:22 | Classes: 14
2026-08-30 17:39:22 | Data audit: same_dir=False | path_overlap(vis/ir/ais)=0/0/0 | content_overlap(vis/ir/ais)=0/0/0 | ais_index_overlap=0 | stem_mismatch(vis-ir/vis-ais)=117/0
2026-08-30 17:39:22 | source_train classes: present 14/14 | absent 0 | counts [0:120, 1:44, 2:69, 3:45, 4:40, 5:30, 6:64, 7:80, 8:116, 9:68, 10:57, 11:83, 12:48, 13:128]
2026-08-30 17:39:22 | target_train classes: present 6/14 | absent 8 | counts [0:7, 2:19, 9:32, 10:12, 11:6, 13:20]
2026-08-30 17:39:22 | target_val classes: present 6/14 | absent 8 | counts [0:2, 2:5, 9:8, 10:4, 11:2, 13:5]
2026-08-30 17:39:22 | Paired training classes: 6/14 | class ids [0, 2, 9, 10, 11, 13]
2026-08-30 17:39:22 | Runtime profile: batch=16 | paired_steps=6 | workers=16 | train_eval_every=5 | raw_eval_every=5 | stability_window=3 | lr_scheduler_start=24 | early_stop=12 after min_epoch=35
2026-08-30 17:39:22 | Augmentation profile: base=0.550 | visible=0.600 | infrared=0.400 | freeze_frozen_batch_norm_stats=True
2026-08-30 17:39:22 | VIS/IR pairing: class-level-unpaired | count-mismatch classes train/val: 10/0 | AIS alignment: none | AIS rows train/val: 0/0
2026-08-30 17:39:23 | Effective Dual-D loss weights: {"adv_auxiliary": 0.02, "adv_primary": 0.02, "classification": 0.6, "contrastive": 0.025, "cycle": 0.12, "identity": 0.025, "prototype_contrastive": 0.0}
2026-08-30 17:39:23 | Model parameters: total=17277714 | trainable=17120210
2026-08-30 17:39:26 | Epoch 001/060 | loss 5.5606 | cls 5.6300 | tal -0.2315 | dual_g 0.0000 | dual_d 0.0000 | train_acc 0.0833 | train_full 0.1458 | val_acc 0.2308 | val_f1 0.2139 | adv/moduleC 0.00/0.00 | disc_steps 0 | grad(main/disc) 31.699/0.000 | lr(main/disc) 9.00e-05/2.75e-05 | cuda_peak(alloc/resv) 4.09/5.12GB | phase(train/val/raw/train_eval) 1.1/0.4/0.4/0.4s | 2.3s
2026-08-30 17:39:27 | Epoch 002/060 | loss 4.5988 | cls 4.6516 | tal -0.1761 | dual_g 0.0000 | dual_d 0.0000 | train_acc 0.2292 | train_full n/a | val_acc 0.2692 | val_f1 0.1481 | adv/moduleC 0.00/0.00 | disc_steps 0 | grad(main/disc) 27.440/0.000 | lr(main/disc) 9.00e-05/2.75e-05 | cuda_peak(alloc/resv) 4.09/5.12GB | phase(train/val/raw/train_eval) 0.7/0.4/0.0/0.0s | 1.1s
2026-08-30 17:39:28 | Epoch 003/060 | loss 4.1560 | cls 4.1317 | tal 0.0810 | dual_g 0.0000 | dual_d 0.0000 | train_acc 0.3333 | train_full n/a | val_acc 0.2308 | val_f1 0.1061 | adv/moduleC 0.00/0.00 | disc_steps 0 | grad(main/disc) 24.017/0.000 | lr(main/disc) 9.00e-05/2.75e-05 | cuda_peak(alloc/resv) 4.09/5.12GB | phase(train/val/raw/train_eval) 0.8/0.4/0.4/0.0s | 1.6s
2026-08-30 17:39:30 | New best val_f1_macro_present: raw=0.1061 stable_score=0.1061 at epoch 3
2026-08-30 17:39:32 | Epoch 004/060 | loss 3.9030 | cls 3.5647 | tal 0.1006 | dual_g 0.3081 | dual_d 0.0000 | train_acc 0.4583 | train_full n/a | val_acc 0.1923 | val_f1 0.0595 | adv/moduleC 0.00/0.12 | disc_steps 0 | grad(main/disc) 22.863/0.000 | lr(main/disc) 9.00e-05/2.75e-05 | cuda_peak(alloc/resv) 4.09/5.12GB | phase(train/val/raw/train_eval) 0.9/0.4/0.0/0.0s | 1.2s
2026-08-30 17:39:34 | Epoch 005/060 | loss 4.0454 | cls 3.4208 | tal 0.0959 | dual_g 0.5958 | dual_d 0.0000 | train_acc 0.4688 | train_full 0.3125 | val_acc 0.4231 | val_f1 0.3654 | adv/moduleC 0.00/0.25 | disc_steps 0 | grad(main/disc) 21.696/0.000 | lr(main/disc) 9.00e-05/2.75e-05 | cuda_peak(alloc/resv) 4.09/5.12GB | phase(train/val/raw/train_eval) 0.8/0.4/0.4/0.4s | 2.0s
2026-08-30 17:39:35 | Epoch 006/060 | loss 3.8150 | cls 3.0048 | tal -0.0891 | dual_g 0.8369 | dual_d 0.0000 | train_acc 0.4792 | train_full n/a | val_acc 0.3846 | val_f1 0.3201 | adv/moduleC 0.00/0.38 | disc_steps 0 | grad(main/disc) 21.956/0.000 | lr(main/disc) 9.00e-05/2.75e-05 | cuda_peak(alloc/resv) 4.09/5.12GB | phase(train/val/raw/train_eval) 0.8/0.4/0.0/0.0s | 1.1s
2026-08-30 17:39:37 | Epoch 007/060 | loss 3.6410 | cls 2.6930 | tal -0.0648 | dual_g 0.9674 | dual_d 0.7671 | train_acc 0.6354 | train_full n/a | val_acc 0.5385 | val_f1 0.4651 | adv/moduleC 0.07/0.50 | disc_steps 3 | grad(main/disc) 20.384/2.007 | lr(main/disc) 9.00e-05/2.75e-05 | cuda_peak(alloc/resv) 4.09/5.12GB | phase(train/val/raw/train_eval) 1.0/0.4/0.4/0.0s | 1.8s
2026-08-30 17:39:39 | New best val_f1_macro_present: raw=0.4651 stable_score=0.3201 at epoch 7
2026-08-30 17:39:40 | Epoch 008/060 | loss 3.9805 | cls 2.8464 | tal 0.0274 | dual_g 1.1258 | dual_d 0.7871 | train_acc 0.6771 | train_full n/a | val_acc 0.5769 | val_f1 0.5831 | adv/moduleC 0.13/0.62 | disc_steps 3 | grad(main/disc) 21.605/1.989 | lr(main/disc) 9.00e-05/2.75e-05 | cuda_peak(alloc/resv) 4.09/5.12GB | phase(train/val/raw/train_eval) 0.7/0.4/0.0/0.0s | 1.1s
2026-08-30 17:39:42 | Epoch 009/060 | loss 3.7208 | cls 2.4679 | tal -0.1047 | dual_g 1.2843 | dual_d 0.7170 | train_acc 0.7396 | train_full n/a | val_acc 0.5769 | val_f1 0.6095 | adv/moduleC 0.20/0.75 | disc_steps 3 | grad(main/disc) 20.721/1.777 | lr(main/disc) 9.00e-05/2.75e-05 | cuda_peak(alloc/resv) 4.09/5.12GB | phase(train/val/raw/train_eval) 1.0/0.4/0.4/0.0s | 1.7s
2026-08-30 17:39:44 | New best val_f1_macro_present: raw=0.6095 stable_score=0.4651 at epoch 9
2026-08-30 17:39:46 | Epoch 010/060 | loss 3.5715 | cls 2.2779 | tal -0.1270 | dual_g 1.3316 | dual_d 0.7642 | train_acc 0.7812 | train_full 0.6562 | val_acc 0.6154 | val_f1 0.5843 | adv/moduleC 0.27/0.88 | disc_steps 3 | grad(main/disc) 19.835/1.926 | lr(main/disc) 9.00e-05/2.75e-05 | cuda_peak(alloc/resv) 4.09/5.12GB | phase(train/val/raw/train_eval) 0.9/0.4/0.4/0.4s | 2.1s
2026-08-30 17:39:48 | New best val_f1_macro_present: raw=0.5843 stable_score=0.5831 at epoch 10
2026-08-30 17:39:49 | Epoch 011/060 | loss 3.9601 | cls 2.3605 | tal -0.1706 | dual_g 1.6507 | dual_d 0.8470 | train_acc 0.7396 | train_full n/a | val_acc 0.6154 | val_f1 0.6591 | adv/moduleC 0.33/1.00 | disc_steps 3 | grad(main/disc) 23.916/1.966 | lr(main/disc) 9.00e-05/2.75e-05 | cuda_peak(alloc/resv) 4.09/5.12GB | phase(train/val/raw/train_eval) 0.8/0.4/0.4/0.0s | 1.5s
2026-08-30 17:39:52 | New best val_f1_macro_present: raw=0.6591 stable_score=0.5843 at epoch 11
2026-08-30 17:39:53 | Epoch 012/060 | loss 3.0980 | cls 1.8503 | tal -0.2227 | dual_g 1.3145 | dual_d 0.6719 | train_acc 0.8542 | train_full n/a | val_acc 0.5769 | val_f1 0.6424 | adv/moduleC 0.40/1.00 | disc_steps 3 | grad(main/disc) 17.293/1.854 | lr(main/disc) 9.00e-05/2.75e-05 | cuda_peak(alloc/resv) 4.09/5.12GB | phase(train/val/raw/train_eval) 0.6/0.4/0.0/0.0s | 1.0s
2026-08-30 17:39:54 | Epoch 013/060 | loss 3.3153 | cls 1.9702 | tal -0.1634 | dual_g 1.3941 | dual_d 0.6771 | train_acc 0.8750 | train_full n/a | val_acc 0.6923 | val_f1 0.7625 | adv/moduleC 0.47/1.00 | disc_steps 3 | grad(main/disc) 20.096/1.834 | lr(main/disc) 9.00e-05/2.75e-05 | cuda_peak(alloc/resv) 4.09/5.12GB | phase(train/val/raw/train_eval) 0.8/0.4/0.4/0.0s | 1.6s
2026-08-30 17:39:56 | New best val_f1_macro_present: raw=0.7625 stable_score=0.6424 at epoch 13
2026-08-30 17:39:57 | Epoch 014/060 | loss 3.3057 | cls 2.0441 | tal -0.0750 | dual_g 1.2841 | dual_d 0.7838 | train_acc 0.8854 | train_full n/a | val_acc 0.7308 | val_f1 0.7773 | adv/moduleC 0.53/1.00 | disc_steps 3 | grad(main/disc) 19.951/1.928 | lr(main/disc) 9.00e-05/2.75e-05 | cuda_peak(alloc/resv) 4.09/5.12GB | phase(train/val/raw/train_eval) 0.7/0.4/0.0/0.0s | 1.1s
2026-08-30 17:39:59 | Epoch 015/060 | loss 3.2080 | cls 1.9019 | tal -0.0727 | dual_g 1.3279 | dual_d 0.6620 | train_acc 0.9271 | train_full 0.6875 | val_acc 0.7308 | val_f1 0.7531 | adv/moduleC 0.60/1.00 | disc_steps 3 | grad(main/disc) 21.467/1.758 | lr(main/disc) 9.00e-05/2.75e-05 | cuda_peak(alloc/resv) 4.09/5.12GB | phase(train/val/raw/train_eval) 0.9/0.4/0.4/0.4s | 2.1s
2026-08-30 17:40:02 | New best val_f1_macro_present: raw=0.7531 stable_score=0.7531 at epoch 15
2026-08-30 17:40:03 | Epoch 016/060 | loss 2.9303 | cls 1.7255 | tal -0.1028 | dual_g 1.2356 | dual_d 0.7079 | train_acc 0.9271 | train_full n/a | val_acc 0.7308 | val_f1 0.7642 | adv/moduleC 0.67/1.00 | disc_steps 3 | grad(main/disc) 18.873/1.833 | lr(main/disc) 9.00e-05/2.75e-05 | cuda_peak(alloc/resv) 4.09/5.12GB | phase(train/val/raw/train_eval) 0.8/0.4/0.0/0.0s | 1.2s
2026-08-30 17:40:04 | Epoch 017/060 | loss 3.2881 | cls 1.9886 | tal -0.1511 | dual_g 1.3448 | dual_d 0.7033 | train_acc 0.8958 | train_full n/a | val_acc 0.6538 | val_f1 0.7170 | adv/moduleC 0.73/1.00 | disc_steps 3 | grad(main/disc) 20.188/1.790 | lr(main/disc) 9.00e-05/2.75e-05 | cuda_peak(alloc/resv) 4.09/5.12GB | phase(train/val/raw/train_eval) 1.0/0.4/0.0/0.0s | 1.4s
2026-08-30 17:40:05 | Epoch 018/060 | loss 2.9426 | cls 1.7009 | tal -0.0803 | dual_g 1.2659 | dual_d 0.7043 | train_acc 0.9167 | train_full n/a | val_acc 0.8077 | val_f1 0.8598 | adv/moduleC 0.80/1.00 | disc_steps 3 | grad(main/disc) 17.128/1.812 | lr(main/disc) 9.00e-05/2.75e-05 | cuda_peak(alloc/resv) 4.09/5.12GB | phase(train/val/raw/train_eval) 0.8/0.4/0.0/0.0s | 1.2s
2026-08-30 17:40:06 | Epoch 019/060 | loss 2.8421 | cls 1.6587 | tal 0.0002 | dual_g 1.1833 | dual_d 0.6092 | train_acc 0.9062 | train_full n/a | val_acc 0.7692 | val_f1 0.8079 | adv/moduleC 0.87/1.00 | disc_steps 3 | grad(main/disc) 15.271/1.662 | lr(main/disc) 9.00e-05/2.75e-05 | cuda_peak(alloc/resv) 4.09/5.12GB | phase(train/val/raw/train_eval) 0.7/0.4/0.0/0.0s | 1.1s
2026-08-30 17:40:08 | Epoch 020/060 | loss 2.8543 | cls 1.7294 | tal -0.0890 | dual_g 1.1516 | dual_d 0.7381 | train_acc 0.9271 | train_full 0.9062 | val_acc 0.9231 | val_f1 0.9484 | adv/moduleC 0.93/1.00 | disc_steps 3 | grad(main/disc) 17.959/1.744 | lr(main/disc) 9.00e-05/2.75e-05 | cuda_peak(alloc/resv) 4.09/5.12GB | phase(train/val/raw/train_eval) 0.8/0.4/0.4/0.4s | 2.0s
2026-08-30 17:40:11 | New best val_f1_macro_present: raw=0.9484 stable_score=0.8079 at epoch 20
2026-08-30 17:40:12 | Epoch 021/060 | loss 2.6913 | cls 1.5828 | tal -0.0698 | dual_g 1.1294 | dual_d 0.7246 | train_acc 0.9583 | train_full n/a | val_acc 0.9231 | val_f1 0.9277 | adv/moduleC 1.00/1.00 | disc_steps 3 | grad(main/disc) 15.148/1.721 | lr(main/disc) 9.00e-05/2.75e-05 | cuda_peak(alloc/resv) 4.09/5.12GB | phase(train/val/raw/train_eval) 1.0/0.4/0.0/0.0s | 1.4s
2026-08-30 17:40:14 | Epoch 022/060 | loss 2.7318 | cls 1.6572 | tal -0.0156 | dual_g 1.0793 | dual_d 0.7302 | train_acc 0.9479 | train_full n/a | val_acc 0.9231 | val_f1 0.9277 | adv/moduleC 1.00/1.00 | disc_steps 3 | grad(main/disc) 15.959/1.868 | lr(main/disc) 9.00e-05/2.75e-05 | cuda_peak(alloc/resv) 4.09/5.12GB | phase(train/val/raw/train_eval) 1.2/0.4/0.4/0.0s | 1.9s
2026-08-30 17:40:16 | New best val_f1_macro_present: raw=0.9277 stable_score=0.9277 at epoch 22
2026-08-30 17:40:17 | Epoch 023/060 | loss 2.5148 | cls 1.5234 | tal -0.1037 | dual_g 1.0225 | dual_d 0.6979 | train_acc 0.9583 | train_full n/a | val_acc 0.8846 | val_f1 0.8945 | adv/moduleC 1.00/1.00 | disc_steps 3 | grad(main/disc) 13.987/1.721 | lr(main/disc) 9.00e-05/2.75e-05 | cuda_peak(alloc/resv) 4.09/5.12GB | phase(train/val/raw/train_eval) 0.8/0.4/0.0/0.0s | 1.2s
2026-08-30 17:40:18 | Epoch 024/060 | loss 2.4835 | cls 1.4502 | tal -0.0466 | dual_g 1.0472 | dual_d 0.7058 | train_acc 0.9583 | train_full n/a | val_acc 0.9231 | val_f1 0.9277 | adv/moduleC 1.00/1.00 | disc_steps 3 | grad(main/disc) 13.346/1.705 | lr(main/disc) 9.00e-05/2.75e-05 | cuda_peak(alloc/resv) 4.09/5.12GB | phase(train/val/raw/train_eval) 0.7/0.4/0.0/0.0s | 1.1s
2026-08-30 17:40:20 | Epoch 025/060 | loss 2.6326 | cls 1.4876 | tal -0.0454 | dual_g 1.1587 | dual_d 0.6719 | train_acc 0.9896 | train_full 0.8958 | val_acc 0.9231 | val_f1 0.9484 | adv/moduleC 1.00/1.00 | disc_steps 3 | grad(main/disc) 17.010/1.657 | lr(main/disc) 9.00e-05/2.75e-05 | cuda_peak(alloc/resv) 4.09/5.12GB | phase(train/val/raw/train_eval) 0.8/0.4/0.4/0.4s | 2.0s
2026-08-30 17:40:22 | Epoch 026/060 | loss 2.6708 | cls 1.5903 | tal -0.0409 | dual_g 1.0927 | dual_d 0.7487 | train_acc 0.9688 | train_full n/a | val_acc 0.9231 | val_f1 0.9426 | adv/moduleC 1.00/1.00 | disc_steps 3 | grad(main/disc) 16.447/1.847 | lr(main/disc) 9.00e-05/2.75e-05 | cuda_peak(alloc/resv) 4.09/5.12GB | phase(train/val/raw/train_eval) 0.9/0.4/0.0/0.0s | 1.3s
2026-08-30 17:40:23 | Epoch 027/060 | loss 2.5483 | cls 1.4679 | tal -0.0653 | dual_g 1.0999 | dual_d 0.8331 | train_acc 1.0000 | train_full n/a | val_acc 0.9615 | val_f1 0.9737 | adv/moduleC 1.00/1.00 | disc_steps 3 | grad(main/disc) 14.573/1.810 | lr(main/disc) 9.00e-05/2.75e-05 | cuda_peak(alloc/resv) 4.09/5.12GB | phase(train/val/raw/train_eval) 0.7/0.4/0.4/0.0s | 1.5s
2026-08-30 17:40:25 | New best val_f1_macro_present: raw=0.9737 stable_score=0.9426 at epoch 27
2026-08-30 17:40:26 | Epoch 028/060 | loss 2.4638 | cls 1.4900 | tal -0.1088 | dual_g 1.0064 | dual_d 0.7420 | train_acc 0.9896 | train_full n/a | val_acc 0.9615 | val_f1 0.9737 | adv/moduleC 1.00/1.00 | disc_steps 3 | grad(main/disc) 12.053/1.707 | lr(main/disc) 9.00e-05/2.75e-05 | cuda_peak(alloc/resv) 4.09/5.12GB | phase(train/val/raw/train_eval) 0.8/0.4/0.0/0.0s | 1.2s
2026-08-30 17:40:28 | Epoch 029/060 | loss 2.6282 | cls 1.6062 | tal -0.1559 | dual_g 1.0688 | dual_d 0.6912 | train_acc 0.9479 | train_full n/a | val_acc 0.9615 | val_f1 0.9737 | adv/moduleC 1.00/1.00 | disc_steps 3 | grad(main/disc) 14.542/1.676 | lr(main/disc) 9.00e-05/2.75e-05 | cuda_peak(alloc/resv) 4.09/5.12GB | phase(train/val/raw/train_eval) 0.9/0.4/0.4/0.0s | 1.6s
2026-08-30 17:40:30 | New best val_f1_macro_present: raw=0.9737 stable_score=0.9737 at epoch 29
2026-08-30 17:40:32 | Epoch 030/060 | loss 2.3117 | cls 1.3402 | tal -0.1320 | dual_g 1.0111 | dual_d 0.7081 | train_acc 1.0000 | train_full 0.9375 | val_acc 0.9615 | val_f1 0.9737 | adv/moduleC 1.00/1.00 | disc_steps 3 | grad(main/disc) 9.346/1.667 | lr(main/disc) 9.00e-05/2.75e-05 | cuda_peak(alloc/resv) 4.09/5.12GB | phase(train/val/raw/train_eval) 0.8/0.4/0.4/0.4s | 2.0s
2026-08-30 17:40:33 | Epoch 031/060 | loss 2.2945 | cls 1.3572 | tal -0.2267 | dual_g 1.0054 | dual_d 0.6918 | train_acc 0.9792 | train_full n/a | val_acc 1.0000 | val_f1 1.0000 | adv/moduleC 1.00/1.00 | disc_steps 3 | grad(main/disc) 11.559/1.706 | lr(main/disc) 9.00e-05/2.75e-05 | cuda_peak(alloc/resv) 4.09/5.12GB | phase(train/val/raw/train_eval) 0.7/0.4/0.0/0.0s | 1.2s
2026-08-30 17:40:35 | Epoch 032/060 | loss 2.4027 | cls 1.4478 | tal -0.1929 | dual_g 1.0128 | dual_d 0.7037 | train_acc 0.9479 | train_full n/a | val_acc 1.0000 | val_f1 1.0000 | adv/moduleC 1.00/1.00 | disc_steps 3 | grad(main/disc) 12.266/1.736 | lr(main/disc) 9.00e-05/2.75e-05 | cuda_peak(alloc/resv) 4.09/5.12GB | phase(train/val/raw/train_eval) 0.9/0.4/0.0/0.0s | 1.3s
2026-08-30 17:40:36 | Epoch 033/060 | loss 2.4564 | cls 1.5000 | tal -0.2249 | dual_g 1.0238 | dual_d 0.6986 | train_acc 0.9583 | train_full n/a | val_acc 1.0000 | val_f1 1.0000 | adv/moduleC 1.00/1.00 | disc_steps 3 | grad(main/disc) 14.114/1.696 | lr(main/disc) 9.00e-05/2.75e-05 | cuda_peak(alloc/resv) 4.09/5.12GB | phase(train/val/raw/train_eval) 1.1/0.4/0.4/0.0s | 1.8s
2026-08-30 17:40:39 | New best val_f1_macro_present: raw=1.0000 stable_score=1.0000 at epoch 33
2026-08-30 17:40:40 | Epoch 034/060 | loss 2.3131 | cls 1.4019 | tal -0.1854 | dual_g 0.9669 | dual_d 0.7471 | train_acc 0.9896 | train_full n/a | val_acc 0.9615 | val_f1 0.9737 | adv/moduleC 1.00/1.00 | disc_steps 3 | grad(main/disc) 10.939/1.813 | lr(main/disc) 9.00e-05/2.75e-05 | cuda_peak(alloc/resv) 4.09/5.12GB | phase(train/val/raw/train_eval) 0.8/0.4/0.0/0.0s | 1.2s
2026-08-30 17:40:42 | Epoch 035/060 | loss 2.3219 | cls 1.4440 | tal -0.1854 | dual_g 0.9335 | dual_d 0.7394 | train_acc 0.9896 | train_full 0.9792 | val_acc 1.0000 | val_f1 1.0000 | adv/moduleC 1.00/1.00 | disc_steps 3 | grad(main/disc) 10.827/1.721 | lr(main/disc) 9.00e-05/2.75e-05 | cuda_peak(alloc/resv) 4.09/5.12GB | phase(train/val/raw/train_eval) 0.8/0.4/0.4/0.4s | 2.0s
2026-08-30 17:40:43 | Epoch 036/060 | loss 2.2212 | cls 1.3014 | tal -0.1617 | dual_g 0.9683 | dual_d 0.6814 | train_acc 0.9896 | train_full n/a | val_acc 1.0000 | val_f1 1.0000 | adv/moduleC 1.00/1.00 | disc_steps 3 | grad(main/disc) 8.707/1.663 | lr(main/disc) 9.00e-05/2.75e-05 | cuda_peak(alloc/resv) 4.09/5.12GB | phase(train/val/raw/train_eval) 0.8/0.4/0.0/0.0s | 1.2s
2026-08-30 17:40:44 | Epoch 037/060 | loss 2.2637 | cls 1.3835 | tal -0.2277 | dual_g 0.9485 | dual_d 0.7096 | train_acc 0.9688 | train_full n/a | val_acc 1.0000 | val_f1 1.0000 | adv/moduleC 1.00/1.00 | disc_steps 3 | grad(main/disc) 10.927/1.739 | lr(main/disc) 9.00e-05/2.75e-05 | cuda_peak(alloc/resv) 4.09/5.12GB | phase(train/val/raw/train_eval) 0.7/0.4/0.0/0.0s | 1.1s
2026-08-30 17:40:45 | Epoch 038/060 | loss 2.3463 | cls 1.4291 | tal -0.1617 | dual_g 0.9657 | dual_d 0.6866 | train_acc 1.0000 | train_full n/a | val_acc 1.0000 | val_f1 1.0000 | adv/moduleC 1.00/1.00 | disc_steps 3 | grad(main/disc) 13.412/1.637 | lr(main/disc) 9.00e-05/2.75e-05 | cuda_peak(alloc/resv) 4.09/5.12GB | phase(train/val/raw/train_eval) 0.7/0.4/0.0/0.0s | 1.1s
2026-08-30 17:40:46 | Epoch 039/060 | loss 2.2393 | cls 1.3468 | tal -0.1554 | dual_g 0.9391 | dual_d 0.7488 | train_acc 0.9792 | train_full n/a | val_acc 1.0000 | val_f1 1.0000 | adv/moduleC 1.00/1.00 | disc_steps 3 | grad(main/disc) 10.346/1.767 | lr(main/disc) 9.00e-05/2.75e-05 | cuda_peak(alloc/resv) 4.09/5.12GB | phase(train/val/raw/train_eval) 0.7/0.4/0.0/0.0s | 1.1s
2026-08-30 17:40:48 | Epoch 040/060 | loss 2.4010 | cls 1.4183 | tal -0.1179 | dual_g 1.0181 | dual_d 0.8069 | train_acc 0.9896 | train_full 0.9792 | val_acc 1.0000 | val_f1 1.0000 | adv/moduleC 1.00/1.00 | disc_steps 3 | grad(main/disc) 13.687/1.871 | lr(main/disc) 4.50e-05/1.38e-05 | cuda_peak(alloc/resv) 4.09/5.12GB | phase(train/val/raw/train_eval) 0.9/0.4/0.4/0.4s | 2.1s
2026-08-30 17:40:49 | Epoch 041/060 | loss 2.3465 | cls 1.3934 | tal -0.1168 | dual_g 0.9882 | dual_d 0.7344 | train_acc 0.9792 | train_full n/a | val_acc 1.0000 | val_f1 1.0000 | adv/moduleC 1.00/1.00 | disc_steps 3 | grad(main/disc) 11.202/1.808 | lr(main/disc) 4.50e-05/1.38e-05 | cuda_peak(alloc/resv) 4.09/5.12GB | phase(train/val/raw/train_eval) 0.6/0.4/0.0/0.0s | 1.0s
2026-08-30 17:40:51 | Epoch 042/060 | loss 2.1892 | cls 1.3181 | tal -0.1085 | dual_g 0.9036 | dual_d 0.8027 | train_acc 0.9896 | train_full n/a | val_acc 1.0000 | val_f1 1.0000 | adv/moduleC 1.00/1.00 | disc_steps 3 | grad(main/disc) 9.867/1.868 | lr(main/disc) 4.50e-05/1.38e-05 | cuda_peak(alloc/resv) 4.09/5.12GB | phase(train/val/raw/train_eval) 0.9/0.4/0.0/0.0s | 1.3s
2026-08-30 17:40:52 | Epoch 043/060 | loss 2.1539 | cls 1.3059 | tal -0.2204 | dual_g 0.9142 | dual_d 0.7379 | train_acc 0.9792 | train_full n/a | val_acc 1.0000 | val_f1 1.0000 | adv/moduleC 1.00/1.00 | disc_steps 3 | grad(main/disc) 9.433/1.714 | lr(main/disc) 4.50e-05/1.38e-05 | cuda_peak(alloc/resv) 4.09/5.12GB | phase(train/val/raw/train_eval) 0.8/0.4/0.0/0.0s | 1.2s
2026-08-30 17:40:53 | Epoch 044/060 | loss 2.1917 | cls 1.3233 | tal -0.1720 | dual_g 0.9201 | dual_d 0.8220 | train_acc 0.9792 | train_full n/a | val_acc 1.0000 | val_f1 1.0000 | adv/moduleC 1.00/1.00 | disc_steps 3 | grad(main/disc) 9.744/1.867 | lr(main/disc) 4.50e-05/1.38e-05 | cuda_peak(alloc/resv) 4.09/5.12GB | phase(train/val/raw/train_eval) 1.0/0.4/0.0/0.0s | 1.4s
2026-08-30 17:40:55 | Epoch 045/060 | loss 2.1679 | cls 1.2736 | tal -0.1432 | dual_g 0.9373 | dual_d 0.8067 | train_acc 1.0000 | train_full 0.9896 | val_acc 1.0000 | val_f1 1.0000 | adv/moduleC 1.00/1.00 | disc_steps 3 | grad(main/disc) 7.653/1.840 | lr(main/disc) 4.50e-05/1.38e-05 | cuda_peak(alloc/resv) 4.09/5.12GB | phase(train/val/raw/train_eval) 0.9/0.4/0.4/0.4s | 2.1s
2026-08-30 17:40:55 | Early stopping at epoch 45 after 12 epochs without val_f1_macro_present improvement.
2026-08-30 17:40:55 | Training complete. Peak validation accuracy: 1.0000 | selected val_f1_macro_present: 1.0000
