2026-08-30 17:40:55 | Starting Dual_D standalone training
2026-08-30 17:40:55 | Run directory: runs/module_c_v11_ablation_60/module_c_20260830_155840/module_c_no_prototype_contrastive_雨天_20260830_172123
2026-08-30 17:40:55 | Device: cuda
2026-08-30 17:40:55 | Source train samples: 992
2026-08-30 17:40:55 | Target train samples: 96
2026-08-30 17:40:55 | Target val samples: 26
2026-08-30 17:40:55 | Classes: 14
2026-08-30 17:40:55 | Data audit: same_dir=False | path_overlap(vis/ir/ais)=0/0/0 | content_overlap(vis/ir/ais)=0/0/0 | ais_index_overlap=0 | stem_mismatch(vis-ir/vis-ais)=117/0
2026-08-30 17:40:55 | source_train classes: present 14/14 | absent 0 | counts [0:120, 1:44, 2:69, 3:45, 4:40, 5:30, 6:64, 7:80, 8:116, 9:68, 10:57, 11:83, 12:48, 13:128]
2026-08-30 17:40:55 | target_train classes: present 6/14 | absent 8 | counts [0:7, 2:19, 9:32, 10:12, 11:6, 13:20]
2026-08-30 17:40:55 | target_val classes: present 6/14 | absent 8 | counts [0:2, 2:5, 9:8, 10:4, 11:2, 13:5]
2026-08-30 17:40:55 | Paired training classes: 6/14 | class ids [0, 2, 9, 10, 11, 13]
2026-08-30 17:40:55 | Runtime profile: batch=16 | paired_steps=6 | workers=16 | train_eval_every=5 | raw_eval_every=5 | stability_window=3 | lr_scheduler_start=24 | early_stop=12 after min_epoch=35
2026-08-30 17:40:55 | Augmentation profile: base=0.550 | visible=0.600 | infrared=0.400 | freeze_frozen_batch_norm_stats=True
2026-08-30 17:40:55 | VIS/IR pairing: class-level-unpaired | count-mismatch classes train/val: 10/0 | AIS alignment: none | AIS rows train/val: 0/0
2026-08-30 17:40:56 | Effective Dual-D loss weights: {"adv_auxiliary": 0.02, "adv_primary": 0.02, "classification": 0.6, "contrastive": 0.025, "cycle": 0.12, "identity": 0.025, "prototype_contrastive": 0.0}
2026-08-30 17:40:56 | Model parameters: total=17277714 | trainable=17120210
2026-08-30 17:40:58 | Epoch 001/060 | loss 5.7327 | cls 5.8095 | tal -0.2562 | dual_g 0.0000 | dual_d 0.0000 | train_acc 0.1042 | train_full 0.0938 | val_acc 0.1154 | val_f1 0.0751 | adv/moduleC 0.00/0.00 | disc_steps 0 | grad(main/disc) 33.192/0.000 | lr(main/disc) 9.00e-05/2.75e-05 | cuda_peak(alloc/resv) 4.09/5.12GB | phase(train/val/raw/train_eval) 1.2/0.4/0.4/0.4s | 2.4s
2026-08-30 17:40:59 | Epoch 002/060 | loss 4.1194 | cls 4.2765 | tal -0.5238 | dual_g 0.0000 | dual_d 0.0000 | train_acc 0.2917 | train_full n/a | val_acc 0.0769 | val_f1 0.0238 | adv/moduleC 0.00/0.00 | disc_steps 0 | grad(main/disc) 26.728/0.000 | lr(main/disc) 9.00e-05/2.75e-05 | cuda_peak(alloc/resv) 4.09/5.12GB | phase(train/val/raw/train_eval) 0.8/0.4/0.0/0.0s | 1.1s
2026-08-30 17:41:01 | Epoch 003/060 | loss 3.5397 | cls 3.7007 | tal -0.5365 | dual_g 0.0000 | dual_d 0.0000 | train_acc 0.4167 | train_full n/a | val_acc 0.1538 | val_f1 0.1389 | adv/moduleC 0.00/0.00 | disc_steps 0 | grad(main/disc) 23.101/0.000 | lr(main/disc) 9.00e-05/2.75e-05 | cuda_peak(alloc/resv) 4.09/5.12GB | phase(train/val/raw/train_eval) 0.8/0.4/0.4/0.0s | 1.6s
2026-08-30 17:41:03 | New best val_f1_macro_present: raw=0.1389 stable_score=0.0238 at epoch 3
2026-08-30 17:41:04 | Epoch 004/060 | loss 3.3828 | cls 3.2287 | tal -0.5176 | dual_g 0.3094 | dual_d 0.0000 | train_acc 0.3958 | train_full n/a | val_acc 0.3462 | val_f1 0.3671 | adv/moduleC 0.00/0.12 | disc_steps 0 | grad(main/disc) 20.992/0.000 | lr(main/disc) 9.00e-05/2.75e-05 | cuda_peak(alloc/resv) 4.09/5.12GB | phase(train/val/raw/train_eval) 0.9/0.4/0.0/0.0s | 1.3s
2026-08-30 17:41:06 | Epoch 005/060 | loss 3.8453 | cls 3.4103 | tal -0.4272 | dual_g 0.5631 | dual_d 0.0000 | train_acc 0.5521 | train_full 0.2812 | val_acc 0.4231 | val_f1 0.4241 | adv/moduleC 0.00/0.25 | disc_steps 0 | grad(main/disc) 21.948/0.000 | lr(main/disc) 9.00e-05/2.75e-05 | cuda_peak(alloc/resv) 4.09/5.12GB | phase(train/val/raw/train_eval) 0.8/0.4/0.4/0.4s | 2.0s
2026-08-30 17:41:09 | New best val_f1_macro_present: raw=0.4241 stable_score=0.1389 at epoch 5
2026-08-30 17:41:10 | Epoch 006/060 | loss 3.6134 | cls 2.9347 | tal -0.2754 | dual_g 0.7613 | dual_d 0.0000 | train_acc 0.5208 | train_full n/a | val_acc 0.4231 | val_f1 0.3841 | adv/moduleC 0.00/0.38 | disc_steps 0 | grad(main/disc) 20.576/0.000 | lr(main/disc) 9.00e-05/2.75e-05 | cuda_peak(alloc/resv) 4.09/5.12GB | phase(train/val/raw/train_eval) 0.8/0.4/0.4/0.0s | 1.6s
2026-08-30 17:41:12 | New best val_f1_macro_present: raw=0.3841 stable_score=0.3671 at epoch 6
2026-08-30 17:41:14 | Epoch 007/060 | loss 3.8483 | cls 2.9035 | tal -0.2734 | dual_g 1.0269 | dual_d 0.7430 | train_acc 0.6250 | train_full n/a | val_acc 0.4231 | val_f1 0.4000 | adv/moduleC 0.07/0.50 | disc_steps 3 | grad(main/disc) 21.614/2.140 | lr(main/disc) 9.00e-05/2.75e-05 | cuda_peak(alloc/resv) 4.09/5.12GB | phase(train/val/raw/train_eval) 1.0/0.4/0.4/0.0s | 1.8s
2026-08-30 17:41:16 | New best val_f1_macro_present: raw=0.4000 stable_score=0.3841 at epoch 7
2026-08-30 17:41:17 | Epoch 008/060 | loss 3.6333 | cls 2.5841 | tal -0.2676 | dual_g 1.1294 | dual_d 0.7432 | train_acc 0.7083 | train_full n/a | val_acc 0.3846 | val_f1 0.3902 | adv/moduleC 0.13/0.62 | disc_steps 3 | grad(main/disc) 20.422/2.115 | lr(main/disc) 9.00e-05/2.75e-05 | cuda_peak(alloc/resv) 4.09/5.12GB | phase(train/val/raw/train_eval) 0.8/0.4/0.0/0.0s | 1.2s
2026-08-30 17:41:19 | Epoch 009/060 | loss 3.9071 | cls 2.6943 | tal -0.3606 | dual_g 1.3210 | dual_d 0.7781 | train_acc 0.6458 | train_full n/a | val_acc 0.5769 | val_f1 0.6061 | adv/moduleC 0.20/0.75 | disc_steps 3 | grad(main/disc) 22.107/2.114 | lr(main/disc) 9.00e-05/2.75e-05 | cuda_peak(alloc/resv) 4.09/5.12GB | phase(train/val/raw/train_eval) 0.7/0.4/0.4/0.0s | 1.5s
2026-08-30 17:41:21 | New best val_f1_macro_present: raw=0.6061 stable_score=0.3902 at epoch 9
2026-08-30 17:41:23 | Epoch 010/060 | loss 3.3990 | cls 2.1485 | tal -0.3616 | dual_g 1.3589 | dual_d 0.7892 | train_acc 0.8125 | train_full 0.6146 | val_acc 0.5385 | val_f1 0.5452 | adv/moduleC 0.27/0.88 | disc_steps 3 | grad(main/disc) 18.423/2.236 | lr(main/disc) 9.00e-05/2.75e-05 | cuda_peak(alloc/resv) 4.09/5.12GB | phase(train/val/raw/train_eval) 0.7/0.4/0.4/0.4s | 1.9s
2026-08-30 17:41:25 | Epoch 011/060 | loss 3.7782 | cls 2.3376 | tal -0.2978 | dual_g 1.5299 | dual_d 0.7939 | train_acc 0.6771 | train_full n/a | val_acc 0.5385 | val_f1 0.5232 | adv/moduleC 0.33/1.00 | disc_steps 3 | grad(main/disc) 21.562/2.022 | lr(main/disc) 9.00e-05/2.75e-05 | cuda_peak(alloc/resv) 4.09/5.12GB | phase(train/val/raw/train_eval) 0.9/0.4/0.4/0.0s | 1.6s
2026-08-30 17:41:27 | New best val_f1_macro_present: raw=0.5232 stable_score=0.5232 at epoch 11
2026-08-30 17:41:28 | Epoch 012/060 | loss 3.5606 | cls 2.2019 | tal -0.3060 | dual_g 1.4505 | dual_d 0.7750 | train_acc 0.7812 | train_full n/a | val_acc 0.6154 | val_f1 0.6291 | adv/moduleC 0.40/1.00 | disc_steps 3 | grad(main/disc) 20.484/2.198 | lr(main/disc) 9.00e-05/2.75e-05 | cuda_peak(alloc/resv) 4.09/5.12GB | phase(train/val/raw/train_eval) 0.9/0.4/0.0/0.0s | 1.3s
2026-08-30 17:41:29 | Epoch 013/060 | loss 3.4239 | cls 2.0600 | tal -0.1793 | dual_g 1.4177 | dual_d 0.7261 | train_acc 0.7917 | train_full n/a | val_acc 0.6154 | val_f1 0.6337 | adv/moduleC 0.47/1.00 | disc_steps 3 | grad(main/disc) 20.316/1.906 | lr(main/disc) 9.00e-05/2.75e-05 | cuda_peak(alloc/resv) 4.09/5.12GB | phase(train/val/raw/train_eval) 0.8/0.4/0.0/0.0s | 1.2s
2026-08-30 17:41:31 | Epoch 014/060 | loss 3.4061 | cls 2.0206 | tal -0.1975 | dual_g 1.4447 | dual_d 0.7507 | train_acc 0.8542 | train_full n/a | val_acc 0.9231 | val_f1 0.9484 | adv/moduleC 0.53/1.00 | disc_steps 3 | grad(main/disc) 21.132/2.001 | lr(main/disc) 9.00e-05/2.75e-05 | cuda_peak(alloc/resv) 4.09/5.12GB | phase(train/val/raw/train_eval) 1.0/0.4/0.4/0.0s | 1.7s
2026-08-30 17:41:33 | New best val_f1_macro_present: raw=0.9484 stable_score=0.6291 at epoch 14
2026-08-30 17:41:35 | Epoch 015/060 | loss 3.1042 | cls 1.8276 | tal -0.1441 | dual_g 1.3198 | dual_d 0.7275 | train_acc 0.9375 | train_full 0.8542 | val_acc 0.8462 | val_f1 0.8579 | adv/moduleC 0.60/1.00 | disc_steps 3 | grad(main/disc) 15.929/1.917 | lr(main/disc) 9.00e-05/2.75e-05 | cuda_peak(alloc/resv) 4.09/5.12GB | phase(train/val/raw/train_eval) 0.9/0.4/0.4/0.4s | 2.1s
2026-08-30 17:41:37 | New best val_f1_macro_present: raw=0.8579 stable_score=0.6337 at epoch 15
2026-08-30 17:41:39 | Epoch 016/060 | loss 2.8578 | cls 1.6611 | tal -0.1594 | dual_g 1.2445 | dual_d 0.7522 | train_acc 0.9167 | train_full n/a | val_acc 0.6538 | val_f1 0.6652 | adv/moduleC 0.67/1.00 | disc_steps 3 | grad(main/disc) 17.500/1.909 | lr(main/disc) 9.00e-05/2.75e-05 | cuda_peak(alloc/resv) 4.09/5.12GB | phase(train/val/raw/train_eval) 0.8/0.4/0.4/0.0s | 1.6s
2026-08-30 17:41:41 | New best val_f1_macro_present: raw=0.6652 stable_score=0.6652 at epoch 16
2026-08-30 17:41:42 | Epoch 017/060 | loss 2.8800 | cls 1.7271 | tal -0.2094 | dual_g 1.2158 | dual_d 0.8003 | train_acc 0.9583 | train_full n/a | val_acc 0.6538 | val_f1 0.6789 | adv/moduleC 0.73/1.00 | disc_steps 3 | grad(main/disc) 15.917/1.979 | lr(main/disc) 9.00e-05/2.75e-05 | cuda_peak(alloc/resv) 4.09/5.12GB | phase(train/val/raw/train_eval) 1.0/0.4/0.0/0.0s | 1.4s
2026-08-30 17:41:43 | Epoch 018/060 | loss 2.7831 | cls 1.6482 | tal -0.1717 | dual_g 1.1864 | dual_d 0.8273 | train_acc 0.9375 | train_full n/a | val_acc 0.6538 | val_f1 0.6652 | adv/moduleC 0.80/1.00 | disc_steps 3 | grad(main/disc) 16.072/2.062 | lr(main/disc) 9.00e-05/2.75e-05 | cuda_peak(alloc/resv) 4.09/5.12GB | phase(train/val/raw/train_eval) 0.7/0.4/0.0/0.0s | 1.1s
2026-08-30 17:41:45 | Epoch 019/060 | loss 2.7785 | cls 1.6651 | tal -0.1586 | dual_g 1.1610 | dual_d 0.7738 | train_acc 0.9167 | train_full n/a | val_acc 0.6154 | val_f1 0.6369 | adv/moduleC 0.87/1.00 | disc_steps 3 | grad(main/disc) 16.375/2.033 | lr(main/disc) 9.00e-05/2.75e-05 | cuda_peak(alloc/resv) 4.09/5.12GB | phase(train/val/raw/train_eval) 0.9/0.4/0.0/0.0s | 1.3s
2026-08-30 17:41:47 | Epoch 020/060 | loss 2.7562 | cls 1.6307 | tal -0.1650 | dual_g 1.1751 | dual_d 0.7340 | train_acc 0.9896 | train_full 0.8021 | val_acc 0.7308 | val_f1 0.7416 | adv/moduleC 0.93/1.00 | disc_steps 3 | grad(main/disc) 15.318/1.866 | lr(main/disc) 9.00e-05/2.75e-05 | cuda_peak(alloc/resv) 4.09/5.12GB | phase(train/val/raw/train_eval) 0.9/0.4/0.4/0.4s | 2.1s
2026-08-30 17:41:48 | Epoch 021/060 | loss 2.7743 | cls 1.6817 | tal -0.1516 | dual_g 1.1381 | dual_d 0.7905 | train_acc 0.9479 | train_full n/a | val_acc 0.7692 | val_f1 0.7833 | adv/moduleC 1.00/1.00 | disc_steps 3 | grad(main/disc) 16.115/2.018 | lr(main/disc) 9.00e-05/2.75e-05 | cuda_peak(alloc/resv) 4.09/5.12GB | phase(train/val/raw/train_eval) 0.6/0.4/0.0/0.0s | 1.0s
2026-08-30 17:41:49 | Epoch 022/060 | loss 2.7486 | cls 1.6424 | tal -0.1037 | dual_g 1.1373 | dual_d 0.7630 | train_acc 0.9375 | train_full n/a | val_acc 0.6538 | val_f1 0.6641 | adv/moduleC 1.00/1.00 | disc_steps 3 | grad(main/disc) 16.434/2.064 | lr(main/disc) 9.00e-05/2.75e-05 | cuda_peak(alloc/resv) 4.09/5.12GB | phase(train/val/raw/train_eval) 0.8/0.4/0.0/0.0s | 1.2s
2026-08-30 17:41:50 | Epoch 023/060 | loss 2.7925 | cls 1.6417 | tal -0.1116 | dual_g 1.1843 | dual_d 0.7644 | train_acc 0.9167 | train_full n/a | val_acc 0.7308 | val_f1 0.7497 | adv/moduleC 1.00/1.00 | disc_steps 3 | grad(main/disc) 17.218/1.888 | lr(main/disc) 9.00e-05/2.75e-05 | cuda_peak(alloc/resv) 4.09/5.12GB | phase(train/val/raw/train_eval) 0.8/0.4/0.0/0.0s | 1.2s
2026-08-30 17:41:51 | Epoch 024/060 | loss 2.3751 | cls 1.3796 | tal -0.0784 | dual_g 1.0190 | dual_d 0.8422 | train_acc 0.9688 | train_full n/a | val_acc 0.8077 | val_f1 0.8224 | adv/moduleC 1.00/1.00 | disc_steps 3 | grad(main/disc) 10.846/2.128 | lr(main/disc) 9.00e-05/2.75e-05 | cuda_peak(alloc/resv) 4.09/5.12GB | phase(train/val/raw/train_eval) 0.8/0.4/0.0/0.0s | 1.2s
2026-08-30 17:41:53 | Epoch 025/060 | loss 2.5586 | cls 1.5393 | tal -0.0543 | dual_g 1.0356 | dual_d 0.8654 | train_acc 0.9479 | train_full 0.8958 | val_acc 0.8462 | val_f1 0.8579 | adv/moduleC 1.00/1.00 | disc_steps 3 | grad(main/disc) 15.619/2.104 | lr(main/disc) 9.00e-05/2.75e-05 | cuda_peak(alloc/resv) 4.09/5.12GB | phase(train/val/raw/train_eval) 0.7/0.4/0.4/0.4s | 1.9s
2026-08-30 17:41:55 | New best val_f1_macro_present: raw=0.8579 stable_score=0.7497 at epoch 25
2026-08-30 17:41:57 | Epoch 026/060 | loss 2.4934 | cls 1.4342 | tal -0.0196 | dual_g 1.0651 | dual_d 0.8472 | train_acc 0.9479 | train_full n/a | val_acc 0.9231 | val_f1 0.9277 | adv/moduleC 1.00/1.00 | disc_steps 3 | grad(main/disc) 12.895/2.092 | lr(main/disc) 9.00e-05/2.75e-05 | cuda_peak(alloc/resv) 4.09/5.12GB | phase(train/val/raw/train_eval) 0.9/0.4/0.4/0.0s | 1.7s
2026-08-30 17:41:59 | New best val_f1_macro_present: raw=0.9277 stable_score=0.8224 at epoch 26
2026-08-30 17:42:01 | Epoch 027/060 | loss 2.7625 | cls 1.6180 | tal -0.0308 | dual_g 1.1537 | dual_d 0.8022 | train_acc 0.9583 | train_full n/a | val_acc 0.9231 | val_f1 0.9484 | adv/moduleC 1.00/1.00 | disc_steps 3 | grad(main/disc) 17.439/2.026 | lr(main/disc) 9.00e-05/2.75e-05 | cuda_peak(alloc/resv) 4.09/5.12GB | phase(train/val/raw/train_eval) 0.7/0.4/0.4/0.0s | 1.5s
2026-08-30 17:42:03 | New best val_f1_macro_present: raw=0.9484 stable_score=0.8579 at epoch 27
2026-08-30 17:42:04 | Epoch 028/060 | loss 2.5139 | cls 1.5079 | tal -0.0903 | dual_g 1.0331 | dual_d 0.8006 | train_acc 0.9688 | train_full n/a | val_acc 0.9231 | val_f1 0.9429 | adv/moduleC 1.00/1.00 | disc_steps 3 | grad(main/disc) 12.708/1.895 | lr(main/disc) 9.00e-05/2.75e-05 | cuda_peak(alloc/resv) 4.09/5.12GB | phase(train/val/raw/train_eval) 0.7/0.4/0.4/0.0s | 1.5s
2026-08-30 17:42:06 | New best val_f1_macro_present: raw=0.9429 stable_score=0.9277 at epoch 28
2026-08-30 17:42:08 | Epoch 029/060 | loss 2.4017 | cls 1.4198 | tal -0.1318 | dual_g 1.0215 | dual_d 0.7786 | train_acc 0.9792 | train_full n/a | val_acc 0.9615 | val_f1 0.9704 | adv/moduleC 1.00/1.00 | disc_steps 3 | grad(main/disc) 11.600/1.879 | lr(main/disc) 9.00e-05/2.75e-05 | cuda_peak(alloc/resv) 4.09/5.12GB | phase(train/val/raw/train_eval) 0.9/0.4/0.4/0.0s | 1.6s
2026-08-30 17:42:10 | New best val_f1_macro_present: raw=0.9704 stable_score=0.9429 at epoch 29
2026-08-30 17:42:12 | Epoch 030/060 | loss 2.6094 | cls 1.5625 | tal -0.1183 | dual_g 1.0823 | dual_d 0.7551 | train_acc 0.9583 | train_full 0.9792 | val_acc 1.0000 | val_f1 1.0000 | adv/moduleC 1.00/1.00 | disc_steps 3 | grad(main/disc) 15.276/1.880 | lr(main/disc) 9.00e-05/2.75e-05 | cuda_peak(alloc/resv) 4.09/5.12GB | phase(train/val/raw/train_eval) 0.8/0.4/0.4/0.4s | 2.0s
2026-08-30 17:42:14 | Epoch 031/060 | loss 2.4438 | cls 1.4494 | tal -0.0665 | dual_g 1.0143 | dual_d 0.7873 | train_acc 0.9792 | train_full n/a | val_acc 0.9615 | val_f1 0.9556 | adv/moduleC 1.00/1.00 | disc_steps 3 | grad(main/disc) 12.675/1.886 | lr(main/disc) 9.00e-05/2.75e-05 | cuda_peak(alloc/resv) 4.09/5.12GB | phase(train/val/raw/train_eval) 0.8/0.4/0.4/0.0s | 1.6s
2026-08-30 17:42:16 | New best val_f1_macro_present: raw=0.9556 stable_score=0.9556 at epoch 31
2026-08-30 17:42:17 | Epoch 032/060 | loss 2.3440 | cls 1.3747 | tal -0.0548 | dual_g 0.9858 | dual_d 0.7720 | train_acc 0.9792 | train_full n/a | val_acc 0.9615 | val_f1 0.9556 | adv/moduleC 1.00/1.00 | disc_steps 3 | grad(main/disc) 11.826/1.874 | lr(main/disc) 9.00e-05/2.75e-05 | cuda_peak(alloc/resv) 4.09/5.12GB | phase(train/val/raw/train_eval) 0.9/0.4/0.0/0.0s | 1.2s
2026-08-30 17:42:18 | Epoch 033/060 | loss 2.2862 | cls 1.3351 | tal -0.0104 | dual_g 0.9542 | dual_d 0.7902 | train_acc 0.9896 | train_full n/a | val_acc 1.0000 | val_f1 1.0000 | adv/moduleC 1.00/1.00 | disc_steps 3 | grad(main/disc) 8.185/1.845 | lr(main/disc) 9.00e-05/2.75e-05 | cuda_peak(alloc/resv) 4.09/5.12GB | phase(train/val/raw/train_eval) 0.9/0.4/0.0/0.0s | 1.3s
2026-08-30 17:42:19 | Epoch 034/060 | loss 2.4147 | cls 1.3982 | tal 0.0149 | dual_g 1.0120 | dual_d 0.8870 | train_acc 1.0000 | train_full n/a | val_acc 1.0000 | val_f1 1.0000 | adv/moduleC 1.00/1.00 | disc_steps 3 | grad(main/disc) 10.861/2.005 | lr(main/disc) 9.00e-05/2.75e-05 | cuda_peak(alloc/resv) 4.09/5.12GB | phase(train/val/raw/train_eval) 0.6/0.4/0.0/0.0s | 1.0s
2026-08-30 17:42:21 | Epoch 035/060 | loss 2.2075 | cls 1.3031 | tal -0.0728 | dual_g 0.9262 | dual_d 0.8571 | train_acc 0.9896 | train_full 0.9792 | val_acc 1.0000 | val_f1 1.0000 | adv/moduleC 1.00/1.00 | disc_steps 3 | grad(main/disc) 8.314/1.956 | lr(main/disc) 9.00e-05/2.75e-05 | cuda_peak(alloc/resv) 4.09/5.12GB | phase(train/val/raw/train_eval) 0.8/0.4/0.4/0.4s | 2.0s
2026-08-30 17:42:24 | New best val_f1_macro_present: raw=1.0000 stable_score=1.0000 at epoch 35
2026-08-30 17:42:25 | Epoch 036/060 | loss 2.4117 | cls 1.4238 | tal -0.0365 | dual_g 0.9989 | dual_d 0.8295 | train_acc 0.9688 | train_full n/a | val_acc 1.0000 | val_f1 1.0000 | adv/moduleC 1.00/1.00 | disc_steps 3 | grad(main/disc) 11.394/1.992 | lr(main/disc) 9.00e-05/2.75e-05 | cuda_peak(alloc/resv) 4.09/5.12GB | phase(train/val/raw/train_eval) 0.9/0.4/0.0/0.0s | 1.3s
2026-08-30 17:42:26 | Epoch 037/060 | loss 2.2863 | cls 1.3383 | tal 0.0120 | dual_g 0.9444 | dual_d 0.8584 | train_acc 0.9896 | train_full n/a | val_acc 1.0000 | val_f1 1.0000 | adv/moduleC 1.00/1.00 | disc_steps 3 | grad(main/disc) 9.863/1.952 | lr(main/disc) 9.00e-05/2.75e-05 | cuda_peak(alloc/resv) 4.09/5.12GB | phase(train/val/raw/train_eval) 0.7/0.4/0.0/0.0s | 1.1s
2026-08-30 17:42:27 | Epoch 038/060 | loss 2.3529 | cls 1.3843 | tal -0.0638 | dual_g 0.9877 | dual_d 0.8954 | train_acc 0.9792 | train_full n/a | val_acc 1.0000 | val_f1 1.0000 | adv/moduleC 1.00/1.00 | disc_steps 3 | grad(main/disc) 12.251/1.942 | lr(main/disc) 9.00e-05/2.75e-05 | cuda_peak(alloc/resv) 4.09/5.12GB | phase(train/val/raw/train_eval) 0.8/0.4/0.0/0.0s | 1.2s
2026-08-30 17:42:28 | Epoch 039/060 | loss 2.2598 | cls 1.2881 | tal 0.0014 | dual_g 0.9713 | dual_d 0.9146 | train_acc 1.0000 | train_full n/a | val_acc 0.9615 | val_f1 0.9556 | adv/moduleC 1.00/1.00 | disc_steps 3 | grad(main/disc) 8.262/2.086 | lr(main/disc) 4.50e-05/1.38e-05 | cuda_peak(alloc/resv) 4.09/5.12GB | phase(train/val/raw/train_eval) 0.9/0.4/0.0/0.0s | 1.3s
2026-08-30 17:42:30 | Epoch 040/060 | loss 2.3193 | cls 1.3427 | tal 0.0623 | dual_g 0.9579 | dual_d 0.8248 | train_acc 0.9792 | train_full 1.0000 | val_acc 1.0000 | val_f1 1.0000 | adv/moduleC 1.00/1.00 | disc_steps 3 | grad(main/disc) 9.699/1.880 | lr(main/disc) 4.50e-05/1.38e-05 | cuda_peak(alloc/resv) 4.09/5.12GB | phase(train/val/raw/train_eval) 0.6/0.4/0.4/0.4s | 1.8s
2026-08-30 17:42:31 | Epoch 041/060 | loss 2.2923 | cls 1.3401 | tal -0.0501 | dual_g 0.9672 | dual_d 0.8896 | train_acc 0.9896 | train_full n/a | val_acc 1.0000 | val_f1 1.0000 | adv/moduleC 1.00/1.00 | disc_steps 3 | grad(main/disc) 10.154/2.010 | lr(main/disc) 4.50e-05/1.38e-05 | cuda_peak(alloc/resv) 4.09/5.12GB | phase(train/val/raw/train_eval) 0.8/0.4/0.0/0.0s | 1.2s
2026-08-30 17:42:33 | Epoch 042/060 | loss 2.2748 | cls 1.3293 | tal 0.0510 | dual_g 0.9302 | dual_d 0.8565 | train_acc 0.9792 | train_full n/a | val_acc 1.0000 | val_f1 1.0000 | adv/moduleC 1.00/1.00 | disc_steps 3 | grad(main/disc) 8.877/2.008 | lr(main/disc) 4.50e-05/1.38e-05 | cuda_peak(alloc/resv) 4.09/5.12GB | phase(train/val/raw/train_eval) 0.9/0.4/0.0/0.0s | 1.3s
2026-08-30 17:42:34 | Epoch 043/060 | loss 2.2857 | cls 1.3412 | tal 0.0131 | dual_g 0.9406 | dual_d 0.9618 | train_acc 0.9896 | train_full n/a | val_acc 1.0000 | val_f1 1.0000 | adv/moduleC 1.00/1.00 | disc_steps 3 | grad(main/disc) 10.191/2.021 | lr(main/disc) 4.50e-05/1.38e-05 | cuda_peak(alloc/resv) 4.09/5.12GB | phase(train/val/raw/train_eval) 0.8/0.4/0.0/0.0s | 1.2s
2026-08-30 17:42:35 | Epoch 044/060 | loss 2.2878 | cls 1.3493 | tal -0.0077 | dual_g 0.9409 | dual_d 0.8634 | train_acc 0.9792 | train_full n/a | val_acc 1.0000 | val_f1 1.0000 | adv/moduleC 1.00/1.00 | disc_steps 3 | grad(main/disc) 9.659/1.931 | lr(main/disc) 4.50e-05/1.38e-05 | cuda_peak(alloc/resv) 4.09/5.12GB | phase(train/val/raw/train_eval) 0.8/0.4/0.0/0.0s | 1.2s
2026-08-30 17:42:37 | Epoch 045/060 | loss 2.2209 | cls 1.2887 | tal -0.0096 | dual_g 0.9351 | dual_d 0.9268 | train_acc 0.9896 | train_full 1.0000 | val_acc 1.0000 | val_f1 1.0000 | adv/moduleC 1.00/1.00 | disc_steps 3 | grad(main/disc) 7.844/2.162 | lr(main/disc) 4.50e-05/1.38e-05 | cuda_peak(alloc/resv) 4.09/5.12GB | phase(train/val/raw/train_eval) 0.8/0.4/0.4/0.4s | 2.0s
2026-08-30 17:42:38 | Epoch 046/060 | loss 2.2954 | cls 1.3612 | tal 0.0348 | dual_g 0.9238 | dual_d 0.8479 | train_acc 0.9896 | train_full n/a | val_acc 1.0000 | val_f1 1.0000 | adv/moduleC 1.00/1.00 | disc_steps 3 | grad(main/disc) 9.975/1.961 | lr(main/disc) 4.50e-05/1.38e-05 | cuda_peak(alloc/resv) 4.09/5.12GB | phase(train/val/raw/train_eval) 0.8/0.4/0.0/0.0s | 1.1s
2026-08-30 17:42:39 | Epoch 047/060 | loss 2.1996 | cls 1.2835 | tal -0.0590 | dual_g 0.9337 | dual_d 0.8614 | train_acc 0.9688 | train_full n/a | val_acc 1.0000 | val_f1 1.0000 | adv/moduleC 1.00/1.00 | disc_steps 3 | grad(main/disc) 8.410/1.913 | lr(main/disc) 4.50e-05/1.38e-05 | cuda_peak(alloc/resv) 4.09/5.12GB | phase(train/val/raw/train_eval) 0.9/0.4/0.0/0.0s | 1.3s
2026-08-30 17:42:39 | Early stopping at epoch 47 after 12 epochs without val_f1_macro_present improvement.
2026-08-30 17:42:39 | Training complete. Peak validation accuracy: 1.0000 | selected val_f1_macro_present: 1.0000
