2026-08-20 19:11:39 | Starting Dual_D standalone training
2026-08-20 19:11:39 | Run directory: runs/module_c_ablation/module_c_no_cycle_逆光_iter02_20260820_185148
2026-08-20 19:11:39 | Device: cuda
2026-08-20 19:11:39 | Source train samples: 992
2026-08-20 19:11:39 | Target train samples: 132
2026-08-20 19:11:39 | Target val samples: 37
2026-08-20 19:11:39 | Classes: 14
2026-08-20 19:11:40 | Data audit: same_dir=False | path_overlap(vis/ir/ais)=0/0/0 | content_overlap(vis/ir/ais)=0/0/0 | ais_index_overlap=0 | stem_mismatch(vis-ir/vis-ais)=157/0
2026-08-20 19:11:40 | source_train classes: present 14/14 | absent 0 | counts [0:120, 1:44, 2:69, 3:45, 4:40, 5:30, 6:64, 7:80, 8:116, 9:68, 10:57, 11:83, 12:48, 13:128]
2026-08-20 19:11:40 | target_train classes: present 9/14 | absent 5 | counts [0:20, 2:12, 4:12, 5:2, 9:16, 10:16, 11:29, 12:4, 13:21]
2026-08-20 19:11:40 | target_val classes: present 9/14 | absent 5 | counts [0:6, 2:3, 4:4, 5:1, 9:4, 10:4, 11:8, 12:1, 13:6]
2026-08-20 19:11:40 | Paired training classes: 9/14 | class ids [0, 2, 4, 5, 9, 10, 11, 12, 13]
2026-08-20 19:11:40 | VIS/IR pairing: class-level-unpaired | count-mismatch classes train/val: 10/1 | AIS alignment: none | AIS rows train/val: 0/0
2026-08-20 19:11:41 | Model parameters: total=17277714 | trainable=17120210
2026-08-20 19:12:27 | Epoch 001/100 | loss 10.9354 | cls 5.7790 | tal 0.2226 | dual_g 5.0896 | dual_d 0.0000 | train_acc 0.0938 | train_full 0.2273 | val_acc 0.2162 | val_f1 0.0480 | grad(main/disc) 33.082/0.000 | lr(main/disc) 7.00e-05/3.50e-05 | 46.7s
2026-08-20 19:12:27 | New best val_f1_macro_present: 0.0480 at epoch 1
2026-08-20 19:13:13 | Epoch 002/100 | loss 9.3231 | cls 4.8971 | tal 0.2478 | dual_g 4.3517 | dual_d 0.0000 | train_acc 0.0875 | train_full 0.2727 | val_acc 0.2162 | val_f1 0.0838 | grad(main/disc) 27.949/0.000 | lr(main/disc) 7.00e-05/3.50e-05 | 45.2s
2026-08-20 19:13:13 | New best val_f1_macro_present: 0.0838 at epoch 2
2026-08-20 19:13:57 | Epoch 003/100 | loss 8.1360 | cls 4.2674 | tal 0.2460 | dual_g 3.7948 | dual_d 0.0000 | train_acc 0.2000 | train_full 0.2273 | val_acc 0.2162 | val_f1 0.2013 | grad(main/disc) 23.982/0.000 | lr(main/disc) 7.00e-05/3.50e-05 | 44.8s
2026-08-20 19:13:57 | New best val_f1_macro_present: 0.2013 at epoch 3
2026-08-20 19:14:44 | Epoch 004/100 | loss 7.5352 | cls 3.9164 | tal 0.3678 | dual_g 3.5085 | dual_d 0.0000 | train_acc 0.2875 | train_full 0.3333 | val_acc 0.2973 | val_f1 0.2637 | grad(main/disc) 22.235/0.000 | lr(main/disc) 7.00e-05/3.50e-05 | 46.5s
2026-08-20 19:14:44 | New best val_f1_macro_present: 0.2637 at epoch 4
2026-08-20 19:15:29 | Epoch 005/100 | loss 6.8481 | cls 3.5651 | tal 0.1990 | dual_g 3.2233 | dual_d 0.0000 | train_acc 0.4250 | train_full 0.5303 | val_acc 0.5135 | val_f1 0.4542 | grad(main/disc) 20.856/0.000 | lr(main/disc) 7.00e-05/3.50e-05 | 45.1s
2026-08-20 19:15:29 | New best val_f1_macro_present: 0.4542 at epoch 5
2026-08-20 19:16:15 | Epoch 006/100 | loss 6.6821 | cls 3.3663 | tal 0.2993 | dual_g 3.2260 | dual_d 0.8834 | train_acc 0.4375 | train_full 0.7576 | val_acc 0.7297 | val_f1 0.7881 | grad(main/disc) 20.948/2.123 | lr(main/disc) 7.00e-05/3.50e-05 | 46.3s
2026-08-20 19:16:15 | New best val_f1_macro_present: 0.7881 at epoch 6
2026-08-20 19:16:59 | Epoch 007/100 | loss 6.2310 | cls 3.2193 | tal 0.3197 | dual_g 2.9158 | dual_d 0.9015 | train_acc 0.4188 | train_full 0.6742 | val_acc 0.6216 | val_f1 0.6492 | grad(main/disc) 20.049/2.060 | lr(main/disc) 7.00e-05/3.50e-05 | 43.5s
2026-08-20 19:17:44 | Epoch 008/100 | loss 6.2237 | cls 3.1897 | tal 0.3078 | dual_g 2.9417 | dual_d 0.9750 | train_acc 0.4562 | train_full 0.8030 | val_acc 0.8108 | val_f1 0.8104 | grad(main/disc) 20.409/2.112 | lr(main/disc) 7.00e-05/3.50e-05 | 44.9s
2026-08-20 19:17:44 | New best val_f1_macro_present: 0.8104 at epoch 8
2026-08-20 19:18:31 | Epoch 009/100 | loss 5.7229 | cls 2.9424 | tal 0.3466 | dual_g 2.6766 | dual_d 0.8627 | train_acc 0.4875 | train_full 0.8561 | val_acc 0.7838 | val_f1 0.7895 | grad(main/disc) 18.301/1.931 | lr(main/disc) 7.00e-05/3.50e-05 | 46.8s
2026-08-20 19:19:17 | Epoch 010/100 | loss 5.3210 | cls 2.7774 | tal 0.1691 | dual_g 2.4929 | dual_d 0.9332 | train_acc 0.6188 | train_full 0.8636 | val_acc 0.8649 | val_f1 0.8758 | grad(main/disc) 17.500/1.958 | lr(main/disc) 7.00e-05/3.50e-05 | 46.6s
2026-08-20 19:19:17 | New best val_f1_macro_present: 0.8758 at epoch 10
2026-08-20 19:20:02 | Epoch 011/100 | loss 5.2582 | cls 2.7036 | tal 0.2304 | dual_g 2.4855 | dual_d 0.9154 | train_acc 0.5563 | train_full 0.8636 | val_acc 0.8919 | val_f1 0.8787 | grad(main/disc) 18.688/1.957 | lr(main/disc) 7.00e-05/3.50e-05 | 44.8s
2026-08-20 19:20:02 | New best val_f1_macro_present: 0.8787 at epoch 11
2026-08-20 19:20:47 | Epoch 012/100 | loss 4.9535 | cls 2.4812 | tal 0.1850 | dual_g 2.4168 | dual_d 0.9185 | train_acc 0.6062 | train_full 0.8788 | val_acc 0.8378 | val_f1 0.8200 | grad(main/disc) 18.769/1.945 | lr(main/disc) 7.00e-05/3.50e-05 | 45.4s
2026-08-20 19:21:33 | Epoch 013/100 | loss 4.5920 | cls 2.2647 | tal 0.1168 | dual_g 2.2923 | dual_d 0.8664 | train_acc 0.6813 | train_full 0.9091 | val_acc 0.8919 | val_f1 0.9019 | grad(main/disc) 17.875/1.767 | lr(main/disc) 7.00e-05/3.50e-05 | 45.9s
2026-08-20 19:21:33 | New best val_f1_macro_present: 0.9019 at epoch 13
2026-08-20 19:22:18 | Epoch 014/100 | loss 4.4807 | cls 2.2350 | tal 0.0943 | dual_g 2.2174 | dual_d 0.8141 | train_acc 0.6687 | train_full 0.9394 | val_acc 0.9459 | val_f1 0.9533 | grad(main/disc) 17.542/1.748 | lr(main/disc) 7.00e-05/3.50e-05 | 44.3s
2026-08-20 19:22:18 | New best val_f1_macro_present: 0.9533 at epoch 14
2026-08-20 19:23:04 | Epoch 015/100 | loss 4.4842 | cls 2.2035 | tal 0.0589 | dual_g 2.2631 | dual_d 0.8304 | train_acc 0.7063 | train_full 0.9242 | val_acc 0.9189 | val_f1 0.9335 | grad(main/disc) 17.646/1.673 | lr(main/disc) 7.00e-05/3.50e-05 | 46.2s
2026-08-20 19:23:51 | Epoch 016/100 | loss 4.3251 | cls 2.0701 | tal 0.1040 | dual_g 2.2238 | dual_d 0.8796 | train_acc 0.7500 | train_full 0.9167 | val_acc 0.9189 | val_f1 0.9335 | grad(main/disc) 19.891/1.730 | lr(main/disc) 7.00e-05/3.50e-05 | 46.7s
2026-08-20 19:24:36 | Epoch 017/100 | loss 4.2928 | cls 2.2066 | tal 0.0562 | dual_g 2.0694 | dual_d 0.9174 | train_acc 0.7937 | train_full 0.9242 | val_acc 0.9459 | val_f1 0.9558 | grad(main/disc) 17.256/1.865 | lr(main/disc) 7.00e-05/3.50e-05 | 45.2s
2026-08-20 19:24:36 | New best val_f1_macro_present: 0.9558 at epoch 17
2026-08-20 19:25:22 | Epoch 018/100 | loss 4.0191 | cls 1.9909 | tal 0.0328 | dual_g 2.0183 | dual_d 0.8279 | train_acc 0.8562 | train_full 0.9091 | val_acc 0.9459 | val_f1 0.9558 | grad(main/disc) 16.278/1.690 | lr(main/disc) 7.00e-05/3.50e-05 | 46.2s
2026-08-20 19:26:07 | Epoch 019/100 | loss 3.8343 | cls 1.9285 | tal -0.0614 | dual_g 1.9242 | dual_d 0.8426 | train_acc 0.8375 | train_full 0.9015 | val_acc 0.8649 | val_f1 0.8541 | grad(main/disc) 15.694/1.676 | lr(main/disc) 7.00e-05/3.50e-05 | 45.0s
2026-08-20 19:26:51 | Epoch 020/100 | loss 3.8621 | cls 1.9308 | tal -0.0328 | dual_g 1.9411 | dual_d 0.8157 | train_acc 0.7812 | train_full 0.9242 | val_acc 0.9189 | val_f1 0.9261 | grad(main/disc) 16.140/1.582 | lr(main/disc) 7.00e-05/3.50e-05 | 44.5s
2026-08-20 19:27:37 | Epoch 021/100 | loss 3.6260 | cls 1.8061 | tal 0.0420 | dual_g 1.8072 | dual_d 0.8720 | train_acc 0.8438 | train_full 0.9773 | val_acc 0.9459 | val_f1 0.9485 | grad(main/disc) 15.285/1.618 | lr(main/disc) 7.00e-05/3.50e-05 | 45.4s
2026-08-20 19:28:23 | Epoch 022/100 | loss 3.5203 | cls 1.7183 | tal -0.0320 | dual_g 1.8116 | dual_d 0.9184 | train_acc 0.8938 | train_full 0.9924 | val_acc 0.9189 | val_f1 0.9335 | grad(main/disc) 14.463/1.704 | lr(main/disc) 7.00e-05/3.50e-05 | 46.1s
2026-08-20 19:29:10 | Epoch 023/100 | loss 3.6298 | cls 1.8136 | tal -0.0175 | dual_g 1.8214 | dual_d 0.8338 | train_acc 0.8313 | train_full 0.9924 | val_acc 0.9459 | val_f1 0.9485 | grad(main/disc) 16.550/1.608 | lr(main/disc) 7.00e-05/3.50e-05 | 46.6s
2026-08-20 19:29:57 | Epoch 024/100 | loss 3.4781 | cls 1.7344 | tal -0.0255 | dual_g 1.7514 | dual_d 0.9229 | train_acc 0.8938 | train_full 0.9773 | val_acc 0.9459 | val_f1 0.9458 | grad(main/disc) 14.585/1.712 | lr(main/disc) 3.50e-05/1.75e-05 | 47.5s
2026-08-20 19:30:46 | Epoch 025/100 | loss 3.4179 | cls 1.6798 | tal 0.0076 | dual_g 1.7358 | dual_d 0.9305 | train_acc 0.8625 | train_full 0.9773 | val_acc 0.9730 | val_f1 0.9776 | grad(main/disc) 12.796/1.621 | lr(main/disc) 3.50e-05/1.75e-05 | 48.6s
2026-08-20 19:30:46 | New best val_f1_macro_present: 0.9776 at epoch 25
2026-08-20 19:31:35 | Epoch 026/100 | loss 3.3286 | cls 1.6417 | tal -0.0282 | dual_g 1.6954 | dual_d 0.9344 | train_acc 0.8875 | train_full 0.9924 | val_acc 0.9459 | val_f1 0.9533 | grad(main/disc) 13.554/1.585 | lr(main/disc) 3.50e-05/1.75e-05 | 49.6s
2026-08-20 19:32:25 | Epoch 027/100 | loss 3.4807 | cls 1.6851 | tal 0.0356 | dual_g 1.7850 | dual_d 0.8704 | train_acc 0.9563 | train_full 1.0000 | val_acc 0.9459 | val_f1 0.9578 | grad(main/disc) 14.560/1.568 | lr(main/disc) 3.50e-05/1.75e-05 | 49.2s
2026-08-20 19:33:12 | Epoch 028/100 | loss 3.3169 | cls 1.6207 | tal 0.0113 | dual_g 1.6928 | dual_d 0.9372 | train_acc 0.9187 | train_full 0.9924 | val_acc 0.9459 | val_f1 0.9578 | grad(main/disc) 13.405/1.610 | lr(main/disc) 3.50e-05/1.75e-05 | 47.8s
2026-08-20 19:34:00 | Epoch 029/100 | loss 3.3826 | cls 1.6448 | tal 0.0434 | dual_g 1.7249 | dual_d 0.9213 | train_acc 0.8812 | train_full 1.0000 | val_acc 0.9459 | val_f1 0.9533 | grad(main/disc) 14.355/1.600 | lr(main/disc) 3.50e-05/1.75e-05 | 47.5s
2026-08-20 19:34:48 | Epoch 030/100 | loss 3.3085 | cls 1.6171 | tal 0.0324 | dual_g 1.6816 | dual_d 0.8783 | train_acc 0.9187 | train_full 1.0000 | val_acc 1.0000 | val_f1 1.0000 | grad(main/disc) 14.442/1.579 | lr(main/disc) 3.50e-05/1.75e-05 | 48.0s
2026-08-20 19:34:48 | New best val_f1_macro_present: 1.0000 at epoch 30
2026-08-20 19:35:36 | Epoch 031/100 | loss 3.2471 | cls 1.6047 | tal -0.0375 | dual_g 1.6536 | dual_d 0.9042 | train_acc 0.9500 | train_full 0.9924 | val_acc 1.0000 | val_f1 1.0000 | grad(main/disc) 14.068/1.576 | lr(main/disc) 3.50e-05/1.75e-05 | 48.6s
2026-08-20 19:36:24 | Epoch 032/100 | loss 3.1941 | cls 1.5776 | tal 0.0182 | dual_g 1.6111 | dual_d 0.8455 | train_acc 0.9125 | train_full 0.9924 | val_acc 0.9459 | val_f1 0.9578 | grad(main/disc) 13.452/1.513 | lr(main/disc) 3.50e-05/1.75e-05 | 48.0s
2026-08-20 19:37:12 | Epoch 033/100 | loss 3.2554 | cls 1.6180 | tal 0.0102 | dual_g 1.6343 | dual_d 0.8796 | train_acc 0.9313 | train_full 1.0000 | val_acc 0.9730 | val_f1 0.9776 | grad(main/disc) 14.086/1.498 | lr(main/disc) 3.50e-05/1.75e-05 | 48.0s
2026-08-20 19:38:02 | Epoch 034/100 | loss 3.0534 | cls 1.4770 | tal 0.0054 | dual_g 1.5748 | dual_d 0.9273 | train_acc 0.9437 | train_full 1.0000 | val_acc 0.9730 | val_f1 0.9802 | grad(main/disc) 10.394/1.590 | lr(main/disc) 3.50e-05/1.75e-05 | 49.2s
2026-08-20 19:38:51 | Epoch 035/100 | loss 3.2442 | cls 1.5575 | tal 0.0470 | dual_g 1.6726 | dual_d 0.9025 | train_acc 0.9375 | train_full 1.0000 | val_acc 1.0000 | val_f1 1.0000 | grad(main/disc) 14.161/1.582 | lr(main/disc) 3.50e-05/1.75e-05 | 49.1s
2026-08-20 19:39:39 | Epoch 036/100 | loss 3.1418 | cls 1.5486 | tal 0.0167 | dual_g 1.5882 | dual_d 0.8877 | train_acc 0.9625 | train_full 1.0000 | val_acc 1.0000 | val_f1 1.0000 | grad(main/disc) 13.331/1.504 | lr(main/disc) 3.50e-05/1.75e-05 | 47.9s
2026-08-20 19:40:28 | Epoch 037/100 | loss 3.1170 | cls 1.5011 | tal 0.0358 | dual_g 1.6051 | dual_d 1.0142 | train_acc 0.9500 | train_full 1.0000 | val_acc 0.9730 | val_f1 0.9802 | grad(main/disc) 12.667/1.655 | lr(main/disc) 1.75e-05/8.75e-06 | 49.9s
2026-08-20 19:41:17 | Epoch 038/100 | loss 3.0704 | cls 1.4882 | tal 0.0413 | dual_g 1.5698 | dual_d 0.9391 | train_acc 0.9375 | train_full 1.0000 | val_acc 0.9459 | val_f1 0.9578 | grad(main/disc) 11.436/1.552 | lr(main/disc) 1.75e-05/8.75e-06 | 48.5s
2026-08-20 19:42:05 | Epoch 039/100 | loss 3.1376 | cls 1.5377 | tal -0.0030 | dual_g 1.6008 | dual_d 0.9618 | train_acc 0.9187 | train_full 1.0000 | val_acc 0.9730 | val_f1 0.9802 | grad(main/disc) 13.630/1.639 | lr(main/disc) 1.75e-05/8.75e-06 | 48.1s
2026-08-20 19:42:05 | Early stopping at epoch 39 after 9 epochs without val_f1_macro_present improvement.
2026-08-20 19:42:05 | Training complete. Best validation accuracy: 1.0000 | best val_f1_macro_present: 1.0000
