2026-08-28 23:36:04 | Starting Dual_D standalone training
2026-08-28 23:36:04 | Run directory: runs/module_c_ablation_60_v6/module_c_20260828_191630/module_c_no_module_c_雨天_20260828_230139
2026-08-28 23:36:04 | Device: cuda
2026-08-28 23:36:04 | Source train samples: 992
2026-08-28 23:36:04 | Target train samples: 96
2026-08-28 23:36:04 | Target val samples: 26
2026-08-28 23:36:04 | Classes: 14
2026-08-28 23:36:04 | Data audit: same_dir=False | path_overlap(vis/ir/ais)=0/0/0 | content_overlap(vis/ir/ais)=0/0/0 | ais_index_overlap=0 | stem_mismatch(vis-ir/vis-ais)=117/0
2026-08-28 23:36:04 | source_train classes: present 14/14 | absent 0 | counts [0:120, 1:44, 2:69, 3:45, 4:40, 5:30, 6:64, 7:80, 8:116, 9:68, 10:57, 11:83, 12:48, 13:128]
2026-08-28 23:36:04 | target_train classes: present 6/14 | absent 8 | counts [0:7, 2:19, 9:32, 10:12, 11:6, 13:20]
2026-08-28 23:36:04 | target_val classes: present 6/14 | absent 8 | counts [0:2, 2:5, 9:8, 10:4, 11:2, 13:5]
2026-08-28 23:36:04 | Paired training classes: 6/14 | class ids [0, 2, 9, 10, 11, 13]
2026-08-28 23:36:04 | Runtime profile: batch=92 | paired_steps=2 | workers=16 | train_eval_every=5 | raw_eval_every=5 | stability_window=5 | early_stop=15 after min_epoch=30
2026-08-28 23:36:04 | VIS/IR pairing: class-level-unpaired | count-mismatch classes train/val: 10/0 | AIS alignment: none | AIS rows train/val: 0/0
2026-08-28 23:36:05 | Effective Dual-D loss weights: {"adv_auxiliary": 0.03, "adv_primary": 0.03, "classification": 0.0, "contrastive": 0.0, "cycle": 0.0, "identity": 0.0, "prototype_contrastive": 0.0}
2026-08-28 23:36:05 | Model parameters: total=17277714 | trainable=17120210
2026-08-28 23:36:09 | Epoch 001/060 | loss 5.8778 | cls 5.8479 | tal 0.0997 | dual_g 0.0000 | dual_d 0.0000 | train_acc 0.1196 | train_full 0.0104 | val_acc 0.0385 | val_f1 0.0333 | adv/moduleC 0.00/0.00 | disc_steps 0 | grad(main/disc) 16.966/0.000 | lr(main/disc) 9.00e-05/3.50e-05 | cuda_peak(alloc/resv) 21.77/28.18GB | phase(train/val/raw/train_eval) 2.7/0.4/0.4/0.6s | 4.2s
2026-08-28 23:36:13 | Epoch 002/060 | loss 5.0610 | cls 5.0945 | tal -0.1117 | dual_g 0.0000 | dual_d 0.0000 | train_acc 0.1250 | train_full n/a | val_acc 0.0769 | val_f1 0.0513 | adv/moduleC 0.00/0.00 | disc_steps 0 | grad(main/disc) 15.495/0.000 | lr(main/disc) 9.00e-05/3.50e-05 | cuda_peak(alloc/resv) 21.77/28.18GB | phase(train/val/raw/train_eval) 2.8/0.4/0.0/0.0s | 3.2s
2026-08-28 23:36:16 | Epoch 003/060 | loss 4.4528 | cls 4.4751 | tal -0.0744 | dual_g 0.0000 | dual_d 0.0000 | train_acc 0.2228 | train_full n/a | val_acc 0.1538 | val_f1 0.1157 | adv/moduleC 0.00/0.00 | disc_steps 0 | grad(main/disc) 13.621/0.000 | lr(main/disc) 9.00e-05/3.50e-05 | cuda_peak(alloc/resv) 21.77/28.18GB | phase(train/val/raw/train_eval) 2.6/0.4/0.0/0.0s | 3.0s
2026-08-28 23:36:18 | Epoch 004/060 | loss 3.8945 | cls 3.9220 | tal -0.0915 | dual_g 0.0000 | dual_d 0.0000 | train_acc 0.2663 | train_full n/a | val_acc 0.1538 | val_f1 0.0929 | adv/moduleC 0.00/0.00 | disc_steps 0 | grad(main/disc) 11.449/0.000 | lr(main/disc) 9.00e-05/3.50e-05 | cuda_peak(alloc/resv) 21.77/28.18GB | phase(train/val/raw/train_eval) 2.3/0.4/0.0/0.0s | 2.7s
2026-08-28 23:36:22 | Epoch 005/060 | loss 3.5912 | cls 3.5986 | tal -0.0247 | dual_g 0.0000 | dual_d 0.0000 | train_acc 0.3261 | train_full 0.1250 | val_acc 0.1538 | val_f1 0.0957 | adv/moduleC 0.00/0.00 | disc_steps 0 | grad(main/disc) 10.559/0.000 | lr(main/disc) 9.00e-05/3.50e-05 | cuda_peak(alloc/resv) 21.77/28.18GB | phase(train/val/raw/train_eval) 2.2/0.4/0.4/0.6s | 3.6s
2026-08-28 23:36:25 | New best val_f1_macro_present: raw=0.0957 stable_score=0.0333 at epoch 5
2026-08-28 23:36:28 | Epoch 006/060 | loss 3.2955 | cls 3.3665 | tal -0.2366 | dual_g 0.0000 | dual_d 0.0000 | train_acc 0.3370 | train_full n/a | val_acc 0.0769 | val_f1 0.0267 | adv/moduleC 0.00/0.00 | disc_steps 0 | grad(main/disc) 9.763/0.000 | lr(main/disc) 9.00e-05/3.50e-05 | cuda_peak(alloc/resv) 21.77/28.18GB | phase(train/val/raw/train_eval) 2.7/0.4/0.0/0.0s | 3.1s
2026-08-28 23:36:31 | Epoch 007/060 | loss 3.0339 | cls 3.1447 | tal -0.3695 | dual_g 0.0000 | dual_d 0.0000 | train_acc 0.4239 | train_full n/a | val_acc 0.1154 | val_f1 0.0660 | adv/moduleC 0.00/0.08 | disc_steps 0 | grad(main/disc) 9.094/0.000 | lr(main/disc) 9.00e-05/3.50e-05 | cuda_peak(alloc/resv) 21.77/28.18GB | phase(train/val/raw/train_eval) 2.4/0.4/0.0/0.0s | 2.8s
2026-08-28 23:36:33 | Epoch 008/060 | loss 2.9366 | cls 3.0313 | tal -0.3159 | dual_g 0.0000 | dual_d 0.0000 | train_acc 0.4239 | train_full n/a | val_acc 0.1154 | val_f1 0.0595 | adv/moduleC 0.00/0.17 | disc_steps 0 | grad(main/disc) 8.889/0.000 | lr(main/disc) 9.00e-05/3.50e-05 | cuda_peak(alloc/resv) 21.77/28.18GB | phase(train/val/raw/train_eval) 2.3/0.4/0.0/0.0s | 2.7s
2026-08-28 23:36:36 | Epoch 009/060 | loss 2.8482 | cls 2.9556 | tal -0.3686 | dual_g 0.0032 | dual_d 0.8583 | train_acc 0.4620 | train_full n/a | val_acc 0.0769 | val_f1 0.0290 | adv/moduleC 0.05/0.25 | disc_steps 1 | grad(main/disc) 8.312/1.817 | lr(main/disc) 9.00e-05/3.50e-05 | cuda_peak(alloc/resv) 21.77/28.18GB | phase(train/val/raw/train_eval) 2.4/0.4/0.0/0.0s | 2.8s
2026-08-28 23:36:41 | Epoch 010/060 | loss 2.4685 | cls 2.5741 | tal -0.3719 | dual_g 0.0060 | dual_d 0.8381 | train_acc 0.5598 | train_full 0.0938 | val_acc 0.0769 | val_f1 0.0317 | adv/moduleC 0.10/0.33 | disc_steps 1 | grad(main/disc) 7.318/1.748 | lr(main/disc) 9.00e-05/3.50e-05 | cuda_peak(alloc/resv) 21.77/28.18GB | phase(train/val/raw/train_eval) 2.9/0.4/0.4/0.6s | 4.4s
2026-08-28 23:36:43 | Epoch 011/060 | loss 2.5838 | cls 2.6856 | tal -0.3688 | dual_g 0.0088 | dual_d 0.8020 | train_acc 0.5761 | train_full n/a | val_acc 0.1154 | val_f1 0.0889 | adv/moduleC 0.15/0.42 | disc_steps 1 | grad(main/disc) 7.840/1.661 | lr(main/disc) 4.50e-05/1.75e-05 | cuda_peak(alloc/resv) 21.77/28.18GB | phase(train/val/raw/train_eval) 2.2/0.4/0.0/0.0s | 2.7s
2026-08-28 23:36:46 | Epoch 012/060 | loss 2.3723 | cls 2.4921 | tal -0.4378 | dual_g 0.0115 | dual_d 0.8549 | train_acc 0.5652 | train_full n/a | val_acc 0.1538 | val_f1 0.1133 | adv/moduleC 0.20/0.50 | disc_steps 1 | grad(main/disc) 7.630/1.712 | lr(main/disc) 4.50e-05/1.75e-05 | cuda_peak(alloc/resv) 21.77/28.18GB | phase(train/val/raw/train_eval) 2.7/0.4/0.0/0.0s | 3.1s
2026-08-28 23:36:50 | Epoch 013/060 | loss 2.4944 | cls 2.6066 | tal -0.4237 | dual_g 0.0149 | dual_d 0.8210 | train_acc 0.6033 | train_full n/a | val_acc 0.2308 | val_f1 0.1481 | adv/moduleC 0.25/0.58 | disc_steps 1 | grad(main/disc) 7.940/1.677 | lr(main/disc) 4.50e-05/1.75e-05 | cuda_peak(alloc/resv) 21.77/28.18GB | phase(train/val/raw/train_eval) 2.8/0.4/0.0/0.0s | 3.2s
2026-08-28 23:36:53 | Epoch 014/060 | loss 2.3256 | cls 2.4301 | tal -0.4026 | dual_g 0.0163 | dual_d 0.8615 | train_acc 0.5978 | train_full n/a | val_acc 0.2308 | val_f1 0.1418 | adv/moduleC 0.30/0.67 | disc_steps 1 | grad(main/disc) 7.648/1.707 | lr(main/disc) 4.50e-05/1.75e-05 | cuda_peak(alloc/resv) 21.77/28.18GB | phase(train/val/raw/train_eval) 2.9/0.4/0.0/0.0s | 3.3s
2026-08-28 23:36:57 | Epoch 015/060 | loss 2.3241 | cls 2.4128 | tal -0.3574 | dual_g 0.0186 | dual_d 0.9146 | train_acc 0.6141 | train_full 0.2500 | val_acc 0.2308 | val_f1 0.1250 | adv/moduleC 0.35/0.75 | disc_steps 1 | grad(main/disc) 7.396/1.636 | lr(main/disc) 4.50e-05/1.75e-05 | cuda_peak(alloc/resv) 21.77/28.18GB | phase(train/val/raw/train_eval) 3.0/0.4/0.4/0.6s | 4.4s
2026-08-28 23:37:00 | New best val_f1_macro_present: raw=0.1250 stable_score=0.0889 at epoch 15
2026-08-28 23:37:03 | Epoch 016/060 | loss 2.3691 | cls 2.4387 | tal -0.3023 | dual_g 0.0211 | dual_d 0.8456 | train_acc 0.6522 | train_full n/a | val_acc 0.2308 | val_f1 0.1278 | adv/moduleC 0.40/0.83 | disc_steps 1 | grad(main/disc) 7.189/1.645 | lr(main/disc) 4.50e-05/1.75e-05 | cuda_peak(alloc/resv) 21.77/28.18GB | phase(train/val/raw/train_eval) 2.4/0.4/0.4/0.0s | 3.2s
2026-08-28 23:37:06 | New best val_f1_macro_present: raw=0.1278 stable_score=0.1133 at epoch 16
2026-08-28 23:37:09 | Epoch 017/060 | loss 2.1660 | cls 2.2380 | tal -0.3189 | dual_g 0.0237 | dual_d 0.8940 | train_acc 0.6685 | train_full n/a | val_acc 0.2692 | val_f1 0.1773 | adv/moduleC 0.45/0.92 | disc_steps 1 | grad(main/disc) 7.039/1.795 | lr(main/disc) 4.50e-05/1.75e-05 | cuda_peak(alloc/resv) 21.77/28.18GB | phase(train/val/raw/train_eval) 2.4/0.4/0.4/0.0s | 3.2s
2026-08-28 23:37:12 | New best val_f1_macro_present: raw=0.1773 stable_score=0.1250 at epoch 17
2026-08-28 23:37:15 | Epoch 018/060 | loss 2.1824 | cls 2.2651 | tal -0.3591 | dual_g 0.0251 | dual_d 0.8818 | train_acc 0.7065 | train_full n/a | val_acc 0.3846 | val_f1 0.3907 | adv/moduleC 0.50/1.00 | disc_steps 1 | grad(main/disc) 7.420/1.762 | lr(main/disc) 4.50e-05/1.75e-05 | cuda_peak(alloc/resv) 21.77/28.18GB | phase(train/val/raw/train_eval) 2.0/0.4/0.0/0.0s | 2.4s
2026-08-28 23:37:17 | Epoch 019/060 | loss 2.0831 | cls 2.1651 | tal -0.3602 | dual_g 0.0261 | dual_d 0.8869 | train_acc 0.7011 | train_full n/a | val_acc 0.4231 | val_f1 0.4556 | adv/moduleC 0.55/1.00 | disc_steps 1 | grad(main/disc) 6.913/1.731 | lr(main/disc) 4.50e-05/1.75e-05 | cuda_peak(alloc/resv) 21.77/28.18GB | phase(train/val/raw/train_eval) 2.5/0.4/0.0/0.0s | 2.9s
2026-08-28 23:37:22 | Epoch 020/060 | loss 2.0259 | cls 2.1010 | tal -0.3466 | dual_g 0.0288 | dual_d 0.9365 | train_acc 0.7283 | train_full 0.3958 | val_acc 0.4231 | val_f1 0.4556 | adv/moduleC 0.60/1.00 | disc_steps 1 | grad(main/disc) 7.046/1.845 | lr(main/disc) 4.50e-05/1.75e-05 | cuda_peak(alloc/resv) 21.77/28.18GB | phase(train/val/raw/train_eval) 2.7/0.4/0.4/0.6s | 4.2s
2026-08-28 23:37:24 | New best val_f1_macro_present: raw=0.4556 stable_score=0.1278 at epoch 20
2026-08-28 23:37:27 | Epoch 021/060 | loss 2.1372 | cls 2.2192 | tal -0.3743 | dual_g 0.0303 | dual_d 0.9191 | train_acc 0.6957 | train_full n/a | val_acc 0.5000 | val_f1 0.5278 | adv/moduleC 0.65/1.00 | disc_steps 1 | grad(main/disc) 7.074/1.733 | lr(main/disc) 4.50e-05/1.75e-05 | cuda_peak(alloc/resv) 21.77/28.18GB | phase(train/val/raw/train_eval) 2.4/0.4/0.4/0.0s | 3.2s
2026-08-28 23:37:30 | New best val_f1_macro_present: raw=0.5278 stable_score=0.1773 at epoch 21
2026-08-28 23:37:34 | Epoch 022/060 | loss 2.0929 | cls 2.1706 | tal -0.3663 | dual_g 0.0323 | dual_d 0.9373 | train_acc 0.7011 | train_full n/a | val_acc 0.4615 | val_f1 0.4917 | adv/moduleC 0.70/1.00 | disc_steps 1 | grad(main/disc) 7.667/1.681 | lr(main/disc) 4.50e-05/1.75e-05 | cuda_peak(alloc/resv) 21.77/28.18GB | phase(train/val/raw/train_eval) 2.5/0.4/0.4/0.0s | 3.4s
2026-08-28 23:37:36 | New best val_f1_macro_present: raw=0.4917 stable_score=0.3907 at epoch 22
2026-08-28 23:37:40 | Epoch 023/060 | loss 1.8962 | cls 1.9666 | tal -0.3496 | dual_g 0.0344 | dual_d 0.9111 | train_acc 0.7663 | train_full n/a | val_acc 0.4231 | val_f1 0.4556 | adv/moduleC 0.75/1.00 | disc_steps 1 | grad(main/disc) 6.435/1.691 | lr(main/disc) 4.50e-05/1.75e-05 | cuda_peak(alloc/resv) 21.77/28.18GB | phase(train/val/raw/train_eval) 2.5/0.4/0.4/0.0s | 3.3s
2026-08-28 23:37:42 | New best val_f1_macro_present: raw=0.4556 stable_score=0.4556 at epoch 23
2026-08-28 23:37:45 | Epoch 024/060 | loss 1.8603 | cls 1.9047 | tal -0.2632 | dual_g 0.0346 | dual_d 0.9927 | train_acc 0.7989 | train_full n/a | val_acc 0.4231 | val_f1 0.4556 | adv/moduleC 0.80/1.00 | disc_steps 1 | grad(main/disc) 6.480/1.752 | lr(main/disc) 4.50e-05/1.75e-05 | cuda_peak(alloc/resv) 21.77/28.18GB | phase(train/val/raw/train_eval) 2.1/0.4/0.0/0.0s | 2.5s
2026-08-28 23:37:49 | Epoch 025/060 | loss 1.8521 | cls 1.9038 | tal -0.2983 | dual_g 0.0378 | dual_d 0.9451 | train_acc 0.8098 | train_full 0.3854 | val_acc 0.3077 | val_f1 0.3106 | adv/moduleC 0.85/1.00 | disc_steps 1 | grad(main/disc) 6.936/1.727 | lr(main/disc) 4.50e-05/1.75e-05 | cuda_peak(alloc/resv) 21.77/28.18GB | phase(train/val/raw/train_eval) 2.4/0.4/0.4/0.6s | 3.8s
2026-08-28 23:37:52 | Epoch 026/060 | loss 1.7808 | cls 1.8379 | tal -0.3049 | dual_g 0.0344 | dual_d 0.9466 | train_acc 0.7935 | train_full n/a | val_acc 0.3077 | val_f1 0.2976 | adv/moduleC 0.90/1.00 | disc_steps 1 | grad(main/disc) 6.625/1.729 | lr(main/disc) 4.50e-05/1.75e-05 | cuda_peak(alloc/resv) 21.77/28.18GB | phase(train/val/raw/train_eval) 2.7/0.4/0.0/0.0s | 3.2s
2026-08-28 23:37:55 | Epoch 027/060 | loss 1.8035 | cls 1.8446 | tal -0.2635 | dual_g 0.0380 | dual_d 0.9708 | train_acc 0.7989 | train_full n/a | val_acc 0.3077 | val_f1 0.2286 | adv/moduleC 0.95/1.00 | disc_steps 1 | grad(main/disc) 6.406/1.718 | lr(main/disc) 4.50e-05/1.75e-05 | cuda_peak(alloc/resv) 21.77/28.18GB | phase(train/val/raw/train_eval) 2.6/0.4/0.0/0.0s | 3.0s
2026-08-28 23:37:58 | Epoch 028/060 | loss 1.8052 | cls 1.8581 | tal -0.2996 | dual_g 0.0369 | dual_d 1.0013 | train_acc 0.8315 | train_full n/a | val_acc 0.4231 | val_f1 0.3704 | adv/moduleC 1.00/1.00 | disc_steps 1 | grad(main/disc) 6.274/1.753 | lr(main/disc) 4.50e-05/1.75e-05 | cuda_peak(alloc/resv) 21.77/28.18GB | phase(train/val/raw/train_eval) 2.5/0.4/0.0/0.0s | 2.9s
2026-08-28 23:38:00 | Epoch 029/060 | loss 1.8099 | cls 1.8641 | tal -0.3099 | dual_g 0.0388 | dual_d 1.0280 | train_acc 0.8315 | train_full n/a | val_acc 0.5385 | val_f1 0.5396 | adv/moduleC 1.00/1.00 | disc_steps 1 | grad(main/disc) 7.108/1.814 | lr(main/disc) 4.50e-05/1.75e-05 | cuda_peak(alloc/resv) 21.77/28.18GB | phase(train/val/raw/train_eval) 2.1/0.4/0.0/0.0s | 2.5s
2026-08-28 23:38:04 | Epoch 030/060 | loss 1.8247 | cls 1.8805 | tal -0.3142 | dual_g 0.0385 | dual_d 0.9759 | train_acc 0.8043 | train_full 0.7083 | val_acc 0.6538 | val_f1 0.6789 | adv/moduleC 1.00/1.00 | disc_steps 1 | grad(main/disc) 7.059/1.753 | lr(main/disc) 4.50e-05/1.75e-05 | cuda_peak(alloc/resv) 21.77/28.18GB | phase(train/val/raw/train_eval) 2.1/0.4/0.4/0.6s | 3.5s
2026-08-28 23:38:07 | Epoch 031/060 | loss 1.7645 | cls 1.8416 | tal -0.3720 | dual_g 0.0345 | dual_d 1.0444 | train_acc 0.7989 | train_full n/a | val_acc 0.6538 | val_f1 0.6796 | adv/moduleC 1.00/1.00 | disc_steps 1 | grad(main/disc) 8.523/1.837 | lr(main/disc) 4.50e-05/1.75e-05 | cuda_peak(alloc/resv) 21.77/28.18GB | phase(train/val/raw/train_eval) 2.5/0.4/0.0/0.0s | 2.9s
2026-08-28 23:38:10 | Epoch 032/060 | loss 1.7257 | cls 1.7917 | tal -0.3313 | dual_g 0.0334 | dual_d 1.0547 | train_acc 0.8587 | train_full n/a | val_acc 0.5769 | val_f1 0.5852 | adv/moduleC 1.00/1.00 | disc_steps 1 | grad(main/disc) 6.035/1.812 | lr(main/disc) 4.50e-05/1.75e-05 | cuda_peak(alloc/resv) 21.77/28.18GB | phase(train/val/raw/train_eval) 2.7/0.4/0.0/0.0s | 3.1s
2026-08-28 23:38:13 | Epoch 033/060 | loss 1.6342 | cls 1.7029 | tal -0.3382 | dual_g 0.0328 | dual_d 1.0028 | train_acc 0.9130 | train_full n/a | val_acc 0.5769 | val_f1 0.6026 | adv/moduleC 1.00/1.00 | disc_steps 1 | grad(main/disc) 6.525/1.790 | lr(main/disc) 4.50e-05/1.75e-05 | cuda_peak(alloc/resv) 21.77/28.18GB | phase(train/val/raw/train_eval) 2.5/0.4/0.4/0.0s | 3.3s
2026-08-28 23:38:16 | New best val_f1_macro_present: raw=0.6026 stable_score=0.5396 at epoch 33
2026-08-28 23:38:19 | Epoch 034/060 | loss 1.5538 | cls 1.6106 | tal -0.2998 | dual_g 0.0331 | dual_d 1.0867 | train_acc 0.8804 | train_full n/a | val_acc 0.6154 | val_f1 0.6481 | adv/moduleC 1.00/1.00 | disc_steps 1 | grad(main/disc) 6.331/1.870 | lr(main/disc) 4.50e-05/1.75e-05 | cuda_peak(alloc/resv) 21.77/28.18GB | phase(train/val/raw/train_eval) 2.3/0.4/0.4/0.0s | 3.2s
2026-08-28 23:38:22 | New best val_f1_macro_present: raw=0.6481 stable_score=0.5852 at epoch 34
2026-08-28 23:38:26 | Epoch 035/060 | loss 1.6115 | cls 1.6544 | tal -0.2448 | dual_g 0.0305 | dual_d 1.0794 | train_acc 0.9130 | train_full 0.7500 | val_acc 0.6154 | val_f1 0.6340 | adv/moduleC 1.00/1.00 | disc_steps 1 | grad(main/disc) 7.391/1.847 | lr(main/disc) 4.50e-05/1.75e-05 | cuda_peak(alloc/resv) 21.77/28.18GB | phase(train/val/raw/train_eval) 2.4/0.4/0.4/0.6s | 3.8s
2026-08-28 23:38:28 | Epoch 036/060 | loss 1.5430 | cls 1.6144 | tal -0.3442 | dual_g 0.0318 | dual_d 1.0488 | train_acc 0.9402 | train_full n/a | val_acc 0.5769 | val_f1 0.6090 | adv/moduleC 1.00/1.00 | disc_steps 1 | grad(main/disc) 6.613/1.755 | lr(main/disc) 4.50e-05/1.75e-05 | cuda_peak(alloc/resv) 21.77/28.18GB | phase(train/val/raw/train_eval) 2.2/0.4/0.0/0.0s | 2.6s
2026-08-28 23:38:32 | Epoch 037/060 | loss 1.6238 | cls 1.6591 | tal -0.2208 | dual_g 0.0309 | dual_d 1.0859 | train_acc 0.8533 | train_full n/a | val_acc 0.5769 | val_f1 0.6090 | adv/moduleC 1.00/1.00 | disc_steps 1 | grad(main/disc) 7.104/1.838 | lr(main/disc) 4.50e-05/1.75e-05 | cuda_peak(alloc/resv) 21.77/28.18GB | phase(train/val/raw/train_eval) 2.6/0.4/0.4/0.0s | 3.4s
2026-08-28 23:38:34 | New best val_f1_macro_present: raw=0.6090 stable_score=0.6026 at epoch 37
2026-08-28 23:38:38 | Epoch 038/060 | loss 1.5916 | cls 1.6460 | tal -0.2946 | dual_g 0.0340 | dual_d 1.0320 | train_acc 0.8913 | train_full n/a | val_acc 0.5769 | val_f1 0.6045 | adv/moduleC 1.00/1.00 | disc_steps 1 | grad(main/disc) 5.812/1.789 | lr(main/disc) 4.50e-05/1.75e-05 | cuda_peak(alloc/resv) 21.77/28.18GB | phase(train/val/raw/train_eval) 2.5/0.4/0.4/0.0s | 3.3s
2026-08-28 23:38:41 | New best val_f1_macro_present: raw=0.6045 stable_score=0.6045 at epoch 38
2026-08-28 23:38:43 | Epoch 039/060 | loss 1.5743 | cls 1.6208 | tal -0.2581 | dual_g 0.0309 | dual_d 1.0684 | train_acc 0.8913 | train_full n/a | val_acc 0.5385 | val_f1 0.5732 | adv/moduleC 1.00/1.00 | disc_steps 1 | grad(main/disc) 6.056/1.752 | lr(main/disc) 2.25e-05/8.75e-06 | cuda_peak(alloc/resv) 21.77/28.18GB | phase(train/val/raw/train_eval) 2.1/0.4/0.0/0.0s | 2.5s
2026-08-28 23:38:47 | Epoch 040/060 | loss 1.5925 | cls 1.6295 | tal -0.2241 | dual_g 0.0303 | dual_d 1.1111 | train_acc 0.8804 | train_full 0.6875 | val_acc 0.5769 | val_f1 0.6140 | adv/moduleC 1.00/1.00 | disc_steps 1 | grad(main/disc) 5.660/1.895 | lr(main/disc) 2.25e-05/8.75e-06 | cuda_peak(alloc/resv) 21.77/28.18GB | phase(train/val/raw/train_eval) 2.2/0.4/0.4/0.6s | 3.6s
2026-08-28 23:38:50 | Epoch 041/060 | loss 1.5702 | cls 1.6111 | tal -0.2249 | dual_g 0.0266 | dual_d 1.1491 | train_acc 0.9130 | train_full n/a | val_acc 0.5769 | val_f1 0.6045 | adv/moduleC 1.00/1.00 | disc_steps 1 | grad(main/disc) 6.150/1.825 | lr(main/disc) 2.25e-05/8.75e-06 | cuda_peak(alloc/resv) 21.77/28.18GB | phase(train/val/raw/train_eval) 2.4/0.4/0.0/0.0s | 2.8s
2026-08-28 23:38:52 | Epoch 042/060 | loss 1.5701 | cls 1.6085 | tal -0.2252 | dual_g 0.0291 | dual_d 1.0662 | train_acc 0.9185 | train_full n/a | val_acc 0.6538 | val_f1 0.6879 | adv/moduleC 1.00/1.00 | disc_steps 1 | grad(main/disc) 6.140/1.788 | lr(main/disc) 2.25e-05/8.75e-06 | cuda_peak(alloc/resv) 21.77/28.18GB | phase(train/val/raw/train_eval) 2.3/0.4/0.0/0.0s | 2.7s
2026-08-28 23:38:55 | Epoch 043/060 | loss 1.5643 | cls 1.5939 | tal -0.1988 | dual_g 0.0301 | dual_d 1.0426 | train_acc 0.9293 | train_full n/a | val_acc 0.6538 | val_f1 0.6879 | adv/moduleC 1.00/1.00 | disc_steps 1 | grad(main/disc) 5.637/1.771 | lr(main/disc) 2.25e-05/8.75e-06 | cuda_peak(alloc/resv) 21.77/28.18GB | phase(train/val/raw/train_eval) 2.3/0.4/0.0/0.0s | 2.7s
2026-08-28 23:38:58 | Epoch 044/060 | loss 1.5490 | cls 1.5878 | tal -0.2225 | dual_g 0.0279 | dual_d 1.1610 | train_acc 0.9348 | train_full n/a | val_acc 0.6538 | val_f1 0.6879 | adv/moduleC 1.00/1.00 | disc_steps 1 | grad(main/disc) 6.475/1.887 | lr(main/disc) 2.25e-05/8.75e-06 | cuda_peak(alloc/resv) 21.77/28.18GB | phase(train/val/raw/train_eval) 2.5/0.4/0.0/0.0s | 2.9s
2026-08-28 23:39:02 | Epoch 045/060 | loss 1.5534 | cls 1.5820 | tal -0.1890 | dual_g 0.0280 | dual_d 1.1778 | train_acc 0.9022 | train_full 0.7188 | val_acc 0.6154 | val_f1 0.6535 | adv/moduleC 1.00/1.00 | disc_steps 1 | grad(main/disc) 5.622/1.859 | lr(main/disc) 2.25e-05/8.75e-06 | cuda_peak(alloc/resv) 21.77/28.18GB | phase(train/val/raw/train_eval) 2.4/0.4/0.4/0.6s | 3.8s
2026-08-28 23:39:04 | Epoch 046/060 | loss 1.5942 | cls 1.6216 | tal -0.1843 | dual_g 0.0279 | dual_d 1.1201 | train_acc 0.9402 | train_full n/a | val_acc 0.5385 | val_f1 0.5404 | adv/moduleC 1.00/1.00 | disc_steps 1 | grad(main/disc) 6.090/1.829 | lr(main/disc) 2.25e-05/8.75e-06 | cuda_peak(alloc/resv) 21.77/28.18GB | phase(train/val/raw/train_eval) 2.1/0.4/0.0/0.0s | 2.5s
2026-08-28 23:39:07 | Epoch 047/060 | loss 1.5151 | cls 1.5283 | tal -0.1334 | dual_g 0.0268 | dual_d 1.1456 | train_acc 0.9293 | train_full n/a | val_acc 0.5769 | val_f1 0.6118 | adv/moduleC 1.00/1.00 | disc_steps 1 | grad(main/disc) 5.222/1.819 | lr(main/disc) 2.25e-05/8.75e-06 | cuda_peak(alloc/resv) 21.77/28.18GB | phase(train/val/raw/train_eval) 2.7/0.4/0.0/0.0s | 3.2s
2026-08-28 23:39:10 | Epoch 048/060 | loss 1.5600 | cls 1.5774 | tal -0.1479 | dual_g 0.0270 | dual_d 1.1034 | train_acc 0.9348 | train_full n/a | val_acc 0.6923 | val_f1 0.7245 | adv/moduleC 1.00/1.00 | disc_steps 1 | grad(main/disc) 6.271/1.806 | lr(main/disc) 2.25e-05/8.75e-06 | cuda_peak(alloc/resv) 21.77/28.18GB | phase(train/val/raw/train_eval) 2.3/0.4/0.0/0.0s | 2.7s
2026-08-28 23:39:13 | Epoch 049/060 | loss 1.5128 | cls 1.5325 | tal -0.1530 | dual_g 0.0262 | dual_d 1.1271 | train_acc 0.9783 | train_full n/a | val_acc 0.6538 | val_f1 0.7037 | adv/moduleC 1.00/1.00 | disc_steps 1 | grad(main/disc) 4.986/1.818 | lr(main/disc) 2.25e-05/8.75e-06 | cuda_peak(alloc/resv) 21.77/28.18GB | phase(train/val/raw/train_eval) 2.3/0.4/0.0/0.0s | 2.7s
2026-08-28 23:39:17 | Epoch 050/060 | loss 1.5793 | cls 1.5941 | tal -0.1365 | dual_g 0.0262 | dual_d 1.1087 | train_acc 0.9185 | train_full 0.7604 | val_acc 0.6538 | val_f1 0.7037 | adv/moduleC 1.00/1.00 | disc_steps 1 | grad(main/disc) 6.429/1.841 | lr(main/disc) 2.25e-05/8.75e-06 | cuda_peak(alloc/resv) 21.77/28.18GB | phase(train/val/raw/train_eval) 2.3/0.4/0.4/0.6s | 3.8s
2026-08-28 23:39:19 | Epoch 051/060 | loss 1.5219 | cls 1.5335 | tal -0.1263 | dual_g 0.0262 | dual_d 1.0947 | train_acc 0.9565 | train_full n/a | val_acc 0.7308 | val_f1 0.7884 | adv/moduleC 1.00/1.00 | disc_steps 1 | grad(main/disc) 6.157/1.745 | lr(main/disc) 2.25e-05/8.75e-06 | cuda_peak(alloc/resv) 21.77/28.18GB | phase(train/val/raw/train_eval) 2.0/0.4/0.4/0.0s | 2.9s
2026-08-28 23:39:22 | New best val_f1_macro_present: raw=0.7884 stable_score=0.6118 at epoch 51
2026-08-28 23:39:25 | Epoch 052/060 | loss 1.4762 | cls 1.4964 | tal -0.1561 | dual_g 0.0266 | dual_d 1.1301 | train_acc 0.9511 | train_full n/a | val_acc 0.6923 | val_f1 0.7191 | adv/moduleC 1.00/1.00 | disc_steps 1 | grad(main/disc) 6.691/1.839 | lr(main/disc) 2.25e-05/8.75e-06 | cuda_peak(alloc/resv) 21.77/28.18GB | phase(train/val/raw/train_eval) 2.5/0.4/0.4/0.0s | 3.3s
2026-08-28 23:39:28 | New best val_f1_macro_present: raw=0.7191 stable_score=0.7037 at epoch 52
2026-08-28 23:39:31 | Epoch 053/060 | loss 1.5632 | cls 1.5754 | tal -0.1185 | dual_g 0.0234 | dual_d 1.1829 | train_acc 0.9022 | train_full n/a | val_acc 0.6538 | val_f1 0.6879 | adv/moduleC 1.00/1.00 | disc_steps 1 | grad(main/disc) 5.870/1.914 | lr(main/disc) 2.25e-05/8.75e-06 | cuda_peak(alloc/resv) 21.77/28.18GB | phase(train/val/raw/train_eval) 2.1/0.4/0.0/0.0s | 2.6s
2026-08-28 23:39:33 | Epoch 054/060 | loss 1.4444 | cls 1.4543 | tal -0.1192 | dual_g 0.0259 | dual_d 1.1399 | train_acc 0.9674 | train_full n/a | val_acc 0.6154 | val_f1 0.6527 | adv/moduleC 1.00/1.00 | disc_steps 1 | grad(main/disc) 6.007/1.756 | lr(main/disc) 2.25e-05/8.75e-06 | cuda_peak(alloc/resv) 21.77/28.18GB | phase(train/val/raw/train_eval) 2.3/0.4/0.0/0.0s | 2.7s
2026-08-28 23:39:38 | Epoch 055/060 | loss 1.5405 | cls 1.5473 | tal -0.1054 | dual_g 0.0249 | dual_d 1.1302 | train_acc 0.9457 | train_full 0.7708 | val_acc 0.6923 | val_f1 0.7222 | adv/moduleC 1.00/1.00 | disc_steps 1 | grad(main/disc) 6.068/1.787 | lr(main/disc) 2.25e-05/8.75e-06 | cuda_peak(alloc/resv) 21.77/28.18GB | phase(train/val/raw/train_eval) 2.7/0.4/0.4/0.6s | 4.2s
2026-08-28 23:39:40 | Epoch 056/060 | loss 1.4885 | cls 1.5002 | tal -0.1228 | dual_g 0.0251 | dual_d 1.1566 | train_acc 0.9022 | train_full n/a | val_acc 0.7692 | val_f1 0.7992 | adv/moduleC 1.00/1.00 | disc_steps 1 | grad(main/disc) 5.990/1.821 | lr(main/disc) 2.25e-05/8.75e-06 | cuda_peak(alloc/resv) 21.77/28.18GB | phase(train/val/raw/train_eval) 2.4/0.4/0.0/0.0s | 2.9s
2026-08-28 23:39:43 | Epoch 057/060 | loss 1.4836 | cls 1.4791 | tal -0.0731 | dual_g 0.0264 | dual_d 1.1280 | train_acc 0.9511 | train_full n/a | val_acc 0.7692 | val_f1 0.7992 | adv/moduleC 1.00/1.00 | disc_steps 1 | grad(main/disc) 5.483/1.796 | lr(main/disc) 2.25e-05/8.75e-06 | cuda_peak(alloc/resv) 21.77/28.18GB | phase(train/val/raw/train_eval) 2.4/0.4/0.0/0.0s | 2.8s
2026-08-28 23:39:46 | Epoch 058/060 | loss 1.5179 | cls 1.5165 | tal -0.0847 | dual_g 0.0268 | dual_d 1.2216 | train_acc 0.9565 | train_full n/a | val_acc 0.7692 | val_f1 0.7992 | adv/moduleC 1.00/1.00 | disc_steps 1 | grad(main/disc) 8.234/1.805 | lr(main/disc) 2.25e-05/8.75e-06 | cuda_peak(alloc/resv) 21.77/28.18GB | phase(train/val/raw/train_eval) 2.3/0.4/0.0/0.0s | 2.8s
2026-08-28 23:39:49 | Epoch 059/060 | loss 1.5093 | cls 1.5023 | tal -0.0585 | dual_g 0.0245 | dual_d 1.1450 | train_acc 0.9674 | train_full n/a | val_acc 0.7308 | val_f1 0.7573 | adv/moduleC 1.00/1.00 | disc_steps 1 | grad(main/disc) 7.254/1.772 | lr(main/disc) 2.25e-05/8.75e-06 | cuda_peak(alloc/resv) 21.77/28.18GB | phase(train/val/raw/train_eval) 2.1/0.4/0.4/0.0s | 2.9s
2026-08-28 23:39:52 | New best val_f1_macro_present: raw=0.7573 stable_score=0.7222 at epoch 59
2026-08-28 23:39:55 | Epoch 060/060 | loss 1.4906 | cls 1.4934 | tal -0.0847 | dual_g 0.0226 | dual_d 1.1274 | train_acc 0.9457 | train_full 0.6250 | val_acc 0.5769 | val_f1 0.6083 | adv/moduleC 1.00/1.00 | disc_steps 1 | grad(main/disc) 7.308/1.768 | lr(main/disc) 2.25e-05/8.75e-06 | cuda_peak(alloc/resv) 21.77/28.18GB | phase(train/val/raw/train_eval) 2.2/0.4/0.4/0.6s | 3.7s
2026-08-28 23:39:55 | Training complete. Peak validation accuracy: 0.7692 | selected val_f1_macro_present: 0.7573
