2026-08-20 20:07:11 | Starting Dual_D standalone training
2026-08-20 20:07:11 | Run directory: runs/module_c_ablation/module_c_no_cycle_雨天_iter01_20260820_185148
2026-08-20 20:07:11 | Device: cuda
2026-08-20 20:07:11 | Source train samples: 992
2026-08-20 20:07:11 | Target train samples: 96
2026-08-20 20:07:11 | Target val samples: 26
2026-08-20 20:07:11 | Classes: 14
2026-08-20 20:07:11 | Data audit: same_dir=False | path_overlap(vis/ir/ais)=0/0/0 | content_overlap(vis/ir/ais)=0/0/0 | ais_index_overlap=0 | stem_mismatch(vis-ir/vis-ais)=117/0
2026-08-20 20:07:11 | source_train classes: present 14/14 | absent 0 | counts [0:120, 1:44, 2:69, 3:45, 4:40, 5:30, 6:64, 7:80, 8:116, 9:68, 10:57, 11:83, 12:48, 13:128]
2026-08-20 20:07:11 | target_train classes: present 6/14 | absent 8 | counts [0:7, 2:19, 9:32, 10:12, 11:6, 13:20]
2026-08-20 20:07:11 | target_val classes: present 6/14 | absent 8 | counts [0:2, 2:5, 9:8, 10:4, 11:2, 13:5]
2026-08-20 20:07:11 | Paired training classes: 6/14 | class ids [0, 2, 9, 10, 11, 13]
2026-08-20 20:07:11 | VIS/IR pairing: class-level-unpaired | count-mismatch classes train/val: 10/0 | AIS alignment: none | AIS rows train/val: 0/0
2026-08-20 20:07:12 | Model parameters: total=17277714 | trainable=17120210
2026-08-20 20:07:51 | Epoch 001/100 | loss 9.9856 | cls 5.4475 | tal -0.2410 | dual_g 4.6103 | dual_d 0.0000 | train_acc 0.0703 | train_full 0.0521 | val_acc 0.1154 | val_f1 0.1032 | grad(main/disc) 33.632/0.000 | lr(main/disc) 7.00e-05/3.50e-05 | 39.2s
2026-08-20 20:07:51 | New best val_f1_macro_present: 0.1032 at epoch 1
2026-08-20 20:08:31 | Epoch 002/100 | loss 8.2715 | cls 4.4963 | tal -0.4347 | dual_g 3.9056 | dual_d 0.0000 | train_acc 0.1797 | train_full 0.2188 | val_acc 0.1538 | val_f1 0.1306 | grad(main/disc) 28.269/0.000 | lr(main/disc) 7.00e-05/3.50e-05 | 39.4s
2026-08-20 20:08:31 | New best val_f1_macro_present: 0.1306 at epoch 2
2026-08-20 20:09:10 | Epoch 003/100 | loss 7.3996 | cls 3.9598 | tal -0.3604 | dual_g 3.5479 | dual_d 0.0000 | train_acc 0.2734 | train_full 0.2396 | val_acc 0.2692 | val_f1 0.2912 | grad(main/disc) 25.404/0.000 | lr(main/disc) 7.00e-05/3.50e-05 | 39.2s
2026-08-20 20:09:10 | New best val_f1_macro_present: 0.2912 at epoch 3
2026-08-20 20:09:49 | Epoch 004/100 | loss 6.5164 | cls 3.5722 | tal -0.3564 | dual_g 3.0511 | dual_d 0.0000 | train_acc 0.3672 | train_full 0.2708 | val_acc 0.3846 | val_f1 0.3892 | grad(main/disc) 22.615/0.000 | lr(main/disc) 7.00e-05/3.50e-05 | 39.2s
2026-08-20 20:09:49 | New best val_f1_macro_present: 0.3892 at epoch 4
2026-08-20 20:10:39 | Epoch 005/100 | loss 5.9877 | cls 3.0859 | tal -0.3039 | dual_g 2.9930 | dual_d 0.0000 | train_acc 0.4844 | train_full 0.3438 | val_acc 0.3462 | val_f1 0.3562 | grad(main/disc) 20.910/0.000 | lr(main/disc) 7.00e-05/3.50e-05 | 50.2s
2026-08-20 20:11:29 | Epoch 006/100 | loss 5.5604 | cls 2.9033 | tal -0.2605 | dual_g 2.7352 | dual_d 0.7380 | train_acc 0.4922 | train_full 0.4167 | val_acc 0.3846 | val_f1 0.3770 | grad(main/disc) 19.101/1.810 | lr(main/disc) 7.00e-05/3.50e-05 | 50.1s
2026-08-20 20:12:19 | Epoch 007/100 | loss 5.4575 | cls 2.8713 | tal -0.3089 | dual_g 2.6789 | dual_d 0.8479 | train_acc 0.4766 | train_full 0.3854 | val_acc 0.3846 | val_f1 0.3800 | grad(main/disc) 20.893/1.927 | lr(main/disc) 7.00e-05/3.50e-05 | 49.9s
2026-08-20 20:13:08 | Epoch 008/100 | loss 4.9179 | cls 2.4926 | tal -0.2912 | dual_g 2.5127 | dual_d 0.8328 | train_acc 0.6797 | train_full 0.3750 | val_acc 0.3846 | val_f1 0.3681 | grad(main/disc) 17.286/1.925 | lr(main/disc) 7.00e-05/3.50e-05 | 48.4s
2026-08-20 20:13:58 | Epoch 009/100 | loss 4.8375 | cls 2.4888 | tal -0.2814 | dual_g 2.4331 | dual_d 0.7899 | train_acc 0.6406 | train_full 0.3229 | val_acc 0.3077 | val_f1 0.2148 | grad(main/disc) 17.776/1.811 | lr(main/disc) 7.00e-05/3.50e-05 | 50.8s
2026-08-20 20:14:49 | Epoch 010/100 | loss 4.4210 | cls 2.2453 | tal -0.3534 | dual_g 2.2817 | dual_d 0.7326 | train_acc 0.7344 | train_full 0.4583 | val_acc 0.3462 | val_f1 0.2778 | grad(main/disc) 16.118/1.686 | lr(main/disc) 7.00e-05/3.50e-05 | 50.1s
2026-08-20 20:15:39 | Epoch 011/100 | loss 4.3240 | cls 2.2055 | tal -0.2368 | dual_g 2.1895 | dual_d 0.8215 | train_acc 0.8125 | train_full 0.5000 | val_acc 0.4231 | val_f1 0.4360 | grad(main/disc) 16.549/1.854 | lr(main/disc) 7.00e-05/3.50e-05 | 50.3s
2026-08-20 20:15:39 | New best val_f1_macro_present: 0.4360 at epoch 11
2026-08-20 20:16:29 | Epoch 012/100 | loss 4.2069 | cls 2.1433 | tal -0.2948 | dual_g 2.1520 | dual_d 0.7670 | train_acc 0.7422 | train_full 0.6458 | val_acc 0.5769 | val_f1 0.6444 | grad(main/disc) 16.737/1.713 | lr(main/disc) 7.00e-05/3.50e-05 | 49.6s
2026-08-20 20:16:29 | New best val_f1_macro_present: 0.6444 at epoch 12
2026-08-20 20:17:18 | Epoch 013/100 | loss 3.8995 | cls 1.9497 | tal -0.3191 | dual_g 2.0456 | dual_d 0.7251 | train_acc 0.8438 | train_full 0.7083 | val_acc 0.5769 | val_f1 0.6444 | grad(main/disc) 15.500/1.648 | lr(main/disc) 7.00e-05/3.50e-05 | 49.9s
2026-08-20 20:18:09 | Epoch 014/100 | loss 3.6703 | cls 1.8449 | tal -0.3117 | dual_g 1.9189 | dual_d 0.7278 | train_acc 0.8281 | train_full 0.6771 | val_acc 0.6154 | val_f1 0.6675 | grad(main/disc) 14.076/1.588 | lr(main/disc) 7.00e-05/3.50e-05 | 50.3s
2026-08-20 20:18:09 | New best val_f1_macro_present: 0.6675 at epoch 14
2026-08-20 20:18:59 | Epoch 015/100 | loss 3.8611 | cls 1.9586 | tal -0.2219 | dual_g 1.9691 | dual_d 0.6826 | train_acc 0.8906 | train_full 0.6146 | val_acc 0.5000 | val_f1 0.5460 | grad(main/disc) 16.748/1.542 | lr(main/disc) 7.00e-05/3.50e-05 | 50.0s
2026-08-20 20:19:49 | Epoch 016/100 | loss 3.8507 | cls 1.9955 | tal -0.2235 | dual_g 1.9223 | dual_d 0.7299 | train_acc 0.8359 | train_full 0.6875 | val_acc 0.5385 | val_f1 0.5769 | grad(main/disc) 18.020/1.604 | lr(main/disc) 7.00e-05/3.50e-05 | 50.4s
2026-08-20 20:20:39 | Epoch 017/100 | loss 3.4836 | cls 1.7024 | tal -0.2700 | dual_g 1.8622 | dual_d 0.7820 | train_acc 0.8672 | train_full 0.8958 | val_acc 0.7308 | val_f1 0.7795 | grad(main/disc) 14.373/1.651 | lr(main/disc) 7.00e-05/3.50e-05 | 49.7s
2026-08-20 20:20:39 | New best val_f1_macro_present: 0.7795 at epoch 17
2026-08-20 20:21:27 | Epoch 018/100 | loss 3.3917 | cls 1.6881 | tal -0.2237 | dual_g 1.7708 | dual_d 0.8136 | train_acc 0.9062 | train_full 0.9271 | val_acc 0.8077 | val_f1 0.8558 | grad(main/disc) 13.838/1.644 | lr(main/disc) 7.00e-05/3.50e-05 | 48.5s
2026-08-20 20:21:27 | New best val_f1_macro_present: 0.8558 at epoch 18
2026-08-20 20:21:51 | Epoch 019/100 | loss 3.4424 | cls 1.7058 | tal -0.1908 | dual_g 1.7938 | dual_d 0.7185 | train_acc 0.9062 | train_full 0.8229 | val_acc 0.8846 | val_f1 0.8657 | grad(main/disc) 14.005/1.572 | lr(main/disc) 7.00e-05/3.50e-05 | 23.6s
2026-08-20 20:21:51 | New best val_f1_macro_present: 0.8657 at epoch 19
2026-08-20 20:22:14 | Epoch 020/100 | loss 3.3693 | cls 1.5957 | tal -0.0881 | dual_g 1.8000 | dual_d 0.7196 | train_acc 0.9531 | train_full 0.8125 | val_acc 0.8462 | val_f1 0.8388 | grad(main/disc) 13.663/1.605 | lr(main/disc) 7.00e-05/3.50e-05 | 23.2s
2026-08-20 20:22:35 | Epoch 021/100 | loss 3.3493 | cls 1.6943 | tal -0.1544 | dual_g 1.7013 | dual_d 0.7487 | train_acc 0.9062 | train_full 0.9167 | val_acc 0.8462 | val_f1 0.8790 | grad(main/disc) 14.706/1.542 | lr(main/disc) 7.00e-05/3.50e-05 | 20.9s
2026-08-20 20:22:35 | New best val_f1_macro_present: 0.8790 at epoch 21
2026-08-20 20:22:55 | Epoch 022/100 | loss 3.1695 | cls 1.5715 | tal -0.1217 | dual_g 1.6346 | dual_d 0.7969 | train_acc 0.9375 | train_full 0.8438 | val_acc 0.6538 | val_f1 0.6839 | grad(main/disc) 12.386/1.643 | lr(main/disc) 7.00e-05/3.50e-05 | 20.4s
2026-08-20 20:23:18 | Epoch 023/100 | loss 3.2725 | cls 1.5576 | tal -0.0389 | dual_g 1.7266 | dual_d 0.7899 | train_acc 0.9766 | train_full 0.7292 | val_acc 0.6154 | val_f1 0.6402 | grad(main/disc) 12.291/1.666 | lr(main/disc) 7.00e-05/3.50e-05 | 22.4s
2026-08-20 20:23:41 | Epoch 024/100 | loss 3.0810 | cls 1.4775 | tal -0.1100 | dual_g 1.6365 | dual_d 0.8115 | train_acc 0.9453 | train_full 0.8021 | val_acc 0.7308 | val_f1 0.7573 | grad(main/disc) 10.986/1.646 | lr(main/disc) 7.00e-05/3.50e-05 | 23.2s
2026-08-20 20:24:01 | Epoch 025/100 | loss 3.0970 | cls 1.4682 | tal -0.1245 | dual_g 1.6661 | dual_d 0.7651 | train_acc 0.9609 | train_full 0.8021 | val_acc 0.6923 | val_f1 0.7360 | grad(main/disc) 11.389/1.583 | lr(main/disc) 7.00e-05/3.50e-05 | 20.3s
2026-08-20 20:24:24 | Epoch 026/100 | loss 3.0821 | cls 1.4989 | tal -0.1437 | dual_g 1.6264 | dual_d 0.7737 | train_acc 0.9766 | train_full 0.8750 | val_acc 0.8462 | val_f1 0.8875 | grad(main/disc) 12.559/1.629 | lr(main/disc) 7.00e-05/3.50e-05 | 22.6s
2026-08-20 20:24:24 | New best val_f1_macro_present: 0.8875 at epoch 26
