2026-08-21 12:14:02 | Starting Dual_D standalone training
2026-08-21 12:14:02 | Run directory: runs/module_c_ablation/module_c_no_cycle_雨天_iter02_20260821_060834
2026-08-21 12:14:02 | Device: cuda
2026-08-21 12:14:02 | Source train samples: 992
2026-08-21 12:14:02 | Target train samples: 96
2026-08-21 12:14:02 | Target val samples: 26
2026-08-21 12:14:02 | Classes: 14
2026-08-21 12:14:02 | Data audit: same_dir=False | path_overlap(vis/ir/ais)=0/0/0 | content_overlap(vis/ir/ais)=0/0/0 | ais_index_overlap=0 | stem_mismatch(vis-ir/vis-ais)=117/0
2026-08-21 12:14:02 | source_train classes: present 14/14 | absent 0 | counts [0:120, 1:44, 2:69, 3:45, 4:40, 5:30, 6:64, 7:80, 8:116, 9:68, 10:57, 11:83, 12:48, 13:128]
2026-08-21 12:14:02 | target_train classes: present 6/14 | absent 8 | counts [0:7, 2:19, 9:32, 10:12, 11:6, 13:20]
2026-08-21 12:14:02 | target_val classes: present 6/14 | absent 8 | counts [0:2, 2:5, 9:8, 10:4, 11:2, 13:5]
2026-08-21 12:14:02 | Paired training classes: 6/14 | class ids [0, 2, 9, 10, 11, 13]
2026-08-21 12:14:02 | VIS/IR pairing: class-level-unpaired | count-mismatch classes train/val: 10/0 | AIS alignment: none | AIS rows train/val: 0/0
2026-08-21 12:14:03 | Model parameters: total=17277714 | trainable=17120210
2026-08-21 12:14:26 | Epoch 001/100 | loss 9.6423 | cls 5.0269 | tal 0.0708 | dual_g 4.5941 | dual_d 0.0000 | train_acc 0.1484 | train_full 0.3229 | val_acc 0.2308 | val_f1 0.0769 | grad(main/disc) 33.734/0.000 | lr(main/disc) 7.00e-05/3.50e-05 | 22.7s
2026-08-21 12:14:26 | New best val_f1_macro_present: 0.0769 at epoch 1
2026-08-21 12:14:46 | Epoch 002/100 | loss 7.8904 | cls 4.1853 | tal -0.0489 | dual_g 3.7198 | dual_d 0.0000 | train_acc 0.1562 | train_full 0.3229 | val_acc 0.2692 | val_f1 0.2555 | grad(main/disc) 28.629/0.000 | lr(main/disc) 7.00e-05/3.50e-05 | 19.8s
2026-08-21 12:14:46 | New best val_f1_macro_present: 0.2555 at epoch 2
2026-08-21 12:15:08 | Epoch 003/100 | loss 7.2603 | cls 3.7772 | tal -0.0032 | dual_g 3.4841 | dual_d 0.0000 | train_acc 0.2812 | train_full 0.1458 | val_acc 0.0769 | val_f1 0.0667 | grad(main/disc) 25.513/0.000 | lr(main/disc) 7.00e-05/3.50e-05 | 22.0s
2026-08-21 12:15:30 | Epoch 004/100 | loss 6.6816 | cls 3.4540 | tal 0.0697 | dual_g 3.2067 | dual_d 0.0000 | train_acc 0.3750 | train_full 0.2396 | val_acc 0.2308 | val_f1 0.1605 | grad(main/disc) 23.038/0.000 | lr(main/disc) 7.00e-05/3.50e-05 | 22.5s
2026-08-21 12:15:51 | Epoch 005/100 | loss 6.0314 | cls 3.1488 | tal 0.0583 | dual_g 2.8651 | dual_d 0.0000 | train_acc 0.4297 | train_full 0.2812 | val_acc 0.2692 | val_f1 0.2262 | grad(main/disc) 21.345/0.000 | lr(main/disc) 7.00e-05/3.50e-05 | 20.7s
2026-08-21 12:16:11 | Epoch 006/100 | loss 5.7679 | cls 3.0231 | tal 0.0245 | dual_g 2.7374 | dual_d 0.9945 | train_acc 0.4531 | train_full 0.2917 | val_acc 0.3462 | val_f1 0.2889 | grad(main/disc) 20.555/2.099 | lr(main/disc) 7.00e-05/3.50e-05 | 20.3s
2026-08-21 12:16:12 | New best val_f1_macro_present: 0.2889 at epoch 6
2026-08-21 12:16:31 | Epoch 007/100 | loss 5.3442 | cls 2.6971 | tal 0.0331 | dual_g 2.6371 | dual_d 0.9341 | train_acc 0.5234 | train_full 0.3021 | val_acc 0.3462 | val_f1 0.2639 | grad(main/disc) 19.312/1.921 | lr(main/disc) 7.00e-05/3.50e-05 | 19.5s
2026-08-21 12:16:53 | Epoch 008/100 | loss 5.1361 | cls 2.6594 | tal 0.0531 | dual_g 2.4608 | dual_d 0.8793 | train_acc 0.6016 | train_full 0.3333 | val_acc 0.3846 | val_f1 0.2692 | grad(main/disc) 18.119/1.950 | lr(main/disc) 7.00e-05/3.50e-05 | 21.5s
2026-08-21 12:17:14 | Epoch 009/100 | loss 4.7765 | cls 2.3870 | tal -0.0588 | dual_g 2.4071 | dual_d 0.8929 | train_acc 0.6406 | train_full 0.4167 | val_acc 0.4231 | val_f1 0.3526 | grad(main/disc) 17.567/1.971 | lr(main/disc) 7.00e-05/3.50e-05 | 21.4s
2026-08-21 12:17:14 | New best val_f1_macro_present: 0.3526 at epoch 9
2026-08-21 12:17:37 | Epoch 010/100 | loss 4.6045 | cls 2.3408 | tal -0.0253 | dual_g 2.2713 | dual_d 0.8305 | train_acc 0.7500 | train_full 0.4375 | val_acc 0.4615 | val_f1 0.4125 | grad(main/disc) 17.278/1.832 | lr(main/disc) 7.00e-05/3.50e-05 | 23.1s
2026-08-21 12:17:38 | New best val_f1_macro_present: 0.4125 at epoch 10
2026-08-21 12:18:00 | Epoch 011/100 | loss 4.6463 | cls 2.3573 | tal 0.0512 | dual_g 2.2737 | dual_d 0.8641 | train_acc 0.7500 | train_full 0.5000 | val_acc 0.4615 | val_f1 0.3819 | grad(main/disc) 18.409/1.948 | lr(main/disc) 7.00e-05/3.50e-05 | 22.5s
2026-08-21 12:18:22 | Epoch 012/100 | loss 4.3108 | cls 2.1581 | tal 0.0636 | dual_g 2.1336 | dual_d 0.8543 | train_acc 0.7969 | train_full 0.6146 | val_acc 0.5385 | val_f1 0.4954 | grad(main/disc) 17.935/1.918 | lr(main/disc) 7.00e-05/3.50e-05 | 21.7s
2026-08-21 12:18:22 | New best val_f1_macro_present: 0.4954 at epoch 12
2026-08-21 12:18:44 | Epoch 013/100 | loss 4.3004 | cls 2.1702 | tal 0.0410 | dual_g 2.1179 | dual_d 0.8748 | train_acc 0.7578 | train_full 0.4688 | val_acc 0.5000 | val_f1 0.4147 | grad(main/disc) 20.492/1.883 | lr(main/disc) 7.00e-05/3.50e-05 | 21.9s
2026-08-21 12:19:05 | Epoch 014/100 | loss 4.0501 | cls 1.9494 | tal 0.0599 | dual_g 2.0827 | dual_d 0.8421 | train_acc 0.8047 | train_full 0.4688 | val_acc 0.5385 | val_f1 0.4675 | grad(main/disc) 16.564/1.768 | lr(main/disc) 7.00e-05/3.50e-05 | 21.2s
2026-08-21 12:19:28 | Epoch 015/100 | loss 4.1799 | cls 2.1119 | tal 0.0399 | dual_g 2.0560 | dual_d 0.8009 | train_acc 0.8125 | train_full 0.5521 | val_acc 0.5000 | val_f1 0.4607 | grad(main/disc) 20.919/1.738 | lr(main/disc) 7.00e-05/3.50e-05 | 22.5s
2026-08-21 12:19:49 | Epoch 016/100 | loss 3.5983 | cls 1.7738 | tal 0.0403 | dual_g 1.8124 | dual_d 0.9032 | train_acc 0.9141 | train_full 0.5521 | val_acc 0.5385 | val_f1 0.4954 | grad(main/disc) 15.622/1.916 | lr(main/disc) 7.00e-05/3.50e-05 | 20.9s
2026-08-21 12:20:11 | Epoch 017/100 | loss 3.4400 | cls 1.6767 | tal -0.0175 | dual_g 1.7685 | dual_d 0.8216 | train_acc 0.8672 | train_full 0.5625 | val_acc 0.5385 | val_f1 0.4954 | grad(main/disc) 12.855/1.759 | lr(main/disc) 7.00e-05/3.50e-05 | 21.8s
2026-08-21 12:20:32 | Epoch 018/100 | loss 3.4798 | cls 1.7117 | tal -0.0268 | dual_g 1.7761 | dual_d 0.8211 | train_acc 0.9219 | train_full 0.5938 | val_acc 0.4231 | val_f1 0.3496 | grad(main/disc) 14.786/1.765 | lr(main/disc) 7.00e-05/3.50e-05 | 21.8s
2026-08-21 12:20:53 | Epoch 019/100 | loss 3.4535 | cls 1.7091 | tal 0.0451 | dual_g 1.7308 | dual_d 0.8243 | train_acc 0.8828 | train_full 0.7812 | val_acc 0.6923 | val_f1 0.7331 | grad(main/disc) 17.335/1.698 | lr(main/disc) 7.00e-05/3.50e-05 | 20.5s
2026-08-21 12:20:53 | New best val_f1_macro_present: 0.7331 at epoch 19
2026-08-21 12:21:14 | Epoch 020/100 | loss 3.6356 | cls 1.7870 | tal 0.0398 | dual_g 1.8366 | dual_d 0.7890 | train_acc 0.9219 | train_full 0.7604 | val_acc 0.6923 | val_f1 0.7319 | grad(main/disc) 20.319/1.736 | lr(main/disc) 7.00e-05/3.50e-05 | 21.0s
2026-08-21 12:21:34 | Epoch 021/100 | loss 3.3606 | cls 1.6688 | tal -0.0067 | dual_g 1.6938 | dual_d 0.7694 | train_acc 0.9141 | train_full 0.7292 | val_acc 0.6154 | val_f1 0.5631 | grad(main/disc) 19.779/1.597 | lr(main/disc) 7.00e-05/3.50e-05 | 19.9s
2026-08-21 12:21:56 | Epoch 022/100 | loss 3.4645 | cls 1.7161 | tal 0.0351 | dual_g 1.7379 | dual_d 0.8309 | train_acc 0.9062 | train_full 0.7708 | val_acc 0.6923 | val_f1 0.6620 | grad(main/disc) 18.213/1.789 | lr(main/disc) 7.00e-05/3.50e-05 | 21.6s
2026-08-21 12:22:15 | Epoch 023/100 | loss 3.1909 | cls 1.5532 | tal 0.0055 | dual_g 1.6361 | dual_d 0.7722 | train_acc 0.9297 | train_full 0.6354 | val_acc 0.5769 | val_f1 0.5379 | grad(main/disc) 13.737/1.647 | lr(main/disc) 7.00e-05/3.50e-05 | 18.9s
2026-08-21 12:22:34 | Epoch 024/100 | loss 3.3007 | cls 1.5862 | tal -0.0365 | dual_g 1.7255 | dual_d 0.7820 | train_acc 0.9375 | train_full 0.6458 | val_acc 0.5769 | val_f1 0.5379 | grad(main/disc) 13.469/1.622 | lr(main/disc) 7.00e-05/3.50e-05 | 19.6s
2026-08-21 12:22:55 | Epoch 025/100 | loss 3.3940 | cls 1.6303 | tal 0.0512 | dual_g 1.7482 | dual_d 0.8399 | train_acc 0.9062 | train_full 0.7708 | val_acc 0.6923 | val_f1 0.6342 | grad(main/disc) 15.260/1.649 | lr(main/disc) 7.00e-05/3.50e-05 | 21.2s
2026-08-21 12:23:18 | Epoch 026/100 | loss 3.1740 | cls 1.5710 | tal 0.0576 | dual_g 1.5857 | dual_d 0.7802 | train_acc 0.9141 | train_full 0.8438 | val_acc 0.7308 | val_f1 0.6574 | grad(main/disc) 14.467/1.686 | lr(main/disc) 3.50e-05/1.75e-05 | 22.6s
2026-08-21 12:23:38 | Epoch 027/100 | loss 3.1376 | cls 1.5083 | tal -0.0215 | dual_g 1.6357 | dual_d 0.7696 | train_acc 0.9766 | train_full 0.8021 | val_acc 0.7692 | val_f1 0.7054 | grad(main/disc) 13.900/1.570 | lr(main/disc) 3.50e-05/1.75e-05 | 19.6s
2026-08-21 12:23:59 | Epoch 028/100 | loss 3.1317 | cls 1.5132 | tal -0.0008 | dual_g 1.6188 | dual_d 0.8204 | train_acc 0.9688 | train_full 0.8854 | val_acc 0.7692 | val_f1 0.6954 | grad(main/disc) 15.026/1.755 | lr(main/disc) 3.50e-05/1.75e-05 | 21.1s
2026-08-21 12:23:59 | Early stopping at epoch 28 after 9 epochs without val_f1_macro_present improvement.
2026-08-21 12:23:59 | Training complete. Best validation accuracy: 0.7692 | best val_f1_macro_present: 0.7331
