2026-08-30 16:01:58 | Starting Dual_D standalone training
2026-08-30 16:01:58 | Run directory: runs/module_c_v11_ablation_60/module_c_20260830_155840/module_c_full_黑天_20260830_155841
2026-08-30 16:01:58 | Device: cuda
2026-08-30 16:01:58 | Source train samples: 992
2026-08-30 16:01:58 | Target train samples: 465
2026-08-30 16:01:58 | Target val samples: 120
2026-08-30 16:01:58 | Classes: 14
2026-08-30 16:01:58 | Data audit: same_dir=False | path_overlap(vis/ir/ais)=0/0/0 | content_overlap(vis/ir/ais)=0/0/0 | ais_index_overlap=0 | stem_mismatch(vis-ir/vis-ais)=578/0
2026-08-30 16:01:58 | source_train classes: present 14/14 | absent 0 | counts [0:120, 1:44, 2:69, 3:45, 4:40, 5:30, 6:64, 7:80, 8:116, 9:68, 10:57, 11:83, 12:48, 13:128]
2026-08-30 16:01:58 | target_train classes: present 8/14 | absent 6 | counts [0:100, 2:11, 3:16, 6:89, 9:162, 10:12, 11:44, 13:31]
2026-08-30 16:01:58 | target_val classes: present 8/14 | absent 6 | counts [0:26, 2:3, 3:5, 6:23, 9:41, 10:3, 11:11, 13:8]
2026-08-30 16:01:58 | Paired training classes: 8/14 | class ids [0, 2, 3, 6, 9, 10, 11, 13]
2026-08-30 16:01:58 | Runtime profile: batch=16 | paired_steps=30 | workers=16 | train_eval_every=5 | raw_eval_every=5 | stability_window=3 | lr_scheduler_start=24 | early_stop=15 after min_epoch=50
2026-08-30 16:01:58 | Augmentation profile: base=0.500 | visible=0.500 | infrared=0.500 | freeze_frozen_batch_norm_stats=True
2026-08-30 16:01:58 | VIS/IR pairing: class-level-unpaired | count-mismatch classes train/val: 10/0 | AIS alignment: none | AIS rows train/val: 0/0
2026-08-30 16:01:59 | Effective Dual-D loss weights: {"adv_auxiliary": 0.025, "adv_primary": 0.025, "classification": 0.65, "contrastive": 0.055, "cycle": 0.12, "identity": 0.025, "prototype_contrastive": 0.025}
2026-08-30 16:01:59 | Model parameters: total=17277714 | trainable=17120210
2026-08-30 16:02:03 | Epoch 001/060 | loss 4.5155 | cls 4.4979 | tal 0.0589 | dual_g 0.0000 | dual_d 0.0000 | train_acc 0.2208 | train_full 0.1591 | val_acc 0.1333 | val_f1 0.1178 | adv/moduleC 0.00/0.00 | disc_steps 0 | grad(main/disc) 26.890/0.000 | lr(main/disc) 1.00e-04/3.20e-05 | cuda_peak(alloc/resv) 4.09/5.12GB | phase(train/val/raw/train_eval) 3.1/0.4/0.4/0.7s | 4.5s
2026-08-30 16:02:06 | Epoch 002/060 | loss 2.9977 | cls 3.0520 | tal -0.1808 | dual_g 0.0000 | dual_d 0.0000 | train_acc 0.4667 | train_full n/a | val_acc 0.3250 | val_f1 0.3541 | adv/moduleC 0.00/0.00 | disc_steps 0 | grad(main/disc) 21.092/0.000 | lr(main/disc) 1.00e-04/3.20e-05 | cuda_peak(alloc/resv) 4.09/5.12GB | phase(train/val/raw/train_eval) 2.5/0.4/0.0/0.0s | 2.9s
2026-08-30 16:02:09 | Epoch 003/060 | loss 2.4263 | cls 2.4534 | tal -0.0904 | dual_g 0.0000 | dual_d 0.0000 | train_acc 0.6125 | train_full n/a | val_acc 0.6333 | val_f1 0.6516 | adv/moduleC 0.00/0.00 | disc_steps 0 | grad(main/disc) 20.039/0.000 | lr(main/disc) 1.00e-04/3.20e-05 | cuda_peak(alloc/resv) 4.09/5.12GB | phase(train/val/raw/train_eval) 2.5/0.4/0.4/0.0s | 3.3s
2026-08-30 16:02:11 | New best val_f1_macro_present: raw=0.6516 stable_score=0.1178 at epoch 3
2026-08-30 16:02:15 | Epoch 004/060 | loss 2.1710 | cls 1.9748 | tal -0.0324 | dual_g 0.2059 | dual_d 0.0000 | train_acc 0.7479 | train_full n/a | val_acc 0.7417 | val_f1 0.7398 | adv/moduleC 0.00/0.12 | disc_steps 0 | grad(main/disc) 18.600/0.000 | lr(main/disc) 1.00e-04/3.20e-05 | cuda_peak(alloc/resv) 4.09/5.12GB | phase(train/val/raw/train_eval) 2.5/0.4/0.4/0.0s | 3.3s
2026-08-30 16:02:17 | New best val_f1_macro_present: raw=0.7398 stable_score=0.3541 at epoch 4
2026-08-30 16:02:21 | Epoch 005/060 | loss 1.9315 | cls 1.6024 | tal -0.0096 | dual_g 0.3320 | dual_d 0.0000 | train_acc 0.8229 | train_full 0.8495 | val_acc 0.8000 | val_f1 0.7493 | adv/moduleC 0.00/0.25 | disc_steps 0 | grad(main/disc) 16.485/0.000 | lr(main/disc) 1.00e-04/3.20e-05 | cuda_peak(alloc/resv) 4.09/5.12GB | phase(train/val/raw/train_eval) 2.6/0.4/0.4/0.7s | 4.0s
2026-08-30 16:02:23 | New best val_f1_macro_present: raw=0.7493 stable_score=0.6516 at epoch 5
2026-08-30 16:02:26 | Epoch 006/060 | loss 1.7971 | cls 1.3464 | tal 0.0775 | dual_g 0.4275 | dual_d 0.9439 | train_acc 0.8896 | train_full n/a | val_acc 0.8250 | val_f1 0.8164 | adv/moduleC 0.07/0.38 | disc_steps 15 | grad(main/disc) 14.936/2.069 | lr(main/disc) 1.00e-04/3.20e-05 | cuda_peak(alloc/resv) 4.09/5.12GB | phase(train/val/raw/train_eval) 2.6/0.4/0.4/0.0s | 3.4s
2026-08-30 16:02:29 | New best val_f1_macro_present: raw=0.8164 stable_score=0.7398 at epoch 6
2026-08-30 16:02:32 | Epoch 007/060 | loss 1.7884 | cls 1.2231 | tal 0.1534 | dual_g 0.5193 | dual_d 0.8718 | train_acc 0.9167 | train_full n/a | val_acc 0.8417 | val_f1 0.8448 | adv/moduleC 0.13/0.50 | disc_steps 15 | grad(main/disc) 14.655/1.959 | lr(main/disc) 1.00e-04/3.20e-05 | cuda_peak(alloc/resv) 4.09/5.12GB | phase(train/val/raw/train_eval) 2.6/0.4/0.4/0.0s | 3.3s
2026-08-30 16:02:34 | New best val_f1_macro_present: raw=0.8448 stable_score=0.7493 at epoch 7
2026-08-30 16:02:37 | Epoch 008/060 | loss 1.7665 | cls 1.1301 | tal 0.1377 | dual_g 0.5950 | dual_d 0.8474 | train_acc 0.9083 | train_full n/a | val_acc 0.8917 | val_f1 0.8597 | adv/moduleC 0.20/0.62 | disc_steps 15 | grad(main/disc) 14.013/1.883 | lr(main/disc) 1.00e-04/3.20e-05 | cuda_peak(alloc/resv) 4.09/5.12GB | phase(train/val/raw/train_eval) 2.7/0.4/0.4/0.0s | 3.4s
2026-08-30 16:02:40 | New best val_f1_macro_present: raw=0.8597 stable_score=0.8164 at epoch 8
2026-08-30 16:02:43 | Epoch 009/060 | loss 1.7567 | cls 1.0600 | tal 0.0360 | dual_g 0.6858 | dual_d 0.8667 | train_acc 0.9437 | train_full n/a | val_acc 0.9333 | val_f1 0.9012 | adv/moduleC 0.27/0.75 | disc_steps 15 | grad(main/disc) 13.211/1.851 | lr(main/disc) 1.00e-04/3.20e-05 | cuda_peak(alloc/resv) 4.09/5.12GB | phase(train/val/raw/train_eval) 2.7/0.4/0.4/0.0s | 3.5s
2026-08-30 16:02:45 | New best val_f1_macro_present: raw=0.9012 stable_score=0.8448 at epoch 9
2026-08-30 16:02:49 | Epoch 010/060 | loss 1.7009 | cls 0.9510 | tal 0.1116 | dual_g 0.7164 | dual_d 0.8536 | train_acc 0.9646 | train_full 0.9613 | val_acc 0.9250 | val_f1 0.8880 | adv/moduleC 0.33/0.88 | disc_steps 15 | grad(main/disc) 10.361/1.829 | lr(main/disc) 1.00e-04/3.20e-05 | cuda_peak(alloc/resv) 4.09/5.12GB | phase(train/val/raw/train_eval) 2.7/0.4/0.4/0.7s | 4.1s
2026-08-30 16:02:51 | New best val_f1_macro_present: raw=0.8880 stable_score=0.8597 at epoch 10
2026-08-30 16:02:55 | Epoch 011/060 | loss 1.7320 | cls 0.9244 | tal 0.0641 | dual_g 0.7884 | dual_d 0.8300 | train_acc 0.9812 | train_full n/a | val_acc 0.9417 | val_f1 0.9445 | adv/moduleC 0.40/1.00 | disc_steps 15 | grad(main/disc) 10.356/1.795 | lr(main/disc) 1.00e-04/3.20e-05 | cuda_peak(alloc/resv) 4.09/5.12GB | phase(train/val/raw/train_eval) 2.6/0.4/0.4/0.0s | 3.4s
2026-08-30 16:02:57 | New best val_f1_macro_present: raw=0.9445 stable_score=0.8880 at epoch 11
2026-08-30 16:03:00 | Epoch 012/060 | loss 1.6310 | cls 0.8926 | tal -0.0341 | dual_g 0.7486 | dual_d 0.8377 | train_acc 0.9812 | train_full n/a | val_acc 0.9667 | val_f1 0.9556 | adv/moduleC 0.47/1.00 | disc_steps 15 | grad(main/disc) 9.504/1.770 | lr(main/disc) 1.00e-04/3.20e-05 | cuda_peak(alloc/resv) 4.09/5.12GB | phase(train/val/raw/train_eval) 2.7/0.4/0.0/0.0s | 3.1s
2026-08-30 16:03:03 | Epoch 013/060 | loss 1.5833 | cls 0.8614 | tal -0.0489 | dual_g 0.7365 | dual_d 0.8531 | train_acc 0.9917 | train_full n/a | val_acc 0.9417 | val_f1 0.9290 | adv/moduleC 0.53/1.00 | disc_steps 15 | grad(main/disc) 8.215/1.707 | lr(main/disc) 1.00e-04/3.20e-05 | cuda_peak(alloc/resv) 4.09/5.12GB | phase(train/val/raw/train_eval) 2.6/0.4/0.4/0.0s | 3.3s
2026-08-30 16:03:05 | New best val_f1_macro_present: raw=0.9290 stable_score=0.9290 at epoch 13
2026-08-30 16:03:08 | Epoch 014/060 | loss 1.5651 | cls 0.8550 | tal -0.0610 | dual_g 0.7284 | dual_d 0.9354 | train_acc 0.9750 | train_full n/a | val_acc 0.9667 | val_f1 0.9733 | adv/moduleC 0.60/1.00 | disc_steps 15 | grad(main/disc) 8.448/1.783 | lr(main/disc) 1.00e-04/3.20e-05 | cuda_peak(alloc/resv) 4.09/5.12GB | phase(train/val/raw/train_eval) 2.6/0.4/0.0/0.0s | 3.0s
2026-08-30 16:03:12 | Epoch 015/060 | loss 1.5934 | cls 0.8838 | tal -0.0586 | dual_g 0.7271 | dual_d 0.9169 | train_acc 0.9854 | train_full 0.9914 | val_acc 0.9833 | val_f1 0.9714 | adv/moduleC 0.67/1.00 | disc_steps 15 | grad(main/disc) 9.225/1.758 | lr(main/disc) 1.00e-04/3.20e-05 | cuda_peak(alloc/resv) 4.09/5.12GB | phase(train/val/raw/train_eval) 2.5/0.4/0.4/0.6s | 4.0s
2026-08-30 16:03:16 | Epoch 016/060 | loss 1.5469 | cls 0.8358 | tal -0.0136 | dual_g 0.7152 | dual_d 0.9433 | train_acc 0.9875 | train_full n/a | val_acc 0.9750 | val_f1 0.9621 | adv/moduleC 0.73/1.00 | disc_steps 15 | grad(main/disc) 7.521/1.750 | lr(main/disc) 1.00e-04/3.20e-05 | cuda_peak(alloc/resv) 4.09/5.12GB | phase(train/val/raw/train_eval) 2.7/0.4/0.4/0.0s | 3.4s
2026-08-30 16:03:18 | New best val_f1_macro_present: raw=0.9621 stable_score=0.9621 at epoch 16
2026-08-30 16:03:21 | Epoch 017/060 | loss 1.5329 | cls 0.8229 | tal 0.0451 | dual_g 0.6965 | dual_d 0.9456 | train_acc 0.9938 | train_full n/a | val_acc 0.9833 | val_f1 0.9714 | adv/moduleC 0.80/1.00 | disc_steps 15 | grad(main/disc) 6.773/1.743 | lr(main/disc) 1.00e-04/3.20e-05 | cuda_peak(alloc/resv) 4.09/5.12GB | phase(train/val/raw/train_eval) 2.8/0.4/0.0/0.0s | 3.2s
2026-08-30 16:03:24 | Epoch 018/060 | loss 1.5493 | cls 0.8509 | tal -0.0268 | dual_g 0.7064 | dual_d 0.9622 | train_acc 0.9812 | train_full n/a | val_acc 0.9333 | val_f1 0.9416 | adv/moduleC 0.87/1.00 | disc_steps 15 | grad(main/disc) 8.467/1.736 | lr(main/disc) 1.00e-04/3.20e-05 | cuda_peak(alloc/resv) 4.09/5.12GB | phase(train/val/raw/train_eval) 2.7/0.4/0.0/0.0s | 3.1s
2026-08-30 16:03:27 | Epoch 019/060 | loss 1.4888 | cls 0.8299 | tal -0.0974 | dual_g 0.6881 | dual_d 0.9785 | train_acc 0.9771 | train_full n/a | val_acc 0.9750 | val_f1 0.9718 | adv/moduleC 0.93/1.00 | disc_steps 15 | grad(main/disc) 7.617/1.750 | lr(main/disc) 1.00e-04/3.20e-05 | cuda_peak(alloc/resv) 4.09/5.12GB | phase(train/val/raw/train_eval) 2.7/0.4/0.0/0.0s | 3.1s
2026-08-30 16:03:31 | Epoch 020/060 | loss 1.4486 | cls 0.8019 | tal -0.0851 | dual_g 0.6723 | dual_d 0.9888 | train_acc 0.9958 | train_full 0.9763 | val_acc 0.9667 | val_f1 0.9537 | adv/moduleC 1.00/1.00 | disc_steps 15 | grad(main/disc) 5.649/1.747 | lr(main/disc) 1.00e-04/3.20e-05 | cuda_peak(alloc/resv) 4.09/5.12GB | phase(train/val/raw/train_eval) 2.7/0.4/0.4/0.6s | 4.1s
2026-08-30 16:03:34 | Epoch 021/060 | loss 1.4217 | cls 0.7791 | tal -0.0839 | dual_g 0.6677 | dual_d 1.0385 | train_acc 1.0000 | train_full n/a | val_acc 0.9417 | val_f1 0.9054 | adv/moduleC 1.00/1.00 | disc_steps 15 | grad(main/disc) 4.560/1.766 | lr(main/disc) 1.00e-04/3.20e-05 | cuda_peak(alloc/resv) 4.09/5.12GB | phase(train/val/raw/train_eval) 2.7/0.4/0.0/0.0s | 3.1s
2026-08-30 16:03:37 | Epoch 022/060 | loss 1.4033 | cls 0.7843 | tal -0.1088 | dual_g 0.6516 | dual_d 0.9914 | train_acc 0.9917 | train_full n/a | val_acc 0.9917 | val_f1 0.9827 | adv/moduleC 1.00/1.00 | disc_steps 15 | grad(main/disc) 4.434/1.688 | lr(main/disc) 1.00e-04/3.20e-05 | cuda_peak(alloc/resv) 4.09/5.12GB | phase(train/val/raw/train_eval) 2.6/0.4/0.0/0.0s | 3.0s
2026-08-30 16:03:40 | Epoch 023/060 | loss 1.4011 | cls 0.7842 | tal -0.1043 | dual_g 0.6482 | dual_d 1.0030 | train_acc 1.0000 | train_full n/a | val_acc 0.9833 | val_f1 0.9787 | adv/moduleC 1.00/1.00 | disc_steps 15 | grad(main/disc) 4.528/1.694 | lr(main/disc) 1.00e-04/3.20e-05 | cuda_peak(alloc/resv) 4.09/5.12GB | phase(train/val/raw/train_eval) 2.6/0.4/0.0/0.0s | 3.0s
2026-08-30 16:03:43 | Epoch 024/060 | loss 1.3830 | cls 0.7769 | tal -0.1289 | dual_g 0.6447 | dual_d 1.0417 | train_acc 1.0000 | train_full n/a | val_acc 0.9583 | val_f1 0.9407 | adv/moduleC 1.00/1.00 | disc_steps 15 | grad(main/disc) 3.824/1.714 | lr(main/disc) 1.00e-04/3.20e-05 | cuda_peak(alloc/resv) 4.09/5.12GB | phase(train/val/raw/train_eval) 2.7/0.4/0.0/0.0s | 3.1s
2026-08-30 16:03:48 | Epoch 025/060 | loss 1.3569 | cls 0.7681 | tal -0.1573 | dual_g 0.6360 | dual_d 1.0017 | train_acc 0.9979 | train_full 0.9978 | val_acc 0.9917 | val_f1 0.9827 | adv/moduleC 1.00/1.00 | disc_steps 15 | grad(main/disc) 3.623/1.677 | lr(main/disc) 1.00e-04/3.20e-05 | cuda_peak(alloc/resv) 4.09/5.12GB | phase(train/val/raw/train_eval) 2.7/0.4/0.4/0.6s | 4.1s
2026-08-30 16:03:51 | Epoch 026/060 | loss 1.3767 | cls 0.7760 | tal -0.1457 | dual_g 0.6444 | dual_d 0.9897 | train_acc 0.9979 | train_full n/a | val_acc 0.9667 | val_f1 0.9703 | adv/moduleC 1.00/1.00 | disc_steps 15 | grad(main/disc) 4.351/1.656 | lr(main/disc) 1.00e-04/3.20e-05 | cuda_peak(alloc/resv) 4.09/5.12GB | phase(train/val/raw/train_eval) 2.7/0.4/0.0/0.0s | 3.1s
2026-08-30 16:03:54 | Epoch 027/060 | loss 1.3583 | cls 0.7653 | tal -0.1490 | dual_g 0.6378 | dual_d 1.0060 | train_acc 0.9979 | train_full n/a | val_acc 0.9917 | val_f1 0.9917 | adv/moduleC 1.00/1.00 | disc_steps 15 | grad(main/disc) 3.978/1.634 | lr(main/disc) 1.00e-04/3.20e-05 | cuda_peak(alloc/resv) 4.09/5.12GB | phase(train/val/raw/train_eval) 2.7/0.4/0.4/0.0s | 3.4s
2026-08-30 16:03:56 | New best val_f1_macro_present: raw=0.9917 stable_score=0.9703 at epoch 27
2026-08-30 16:03:59 | Epoch 028/060 | loss 1.3555 | cls 0.7650 | tal -0.1354 | dual_g 0.6311 | dual_d 1.0009 | train_acc 1.0000 | train_full n/a | val_acc 0.9917 | val_f1 0.9827 | adv/moduleC 1.00/1.00 | disc_steps 15 | grad(main/disc) 3.924/1.656 | lr(main/disc) 1.00e-04/3.20e-05 | cuda_peak(alloc/resv) 4.09/5.12GB | phase(train/val/raw/train_eval) 2.8/0.4/0.0/0.0s | 3.2s
2026-08-30 16:04:03 | Epoch 029/060 | loss 1.3382 | cls 0.7565 | tal -0.1471 | dual_g 0.6259 | dual_d 0.9533 | train_acc 1.0000 | train_full n/a | val_acc 0.9833 | val_f1 0.9748 | adv/moduleC 1.00/1.00 | disc_steps 15 | grad(main/disc) 3.064/1.579 | lr(main/disc) 1.00e-04/3.20e-05 | cuda_peak(alloc/resv) 4.09/5.12GB | phase(train/val/raw/train_eval) 2.8/0.4/0.4/0.0s | 3.5s
2026-08-30 16:04:05 | New best val_f1_macro_present: raw=0.9748 stable_score=0.9748 at epoch 29
2026-08-30 16:04:09 | Epoch 030/060 | loss 1.3440 | cls 0.7667 | tal -0.1496 | dual_g 0.6222 | dual_d 0.9730 | train_acc 0.9958 | train_full 1.0000 | val_acc 0.9833 | val_f1 0.9847 | adv/moduleC 1.00/1.00 | disc_steps 15 | grad(main/disc) 3.758/1.603 | lr(main/disc) 1.00e-04/3.20e-05 | cuda_peak(alloc/resv) 4.09/5.12GB | phase(train/val/raw/train_eval) 2.7/0.4/0.4/0.7s | 4.1s
2026-08-30 16:04:12 | Epoch 031/060 | loss 1.3166 | cls 0.7485 | tal -0.1796 | dual_g 0.6220 | dual_d 0.9699 | train_acc 0.9979 | train_full n/a | val_acc 0.9833 | val_f1 0.9624 | adv/moduleC 1.00/1.00 | disc_steps 15 | grad(main/disc) 3.108/1.579 | lr(main/disc) 1.00e-04/3.20e-05 | cuda_peak(alloc/resv) 4.09/5.12GB | phase(train/val/raw/train_eval) 2.6/0.4/0.0/0.0s | 3.0s
2026-08-30 16:04:15 | Epoch 032/060 | loss 1.3084 | cls 0.7615 | tal -0.2295 | dual_g 0.6158 | dual_d 0.9591 | train_acc 0.9938 | train_full n/a | val_acc 0.9833 | val_f1 0.9787 | adv/moduleC 1.00/1.00 | disc_steps 15 | grad(main/disc) 3.788/1.554 | lr(main/disc) 1.00e-04/3.20e-05 | cuda_peak(alloc/resv) 4.09/5.12GB | phase(train/val/raw/train_eval) 2.6/0.4/0.0/0.0s | 2.9s
2026-08-30 16:04:18 | Epoch 033/060 | loss 1.2876 | cls 0.7475 | tal -0.2446 | dual_g 0.6135 | dual_d 0.9756 | train_acc 1.0000 | train_full n/a | val_acc 0.9917 | val_f1 0.9827 | adv/moduleC 1.00/1.00 | disc_steps 15 | grad(main/disc) 3.370/1.594 | lr(main/disc) 1.00e-04/3.20e-05 | cuda_peak(alloc/resv) 4.09/5.12GB | phase(train/val/raw/train_eval) 2.7/0.4/0.0/0.0s | 3.1s
2026-08-30 16:04:22 | Epoch 034/060 | loss 1.3031 | cls 0.7548 | tal -0.2201 | dual_g 0.6143 | dual_d 0.9482 | train_acc 1.0000 | train_full n/a | val_acc 0.9917 | val_f1 0.9827 | adv/moduleC 1.00/1.00 | disc_steps 15 | grad(main/disc) 3.623/1.523 | lr(main/disc) 1.00e-04/3.20e-05 | cuda_peak(alloc/resv) 4.09/5.12GB | phase(train/val/raw/train_eval) 2.6/0.4/0.4/0.0s | 3.4s
2026-08-30 16:04:24 | New best val_f1_macro_present: raw=0.9827 stable_score=0.9787 at epoch 34
2026-08-30 16:04:28 | Epoch 035/060 | loss 1.2671 | cls 0.7433 | tal -0.2855 | dual_g 0.6095 | dual_d 0.9352 | train_acc 1.0000 | train_full 1.0000 | val_acc 0.9917 | val_f1 0.9827 | adv/moduleC 1.00/1.00 | disc_steps 15 | grad(main/disc) 2.809/1.492 | lr(main/disc) 1.00e-04/3.20e-05 | cuda_peak(alloc/resv) 4.09/5.12GB | phase(train/val/raw/train_eval) 2.7/0.4/0.4/0.6s | 4.1s
2026-08-30 16:04:30 | New best val_f1_macro_present: raw=0.9827 stable_score=0.9827 at epoch 35
2026-08-30 16:04:33 | Epoch 036/060 | loss 1.2863 | cls 0.7439 | tal -0.2259 | dual_g 0.6101 | dual_d 0.9230 | train_acc 0.9958 | train_full n/a | val_acc 0.9917 | val_f1 0.9827 | adv/moduleC 1.00/1.00 | disc_steps 15 | grad(main/disc) 3.035/1.464 | lr(main/disc) 5.00e-05/1.60e-05 | cuda_peak(alloc/resv) 4.09/5.12GB | phase(train/val/raw/train_eval) 2.6/0.4/0.0/0.0s | 3.0s
2026-08-30 16:04:36 | Epoch 037/060 | loss 1.2736 | cls 0.7426 | tal -0.2271 | dual_g 0.5991 | dual_d 0.9039 | train_acc 0.9958 | train_full n/a | val_acc 0.9917 | val_f1 0.9827 | adv/moduleC 1.00/1.00 | disc_steps 15 | grad(main/disc) 2.690/1.429 | lr(main/disc) 5.00e-05/1.60e-05 | cuda_peak(alloc/resv) 4.09/5.12GB | phase(train/val/raw/train_eval) 2.7/0.4/0.0/0.0s | 3.1s
2026-08-30 16:04:39 | Epoch 038/060 | loss 1.2646 | cls 0.7280 | tal -0.2042 | dual_g 0.5979 | dual_d 0.9510 | train_acc 0.9979 | train_full n/a | val_acc 0.9917 | val_f1 0.9827 | adv/moduleC 1.00/1.00 | disc_steps 15 | grad(main/disc) 1.979/1.471 | lr(main/disc) 5.00e-05/1.60e-05 | cuda_peak(alloc/resv) 4.09/5.12GB | phase(train/val/raw/train_eval) 2.7/0.4/0.0/0.0s | 3.1s
2026-08-30 16:04:42 | Epoch 039/060 | loss 1.2467 | cls 0.7316 | tal -0.2633 | dual_g 0.5941 | dual_d 0.9304 | train_acc 1.0000 | train_full n/a | val_acc 0.9917 | val_f1 0.9762 | adv/moduleC 1.00/1.00 | disc_steps 15 | grad(main/disc) 2.039/1.439 | lr(main/disc) 5.00e-05/1.60e-05 | cuda_peak(alloc/resv) 4.09/5.12GB | phase(train/val/raw/train_eval) 2.7/0.4/0.0/0.0s | 3.1s
2026-08-30 16:04:47 | Epoch 040/060 | loss 1.2390 | cls 0.7269 | tal -0.2729 | dual_g 0.5940 | dual_d 0.9349 | train_acc 1.0000 | train_full 1.0000 | val_acc 0.9917 | val_f1 0.9827 | adv/moduleC 1.00/1.00 | disc_steps 15 | grad(main/disc) 1.890/1.454 | lr(main/disc) 5.00e-05/1.60e-05 | cuda_peak(alloc/resv) 4.09/5.12GB | phase(train/val/raw/train_eval) 2.9/0.4/0.4/0.7s | 4.3s
2026-08-30 16:04:50 | Epoch 041/060 | loss 1.2524 | cls 0.7340 | tal -0.2634 | dual_g 0.5974 | dual_d 0.9280 | train_acc 1.0000 | train_full n/a | val_acc 0.9917 | val_f1 0.9762 | adv/moduleC 1.00/1.00 | disc_steps 15 | grad(main/disc) 2.380/1.424 | lr(main/disc) 5.00e-05/1.60e-05 | cuda_peak(alloc/resv) 4.09/5.12GB | phase(train/val/raw/train_eval) 2.7/0.4/0.0/0.0s | 3.1s
2026-08-30 16:04:53 | Epoch 042/060 | loss 1.2316 | cls 0.7274 | tal -0.3014 | dual_g 0.5946 | dual_d 0.9057 | train_acc 1.0000 | train_full n/a | val_acc 0.9917 | val_f1 0.9827 | adv/moduleC 1.00/1.00 | disc_steps 15 | grad(main/disc) 1.837/1.399 | lr(main/disc) 5.00e-05/1.60e-05 | cuda_peak(alloc/resv) 4.09/5.12GB | phase(train/val/raw/train_eval) 2.6/0.4/0.0/0.0s | 3.0s
2026-08-30 16:04:56 | Epoch 043/060 | loss 1.2257 | cls 0.7269 | tal -0.3110 | dual_g 0.5921 | dual_d 0.9227 | train_acc 1.0000 | train_full n/a | val_acc 0.9917 | val_f1 0.9917 | adv/moduleC 1.00/1.00 | disc_steps 15 | grad(main/disc) 2.045/1.414 | lr(main/disc) 5.00e-05/1.60e-05 | cuda_peak(alloc/resv) 4.09/5.12GB | phase(train/val/raw/train_eval) 2.8/0.4/0.0/0.0s | 3.2s
2026-08-30 16:04:59 | Epoch 044/060 | loss 1.2357 | cls 0.7309 | tal -0.2848 | dual_g 0.5902 | dual_d 0.9307 | train_acc 1.0000 | train_full n/a | val_acc 0.9917 | val_f1 0.9827 | adv/moduleC 1.00/1.00 | disc_steps 15 | grad(main/disc) 2.397/1.433 | lr(main/disc) 5.00e-05/1.60e-05 | cuda_peak(alloc/resv) 4.09/5.12GB | phase(train/val/raw/train_eval) 2.6/0.4/0.0/0.0s | 3.0s
2026-08-30 16:05:03 | Epoch 045/060 | loss 1.2423 | cls 0.7322 | tal -0.2721 | dual_g 0.5917 | dual_d 0.9124 | train_acc 1.0000 | train_full 1.0000 | val_acc 0.9917 | val_f1 0.9827 | adv/moduleC 1.00/1.00 | disc_steps 15 | grad(main/disc) 2.500/1.403 | lr(main/disc) 2.50e-05/8.00e-06 | cuda_peak(alloc/resv) 4.09/5.12GB | phase(train/val/raw/train_eval) 2.5/0.4/0.4/0.7s | 4.0s
2026-08-30 16:05:06 | Epoch 046/060 | loss 1.2463 | cls 0.7206 | tal -0.2144 | dual_g 0.5900 | dual_d 0.9547 | train_acc 1.0000 | train_full n/a | val_acc 0.9917 | val_f1 0.9827 | adv/moduleC 1.00/1.00 | disc_steps 15 | grad(main/disc) 1.805/1.441 | lr(main/disc) 2.50e-05/8.00e-06 | cuda_peak(alloc/resv) 4.09/5.12GB | phase(train/val/raw/train_eval) 2.7/0.4/0.0/0.0s | 3.1s
2026-08-30 16:05:09 | Epoch 047/060 | loss 1.2390 | cls 0.7244 | tal -0.2380 | dual_g 0.5861 | dual_d 0.8987 | train_acc 1.0000 | train_full n/a | val_acc 0.9917 | val_f1 0.9827 | adv/moduleC 1.00/1.00 | disc_steps 15 | grad(main/disc) 1.963/1.387 | lr(main/disc) 2.50e-05/8.00e-06 | cuda_peak(alloc/resv) 4.09/5.12GB | phase(train/val/raw/train_eval) 2.7/0.4/0.0/0.0s | 3.1s
2026-08-30 16:05:12 | Epoch 048/060 | loss 1.2172 | cls 0.7212 | tal -0.2954 | dual_g 0.5846 | dual_d 0.9023 | train_acc 1.0000 | train_full n/a | val_acc 0.9917 | val_f1 0.9827 | adv/moduleC 1.00/1.00 | disc_steps 15 | grad(main/disc) 1.708/1.377 | lr(main/disc) 2.50e-05/8.00e-06 | cuda_peak(alloc/resv) 4.09/5.12GB | phase(train/val/raw/train_eval) 2.7/0.4/0.0/0.0s | 3.0s
2026-08-30 16:05:15 | Epoch 049/060 | loss 1.2163 | cls 0.7279 | tal -0.3171 | dual_g 0.5835 | dual_d 0.9209 | train_acc 1.0000 | train_full n/a | val_acc 0.9833 | val_f1 0.9757 | adv/moduleC 1.00/1.00 | disc_steps 15 | grad(main/disc) 2.118/1.420 | lr(main/disc) 2.50e-05/8.00e-06 | cuda_peak(alloc/resv) 4.09/5.12GB | phase(train/val/raw/train_eval) 2.8/0.4/0.0/0.0s | 3.2s
2026-08-30 16:05:20 | Epoch 050/060 | loss 1.2342 | cls 0.7219 | tal -0.2525 | dual_g 0.5880 | dual_d 0.9357 | train_acc 1.0000 | train_full 1.0000 | val_acc 0.9917 | val_f1 0.9827 | adv/moduleC 1.00/1.00 | disc_steps 15 | grad(main/disc) 2.003/1.447 | lr(main/disc) 2.50e-05/8.00e-06 | cuda_peak(alloc/resv) 4.09/5.12GB | phase(train/val/raw/train_eval) 2.9/0.4/0.4/0.7s | 4.3s
2026-08-30 16:05:20 | Early stopping at epoch 50 after 15 epochs without val_f1_macro_present improvement.
2026-08-30 16:05:20 | Training complete. Peak validation accuracy: 0.9917 | selected val_f1_macro_present: 0.9827
